 num     #instances         #bytes  class name (module)
-------------------------------------------------------
   1:       8298883      440739104  [B (java.base@21.0.3)
   2:         18795      239541264  [Ljdk.internal.vm.FillerElement; (java.base@21.0.3)
   3:       4041356      129323392  java.util.HashMap$Node (java.base@21.0.3)
   4:        726678      121970360  [J (java.base@21.0.3)
   5:       4743038      113832912  java.lang.String (java.base@21.0.3)
   6:       1801689       72067560  java.util.TreeMap$Entry (java.base@21.0.3)
   7:       1002561       48122928  java.util.HashMap (java.base@21.0.3)
   8:        526810       46125696  [Ljava.util.HashMap$Node; (java.base@21.0.3)
   9:        622370       39831680  org.apache.lucene.store.MemorySegmentIndexInput$SingleSegmentImpl
  10:        471164       33923808  org.apache.lucene.index.FieldInfo
  11:        424662       30771656  [Ljava.lang.Object; (java.base@21.0.3)
  12:       1241550       29797200  org.apache.lucene.util.BytesRef
  13:        717893       28715720  jdk.internal.foreign.MappedMemorySegmentImpl (java.base@21.0.3)
  14:        291048       20955456  org.apache.lucene.codecs.lucene90.blocktree.FieldReader
  15:        156862       17568544  org.apache.lucene.codecs.lucene90.Lucene90DocValuesProducer$SortedNumericEntry
  16:        361901       17371248  java.util.TreeMap (java.base@21.0.3)
  17:        717893       17229432  [Ljava.lang.foreign.MemorySegment; (java.base@21.0.3)
  18:        155131       15920776  [I (java.base@21.0.3)
  19:        144417       15019368  org.apache.lucene.codecs.lucene90.Lucene90DocValuesProducer$TermsDictEntry
  20:        129893       14481720  [C (java.base@21.0.3)
  21:        448821       14362272  java.util.Collections$UnmodifiableMap (java.base@21.0.3)
  22:        162456       14296128  org.apache.lucene.codecs.lucene90.Lucene90DocValuesProducer$NumericEntry
  23:        291051       13970448  org.apache.lucene.util.fst.FST$FSTMetadata
  24:        407035       13025120  java.util.concurrent.atomic.LongAdder (java.base@21.0.3)
  25:        216464       12121984  java.util.stream.ReferencePipeline$Head (java.base@21.0.3)
  26:        301459       12058360  org.apache.lucene.util.packed.DirectMonotonicReader$Meta
  27:        193321       10825976  java.util.concurrent.ConcurrentHashMap$ValueIterator (java.base@21.0.3)
  28:        160524       10273536  org.apache.lucene.util.bkd.BKDReader
  29:        291048        9313536  org.apache.lucene.util.fst.OffHeapFSTStore
  30:        302331        7620648  [F (java.base@21.0.3)
  31:        219677        7029664  java.util.HashMap$EntryIterator (java.base@21.0.3)
  32:        291051        6985224  org.apache.lucene.util.fst.FST
  33:        138927        6668496  org.apache.lucene.codecs.lucene90.Lucene90NormsProducer$NormsEntry
  34:        160524        6420960  org.apache.lucene.util.bkd.BKDConfig
  35:        253601        6086424  org.opensearch.common.util.concurrent.ReleasableLock
  36:        126558        6074784  java.util.concurrent.locks.ReentrantReadWriteLock$NonfairSync (java.base@21.0.3)
  37:        122957        5901936  java.lang.management.MemoryUsage (java.management@21.0.3)
  38:        239161        5739864  java.lang.StringBuilder (java.base@21.0.3)
  39:        142687        5707480  org.opensearch.common.util.concurrent.ThreadContext$ThreadContextStruct
  40:        171772        5496704  java.util.HashMap$ValueIterator (java.base@21.0.3)
  41:        104714        5203784  [Ljava.security.ProtectionDomain; (java.base@21.0.3)
  42:        193341        4640184  java.util.ArrayList (java.base@21.0.3)
  43:        131551        4209632  sun.nio.fs.UnixPath (java.base@21.0.3)
  44:         52145        4189776  [Ljava.util.WeakHashMap$Entry; (java.base@21.0.3)
  45:        125184        4005888  org.opensearch.common.cache.Cache$CacheSegment
  46:         12250        3995568  [Lorg.apache.lucene.index.FieldInfo;
  47:         36768        3823872  org.apache.lucene.index.SegmentCommitInfo
  48:         31943        3775048  java.lang.Class (java.base@21.0.3)
  49:        117293        3753376  java.util.concurrent.ConcurrentHashMap$Node (java.base@21.0.3)
  50:        225665        3610640  java.util.Collections$UnmodifiableMap$UnmodifiableEntrySet$UnmodifiableEntry (java.base@21.0.3)
  51:         93462        3543288  [Ljava.lang.String; (java.base@21.0.3)
  52:        144417        3466008  org.apache.lucene.codecs.lucene90.Lucene90DocValuesProducer$SortedSetEntry
  53:        144000        3456000  org.apache.lucene.codecs.lucene90.Lucene90DocValuesProducer$SortedEntry
  54:        212291        3396656  java.util.HashMap$EntrySet (java.base@21.0.3)
  55:         57764        3234784  java.nio.HeapByteBuffer (java.base@21.0.3)
  56:         26699        3203880  java.io.ObjectStreamClass (java.base@21.0.3)
  57:        130342        3128208  java.util.Collections$UnmodifiableCollection$1 (java.base@21.0.3)
  58:        126125        3027000  java.util.concurrent.locks.ReentrantReadWriteLock (java.base@21.0.3)
  59:         47288        3026432  org.opensearch.index.engine.Engine$Searcher
  60:        125184        3004416  org.opensearch.common.cache.Cache$CacheSegment$SegmentStats
  61:         90632        2900224  java.util.ArrayList$Itr (java.base@21.0.3)
  62:         87333        2794656  org.apache.lucene.codecs.lucene90.Lucene90CompoundReader$FileEntry
  63:         34187        2734960  io.netty.buffer.PooledHeapByteBuf
  64:         47409        2654904  org.apache.lucene.document.FieldType
  65:         55016        2640768  org.apache.lucene.util.packed.DirectMonotonicReader
  66:         79003        2528096  java.util.concurrent.locks.ReentrantLock$NonfairSync (java.base@21.0.3)
  67:         44840        2511040  com.sun.crypto.provider.GCTR (java.base@21.0.3)
  68:         52095        2500560  java.util.WeakHashMap (java.base@21.0.3)
  69:         59225        2369000  java.util.LinkedHashMap$Entry (java.base@21.0.3)
  70:         47441        2277168  java.lang.StackTraceElement (java.base@21.0.3)
  71:         30441        2191752  java.util.concurrent.ScheduledThreadPoolExecutor$ScheduledFutureTask (java.base@21.0.3)
  72:         44763        2148624  io.netty.channel.DefaultChannelPromise
  73:         20564        2138656  java.lang.management.ThreadInfo (java.management@21.0.3)
  74:        126582        2025312  java.util.concurrent.locks.ReentrantReadWriteLock$ReadLock (java.base@21.0.3)
  75:        126582        2025312  java.util.concurrent.locks.ReentrantReadWriteLock$Sync$ThreadLocalHoldCounter (java.base@21.0.3)
  76:        126582        2025312  java.util.concurrent.locks.ReentrantReadWriteLock$WriteLock (java.base@21.0.3)
  77:         49445        1977800  java.util.Spliterators$IteratorSpliterator (java.base@21.0.3)
  78:        122053        1952848  java.lang.ThreadLocal (java.base@21.0.3)
  79:         21242        1930816  [S (java.base@21.0.3)
  80:         29967        1917888  java.util.LinkedHashMap (java.base@21.0.3)
  81:        118503        1896048  java.util.concurrent.atomic.AtomicInteger (java.base@21.0.3)
  82:         21404        1883552  org.apache.lucene.codecs.lucene90.Lucene90DocValuesProducer$TermsDict
  83:         76323        1831752  java.lang.Long (java.base@21.0.3)
  84:        110146        1762336  java.util.HashSet (java.base@21.0.3)
  85:         52314        1674048  org.opensearch.common.util.concurrent.ThreadContext$$Lambda/0x00007fcd285478f8
  86:         52189        1670048  java.lang.ref.ReferenceQueue (java.base@21.0.3)
  87:         55031        1655704  [Lorg.apache.lucene.util.LongValues;
  88:        101343        1621488  java.lang.Object (java.base@21.0.3)
  89:         28829        1614424  java.util.stream.ReferencePipeline$2 (java.base@21.0.3)
  90:         49882        1596224  org.apache.lucene.util.Version
  91:         38269        1530760  java.security.AccessControlContext (java.base@21.0.3)
  92:         17026        1498288  java.lang.reflect.Method (java.base@21.0.3)
  93:         59705        1432920  org.opensearch.common.util.concurrent.ThreadContext$$Lambda/0x00007fcd28fdf490
  94:         59460        1427040  java.util.Collections$UnmodifiableRandomAccessList (java.base@21.0.3)
  95:         41809        1337888  java.util.ArrayList$ArrayListSpliterator (java.base@21.0.3)
  96:         40272        1288704  org.opensearch.core.common.bytes.BytesArray
  97:         53238        1277712  java.util.concurrent.locks.AbstractQueuedSynchronizer$ConditionObject (java.base@21.0.3)
  98:         34181        1274104  [Ljava.nio.ByteBuffer; (java.base@21.0.3)
  99:         78959        1263344  java.util.concurrent.locks.ReentrantLock (java.base@21.0.3)
 100:         39258        1256256  org.opensearch.common.settings.Setting$Updater
 101:         35740        1238264  [Ljavax.management.ObjectName$Property; (java.management@21.0.3)
 102:         30294        1211760  org.opensearch.index.search.stats.SearchStats$PhaseStatsLongHolder
 103:         50381        1209144  org.apache.lucene.util.packed.DirectReader$DirectPackedReader8
 104:         15094        1207520  org.opensearch.action.admin.indices.stats.CommonStats
 105:         75018        1200288  java.util.concurrent.atomic.AtomicBoolean (java.base@21.0.3)
 106:         18586        1189504  java.util.concurrent.ConcurrentHashMap (java.base@21.0.3)
 107:         73382        1174112  java.util.HashMap$KeySet (java.base@21.0.3)
 108:         18310        1171840  org.apache.lucene.index.SegmentInfo
 109:         36583        1170656  java.util.stream.Collectors$CollectorImpl (java.base@21.0.3)
 110:         24228        1162944  java.lang.invoke.MemberName (java.base@21.0.3)
 111:         36304        1161728  java.util.stream.ReduceOps$3ReducingSink (java.base@21.0.3)
 112:         36104        1155328  java.util.concurrent.LinkedTransferQueue$DualNode (java.base@21.0.3)
 113:         47293        1135032  org.apache.lucene.search.IndexSearcher$CachingLeafSlicesSupplier
 114:         35063        1122016  java.util.HashMap$KeyIterator (java.base@21.0.3)
 115:         28039        1121560  java.io.ObjectStreamField (java.base@21.0.3)
 116:         46629        1119096  java.util.concurrent.atomic.AtomicLong (java.base@21.0.3)
 117:         27242        1089680  java.util.WeakHashMap$Entry (java.base@21.0.3)
 118:         44654        1071736  [Lorg.opensearch.common.lease.Releasable;
 119:         32639        1044448  java.util.TreeMap$KeyIterator (java.base@21.0.3)
 120:          2649        1035056  [Ljava.util.concurrent.ConcurrentHashMap$Node; (java.base@21.0.3)
 121:         24515         980600  io.netty.buffer.PoolThreadCache$MemoryRegionCache$Entry
 122:         39527         948632  [Ljava.security.cert.X509Certificate; (java.base@21.0.3)
 123:         23644         945760  org.opensearch.index.engine.Engine$1
 124:         58921         942736  java.util.HashMap$Values (java.base@21.0.3)
 125:         38715         929160  javax.naming.ldap.Rdn$RdnEntry (java.naming@21.0.3)
 126:         19176         920448  org.apache.lucene.index.LeafReaderContext
 127:         22420         896800  javax.net.ssl.SSLEngineResult (java.base@21.0.3)
 128:         27864         891648  java.lang.invoke.LambdaForm$Name (java.base@21.0.3)
 129:          5039         886864  org.opensearch.index.search.stats.SearchStats$Stats
 130:         22060         882400  org.opensearch.index.analysis.NamedAnalyzer
 131:         13713         877632  org.opensearch.cluster.routing.ShardRouting
 132:         11881         855432  com.sun.crypto.provider.GaloisCounterMode$GCMEncrypt (java.base@21.0.3)
 133:         15231         852936  java.util.stream.ReferencePipeline$3 (java.base@21.0.3)
 134:         21079         843160  sun.security.ssl.Plaintext (java.base@21.0.3)
 135:         51586         825376  java.util.Collections$UnmodifiableCollection (java.base@21.0.3)
 136:         51403         822448  java.lang.Integer (java.base@21.0.3)
 137:         33686         808464  org.apache.lucene.util.packed.DirectReader$DirectPackedReader20
 138:         20050         802000  java.util.Spliterators$ArraySpliterator (java.base@21.0.3)
 139:          5869         798184  sun.nio.fs.UnixFileAttributes (java.base@21.0.3)
 140:         11881         760384  io.netty.channel.ChannelOutboundBuffer$Entry
 141:         10552         759744  io.netty.buffer.PoolSubpage
 142:         10539         758808  com.sun.crypto.provider.GaloisCounterMode$GCMDecrypt (java.base@21.0.3)
 143:         47294         756704  org.apache.lucene.search.TaskExecutor
 144:         30991         743784  org.opensearch.common.bytes.ReleasableBytesReference
 145:         13266         742896  org.opensearch.index.cache.query.QueryCacheStats
 146:         22844         731008  java.io.ByteArrayInputStream (java.base@21.0.3)
 147:         30336         728064  java.util.concurrent.Executors$RunnableAdapter (java.base@21.0.3)
 148:         15081         723888  org.opensearch.action.admin.indices.stats.ShardStats
 149:         15494         720608  [Z (java.base@21.0.3)
 150:         29611         710664  org.opensearch.common.collect.Tuple
 151:         28932         694368  org.opensearch.threadpool.ThreadPool$ThreadedRunnable
 152:         28829         691896  java.util.stream.ReferencePipeline$2$1 (java.base@21.0.3)
 153:         43126         690016  java.util.TreeMap$EntrySet (java.base@21.0.3)
 154:         28662         687888  org.opensearch.core.action.ActionListener$1
 155:         28613         686712  java.util.Arrays$ArrayItr (java.base@21.0.3)
 156:         25367         676736  [Ljava.lang.Class; (java.base@21.0.3)
 157:         28132         675168  org.apache.logging.log4j.message.ReusableMessageFactory
 158:         16696         667840  org.opensearch.index.seqno.RetentionLease
 159:          5952         666624  org.opensearch.index.remote.RemoteSegmentStats
 160:         15211         664992  [Lorg.opensearch.action.admin.indices.stats.CommonStatsFlags$Flag;
 161:         27601         662424  org.apache.lucene.util.FileDeleter$RefCount
 162:         27544         661056  org.apache.lucene.index.FieldInfos$FieldDimensions
 163:         27544         661056  org.apache.lucene.index.FieldInfos$FieldVectorProperties
 164:         20416         653312  org.opensearch.core.common.io.stream.InputStreamStreamInput
 165:         27008         648192  java.util.Collections$SingletonList (java.base@21.0.3)
 166:         20136         644352  java.util.ImmutableCollections$Map1 (java.base@21.0.3)
 167:          6065         621056  [Ljava.io.ObjectInputStream$HandleTable$HandleList; (java.base@21.0.3)
 168:         38720         619520  javax.naming.ldap.Rdn (java.naming@21.0.3)
 169:         15435         617400  java.io.FilePermission (java.base@21.0.3)
 170:         15353         614120  org.opensearch.index.seqno.SeqNoStats
 171:         25577         613848  org.opensearch.common.util.concurrent.ThreadContext$ContextPreservingRunnable
 172:         12767         612816  org.opensearch.cluster.node.DiscoveryNode
 173:         15317         612680  java.lang.invoke.MethodType (java.base@21.0.3)
 174:         25390         609360  org.apache.lucene.util.CloseableThreadLocal
 175:          8455         608760  org.opensearch.index.mapper.TextFieldMapper
 176:         18995         607840  java.util.ImmutableCollections$MapN (java.base@21.0.3)
 177:          8435         607320  org.opensearch.action.support.replication.ReplicationTask
 178:         10181         600176  [Ljava.lang.StackTraceElement; (java.base@21.0.3)
 179:         10647         596232  java.util.stream.ReferencePipeline$5 (java.base@21.0.3)
 180:         18303         585696  java.util.TreeMap$EntryIterator (java.base@21.0.3)
 181:         24345         584280  org.apache.lucene.analysis.DelegatingAnalyzerWrapper$DelegatingReuseStrategy
 182:         14442         577680  java.io.FileDescriptor (java.base@21.0.3)
 183:         23837         572088  javax.management.ObjectName$Property (java.management@21.0.3)
 184:         11848         568704  io.netty.buffer.UnpooledHeapByteBuf
 185:         23639         567336  org.opensearch.index.engine.Engine$$Lambda/0x00007fcd2935ecc8
 186:         10054         563024  java.util.stream.ReferencePipeline$4 (java.base@21.0.3)
 187:         23362         560688  java.io.ByteArrayOutputStream (java.base@21.0.3)
 188:          9949         557144  org.opensearch.security.transport.SecurityRequestHandler
 189:          8655         553920  org.opensearch.index.mapper.KeywordFieldMapper
 190:         23013         552312  org.opensearch.core.index.Index
 191:         22980         551520  org.opensearch.common.unit.TimeValue
 192:         17113         547616  org.opensearch.index.mapper.TextSearchInfo
 193:          9703         543368  jdk.internal.org.objectweb.asm.SymbolTable$Entry (java.base@21.0.3)
 194:          9677         541912  org.opensearch.transport.TcpTransportChannel
 195:         33850         541600  java.util.Collections$UnmodifiableSet (java.base@21.0.3)
 196:         22420         538080  com.sun.crypto.provider.GHASH (java.base@21.0.3)
 197:         22420         538080  javax.crypto.spec.GCMParameterSpec (java.base@21.0.3)
 198:          6104         537152  org.apache.lucene.codecs.lucene90.compressing.FieldsIndexReader
 199:          6104         537152  org.apache.lucene.codecs.lucene90.compressing.Lucene90CompressingStoredFieldsReader
 200:         22191         532584  java.util.Collections$SynchronizedSet (java.base@21.0.3)
 201:          5039         524056  org.opensearch.index.merge.MergeStats
 202:          8107         518848  org.opensearch.monitor.jvm.HotThreads$MyThreadInfo
 203:         21518         516432  org.opensearch.common.Explicit
 204:           489         508560  [Lorg.opensearch.common.cache.Cache$CacheSegment;
 205:         15825         506400  org.opensearch.common.collect.CopyOnWriteHashMap$InnerNode
 206:         15769         504608  java.io.ObjectInputStream$FieldValues (java.base@21.0.3)
 207:         10485         503280  org.opensearch.transport.Header
 208:         10484         503232  org.opensearch.transport.OutboundHandler$SendContext
 209:         15635         500320  java.util.LinkedHashMap$LinkedValueIterator (java.base@21.0.3)
 210:          6252         500160  org.apache.lucene.index.SegmentReader
 211:         20717         497208  java.util.Arrays$ArrayList (java.base@21.0.3)
 212:         20580         493920  java.util.stream.Streams$2 (java.base@21.0.3)
 213:         20580         493920  java.util.stream.Streams$ConcatSpliterator$OfRef (java.base@21.0.3)
 214:         20565         493560  java.util.stream.Streams$StreamBuilderImpl (java.base@21.0.3)
 215:         20341         488184  java.util.Collections$UnmodifiableMap$UnmodifiableEntrySet$1 (java.base@21.0.3)
 216:         30287         484592  org.opensearch.index.mapper.FieldMapper$MultiFields
 217:         15134         484288  java.net.InetAddress$InetAddressHolder (java.base@21.0.3)
 218:          5039         483744  org.opensearch.index.shard.IndexingStats$Stats
 219:         15094         483008  org.opensearch.index.store.StoreStats
 220:         15081         482592  org.opensearch.index.engine.CommitStats
 221:         30002         480032  java.util.concurrent.atomic.AtomicReference (java.base@21.0.3)
 222:         29822         477152  org.opensearch.threadpool.ScheduledCancellableAdapter
 223:         11881         475240  io.netty.buffer.UnpooledSlicedByteBuf
 224:          9881         474288  sun.nio.ch.FileChannelImpl$DefaultUnmapper (java.base@21.0.3)
 225:         14701         470432  java.util.concurrent.locks.AbstractQueuedSynchronizer$ConditionNode (java.base@21.0.3)
 226:         14623         467936  org.opensearch.common.util.concurrent.ThreadContext$ContextPreservingAbstractRunnable
 227:         19329         463896  org.opensearch.core.index.shard.ShardId
 228:          8163         457128  org.opensearch.action.support.replication.TransportReplicationAction$ConcreteReplicaRequest
 229:          9468         454464  org.opensearch.painless.lookup.PainlessClass
 230:         18744         449856  java.util.stream.MatchOps$1MatchSink (java.base@21.0.3)
 231:          7976         446656  org.opensearch.index.mapper.NumberFieldMapper
 232:          7891         441896  org.opensearch.cluster.ClusterStateObserver
 233:          6104         439488  org.apache.lucene.index.SegmentCoreReaders
 234:         13498         431936  java.lang.invoke.MethodType$ConcurrentWeakInternSet$WeakEntry (java.base@21.0.3)
 235:          5913         425736  java.lang.reflect.Field (java.base@21.0.3)
 236:         10607         424280  org.opensearch.common.util.BigArrays$ByteArrayWrapper
 237:         10486         419440  org.opensearch.transport.nativeprotocol.NativeInboundMessage
 238:         10484         419360  org.opensearch.common.io.stream.ReleasableBytesStreamOutput
 239:         10484         419360  org.opensearch.transport.nativeprotocol.CompressibleBytesOutputStream
 240:         16844         419056  [Ljava.lang.management.ThreadInfo; (java.management@21.0.3)
 241:          8655         415440  org.opensearch.index.mapper.KeywordFieldMapper$KeywordFieldType
 242:         25720         411520  org.opensearch.ingest.ProcessorInfo
 243:         17115         410760  org.opensearch.common.recycler.DequeRecycler$DV
 244:         17115         410760  org.opensearch.common.recycler.Recyclers$1$1
 245:         17104         410496  org.apache.lucene.util.packed.DirectReader$DirectPackedReader12
 246:          8455         405840  org.opensearch.index.mapper.TextFieldMapper$TextFieldType
 247:         25221         403536  java.util.Collections$SingletonSet (java.base@21.0.3)
 248:         10076         403040  java.util.HashMap$ValueSpliterator (java.base@21.0.3)
 249:         16683         400392  java.lang.management.LockInfo (java.management@21.0.3)
 250:          9956         398240  java.util.HashMap$EntrySpliterator (java.base@21.0.3)
 251:         12344         395008  org.opensearch.common.logging.PrefixLogger
 252:         16364         392736  java.util.Collections$SetFromMap (java.base@21.0.3)
 253:          8163         391824  org.opensearch.index.seqno.RetentionLeaseBackgroundSyncAction$Request
 254:         24476         391616  org.opensearch.core.common.transport.TransportAddress
 255:          8154         391392  sun.nio.fs.UnixException (java.base@21.0.3)
 256:          8145         390960  java.nio.file.NoSuchFileException (java.base@21.0.3)
 257:           399         390000  [Ljdk.internal.org.objectweb.asm.SymbolTable$Entry; (java.base@21.0.3)
 258:          9676         387040  org.opensearch.transport.nativeprotocol.NativeOutboundMessage$Response
 259:          9644         385760  org.apache.lucene.codecs.lucene90.Lucene90DocValuesProducer$20
 260:          7976         382848  org.opensearch.index.mapper.NumberFieldMapper$NumberFieldType
 261:         11925         381600  javax.management.ObjectName (java.management@21.0.3)
 262:          5952         380928  org.opensearch.index.engine.SegmentsStats
 263:         11881         380192  sun.security.ssl.Ciphertext (java.base@21.0.3)
 264:         23751         380016  java.util.Collections$UnmodifiableMap$UnmodifiableEntrySet (java.base@21.0.3)
 265:         23644         378304  org.opensearch.index.engine.Engine$$Lambda/0x00007fcd29355908
 266:         15490         371760  java.lang.invoke.ResolvedMethodName (java.base@21.0.3)
 267:          2733         371688  org.opensearch.cluster.metadata.IndexMetadata
 268:         15231         365544  java.util.stream.ReferencePipeline$3$1 (java.base@21.0.3)
 269:         14833         355992  org.apache.lucene.util.packed.DirectReader$DirectPackedReader16
 270:         11093         354976  org.opensearch.common.concurrent.RefCountedReleasable
 271:         22031         352496  org.apache.lucene.util.BytesRefBuilder
 272:         14585         350040  java.net.InetSocketAddress$InetSocketAddressHolder (java.base@21.0.3)
 273:           640         348160  io.netty.util.internal.shaded.org.jctools.queues.atomic.MpscAtomicArrayQueue
 274:          6105         341880  org.apache.lucene.index.ReadersAndUpdates
 275:          6104         341824  org.apache.lucene.codecs.lucene90.compressing.Lucene90CompressingStoredFieldsReader$BlockState
 276:         14105         338520  org.apache.logging.log4j.message.DefaultFlowMessageFactory
 277:         10515         336480  java.util.stream.ReduceOps$8ReducingSink (java.base@21.0.3)
 278:         10515         336480  org.opensearch.LegacyESVersion
 279:          8307         332280  sun.nio.cs.UTF_8$Decoder (java.base@21.0.3)
 280:         13713         329112  org.opensearch.cluster.routing.AllocationId
 281:         20488         327808  org.opensearch.transport.nativeprotocol.NativeInboundBytesHandler$$Lambda/0x00007fcd29135950
 282:          8125         325000  java.security.PrivilegedActionException (java.base@21.0.3)
 283:          5038         322432  org.opensearch.index.translog.RemoteTranslogStats
 284:         13373         320952  java.net.Inet4Address (java.base@21.0.3)
 285:         13352         320448  java.io.ObjectStreamClass$FieldReflectorKey (java.base@21.0.3)
 286:          9949         318368  org.opensearch.core.common.io.stream.NamedWriteableAwareStreamInput
 287:          9948         318336  io.netty.channel.AbstractChannelHandlerContext$WriteTask
 288:          7891         315640  org.opensearch.action.support.replication.TransportReplicationAction$AsyncReplicaAction
 289:          7891         315640  org.opensearch.index.shard.IndexShard$$Lambda/0x00007fcd2937b240
 290:          9682         309824  javax.naming.ldap.Rfc2253Parser (java.naming@21.0.3)
 291:          9676         309632  org.opensearch.transport.nativeprotocol.NativeOutboundHandler$$Lambda/0x00007fcd29198bf8
 292:         12770         306480  java.util.Collections$UnmodifiableSortedSet (java.base@21.0.3)
 293:          5402         302512  java.util.concurrent.ConcurrentHashMap$EntryIterator (java.base@21.0.3)
 294:          3355         295240  java.util.regex.Pattern (java.base@21.0.3)
 295:          6125         294000  org.apache.lucene.index.FieldInfos
 296:          6111         293328  org.apache.lucene.codecs.lucene90.Lucene90DocValuesProducer
 297:          6101         292848  org.apache.lucene.index.PendingSoftDeletes
 298:         12134         291216  java.io.ObjectStreamClass$ClassDataSlot (java.base@21.0.3)
 299:         11881         285144  com.sun.crypto.provider.GaloisCounterMode$EncryptOp (java.base@21.0.3)
 300:         11881         285144  io.netty.channel.DelegatingChannelPromiseNotifier
 301:          5906         283488  jdk.internal.ref.CleanerImpl$PhantomCleanableRef (java.base@21.0.3)
 302:          5039         282184  org.opensearch.index.get.GetStats
 303:         17076         273216  org.opensearch.common.metrics.CounterMetric
 304:          8349         267168  org.opensearch.index.seqno.RetentionLeases
 305:          8539         263440  [Ljava.io.ObjectStreamField; (java.base@21.0.3)
 306:         10903         261672  org.apache.lucene.index.SingletonSortedSetDocValues
 307:          8163         261216  org.opensearch.action.support.replication.TransportReplicationAction$ReplicaResponse
 308:          6433         257320  org.opensearch.common.util.concurrent.BaseFuture$Sync
 309:          5328         255744  java.lang.invoke.DirectMethodHandle$Constructor (java.base@21.0.3)
 310:         10647         255528  java.util.stream.ReferencePipeline$5$1 (java.base@21.0.3)
 311:          6366         254640  java.lang.invoke.DirectMethodHandle (java.base@21.0.3)
 312:         10539         252936  [Lsun.security.ssl.Plaintext; (java.base@21.0.3)
 313:         10511         252264  org.opensearch.index.translog.Translog$$Lambda/0x00007fcd29344ee0
 314:         10485         251640  org.opensearch.transport.InboundAggregator$BreakerControl
 315:         10484         251616  org.opensearch.common.util.concurrent.ThreadContext$$Lambda/0x00007fcd29111390
 316:         10484         251616  org.opensearch.transport.OutboundHandler$SendContext$$Lambda/0x00007fcd2911ea10
 317:         10484         251616  org.opensearch.transport.nativeprotocol.NativeOutboundHandler$MessageSerializer
 318:         10484         251616  org.opensearch.transport.netty4.Netty4MessageChannelHandler$$Lambda/0x00007fcd2910fd40
 319:         10484         251616  org.opensearch.transport.netty4.Netty4MessageChannelHandler$WriteOperation
 320:           855         251200  [[C (java.base@21.0.3)
 321:          6105         244200  org.apache.lucene.codecs.lucene90.blocktree.Lucene90BlockTreeTermsReader
 322:          6101         244040  org.opensearch.common.lucene.index.OpenSearchLeafReader
 323:          5039         241872  org.opensearch.index.refresh.RefreshStats
 324:          5038         241824  org.opensearch.index.cache.request.RequestCacheStats
 325:          5038         241824  org.opensearch.index.translog.TranslogStats
 326:         10054         241296  java.util.stream.ReduceOps$5ReducingSink (java.base@21.0.3)
 327:         10054         241296  java.util.stream.ReferencePipeline$4$1 (java.base@21.0.3)
 328:         15081         241296  org.opensearch.index.seqno.RetentionLeaseStats
 329:         10054         241296  org.opensearch.index.translog.Translog$$Lambda/0x00007fcd293bed20
 330:          6018         240720  org.apache.lucene.codecs.lucene90.Lucene90NormsProducer
 331:          9949         238776  org.opensearch.transport.RequestHandlerRegistry$$Lambda/0x00007fcd29199060
 332:          9949         238776  org.opensearch.transport.TaskTransportChannel
 333:          9937         238488  org.opensearch.core.tasks.TaskId
 334:          7451         238432  java.lang.ThreadLocal$ThreadLocalMap$Entry (java.base@21.0.3)
 335:          5952         238080  org.opensearch.index.ReplicationStats
 336:          5952         238080  org.opensearch.index.shard.DocsStats
 337:          9888         237312  org.opensearch.core.common.bytes.AbstractBytesReference$1
 338:          9881         237144  jdk.internal.foreign.SharedSession (java.base@21.0.3)
 339:          9881         237144  sun.nio.ch.FileChannelImpl$1 (java.base@21.0.3)
 340:         14751         236016  java.util.TreeSet (java.base@21.0.3)
 341:         14585         233360  java.net.InetSocketAddress (java.base@21.0.3)
 342:          9693         232632  org.opensearch.SpecialPermission
 343:          9679         232296  java.util.stream.Collectors$$Lambda/0x00007fcd2806a678 (java.base@21.0.3)
 344:          2732         231984  [Ljava.lang.invoke.LambdaForm$Name; (java.base@21.0.3)
 345:         14369         229904  java.util.WeakHashMap$KeySet (java.base@21.0.3)
 346:          3493         223552  sun.nio.ch.FileChannelImpl (java.base@21.0.3)
 347:          9309         223416  java.util.concurrent.CopyOnWriteArrayList (java.base@21.0.3)
 348:          9136         219264  org.opensearch.transport.NativeMessageHandler$RequestHandler
 349:          2740         219200  org.opensearch.cluster.routing.IndexShardRoutingTable
 350:          8707         208968  org.opensearch.core.action.ActionListener$3
 351:          8707         208968  org.opensearch.index.shard.IndexShardOperationPermits$$Lambda/0x00007fcd2937b470
 352:          3250         208000  java.lang.Class$ReflectionData (java.base@21.0.3)
 353:          3246         207744  java.security.Provider$Service (java.base@21.0.3)
 354:         12813         205008  org.apache.lucene.index.IndexReader$CacheKey
 355:          8494         203856  [Ljava.io.ObjectStreamClass$ClassDataSlot; (java.base@21.0.3)
 356:          8491         203784  [Ljava.io.ObjectInputStream$FieldValues; (java.base@21.0.3)
 357:          5042         202808  [Ljava.util.concurrent.atomic.AtomicLong; (java.base@21.0.3)
 358:          5051         202040  [Lorg.opensearch.action.search.SearchPhaseName;
 359:          5039         201560  org.opensearch.index.flush.FlushStats
 360:          5038         201520  org.opensearch.index.warmer.WarmerStats
 361:          8354         200496  sun.nio.fs.UnixChannelFactory$Flags (java.base@21.0.3)
 362:          8350         200400  java.io.SerialCallbackContext (java.base@21.0.3)
 363:          8306         199344  java.io.InputStreamReader (java.base@21.0.3)
 364:          8168         196032  org.opensearch.action.support.ChannelActionListener
 365:          8163         195912  org.opensearch.core.action.ActionListener$6
 366:          6111         195552  org.apache.lucene.index.SegmentDocValues$1
 367:          6105         195360  org.apache.lucene.index.PendingDeletes
 368:          6104         195328  org.apache.lucene.index.LeafMetaData
 369:          6104         195328  org.apache.lucene.index.SegmentCoreReaders$1
 370:          6104         195328  org.apache.lucene.index.SegmentCoreReaders$2
 371:          6101         195232  org.apache.lucene.codecs.lucene90.Lucene90PointsReader
 372:          6101         195232  org.apache.lucene.index.SegmentReadState
 373:          4852         194080  java.lang.invoke.BoundMethodHandle$Species_LL (java.base@21.0.3)
 374:         12089         193424  org.opensearch.common.lucene.LoggerInfoStream$$Lambda/0x00007fcd293117d0
 375:          6042         193344  org.apache.lucene.backward_codecs.lucene90.Lucene90PostingsReader
 376:         12017         192272  java.util.LinkedHashSet (java.base@21.0.3)
 377:          5952         190464  org.opensearch.index.fielddata.FieldDataStats
 378:          5941         190112  org.opensearch.action.admin.indices.stats.IndexShardStats
 379:          7891         189384  java.util.stream.Collectors$$Lambda/0x00007fcd29178ca0 (java.base@21.0.3)
 380:          7891         189384  org.opensearch.action.support.replication.TransportReplicationAction$AsyncReplicaAction$$Lambda/0x00007fcd2937b6c0
 381:          7891         189384  org.opensearch.action.support.replication.TransportReplicationAction$AsyncReplicaAction$$Lambda/0x00007fcd2937b8e0
 382:          7891         189384  org.opensearch.action.support.replication.TransportReplicationAction$AsyncReplicaAction$$Lambda/0x00007fcd2937bd30
 383:          7891         189384  org.opensearch.action.support.replication.TransportReplicationAction$AsyncReplicaAction$$Lambda/0x00007fcd2937e000
 384:          7891         189384  org.opensearch.cluster.ClusterStateObserver$StoredState
 385:          3350         187600  java.util.stream.ReferencePipeline$7 (java.base@21.0.3)
 386:          4688         187520  java.lang.invoke.BoundMethodHandle$Species_L (java.base@21.0.3)
 387:          3267         182952  org.opensearch.monitor.jvm.JvmStats$MemoryPool
 388:          5650         180800  java.nio.file.attribute.FileTime (java.base@21.0.3)
 389:          2475         178200  java.lang.reflect.Constructor (java.base@21.0.3)
 390:          3170         177520  org.apache.lucene.store.NIOFSDirectory$NIOFSIndexInput
 391:         11093         177488  org.opensearch.common.bytes.ReleasableBytesReference$$Lambda/0x00007fcd29134a60
 392:          4435         177400  java.lang.ref.SoftReference (java.base@21.0.3)
 393:          7328         175872  org.apache.lucene.index.ApproximatePriorityQueue
 394:         10990         175840  org.opensearch.core.action.ActionListener$$Lambda/0x00007fcd28290668
 395:         10990         175840  org.opensearch.core.action.ActionListener$$Lambda/0x00007fcd28290888
 396:          5473         175136  org.apache.lucene.codecs.lucene90.Lucene90CompoundReader
 397:         10786         172576  org.opensearch.common.SetOnce
 398:          3590         172320  org.apache.logging.log4j.message.ReusableParameterizedMessage
 399:          7154         171696  java.util.LinkedList$Node (java.base@21.0.3)
 400:           850         169264  [Lorg.opensearch.common.recycler.Recycler$V;
 401:          5276         168832  java.util.Hashtable$Entry (java.base@21.0.3)
 402:          2108         168640  java.util.regex.Matcher (java.base@21.0.3)
 403:         10539         168624  org.opensearch.transport.netty4.Netty4MessageChannelHandler$$Lambda/0x00007fcd2912bba0
 404:          2917         168048  [Ljava.lang.reflect.Method; (java.base@21.0.3)
 405:          6997         167928  java.security.Provider$ServiceKey (java.base@21.0.3)
 406:         10486         167776  org.opensearch.transport.InboundMessage
 407:         10484         167744  org.opensearch.transport.OutboundHandler$SendContext$$Lambda/0x00007fcd2911f290
 408:         10484         167744  org.opensearch.transport.netty4.Netty4TcpChannel$$Lambda/0x00007fcd2910e528
 409:           746         167104  jdk.internal.org.objectweb.asm.MethodWriter (java.base@21.0.3)
 410:          2598         166272  java.net.URL (java.base@21.0.3)
 411:          6865         164760  org.opensearch.common.metrics.MeanMetric
 412:          5039         161248  org.opensearch.index.search.stats.SearchStats
 413:          1828         160864  org.opensearch.index.codec.PerFieldMappingPostingFormatCodec
 414:          9881         158096  jdk.internal.foreign.MemorySessionImpl$1 (java.base@21.0.3)
 415:          9881         158096  jdk.internal.foreign.SharedSession$SharedResourceList (java.base@21.0.3)
 416:          2426         155264  org.opensearch.security.support.Base64JDKHelper$SafeObjectInputStream
 417:          6409         153816  org.opensearch.search.suggest.completion.CompletionStats
 418:          6252         150048  org.apache.lucene.index.SegmentReader$1
 419:          6111         146664  org.apache.lucene.codecs.perfield.PerFieldDocValuesFormat$FieldsReader
 420:          6104         146496  org.apache.lucene.codecs.lucene90.LZ4WithPresetDictCompressionMode$LZ4WithPresetDictDecompressor
 421:          6104         146496  org.apache.lucene.codecs.perfield.PerFieldPostingsFormat$FieldsReader
 422:          6104         146496  org.apache.lucene.index.SegmentCoreReaders$3
 423:          5943         146280  [Lorg.opensearch.action.admin.indices.stats.ShardStats;
 424:          5941         142584  [Lorg.opensearch.action.admin.indices.stats.IndexShardStats;
 425:           459         139536  org.opensearch.index.IndexSettings
 426:          4342         138944  java.util.Collections$UnmodifiableSortedMap (java.base@21.0.3)
 427:          4339         138848  org.opensearch.common.settings.Settings
 428:          2426         135856  java.io.ObjectInputStream$BlockDataInputStream (java.base@21.0.3)
 429:          8491         135856  org.opensearch.security.support.SafeSerializationUtils$$Lambda/0x00007fcd2922c630
 430:           457         135272  org.opensearch.index.shard.IndexShard
 431:          1830         131760  org.apache.lucene.index.SegmentInfos
 432:          5484         131616  org.opensearch.index.translog.Translog$TranslogGeneration
 433:          8211         131376  org.opensearch.cluster.routing.RotationShardShuffler
 434:          3267         130680  org.opensearch.monitor.jvm.JvmStats$BufferPool
 435:          8165         130640  java.util.stream.Collectors$$Lambda/0x00007fcd282feca0 (java.base@21.0.3)
 436:          2701         129648  java.lang.invoke.LambdaForm (java.base@21.0.3)
 437:          1781         128232  org.opensearch.tasks.Task
 438:          1687         128168  [Ljava.lang.ref.SoftReference; (java.base@21.0.3)
 439:          3962         126784  java.util.Formatter$FormatSpecifier (java.base@21.0.3)
 440:          7891         126256  org.opensearch.action.support.replication.TransportReplicationAction$$Lambda/0x00007fcd2937ab88
 441:          7891         126256  org.opensearch.action.support.replication.TransportReplicationAction$ReplicaResult
 442:          7891         126256  org.opensearch.cluster.ClusterStateObserver$ObserverClusterStateListener
 443:          5145         123480  sun.nio.fs.UnixFileAttributeViews$Basic (java.base@21.0.3)
 444:          5112         122688  java.util.regex.Pattern$BmpCharProperty (java.base@21.0.3)
 445:          3043         121720  jdk.nio.zipfs.ZipFileSystem$IndexNode (jdk.zipfs@21.0.3)
 446:          4911         117864  org.opensearch.common.inject.Key
 447:          7073         113168  org.opensearch.search.pipeline.ProcessorInfo
 448:          2818         112720  org.opensearch.painless.lookup.PainlessMethod
 449:          2811         112440  org.opensearch.painless.spi.WhitelistMethod
 450:          1078         112112  java.util.jar.JarFile$JarFileEntry (java.base@21.0.3)
 451:          1983         111048  [Ljava.util.regex.Pattern$GroupHead; (java.base@21.0.3)
 452:          2742         109680  [Lorg.opensearch.index.mapper.MetadataFieldMapper;
 453:           127         108936  [[J (java.base@21.0.3)
 454:          6713         107408  java.util.concurrent.CopyOnWriteArraySet (java.base@21.0.3)
 455:          3267         104544  org.opensearch.monitor.jvm.JvmStats$GarbageCollector
 456:          3267         104544  org.opensearch.monitor.jvm.JvmStats$MemoryPoolGcStats
 457:          3260         104320  org.opensearch.common.inject.spi.Dependency
 458:          6398         102368  org.opensearch.action.support.PlainActionFuture
 459:          6323         101168  java.util.TreeMap$KeySet (java.base@21.0.3)
 460:          4178         100272  java.util.regex.Pattern$Slice (java.base@21.0.3)
 461:          6252         100032  org.apache.lucene.index.SegmentReader$2
 462:           458          98928  org.apache.lucene.index.IndexWriter
 463:          3085          98720  java.util.LinkedList (java.base@21.0.3)
 464:           457          98712  org.opensearch.index.engine.InternalEngine
 465:          4107          98568  java.lang.invoke.LambdaForm$NamedFunction (java.base@21.0.3)
 466:          6104          97664  org.apache.lucene.index.SegmentDocValues
 467:          4063          97512  org.opensearch.common.inject.TypeLiteral
 468:          3936          94464  java.util.regex.Pattern$BmpCharPropertyGreedy (java.base@21.0.3)
 469:          1964          94272  java.lang.invoke.LambdaFormEditor$Transform (java.base@21.0.3)
 470:           615          93480  sun.security.ssl.SSLSessionImpl (java.base@21.0.3)
 471:          2913          93216  org.tartarus.snowball.Among
 472:          5801          92816  sun.nio.fs.UnixFileAttributes$UnixAsBasicFileAttributes (java.base@21.0.3)
 473:           457          91400  org.opensearch.index.IndexService
 474:          2821          90272  org.opensearch.common.collect.CopyOnWriteHashMap
 475:          3662          87888  org.opensearch.common.compress.CompressedXContent
 476:          3656          87744  java.util.stream.ReduceOps$6 (java.base@21.0.3)
 477:          5477          87632  java.util.jar.Attributes (java.base@21.0.3)
 478:          2731          87392  org.opensearch.cluster.routing.IndexRoutingTable
 479:          3590          86160  org.apache.logging.log4j.message.ParameterFormatter$MessagePatternAnalysis
 480:          3526          84624  java.util.regex.Pattern$GroupTail (java.base@21.0.3)
 481:          3519          84456  java.util.regex.Pattern$GroupHead (java.base@21.0.3)
 482:          5250          84000  org.opensearch.common.SetOnce$Wrapper
 483:          3493          83832  sun.nio.ch.NativeThreadSet (java.base@21.0.3)
 484:          5223          83576  [Ljava.nio.file.LinkOption; (java.base@21.0.3)
 485:          3437          82488  java.util.ArrayDeque (java.base@21.0.3)
 486:           191          82352  [Ljava.lang.ThreadLocal$ThreadLocalMap$Entry; (java.base@21.0.3)
 487:          3415          81960  org.apache.lucene.util.packed.DirectReader$DirectPackedReader4
 488:          2042          81680  io.netty.buffer.CompositeByteBuf$Component
 489:          5039          80624  org.opensearch.index.shard.IndexingStats
 490:          5039          80624  org.opensearch.index.shard.IndexingStats$Stats$DocStatusStats
 491:          5038          80608  org.opensearch.index.search.stats.SearchStats$RequestStatsLongHolder
 492:          5027          80432  org.opensearch.index.engine.SegmentsStats$$Lambda/0x00007fcd293bf370
 493:          3350          80400  java.util.stream.ReferencePipeline$7$1 (java.base@21.0.3)
 494:          3259          80136  [Ljava.lang.reflect.Field; (java.base@21.0.3)
 495:          1641          78768  org.opensearch.common.inject.internal.InstanceBindingImpl
 496:          1396          78176  io.netty.channel.DefaultChannelHandlerContext
 497:          3254          78096  java.util.stream.FindOps$FindSink$OfRef (java.base@21.0.3)
 498:          2426          77632  java.io.DataInputStream (java.base@21.0.3)
 499:          2426          77632  java.io.ObjectInputStream$HandleTable (java.base@21.0.3)
 500:          2426          77632  java.io.ObjectInputStream$PeekInputStream (java.base@21.0.3)
 501:          3167          76008  sun.reflect.generics.tree.SimpleClassTypeSignature (java.base@21.0.3)
 502:          1848          73920  org.apache.lucene.codecs.lucene90.Lucene90TermVectorsFormat
 503:          1536          73728  io.netty.buffer.PoolChunkList
 504:          1748          69920  java.util.HashMap$KeySpliterator (java.base@21.0.3)
 505:          1710          68400  org.apache.logging.log4j.core.Logger$PrivateConfig
 506:          2827          67848  org.opensearch.common.inject.SingleParameterInjector
 507:          2119          67808  java.util.RegularEnumSet (java.base@21.0.3)
 508:           126          67392  [Ljava.lang.Thread; (java.base@21.0.3)
 509:           919          66168  org.apache.lucene.index.TieredMergePolicy
 510:           457          65808  org.opensearch.index.translog.TranslogWriter
 511:          2732          65568  org.opensearch.cluster.metadata.MappingMetadata
 512:          2731          65544  org.opensearch.cluster.metadata.IndexAbstraction$Index
 513:          1617          64680  java.security.CodeSource (java.base@21.0.3)
 514:          2685          64440  java.util.regex.Pattern$Start (java.base@21.0.3)
 515:          1983          63456  sun.security.util.ObjectIdentifier (java.base@21.0.3)
 516:           458          62288  org.apache.lucene.index.DocumentsWriterFlushControl
 517:           457          62152  org.opensearch.index.seqno.ReplicationTracker
 518:          1928          61696  org.apache.lucene.search.TermQuery
 519:          3167          61256  [Lsun.reflect.generics.tree.TypeArgument; (java.base@21.0.3)
 520:          1908          61056  java.util.stream.ReduceOps$10 (java.base@21.0.3)
 521:          1089          60984  org.opensearch.monitor.jvm.JvmStats$Mem
 522:           744          60960  [Lorg.opensearch.cluster.node.DiscoveryNode;
 523:           284          59840  [Lio.netty.buffer.PoolSubpage;
 524:          1476          59040  org.opensearch.common.settings.Setting
 525:          2457          58968  org.opensearch.core.common.unit.ByteSizeValue
 526:          1332          58872  [[B (java.base@21.0.3)
 527:          3677          58832  org.apache.lucene.codecs.lucene90.Lucene90DocValuesFormat
 528:          1835          58720  org.apache.lucene.codecs.lucene99.Lucene99HnswVectorsFormat
 529:           457          58496  org.opensearch.index.engine.EngineConfig
 530:           914          58496  org.opensearch.index.mapper.RootObjectMapper
 531:          1800          57600  java.lang.Package (java.base@21.0.3)
 532:          2376          57024  org.opensearch.index.shard.IndexShard$$Lambda/0x00007fcd2937b010
 533:           373          56696  jdk.internal.org.objectweb.asm.ClassWriter (java.base@21.0.3)
 534:          3493          55888  sun.nio.ch.FileChannelImpl$Closer (java.base@21.0.3)
 535:          2311          55464  java.util.Formatter$FixedString (java.base@21.0.3)
 536:           458          54960  org.apache.lucene.index.IndexWriterConfig
 537:           457          54840  org.opensearch.index.engine.InternalEngine$EngineMergeScheduler
 538:          1710          54720  org.apache.logging.log4j.core.Logger
 539:          1339          53560  java.lang.Package$VersionInfo (java.base@21.0.3)
 540:          3342          53472  java.util.Optional (java.base@21.0.3)
 541:          2228          53472  java.util.jar.Attributes$Name (java.base@21.0.3)
 542:          2212          53088  javax.crypto.spec.SecretKeySpec (java.base@21.0.3)
 543:          3306          52896  sun.management.spi.PlatformMBeanProvider$PlatformComponent$$Lambda/0x00007fcd280e1f80 (java.management@21.0.3)
 544:          3306          52896  sun.management.spi.PlatformMBeanProvider$PlatformComponent$$Lambda/0x00007fcd280e21d0 (java.management@21.0.3)
 545:           656          52480  java.util.zip.ZipFile$Source (java.base@21.0.3)
 546:          1089          52272  org.opensearch.monitor.jvm.JvmStats
 547:          3243          51888  java.lang.management.ManagementFactory$$Lambda/0x00007fcd281627b0 (java.management@21.0.3)
 548:          3243          51888  java.lang.management.ManagementFactory$PlatformMBeanFinder$$Lambda/0x00007fcd28162560 (java.management@21.0.3)
 549:          1080          51840  com.google.common.collect.Maps$FilteredKeyMap
 550:          1601          51232  java.util.concurrent.locks.AbstractQueuedSynchronizer$ExclusiveNode (java.base@21.0.3)
 551:           798          51072  javax.crypto.Cipher (java.base@21.0.3)
 552:           905          50680  java.lang.invoke.DirectMethodHandle$StaticAccessor (java.base@21.0.3)
 553:          3154          50464  sun.reflect.generics.tree.ClassTypeSignature (java.base@21.0.3)
 554:          2069          49656  jdk.internal.platform.CgroupUtil$$Lambda/0x00007fcd284de4d0 (java.base@21.0.3)
 555:          1218          48720  java.math.BigInteger (java.base@21.0.3)
 556:          1215          48600  org.opensearch.security.user.User
 557:           362          48192  [Lorg.apache.lucene.index.TermsEnum;
 558:          1002          48096  org.apache.lucene.analysis.tokenattributes.PackedTokenAttributeImpl
 559:          1201          48040  sun.security.util.DerInputStream (java.base@21.0.3)
 560:           993          47664  org.opensearch.index.mapper.ObjectMapper
 561:           888          47400  [Lorg.apache.lucene.util.packed.PackedInts$Reader;
 562:          1973          47352  java.util.regex.Pattern$TreeInfo (java.base@21.0.3)
 563:          1460          46720  java.util.Collections$SynchronizedMap (java.base@21.0.3)
 564:          1459          46688  java.lang.ref.WeakReference (java.base@21.0.3)
 565:           647          46584  org.opensearch.action.admin.cluster.node.info.NodeInfo$Builder
 566:          1929          46296  org.apache.lucene.index.Term
 567:          1925          46200  org.apache.lucene.store.ByteArrayDataInput
 568:          2855          45680  org.opensearch.common.logging.DeprecationLogger
 569:           711          45504  java.util.zip.Inflater (java.base@21.0.3)
 570:          2836          45376  java.nio.channels.spi.AbstractInterruptibleChannel$1 (java.base@21.0.3)
 571:           799          44744  jdk.internal.org.objectweb.asm.Label (java.base@21.0.3)
 572:           399          44688  io.netty.handler.ssl.SslHandler
 573:           399          44688  org.opensearch.transport.CopyBytesSocketChannel
 574:           399          44688  sun.nio.ch.SocketChannelImpl (java.base@21.0.3)
 575:          1393          44576  java.util.concurrent.Semaphore$NonfairSync (java.base@21.0.3)
 576:          1103          44120  org.opensearch.ingest.useragent.UserAgentParser$UserAgentSubpattern
 577:           919          44112  org.opensearch.common.util.MovingAverage
 578:          1836          44064  org.apache.lucene.codecs.lucene99.Lucene99PostingsFormat
 579:          1835          44040  org.apache.lucene.codecs.lucene99.Lucene99Codec$1
 580:          1835          44040  org.apache.lucene.codecs.lucene99.Lucene99Codec$2
 581:          1835          44040  org.apache.lucene.codecs.lucene99.Lucene99Codec$3
 582:          1372          43904  java.util.regex.Pattern$Branch (java.base@21.0.3)
 583:          1828          43872  org.opensearch.index.codec.fuzzy.FuzzySetParameters
 584:           914          43872  org.opensearch.index.mapper.DocumentMapper
 585:          1371          43872  org.opensearch.index.mapper.MapperService$MapperAnalyzerWrapper
 586:          1089          43560  org.opensearch.monitor.jvm.JvmStats$Classes
 587:          1088          43520  java.util.IdentityHashMap (java.base@21.0.3)
 588:           678          43392  io.netty.buffer.CompositeByteBuf
 589:          1796          43104  java.util.LinkedHashMap$LinkedValues (java.base@21.0.3)
 590:          1372          42888  [Ljava.util.regex.Pattern$Node; (java.base@21.0.3)
 591:          1072          42880  java.io.ObjectOutputStream$HandleTable (java.base@21.0.3)
 592:          2677          42832  java.util.regex.Pattern$$Lambda/0x80000002a (java.base@21.0.3)
 593:          1764          42336  org.opensearch.index.engine.InternalEngine$$Lambda/0x00007fcd29346b38
 594:          1764          42336  org.opensearch.index.seqno.RetentionLeaseBackgroundSyncAction$$Lambda/0x00007fcd2937bb10
 595:          1763          42312  java.lang.Double (java.base@21.0.3)
 596:          1725          41400  java.security.Provider$UString (java.base@21.0.3)
 597:           646          41344  [Lorg.opensearch.action.admin.cluster.node.info.NodesInfoRequest$Metric;
 598:          1285          41120  org.apache.lucene.codecs.lucene90.Lucene90DocValuesProducer$1
 599:           203          40632  [Ljava.lang.invoke.MethodHandle; (java.base@21.0.3)
 600:          1259          40288  org.apache.lucene.codecs.lucene90.Lucene90DocValuesProducer$22
 601:           457          40216  org.opensearch.index.SearchSlowLog
 602:           457          40216  org.opensearch.security.configuration.SecurityFlsDlsIndexSearcherWrapper
 603:          1636          39264  java.lang.RuntimePermission (java.base@21.0.3)
 604:          1225          39200  java.net.Inet6Address$Inet6AddressHolder (java.base@21.0.3)
 605:           979          39160  org.apache.lucene.util.packed.Packed64
 606:           489          39120  org.opensearch.common.cache.Cache
 607:          2426          38816  java.io.ObjectInputStream$ValidationList (java.base@21.0.3)
 608:           808          38784  org.opensearch.transport.nativeprotocol.NativeOutboundMessage$Request
 609:          1602          38448  java.util.Formatter (java.base@21.0.3)
 610:          1201          38432  sun.security.util.DerValue (java.base@21.0.3)
 611:           531          38232  org.apache.lucene.analysis.standard.StandardTokenizerImpl
 612:           679          38024  org.opensearch.common.util.BigByteArray
 613:          1570          37680  jdk.internal.org.objectweb.asm.ByteVector (java.base@21.0.3)
 614:           523          37656  org.opensearch.tasks.TaskInfo
 615:           663          37128  java.io.FileCleanable (java.base@21.0.3)
 616:          1546          37104  org.apache.logging.log4j.MarkerManager$Log4jMarker
 617:           656          36736  java.util.jar.JarFile (java.base@21.0.3)
 618:           458          36640  [Ljava.util.concurrent.locks.Lock; (java.base@21.0.3)
 619:           458          36640  [Lorg.apache.lucene.index.ApproximatePriorityQueue;
 620:           914          36560  org.opensearch.index.mapper.Mapping
 621:           914          36560  org.opensearch.index.mapper.MappingLookup
 622:           457          36560  org.opensearch.index.translog.LocalTranslog
 623:            24          36352  [Ljava.util.Hashtable$Entry; (java.base@21.0.3)
 624:          1507          36168  java.util.concurrent.ConcurrentHashMap$KeySetView (java.base@21.0.3)
 625:          1507          36168  java.util.concurrent.ConcurrentLinkedQueue$Node (java.base@21.0.3)
 626:           347          36088  java.lang.invoke.InnerClassLambdaMetafactory (java.base@21.0.3)
 627:          1495          35880  java.util.concurrent.CopyOnWriteArrayList$COWIterator (java.base@21.0.3)
 628:           474          35248  [Lorg.apache.lucene.index.LeafReader;
 629:           399          35112  sun.security.ssl.TransportContext (java.base@21.0.3)
 630:          1089          34848  [Lorg.opensearch.monitor.jvm.JvmStats$GarbageCollector;
 631:           871          34840  com.fasterxml.jackson.databind.introspect.AnnotatedMethod
 632:          1087          34784  java.util.LinkedHashMap$LinkedKeyIterator (java.base@21.0.3)
 633:           469          34600  [Lorg.apache.lucene.index.IndexReaderContext;
 634:          1080          34560  org.opensearch.telemetry.tracing.SpanCreationContext
 635:           859          34360  org.jcodings.unicode.UnicodeCodeRange
 636:          1072          34304  java.io.ObjectOutputStream$PutFieldImpl (java.base@21.0.3)
 637:           857          34280  org.opensearch.common.path.PathTrie$TrieNode
 638:           531          33984  org.apache.lucene.analysis.standard.StandardTokenizer
 639:          1057          33824  java.lang.invoke.MethodTypeForm (java.base@21.0.3)
 640:          2108          33728  [Ljava.util.regex.IntHashSet; (java.base@21.0.3)
 641:          1054          33728  io.netty.util.internal.LongAdderCounter
 642:           458          32976  org.apache.lucene.index.DocumentsWriterDeleteQueue
 643:           457          32952  [Lorg.apache.lucene.index.SegmentReader;
 644:           457          32904  org.apache.lucene.analysis.miscellaneous.FingerprintFilter
 645:           457          32904  org.apache.lucene.index.StandardDirectoryReader
 646:           457          32904  org.opensearch.common.lucene.index.OpenSearchDirectoryReader
 647:           457          32904  org.opensearch.index.IndexModule
 648:           457          32904  org.opensearch.index.search.stats.ShardSearchStats$StatsHolder
 649:           457          32904  org.opensearch.index.translog.Checkpoint
 650:             1          32792  [Lkotlinx.coroutines.scheduling.CoroutineScheduler$Worker;
 651:          2024          32768  [Ljava.nio.file.OpenOption; (java.base@21.0.3)
 652:           814          32560  java.lang.invoke.DirectMethodHandle$Special (java.base@21.0.3)
 653:          1352          32448  java.util.stream.ForEachOps$ForEachOp$OfRef (java.base@21.0.3)
 654:           810          32400  org.opensearch.indices.replication.common.ReplicationLuceneIndex$FileMetadata
 655:           808          32320  org.opensearch.transport.nativeprotocol.NativeOutboundHandler$$Lambda/0x00007fcd29112050
 656:           798          31920  io.netty.handler.ssl.SslHandler$LazyChannelPromise
 657:          1330          31920  java.util.concurrent.CompletableFuture (java.base@21.0.3)
 658:           399          31920  sun.security.ssl.SSLConfiguration (java.base@21.0.3)
 659:          1316          31584  java.util.KeyValueHolder (java.base@21.0.3)
 660:           656          31488  jdk.internal.loader.URLClassPath$JarLoader (java.base@21.0.3)
 661:          1911          30576  java.util.AbstractMap$2 (java.base@21.0.3)
 662:          1910          30560  [Ljava.nio.file.attribute.FileAttribute; (java.base@21.0.3)
 663:           544          30464  org.opensearch.action.support.replication.ReplicationProxyRequest
 664:           544          30464  org.opensearch.action.support.replication.ReplicationProxyRequest$Builder
 665:          1265          30360  org.opensearch.cluster.node.DiscoveryNodeFilters
 666:           539          30184  java.nio.HeapCharBuffer (java.base@21.0.3)
 667:           536          30016  java.io.ObjectOutputStream (java.base@21.0.3)
 668:           622          29856  com.sun.crypto.provider.GaloisCounterMode$AESGCM (java.base@21.0.3)
 669:          1849          29584  java.util.concurrent.Semaphore (java.base@21.0.3)
 670:          1848          29568  org.apache.lucene.codecs.lucene90.Lucene90CompoundFormat
 671:          1848          29568  org.apache.lucene.codecs.lucene90.Lucene90LiveDocsFormat
 672:          1848          29568  org.apache.lucene.codecs.lucene90.Lucene90NormsFormat
 673:          1848          29568  org.apache.lucene.codecs.lucene90.Lucene90StoredFieldsFormat
 674:          1843          29488  org.apache.lucene.codecs.lucene94.Lucene94FieldInfosFormat
 675:          1225          29400  java.net.Inet6Address (java.base@21.0.3)
 676:           459          29376  org.apache.lucene.index.LogByteSizeMergePolicy
 677:          1835          29360  org.apache.lucene.codecs.lucene99.Lucene99SegmentInfoFormat
 678:           458          29312  org.apache.lucene.index.FieldInfos$FieldNumbers
 679:           915          29280  org.opensearch.index.engine.LiveVersionMap$VersionLookup
 680:           457          29248  org.opensearch.index.IndexingSlowLog
 681:          1828          29248  org.opensearch.index.codec.PerFieldMappingPostingFormatCodec$$Lambda/0x00007fcd29272448
 682:          1828          29248  org.opensearch.index.codec.fuzzy.FuzzySetFactory
 683:           914          29248  org.opensearch.index.mapper.FieldTypeLookup
 684:           457          29248  org.opensearch.index.mapper.MapperService
 685:           457          29248  org.opensearch.index.mapper.SourceFieldMapper
 686:           457          29248  org.opensearch.index.shard.RefreshListeners
 687:           457          29248  org.opensearch.index.translog.ReplicationTranslogDeletionPolicy
 688:           914          29248  org.opensearch.index.translog.Translog$Location
 689:           457          29248  org.opensearch.indices.recovery.RecoveryState$Translog
 690:           457          29248  org.opensearch.indices.replication.common.ReplicationLuceneIndex
 691:          1201          28824  [Lsun.security.x509.AVA; (java.base@21.0.3)
 692:          1201          28824  sun.security.x509.AVA (java.base@21.0.3)
 693:          1201          28824  sun.security.x509.RDN (java.base@21.0.3)
 694:           399          28728  sun.security.ssl.SSLEngineOutputRecord (java.base@21.0.3)
 695:          1080          28464  [Ljava.lang.reflect.Type; (java.base@21.0.3)
 696:          1143          28120  [Ljava.lang.reflect.Constructor; (java.base@21.0.3)
 697:           438          28032  org.apache.lucene.util.packed.MonotonicLongValues$Builder
 698:           583          27984  sun.security.util.MemoryCache$SoftCacheEntry (java.base@21.0.3)
 699:          1154          27696  java.util.concurrent.ConcurrentLinkedQueue (java.base@21.0.3)
 700:          1148          27552  sun.reflect.annotation.AnnotationInvocationHandler (java.base@21.0.3)
 701:           678          27120  org.opensearch.core.common.bytes.PagedBytesReference$1
 702:           256          26624  io.netty.buffer.PoolArena$HeapArena
 703:          1108          26592  [Lio.netty.util.concurrent.GenericFutureListener;
 704:          1108          26592  io.netty.util.concurrent.DefaultFutureListeners
 705:          1642          26272  org.opensearch.common.inject.util.Providers$1
 706:          1641          26256  org.opensearch.common.inject.internal.InternalFactory$Instance
 707:           656          26240  java.io.RandomAccessFile (java.base@21.0.3)
 708:          1089          26136  org.opensearch.monitor.jvm.JvmStats$Threads
 709:           542          26016  org.apache.lucene.analysis.StopFilter
 710:          1080          25920  com.google.common.base.Predicates$CompositionPredicate
 711:          1080          25920  com.google.common.collect.Sets$FilteredSet
 712:          1080          25920  org.opensearch.common.util.concurrent.ThreadContext$$Lambda/0x00007fcd290f3db8
 713:          1080          25920  org.opensearch.security.transport.SecurityInterceptor$$Lambda/0x00007fcd29187298
 714:          1080          25920  org.opensearch.security.transport.SecurityInterceptor$RestoringTransportResponseHandler
 715:          1080          25920  org.opensearch.transport.Transport$ResponseContext
 716:          1080          25920  org.opensearch.transport.TransportService$ContextRestoreResponseHandler
 717:           647          25880  org.opensearch.action.admin.cluster.node.info.NodeInfo
 718:           808          25856  com.google.common.collect.Iterators$5
 719:          1616          25856  com.sun.management.internal.OperatingSystemImpl$ProcessCpuTicks$$Lambda/0x00007fcd284deb48 (jdk.management@21.0.3)
 720:           646          25840  java.lang.invoke.DirectMethodHandle$Interface (java.base@21.0.3)
 721:           645          25800  org.opensearch.action.admin.cluster.node.info.NodesInfoRequest
 722:           537          25776  org.opensearch.node.ResourceUsageCollectorService$$Lambda/0x00007fcd293ba688
 723:           536          25728  org.opensearch.transport.TransportService$TimeoutHandler
 724:          1070          25680  org.opensearch.security.filter.SecurityRestFilter$AuthczRestHandler
 725:           401          25664  io.netty.channel.ChannelOutboundBuffer
 726:           401          25664  io.netty.channel.DefaultChannelPipeline$HeadContext
 727:           458          25648  org.apache.lucene.index.DocumentsWriter
 728:           458          25648  org.apache.lucene.index.IndexFileDeleter
 729:           458          25648  org.apache.lucene.index.ReaderPool
 730:          1068          25632  org.apache.lucene.util.AttributeSource$State
 731:           400          25600  jdk.internal.org.objectweb.asm.FieldWriter (java.base@21.0.3)
 732:           457          25592  org.apache.lucene.analysis.miscellaneous.ASCIIFoldingFilter
 733:           457          25592  org.opensearch.index.engine.CombinedDeletionPolicy
 734:           457          25592  org.opensearch.index.store.Store
 735:           457          25592  org.opensearch.indices.recovery.RecoveryState
 736:           457          25592  org.opensearch.indices.recovery.RecoveryState$VerifyIndex
 737:           399          25536  io.netty.channel.socket.nio.NioSocketChannel$NioSocketChannelConfig
 738:          1582          25312  com.fasterxml.jackson.databind.introspect.AnnotationMap
 739:           790          25280  org.opensearch.painless.lookup.PainlessField
 740:           790          25280  org.opensearch.painless.spi.WhitelistField
 741:           209          25080  java.lang.Thread (java.base@21.0.3)
 742:          1042          25008  org.bouncycastle.asn1.ASN1ObjectIdentifier
 743:           623          24920  org.opensearch.transport.RequestHandlerRegistry
 744:           518          24864  org.apache.lucene.analysis.CharArrayMap
 745:           773          24736  java.lang.invoke.MethodHandles$Lookup (java.base@21.0.3)
 746:          1523          24368  java.util.concurrent.atomic.AtomicReferenceArray (java.base@21.0.3)
 747:          1521          24336  org.opensearch.common.settings.Setting$SimpleKey
 748:           272          23936  org.opensearch.action.support.replication.ReplicationOperation
 749:           373          23872  jdk.internal.org.objectweb.asm.SymbolTable (java.base@21.0.3)
 750:           993          23832  jdk.internal.reflect.DirectConstructorHandleAccessor (java.base@21.0.3)
 751:          1479          23664  org.opensearch.security.support.WildcardMatcher$Exact
 752:           722          23608  [Lio.netty.buffer.CompositeByteBuf$Component;
 753:           979          23496  org.apache.lucene.util.packed.PackedInts$FormatAndBits
 754:           483          23184  org.opensearch.action.admin.cluster.node.tasks.list.ListTasksRequest
 755:          1424          22784  org.opensearch.security.support.WildcardMatcher$SimpleMatcher
 756:           711          22752  io.netty.util.internal.RecyclableArrayList
 757:           704          22528  javax.crypto.Cipher$Transform (java.base@21.0.3)
 758:           469          22512  org.apache.lucene.index.CompositeReaderContext
 759:           401          22456  io.netty.channel.DefaultChannelPipeline$TailContext
 760:           400          22400  io.netty.channel.FixedRecvByteBufAllocator$HandleImpl
 761:           399          22344  java.util.zip.ZipFile$ZipFileInputStream (java.base@21.0.3)
 762:           399          22344  org.opensearch.transport.InboundPipeline
 763:           399          22344  sun.security.ssl.SSLCipher$T13GcmReadCipherGenerator$GcmReadCipher (java.base@21.0.3)
 764:           399          22344  sun.security.ssl.SSLCipher$T13GcmWriteCipherGenerator$GcmWriteCipher (java.base@21.0.3)
 765:           461          22128  org.opensearch.common.settings.IndexScopedSettings
 766:           920          22080  org.opensearch.core.common.text.Text
 767:           459          22032  java.util.concurrent.ArrayBlockingQueue (java.base@21.0.3)
 768:           458          21984  org.apache.lucene.index.BufferedUpdates
 769:           458          21984  org.apache.lucene.index.DocumentsWriter$$Lambda/0x00007fcd290cac10
 770:           458          21984  org.apache.lucene.index.IndexFileDeleter$CommitPoint
 771:          1372          21952  java.util.regex.Pattern$BranchConn (java.base@21.0.3)
 772:           457          21936  org.apache.lucene.index.SoftDeletesRetentionMergePolicy
 773:           457          21936  org.apache.lucene.store.MMapDirectory
 774:           914          21936  org.opensearch.common.util.concurrent.KeyedLock
 775:           457          21936  org.opensearch.index.IndexService$AsyncGlobalCheckpointTask
 776:           457          21936  org.opensearch.index.IndexService$AsyncRefreshTask
 777:           457          21936  org.opensearch.index.IndexService$AsyncRetentionLeaseSyncTask
 778:           457          21936  org.opensearch.index.IndexService$AsyncTrimTranslogTask
 779:           914          21936  org.opensearch.index.analysis.FieldNameAnalyzer
 780:           914          21936  org.opensearch.index.engine.LiveVersionMap$Maps
 781:           457          21936  org.opensearch.index.engine.SoftDeletesPolicy
 782:           457          21936  org.opensearch.index.fielddata.IndexFieldDataService
 783:           457          21936  org.opensearch.index.get.ShardGetService
 784:           457          21936  org.opensearch.index.mapper.DocumentMapperParser
 785:           914          21936  org.opensearch.index.mapper.DocumentParser
 786:           914          21936  org.opensearch.index.mapper.DynamicKeyFieldTypeLookup
 787:           457          21936  org.opensearch.index.store.DirectoryFileTransferTracker
 788:           457          21936  org.opensearch.index.store.FsDirectoryFactory$HybridDirectory
 789:           457          21936  org.opensearch.index.translog.InternalTranslogManager
 790:           457          21936  org.opensearch.indices.replication.common.ReplicationTimer
 791:           455          21840  java.lang.invoke.DirectMethodHandle$Accessor (java.base@21.0.3)
 792:           272          21760  org.opensearch.action.support.replication.ReplicationOperation$3
 793:           679          21728  java.util.zip.ZipFile$CleanableResource (java.base@21.0.3)
 794:           905          21720  org.opensearch.sql.expression.function.FunctionSignature
 795:           904          21696  org.apache.lucene.util.packed.DirectReader$DirectPackedReader2
 796:           678          21696  org.opensearch.core.common.bytes.PagedBytesReference
 797:           338          21632  sun.security.ssl.CipherSuite (java.base@21.0.3)
 798:           536          21440  java.io.DataOutputStream (java.base@21.0.3)
 799:           536          21440  java.io.ObjectOutputStream$BlockDataOutputStream (java.base@21.0.3)
 800:           536          21440  org.apache.lucene.analysis.LowerCaseFilter
 801:           890          21360  org.opensearch.common.inject.InternalFactoryToProviderAdapter
 802:           890          21360  org.opensearch.common.inject.ProviderToInternalFactoryAdapter
 803:           890          21360  org.opensearch.common.inject.Scopes$1$1
 804:           667          21344  java.io.File (java.base@21.0.3)
 805:           665          21280  java.util.PropertyPermission (java.base@21.0.3)
 806:           879          21096  java.util.regex.Pattern$SliceI (java.base@21.0.3)
 807:           876          21024  sun.security.provider.PolicyFile$PolicyEntry (java.base@21.0.3)
 808:           523          20920  org.opensearch.action.support.tasks.TransportTasksAction$1
 809:           653          20896  sun.reflect.generics.repository.ClassRepository (java.base@21.0.3)
 810:           869          20856  java.lang.Class$AnnotationData (java.base@21.0.3)
 811:           866          20784  org.opensearch.common.inject.multibindings.RealElement
 812:           429          20592  org.apache.lucene.util.packed.MonotonicLongValues
 813:           849          20376  org.apache.lucene.util.packed.DirectReader$DirectPackedReader24
 814:           849          20376  sun.reflect.generics.factory.CoreReflectionFactory (java.base@21.0.3)
 815:           636          20352  org.opensearch.core.ParseField
 816:           624          19968  io.netty.buffer.PoolThreadCache$SubPageMemoryRegionCache
 817:           831          19944  sun.reflect.generics.reflectiveObjects.ParameterizedTypeImpl (java.base@21.0.3)
 818:           622          19904  com.sun.crypto.provider.AESCrypt (java.base@21.0.3)
 819:           475          19800  [Lorg.opensearch.common.inject.SingleParameterInjector;
 820:           246          19680  org.apache.logging.log4j.core.util.datetime.FixedDateFormat
 821:          1220          19520  java.util.regex.Pattern$BitClass (java.base@21.0.3)
 822:          1213          19408  java.io.ObjectStreamClass$$Lambda/0x00007fcd29178028 (java.base@21.0.3)
 823:           401          19248  io.netty.channel.AbstractChannel$CloseFuture
 824:           401          19248  io.netty.channel.DefaultChannelPipeline
 825:           802          19248  io.netty.channel.VoidChannelPromise
 826:           401          19248  sun.nio.ch.SelectionKeyImpl (java.base@21.0.3)
 827:           798          19152  io.netty.handler.ssl.SslHandler$SslTasksRunner
 828:           399          19152  java.util.zip.ZipFile$ZipFileInflaterInputStream (java.base@21.0.3)
 829:           399          19152  sun.nio.ch.SocketAdaptor (java.base@21.0.3)
 830:           399          19152  sun.security.ssl.SSLEngineInputRecord (java.base@21.0.3)
 831:           472          18880  java.util.concurrent.CompletableFuture$UniWhenComplete (java.base@21.0.3)
 832:           472          18880  org.opensearch.common.settings.Setting$1
 833:          1168          18688  org.apache.lucene.util.RamUsageEstimator$$Lambda/0x00007fcd281dae50
 834:            32          18432  io.netty.util.internal.shaded.org.jctools.queues.atomic.MpscUnboundedAtomicArrayQueue
 835:           459          18360  org.opensearch.index.OpenSearchTieredMergePolicy
 836:           459          18360  sun.nio.ch.FileLockImpl (java.base@21.0.3)
 837:           458          18320  org.apache.lucene.index.BufferedUpdatesStream
 838:           458          18320  org.apache.lucene.util.ByteBlockPool
 839:           457          18280  org.opensearch.action.admin.indices.flush.FlushRequest
 840:           457          18280  org.opensearch.index.cache.bitset.BitsetFilterCache
 841:           457          18280  org.opensearch.index.engine.InternalEngine$ExternalReaderManager
 842:           457          18280  org.opensearch.index.engine.PrunePostingsMergePolicy
 843:           457          18280  org.opensearch.index.engine.RecoverySourcePruneMergePolicy
 844:           457          18280  org.opensearch.index.mapper.DataStreamFieldMapper
 845:           457          18280  org.opensearch.index.mapper.FieldNamesFieldMapper
 846:           457          18280  org.opensearch.index.mapper.FieldNamesFieldMapper$FieldNamesFieldType
 847:           457          18280  org.opensearch.index.mapper.IdFieldMapper$IdFieldType
 848:           457          18280  org.opensearch.index.mapper.Mapper$TypeParser$ParserContext
 849:           457          18280  org.opensearch.index.mapper.RoutingFieldMapper
 850:           457          18280  org.opensearch.index.mapper.SourceFieldMapper$SourceFieldType
 851:           457          18280  org.opensearch.index.shard.GlobalCheckpointListeners
 852:           457          18280  org.opensearch.index.shard.IndexShard$7
 853:           457          18280  org.opensearch.index.shard.IndexShardOperationPermits
 854:           457          18280  org.opensearch.index.shard.InternalIndexingStats$StatsHolder
 855:           457          18280  org.opensearch.index.shard.OpenSearchMergePolicy
 856:           457          18280  org.opensearch.index.store.ByteSizeCachingDirectory
 857:           457          18280  org.opensearch.index.store.ByteSizeCachingDirectory$1
 858:           457          18280  org.opensearch.index.translog.TranslogConfig
 859:           441          17640  org.opensearch.indices.replication.common.ReplicationCollection$ReplicationMonitor
 860:           548          17536  java.util.ImmutableCollections$ListItr (java.base@21.0.3)
 861:           545          17440  org.apache.lucene.analysis.ReusableStringReader
 862:          1089          17424  org.opensearch.monitor.jvm.JvmStats$GarbageCollectors
 863:           544          17408  org.opensearch.transport.TransportService$9
 864:          1081          17296  java.lang.management.DefaultPlatformMBeanProvider$10$$Lambda/0x00007fcd284dfd38 (java.management@21.0.3)
 865:          1081          17296  org.opensearch.telemetry.tracing.attributes.Attributes
 866:          1080          17280  org.opensearch.security.transport.SecurityInterceptor$$Lambda/0x00007fcd29132e48
 867:          1080          17280  org.opensearch.security.transport.SecurityInterceptor$$Lambda/0x00007fcd291864b8
 868:           715          17160  java.time.format.DateTimeFormatterBuilder$DefaultValueParser (java.base@21.0.3)
 869:           536          17152  org.opensearch.cluster.coordination.FollowersChecker$FollowerCheckRequest
 870:           713          17112  java.util.zip.Inflater$InflaterZStreamRef (java.base@21.0.3)
 871:          1066          17056  org.opensearch.common.inject.Initializables$1
 872:           710          17040  sun.reflect.generics.scope.ClassScope (java.base@21.0.3)
 873:           709          17016  sun.security.jca.ServiceId (java.base@21.0.3)
 874:           111          16872  org.opensearch.monitor.fs.FsInfo$DeviceStats
 875:           685          16440  com.fasterxml.jackson.databind.introspect.MemberKey
 876:           683          16392  org.opensearch.rest.RestMethodHandlers
 877:          1024          16384  org.apache.logging.log4j.message.ReusableSimpleMessage
 878:           338          16224  sun.security.x509.X500Name (java.base@21.0.3)
 879:           289          16184  java.lang.invoke.BoundMethodHandle$Species_LLLLL (java.base@21.0.3)
 880:           672          16128  io.netty.buffer.IntPriorityQueue
 881:           250          16000  java.lang.invoke.BoundMethodHandle$Species_LLLLLLL (java.base@21.0.3)
 882:           399          15960  io.netty.channel.socket.nio.NioSocketChannel$NioSocketChannelUnsafe
 883:           665          15960  java.util.ImmutableCollections$Set12 (java.base@21.0.3)
 884:           399          15960  jdk.internal.loader.URLClassPath$JarLoader$2 (java.base@21.0.3)
 885:           399          15960  org.opensearch.transport.InboundAggregator
 886:           399          15960  org.opensearch.transport.InboundDecoder
 887:           399          15960  org.opensearch.transport.netty4.Netty4TcpChannel
 888:           656          15744  java.util.zip.ZipFile$Source$Key (java.base@21.0.3)
 889:           327          15696  sun.nio.fs.UnixFileStoreAttributes (java.base@21.0.3)
 890:           653          15672  java.util.ImmutableCollections$MapN$MapNIterator (java.base@21.0.3)
 891:           653          15672  sun.reflect.generics.tree.ClassSignature (java.base@21.0.3)
 892:           487          15584  com.google.common.collect.RegularImmutableSet
 893:           487          15584  java.util.concurrent.CountDownLatch$Sync (java.base@21.0.3)
 894:           972          15552  org.opensearch.cluster.NodeConnectionsService$ConnectionTarget$$Lambda/0x00007fcd293a5658
 895:           486          15552  org.opensearch.common.inject.ConstructorInjector
 896:           486          15552  org.opensearch.common.inject.MembersInjectorImpl
 897:           645          15480  org.opensearch.action.admin.cluster.node.info.TransportNodesInfoAction$NodeInfoRequest
 898:           645          15480  org.opensearch.common.settings.Settings$Builder
 899:           645          15480  org.opensearch.transport.TransportInfo
 900:           626          15456  [[I (java.base@21.0.3)
 901:           483          15456  org.opensearch.action.support.tasks.TransportTasksAction$NodeTaskRequest
 902:           483          15456  org.opensearch.action.support.tasks.TransportTasksAction$NodeTasksResponse
 903:           643          15432  org.opensearch.http.HttpInfo
 904:           317          15216  java.lang.invoke.MethodHandleImpl$AsVarargsCollector (java.base@21.0.3)
 905:           634          15216  java.util.ImmutableCollections$SetN (java.base@21.0.3)
 906:           825          14960  [Lsun.reflect.generics.tree.FormalTypeParameter; (java.base@21.0.3)
 907:           623          14952  org.opensearch.indexmanagement.rollup.interceptor.RollupInterceptor$interceptHandler$1
 908:           623          14952  org.opensearch.performanceanalyzer.transport.PerformanceAnalyzerTransportRequestHandler
 909:           623          14952  org.opensearch.security.OpenSearchSecurityPlugin$6$1
 910:           373          14920  org.opensearch.common.util.BigArrays$LongArrayWrapper
 911:           265          14840  sun.util.calendar.ZoneInfo (java.base@21.0.3)
 912:           417          14816  [Ljava.time.format.DateTimeFormatterBuilder$DateTimePrinterParser; (java.base@21.0.3)
 913:           461          14752  com.fasterxml.jackson.databind.introspect.AnnotatedField
 914:           914          14696  [Lorg.opensearch.index.mapper.DynamicTemplate;
 915:           459          14688  java.util.concurrent.Semaphore$FairSync (java.base@21.0.3)
 916:           459          14688  org.apache.lucene.store.NativeFSLockFactory$NativeFSLock
 917:           459          14688  sun.nio.ch.FileKey (java.base@21.0.3)
 918:           459          14688  sun.nio.ch.FileLockTable$FileLockReference (java.base@21.0.3)
 919:           141          14664  org.opensearch.security.configuration.DlsFlsFilterLeafReader
 920:           458          14656  org.apache.lucene.index.BufferedUpdates$DeletedTerms
 921:           458          14656  org.apache.lucene.index.BufferedUpdatesStream$FinishedSegments
 922:           458          14656  org.apache.lucene.index.DocumentsWriterPerThreadPool
 923:           458          14656  org.apache.lucene.index.IndexWriter$EventQueue
 924:           916          14656  org.apache.lucene.util.Counter$AtomicCounter
 925:           458          14656  org.apache.lucene.util.FrequencyTrackingRingBuffer
 926:           457          14624  org.apache.lucene.document.NumericDocValuesField
 927:           457          14624  org.apache.lucene.index.ShuffleForcedMergePolicy
 928:           457          14624  org.opensearch.action.support.replication.PendingReplicationActions
 929:           457          14624  org.opensearch.analysis.common.FingerprintAnalyzer
 930:           457          14624  org.opensearch.env.NodeEnvironment$1
 931:           457          14624  org.opensearch.env.NodeEnvironment$InternalShardLock
 932:           457          14624  org.opensearch.index.cache.IndexCache
 933:           457          14624  org.opensearch.index.cache.bitset.ShardBitsetFilterCache
 934:           457          14624  org.opensearch.index.cache.request.ShardRequestCache
 935:           457          14624  org.opensearch.index.engine.Engine$IndexThrottle
 936:           457          14624  org.opensearch.index.engine.LiveVersionMap
 937:           457          14624  org.opensearch.index.mapper.DocCountFieldMapper
 938:           457          14624  org.opensearch.index.mapper.IdFieldMapper
 939:           457          14624  org.opensearch.index.mapper.IgnoredFieldMapper
 940:           457          14624  org.opensearch.index.mapper.IndexFieldMapper
 941:           457          14624  org.opensearch.index.mapper.RankFeatureMetaFieldMapper
 942:           457          14624  org.opensearch.index.mapper.SeqNoFieldMapper
 943:           457          14624  org.opensearch.index.mapper.VersionFieldMapper
 944:           457          14624  org.opensearch.index.seqno.LocalCheckpointTracker
 945:           457          14624  org.opensearch.index.shard.IndexShard$RefreshMetricUpdater
 946:           457          14624  org.opensearch.index.shard.ShardPath
 947:           457          14624  org.opensearch.index.similarity.SimilarityService
 948:           457          14624  org.opensearch.index.store.ByteSizeCachingDirectory$SizeAndModCount
 949:           457          14624  org.opensearch.index.translog.TranslogHeader
 950:           457          14624  org.opensearch.index.warmer.ShardIndexWarmerService
 951:           365          14600  org.opensearch.painless.spi.WhitelistClass
 952:           456          14592  java.lang.invoke.MethodHandleNatives$CallSiteContext (java.base@21.0.3)
 953:           596          14304  java.util.regex.Pattern$CharPropertyGreedy (java.base@21.0.3)
 954:           222          14208  org.opensearch.monitor.fs.FsInfo$Path
 955:           352          14080  java.time.format.DateTimeFormatter (java.base@21.0.3)
 956:           351          14040  java.security.ProtectionDomain (java.base@21.0.3)
 957:           561          13904  [Ljava.security.cert.Certificate; (java.base@21.0.3)
 958:           433          13856  org.opensearch.common.inject.FactoryProxy
 959:           866          13856  org.opensearch.common.inject.Key$AnnotationInstanceStrategy
 960:           433          13856  org.opensearch.core.xcontent.ObjectParser$FieldParser
 961:           288          13824  io.netty.util.ResourceLeakDetector$DefaultResourceLeak
 962:           288          13824  io.netty.util.ResourceLeakDetector$TraceRecord
 963:           576          13824  java.util.LinkedHashMap$LinkedEntrySet (java.base@21.0.3)
 964:           576          13824  java.util.stream.MatchOps$$Lambda/0x00007fcd284c32f8 (java.base@21.0.3)
 965:           576          13824  java.util.stream.MatchOps$MatchOp (java.base@21.0.3)
 966:           118          13704  [Lorg.tartarus.snowball.Among;
 967:           423          13536  org.apache.lucene.index.TermsEnumIndex
 968:           563          13512  java.util.ImmutableCollections$List12 (java.base@21.0.3)
 969:           560          13440  java.security.BasicPermissionCollection (java.base@21.0.3)
 970:           335          13400  java.lang.ClassNotFoundException (java.base@21.0.3)
 971:           557          13368  java.security.SecurityPermission (java.base@21.0.3)
 972:           165          13200  sun.security.x509.X509CertImpl (java.base@21.0.3)
 973:           205          13120  io.netty.util.concurrent.ScheduledFutureTask
 974:           164          13120  java.net.URI (java.base@21.0.3)
 975:           545          13080  [Lorg.apache.lucene.util.AttributeSource$State;
 976:           545          13080  org.apache.lucene.analysis.Analyzer$TokenStreamComponents
 977:           545          13080  org.opensearch.transport.TransportRequestOptions
 978:           817          13072  org.opensearch.common.concurrent.CompletableContext
 979:           544          13056  org.opensearch.index.IndexService$$Lambda/0x00007fcd293a6558
 980:           544          13056  org.opensearch.index.IndexService$$Lambda/0x00007fcd293a6998
 981:           272          13056  org.opensearch.index.seqno.ReplicationTracker$$Lambda/0x00007fcd293a7908
 982:           816          13056  org.opensearch.index.shard.IndexShard$$Lambda/0x00007fcd29388478
 983:           537          12888  org.opensearch.common.util.concurrent.AtomicArray
 984:           536          12864  java.io.ObjectOutputStream$ReplaceTable (java.base@21.0.3)
 985:           536          12864  java.net.InetAddress (java.base@21.0.3)
 986:           536          12864  org.opensearch.cluster.coordination.LeaderChecker$LeaderCheckRequest
 987:           402          12864  org.opensearch.indices.fielddata.cache.IndicesFieldDataCache$IndexFieldCache$$Lambda/0x00007fcd29201208
 988:           402          12864  org.opensearch.indices.fielddata.cache.IndicesFieldDataCache$Key
 989:           536          12864  org.opensearch.monitor.StatusInfo
 990:           536          12864  org.opensearch.transport.TransportRequestOptions$Builder
 991:           401          12832  io.netty.channel.DefaultChannelId
 992:           401          12832  sun.nio.ch.DummySocketImpl (java.base@21.0.3)
 993:           399          12768  io.netty.handler.ssl.SslHandler$SslHandlerCoalescingBufferQueue
 994:           798          12768  io.netty.handler.ssl.SslHandler$SslTasksRunner$1
 995:           399          12768  java.util.regex.Pattern$Curly (java.base@21.0.3)
 996:           399          12768  org.opensearch.transport.nativeprotocol.NativeInboundBytesHandler
 997:           399          12768  org.opensearch.transport.netty4.Netty4MessageChannelHandler
 998:           399          12768  org.opensearch.transport.netty4.OpenSearchLoggingHandler
 999:           798          12768  sun.security.ssl.Authenticator$TLS13Authenticator (java.base@21.0.3)
1000:           399          12768  sun.security.ssl.SSLEngineImpl (java.base@21.0.3)
1001:           525          12584  [Lorg.opensearch.tasks.Task;
1002:           522          12528  java.util.concurrent.ConcurrentHashMap$MapEntry (java.base@21.0.3)
1003:             3          12496  [Ljava.util.concurrent.RunnableScheduledFuture; (java.base@21.0.3)
1004:           260          12480  java.lang.invoke.BoundMethodHandle$Species_LLL (java.base@21.0.3)
1005:           520          12480  java.util.stream.ReduceOps$2 (java.base@21.0.3)
1006:           520          12480  java.util.stream.ReduceOps$2ReducingSink (java.base@21.0.3)
1007:           120          12480  org.apache.logging.log4j.core.impl.MutableLogEvent
1008:           387          12384  org.apache.lucene.util.packed.PackedLongValues$Iterator
1009:           500          12000  org.opensearch.cluster.metadata.IndexGraveyard$Tombstone
1010:           498          11952  sun.security.x509.AlgorithmId (java.base@21.0.3)
1011:           373          11936  java.lang.invoke.MethodHandles$Lookup$ClassDefiner (java.base@21.0.3)
1012:           247          11856  sun.nio.cs.UTF_8$Encoder (java.base@21.0.3)
1013:           488          11712  org.opensearch.securityanalytics.model.LogType$Mapping
1014:           486          11664  org.opensearch.common.inject.DefaultConstructionProxyFactory$1
1015:           486          11664  org.opensearch.common.inject.spi.InjectionPoint
1016:           483          11592  java.util.function.Consumer$$Lambda/0x00007fcd29179e90 (java.base@21.0.3)
1017:           483          11592  org.opensearch.action.support.tasks.TransportTasksAction$NodeTransportHandler$$Lambda/0x00007fcd2923fa70
1018:           653          11576  [Lsun.reflect.generics.tree.ClassTypeSignature; (java.base@21.0.3)
1019:           481          11544  java.util.regex.Pattern$$Lambda/0x80000002b (java.base@21.0.3)
1020:           477          11464  [Lorg.apache.lucene.index.DocValuesType;
1021:           476          11424  org.opensearch.security.support.WildcardMatcher$MatcherCombiner
1022:           531          11360  [Lsun.reflect.generics.tree.FieldTypeSignature; (java.base@21.0.3)
1023:           469          11256  org.opensearch.index.recovery.RecoveryStats
1024:           338          11216  [Lsun.security.x509.RDN; (java.base@21.0.3)
1025:           347          11104  org.opensearch.index.fielddata.ordinals.GlobalOrdinalMapping
1026:           461          11064  [Ljava.io.Closeable; (java.base@21.0.3)
1027:           459          11016  org.apache.lucene.search.similarities.BM25Similarity
1028:           459          11016  org.opensearch.index.LogByteSizeMergePolicyProvider
1029:           459          11016  org.opensearch.index.MergeSchedulerConfig
1030:           459          11016  org.opensearch.index.TieredMergePolicyProvider
1031:           459          11016  org.opensearch.index.remote.RemoteStorePathStrategy
1032:           459          11016  sun.nio.ch.FileLockTable (java.base@21.0.3)
1033:           458          10992  org.apache.lucene.index.ConcurrentApproximatePriorityQueue
1034:           458          10992  org.apache.lucene.index.DocumentsWriterDeleteQueue$DeleteSlice
1035:           458          10992  org.apache.lucene.index.DocumentsWriterDeleteQueue$Node
1036:           458          10992  org.apache.lucene.index.DocumentsWriterFlushQueue
1037:           458          10992  org.apache.lucene.index.DocumentsWriterStallControl
1038:           458          10992  org.apache.lucene.index.FlushByRamOrCountsPolicy
1039:           458          10992  org.apache.lucene.index.IndexWriter$AddIndexesMergeSource
1040:           458          10992  org.apache.lucene.index.IndexWriter$Merges
1041:           458          10992  org.apache.lucene.index.LockableConcurrentApproximatePriorityQueue
1042:           458          10992  org.apache.lucene.store.LockValidatingDirectoryWrapper
1043:           458          10992  org.apache.lucene.util.ByteBlockPool$DirectTrackingAllocator
1044:           458          10992  org.apache.lucene.util.Counter$SerialCounter
1045:           458          10992  org.apache.lucene.util.FileDeleter
1046:           458          10992  org.apache.lucene.util.FrequencyTrackingRingBuffer$IntBag
1047:           458          10992  org.opensearch.index.engine.SafeCommitInfo
1048:           343          10976  com.fasterxml.jackson.databind.util.internal.PrivateMaxEntriesMap$Node
1049:           457          10968  [Lorg.apache.lucene.search.ReferenceManager$RefreshListener;
1050:           457          10968  org.apache.lucene.index.SoftDeletesRetentionMergePolicy$$Lambda/0x00007fcd2930d820
1051:           457          10968  org.apache.lucene.index.StandardDirectoryReader$3
1052:           457          10968  org.opensearch.common.lucene.LoggerInfoStream
1053:           457          10968  org.opensearch.common.lucene.index.OpenSearchDirectoryReader$DelegatingCacheHelper
1054:           457          10968  org.opensearch.common.lucene.index.OpenSearchDirectoryReader$DelegatingCacheKey
1055:           457          10968  org.opensearch.index.CompositeIndexEventListener
1056:           457          10968  org.opensearch.index.IndexService$$Lambda/0x00007fcd2926e4d8
1057:           457          10968  org.opensearch.index.IndexService$$Lambda/0x00007fcd2926efb8
1058:           457          10968  org.opensearch.index.IndexService$$Lambda/0x00007fcd29271518
1059:           457          10968  org.opensearch.index.IndexService$FieldDataCacheListener
1060:           457          10968  org.opensearch.index.IndexService$StoreCloseListener
1061:           457          10968  org.opensearch.index.IndexWarmer$FieldDataWarmer
1062:           457          10968  org.opensearch.index.analysis.IndexAnalyzers
1063:           457          10968  org.opensearch.index.analysis.LowercaseNormalizer
1064:           457          10968  org.opensearch.index.cache.bitset.BitsetFilterCache$BitSetProducerWarmer
1065:           457          10968  org.opensearch.index.engine.CompletionStatsCache
1066:           457          10968  org.opensearch.index.engine.EngineConfigFactory
1067:           457          10968  org.opensearch.index.engine.InternalEngine$LastRefreshedCheckpointListener
1068:           457          10968  org.opensearch.index.engine.InternalEngine$RefreshWarmerListener
1069:           457          10968  org.opensearch.index.engine.OpenSearchReaderManager
1070:           457          10968  org.opensearch.index.engine.RecoverySourcePruneMergePolicy$$Lambda/0x00007fcd29310000
1071:           457          10968  org.opensearch.index.fielddata.ShardFieldData
1072:           457          10968  org.opensearch.index.search.stats.ShardSearchStats
1073:           457          10968  org.opensearch.index.shard.IndexShard$$Lambda/0x00007fcd292736d8
1074:           457          10968  org.opensearch.index.shard.IndexShard$$Lambda/0x00007fcd29275c68
1075:           457          10968  org.opensearch.index.shard.IndexShard$10
1076:           457          10968  org.opensearch.index.shard.IndexShard$RefreshPendingLocationListener
1077:           457          10968  org.opensearch.index.shard.IndexShard$ShardEventListener
1078:           457          10968  org.opensearch.index.shard.IndexingOperationListener$CompositeListener
1079:           457          10968  org.opensearch.index.shard.SearchOperationListener$CompositeListener
1080:           457          10968  org.opensearch.index.similarity.SimilarityService$PerFieldSimilarity
1081:           457          10968  org.opensearch.index.store.RemoteStoreFileDownloader
1082:           457          10968  org.opensearch.index.store.Store$1
1083:           457          10968  org.opensearch.index.store.Store$StoreDirectory
1084:           457          10968  org.opensearch.index.translog.InternalTranslogManager$$Lambda/0x00007fcd292ca1c8
1085:           457          10968  org.opensearch.index.translog.ReplicationTranslogDeletionPolicy$$Lambda/0x00007fcd29001410
1086:           457          10968  org.opensearch.index.translog.ReplicationTranslogDeletionPolicy$$Lambda/0x00007fcd29002590
1087:           457          10968  org.opensearch.index.translog.listener.CompositeTranslogEventListener
1088:           457          10968  org.opensearch.indices.IndicesService$$Lambda/0x00007fcd2926cd10
1089:           457          10968  org.opensearch.indices.replication.common.ReplicationLuceneIndex$FilesDetails
1090:           457          10968  org.opensearch.security.OpenSearchSecurityPlugin$$Lambda/0x00007fcd2924b720
1091:           457          10968  org.opensearch.security.OpenSearchSecurityPlugin$4
1092:           457          10968  org.opensearch.security.OpenSearchSecurityPlugin$5
1093:           457          10968  org.opensearch.security.compliance.ComplianceIndexingOperationListenerImpl
1094:           274          10960  java.lang.ref.Finalizer (java.base@21.0.3)
1095:           683          10928  java.lang.Byte (java.base@21.0.3)
1096:           341          10912  jdk.internal.math.FDBigInteger (java.base@21.0.3)
1097:           341          10912  org.opensearch.common.settings.Setting$IntegerParser
1098:           272          10880  org.opensearch.action.support.replication.TransportReplicationAction$ConcreteShardRequest
1099:           272          10880  org.opensearch.transport.TransportService$7
1100:           272          10880  org.opensearch.transport.TransportService$DirectResponseChannel
1101:           194          10864  java.lang.invoke.BoundMethodHandle$Species_LLLLLL (java.base@21.0.3)
1102:           672          10752  org.apache.lucene.analysis.CharArraySet
1103:           446          10704  io.netty.util.internal.logging.LocationAwareSlf4JLogger
1104:           446          10704  java.util.concurrent.ConcurrentSkipListMap$Node (java.base@21.0.3)
1105:           264          10560  sun.security.util.KnownOIDs (java.base@21.0.3)
1106:           262          10480  java.lang.Thread$FieldHolder (java.base@21.0.3)
1107:           654          10464  java.util.ImmutableCollections$MapN$1 (java.base@21.0.3)
1108:           327          10464  sun.reflect.generics.reflectiveObjects.TypeVariableImpl (java.base@21.0.3)
1109:           326          10432  org.opensearch.search.aggregations.bucket.terms.GlobalOrdinalsStringTermsAggregator$4
1110:           433          10392  org.opensearch.common.inject.InjectorImpl$4
1111:           433          10392  org.opensearch.common.inject.multibindings.MapBinder$RealMapBinder$MapEntry
1112:           433          10392  org.opensearch.common.inject.spi.ProviderLookup
1113:           433          10392  org.opensearch.plugins.ActionPlugin$ActionHandler
1114:           645          10320  org.opensearch.common.settings.SettingsFilter$$Lambda/0x00007fcd292258b0
1115:           643          10288  org.opensearch.ingest.IngestInfo
1116:           643          10288  org.opensearch.search.pipeline.SearchPipelineInfo
1117:           416          10248  [Lorg.opensearch.sql.data.type.ExprType;
1118:           640          10240  java.security.SecureClassLoader$CodeSourceKey (java.base@21.0.3)
1119:           423          10152  org.opensearch.core.xcontent.ObjectParser$$Lambda/0x00007fcd28487698
1120:           423          10152  org.opensearch.index.fielddata.plain.SortedSetBytesLeafFieldData
1121:           181          10136  java.lang.Module (java.base@21.0.3)
1122:           408          10120  [Lorg.opensearch.common.settings.Setting$Property;
1123:           417          10008  java.time.format.DateTimeFormatterBuilder$CompositePrinterParser (java.base@21.0.3)
1124:           414           9936  org.opensearch.sql.expression.function.FunctionDSL$$Lambda/0x00007fcd28b2e428
1125:           176           9856  sun.security.jca.ProviderList$ServiceList (java.base@21.0.3)
1126:           246           9840  org.apache.logging.log4j.core.pattern.DatePatternConverter$FixedFormatter
1127:           615           9840  sun.security.ssl.SessionId (java.base@21.0.3)
1128:           407           9768  org.opensearch.common.cache.Cache$$Lambda/0x00007fcd292e9800
1129:           111           9768  org.opensearch.monitor.fs.FsInfo$IoStats
1130:           402           9648  org.opensearch.index.fielddata.ordinals.GlobalOrdinalsIndexFieldData$Consumer
1131:           402           9648  org.opensearch.index.fielddata.ordinals.GlobalOrdinalsIndexFieldData$Consumer$1
1132:           402           9640  [Lio.netty.util.DefaultAttributeMap$DefaultAttribute;
1133:           401           9624  [Ljava.nio.channels.SelectionKey; (java.base@21.0.3)
1134:           401           9624  io.netty.channel.SucceededChannelFuture
1135:           401           9624  io.netty.util.DefaultAttributeMap$DefaultAttribute
1136:           401           9624  java.util.regex.Pattern$$Lambda/0x800000033 (java.base@21.0.3)
1137:           399           9576  io.netty.channel.PendingBytesTracker$DefaultChannelPipelinePendingBytesTracker
1138:           399           9576  java.util.zip.ZipFile$InflaterCleanupAction (java.base@21.0.3)
1139:           399           9576  org.opensearch.transport.CopyBytesSocketChannel$WriteConfig
1140:           399           9576  org.opensearch.transport.TcpChannel$ChannelStats
1141:           399           9576  sun.security.ssl.HandshakeHash (java.base@21.0.3)
1142:           399           9576  sun.security.ssl.SSLEngineOutputRecord$HandshakeFragment (java.base@21.0.3)
1143:           597           9552  java.util.IdentityHashMap$KeySet (java.base@21.0.3)
1144:           397           9528  java.security.Permissions (java.base@21.0.3)
1145:           391           9384  java.util.concurrent.locks.ReentrantReadWriteLock$Sync$HoldCounter (java.base@21.0.3)
1146:           291           9312  jdk.internal.reflect.DirectMethodHandleAccessor (java.base@21.0.3)
1147:           387           9288  org.apache.lucene.index.OrdinalMap$1
1148:           165           9240  sun.security.x509.X509CertInfo (java.base@21.0.3)
1149:            16           9216  io.netty.util.internal.shaded.org.jctools.queues.atomic.MpscUnboundedAtomicArrayQueue
1150:           383           9192  org.opensearch.sql.expression.function.FunctionDSL$$Lambda/0x00007fcd28b1c690
1151:           287           9184  java.util.regex.Pattern$BnM (java.base@21.0.3)
1152:           104           9152  com.fasterxml.jackson.databind.ser.BeanPropertyWriter
1153:           190           9120  org.jcodings.util.CaseInsensitiveBytesHash$CaseInsensitiveBytesHashEntry
1154:           377           9048  java.lang.module.ModuleDescriptor$Exports (java.base@21.0.3)
1155:           368           8832  java.lang.invoke.ConstantCallSite (java.base@21.0.3)
1156:           274           8768  java.util.LinkedHashMap$LinkedEntryIterator (java.base@21.0.3)
1157:           548           8768  java.util.stream.Collectors$$Lambda/0x00007fcd282feee8 (java.base@21.0.3)
1158:           544           8704  org.opensearch.action.support.replication.ReplicationOperation$$Lambda/0x00007fcd293b4830
1159:           272           8704  org.opensearch.action.support.replication.TransportReplicationAction$AsyncPrimaryAction
1160:           544           8704  org.opensearch.index.shard.IndexShard$$Lambda/0x00007fcd293a6df8
1161:           181           8688  java.io.BufferedReader (java.base@21.0.3)
1162:           181           8688  sun.nio.cs.StreamDecoder (java.base@21.0.3)
1163:           542           8672  sun.reflect.generics.tree.TypeVariableSignature (java.base@21.0.3)
1164:           537           8592  org.opensearch.cluster.coordination.LeaderChecker$CheckScheduler$3
1165:           536           8576  org.apache.lucene.analysis.Analyzer$TokenStreamComponents$$Lambda/0x00007fcd29264450
1166:           536           8576  org.opensearch.cluster.coordination.LeaderChecker$CheckScheduler$1
1167:           267           8544  java.time.format.DateTimeFormatterBuilder$NumberPrinterParser (java.base@21.0.3)
1168:           353           8472  java.io.FilePermissionCollection (java.base@21.0.3)
1169:           347           8328  java.lang.invoke.InfoFromMemberName (java.base@21.0.3)
1170:           347           8328  java.lang.invoke.InnerClassLambdaMetafactory$ForwardingMethodGenerator (java.base@21.0.3)
1171:           347           8328  java.util.ImmutableCollections$Set12$1 (java.base@21.0.3)
1172:           208           8320  sun.security.pkcs11.SunPKCS11$Descriptor (jdk.crypto.cryptoki@21.0.3)
1173:           343           8232  com.fasterxml.jackson.databind.util.internal.PrivateMaxEntriesMap$WeightedValue
1174:           256           8192  io.netty.handler.codec.CodecOutputList
1175:           341           8184  java.util.regex.Pattern$Ques (java.base@21.0.3)
1176:           339           8136  java.util.Date (java.base@21.0.3)
1177:           127           8128  java.lang.invoke.BoundMethodHandle$Species_LLLLLLLL (java.base@21.0.3)
1178:           125           8000  java.nio.DirectByteBuffer (java.base@21.0.3)
1179:           333           7992  java.util.regex.Pattern$CharProperty (java.base@21.0.3)
1180:           498           7968  java.util.regex.Pattern$$Lambda/0x800000032 (java.base@21.0.3)
1181:           332           7968  sun.reflect.generics.tree.FormalTypeParameter (java.base@21.0.3)
1182:           496           7936  jdk.proxy2.$Proxy32 (jdk.proxy2)
1183:           164           7872  java.util.concurrent.ThreadPoolExecutor$Worker (java.base@21.0.3)
1184:           489           7824  org.opensearch.common.cache.Cache$$Lambda/0x00007fcd2862cce8
1185:           487           7792  java.util.concurrent.ConcurrentHashMap$EntrySetView (java.base@21.0.3)
1186:           487           7792  java.util.concurrent.CountDownLatch (java.base@21.0.3)
1187:           486           7776  org.opensearch.common.inject.ConstructorBindingImpl$Factory
1188:           486           7776  org.opensearch.common.inject.DefaultConstructionProxyFactory
1189:           483           7728  org.opensearch.action.admin.cluster.node.tasks.list.TransportListTasksAction$$Lambda/0x00007fcd2924c240
1190:           483           7728  org.opensearch.action.support.tasks.TransportTasksAction$$Lambda/0x00007fcd2923fca0
1191:           483           7728  org.opensearch.action.support.tasks.TransportTasksAction$NodeTransportHandler$$Lambda/0x00007fcd2923f850
1192:           160           7680  java.net.URLPermission (java.base@21.0.3)
1193:           476           7616  org.apache.lucene.index.DocValues$2
1194:           472           7552  org.opensearch.common.concurrent.CompletableContext$$Lambda/0x00007fcd290fde28
1195:           472           7552  org.opensearch.core.action.ActionListener$$Lambda/0x00007fcd290fd108
1196:           470           7520  org.opensearch.common.settings.Setting$$Lambda/0x00007fcd280be090
1197:           233           7456  org.apache.logging.log4j.core.config.plugins.processor.PluginEntry
1198:           154           7392  org.apache.lucene.analysis.CharArrayMap$UnmodifiableCharArrayMap
1199:           459           7344  [Lorg.opensearch.index.IndexSortConfig$FieldSortSpec;
1200:           459           7344  org.opensearch.index.IndexSettings$$Lambda/0x00007fcd2864bda0
1201:           459           7344  org.opensearch.index.IndexSettings$$Lambda/0x00007fcd2864c448
1202:           459           7344  org.opensearch.index.IndexSettings$$Lambda/0x00007fcd2864c678
1203:           459           7344  org.opensearch.index.IndexSettings$$Lambda/0x00007fcd2864c8a8
1204:           459           7344  org.opensearch.index.IndexSettings$$Lambda/0x00007fcd2864cad8
1205:           459           7344  org.opensearch.index.IndexSettings$$Lambda/0x00007fcd2864cd08
1206:           459           7344  org.opensearch.index.IndexSettings$$Lambda/0x00007fcd2864cf38
1207:           459           7344  org.opensearch.index.IndexSettings$$Lambda/0x00007fcd2864d168
1208:           459           7344  org.opensearch.index.IndexSettings$$Lambda/0x00007fcd2864d398
1209:           459           7344  org.opensearch.index.IndexSettings$$Lambda/0x00007fcd2864d5c8
1210:           459           7344  org.opensearch.index.IndexSettings$$Lambda/0x00007fcd2864d7f8
1211:           459           7344  org.opensearch.index.IndexSettings$$Lambda/0x00007fcd2864da28
1212:           459           7344  org.opensearch.index.IndexSettings$$Lambda/0x00007fcd2864dc58
1213:           459           7344  org.opensearch.index.IndexSettings$$Lambda/0x00007fcd2864de88
1214:           459           7344  org.opensearch.index.IndexSettings$$Lambda/0x00007fcd2864e780
1215:           459           7344  org.opensearch.index.IndexSettings$$Lambda/0x00007fcd2864e9b0
1216:           459           7344  org.opensearch.index.IndexSettings$$Lambda/0x00007fcd2864ebe0
1217:           459           7344  org.opensearch.index.IndexSettings$$Lambda/0x00007fcd2864ee10
1218:           459           7344  org.opensearch.index.IndexSettings$$Lambda/0x00007fcd2864f040
1219:           459           7344  org.opensearch.index.IndexSettings$$Lambda/0x00007fcd2864f270
1220:           459           7344  org.opensearch.index.IndexSettings$$Lambda/0x00007fcd2864f4a0
1221:           459           7344  org.opensearch.index.IndexSettings$$Lambda/0x00007fcd2864f6d0
1222:           459           7344  org.opensearch.index.IndexSettings$$Lambda/0x00007fcd2864f900
1223:           459           7344  org.opensearch.index.IndexSettings$$Lambda/0x00007fcd2864fb30
1224:           459           7344  org.opensearch.index.IndexSettings$$Lambda/0x00007fcd2864fd60
1225:           459           7344  org.opensearch.index.IndexSettings$$Lambda/0x00007fcd28650000
1226:           459           7344  org.opensearch.index.IndexSettings$$Lambda/0x00007fcd28650230
1227:           459           7344  org.opensearch.index.IndexSettings$$Lambda/0x00007fcd28650460
1228:           459           7344  org.opensearch.index.IndexSettings$$Lambda/0x00007fcd28650690
1229:           459           7344  org.opensearch.index.IndexSettings$$Lambda/0x00007fcd286508c0
1230:           459           7344  org.opensearch.index.IndexSettings$$Lambda/0x00007fcd28650af0
1231:           459           7344  org.opensearch.index.IndexSettings$$Lambda/0x00007fcd28650d20
1232:           459           7344  org.opensearch.index.IndexSettings$$Lambda/0x00007fcd28650f50
1233:           459           7344  org.opensearch.index.IndexSettings$$Lambda/0x00007fcd28651180
1234:           459           7344  org.opensearch.index.IndexSettings$$Lambda/0x00007fcd286513b0
1235:           459           7344  org.opensearch.index.IndexSettings$$Lambda/0x00007fcd286515e0
1236:           459           7344  org.opensearch.index.IndexSettings$$Lambda/0x00007fcd28651810
1237:           459           7344  org.opensearch.index.IndexSettings$$Lambda/0x00007fcd28651a40
1238:           459           7344  org.opensearch.index.IndexSettings$$Lambda/0x00007fcd28651c70
1239:           459           7344  org.opensearch.index.IndexSettings$$Lambda/0x00007fcd28651ea0
1240:           459           7344  org.opensearch.index.IndexSettings$$Lambda/0x00007fcd286520d0
1241:           459           7344  org.opensearch.index.IndexSettings$$Lambda/0x00007fcd28652300
1242:           459           7344  org.opensearch.index.IndexSettings$$Lambda/0x00007fcd28652530
1243:           459           7344  org.opensearch.index.IndexSettings$$Lambda/0x00007fcd28652760
1244:           459           7344  org.opensearch.index.IndexSettings$$Lambda/0x00007fcd28652990
1245:           459           7344  org.opensearch.index.IndexSettings$$Lambda/0x00007fcd28652bc0
1246:           459           7344  org.opensearch.index.IndexSettings$$Lambda/0x00007fcd28652df0
1247:           459           7344  org.opensearch.index.IndexSettings$$Lambda/0x00007fcd28653020
1248:           459           7344  org.opensearch.index.IndexSettings$$Lambda/0x00007fcd28653250
1249:           459           7344  org.opensearch.index.IndexSettings$$Lambda/0x00007fcd28653480
1250:           459           7344  org.opensearch.index.IndexSettings$$Lambda/0x00007fcd286536b0
1251:           459           7344  org.opensearch.index.IndexSettings$$Lambda/0x00007fcd286538e0
1252:           459           7344  org.opensearch.index.IndexSettings$$Lambda/0x00007fcd28653b10
1253:           459           7344  org.opensearch.index.IndexSettings$$Lambda/0x00007fcd28653d40
1254:           459           7344  org.opensearch.index.IndexSettings$$Lambda/0x00007fcd28653f70
1255:           459           7344  org.opensearch.index.IndexSettings$$Lambda/0x00007fcd286541a0
1256:           459           7344  org.opensearch.index.IndexSettings$$Lambda/0x00007fcd286543d0
1257:           459           7344  org.opensearch.index.IndexSettings$$Lambda/0x00007fcd28654600
1258:           459           7344  org.opensearch.index.IndexSettings$$Lambda/0x00007fcd28654830
1259:           459           7344  org.opensearch.index.IndexSettings$$Lambda/0x00007fcd28654a60
1260:           459           7344  org.opensearch.index.IndexSettings$$Lambda/0x00007fcd28654c90
1261:           459           7344  org.opensearch.index.IndexSettings$$Lambda/0x00007fcd28654ec0
1262:           459           7344  org.opensearch.index.IndexSettings$$Lambda/0x00007fcd286550f0
1263:           459           7344  org.opensearch.index.IndexSortConfig
1264:           458           7328  org.apache.lucene.index.DocumentsWriterDeleteQueue$$Lambda/0x00007fcd290dd608
1265:           458           7328  org.apache.lucene.index.IndexFileDeleter$$Lambda/0x00007fcd290ced20
1266:           458           7328  org.apache.lucene.index.IndexWriter$$Lambda/0x00007fcd290c88d0
1267:           458           7328  org.apache.lucene.index.IndexWriter$$Lambda/0x00007fcd290ce278
1268:           458           7328  org.apache.lucene.index.IndexWriter$1
1269:           458           7328  org.apache.lucene.index.IndexWriter$IndexWriterMergeSource
1270:           458           7328  org.apache.lucene.search.UsageTrackingQueryCachingPolicy
1271:           458           7328  org.apache.lucene.util.SetOnce
1272:           458           7328  org.apache.lucene.util.SetOnce$Wrapper
1273:           458           7328  org.opensearch.security.configuration.DlsQueryParser
1274:             2           7320  [Ljava.lang.Character$UnicodeScript; (java.base@21.0.3)
1275:           183           7320  org.opensearch.common.time.JavaDateFormatter
1276:           183           7320  org.opensearch.common.time.JavaDateFormatter$RoundUpFormatter
1277:           457           7312  org.apache.lucene.misc.search.similarity.LegacyBM25Similarity
1278:           457           7312  org.apache.lucene.search.similarities.BooleanSimilarity
1279:           457           7312  org.opensearch.common.FieldMemoryStats
1280:           457           7312  org.opensearch.common.collect.MapBuilder
1281:           457           7312  org.opensearch.common.lucene.index.OpenSearchDirectoryReader$SubReaderWrapper
1282:           457           7312  org.opensearch.index.IndexService$$Lambda/0x00007fcd2926a798
1283:           457           7312  org.opensearch.index.IndexService$BitsetCacheListener
1284:           457           7312  org.opensearch.index.IndexWarmer
1285:           457           7312  org.opensearch.index.IndexingSlowLog$$Lambda/0x00007fcd29254230
1286:           457           7312  org.opensearch.index.IndexingSlowLog$$Lambda/0x00007fcd29254460
1287:           457           7312  org.opensearch.index.IndexingSlowLog$$Lambda/0x00007fcd29254690
1288:           457           7312  org.opensearch.index.IndexingSlowLog$$Lambda/0x00007fcd292548c0
1289:           457           7312  org.opensearch.index.IndexingSlowLog$$Lambda/0x00007fcd29254af0
1290:           457           7312  org.opensearch.index.IndexingSlowLog$$Lambda/0x00007fcd29254d20
1291:           457           7312  org.opensearch.index.IndexingSlowLog$$Lambda/0x00007fcd29254f50
1292:           457           7312  org.opensearch.index.SearchSlowLog$$Lambda/0x00007fcd2924ec98
1293:           457           7312  org.opensearch.index.SearchSlowLog$$Lambda/0x00007fcd2924eec8
1294:           457           7312  org.opensearch.index.SearchSlowLog$$Lambda/0x00007fcd2924f0f8
1295:           457           7312  org.opensearch.index.SearchSlowLog$$Lambda/0x00007fcd2924f328
1296:           457           7312  org.opensearch.index.SearchSlowLog$$Lambda/0x00007fcd2924f558
1297:           457           7312  org.opensearch.index.SearchSlowLog$$Lambda/0x00007fcd2924f788
1298:           457           7312  org.opensearch.index.SearchSlowLog$$Lambda/0x00007fcd2924f9b8
1299:           457           7312  org.opensearch.index.SearchSlowLog$$Lambda/0x00007fcd2924fbe8
1300:           457           7312  org.opensearch.index.SearchSlowLog$$Lambda/0x00007fcd29254000
1301:           457           7312  org.opensearch.index.codec.CodecService
1302:           457           7312  org.opensearch.index.engine.InternalEngine$$Lambda/0x00007fcd292c8cb8
1303:           457           7312  org.opensearch.index.engine.InternalEngine$$Lambda/0x00007fcd292c9938
1304:           457           7312  org.opensearch.index.engine.InternalEngine$$Lambda/0x00007fcd29303000
1305:           457           7312  org.opensearch.index.engine.InternalEngine$$Lambda/0x00007fcd29303660
1306:           457           7312  org.opensearch.index.engine.InternalEngine$$Lambda/0x00007fcd29308858
1307:           457           7312  org.opensearch.index.engine.InternalEngine$$Lambda/0x00007fcd29309e30
1308:           457           7312  org.opensearch.index.engine.InternalEngine$$Lambda/0x00007fcd29329198
1309:           457           7312  org.opensearch.index.engine.InternalEngine$1
1310:           457           7312  org.opensearch.index.engine.InternalEngineFactory
1311:           457           7312  org.opensearch.index.engine.PrunePostingsMergePolicy$$Lambda/0x00007fcd2930bc00
1312:           457           7312  org.opensearch.index.mapper.DocumentMapperParser$$Lambda/0x00007fcd290a2870
1313:           457           7312  org.opensearch.index.mapper.DocumentMapperParser$$Lambda/0x00007fcd290a2ab0
1314:           457           7312  org.opensearch.index.mapper.IdFieldMapper$$Lambda/0x00007fcd290b3268
1315:           457           7312  org.opensearch.index.mapper.RootObjectMapper$TypeParser
1316:           457           7312  org.opensearch.index.shard.IndexShard$$Lambda/0x00007fcd29271df8
1317:           457           7312  org.opensearch.index.shard.IndexShard$$Lambda/0x00007fcd29273298
1318:           457           7312  org.opensearch.index.shard.IndexShard$$Lambda/0x00007fcd29275818
1319:           457           7312  org.opensearch.index.shard.IndexShard$$Lambda/0x00007fcd29275a48
1320:           457           7312  org.opensearch.index.shard.IndexShard$$Lambda/0x00007fcd29276098
1321:           457           7312  org.opensearch.index.shard.IndexShard$$Lambda/0x00007fcd292778f0
1322:           457           7312  org.opensearch.index.shard.IndexShard$$Lambda/0x00007fcd29277b10
1323:           457           7312  org.opensearch.index.shard.IndexShard$$Lambda/0x00007fcd2927d440
1324:           457           7312  org.opensearch.index.shard.IndexShard$$Lambda/0x00007fcd2927dcb0
1325:           457           7312  org.opensearch.index.shard.IndexShard$$Lambda/0x00007fcd2927e0f0
1326:           457           7312  org.opensearch.index.shard.IndexShard$$Lambda/0x00007fcd2927e768
1327:           457           7312  org.opensearch.index.shard.IndexShard$$Lambda/0x00007fcd29329a18
1328:           457           7312  org.opensearch.index.shard.IndexShard$3
1329:           457           7312  org.opensearch.index.shard.InternalIndexingStats
1330:           457           7312  org.opensearch.index.similarity.SimilarityService$$Lambda/0x00007fcd290a0420
1331:           457           7312  org.opensearch.index.similarity.SimilarityService$$Lambda/0x00007fcd290a0a68
1332:           457           7312  org.opensearch.index.translog.InternalTranslogFactory
1333:           457           7312  org.opensearch.index.translog.ReplicationTranslogDeletionPolicy$$Lambda/0x00007fcd29001cd0
1334:           457           7312  org.opensearch.index.translog.TragicExceptionHolder
1335:           457           7312  org.opensearch.index.translog.Translog$$Lambda/0x00007fcd29305590
1336:           457           7312  org.opensearch.indices.IndicesService$$Lambda/0x00007fcd2924ea78
1337:           457           7312  org.opensearch.indices.IndicesService$$Lambda/0x00007fcd29255180
1338:           457           7312  org.opensearch.indices.IndicesService$$Lambda/0x00007fcd292553a0
1339:           457           7312  org.opensearch.indices.IndicesService$3
1340:           457           7312  org.opensearch.performanceanalyzer.listener.PerformanceAnalyzerSearchListener
1341:           457           7312  org.opensearch.security.OpenSearchSecurityPlugin$$Lambda/0x00007fcd2924b960
1342:           457           7312  org.opensearch.security.support.GuardedSearchOperationWrapper$InnerSearchOperationListener
1343:           300           7200  jdk.internal.math.DoubleToDecimal (java.base@21.0.3)
1344:           297           7128  javax.management.ImmutableDescriptor (java.management@21.0.3)
1345:           295           7080  java.util.regex.Pattern$StartS (java.base@21.0.3)
1346:           289           6936  org.opensearch.core.action.ActionListener$4
1347:           433           6928  org.opensearch.common.inject.spi.ProviderLookup$ProviderImpl
1348:             2           6912  [Lorg.jcodings.unicode.UnicodeCodeRange;
1349:           288           6912  io.netty.buffer.SimpleLeakAwareByteBuf
1350:           123           6888  java.net.SocketPermission (java.base@21.0.3)
1351:           215           6880  sun.nio.fs.UnixFileKey (java.base@21.0.3)
1352:           428           6848  org.opensearch.action.support.HandledTransportAction$TransportHandler
1353:            48           6792  [Ljava.lang.ClassValue$Entry; (java.base@21.0.3)
1354:           283           6792  org.opensearch.common.settings.Setting$$Lambda/0x00007fcd28090238
1355:           277           6752  [Lcom.fasterxml.jackson.databind.JavaType;
1356:           274           6576  java.util.stream.Collectors$$Lambda/0x00007fcd282fea70 (java.base@21.0.3)
1357:           272           6528  java.util.Collections$SynchronizedRandomAccessList (java.base@21.0.3)
1358:           272           6528  org.opensearch.action.ActionListenerResponseHandler
1359:           272           6528  org.opensearch.action.bulk.BackoffPolicy$ExponentialFullJitterBackoff
1360:           272           6528  org.opensearch.action.bulk.BackoffPolicy$ExponentialFullJitterBackoffIterator
1361:           272           6528  org.opensearch.action.support.RetryableAction$1
1362:           272           6528  org.opensearch.action.support.RetryableAction$RetryingListener
1363:           272           6528  org.opensearch.action.support.replication.ReplicationOperation$2
1364:           272           6528  org.opensearch.action.support.replication.ReplicationProxy$$Lambda/0x00007fcd293b4e80
1365:           272           6528  org.opensearch.action.support.replication.ReplicationResponse
1366:           272           6528  org.opensearch.action.support.replication.ReplicationResponse$ShardInfo
1367:           272           6528  org.opensearch.action.support.replication.TransportReplicationAction$1
1368:           272           6528  org.opensearch.action.support.replication.TransportReplicationAction$AsyncPrimaryAction$$Lambda/0x00007fcd293afa78
1369:           272           6528  org.opensearch.action.support.replication.TransportReplicationAction$AsyncPrimaryAction$$Lambda/0x00007fcd293b0000
1370:           272           6528  org.opensearch.action.support.replication.TransportReplicationAction$AsyncPrimaryAction$$Lambda/0x00007fcd293b0780
1371:           272           6528  org.opensearch.action.support.replication.TransportReplicationAction$AsyncPrimaryAction$$Lambda/0x00007fcd293b1000
1372:           272           6528  org.opensearch.action.support.replication.TransportReplicationAction$PrimaryResult
1373:           272           6528  org.opensearch.action.support.replication.TransportReplicationAction$PrimaryShardReference
1374:           272           6528  org.opensearch.common.util.concurrent.ThreadContext$ThreadContextStruct$$Lambda/0x00007fcd291a7548
1375:           272           6528  org.opensearch.index.seqno.ReplicationTracker$$Lambda/0x00007fcd293a7480
1376:           272           6528  org.opensearch.index.seqno.RetentionLeaseBackgroundSyncAction$$Lambda/0x00007fcd293b3b50
1377:           272           6528  org.opensearch.index.seqno.RetentionLeaseBackgroundSyncAction$1
1378:           272           6528  org.opensearch.index.shard.IndexShard$$Lambda/0x00007fcd293ae000
1379:           204           6528  org.opensearch.sql.expression.function.BuiltinFunctionName
1380:           407           6512  org.opensearch.common.cache.Cache$$Lambda/0x00007fcd292ec000
1381:           401           6416  io.netty.channel.VoidChannelPromise$1
1382:           401           6416  io.netty.channel.nio.AbstractNioChannel$1
1383:           401           6416  org.opensearch.transport.netty4.Netty4TcpChannel$$Lambda/0x00007fcd29083b58
1384:           400           6400  io.netty.channel.DefaultMaxMessagesRecvByteBufAllocator$MaxMessageHandle$1
1385:           399           6384  io.netty.channel.nio.AbstractNioByteChannel$1
1386:           399           6384  java.security.SecureClassLoader$1 (java.base@21.0.3)
1387:           266           6384  org.opensearch.core.common.io.stream.NamedWriteableRegistry$Entry
1388:           399           6384  org.opensearch.transport.InboundAggregator$$Lambda/0x00007fcd29104d90
1389:           399           6384  org.opensearch.transport.TcpTransport$$Lambda/0x00007fcd290ff840
1390:           399           6384  org.opensearch.transport.netty4.Netty4MessageChannelHandler$$Lambda/0x00007fcd291009a0
1391:           399           6384  org.opensearch.transport.netty4.Netty4MessageChannelHandler$$Lambda/0x00007fcd29101660
1392:           399           6384  org.opensearch.transport.netty4.Netty4MessageChannelHandler$$Lambda/0x00007fcd291023e0
1393:           399           6384  org.opensearch.transport.netty4.Netty4Transport$$Lambda/0x00007fcd290fa388
1394:           399           6384  sun.security.ssl.HandshakeHash$CacheOnlyHash (java.base@21.0.3)
1395:           397           6352  org.opensearch.sql.expression.function.FunctionDSL$$Lambda/0x00007fcd28b2d3f8
1396:           158           6320  sun.reflect.generics.repository.MethodRepository (java.base@21.0.3)
1397:           263           6312  com.google.common.collect.ImmutableMapEntry
1398:           196           6272  jdk.internal.reflect.MethodHandleObjectFieldAccessorImpl (java.base@21.0.3)
1399:           195           6240  com.sun.jmx.mbeanserver.ConvertingMethod (java.management@21.0.3)
1400:           382           6112  jdk.internal.misc.InternalLock (java.base@21.0.3)
1401:           180           5984  [Ljava.lang.invoke.LambdaFormEditor$Transform; (java.base@21.0.3)
1402:           106           5936  org.opensearch.threadpool.ThreadPoolStats$Stats
1403:           185           5920  org.opensearch.painless.lookup.PainlessConstructor
1404:            41           5904  org.opensearch.repositories.s3.async.SizeBasedBlockingQ$Consumer
1405:           121           5808  sun.security.rsa.RSAPublicKeyImpl (java.base@21.0.3)
1406:           181           5792  sun.nio.ch.ChannelInputStream (java.base@21.0.3)
1407:           119           5712  java.util.stream.StreamSpliterators$WrappingSpliterator (java.base@21.0.3)
1408:           141           5640  org.opensearch.search.internal.ExitableDirectoryReader$ExitableLeafReader
1409:           351           5616  [Ljava.security.Principal; (java.base@21.0.3)
1410:           351           5616  java.security.ProtectionDomain$Key (java.base@21.0.3)
1411:           233           5592  org.apache.logging.log4j.core.config.plugins.util.PluginType
1412:           345           5520  org.opensearch.sql.expression.function.FunctionDSL$$Lambda/0x00007fcd28b2d1a0
1413:           172           5504  sun.reflect.generics.tree.MethodTypeSignature (java.base@21.0.3)
1414:           227           5448  java.time.LocalDateTime (java.base@21.0.3)
1415:           226           5424  java.util.jar.Manifest (java.base@21.0.3)
1416:            75           5400  java.lang.invoke.BoundMethodHandle$Species_LLLLLLLLL (java.base@21.0.3)
1417:            75           5400  org.opensearch.index.mapper.DateFieldMapper
1418:            48           5376  java.util.GregorianCalendar (java.base@21.0.3)
1419:           134           5360  org.apache.logging.log4j.status.StatusData
1420:           223           5352  java.lang.invoke.LambdaFormEditor$TransformKey (java.base@21.0.3)
1421:           328           5248  java.lang.Character$UnicodeBlock (java.base@21.0.3)
1422:           163           5216  com.fasterxml.jackson.core.io.SerializedString
1423:           163           5216  sun.security.x509.SubjectKeyIdentifierExtension (java.base@21.0.3)
1424:            65           5200  com.fasterxml.jackson.databind.deser.impl.FieldProperty
1425:           108           5184  com.fasterxml.jackson.databind.type.SimpleType
1426:           323           5168  org.opensearch.core.xcontent.AbstractObjectParser$$Lambda/0x00007fcd28487280
1427:           160           5120  java.net.HostPortrange (java.base@21.0.3)
1428:           320           5120  org.opensearch.common.time.OpenSearchDateTimeFormatter
1429:           160           5120  sun.security.x509.KeyUsageExtension (java.base@21.0.3)
1430:            53           5088  org.opensearch.common.util.concurrent.OpenSearchThreadPoolExecutor
1431:            53           5088  sun.util.calendar.Gregorian$Date (java.base@21.0.3)
1432:           126           5040  java.util.Collections$SingletonMap (java.base@21.0.3)
1433:           210           5040  org.apache.lucene.analysis.pt.RSLPStemmerBase$Rule
1434:           210           5040  org.opensearch.core.xcontent.NamedXContentRegistry$Entry
1435:           157           5024  sun.security.x509.BasicConstraintsExtension (java.base@21.0.3)
1436:           104           4992  jdk.internal.org.objectweb.asm.Frame (java.base@21.0.3)
1437:           208           4992  org.opensearch.search.internal.ExitableDirectoryReader$ExitableTerms
1438:            62           4960  com.fasterxml.jackson.databind.deser.impl.MethodProperty
1439:           155           4960  com.fasterxml.jackson.databind.type.TypeBindings
1440:            68           4896  com.fasterxml.jackson.databind.introspect.AnnotatedClass
1441:           304           4864  org.opensearch.sql.expression.function.FunctionDSL$$Lambda/0x00007fcd28b1abc0
1442:            14           4816  [Lorg.opensearch.common.time.FormatNames;
1443:           149           4768  jdk.internal.org.objectweb.asm.Type (java.base@21.0.3)
1444:           119           4760  java.util.stream.SpinedBuffer (java.base@21.0.3)
1445:            35           4760  org.opensearch.action.admin.cluster.node.stats.NodeStats
1446:           198           4752  java.time.LocalDate (java.base@21.0.3)
1447:           148           4736  org.opensearch.OpenSearchException$OpenSearchExceptionHandle
1448:           118           4720  jdk.internal.ref.Cleaner (java.base@21.0.3)
1449:           147           4704  java.lang.module.ModuleDescriptor$Requires (java.base@21.0.3)
1450:           195           4680  java.util.concurrent.ConcurrentSkipListMap$Index (java.base@21.0.3)
1451:           117           4680  org.apache.lucene.search.CollectionTerminatedException
1452:           195           4680  org.opensearch.transport.TcpTransport$$Lambda/0x00007fcd291974d0
1453:           195           4680  sun.security.util.math.intpoly.IntegerPolynomial$ImmutableElement (java.base@21.0.3)
1454:           172           4624  [Lsun.reflect.generics.tree.TypeSignature; (java.base@21.0.3)
1455:            96           4608  java.lang.invoke.BoundMethodHandle$Species_LLLL (java.base@21.0.3)
1456:            72           4608  java.lang.module.ModuleDescriptor (java.base@21.0.3)
1457:           190           4560  jdk.internal.module.ServicesCatalog$ServiceProvider (java.base@21.0.3)
1458:           283           4528  org.opensearch.common.settings.Setting$$Lambda/0x00007fcd28090000
1459:           141           4512  org.opensearch.security.configuration.DlsFlsFilterLeafReader$DlsGetEvaluator
1460:           187           4488  org.opensearch.common.settings.Setting$MinTimeValueParser
1461:            16           4480  java.util.concurrent.ConcurrentHashMap$CounterCell (java.base@21.0.3)
1462:           185           4440  org.opensearch.painless.spi.WhitelistConstructor
1463:           183           4392  org.apache.lucene.util.packed.DirectReader$DirectPackedReader1
1464:           272           4352  org.opensearch.action.support.replication.FanoutReplicationProxy
1465:           272           4352  org.opensearch.action.support.replication.ReplicationOperation$$Lambda/0x00007fcd293b2a10
1466:           272           4352  org.opensearch.action.support.replication.ReplicationOperation$$Lambda/0x00007fcd293b3290
1467:           272           4352  org.opensearch.action.support.replication.ReplicationOperation$1
1468:           272           4352  org.opensearch.action.support.replication.ReplicationOperation$1$$Lambda/0x00007fcd293b61e0
1469:           272           4352  org.opensearch.action.support.replication.ReplicationOperation$1$$Lambda/0x00007fcd293b6840
1470:           272           4352  org.opensearch.action.support.replication.ReplicationOperation$2$$Lambda/0x00007fcd293b70c0
1471:           272           4352  org.opensearch.action.support.replication.ReplicationOperation$2$$Lambda/0x00007fcd293b7500
1472:           272           4352  org.opensearch.action.support.replication.TransportReplicationAction$$Lambda/0x00007fcd293aeb78
1473:           272           4352  org.opensearch.action.support.replication.TransportReplicationAction$ReplicasProxy
1474:           272           4352  org.opensearch.index.seqno.ReplicationTracker$$Lambda/0x00007fcd293a7d90
1475:           181           4344  org.opensearch.sql.expression.function.DefaultFunctionResolver
1476:           271           4336  org.opensearch.sql.expression.function.FunctionDSL$$Lambda/0x00007fcd28b19ef8
1477:            67           4288  sun.security.ssl.SSLExtension (java.base@21.0.3)
1478:           107           4280  org.opensearch.common.ValidationException
1479:           107           4280  sun.util.locale.LocaleObjectCache$CacheEntry (java.base@21.0.3)
1480:           178           4272  java.lang.ThreadLocal$ThreadLocalMap (java.base@21.0.3)
1481:           176           4224  sun.security.jca.ProviderList$ServiceList$1 (java.base@21.0.3)
1482:           151           4216  [Ljava.lang.reflect.TypeVariable; (java.base@21.0.3)
1483:           105           4200  org.opensearch.action.admin.indices.stats.CommonStatsFlags
1484:            75           4200  org.opensearch.index.mapper.DateFieldMapper$DateFieldType
1485:           104           4160  jdk.internal.math.FormattedFPDecimal (java.base@21.0.3)
1486:           130           4160  sun.nio.fs.NativeBuffer (java.base@21.0.3)
1487:           103           4120  org.jcodings.EncodingDB$Entry
1488:           256           4096  java.lang.Short (java.base@21.0.3)
1489:           102           4080  java.lang.invoke.VarHandle$AccessDescriptor (java.base@21.0.3)
1490:            85           4080  org.opensearch.common.settings.Setting$AffixSetting
1491:           127           4064  java.lang.invoke.SimpleMethodHandle (java.base@21.0.3)
1492:           127           4064  org.apache.lucene.codecs.lucene90.Lucene90DocValuesProducer$3
1493:            84           4032  java.lang.invoke.BoundMethodHandle$Species_LJ (java.base@21.0.3)
1494:            42           4032  java.net.FactoryURLClassLoader (java.base@21.0.3)
1495:           207           4024  [Lcom.sun.jmx.mbeanserver.MXBeanMapping; (java.management@21.0.3)
1496:           248           3968  org.apache.lucene.index.SingletonSortedNumericDocValues
1497:           165           3960  org.opensearch.rest.RestHandler$Route
1498:           165           3960  sun.security.util.BitArray (java.base@21.0.3)
1499:           165           3960  sun.security.util.Cache$EqualByteArray (java.base@21.0.3)
1500:           165           3960  sun.security.x509.CertificateValidity (java.base@21.0.3)
1501:           164           3936  java.lang.Character$UnicodeScript (java.base@21.0.3)
1502:           164           3936  sun.security.x509.CertificateExtensions (java.base@21.0.3)
1503:           163           3912  org.opensearch.search.aggregations.AggregatorFactories$Builder
1504:            97           3880  org.opensearch.index.mapper.BooleanFieldMapper
1505:            97           3880  org.opensearch.index.mapper.BooleanFieldMapper$BooleanFieldType
1506:            33           3824  [Lcom.google.common.collect.ImmutableMapEntry;
1507:           119           3808  org.opensearch.index.fielddata.plain.SortedNumericIndexFieldData$SortedNumericFloatFieldData
1508:           119           3808  org.opensearch.index.fielddata.plain.SortedNumericIndexFieldData$SortedNumericLongFieldData
1509:           119           3808  org.opensearch.search.aggregations.bucket.histogram.DateHistogramAggregator$1
1510:           119           3808  org.opensearch.search.aggregations.metrics.MaxAggregator$1
1511:           158           3792  sun.reflect.generics.scope.MethodScope (java.base@21.0.3)
1512:           118           3776  java.nio.DirectByteBuffer$Deallocator (java.base@21.0.3)
1513:            39           3744  com.fasterxml.jackson.databind.deser.BeanDeserializer
1514:            78           3744  jdk.internal.org.objectweb.asm.AnnotationWriter (java.base@21.0.3)
1515:            93           3720  com.sun.management.internal.DiagnosticCommandArgumentInfo (jdk.management@21.0.3)
1516:            42           3696  org.opensearch.plugins.ExtendedPluginsClassLoader
1517:           151           3624  com.fasterxml.jackson.databind.PropertyName
1518:           149           3576  org.apache.lucene.util.FixedBits
1519:           149           3576  org.opensearch.rest.DeprecationRestHandler
1520:           223           3568  java.lang.invoke.LambdaFormEditor (java.base@21.0.3)
1521:           111           3552  org.opensearch.monitor.fs.FsInfo
1522:            63           3528  [[Ljava.lang.management.ThreadInfo; (java.management@21.0.3)
1523:            63           3528  org.opensearch.action.admin.cluster.node.hotthreads.NodesHotThreadsRequest
1524:            88           3520  org.opensearch.common.settings.Setting$ListSetting
1525:            62           3472  com.fasterxml.jackson.databind.type.CollectionType
1526:            62           3472  jdk.internal.module.ModuleReferenceImpl (java.base@21.0.3)
1527:           102           3440  [Lcom.fasterxml.jackson.databind.introspect.AnnotationMap;
1528:            86           3440  org.opensearch.core.xcontent.ObjectParser
1529:            39           3432  com.fasterxml.jackson.databind.deser.std.StdValueInstantiator
1530:           143           3432  java.net.SocketPermissionCollection (java.base@21.0.3)
1531:           107           3424  jdk.internal.loader.NativeLibraries (java.base@21.0.3)
1532:           213           3408  sun.security.x509.KeyIdentifier (java.base@21.0.3)
1533:           210           3360  java.time.format.DateTimeFormatterBuilder$CharLiteralPrinterParser (java.base@21.0.3)
1534:            59           3352  [Ljavax.management.MBeanAttributeInfo; (java.management@21.0.3)
1535:            69           3312  java.lang.invoke.BoundMethodHandle$Species_LLJ (java.base@21.0.3)
1536:           205           3280  java.util.concurrent.ConcurrentHashMap$ValuesView (java.base@21.0.3)
1537:           136           3264  java.net.URLClassLoader$1 (java.base@21.0.3)
1538:            51           3264  javax.management.openmbean.OpenMBeanAttributeInfoSupport (java.management@21.0.3)
1539:           204           3264  org.opensearch.sql.expression.function.FunctionName
1540:           204           3264  org.opensearch.transport.TcpTransport$ChannelsConnectedListener$$Lambda/0x00007fcd29139920
1541:           101           3232  javax.management.MBeanAttributeInfo (java.management@21.0.3)
1542:            32           3200  [Lio.netty.buffer.PoolThreadCache$MemoryRegionCache;
1543:            22           3168  [Ljava.lang.invoke.MemberName; (java.base@21.0.3)
1544:           122           3168  [Ljava.util.Map$Entry; (java.base@21.0.3)
1545:            66           3168  org.apache.lucene.codecs.lucene90.Lucene90DocValuesProducer$5
1546:            79           3160  org.opensearch.common.lucene.Lucene$DirectoryReaderWithAllLiveDocs$LeafReaderWithLiveDocs
1547:           131           3144  java.lang.invoke.Invokers (java.base@21.0.3)
1548:            28           3136  [Lio.netty.buffer.IntPriorityQueue;
1549:            98           3136  com.fasterxml.jackson.databind.introspect.AnnotatedConstructor
1550:            87           3128  [Lorg.joda.time.format.InternalParser;
1551:           130           3120  sun.nio.fs.NativeBuffer$Deallocator (java.base@21.0.3)
1552:            11           3080  java.util.concurrent.atomic.Striped64$Cell (java.base@21.0.3)
1553:            77           3080  jdk.internal.vm.SharedThreadContainer (java.base@21.0.3)
1554:            24           3072  io.netty.util.internal.InternalThreadLocalMap
1555:            95           3040  [Lsun.nio.fs.NativeBuffer; (java.base@21.0.3)
1556:           126           3024  java.util.stream.Nodes$LongFixedNodeBuilder (java.base@21.0.3)
1557:            47           3008  java.lang.ClassValue$ClassValueMap (java.base@21.0.3)
1558:           187           2992  org.opensearch.common.settings.Setting$$Lambda/0x00007fcd280bcd38
1559:           184           2944  org.opensearch.common.settings.Setting$$Lambda/0x00007fcd280bcaf8
1560:            36           2880  com.google.common.cache.LocalCache$Segment
1561:           120           2880  org.apache.logging.log4j.core.time.MutableInstant
1562:            60           2880  org.joda.time.format.DateTimeFormatter
1563:            72           2880  org.opensearch.cluster.metadata.AliasMetadata
1564:           119           2856  java.util.Spliterators$1Adapter (java.base@21.0.3)
1565:           119           2856  org.opensearch.common.lucene.ShardCoreKeyMap$$Lambda/0x00007fcd293c3c98
1566:           119           2856  org.opensearch.search.internal.ContextIndexSearcher$1
1567:           118           2832  java.util.AbstractMap$SimpleImmutableEntry (java.base@21.0.3)
1568:           118           2832  org.opensearch.search.query.EarlyTerminatingCollector$1
1569:           176           2816  org.opensearch.common.inject.ConstantFactory
1570:            58           2784  javax.management.MBeanInfo (java.management@21.0.3)
1571:           115           2760  java.util.PropertyPermissionCollection (java.base@21.0.3)
1572:            10           2720  [Lcom.fasterxml.jackson.dataformat.smile.SmileGenerator$SharedStringNode;
1573:           170           2720  sun.security.x509.SerialNumber (java.base@21.0.3)
1574:           113           2712  com.fasterxml.jackson.databind.type.TypeBindings$AsKey
1575:           113           2712  com.google.common.collect.ImmutableMapEntry$NonTerminalImmutableMapEntry
1576:           111           2664  [Lorg.opensearch.monitor.fs.FsInfo$DeviceStats;
1577:           111           2664  [Lorg.opensearch.monitor.fs.FsInfo$Path;
1578:           111           2664  java.time.Instant (java.base@21.0.3)
1579:            83           2656  java.lang.ClassValue$Entry (java.base@21.0.3)
1580:           110           2640  jdk.internal.loader.AbstractClassLoaderValue$Sub (java.base@21.0.3)
1581:           165           2640  org.apache.lucene.util.packed.PackedInts$NullReader
1582:           165           2640  sun.security.x509.CertificateAlgorithmId (java.base@21.0.3)
1583:           165           2640  sun.security.x509.CertificateSerialNumber (java.base@21.0.3)
1584:           165           2640  sun.security.x509.CertificateVersion (java.base@21.0.3)
1585:           165           2640  sun.security.x509.CertificateX509Key (java.base@21.0.3)
1586:            82           2624  com.fasterxml.jackson.databind.ser.impl.ReadOnlyClassToSerializerMap$Bucket
1587:            82           2624  com.fasterxml.jackson.databind.util.TypeKey
1588:            82           2624  org.opensearch.common.time.FormatNames
1589:            32           2560  java.lang.invoke.BoundMethodHandle$Species_LLLLLLLLLLL (java.base@21.0.3)
1590:           160           2560  java.net.URLPermission$Authority (java.base@21.0.3)
1591:           160           2560  org.opensearch.common.settings.Setting$$Lambda/0x00007fcd2802c2f8
1592:            14           2528  [Lcom.fasterxml.jackson.core.sym.CharsToNameCanonicalizer$Bucket;
1593:            79           2528  org.opensearch.performanceanalyzer.commons.stats.metrics.StatExceptionCode
1594:            63           2520  org.opensearch.monitor.jvm.HotThreads
1595:           104           2496  java.time.LocalTime (java.base@21.0.3)
1596:            77           2464  java.security.AlgorithmParameters (java.base@21.0.3)
1597:           102           2448  com.fasterxml.jackson.core.util.BufferRecycler
1598:            16           2432  io.netty.channel.nio.NioEventLoop
1599:            76           2432  org.apache.lucene.analysis.pt.RSLPStemmerBase$RuleWithSuffixExceptions
1600:            60           2400  java.util.EnumMap (java.base@21.0.3)
1601:            74           2368  java.util.Locale (java.base@21.0.3)
1602:            42           2352  java.time.format.Parsed (java.base@21.0.3)
1603:            42           2352  java.util.Calendar$Builder (java.base@21.0.3)
1604:            49           2352  org.apache.lucene.queryparser.classic.Token
1605:            58           2320  java.util.IdentityHashMap$KeyIterator (java.base@21.0.3)
1606:            95           2280  java.security.UnresolvedPermissionCollection (java.base@21.0.3)
1607:            95           2280  java.security.spec.ECPoint (java.base@21.0.3)
1608:            15           2280  org.opensearch.search.aggregations.bucket.terms.GlobalOrdinalsStringTermsAggregator
1609:            95           2280  sun.nio.ch.Util$BufferCache (java.base@21.0.3)
1610:            71           2272  sun.util.locale.BaseLocale (java.base@21.0.3)
1611:            47           2256  com.sun.management.internal.DiagnosticCommandInfo (jdk.management@21.0.3)
1612:           141           2256  org.opensearch.security.configuration.DlsFlsFilterLeafReader$HashingCallback
1613:           141           2256  org.opensearch.security.configuration.DlsFlsFilterLeafReader$MaskedFieldsMap
1614:            28           2240  io.netty.buffer.PoolChunk
1615:            70           2240  sun.security.x509.URIName (java.base@21.0.3)
1616:            92           2208  org.opensearch.core.xcontent.ConstructingObjectParser$ConstructorArgInfo
1617:            68           2176  java.lang.invoke.LambdaForm$Kind (java.base@21.0.3)
1618:            68           2176  org.opensearch.common.settings.Setting$$Lambda/0x00007fcd280c8fa0
1619:            54           2160  org.opensearch.threadpool.ThreadPool$Info
1620:            89           2136  java.util.ImmutableCollections$ListN (java.base@21.0.3)
1621:            89           2136  org.apache.logging.log4j.message.ParameterizedNoReferenceMessageFactory$StatusMessage
1622:            89           2136  org.opensearch.common.time.JavaDateMathParser
1623:            53           2120  sun.security.util.NamedCurve (java.base@21.0.3)
1624:            66           2112  org.joda.time.format.DateTimeFormatterBuilder$Composite
1625:            88           2112  org.opensearch.common.settings.Setting$ListKey
1626:            87           2088  org.opensearch.action.ActionType
1627:            47           2064  [Lorg.joda.time.format.InternalPrinter;
1628:           128           2048  java.lang.Character (java.base@21.0.3)
1629:            64           2048  org.opensearch.Version
1630:            85           2040  org.opensearch.common.settings.Setting$AffixKey
1631:            28           2016  java.lang.invoke.BoundMethodHandle$Species_LLLLLLLLLL (java.base@21.0.3)
1632:            42           2016  java.time.temporal.ValueRange (java.base@21.0.3)
1633:            84           2016  org.apache.logging.log4j.core.pattern.PatternFormatter
1634:            63           2016  org.apache.lucene.codecs.lucene99.Lucene99PostingsReader
1635:            63           2016  org.apache.lucene.util.CollectionUtil$ListIntroSorter
1636:            42           2016  org.opensearch.plugins.PluginInfo
1637:            25           2000  org.apache.lucene.codecs.lucene90.Lucene90DocValuesProducer$VaryingBPVReader
1638:            50           2000  sun.security.x509.AuthorityKeyIdentifierExtension (java.base@21.0.3)
1639:            61           1952  jdk.internal.loader.BuiltinClassLoader$LoadedModule (java.base@21.0.3)
1640:            15           1944  [Lorg.apache.lucene.index.SortedSetDocValues;
1641:            15           1944  [Lorg.apache.lucene.util.packed.PackedLongValues$Builder;
1642:            15           1944  [Lorg.opensearch.index.fielddata.LeafOrdinalsFieldData;
1643:           121           1936  org.opensearch.index.analysis.PreBuiltAnalyzerProvider
1644:             4           1928  [Lorg.jcodings.util.Hash$HashEntry;
1645:            40           1920  com.fasterxml.jackson.dataformat.smile.SmileWriteContext
1646:            80           1920  java.time.ZonedDateTime (java.base@21.0.3)
1647:            40           1920  org.apache.lucene.util.packed.BulkOperationPacked
1648:            48           1920  org.opensearch.common.settings.Setting$LongParser
1649:            24           1920  sun.nio.ch.EPollSelectorImpl (java.base@21.0.3)
1650:           119           1904  java.util.stream.AbstractPipeline$$Lambda/0x00007fcd284c63d8 (java.base@21.0.3)
1651:           119           1904  java.util.stream.StreamSpliterators$WrappingSpliterator$$Lambda/0x00007fcd284c6fd8 (java.base@21.0.3)
1652:           119           1904  java.util.stream.StreamSpliterators$WrappingSpliterator$$Lambda/0x00007fcd284c7478 (java.base@21.0.3)
1653:           119           1904  org.opensearch.index.fielddata.SingletonSortedNumericDoubleValues
1654:           119           1904  org.opensearch.index.fielddata.plain.SortedNumericIndexFieldData$SingleFloatValues
1655:           119           1904  org.opensearch.search.aggregations.bucket.histogram.DateHistogramAggregator$$Lambda/0x00007fcd293c9c30
1656:            34           1904  sun.security.ssl.NamedGroup (java.base@21.0.3)
1657:            79           1896  java.util.Currency$OtherCurrencyEntry (java.base@21.0.3)
1658:            47           1880  org.opensearch.common.util.BigArrays$DoubleArrayWrapper
1659:            47           1880  org.opensearch.search.aggregations.bucket.terms.TermsAggregator$BucketCountThresholds
1660:            39           1872  com.fasterxml.jackson.databind.deser.impl.BeanPropertyMap
1661:            46           1840  org.opensearch.common.settings.Setting$DoubleParser
1662:            28           1792  java.util.zip.Deflater (java.base@21.0.3)
1663:            56           1792  joptsimple.internal.AbbreviationMap
1664:            28           1792  org.apache.logging.log4j.jul.CoreLogger
1665:            56           1792  org.opensearch.common.compress.DeflateCompressor$ReleasableReference
1666:            37           1776  java.util.concurrent.ConcurrentSkipListMap (java.base@21.0.3)
1667:            73           1752  com.google.common.collect.ImmutableMapEntry
1668:            54           1728  org.opensearch.action.support.GroupedActionListener
1669:            36           1728  org.opensearch.core.indices.breaker.CircuitBreakerStats
1670:            54           1728  sun.reflect.annotation.AnnotationType (java.base@21.0.3)
1671:            43           1720  jdk.internal.loader.URLClassPath (java.base@21.0.3)
1672:           107           1712  org.opensearch.common.util.iterable.Iterables$FlattenedIterables
1673:            71           1704  org.opensearch.common.util.concurrent.CountDown
1674:            53           1696  java.security.spec.EllipticCurve (java.base@21.0.3)
1675:           106           1696  java.util.regex.Pattern$Begin (java.base@21.0.3)
1676:            70           1680  com.fasterxml.jackson.dataformat.smile.SmileGenerator$SharedStringNode
1677:            42           1680  java.lang.WeakPairMap$Pair$Weak (java.base@21.0.3)
1678:            30           1680  java.util.concurrent.ConcurrentHashMap$KeyIterator (java.base@21.0.3)
1679:            26           1664  java.lang.invoke.InvokerBytecodeGenerator (java.base@21.0.3)
1680:            52           1664  sun.util.locale.BaseLocale$Key (java.base@21.0.3)
1681:            23           1656  sun.net.www.protocol.jar.URLJarFile (java.base@21.0.3)
1682:            41           1640  sun.security.ec.ECPublicKeyImpl (jdk.crypto.ec@21.0.3)
1683:            68           1632  java.util.LinkedHashMap$LinkedKeySet (java.base@21.0.3)
1684:            68           1632  org.opensearch.common.settings.Setting$$Lambda/0x00007fcd2853ec48
1685:            29           1624  com.fasterxml.jackson.databind.type.MapType
1686:            67           1608  org.apache.lucene.search.ConstantScoreQuery
1687:            33           1584  org.opensearch.action.admin.cluster.node.stats.NodesStatsRequest
1688:            66           1584  sun.security.ec.point.ProjectivePoint$Immutable (jdk.crypto.ec@21.0.3)
1689:            49           1568  org.apache.logging.slf4j.Log4jLogger
1690:            49           1568  org.opensearch.index.analysis.PreConfiguredTokenFilter
1691:            15           1560  [Lorg.apache.logging.log4j.core.util.datetime.FixedDateFormat$FixedFormat;
1692:            39           1560  javax.management.MBeanOperationInfo (java.management@21.0.3)
1693:            65           1560  org.opensearch.common.util.concurrent.OpenSearchExecutors$OpenSearchThreadFactory
1694:            65           1560  org.opensearch.performanceanalyzer.commons.stats.eval.impl.Sum
1695:            64           1536  com.fasterxml.jackson.databind.introspect.AnnotatedClass$Creators
1696:            32           1536  java.util.logging.LogManager$LoggerWeakRef (java.logging@21.0.3)
1697:            48           1536  javax.management.MBeanParameterInfo (java.management@21.0.3)
1698:            32           1536  org.apache.lucene.analysis.snowball.SnowballFilter
1699:            64           1536  org.objectweb.asm.commons.Method
1700:            64           1536  org.opensearch.common.recycler.DequeRecycler
1701:            64           1536  org.opensearch.common.recycler.Recyclers$1
1702:            32           1536  org.opensearch.index.seqno.ReplicationTracker$CheckpointState
1703:            24           1536  sun.security.ec.SunEC$ProviderServiceA (jdk.crypto.ec@21.0.3)
1704:             1           1528  [Ljava.lang.Character$UnicodeBlock; (java.base@21.0.3)
1705:            63           1520  [Lorg.opensearch.common.time.OpenSearchDateTimeFormatter;
1706:            38           1520  java.math.BigDecimal (java.base@21.0.3)
1707:            63           1512  java.time.format.DateTimePrintContext (java.base@21.0.3)
1708:            63           1512  java.util.Collections$2 (java.base@21.0.3)
1709:            63           1512  java.util.regex.Pattern$Dollar (java.base@21.0.3)
1710:            63           1512  org.apache.lucene.search.BooleanQuery$Builder
1711:            63           1512  org.opensearch.action.admin.cluster.node.hotthreads.NodeHotThreads
1712:            63           1512  org.opensearch.action.admin.cluster.node.hotthreads.TransportNodesHotThreadsAction$NodeRequest
1713:            47           1504  com.sun.management.internal.DiagnosticCommandImpl$Wrapper (jdk.management@21.0.3)
1714:            47           1504  org.opensearch.core.rest.RestStatus
1715:            52           1488  [Ljdk.internal.org.objectweb.asm.Type; (java.base@21.0.3)
1716:            62           1488  com.facebook.presto.matching.pattern.TypeOfPattern
1717:            62           1488  java.lang.module.ModuleDescriptor$Provides (java.base@21.0.3)
1718:            62           1488  java.lang.module.ResolvedModule (java.base@21.0.3)
1719:            62           1488  jdk.internal.module.SystemModuleFinders$2 (java.base@21.0.3)
1720:            62           1488  jdk.internal.module.SystemModuleFinders$SystemModuleReader (java.base@21.0.3)
1721:            37           1480  java.time.format.DateTimeFormatterBuilder$NanosPrinterParser (java.base@21.0.3)
1722:            91           1456  org.opensearch.common.settings.Setting$$Lambda/0x00007fcd2802bc50
1723:            91           1456  org.opensearch.common.settings.Setting$ListSetting$$Lambda/0x00007fcd2802c0b8
1724:            91           1456  org.opensearch.core.xcontent.ConstructingObjectParser$$Lambda/0x00007fcd284b72c8
1725:            16           1448  [Ljava.lang.Byte; (java.base@21.0.3)
1726:             7           1448  [Lorg.apache.lucene.analysis.pt.RSLPStemmerBase$Rule;
1727:            30           1440  java.lang.invoke.VarHandleReferences$FieldInstanceReadWrite (java.base@21.0.3)
1728:            30           1440  java.time.temporal.ChronoField (java.base@21.0.3)
1729:            36           1440  java.util.regex.Pattern$Loop (java.base@21.0.3)
1730:            45           1440  org.apache.logging.log4j.core.config.builder.api.Component
1731:            45           1440  org.opensearch.index.analysis.PreBuiltAnalyzerProviderFactory
1732:            45           1440  org.opensearch.plugins.SearchPlugin$AggregationSpec
1733:            42           1424  [Ljava.math.BigInteger; (java.base@21.0.3)
1734:            21           1408  [D (java.base@21.0.3)
1735:            44           1408  java.util.concurrent.FutureTask (java.base@21.0.3)
1736:            44           1408  org.apache.lucene.analysis.pt.RSLPStemmerBase$RuleWithSetExceptions
1737:            22           1408  sun.security.ssl.SignatureScheme (java.base@21.0.3)
1738:            48           1400  [Ljavax.management.MBeanOperationInfo; (java.management@21.0.3)
1739:            35           1400  org.opensearch.performanceanalyzer.commons.stats.metrics.StatMetrics
1740:            58           1392  org.opensearch.plugins.SearchPlugin$QuerySpec
1741:            87           1392  sun.security.x509.GeneralName (java.base@21.0.3)
1742:             1           1376  [Ljdk.internal.math.FDBigInteger; (java.base@21.0.3)
1743:            43           1376  java.security.UnresolvedPermission (java.base@21.0.3)
1744:             1           1368  [Lsun.security.ssl.CipherSuite; (java.base@21.0.3)
1745:            57           1368  com.fasterxml.jackson.core.sym.CharsToNameCanonicalizer$Bucket
1746:            34           1360  com.fasterxml.jackson.databind.MapperFeature
1747:            34           1360  com.fasterxml.jackson.databind.MapperFeature
1748:            34           1360  com.fasterxml.jackson.databind.MapperFeature
1749:            17           1360  com.fasterxml.jackson.databind.util.internal.PrivateMaxEntriesMap
1750:            42           1344  java.lang.WeakPairMap$Pair$Weak$1 (java.base@21.0.3)
1751:            42           1344  java.util.RegularEnumSet$EnumSetIterator (java.base@21.0.3)
1752:            21           1344  org.apache.logging.log4j.core.util.datetime.FixedDateFormat$FixedFormat
1753:            33           1320  java.util.logging.Logger$ConfigurationData (java.logging@21.0.3)
1754:            55           1320  java.util.regex.Pattern$Bound (java.base@21.0.3)
1755:            55           1320  org.apache.lucene.search.BooleanClause
1756:            27           1296  com.fasterxml.jackson.databind.deser.std.StringCollectionDeserializer
1757:            54           1296  java.net.NetPermission (java.base@21.0.3)
1758:            27           1296  org.opensearch.script.ScriptCache
1759:             9           1296  org.opensearch.search.builder.SearchSourceBuilder
1760:            54           1296  org.opensearch.threadpool.ThreadPool$ExecutorHolder
1761:            16           1280  [Lio.netty.handler.codec.CodecOutputList;
1762:            53           1272  org.bouncycastle.asn1.ASN1ObjectIdentifier$OidHandle
1763:            79           1264  org.opensearch.sql.expression.function.FunctionDSL$$Lambda/0x00007fcd28b40848
1764:            40           1248  [Lcom.fasterxml.jackson.databind.deser.SettableBeanProperty;
1765:             5           1240  org.opensearch.search.DefaultSearchContext
1766:            77           1232  org.opensearch.core.xcontent.NamedXContentRegistry$Entry$$Lambda/0x00007fcd28484208
1767:             8           1216  io.netty.channel.nio.NioEventLoop
1768:            15           1200  java.util.concurrent.ThreadPoolExecutor (java.base@21.0.3)
1769:            15           1200  org.opensearch.search.aggregations.bucket.terms.TermsAggregationBuilder
1770:            25           1200  org.opensearch.search.aggregations.support.ValuesSourceConfig
1771:            47           1184  [Lcom.sun.management.internal.DiagnosticCommandArgumentInfo; (jdk.management@21.0.3)
1772:            37           1184  org.opensearch.knn.plugin.stats.StatNames
1773:            21           1176  java.lang.invoke.BoundMethodHandle$Species_LLLJ (java.base@21.0.3)
1774:            73           1168  org.opensearch.common.settings.Setting$$Lambda/0x00007fcd2802c538
1775:            18           1152  [Lio.netty.util.internal.PriorityQueueNode;
1776:             8           1152  [Ljava.lang.invoke.VarHandle$AccessMode; (java.base@21.0.3)
1777:            24           1152  com.fasterxml.jackson.databind.ser.BeanSerializer
1778:            16           1152  com.fasterxml.jackson.databind.ser.std.MapSerializer
1779:             9           1152  com.google.common.cache.LocalCache
1780:            72           1152  java.lang.Float (java.base@21.0.3)
1781:            24           1152  java.lang.invoke.BoundMethodHandle$SpeciesData (java.base@21.0.3)
1782:            24           1152  java.util.Hashtable (java.base@21.0.3)
1783:            72           1152  java.util.concurrent.atomic.AtomicLongArray (java.base@21.0.3)
1784:            24           1152  java.util.concurrent.locks.ReentrantReadWriteLock$FairSync (java.base@21.0.3)
1785:            48           1152  org.opensearch.common.settings.Setting$ByteSizeValueParser
1786:            36           1152  org.opensearch.sql.legacy.metrics.MetricName
1787:            18           1152  sun.security.ec.SunEC$ProviderService (jdk.crypto.ec@21.0.3)
1788:             2           1144  [Lsun.security.util.KnownOIDs; (java.base@21.0.3)
1789:            71           1136  org.opensearch.common.settings.Setting$$Lambda/0x00007fcd2802b7c8
1790:            28           1128  [Lorg.opensearch.common.settings.Setting;
1791:            47           1128  com.fasterxml.jackson.databind.ser.impl.PropertySerializerMap$Single
1792:            47           1128  sun.security.util.LazyCodeSourcePermissionCollection (java.base@21.0.3)
1793:            14           1120  com.fasterxml.jackson.databind.util.internal.PrivateMaxEntriesMap
1794:            28           1120  io.netty.buffer.LongLongHashMap
1795:            10           1120  org.opensearch.index.query.QueryShardContext
1796:            46           1104  com.fasterxml.jackson.databind.introspect.TypeResolutionContext$Basic
1797:            46           1104  org.apache.logging.log4j.message.SimpleMessage
1798:            34           1088  java.util.concurrent.atomic.AtomicReferenceFieldUpdater$AtomicReferenceFieldUpdaterImpl (java.base@21.0.3)
1799:            68           1088  org.opensearch.common.settings.Setting$$Lambda/0x00007fcd280c8d60
1800:            34           1088  sun.security.ssl.Alert (java.base@21.0.3)
1801:             2           1080  [Ljava.lang.Integer; (java.base@21.0.3)
1802:            15           1080  com.fasterxml.jackson.databind.deser.std.MapDeserializer
1803:            27           1080  org.opensearch.painless.lookup.PainlessLookup
1804:            27           1080  org.opensearch.script.ScriptContext
1805:            15           1080  sun.security.ssl.SSLCipher (java.base@21.0.3)
1806:            26           1072  [Ljava.lang.invoke.MethodType; (java.base@21.0.3)
1807:            67           1072  java.util.Collections$ReverseComparator2 (java.base@21.0.3)
1808:             2           1056  [Lio.netty.buffer.PoolArena;
1809:            22           1056  java.io.ClassCache$CacheRef (java.base@21.0.3)
1810:            44           1056  java.lang.management.ManagementPermission (java.management@21.0.3)
1811:            66           1056  java.util.Comparator$$Lambda/0x00007fcd289f2cc8 (java.base@21.0.3)
1812:            66           1056  org.apache.lucene.analysis.tokenattributes.KeywordAttributeImpl
1813:            33           1056  org.objectweb.asm.Type
1814:            66           1056  org.opensearch.common.settings.Setting$$Lambda/0x00007fcd2854d890
1815:            66           1056  sun.security.util.ECParameters (java.base@21.0.3)
1816:             1           1040  [Ljava.lang.Long; (java.base@21.0.3)
1817:             1           1040  [Ljava.lang.Short; (java.base@21.0.3)
1818:            26           1040  com.sun.jmx.mbeanserver.MXBeanSupport (java.management@21.0.3)
1819:            13           1040  com.sun.jna.Structure$FFIType
1820:            65           1040  java.util.TreeMap$Values (java.base@21.0.3)
1821:            43           1032  com.sun.jmx.mbeanserver.PerInterface$MethodAndSig (java.management@21.0.3)
1822:            43           1032  org.apache.lucene.util.CharsRef
1823:            32           1024  org.opensearch.core.xcontent.ConstructingObjectParser
1824:            32           1024  org.opensearch.security.securityconf.impl.v7.RoleV7
1825:            32           1024  sun.security.provider.PolicyFile (java.base@21.0.3)
1826:            32           1024  sun.security.provider.PolicyFile$PolicyInfo (java.base@21.0.3)
1827:            32           1024  sun.security.x509.DistributionPoint (java.base@21.0.3)
1828:            41           1008  [Ljavax.management.MBeanParameterInfo; (java.management@21.0.3)
1829:            14           1008  com.fasterxml.jackson.core.io.IOContext
1830:            14           1008  com.fasterxml.jackson.core.sym.ByteQuadsCanonicalizer
1831:            63           1008  com.fasterxml.jackson.databind.introspect.AnnotatedMethodMap
1832:            63           1008  java.lang.management.ManagementFactory$PlatformMBeanFinder$$Lambda/0x00007fcd280e1030 (java.management@21.0.3)
1833:            63           1008  java.lang.management.ManagementFactory$PlatformMBeanFinder$$Lambda/0x00007fcd280e1280 (java.management@21.0.3)
1834:            42           1008  java.time.format.DateTimeFormatterBuilder$OffsetIdPrinterParser (java.base@21.0.3)
1835:            42           1008  org.opensearch.semver.SemverRange
1836:            21           1008  org.opensearch.sql.legacy.metrics.RollingCounter
1837:            21           1008  sun.security.ssl.SSLHandshake (java.base@21.0.3)
1838:            63           1008  sun.security.x509.DNSName (java.base@21.0.3)
1839:            25           1000  [Lorg.opensearch.action.support.IndicesOptions$Option;
1840:            25           1000  org.apache.lucene.codecs.lucene90.Lucene90DocValuesProducer$2
1841:            25           1000  org.opensearch.ratelimitting.admissioncontrol.transport.AdmissionControlTransportHandler
1842:            31            992  io.netty.channel.ChannelOption
1843:            31            992  java.lang.invoke.VarHandle$AccessMode (java.base@21.0.3)
1844:            31            992  java.security.Policy$PolicyDelegate (java.base@21.0.3)
1845:            62            992  jdk.proxy2.$Proxy1 (jdk.proxy2)
1846:            31            992  org.opensearch.search.aggregations.bucket.terms.GlobalOrdinalsStringTermsAggregator$2
1847:            41            984  org.opensearch.common.settings.Setting$$Lambda/0x00007fcd280c4000
1848:            42            968  [Lsun.security.ssl.ProtocolVersion; (java.base@21.0.3)
1849:            24            960  [Ljava.lang.invoke.BoundMethodHandle$SpeciesData; (java.base@21.0.3)
1850:            12            960  java.lang.invoke.BoundMethodHandle$Species_LLLLLLLLLLLL (java.base@21.0.3)
1851:            20            960  javax.management.openmbean.ArrayType (java.management@21.0.3)
1852:            60            960  jdk.internal.module.SystemModuleFinders$3 (java.base@21.0.3)
1853:            12            960  jdk.internal.reflect.DelegatingClassLoader (java.base@21.0.3)
1854:            40            960  org.apache.logging.log4j.core.pattern.SimpleLiteralPatternConverter$StringValue
1855:            30            960  org.opensearch.core.xcontent.ObjectParser$ValueType
1856:            60            960  org.opensearch.indices.analysis.PreBuiltCacheFactory$PreBuiltCacheStrategyOne
1857:            15            960  org.opensearch.search.aggregations.bucket.terms.TermsAggregatorFactory
1858:            30            960  org.opensearch.security.securityconf.ConfigModelV7$IndexPattern
1859:            24            960  org.opensearch.security.ssl.SecureSSLSettings$InsecureFallbackStringSetting
1860:            24            960  org.opensearch.securityanalytics.model.LogType
1861:            40            960  org.opensearch.sql.opensearch.setting.OpenSearchSettings$Updater
1862:            30            960  org.opensearch.timeseries.stats.StatNames
1863:            59            944  org.opensearch.common.settings.Setting$$Lambda/0x00007fcd280bf0d0
1864:            29            928  com.fasterxml.jackson.databind.DeserializationFeature
1865:            29            928  com.fasterxml.jackson.databind.DeserializationFeature
1866:            29            928  jdk.internal.reflect.MethodHandleBooleanFieldAccessorImpl (java.base@21.0.3)
1867:            58            928  org.opensearch.search.SearchModule$$Lambda/0x00007fcd287662c8
1868:            23            920  java.lang.reflect.AccessFlag (java.base@21.0.3)
1869:            23            920  org.opensearch.security.support.ModuleType
1870:            38            912  java.time.format.DateTimeFormatterBuilder$ZoneIdPrinterParser (java.base@21.0.3)
1871:            38            912  org.apache.lucene.analysis.lv.LatvianStemmer$Affix
1872:            19            912  org.apache.lucene.util.automaton.Automaton
1873:            38            912  org.bouncycastle.jce.provider.BouncyCastleProvider$JcaCryptoService
1874:            19            912  org.opensearch.common.cache.Cache$Entry
1875:            38            912  org.opensearch.index.analysis.PreConfiguredTokenFilter$2
1876:            19            912  org.opensearch.security.securityconf.impl.SecurityDynamicConfiguration
1877:            14            896  com.fasterxml.jackson.core.sym.CharsToNameCanonicalizer
1878:            28            896  com.fasterxml.jackson.databind.DeserializationFeature
1879:            16            896  io.netty.buffer.PoolThreadCache
1880:            16            896  java.util.logging.Logger (java.logging@21.0.3)
1881:            16            896  javax.management.openmbean.OpenMBeanParameterInfoSupport (java.management@21.0.3)
1882:            28            896  org.apache.logging.log4j.jul.WrappedLogger
1883:            28            896  org.opensearch.common.util.concurrent.OpenSearchExecutors$ExecutorScalingQueue
1884:            37            888  java.time.Duration (java.base@21.0.3)
1885:            37            888  org.opensearch.action.support.IndicesOptions
1886:            10            880  com.fasterxml.jackson.dataformat.smile.SmileGenerator
1887:            22            880  com.google.common.collect.RegularImmutableMap
1888:            36            864  [Lorg.opensearch.common.bytes.ReleasableBytesReference;
1889:            27            864  com.sun.jmx.mbeanserver.WeakIdentityHashMap$IdentityWeakReference (java.management@21.0.3)
1890:            27            864  java.util.logging.LogManager$LogNode (java.logging@21.0.3)
1891:            36            864  java.util.regex.Pattern$Prolog (java.base@21.0.3)
1892:            27            864  jdk.internal.math.FloatingDecimal$ASCIIToBinaryBuffer (java.base@21.0.3)
1893:            36            864  org.apache.lucene.search.Multiset
1894:            54            864  org.opensearch.cluster.NodeConnectionsService$ConnectionChecker$$Lambda/0x00007fcd293a5438
1895:            54            864  org.opensearch.common.settings.Setting$$Lambda/0x00007fcd280c4240
1896:            54            864  org.opensearch.common.settings.Setting$$Lambda/0x00007fcd280c4480
1897:            18            864  org.opensearch.core.common.bytes.AbstractBytesReference$BytesReferenceStreamInput
1898:            27            864  org.opensearch.script.ScriptCache$TokenBucketState
1899:            35            840  com.google.common.collect.ImmutableMapEntry$NonTerminalImmutableMapEntry
1900:            21            840  java.lang.NoSuchMethodError (java.base@21.0.3)
1901:            21            840  org.apache.lucene.store.NIOFSDirectory
1902:            15            840  org.apache.lucene.util.packed.PackedLongValues$Builder
1903:            21            840  org.opensearch.cluster.metadata.ComposableIndexTemplate
1904:            35            840  org.opensearch.cluster.service.ClusterManagerTaskThrottler$ThrottlingKey
1905:            15            840  org.opensearch.common.util.LongLongHash
1906:            35            840  org.opensearch.knn.plugin.stats.KNNStat
1907:            35            840  org.opensearch.search.aggregations.support.ValuesSourceRegistry$RegistryKey
1908:            35            840  org.opensearch.sql.legacy.metrics.NumericMetric
1909:            21            840  org.opensearch.threadpool.Scheduler$ReschedulingRunnable
1910:            23            832  [Lcom.fasterxml.jackson.databind.ser.BeanPropertyWriter;
1911:             1            832  [Lorg.opensearch.sql.expression.function.BuiltinFunctionName;
1912:            26            832  com.fasterxml.jackson.databind.SerializationFeature
1913:            26            832  com.fasterxml.jackson.databind.SerializationFeature
1914:            26            832  com.fasterxml.jackson.databind.SerializationFeature
1915:            13            832  org.jcp.xml.dsig.internal.dom.XMLDSigRI$ProviderService (java.xml.crypto@21.0.3)
1916:            26            832  org.opensearch.action.admin.cluster.node.stats.NodesStatsRequest$Metric
1917:            52            832  org.opensearch.common.lifecycle.Lifecycle
1918:            26            832  org.opensearch.security.securityconf.impl.v7.ActionGroupsV7
1919:            26            832  org.opensearch.threadpool.ScalingExecutorBuilder
1920:            51            816  jdk.proxy2.$Proxy7 (jdk.proxy2)
1921:            34            816  org.opensearch.timeseries.stats.TimeSeriesStat
1922:            17            816  org.opensearch.transport.TcpTransport$NodeChannels
1923:            35            800  [Lorg.apache.lucene.search.BooleanClause;
1924:            25            800  [Lorg.opensearch.action.support.IndicesOptions$WildcardStates;
1925:            20            800  java.util.concurrent.CompletableFuture$UniHandle (java.base@21.0.3)
1926:            25            800  java.util.concurrent.atomic.AtomicLongFieldUpdater$CASUpdater (java.base@21.0.3)
1927:            20            800  org.opensearch.common.io.stream.BytesStreamOutput
1928:            25            800  org.opensearch.indices.fielddata.cache.IndicesFieldDataCache$IndexFieldCache
1929:            20            800  sun.nio.fs.UnixDirectoryStream (java.base@21.0.3)
1930:            11            792  org.apache.logging.log4j.core.config.LoggerConfig
1931:            33            792  org.opensearch.action.admin.cluster.node.stats.TransportNodesStatsAction$NodeStatsRequest
1932:            33            792  org.opensearch.transport.netty4.Netty4MessageChannelHandler$$Lambda/0x00007fcd29381048
1933:            14            784  javax.management.openmbean.CompositeType (java.management@21.0.3)
1934:            32            768  [Ljdk.internal.access.JavaSecurityAccess$ProtectionDomainCache; (java.base@21.0.3)
1935:            16            768  com.fasterxml.jackson.databind.ser.impl.IndexedListSerializer
1936:            32            768  com.sun.jmx.mbeanserver.DefaultMXBeanMappingFactory$IdentityMapping (java.management@21.0.3)
1937:            12            768  io.github.resilience4j.retry.internal.RetryImpl
1938:            24            768  java.util.LinkedList$ListItr (java.base@21.0.3)
1939:            16            768  org.opensearch.index.query.BoolQueryBuilder
1940:            16            768  org.opensearch.index.shard.ReplicationGroup
1941:            24            768  org.opensearch.threadpool.FixedExecutorBuilder$$Lambda/0x00007fcd2851d548
1942:            32            768  sun.security.x509.AccessDescription (java.base@21.0.3)
1943:            24            768  sun.security.x509.CRLDistributionPointsExtension (java.base@21.0.3)
1944:            48            768  sun.security.x509.GeneralNames (java.base@21.0.3)
1945:            24            768  sun.security.x509.OIDMap$OIDInfo (java.base@21.0.3)
1946:            31            744  com.facebook.presto.matching.Property
1947:            31            744  com.facebook.presto.matching.PropertyPattern
1948:            31            744  com.facebook.presto.matching.pattern.CapturePattern
1949:            31            744  com.facebook.presto.matching.pattern.WithPattern
1950:            31            744  java.security.Provider$EngineDescription (java.base@21.0.3)
1951:            31            744  java.util.regex.Pattern$$Lambda/0x00007fcd2815f490 (java.base@21.0.3)
1952:            31            744  org.opensearch.sql.expression.function.FunctionDSL$$Lambda/0x00007fcd28b308a8
1953:            23            736  org.joda.time.DateTimeFieldType$StandardDateTimeFieldType
1954:            23            736  org.opensearch.performanceanalyzer.commons.metrics.AllMetrics$ShardStatsValue
1955:            23            736  org.opensearch.security.securityconf.impl.v7.RoleV7$Index
1956:            23            736  org.yaml.snakeyaml.tokens.Token$ID
1957:            23            728  [Ljava.lang.annotation.ElementType; (java.base@21.0.3)
1958:            13            728  com.fasterxml.jackson.databind.deser.std.CollectionDeserializer
1959:            30            720  com.google.common.collect.ImmutableMapEntry
1960:            15            720  java.util.Currency$SpecialCaseEntry (java.base@21.0.3)
1961:            15            720  java.util.concurrent.LinkedBlockingQueue (java.base@21.0.3)
1962:            30            720  java.util.zip.Deflater$DeflaterZStreamRef (java.base@21.0.3)
1963:            15            720  org.apache.lucene.index.OrdinalMap
1964:            18            720  org.apache.lucene.search.BooleanQuery
1965:            18            720  org.apache.lucene.util.automaton.CharacterRunAutomaton
1966:            45            720  org.bouncycastle.pqc.jcajce.provider.sphincsplus.SPHINCSPlusKeyFactorySpi
1967:            18            720  org.opensearch.action.admin.indices.stats.IndicesStatsRequest
1968:            18            720  org.opensearch.action.support.broadcast.node.TransportBroadcastByNodeAction$NodeRequest
1969:            18            720  org.opensearch.action.support.broadcast.node.TransportBroadcastByNodeAction$NodeResponse
1970:            18            720  org.opensearch.cluster.NodeConnectionsService$ConnectionTarget
1971:            30            720  org.opensearch.common.inject.internal.MatcherAndConverter
1972:            18            720  org.opensearch.core.common.bytes.CompositeBytesReference
1973:            30            720  org.opensearch.script.ScriptCache$CompilationRate
1974:            45            720  org.opensearch.search.SearchModule$$Lambda/0x00007fcd287a65d8
1975:            18            720  org.opensearch.security.securityconf.impl.v7.RoleMappingsV7
1976:            18            720  sun.security.util.MemoryCache (java.base@21.0.3)
1977:            44            704  io.netty.util.concurrent.DefaultPromise$1
1978:            22            704  java.lang.invoke.VarForm (java.base@21.0.3)
1979:            22            704  java.lang.reflect.ClassFileFormatVersion (java.base@21.0.3)
1980:            11            704  java.security.SecureRandom (java.base@21.0.3)
1981:            22            704  java.util.concurrent.atomic.AtomicIntegerFieldUpdater$AtomicIntegerFieldUpdaterImpl (java.base@21.0.3)
1982:            22            704  org.opensearch.common.settings.Setting$FloatParser
1983:            22            704  org.opensearch.sql.common.setting.Settings$Key
1984:            29            696  java.lang.ProcessEnvironment$Value (java.base@21.0.3)
1985:            29            696  java.lang.ProcessEnvironment$Variable (java.base@21.0.3)
1986:            29            696  java.util.BitSet (java.base@21.0.3)
1987:            29            696  java.util.Collections$1 (java.base@21.0.3)
1988:            29            696  org.opensearch.common.settings.Setting$2
1989:            29            696  sun.security.x509.PolicyInformation (java.base@21.0.3)
1990:            43            688  org.opensearch.action.support.nodes.TransportNodesAction$NodeTransportHandler
1991:            17            680  org.opensearch.common.settings.SecureSetting$SecureStringSetting
1992:            17            680  org.opensearch.transport.ClusterConnectionManager$$Lambda/0x00007fcd2918df98
1993:            17            680  org.opensearch.transport.TcpTransport$ChannelCloseLogger
1994:            17            680  org.opensearch.transport.TcpTransport$ChannelsConnectedListener
1995:            17            680  org.opensearch.transport.TransportHandshaker$HandshakeResponseHandler
1996:            17            680  sun.security.ssl.CipherSuite$KeyExchange (java.base@21.0.3)
1997:            14            672  com.fasterxml.jackson.databind.type.SimpleType
1998:            14            672  com.fasterxml.jackson.databind.type.SimpleType
1999:            28            672  com.sun.jmx.mbeanserver.NamedObject (java.management@21.0.3)
2000:            28            672  java.util.concurrent.LinkedTransferQueue (java.base@21.0.3)
2001:            28            672  java.util.regex.Pattern$$Lambda/0x00007fcd2815f238 (java.base@21.0.3)
2002:            42            672  jdk.proxy4.$Proxy23 (jdk.proxy4)
2003:            28            672  org.opensearch.core.tasks.resourcetracker.ResourceUsageMetric
2004:            21            672  sun.security.x509.CertificatePoliciesExtension (java.base@21.0.3)
2005:            41            656  jdk.proxy5.$Proxy36 (jdk.proxy5)
2006:            27            648  com.google.common.collect.ImmutableMapEntry
2007:            27            648  org.joni.constants.internal.TokenType
2008:            27            648  org.opensearch.common.inject.TypeConverterBindingProcessor$6
2009:            27            648  org.opensearch.painless.Compiler
2010:            27            648  org.opensearch.script.ScriptMetrics
2011:            27            648  org.opensearch.script.ScriptService$$Lambda/0x00007fcd28708a90
2012:            40            640  jdk.proxy2.$Proxy12 (jdk.proxy2)
2013:            20            640  org.opensearch.common.cache.Cache$$Lambda/0x00007fcd292e9ca0
2014:            40            640  org.opensearch.indices.analysis.PreBuiltCacheFactory$PreBuiltCacheStrategyLucene
2015:            16            640  org.opensearch.painless.spi.WhitelistClassBinding
2016:             3            624  [Ljava.lang.invoke.LambdaForm; (java.base@21.0.3)
2017:            13            624  com.fasterxml.jackson.core.JsonToken
2018:            26            624  java.lang.invoke.InvokerBytecodeGenerator$ClassData (java.base@21.0.3)
2019:            26            624  java.security.spec.ECFieldF2m (java.base@21.0.3)
2020:            26            624  java.util.ImmutableCollections$SetN$SetNIterator (java.base@21.0.3)
2021:            13            624  org.opensearch.common.settings.Setting$GroupSetting
2022:            39            624  org.opensearch.index.analysis.PreConfiguredTokenFilter$$Lambda/0x00007fcd2869df98
2023:            26            616  [Lorg.opensearch.search.aggregations.AggregatorFactory;
2024:             7            616  org.opensearch.painless.lookup.PainlessLookupBuilder$BridgeLoader
2025:            19            608  com.fasterxml.jackson.core.JsonParser$Feature
2026:            19            608  com.fasterxml.jackson.databind.BeanProperty$Std
2027:            38            608  org.opensearch.index.analysis.PreBuiltAnalyzerProviderFactory$$Lambda/0x00007fcd286a8510
2028:            19            608  org.opensearch.rest.RestHandler$ReplacedRoute
2029:            19            608  sun.nio.ch.ChannelOutputStream (java.base@21.0.3)
2030:            25            600  [Lorg.opensearch.index.fielddata.IndexFieldDataCache$Listener;
2031:            15            600  com.fasterxml.jackson.databind.deser.SettableAnyProperty$MethodAnyProperty
2032:            25            600  java.lang.ThreadLocal$SuppliedThreadLocal (java.base@21.0.3)
2033:            25            600  org.opensearch.common.unit.SizeValue
2034:            15            600  org.opensearch.index.fielddata.ordinals.GlobalOrdinalsIndexFieldData
2035:            25            600  org.opensearch.index.query.QueryShardContext$$Lambda/0x00007fcd292e6000
2036:            25            600  org.opensearch.search.aggregations.AggregatorBase$1
2037:             5            600  org.opensearch.search.aggregations.bucket.histogram.DateHistogramAggregator
2038:            25            600  org.opensearch.search.aggregations.support.FieldContext
2039:            25            600  sun.reflect.generics.repository.FieldRepository (java.base@21.0.3)
2040:            25            600  sun.security.x509.Extension (java.base@21.0.3)
2041:            21            576  [Lcom.google.common.collect.ImmutableMapEntry;
2042:             2            576  [Ljava.lang.Character; (java.base@21.0.3)
2043:            12            576  com.fasterxml.jackson.core.json.JsonWriteContext
2044:            24            576  java.lang.NamedPackage (java.base@21.0.3)
2045:            18            576  java.security.cert.PolicyQualifierInfo (java.base@21.0.3)
2046:             4            576  java.text.DecimalFormat (java.base@21.0.3)
2047:            36            576  javax.security.auth.x500.X500Principal (java.base@21.0.3)
2048:            24            576  org.opensearch.core.xcontent.ConstructingObjectParser$$Lambda/0x00007fcd287b8800
2049:            18            576  org.opensearch.security.dlic.rest.api.RequestHandler$RequestHandlersBuilder
2050:            24            576  org.opensearch.threadpool.FixedExecutorBuilder
2051:             6            560  [Lcom.google.common.collect.ImmutableMapEntry;
2052:            25            560  [Lorg.opensearch.search.aggregations.Aggregator;
2053:            14            560  com.fasterxml.jackson.core.sym.ByteQuadsCanonicalizer$TableInfo
2054:            14            560  com.sun.jmx.mbeanserver.PerInterface (java.management@21.0.3)
2055:             7            560  java.util.concurrent.TimeUnit (java.base@21.0.3)
2056:            14            560  javax.management.openmbean.SimpleType (java.management@21.0.3)
2057:            35            560  jdk.proxy4.$Proxy19 (jdk.proxy4)
2058:             5            560  org.apache.logging.log4j.core.appender.rolling.RollingFileManager
2059:            14            560  org.apache.lucene.search.ConstantScoreScorer
2060:            10            560  org.apache.lucene.store.FSDirectory$FSIndexOutput
2061:            14            560  org.greenrobot.eventbus.SubscriberMethod
2062:            14            560  org.opensearch.cluster.block.ClusterBlock
2063:             5            560  org.opensearch.index.query.QueryStringQueryBuilder
2064:            14            560  org.opensearch.performanceanalyzer.commons.stats.metrics.CollectorMetrics
2065:             5            560  org.opensearch.search.internal.ShardSearchRequest
2066:            10            560  sun.invoke.util.Wrapper (java.base@21.0.3)
2067:            14            560  sun.util.locale.provider.LocaleResources$ResourceReference (java.base@21.0.3)
2068:            23            552  org.opensearch.common.util.concurrent.SizeBlockingQueue
2069:            23            544  [Ljava.nio.file.Path; (java.base@21.0.3)
2070:            17            544  io.netty.util.concurrent.DefaultPromise
2071:            17            544  org.apache.lucene.search.Multiset$1
2072:            17            544  org.opensearch.action.support.ThreadedActionListener
2073:            34            544  org.opensearch.core.xcontent.ObjectParser$$Lambda/0x00007fcd284b6a60
2074:            17            544  org.opensearch.sql.data.type.ExprCoreType
2075:            17            544  org.opensearch.transport.ClusterConnectionManager$$Lambda/0x00007fcd2918e5f8
2076:            17            544  org.opensearch.transport.ClusterConnectionManager$$Lambda/0x00007fcd29194f50
2077:             1            528  [Lcom.fasterxml.jackson.databind.ser.impl.ReadOnlyClassToSerializerMap$Bucket;
2078:            10            528  [Lcom.google.common.collect.ImmutableMapEntry;
2079:             1            528  [Ljava.util.concurrent.ForkJoinPool$WorkQueue; (java.base@21.0.3)
2080:            22            528  com.google.common.collect.ImmutableMapEntry
2081:            11            528  io.protostuff.runtime.RuntimeReflectionFieldFactory$13$1
2082:            22            528  kotlin.coroutines.CombinedContext
2083:            22            528  org.apache.lucene.util.FixedBitSet
2084:            22            528  org.opensearch.cluster.metadata.Template
2085:            11            528  org.opensearch.search.aggregations.support.ValueType
2086:            13            520  com.fasterxml.jackson.core.json.JsonReadFeature
2087:             5            520  sun.util.calendar.ImmutableGregorianDate (java.base@21.0.3)
2088:            23            512  [Ljavax.management.MBeanNotificationInfo; (java.management@21.0.3)
2089:            16            512  com.fasterxml.jackson.core.io.ContentReference
2090:             8            512  com.sun.security.sasl.Provider$ProviderService (java.security.sasl@21.0.3)
2091:            16            512  io.netty.buffer.PoolThreadCache$NormalMemoryRegionCache
2092:            16            512  io.netty.handler.codec.CodecOutputList$CodecOutputLists
2093:            32            512  java.security.ProtectionDomain$JavaSecurityAccessImpl$1 (java.base@21.0.3)
2094:            16            512  java.time.temporal.ChronoUnit (java.base@21.0.3)
2095:             4            512  org.apache.lucene.util.bkd.BKDReader$BKDPointTree
2096:            16            512  org.bouncycastle.jcajce.provider.asymmetric.compositesignatures.CompositeSignaturesConstants$CompositeName
2097:            16            512  org.opensearch.action.admin.indices.stats.CommonStatsFlags$Flag
2098:            16            512  org.opensearch.knn.plugin.stats.KNNCounter
2099:            16            512  org.opensearch.painless.lookup.PainlessClassBinding
2100:            16            512  org.opensearch.plugins.SearchPlugin$PipelineAggregationSpec
2101:             7            504  org.apache.lucene.codecs.lucene99.Lucene99Codec
2102:            21            504  org.joda.time.format.DateTimeFormatterBuilder$MatchingParser
2103:            21            504  org.opensearch.common.inject.TypeConverterBindingProcessor$5
2104:            21            504  org.opensearch.index.analysis.PreConfiguredTokenizer$$Lambda/0x00007fcd29256e08
2105:            21            504  org.opensearch.index.analysis.TokenizerFactory$1
2106:            21            504  org.opensearch.search.internal.ExitableDirectoryReader$ExitablePointValues
2107:            21            504  org.opensearch.threadpool.ThreadPool$$Lambda/0x00007fcd28546bb8
2108:            21            504  org.opensearch.threadpool.ThreadPool$$Lambda/0x00007fcd28546de8
2109:            21            504  sun.security.x509.AVAKeyword (java.base@21.0.3)
2110:            31            496  com.facebook.presto.matching.Capture
2111:            31            496  com.google.common.collect.RegularImmutableList
2112:            31            496  java.security.URIParameter (java.base@21.0.3)
2113:            31            496  org.opensearch.common.util.concurrent.OpenSearchAbortPolicy
2114:            31            496  org.opensearch.core.xcontent.AbstractObjectParser$$Lambda/0x00007fcd284bdcf8
2115:            31            496  sun.security.provider.PolicySpiFile (java.base@21.0.3)
2116:            19            488  [Lsun.security.ssl.NamedGroup$NamedGroupSpec; (java.base@21.0.3)
2117:             3            480  [Lorg.opensearch.performanceanalyzer.commons.stats.metrics.StatMetrics;
2118:             5            480  com.fasterxml.jackson.databind.DeserializationConfig
2119:            20            480  com.google.common.cache.LocalCache$AccessQueue$1
2120:            20            480  com.google.common.cache.LocalCache$WriteQueue$1
2121:            12            480  com.google.common.collect.RegularImmutableMap
2122:            12            480  com.sun.jmx.mbeanserver.DefaultMXBeanMappingFactory$CompositeMapping (java.management@21.0.3)
2123:            12            480  io.github.resilience4j.core.IntervalFunction$$Lambda/0x00007fcd28b91800
2124:            12            480  io.github.resilience4j.retry.RetryConfig
2125:            15            480  io.netty.util.internal.logging.Log4J2Logger
2126:            12            480  java.lang.OutOfMemoryError (java.base@21.0.3)
2127:            12            480  org.apache.lucene.analysis.core.DecimalDigitFilter
2128:            20            480  org.apache.lucene.index.SegmentDocValuesProducer
2129:            12            480  org.apache.lucene.search.LRUQueryCache$CachingWrapperWeight
2130:            12            480  org.joni.Syntax
2131:            12            480  org.opensearch.cluster.routing.RoutingNode
2132:            15            480  org.opensearch.common.settings.Setting$AffixSetting$2
2133:            15            480  org.opensearch.index.fielddata.plain.SortedSetOrdinalsIndexFieldData
2134:            15            480  org.opensearch.index.mapper.FieldTypeInference
2135:            30            480  org.opensearch.index.mapper.ParametrizedFieldMapper$TypeParser
2136:            20            480  org.opensearch.index.query.support.NestedScope
2137:            10            480  org.opensearch.monitor.process.ProcessStats
2138:            15            480  org.opensearch.search.aggregations.bucket.histogram.LongBounds
2139:             5            480  org.opensearch.search.query.QuerySearchResult
2140:             5            480  org.opensearch.security.configuration.DlsFlsFilterLeafReader$DlsFlsDirectoryReader
2141:            20            480  org.opensearch.security.securityconf.ConfigModelV7$SecurityRole
2142:            12            480  org.opensearch.security.securityconf.impl.v7.InternalUserV7
2143:            12            480  org.opensearch.security.ssl.SecureSSLSettings$SSLSetting
2144:            15            480  org.opensearch.sql.common.setting.LegacySettings$Key
2145:            20            480  org.opensearch.sql.legacy.esdomain.LocalClusterState$$Lambda/0x00007fcd28b16740
2146:            20            480  sun.nio.fs.UnixDirectoryStream$UnixDirectoryIterator (java.base@21.0.3)
2147:            20            480  sun.nio.fs.UnixSecureDirectoryStream (java.base@21.0.3)
2148:            29            464  sun.security.x509.CertificatePolicyId (java.base@21.0.3)
2149:            19            456  org.apache.lucene.util.automaton.Automaton$1
2150:            19            456  org.apache.lucene.util.automaton.Automaton$2
2151:            19            456  org.opensearch.dashboards.OpenSearchDashboardsPlugin$OpenSearchDashboardsWrappedRestHandler
2152:            19            456  org.opensearch.index.analysis.PreConfiguredTokenFilter$1
2153:            19            456  org.opensearch.ml.common.FunctionName
2154:            19            456  org.opensearch.security.securityconf.impl.Meta
2155:             7            448  [Lorg.apache.logging.log4j.core.pattern.PatternFormatter;
2156:            14            448  com.fasterxml.jackson.core.sym.CharsToNameCanonicalizer$TableInfo
2157:            14            448  com.sun.jna.Structure$FFIType$size_t
2158:            14            448  io.protostuff.WireFormat$FieldType
2159:            14            448  java.time.format.DateTimeParseContext (java.base@21.0.3)
2160:            14            448  java.util.EnumMap$ValueIterator (java.base@21.0.3)
2161:             8            448  java.util.Properties (java.base@21.0.3)
2162:            14            448  java.util.Vector (java.base@21.0.3)
2163:            14            448  java.util.concurrent.ConcurrentHashMap$ReservationNode (java.base@21.0.3)
2164:             7            448  java.util.jar.JarVerifier (java.base@21.0.3)
2165:            28            448  jdk.proxy2.$Proxy29 (jdk.proxy2)
2166:            28            448  jdk.proxy7.$Proxy38 (jdk.proxy7)
2167:            14            448  org.apache.lucene.util.packed.BulkOperationPackedSingleBlock
2168:            28            448  org.joda.time.format.InternalParserDateTimeParser
2169:            28            448  org.opensearch.common.compress.DeflateCompressor$$Lambda/0x00007fcd29093b00
2170:            28            448  org.opensearch.common.compress.DeflateCompressor$$Lambda/0x00007fcd290b6250
2171:             8            448  org.opensearch.common.util.BigLongArray
2172:            28            448  org.opensearch.common.util.concurrent.OpenSearchExecutors$ForceQueuePolicy
2173:            14            448  org.opensearch.search.asynchronous.context.state.AsynchronousSearchTransition
2174:             8            448  sun.management.MemoryPoolImpl (java.management@21.0.3)
2175:            14            448  sun.reflect.generics.repository.ConstructorRepository (java.base@21.0.3)
2176:            14            448  sun.security.x509.AuthorityInfoAccessExtension (java.base@21.0.3)
2177:            11            440  [Lorg.opensearch.search.aggregations.bucket.histogram.DateIntervalWrapper$IntervalTypeEnum;
2178:             5            440  com.fasterxml.jackson.databind.SerializationConfig
2179:             5            440  java.text.DecimalFormatSymbols (java.base@21.0.3)
2180:            11            440  org.joni.Syntax$MetaCharTable
2181:            11            440  org.opensearch.common.inject.ConstructorBindingImpl
2182:            11            440  org.opensearch.index.fielddata.IndexNumericFieldData$NumericType
2183:            11            440  org.opensearch.monitor.os.OsStats
2184:             5            440  org.opensearch.search.aggregations.bucket.histogram.DateHistogramAggregationBuilder
2185:            11            440  sun.util.resources.Bundles$BundleReference (java.base@21.0.3)
2186:            18            432  [Lorg.opensearch.core.indices.breaker.CircuitBreakerStats;
2187:             1            432  [[[C (java.base@21.0.3)
2188:            18            432  com.fasterxml.jackson.databind.ser.impl.PropertySerializerMap$TypeAndSerializer
2189:             9            432  java.lang.invoke.MethodHandleImpl$IntrinsicMethodHandle (java.base@21.0.3)
2190:            27            432  java.security.spec.ECFieldFp (java.base@21.0.3)
2191:            18            432  java.text.DateFormat$Field (java.base@21.0.3)
2192:            18            432  java.util.concurrent.LinkedBlockingQueue$Node (java.base@21.0.3)
2193:            18            432  javax.management.StandardMBean (java.management@21.0.3)
2194:            18            432  org.apache.logging.log4j.core.pattern.FormattingInfo
2195:             6            432  org.apache.lucene.backward_codecs.lucene95.Lucene95Codec
2196:            18            432  org.apache.lucene.search.MatchAllDocsQuery
2197:            18            432  org.opensearch.action.support.PlainListenableActionFuture
2198:            18            432  org.opensearch.cluster.NodeConnectionsService$ConnectionTarget$1
2199:             3            432  org.opensearch.common.util.concurrent.QueueResizingOpenSearchThreadPoolExecutor
2200:            18            432  org.opensearch.common.util.concurrent.ThreadContext$$Lambda/0x00007fcd29113660
2201:            18            432  org.opensearch.core.common.bytes.CompositeBytesReference$1
2202:             9            432  org.opensearch.index.mapper.DynamicTemplate
2203:             9            432  org.opensearch.indices.breaker.HierarchyCircuitBreakerService$MemoryUsage
2204:            27            432  org.opensearch.script.ScriptCache$ScriptCacheRemovalListener
2205:            18            432  org.opensearch.security.dlic.rest.api.Endpoint
2206:            18            432  org.opensearch.timeseries.cluster.TimeSeriesNodeInfo
2207:            18            432  org.opensearch.transport.TransportActionProxy$ProxyRequestHandler
2208:             2            416  [Lorg.apache.lucene.util.packed.BulkOperation;
2209:            13            416  com.fasterxml.jackson.core.JsonGenerator$Feature
2210:            13            416  javax.management.MBeanServerPermission (java.management@21.0.3)
2211:            26            416  jdk.proxy1.$Proxy10 (jdk.proxy1)
2212:             4            416  org.apache.lucene.codecs.lucene90.IndexedDISI
2213:            13            416  org.opensearch.knn.index.Parameter$IntegerParameter
2214:            26            416  org.opensearch.rest.action.admin.cluster.RestNodesStatsAction$$Lambda/0x00007fcd28fc5ac8
2215:            26            416  org.opensearch.search.aggregations.AggregatorFactories
2216:            13            416  sun.security.jca.ProviderConfig (java.base@21.0.3)
2217:            17            408  com.fasterxml.jackson.databind.util.LRUMap
2218:            17            408  com.fasterxml.jackson.databind.util.internal.LinkedDeque
2219:            17            408  com.google.common.collect.ImmutableMapEntry$NonTerminalImmutableMapEntry
2220:            17            408  com.google.gson.internal.bind.TypeAdapters$30
2221:            17            408  io.netty.util.internal.DefaultPriorityQueue
2222:            17            408  org.opensearch.common.util.concurrent.ListenableFuture
2223:            17            408  org.opensearch.common.util.concurrent.RunOnce
2224:            17            408  org.opensearch.transport.ClusterConnectionManager$$Lambda/0x00007fcd290f6f00
2225:            17            408  org.opensearch.transport.ClusterConnectionManager$$Lambda/0x00007fcd2913b148
2226:            17            408  org.opensearch.transport.TransportService$$Lambda/0x00007fcd29183de0
2227:            17            408  sun.nio.ch.OptionKey (java.base@21.0.3)
2228:            17            408  sun.nio.ch.SocketOptionRegistry$RegistryKey (java.base@21.0.3)
2229:            17            408  sun.security.util.DisabledAlgorithmConstraints$DisabledConstraint (java.base@21.0.3)
2230:             5            400  com.fasterxml.jackson.databind.util.internal.PrivateMaxEntriesMap
2231:            10            400  java.lang.NoSuchMethodException (java.base@21.0.3)
2232:            25            400  jdk.proxy6.$Proxy37 (jdk.proxy6)
2233:            10            400  org.apache.lucene.store.OutputStreamIndexOutput$XBufferedOutputStream
2234:             5            400  org.opensearch.action.search.SearchShardTask
2235:             5            400  org.opensearch.search.aggregations.metrics.MaxAggregator
2236:            25            400  org.opensearch.search.aggregations.support.ValuesSourceConfig$$Lambda/0x00007fcd291f1000
2237:            10            400  org.opensearch.security.securityconf.impl.CType
2238:             7            392  java.util.concurrent.ConcurrentHashMap$EntrySpliterator (java.base@21.0.3)
2239:             7            392  sun.nio.cs.StreamEncoder (java.base@21.0.3)
2240:             6            384  [Lorg.opensearch.sql.planner.optimizer.Rule;
2241:            16            384  [[Lorg.opensearch.search.aggregations.InternalAggregation;
2242:             4            384  com.fasterxml.jackson.core.json.UTF8JsonGenerator
2243:             4            384  com.fasterxml.jackson.databind.DeserializationConfig
2244:             6            384  com.fasterxml.jackson.databind.cfg.BaseSettings
2245:            12            384  com.fasterxml.jackson.dataformat.yaml.YAMLGenerator$Feature
2246:             8            384  com.google.common.collect.SingletonImmutableBiMap
2247:             8            384  com.sun.jna.Structure$StructField
2248:            24            384  io.github.resilience4j.core.predicate.PredicateCreator$$Lambda/0x00007fcd28b920c8
2249:            12            384  io.github.resilience4j.retry.internal.RetryImpl$RetryEventProcessor
2250:            16            384  io.netty.resolver.AddressResolverGroup$1
2251:            16            384  io.netty.resolver.DefaultNameResolver
2252:            16            384  io.netty.resolver.InetSocketAddressResolver
2253:            16            384  io.netty.util.internal.ThreadExecutorMap$1
2254:            16            384  io.netty.util.internal.ThreadExecutorMap$2
2255:             8            384  java.lang.reflect.ProxyGenerator$PrimitiveTypeInfo (java.base@21.0.3)
2256:            12            384  jdk.internal.reflect.MethodHandleLongFieldAccessorImpl (java.base@21.0.3)
2257:             6            384  org.apache.logging.log4j.core.layout.PatternLayout
2258:            16            384  org.apache.logging.log4j.core.util.datetime.FormatCache$MultipartKey
2259:            12            384  org.joda.time.format.DateTimeFormatterBuilder$PaddedNumber
2260:            12            384  org.opensearch.action.admin.cluster.node.info.NodesInfoRequest$Metric
2261:            16            384  org.opensearch.cluster.routing.UnassignedInfo$Reason
2262:            24            384  org.opensearch.common.inject.matcher.Matchers$IdenticalTo
2263:            24            384  org.opensearch.core.xcontent.ConstructingObjectParser$$Lambda/0x00007fcd284b6830
2264:            16            384  org.opensearch.indices.SystemIndexDescriptor
2265:             2            384  org.opensearch.repositories.s3.S3Repository
2266:            16            384  org.opensearch.sql.expression.function.FunctionDSL$$Lambda/0x00007fcd28b32160
2267:            24            384  org.opensearch.threadpool.FixedExecutorBuilder$$Lambda/0x00007fcd2851d310
2268:            24            384  sun.nio.ch.EventFD (java.base@21.0.3)
2269:            24            384  sun.nio.ch.Util$2 (java.base@21.0.3)
2270:            12            384  sun.security.x509.ExtendedKeyUsageExtension (java.base@21.0.3)
2271:             6            384  sun.text.RuleBasedBreakIterator (java.base@21.0.3)
2272:            19            368  [Ljavax.management.MBeanConstructorInfo; (java.management@21.0.3)
2273:            23            368  java.time.Clock$SystemClock (java.base@21.0.3)
2274:            23            368  org.opensearch.sql.opensearch.client.OpenSearchNodeClient
2275:            15            360  [Lorg.opensearch.search.aggregations.BucketOrder;
2276:             5            360  [Lorg.opensearch.security.auditlog.impl.AuditCategory;
2277:             5            360  com.fasterxml.jackson.databind.ObjectMapper
2278:             5            360  com.fasterxml.jackson.databind.deser.DefaultDeserializationContext$Impl
2279:             5            360  com.fasterxml.jackson.databind.introspect.AnnotatedClass
2280:             5            360  com.fasterxml.jackson.databind.introspect.AnnotatedClass
2281:             5            360  com.fasterxml.jackson.databind.ser.DefaultSerializerProvider$Impl
2282:             9            360  io.protostuff.runtime.RuntimeReflectionFieldFactory$9$1
2283:             9            360  java.io.ObjectStreamClass$FieldReflector (java.base@21.0.3)
2284:             9            360  java.lang.invoke.VarHandleInts$FieldInstanceReadWrite (java.base@21.0.3)
2285:             9            360  java.util.StringJoiner (java.base@21.0.3)
2286:             1            360  java.util.concurrent.ForkJoinPool (java.base@21.0.3)
2287:            15            360  kotlin.annotation.AnnotationTarget
2288:            15            360  kotlin.annotation.AnnotationTarget
2289:             9            360  org.apache.logging.log4j.core.pattern.DatePatternConverter
2290:            15            360  org.apache.lucene.index.OrdinalMap$SegmentMap
2291:            15            360  org.apache.lucene.index.OrdinalMap$SegmentMap$1
2292:            15            360  org.apache.lucene.index.OrdinalMap$TermsEnumPriorityQueue
2293:            15            360  org.apache.lucene.index.TermsEnumIndex$TermState
2294:            15            360  org.opensearch.common.LocalTimeOffset$FixedLookup
2295:            15            360  org.opensearch.common.LocalTimeOffset$NoPrevious
2296:            15            360  org.opensearch.common.Rounding$TimeIntervalRounding$FixedRounding
2297:            15            360  org.opensearch.index.analysis.PreConfiguredTokenizer
2298:            15            360  org.opensearch.index.fielddata.plain.SortedSetOrdinalsIndexFieldData$Builder
2299:            15            360  org.opensearch.index.mapper.DefaultDerivedFieldResolver
2300:            15            360  org.opensearch.ml.common.model.MLModelState
2301:             9            360  org.opensearch.ml.engine.indices.MLIndex
2302:            15            360  org.opensearch.search.aggregations.bucket.terms.GlobalOrdinalsStringTermsAggregator$RemapGlobalOrds
2303:            15            360  org.opensearch.search.aggregations.bucket.terms.GlobalOrdinalsStringTermsAggregator$StandardTermsResults
2304:             5            360  org.opensearch.search.internal.ContextIndexSearcher
2305:             9            360  org.opensearch.securityanalytics.logtype.LogTypeService
2306:            15            360  org.yaml.snakeyaml.nodes.Tag
2307:             9            360  sun.security.ssl.ProtocolVersion (java.base@21.0.3)
2308:             2            352  [Ljava.time.LocalDateTime; (java.base@21.0.3)
2309:            20            352  [Lorg.opensearch.search.aggregations.InternalAggregation;
2310:             4            352  com.fasterxml.jackson.databind.SerializationConfig
2311:            22            352  io.netty.channel.$Proxy53
2312:            11            352  io.netty.util.concurrent.DefaultPromise
2313:            11            352  io.protostuff.runtime.ArraySchemas$PojoArray
2314:             4            352  java.lang.invoke.BoundMethodHandle$Species_LLLLLLLLLLLLLL (java.base@21.0.3)
2315:            22            352  java.util.function.Predicate$$Lambda/0x00007fcd284e8820 (java.base@21.0.3)
2316:            11            352  javax.management.MBeanNotificationInfo (java.management@21.0.3)
2317:            22            352  jdk.proxy1.$Proxy0 (jdk.proxy1)
2318:            11            352  org.joda.time.format.DateTimeFormatterBuilder$FixedNumber
2319:            11            352  org.opensearch.common.settings.Setting$MinMaxTimeValueParser
2320:            22            352  org.opensearch.core.xcontent.AbstractObjectParser$$Lambda/0x00007fcd284b7708
2321:            11            352  org.opensearch.monitor.os.OsStats$Mem
2322:            11            352  org.opensearch.monitor.os.OsStats$Swap
2323:             4            352  org.opensearch.search.aggregations.bucket.terms.StringTerms
2324:            11            352  org.opensearch.security.auditlog.config.AuditConfig$Filter$FilterEntries
2325:            11            352  sun.security.ssl.SSLSecretDerivation$SecretSchedule (java.base@21.0.3)
2326:            11            352  sun.security.x509.SubjectAlternativeNameExtension (java.base@21.0.3)
2327:            11            352  sun.util.resources.Bundles$CacheKey (java.base@21.0.3)
2328:             4            336  [Lcom.google.common.collect.ImmutableMapEntry;
2329:            14            336  [Lorg.opensearch.core.tasks.resourcetracker.ResourceUsageMetric;
2330:             1            336  [Lorg.opensearch.performanceanalyzer.commons.stats.metrics.StatExceptionCode;
2331:             5            336  [Lsun.invoke.util.Wrapper; (java.base@21.0.3)
2332:             6            336  com.fasterxml.jackson.databind.type.IterationType
2333:            14            336  com.fasterxml.jackson.databind.util.LRUMap
2334:            14            336  com.fasterxml.jackson.databind.util.internal.LinkedDeque
2335:            14            336  io.netty.channel.ChannelOutboundBuffer$2
2336:            21            336  io.netty.util.internal.TypeParameterMatcher$ReflectiveMatcher
2337:             6            336  java.nio.DirectLongBufferU (java.base@21.0.3)
2338:            14            336  java.text.ParsePosition (java.base@21.0.3)
2339:            14            336  java.time.format.DateTimeFormatter$ClassicFormat (java.base@21.0.3)
2340:             7            336  java.util.regex.Pattern$GroupCurly (java.base@21.0.3)
2341:            21            336  jdk.proxy1.$Proxy5 (jdk.proxy1)
2342:             2            336  kotlinx.coroutines.scheduling.CoroutineScheduler$Worker
2343:            14            336  org.greenrobot.eventbus.Subscription
2344:            14            336  org.opensearch.core.xcontent.XContentBuilder
2345:            14            336  org.opensearch.sql.spark.client.EMRServerlessClientFactoryImpl
2346:            14            336  sun.reflect.generics.scope.ConstructorScope (java.base@21.0.3)
2347:             6            320  [Lcom.fasterxml.jackson.core.SerializableString;
2348:             4            320  [Lcom.google.common.collect.HashBiMap$BiEntry;
2349:             4            320  [Lorg.opensearch.common.recycler.Recycler;
2350:             4            320  [Lsun.security.ec.point.ProjectivePoint$Immutable; (jdk.crypto.ec@21.0.3)
2351:             4            320  com.fasterxml.jackson.databind.MappingJsonFactory
2352:             4            320  com.fasterxml.jackson.databind.MappingJsonFactory
2353:             5            320  com.fasterxml.jackson.databind.cfg.BaseSettings
2354:            20            320  com.google.common.cache.LocalCache$AccessQueue
2355:             4            320  com.google.common.cache.LocalCache$Segment
2356:            10            320  com.google.common.cache.LocalCache$StrongEntry
2357:            20            320  com.google.common.cache.LocalCache$WriteQueue
2358:             8            320  com.sun.jna.Function
2359:             8            320  io.protostuff.runtime.RuntimeReflectionFieldFactory$4$1
2360:             8            320  io.protostuff.runtime.RuntimeReflectionFieldFactory$7$1
2361:            10            320  java.time.temporal.WeekFields$ComputedDayOfField (java.base@21.0.3)
2362:             8            320  java.util.WeakHashMap$KeyIterator (java.base@21.0.3)
2363:            10            320  java.util.zip.CheckedOutputStream (java.base@21.0.3)
2364:             8            320  jdk.internal.loader.NativeLibraries$NativeLibraryImpl (java.base@21.0.3)
2365:             5            320  org.apache.logging.log4j.core.appender.RollingFileAppender
2366:             5            320  org.apache.logging.log4j.core.appender.rolling.PatternProcessor
2367:             8            320  org.apache.lucene.analysis.util.ElisionFilter
2368:            10            320  org.apache.lucene.backward_codecs.store.EndiannessReverserIndexOutput
2369:            10            320  org.apache.lucene.store.FSDirectory$FSIndexOutput$1
2370:             5            320  org.opensearch.common.util.ReorganizingLongHash
2371:            10            320  org.opensearch.common.xcontent.smile.SmileXContentGenerator
2372:             5            320  org.opensearch.index.shard.IndexShard$NonClosingReaderWrapper
2373:            10            320  org.opensearch.performanceanalyzer.commons.metrics.RTFMetrics$ShardStatsValue
2374:            20            320  org.opensearch.search.aggregations.InternalOrder$SimpleOrder$$Lambda/0x00007fcd292f9400
2375:            20            320  org.opensearch.search.aggregations.bucket.DocCountProvider
2376:             5            320  org.opensearch.search.aggregations.bucket.histogram.DateHistogramAggregatorFactory
2377:            20            320  org.opensearch.search.aggregations.bucket.terms.LongKeyedBucketOrds$$Lambda/0x00007fcd292ea000
2378:             5            320  org.opensearch.search.internal.ExitableDirectoryReader
2379:             5            320  org.opensearch.search.internal.ReaderContext
2380:            10            320  org.opensearch.timeseries.model.ProfileName
2381:            10            320  org.opensearch.timeseries.model.TaskState
2382:             8            320  sun.management.MemoryPoolImpl$CollectionSensor (java.management@21.0.3)
2383:             8            320  sun.management.MemoryPoolImpl$PoolSensor (java.management@21.0.3)
2384:            20            320  sun.nio.fs.UnixSecureDirectoryStream$$Lambda/0x00007fcd280f68a8 (java.base@21.0.3)
2385:             8            320  sun.security.ssl.SSLSessionContextImpl (java.base@21.0.3)
2386:            10            320  sun.security.util.DisabledAlgorithmConstraints$KeySizeConstraint (java.base@21.0.3)
2387:             4            320  sun.text.DictionaryBasedBreakIterator (java.base@21.0.3)
2388:             6            312  [Lcom.fasterxml.jackson.databind.cfg.CoercionAction;
2389:            13            312  [Lorg.opensearch.common.cache.CacheType;
2390:            13            312  com.fasterxml.jackson.databind.type.LogicalType
2391:            13            312  com.fasterxml.jackson.databind.type.LogicalType
2392:            13            312  com.fasterxml.jackson.databind.type.LogicalType
2393:            13            312  com.sun.jna.Pointer
2394:             3            312  java.lang.invoke.BoundMethodHandle$Species_LLLLLLLLLLLLLLLLL (java.base@21.0.3)
2395:            13            312  java.lang.reflect.ReflectPermission (java.base@21.0.3)
2396:            13            312  org.opensearch.action.bulk.BackoffPolicy$ExponentialBackoff
2397:            13            312  org.opensearch.indices.NodeIndicesStats
2398:            13            312  org.opensearch.performanceanalyzer.commons.stats.eval.impl.NamedCounter
2399:            13            312  org.opensearch.security.auditlog.impl.AuditCategory
2400:            13            312  sun.reflect.generics.tree.Wildcard (java.base@21.0.3)
2401:            19            304  jdk.proxy4.$Proxy25 (jdk.proxy4)
2402:            19            304  org.opensearch.common.settings.Setting$$Lambda/0x00007fcd280c7718
2403:            19            304  org.opensearch.sql.expression.function.RelevanceFunctionResolver
2404:             9            288  [Lcom.google.common.cache.LocalCache$Segment;
2405:             1            288  [Ljava.lang.invoke.LambdaForm$Kind; (java.base@21.0.3)
2406:            12            288  [Ljava.util.Iterator; (java.base@21.0.3)
2407:             9            288  [Lorg.apache.lucene.search.BooleanClause$Occur;
2408:             1            288  [Lsun.security.ssl.SSLExtension; (java.base@21.0.3)
2409:             4            288  com.fasterxml.jackson.databind.ObjectMapper
2410:             4            288  com.fasterxml.jackson.databind.deser.DefaultDeserializationContext$Impl
2411:             4            288  com.fasterxml.jackson.databind.ser.DefaultSerializerProvider$Impl
2412:            12            288  com.google.common.cache.LongAddables$PureJavaLongAddable
2413:             6            288  com.google.common.collect.ArrayListMultimap
2414:            12            288  com.google.common.collect.ImmutableMapEntry$NonTerminalImmutableMapEntry
2415:             9            288  io.netty.util.AttributeKey
2416:             9            288  io.protostuff.WireFormat$JavaType
2417:             9            288  io.protostuff.runtime.DefaultIdStrategy$Lazy
2418:             6            288  io.protostuff.runtime.RuntimeReflectionFieldFactory$15$1
2419:            12            288  java.lang.ClassValue$Version (java.base@21.0.3)
2420:            12            288  java.lang.annotation.ElementType (java.base@21.0.3)
2421:             3            288  java.lang.invoke.BoundMethodHandle$Species_LLLLLLLLLLLLLLLL (java.base@21.0.3)
2422:             9            288  java.lang.invoke.VarHandleByteArrayAsLongs$ArrayHandle (java.base@21.0.3)
2423:            12            288  java.net.StandardSocketOptions$StdSocketOption (java.base@21.0.3)
2424:            12            288  java.time.Month (java.base@21.0.3)
2425:            12            288  java.util.function.Predicate$$Lambda/0x00007fcd289f1800 (java.base@21.0.3)
2426:             9            288  java.util.logging.Level (java.logging@21.0.3)
2427:             9            288  java.util.logging.Level$KnownLevel (java.logging@21.0.3)
2428:             6            288  java.util.stream.StreamOpFlag (java.base@21.0.3)
2429:             6            288  org.apache.logging.log4j.core.config.AppenderControl
2430:             9            288  org.apache.logging.log4j.core.pattern.DatePatternConverter$CachedTime
2431:             9            288  org.apache.logging.log4j.util.SortedArrayStringMap
2432:             4            288  org.apache.lucene.analysis.core.LetterTokenizer
2433:            12            288  org.apache.lucene.search.Weight$1
2434:            12            288  org.bouncycastle.asn1.x509.AlgorithmIdentifier
2435:            12            288  org.joda.time.DurationFieldType$StandardDurationFieldType
2436:            18            288  org.joda.time.format.DateTimeFormatterBuilder$CharacterLiteral
2437:             9            288  org.opensearch.cluster.ClusterState$Metric
2438:            18            288  org.opensearch.cluster.NodeConnectionsService$ConnectionTarget$2
2439:             3            288  org.opensearch.cluster.metadata.Metadata
2440:             9            288  org.opensearch.cluster.routing.Preference
2441:            12            288  org.opensearch.common.collect.Iterators$ConcatenatedIterator
2442:            12            288  org.opensearch.indices.IndicesQueryCache$CachingWeightWrapper
2443:            12            288  org.opensearch.ingest.geoip.GeoIpProcessor$Property
2444:            12            288  org.opensearch.ml.stats.MLStat
2445:             9            288  org.opensearch.painless.spi.Whitelist
2446:            18            288  org.opensearch.plugins.AnalysisPlugin$1
2447:            12            288  org.opensearch.search.aggregations.bucket.LocalBucketCountThresholds
2448:            18            288  org.opensearch.security.dlic.rest.api.AbstractApiAction$$Lambda/0x00007fcd28fe5230
2449:            12            288  org.opensearch.security.dlic.rest.api.RequestHandler$RequestHandlersBuilder$$Lambda/0x00007fcd28fed608
2450:             9            288  org.opensearch.security.securityconf.impl.HttpRequestMethods
2451:            12            288  org.opensearch.sql.opensearch.monitor.OpenSearchMemoryHealthy
2452:            12            288  org.opensearch.sql.opensearch.monitor.OpenSearchResourceMonitor
2453:            12            288  org.opensearch.sql.opensearch.storage.OpenSearchStorageEngine
2454:            18            288  org.opensearch.transport.InboundAggregator$$Lambda/0x00007fcd29199ea0
2455:            12            288  sun.reflect.generics.reflectiveObjects.WildcardTypeImpl (java.base@21.0.3)
2456:             9            288  sun.util.logging.PlatformLogger$Level (java.base@21.0.3)
2457:             7            280  [Lorg.joni.ast.QuantifierNode$ReduceType;
2458:             5            280  [Lorg.opensearch.security.securityconf.impl.HttpRequestMethods;
2459:             7            280  com.fasterxml.jackson.core.StreamWriteFeature
2460:             7            280  com.google.common.collect.RegularImmutableMap
2461:             7            280  com.google.common.collect.RegularImmutableMap
2462:             5            280  javax.naming.InvalidNameException (java.naming@21.0.3)
2463:             5            280  org.opensearch.indices.IndicesQueryCache$Stats
2464:             5            280  org.opensearch.search.aggregations.metrics.MaxAggregationBuilder
2465:             5            280  org.opensearch.search.dfs.DfsSearchResult
2466:             7            280  org.opensearch.security.support.ModuleInfo
2467:             2            272  [Lcom.fasterxml.jackson.databind.DeserializationFeature;
2468:             2            272  [Lcom.fasterxml.jackson.databind.DeserializationFeature;
2469:            17            272  jdk.proxy3.$Proxy26 (jdk.proxy3)
2470:            17            272  org.opensearch.transport.ClusterConnectionManager$$Lambda/0x00007fcd2918db58
2471:            17            272  org.opensearch.transport.TcpTransport$ChannelsConnectedListener$$Lambda/0x00007fcd29105fa8
2472:            17            272  org.opensearch.transport.TcpTransport$ChannelsConnectedListener$$Lambda/0x00007fcd29106c68
2473:            17            272  org.opensearch.transport.TransportActionProxy$$Lambda/0x00007fcd28ddeae0
2474:            17            272  org.opensearch.transport.TransportActionProxy$$Lambda/0x00007fcd28ddef30
2475:            17            272  org.opensearch.transport.TransportHandshaker$$Lambda/0x00007fcd29107c38
2476:            11            264  [Lorg.opensearch.index.query.Operator;
2477:            11            264  com.fasterxml.jackson.annotation.JsonFormat$Feature
2478:            11            264  com.fasterxml.jackson.annotation.JsonFormat$Shape
2479:            11            264  com.fasterxml.jackson.annotation.JsonFormat$Shape
2480:            11            264  com.fasterxml.jackson.annotation.JsonFormat$Shape
2481:            11            264  io.protostuff.runtime.ArraySchemas$PojoArray$1
2482:            11            264  java.lang.invoke.MethodHandleImpl$Intrinsic (java.base@21.0.3)
2483:            11            264  java.util.regex.Pattern$$Lambda/0x00007fcd282ee200 (java.base@21.0.3)
2484:            11            264  org.apache.logging.log4j.Level
2485:            11            264  org.apache.logging.log4j.core.util.datetime.FastDateParser$StrategyAndWidth
2486:            11            264  org.bouncycastle.jcajce.provider.asymmetric.ec.KeyFactorySpi$EC
2487:            11            264  org.opensearch.common.inject.internal.MoreTypes$ParameterizedTypeImpl
2488:            11            264  org.opensearch.common.settings.Setting$Property
2489:            11            264  org.opensearch.monitor.os.OsStats$Cpu
2490:            11            264  org.opensearch.timeseries.util.SecurityClientUtil
2491:            11            264  org.yaml.snakeyaml.events.Event$ID
2492:             2            256  [Lcom.fasterxml.jackson.databind.DeserializationFeature;
2493:             5            256  [Lcom.fasterxml.jackson.databind.cfg.CoercionAction;
2494:             2            256  [Lio.protostuff.runtime.Field;
2495:            16            256  [Lorg.opensearch.search.aggregations.InternalAggregations;
2496:             2            256  com.google.common.cache.LocalCache
2497:            16            256  io.netty.buffer.PoolThreadCache$FreeOnFinalize
2498:            16            256  io.netty.channel.nio.NioEventLoop$1
2499:            16            256  io.netty.util.concurrent.SingleThreadEventExecutor$4
2500:             1            256  io.protostuff.runtime.DefaultIdStrategy
2501:             8            256  java.math.RoundingMode (java.base@21.0.3)
2502:            16            256  java.nio.channels.spi.AbstractSelector$1 (java.base@21.0.3)
2503:             4            256  java.text.DateFormatSymbols (java.base@21.0.3)
2504:             8            256  java.util.Random (java.base@21.0.3)
2505:             8            256  joptsimple.OptionSpecBuilder
2506:             8            256  org.apache.logging.log4j.spi.StandardLevel
2507:             4            256  org.apache.lucene.search.DisiWrapper
2508:            16            256  org.bouncycastle.jcajce.provider.asymmetric.compositesignatures.KeyFactorySpi
2509:            16            256  org.opensearch.common.settings.Setting$$Lambda/0x00007fcd280bec58
2510:            16            256  org.opensearch.common.settings.Setting$$Lambda/0x00007fcd283967c8
2511:             8            256  org.opensearch.common.settings.Setting$GroupSetting$1
2512:            16            256  org.opensearch.common.settings.Setting$MemorySizeValueParser
2513:             8            256  org.opensearch.core.tasks.resourcetracker.TaskResourceUsage
2514:             8            256  org.opensearch.knn.index.MethodComponent
2515:            16            256  org.opensearch.knn.plugin.stats.suppliers.KNNCounterSupplier
2516:            16            256  org.opensearch.rest.action.admin.cluster.RestNodesStatsAction$$Lambda/0x00007fcd28fc5f20
2517:            16            256  org.opensearch.rest.action.admin.indices.RestIndicesStatsAction$$Lambda/0x00007fcd28fcaef0
2518:            16            256  org.opensearch.search.SearchModule$$Lambda/0x00007fcd28848218
2519:             8            256  org.opensearch.security.securityconf.impl.v7.ConfigV7$AuthcDomain
2520:            16            256  org.opensearch.sql.expression.function.FunctionDSL$$Lambda/0x00007fcd28b30218
2521:            16            256  org.opensearch.sql.expression.function.FunctionDSL$$Lambda/0x00007fcd28b494c0
2522:            16            256  org.opensearch.sql.spark.config.SparkExecutionEngineConfigSupplierImpl
2523:             8            256  sun.security.ssl.EphemeralKeyManager$EphemeralKeyPair (java.base@21.0.3)
2524:             2            240  [Lcom.fasterxml.jackson.databind.SerializationFeature;
2525:             2            240  [Lcom.fasterxml.jackson.databind.SerializationFeature;
2526:             2            240  [Lcom.fasterxml.jackson.databind.SerializationFeature;
2527:             5            240  [Ljava.lang.invoke.LambdaForm$NamedFunction; (java.base@21.0.3)
2528:            10            240  [Ljava.nio.file.CopyOption; (java.base@21.0.3)
2529:             3            240  [Ljava.time.ZoneOffset; (java.base@21.0.3)
2530:             6            240  [Lorg.opensearch.index.query.MultiMatchQueryBuilder$Type;
2531:             6            240  com.fasterxml.jackson.core.StreamReadFeature
2532:             6            240  com.fasterxml.jackson.core.json.JsonWriteFeature
2533:            10            240  com.fasterxml.jackson.databind.cfg.CoercionInputShape
2534:            10            240  com.fasterxml.jackson.databind.cfg.CoercionInputShape
2535:            10            240  com.fasterxml.jackson.databind.cfg.CoercionInputShape
2536:             5            240  com.fasterxml.jackson.databind.introspect.BasicBeanDescription
2537:             5            240  com.fasterxml.jackson.databind.introspect.BasicBeanDescription
2538:             5            240  com.fasterxml.jackson.databind.introspect.BasicBeanDescription
2539:             5            240  com.google.common.collect.HashBiMap$BiEntry
2540:            15            240  com.google.common.collect.SingletonImmutableSet
2541:             5            240  com.google.common.io.BaseEncoding$Alphabet
2542:             5            240  com.sun.jna.internal.Cleaner$CleanerRef
2543:             6            240  io.protostuff.runtime.RuntimeReflectionFieldFactory$8$1
2544:             6            240  java.io.BufferedWriter (java.base@21.0.3)
2545:            10            240  java.lang.PublicMethods$MethodList (java.base@21.0.3)
2546:             6            240  java.lang.invoke.LambdaForm$BasicType (java.base@21.0.3)
2547:            10            240  java.nio.charset.CoderResult (java.base@21.0.3)
2548:            10            240  java.nio.file.StandardOpenOption (java.base@21.0.3)
2549:            10            240  java.security.CryptoPrimitive (java.base@21.0.3)
2550:            10            240  java.security.PermissionsHash (java.base@21.0.3)
2551:            10            240  java.util.AbstractMap$2$1 (java.base@21.0.3)
2552:            10            240  java.util.Collections$SynchronizedCollection (java.base@21.0.3)
2553:             5            240  java.util.concurrent.ConcurrentHashMap$Traverser (java.base@21.0.3)
2554:            10            240  javax.management.MBeanServerPermissionCollection (java.management@21.0.3)
2555:            10            240  kotlin.SynchronizedLazyImpl
2556:             5            240  org.apache.logging.log4j.core.appender.rolling.RollingFileManager$EmptyQueue
2557:             6            240  org.apache.logging.log4j.core.pattern.ExtendedThrowablePatternConverter
2558:             6            240  org.apache.lucene.backward_codecs.lucene50.Lucene50TermVectorsFormat
2559:            10            240  org.apache.lucene.index.CompositeReaderContext$Builder
2560:            10            240  org.apache.lucene.search.DocValuesFieldExistsQuery
2561:            10            240  org.apache.lucene.search.SortField$Type
2562:            10            240  org.apache.lucene.search.TwoPhaseIterator$TwoPhaseIteratorAsDocIdSetIterator
2563:             6            240  org.apache.lucene.util.packed.PackedLongValues
2564:             5            240  org.jcodings.util.BytesHash$BytesHashEntry
2565:             5            240  org.opensearch.OpenSearchParseException
2566:            15            240  org.opensearch.action.support.broadcast.node.TransportBroadcastByNodeAction$$Lambda/0x00007fcd28ddfcb8
2567:            15            240  org.opensearch.action.support.broadcast.node.TransportBroadcastByNodeAction$BroadcastByNodeTransportRequestHandler
2568:            15            240  org.opensearch.action.support.single.shard.TransportSingleShardAction$ShardTransportHandler
2569:             6            240  org.opensearch.ad.indices.ADIndex
2570:            15            240  org.opensearch.alerting.transport.SecureTransportAction$DefaultImpls$$Lambda/0x00007fcd28dfc200
2571:             5            240  org.opensearch.common.util.concurrent.TimedRunnable
2572:            10            240  org.opensearch.core.tasks.resourcetracker.ResourceUsageInfo$ResourceStatsInfo
2573:             6            240  org.opensearch.forecast.indices.ForecastIndex
2574:            10            240  org.opensearch.gateway.MetadataStateFormat$1
2575:            10            240  org.opensearch.index.fielddata.plain.SortedNumericIndexFieldData
2576:            10            240  org.opensearch.index.fielddata.plain.SortedNumericIndexFieldData$Builder
2577:             6            240  org.opensearch.index.mapper.DateFieldMapper$DateFieldType$$Lambda/0x00007fcd292e81f8
2578:             6            240  org.opensearch.index.query.MultiMatchQueryBuilder$Type
2579:             5            240  org.opensearch.index.query.RangeQueryBuilder
2580:             5            240  org.opensearch.knn.index.codec.KNNCodecVersion
2581:            10            240  org.opensearch.monitor.process.ProcessStats$Cpu
2582:            10            240  org.opensearch.monitor.process.ProcessStats$Mem
2583:            10            240  org.opensearch.performanceanalyzer.commons.stats.eval.impl.Count
2584:            15            240  org.opensearch.search.aggregations.InternalOrder$CompoundOrder
2585:             5            240  org.opensearch.search.aggregations.bucket.FastFilterRewriteHelper$FastFilterContext
2586:            10            240  org.opensearch.search.aggregations.bucket.histogram.DateIntervalWrapper
2587:            15            240  org.opensearch.search.aggregations.bucket.terms.LongKeyedBucketOrds$FromMany
2588:            15            240  org.opensearch.search.aggregations.support.ValuesSource$Bytes$WithOrdinals$FieldData
2589:             5            240  org.opensearch.search.fetch.FetchSearchResult
2590:             5            240  org.opensearch.security.configuration.DlsFlsFilterLeafReader$DlsFlsSubReaderWrapper
2591:            15            240  org.opensearch.security.dlic.rest.api.AbstractApiAction$$Lambda/0x00007fcd28fc3d30
2592:            10            240  org.opensearch.security.dlic.rest.api.RequestHandler$RequestHandlersBuilder$$Lambda/0x00007fcd28fe8440
2593:            10            240  org.opensearch.timeseries.settings.DynamicNumericSetting$$Lambda/0x00007fcd289c6ba8
2594:            10            240  org.opensearch.timeseries.stats.suppliers.IndexStatusSupplier
2595:            15            240  sun.invoke.util.ValueConversions$WrapperCache (java.base@21.0.3)
2596:            10            240  sun.nio.fs.UnixFileSystem$Flags (java.base@21.0.3)
2597:             6            240  sun.security.ssl.SSLKeyExchange$T12KeyAgreement (java.base@21.0.3)
2598:            12            224  [[Lorg.opensearch.search.aggregations.bucket.terms.StringTerms$Bucket;
2599:             4            224  com.google.common.collect.DenseImmutableTable
2600:             7            224  com.sun.jmx.mbeanserver.DefaultMXBeanMappingFactory$CollectionMapping (java.management@21.0.3)
2601:             7            224  java.io.FileOutputStream (java.base@21.0.3)
2602:             7            224  java.lang.System$Logger$Level (java.base@21.0.3)
2603:            14            224  java.security.spec.MGF1ParameterSpec (java.base@21.0.3)
2604:             4            224  javax.management.openmbean.OpenMBeanOperationInfoSupport (java.management@21.0.3)
2605:            14            224  jdk.proxy2.$Proxy3 (jdk.proxy2)
2606:             7            224  org.apache.lucene.analysis.pt.RSLPStemmerBase$Step
2607:             7            224  org.apache.lucene.analysis.standard.StandardAnalyzer
2608:            14            224  org.apache.lucene.backward_codecs.lucene90.Lucene90PostingsFormat
2609:            14            224  org.opensearch.common.settings.Setting$$Lambda/0x00007fcd281e5150
2610:            14            224  org.opensearch.common.settings.Setting$$Lambda/0x00007fcd28442b50
2611:            14            224  org.opensearch.core.xcontent.AbstractObjectParser$$Lambda/0x00007fcd284bc000
2612:            14            224  org.opensearch.search.internal.ShardSearchRequest$RequestRewritable
2613:            14            224  org.opensearch.sql.legacy.metrics.BasicCounter
2614:            14            224  org.opensearch.timeseries.stats.suppliers.CounterSupplier
2615:             7            224  sun.security.rsa.RSACore$BlindingParameters (java.base@21.0.3)
2616:             9            216  java.lang.reflect.AccessFlag$Location (java.base@21.0.3)
2617:             9            216  java.nio.file.attribute.PosixFilePermission (java.base@21.0.3)
2618:             9            216  java.time.ZoneOffset (java.base@21.0.3)
2619:             9            216  java.util.concurrent.Executors$DefaultThreadFactory (java.base@21.0.3)
2620:             9            216  java.util.stream.Collectors$$Lambda/0x800000047 (java.base@21.0.3)
2621:             9            216  org.apache.lucene.analysis.in.IndicNormalizer$ScriptData
2622:             9            216  org.apache.lucene.search.MultiCollector$MultiLeafCollector$1
2623:             9            216  org.opensearch.action.bulk.BackoffPolicy$ConstantBackoff
2624:             9            216  org.opensearch.common.unit.Fuzziness
2625:             9            216  org.opensearch.knn.index.codec.KNN80Codec.KNN80DocValuesFormat
2626:             9            216  org.opensearch.rest.RestRequest$Method
2627:             9            216  org.opensearch.search.asynchronous.context.state.AsynchronousSearchState
2628:             3            216  org.opensearch.security.compliance.ComplianceConfig
2629:             9            216  org.opensearch.security.dlic.rest.api.RequestHandler$RequestHandlersBuilder$$Lambda/0x00007fcd28fe9420
2630:             3            216  sun.security.provider.NativePRNG$RandomIO (java.base@21.0.3)
2631:             9            216  sun.security.util.SafeDHParameterSpec (java.base@21.0.3)
2632:             1            208  [Lorg.opensearch.core.rest.RestStatus;
2633:             2            208  com.fasterxml.jackson.dataformat.yaml.YAMLFactory
2634:            13            208  java.text.NumberFormat$Field (java.base@21.0.3)
2635:            13            208  kotlinx.coroutines.internal.ContextScope
2636:             2            208  org.apache.lucene.analysis.cjk.CJKBigramFilter
2637:            13            208  org.apache.lucene.backward_codecs.lucene90.Lucene90SegmentInfoFormat
2638:             2            208  org.bouncycastle.jce.provider.BouncyCastleProvider
2639:            13            208  org.opensearch.action.support.single.shard.TransportSingleShardAction$TransportHandler
2640:            13            208  org.opensearch.common.settings.Setting$GroupKey
2641:             2            208  org.opensearch.common.util.concurrent.PrioritizedOpenSearchThreadPoolExecutor
2642:            13            208  org.opensearch.plugins.SearchPlugin$AggregationSpec$$Lambda/0x00007fcd287bf270
2643:            13            208  org.opensearch.search.aggregations.bucket.histogram.DateHistogramInterval
2644:             2            208  org.opensearch.transport.CopyBytesServerSocketChannel
2645:             2            208  sun.security.provider.Sun (java.base@21.0.3)
2646:             2            200  [Ljava.text.DateFormat$Field; (java.base@21.0.3)
2647:             5            200  com.fasterxml.jackson.core.JsonEncoding
2648:             5            200  com.fasterxml.jackson.databind.cfg.ConfigOverrides
2649:             5            200  io.netty.util.internal.ObjectPool$RecyclerObjectPool$1
2650:             5            200  java.lang.ExceptionInInitializerError (java.base@21.0.3)
2651:             5            200  java.lang.NumberFormatException (java.base@21.0.3)
2652:             5            200  java.lang.UnsupportedOperationException (java.base@21.0.3)
2653:             5            200  javax.management.MBeanPermission (java.management@21.0.3)
2654:             5            200  org.apache.logging.log4j.core.appender.rolling.DefaultRolloverStrategy
2655:             5            200  org.opensearch.client.OriginSettingClient
2656:             5            200  org.opensearch.cluster.metadata.IndexMetadata$APIBlock
2657:             5            200  org.opensearch.common.Rounding$Builder
2658:             5            200  org.opensearch.common.settings.Setting$$Lambda/0x00007fcd2854e1a0
2659:             5            200  org.opensearch.common.settings.Setting$$Lambda/0x00007fcd2854e870
2660:             5            200  org.opensearch.index.query.QueryRewriteContext
2661:             1            200  org.opensearch.indices.IndicesService
2662:             5            200  org.opensearch.search.SearchService$SearchOperationListenerExecutor
2663:             5            200  org.opensearch.search.aggregations.MultiBucketConsumerService$MultiBucketConsumer
2664:             5            200  org.opensearch.search.aggregations.metrics.MaxAggregatorFactory
2665:             5            200  org.opensearch.search.query.TopDocsCollectorContext$EmptyTopDocsCollectorContext
2666:             5            200  sun.security.ssl.CipherSuite$MacAlg (java.base@21.0.3)
2667:             5            200  sun.security.ssl.ContentType (java.base@21.0.3)
2668:             5            200  sun.util.calendar.Era (java.base@21.0.3)
2669:             5            200  sun.util.locale.provider.LocaleProviderAdapter$Type (java.base@21.0.3)
2670:             8            192  [Ljava.util.concurrent.ConcurrentHashMap$CounterCell; (java.base@21.0.3)
2671:             2            192  [Lorg.opensearch.ml.common.FunctionName;
2672:            12            192  com.fasterxml.jackson.databind.node.IntNode
2673:             6            192  com.fasterxml.jackson.databind.util.EnumValues
2674:             6            192  com.fasterxml.jackson.dataformat.smile.SmileGenerator$Feature
2675:            12            192  com.google.common.collect.RegularImmutableList
2676:             4            192  com.google.common.collect.SingletonImmutableBiMap
2677:             8            192  com.google.gson.internal.bind.TypeAdapters$31
2678:             8            192  com.sun.management.VMOption$Origin (jdk.management@21.0.3)
2679:            12            192  io.github.resilience4j.retry.internal.RetryImpl$RetryMetrics
2680:             8            192  io.netty.util.internal.ThreadExecutorMap$1
2681:             6            192  io.protostuff.runtime.ArraySchemas$DoubleArray
2682:             4            192  java.io.PrintStream (java.base@21.0.3)
2683:            12            192  java.lang.ClassValue$Identity (java.base@21.0.3)
2684:             2            192  java.lang.invoke.BoundMethodHandle$Species_LLLLLLLLLLLLLLL (java.base@21.0.3)
2685:             6            192  java.lang.invoke.VarHandleByteArrayAsInts$ArrayHandle (java.base@21.0.3)
2686:             3            192  java.nio.DirectByteBufferR (java.base@21.0.3)
2687:             3            192  java.text.SimpleDateFormat (java.base@21.0.3)
2688:             6            192  java.time.format.TextStyle (java.base@21.0.3)
2689:             6            192  java.util.EnumMap$KeyIterator (java.base@21.0.3)
2690:             6            192  java.util.concurrent.ConcurrentHashMap$ForwardingNode (java.base@21.0.3)
2691:             6            192  javax.management.MBeanConstructorInfo (java.management@21.0.3)
2692:             6            192  javax.management.StandardEmitterMBean (java.management@21.0.3)
2693:            12            192  jdk.proxy4.$Proxy47 (jdk.proxy4)
2694:             6            192  org.apache.logging.log4j.core.appender.DefaultErrorHandler
2695:             8            192  org.apache.logging.log4j.core.appender.rolling.RolloverFrequency
2696:             6            192  org.apache.logging.log4j.core.config.AwaitCompletionReliabilityStrategy
2697:             6            192  org.apache.logging.log4j.core.layout.StringBuilderEncoder
2698:             4            192  org.apache.logging.log4j.core.lookup.ConfigurationStrSubstitutor
2699:             6            192  org.apache.lucene.analysis.CharacterUtils$CharacterBuffer
2700:             3            192  org.apache.lucene.analysis.pattern.PatternTokenizer
2701:             8            192  org.apache.lucene.index.MergeTrigger
2702:             6            192  org.apache.lucene.queryparser.classic.QueryParser$JJCalls
2703:             6            192  org.bouncycastle.jcajce.provider.config.ProviderConfigurationPermission
2704:             6            192  org.opensearch.Build$Type
2705:             6            192  org.opensearch.action.search.SearchPhaseName
2706:             3            192  org.opensearch.cluster.ClusterState
2707:             1            192  org.opensearch.cluster.coordination.Coordinator
2708:            12            192  org.opensearch.cluster.routing.RoutingNode$BucketedShards
2709:             6            192  org.opensearch.cluster.routing.UnassignedInfo$AllocationStatus
2710:             6            192  org.opensearch.common.Priority
2711:             6            192  org.opensearch.common.util.BigArrays
2712:            12            192  org.opensearch.common.util.LongLongHash$$Lambda/0x00007fcd293d9ed8
2713:            12            192  org.opensearch.core.xcontent.ObjectParser$$Lambda/0x00007fcd284bcb40
2714:             6            192  org.opensearch.index.IndexModule$Type
2715:            12            192  org.opensearch.index.analysis.PreConfiguredTokenizer$$Lambda/0x00007fcd2869fa80
2716:             1            192  org.opensearch.index.search.QueryStringQueryParser
2717:             6            192  org.opensearch.indices.recovery.RecoveryState$Stage
2718:             6            192  org.opensearch.repositories.blobstore.ChecksumBlobStoreFormat
2719:             6            192  org.opensearch.search.DocValueFormat$DateTime
2720:             3            192  org.opensearch.security.auditlog.config.AuditConfig$Filter
2721:             8            192  org.opensearch.security.securityconf.impl.v7.ConfigV7$AuthcBackend
2722:             8            192  org.opensearch.security.securityconf.impl.v7.ConfigV7$HttpAuthenticator
2723:             6            192  org.opensearch.sql.analysis.Analyzer
2724:             8            192  org.opensearch.sql.opensearch.executor.OpenSearchExecutionEngine
2725:            12            192  org.opensearch.sql.opensearch.monitor.OpenSearchMemoryHealthy$MemoryUsage
2726:            12            192  org.opensearch.sql.opensearch.monitor.OpenSearchMemoryHealthy$RandomFail
2727:             6            192  org.opensearch.sql.spark.execution.session.SessionManager
2728:            12            192  org.opensearch.timeseries.ratelimit.RateLimitedRequestWorker$$Lambda/0x00007fcd28a113f8
2729:             3            192  sun.security.rsa.RSAPrivateCrtKeyImpl (java.base@21.0.3)
2730:             6            192  sun.security.ssl.X509Authentication (java.base@21.0.3)
2731:            12            192  sun.util.logging.internal.LoggingProviderImpl$JULWrapper (java.logging@21.0.3)
2732:             3            184  [Lkotlin.annotation.AnnotationTarget;
2733:             3            184  [Lkotlin.annotation.AnnotationTarget;
2734:             6            176  [Lorg.apache.logging.log4j.core.pattern.FormattingInfo;
2735:             5            176  [[Ljava.lang.Object; (java.base@21.0.3)
2736:             2            176  java.lang.invoke.BoundMethodHandle$Species_LLLLLLLLLLLLL (java.base@21.0.3)
2737:            11            176  jdk.proxy9.$Proxy40 (jdk.proxy9)
2738:             1            176  org.apache.commons.pool2.impl.GenericObjectPool
2739:            11            176  org.apache.logging.log4j.core.config.AppenderControlArraySet
2740:             1            176  org.apache.logging.log4j.core.config.properties.PropertiesConfiguration
2741:            11            176  org.apache.logging.log4j.core.util.datetime.FastDateParser$NumberStrategy
2742:             2            176  org.apache.lucene.analysis.th.ThaiTokenizer
2743:            11            176  org.opensearch.action.support.replication.TransportReplicationAction$$Lambda/0x00007fcd28db7660
2744:            11            176  org.opensearch.action.support.replication.TransportReplicationAction$$Lambda/0x00007fcd28db7cc0
2745:            11            176  org.opensearch.action.support.replication.TransportReplicationAction$$Lambda/0x00007fcd28dbc000
2746:            11            176  org.opensearch.action.support.replication.TransportReplicationAction$$Lambda/0x00007fcd28dbc220
2747:            11            176  org.opensearch.action.support.replication.TransportReplicationAction$$Lambda/0x00007fcd28dbc450
2748:            11            176  org.opensearch.common.settings.Setting$$Lambda/0x00007fcd283948c8
2749:            11            176  org.opensearch.core.xcontent.ToXContent$MapParams
2750:            11            176  org.opensearch.index.query.BoolQueryBuilder$$Lambda/0x00007fcd291e6680
2751:            11            176  org.opensearch.index.query.BoolQueryBuilder$$Lambda/0x00007fcd291e68b0
2752:            11            176  org.opensearch.index.query.BoolQueryBuilder$$Lambda/0x00007fcd291e6ae0
2753:            11            176  org.opensearch.index.query.BoolQueryBuilder$$Lambda/0x00007fcd291e6d10
2754:            11            176  org.opensearch.plugins.SearchPlugin$PipelineAggregationSpec$$Lambda/0x00007fcd28847118
2755:             2            176  sun.nio.ch.ServerSocketChannelImpl (java.base@21.0.3)
2756:            11            176  sun.security.provider.NativePRNG (java.base@21.0.3)
2757:             5            168  [Lcom.fasterxml.jackson.databind.ser.impl.PropertySerializerMap$TypeAndSerializer;
2758:             1            168  [Lorg.apache.lucene.analysis.lv.LatvianStemmer$Affix;
2759:             1            168  [Lorg.bouncycastle.crypto.CryptoServiceProperties;
2760:             1            168  [Lorg.opensearch.knn.plugin.stats.StatNames;
2761:             1            168  [[Ljava.math.BigInteger; (java.base@21.0.3)
2762:             7            168  com.fasterxml.jackson.annotation.JsonInclude$Include
2763:             7            168  com.fasterxml.jackson.annotation.JsonInclude$Include
2764:             7            168  com.fasterxml.jackson.annotation.JsonInclude$Include
2765:             7            168  com.fasterxml.jackson.annotation.PropertyAccessor
2766:             7            168  com.fasterxml.jackson.annotation.PropertyAccessor
2767:             3            168  com.fasterxml.jackson.core.util.DefaultPrettyPrinter
2768:             3            168  com.fasterxml.jackson.databind.deser.std.EnumDeserializer
2769:             3            168  com.fasterxml.jackson.databind.type.ResolvedRecursiveType
2770:             7            168  com.fasterxml.jackson.databind.util.CompactStringObjectMap
2771:             3            168  com.sun.jna.NativeLibrary
2772:             7            168  io.protostuff.runtime.ArraySchemas$DoubleArray$1
2773:             7            168  java.io.OutputStreamWriter (java.base@21.0.3)
2774:             7            168  java.security.cert.CertPathValidatorException$BasicReason (java.base@21.0.3)
2775:             7            168  java.time.DayOfWeek (java.base@21.0.3)
2776:             7            168  jdk.net.ExtendedSocketOptions$ExtSocketOption (jdk.net@21.0.3)
2777:             7            168  kotlinx.coroutines.JobImpl
2778:             7            168  org.apache.lucene.search.TotalHits
2779:             3            168  org.apache.lucene.store.ByteBuffersDataOutput
2780:             7            168  org.bouncycastle.asn1.ASN1Tag
2781:             1            168  org.joni.Regex
2782:             7            168  org.opensearch.cluster.DiffableUtils$DiffableValueReader
2783:             3            168  org.opensearch.cluster.node.DiscoveryNodes
2784:             7            168  org.opensearch.common.ExponentiallyWeightedMovingAverage
2785:             7            168  org.opensearch.index.analysis.PreBuiltAnalyzerProviderFactory$PreBuiltAnalyzersDelegateCache
2786:             7            168  org.opensearch.ml.stats.MLClusterLevelStat
2787:             7            168  org.opensearch.performanceanalyzer.commons.stats.eval.Statistics
2788:             7            168  org.opensearch.replication.task.ReplicationState
2789:             7            168  org.opensearch.securityanalytics.model.LogType$IocFields
2790:             7            168  org.opensearch.sql.planner.optimizer.rule.read.TableScanPushDown
2791:             7            168  org.opensearch.sql.spark.execution.statestore.OpenSearchSessionStorageService
2792:             7            168  org.opensearch.sql.spark.execution.statestore.OpenSearchStatementStorageService
2793:             7            168  org.yaml.snakeyaml.scanner.Constant
2794:             3            168  sun.security.ssl.SSLContextImpl$TLSContext (java.base@21.0.3)
2795:             7            168  sun.security.x509.NetscapeCertTypeExtension$MapEntry (java.base@21.0.3)
2796:             3            160  [Ljava.util.logging.Level; (java.logging@21.0.3)
2797:             5            160  [Lorg.apache.logging.log4j.core.pattern.ArrayPatternConverter;
2798:             5            160  [Lorg.opensearch.security.securityconf.impl.DashboardSignInOption;
2799:             1            160  [Lorg.opensearch.sql.legacy.metrics.MetricName;
2800:             4            160  com.fasterxml.jackson.core.Base64Variant
2801:             2            160  com.fasterxml.jackson.core.JsonFactory
2802:             5            160  com.fasterxml.jackson.core.JsonFactory$Feature
2803:             4            160  com.fasterxml.jackson.core.StreamReadConstraints
2804:             5            160  com.fasterxml.jackson.databind.cfg.CoercionConfigs
2805:             4            160  com.fasterxml.jackson.databind.cfg.ConfigOverrides
2806:             5            160  com.fasterxml.jackson.databind.cfg.JsonNodeFeature
2807:             5            160  com.fasterxml.jackson.databind.cfg.JsonNodeFeature
2808:             5            160  com.fasterxml.jackson.databind.ser.impl.PropertySerializerMap$Double
2809:             2            160  com.google.common.cache.LocalCache$Segment
2810:            10            160  com.google.common.cache.LocalCache$StrongValueReference
2811:             4            160  com.google.common.collect.DenseImmutableTable$ColumnMap
2812:             4            160  com.google.common.collect.DenseImmutableTable$RowMap
2813:             5            160  io.netty.handler.logging.LogLevel
2814:             4            160  io.protostuff.runtime.RuntimeReflectionFieldFactory$5$1
2815:            10            160  java.lang.Class$3 (java.base@21.0.3)
2816:             4            160  java.lang.StackWalker (java.base@21.0.3)
2817:             5            160  java.lang.invoke.VarHandle$AccessType (java.base@21.0.3)
2818:            10            160  java.nio.file.Files$1 (java.base@21.0.3)
2819:             4            160  java.text.DigitList (java.base@21.0.3)
2820:             5            160  java.time.format.DateTimeFormatterBuilder$TextPrinterParser (java.base@21.0.3)
2821:             2            160  java.util.concurrent.ScheduledThreadPoolExecutor (java.base@21.0.3)
2822:            10            160  java.util.zip.CRC32 (java.base@21.0.3)
2823:            10            160  jdk.proxy10.$Proxy41 (jdk.proxy10)
2824:            10            160  jdk.proxy2.$Proxy34 (jdk.proxy2)
2825:            10            160  kotlinx.coroutines.internal.Symbol
2826:             5            160  org.apache.logging.log4j.core.appender.rolling.SizeBasedTriggeringPolicy
2827:             4            160  org.apache.logging.log4j.core.config.Node
2828:             5            160  org.apache.logging.log4j.core.lookup.Interpolator
2829:            10            160  org.apache.logging.log4j.core.lookup.SystemPropertiesLookup
2830:             5            160  org.apache.logging.log4j.core.util.Log4jThreadFactory
2831:             4            160  org.apache.lucene.analysis.ar.ArabicNormalizationFilter
2832:             4            160  org.apache.lucene.analysis.en.EnglishPossessiveFilter
2833:             4            160  org.apache.lucene.analysis.in.IndicNormalizationFilter
2834:             4            160  org.apache.lucene.search.Boolean2ScorerSupplier
2835:            10            160  org.apache.lucene.search.IndexSearcher$1
2836:             5            160  org.apache.lucene.search.ScoreMode
2837:             4            160  org.apache.lucene.search.SortField
2838:             5            160  org.apache.lucene.store.IOContext
2839:             4            160  org.apache.lucene.store.RateLimiter$SimpleRateLimiter
2840:             4            160  org.apache.lucene.util.bkd.BKDReader$BKDReaderDocIDSetIterator
2841:             2            160  org.apache.lucene.util.fst.FST$Arc
2842:             4            160  org.bouncycastle.crypto.params.DHParameters
2843:             4            160  org.joni.NameEntry
2844:             5            160  org.ldaptive.ReturnAttributes
2845:             5            160  org.opensearch.action.DocWriteResponse$Result
2846:            10            160  org.opensearch.action.support.replication.TransportReplicationAction$$Lambda/0x00007fcd28db7880
2847:            10            160  org.opensearch.action.support.replication.TransportReplicationAction$$Lambda/0x00007fcd28db7aa0
2848:             1            160  org.opensearch.ad.ratelimit.ADCheckpointReadWorker
2849:             5            160  org.opensearch.alerting.util.DestinationType
2850:             4            160  org.opensearch.bootstrap.SystemCallFilter$Arch
2851:             5            160  org.opensearch.cluster.metadata.IndexAbstraction$Alias
2852:            10            160  org.opensearch.common.settings.Setting$$Lambda/0x00007fcd280cb338
2853:             4            160  org.opensearch.common.util.TokenBucket
2854:             4            160  org.opensearch.core.tasks.resourcetracker.TaskResourceInfo
2855:             4            160  org.opensearch.core.tasks.resourcetracker.TaskResourceInfo$Builder
2856:             5            160  org.opensearch.core.tasks.resourcetracker.ThreadResourceInfo
2857:             1            160  org.opensearch.forecast.ratelimit.ForecastCheckpointReadWorker
2858:             5            160  org.opensearch.index.query.SearchIndexNameMatcher
2859:             5            160  org.opensearch.index.shard.IndexShardState
2860:             5            160  org.opensearch.indices.IndicesRequestCache$Key
2861:            10            160  org.opensearch.indices.analysis.PreBuiltCacheFactory$PreBuiltCacheStrategyOpenSearch
2862:             5            160  org.opensearch.jobscheduler.ScheduledJobProvider
2863:             5            160  org.opensearch.ml.model.MLModelGroupManager
2864:             4            160  org.opensearch.performanceanalyzer.commons.stats.metrics.ExceptionsAndErrors
2865:             5            160  org.opensearch.search.SearchService$2
2866:             5            160  org.opensearch.search.SearchService$2$$Lambda/0x00007fcd29204ce0
2867:             5            160  org.opensearch.search.SearchShardTarget
2868:             5            160  org.opensearch.search.aggregations.NonGlobalAggCollectorManagerWithSingleCollector
2869:             5            160  org.opensearch.search.aggregations.bucket.histogram.DateHistogramAggregator$DateHistogramAggregationType
2870:             4            160  org.opensearch.search.aggregations.bucket.terms.GlobalOrdinalsStringTermsAggregator$ResultStrategy$1
2871:             5            160  org.opensearch.search.aggregations.support.CoreValuesSourceType$7$1$$Lambda/0x00007fcd291153e0
2872:             5            160  org.opensearch.search.query.EarlyTerminatingCollector
2873:             5            160  org.opensearch.security.dlic.rest.validation.PasswordValidator$ScoreStrength
2874:            10            160  org.opensearch.sql.executor.pagination.PlanSerializer
2875:            10            160  org.opensearch.sql.opensearch.executor.protector.OpenSearchExecutionProtector
2876:             5            160  org.opensearch.tasks.TaskManager$CancellableTaskHolder
2877:             5            160  org.opensearch.transport.ConnectionProfile$ConnectionTypeHandle
2878:             5            160  org.yaml.snakeyaml.DumperOptions$ScalarStyle
2879:            10            160  sun.nio.fs.UnixFileSystem$3 (java.base@21.0.3)
2880:             5            160  sun.security.ssl.NamedGroup$NamedGroupSpec (java.base@21.0.3)
2881:             5            160  sun.text.CompactByteArray (java.base@21.0.3)
2882:             1            152  [Lcom.fasterxml.jackson.databind.MapperFeature;
2883:             1            152  [Lcom.fasterxml.jackson.databind.MapperFeature;
2884:             1            152  [Lcom.fasterxml.jackson.databind.MapperFeature;
2885:             1            152  [Lsun.security.ssl.Alert; (java.base@21.0.3)
2886:             1            152  [Lsun.security.ssl.NamedGroup; (java.base@21.0.3)
2887:             2            152  [[Ljava.lang.String; (java.base@21.0.3)
2888:             1            152  org.opensearch.alerting.transport.TransportDocLevelMonitorFanOutAction
2889:             1            152  org.opensearch.http.netty4.ssl.SecureNetty4HttpServerTransport
2890:             2            144  [Ljava.math.BigDecimal; (java.base@21.0.3)
2891:             6            144  [Ljava.security.CodeSigner; (java.base@21.0.3)
2892:             6            144  [Ljava.util.concurrent.atomic.Striped64$Cell; (java.base@21.0.3)
2893:             3            144  [Lorg.bouncycastle.asn1.ASN1ObjectIdentifier;
2894:             2            144  [Lorg.opensearch.performanceanalyzer.commons.stats.metrics.CollectorMetrics;
2895:             6            144  com.fasterxml.jackson.annotation.JsonAutoDetect$Visibility
2896:             6            144  com.fasterxml.jackson.annotation.JsonAutoDetect$Visibility
2897:             6            144  com.fasterxml.jackson.annotation.JsonAutoDetect$Visibility
2898:             6            144  com.fasterxml.jackson.core.JsonParser$NumberType
2899:             3            144  com.fasterxml.jackson.databind.ser.std.CollectionSerializer
2900:             9            144  com.google.common.collect.RegularImmutableList
2901:             3            144  com.sun.management.internal.GarbageCollectorExtImpl (jdk.management@21.0.3)
2902:             9            144  com.sun.management.internal.OperatingSystemImpl$SystemCpuTicks$$Lambda/0x00007fcd284de928 (jdk.management@21.0.3)
2903:             6            144  java.lang.Thread$State (java.base@21.0.3)
2904:             3            144  java.lang.ThreadGroup (java.base@21.0.3)
2905:             6            144  java.lang.invoke.MethodHandleImpl$BindCaller$InjectedInvokerHolder (java.base@21.0.3)
2906:             3            144  java.time.temporal.JulianFields$Field (java.base@21.0.3)
2907:             6            144  javax.naming.ldap.LdapName (java.naming@21.0.3)
2908:             6            144  javax.net.ssl.SSLEngineResult$HandshakeStatus (java.base@21.0.3)
2909:             3            144  jdk.internal.foreign.layout.ValueLayouts$OfFloatImpl (java.base@21.0.3)
2910:             3            144  jdk.internal.foreign.layout.ValueLayouts$OfIntImpl (java.base@21.0.3)
2911:             3            144  jdk.internal.foreign.layout.ValueLayouts$OfLongImpl (java.base@21.0.3)
2912:             3            144  jdk.internal.foreign.layout.ValueLayouts$OfShortImpl (java.base@21.0.3)
2913:             6            144  jdk.internal.perf.PerfCounter (java.base@21.0.3)
2914:             6            144  jdk.net.NetworkPermission (jdk.net@21.0.3)
2915:             9            144  jdk.proxy1.$Proxy4 (jdk.proxy1)
2916:             6            144  kotlin.coroutines.CombinedContext
2917:             6            144  kotlinx.coroutines.CoroutineName
2918:             6            144  kotlinx.coroutines.SupervisorJobImpl
2919:             6            144  org.apache.logging.log4j.core.LifeCycle$State
2920:             6            144  org.apache.logging.log4j.core.config.AppenderRef
2921:             1            144  org.apache.logging.log4j.core.config.composite.CompositeConfiguration
2922:             3            144  org.apache.logging.log4j.core.lookup.RuntimeStrSubstitutor
2923:             6            144  org.apache.logging.log4j.core.pattern.MarkerPatternConverter
2924:             3            144  org.apache.logging.log4j.simple.SimpleLogger
2925:             2            144  org.apache.lucene.analysis.classic.ClassicTokenizerImpl
2926:             2            144  org.apache.lucene.analysis.core.WhitespaceTokenizer
2927:             9            144  org.apache.lucene.backward_codecs.lucene50.Lucene50CompoundFormat
2928:             6            144  org.apache.lucene.backward_codecs.lucene80.Lucene80DocValuesFormat
2929:             2            144  org.apache.lucene.backward_codecs.lucene91.Lucene91Codec
2930:             2            144  org.apache.lucene.backward_codecs.lucene92.Lucene92Codec
2931:             2            144  org.apache.lucene.backward_codecs.lucene94.Lucene94Codec
2932:             6            144  org.apache.lucene.backward_codecs.lucene95.Lucene95Codec$1
2933:             6            144  org.apache.lucene.backward_codecs.lucene95.Lucene95Codec$2
2934:             6            144  org.apache.lucene.backward_codecs.lucene95.Lucene95Codec$3
2935:             6            144  org.apache.lucene.backward_codecs.lucene95.Lucene95HnswVectorsFormat
2936:             6            144  org.apache.lucene.document.SortedNumericDocValuesRangeQuery$1$1
2937:             6            144  org.apache.lucene.document.StoredValue$Type
2938:             6            144  org.apache.lucene.index.DocValuesType
2939:             6            144  org.apache.lucene.search.BooleanWeight$WeightedBooleanClause
2940:             6            144  org.apache.lucene.search.TopDocs
2941:             3            144  org.apache.lucene.util.fst.ReadWriteDataOutput
2942:             6            144  org.bouncycastle.pqc.jcajce.provider.dilithium.DilithiumKeyFactorySpi
2943:             6            144  org.bouncycastle.pqc.jcajce.provider.kyber.KyberKeyFactorySpi
2944:             6            144  org.joda.time.format.DateTimeFormatterBuilder$Fraction
2945:             6            144  org.joni.ast.QuantifierNode$ReduceType
2946:             6            144  org.opensearch.action.OriginalIndices
2947:             6            144  org.opensearch.action.search.SearchRequestStats$StatsHolder
2948:             6            144  org.opensearch.action.support.ActiveShardsObserver
2949:             6            144  org.opensearch.action.support.IndicesOptions$Option
2950:             6            144  org.opensearch.ad.model.ADTaskType
2951:             1            144  org.opensearch.alerting.MonitorRunnerExecutionContext
2952:             6            144  org.opensearch.client.support.AbstractClient$Admin
2953:             6            144  org.opensearch.cluster.routing.RecoverySource$Type
2954:             3            144  org.opensearch.common.inject.InheritingState
2955:             3            144  org.opensearch.common.inject.InjectorImpl
2956:             6            144  org.opensearch.common.logging.NodeNamePatternConverter
2957:             6            144  org.opensearch.commons.utils.HelpersKt$logger$1
2958:             9            144  org.opensearch.core.indices.breaker.AllCircuitBreakerStats
2959:             2            144  org.opensearch.index.IndexingPressure
2960:             6            144  org.opensearch.index.mapper.DateFieldMapper$DateFieldType$$Lambda/0x00007fcd292e6880
2961:             6            144  org.opensearch.index.mapper.DateFieldMapper$DateFieldType$$Lambda/0x00007fcd292ebcf8
2962:             9            144  org.opensearch.knn.index.codec.KNN80Codec.KNN80CompoundFormat
2963:             6            144  org.opensearch.ml.common.MLTaskState
2964:             6            144  org.opensearch.ml.stats.MLNodeLevelStat
2965:             9            144  org.opensearch.monitor.fs.FsHealthService$$Lambda/0x00007fcd293b7940
2966:             6            144  org.opensearch.monitor.jvm.JvmService
2967:             1            144  org.opensearch.performanceanalyzer.commons.collectors.ScheduledMetricCollectorsExecutor
2968:             6            144  org.opensearch.plugins.SearchPlugin$ScoreFunctionSpec
2969:             6            144  org.opensearch.plugins.SearchPlugin$SignificanceHeuristicSpec
2970:             6            144  org.opensearch.rest.RestHandler$DeprecatedRoute
2971:             6            144  org.opensearch.search.internal.AliasFilter
2972:             1            144  org.opensearch.security.OpenSearchSecurityPlugin
2973:             9            144  org.opensearch.security.dlic.rest.api.RequestHandler$RequestHandlersBuilder$$Lambda/0x00007fcd28fe58a8
2974:             9            144  org.opensearch.securityanalytics.logtype.LogTypeService$$Lambda/0x00007fcd288ade40
2975:             6            144  org.opensearch.sql.analysis.SelectExpressionAnalyzer
2976:             6            144  org.opensearch.sql.executor.QueryService
2977:             6            144  org.opensearch.sql.planner.optimizer.rule.MergeFilterAndFilter
2978:             6            144  org.opensearch.sql.planner.optimizer.rule.PushFilterUnderSort
2979:             6            144  org.opensearch.sql.planner.optimizer.rule.read.CreateTableScanBuilder
2980:             6            144  org.opensearch.sql.planner.optimizer.rule.write.CreateTableWriteBuilder
2981:             3            144  org.opensearch.threadpool.AutoQueueAdjustingExecutorBuilder
2982:             1            144  org.opensearch.threadpool.ThreadPool$CachedTimeThread
2983:             3            144  org.opensearch.timeseries.transport.handler.ResultBulkIndexingHandler
2984:             1            144  org.opensearch.transport.netty4.ssl.SecureNetty4Transport
2985:             1            144  sun.security.pkcs11.SunPKCS11 (jdk.crypto.cryptoki@21.0.3)
2986:             6            144  sun.security.provider.certpath.X509CertPath (java.base@21.0.3)
2987:             6            144  sun.security.util.DisabledAlgorithmConstraints$Constraint$Operator (java.base@21.0.3)
2988:             4            136  [Ljava.lang.CharSequence; (java.base@21.0.3)
2989:             1            136  [Ljava.time.temporal.ChronoField; (java.base@21.0.3)
2990:             6            136  [Lorg.apache.logging.log4j.core.config.AppenderControl;
2991:             6            136  [Lorg.apache.logging.log4j.core.config.AppenderRef;
2992:             1            136  [Lorg.opensearch.core.xcontent.ObjectParser$ValueType;
2993:             3            136  [Lorg.opensearch.search.aggregations.support.ValueType;
2994:             1            136  [Lorg.opensearch.timeseries.stats.StatNames;
2995:             1            136  org.apache.logging.log4j.core.config.NullConfiguration
2996:             1            136  org.opensearch.ad.task.ADTaskManager
2997:             1            136  org.opensearch.search.SearchService
2998:             5            128  [Ljava.net.InetAddress; (java.base@21.0.3)
2999:             2            128  [Ljava.time.Month; (java.base@21.0.3)
3000:             1            128  [Lorg.joni.constants.internal.TokenType;
3001:             2            128  [Lorg.opensearch.index.fielddata.IndexNumericFieldData$NumericType;
3002:             2            128  [Lorg.opensearch.ingest.geoip.GeoIpProcessor$Property;
3003:             2            128  [Lsun.security.ssl.SSLSecretDerivation$SecretSchedule; (java.base@21.0.3)
3004:             4            128  com.fasterxml.jackson.annotation.JsonInclude$Value
3005:             4            128  com.fasterxml.jackson.core.StreamReadCapability
3006:             4            128  com.fasterxml.jackson.core.util.Separators$Spacing
3007:             2            128  com.fasterxml.jackson.databind.cfg.BaseSettings
3008:             4            128  com.fasterxml.jackson.databind.cfg.CoercionConfigs
3009:             4            128  com.fasterxml.jackson.databind.cfg.JsonNodeFeature
3010:             4            128  com.fasterxml.jackson.databind.ser.AnyGetterWriter
3011:             1            128  com.google.common.cache.LocalCache
3012:             1            128  com.google.common.cache.LocalCache
3013:             4            128  com.google.common.collect.RegularImmutableSet
3014:             8            128  com.google.gson.TypeAdapter$1
3015:             4            128  com.sun.jmx.mbeanserver.DefaultMXBeanMappingFactory$ArrayMapping (java.management@21.0.3)
3016:             4            128  com.sun.jmx.mbeanserver.DefaultMXBeanMappingFactory$EnumMapping (java.management@21.0.3)
3017:             2            128  com.sun.security.sasl.gsskerb.JdkSASL$ProviderService (jdk.security.jgss@21.0.3)
3018:             2            128  io.netty.bootstrap.ServerBootstrap
3019:             2            128  io.netty.buffer.PooledByteBufAllocator
3020:             2            128  io.netty.buffer.SizeClasses
3021:             8            128  io.netty.channel.nio.NioEventLoop$1
3022:             2            128  io.netty.channel.socket.nio.NioServerSocketChannel$NioServerSocketChannelConfig
3023:             4            128  io.netty.util.AttributeKey
3024:             4            128  io.netty.util.internal.logging.Log4J2Logger
3025:             4            128  java.io.FileInputStream (java.base@21.0.3)
3026:             4            128  java.lang.invoke.VarHandleByteArrayAsDoubles$ArrayHandle (java.base@21.0.3)
3027:             4            128  java.lang.invoke.VarHandleByteArrayAsFloats$ArrayHandle (java.base@21.0.3)
3028:             4            128  java.lang.invoke.VarHandleByteArrayAsShorts$ArrayHandle (java.base@21.0.3)
3029:             4            128  java.lang.module.ModuleDescriptor$Modifier (java.base@21.0.3)
3030:             4            128  java.lang.module.ModuleDescriptor$Requires$Modifier (java.base@21.0.3)
3031:             4            128  java.security.spec.PSSParameterSpec (java.base@21.0.3)
3032:             8            128  java.time.format.DateTimeFormatterBuilder$StringLiteralPrinterParser (java.base@21.0.3)
3033:             4            128  java.util.AbstractList$ListItr (java.base@21.0.3)
3034:             4            128  java.util.AbstractList$RandomAccessSubList (java.base@21.0.3)
3035:             4            128  java.util.HexFormat (java.base@21.0.3)
3036:             4            128  java.util.stream.FindOps$FindOp (java.base@21.0.3)
3037:             4            128  java.util.stream.ReduceOps$9ReducingSink (java.base@21.0.3)
3038:             4            128  jdk.internal.logger.BootstrapLogger$LoggingBackend (java.base@21.0.3)
3039:             1            128  jdk.nio.zipfs.ZipFileSystem (jdk.zipfs@21.0.3)
3040:             8            128  jdk.proxy3.$Proxy18 (jdk.proxy3)
3041:             8            128  jdk.proxy4.$Proxy20 (jdk.proxy4)
3042:             2            128  org.apache.lucene.analysis.classic.ClassicTokenizer
3043:             2            128  org.apache.lucene.backward_codecs.lucene87.Lucene87Codec
3044:             8            128  org.apache.lucene.index.IndexReader$$Lambda/0x00007fcd28519cf8
3045:             8            128  org.apache.lucene.index.IndexReader$$Lambda/0x00007fcd28519f30
3046:             4            128  org.bouncycastle.crypto.params.DSAParameters
3047:             4            128  org.objectweb.asm.Handle
3048:             4            128  org.opensearch.action.DocWriteRequest$OpType
3049:             4            128  org.opensearch.action.search.PitService
3050:             4            128  org.opensearch.action.search.ShardStatsFieldNames
3051:             1            128  org.opensearch.ad.ratelimit.ADCheckpointWriteWorker
3052:             1            128  org.opensearch.ad.ratelimit.ADColdStartWorker
3053:             1            128  org.opensearch.ad.ratelimit.ADResultWriteWorker
3054:             4            128  org.opensearch.analysis.common.PatternAnalyzer
3055:             4            128  org.opensearch.cluster.routing.ShardRoutingState
3056:             4            128  org.opensearch.common.geo.ShapeRelation
3057:             4            128  org.opensearch.common.logging.SlowLogLevel
3058:             2            128  org.opensearch.common.lucene.Lucene$DirectoryReaderWithAllLiveDocs
3059:             4            128  org.opensearch.common.util.TokenBucket$State
3060:             4            128  org.opensearch.common.xcontent.json.JsonXContentGenerator
3061:             2            128  org.opensearch.env.Environment
3062:             1            128  org.opensearch.forecast.ratelimit.ForecastCheckpointWriteWorker
3063:             1            128  org.opensearch.forecast.ratelimit.ForecastColdStartWorker
3064:             1            128  org.opensearch.forecast.ratelimit.ForecastResultWriteWorker
3065:             8            128  org.opensearch.index.mapper.NumberFieldMapper$NumberType$$Lambda/0x00007fcd287397e8
3066:             4            128  org.opensearch.index.search.MatchQuery$Type
3067:             4            128  org.opensearch.index.translog.Translog$Operation$Type
3068:             2            128  org.opensearch.indexmanagement.IndexManagementPlugin
3069:             1            128  org.opensearch.ml.plugin.MachineLearningPlugin
3070:             1            128  org.opensearch.monitor.jvm.JvmInfo
3071:             4            128  org.opensearch.performanceanalyzer.commons.stats.collectors.SampleAggregator
3072:             4            128  org.opensearch.repositories.s3.ProxySettings$ProxyType
3073:             4            128  org.opensearch.search.aggregations.InternalOrder$SimpleOrder
3074:             4            128  org.opensearch.search.aggregations.bucket.terms.BucketPriorityQueue
3075:             4            128  org.opensearch.search.aggregations.bucket.terms.LongKeyedBucketOrds$FromSingle$1
3076:             2            128  org.opensearch.search.backpressure.SearchBackpressureState
3077:             4            128  org.opensearch.search.internal.ExitableDirectoryReader$ExitablePointTree
3078:             4            128  org.opensearch.security.auth.AuthDomain
3079:             2            128  org.opensearch.security.dlic.rest.api.RestApiPrivilegesEvaluator
3080:             4            128  org.opensearch.security.securityconf.impl.DashboardSignInOption
3081:             2            128  org.opensearch.security.securityconf.impl.v7.ConfigV7$Dynamic
3082:             1            128  org.opensearch.securityanalytics.indexmanagment.DetectorIndexManagementService
3083:             4            128  org.opensearch.semver.SemverRange$RangeOperator
3084:             4            128  org.opensearch.sql.datasource.model.DataSourceType
3085:             4            128  org.opensearch.sql.spark.flint.operation.FlintIndexOpFactory
3086:             4            128  org.opensearch.threadpool.ThreadPool$ThreadPoolType
3087:             2            128  org.opensearch.timeseries.MemoryTracker
3088:             4            128  org.opensearch.timeseries.model.EntityProfileName
3089:             8            128  org.opensearch.timeseries.ratelimit.ConcurrentWorker$$Lambda/0x00007fcd28a11628
3090:             2            128  sun.security.jgss.SunProvider$ProviderService (java.security.jgss@21.0.3)
3091:             4            128  sun.security.ssl.Finished$VerifyDataScheme (java.base@21.0.3)
3092:             4            128  sun.security.ssl.SSLTrafficKeyDerivation (java.base@21.0.3)
3093:             4            128  sun.security.util.DisabledAlgorithmConstraints (java.base@21.0.3)
3094:             3            120  [Ljava.lang.invoke.LambdaForm$BasicType; (java.base@21.0.3)
3095:             3            120  [Ljava.nio.charset.Charset; (java.base@21.0.3)
3096:             5            120  [Lorg.apache.logging.log4j.core.appender.rolling.TriggeringPolicy;
3097:             5            120  [Lorg.apache.lucene.search.Collector;
3098:             1            120  [Lorg.opensearch.action.admin.cluster.node.stats.NodesStatsRequest$Metric;
3099:             3            120  [Lorg.opensearch.index.shard.IndexShardState;
3100:             3            120  [Lorg.opensearch.rest.RestHandler$ReplacedRoute;
3101:             2            120  [Lsun.security.util.ObjectIdentifier; (java.base@21.0.3)
3102:             5            120  com.fasterxml.jackson.annotation.Nulls
3103:             5            120  com.fasterxml.jackson.annotation.Nulls
3104:             5            120  com.fasterxml.jackson.annotation.Nulls
3105:             3            120  com.fasterxml.jackson.databind.PropertyMetadata
3106:             5            120  com.fasterxml.jackson.databind.cfg.MutableCoercionConfig
3107:             5            120  com.fasterxml.jackson.databind.deser.DeserializerCache
3108:             5            120  com.fasterxml.jackson.databind.introspect.SimpleMixInResolver
3109:             5            120  com.fasterxml.jackson.databind.ser.SerializerCache
3110:             5            120  com.fasterxml.jackson.databind.ser.impl.PropertySerializerMap$Multi
3111:             5            120  com.fasterxml.jackson.databind.util.LRUMap
3112:             5            120  com.fasterxml.jackson.databind.util.internal.LinkedDeque
3113:             3            120  com.google.common.collect.RegularImmutableMap
3114:             5            120  com.sun.crypto.provider.DHParameters (java.base@21.0.3)
3115:             3            120  com.sun.jna.Structure$LayoutInfo
3116:             1            120  com.sun.jna.internal.Cleaner$1
3117:             3            120  io.netty.handler.codec.base64.Base64Dialect
3118:             5            120  io.netty.util.Recycler$2
3119:             5            120  io.netty.util.internal.logging.InternalLogLevel
3120:             3            120  java.lang.invoke.VarHandleBooleans$FieldInstanceReadWrite (java.base@21.0.3)
3121:             1            120  java.lang.ref.Finalizer$FinalizerThread (java.base@21.0.3)
3122:             1            120  java.lang.ref.Reference$ReferenceHandler (java.base@21.0.3)
3123:             3            120  java.lang.reflect.ProxyGenerator$ProxyMethod (java.base@21.0.3)
3124:             3            120  java.net.InetAddress$CachedLookup (java.base@21.0.3)
3125:             5            120  java.net.InterfaceAddress (java.base@21.0.3)
3126:             5            120  java.time.ZoneRegion (java.base@21.0.3)
3127:             5            120  java.time.chrono.JapaneseEra (java.base@21.0.3)
3128:             5            120  java.time.format.SignStyle (java.base@21.0.3)
3129:             5            120  java.util.Locale$FilteringMode (java.base@21.0.3)
3130:             5            120  java.util.concurrent.Executors$AutoShutdownDelegatedExecutorService (java.base@21.0.3)
3131:             5            120  java.util.concurrent.atomic.AtomicReferenceFieldUpdater$AtomicReferenceFieldUpdaterImpl$1 (java.base@21.0.3)
3132:             5            120  java.util.function.Predicate$$Lambda/0x00007fcd2928b520 (java.base@21.0.3)
3133:             1            120  java.util.logging.LogManager$Cleaner (java.logging@21.0.3)
3134:             5            120  java.util.stream.StreamOpFlag$Type (java.base@21.0.3)
3135:             5            120  jdk.internal.math.FloatingDecimal$PreparedASCIIToBinaryBuffer (java.base@21.0.3)
3136:             1            120  jdk.internal.misc.InnocuousThread (java.base@21.0.3)
3137:             5            120  kotlinx.coroutines.scheduling.CoroutineScheduler$WorkerState
3138:             5            120  org.apache.logging.log4j.core.appender.rolling.CompositeTriggeringPolicy
3139:             3            120  org.apache.logging.log4j.core.config.ConfigurationSource
3140:             5            120  org.apache.logging.log4j.core.lookup.PropertiesLookup
3141:             5            120  org.apache.logging.log4j.core.pattern.LoggerPatternConverter
3142:             5            120  org.apache.logging.log4j.core.pattern.PatternParser$ParserState
3143:             3            120  org.apache.logging.log4j.core.util.WatchManager
3144:             3            120  org.apache.logging.log4j.core.util.datetime.FixedDateFormat$FixedTimeZoneFormat
3145:             5            120  org.apache.lucene.index.IndexOptions
3146:             5            120  org.apache.lucene.search.MultiCollector
3147:             5            120  org.apache.lucene.search.TotalHitCountCollector
3148:             5            120  org.bouncycastle.jcajce.provider.asymmetric.ec.KeyFactorySpi$ECMQV
3149:             5            120  org.greenrobot.eventbus.ThreadMode
3150:             5            120  org.opensearch.action.ActionRunnable$2
3151:             1            120  org.opensearch.ad.ratelimit.ADCheckpointMaintainWorker
3152:             1            120  org.opensearch.ad.ratelimit.ADColdEntityWorker
3153:             1            120  org.opensearch.ad.transport.GetAnomalyDetectorTransportAction
3154:             1            120  org.opensearch.bootstrap.Bootstrap$2
3155:             1            120  org.opensearch.bootstrap.Bootstrap$4
3156:             5            120  org.opensearch.cluster.block.ClusterBlockLevel
3157:             5            120  org.opensearch.cluster.block.ClusterBlocks$ImmutableLevelHolder
3158:             5            120  org.opensearch.cluster.routing.allocation.Constraint
3159:             5            120  org.opensearch.common.MemoizedSupplier
3160:             1            120  org.opensearch.common.PidFile$1
3161:             5            120  org.opensearch.common.Rounding$TimeIntervalRounding
3162:             3            120  org.opensearch.common.breaker.ChildMemoryCircuitBreaker
3163:             5            120  org.opensearch.common.cache.ICacheKey
3164:             5            120  org.opensearch.common.cache.store.OpenSearchOnHeapCache$$Lambda/0x00007fcd292f0a50
3165:             5            120  org.opensearch.common.lease.Releasables$$Lambda/0x00007fcd2920a480
3166:             3            120  org.opensearch.flowframework.indices.FlowFrameworkIndex
3167:             1            120  org.opensearch.forecast.ratelimit.ForecastCheckpointMaintainWorker
3168:             1            120  org.opensearch.forecast.ratelimit.ForecastColdEntityWorker
3169:             1            120  org.opensearch.forecast.transport.GetForecasterTransportAction
3170:             5            120  org.opensearch.index.engine.Engine$Operation$Origin
3171:             5            120  org.opensearch.index.mapper.MetadataFieldMapper$ConfigurableTypeParser
3172:             5            120  org.opensearch.index.query.MatchNoneQueryBuilder
3173:             5            120  org.opensearch.index.query.ParsedQuery
3174:             5            120  org.opensearch.index.shard.IndexShard$$Lambda/0x00007fcd29302238
3175:             1            120  org.opensearch.indexmanagement.indexstatemanagement.ManagedIndexCoordinator
3176:             5            120  org.opensearch.indices.IndicesRequestCache$Loader
3177:             5            120  org.opensearch.indices.IndicesService$$Lambda/0x00007fcd292fd460
3178:             5            120  org.opensearch.knn.index.codec.KNNFormatFacade
3179:             5            120  org.opensearch.ml.stats.suppliers.IndexStatusSupplier
3180:             3            120  org.opensearch.monitor.jvm.JvmGcMonitorService$GcThreshold
3181:             1            120  org.opensearch.node.NodeService
3182:             5            120  org.opensearch.performanceanalyzer.config.setting.PerformanceAnalyzerClusterSettings$PerformanceAnalyzerFeatureBits
3183:             5            120  org.opensearch.ratelimitting.admissioncontrol.AdmissionControlService$$Lambda/0x00007fcd292d4000
3184:             5            120  org.opensearch.search.SearchService$$Lambda/0x00007fcd292cf760
3185:             5            120  org.opensearch.search.SearchService$$Lambda/0x00007fcd292d4d30
3186:             5            120  org.opensearch.search.SearchService$$Lambda/0x00007fcd2934e6d0
3187:             5            120  org.opensearch.search.aggregations.InternalAggregations
3188:             5            120  org.opensearch.search.aggregations.SearchContextAggregations
3189:             5            120  org.opensearch.search.aggregations.bucket.histogram.DateIntervalWrapper$IntervalTypeEnum
3190:             5            120  org.opensearch.search.aggregations.support.CoreValuesSourceType$7$1
3191:             5            120  org.opensearch.search.internal.ReaderContext$$Lambda/0x00007fcd2934edc0
3192:             5            120  org.opensearch.search.internal.ReaderContext$1
3193:             5            120  org.opensearch.search.internal.ShardSearchContextId
3194:             5            120  org.opensearch.search.query.QueryCollectorContext$5
3195:             5            120  org.opensearch.search.query.QueryPhase$$Lambda/0x00007fcd293c5de0
3196:             5            120  org.opensearch.search.query.TopDocsCollectorContext$EmptyTopDocsCollectorContext$$Lambda/0x00007fcd293c2258
3197:             5            120  org.opensearch.security.dlic.rest.api.RequestHandler$RequestHandlersBuilder$$Lambda/0x00007fcd28fe8000
3198:             3            120  org.opensearch.sql.spark.dispatcher.QueryHandlerFactory
3199:             5            120  org.opensearch.sql.spark.flint.OpenSearchFlintIndexStateModelService
3200:             5            120  org.opensearch.tasks.TaskManager$$Lambda/0x00007fcd292dc8a0
3201:             5            120  org.opensearch.tasks.TaskManager$$Lambda/0x00007fcd292e3168
3202:             5            120  org.opensearch.tasks.TaskManager$1
3203:             5            120  org.opensearch.tasks.TaskManager$ChannelPendingTaskTracker
3204:             5            120  org.opensearch.threadpool.TaskAwareRunnable
3205:             5            120  org.opensearch.transport.TransportRequestOptions$Type
3206:             3            120  sun.security.provider.DSAPublicKeyImpl (java.base@21.0.3)
3207:             3            120  sun.security.ssl.CipherSuite$HashAlg (java.base@21.0.3)
3208:             3            120  sun.security.ssl.SignatureScheme$SigAlgParamSpec (java.base@21.0.3)
3209:             3            120  sun.security.ssl.X509TrustManagerImpl (java.base@21.0.3)
3210:             3            120  sun.util.locale.provider.LocaleResources (java.base@21.0.3)
3211:             7            112  [Ljava.lang.annotation.Annotation; (java.base@21.0.3)
3212:             1            112  [Ljava.lang.reflect.AccessFlag; (java.base@21.0.3)
3213:             2            112  [Ljava.nio.file.attribute.PosixFilePermission; (java.base@21.0.3)
3214:             2            112  [Ljava.security.CryptoPrimitive; (java.base@21.0.3)
3215:             1            112  [Ljava.time.LocalTime; (java.base@21.0.3)
3216:             7            112  [Lorg.apache.logging.log4j.core.config.Property;
3217:             5            112  [Lorg.apache.logging.log4j.core.pattern.NameAbbreviator$PatternAbbreviatorFragment;
3218:             2            112  [Lorg.apache.lucene.search.SortField$Type;
3219:             2            112  [Lorg.opensearch.cluster.ClusterState$Metric;
3220:             2            112  [Lorg.opensearch.core.xcontent.XContentParser$Token;
3221:             1            112  [Lorg.opensearch.performanceanalyzer.commons.metrics.AllMetrics$ShardStatsValue;
3222:             2            112  [Lorg.opensearch.search.asynchronous.context.state.AsynchronousSearchState;
3223:             2            112  [Lorg.opensearch.security.securityconf.impl.CType;
3224:             1            112  [Lorg.opensearch.security.support.ModuleType;
3225:             2            112  [Lorg.opensearch.timeseries.model.ProfileName;
3226:             1            112  [Lorg.yaml.snakeyaml.tokens.Token$ID;
3227:             3            112  [Lsun.invoke.util.ValueConversions$WrapperCache; (java.base@21.0.3)
3228:             2            112  com.google.common.collect.HashBiMap
3229:             1            112  java.lang.invoke.BoundMethodHandle$Species_LLLLLLLLLLLLLLLLLLL (java.base@21.0.3)
3230:             2            112  java.nio.DirectIntBufferRU (java.base@21.0.3)
3231:             2            112  java.security.cert.PKIXBuilderParameters (java.base@21.0.3)
3232:             2            112  java.util.concurrent.ConcurrentHashMap$ValueSpliterator (java.base@21.0.3)
3233:             7            112  jdk.proxy4.$Proxy24 (jdk.proxy4)
3234:             7            112  kotlinx.coroutines.internal.Symbol
3235:             7            112  kotlinx.coroutines.internal.Symbol
3236:             7            112  kotlinx.coroutines.internal.Symbol
3237:             7            112  org.apache.logging.log4j.core.impl.ThreadContextDataInjector$ForCopyOnWriteThreadContextMap
3238:             2            112  org.apache.lucene.analysis.miscellaneous.StemmerOverrideFilter
3239:             2            112  org.apache.lucene.util.DocIdSetBuilder
3240:             1            112  org.opensearch.action.bulk.TransportShardBulkAction
3241:             1            112  org.opensearch.ad.ml.ADColdStart
3242:             1            112  org.opensearch.ad.transport.ADResultProcessor
3243:             7            112  org.opensearch.cluster.ClusterName
3244:             7            112  org.opensearch.cluster.coordination.CoordinationMetadata$VotingConfiguration
3245:             2            112  org.opensearch.cluster.routing.allocation.DiskThresholdSettings
3246:             7            112  org.opensearch.common.settings.Setting$$Lambda/0x00007fcd2854d468
3247:             2            112  org.opensearch.common.util.BigDoubleArray
3248:             1            112  org.opensearch.forecast.ml.ForecastColdStart
3249:             1            112  org.opensearch.forecast.transport.ForecastRunOnceTransportAction
3250:             7            112  org.opensearch.index.analysis.PreBuiltAnalyzerProviderFactory$$Lambda/0x00007fcd286c7038
3251:             7            112  org.opensearch.index.mapper.MetadataFieldMapper$FixedTypeParser
3252:             7            112  org.opensearch.ml.stats.suppliers.CounterSupplier
3253:             1            112  org.opensearch.performanceanalyzer.collectors.telemetry.RTFNodeStatsAllShardsMetricsCollector
3254:             1            112  org.opensearch.replication.action.replay.TransportReplayChangesAction
3255:             7            112  org.opensearch.search.aggregations.BucketCollectorProcessor
3256:             7            112  org.opensearch.security.dlic.rest.api.AbstractApiAction$$Lambda/0x00007fcd28fe5688
3257:             7            112  org.opensearch.sql.spark.execution.session.OpenSearchSessionConfigSupplier
3258:             7            112  org.opensearch.sql.spark.execution.xcontent.SessionModelXContentSerializer
3259:             7            112  org.opensearch.sql.spark.execution.xcontent.StatementModelXContentSerializer
3260:             2            112  org.tartarus.snowball.ext.FinnishStemmer
3261:             2            112  org.tartarus.snowball.ext.RomanianStemmer
3262:             2            112  sun.security.ec.ed.EdDSAParameters (jdk.crypto.ec@21.0.3)
3263:             1            104  [Ljava.lang.reflect.ClassFileFormatVersion; (java.base@21.0.3)
3264:             1            104  [Lorg.opensearch.sql.common.setting.Settings$Key;
3265:             1            104  [Lsun.security.ssl.SSLHandshake; (java.base@21.0.3)
3266:             1            104  [Lsun.security.ssl.SignatureScheme; (java.base@21.0.3)
3267:             2            104  [Lsun.util.logging.PlatformLogger$Level; (java.base@21.0.3)
3268:             1            104  com.sun.crypto.provider.SunJCE (java.base@21.0.3)
3269:             1            104  com.sun.security.sasl.Provider (java.security.sasl@21.0.3)
3270:             1            104  com.sun.security.sasl.gsskerb.JdkSASL (jdk.security.jgss@21.0.3)
3271:             1            104  java.lang.invoke.BoundMethodHandle$Species_LLLLLLLLLLLLLLLLLL (java.base@21.0.3)
3272:             1            104  jdk.internal.loader.ClassLoaders$AppClassLoader (java.base@21.0.3)
3273:             1            104  jdk.internal.loader.ClassLoaders$BootClassLoader (java.base@21.0.3)
3274:             1            104  jdk.internal.loader.ClassLoaders$PlatformClassLoader (java.base@21.0.3)
3275:             1            104  org.jcp.xml.dsig.internal.dom.XMLDSigRI (java.xml.crypto@21.0.3)
3276:             1            104  org.opensearch.ad.indices.ADIndexManagement
3277:             1            104  org.opensearch.ad.task.ADBatchTaskRunner
3278:             1            104  org.opensearch.forecast.indices.ForecastIndexManagement
3279:             1            104  org.opensearch.ml.action.register.TransportRegisterModelAction
3280:             1            104  org.opensearch.securityanalytics.transport.TransportIndexDetectorAction
3281:             1            104  org.opensearch.transport.TransportService
3282:             1            104  sun.security.ec.SunEC (jdk.crypto.ec@21.0.3)
3283:             1            104  sun.security.jca.ProviderList$1 (java.base@21.0.3)
3284:             1            104  sun.security.jgss.SunProvider (java.security.jgss@21.0.3)
3285:             1            104  sun.security.provider.certpath.ldap.JdkLDAP (java.naming@21.0.3)
3286:             1            104  sun.security.rsa.SunRsaSign (java.base@21.0.3)
3287:             1            104  sun.security.smartcardio.SunPCSC (java.smartcardio@21.0.3)
3288:             1            104  sun.security.ssl.SunJSSE (java.base@21.0.3)
3289:             2             96  [Lcom.fasterxml.jackson.annotation.JsonInclude$Include;
3290:             1             96  [Lcom.fasterxml.jackson.core.JsonParser$Feature;
3291:             2             96  [Lcom.google.common.cache.LocalCache$EntryFactory;
3292:             2             96  [Lcom.google.common.cache.LocalCache$EntryFactory;
3293:             2             96  [Lcom.google.common.cache.LocalCache$EntryFactory;
3294:             2             96  [Lcom.google.common.cache.LocalCache$EntryFactory;
3295:             2             96  [Ljava.lang.System$Logger$Level; (java.base@21.0.3)
3296:             2             96  [Ljava.time.DayOfWeek; (java.base@21.0.3)
3297:             2             96  [Ljava.util.concurrent.TimeUnit; (java.base@21.0.3)
3298:             3             96  [Lkotlinx.coroutines.CoroutineStart;
3299:             4             96  [Lorg.apache.logging.log4j.Marker;
3300:             3             96  [Lorg.apache.logging.log4j.core.util.datetime.FastDatePrinter$Rule;
3301:             2             96  [Lorg.apache.logging.log4j.spi.StandardLevel;
3302:             2             96  [Lorg.opensearch.search.aggregations.support.CoreValuesSourceType;
3303:             4             96  [Lorg.opensearch.sql.spark.leasemanager.DefaultLeaseManager$Rule;
3304:             4             96  [Lsun.security.ssl.EphemeralKeyManager$EphemeralKeyPair; (java.base@21.0.3)
3305:             1             96  [Lsun.util.locale.BaseLocale; (java.base@21.0.3)
3306:             1             96  [[Ljava.lang.Byte; (java.base@21.0.3)
3307:             4             96  com.fasterxml.jackson.annotation.JsonCreator$Mode
3308:             4             96  com.fasterxml.jackson.annotation.JsonProperty$Access
3309:             1             96  com.fasterxml.jackson.databind.DeserializationConfig
3310:             4             96  com.fasterxml.jackson.databind.cfg.CoercionAction
3311:             4             96  com.fasterxml.jackson.databind.cfg.CoercionAction
3312:             4             96  com.fasterxml.jackson.databind.cfg.CoercionAction
3313:             4             96  com.fasterxml.jackson.databind.cfg.ConstructorDetector
3314:             4             96  com.fasterxml.jackson.databind.cfg.ConstructorDetector$SingleArgConstructor
3315:             4             96  com.fasterxml.jackson.databind.cfg.MutableCoercionConfig
3316:             4             96  com.fasterxml.jackson.databind.deser.DeserializerCache
3317:             4             96  com.fasterxml.jackson.databind.introspect.AnnotationCollector$OneAnnotation
3318:             4             96  com.fasterxml.jackson.databind.introspect.SimpleMixInResolver
3319:             3             96  com.fasterxml.jackson.databind.introspect.VisibilityChecker$Std
3320:             4             96  com.fasterxml.jackson.databind.ser.SerializerCache
3321:             3             96  com.fasterxml.jackson.databind.ser.std.EnumSerializer
3322:             6             96  com.fasterxml.jackson.databind.ser.std.ToStringSerializer
3323:             6             96  com.fasterxml.jackson.databind.ser.std.ToStringSerializer
3324:             6             96  com.fasterxml.jackson.databind.ser.std.ToStringSerializer
3325:             4             96  com.google.common.cache.LocalCache$AccessQueue$1
3326:             6             96  com.google.common.cache.LocalCache$LocalManualCache
3327:             2             96  com.google.common.cache.LocalCache$ValueIterator
3328:             4             96  com.google.common.collect.AbstractIterator$State
3329:             4             96  com.google.common.collect.AbstractIterator$State
3330:             3             96  com.google.common.collect.RegularImmutableSet
3331:             3             96  com.google.common.collect.RegularImmutableSet
3332:             2             96  com.google.common.collect.SingletonImmutableBiMap
3333:             6             96  com.google.common.collect.SingletonImmutableList
3334:             4             96  com.password4j.types.Bcrypt
3335:             3             96  com.sun.jna.NativeLong
3336:             3             96  io.netty.buffer.EmptyByteBuf
3337:             3             96  io.netty.channel.nio.NioEventLoopGroup
3338:             4             96  io.netty.handler.ssl.ApplicationProtocolConfig$Protocol
3339:             2             96  io.netty.handler.ssl.JdkSslServerContext
3340:             4             96  io.netty.util.ResourceLeakDetector$Level
3341:             4             96  java.io.ObjectStreamClass$ExceptionInfo (java.base@21.0.3)
3342:             3             96  java.io.SerializablePermission (java.base@21.0.3)
3343:             3             96  java.lang.Runtime$Version (java.base@21.0.3)
3344:             2             96  java.lang.invoke.MethodHandleImpl$WrappedMember (java.base@21.0.3)
3345:             2             96  java.lang.invoke.VarHandleReferences$FieldStaticReadWrite (java.base@21.0.3)
3346:             4             96  java.lang.module.ModuleDescriptor$Opens (java.base@21.0.3)
3347:             4             96  java.math.MathContext (java.base@21.0.3)
3348:             2             96  java.net.NetworkInterface (java.base@21.0.3)
3349:             4             96  java.nio.file.FileVisitResult (java.base@21.0.3)
3350:             4             96  java.text.Normalizer$Form (java.base@21.0.3)
3351:             3             96  java.text.StringCharacterIterator (java.base@21.0.3)
3352:             2             96  java.time.format.DateTimeFormatterBuilder$FractionPrinterParser (java.base@21.0.3)
3353:             4             96  java.time.format.DateTimeFormatterBuilder$SettingsParser (java.base@21.0.3)
3354:             4             96  java.time.format.FormatStyle (java.base@21.0.3)
3355:             2             96  java.time.zone.ZoneOffsetTransitionRule (java.base@21.0.3)
3356:             4             96  java.util.AbstractList$SubList$1 (java.base@21.0.3)
3357:             2             96  java.util.ComparableTimSort (java.base@21.0.3)
3358:             4             96  java.util.EnumMap$EntryIterator$Entry (java.base@21.0.3)
3359:             2             96  java.util.Locale$Category (java.base@21.0.3)
3360:             3             96  java.util.UUID (java.base@21.0.3)
3361:             3             96  java.util.concurrent.ScheduledThreadPoolExecutor$DelayedWorkQueue (java.base@21.0.3)
3362:             4             96  java.util.concurrent.atomic.AtomicIntegerFieldUpdater$AtomicIntegerFieldUpdaterImpl$1 (java.base@21.0.3)
3363:             4             96  java.util.regex.Pattern$Qtype (java.base@21.0.3)
3364:             3             96  java.util.stream.MatchOps$MatchKind (java.base@21.0.3)
3365:             4             96  java.util.stream.ReduceOps$11 (java.base@21.0.3)
3366:             4             96  java.util.stream.StreamShape (java.base@21.0.3)
3367:             4             96  javax.management.MBeanTrustPermission (java.management@21.0.3)
3368:             2             96  javax.management.openmbean.TabularType (java.management@21.0.3)
3369:             4             96  javax.net.ssl.SSLContext (java.base@21.0.3)
3370:             4             96  javax.net.ssl.SSLEngineResult$Status (java.base@21.0.3)
3371:             2             96  jdk.internal.foreign.layout.ValueLayouts$OfAddressImpl (java.base@21.0.3)
3372:             2             96  jdk.internal.foreign.layout.ValueLayouts$OfCharImpl (java.base@21.0.3)
3373:             2             96  jdk.internal.foreign.layout.ValueLayouts$OfDoubleImpl (java.base@21.0.3)
3374:             1             96  jdk.internal.jimage.ImageReader$SharedImageReader (java.base@21.0.3)
3375:             6             96  jdk.internal.loader.ClassLoaderValue (java.base@21.0.3)
3376:             3             96  jdk.internal.reflect.MethodHandleShortFieldAccessorImpl (java.base@21.0.3)
3377:             3             96  jdk.internal.util.ClassFileDumper (java.base@21.0.3)
3378:             4             96  jdk.internal.util.OperatingSystem (java.base@21.0.3)
3379:             4             96  jdk.jfr.internal.SecuritySupport$SafePath (jdk.jfr@21.0.3)
3380:             6             96  jdk.proxy2.$Proxy11 (jdk.proxy2)
3381:             6             96  jdk.proxy2.$Proxy30 (jdk.proxy2)
3382:             6             96  jdk.proxy4.$Proxy22 (jdk.proxy4)
3383:             6             96  jdk.proxy5.$Proxy35 (jdk.proxy5)
3384:             4             96  kotlin.SynchronizedLazyImpl
3385:             4             96  kotlinx.coroutines.CoroutineStart
3386:             4             96  kotlinx.coroutines.SupervisorJobImpl
3387:             4             96  org.apache.commons.lang3.tuple.ImmutablePair
3388:             3             96  org.apache.logging.log4j.core.config.ConfigurationScheduler
3389:             6             96  org.apache.logging.log4j.core.layout.PatternLayout$PatternFormatterPatternSerializer
3390:             6             96  org.apache.logging.log4j.core.lookup.JmxRuntimeInputArgumentsLookup
3391:             6             96  org.apache.logging.log4j.core.lookup.MapLookup
3392:             3             96  org.apache.logging.log4j.core.pattern.DatePatternConverter$PatternFormatter
3393:             4             96  org.apache.logging.log4j.core.pattern.NameAbbreviator$PatternAbbreviatorFragment
3394:             3             96  org.apache.lucene.analysis.ar.ArabicAnalyzer
3395:             2             96  org.apache.lucene.analysis.ar.ArabicStemFilter
3396:             3             96  org.apache.lucene.analysis.bg.BulgarianAnalyzer
3397:             2             96  org.apache.lucene.analysis.bg.BulgarianStemFilter
3398:             3             96  org.apache.lucene.analysis.bn.BengaliAnalyzer
3399:             2             96  org.apache.lucene.analysis.bn.BengaliNormalizationFilter
3400:             2             96  org.apache.lucene.analysis.bn.BengaliStemFilter
3401:             3             96  org.apache.lucene.analysis.br.BrazilianAnalyzer
3402:             2             96  org.apache.lucene.analysis.br.BrazilianStemFilter
3403:             3             96  org.apache.lucene.analysis.ca.CatalanAnalyzer
3404:             3             96  org.apache.lucene.analysis.ckb.SoraniAnalyzer
3405:             2             96  org.apache.lucene.analysis.ckb.SoraniStemFilter
3406:             3             96  org.apache.lucene.analysis.cz.CzechAnalyzer
3407:             2             96  org.apache.lucene.analysis.cz.CzechStemFilter
3408:             3             96  org.apache.lucene.analysis.da.DanishAnalyzer
3409:             3             96  org.apache.lucene.analysis.de.GermanAnalyzer
3410:             2             96  org.apache.lucene.analysis.de.GermanLightStemFilter
3411:             2             96  org.apache.lucene.analysis.el.GreekStemFilter
3412:             3             96  org.apache.lucene.analysis.en.EnglishAnalyzer
3413:             2             96  org.apache.lucene.analysis.en.PorterStemFilter
3414:             3             96  org.apache.lucene.analysis.es.SpanishAnalyzer
3415:             2             96  org.apache.lucene.analysis.es.SpanishLightStemFilter
3416:             3             96  org.apache.lucene.analysis.et.EstonianAnalyzer
3417:             3             96  org.apache.lucene.analysis.eu.BasqueAnalyzer
3418:             3             96  org.apache.lucene.analysis.fi.FinnishAnalyzer
3419:             3             96  org.apache.lucene.analysis.fr.FrenchAnalyzer
3420:             2             96  org.apache.lucene.analysis.fr.FrenchLightStemFilter
3421:             3             96  org.apache.lucene.analysis.ga.IrishAnalyzer
3422:             3             96  org.apache.lucene.analysis.gl.GalicianAnalyzer
3423:             2             96  org.apache.lucene.analysis.gl.GalicianStemFilter
3424:             3             96  org.apache.lucene.analysis.hi.HindiAnalyzer
3425:             2             96  org.apache.lucene.analysis.hi.HindiNormalizationFilter
3426:             2             96  org.apache.lucene.analysis.hi.HindiStemFilter
3427:             3             96  org.apache.lucene.analysis.hu.HungarianAnalyzer
3428:             3             96  org.apache.lucene.analysis.hy.ArmenianAnalyzer
3429:             3             96  org.apache.lucene.analysis.id.IndonesianAnalyzer
3430:             2             96  org.apache.lucene.analysis.id.IndonesianStemFilter
3431:             3             96  org.apache.lucene.analysis.it.ItalianAnalyzer
3432:             2             96  org.apache.lucene.analysis.it.ItalianLightStemFilter
3433:             3             96  org.apache.lucene.analysis.lt.LithuanianAnalyzer
3434:             3             96  org.apache.lucene.analysis.lv.LatvianAnalyzer
3435:             2             96  org.apache.lucene.analysis.lv.LatvianStemFilter
3436:             2             96  org.apache.lucene.analysis.miscellaneous.SetKeywordMarkerFilter
3437:             3             96  org.apache.lucene.analysis.nl.DutchAnalyzer
3438:             3             96  org.apache.lucene.analysis.no.NorwegianAnalyzer
3439:             3             96  org.apache.lucene.analysis.pt.PortugueseAnalyzer
3440:             2             96  org.apache.lucene.analysis.pt.PortugueseLightStemFilter
3441:             3             96  org.apache.lucene.analysis.ro.RomanianAnalyzer
3442:             3             96  org.apache.lucene.analysis.ru.RussianAnalyzer
3443:             4             96  org.apache.lucene.analysis.standard.StandardAnalyzer$$Lambda/0x00007fcd2925b7e8
3444:             3             96  org.apache.lucene.analysis.sv.SwedishAnalyzer
3445:             3             96  org.apache.lucene.analysis.tr.TurkishAnalyzer
3446:             6             96  org.apache.lucene.backward_codecs.lucene50.Lucene50LiveDocsFormat
3447:             6             96  org.apache.lucene.backward_codecs.lucene60.Lucene60FieldInfosFormat
3448:             4             96  org.apache.lucene.codecs.lucene90.Lucene90DocValuesProducer$9
3449:             3             96  org.apache.lucene.search.BooleanWeight
3450:             4             96  org.apache.lucene.search.MatchNoDocsQuery
3451:             4             96  org.apache.lucene.search.MatchNoDocsQuery$1
3452:             2             96  org.apache.lucene.search.PointRangeQuery$1$4
3453:             4             96  org.apache.lucene.search.ReqExclScorer$1
3454:             4             96  org.apache.lucene.store.IOContext$Context
3455:             2             96  org.apache.lucene.util.CollectionUtil$ListTimSorter
3456:             4             96  org.apache.lucene.util.automaton.CompiledAutomaton$AUTOMATON_TYPE
3457:             4             96  org.bouncycastle.crypto.CryptoServicesPermission
3458:             4             96  org.bouncycastle.crypto.params.DHValidationParameters
3459:             4             96  org.bouncycastle.crypto.params.DSAValidationParameters
3460:             3             96  org.joda.time.format.DateTimeFormatterBuilder$TimeZoneOffset
3461:             4             96  org.joni.ast.CClassNode$CCSTATE
3462:             4             96  org.locationtech.spatial4j.context.jts.ValidationRule
3463:             2             96  org.locationtech.spatial4j.shape.impl.RectangleImpl
3464:             1             96  org.opensearch.action.resync.TransportResyncReplicationAction
3465:             1             96  org.opensearch.action.search.TransportSearchAction
3466:             3             96  org.opensearch.action.support.WriteRequest$RefreshPolicy
3467:             1             96  org.opensearch.ad.caching.ADPriorityCache
3468:             1             96  org.opensearch.alerting.core.JobSweeper
3469:             3             96  org.opensearch.analysis.common.SnowballAnalyzer
3470:             6             96  org.opensearch.client.support.AbstractClient$ClusterAdmin
3471:             6             96  org.opensearch.client.support.AbstractClient$IndicesAdmin
3472:             3             96  org.opensearch.cluster.coordination.CoordinationMetadata
3473:             3             96  org.opensearch.cluster.metadata.IndexAbstraction$Type
3474:             2             96  org.opensearch.cluster.metadata.RepositoryMetadata
3475:             3             96  org.opensearch.cluster.routing.WeightedRoutingService
3476:             4             96  org.opensearch.cluster.routing.allocation.decider.EnableAllocationDecider$Allocation
3477:             4             96  org.opensearch.cluster.routing.allocation.decider.EnableAllocationDecider$Rebalance
3478:             3             96  org.opensearch.common.breaker.ChildMemoryCircuitBreaker$LimitAndOverhead
3479:             4             96  org.opensearch.common.cache.policy.CachedQueryResult
3480:             4             96  org.opensearch.common.cache.policy.CachedQueryResult$PolicyValues
3481:             3             96  org.opensearch.common.inject.internal.Errors
3482:             4             96  org.opensearch.common.lifecycle.Lifecycle$State
3483:             4             96  org.opensearch.common.lucene.search.TopDocsAndMaxScore
3484:             2             96  org.opensearch.common.metrics.OperationStats
3485:             4             96  org.opensearch.common.path.PathTrie$TrieMatchingMode
3486:             4             96  org.opensearch.common.recycler.Recyclers$$Lambda/0x00007fcd28885010
3487:             4             96  org.opensearch.common.recycler.Recyclers$2
3488:             2             96  org.opensearch.common.settings.SecureSetting$InsecureStringSetting
3489:             3             96  org.opensearch.common.settings.Setting$AffixSetting$3
3490:             6             96  org.opensearch.common.util.concurrent.ConcurrentHashMapLong
3491:             3             96  org.opensearch.common.util.concurrent.ResizableBlockingQueue
3492:             1             96  org.opensearch.forecast.caching.ForecastPriorityCache
3493:             4             96  org.opensearch.forecast.model.ForecastTaskType
3494:             1             96  org.opensearch.forecast.task.ForecastTaskManager
3495:             1             96  org.opensearch.forecast.transport.ForecastResultTransportAction
3496:             3             96  org.opensearch.forecast.transport.SuggestName
3497:             3             96  org.opensearch.index.IndexSettings$IndexMergePolicy
3498:             6             96  org.opensearch.index.analysis.PreConfiguredTokenFilter$$Lambda/0x00007fcd2869e638
3499:             3             96  org.opensearch.index.codec.customcodecs.backward_codecs.Lucene95CustomCodec$Mode
3500:             3             96  org.opensearch.index.codec.customcodecs.backward_codecs.Lucene95CustomStoredFieldsFormat
3501:             6             96  org.opensearch.index.mapper.DateFieldMapper$DateFieldType$$Lambda/0x00007fcd292eea80
3502:             6             96  org.opensearch.index.mapper.DateFieldMapper$DateFieldType$$Lambda/0x00007fcd292f1d50
3503:             4             96  org.opensearch.index.mapper.MapperService$MergeReason
3504:             6             96  org.opensearch.index.mapper.RangeType$$Lambda/0x00007fcd2873d5e8
3505:             3             96  org.opensearch.index.search.MatchQuery$ZeroTermsQuery
3506:             4             96  org.opensearch.index.search.stats.ShardSearchStats$$Lambda/0x00007fcd293d9650
3507:             1             96  org.opensearch.index.seqno.RetentionLeaseSyncAction
3508:             4             96  org.opensearch.index.shard.IndexShard$ShardMigrationState
3509:             1             96  org.opensearch.indices.IndicesQueryCache$OpenSearchLRUQueryCache
3510:             4             96  org.opensearch.indices.IndicesRequestCache$CleanupKey
3511:             4             96  org.opensearch.indices.IndicesService$ShardDeletionCheckResult
3512:             1             96  org.opensearch.indices.cluster.IndicesClusterStateService
3513:             3             96  org.opensearch.ingest.geoip.DatabaseReaderLazyLoader
3514:             1             96  org.opensearch.jobscheduler.sweeper.JobSweeper
3515:             4             96  org.opensearch.knn.index.KNNMethod
3516:             3             96  org.opensearch.knn.index.util.KNNEngine
3517:             6             96  org.opensearch.knn.plugin.stats.suppliers.KNNInnerCacheStatsSupplier
3518:             6             96  org.opensearch.knn.plugin.stats.suppliers.NativeMemoryCacheManagerSupplier
3519:             1             96  org.opensearch.ml.action.deploy.TransportDeployModelOnNodeAction
3520:             1             96  org.opensearch.ml.action.syncup.TransportSyncUpOnNodeAction
3521:             2             96  org.opensearch.monitor.os.OsInfo
3522:             3             96  org.opensearch.node.remotestore.RemoteStoreNodeService$Direction
3523:             4             96  org.opensearch.observability.settings.PluginSettings$FilterBy
3524:             3             96  org.opensearch.painless.CompilerSettings$RegexEnabled
3525:             4             96  org.opensearch.performanceanalyzer.commons.metrics.MetricsConfiguration$MetricConfig
3526:             3             96  org.opensearch.performanceanalyzer.commons.stats.metrics.StatsType
3527:             3             96  org.opensearch.performanceanalyzer.commons.util.Util$CollectorMode
3528:             4             96  org.opensearch.plugins.SearchPlugin$SortSpec
3529:             3             96  org.opensearch.ratelimitting.admissioncontrol.enums.AdmissionControlActionType
3530:             3             96  org.opensearch.ratelimitting.admissioncontrol.enums.AdmissionControlMode
3531:             4             96  org.opensearch.reportsscheduler.util.HelpersKt$logger$1
3532:             2             96  org.opensearch.repositories.s3.async.AsyncTransferManager
3533:             6             96  org.opensearch.search.SearchModule$$Lambda/0x00007fcd2875cf50
3534:             6             96  org.opensearch.search.SearchModule$$Lambda/0x00007fcd2879bd90
3535:             1             96  org.opensearch.search.asynchronous.service.AsynchronousSearchService
3536:             6             96  org.opensearch.search.asynchronous.service.AsynchronousSearchService$$Lambda/0x00007fcd28af0ab8
3537:             3             96  org.opensearch.search.backpressure.settings.SearchBackpressureMode
3538:             4             96  org.opensearch.search.internal.ExitableDirectoryReader$ExitableIntersectVisitor
3539:             6             96  org.opensearch.security.dlic.rest.api.AbstractApiAction$1
3540:             1             96  org.opensearch.security.ssl.DefaultSecurityKeyStore
3541:             3             96  org.opensearch.security.support.Base64CustomHelper$CustomSerializationFormat
3542:             2             96  org.opensearch.securityanalytics.correlation.index.codec.CorrelationCodecVersion
3543:             1             96  org.opensearch.securityanalytics.transport.TransportCorrelateFindingAction
3544:             3             96  org.opensearch.securityanalytics.util.ThrowableCheckingPredicates
3545:             1             96  org.opensearch.snapshots.SnapshotsService
3546:             6             96  org.opensearch.sql.analysis.ExpressionAnalyzer
3547:             6             96  org.opensearch.sql.analysis.NamedExpressionAnalyzer
3548:             6             96  org.opensearch.sql.executor.execution.QueryPlanFactory
3549:             6             96  org.opensearch.sql.planner.Planner
3550:             6             96  org.opensearch.sql.planner.optimizer.LogicalPlanOptimizer
3551:             6             96  org.opensearch.sql.planner.optimizer.PushDownPageSize
3552:             6             96  org.opensearch.sql.spark.execution.session.DatasourceEmbeddedSessionIdProvider
3553:             4             96  org.opensearch.sql.spark.flint.OpenSearchIndexDMLResultStorageService
3554:             4             96  org.opensearch.sql.spark.leasemanager.DefaultLeaseManager
3555:             4             96  org.opensearch.sql.spark.leasemanager.DefaultLeaseManager$ConcurrentRefreshJobRule
3556:             4             96  org.opensearch.sql.spark.leasemanager.DefaultLeaseManager$ConcurrentSessionRule
3557:             3             96  org.opensearch.threadpool.AutoQueueAdjustingExecutorBuilder$$Lambda/0x00007fcd28535f90
3558:             1             96  org.opensearch.timeseries.TimeSeriesAnalyticsPlugin
3559:             6             96  org.opensearch.timeseries.ratelimit.BatchWorker$$Lambda/0x00007fcd28a11858
3560:             6             96  org.opensearch.timeseries.stats.suppliers.SettableSupplier
3561:             1             96  org.opensearch.timeseries.transport.CronTransportAction
3562:             2             96  org.opensearch.transport.nativeprotocol.NativeOutboundHandler
3563:             3             96  org.opensearch.watcher.ResourceWatcherService$Frequency
3564:             2             96  org.tartarus.snowball.ext.ArmenianStemmer
3565:             2             96  org.tartarus.snowball.ext.BasqueStemmer
3566:             2             96  org.tartarus.snowball.ext.CatalanStemmer
3567:             2             96  org.tartarus.snowball.ext.DanishStemmer
3568:             2             96  org.tartarus.snowball.ext.DutchStemmer
3569:             2             96  org.tartarus.snowball.ext.EnglishStemmer
3570:             2             96  org.tartarus.snowball.ext.EstonianStemmer
3571:             2             96  org.tartarus.snowball.ext.IrishStemmer
3572:             2             96  org.tartarus.snowball.ext.NorwegianStemmer
3573:             2             96  org.tartarus.snowball.ext.RussianStemmer
3574:             2             96  org.tartarus.snowball.ext.SwedishStemmer
3575:             3             96  org.yaml.snakeyaml.DumperOptions$FlowStyle
3576:             4             96  org.yaml.snakeyaml.nodes.NodeId
3577:             4             96  sun.invoke.util.VerifyAccess$1 (java.base@21.0.3)
3578:             4             96  sun.security.ssl.CipherType (java.base@21.0.3)
3579:             3             96  sun.security.ssl.ECPointFormatsExtension$ECPointFormat (java.base@21.0.3)
3580:             4             96  sun.security.ssl.EphemeralKeyManager (java.base@21.0.3)
3581:             3             96  sun.security.ssl.SSLTrafficKeyDerivation$KeySchedule (java.base@21.0.3)
3582:             3             96  sun.security.util.DisabledAlgorithmConstraints$DenyAfterConstraint (java.base@21.0.3)
3583:             4             96  sun.security.util.DisabledAlgorithmConstraints$UsageConstraint (java.base@21.0.3)
3584:             6             96  sun.security.util.math.intpoly.IntegerPolynomial$Limb (java.base@21.0.3)
3585:             2             96  sun.security.validator.PKIXValidator (java.base@21.0.3)
3586:             3             96  sun.security.x509.NetscapeCertTypeExtension (java.base@21.0.3)
3587:             3             96  sun.util.locale.UnicodeLocaleExtension (java.base@21.0.3)
3588:             2             88  [Lcom.fasterxml.jackson.databind.cfg.CoercionAction;
3589:             1             88  [Lio.protostuff.WireFormat$FieldType;
3590:             1             88  [Ljava.util.concurrent.ConcurrentMap; (java.base@21.0.3)
3591:             1             88  [Lorg.opensearch.security.dlic.rest.api.Endpoint;
3592:             1             88  [Lorg.opensearch.sql.data.type.ExprCoreType;
3593:             2             88  [Lsun.security.jca.ProviderConfig; (java.base@21.0.3)
3594:             1             88  [Lsun.security.ssl.CipherSuite$KeyExchange; (java.base@21.0.3)
3595:             1             88  com.fasterxml.jackson.databind.SerializationConfig
3596:             1             88  com.fasterxml.jackson.databind.deser.CreatorProperty
3597:             1             88  com.fasterxml.jackson.dataformat.smile.SmileFactory
3598:             1             88  com.google.gson.Gson
3599:             1             88  org.apache.lucene.codecs.lucene99.Lucene99PostingsFormat$IntBlockTermState
3600:             1             88  org.apache.lucene.search.LRUQueryCache
3601:             1             88  org.opensearch.ad.ml.ADCheckpointDao
3602:             1             88  org.opensearch.alerting.alerts.AlertIndices
3603:             1             88  org.opensearch.bootstrap.Bootstrap$5
3604:             1             88  org.opensearch.index.ShardIndexingPressureMemoryManager
3605:             1             88  org.opensearch.ml.action.deploy.TransportDeployModelAction
3606:             1             88  org.opensearch.performanceanalyzer.collectors.ClusterManagerServiceEventMetrics
3607:             1             88  org.opensearch.performanceanalyzer.collectors.telemetry.RTFThreadPoolMetricsCollector
3608:             1             88  org.opensearch.search.backpressure.settings.SearchShardTaskSettings
3609:             1             88  org.opensearch.search.backpressure.settings.SearchTaskSettings
3610:             1             88  org.opensearch.security.auth.BackendRegistry
3611:             2             80  [Lcom.fasterxml.jackson.annotation.JsonAutoDetect$Visibility;
3612:             3             80  [Lio.netty.util.concurrent.EventExecutor;
3613:             1             80  [Lio.netty.util.concurrent.EventExecutor;
3614:             2             80  [Lio.netty.util.internal.PriorityQueueNode;
3615:             2             80  [Ljava.lang.OutOfMemoryError; (java.base@21.0.3)
3616:             1             80  [Ljava.time.temporal.ChronoUnit; (java.base@21.0.3)
3617:             2             80  [Ljava.util.stream.StreamOpFlag$Type; (java.base@21.0.3)
3618:             5             80  [Lorg.apache.logging.log4j.core.appender.rolling.action.Action;
3619:             1             80  [Lorg.bouncycastle.jcajce.provider.asymmetric.compositesignatures.CompositeSignaturesConstants$CompositeName;
3620:             2             80  [Lorg.greenrobot.eventbus.ThreadMode;
3621:             2             80  [Lorg.opensearch.ad.indices.ADIndex;
3622:             2             80  [Lorg.opensearch.cluster.block.ClusterBlockLevel;
3623:             2             80  [Lorg.opensearch.cluster.routing.Preference;
3624:             1             80  [Lorg.opensearch.cluster.routing.UnassignedInfo$Reason;
3625:             2             80  [Lorg.opensearch.common.Priority;
3626:             2             80  [Lorg.opensearch.forecast.indices.ForecastIndex;
3627:             2             80  [Lorg.opensearch.indices.recovery.RecoveryState$Stage;
3628:             1             80  [Lorg.opensearch.knn.plugin.stats.KNNCounter;
3629:             1             80  [Lorg.opensearch.ml.common.model.MLModelState;
3630:             2             80  [Lorg.opensearch.ml.stats.MLNodeLevelStat;
3631:             1             80  [Lorg.opensearch.search.fetch.FetchSubPhase;
3632:             1             80  [Lorg.opensearch.sql.common.setting.LegacySettings$Key;
3633:             2             80  [Lorg.opensearch.transport.TransportRequestOptions$Type;
3634:             1             80  [Lsun.security.ssl.SSLCipher; (java.base@21.0.3)
3635:             2             80  [Lsun.util.calendar.Era; (java.base@21.0.3)
3636:             2             80  [Lsun.util.locale.provider.LocaleProviderAdapter$Type; (java.base@21.0.3)
3637:             2             80  [[Ljava.lang.invoke.MethodHandle; (java.base@21.0.3)
3638:             1             80  com.amazon.dlic.auth.http.jwt.keybyoidc.SelfRefreshingKeySet
3639:             5             80  com.fasterxml.jackson.core.util.JacksonFeatureSet
3640:             1             80  com.fasterxml.jackson.databind.MappingJsonFactory
3641:             2             80  com.fasterxml.jackson.databind.deser.std.NumberDeserializers$BooleanDeserializer
3642:             2             80  com.fasterxml.jackson.databind.deser.std.NumberDeserializers$IntegerDeserializer
3643:             5             80  com.fasterxml.jackson.databind.introspect.BasicClassIntrospector
3644:             5             80  com.fasterxml.jackson.databind.jsontype.impl.StdSubtypeResolver
3645:             5             80  com.fasterxml.jackson.databind.util.RootNameLookup
3646:             2             80  com.google.common.cache.AbstractCache$SimpleStatsCounter
3647:             1             80  com.google.common.cache.LocalCache$Segment
3648:             2             80  com.google.common.collect.Multimaps$UnmodifiableMultimap
3649:             5             80  com.google.common.collect.RegularImmutableList
3650:             5             80  com.google.common.collect.SingletonImmutableList
3651:             2             80  com.sun.jmx.mbeanserver.DefaultMXBeanMappingFactory$TabularMapping (java.management@21.0.3)
3652:             2             80  com.sun.jna.Library$Handler$FunctionInfo
3653:             2             80  io.netty.bootstrap.ServerBootstrap$ServerBootstrapAcceptor
3654:             2             80  io.netty.channel.nio.AbstractNioMessageChannel$NioMessageUnsafe
3655:             5             80  io.netty.util.internal.ObjectPool$RecyclerObjectPool
3656:             2             80  java.io.BufferedOutputStream (java.base@21.0.3)
3657:             2             80  java.io.FileNotFoundException (java.base@21.0.3)
3658:             2             80  java.io.PrintWriter (java.base@21.0.3)
3659:             2             80  java.io.StringReader (java.base@21.0.3)
3660:             2             80  java.lang.ModuleLayer (java.base@21.0.3)
3661:             2             80  java.lang.UnsatisfiedLinkError (java.base@21.0.3)
3662:             2             80  java.lang.invoke.BoundMethodHandle$Species_LI (java.base@21.0.3)
3663:             2             80  java.lang.invoke.VarHandleLongs$FieldInstanceReadWrite (java.base@21.0.3)
3664:             2             80  java.lang.module.Configuration (java.base@21.0.3)
3665:             2             80  java.lang.ref.NativeReferenceQueue (java.base@21.0.3)
3666:             5             80  java.nio.channels.FileChannel$MapMode (java.base@21.0.3)
3667:             2             80  java.security.AccessControlException (java.base@21.0.3)
3668:             2             80  java.security.cert.TrustAnchor (java.base@21.0.3)
3669:             2             80  java.time.temporal.WeekFields (java.base@21.0.3)
3670:             2             80  java.time.zone.ZoneRules (java.base@21.0.3)
3671:             5             80  java.util.EnumMap$Values (java.base@21.0.3)
3672:             5             80  java.util.IdentityHashMap$Values (java.base@21.0.3)
3673:             5             80  java.util.concurrent.Executors$AutoShutdownDelegatedExecutorService$$Lambda/0x00007fcd284e5660 (java.base@21.0.3)
3674:             2             80  java.util.concurrent.PriorityBlockingQueue (java.base@21.0.3)
3675:             1             80  jdk.internal.event.X509CertificateEvent (java.base@21.0.3)
3676:             1             80  jdk.internal.icu.impl.NormalizerImpl (java.base@21.0.3)
3677:             2             80  jdk.internal.math.FloatingDecimal$BinaryToASCIIBuffer (java.base@21.0.3)
3678:             2             80  jdk.internal.misc.ScopedMemoryAccess$ScopedAccessError (java.base@21.0.3)
3679:             5             80  jdk.internal.module.ServicesCatalog (java.base@21.0.3)
3680:             5             80  jdk.proxy2.$Proxy13 (jdk.proxy2)
3681:             5             80  jdk.proxy2.$Proxy15 (jdk.proxy2)
3682:             5             80  jdk.proxy2.$Proxy2 (jdk.proxy2)
3683:             5             80  jdk.proxy4.$Proxy52 (jdk.proxy4)
3684:             5             80  jdk.proxy8.$Proxy39 (jdk.proxy8)
3685:             2             80  joptsimple.RequiredArgumentOptionSpec
3686:             2             80  kotlinx.coroutines.internal.LockFreeTaskQueueCore
3687:             2             80  kotlinx.coroutines.internal.LockFreeTaskQueueCore
3688:             2             80  kotlinx.coroutines.internal.LockFreeTaskQueueCore
3689:             2             80  kotlinx.coroutines.internal.LockFreeTaskQueueCore
3690:             5             80  kotlinx.coroutines.internal.Symbol
3691:             5             80  org.apache.logging.log4j.core.config.DefaultReliabilityStrategy
3692:             5             80  org.apache.logging.log4j.core.lookup.ContextMapLookup
3693:             5             80  org.apache.logging.log4j.core.lookup.DateLookup
3694:             5             80  org.apache.logging.log4j.core.lookup.EnvironmentLookup
3695:             5             80  org.apache.logging.log4j.core.lookup.EventLookup
3696:             5             80  org.apache.logging.log4j.core.lookup.JavaLookup
3697:             5             80  org.apache.logging.log4j.core.lookup.Log4jLookup
3698:             5             80  org.apache.logging.log4j.core.lookup.LowerLookup
3699:             5             80  org.apache.logging.log4j.core.lookup.MainMapLookup
3700:             5             80  org.apache.logging.log4j.core.lookup.MarkerLookup
3701:             5             80  org.apache.logging.log4j.core.lookup.ResourceBundleLookup
3702:             5             80  org.apache.logging.log4j.core.lookup.StrMatcher$CharMatcher
3703:             5             80  org.apache.logging.log4j.core.lookup.StructuredDataLookup
3704:             5             80  org.apache.logging.log4j.core.lookup.UpperLookup
3705:             2             80  org.apache.logging.log4j.core.util.datetime.FastDateParser
3706:             5             80  org.apache.logging.log4j.core.util.datetime.FastDateParser$CopyQuotedStrategy
3707:             5             80  org.apache.logging.log4j.core.util.datetime.FastDatePrinter$CharacterLiteral
3708:             2             80  org.apache.lucene.analysis.cjk.CJKWidthFilter
3709:             2             80  org.apache.lucene.analysis.ckb.SoraniNormalizationFilter
3710:             2             80  org.apache.lucene.analysis.classic.ClassicFilter
3711:             2             80  org.apache.lucene.analysis.de.GermanNormalizationFilter
3712:             2             80  org.apache.lucene.analysis.el.GreekLowerCaseFilter
3713:             2             80  org.apache.lucene.analysis.en.PorterStemmer
3714:             2             80  org.apache.lucene.analysis.fa.PersianNormalizationFilter
3715:             2             80  org.apache.lucene.analysis.ga.IrishLowerCaseFilter
3716:             2             80  org.apache.lucene.analysis.tr.ApostropheFilter
3717:             2             80  org.apache.lucene.analysis.tr.TurkishLowerCaseFilter
3718:             5             80  org.apache.lucene.backward_codecs.lucene80.Lucene80NormsFormat
3719:             5             80  org.apache.lucene.backward_codecs.lucene84.Lucene84PostingsFormat
3720:             5             80  org.apache.lucene.backward_codecs.lucene90.Lucene90FieldInfosFormat
3721:             2             80  org.apache.lucene.queryparser.charstream.FastCharStream
3722:             5             80  org.apache.lucene.search.BooleanQuery$$Lambda/0x00007fcd292d8000
3723:             5             80  org.apache.lucene.search.BooleanQuery$$Lambda/0x00007fcd292d8460
3724:             2             80  org.apache.lucene.search.ReqExclScorer
3725:             5             80  org.bouncycastle.pqc.jcajce.provider.cmce.CMCEKeyFactorySpi
3726:             5             80  org.bouncycastle.pqc.jcajce.provider.ntru.NTRUKeyFactorySpi
3727:             2             80  org.greenrobot.eventbus.EventBusBuilder
3728:             2             80  org.locationtech.spatial4j.io.SupportedFormats
3729:             1             80  org.opensearch.action.ActionModule
3730:             5             80  org.opensearch.action.ActionRunnable$$Lambda/0x00007fcd291c21a8
3731:             2             80  org.opensearch.action.admin.cluster.stats.ClusterStatsNodeResponse
3732:             2             80  org.opensearch.action.admin.cluster.stats.ClusterStatsRequest
3733:             1             80  org.opensearch.action.admin.indices.close.TransportVerifyShardBeforeCloseAction
3734:             1             80  org.opensearch.action.admin.indices.flush.TransportShardFlushAction
3735:             1             80  org.opensearch.action.admin.indices.readonly.TransportVerifyShardIndexBlockAction
3736:             1             80  org.opensearch.action.admin.indices.refresh.TransportShardRefreshAction
3737:             1             80  org.opensearch.action.bulk.TransportBulkAction
3738:             1             80  org.opensearch.ad.ml.ADModelManager
3739:             1             80  org.opensearch.ad.transport.ADSingleStreamResultTransportAction
3740:             1             80  org.opensearch.ad.transport.AnomalyDetectorJobTransportAction
3741:             1             80  org.opensearch.ad.transport.DeleteADModelTransportAction
3742:             1             80  org.opensearch.ad.transport.EntityADResultTransportAction
3743:             1             80  org.opensearch.alerting.transport.TransportIndexMonitorAction
3744:             1             80  org.opensearch.alerting.transport.TransportIndexWorkflowAction
3745:             2             80  org.opensearch.cluster.decommission.DecommissionService
3746:             1             80  org.opensearch.cluster.metadata.MetadataCreateIndexService
3747:             5             80  org.opensearch.common.lease.Releasables$$Lambda/0x00007fcd292dd430
3748:             5             80  org.opensearch.common.settings.Setting$$Lambda/0x00007fcd2848de90
3749:             5             80  org.opensearch.common.settings.Setting$$Lambda/0x00007fcd2854df60
3750:             5             80  org.opensearch.common.settings.Setting$$Lambda/0x00007fcd2854e630
3751:             5             80  org.opensearch.core.tasks.resourcetracker.ResourceUsageInfo
3752:             1             80  org.opensearch.forecast.transport.EntityForecastResultTransportAction
3753:             1             80  org.opensearch.forecast.transport.ForecastSingleStreamResultTransportAction
3754:             1             80  org.opensearch.forecast.transport.ForecasterJobTransportAction
3755:             5             80  org.opensearch.index.IndexService$$Lambda/0x00007fcd292f7000
3756:             1             80  org.opensearch.index.ShardIndexingPressure
3757:             2             80  org.opensearch.index.mapper.NestedPathFieldMapper$NestedPathFieldType
3758:             5             80  org.opensearch.index.query.QueryShardContext$$Lambda/0x00007fcd292edcc0
3759:             5             80  org.opensearch.index.search.stats.ShardSearchStats$$Lambda/0x00007fcd292fea90
3760:             1             80  org.opensearch.index.seqno.GlobalCheckpointSyncAction
3761:             1             80  org.opensearch.index.seqno.RetentionLeaseBackgroundSyncAction
3762:             5             80  org.opensearch.index.shard.IndexShard$$Lambda/0x00007fcd29205be0
3763:             5             80  org.opensearch.index.shard.IndexShard$NonClosingReaderWrapper$1
3764:             2             80  org.opensearch.indexmanagement.indexstatemanagement.PluginVersionSweepCoordinator$initBackgroundSweepISMPluginVersionExecution$scheduledJob$1$1
3765:             1             80  org.opensearch.indexmanagement.indexstatemanagement.migration.ISMTemplateService
3766:             5             80  org.opensearch.indices.IndicesService$$Lambda/0x00007fcd292f8800
3767:             5             80  org.opensearch.indices.IndicesService$IndexShardCacheEntity
3768:             1             80  org.opensearch.indices.replication.checkpoint.PublishCheckpointAction
3769:             1             80  org.opensearch.ml.action.controller.DeployControllerTransportAction
3770:             1             80  org.opensearch.ml.action.controller.UndeployControllerTransportAction
3771:             1             80  org.opensearch.ml.action.undeploy.TransportUndeployModelsAction
3772:             1             80  org.opensearch.ml.action.update_cache.UpdateModelCacheTransportAction
3773:             1             80  org.opensearch.ml.model.MLModelManager
3774:             2             80  org.opensearch.monitor.os.OsService$OsStatsCache
3775:             5             80  org.opensearch.neuralsearch.search.query.HybridAggregationProcessor
3776:             1             80  org.opensearch.performanceanalyzer.collectors.telemetry.RTFDisksCollector
3777:             1             80  org.opensearch.performanceanalyzer.collectors.telemetry.RTFHeapMetricsCollector
3778:             2             80  org.opensearch.replication.repository.RemoteClusterRestoreLeaderService
3779:             1             80  org.opensearch.repositories.s3.S3ClientSettings
3780:             5             80  org.opensearch.search.DefaultSearchContext$$Lambda/0x00007fcd292fc000
3781:             5             80  org.opensearch.search.SearchService$$Lambda/0x00007fcd29205120
3782:             5             80  org.opensearch.search.SearchService$$Lambda/0x00007fcd292ce8b0
3783:             5             80  org.opensearch.search.SearchService$$Lambda/0x00007fcd292d57d0
3784:             5             80  org.opensearch.search.SearchService$$Lambda/0x00007fcd2933b8a0
3785:             5             80  org.opensearch.search.SearchService$$Lambda/0x00007fcd2933ed78
3786:             5             80  org.opensearch.search.aggregations.DefaultAggregationProcessor
3787:             5             80  org.opensearch.search.aggregations.NonGlobalAggCollectorManagerWithSingleCollector$$Lambda/0x00007fcd292de9f8
3788:             5             80  org.opensearch.search.aggregations.bucket.terms.LongKeyedBucketOrds$FromSingle
3789:             5             80  org.opensearch.search.aggregations.support.ValuesSource$Numeric$FieldData
3790:             5             80  org.opensearch.search.internal.ContextIndexSearcher$MutableQueryTimeout
3791:             5             80  org.opensearch.search.internal.ExitableDirectoryReader$1
3792:             5             80  org.opensearch.search.internal.ReaderContext$$Lambda/0x00007fcd29342d80
3793:             5             80  org.opensearch.search.internal.ShardSearchRequest$$Lambda/0x00007fcd292f37d8
3794:             5             80  org.opensearch.search.query.QueryPhase$$Lambda/0x00007fcd29337800
3795:             5             80  org.opensearch.search.query.QueryPhase$$Lambda/0x00007fcd293c6660
3796:             1             80  org.opensearch.security.configuration.ConfigurationRepository
3797:             5             80  org.opensearch.security.dlic.rest.api.AbstractApiAction$$Lambda/0x00007fcd28fe5ac8
3798:             1             80  org.opensearch.security.privileges.PrivilegesEvaluator
3799:             2             80  org.opensearch.security.securityconf.impl.v7.ConfigV7$Kibana
3800:             5             80  org.opensearch.security.support.WildcardMatcher$MatcherCombiner$$Lambda/0x00007fcd29381900
3801:             1             80  org.opensearch.securityanalytics.transport.TransportDeleteDetectorAction
3802:             5             80  org.opensearch.sql.spark.execution.xcontent.FlintIndexStateModelXContentSerializer
3803:             5             80  org.opensearch.tasks.TaskManager$$Lambda/0x00007fcd292e2678
3804:             1             80  org.opensearch.threadpool.Scheduler$SafeScheduledThreadPoolExecutor
3805:             1             80  org.opensearch.timeseries.cluster.HashRing
3806:             2             80  org.opensearch.timeseries.rest.RestValidateAction
3807:             2             80  org.tartarus.snowball.ext.HungarianStemmer
3808:             2             80  org.tartarus.snowball.ext.LithuanianStemmer
3809:             2             80  org.tartarus.snowball.ext.TurkishStemmer
3810:             2             80  sun.management.MemoryManagerImpl (java.management@21.0.3)
3811:             2             80  sun.nio.ch.ServerSocketAdaptor (java.base@21.0.3)
3812:             2             80  sun.security.ec.XECParameters (jdk.crypto.ec@21.0.3)
3813:             2             80  sun.security.rsa.RSAUtil$KeyType (java.base@21.0.3)
3814:             5             80  sun.security.ssl.SSLCipher$T10BlockReadCipherGenerator (java.base@21.0.3)
3815:             5             80  sun.security.ssl.SSLCipher$T10BlockWriteCipherGenerator (java.base@21.0.3)
3816:             5             80  sun.text.SupplementaryCharacterData (java.base@21.0.3)
3817:             1             80  sun.util.locale.provider.JRELocaleProviderAdapter (java.base@21.0.3)
3818:             1             72  [Lcom.fasterxml.jackson.core.JsonGenerator$Feature;
3819:             1             72  [Lcom.fasterxml.jackson.core.JsonToken;
3820:             1             72  [Lcom.fasterxml.jackson.core.json.JsonReadFeature;
3821:             1             72  [Lcom.fasterxml.jackson.databind.type.LogicalType;
3822:             1             72  [Lcom.fasterxml.jackson.databind.type.LogicalType;
3823:             1             72  [Lcom.fasterxml.jackson.databind.type.LogicalType;
3824:             1             72  [Ljavax.management.openmbean.SimpleType; (java.management@21.0.3)
3825:             3             72  [Lorg.apache.lucene.search.LeafCollector;
3826:             1             72  com.amazon.dlic.auth.http.jwt.keybyoidc.KeySetRetriever
3827:             3             72  com.fasterxml.jackson.annotation.OptBoolean
3828:             3             72  com.fasterxml.jackson.core.Base64Variant$PaddingReadBehaviour
3829:             1             72  com.fasterxml.jackson.core.util.InternCache
3830:             1             72  com.fasterxml.jackson.databind.ObjectMapper
3831:             3             72  com.fasterxml.jackson.databind.PropertyName
3832:             3             72  com.fasterxml.jackson.databind.PropertyName
3833:             3             72  com.fasterxml.jackson.databind.annotation.JsonSerialize$Typing
3834:             1             72  com.fasterxml.jackson.databind.deser.DefaultDeserializationContext$Impl
3835:             1             72  com.fasterxml.jackson.databind.ser.DefaultSerializerProvider$Impl
3836:             3             72  com.fasterxml.jackson.databind.ser.std.NumberSerializer
3837:             3             72  com.fasterxml.jackson.databind.ser.std.NumberSerializer
3838:             3             72  com.fasterxml.jackson.databind.ser.std.NumberSerializer
3839:             3             72  com.fasterxml.jackson.databind.util.AccessPattern
3840:             3             72  com.google.common.collect.AbstractMapBasedMultimap$KeySet
3841:             3             72  com.google.common.collect.ImmutableMapEntry$NonTerminalImmutableMapEntry
3842:             3             72  com.sun.jna.NativeLibrary$NativeLibraryDisposer
3843:             3             72  com.sun.jna.StructureReadContext
3844:             3             72  io.netty.handler.ssl.ApplicationProtocolConfig$SelectedListenerFailureBehavior
3845:             3             72  io.netty.handler.ssl.ApplicationProtocolConfig$SelectorFailureBehavior
3846:             3             72  io.netty.handler.ssl.ClientAuth
3847:             3             72  io.netty.handler.ssl.SslProvider
3848:             3             72  io.netty.util.concurrent.DefaultEventExecutorChooserFactory$PowerOfTwoEventExecutorChooser
3849:             3             72  io.protostuff.runtime.ArraySchemas$BoolArray$1
3850:             3             72  io.protostuff.runtime.ArraySchemas$CharArray$1
3851:             3             72  io.protostuff.runtime.ArraySchemas$FloatArray$1
3852:             3             72  io.protostuff.runtime.ArraySchemas$Int32Array$1
3853:             3             72  io.protostuff.runtime.ArraySchemas$Int64Array$1
3854:             3             72  io.protostuff.runtime.ArraySchemas$ShortArray$1
3855:             3             72  java.lang.ProcessImpl$LaunchMechanism (java.base@21.0.3)
3856:             3             72  java.lang.StackStreamFactory$WalkerState (java.base@21.0.3)
3857:             3             72  java.lang.StackWalker$Option (java.base@21.0.3)
3858:             3             72  java.lang.WeakPairMap (java.base@21.0.3)
3859:             3             72  java.lang.annotation.RetentionPolicy (java.base@21.0.3)
3860:             3             72  java.lang.invoke.MethodHandleImpl$ArrayAccess (java.base@21.0.3)
3861:             3             72  java.net.StandardProtocolFamily (java.base@21.0.3)
3862:             3             72  java.nio.file.AccessMode (java.base@21.0.3)
3863:             3             72  java.nio.file.FileTreeWalker$EventType (java.base@21.0.3)
3864:             3             72  java.nio.file.StandardCopyOption (java.base@21.0.3)
3865:             3             72  java.security.CodeSigner (java.base@21.0.3)
3866:             3             72  java.security.Timestamp (java.base@21.0.3)
3867:             3             72  java.security.cert.CertificateFactory (java.base@21.0.3)
3868:             3             72  java.time.format.DateTimeTextProvider$LocaleStore (java.base@21.0.3)
3869:             3             72  java.time.format.ResolverStyle (java.base@21.0.3)
3870:             3             72  java.time.zone.ZoneOffsetTransitionRule$TimeDefinition (java.base@21.0.3)
3871:             3             72  java.util.Base64$Encoder (java.base@21.0.3)
3872:             3             72  java.util.OptionalLong (java.base@21.0.3)
3873:             3             72  java.util.concurrent.ConcurrentLinkedDeque$Node (java.base@21.0.3)
3874:             3             72  java.util.concurrent.atomic.AtomicMarkableReference$Pair (java.base@21.0.3)
3875:             3             72  java.util.logging.LoggingPermission (java.logging@21.0.3)
3876:             3             72  java.util.stream.Collector$Characteristics (java.base@21.0.3)
3877:             3             72  java.util.zip.ZipCoder$Comparison (java.base@21.0.3)
3878:             3             72  jdk.internal.icu.util.CodePointTrie$ValueWidth (java.base@21.0.3)
3879:             3             72  jdk.internal.math.FloatingDecimal$ExceptionalBinaryToASCIIBuffer (java.base@21.0.3)
3880:             3             72  jdk.internal.misc.Signal (java.base@21.0.3)
3881:             3             72  kotlin.SynchronizedLazyImpl
3882:             3             72  kotlin.annotation.AnnotationRetention
3883:             3             72  kotlin.annotation.AnnotationRetention
3884:             3             72  kotlin.coroutines.intrinsics.CoroutineSingletons
3885:             3             72  kotlinx.coroutines.CoroutineName
3886:             1             72  kotlinx.coroutines.scheduling.CoroutineScheduler
3887:             3             72  org.apache.commons.lang3.tuple.ImmutablePair
3888:             3             72  org.apache.commons.pool2.impl.BaseGenericObjectPool$StatsStore
3889:             3             72  org.apache.logging.log4j.core.util.DummyNanoClock
3890:             3             72  org.apache.lucene.analysis.cjk.CJKAnalyzer
3891:             3             72  org.apache.lucene.analysis.core.KeywordAnalyzer
3892:             3             72  org.apache.lucene.analysis.core.WhitespaceAnalyzer
3893:             3             72  org.apache.lucene.analysis.el.GreekAnalyzer
3894:             3             72  org.apache.lucene.analysis.fa.PersianAnalyzer
3895:             3             72  org.apache.lucene.analysis.miscellaneous.StemmerOverrideFilter$StemmerOverrideMap
3896:             3             72  org.apache.lucene.analysis.th.ThaiAnalyzer
3897:             1             72  org.apache.lucene.backward_codecs.lucene90.Lucene90Codec
3898:             3             72  org.apache.lucene.codecs.lucene90.compressing.Lucene90CompressingStoredFieldsWriter$MergeStrategy
3899:             3             72  org.apache.lucene.index.IndexWriterConfig$OpenMode
3900:             3             72  org.apache.lucene.index.MergePolicy$OneMergeProgress$PauseReason
3901:             3             72  org.apache.lucene.index.PointValues$Relation
3902:             3             72  org.apache.lucene.index.StoredFieldVisitor$Status
3903:             3             72  org.apache.lucene.index.TermsEnum$SeekStatus
3904:             3             72  org.apache.lucene.index.TieredMergePolicy$MERGE_TYPE
3905:             1             72  org.apache.lucene.queryparser.classic.QueryParserTokenManager
3906:             3             72  org.apache.lucene.search.MultiCollector$MultiLeafCollector
3907:             3             72  org.apache.lucene.search.Pruning
3908:             3             72  org.apache.lucene.search.suggest.document.CompletionPostingsFormat$FSTLoadMode
3909:             3             72  org.apache.lucene.util.NamedSPILoader
3910:             3             72  org.apache.lucene.util.fst.FST$INPUT_TYPE
3911:             3             72  org.bouncycastle.crypto.CryptoServicesRegistrar$Property
3912:             1             72  org.greenrobot.eventbus.EventBus
3913:             3             72  org.jcodings.util.CaseInsensitiveBytesHash
3914:             3             72  org.joni.ast.CClassNode$CCVALTYPE
3915:             3             72  org.locationtech.spatial4j.context.jts.DatelineRule
3916:             1             72  org.opensearch.action.admin.cluster.allocation.TransportClusterAllocationExplainAction
3917:             1             72  org.opensearch.action.admin.cluster.node.usage.TransportNodesUsageAction
3918:             1             72  org.opensearch.action.admin.indices.segments.TransportPitSegmentsAction
3919:             3             72  org.opensearch.action.support.IndicesOptions$WildcardStates
3920:             3             72  org.opensearch.action.support.replication.ReplicationMode
3921:             1             72  org.opensearch.action.update.TransportUpdateAction
3922:             1             72  org.opensearch.ad.task.ADTaskCacheManager
3923:             1             72  org.opensearch.ad.transport.DeleteAnomalyDetectorTransportAction
3924:             1             72  org.opensearch.ad.transport.IndexAnomalyDetectorTransportAction
3925:             1             72  org.opensearch.alerting.transport.TransportIndexAlertingCommentAction
3926:             1             72  org.opensearch.bootstrap.JNACLibrary$Rlimit
3927:             3             72  org.opensearch.cli.Terminal$Verbosity
3928:             3             72  org.opensearch.cluster.NodeConnectionsService$ActivityType
3929:             1             72  org.opensearch.cluster.coordination.Coordinator$CoordinatorPeerFinder
3930:             3             72  org.opensearch.cluster.coordination.Coordinator$Mode
3931:             3             72  org.opensearch.cluster.coordination.NodeRemovalClusterStateTaskExecutor
3932:             3             72  org.opensearch.cluster.metadata.DiffableStringMap
3933:             3             72  org.opensearch.cluster.metadata.Metadata$XContentContext
3934:             3             72  org.opensearch.cluster.routing.ShardMovementStrategy
3935:             3             72  org.opensearch.cluster.routing.allocation.decider.ClusterRebalanceAllocationDecider$ClusterRebalanceType
3936:             1             72  org.opensearch.cluster.service.ClusterApplierService
3937:             3             72  org.opensearch.common.cache.Cache$State
3938:             3             72  org.opensearch.common.inject.ConstructorInjectorStore
3939:             3             72  org.opensearch.common.inject.ConstructorInjectorStore$1
3940:             3             72  org.opensearch.common.inject.Initializer
3941:             3             72  org.opensearch.common.inject.MembersInjectorStore
3942:             3             72  org.opensearch.common.inject.MembersInjectorStore$1
3943:             3             72  org.opensearch.common.inject.Stage
3944:             3             72  org.opensearch.common.inject.TypeConverterBindingProcessor
3945:             3             72  org.opensearch.common.metrics.OperationMetrics
3946:             3             72  org.opensearch.common.settings.KeyStoreWrapper$Entry
3947:             3             72  org.opensearch.common.util.concurrent.OpenSearchExecutors$$Lambda/0x00007fcd2853f3e8
3948:             3             72  org.opensearch.core.common.breaker.CircuitBreaker$Type
3949:             1             72  org.opensearch.forecast.transport.DeleteForecastModelTransportAction
3950:             1             72  org.opensearch.forecast.transport.DeleteForecasterTransportAction
3951:             1             72  org.opensearch.forecast.transport.IndexForecasterTransportAction
3952:             1             72  org.opensearch.gateway.GatewayService
3953:             1             72  org.opensearch.gateway.TransportNodesListGatewayStartedShards
3954:             1             72  org.opensearch.gateway.TransportNodesListGatewayStartedShardsBatch
3955:             3             72  org.opensearch.index.analysis.AnalyzerScope
3956:             3             72  org.opensearch.index.codec.customcodecs.backward_codecs.Lucene95CustomStoredFieldsFormat$1
3957:             3             72  org.opensearch.index.codec.customcodecs.backward_codecs.Lucene95CustomStoredFieldsFormat$2
3958:             3             72  org.opensearch.index.engine.Engine$Result$Type
3959:             3             72  org.opensearch.index.mapper.MappedFieldType$Relation
3960:             3             72  org.opensearch.index.mapper.ObjectMapper$Dynamic
3961:             3             72  org.opensearch.indexmanagement.indexstatemanagement.util.MetadataCheck
3962:             3             72  org.opensearch.indices.analysis.PreBuiltCacheFactory$CachingStrategy
3963:             1             72  org.opensearch.indices.breaker.HierarchyCircuitBreakerService$G1OverLimitStrategy
3964:             3             72  org.opensearch.indices.recovery.MultiChunkTransfer$Status
3965:             1             72  org.opensearch.indices.recovery.RecoverySettings
3966:             3             72  org.opensearch.ingest.geoip.IngestGeoIpPlugin$$Lambda/0x00007fcd288cc778
3967:             3             72  org.opensearch.jobscheduler.spi.utils.LockService
3968:             1             72  org.opensearch.ml.action.prediction.TransportPredictionTaskAction
3969:             1             72  org.opensearch.ml.action.profile.MLProfileTransportAction
3970:             1             72  org.opensearch.ml.action.stats.MLStatsNodesTransportAction
3971:             1             72  org.opensearch.ml.action.undeploy.TransportUndeployModelAction
3972:             3             72  org.opensearch.ml.breaker.BreakerName
3973:             1             72  org.opensearch.ml.task.MLPredictTaskRunner
3974:             3             72  org.opensearch.monitor.jvm.JvmGcMonitorService$JvmMonitor$Threshold
3975:             1             72  org.opensearch.performanceanalyzer.collectors.NodeStatsAllShardsMetricsCollector
3976:             3             72  org.opensearch.performanceanalyzer.commons.collectors.PerformanceAnalyzerMetricsCollector$State
3977:             1             72  org.opensearch.performanceanalyzer.commons.collectors.StatsCollector
3978:             3             72  org.opensearch.performanceanalyzer.config.setting.ClusterSettingsManager$$Lambda/0x00007fcd291cc000
3979:             1             72  org.opensearch.replication.action.index.TransportReplicateIndexClusterManagerNodeAction
3980:             1             72  org.opensearch.replication.action.stats.TransportFollowerStatsAction
3981:             1             72  org.opensearch.replication.action.stats.TransportLeaderStatsAction
3982:             3             72  org.opensearch.repositories.s3.async.AsyncExecutorContainer
3983:             3             72  org.opensearch.repositories.s3.async.AsyncTransferEventLoopGroup
3984:             1             72  org.opensearch.search.pipeline.SearchPipelineService
3985:             1             72  org.opensearch.security.action.configupdate.TransportConfigUpdateAction
3986:             3             72  org.opensearch.security.auditlog.AuditLog$Origin
3987:             1             72  org.opensearch.security.auditlog.impl.AuditLogImpl
3988:             3             72  org.opensearch.security.configuration.DlsFlsValveImpl$Mode
3989:             3             72  org.opensearch.security.privileges.PrivilegesInterceptor$ReplaceResult
3990:             1             72  org.opensearch.security.securityconf.DynamicConfigModelV7
3991:             3             72  org.opensearch.security.securityconf.impl.WhitelistingSettings
3992:             3             72  org.opensearch.security.support.ConfigConstants$RolesMappingResolution
3993:             1             72  org.opensearch.securityanalytics.transport.TransportIndexCustomLogTypeAction
3994:             3             72  org.opensearch.sql.legacy.metrics.GaugeMetric
3995:             1             72  org.opensearch.tasks.TaskManager
3996:             3             72  org.opensearch.telemetry.tracing.SpanKind
3997:             3             72  org.opensearch.threadpool.AutoQueueAdjustingExecutorBuilder$1
3998:             3             72  org.opensearch.threadpool.AutoQueueAdjustingExecutorBuilder$2
3999:             3             72  org.opensearch.timeseries.MemoryTracker$Origin
4000:             1             72  org.opensearch.timeseries.ml.MemoryAwareConcurrentHashmap
4001:             3             72  org.opensearch.timeseries.stats.StatType
4002:             3             72  org.opensearch.transport.netty4.ssl.SecureConnectionTestUtil$SSLConnectionTestResult
4003:             3             72  org.opensearch.watcher.ResourceWatcherService$ResourceMonitor
4004:             3             72  org.yaml.snakeyaml.comments.CommentType
4005:             3             72  sun.management.ManagementFactoryHelper$1 (java.management@21.0.3)
4006:             3             72  sun.security.provider.DSAParameters (java.base@21.0.3)
4007:             3             72  sun.security.provider.NativePRNG$Variant (java.base@21.0.3)
4008:             3             72  sun.security.ssl.ClientAuthType (java.base@21.0.3)
4009:             3             72  sun.security.ssl.SunX509KeyManagerImpl (java.base@21.0.3)
4010:             3             72  sun.security.ssl.SunX509KeyManagerImpl$X509Credentials (java.base@21.0.3)
4011:             3             72  sun.util.locale.LocaleExtensions (java.base@21.0.3)
4012:             3             72  sun.util.resources.ParallelListResourceBundle$KeySet (java.base@21.0.3)
4013:             2             64  [Lcom.fasterxml.jackson.annotation.JsonCreator$Mode;
4014:             1             64  [Lcom.fasterxml.jackson.annotation.JsonFormat$Feature;
4015:             1             64  [Lcom.fasterxml.jackson.annotation.JsonFormat$Shape;
4016:             1             64  [Lcom.fasterxml.jackson.annotation.JsonFormat$Shape;
4017:             1             64  [Lcom.fasterxml.jackson.annotation.JsonFormat$Shape;
4018:             2             64  [Lcom.fasterxml.jackson.annotation.JsonProperty$Access;
4019:             2             64  [Lcom.fasterxml.jackson.annotation.OptBoolean;
4020:             1             64  [Lcom.fasterxml.jackson.databind.node.IntNode;
4021:             1             64  [Lcom.fasterxml.jackson.dataformat.yaml.YAMLGenerator$Feature;
4022:             2             64  [Lio.netty.handler.ssl.ClientAuth;
4023:             1             64  [Lio.protostuff.runtime.PolymorphicSchemaFactories;
4024:             2             64  [Ljava.lang.StackWalker$Option; (java.base@21.0.3)
4025:             2             64  [Ljava.lang.annotation.RetentionPolicy; (java.base@21.0.3)
4026:             1             64  [Ljava.lang.invoke.MethodHandleImpl$Intrinsic; (java.base@21.0.3)
4027:             2             64  [Ljava.nio.charset.CoderResult; (java.base@21.0.3)
4028:             2             64  [Ljava.util.stream.Collector$Characteristics; (java.base@21.0.3)
4029:             2             64  [Ljdk.internal.util.OperatingSystem; (java.base@21.0.3)
4030:             2             64  [Lkotlin.annotation.AnnotationRetention;
4031:             2             64  [Lkotlin.annotation.AnnotationRetention;
4032:             2             64  [Lorg.apache.lucene.codecs.lucene90.blocktree.CompressionAlgorithm;
4033:             2             64  [Lorg.apache.lucene.index.MergePolicy$OneMergeProgress$PauseReason;
4034:             2             64  [Lorg.apache.lucene.index.PointValues$Relation;
4035:             4             64  [Lorg.apache.lucene.search.ScoreDoc;
4036:             2             64  [Lorg.opensearch.action.search.ShardStatsFieldNames;
4037:             2             64  [Lorg.opensearch.cluster.metadata.Metadata$XContentContext;
4038:             2             64  [Lorg.opensearch.cluster.routing.ShardMovementStrategy;
4039:             2             64  [Lorg.opensearch.cluster.routing.allocation.decider.EnableAllocationDecider$Allocation;
4040:             2             64  [Lorg.opensearch.cluster.routing.allocation.decider.EnableAllocationDecider$Rebalance;
4041:             2             64  [Lorg.opensearch.common.logging.SlowLogLevel;
4042:             2             64  [Lorg.opensearch.common.path.PathTrie$TrieMatchingMode;
4043:             2             64  [Lorg.opensearch.common.util.PageCacheRecycler$Type;
4044:             2             64  [Lorg.opensearch.index.mapper.MappedFieldType$Relation;
4045:             2             64  [Lorg.opensearch.index.remote.RemoteStoreEnums$PathType;
4046:             2             64  [Lorg.opensearch.node.remotestore.RemoteStoreNodeService$Direction;
4047:             2             64  [Lorg.opensearch.observability.settings.PluginSettings$FilterBy;
4048:             2             64  [Lorg.opensearch.performanceanalyzer.commons.stats.metrics.ExceptionsAndErrors;
4049:             2             64  [Lorg.opensearch.repositories.s3.ProxySettings$ProxyType;
4050:             4             64  [Lorg.opensearch.search.aggregations.bucket.terms.StringTerms$Bucket;
4051:             1             64  [Lorg.opensearch.security.auditlog.config.AuditConfig$Filter$FilterEntries;
4052:             1             64  [Lorg.opensearch.security.ssl.SecureSSLSettings$SSLSetting;
4053:             2             64  [Lorg.opensearch.security.support.ConfigConstants$RolesMappingResolution;
4054:             2             64  [Lorg.opensearch.timeseries.MemoryTracker$Origin;
4055:             2             64  [Lorg.opensearch.timeseries.model.EntityProfileName;
4056:             1             64  [Lorg.yaml.snakeyaml.events.Event$ID;
4057:             2             64  [Lsun.security.ssl.SSLTrafficKeyDerivation$KeySchedule; (java.base@21.0.3)
4058:             2             64  com.fasterxml.jackson.core.StreamWriteCapability
4059:             4             64  com.fasterxml.jackson.core.StreamWriteConstraints
4060:             2             64  com.fasterxml.jackson.databind.cfg.EnumFeature
4061:             2             64  com.fasterxml.jackson.databind.cfg.EnumFeature
4062:             2             64  com.fasterxml.jackson.databind.cfg.EnumFeature
4063:             2             64  com.fasterxml.jackson.databind.introspect.AnnotationCollector$TwoAnnotations
4064:             4             64  com.fasterxml.jackson.databind.introspect.BasicClassIntrospector
4065:             2             64  com.fasterxml.jackson.databind.introspect.VisibilityChecker$Std
4066:             2             64  com.fasterxml.jackson.databind.introspect.VisibilityChecker$Std
4067:             4             64  com.fasterxml.jackson.databind.jsontype.impl.StdSubtypeResolver
4068:             2             64  com.fasterxml.jackson.databind.ser.std.NumberSerializers$DoubleSerializer
4069:             2             64  com.fasterxml.jackson.databind.ser.std.NumberSerializers$DoubleSerializer
4070:             2             64  com.fasterxml.jackson.databind.ser.std.NumberSerializers$DoubleSerializer
4071:             2             64  com.fasterxml.jackson.databind.ser.std.NumberSerializers$IntegerSerializer
4072:             2             64  com.fasterxml.jackson.databind.ser.std.NumberSerializers$IntegerSerializer
4073:             2             64  com.fasterxml.jackson.databind.ser.std.NumberSerializers$IntegerSerializer
4074:             2             64  com.fasterxml.jackson.databind.ser.std.NumberSerializers$LongSerializer
4075:             2             64  com.fasterxml.jackson.databind.ser.std.NumberSerializers$LongSerializer
4076:             2             64  com.fasterxml.jackson.databind.ser.std.NumberSerializers$LongSerializer
4077:             4             64  com.fasterxml.jackson.databind.util.RootNameLookup
4078:             2             64  com.fasterxml.jackson.dataformat.yaml.YAMLParser$Feature
4079:             1             64  com.google.common.cache.CacheStats
4080:             1             64  com.google.common.cache.CacheStats
4081:             1             64  com.google.common.cache.CacheStats
4082:             1             64  com.google.common.cache.CacheStats
4083:             4             64  com.google.common.cache.LocalCache$AccessQueue
4084:             4             64  com.google.common.collect.$Proxy54
4085:             2             64  com.google.common.collect.RegularImmutableSet
4086:             2             64  com.google.common.collect.RegularImmutableSet
4087:             4             64  com.google.common.collect.SingletonImmutableList
4088:             2             64  com.google.common.io.BaseEncoding$Base64Encoding
4089:             2             64  com.google.common.io.BaseEncoding$StandardBaseEncoding
4090:             4             64  com.sun.proxy.jdk.proxy1.$Proxy28 (jdk.proxy1)
4091:             1             64  io.netty.util.concurrent.GlobalEventExecutor
4092:             1             64  io.netty.util.concurrent.GlobalEventExecutor
4093:             1             64  io.netty.util.concurrent.ScheduledFutureTask
4094:             2             64  io.protostuff.runtime.ArraySchemas$BoolArray
4095:             2             64  io.protostuff.runtime.ArraySchemas$CharArray
4096:             2             64  io.protostuff.runtime.ArraySchemas$FloatArray
4097:             2             64  io.protostuff.runtime.ArraySchemas$Int32Array
4098:             2             64  io.protostuff.runtime.ArraySchemas$Int64Array
4099:             2             64  io.protostuff.runtime.ArraySchemas$ShortArray
4100:             2             64  io.protostuff.runtime.RuntimeSchema
4101:             2             64  java.io.ClassCache$1 (java.base@21.0.3)
4102:             2             64  java.lang.invoke.MethodHandles$Lookup$ClassOption (java.base@21.0.3)
4103:             2             64  java.lang.ref.ReferenceQueue$Null (java.base@21.0.3)
4104:             4             64  java.security.spec.NamedParameterSpec (java.base@21.0.3)
4105:             2             64  java.time.temporal.IsoFields$Unit (java.base@21.0.3)
4106:             2             64  java.time.zone.ZoneOffsetTransition (java.base@21.0.3)
4107:             2             64  java.util.AbstractList$RandomAccessSpliterator (java.base@21.0.3)
4108:             2             64  java.util.ArrayList$SubList (java.base@21.0.3)
4109:             4             64  java.util.concurrent.ConcurrentSkipListSet (java.base@21.0.3)
4110:             2             64  java.util.concurrent.SynchronousQueue (java.base@21.0.3)
4111:             1             64  java.util.logging.LogManager$RootLogger (java.logging@21.0.3)
4112:             2             64  javax.crypto.JceSecurity$WeakIdentityWrapper (java.base@21.0.3)
4113:             2             64  jdk.internal.foreign.GlobalSession (java.base@21.0.3)
4114:             2             64  jdk.internal.reflect.MethodHandleIntegerFieldAccessorImpl (java.base@21.0.3)
4115:             4             64  jdk.internal.util.Preconditions$4 (java.base@21.0.3)
4116:             2             64  jdk.jfr.internal.jfc.JFC$KnownConfiguration (jdk.jfr@21.0.3)
4117:             4             64  jdk.proxy2.$Proxy6 (jdk.proxy2)
4118:             4             64  jdk.proxy4.$Proxy21 (jdk.proxy4)
4119:             2             64  joptsimple.internal.Rows
4120:             1             64  kotlinx.coroutines.scheduling.CoroutineScheduler
4121:             1             64  kotlinx.coroutines.scheduling.CoroutineScheduler
4122:             1             64  kotlinx.coroutines.scheduling.CoroutineScheduler
4123:             1             64  kotlinx.coroutines.scheduling.CoroutineScheduler
4124:             2             64  kotlinx.coroutines.scheduling.WorkQueue
4125:             4             64  org.apache.logging.log4j.core.lookup.StrMatcher$StringMatcher
4126:             4             64  org.apache.logging.log4j.core.pattern.NameAbbreviator$PatternAbbreviator
4127:             2             64  org.apache.logging.log4j.core.util.datetime.FastDatePrinter
4128:             1             64  org.apache.logging.log4j.jul.LogManager
4129:             4             64  org.apache.lucene.analysis.ar.ArabicNormalizer
4130:             2             64  org.apache.lucene.analysis.br.BrazilianStemmer
4131:             2             64  org.apache.lucene.analysis.classic.ClassicAnalyzer
4132:             4             64  org.apache.lucene.analysis.in.IndicNormalizer
4133:             2             64  org.apache.lucene.analysis.util.CharArrayIterator$2
4134:             2             64  org.apache.lucene.analysis.util.CharArrayIterator$4
4135:             4             64  org.apache.lucene.backward_codecs.lucene50.Lucene50StoredFieldsFormat
4136:             1             64  org.apache.lucene.backward_codecs.lucene84.Lucene84Codec
4137:             1             64  org.apache.lucene.backward_codecs.lucene86.Lucene86Codec
4138:             2             64  org.apache.lucene.backward_codecs.lucene87.Lucene87Codec$Mode
4139:             2             64  org.apache.lucene.backward_codecs.lucene90.Lucene90Codec$Mode
4140:             2             64  org.apache.lucene.backward_codecs.lucene91.Lucene91Codec$Mode
4141:             2             64  org.apache.lucene.backward_codecs.lucene92.Lucene92Codec$Mode
4142:             2             64  org.apache.lucene.backward_codecs.lucene94.Lucene94Codec$Mode
4143:             2             64  org.apache.lucene.backward_codecs.lucene95.Lucene95Codec$Mode
4144:             2             64  org.apache.lucene.codecs.lucene99.Lucene99Codec$Mode
4145:             2             64  org.apache.lucene.index.VectorEncoding
4146:             2             64  org.apache.lucene.search.ConjunctionScorer
4147:             2             64  org.apache.lucene.search.DisjunctionScorer$TwoPhase
4148:             2             64  org.apache.lucene.search.DisjunctionScorer$TwoPhase$1
4149:             2             64  org.apache.lucene.search.DisjunctionSumScorer
4150:             2             64  org.apache.lucene.search.FieldExistsQuery$1
4151:             2             64  org.apache.lucene.util.BitSetIterator
4152:             2             64  org.apache.lucene.util.VirtualMethod
4153:             2             64  org.apache.lucene.util.VirtualMethod$1
4154:             4             64  org.apache.lucene.util.bkd.DocIdsWriter
4155:             4             64  org.bouncycastle.asn1.x9.X962Parameters
4156:             4             64  org.bouncycastle.jcajce.provider.asymmetric.ecgost12.KeyFactorySpi
4157:             1             64  org.jcodings.specific.UTF8Encoding
4158:             1             64  org.jooq.tools.json.Yylex
4159:             1             64  org.opensearch.action.admin.cluster.node.reload.TransportNodesReloadSecureSettingsAction
4160:             1             64  org.opensearch.action.admin.cluster.repositories.cleanup.TransportCleanupRepositoryAction
4161:             1             64  org.opensearch.action.admin.cluster.settings.TransportClusterUpdateSettingsAction
4162:             1             64  org.opensearch.action.admin.cluster.stats.TransportClusterStatsAction
4163:             1             64  org.opensearch.action.admin.indices.analyze.TransportAnalyzeAction
4164:             1             64  org.opensearch.action.admin.indices.close.TransportCloseIndexAction
4165:             1             64  org.opensearch.action.admin.indices.create.AutoCreateAction$TransportAction
4166:             1             64  org.opensearch.action.admin.indices.dangling.delete.TransportDeleteDanglingIndexAction
4167:             1             64  org.opensearch.action.admin.indices.dangling.find.TransportFindDanglingIndexAction
4168:             1             64  org.opensearch.action.admin.indices.dangling.list.TransportListDanglingIndicesAction
4169:             1             64  org.opensearch.action.admin.indices.get.TransportGetIndexAction
4170:             1             64  org.opensearch.action.admin.indices.mapping.get.TransportGetFieldMappingsIndexAction
4171:             1             64  org.opensearch.action.admin.indices.rollover.TransportRolloverAction
4172:             1             64  org.opensearch.action.admin.indices.template.post.TransportSimulateIndexTemplateAction
4173:             1             64  org.opensearch.action.admin.indices.template.post.TransportSimulateTemplateAction
4174:             1             64  org.opensearch.action.search.SearchResponse
4175:             2             64  org.opensearch.action.search.SearchType
4176:             4             64  org.opensearch.action.support.ActiveShardCount
4177:             4             64  org.opensearch.action.support.tasks.TransportTasksAction$$Lambda/0x00007fcd28edcb48
4178:             4             64  org.opensearch.action.support.tasks.TransportTasksAction$NodeTransportHandler
4179:             1             64  org.opensearch.ad.ADJobProcessor
4180:             1             64  org.opensearch.ad.ExecuteADResultResponseRecorder
4181:             1             64  org.opensearch.ad.rest.handler.ADIndexJobActionHandler
4182:             1             64  org.opensearch.ad.transport.ADCancelTaskTransportAction
4183:             1             64  org.opensearch.ad.transport.ADProfileTransportAction
4184:             1             64  org.opensearch.ad.transport.ADResultBulkTransportAction
4185:             1             64  org.opensearch.ad.transport.ADStatsNodesTransportAction
4186:             1             64  org.opensearch.ad.transport.ADTaskProfileTransportAction
4187:             1             64  org.opensearch.ad.transport.PreviewAnomalyDetectorTransportAction
4188:             2             64  org.opensearch.ad.transport.SearchTopAnomalyResultTransportAction$OrderType
4189:             1             64  org.opensearch.ad.transport.ValidateAnomalyDetectorTransportAction
4190:             1             64  org.opensearch.alerting.core.action.node.ScheduledJobsStatsTransportAction
4191:             1             64  org.opensearch.alerting.transport.TransportExecuteMonitorAction
4192:             1             64  org.opensearch.bootstrap.OpenSearch
4193:             1             64  org.opensearch.cluster.coordination.FollowersChecker
4194:             2             64  org.opensearch.cluster.decommission.DecommissionController
4195:             2             64  org.opensearch.cluster.metadata.IndexMetadata$State
4196:             2             64  org.opensearch.cluster.metadata.IndexNameExpressionResolver
4197:             1             64  org.opensearch.cluster.metadata.MetadataIndexTemplateService
4198:             4             64  org.opensearch.cluster.metadata.TemplatesMetadata
4199:             1             64  org.opensearch.cluster.routing.RoutingNodes
4200:             1             64  org.opensearch.cluster.service.ClusterManagerService
4201:             4             64  org.opensearch.common.io.stream.DelayableWriteable$Referencing
4202:             4             64  org.opensearch.common.lease.Releasables$$Lambda/0x00007fcd293daed8
4203:             4             64  org.opensearch.common.recycler.NoneRecycler
4204:             4             64  org.opensearch.common.settings.Setting$$Lambda/0x00007fcd280c7be0
4205:             2             64  org.opensearch.common.util.LazyInitializable
4206:             2             64  org.opensearch.common.util.PageCacheRecycler
4207:             2             64  org.opensearch.core.tasks.resourcetracker.ResourceStats
4208:             4             64  org.opensearch.core.xcontent.AbstractObjectParser$$Lambda/0x00007fcd291ddf98
4209:             4             64  org.opensearch.core.xcontent.AbstractObjectParser$$Lambda/0x00007fcd291de1c8
4210:             1             64  org.opensearch.extensions.NoopExtensionsManager
4211:             1             64  org.opensearch.forecast.ExecuteForecastResultResponseRecorder
4212:             1             64  org.opensearch.forecast.ForecastJobProcessor
4213:             1             64  org.opensearch.forecast.rest.handler.ForecastIndexJobActionHandler
4214:             1             64  org.opensearch.forecast.transport.ForecastProfileTransportAction
4215:             1             64  org.opensearch.forecast.transport.ForecastResultBulkTransportAction
4216:             1             64  org.opensearch.forecast.transport.ForecastRunOnceProfileTransportAction
4217:             1             64  org.opensearch.forecast.transport.ValidateForecasterTransportAction
4218:             2             64  org.opensearch.geometry.utils.WellKnownText
4219:             1             64  org.opensearch.geospatial.stats.upload.UploadStatsTransportAction
4220:             2             64  org.opensearch.index.codec.customcodecs.Lucene99CustomCodec$Mode
4221:             2             64  org.opensearch.index.codec.customcodecs.Lucene99CustomStoredFieldsFormat
4222:             2             64  org.opensearch.index.codec.customcodecs.Lucene99QatCodec$Mode
4223:             2             64  org.opensearch.index.mapper.NestedPathFieldMapper
4224:             1             64  org.opensearch.index.search.MultiMatchQuery
4225:             1             64  org.opensearch.indexmanagement.indexstatemanagement.IndexStateManagementHistory
4226:             1             64  org.opensearch.indexmanagement.indexstatemanagement.MetadataService
4227:             1             64  org.opensearch.indexmanagement.indexstatemanagement.transport.action.addpolicy.TransportAddPolicyAction
4228:             1             64  org.opensearch.indexmanagement.indexstatemanagement.transport.action.updateindexmetadata.TransportUpdateManagedIndexMetaDataAction
4229:             1             64  org.opensearch.indexmanagement.snapshotmanagement.api.transport.index.TransportIndexSMPolicyAction
4230:             1             64  org.opensearch.indexmanagement.transform.action.index.TransportIndexTransformAction
4231:             1             64  org.opensearch.indices.store.TransportNodesListShardStoreMetadata
4232:             1             64  org.opensearch.indices.store.TransportNodesListShardStoreMetadataBatch
4233:             2             64  org.opensearch.knn.index.Parameter$MethodComponentContextParameter
4234:             1             64  org.opensearch.ml.action.forward.TransportForwardAction
4235:             1             64  org.opensearch.ml.action.model_group.TransportRegisterModelGroupAction
4236:             1             64  org.opensearch.ml.action.models.UpdateModelTransportAction
4237:             1             64  org.opensearch.ml.task.MLExecuteTaskRunner
4238:             1             64  org.opensearch.ml.task.MLTrainAndPredictTaskRunner
4239:             1             64  org.opensearch.ml.task.MLTrainingTaskRunner
4240:             1             64  org.opensearch.monitor.fs.FsHealthService
4241:             4             64  org.opensearch.node.Node$$Lambda/0x00007fcd288b11c8
4242:             2             64  org.opensearch.node.ResponseCollectorService$NodeStatistics
4243:             2             64  org.opensearch.node.remotestore.RemoteStoreNodeService$CompatibilityMode
4244:             1             64  org.opensearch.node.resource.tracker.AverageIoUsageTracker
4245:             1             64  org.opensearch.painless.action.PainlessExecuteAction$TransportAction
4246:             4             64  org.opensearch.painless.spi.annotation.InjectConstantAnnotation
4247:             1             64  org.opensearch.performanceanalyzer.collectors.AdmissionControlMetricsCollector
4248:             1             64  org.opensearch.performanceanalyzer.collectors.ClusterApplierServiceStatsCollector
4249:             1             64  org.opensearch.performanceanalyzer.collectors.ElectionTermCollector
4250:             1             64  org.opensearch.performanceanalyzer.collectors.FaultDetectionMetricsCollector
4251:             1             64  org.opensearch.performanceanalyzer.collectors.ShardIndexingPressureMetricsCollector
4252:             1             64  org.opensearch.performanceanalyzer.collectors.ShardStateCollector
4253:             1             64  org.opensearch.performanceanalyzer.collectors.ThreadPoolMetricsCollector
4254:             1             64  org.opensearch.performanceanalyzer.commons.collectors.OSMetricsCollector
4255:             2             64  org.opensearch.performanceanalyzer.commons.config.overrides.ConfigOverrides$Overrides
4256:             1             64  org.opensearch.performanceanalyzer.writer.EventLogQueueProcessor
4257:             1             64  org.opensearch.replication.ReplicationSettings
4258:             1             64  org.opensearch.replication.action.autofollow.TransportAutoFollowClusterManagerNodeAction
4259:             1             64  org.opensearch.replication.action.changes.TransportGetChangesAction
4260:             1             64  org.opensearch.replication.action.pause.TransportPauseIndexReplicationAction
4261:             1             64  org.opensearch.replication.action.repository.TransportGetFileChunkAction
4262:             1             64  org.opensearch.replication.action.resume.TransportResumeIndexReplicationAction
4263:             1             64  org.opensearch.replication.action.stop.TransportStopIndexReplicationAction
4264:             1             64  org.opensearch.replication.action.update.TransportUpdateIndexReplicationAction
4265:             1             64  org.opensearch.replication.metadata.TransportUpdateMetadataAction
4266:             1             64  org.opensearch.repositories.RepositoriesService
4267:             1             64  org.opensearch.repositories.s3.S3RepositoryPlugin
4268:             1             64  org.opensearch.repositories.s3.S3RepositoryPlugin$LowPrioritySizeBasedBlockingQ
4269:             1             64  org.opensearch.repositories.s3.async.SizeBasedBlockingQ
4270:             2             64  org.opensearch.repositories.s3.utils.Protocol
4271:             2             64  org.opensearch.rest.NamedRoute
4272:             2             64  org.opensearch.script.Script
4273:             2             64  org.opensearch.script.ScriptType
4274:             4             64  org.opensearch.search.SearchModule$$Lambda/0x00007fcd287966e0
4275:             4             64  org.opensearch.search.aggregations.AggregationCollectorManager$$Lambda/0x00007fcd293d7178
4276:             4             64  org.opensearch.search.aggregations.AggregationReduceableSearchResult
4277:             2             64  org.opensearch.search.aggregations.Aggregator$SubAggCollectionMode
4278:             4             64  org.opensearch.search.aggregations.bucket.histogram.DateHistogramAggregator$$Lambda/0x00007fcd293d3d38
4279:             4             64  org.opensearch.search.aggregations.bucket.histogram.DateHistogramAggregator$$Lambda/0x00007fcd293d61f8
4280:             2             64  org.opensearch.search.aggregations.pipeline.HoltWintersModel$SeasonalityType
4281:             1             64  org.opensearch.search.asynchronous.transport.TransportDeleteAsynchronousSearchAction
4282:             1             64  org.opensearch.search.asynchronous.transport.TransportGetAsynchronousSearchAction
4283:             2             64  org.opensearch.search.backpressure.trackers.HeapUsageTracker
4284:             2             64  org.opensearch.search.fetch.subphase.FetchSourceContext
4285:             4             64  org.opensearch.search.internal.ReaderContext$$Lambda/0x00007fcd293dac98
4286:             1             64  org.opensearch.security.auditlog.sink.Log4JSink
4287:             2             64  org.opensearch.security.auth.UserInjector
4288:             4             64  org.opensearch.security.dlic.rest.api.AbstractApiAction$$Lambda/0x00007fcd28fe8220
4289:             1             64  org.opensearch.security.dlic.rest.api.ssl.TransportCertificatesInfoNodesAction
4290:             1             64  org.opensearch.security.filter.SecurityFilter
4291:             1             64  org.opensearch.security.transport.SecurityInterceptor
4292:             1             64  org.opensearch.securityanalytics.transport.TransportDeleteCustomLogTypeAction
4293:             1             64  org.opensearch.securityanalytics.transport.TransportGetFindingsAction
4294:             1             64  org.opensearch.securityanalytics.transport.TransportIndexRuleAction
4295:             1             64  org.opensearch.securityanalytics.transport.TransportSearchDetectorAction
4296:             2             64  org.opensearch.sql.datasource.model.DataSourceStatus
4297:             2             64  org.opensearch.sql.ppl.PPLService
4298:             1             64  org.opensearch.sql.spark.cluster.ClusterManagerEventListener
4299:             2             64  org.opensearch.sql.spark.dispatcher.SparkQueryDispatcher
4300:             4             64  org.opensearch.sql.spark.response.OpenSearchJobExecutionResponseReader
4301:             4             64  org.opensearch.tasks.TaskCancellationMonitoringService$$Lambda/0x00007fcd293dc680
4302:             2             64  org.opensearch.timeseries.breaker.BreakerName
4303:             2             64  org.opensearch.timeseries.indices.IndexManagement$IndexState
4304:             2             64  org.opensearch.timeseries.ratelimit.CheckPointMaintainRequestAdapter
4305:             1             64  org.opensearch.transport.TransportService$1
4306:             4             64  sun.reflect.generics.tree.ArrayTypeSignature (java.base@21.0.3)
4307:             2             64  sun.security.provider.FileInputStreamPool$StreamRef (java.base@21.0.3)
4308:             1             64  sun.security.provider.certpath.ldap.JdkLDAP$ProviderService (java.naming@21.0.3)
4309:             1             64  sun.security.smartcardio.SunPCSC$ProviderService (java.smartcardio@21.0.3)
4310:             2             64  sun.security.ssl.Alert$Level (java.base@21.0.3)
4311:             2             64  sun.security.ssl.CertStatusExtension$CertStatusRequestType (java.base@21.0.3)
4312:             2             64  sun.security.ssl.CertStatusExtension$OCSPStatusRequest (java.base@21.0.3)
4313:             2             64  sun.security.ssl.PskKeyExchangeModesExtension$PskKeyExchangeMode (java.base@21.0.3)
4314:             4             64  sun.security.ssl.SSLCipher$T11BlockReadCipherGenerator (java.base@21.0.3)
4315:             4             64  sun.security.ssl.SSLCipher$T11BlockWriteCipherGenerator (java.base@21.0.3)
4316:             4             64  sun.security.util.DisabledAlgorithmConstraints$Constraints (java.base@21.0.3)
4317:             4             64  sun.security.x509.RFC822Name (java.base@21.0.3)
4318:             1             56  [Lcom.fasterxml.jackson.databind.cfg.CoercionInputShape;
4319:             1             56  [Lcom.fasterxml.jackson.databind.cfg.CoercionInputShape;
4320:             1             56  [Lcom.fasterxml.jackson.databind.cfg.CoercionInputShape;
4321:             1             56  [Lio.protostuff.WireFormat$JavaType;
4322:             1             56  [Ljava.lang.Runnable; (java.base@21.0.3)
4323:             1             56  [Ljava.lang.reflect.AccessFlag$Location; (java.base@21.0.3)
4324:             2             56  [Ljava.net.InterfaceAddress; (java.base@21.0.3)
4325:             1             56  [Ljava.nio.file.StandardOpenOption; (java.base@21.0.3)
4326:             1             56  [Lorg.opensearch.common.geo.GeoShapeType;
4327:             1             56  [Lorg.opensearch.common.settings.Setting$AffixSetting;
4328:             1             56  [Lorg.opensearch.ml.engine.indices.MLIndex;
4329:             1             56  [Lorg.opensearch.performanceanalyzer.commons.metrics.RTFMetrics$ShardStatsValue;
4330:             1             56  [Lorg.opensearch.rest.RestRequest$Method;
4331:             1             56  [Lorg.opensearch.timeseries.model.TaskState;
4332:             1             56  com.amazon.dlic.auth.http.jwt.keybyoidc.HTTPJwtKeyByOpenIdConnectAuthenticator
4333:             1             56  com.fasterxml.jackson.databind.type.ArrayType
4334:             1             56  io.netty.bootstrap.Bootstrap
4335:             1             56  java.lang.invoke.BoundMethodHandle$Specializer (java.base@21.0.3)
4336:             1             56  java.time.chrono.HijrahChronology (java.base@21.0.3)
4337:             1             56  java.util.ServiceLoader (java.base@21.0.3)
4338:             1             56  java.util.logging.ConsoleHandler (java.logging@21.0.3)
4339:             1             56  kotlinx.coroutines.DispatchedContinuation
4340:             1             56  org.apache.logging.log4j.core.LoggerContext
4341:             1             56  org.apache.lucene.analysis.core.KeywordTokenizer
4342:             1             56  org.apache.lucene.backward_codecs.lucene70.Lucene70Codec
4343:             1             56  org.apache.lucene.backward_codecs.lucene80.Lucene80Codec
4344:             1             56  org.objectweb.asm.Label
4345:             1             56  org.opensearch.action.admin.cluster.configuration.TransportAddVotingConfigExclusionsAction
4346:             1             56  org.opensearch.action.admin.cluster.decommission.awareness.delete.TransportDeleteDecommissionStateAction
4347:             1             56  org.opensearch.action.admin.cluster.decommission.awareness.put.TransportDecommissionAction
4348:             1             56  org.opensearch.action.admin.cluster.health.TransportClusterHealthAction
4349:             1             56  org.opensearch.action.admin.cluster.node.hotthreads.TransportNodesHotThreadsAction
4350:             1             56  org.opensearch.action.admin.cluster.node.info.TransportNodesInfoAction
4351:             1             56  org.opensearch.action.admin.cluster.node.stats.TransportNodesStatsAction
4352:             1             56  org.opensearch.action.admin.cluster.node.tasks.cancel.TransportCancelTasksAction
4353:             1             56  org.opensearch.action.admin.cluster.node.tasks.get.TransportGetTaskAction
4354:             1             56  org.opensearch.action.admin.cluster.node.tasks.list.TransportListTasksAction
4355:             1             56  org.opensearch.action.admin.cluster.remotestore.restore.TransportRestoreRemoteStoreAction
4356:             1             56  org.opensearch.action.admin.cluster.remotestore.stats.TransportRemoteStoreStatsAction
4357:             1             56  org.opensearch.action.admin.cluster.repositories.delete.TransportDeleteRepositoryAction
4358:             1             56  org.opensearch.action.admin.cluster.repositories.put.TransportPutRepositoryAction
4359:             1             56  org.opensearch.action.admin.cluster.repositories.verify.TransportVerifyRepositoryAction
4360:             1             56  org.opensearch.action.admin.cluster.reroute.TransportClusterRerouteAction
4361:             1             56  org.opensearch.action.admin.cluster.shards.TransportClusterSearchShardsAction
4362:             1             56  org.opensearch.action.admin.cluster.shards.routing.weighted.delete.TransportDeleteWeightedRoutingAction
4363:             1             56  org.opensearch.action.admin.cluster.shards.routing.weighted.get.TransportGetWeightedRoutingAction
4364:             1             56  org.opensearch.action.admin.cluster.shards.routing.weighted.put.TransportAddWeightedRoutingAction
4365:             1             56  org.opensearch.action.admin.cluster.snapshots.clone.TransportCloneSnapshotAction
4366:             1             56  org.opensearch.action.admin.cluster.snapshots.create.TransportCreateSnapshotAction
4367:             1             56  org.opensearch.action.admin.cluster.snapshots.delete.TransportDeleteSnapshotAction
4368:             1             56  org.opensearch.action.admin.cluster.snapshots.get.TransportGetSnapshotsAction
4369:             1             56  org.opensearch.action.admin.cluster.snapshots.restore.TransportRestoreSnapshotAction
4370:             1             56  org.opensearch.action.admin.cluster.snapshots.status.TransportNodesSnapshotsStatus
4371:             1             56  org.opensearch.action.admin.cluster.snapshots.status.TransportSnapshotsStatusAction
4372:             1             56  org.opensearch.action.admin.cluster.state.TransportClusterStateAction
4373:             1             56  org.opensearch.action.admin.cluster.storedscripts.TransportDeleteStoredScriptAction
4374:             1             56  org.opensearch.action.admin.cluster.storedscripts.TransportGetStoredScriptAction
4375:             1             56  org.opensearch.action.admin.cluster.storedscripts.TransportPutStoredScriptAction
4376:             1             56  org.opensearch.action.admin.cluster.tasks.TransportPendingClusterTasksAction
4377:             1             56  org.opensearch.action.admin.indices.alias.TransportIndicesAliasesAction
4378:             1             56  org.opensearch.action.admin.indices.alias.get.TransportGetAliasesAction
4379:             1             56  org.opensearch.action.admin.indices.cache.clear.TransportClearIndicesCacheAction
4380:             1             56  org.opensearch.action.admin.indices.create.TransportCreateIndexAction
4381:             1             56  org.opensearch.action.admin.indices.datastream.CreateDataStreamAction$TransportAction
4382:             1             56  org.opensearch.action.admin.indices.datastream.DataStreamsStatsAction$TransportAction
4383:             1             56  org.opensearch.action.admin.indices.datastream.DeleteDataStreamAction$TransportAction
4384:             1             56  org.opensearch.action.admin.indices.delete.TransportDeleteIndexAction
4385:             1             56  org.opensearch.action.admin.indices.mapping.get.TransportGetMappingsAction
4386:             1             56  org.opensearch.action.admin.indices.mapping.put.TransportAutoPutMappingAction
4387:             1             56  org.opensearch.action.admin.indices.mapping.put.TransportPutMappingAction
4388:             1             56  org.opensearch.action.admin.indices.open.TransportOpenIndexAction
4389:             1             56  org.opensearch.action.admin.indices.readonly.TransportAddIndexBlockAction
4390:             1             56  org.opensearch.action.admin.indices.replication.TransportSegmentReplicationStatsAction
4391:             1             56  org.opensearch.action.admin.indices.settings.get.TransportGetSettingsAction
4392:             1             56  org.opensearch.action.admin.indices.settings.put.TransportUpdateSettingsAction
4393:             1             56  org.opensearch.action.admin.indices.shards.TransportIndicesShardStoresAction
4394:             1             56  org.opensearch.action.admin.indices.shrink.TransportResizeAction
4395:             1             56  org.opensearch.action.admin.indices.template.delete.TransportDeleteComponentTemplateAction
4396:             1             56  org.opensearch.action.admin.indices.template.delete.TransportDeleteComposableIndexTemplateAction
4397:             1             56  org.opensearch.action.admin.indices.template.delete.TransportDeleteIndexTemplateAction
4398:             1             56  org.opensearch.action.admin.indices.template.put.TransportPutComponentTemplateAction
4399:             1             56  org.opensearch.action.admin.indices.template.put.TransportPutComposableIndexTemplateAction
4400:             1             56  org.opensearch.action.admin.indices.template.put.TransportPutIndexTemplateAction
4401:             1             56  org.opensearch.action.admin.indices.upgrade.post.TransportUpgradeAction
4402:             1             56  org.opensearch.action.admin.indices.upgrade.post.TransportUpgradeSettingsAction
4403:             1             56  org.opensearch.action.admin.indices.validate.query.TransportValidateQueryAction
4404:             1             56  org.opensearch.action.explain.TransportExplainAction
4405:             1             56  org.opensearch.action.get.TransportGetAction
4406:             1             56  org.opensearch.action.get.TransportShardMultiGetAction
4407:             1             56  org.opensearch.action.ingest.DeletePipelineTransportAction
4408:             1             56  org.opensearch.action.ingest.PutPipelineTransportAction
4409:             1             56  org.opensearch.action.search.DeleteSearchPipelineTransportAction
4410:             1             56  org.opensearch.action.search.PutSearchPipelineTransportAction
4411:             1             56  org.opensearch.action.search.SearchRequestSlowLog
4412:             1             56  org.opensearch.action.search.TransportCreatePitAction
4413:             1             56  org.opensearch.action.search.TransportGetAllPitsAction
4414:             1             56  org.opensearch.action.support.clustermanager.term.TransportGetTermVersionAction
4415:             1             56  org.opensearch.action.termvectors.TransportShardMultiTermsVectorAction
4416:             1             56  org.opensearch.action.termvectors.TransportTermVectorsAction
4417:             1             56  org.opensearch.ad.rest.RestIndexAnomalyDetectorAction
4418:             1             56  org.opensearch.ad.rest.RestSearchADTasksAction
4419:             1             56  org.opensearch.ad.rest.RestSearchAnomalyDetectorAction
4420:             1             56  org.opensearch.ad.rest.RestSearchAnomalyResultAction
4421:             1             56  org.opensearch.ad.rest.RestValidateAnomalyDetectorAction
4422:             1             56  org.opensearch.ad.transport.ADEntityProfileTransportAction
4423:             1             56  org.opensearch.ad.transport.AnomalyResultTransportAction
4424:             1             56  org.opensearch.ad.transport.ForwardADTaskTransportAction
4425:             1             56  org.opensearch.alerting.AlertingPlugin
4426:             1             56  org.opensearch.alerting.comments.CommentsIndices
4427:             1             56  org.opensearch.alerting.transport.TransportDeleteWorkflowAction
4428:             1             56  org.opensearch.alerting.transport.TransportGetRemoteIndexesAction
4429:             1             56  org.opensearch.cluster.InternalClusterInfoService
4430:             1             56  org.opensearch.cluster.coordination.JoinHelper
4431:             1             56  org.opensearch.cluster.coordination.LeaderChecker
4432:             1             56  org.opensearch.cluster.coordination.PublicationTransportHandler
4433:             1             56  org.opensearch.cluster.routing.allocation.DiskThresholdMonitor
4434:             1             56  org.opensearch.cluster.service.ClusterService
4435:             1             56  org.opensearch.common.Rounding$DateTimeUnit$1
4436:             1             56  org.opensearch.common.Rounding$DateTimeUnit$2
4437:             1             56  org.opensearch.common.Rounding$DateTimeUnit$3
4438:             1             56  org.opensearch.common.Rounding$DateTimeUnit$4
4439:             1             56  org.opensearch.common.cache.stats.ImmutableCacheStats
4440:             1             56  org.opensearch.discovery.SeedHostsResolver
4441:             1             56  org.opensearch.env.NodeEnvironment
4442:             1             56  org.opensearch.flowframework.transport.CreateWorkflowTransportAction
4443:             1             56  org.opensearch.flowframework.transport.DeprovisionWorkflowTransportAction
4444:             1             56  org.opensearch.flowframework.transport.ProvisionWorkflowTransportAction
4445:             1             56  org.opensearch.forecast.ml.ForecastCheckpointDao
4446:             1             56  org.opensearch.forecast.rest.RestIndexForecasterAction
4447:             1             56  org.opensearch.forecast.rest.RestSearchForecastTasksAction
4448:             1             56  org.opensearch.forecast.rest.RestSearchForecasterAction
4449:             1             56  org.opensearch.forecast.rest.RestValidateForecasterAction
4450:             1             56  org.opensearch.forecast.transport.ForecastEntityProfileTransportAction
4451:             1             56  org.opensearch.forecast.transport.ForecastStatsNodesTransportAction
4452:             1             56  org.opensearch.forecast.transport.StatsForecasterTransportAction
4453:             1             56  org.opensearch.forecast.transport.SuggestForecasterParamTransportAction
4454:             1             56  org.opensearch.gateway.ShardsBatchGatewayAllocator
4455:             1             56  org.opensearch.gateway.TransportNodesListGatewayMetaState
4456:             1             56  org.opensearch.geospatial.ip2geo.action.DeleteDatasourceTransportAction
4457:             1             56  org.opensearch.index.SegmentReplicationPressureService
4458:             1             56  org.opensearch.index.ShardIndexingPressureSettings
4459:             1             56  org.opensearch.index.reindex.TransportRethrottleAction
4460:             1             56  org.opensearch.index.seqno.RetentionLeaseActions$Add$TransportAction
4461:             1             56  org.opensearch.index.seqno.RetentionLeaseActions$Remove$TransportAction
4462:             1             56  org.opensearch.index.seqno.RetentionLeaseActions$Renew$TransportAction
4463:             1             56  org.opensearch.indexmanagement.indexstatemanagement.transport.action.changepolicy.TransportChangePolicyAction
4464:             1             56  org.opensearch.indexmanagement.indexstatemanagement.transport.action.getpolicy.TransportGetPolicyAction
4465:             1             56  org.opensearch.indexmanagement.indexstatemanagement.transport.action.indexpolicy.TransportIndexPolicyAction
4466:             1             56  org.opensearch.indexmanagement.refreshanalyzer.TransportRefreshSearchAnalyzerAction
4467:             1             56  org.opensearch.indexmanagement.rollup.action.delete.TransportDeleteRollupAction
4468:             1             56  org.opensearch.indexmanagement.rollup.action.get.TransportGetRollupAction
4469:             1             56  org.opensearch.indexmanagement.rollup.action.get.TransportGetRollupsAction
4470:             1             56  org.opensearch.indexmanagement.rollup.action.index.TransportIndexRollupAction
4471:             1             56  org.opensearch.indexmanagement.rollup.action.mapping.TransportUpdateRollupMappingAction
4472:             1             56  org.opensearch.indexmanagement.rollup.action.start.TransportStartRollupAction
4473:             1             56  org.opensearch.indexmanagement.rollup.action.stop.TransportStopRollupAction
4474:             1             56  org.opensearch.indexmanagement.snapshotmanagement.api.transport.delete.TransportDeleteSMPolicyAction
4475:             1             56  org.opensearch.indexmanagement.snapshotmanagement.api.transport.explain.TransportExplainSMAction
4476:             1             56  org.opensearch.indexmanagement.snapshotmanagement.api.transport.get.TransportGetSMPoliciesAction
4477:             1             56  org.opensearch.indexmanagement.snapshotmanagement.api.transport.get.TransportGetSMPolicyAction
4478:             1             56  org.opensearch.indexmanagement.snapshotmanagement.api.transport.start.TransportStartSMAction
4479:             1             56  org.opensearch.indexmanagement.snapshotmanagement.api.transport.stop.TransportStopSMAction
4480:             1             56  org.opensearch.indexmanagement.transform.action.delete.TransportDeleteTransformsAction
4481:             1             56  org.opensearch.indexmanagement.transform.action.explain.TransportExplainTransformAction
4482:             1             56  org.opensearch.indexmanagement.transform.action.get.TransportGetTransformAction
4483:             1             56  org.opensearch.indexmanagement.transform.action.get.TransportGetTransformsAction
4484:             1             56  org.opensearch.indexmanagement.transform.action.start.TransportStartTransformAction
4485:             1             56  org.opensearch.indexmanagement.transform.action.stop.TransportStopTransformAction
4486:             1             56  org.opensearch.indices.replication.SegmentReplicationTargetService
4487:             1             56  org.opensearch.ingest.IngestService
4488:             1             56  org.opensearch.knn.plugin.transport.KNNStatsTransportAction
4489:             1             56  org.opensearch.knn.plugin.transport.RemoveModelFromCacheTransportAction
4490:             1             56  org.opensearch.knn.plugin.transport.TrainingJobRouteDecisionInfoTransportAction
4491:             1             56  org.opensearch.knn.plugin.transport.UpdateModelGraveyardTransportAction
4492:             1             56  org.opensearch.knn.plugin.transport.UpdateModelMetadataTransportAction
4493:             1             56  org.opensearch.ml.action.connector.ExecuteConnectorTransportAction
4494:             1             56  org.opensearch.ml.action.connector.TransportCreateConnectorAction
4495:             1             56  org.opensearch.ml.action.controller.CreateControllerTransportAction
4496:             1             56  org.opensearch.ml.action.controller.DeleteControllerTransportAction
4497:             1             56  org.opensearch.ml.action.model_group.TransportUpdateModelGroupAction
4498:             1             56  org.opensearch.ml.action.upload_chunk.TransportRegisterModelMetaAction
4499:             1             56  org.opensearch.ml.engine.algorithms.metrics_correlation.MetricsCorrelation
4500:             1             56  org.opensearch.monitor.jvm.JvmInfo$Mem
4501:             1             56  org.opensearch.performanceanalyzer.OpenSearchResources
4502:             1             56  org.opensearch.performanceanalyzer.collectors.CacheConfigMetricsCollector
4503:             1             56  org.opensearch.performanceanalyzer.collectors.CircuitBreakerCollector
4504:             1             56  org.opensearch.performanceanalyzer.collectors.ClusterManagerServiceMetrics
4505:             1             56  org.opensearch.performanceanalyzer.collectors.NodeDetailsCollector
4506:             1             56  org.opensearch.performanceanalyzer.commons.collectors.DisksCollector
4507:             1             56  org.opensearch.performanceanalyzer.commons.collectors.GCInfoCollector
4508:             1             56  org.opensearch.performanceanalyzer.commons.collectors.HeapMetricsCollector
4509:             1             56  org.opensearch.performanceanalyzer.commons.collectors.NetworkInterfaceCollector
4510:             1             56  org.opensearch.performanceanalyzer.commons.config.PluginSettings
4511:             1             56  org.opensearch.persistent.CompletionPersistentTaskAction$TransportAction
4512:             1             56  org.opensearch.persistent.RemovePersistentTaskAction$TransportAction
4513:             1             56  org.opensearch.persistent.StartPersistentTaskAction$TransportAction
4514:             1             56  org.opensearch.persistent.UpdatePersistentTaskStatusAction$TransportAction
4515:             1             56  org.opensearch.replication.action.index.TransportReplicateIndexAction
4516:             1             56  org.opensearch.replication.action.index.block.TransportUpddateIndexBlockAction
4517:             1             56  org.opensearch.replication.action.replicationstatedetails.TransportUpdateReplicationStateDetails
4518:             1             56  org.opensearch.replication.action.repository.TransportGetStoreMetadataAction
4519:             1             56  org.opensearch.replication.action.repository.TransportReleaseLeaderResourcesAction
4520:             1             56  org.opensearch.replication.action.stats.TransportAutoFollowStatsAction
4521:             1             56  org.opensearch.repositories.s3.GenericStatsMetricPublisher
4522:             1             56  org.opensearch.search.asynchronous.management.AsynchronousSearchManagementService
4523:             1             56  org.opensearch.search.asynchronous.transport.TransportAsynchronousSearchStatsAction
4524:             1             56  org.opensearch.search.backpressure.SearchBackpressureService
4525:             1             56  org.opensearch.security.dlic.rest.api.AccountApiAction
4526:             1             56  org.opensearch.security.dlic.rest.api.AuditApiAction
4527:             1             56  org.opensearch.security.dlic.rest.api.InternalUsersApiAction
4528:             1             56  org.opensearch.security.dlic.rest.api.SecurityConfigApiAction
4529:             1             56  org.opensearch.security.dlic.rest.api.SecuritySSLCertsApiAction
4530:             1             56  org.opensearch.security.filter.SecurityRestFilter
4531:             1             56  org.opensearch.securityanalytics.SecurityAnalyticsPlugin
4532:             1             56  org.opensearch.securityanalytics.transport.TransportAckCorrelationAlertsAction
4533:             1             56  org.opensearch.securityanalytics.transport.TransportAcknowledgeAlertsAction
4534:             1             56  org.opensearch.securityanalytics.transport.TransportGetAlertsAction
4535:             1             56  org.opensearch.securityanalytics.transport.TransportGetCorrelationAlertsAction
4536:             1             56  org.opensearch.securityanalytics.transport.TransportGetDetectorAction
4537:             1             56  org.opensearch.securityanalytics.transport.TransportSearchCustomLogTypeAction
4538:             1             56  org.opensearch.securityanalytics.transport.TransportSearchRuleAction
4539:             1             56  org.opensearch.snapshots.InternalSnapshotsInfoService
4540:             1             56  org.opensearch.snapshots.RestoreService
4541:             1             56  org.opensearch.snapshots.SnapshotsService$UpdateSnapshotStatusAction
4542:             1             56  org.opensearch.timeseries.cluster.ClusterManagerEventListener
4543:             1             56  org.opensearch.timeseries.feature.FeatureManager
4544:             1             56  org.opensearch.transport.TcpTransport$ProfileSettings
4545:             1             56  sun.security.provider.SHA (java.base@21.0.3)
4546:             1             56  sun.security.ssl.SSLContextImpl$TLS13Context (java.base@21.0.3)
4547:             1             48  [Lcom.fasterxml.jackson.annotation.JsonInclude$Include;
4548:             1             48  [Lcom.fasterxml.jackson.annotation.JsonInclude$Include;
4549:             1             48  [Lcom.fasterxml.jackson.annotation.PropertyAccessor;
4550:             1             48  [Lcom.fasterxml.jackson.annotation.PropertyAccessor;
4551:             1             48  [Lcom.fasterxml.jackson.core.StreamWriteFeature;
4552:             3             48  [Lcom.fasterxml.jackson.databind.JavaType;
4553:             3             48  [Lcom.fasterxml.jackson.databind.JavaType;
4554:             2             48  [Lcom.google.common.cache.LocalCache$Segment;
4555:             1             48  [Lcom.sun.management.VMOption$Origin; (jdk.management@21.0.3)
4556:             1             48  [Ljava.lang.management.MemoryPoolMXBean; (java.management@21.0.3)
4557:             1             48  [Ljava.lang.reflect.ProxyGenerator$PrimitiveTypeInfo; (java.base@21.0.3)
4558:             1             48  [Ljava.math.RoundingMode; (java.base@21.0.3)
4559:             2             48  [Ljava.nio.file.FileVisitOption; (java.base@21.0.3)
4560:             1             48  [Ljava.security.cert.CertPathValidatorException$BasicReason; (java.base@21.0.3)
4561:             1             48  [Lorg.apache.logging.log4j.core.appender.rolling.FileExtension;
4562:             1             48  [Lorg.apache.logging.log4j.core.appender.rolling.RolloverFrequency;
4563:             2             48  [Lorg.apache.lucene.codecs.lucene90.Lucene90StoredFieldsFormat$Mode;
4564:             1             48  [Lorg.apache.lucene.index.MergeTrigger;
4565:             2             48  [Lorg.apache.lucene.search.DisiWrapper;
4566:             2             48  [Lorg.apache.lucene.search.SortField;
4567:             2             48  [Lorg.apache.lucene.search.TotalHits$Relation;
4568:             2             48  [Lorg.apache.lucene.search.TwoPhaseIterator;
4569:             2             48  [Lorg.opensearch.action.search.SearchType;
4570:             1             48  [Lorg.opensearch.common.Rounding$DateTimeUnit;
4571:             2             48  [Lorg.opensearch.core.common.transport.TransportAddress;
4572:             2             48  [Lorg.opensearch.core.tasks.resourcetracker.ResourceStats;
4573:             1             48  [Lorg.opensearch.index.mapper.DynamicTemplate$XContentFieldType;
4574:             1             48  [Lorg.opensearch.index.mapper.NumberFieldMapper$NumberType;
4575:             2             48  [Lorg.opensearch.index.remote.RemoteStoreEnums$PathHashAlgorithm;
4576:             2             48  [Lorg.opensearch.index.translog.Translog$Durability;
4577:             1             48  [Lorg.opensearch.indices.analysis.PreBuiltAnalyzers;
4578:             2             48  [Lorg.opensearch.indices.replication.common.ReplicationType;
4579:             1             48  [Lorg.opensearch.ml.stats.MLClusterLevelStat;
4580:             2             48  [Lorg.opensearch.node.remotestore.RemoteStoreNodeService$CompatibilityMode;
4581:             2             48  [Lorg.opensearch.observability.settings.PluginSettings$AdminAccess;
4582:             1             48  [Lorg.opensearch.performanceanalyzer.commons.stats.eval.Statistics;
4583:             2             48  [Lorg.opensearch.persistent.decider.EnableAssignmentDecider$Allocation;
4584:             1             48  [Lorg.opensearch.replication.task.ReplicationState;
4585:             2             48  [Lorg.opensearch.repositories.s3.utils.Protocol;
4586:             2             48  [Lorg.opensearch.rest.RestHandler$Route;
4587:             1             48  [Lorg.reflections.vfs.Vfs$DefaultUrlTypes;
4588:             2             48  [Lsun.security.validator.CADistrustPolicy; (java.base@21.0.3)
4589:             1             48  [Lsun.security.x509.NetscapeCertTypeExtension$MapEntry; (java.base@21.0.3)
4590:             1             48  com.amazon.dlic.auth.ldap.backend.LDAPAuthorizationBackend
4591:             2             48  com.fasterxml.jackson.annotation.JacksonInject$Value
4592:             1             48  com.fasterxml.jackson.core.JsonLocation
4593:             2             48  com.fasterxml.jackson.core.util.DefaultIndenter
4594:             1             48  com.fasterxml.jackson.core.util.Separators
4595:             2             48  com.fasterxml.jackson.databind.AnnotationIntrospector$ReferenceProperty$Type
4596:             1             48  com.fasterxml.jackson.databind.cfg.ConfigOverride$Empty
4597:             1             48  com.fasterxml.jackson.databind.cfg.ConfigOverride$Empty
4598:             1             48  com.fasterxml.jackson.databind.cfg.ConfigOverride$Empty
4599:             2             48  com.fasterxml.jackson.databind.deser.impl.NullsConstantProvider
4600:             2             48  com.fasterxml.jackson.databind.deser.std.StdKeyDeserializer$StringKD
4601:             1             48  com.fasterxml.jackson.databind.deser.std.UntypedObjectDeserializer
4602:             2             48  com.fasterxml.jackson.databind.ser.std.BooleanSerializer
4603:             2             48  com.fasterxml.jackson.databind.ser.std.BooleanSerializer
4604:             2             48  com.fasterxml.jackson.databind.ser.std.BooleanSerializer
4605:             1             48  com.fasterxml.jackson.databind.util.StdDateFormat
4606:             1             48  com.fasterxml.jackson.databind.util.StdDateFormat
4607:             1             48  com.fasterxml.jackson.databind.util.StdDateFormat
4608:             2             48  com.google.common.cache.LocalCache$AccessQueue$1
4609:             3             48  com.google.common.cache.LocalCache$LocalLoadingCache
4610:             1             48  com.google.common.collect.Multimaps$CustomSetMultimap
4611:             2             48  com.google.common.collect.Sets$1
4612:             2             48  com.google.gson.internal.bind.TypeAdapters$33
4613:             2             48  com.intel.qat.QatZipper$Algorithm
4614:             2             48  com.intel.qat.QatZipper$Mode
4615:             2             48  com.sun.jmx.mbeanserver.ClassLoaderRepositorySupport$LoaderEntry (java.management@21.0.3)
4616:             1             48  com.sun.jmx.mbeanserver.DefaultMXBeanMappingFactory$Mappings (java.management@21.0.3)
4617:             1             48  com.sun.jmx.mbeanserver.MBeanIntrospector$MBeanInfoMap (java.management@21.0.3)
4618:             1             48  com.sun.jmx.mbeanserver.MBeanIntrospector$PerInterfaceMap (java.management@21.0.3)
4619:             2             48  com.sun.jmx.mbeanserver.WeakIdentityHashMap (java.management@21.0.3)
4620:             2             48  com.sun.jna.Memory$MemoryDisposer
4621:             2             48  com.sun.jna.NativeMappedConverter
4622:             2             48  io.netty.bootstrap.ServerBootstrap$ServerBootstrapAcceptor$1
4623:             2             48  io.netty.buffer.PoolArena$SizeClass
4624:             2             48  io.netty.buffer.PooledByteBufAllocator$PoolThreadLocalCache
4625:             2             48  io.netty.channel.ChannelMetadata
4626:             2             48  io.netty.channel.FixedRecvByteBufAllocator
4627:             3             48  io.netty.channel.ReflectiveChannelFactory
4628:             2             48  io.netty.handler.logging.ByteBufFormat
4629:             1             48  io.netty.handler.ssl.JdkSslClientContext
4630:             3             48  io.netty.util.DefaultAttributeMap
4631:             1             48  io.netty.util.ResourceLeakDetector$TraceRecord$1
4632:             3             48  io.netty.util.concurrent.MultithreadEventExecutorGroup$1
4633:             3             48  io.netty.util.concurrent.PromiseTask$SentinelRunnable
4634:             3             48  io.netty.util.concurrent.PromiseTask$SentinelRunnable
4635:             3             48  io.netty.util.concurrent.ThreadPerTaskExecutor
4636:             2             48  io.protostuff.runtime.ArrayFieldMap
4637:             2             48  io.protostuff.runtime.RuntimePipeSchema
4638:             1             48  java.io.BufferedInputStream (java.base@21.0.3)
4639:             2             48  java.io.File$PathStatus (java.base@21.0.3)
4640:             1             48  java.lang.NullPointerException (java.base@21.0.3)
4641:             1             48  java.lang.invoke.BoundMethodHandle$Specializer$Factory (java.base@21.0.3)
4642:             1             48  java.lang.invoke.VarHandleReferences$Array (java.base@21.0.3)
4643:             1             48  java.lang.invoke.VarHandleSegmentAsBytes (java.base@21.0.3)
4644:             1             48  java.lang.invoke.VarHandleSegmentAsInts (java.base@21.0.3)
4645:             1             48  java.lang.invoke.VarHandleSegmentAsLongs (java.base@21.0.3)
4646:             1             48  java.lang.invoke.VarHandleSegmentAsShorts (java.base@21.0.3)
4647:             3             48  java.nio.charset.CodingErrorAction (java.base@21.0.3)
4648:             3             48  java.security.AllPermissionCollection (java.base@21.0.3)
4649:             2             48  java.security.Provider$OPType (java.base@21.0.3)
4650:             3             48  java.text.AttributedCharacterIterator$Attribute (java.base@21.0.3)
4651:             2             48  java.text.BreakIterator$BreakIteratorCache (java.base@21.0.3)
4652:             2             48  java.time.OffsetDateTime (java.base@21.0.3)
4653:             2             48  java.time.OffsetTime (java.base@21.0.3)
4654:             2             48  java.time.chrono.IsoEra (java.base@21.0.3)
4655:             2             48  java.time.chrono.MinguoEra (java.base@21.0.3)
4656:             2             48  java.time.chrono.ThaiBuddhistEra (java.base@21.0.3)
4657:             3             48  java.time.format.DateTimeFormatterBuilder$1 (java.base@21.0.3)
4658:             3             48  java.util.Base64$Decoder (java.base@21.0.3)
4659:             2             48  java.util.Collections$UnmodifiableList (java.base@21.0.3)
4660:             3             48  java.util.EnumMap$KeySet (java.base@21.0.3)
4661:             2             48  java.util.Formatter$BigDecimalLayoutForm (java.base@21.0.3)
4662:             3             48  java.util.ResourceBundle$NoFallbackControl (java.base@21.0.3)
4663:             3             48  java.util.concurrent.ConcurrentSkipListMap$KeySet (java.base@21.0.3)
4664:             2             48  java.util.concurrent.SynchronousQueue$Transferer (java.base@21.0.3)
4665:             3             48  java.util.concurrent.atomic.AtomicMarkableReference (java.base@21.0.3)
4666:             2             48  java.util.logging.Logger$LoggerBundle (java.logging@21.0.3)
4667:             2             48  java.util.stream.Collectors$$Lambda/0x00007fcd282fc188 (java.base@21.0.3)
4668:             2             48  java.util.stream.ForEachOps$ForEachOp$OfLong (java.base@21.0.3)
4669:             2             48  java.util.stream.ReduceOps$CountingSink$OfRef (java.base@21.0.3)
4670:             2             48  javax.crypto.CryptoPermissions (java.base@21.0.3)
4671:             2             48  javax.management.NotificationBroadcasterSupport (java.management@21.0.3)
4672:             2             48  javax.security.auth.AuthPermission (java.base@21.0.3)
4673:             1             48  jdk.internal.foreign.layout.ValueLayouts$OfBooleanImpl (java.base@21.0.3)
4674:             1             48  jdk.internal.foreign.layout.ValueLayouts$OfByteImpl (java.base@21.0.3)
4675:             1             48  jdk.internal.icu.util.CodePointTrie$Fast16 (java.base@21.0.3)
4676:             2             48  jdk.internal.icu.util.CodePointTrie$Type (java.base@21.0.3)
4677:             1             48  jdk.internal.jimage.ImageHeader (java.base@21.0.3)
4678:             2             48  jdk.internal.misc.Signal$NativeHandler (java.base@21.0.3)
4679:             2             48  jdk.internal.reflect.ReflectionFactory$Config (java.base@21.0.3)
4680:             1             48  jdk.management.jfr.FlightRecorderMXBeanImpl (jdk.management.jfr@21.0.3)
4681:             3             48  jdk.proxy1.$Proxy42 (jdk.proxy1)
4682:             1             48  joptsimple.OptionParser
4683:             2             48  kotlin.coroutines.CombinedContext
4684:             2             48  kotlinx.coroutines.JobImpl
4685:             3             48  kotlinx.coroutines.internal.ContextScope
4686:             3             48  kotlinx.coroutines.internal.Symbol
4687:             2             48  kotlinx.coroutines.scheduling.TaskMode
4688:             1             48  org.apache.logging.log4j.core.appender.ConsoleAppender
4689:             3             48  org.apache.logging.log4j.core.config.DefaultAdvertiser
4690:             2             48  org.apache.logging.log4j.core.config.plugins.util.PluginManager
4691:             2             48  org.apache.logging.log4j.core.config.status.StatusConfiguration$Verbosity
4692:             1             48  org.apache.logging.log4j.core.impl.Log4jProvider
4693:             2             48  org.apache.logging.log4j.core.util.datetime.FastDateFormat
4694:             2             48  org.apache.logging.log4j.core.util.datetime.FastDatePrinter$PaddedNumberField
4695:             1             48  org.apache.logging.log4j.status.StatusLogger
4696:             2             48  org.apache.logging.log4j.util.PropertiesUtil$Environment
4697:             2             48  org.apache.logging.log4j.util.PropertyFilePropertySource
4698:             3             48  org.apache.lucene.analysis.Analyzer$TokenStreamComponents$$Lambda/0x00007fcd29266150
4699:             1             48  org.apache.lucene.analysis.CharArrayMap$EmptyCharArrayMap
4700:             2             48  org.apache.lucene.analysis.classic.ClassicAnalyzer$$Lambda/0x00007fcd29268420
4701:             2             48  org.apache.lucene.analysis.core.SimpleAnalyzer
4702:             2             48  org.apache.lucene.analysis.core.StopAnalyzer
4703:             2             48  org.apache.lucene.analysis.id.IndonesianStemmer
4704:             2             48  org.apache.lucene.backward_codecs.lucene50.Lucene50StoredFieldsFormat$Mode
4705:             3             48  org.apache.lucene.backward_codecs.lucene70.Lucene70SegmentInfoFormat
4706:             2             48  org.apache.lucene.backward_codecs.lucene80.Lucene80DocValuesFormat$Mode
4707:             3             48  org.apache.lucene.backward_codecs.lucene86.Lucene86PointsFormat
4708:             3             48  org.apache.lucene.backward_codecs.lucene86.Lucene86SegmentInfoFormat
4709:             2             48  org.apache.lucene.backward_codecs.lucene87.Lucene87Codec$1
4710:             2             48  org.apache.lucene.backward_codecs.lucene87.Lucene87Codec$2
4711:             2             48  org.apache.lucene.backward_codecs.lucene87.Lucene87StoredFieldsFormat$Mode
4712:             2             48  org.apache.lucene.backward_codecs.lucene91.Lucene91Codec$1
4713:             2             48  org.apache.lucene.backward_codecs.lucene91.Lucene91Codec$2
4714:             2             48  org.apache.lucene.backward_codecs.lucene91.Lucene91Codec$3
4715:             2             48  org.apache.lucene.backward_codecs.lucene91.Lucene91HnswVectorsFormat
4716:             2             48  org.apache.lucene.backward_codecs.lucene92.Lucene92Codec$1
4717:             2             48  org.apache.lucene.backward_codecs.lucene92.Lucene92Codec$2
4718:             2             48  org.apache.lucene.backward_codecs.lucene92.Lucene92Codec$3
4719:             2             48  org.apache.lucene.backward_codecs.lucene92.Lucene92HnswVectorsFormat
4720:             2             48  org.apache.lucene.backward_codecs.lucene94.Lucene94Codec$1
4721:             2             48  org.apache.lucene.backward_codecs.lucene94.Lucene94Codec$2
4722:             2             48  org.apache.lucene.backward_codecs.lucene94.Lucene94Codec$3
4723:             2             48  org.apache.lucene.backward_codecs.lucene94.Lucene94HnswVectorsFormat
4724:             2             48  org.apache.lucene.codecs.lucene90.Lucene90StoredFieldsFormat$Mode
4725:             2             48  org.apache.lucene.document.Field$Store
4726:             2             48  org.apache.lucene.document.InvertableType
4727:             2             48  org.apache.lucene.queryparser.classic.QueryParser$Operator
4728:             2             48  org.apache.lucene.search.ConjunctionDISI
4729:             2             48  org.apache.lucene.search.ConjunctionDISI$ConjunctionTwoPhaseIterator
4730:             2             48  org.apache.lucene.search.DisiPriorityQueue
4731:             2             48  org.apache.lucene.search.DisjunctionDISIApproximation
4732:             2             48  org.apache.lucene.search.DocIdSetIterator$2
4733:             2             48  org.apache.lucene.search.IndexOrDocValuesQuery$1$1
4734:             2             48  org.apache.lucene.search.PointRangeQuery$1$1
4735:             2             48  org.apache.lucene.search.PointRangeQuery$1$2
4736:             1             48  org.apache.lucene.search.PrefixQuery
4737:             2             48  org.apache.lucene.search.ScorerUtil$1
4738:             3             48  org.apache.lucene.search.TotalHitCountCollector$1
4739:             2             48  org.apache.lucene.search.TotalHits$Relation
4740:             2             48  org.apache.lucene.search.Weight$DefaultBulkScorer
4741:             2             48  org.apache.lucene.util.FileDeleter$MsgType
4742:             2             48  org.apache.lucene.util.PriorityQueue$1
4743:             1             48  org.apache.lucene.util.automaton.CompiledAutomaton
4744:             2             48  org.apache.lucene.util.fst.ReverseBytesReader
4745:             1             48  org.apache.lucene.util.packed.BulkOperationPacked1
4746:             1             48  org.apache.lucene.util.packed.BulkOperationPacked10
4747:             1             48  org.apache.lucene.util.packed.BulkOperationPacked11
4748:             1             48  org.apache.lucene.util.packed.BulkOperationPacked12
4749:             1             48  org.apache.lucene.util.packed.BulkOperationPacked13
4750:             1             48  org.apache.lucene.util.packed.BulkOperationPacked14
4751:             1             48  org.apache.lucene.util.packed.BulkOperationPacked15
4752:             1             48  org.apache.lucene.util.packed.BulkOperationPacked16
4753:             1             48  org.apache.lucene.util.packed.BulkOperationPacked17
4754:             1             48  org.apache.lucene.util.packed.BulkOperationPacked18
4755:             1             48  org.apache.lucene.util.packed.BulkOperationPacked19
4756:             1             48  org.apache.lucene.util.packed.BulkOperationPacked2
4757:             1             48  org.apache.lucene.util.packed.BulkOperationPacked20
4758:             1             48  org.apache.lucene.util.packed.BulkOperationPacked21
4759:             1             48  org.apache.lucene.util.packed.BulkOperationPacked22
4760:             1             48  org.apache.lucene.util.packed.BulkOperationPacked23
4761:             1             48  org.apache.lucene.util.packed.BulkOperationPacked24
4762:             1             48  org.apache.lucene.util.packed.BulkOperationPacked3
4763:             1             48  org.apache.lucene.util.packed.BulkOperationPacked4
4764:             1             48  org.apache.lucene.util.packed.BulkOperationPacked5
4765:             1             48  org.apache.lucene.util.packed.BulkOperationPacked6
4766:             1             48  org.apache.lucene.util.packed.BulkOperationPacked7
4767:             1             48  org.apache.lucene.util.packed.BulkOperationPacked8
4768:             1             48  org.apache.lucene.util.packed.BulkOperationPacked9
4769:             3             48  org.bouncycastle.pqc.jcajce.provider.bike.BIKEKeyFactorySpi
4770:             2             48  org.bouncycastle.pqc.jcajce.provider.falcon.FalconKeyFactorySpi
4771:             3             48  org.bouncycastle.pqc.jcajce.provider.hqc.HQCKeyFactorySpi
4772:             2             48  org.greenrobot.eventbus.PendingPostQueue
4773:             1             48  org.greenrobot.eventbus.SubscriberMethodFinder$FindState
4774:             2             48  org.ietf.jgss.Oid (java.security.jgss@21.0.3)
4775:             3             48  org.locationtech.jts.geom.PrecisionModel$Type
4776:             2             48  org.locationtech.spatial4j.io.PolyshapeReader
4777:             2             48  org.locationtech.spatial4j.io.WKTReader
4778:             1             48  org.opensearch.action.admin.cluster.configuration.TransportClearVotingConfigExclusionsAction
4779:             1             48  org.opensearch.action.admin.cluster.decommission.awareness.get.TransportGetDecommissionStateAction
4780:             1             48  org.opensearch.action.admin.cluster.repositories.get.TransportGetRepositoriesAction
4781:             2             48  org.opensearch.action.admin.cluster.stats.TransportClusterStatsAction$ClusterStatsNodeRequest
4782:             1             48  org.opensearch.action.admin.indices.datastream.GetDataStreamAction$TransportAction
4783:             1             48  org.opensearch.action.admin.indices.exists.indices.TransportIndicesExistsAction
4784:             1             48  org.opensearch.action.admin.indices.forcemerge.TransportForceMergeAction
4785:             1             48  org.opensearch.action.admin.indices.recovery.TransportRecoveryAction
4786:             1             48  org.opensearch.action.admin.indices.resolve.ResolveIndexAction$TransportAction
4787:             1             48  org.opensearch.action.admin.indices.segments.TransportIndicesSegmentsAction
4788:             1             48  org.opensearch.action.admin.indices.stats.TransportIndicesStatsAction
4789:             1             48  org.opensearch.action.admin.indices.template.get.TransportGetComponentTemplateAction
4790:             1             48  org.opensearch.action.admin.indices.template.get.TransportGetComposableIndexTemplateAction
4791:             1             48  org.opensearch.action.admin.indices.template.get.TransportGetIndexTemplatesAction
4792:             1             48  org.opensearch.action.admin.indices.upgrade.get.TransportUpgradeStatusAction
4793:             1             48  org.opensearch.action.fieldcaps.TransportFieldCapabilitiesAction
4794:             1             48  org.opensearch.action.fieldcaps.TransportFieldCapabilitiesIndexAction
4795:             1             48  org.opensearch.action.ingest.GetPipelineTransportAction
4796:             1             48  org.opensearch.action.search.GetSearchPipelineTransportAction
4797:             1             48  org.opensearch.action.search.TransportMultiSearchAction
4798:             2             48  org.opensearch.ad.ADTaskProfileRunner
4799:             2             48  org.opensearch.ad.client.AnomalyDetectionNodeClient
4800:             1             48  org.opensearch.ad.settings.ADEnabledSetting$1
4801:             1             48  org.opensearch.ad.settings.ADNumericSetting$1
4802:             1             48  org.opensearch.ad.transport.RCFPollingTransportAction
4803:             1             48  org.opensearch.ad.transport.RCFResultTransportAction
4804:             1             48  org.opensearch.ad.transport.SearchAnomalyResultTransportAction
4805:             1             48  org.opensearch.ad.transport.StatsAnomalyDetectorTransportAction
4806:             1             48  org.opensearch.alerting.transport.TransportAcknowledgeAlertAction
4807:             1             48  org.opensearch.alerting.transport.TransportAcknowledgeChainedAlertAction
4808:             1             48  org.opensearch.alerting.transport.TransportDeleteAlertingCommentAction
4809:             1             48  org.opensearch.alerting.transport.TransportDeleteMonitorAction
4810:             1             48  org.opensearch.alerting.transport.TransportExecuteWorkflowAction
4811:             1             48  org.opensearch.alerting.transport.TransportGetAlertsAction
4812:             1             48  org.opensearch.alerting.transport.TransportGetDestinationsAction
4813:             1             48  org.opensearch.alerting.transport.TransportGetEmailAccountAction
4814:             1             48  org.opensearch.alerting.transport.TransportGetEmailGroupAction
4815:             1             48  org.opensearch.alerting.transport.TransportGetFindingsSearchAction
4816:             1             48  org.opensearch.alerting.transport.TransportGetMonitorAction
4817:             1             48  org.opensearch.alerting.transport.TransportGetWorkflowAction
4818:             1             48  org.opensearch.alerting.transport.TransportGetWorkflowAlertsAction
4819:             1             48  org.opensearch.alerting.transport.TransportSearchAlertingCommentAction
4820:             1             48  org.opensearch.alerting.transport.TransportSearchMonitorAction
4821:             2             48  org.opensearch.alerting.util.DocLevelMonitorQueries
4822:             2             48  org.opensearch.bootstrap.OpenSearchPolicy$BadDefaultPermission
4823:             1             48  org.opensearch.client.node.NodeClient
4824:             1             48  org.opensearch.cluster.NodeConnectionsService
4825:             1             48  org.opensearch.cluster.coordination.CoordinationState
4826:             2             48  org.opensearch.cluster.coordination.CoordinationState$VoteCollection
4827:             2             48  org.opensearch.cluster.coordination.PersistedStateRegistry$PersistedStateType
4828:             3             48  org.opensearch.cluster.metadata.AliasValidator
4829:             2             48  org.opensearch.cluster.metadata.ComponentTemplate
4830:             3             48  org.opensearch.cluster.metadata.DataStream$TimestampField
4831:             1             48  org.opensearch.cluster.metadata.MetadataIndexStateService
4832:             1             48  org.opensearch.cluster.metadata.MetadataUpdateSettingsService
4833:             2             48  org.opensearch.cluster.node.DiscoveryNodeFilters$OpType
4834:             2             48  org.opensearch.cluster.routing.RoutingTable
4835:             3             48  org.opensearch.cluster.routing.WeightedRoutingService$$Lambda/0x00007fcd28e22ef0
4836:             3             48  org.opensearch.cluster.routing.WeightedRoutingService$$Lambda/0x00007fcd28e23120
4837:             1             48  org.opensearch.common.Rounding$DateTimeUnit$5
4838:             1             48  org.opensearch.common.Rounding$DateTimeUnit$6
4839:             1             48  org.opensearch.common.Rounding$DateTimeUnit$7
4840:             1             48  org.opensearch.common.Rounding$DateTimeUnit$8
4841:             3             48  org.opensearch.common.hash.MessageDigests$$Lambda/0x00007fcd280d6c78
4842:             3             48  org.opensearch.common.inject.InjectorImpl$BindingsMultimap
4843:             3             48  org.opensearch.common.inject.TypeConverterBindingProcessor$1
4844:             3             48  org.opensearch.common.inject.TypeConverterBindingProcessor$2
4845:             3             48  org.opensearch.common.inject.TypeConverterBindingProcessor$3
4846:             3             48  org.opensearch.common.inject.TypeConverterBindingProcessor$4
4847:             3             48  org.opensearch.common.inject.WeakKeySet
4848:             3             48  org.opensearch.common.inject.matcher.Matchers$SubclassesOf
4849:             2             48  org.opensearch.common.logging.LoggingOutputStream
4850:             1             48  org.opensearch.common.settings.ClusterSettings
4851:             2             48  org.opensearch.common.settings.Setting$$Lambda/0x00007fcd280bde50
4852:             3             48  org.opensearch.common.settings.Setting$$Lambda/0x00007fcd284a0a78
4853:             1             48  org.opensearch.common.settings.SettingsModule
4854:             1             48  org.opensearch.common.time.EpochTime$6
4855:             2             48  org.opensearch.core.common.breaker.CircuitBreaker$Durability
4856:             2             48  org.opensearch.core.common.transport.BoundTransportAddress
4857:             1             48  org.opensearch.flowframework.transport.GetWorkflowTransportAction
4858:             1             48  org.opensearch.forecast.ml.ForecastModelManager
4859:             1             48  org.opensearch.forecast.settings.ForecastEnabledSetting$1
4860:             1             48  org.opensearch.forecast.settings.ForecastNumericSetting$1
4861:             1             48  org.opensearch.gateway.PersistedClusterStateService$Writer
4862:             1             48  org.opensearch.geospatial.ip2geo.action.PutDatasourceTransportAction
4863:             1             48  org.opensearch.geospatial.ip2geo.action.UpdateDatasourceTransportAction
4864:             1             48  org.opensearch.grok.MatcherWatchdog$Default
4865:             1             48  org.opensearch.http.HttpHandlingSettings
4866:             1             48  org.opensearch.http.netty4.ssl.SecureNetty4HttpServerTransport$SslHttpChannelHandler
4867:             2             48  org.opensearch.identity.IdentityService
4868:             2             48  org.opensearch.index.IndexService$IndexCreationContext
4869:             1             48  org.opensearch.index.SegmentReplicationPressureService$AsyncFailStaleReplicaTask
4870:             1             48  org.opensearch.index.analysis.AnalysisRegistry
4871:             2             48  org.opensearch.index.codec.customcodecs.Lucene99QatStoredFieldsFormat
4872:             2             48  org.opensearch.index.codec.customcodecs.QatCompressionMode
4873:             2             48  org.opensearch.index.engine.Engine$SearcherScope
4874:             2             48  org.opensearch.index.query.Operator
4875:             3             48  org.opensearch.index.query.functionscore.DecayFunctionParser
4876:             1             48  org.opensearch.index.reindex.TransportDeleteByQueryAction
4877:             1             48  org.opensearch.index.reindex.TransportUpdateByQueryAction
4878:             1             48  org.opensearch.index.remote.RemoteStorePressureSettings
4879:             2             48  org.opensearch.index.seqno.RetentionLeaseSyncer
4880:             2             48  org.opensearch.index.shard.ShardStateMetadata$IndexDataLocation
4881:             2             48  org.opensearch.index.store.remote.filecache.FileCacheSettings
4882:             2             48  org.opensearch.index.translog.Translog$Durability
4883:             1             48  org.opensearch.indexmanagement.controlcenter.notification.action.index.TransportIndexLRONConfigAction
4884:             3             48  org.opensearch.indexmanagement.indexstatemanagement.PluginVersionSweepCoordinator$$Lambda/0x00007fcd29022100
4885:             1             48  org.opensearch.indexmanagement.indexstatemanagement.transport.action.deletepolicy.TransportDeletePolicyAction
4886:             1             48  org.opensearch.indexmanagement.indexstatemanagement.transport.action.explain.TransportExplainAction
4887:             1             48  org.opensearch.indexmanagement.indexstatemanagement.transport.action.getpolicy.TransportGetPoliciesAction
4888:             1             48  org.opensearch.indexmanagement.rollup.action.explain.TransportExplainRollupAction
4889:             1             48  org.opensearch.indexmanagement.transform.action.preview.TransportPreviewTransformAction
4890:             1             48  org.opensearch.indices.IndexingMemoryController
4891:             1             48  org.opensearch.indices.RemoteStoreSettings
4892:             1             48  org.opensearch.indices.recovery.RecoverySourceHandler$SendFileResult
4893:             2             48  org.opensearch.indices.replication.common.ReplicationCollection
4894:             2             48  org.opensearch.indices.replication.common.ReplicationType
4895:             2             48  org.opensearch.ingest.IngestStats
4896:             2             48  org.opensearch.ingest.IngestStats$Builder
4897:             1             48  org.opensearch.knn.index.KNNSettings$1
4898:             2             48  org.opensearch.knn.index.MethodComponentContext
4899:             3             48  org.opensearch.knn.plugin.stats.suppliers.LibraryInitializedSupplier
4900:             1             48  org.opensearch.knn.plugin.transport.ClearCacheTransportAction
4901:             1             48  org.opensearch.knn.plugin.transport.KNNWarmupTransportAction
4902:             1             48  org.opensearch.ml.action.connector.UpdateConnectorTransportAction
4903:             1             48  org.opensearch.ml.action.controller.GetControllerTransportAction
4904:             1             48  org.opensearch.ml.action.controller.UpdateControllerTransportAction
4905:             1             48  org.opensearch.ml.action.model_group.DeleteModelGroupTransportAction
4906:             1             48  org.opensearch.ml.action.model_group.GetModelGroupTransportAction
4907:             1             48  org.opensearch.ml.action.models.DeleteModelTransportAction
4908:             1             48  org.opensearch.ml.action.models.GetModelTransportAction
4909:             1             48  org.opensearch.ml.autoredeploy.MLModelAutoReDeployer
4910:             1             48  org.opensearch.ml.cluster.MLCommonsClusterManagerEventListener
4911:             2             48  org.opensearch.ml.memory.index.ConversationMetaIndex
4912:             1             48  org.opensearch.ml.task.MLTaskDispatcher
4913:             2             48  org.opensearch.monitor.StatusInfo$Status
4914:             1             48  org.opensearch.monitor.jvm.JvmGcMonitorService
4915:             1             48  org.opensearch.monitor.jvm.JvmGcMonitorService$1
4916:             2             48  org.opensearch.monitor.os.OsService
4917:             1             48  org.opensearch.node.NodeResourceUsageStats
4918:             1             48  org.opensearch.node.resource.tracker.NodeResourceUsageTracker
4919:             2             48  org.opensearch.observability.settings.PluginSettings$AdminAccess
4920:             1             48  org.opensearch.painless.CompilerSettings
4921:             1             48  org.opensearch.performanceanalyzer.PerformanceAnalyzerPlugin
4922:             1             48  org.opensearch.performanceanalyzer.collectors.ClusterApplierServiceStatsCollector$ClusterApplierServiceStats
4923:             1             48  org.opensearch.performanceanalyzer.collectors.NodeStatsAllShardsMetricsCollector$1
4924:             1             48  org.opensearch.persistent.PersistentTasksClusterService
4925:             1             48  org.opensearch.persistent.PersistentTasksClusterService$PeriodicRechecker
4926:             2             48  org.opensearch.persistent.PersistentTasksCustomMetadata$Assignment
4927:             2             48  org.opensearch.persistent.decider.EnableAssignmentDecider$Allocation
4928:             1             48  org.opensearch.replication.action.status.TranportShardsInfoAction
4929:             1             48  org.opensearch.replication.action.status.TransportReplicationStatusAction
4930:             2             48  org.opensearch.replication.seqno.RemoteClusterStats
4931:             2             48  org.opensearch.replication.seqno.RemoteClusterTranslogService
4932:             1             48  org.opensearch.replication.task.index.IndexReplicationExecutor
4933:             1             48  org.opensearch.replication.task.shard.ShardReplicationExecutor
4934:             2             48  org.opensearch.repositories.RepositoryInfo
4935:             2             48  org.opensearch.repositories.s3.async.SizeBasedBlockingQ$QueueEventType
4936:             2             48  org.opensearch.repositories.s3.async.TransferSemaphoresHolder$TypeSemaphore
4937:             2             48  org.opensearch.repositories.s3.async.TransferSemaphoresHolder$TypeSemaphore$PermitType
4938:             2             48  org.opensearch.rest.action.admin.indices.RestCreateIndexAction
4939:             2             48  org.opensearch.rest.action.admin.indices.RestGetAliasesAction
4940:             2             48  org.opensearch.rest.action.admin.indices.RestGetIndicesAction
4941:             2             48  org.opensearch.rest.action.admin.indices.RestIndexPutAliasAction
4942:             2             48  org.opensearch.rest.action.admin.indices.RestRefreshAction
4943:             2             48  org.opensearch.rest.action.admin.indices.RestUpdateSettingsAction
4944:             2             48  org.opensearch.rest.action.document.RestBulkAction
4945:             2             48  org.opensearch.rest.action.document.RestBulkStreamingAction
4946:             2             48  org.opensearch.rest.action.document.RestDeleteAction
4947:             2             48  org.opensearch.rest.action.document.RestGetAction
4948:             2             48  org.opensearch.rest.action.document.RestIndexAction
4949:             2             48  org.opensearch.rest.action.document.RestIndexAction$AutoIdHandler
4950:             2             48  org.opensearch.rest.action.document.RestIndexAction$CreateHandler
4951:             2             48  org.opensearch.rest.action.document.RestMultiGetAction
4952:             2             48  org.opensearch.rest.action.document.RestUpdateAction
4953:             2             48  org.opensearch.rest.action.search.RestClearScrollAction
4954:             2             48  org.opensearch.rest.action.search.RestSearchAction
4955:             2             48  org.opensearch.rest.action.search.RestSearchScrollAction
4956:             1             48  org.opensearch.search.SearchModule
4957:             2             48  org.opensearch.search.aggregations.metrics.AbstractPercentilesAggregationBuilder$$Lambda/0x00007fcd287b9cc0
4958:             1             48  org.opensearch.search.asynchronous.stats.InternalAsynchronousSearchStats$CountStatsHolder
4959:             1             48  org.opensearch.search.asynchronous.transport.TransportSubmitAsynchronousSearchAction
4960:             2             48  org.opensearch.search.backpressure.trackers.CpuUsageTracker
4961:             2             48  org.opensearch.search.backpressure.trackers.ElapsedTimeTracker
4962:             2             48  org.opensearch.search.backpressure.trackers.NodeDuressTracker
4963:             3             48  org.opensearch.search.fetch.subphase.highlight.HighlightPhase
4964:             2             48  org.opensearch.search.internal.CancellableBulkScorer
4965:             1             48  org.opensearch.search.internal.InternalSearchResponse
4966:             1             48  org.opensearch.search.pipeline.Pipeline
4967:             2             48  org.opensearch.search.sort.SortFieldAndFormat
4968:             2             48  org.opensearch.secure_sm.ThreadPermission
4969:             1             48  org.opensearch.security.auditlog.sink.DebugSink
4970:             1             48  org.opensearch.security.auditlog.sink.SinkProvider
4971:             3             48  org.opensearch.security.compliance.ComplianceConfig$1
4972:             1             48  org.opensearch.security.dlic.rest.api.ActionGroupsApiAction
4973:             1             48  org.opensearch.security.dlic.rest.api.AllowlistApiAction
4974:             1             48  org.opensearch.security.dlic.rest.api.AuthTokenProcessorAction
4975:             1             48  org.opensearch.security.dlic.rest.api.CertificatesApiAction
4976:             1             48  org.opensearch.security.dlic.rest.api.ConfigUpgradeApiAction
4977:             1             48  org.opensearch.security.dlic.rest.api.FlushCacheApiAction
4978:             1             48  org.opensearch.security.dlic.rest.api.MigrateApiAction
4979:             1             48  org.opensearch.security.dlic.rest.api.MultiTenancyConfigApiAction
4980:             1             48  org.opensearch.security.dlic.rest.api.RolesApiAction
4981:             1             48  org.opensearch.security.dlic.rest.api.RolesMappingApiAction
4982:             1             48  org.opensearch.security.dlic.rest.api.TenantsApiAction
4983:             1             48  org.opensearch.security.dlic.rest.api.ValidateApiAction
4984:             1             48  org.opensearch.security.dlic.rest.api.WhitelistApiAction
4985:             1             48  org.opensearch.security.privileges.SecurityIndexAccessEvaluator
4986:             1             48  org.opensearch.security.rest.SecurityWhoAmIAction
4987:             1             48  org.opensearch.security.rest.TenantInfoAction
4988:             1             48  org.opensearch.security.securityconf.ConfigModelV7
4989:             1             48  org.opensearch.security.securityconf.ConfigModelV7$RoleMappingHolder
4990:             1             48  org.opensearch.security.securityconf.DynamicConfigFactory
4991:             2             48  org.opensearch.security.securityconf.impl.v7.ConfigV7$AuthzBackend
4992:             2             48  org.opensearch.security.securityconf.impl.v7.ConfigV7$AuthzDomain
4993:             2             48  org.opensearch.security.securityconf.impl.v7.ConfigV7$Http
4994:             2             48  org.opensearch.security.securityconf.impl.v7.ConfigV7$OnBehalfOfSettings
4995:             2             48  org.opensearch.security.securityconf.impl.v7.ConfigV7$Xff
4996:             2             48  org.opensearch.security.ssl.transport.PrincipalExtractor$Type
4997:             2             48  org.opensearch.security.support.SerializationFormat
4998:             1             48  org.opensearch.securityanalytics.threatIntel.common.TIFMetadata
4999:             1             48  org.opensearch.securityanalytics.transport.TransportDeleteRuleAction
5000:             1             48  org.opensearch.securityanalytics.transport.TransportListCorrelationAction
5001:             1             48  org.opensearch.securityanalytics.transport.TransportSearchCorrelationAction
5002:             1             48  org.opensearch.securityanalytics.transport.TransportSearchCorrelationRuleAction
5003:             2             48  org.opensearch.securityanalytics.util.WorkflowService
5004:             1             48  org.opensearch.snapshots.SnapshotShardsService
5005:             3             48  org.opensearch.sql.expression.function.FunctionDSL$$Lambda/0x00007fcd28b31cb0
5006:             2             48  org.opensearch.sql.expression.function.FunctionDSL$$Lambda/0x00007fcd28b5aab0
5007:             3             48  org.opensearch.sql.expression.window.WindowFunctions$$Lambda/0x00007fcd28b633f8
5008:             2             48  org.opensearch.sql.opensearch.setting.OpenSearchSettings
5009:             2             48  org.opensearch.sql.spark.asyncquery.OpenSearchAsyncQueryJobMetadataStorageService
5010:             3             48  org.opensearch.sql.spark.dispatcher.DatasourceEmbeddedQueryIdProvider
5011:             2             48  org.opensearch.sql.sql.SQLService
5012:             1             48  org.opensearch.tasks.TaskCancellationMonitoringService
5013:             3             48  org.opensearch.threadpool.AutoQueueAdjustingExecutorBuilder$$Lambda/0x00007fcd28535d58
5014:             3             48  org.opensearch.threadpool.AutoQueueAdjustingExecutorBuilder$$Lambda/0x00007fcd285361d0
5015:             3             48  org.opensearch.threadpool.AutoQueueAdjustingExecutorBuilder$$Lambda/0x00007fcd28536678
5016:             2             48  org.opensearch.timeseries.AnalysisType
5017:             1             48  org.opensearch.timeseries.NodeStateManager
5018:             2             48  org.opensearch.timeseries.caching.PriorityCache$$Lambda/0x00007fcd28a146b8
5019:             1             48  org.opensearch.timeseries.feature.SearchFeatureDao
5020:             1             48  org.opensearch.timeseries.settings.TimeSeriesEnabledSetting$1
5021:             1             48  org.opensearch.transport.ClusterConnectionManager
5022:             1             48  org.opensearch.transport.NativeMessageHandler
5023:             2             48  org.opensearch.transport.NettyByteBufSizer
5024:             2             48  org.opensearch.transport.SharedGroupFactory$SharedGroup
5025:             2             48  software.amazon.awssdk.auth.credentials.AwsBasicCredentials
5026:             3             48  sun.nio.ch.SocketDispatcher (java.base@21.0.3)
5027:             1             48  sun.nio.fs.UnixMountEntry (java.base@21.0.3)
5028:             2             48  sun.security.ec.ParametersMap (jdk.crypto.ec@21.0.3)
5029:             2             48  sun.security.jca.ProviderList (java.base@21.0.3)
5030:             2             48  sun.security.jca.ProviderList$3 (java.base@21.0.3)
5031:             3             48  sun.security.provider.X509Factory (java.base@21.0.3)
5032:             3             48  sun.security.rsa.PSSParameters (java.base@21.0.3)
5033:             2             48  sun.security.ssl.SSLAlgorithmConstraints (java.base@21.0.3)
5034:             3             48  sun.security.ssl.SSLAlgorithmDecomposer (java.base@21.0.3)
5035:             3             48  sun.security.ssl.SSLCipher$StreamReadCipherGenerator (java.base@21.0.3)
5036:             3             48  sun.security.ssl.SSLCipher$StreamWriteCipherGenerator (java.base@21.0.3)
5037:             2             48  sun.security.util.DisabledAlgorithmConstraints$jdkCAConstraint (java.base@21.0.3)
5038:             2             48  sun.security.validator.EndEntityChecker (java.base@21.0.3)
5039:             1             48  sun.text.BreakDictionary (java.base@21.0.3)
5040:             1             48  sun.text.resources.FormatData (java.base@21.0.3)
5041:             1             48  sun.text.resources.FormatData_en (java.base@21.0.3)
5042:             1             48  sun.text.resources.FormatData_en_US (java.base@21.0.3)
5043:             1             48  sun.util.resources.CalendarData (java.base@21.0.3)
5044:             1             48  sun.util.resources.CalendarData_en (java.base@21.0.3)
5045:             1             40  [Lcom.fasterxml.jackson.annotation.JsonAutoDetect$Visibility;
5046:             1             40  [Lcom.fasterxml.jackson.annotation.JsonAutoDetect$Visibility;
5047:             1             40  [Lcom.fasterxml.jackson.annotation.Nulls;
5048:             1             40  [Lcom.fasterxml.jackson.annotation.Nulls;
5049:             1             40  [Lcom.fasterxml.jackson.annotation.Nulls;
5050:             1             40  [Lcom.fasterxml.jackson.core.JsonEncoding;
5051:             1             40  [Lcom.fasterxml.jackson.core.JsonFactory$Feature;
5052:             1             40  [Lcom.fasterxml.jackson.core.JsonParser$NumberType;
5053:             1             40  [Lcom.fasterxml.jackson.core.StreamReadFeature;
5054:             1             40  [Lcom.fasterxml.jackson.core.json.JsonWriteFeature;
5055:             1             40  [Lcom.fasterxml.jackson.databind.cfg.JsonNodeFeature;
5056:             1             40  [Lcom.fasterxml.jackson.databind.cfg.JsonNodeFeature;
5057:             1             40  [Lcom.fasterxml.jackson.dataformat.smile.SmileGenerator$Feature;
5058:             1             40  [Lcom.google.gson.FieldNamingPolicy;
5059:             2             40  [Lcom.sun.jmx.mbeanserver.ClassLoaderRepositorySupport$LoaderEntry; (java.management@21.0.3)
5060:             1             40  [Lio.netty.handler.logging.LogLevel;
5061:             1             40  [Lio.netty.util.internal.logging.InternalLogLevel;
5062:             1             40  [Ljava.lang.Thread$State; (java.base@21.0.3)
5063:             1             40  [Ljava.lang.invoke.VarHandle$AccessType; (java.base@21.0.3)
5064:             1             40  [Ljava.lang.management.MemoryManagerMXBean; (java.management@21.0.3)
5065:             1             40  [Ljava.time.chrono.JapaneseEra; (java.base@21.0.3)
5066:             1             40  [Ljava.time.format.SignStyle; (java.base@21.0.3)
5067:             1             40  [Ljava.time.format.TextStyle; (java.base@21.0.3)
5068:             2             40  [Ljava.time.zone.ZoneOffsetTransitionRule; (java.base@21.0.3)
5069:             1             40  [Ljava.util.Locale$FilteringMode; (java.base@21.0.3)
5070:             1             40  [Ljava.util.stream.StreamOpFlag; (java.base@21.0.3)
5071:             1             40  [Ljavax.net.ssl.SSLEngineResult$HandshakeStatus; (java.base@21.0.3)
5072:             1             40  [Lkotlinx.coroutines.scheduling.CoroutineScheduler$WorkerState;
5073:             1             40  [Lorg.apache.logging.log4j.core.LifeCycle$State;
5074:             1             40  [Lorg.apache.logging.log4j.core.pattern.PatternParser$ParserState;
5075:             1             40  [Lorg.apache.lucene.document.StoredValue$Type;
5076:             1             40  [Lorg.apache.lucene.index.IndexOptions;
5077:             1             40  [Lorg.apache.lucene.search.ScoreMode;
5078:             1             40  [Lorg.ldaptive.ReturnAttributes;
5079:             1             40  [Lorg.opensearch.Build$Type;
5080:             1             40  [Lorg.opensearch.action.DocWriteResponse$Result;
5081:             1             40  [Lorg.opensearch.ad.model.ADTaskType;
5082:             1             40  [Lorg.opensearch.alerting.util.DestinationType;
5083:             1             40  [Lorg.opensearch.cluster.metadata.IndexMetadata$APIBlock;
5084:             1             40  [Lorg.opensearch.cluster.routing.RecoverySource$Type;
5085:             1             40  [Lorg.opensearch.cluster.routing.UnassignedInfo$AllocationStatus;
5086:             1             40  [Lorg.opensearch.common.unit.SizeUnit;
5087:             1             40  [Lorg.opensearch.core.common.unit.ByteSizeUnit;
5088:             1             40  [Lorg.opensearch.index.IndexModule$Type;
5089:             1             40  [Lorg.opensearch.index.analysis.AnalysisRegistry$Component;
5090:             1             40  [Lorg.opensearch.index.engine.Engine$Operation$Origin;
5091:             1             40  [Lorg.opensearch.index.mapper.RangeType;
5092:             1             40  [Lorg.opensearch.knn.index.SpaceType;
5093:             1             40  [Lorg.opensearch.knn.index.codec.KNNCodecVersion;
5094:             1             40  [Lorg.opensearch.ml.common.MLTaskState;
5095:             1             40  [Lorg.opensearch.performanceanalyzer.config.setting.PerformanceAnalyzerClusterSettings$PerformanceAnalyzerFeatureBits;
5096:             1             40  [Lorg.opensearch.search.MultiValueMode;
5097:             1             40  [Lorg.opensearch.security.dlic.rest.validation.PasswordValidator$ScoreStrength;
5098:             1             40  [Lorg.yaml.snakeyaml.DumperOptions$ScalarStyle;
5099:             1             40  [Lsun.security.ssl.CipherSuite$MacAlg; (java.base@21.0.3)
5100:             1             40  [Lsun.security.ssl.ContentType; (java.base@21.0.3)
5101:             1             40  [Lsun.security.ssl.SSLKeyExchange$T12KeyAgreement; (java.base@21.0.3)
5102:             1             40  [Lsun.security.ssl.X509Authentication; (java.base@21.0.3)
5103:             1             40  [Lsun.security.util.DisabledAlgorithmConstraints$Constraint$Operator; (java.base@21.0.3)
5104:             1             40  [[Ljava.lang.invoke.LambdaForm$Name; (java.base@21.0.3)
5105:             1             40  [[Lorg.joni.ast.QuantifierNode$ReduceType;
5106:             1             40  com.amazon.dlic.auth.ldap.backend.LDAPAuthenticationBackend
5107:             1             40  com.fasterxml.jackson.annotation.JsonFormat$Value
5108:             1             40  com.fasterxml.jackson.annotation.JsonFormat$Value
5109:             1             40  com.fasterxml.jackson.annotation.JsonFormat$Value
5110:             1             40  com.fasterxml.jackson.databind.cfg.ConfigOverrides
5111:             1             40  com.google.common.io.BaseEncoding$Base16Encoding
5112:             1             40  com.google.common.util.concurrent.ThreadFactoryBuilder$1
5113:             1             40  com.google.gson.internal.Excluder
5114:             1             40  com.sun.jmx.interceptor.DefaultMBeanServerInterceptor (java.management@21.0.3)
5115:             1             40  com.sun.jmx.mbeanserver.JmxMBeanServer (java.management@21.0.3)
5116:             1             40  com.sun.jmx.mbeanserver.MBeanServerDelegateImpl (java.management@21.0.3)
5117:             1             40  com.sun.management.internal.DiagnosticCommandImpl (jdk.management@21.0.3)
5118:             1             40  com.sun.management.internal.OperatingSystemImpl$ProcessCpuTicks (jdk.management@21.0.3)
5119:             1             40  com.sun.management.internal.OperatingSystemImpl$SystemCpuTicks (jdk.management@21.0.3)
5120:             1             40  io.netty.channel.AdaptiveRecvByteBufAllocator
5121:             1             40  io.netty.util.ResourceLeakDetector
5122:             1             40  io.netty.util.concurrent.DefaultPromise$StacklessCancellationException
5123:             1             40  io.netty.util.concurrent.DefaultPromise$StacklessCancellationException
5124:             1             40  java.io.IOException (java.base@21.0.3)
5125:             1             40  java.lang.ArithmeticException (java.base@21.0.3)
5126:             1             40  java.lang.IllegalArgumentException (java.base@21.0.3)
5127:             1             40  java.lang.VirtualMachineError (java.base@21.0.3)
5128:             1             40  java.lang.invoke.VarHandleLongs$Array (java.base@21.0.3)
5129:             1             40  java.util.ResourceBundle$2 (java.base@21.0.3)
5130:             1             40  java.util.ServiceLoader$LazyClassPathLookupIterator (java.base@21.0.3)
5131:             1             40  javax.crypto.CryptoAllPermission (java.base@21.0.3)
5132:             1             40  jdk.internal.event.SecurityProviderServiceEvent (java.base@21.0.3)
5133:             1             40  jdk.internal.event.ThreadSleepEvent (java.base@21.0.3)
5134:             1             40  jdk.internal.foreign.NativeMemorySegmentImpl (java.base@21.0.3)
5135:             1             40  jdk.internal.logger.LazyLoggers$LazyLoggerAccessor (java.base@21.0.3)
5136:             1             40  jdk.internal.ref.CleanerImpl$CleanerCleanable (java.base@21.0.3)
5137:             1             40  jdk.nio.zipfs.ZipFileSystem$END (jdk.zipfs@21.0.3)
5138:             1             40  kotlinx.coroutines.internal.LockFreeTaskQueueCore
5139:             1             40  kotlinx.coroutines.scheduling.DefaultScheduler
5140:             1             40  kotlinx.coroutines.scheduling.DefaultScheduler
5141:             1             40  kotlinx.coroutines.scheduling.DefaultScheduler
5142:             1             40  kotlinx.coroutines.scheduling.DefaultScheduler
5143:             1             40  kotlinx.coroutines.scheduling.DefaultScheduler
5144:             1             40  kotlinx.coroutines.scheduling.LimitingDispatcher
5145:             1             40  kotlinx.coroutines.scheduling.LimitingDispatcher
5146:             1             40  kotlinx.coroutines.scheduling.LimitingDispatcher
5147:             1             40  kotlinx.coroutines.scheduling.LimitingDispatcher
5148:             1             40  kotlinx.coroutines.scheduling.LimitingDispatcher
5149:             1             40  org.apache.commons.pool2.impl.LinkedBlockingDeque
5150:             1             40  org.apache.logging.log4j.core.appender.OutputStreamManager
5151:             1             40  org.apache.logging.log4j.core.config.status.StatusConfiguration
5152:             1             40  org.apache.lucene.document.LongPoint$1
5153:             1             40  org.apache.lucene.document.SortedNumericDocValuesRangeQuery
5154:             1             40  org.apache.lucene.queryparser.classic.QueryParser$LookaheadSuccess
5155:             1             40  org.apache.lucene.util.automaton.ByteRunAutomaton
5156:             1             40  org.bouncycastle.jce.provider.BouncyCastleProviderConfiguration
5157:             1             40  org.joni.ast.StringNode
5158:             1             40  org.locationtech.jts.geom.Coordinate
5159:             1             40  org.locationtech.spatial4j.context.SpatialContext
5160:             1             40  org.locationtech.spatial4j.context.jts.JtsSpatialContext
5161:             1             40  org.locationtech.spatial4j.shape.jts.JtsShapeFactory
5162:             1             40  org.opensearch.Build
5163:             1             40  org.opensearch.action.admin.indices.dangling.import_index.TransportImportDanglingIndexAction
5164:             1             40  org.opensearch.action.admin.indices.flush.TransportFlushAction
5165:             1             40  org.opensearch.action.admin.indices.mapping.get.TransportGetFieldMappingsAction
5166:             1             40  org.opensearch.action.admin.indices.refresh.TransportRefreshAction
5167:             1             40  org.opensearch.action.bulk.BulkResponse
5168:             1             40  org.opensearch.action.get.TransportMultiGetAction
5169:             1             40  org.opensearch.action.ingest.SimulatePipelineTransportAction
5170:             1             40  org.opensearch.action.main.TransportMainAction
5171:             1             40  org.opensearch.action.search.TransportClearScrollAction
5172:             1             40  org.opensearch.action.search.TransportDeletePitAction
5173:             1             40  org.opensearch.action.search.TransportSearchScrollAction
5174:             1             40  org.opensearch.action.termvectors.TransportMultiTermVectorsAction
5175:             1             40  org.opensearch.ad.transport.ADBatchAnomalyResultTransportAction
5176:             1             40  org.opensearch.ad.transport.ADBatchTaskRemoteExecutionTransportAction
5177:             1             40  org.opensearch.ad.transport.DeleteAnomalyResultsTransportAction
5178:             1             40  org.opensearch.ad.transport.SearchTopAnomalyResultTransportAction
5179:             1             40  org.opensearch.ad.transport.StopDetectorTransportAction
5180:             1             40  org.opensearch.alerting.InputService
5181:             1             40  org.opensearch.alerting.transport.TransportSearchEmailAccountAction
5182:             1             40  org.opensearch.alerting.transport.TransportSearchEmailGroupAction
5183:             1             40  org.opensearch.alerting.util.destinationmigration.DestinationMigrationCoordinator
5184:             1             40  org.opensearch.bootstrap.OpenSearchPolicy
5185:             1             40  org.opensearch.cluster.ClusterManagerMetrics
5186:             1             40  org.opensearch.cluster.coordination.ClusterBootstrapService
5187:             1             40  org.opensearch.cluster.coordination.ElectionSchedulerFactory
5188:             1             40  org.opensearch.cluster.coordination.JoinHelper$$Lambda/0x00007fcd28cf6f18
5189:             1             40  org.opensearch.cluster.coordination.PreVoteCollector
5190:             1             40  org.opensearch.cluster.coordination.PreVoteResponse
5191:             1             40  org.opensearch.cluster.metadata.MetadataIndexAliasesService
5192:             1             40  org.opensearch.cluster.metadata.MetadataIndexUpgradeService
5193:             1             40  org.opensearch.cluster.routing.DelayedAllocationService
5194:             1             40  org.opensearch.cluster.routing.allocation.AllocationService
5195:             1             40  org.opensearch.cluster.routing.allocation.allocator.BalancedShardsAllocator
5196:             1             40  org.opensearch.cluster.routing.allocation.allocator.BalancedShardsAllocator$WeightFunction
5197:             1             40  org.opensearch.cluster.service.ClusterManagerTaskThrottler
5198:             1             40  org.opensearch.cluster.service.MasterService$Batcher
5199:             1             40  org.opensearch.common.cache.store.OpenSearchOnHeapCache
5200:             1             40  org.opensearch.common.settings.AbstractScopedSettings$1
5201:             1             40  org.opensearch.common.settings.SecureSetting$SecureFileSetting
5202:             1             40  org.opensearch.common.ssl.SslConfiguration
5203:             1             40  org.opensearch.common.util.concurrent.ThreadContext
5204:             1             40  org.opensearch.env.NodeEnvironment$NodePath
5205:             1             40  org.opensearch.flowframework.rest.RestSearchWorkflowAction
5206:             1             40  org.opensearch.flowframework.rest.RestSearchWorkflowStateAction
5207:             1             40  org.opensearch.flowframework.transport.DeleteWorkflowTransportAction
5208:             1             40  org.opensearch.flowframework.transport.GetWorkflowStateTransportAction
5209:             1             40  org.opensearch.flowframework.transport.GetWorkflowStepTransportAction
5210:             1             40  org.opensearch.flowframework.transport.SearchWorkflowStateTransportAction
5211:             1             40  org.opensearch.flowframework.transport.SearchWorkflowTransportAction
5212:             1             40  org.opensearch.forecast.transport.SearchTopForecastResultTransportAction
5213:             1             40  org.opensearch.forecast.transport.StopForecasterTransportAction
5214:             1             40  org.opensearch.gateway.DanglingIndicesState
5215:             1             40  org.opensearch.gateway.GatewayAllocator
5216:             1             40  org.opensearch.gateway.GatewayMetaState$AsyncLucenePersistedState
5217:             1             40  org.opensearch.gateway.GatewayMetaState$LucenePersistedState
5218:             1             40  org.opensearch.gateway.PersistedClusterStateService
5219:             1             40  org.opensearch.gateway.PersistedClusterStateService$OnDiskState
5220:             1             40  org.opensearch.geospatial.action.upload.geojson.UploadGeoJSONTransportAction
5221:             1             40  org.opensearch.geospatial.ip2geo.jobscheduler.DatasourceRunner
5222:             1             40  org.opensearch.geospatial.ip2geo.listener.Ip2GeoListener
5223:             1             40  org.opensearch.http.CorsHandler$Config
5224:             1             40  org.opensearch.index.engine.EngineConfig$1
5225:             1             40  org.opensearch.index.mapper.DataStreamFieldMapper$DataStreamFieldType
5226:             1             40  org.opensearch.index.mapper.DocCountFieldMapper$DocCountFieldType
5227:             1             40  org.opensearch.index.mapper.IgnoredFieldMapper$IgnoredFieldType
5228:             1             40  org.opensearch.index.mapper.IndexFieldMapper$IndexFieldType
5229:             1             40  org.opensearch.index.mapper.NumberFieldMapper$NumberType$1
5230:             1             40  org.opensearch.index.mapper.NumberFieldMapper$NumberType$2
5231:             1             40  org.opensearch.index.mapper.NumberFieldMapper$NumberType$3
5232:             1             40  org.opensearch.index.mapper.NumberFieldMapper$NumberType$4
5233:             1             40  org.opensearch.index.mapper.NumberFieldMapper$NumberType$5
5234:             1             40  org.opensearch.index.mapper.NumberFieldMapper$NumberType$6
5235:             1             40  org.opensearch.index.mapper.NumberFieldMapper$NumberType$7
5236:             1             40  org.opensearch.index.mapper.NumberFieldMapper$NumberType$8
5237:             1             40  org.opensearch.index.mapper.RangeType$1
5238:             1             40  org.opensearch.index.mapper.RangeType$2
5239:             1             40  org.opensearch.index.mapper.RangeType$3
5240:             1             40  org.opensearch.index.mapper.RangeType$4
5241:             1             40  org.opensearch.index.mapper.RangeType$5
5242:             1             40  org.opensearch.index.mapper.RangeType$6
5243:             1             40  org.opensearch.index.mapper.RankFeatureMetaFieldMapper$RankFeatureMetaFieldType
5244:             1             40  org.opensearch.index.mapper.RoutingFieldMapper$RoutingFieldType
5245:             1             40  org.opensearch.index.mapper.SeqNoFieldMapper$SeqNoFieldType
5246:             1             40  org.opensearch.index.mapper.VersionFieldMapper$VersionFieldType
5247:             1             40  org.opensearch.index.rankeval.TransportRankEvalAction
5248:             1             40  org.opensearch.index.recovery.RemoteStoreRestoreService
5249:             1             40  org.opensearch.index.reindex.Reindexer
5250:             1             40  org.opensearch.index.reindex.TransportReindexAction
5251:             1             40  org.opensearch.indexmanagement.controlcenter.notification.action.delete.TransportDeleteLRONConfigAction
5252:             1             40  org.opensearch.indexmanagement.controlcenter.notification.action.get.TransportGetLRONConfigAction
5253:             1             40  org.opensearch.indexmanagement.indexstatemanagement.PluginVersionSweepCoordinator
5254:             1             40  org.opensearch.indexmanagement.indexstatemanagement.transport.action.removepolicy.TransportRemovePolicyAction
5255:             1             40  org.opensearch.indexmanagement.indexstatemanagement.transport.action.retryfailedmanagedindex.TransportRetryFailedManagedIndexAction
5256:             1             40  org.opensearch.indexmanagement.rollup.interceptor.RollupInterceptor
5257:             1             40  org.opensearch.indexmanagement.transform.TransformSearchService
5258:             1             40  org.opensearch.indexmanagement.transform.TransformValidator
5259:             1             40  org.opensearch.indices.IndicesQueryCache
5260:             1             40  org.opensearch.indices.IndicesRequestCache
5261:             1             40  org.opensearch.indices.IndicesRequestCache$IndicesRequestCacheCleanupManager
5262:             1             40  org.opensearch.indices.IndicesService$OldShardsStats
5263:             1             40  org.opensearch.indices.breaker.BreakerSettings
5264:             1             40  org.opensearch.indices.breaker.HierarchyCircuitBreakerService
5265:             1             40  org.opensearch.indices.recovery.PeerRecoverySourceService
5266:             1             40  org.opensearch.indices.replication.SegmentReplicationSourceService
5267:             1             40  org.opensearch.indices.store.IndicesStore
5268:             1             40  org.opensearch.ingest.common.GrokProcessorGetAction$TransportAction
5269:             1             40  org.opensearch.jobscheduler.JobSchedulerPlugin
5270:             1             40  org.opensearch.knn.index.codec.KNN86Codec.KNN86Codec
5271:             1             40  org.opensearch.knn.index.codec.KNN920Codec.KNN920PerFieldKnnVectorsFormat
5272:             1             40  org.opensearch.knn.index.codec.KNN940Codec.KNN940PerFieldKnnVectorsFormat
5273:             1             40  org.opensearch.knn.index.codec.KNN950Codec.KNN950PerFieldKnnVectorsFormat
5274:             1             40  org.opensearch.knn.index.codec.KNN990Codec.KNN990PerFieldKnnVectorsFormat
5275:             1             40  org.opensearch.knn.index.util.Faiss
5276:             1             40  org.opensearch.knn.plugin.transport.TrainingJobRouterTransportAction
5277:             1             40  org.opensearch.ml.action.agents.DeleteAgentTransportAction
5278:             1             40  org.opensearch.ml.action.agents.GetAgentTransportAction
5279:             1             40  org.opensearch.ml.action.agents.TransportRegisterAgentAction
5280:             1             40  org.opensearch.ml.action.config.GetConfigTransportAction
5281:             1             40  org.opensearch.ml.action.connector.DeleteConnectorTransportAction
5282:             1             40  org.opensearch.ml.action.connector.GetConnectorTransportAction
5283:             1             40  org.opensearch.ml.action.connector.SearchConnectorTransportAction
5284:             1             40  org.opensearch.ml.action.execute.TransportExecuteTaskAction
5285:             1             40  org.opensearch.ml.action.model_group.SearchModelGroupTransportAction
5286:             1             40  org.opensearch.ml.action.tasks.DeleteTaskTransportAction
5287:             1             40  org.opensearch.ml.action.tasks.GetTaskTransportAction
5288:             1             40  org.opensearch.ml.action.training.TransportTrainingTaskAction
5289:             1             40  org.opensearch.ml.action.trainpredict.TransportTrainAndPredictionTaskAction
5290:             1             40  org.opensearch.ml.action.upload_chunk.TransportUploadModelChunkAction
5291:             1             40  org.opensearch.ml.cluster.DiscoveryNodeHelper
5292:             1             40  org.opensearch.ml.engine.algorithms.agent.MLAgentExecutor
5293:             1             40  org.opensearch.ml.memory.action.conversation.CreateConversationTransportAction
5294:             1             40  org.opensearch.ml.memory.action.conversation.CreateInteractionTransportAction
5295:             1             40  org.opensearch.ml.memory.action.conversation.DeleteConversationTransportAction
5296:             1             40  org.opensearch.ml.memory.action.conversation.GetConversationTransportAction
5297:             1             40  org.opensearch.ml.memory.action.conversation.GetConversationsTransportAction
5298:             1             40  org.opensearch.ml.memory.action.conversation.GetInteractionTransportAction
5299:             1             40  org.opensearch.ml.memory.action.conversation.GetInteractionsTransportAction
5300:             1             40  org.opensearch.ml.memory.action.conversation.GetTracesTransportAction
5301:             1             40  org.opensearch.ml.memory.action.conversation.SearchConversationsTransportAction
5302:             1             40  org.opensearch.ml.memory.action.conversation.SearchInteractionsTransportAction
5303:             1             40  org.opensearch.ml.memory.action.conversation.UpdateConversationTransportAction
5304:             1             40  org.opensearch.ml.memory.action.conversation.UpdateInteractionTransportAction
5305:             1             40  org.opensearch.ml.rest.RestMLSearchAgentAction
5306:             1             40  org.opensearch.ml.rest.RestMLSearchConnectorAction
5307:             1             40  org.opensearch.ml.rest.RestMLSearchModelAction
5308:             1             40  org.opensearch.ml.rest.RestMLSearchModelGroupAction
5309:             1             40  org.opensearch.ml.rest.RestMLSearchTaskAction
5310:             1             40  org.opensearch.ml.rest.RestMLStatsAction
5311:             1             40  org.opensearch.ml.rest.RestMemorySearchConversationsAction
5312:             1             40  org.opensearch.monitor.MonitorService
5313:             1             40  org.opensearch.monitor.fs.FsService$FsInfoCache
5314:             1             40  org.opensearch.monitor.process.ProcessService$ProcessStatsCache
5315:             1             40  org.opensearch.node.ResourceUsageCollectorService
5316:             1             40  org.opensearch.node.resource.tracker.AverageCpuUsageTracker
5317:             1             40  org.opensearch.node.resource.tracker.AverageMemoryUsageTracker
5318:             1             40  org.opensearch.node.resource.tracker.ResourceTrackerSettings
5319:             1             40  org.opensearch.notifications.action.CreateNotificationConfigAction
5320:             1             40  org.opensearch.notifications.action.DeleteNotificationConfigAction
5321:             1             40  org.opensearch.notifications.action.GetChannelListAction
5322:             1             40  org.opensearch.notifications.action.GetNotificationConfigAction
5323:             1             40  org.opensearch.notifications.action.GetPluginFeaturesAction
5324:             1             40  org.opensearch.notifications.action.PublishNotificationAction
5325:             1             40  org.opensearch.notifications.action.SendNotificationAction
5326:             1             40  org.opensearch.notifications.action.SendTestNotificationAction
5327:             1             40  org.opensearch.notifications.action.UpdateNotificationConfigAction
5328:             1             40  org.opensearch.observability.action.CreateObservabilityObjectAction
5329:             1             40  org.opensearch.observability.action.DeleteObservabilityObjectAction
5330:             1             40  org.opensearch.observability.action.GetObservabilityObjectAction
5331:             1             40  org.opensearch.observability.action.UpdateObservabilityObjectAction
5332:             1             40  org.opensearch.performanceanalyzer.config.setting.ClusterSettingsManager
5333:             1             40  org.opensearch.ratelimitting.admissioncontrol.AdmissionControlService
5334:             1             40  org.opensearch.replication.ReplicationPlugin
5335:             1             40  org.opensearch.replication.action.autofollow.TransportUpdateAutoFollowPatternAction
5336:             1             40  org.opensearch.replication.action.setup.TransportSetupChecksAction
5337:             1             40  org.opensearch.replication.action.setup.TransportValidatePermissionsAction
5338:             1             40  org.opensearch.replication.task.autofollow.AutoFollowExecutor
5339:             1             40  org.opensearch.reportsscheduler.action.CreateReportDefinitionAction
5340:             1             40  org.opensearch.reportsscheduler.action.DeleteReportDefinitionAction
5341:             1             40  org.opensearch.reportsscheduler.action.GetAllReportDefinitionsAction
5342:             1             40  org.opensearch.reportsscheduler.action.GetAllReportInstancesAction
5343:             1             40  org.opensearch.reportsscheduler.action.GetReportDefinitionAction
5344:             1             40  org.opensearch.reportsscheduler.action.GetReportInstanceAction
5345:             1             40  org.opensearch.reportsscheduler.action.InContextReportCreateAction
5346:             1             40  org.opensearch.reportsscheduler.action.OnDemandReportCreateAction
5347:             1             40  org.opensearch.reportsscheduler.action.UpdateReportDefinitionAction
5348:             1             40  org.opensearch.reportsscheduler.action.UpdateReportInstanceStatusAction
5349:             1             40  org.opensearch.repositories.s3.async.TransferSemaphoresHolder
5350:             1             40  org.opensearch.rest.RestController
5351:             1             40  org.opensearch.script.ScriptService
5352:             1             40  org.opensearch.script.mustache.TransportMultiSearchTemplateAction
5353:             1             40  org.opensearch.script.mustache.TransportRenderSearchTemplateAction
5354:             1             40  org.opensearch.script.mustache.TransportSearchTemplateAction
5355:             1             40  org.opensearch.search.SearchHits
5356:             1             40  org.opensearch.search.backpressure.settings.SearchBackpressureSettings
5357:             1             40  org.opensearch.security.action.whoami.TransportWhoAmIAction
5358:             1             40  org.opensearch.security.configuration.AdminDNs
5359:             1             40  org.opensearch.security.configuration.ClusterInfoHolder
5360:             1             40  org.opensearch.security.configuration.ConfigurationLoaderSecurity7
5361:             1             40  org.opensearch.security.configuration.DlsFlsValveImpl
5362:             1             40  org.opensearch.security.dlic.rest.api.PermissionsInfoAction
5363:             1             40  org.opensearch.security.dlic.rest.api.SecurityApiDependencies
5364:             1             40  org.opensearch.security.privileges.ProtectedIndexAccessEvaluator
5365:             1             40  org.opensearch.security.rest.SecurityConfigUpdateAction
5366:             1             40  org.opensearch.security.ssl.rest.SecuritySSLInfoAction
5367:             1             40  org.opensearch.security.user.UserService
5368:             1             40  org.opensearch.securityanalytics.correlation.index.codec.correlation950.PerFieldCorrelationVectorsFormat950
5369:             1             40  org.opensearch.securityanalytics.correlation.index.codec.correlation990.PerFieldCorrelationVectorsFormat990
5370:             1             40  org.opensearch.securityanalytics.threatIntel.action.TransportPutTIFJobAction
5371:             1             40  org.opensearch.securityanalytics.threatIntel.jobscheduler.TIFJobRunner
5372:             1             40  org.opensearch.securityanalytics.transport.TransportCreateIndexMappingsAction
5373:             1             40  org.opensearch.securityanalytics.transport.TransportDeleteCorrelationRuleAction
5374:             1             40  org.opensearch.securityanalytics.transport.TransportGetAllRuleCategoriesAction
5375:             1             40  org.opensearch.securityanalytics.transport.TransportGetIndexMappingsAction
5376:             1             40  org.opensearch.securityanalytics.transport.TransportGetMappingsViewAction
5377:             1             40  org.opensearch.securityanalytics.transport.TransportIndexCorrelationRuleAction
5378:             1             40  org.opensearch.securityanalytics.transport.TransportUpdateIndexMappingsAction
5379:             1             40  org.opensearch.securityanalytics.transport.TransportValidateRulesAction
5380:             1             40  org.opensearch.sql.datasources.transport.TransportCreateDataSourceAction
5381:             1             40  org.opensearch.sql.plugin.transport.TransportPPLQueryAction
5382:             1             40  org.opensearch.sql.spark.transport.TransportCreateAsyncQueryRequestAction
5383:             1             40  org.opensearch.tasks.consumer.TopNSearchTasksLogger
5384:             1             40  org.opensearch.threadpool.ThreadPool
5385:             1             40  org.opensearch.timeseries.cluster.ADDataMigrator
5386:             1             40  org.opensearch.timeseries.cluster.ClusterManagerEventListener$$Lambda/0x00007fcd28a42990
5387:             1             40  org.opensearch.transport.ConnectionProfile
5388:             1             40  org.opensearch.transport.RemoteClusterService
5389:             1             40  org.opensearch.transport.RemoteConnectionStrategy$ConnectionStrategy$1
5390:             1             40  org.opensearch.transport.RemoteConnectionStrategy$ConnectionStrategy$2
5391:             1             40  org.opensearch.transport.TransportKeepAlive
5392:             1             40  org.opensearch.transport.netty4.ssl.SecureNetty4Transport$SSLServerChannelInitializer
5393:             1             40  org.opensearch.watcher.ResourceWatcherService
5394:             1             40  org.yaml.snakeyaml.LoaderOptions
5395:             1             40  sun.nio.cs.StandardCharsets$Aliases (java.base@21.0.3)
5396:             1             40  sun.nio.cs.StandardCharsets$Cache (java.base@21.0.3)
5397:             1             40  sun.security.ec.ECOperations (jdk.crypto.ec@21.0.3)
5398:             1             40  sun.security.ssl.TrustStoreManager$TrustStoreDescriptor (java.base@21.0.3)
5399:             1             40  sun.security.util.KnownOIDs$1 (java.base@21.0.3)
5400:             1             40  sun.security.util.KnownOIDs$10 (java.base@21.0.3)
5401:             1             40  sun.security.util.KnownOIDs$2 (java.base@21.0.3)
5402:             1             40  sun.security.util.KnownOIDs$3 (java.base@21.0.3)
5403:             1             40  sun.security.util.KnownOIDs$4 (java.base@21.0.3)
5404:             1             40  sun.security.util.KnownOIDs$5 (java.base@21.0.3)
5405:             1             40  sun.security.util.KnownOIDs$6 (java.base@21.0.3)
5406:             1             40  sun.security.util.KnownOIDs$7 (java.base@21.0.3)
5407:             1             40  sun.security.util.KnownOIDs$8 (java.base@21.0.3)
5408:             1             40  sun.security.util.KnownOIDs$9 (java.base@21.0.3)
5409:             1             40  sun.text.resources.BreakIteratorInfo (java.base@21.0.3)
5410:             1             40  sun.text.resources.BreakIteratorResources (java.base@21.0.3)
5411:             1             40  sun.text.resources.ext.BreakIteratorInfo_th (jdk.localedata@21.0.3)
5412:             1             40  sun.text.resources.ext.BreakIteratorResources_th (jdk.localedata@21.0.3)
5413:             1             40  sun.util.locale.InternalLocaleBuilder (java.base@21.0.3)
5414:             1             40  sun.util.resources.Bundles$1 (java.base@21.0.3)
5415:             1             32  [Lcom.fasterxml.jackson.core.Base64Variant$PaddingReadBehaviour;
5416:             1             32  [Lcom.fasterxml.jackson.core.StreamReadCapability;
5417:             1             32  [Lcom.fasterxml.jackson.core.util.Separators$Spacing;
5418:             1             32  [Lcom.fasterxml.jackson.databind.annotation.JsonSerialize$Typing;
5419:             1             32  [Lcom.fasterxml.jackson.databind.cfg.ConstructorDetector$SingleArgConstructor;
5420:             1             32  [Lcom.fasterxml.jackson.databind.cfg.JsonNodeFeature;
5421:             2             32  [Lcom.fasterxml.jackson.databind.deser.Deserializers;
5422:             2             32  [Lcom.fasterxml.jackson.databind.deser.Deserializers;
5423:             2             32  [Lcom.fasterxml.jackson.databind.deser.Deserializers;
5424:             1             32  [Lcom.fasterxml.jackson.databind.util.AccessPattern;
5425:             1             32  [Lcom.fasterxml.jackson.databind.util.internal.PrivateMaxEntriesMap$DrainStatus;
5426:             1             32  [Lcom.fasterxml.jackson.databind.util.internal.PrivateMaxEntriesMap$DrainStatus;
5427:             1             32  [Lcom.fasterxml.jackson.databind.util.internal.PrivateMaxEntriesMap$DrainStatus;
5428:             1             32  [Lcom.google.common.cache.LocalCache$Segment;
5429:             1             32  [Lcom.google.common.cache.LocalCache$Strength;
5430:             1             32  [Lcom.google.common.cache.LocalCache$Strength;
5431:             1             32  [Lcom.google.common.cache.LocalCache$Strength;
5432:             1             32  [Lcom.google.common.cache.LocalCache$Strength;
5433:             1             32  [Lcom.google.common.collect.AbstractIterator$State;
5434:             1             32  [Lcom.google.common.collect.AbstractIterator$State;
5435:             1             32  [Lcom.google.gson.ToNumberPolicy;
5436:             1             32  [Lcom.password4j.types.Bcrypt;
5437:             1             32  [Lio.netty.handler.codec.base64.Base64Dialect;
5438:             1             32  [Lio.netty.handler.ssl.ApplicationProtocolConfig$Protocol;
5439:             1             32  [Lio.netty.handler.ssl.ApplicationProtocolConfig$SelectedListenerFailureBehavior;
5440:             1             32  [Lio.netty.handler.ssl.ApplicationProtocolConfig$SelectorFailureBehavior;
5441:             1             32  [Lio.netty.handler.ssl.SslHandler$SslEngineType;
5442:             1             32  [Lio.netty.handler.ssl.SslProvider;
5443:             1             32  [Lio.netty.util.ResourceLeakDetector$Level;
5444:             1             32  [Ljava.lang.ProcessImpl$LaunchMechanism; (java.base@21.0.3)
5445:             1             32  [Ljava.lang.StackStreamFactory$WalkerState; (java.base@21.0.3)
5446:             1             32  [Ljava.lang.ThreadGroup; (java.base@21.0.3)
5447:             2             32  [Ljava.lang.Throwable; (java.base@21.0.3)
5448:             1             32  [Ljava.lang.invoke.MethodHandleImpl$ArrayAccess; (java.base@21.0.3)
5449:             1             32  [Ljava.lang.module.ModuleDescriptor$Modifier; (java.base@21.0.3)
5450:             1             32  [Ljava.lang.module.ModuleDescriptor$Requires$Modifier; (java.base@21.0.3)
5451:             1             32  [Ljava.lang.ref.WeakReference; (java.base@21.0.3)
5452:             2             32  [Ljava.net.NetworkInterface; (java.base@21.0.3)
5453:             1             32  [Ljava.net.StandardProtocolFamily; (java.base@21.0.3)
5454:             1             32  [Ljava.nio.file.AccessMode; (java.base@21.0.3)
5455:             1             32  [Ljava.nio.file.FileTreeWalker$EventType; (java.base@21.0.3)
5456:             1             32  [Ljava.nio.file.FileVisitResult; (java.base@21.0.3)
5457:             1             32  [Ljava.nio.file.StandardCopyOption; (java.base@21.0.3)
5458:             1             32  [Ljava.text.Normalizer$Form; (java.base@21.0.3)
5459:             1             32  [Ljava.time.format.DateTimeFormatterBuilder$SettingsParser; (java.base@21.0.3)
5460:             1             32  [Ljava.time.format.FormatStyle; (java.base@21.0.3)
5461:             1             32  [Ljava.time.format.ResolverStyle; (java.base@21.0.3)
5462:             1             32  [Ljava.time.temporal.IsoFields$Field; (java.base@21.0.3)
5463:             1             32  [Ljava.time.temporal.JulianFields$Field; (java.base@21.0.3)
5464:             1             32  [Ljava.time.zone.ZoneOffsetTransitionRule$TimeDefinition; (java.base@21.0.3)
5465:             1             32  [Ljava.util.regex.Pattern$Qtype; (java.base@21.0.3)
5466:             1             32  [Ljava.util.stream.MatchOps$MatchKind; (java.base@21.0.3)
5467:             1             32  [Ljava.util.stream.StreamShape; (java.base@21.0.3)
5468:             1             32  [Ljava.util.zip.ZipCoder$Comparison; (java.base@21.0.3)
5469:             1             32  [Ljavax.net.ssl.SSLEngineResult$Status; (java.base@21.0.3)
5470:             1             32  [Ljdk.internal.icu.util.CodePointTrie$ValueWidth; (java.base@21.0.3)
5471:             1             32  [Ljdk.internal.logger.BootstrapLogger$LoggingBackend; (java.base@21.0.3)
5472:             1             32  [Ljdk.internal.module.ServicesCatalog; (java.base@21.0.3)
5473:             1             32  [Lkotlin.coroutines.intrinsics.CoroutineSingletons;
5474:             1             32  [Lorg.apache.logging.log4j.core.config.LoggerConfig$LoggerConfigPredicate;
5475:             1             32  [Lorg.apache.logging.log4j.core.util.datetime.FixedDateFormat$FixedTimeZoneFormat;
5476:             1             32  [Lorg.apache.lucene.codecs.lucene90.IndexedDISI$Method;
5477:             1             32  [Lorg.apache.lucene.codecs.lucene90.compressing.Lucene90CompressingStoredFieldsWriter$MergeStrategy;
5478:             1             32  [Lorg.apache.lucene.index.IndexWriterConfig$OpenMode;
5479:             1             32  [Lorg.apache.lucene.index.StoredFieldVisitor$Status;
5480:             1             32  [Lorg.apache.lucene.index.TermsEnum$SeekStatus;
5481:             1             32  [Lorg.apache.lucene.index.TieredMergePolicy$MERGE_TYPE;
5482:             1             32  [Lorg.apache.lucene.index.VectorSimilarityFunction;
5483:             1             32  [Lorg.apache.lucene.queryparser.classic.QueryParser$JJCalls;
5484:             2             32  [Lorg.apache.lucene.search.DocIdSetIterator;
5485:             1             32  [Lorg.apache.lucene.search.Pruning;
5486:             2             32  [Lorg.apache.lucene.search.Scorer;
5487:             1             32  [Lorg.apache.lucene.search.suggest.document.CompletionPostingsFormat$FSTLoadMode;
5488:             1             32  [Lorg.apache.lucene.store.IOContext$Context;
5489:             1             32  [Lorg.apache.lucene.util.automaton.CompiledAutomaton$AUTOMATON_TYPE;
5490:             1             32  [Lorg.apache.lucene.util.fst.FST$INPUT_TYPE;
5491:             1             32  [Lorg.bouncycastle.crypto.params.DHParameters;
5492:             1             32  [Lorg.bouncycastle.crypto.params.DSAParameters;
5493:             1             32  [Lorg.greenrobot.eventbus.SubscriberMethodFinder$FindState;
5494:             1             32  [Lorg.joni.ast.CClassNode$CCSTATE;
5495:             1             32  [Lorg.joni.ast.CClassNode$CCVALTYPE;
5496:             1             32  [Lorg.locationtech.spatial4j.context.jts.DatelineRule;
5497:             1             32  [Lorg.locationtech.spatial4j.context.jts.ValidationRule;
5498:             1             32  [Lorg.opensearch.action.DocWriteRequest$OpType;
5499:             1             32  [Lorg.opensearch.action.support.ActionFilter;
5500:             1             32  [Lorg.opensearch.action.support.WriteRequest$RefreshPolicy;
5501:             1             32  [Lorg.opensearch.action.support.replication.ReplicationMode;
5502:             1             32  [Lorg.opensearch.cli.Terminal$Verbosity;
5503:             1             32  [Lorg.opensearch.cluster.NodeConnectionsService$ActivityType;
5504:             1             32  [Lorg.opensearch.cluster.coordination.Coordinator$Mode;
5505:             1             32  [Lorg.opensearch.cluster.metadata.IndexAbstraction$Type;
5506:             1             32  [Lorg.opensearch.cluster.routing.ShardRoutingState;
5507:             1             32  [Lorg.opensearch.cluster.routing.allocation.decider.ClusterRebalanceAllocationDecider$ClusterRebalanceType;
5508:             1             32  [Lorg.opensearch.common.cache.Cache$State;
5509:             1             32  [Lorg.opensearch.common.geo.ShapeRelation;
5510:             1             32  [Lorg.opensearch.common.inject.Stage;
5511:             1             32  [Lorg.opensearch.common.inject.internal.Errors$Converter;
5512:             1             32  [Lorg.opensearch.common.lifecycle.Lifecycle$State;
5513:             1             32  [Lorg.opensearch.common.ssl.SslClientAuthenticationMode;
5514:             1             32  [Lorg.opensearch.common.ssl.SslVerificationMode;
5515:             1             32  [Lorg.opensearch.common.xcontent.XContentType;
5516:             1             32  [Lorg.opensearch.core.common.breaker.CircuitBreaker$Type;
5517:             1             32  [Lorg.opensearch.flowframework.indices.FlowFrameworkIndex;
5518:             1             32  [Lorg.opensearch.forecast.model.ForecastTaskType;
5519:             1             32  [Lorg.opensearch.forecast.transport.SuggestName;
5520:             1             32  [Lorg.opensearch.index.IndexSettings$IndexMergePolicy;
5521:             1             32  [Lorg.opensearch.index.VersionType;
5522:             1             32  [Lorg.opensearch.index.analysis.AnalysisMode;
5523:             1             32  [Lorg.opensearch.index.analysis.AnalyzerScope;
5524:             1             32  [Lorg.opensearch.index.codec.customcodecs.backward_codecs.Lucene95CustomCodec$Mode;
5525:             1             32  [Lorg.opensearch.index.engine.Engine$Result$Type;
5526:             1             32  [Lorg.opensearch.index.mapper.MapperService$MergeReason;
5527:             1             32  [Lorg.opensearch.index.mapper.ObjectMapper$Dynamic;
5528:             1             32  [Lorg.opensearch.index.mapper.RangeType$LengthType;
5529:             1             32  [Lorg.opensearch.index.remote.RemoteStorePressureService$LagValidator;
5530:             1             32  [Lorg.opensearch.index.search.MatchQuery$Type;
5531:             1             32  [Lorg.opensearch.index.search.MatchQuery$ZeroTermsQuery;
5532:             1             32  [Lorg.opensearch.index.shard.IndexShard$ShardMigrationState;
5533:             1             32  [Lorg.opensearch.index.translog.Translog$Operation$Type;
5534:             1             32  [Lorg.opensearch.indexmanagement.indexstatemanagement.util.MetadataCheck;
5535:             1             32  [Lorg.opensearch.indices.IndicesService$ShardDeletionCheckResult;
5536:             1             32  [Lorg.opensearch.indices.analysis.PreBuiltCacheFactory$CachingStrategy;
5537:             1             32  [Lorg.opensearch.indices.recovery.MultiChunkTransfer$Status;
5538:             1             32  [Lorg.opensearch.knn.index.util.KNNEngine;
5539:             1             32  [Lorg.opensearch.ml.breaker.BreakerName;
5540:             1             32  [Lorg.opensearch.monitor.jvm.JvmGcMonitorService$JvmMonitor$Threshold;
5541:             1             32  [Lorg.opensearch.painless.CompilerSettings$RegexEnabled;
5542:             1             32  [Lorg.opensearch.performanceanalyzer.commons.collectors.PerformanceAnalyzerMetricsCollector$State;
5543:             1             32  [Lorg.opensearch.performanceanalyzer.commons.stats.metrics.StatsType;
5544:             1             32  [Lorg.opensearch.performanceanalyzer.commons.util.Util$CollectorMode;
5545:             1             32  [Lorg.opensearch.ratelimitting.admissioncontrol.enums.AdmissionControlActionType;
5546:             1             32  [Lorg.opensearch.ratelimitting.admissioncontrol.enums.AdmissionControlMode;
5547:             2             32  [Lorg.opensearch.search.SearchHit;
5548:             1             32  [Lorg.opensearch.search.backpressure.settings.SearchBackpressureMode;
5549:             1             32  [Lorg.opensearch.security.auditlog.AuditLog$Origin;
5550:             1             32  [Lorg.opensearch.security.configuration.DlsFlsValveImpl$Mode;
5551:             1             32  [Lorg.opensearch.security.support.Base64CustomHelper$CustomSerializationFormat;
5552:             1             32  [Lorg.opensearch.securityanalytics.util.ThrowableCheckingPredicates;
5553:             1             32  [Lorg.opensearch.semver.SemverRange$RangeOperator;
5554:             1             32  [Lorg.opensearch.sql.datasource.model.DataSourceType;
5555:             1             32  [Lorg.opensearch.telemetry.tracing.SpanKind;
5556:             1             32  [Lorg.opensearch.threadpool.ThreadPool$ThreadPoolType;
5557:             1             32  [Lorg.opensearch.timeseries.stats.StatType;
5558:             1             32  [Lorg.opensearch.transport.netty4.ssl.SecureConnectionTestUtil$SSLConnectionTestResult;
5559:             1             32  [Lorg.opensearch.watcher.ResourceWatcherService$Frequency;
5560:             1             32  [Lorg.yaml.snakeyaml.DumperOptions$FlowStyle;
5561:             1             32  [Lorg.yaml.snakeyaml.comments.CommentType;
5562:             1             32  [Lorg.yaml.snakeyaml.nodes.NodeId;
5563:             1             32  [Lsun.security.provider.NativePRNG$Variant; (java.base@21.0.3)
5564:             1             32  [Lsun.security.ssl.CipherSuite$HashAlg; (java.base@21.0.3)
5565:             1             32  [Lsun.security.ssl.CipherType; (java.base@21.0.3)
5566:             1             32  [Lsun.security.ssl.ClientAuthType; (java.base@21.0.3)
5567:             1             32  [Lsun.security.ssl.ECPointFormatsExtension$ECPointFormat; (java.base@21.0.3)
5568:             1             32  [Lsun.security.ssl.Finished$VerifyDataScheme; (java.base@21.0.3)
5569:             1             32  [Lsun.security.ssl.SSLTrafficKeyDerivation; (java.base@21.0.3)
5570:             1             32  [Lsun.security.ssl.SignatureScheme$SigAlgParamSpec; (java.base@21.0.3)
5571:             1             32  [[Lsun.security.ec.point.ProjectivePoint$Immutable; (jdk.crypto.ec@21.0.3)
5572:             1             32  com.amazon.dlic.auth.http.jwt.keybyoidc.JwtVerifier
5573:             1             32  com.amazon.dlic.auth.http.kerberos.HTTPSpnegoAuthenticator
5574:             1             32  com.fasterxml.jackson.annotation.JsonInclude$Value
5575:             1             32  com.fasterxml.jackson.annotation.JsonInclude$Value
5576:             1             32  com.fasterxml.jackson.databind.cfg.CoercionConfigs
5577:             1             32  com.fasterxml.jackson.databind.cfg.DatatypeFeatures
5578:             1             32  com.fasterxml.jackson.databind.cfg.DatatypeFeatures
5579:             1             32  com.fasterxml.jackson.databind.cfg.DatatypeFeatures
5580:             1             32  com.fasterxml.jackson.databind.cfg.DeserializerFactoryConfig
5581:             1             32  com.fasterxml.jackson.databind.cfg.DeserializerFactoryConfig
5582:             1             32  com.fasterxml.jackson.databind.cfg.DeserializerFactoryConfig
5583:             1             32  com.fasterxml.jackson.databind.deser.std.JsonNodeDeserializer
5584:             1             32  com.fasterxml.jackson.databind.introspect.AnnotatedParameter
5585:             1             32  com.fasterxml.jackson.databind.introspect.DefaultAccessorNamingStrategy$Provider
5586:             1             32  com.fasterxml.jackson.databind.introspect.DefaultAccessorNamingStrategy$Provider
5587:             1             32  com.fasterxml.jackson.databind.introspect.DefaultAccessorNamingStrategy$Provider
5588:             2             32  com.fasterxml.jackson.databind.node.BooleanNode
5589:             2             32  com.fasterxml.jackson.databind.ser.impl.PropertySerializerMap$Empty
5590:             1             32  com.fasterxml.jackson.databind.ser.std.CalendarSerializer
5591:             1             32  com.fasterxml.jackson.databind.ser.std.CalendarSerializer
5592:             1             32  com.fasterxml.jackson.databind.ser.std.CalendarSerializer
5593:             1             32  com.fasterxml.jackson.databind.ser.std.DateSerializer
5594:             1             32  com.fasterxml.jackson.databind.ser.std.DateSerializer
5595:             1             32  com.fasterxml.jackson.databind.ser.std.DateSerializer
5596:             1             32  com.fasterxml.jackson.databind.ser.std.NumberSerializers$FloatSerializer
5597:             1             32  com.fasterxml.jackson.databind.ser.std.NumberSerializers$FloatSerializer
5598:             1             32  com.fasterxml.jackson.databind.ser.std.NumberSerializers$FloatSerializer
5599:             1             32  com.fasterxml.jackson.databind.ser.std.NumberSerializers$IntLikeSerializer
5600:             1             32  com.fasterxml.jackson.databind.ser.std.NumberSerializers$IntLikeSerializer
5601:             1             32  com.fasterxml.jackson.databind.ser.std.NumberSerializers$IntLikeSerializer
5602:             1             32  com.fasterxml.jackson.databind.ser.std.NumberSerializers$ShortSerializer
5603:             1             32  com.fasterxml.jackson.databind.ser.std.NumberSerializers$ShortSerializer
5604:             1             32  com.fasterxml.jackson.databind.ser.std.NumberSerializers$ShortSerializer
5605:             1             32  com.fasterxml.jackson.databind.type.TypeBindings
5606:             1             32  com.fasterxml.jackson.databind.type.TypeBindings
5607:             1             32  com.fasterxml.jackson.databind.type.TypeFactory
5608:             1             32  com.fasterxml.jackson.databind.type.TypeFactory
5609:             1             32  com.fasterxml.jackson.databind.type.TypeFactory
5610:             1             32  com.fasterxml.jackson.dataformat.smile.SmileParser$Feature
5611:             2             32  com.google.common.cache.LocalCache$AccessQueue
5612:             2             32  com.google.common.cache.LocalCache$LocalManualCache
5613:             2             32  com.google.common.cache.LocalCache$Values
5614:             1             32  com.google.common.collect.Iterators$ArrayItr
5615:             1             32  com.google.common.collect.Iterators$ArrayItr
5616:             1             32  com.google.common.collect.Iterators$ArrayItr
5617:             1             32  com.google.common.collect.Iterators$ArrayItr
5618:             1             32  com.google.common.collect.Iterators$ArrayItr
5619:             2             32  com.google.common.collect.RegularImmutableList
5620:             2             32  com.google.gson.internal.$Gson$Types$GenericArrayTypeImpl
5621:             1             32  com.google.gson.internal.bind.ReflectiveTypeAdapterFactory
5622:             1             32  com.sun.jmx.mbeanserver.Repository (java.management@21.0.3)
5623:             1             32  com.sun.jna.Library$Handler
5624:             1             32  com.sun.jna.Memory
5625:             1             32  com.sun.jna.Structure$AutoAllocated
5626:             1             32  com.sun.management.internal.OperatingSystemImpl (jdk.management@21.0.3)
5627:             2             32  io.netty.bootstrap.ServerBootstrapConfig
5628:             2             32  io.netty.buffer.PooledByteBufAllocator$1
5629:             2             32  io.netty.buffer.PooledByteBufAllocatorMetric
5630:             1             32  io.netty.channel.nio.NioEventLoopGroup
5631:             1             32  io.netty.handler.ssl.ApplicationProtocolConfig
5632:             2             32  io.netty.handler.ssl.EnhancingX509ExtendedTrustManager
5633:             2             32  io.netty.handler.ssl.IdentityCipherSuiteFilter
5634:             1             32  io.netty.handler.ssl.SslHandler$SslEngineType$1
5635:             1             32  io.netty.handler.ssl.SslHandler$SslEngineType$2
5636:             1             32  io.netty.handler.ssl.SslHandler$SslEngineType$3
5637:             1             32  io.netty.util.AsciiString
5638:             1             32  io.netty.util.concurrent.DefaultThreadFactory
5639:             1             32  io.netty.util.concurrent.DefaultThreadFactory
5640:             2             32  io.netty.util.internal.logging.Slf4JLoggerFactory
5641:             1             32  io.protostuff.WireFormat$FieldType$1
5642:             1             32  io.protostuff.WireFormat$FieldType$2
5643:             1             32  io.protostuff.WireFormat$FieldType$3
5644:             1             32  io.protostuff.WireFormat$FieldType$4
5645:             1             32  io.protostuff.runtime.IdStrategy$26
5646:             1             32  io.protostuff.runtime.IdStrategy$27
5647:             1             32  io.protostuff.runtime.IdStrategy$28
5648:             1             32  io.protostuff.runtime.IdStrategy$29
5649:             1             32  io.protostuff.runtime.IdStrategy$30
5650:             1             32  io.protostuff.runtime.IdStrategy$31
5651:             1             32  io.protostuff.runtime.IdStrategy$32
5652:             1             32  io.protostuff.runtime.IdStrategy$33
5653:             1             32  io.protostuff.runtime.IdStrategy$34
5654:             1             32  io.protostuff.runtime.IdStrategy$35
5655:             1             32  io.protostuff.runtime.IdStrategy$36
5656:             1             32  io.protostuff.runtime.IdStrategy$37
5657:             1             32  io.protostuff.runtime.IdStrategy$38
5658:             2             32  io.protostuff.runtime.RuntimeEnv$DefaultInstantiator
5659:             2             32  java.lang.Boolean (java.base@21.0.3)
5660:             1             32  java.lang.Module$ArchivedData (java.base@21.0.3)
5661:             1             32  java.lang.ProcessHandleImpl (java.base@21.0.3)
5662:             2             32  java.lang.Shutdown$Lock (java.base@21.0.3)
5663:             1             32  java.lang.StringBuffer (java.base@21.0.3)
5664:             1             32  java.lang.invoke.VarHandleByteArrayAsChars$ArrayHandle (java.base@21.0.3)
5665:             1             32  java.lang.module.ModuleDescriptor$Version (java.base@21.0.3)
5666:             2             32  java.lang.ref.NativeReferenceQueue$Lock (java.base@21.0.3)
5667:             1             32  java.net.InetAddress$CachedLocalHost (java.base@21.0.3)
5668:             2             32  java.nio.ByteOrder (java.base@21.0.3)
5669:             2             32  java.nio.file.attribute.PosixFilePermissions$1 (java.base@21.0.3)
5670:             1             32  java.security.MessageDigest$Delegate$CloneableDelegate (java.base@21.0.3)
5671:             2             32  java.util.Comparator$$Lambda/0x00007fcd282ff128 (java.base@21.0.3)
5672:             2             32  java.util.Comparator$$Lambda/0x00007fcd284ddd48 (java.base@21.0.3)
5673:             1             32  java.util.EnumMap$EntryIterator (java.base@21.0.3)
5674:             1             32  java.util.PriorityQueue (java.base@21.0.3)
5675:             2             32  java.util.ResourceBundle$SingleFormatControl (java.base@21.0.3)
5676:             1             32  java.util.ServiceLoader$ModuleServicesLookupIterator (java.base@21.0.3)
5677:             1             32  java.util.concurrent.ThreadLocalRandom (java.base@21.0.3)
5678:             1             32  java.util.concurrent.locks.AbstractQueuedSynchronizer$SharedNode (java.base@21.0.3)
5679:             2             32  java.util.regex.CharPredicates$$Lambda/0x00007fcd282f9580 (java.base@21.0.3)
5680:             1             32  java.util.regex.Pattern$NotBehind (java.base@21.0.3)
5681:             2             32  java.util.stream.ReduceOps$5 (java.base@21.0.3)
5682:             1             32  java.util.zip.ZipCoder$UTF8ZipCoder (java.base@21.0.3)
5683:             1             32  jdk.internal.loader.ArchivedClassLoaders (java.base@21.0.3)
5684:             2             32  jdk.internal.misc.ThreadTracker (java.base@21.0.3)
5685:             1             32  jdk.internal.module.ArchivedModuleGraph (java.base@21.0.3)
5686:             1             32  jdk.internal.org.objectweb.asm.ConstantDynamic (java.base@21.0.3)
5687:             1             32  jdk.internal.org.objectweb.asm.Handle (java.base@21.0.3)
5688:             1             32  jdk.net.ExtendedSocketOptions$1 (jdk.net@21.0.3)
5689:             1             32  jdk.nio.zipfs.ZipPath (jdk.zipfs@21.0.3)
5690:             2             32  jdk.proxy3.$Proxy27 (jdk.proxy3)
5691:             2             32  jdk.proxy4.$Proxy48 (jdk.proxy4)
5692:             2             32  jdk.proxy4.$Proxy50 (jdk.proxy4)
5693:             1             32  joptsimple.NonOptionArgumentSpec
5694:             1             32  kotlinx.coroutines.ChildHandleNode
5695:             2             32  kotlinx.coroutines.Empty
5696:             2             32  kotlinx.coroutines.Empty
5697:             2             32  kotlinx.coroutines.Empty
5698:             2             32  kotlinx.coroutines.Empty
5699:             2             32  kotlinx.coroutines.Empty
5700:             2             32  kotlinx.coroutines.Empty
5701:             1             32  kotlinx.coroutines.StandaloneCoroutine
5702:             2             32  kotlinx.coroutines.internal.ContextScope
5703:             2             32  kotlinx.coroutines.scheduling.GlobalQueue
5704:             2             32  kotlinx.coroutines.scheduling.GlobalQueue
5705:             2             32  kotlinx.coroutines.scheduling.GlobalQueue
5706:             2             32  kotlinx.coroutines.scheduling.GlobalQueue
5707:             1             32  org.apache.logging.log4j.core.appender.rolling.FileExtension$1
5708:             1             32  org.apache.logging.log4j.core.appender.rolling.FileExtension$2
5709:             1             32  org.apache.logging.log4j.core.appender.rolling.FileExtension$3
5710:             1             32  org.apache.logging.log4j.core.appender.rolling.FileExtension$4
5711:             1             32  org.apache.logging.log4j.core.appender.rolling.FileExtension$5
5712:             1             32  org.apache.logging.log4j.core.appender.rolling.FileExtension$6
5713:             1             32  org.apache.logging.log4j.core.appender.rolling.FileExtension$7
5714:             1             32  org.apache.logging.log4j.core.impl.ThrowableFormatOptions
5715:             2             32  org.apache.logging.log4j.core.lookup.StrMatcher$CharSetMatcher
5716:             1             32  org.apache.logging.log4j.core.pattern.NameAbbreviator$MaxElementAbbreviator$Strategy$1
5717:             1             32  org.apache.logging.log4j.core.pattern.NameAbbreviator$MaxElementAbbreviator$Strategy$2
5718:             1             32  org.apache.logging.log4j.core.util.DefaultShutdownCallbackRegistry
5719:             2             32  org.apache.logging.log4j.core.util.SystemClock
5720:             2             32  org.apache.logging.log4j.core.util.datetime.FastDatePrinter$TwoDigitNumberField
5721:             1             32  org.apache.logging.log4j.status.StatusConsoleListener
5722:             1             32  org.apache.logging.log4j.status.StatusLogger$BoundedQueue
5723:             2             32  org.apache.logging.log4j.util.EnvironmentPropertySource
5724:             2             32  org.apache.logging.log4j.util.PropertiesUtil
5725:             2             32  org.apache.logging.log4j.util.PropertySource$Comparator
5726:             2             32  org.apache.logging.log4j.util.SystemPropertiesPropertySource
5727:             1             32  org.apache.logging.slf4j.Log4jLogger
5728:             2             32  org.apache.lucene.analysis.ar.ArabicStemmer
5729:             2             32  org.apache.lucene.analysis.bg.BulgarianStemmer
5730:             2             32  org.apache.lucene.analysis.bn.BengaliNormalizer
5731:             2             32  org.apache.lucene.analysis.bn.BengaliStemmer
5732:             2             32  org.apache.lucene.analysis.ckb.SoraniNormalizer
5733:             2             32  org.apache.lucene.analysis.ckb.SoraniStemmer
5734:             2             32  org.apache.lucene.analysis.cz.CzechStemmer
5735:             2             32  org.apache.lucene.analysis.de.GermanLightStemmer
5736:             2             32  org.apache.lucene.analysis.el.GreekStemmer
5737:             2             32  org.apache.lucene.analysis.es.SpanishLightStemmer
5738:             2             32  org.apache.lucene.analysis.fa.PersianNormalizer
5739:             2             32  org.apache.lucene.analysis.fr.FrenchLightStemmer
5740:             2             32  org.apache.lucene.analysis.gl.GalicianStemmer
5741:             2             32  org.apache.lucene.analysis.hi.HindiNormalizer
5742:             2             32  org.apache.lucene.analysis.hi.HindiStemmer
5743:             2             32  org.apache.lucene.analysis.it.ItalianLightStemmer
5744:             2             32  org.apache.lucene.analysis.lv.LatvianStemmer
5745:             2             32  org.apache.lucene.analysis.pt.PortugueseLightStemmer
5746:             2             32  org.apache.lucene.backward_codecs.lucene87.Lucene87StoredFieldsFormat
5747:             1             32  org.apache.lucene.codecs.lucene90.blocktree.CompressionAlgorithm$1
5748:             1             32  org.apache.lucene.codecs.lucene90.blocktree.CompressionAlgorithm$2
5749:             1             32  org.apache.lucene.codecs.lucene90.blocktree.CompressionAlgorithm$3
5750:             1             32  org.apache.lucene.document.SortedNumericDocValuesRangeQuery$1
5751:             1             32  org.apache.lucene.search.BoostQuery
5752:             1             32  org.apache.lucene.search.IndexOrDocValuesQuery
5753:             1             32  org.apache.lucene.search.IndexOrDocValuesQuery$1
5754:             2             32  org.apache.lucene.search.LRUQueryCache$MinSegmentSizePredicate
5755:             1             32  org.apache.lucene.search.MatchAllDocsQuery$1
5756:             1             32  org.apache.lucene.search.PointRangeQuery$1
5757:             2             32  org.apache.lucene.search.ScorerUtil$$Lambda/0x00007fcd293cec98
5758:             2             32  org.apache.lucene.search.Sort
5759:             2             32  org.apache.lucene.search.vectorhighlight.BreakIteratorBoundaryScanner
5760:             1             32  org.apache.lucene.util.AttributeFactory$DefaultAttributeFactory$1
5761:             1             32  org.apache.lucene.util.automaton.Transition
5762:             1             32  org.apache.lucene.util.packed.PackedInts$Format$1
5763:             1             32  org.apache.lucene.util.packed.PackedInts$Format$2
5764:             2             32  org.bouncycastle.jcajce.provider.asymmetric.dh.KeyFactorySpi
5765:             2             32  org.bouncycastle.jcajce.provider.asymmetric.dstu.KeyFactorySpi
5766:             2             32  org.bouncycastle.jcajce.provider.asymmetric.ecgost.KeyFactorySpi
5767:             2             32  org.bouncycastle.pqc.jcajce.provider.xmss.XMSSKeyFactorySpi
5768:             2             32  org.bouncycastle.pqc.jcajce.provider.xmss.XMSSMTKeyFactorySpi
5769:             1             32  org.jooq.tools.json.JSONParser
5770:             2             32  org.locationtech.spatial4j.distance.GeodesicSphereDistCalc$Haversine
5771:             2             32  org.locationtech.spatial4j.io.LegacyShapeReader
5772:             2             32  org.locationtech.spatial4j.io.LegacyShapeWriter
5773:             1             32  org.opensearch.action.ActionModule$1
5774:             1             32  org.opensearch.action.ActionModule$2
5775:             1             32  org.opensearch.action.ActionModule$DynamicActionRegistry
5776:             2             32  org.opensearch.action.RequestValidators
5777:             1             32  org.opensearch.action.admin.cluster.remote.TransportRemoteInfoAction
5778:             1             32  org.opensearch.action.admin.cluster.storedscripts.TransportGetScriptContextAction
5779:             1             32  org.opensearch.action.admin.cluster.storedscripts.TransportGetScriptLanguageAction
5780:             1             32  org.opensearch.action.admin.indices.rollover.MetadataRolloverService
5781:             1             32  org.opensearch.action.admin.indices.rollover.RolloverInfo
5782:             1             32  org.opensearch.action.delete.TransportDeleteAction
5783:             1             32  org.opensearch.action.index.TransportIndexAction
5784:             1             32  org.opensearch.action.search.CreatePitController
5785:             1             32  org.opensearch.action.search.SearchPhaseController$SortedTopDocs
5786:             1             32  org.opensearch.ad.AnomalyDetectorRunner
5787:             2             32  org.opensearch.ad.rest.AbstractAnomalyDetectorAction$$Lambda/0x00007fcd2900cf80
5788:             2             32  org.opensearch.ad.rest.AbstractAnomalyDetectorAction$$Lambda/0x00007fcd2900d1b0
5789:             2             32  org.opensearch.ad.rest.AbstractAnomalyDetectorAction$$Lambda/0x00007fcd2900d3e0
5790:             2             32  org.opensearch.ad.rest.AbstractAnomalyDetectorAction$$Lambda/0x00007fcd2900d610
5791:             2             32  org.opensearch.ad.rest.AbstractAnomalyDetectorAction$$Lambda/0x00007fcd2900d840
5792:             2             32  org.opensearch.ad.rest.AbstractAnomalyDetectorAction$$Lambda/0x00007fcd2900da70
5793:             1             32  org.opensearch.ad.rest.RestExecuteAnomalyDetectorAction
5794:             1             32  org.opensearch.ad.rest.RestStatsAnomalyDetectorAction
5795:             1             32  org.opensearch.ad.transport.SearchADTasksTransportAction
5796:             1             32  org.opensearch.ad.transport.SearchAnomalyDetectorInfoTransportAction
5797:             1             32  org.opensearch.ad.transport.SearchAnomalyDetectorTransportAction
5798:             1             32  org.opensearch.ad.transport.ThresholdResultTransportAction
5799:             1             32  org.opensearch.alerting.AlertService
5800:             1             32  org.opensearch.alerting.TriggerService
5801:             1             32  org.opensearch.alerting.core.schedule.JobScheduler
5802:             1             32  org.opensearch.alerting.resthandler.RestSearchMonitorAction
5803:             1             32  org.opensearch.bootstrap.Bootstrap
5804:             2             32  org.opensearch.cluster.DiffableUtils$IntKeySerializer
5805:             2             32  org.opensearch.cluster.NamedDiffableValueSerializer
5806:             2             32  org.opensearch.cluster.RestoreInProgress
5807:             1             32  org.opensearch.cluster.action.index.MappingUpdatedAction
5808:             1             32  org.opensearch.cluster.action.shard.ShardStateAction
5809:             1             32  org.opensearch.cluster.action.shard.ShardStateAction$ShardFailedClusterStateTaskExecutor
5810:             1             32  org.opensearch.cluster.action.shard.ShardStateAction$ShardStartedClusterStateTaskExecutor
5811:             1             32  org.opensearch.cluster.coordination.ClusterFormationFailureHelper
5812:             1             32  org.opensearch.cluster.coordination.LagDetector
5813:             1             32  org.opensearch.cluster.coordination.LeaderChecker$CheckScheduler
5814:             2             32  org.opensearch.cluster.decommission.DecommissionService$$Lambda/0x00007fcd28e21bc8
5815:             2             32  org.opensearch.cluster.decommission.DecommissionService$$Lambda/0x00007fcd28e21df8
5816:             2             32  org.opensearch.cluster.decommission.DecommissionService$$Lambda/0x00007fcd28e22028
5817:             2             32  org.opensearch.cluster.metadata.ComposableIndexTemplate$DataStreamTemplate
5818:             2             32  org.opensearch.cluster.metadata.IndexAbstractionResolver
5819:             2             32  org.opensearch.cluster.metadata.IndexGraveyard
5820:             2             32  org.opensearch.cluster.metadata.IndexNameExpressionResolver$DateMathExpressionResolver
5821:             2             32  org.opensearch.cluster.metadata.IndexNameExpressionResolver$WildcardExpressionResolver
5822:             1             32  org.opensearch.cluster.metadata.MetadataCreateDataStreamService
5823:             1             32  org.opensearch.cluster.metadata.MetadataDeleteIndexService
5824:             1             32  org.opensearch.cluster.metadata.MetadataMappingService
5825:             1             32  org.opensearch.cluster.routing.BatchedRerouteService
5826:             1             32  org.opensearch.cluster.routing.OperationRouting
5827:             2             32  org.opensearch.cluster.routing.RecoverySource$ExistingStoreRecoverySource
5828:             1             32  org.opensearch.cluster.routing.RoutingNodes$UnassignedShards
5829:             2             32  org.opensearch.cluster.routing.allocation.ConstraintTypes$$Lambda/0x00007fcd2871ac90
5830:             2             32  org.opensearch.cluster.routing.allocation.DiskThresholdSettings$$Lambda/0x00007fcd28711000
5831:             2             32  org.opensearch.cluster.routing.allocation.DiskThresholdSettings$$Lambda/0x00007fcd28711230
5832:             2             32  org.opensearch.cluster.routing.allocation.DiskThresholdSettings$$Lambda/0x00007fcd287134d8
5833:             2             32  org.opensearch.cluster.routing.allocation.DiskThresholdSettings$$Lambda/0x00007fcd28713708
5834:             2             32  org.opensearch.cluster.routing.allocation.DiskThresholdSettings$$Lambda/0x00007fcd28713938
5835:             2             32  org.opensearch.cluster.routing.allocation.DiskThresholdSettings$$Lambda/0x00007fcd28713b68
5836:             2             32  org.opensearch.cluster.routing.allocation.DiskThresholdSettings$$Lambda/0x00007fcd28713d98
5837:             1             32  org.opensearch.cluster.routing.allocation.decider.FilterAllocationDecider
5838:             1             32  org.opensearch.cluster.routing.allocation.decider.NodeLoadAwareAllocationDecider
5839:             1             32  org.opensearch.cluster.routing.allocation.decider.ThrottlingAllocationDecider
5840:             1             32  org.opensearch.cluster.service.ClusterStateStats
5841:             2             32  org.opensearch.common.blobstore.BlobPath
5842:             1             32  org.opensearch.common.cache.CacheType
5843:             1             32  org.opensearch.common.geo.GeoShapeType$1
5844:             1             32  org.opensearch.common.geo.GeoShapeType$2
5845:             1             32  org.opensearch.common.geo.GeoShapeType$3
5846:             1             32  org.opensearch.common.geo.GeoShapeType$4
5847:             1             32  org.opensearch.common.geo.GeoShapeType$5
5848:             1             32  org.opensearch.common.geo.GeoShapeType$6
5849:             1             32  org.opensearch.common.geo.GeoShapeType$7
5850:             1             32  org.opensearch.common.geo.GeoShapeType$8
5851:             1             32  org.opensearch.common.geo.GeoShapeType$9
5852:             1             32  org.opensearch.common.logging.LogConfigurator$1
5853:             2             32  org.opensearch.common.logging.LoggingOutputStream$$Lambda/0x00007fcd281bf678
5854:             1             32  org.opensearch.common.settings.AbstractScopedSettings$2
5855:             1             32  org.opensearch.common.settings.KeyStoreWrapper
5856:             2             32  org.opensearch.common.settings.Setting$$Lambda/0x00007fcd2863dd90
5857:             1             32  org.opensearch.common.util.CancellableThreads
5858:             2             32  org.opensearch.common.util.PageCacheRecycler$1
5859:             2             32  org.opensearch.common.util.PageCacheRecycler$2
5860:             2             32  org.opensearch.common.util.PageCacheRecycler$3
5861:             2             32  org.opensearch.common.util.PageCacheRecycler$4
5862:             2             32  org.opensearch.common.util.Streak
5863:             2             32  org.opensearch.common.util.concurrent.OpenSearchExecutors$$Lambda/0x00007fcd2828a328
5864:             1             32  org.opensearch.common.xcontent.XContentType$1
5865:             1             32  org.opensearch.common.xcontent.XContentType$2
5866:             1             32  org.opensearch.common.xcontent.XContentType$3
5867:             1             32  org.opensearch.common.xcontent.XContentType$4
5868:             1             32  org.opensearch.core.tasks.resourcetracker.ResourceStatsType
5869:             2             32  org.opensearch.core.xcontent.NamedXContentRegistry
5870:             1             32  org.opensearch.core.xcontent.ObjectParser$$Lambda/0x00007fcd29095b48
5871:             1             32  org.opensearch.flowframework.common.FlowFrameworkSettings
5872:             1             32  org.opensearch.flowframework.indices.FlowFrameworkIndicesHandler
5873:             1             32  org.opensearch.flowframework.util.EncryptorUtils
5874:             1             32  org.opensearch.flowframework.workflow.WorkflowProcessSorter
5875:             1             32  org.opensearch.flowframework.workflow.WorkflowStepFactory$$Lambda/0x00007fcd28a4e2f0
5876:             1             32  org.opensearch.flowframework.workflow.WorkflowStepFactory$$Lambda/0x00007fcd28a4e510
5877:             1             32  org.opensearch.flowframework.workflow.WorkflowStepFactory$$Lambda/0x00007fcd28a4e730
5878:             1             32  org.opensearch.flowframework.workflow.WorkflowStepFactory$$Lambda/0x00007fcd28a4ed90
5879:             2             32  org.opensearch.forecast.rest.AbstractForecasterAction$$Lambda/0x00007fcd290124e8
5880:             2             32  org.opensearch.forecast.rest.AbstractForecasterAction$$Lambda/0x00007fcd29012718
5881:             2             32  org.opensearch.forecast.rest.AbstractForecasterAction$$Lambda/0x00007fcd29012948
5882:             2             32  org.opensearch.forecast.rest.AbstractForecasterAction$$Lambda/0x00007fcd29012b78
5883:             2             32  org.opensearch.forecast.rest.AbstractForecasterAction$$Lambda/0x00007fcd29012da8
5884:             1             32  org.opensearch.forecast.rest.RestStatsForecasterAction
5885:             1             32  org.opensearch.forecast.transport.SearchForecastTasksTransportAction
5886:             1             32  org.opensearch.forecast.transport.SearchForecasterInfoTransportAction
5887:             1             32  org.opensearch.forecast.transport.SearchForecasterTransportAction
5888:             1             32  org.opensearch.gateway.LocalAllocateDangledIndices
5889:             1             32  org.opensearch.gateway.MetaStateService
5890:             2             32  org.opensearch.geo.search.aggregations.bucket.geogrid.GeoGridAggregationBuilder$$Lambda/0x00007fcd28836ed8
5891:             2             32  org.opensearch.geometry.utils.StandardValidator
5892:             1             32  org.opensearch.geospatial.ip2geo.action.GetDatasourceTransportAction
5893:             1             32  org.opensearch.geospatial.ip2geo.action.RestPutDatasourceHandler
5894:             1             32  org.opensearch.geospatial.ip2geo.dao.GeoIpDataDao
5895:             1             32  org.opensearch.geospatial.ip2geo.dao.Ip2GeoCachedDao
5896:             1             32  org.opensearch.geospatial.ip2geo.jobscheduler.DatasourceUpdateService
5897:             1             32  org.opensearch.geospatial.ip2geo.processor.Ip2GeoProcessor$Factory
5898:             1             32  org.opensearch.geospatial.plugin.GeospatialPlugin
5899:             2             32  org.opensearch.identity.noop.NoopIdentityPlugin
5900:             1             32  org.opensearch.index.ShardIndexingPressureStore
5901:             1             32  org.opensearch.index.VersionType$1
5902:             1             32  org.opensearch.index.VersionType$2
5903:             1             32  org.opensearch.index.VersionType$3
5904:             1             32  org.opensearch.index.analysis.AnalysisMode$1
5905:             1             32  org.opensearch.index.analysis.AnalysisMode$2
5906:             1             32  org.opensearch.index.analysis.AnalysisMode$3
5907:             1             32  org.opensearch.index.analysis.AnalysisRegistry$PrebuiltAnalysis
5908:             1             32  org.opensearch.index.analysis.PreConfiguredCharFilter
5909:             2             32  org.opensearch.index.codec.customcodecs.ZstdCompressionMode
5910:             2             32  org.opensearch.index.codec.customcodecs.ZstdNoDictCompressionMode
5911:             1             32  org.opensearch.index.codec.fuzzy.FuzzySet$SetType
5912:             1             32  org.opensearch.index.mapper.DateFieldMapper$Resolution$1
5913:             1             32  org.opensearch.index.mapper.DateFieldMapper$Resolution$2
5914:             2             32  org.opensearch.index.mapper.ObjectMapper$TypeParser
5915:             1             32  org.opensearch.index.mapper.TextFieldMapper$FielddataFrequencyFilter
5916:             1             32  org.opensearch.index.reindex.ReindexValidator
5917:             1             32  org.opensearch.index.remote.RemoteStoreEnums$PathHashAlgorithm$1
5918:             1             32  org.opensearch.index.remote.RemoteStoreEnums$PathHashAlgorithm$2
5919:             1             32  org.opensearch.index.remote.RemoteStoreEnums$PathType$1
5920:             1             32  org.opensearch.index.remote.RemoteStoreEnums$PathType$2
5921:             1             32  org.opensearch.index.remote.RemoteStoreEnums$PathType$3
5922:             1             32  org.opensearch.index.store.Store$MetadataSnapshot
5923:             2             32  org.opensearch.index.store.lockmanager.RemoteStoreLockManagerFactory
5924:             2             32  org.opensearch.index.store.remote.filecache.FileCacheSettings$$Lambda/0x00007fcd28711460
5925:             1             32  org.opensearch.indexmanagement.IndexManagementIndices
5926:             1             32  org.opensearch.indexmanagement.controlcenter.notification.filter.IndexOperationActionFilter
5927:             1             32  org.opensearch.indexmanagement.indexstatemanagement.IndexMetadataProvider
5928:             1             32  org.opensearch.indexmanagement.indexstatemanagement.resthandler.RestIndexPolicyAction
5929:             1             32  org.opensearch.indexmanagement.indexstatemanagement.transport.action.managedIndex.TransportManagedIndexAction
5930:             1             32  org.opensearch.indexmanagement.rollup.RollupMapperService
5931:             1             32  org.opensearch.indexmanagement.rollup.RollupSearchService
5932:             1             32  org.opensearch.indexmanagement.rollup.actionfilter.FieldCapsFilter
5933:             1             32  org.opensearch.indexmanagement.transform.TransformIndexer
5934:             1             32  org.opensearch.indices.IndicesRequestCache$IndicesRequestCacheCleanupManager$IndicesRequestCacheCleaner
5935:             1             32  org.opensearch.indices.IndicesService$$Lambda/0x00007fcd288c86d0
5936:             1             32  org.opensearch.indices.IndicesService$2
5937:             1             32  org.opensearch.indices.IndicesService$CacheCleaner
5938:             1             32  org.opensearch.indices.ShardLimitValidator
5939:             1             32  org.opensearch.indices.analysis.HunspellService
5940:             1             32  org.opensearch.indices.analysis.PreBuiltAnalyzers$1
5941:             1             32  org.opensearch.indices.analysis.PreBuiltAnalyzers$2
5942:             1             32  org.opensearch.indices.analysis.PreBuiltAnalyzers$3
5943:             1             32  org.opensearch.indices.analysis.PreBuiltAnalyzers$4
5944:             1             32  org.opensearch.indices.analysis.PreBuiltAnalyzers$5
5945:             1             32  org.opensearch.indices.analysis.PreBuiltAnalyzers$6
5946:             1             32  org.opensearch.indices.analysis.PreBuiltAnalyzers$7
5947:             1             32  org.opensearch.indices.analysis.PreBuiltTokenizers$1
5948:             1             32  org.opensearch.indices.mapper.MapperRegistry
5949:             1             32  org.opensearch.indices.recovery.PeerRecoverySourceService$OngoingRecoveries
5950:             1             32  org.opensearch.indices.recovery.PeerRecoveryTargetService
5951:             2             32  org.opensearch.indices.replication.checkpoint.SegmentReplicationCheckpointPublisher
5952:             2             32  org.opensearch.ingest.IngestService$$Lambda/0x00007fcd293baf80
5953:             1             32  org.opensearch.ingest.useragent.UserAgentParser
5954:             1             32  org.opensearch.jobscheduler.rest.action.RestGetJobDetailsAction
5955:             1             32  org.opensearch.jobscheduler.rest.action.RestGetLockAction
5956:             1             32  org.opensearch.jobscheduler.rest.action.RestReleaseLockAction
5957:             1             32  org.opensearch.jobscheduler.scheduler.JobScheduler
5958:             2             32  org.opensearch.jobscheduler.sweeper.JobSweeper$$Lambda/0x00007fcd29005638
5959:             2             32  org.opensearch.jobscheduler.sweeper.JobSweeper$$Lambda/0x00007fcd29005cf8
5960:             2             32  org.opensearch.jobscheduler.sweeper.JobSweeper$$Lambda/0x00007fcd291ba5f0
5961:             1             32  org.opensearch.jobscheduler.utils.JobDetailsService
5962:             1             32  org.opensearch.knn.index.Parameter$BooleanParameter
5963:             2             32  org.opensearch.knn.index.Parameter$MethodComponentContextParameter$$Lambda/0x00007fcd28495b18
5964:             2             32  org.opensearch.knn.index.Parameter$MethodComponentContextParameter$$Lambda/0x00007fcd28495d68
5965:             1             32  org.opensearch.knn.index.Parameter$StringParameter
5966:             1             32  org.opensearch.knn.index.SpaceType$1
5967:             1             32  org.opensearch.knn.index.SpaceType$2
5968:             1             32  org.opensearch.knn.index.SpaceType$3
5969:             1             32  org.opensearch.knn.index.SpaceType$4
5970:             1             32  org.opensearch.knn.index.SpaceType$5
5971:             1             32  org.opensearch.knn.index.SpaceType$6
5972:             1             32  org.opensearch.knn.index.VectorDataType$1
5973:             1             32  org.opensearch.knn.index.VectorDataType$2
5974:             1             32  org.opensearch.knn.index.codec.KNN80Codec.KNN80Codec
5975:             1             32  org.opensearch.knn.index.codec.KNN84Codec.KNN84Codec
5976:             1             32  org.opensearch.knn.index.codec.KNN87Codec.KNN87Codec
5977:             1             32  org.opensearch.knn.index.codec.KNN920Codec.KNN920Codec
5978:             1             32  org.opensearch.knn.index.codec.KNN940Codec.KNN940Codec
5979:             1             32  org.opensearch.knn.index.codec.KNN950Codec.KNN950Codec
5980:             1             32  org.opensearch.knn.index.codec.KNN990Codec.KNN990Codec
5981:             1             32  org.opensearch.knn.index.memory.NativeMemoryCacheManager
5982:             1             32  org.opensearch.knn.index.util.Lucene
5983:             1             32  org.opensearch.knn.index.util.Nmslib
5984:             1             32  org.opensearch.knn.plugin.rest.RestClearCacheHandler
5985:             1             32  org.opensearch.knn.plugin.rest.RestKNNWarmupHandler
5986:             1             32  org.opensearch.knn.plugin.stats.suppliers.EventOccurredWithinThresholdSupplier
5987:             1             32  org.opensearch.knn.plugin.transport.DeleteModelTransportAction
5988:             1             32  org.opensearch.knn.plugin.transport.GetModelTransportAction
5989:             1             32  org.opensearch.knn.plugin.transport.SearchModelTransportAction
5990:             1             32  org.opensearch.knn.plugin.transport.TrainingModelTransportAction
5991:             1             32  org.opensearch.ml.action.agents.TransportSearchAgentAction
5992:             1             32  org.opensearch.ml.action.handler.MLSearchHandler
5993:             1             32  org.opensearch.ml.action.models.SearchModelTransportAction
5994:             1             32  org.opensearch.ml.action.tasks.SearchTaskTransportAction
5995:             1             32  org.opensearch.ml.action.upload_chunk.MLModelChunkUploader
5996:             1             32  org.opensearch.ml.breaker.MLCircuitBreakerService
5997:             1             32  org.opensearch.ml.cluster.MLCommonsClusterEventListener
5998:             1             32  org.opensearch.ml.engine.MLEngine
5999:             1             32  org.opensearch.ml.engine.algorithms.anomalylocalization.AnomalyLocalizerImpl
6000:             1             32  org.opensearch.ml.engine.encryptor.EncryptorImpl
6001:             1             32  org.opensearch.ml.engine.memory.ConversationIndexMemory$Factory
6002:             1             32  org.opensearch.ml.memory.index.InteractionsIndex
6003:             1             32  org.opensearch.ml.repackage.com.google.common.collect.Iterators$ArrayItr
6004:             1             32  org.opensearch.ml.rest.RestMLPredictionAction
6005:             1             32  org.opensearch.ml.rest.RestMLUndeployModelAction
6006:             1             32  org.opensearch.ml.settings.MLFeatureEnabledSetting
6007:             1             32  org.opensearch.ml.task.MLTaskManager
6008:             1             32  org.opensearch.ml.tools.GetToolTransportAction
6009:             1             32  org.opensearch.ml.tools.ListToolsTransportAction
6010:             1             32  org.opensearch.monitor.process.ProcessInfo
6011:             1             32  org.opensearch.neuralsearch.plugin.NeuralSearch
6012:             2             32  org.opensearch.neuralsearch.processor.normalization.MinMaxScoreNormalizationTechnique
6013:             1             32  org.opensearch.neuralsearch.search.query.HybridQueryPhaseSearcher
6014:             1             32  org.opensearch.node.Node$LocalNodeFactory
6015:             2             32  org.opensearch.node.resource.tracker.AbstractAverageUsageTracker$$Lambda/0x00007fcd29044000
6016:             1             32  org.opensearch.painless.action.PainlessContextAction$TransportAction
6017:             1             32  org.opensearch.performanceanalyzer.commons.config.overrides.ConfigOverridesWrapper
6018:             1             32  org.opensearch.performanceanalyzer.commons.event_process.EventLogFileHandler
6019:             1             32  org.opensearch.performanceanalyzer.config.PerformanceAnalyzerController
6020:             1             32  org.opensearch.performanceanalyzer.http_action.config.PerformanceAnalyzerClusterConfigAction
6021:             1             32  org.opensearch.performanceanalyzer.http_action.config.PerformanceAnalyzerOverridesClusterConfigAction
6022:             1             32  org.opensearch.performanceanalyzer.http_action.config.PerformanceAnalyzerResourceProvider
6023:             1             32  org.opensearch.performanceanalyzer.http_action.whoami.TransportWhoAmIAction
6024:             1             32  org.opensearch.persistent.PersistentTasksNodeService
6025:             1             32  org.opensearch.plugin.repository.url.URLRepositoryPlugin$$Lambda/0x00007fcd28548a48
6026:             1             32  org.opensearch.plugins.PluginsService
6027:             1             32  org.opensearch.ratelimitting.admissioncontrol.controllers.CpuBasedAdmissionController
6028:             1             32  org.opensearch.ratelimitting.admissioncontrol.controllers.IoBasedAdmissionController
6029:             1             32  org.opensearch.ratelimitting.admissioncontrol.settings.CpuBasedAdmissionControllerSettings
6030:             1             32  org.opensearch.ratelimitting.admissioncontrol.settings.IoBasedAdmissionControllerSettings
6031:             1             32  org.opensearch.replication.metadata.store.ReplicationMetadataStore
6032:             2             32  org.opensearch.reportsscheduler.util.SecureIndexClient
6033:             1             32  org.opensearch.repositories.RepositoriesModule$$Lambda/0x00007fcd28cee920
6034:             1             32  org.opensearch.repositories.RepositoriesModule$$Lambda/0x00007fcd28ceeb50
6035:             1             32  org.opensearch.repositories.RepositoriesStatsArchive
6036:             1             32  org.opensearch.repositories.s3.ProxySettings
6037:             1             32  org.opensearch.repositories.s3.S3RepositoryPlugin$$Lambda/0x00007fcd28a85570
6038:             1             32  org.opensearch.rest.action.admin.cluster.RestClusterGetSettingsAction
6039:             2             32  org.opensearch.search.aggregations.ConcurrentAggregationProcessor
6040:             1             32  org.opensearch.search.aggregations.bucket.terms.TermsAggregatorFactory$ExecutionMode$1
6041:             1             32  org.opensearch.search.aggregations.bucket.terms.TermsAggregatorFactory$ExecutionMode$2
6042:             2             32  org.opensearch.search.aggregations.bucket.terms.heuristic.NXYSignificanceHeuristic$$Lambda/0x00007fcd2879bb50
6043:             1             32  org.opensearch.search.aggregations.metrics.PercentilesMethod$1
6044:             1             32  org.opensearch.search.aggregations.metrics.PercentilesMethod$2
6045:             2             32  org.opensearch.search.aggregations.support.MultiValuesSourceParseHelper$$Lambda/0x00007fcd287ab8b0
6046:             2             32  org.opensearch.search.aggregations.support.MultiValuesSourceParseHelper$$Lambda/0x00007fcd287abae0
6047:             1             32  org.opensearch.search.asynchronous.context.state.AsynchronousSearchStateMachine
6048:             2             32  org.opensearch.search.asynchronous.management.AsynchronousSearchManagementService$ActiveContextReaper$$Lambda/0x00007fcd28fbd3f0
6049:             1             32  org.opensearch.search.asynchronous.processor.AsynchronousSearchPostProcessor
6050:             2             32  org.opensearch.search.asynchronous.service.AsynchronousSearchService$$Lambda/0x00007fcd28fbd1a0
6051:             2             32  org.opensearch.search.backpressure.SearchBackpressureService$$Lambda/0x00007fcd29234d18
6052:             2             32  org.opensearch.search.backpressure.SearchBackpressureService$$Lambda/0x00007fcd29234f68
6053:             2             32  org.opensearch.search.backpressure.SearchBackpressureState$$Lambda/0x00007fcd28cedb38
6054:             1             32  org.opensearch.search.backpressure.settings.NodeDuressSettings
6055:             2             32  org.opensearch.search.backpressure.trackers.HeapUsageTracker$$Lambda/0x00007fcd28cec390
6056:             2             32  org.opensearch.search.internal.ContextIndexSearcher$1$$Lambda/0x00007fcd293dd130
6057:             2             32  org.opensearch.search.query.QueryPhase$DefaultQueryPhaseSearcher
6058:             1             32  org.opensearch.security.auditlog.routing.AuditMessageRouter
6059:             2             32  org.opensearch.security.auth.internal.NoOpAuthenticationBackend
6060:             1             32  org.opensearch.security.configuration.CompatConfig
6061:             1             32  org.opensearch.security.configuration.PrivilegesInterceptorImpl
6062:             2             32  org.opensearch.security.dlic.rest.api.AllowlistApiAction$$Lambda/0x00007fcd28ff2908
6063:             2             32  org.opensearch.security.dlic.rest.api.AllowlistApiAction$$Lambda/0x00007fcd28ff2b28
6064:             2             32  org.opensearch.security.dlic.rest.api.AllowlistApiAction$1
6065:             1             32  org.opensearch.security.dlic.rest.api.RestApiAdminPrivilegesEvaluator
6066:             2             32  org.opensearch.security.http.HTTPBasicAuthenticator
6067:             1             32  org.opensearch.security.http.XFFResolver
6068:             1             32  org.opensearch.security.identity.SecurityTokenManager
6069:             1             32  org.opensearch.security.privileges.RestLayerPrivilegesEvaluator
6070:             1             32  org.opensearch.security.privileges.SnapshotRestoreEvaluator
6071:             1             32  org.opensearch.security.resolver.IndexResolverReplacer
6072:             1             32  org.opensearch.security.rest.DashboardsInfoAction
6073:             1             32  org.opensearch.security.rest.SecurityInfoAction
6074:             2             32  org.opensearch.security.securityconf.impl.v7.ConfigV7
6075:             2             32  org.opensearch.security.securityconf.impl.v7.ConfigV7$AuthFailureListeners
6076:             2             32  org.opensearch.security.securityconf.impl.v7.ConfigV7$Authc
6077:             2             32  org.opensearch.security.securityconf.impl.v7.ConfigV7$Authz
6078:             1             32  org.opensearch.security.ssl.OpenSearchSecureSettingsFactory
6079:             1             32  org.opensearch.security.ssl.http.netty.Netty4HttpRequestHeaderVerifier
6080:             1             32  org.opensearch.security.ssl.http.netty.ValidatingDispatcher
6081:             2             32  org.opensearch.security.ssl.transport.SSLConfig
6082:             1             32  org.opensearch.security.transport.DefaultInterClusterRequestEvaluator
6083:             2             32  org.opensearch.securityanalytics.alerts.AlertsService
6084:             1             32  org.opensearch.securityanalytics.logtype.BuiltinLogTypeLoader
6085:             1             32  org.opensearch.securityanalytics.mapper.IndexTemplateManager
6086:             1             32  org.opensearch.securityanalytics.mapper.MapperService
6087:             1             32  org.opensearch.securityanalytics.threatIntel.ThreatIntelFeedDataService
6088:             1             32  org.opensearch.securityanalytics.threatIntel.feedMetadata.BuiltInTIFMetadataLoader
6089:             1             32  org.opensearch.securityanalytics.threatIntel.jobscheduler.TIFJobUpdateService
6090:             2             32  org.opensearch.securityanalytics.util.ExceptionChecker
6091:             2             32  org.opensearch.securityanalytics.util.MonitorService
6092:             1             32  org.opensearch.securityanalytics.util.RuleIndices
6093:             2             32  org.opensearch.semver.expr.Equal
6094:             2             32  org.opensearch.sql.data.model.ExprBooleanValue
6095:             1             32  org.opensearch.sql.datasources.transport.TransportDeleteDataSourceAction
6096:             1             32  org.opensearch.sql.datasources.transport.TransportGetDataSourceAction
6097:             1             32  org.opensearch.sql.datasources.transport.TransportPatchDataSourceAction
6098:             1             32  org.opensearch.sql.datasources.transport.TransportUpdateDataSourceAction
6099:             2             32  org.opensearch.sql.expression.function.FunctionDSL$$Lambda/0x00007fcd28b5a638
6100:             1             32  org.opensearch.sql.legacy.esdomain.LocalClusterState
6101:             1             32  org.opensearch.sql.legacy.plugin.RestSqlAction
6102:             2             32  org.opensearch.sql.opensearch.executor.OpenSearchQueryManager
6103:             1             32  org.opensearch.sql.plugin.SQLPlugin
6104:             2             32  org.opensearch.sql.ppl.antlr.PPLSyntaxParser
6105:             2             32  org.opensearch.sql.ppl.utils.PPLQueryDataAnonymizer
6106:             2             32  org.opensearch.sql.ppl.utils.PPLQueryDataAnonymizer$AnonymizerExpressionAnalyzer
6107:             2             32  org.opensearch.sql.spark.execution.xcontent.AsyncQueryJobMetadataXContentSerializer
6108:             1             32  org.opensearch.sql.spark.transport.TransportCancelAsyncQueryRequestAction
6109:             1             32  org.opensearch.sql.spark.transport.TransportGetAsyncQueryResultAction
6110:             2             32  org.opensearch.sql.sql.antlr.SQLSyntaxParser
6111:             1             32  org.opensearch.tasks.TaskCancellationMonitoringSettings
6112:             1             32  org.opensearch.tasks.TaskResourceTrackingService
6113:             2             32  org.opensearch.threadpool.ThreadPoolStats
6114:             2             32  org.opensearch.timeseries.MemoryTracker$$Lambda/0x00007fcd289cde08
6115:             2             32  org.opensearch.timeseries.caching.PriorityCache$$Lambda/0x00007fcd28a14028
6116:             2             32  org.opensearch.timeseries.caching.PriorityCache$$Lambda/0x00007fcd28a14258
6117:             2             32  org.opensearch.timeseries.caching.PriorityCache$$Lambda/0x00007fcd28a14488
6118:             2             32  org.opensearch.timeseries.caching.PriorityCache$$Lambda/0x00007fcd28a148e8
6119:             2             32  org.opensearch.timeseries.caching.PriorityCache$$Lambda/0x00007fcd29318000
6120:             2             32  org.opensearch.timeseries.caching.PriorityCache$$Lambda/0x00007fcd29318220
6121:             2             32  org.opensearch.timeseries.caching.PriorityCache$$Lambda/0x00007fcd29318450
6122:             2             32  org.opensearch.timeseries.ml.ModelColdStart$$Lambda/0x00007fcd29318680
6123:             2             32  org.opensearch.timeseries.ratelimit.CheckPointMaintainRequestAdapter$$Lambda/0x00007fcd28a10880
6124:             2             32  org.opensearch.timeseries.ratelimit.ColdEntityWorker$$Lambda/0x00007fcd28a2cc80
6125:             2             32  org.opensearch.timeseries.ratelimit.ColdEntityWorker$$Lambda/0x00007fcd28a2ceb0
6126:             1             32  org.opensearch.timeseries.task.TaskCacheManager
6127:             2             32  org.opensearch.timeseries.task.TaskCacheManager$$Lambda/0x00007fcd28a2e0b8
6128:             2             32  org.opensearch.timeseries.task.TaskManager$$Lambda/0x00007fcd28a35ee8
6129:             2             32  org.opensearch.timeseries.task.TaskManager$$Lambda/0x00007fcd28a36118
6130:             2             32  org.opensearch.timeseries.transport.BaseDeleteConfigTransportAction$$Lambda/0x00007fcd28e3c000
6131:             2             32  org.opensearch.timeseries.transport.BaseGetConfigTransportAction$$Lambda/0x00007fcd28f1f338
6132:             2             32  org.opensearch.timeseries.transport.BaseJobTransportAction$$Lambda/0x00007fcd28d9e3b8
6133:             2             32  org.opensearch.timeseries.transport.BaseProfileTransportAction$$Lambda/0x00007fcd28d9ee88
6134:             2             32  org.opensearch.timeseries.transport.BaseValidateConfigTransportAction$$Lambda/0x00007fcd28e3f910
6135:             2             32  org.opensearch.timeseries.transport.handler.SearchHandler$$Lambda/0x00007fcd28a2eda0
6136:             1             32  org.opensearch.transport.InboundHandler
6137:             1             32  org.opensearch.transport.SharedGroupFactory
6138:             1             32  org.opensearch.transport.TransportHandshaker
6139:             2             32  org.opensearch.transport.TransportRequestDeduplicator
6140:             1             32  sun.net.www.protocol.https.Handler (java.base@21.0.3)
6141:             2             32  sun.net.www.protocol.jar.Handler (java.base@21.0.3)
6142:             1             32  sun.nio.fs.LinuxFileStore (java.base@21.0.3)
6143:             1             32  sun.nio.fs.LinuxFileSystem (java.base@21.0.3)
6144:             1             32  sun.security.ec.ed.Ed25519Operations (jdk.crypto.ec@21.0.3)
6145:             1             32  sun.security.ec.ed.Ed448Operations (jdk.crypto.ec@21.0.3)
6146:             1             32  sun.security.ec.point.ExtendedHomogeneousPoint$Immutable (jdk.crypto.ec@21.0.3)
6147:             2             32  sun.security.provider.FileInputStreamPool$UnclosableInputStream (java.base@21.0.3)
6148:             1             32  sun.security.provider.SecureRandom (java.base@21.0.3)
6149:             2             32  sun.security.ssl.AlpnExtension$SHAlpnAbsence (java.base@21.0.3)
6150:             2             32  sun.security.ssl.AlpnExtension$SHAlpnConsumer (java.base@21.0.3)
6151:             2             32  sun.security.ssl.AlpnExtension$SHAlpnProducer (java.base@21.0.3)
6152:             2             32  sun.security.ssl.DHKeyExchange$DHEKAGenerator (java.base@21.0.3)
6153:             2             32  sun.security.ssl.DHKeyExchange$DHEPossessionGenerator (java.base@21.0.3)
6154:             2             32  sun.security.ssl.SSLCipher$NullReadCipherGenerator (java.base@21.0.3)
6155:             2             32  sun.security.ssl.SSLCipher$NullWriteCipherGenerator (java.base@21.0.3)
6156:             2             32  sun.security.ssl.SSLCipher$T12GcmReadCipherGenerator (java.base@21.0.3)
6157:             2             32  sun.security.ssl.SSLCipher$T12GcmWriteCipherGenerator (java.base@21.0.3)
6158:             2             32  sun.security.ssl.SSLCipher$T13GcmReadCipherGenerator (java.base@21.0.3)
6159:             2             32  sun.security.ssl.SSLCipher$T13GcmWriteCipherGenerator (java.base@21.0.3)
6160:             2             32  sun.security.ssl.ServerHello$T12ServerHelloConsumer (java.base@21.0.3)
6161:             2             32  sun.security.ssl.ServerHello$T13HelloRetryRequestConsumer (java.base@21.0.3)
6162:             2             32  sun.security.ssl.ServerHello$T13ServerHelloConsumer (java.base@21.0.3)
6163:             1             32  sun.security.ssl.SessionTicketExtension$StatelessKey (java.base@21.0.3)
6164:             2             32  sun.security.ssl.SupportedVersionsExtension$SHSupportedVersionsStringizer (java.base@21.0.3)
6165:             1             32  sun.security.ssl.TrustStoreManager$TrustAnchorManager (java.base@21.0.3)
6166:             2             32  sun.security.util.AlgorithmDecomposer (java.base@21.0.3)
6167:             1             32  sun.security.util.math.intpoly.Curve25519OrderField (java.base@21.0.3)
6168:             1             32  sun.security.util.math.intpoly.Curve448OrderField (java.base@21.0.3)
6169:             1             32  sun.security.util.math.intpoly.IntegerPolynomial25519 (java.base@21.0.3)
6170:             1             32  sun.security.util.math.intpoly.IntegerPolynomial448 (java.base@21.0.3)
6171:             1             32  sun.security.util.math.intpoly.IntegerPolynomialP256 (java.base@21.0.3)
6172:             1             32  sun.security.util.math.intpoly.IntegerPolynomialP384 (java.base@21.0.3)
6173:             1             32  sun.security.util.math.intpoly.IntegerPolynomialP521 (java.base@21.0.3)
6174:             1             32  sun.security.util.math.intpoly.P256OrderField (java.base@21.0.3)
6175:             1             32  sun.security.util.math.intpoly.P384OrderField (java.base@21.0.3)
6176:             1             32  sun.security.util.math.intpoly.P521OrderField (java.base@21.0.3)
6177:             1             32  sun.security.x509.PrivateKeyUsageExtension (java.base@21.0.3)
6178:             1             24  [Lcom.fasterxml.jackson.core.StreamWriteCapability;
6179:             1             24  [Lcom.fasterxml.jackson.databind.AnnotationIntrospector$ReferenceProperty$Type;
6180:             1             24  [Lcom.fasterxml.jackson.databind.cfg.EnumFeature;
6181:             1             24  [Lcom.fasterxml.jackson.databind.cfg.EnumFeature;
6182:             1             24  [Lcom.fasterxml.jackson.databind.cfg.EnumFeature;
6183:             1             24  [Lcom.fasterxml.jackson.databind.deser.KeyDeserializers;
6184:             1             24  [Lcom.fasterxml.jackson.databind.deser.KeyDeserializers;
6185:             1             24  [Lcom.fasterxml.jackson.databind.deser.KeyDeserializers;
6186:             1             24  [Lcom.fasterxml.jackson.dataformat.smile.SmileParser$Feature;
6187:             1             24  [Lcom.fasterxml.jackson.dataformat.yaml.YAMLParser$Feature;
6188:             1             24  [Lcom.google.common.cache.CacheBuilder$NullListener;
6189:             1             24  [Lcom.google.common.cache.CacheBuilder$NullListener;
6190:             1             24  [Lcom.google.common.cache.CacheBuilder$NullListener;
6191:             1             24  [Lcom.google.common.cache.CacheBuilder$NullListener;
6192:             1             24  [Lcom.google.common.cache.CacheBuilder$OneWeigher;
6193:             1             24  [Lcom.google.common.cache.CacheBuilder$OneWeigher;
6194:             1             24  [Lcom.google.common.cache.CacheBuilder$OneWeigher;
6195:             1             24  [Lcom.google.common.cache.CacheBuilder$OneWeigher;
6196:             1             24  [Lcom.google.common.cache.LocalCache$Segment;
6197:             1             24  [Lcom.google.common.collect.Maps$EntryFunction;
6198:             1             24  [Lcom.google.gson.LongSerializationPolicy;
6199:             1             24  [Lcom.intel.qat.QatZipper$Algorithm;
6200:             1             24  [Lcom.intel.qat.QatZipper$Mode;
6201:             1             24  [Lio.netty.buffer.PoolArena$SizeClass;
6202:             1             24  [Lio.netty.handler.logging.ByteBufFormat;
6203:             1             24  [Ljava.io.File$PathStatus; (java.base@21.0.3)
6204:             1             24  [Ljava.lang.StackWalker$ExtendedOption; (java.base@21.0.3)
6205:             1             24  [Ljava.lang.invoke.MethodHandles$Lookup$ClassOption; (java.base@21.0.3)
6206:             1             24  [Ljava.net.URL; (java.base@21.0.3)
6207:             1             24  [Ljava.security.Provider$OPType; (java.base@21.0.3)
6208:             1             24  [Ljava.time.chrono.HijrahEra; (java.base@21.0.3)
6209:             1             24  [Ljava.time.chrono.IsoEra; (java.base@21.0.3)
6210:             1             24  [Ljava.time.chrono.MinguoEra; (java.base@21.0.3)
6211:             1             24  [Ljava.time.chrono.ThaiBuddhistEra; (java.base@21.0.3)
6212:             1             24  [Ljava.time.temporal.IsoFields$Unit; (java.base@21.0.3)
6213:             1             24  [Ljava.time.zone.ZoneOffsetTransition; (java.base@21.0.3)
6214:             1             24  [Ljava.util.Comparators$NaturalOrderComparator; (java.base@21.0.3)
6215:             1             24  [Ljava.util.Formatter$BigDecimalLayoutForm; (java.base@21.0.3)
6216:             1             24  [Ljava.util.Locale$Category; (java.base@21.0.3)
6217:             1             24  [Ljava.util.jar.Manifest; (java.base@21.0.3)
6218:             1             24  [Ljdk.internal.icu.util.CodePointTrie$Type; (java.base@21.0.3)
6219:             1             24  [Lkotlinx.coroutines.scheduling.TaskMode;
6220:             1             24  [Lorg.apache.logging.log4j.core.appender.ConsoleAppender$Target;
6221:             1             24  [Lorg.apache.logging.log4j.core.async.ThreadNameCachingStrategy;
6222:             1             24  [Lorg.apache.logging.log4j.core.config.status.StatusConfiguration$Verbosity;
6223:             1             24  [Lorg.apache.logging.log4j.core.pattern.NameAbbreviator$MaxElementAbbreviator$Strategy;
6224:             1             24  [Lorg.apache.lucene.backward_codecs.lucene50.Lucene50StoredFieldsFormat$Mode;
6225:             1             24  [Lorg.apache.lucene.backward_codecs.lucene80.Lucene80DocValuesFormat$Mode;
6226:             1             24  [Lorg.apache.lucene.backward_codecs.lucene87.Lucene87Codec$Mode;
6227:             1             24  [Lorg.apache.lucene.backward_codecs.lucene87.Lucene87StoredFieldsFormat$Mode;
6228:             1             24  [Lorg.apache.lucene.backward_codecs.lucene90.Lucene90Codec$Mode;
6229:             1             24  [Lorg.apache.lucene.backward_codecs.lucene91.Lucene91Codec$Mode;
6230:             1             24  [Lorg.apache.lucene.backward_codecs.lucene92.Lucene92Codec$Mode;
6231:             1             24  [Lorg.apache.lucene.backward_codecs.lucene94.Lucene94Codec$Mode;
6232:             1             24  [Lorg.apache.lucene.backward_codecs.lucene95.Lucene95Codec$Mode;
6233:             1             24  [Lorg.apache.lucene.codecs.lucene99.Lucene99Codec$Mode;
6234:             1             24  [Lorg.apache.lucene.document.Field$Store;
6235:             1             24  [Lorg.apache.lucene.document.InvertableType;
6236:             1             24  [Lorg.apache.lucene.index.VectorEncoding;
6237:             1             24  [Lorg.apache.lucene.queryparser.classic.QueryParser$Operator;
6238:             1             24  [Lorg.apache.lucene.store.Lock;
6239:             1             24  [Lorg.apache.lucene.util.FileDeleter$MsgType;
6240:             1             24  [Lorg.apache.lucene.util.packed.PackedInts$Format;
6241:             1             24  [Lorg.ietf.jgss.Oid; (java.security.jgss@21.0.3)
6242:             1             24  [Lorg.opensearch.ad.transport.SearchTopAnomalyResultTransportAction$OrderType;
6243:             1             24  [Lorg.opensearch.cluster.coordination.PersistedStateRegistry$PersistedStateType;
6244:             1             24  [Lorg.opensearch.cluster.metadata.IndexMetadata$State;
6245:             1             24  [Lorg.opensearch.cluster.node.DiscoveryNodeFilters$OpType;
6246:             1             24  [Lorg.opensearch.common.inject.Key$NullAnnotationStrategy;
6247:             1             24  [Lorg.opensearch.common.time.DateFormatter;
6248:             1             24  [Lorg.opensearch.core.common.breaker.CircuitBreaker$Durability;
6249:             1             24  [Lorg.opensearch.core.tasks.resourcetracker.ResourceStatsType;
6250:             1             24  [Lorg.opensearch.env.NodeEnvironment$NodePath;
6251:             1             24  [Lorg.opensearch.index.IndexService$IndexCreationContext;
6252:             1             24  [Lorg.opensearch.index.codec.customcodecs.Lucene99CustomCodec$Mode;
6253:             1             24  [Lorg.opensearch.index.codec.customcodecs.Lucene99QatCodec$Mode;
6254:             1             24  [Lorg.opensearch.index.codec.fuzzy.FuzzySet$SetType;
6255:             1             24  [Lorg.opensearch.index.engine.Engine$SearcherScope;
6256:             1             24  [Lorg.opensearch.index.mapper.DateFieldMapper$Resolution;
6257:             1             24  [Lorg.opensearch.index.mapper.DynamicTemplate$MatchType;
6258:             1             24  [Lorg.opensearch.index.shard.ShardStateMetadata$IndexDataLocation;
6259:             1             24  [Lorg.opensearch.indices.analysis.PreBuiltTokenizers;
6260:             1             24  [Lorg.opensearch.knn.index.VectorDataType;
6261:             1             24  [Lorg.opensearch.monitor.StatusInfo$Status;
6262:             1             24  [Lorg.opensearch.repositories.s3.async.SizeBasedBlockingQ$QueueEventType;
6263:             1             24  [Lorg.opensearch.repositories.s3.async.TransferSemaphoresHolder$TypeSemaphore$PermitType;
6264:             1             24  [Lorg.opensearch.script.ScriptType;
6265:             1             24  [Lorg.opensearch.search.aggregations.Aggregator$SubAggCollectionMode;
6266:             1             24  [Lorg.opensearch.search.aggregations.bucket.terms.TermsAggregatorFactory$ExecutionMode;
6267:             1             24  [Lorg.opensearch.search.aggregations.metrics.PercentilesMethod;
6268:             1             24  [Lorg.opensearch.search.aggregations.pipeline.HoltWintersModel$SeasonalityType;
6269:             1             24  [Lorg.opensearch.search.sort.SortOrder;
6270:             1             24  [Lorg.opensearch.security.ssl.transport.PrincipalExtractor$Type;
6271:             1             24  [Lorg.opensearch.security.support.SerializationFormat;
6272:             1             24  [Lorg.opensearch.securityanalytics.correlation.index.codec.CorrelationCodecVersion;
6273:             1             24  [Lorg.opensearch.sql.datasource.model.DataSourceStatus;
6274:             1             24  [Lorg.opensearch.timeseries.AnalysisType;
6275:             1             24  [Lorg.opensearch.timeseries.breaker.BreakerName;
6276:             1             24  [Lorg.opensearch.transport.RemoteConnectionStrategy$ConnectionStrategy;
6277:             1             24  [Lsun.security.rsa.RSAUtil$KeyType; (java.base@21.0.3)
6278:             1             24  [Lsun.security.ssl.Alert$Level; (java.base@21.0.3)
6279:             1             24  [Lsun.security.ssl.CertStatusExtension$CertStatusRequest; (java.base@21.0.3)
6280:             1             24  [Lsun.security.ssl.CertStatusExtension$CertStatusRequestType; (java.base@21.0.3)
6281:             1             24  [Lsun.security.ssl.PskKeyExchangeModesExtension$PskKeyExchangeMode; (java.base@21.0.3)
6282:             1             24  com.amazon.randomcutforest.state.RandomCutForestMapper
6283:             1             24  com.fasterxml.jackson.annotation.JsonFormat$Features
6284:             1             24  com.fasterxml.jackson.annotation.JsonFormat$Features
6285:             1             24  com.fasterxml.jackson.annotation.JsonFormat$Features
6286:             1             24  com.fasterxml.jackson.annotation.JsonIgnoreProperties$Value
6287:             1             24  com.fasterxml.jackson.annotation.JsonSetter$Value
6288:             1             24  com.fasterxml.jackson.annotation.JsonSetter$Value
6289:             1             24  com.fasterxml.jackson.annotation.JsonSetter$Value
6290:             1             24  com.fasterxml.jackson.core.ErrorReportConfiguration
6291:             1             24  com.fasterxml.jackson.databind.AnnotationIntrospector$ReferenceProperty
6292:             1             24  com.fasterxml.jackson.databind.cfg.ContextAttributes$Impl
6293:             1             24  com.fasterxml.jackson.databind.cfg.ContextAttributes$Impl
6294:             1             24  com.fasterxml.jackson.databind.cfg.ContextAttributes$Impl
6295:             1             24  com.fasterxml.jackson.databind.cfg.DefaultCacheProvider
6296:             1             24  com.fasterxml.jackson.databind.cfg.DefaultCacheProvider
6297:             1             24  com.fasterxml.jackson.databind.cfg.DefaultCacheProvider
6298:             1             24  com.fasterxml.jackson.databind.cfg.MutableCoercionConfig
6299:             1             24  com.fasterxml.jackson.databind.cfg.SerializerFactoryConfig
6300:             1             24  com.fasterxml.jackson.databind.cfg.SerializerFactoryConfig
6301:             1             24  com.fasterxml.jackson.databind.cfg.SerializerFactoryConfig
6302:             1             24  com.fasterxml.jackson.databind.deser.DeserializerCache
6303:             1             24  com.fasterxml.jackson.databind.deser.impl.FailingDeserializer
6304:             1             24  com.fasterxml.jackson.databind.deser.std.NumberDeserializers$NumberDeserializer
6305:             1             24  com.fasterxml.jackson.databind.deser.std.StringDeserializer
6306:             1             24  com.fasterxml.jackson.databind.deser.std.UntypedObjectDeserializerNR
6307:             1             24  com.fasterxml.jackson.databind.ext.OptionalHandlerFactory
6308:             1             24  com.fasterxml.jackson.databind.introspect.AnnotatedClass$Creators
6309:             1             24  com.fasterxml.jackson.databind.introspect.AnnotatedClass$Creators
6310:             1             24  com.fasterxml.jackson.databind.introspect.JacksonAnnotationIntrospector
6311:             1             24  com.fasterxml.jackson.databind.introspect.JacksonAnnotationIntrospector
6312:             1             24  com.fasterxml.jackson.databind.introspect.JacksonAnnotationIntrospector
6313:             1             24  com.fasterxml.jackson.databind.introspect.SimpleMixInResolver
6314:             1             24  com.fasterxml.jackson.databind.ser.SerializerCache
6315:             1             24  com.fasterxml.jackson.databind.ser.impl.FailingSerializer
6316:             1             24  com.fasterxml.jackson.databind.ser.impl.FailingSerializer
6317:             1             24  com.fasterxml.jackson.databind.ser.impl.FailingSerializer
6318:             1             24  com.fasterxml.jackson.databind.ser.impl.IndexedStringListSerializer
6319:             1             24  com.fasterxml.jackson.databind.ser.impl.ReadOnlyClassToSerializerMap
6320:             1             24  com.fasterxml.jackson.databind.ser.impl.StringCollectionSerializer
6321:             1             24  com.fasterxml.jackson.databind.ser.std.StdKeySerializers$Dynamic
6322:             1             24  com.fasterxml.jackson.databind.ser.std.UUIDSerializer
6323:             1             24  com.fasterxml.jackson.databind.ser.std.UUIDSerializer
6324:             1             24  com.fasterxml.jackson.databind.ser.std.UUIDSerializer
6325:             1             24  com.fasterxml.jackson.databind.util.internal.PrivateMaxEntriesMap$DrainStatus$1
6326:             1             24  com.fasterxml.jackson.databind.util.internal.PrivateMaxEntriesMap$DrainStatus$1
6327:             1             24  com.fasterxml.jackson.databind.util.internal.PrivateMaxEntriesMap$DrainStatus$1
6328:             1             24  com.fasterxml.jackson.databind.util.internal.PrivateMaxEntriesMap$DrainStatus$2
6329:             1             24  com.fasterxml.jackson.databind.util.internal.PrivateMaxEntriesMap$DrainStatus$2
6330:             1             24  com.fasterxml.jackson.databind.util.internal.PrivateMaxEntriesMap$DrainStatus$2
6331:             1             24  com.fasterxml.jackson.databind.util.internal.PrivateMaxEntriesMap$DrainStatus$3
6332:             1             24  com.fasterxml.jackson.databind.util.internal.PrivateMaxEntriesMap$DrainStatus$3
6333:             1             24  com.fasterxml.jackson.databind.util.internal.PrivateMaxEntriesMap$DrainStatus$3
6334:             1             24  com.fasterxml.jackson.databind.util.internal.PrivateMaxEntriesMap$EntrySet
6335:             1             24  com.google.common.cache.CacheBuilder$NullListener
6336:             1             24  com.google.common.cache.CacheBuilder$NullListener
6337:             1             24  com.google.common.cache.CacheBuilder$NullListener
6338:             1             24  com.google.common.cache.CacheBuilder$NullListener
6339:             1             24  com.google.common.cache.CacheBuilder$OneWeigher
6340:             1             24  com.google.common.cache.CacheBuilder$OneWeigher
6341:             1             24  com.google.common.cache.CacheBuilder$OneWeigher
6342:             1             24  com.google.common.cache.CacheBuilder$OneWeigher
6343:             1             24  com.google.common.cache.LocalCache$AccessQueue$1
6344:             1             24  com.google.common.cache.LocalCache$EntryFactory$1
6345:             1             24  com.google.common.cache.LocalCache$EntryFactory$1
6346:             1             24  com.google.common.cache.LocalCache$EntryFactory$1
6347:             1             24  com.google.common.cache.LocalCache$EntryFactory$1
6348:             1             24  com.google.common.cache.LocalCache$EntryFactory$2
6349:             1             24  com.google.common.cache.LocalCache$EntryFactory$2
6350:             1             24  com.google.common.cache.LocalCache$EntryFactory$2
6351:             1             24  com.google.common.cache.LocalCache$EntryFactory$2
6352:             1             24  com.google.common.cache.LocalCache$EntryFactory$3
6353:             1             24  com.google.common.cache.LocalCache$EntryFactory$3
6354:             1             24  com.google.common.cache.LocalCache$EntryFactory$3
6355:             1             24  com.google.common.cache.LocalCache$EntryFactory$3
6356:             1             24  com.google.common.cache.LocalCache$EntryFactory$4
6357:             1             24  com.google.common.cache.LocalCache$EntryFactory$4
6358:             1             24  com.google.common.cache.LocalCache$EntryFactory$4
6359:             1             24  com.google.common.cache.LocalCache$EntryFactory$4
6360:             1             24  com.google.common.cache.LocalCache$EntryFactory$5
6361:             1             24  com.google.common.cache.LocalCache$EntryFactory$5
6362:             1             24  com.google.common.cache.LocalCache$EntryFactory$5
6363:             1             24  com.google.common.cache.LocalCache$EntryFactory$5
6364:             1             24  com.google.common.cache.LocalCache$EntryFactory$6
6365:             1             24  com.google.common.cache.LocalCache$EntryFactory$6
6366:             1             24  com.google.common.cache.LocalCache$EntryFactory$6
6367:             1             24  com.google.common.cache.LocalCache$EntryFactory$6
6368:             1             24  com.google.common.cache.LocalCache$EntryFactory$7
6369:             1             24  com.google.common.cache.LocalCache$EntryFactory$7
6370:             1             24  com.google.common.cache.LocalCache$EntryFactory$7
6371:             1             24  com.google.common.cache.LocalCache$EntryFactory$7
6372:             1             24  com.google.common.cache.LocalCache$EntryFactory$8
6373:             1             24  com.google.common.cache.LocalCache$EntryFactory$8
6374:             1             24  com.google.common.cache.LocalCache$EntryFactory$8
6375:             1             24  com.google.common.cache.LocalCache$EntryFactory$8
6376:             1             24  com.google.common.cache.LocalCache$Strength$1
6377:             1             24  com.google.common.cache.LocalCache$Strength$1
6378:             1             24  com.google.common.cache.LocalCache$Strength$1
6379:             1             24  com.google.common.cache.LocalCache$Strength$1
6380:             1             24  com.google.common.cache.LocalCache$Strength$2
6381:             1             24  com.google.common.cache.LocalCache$Strength$2
6382:             1             24  com.google.common.cache.LocalCache$Strength$2
6383:             1             24  com.google.common.cache.LocalCache$Strength$2
6384:             1             24  com.google.common.cache.LocalCache$Strength$3
6385:             1             24  com.google.common.cache.LocalCache$Strength$3
6386:             1             24  com.google.common.cache.LocalCache$Strength$3
6387:             1             24  com.google.common.cache.LocalCache$Strength$3
6388:             1             24  com.google.common.collect.HashBiMap$Inverse
6389:             1             24  com.google.common.collect.ImmutableEntry
6390:             1             24  com.google.common.collect.ImmutableMapEntrySet$RegularEntrySet
6391:             1             24  com.google.common.collect.ImmutableMapEntrySet$RegularEntrySet
6392:             1             24  com.google.common.collect.ImmutableSet$EmptySetBuilderImpl
6393:             1             24  com.google.common.collect.ImmutableSet$EmptySetBuilderImpl
6394:             1             24  com.google.common.collect.Maps$EntryFunction$1
6395:             1             24  com.google.common.collect.Maps$EntryFunction$2
6396:             1             24  com.google.gson.FieldNamingPolicy$1
6397:             1             24  com.google.gson.FieldNamingPolicy$2
6398:             1             24  com.google.gson.FieldNamingPolicy$3
6399:             1             24  com.google.gson.FieldNamingPolicy$4
6400:             1             24  com.google.gson.FieldNamingPolicy$5
6401:             1             24  com.google.gson.FieldNamingPolicy$6
6402:             1             24  com.google.gson.LongSerializationPolicy$1
6403:             1             24  com.google.gson.LongSerializationPolicy$2
6404:             1             24  com.google.gson.ToNumberPolicy$1
6405:             1             24  com.google.gson.ToNumberPolicy$2
6406:             1             24  com.google.gson.ToNumberPolicy$3
6407:             1             24  com.google.gson.ToNumberPolicy$4
6408:             1             24  com.google.gson.internal.ConstructorConstructor
6409:             1             24  com.google.gson.internal.bind.MapTypeAdapterFactory
6410:             1             24  com.google.gson.internal.bind.TypeAdapters$32
6411:             1             24  com.google.gson.internal.reflect.UnsafeReflectionAccessor
6412:             1             24  com.google.gson.reflect.TypeToken
6413:             1             24  com.nimbusds.jose.jwk.JWKSet
6414:             1             24  com.password4j.BcryptFunction
6415:             1             24  com.sun.jmx.mbeanserver.ClassLoaderRepositorySupport (java.management@21.0.3)
6416:             1             24  com.sun.jmx.mbeanserver.MXBeanLookup (java.management@21.0.3)
6417:             1             24  com.sun.jmx.remote.util.ClassLogger (java.management@21.0.3)
6418:             1             24  com.sun.jna.Structure$3
6419:             1             24  com.sun.jna.WeakMemoryHolder
6420:             1             24  com.sun.jna.internal.Cleaner
6421:             1             24  com.sun.management.internal.HotSpotThreadImpl (jdk.management@21.0.3)
6422:             1             24  com.sun.management.internal.PlatformMBeanProviderImpl$2 (jdk.management@21.0.3)
6423:             1             24  com.sun.management.internal.PlatformMBeanProviderImpl$5 (jdk.management@21.0.3)
6424:             1             24  io.netty.buffer.UnpooledByteBufAllocator
6425:             1             24  io.netty.buffer.UnpooledByteBufAllocator$UnpooledByteBufAllocatorMetric
6426:             1             24  io.netty.channel.ChannelOption$1
6427:             1             24  io.netty.channel.WriteBufferWaterMark
6428:             1             24  io.netty.resolver.DefaultAddressResolverGroup
6429:             1             24  io.netty.util.AttributeKey$1
6430:             1             24  io.netty.util.AttributeKey$1
6431:             1             24  io.netty.util.ResourceLeakDetectorFactory$DefaultResourceLeakDetectorFactory
6432:             1             24  io.netty.util.concurrent.DefaultEventExecutorChooserFactory$PowerOfTwoEventExecutorChooser
6433:             1             24  io.netty.util.concurrent.FailedFuture
6434:             1             24  io.netty.util.concurrent.FailedFuture
6435:             1             24  io.netty.util.internal.DefaultPriorityQueue
6436:             1             24  io.netty.util.internal.ThreadExecutorMap$3
6437:             1             24  io.netty.util.internal.ThreadExecutorMap$3
6438:             1             24  io.protostuff.ByteString
6439:             1             24  io.protostuff.runtime.ArraySchema$1
6440:             1             24  io.protostuff.runtime.ArraySchemas$BigDecimalArray$1
6441:             1             24  io.protostuff.runtime.ArraySchemas$BigIntegerArray$1
6442:             1             24  io.protostuff.runtime.ArraySchemas$ByteArrayArray$1
6443:             1             24  io.protostuff.runtime.ArraySchemas$ByteStringArray$1
6444:             1             24  io.protostuff.runtime.ArraySchemas$DateArray$1
6445:             1             24  io.protostuff.runtime.ArraySchemas$StringArray$1
6446:             1             24  io.protostuff.runtime.ClassSchema$1
6447:             1             24  io.protostuff.runtime.DerivativeSchema$1
6448:             1             24  io.protostuff.runtime.IdStrategy$1
6449:             1             24  io.protostuff.runtime.IdStrategy$11
6450:             1             24  io.protostuff.runtime.IdStrategy$13
6451:             1             24  io.protostuff.runtime.IdStrategy$15
6452:             1             24  io.protostuff.runtime.IdStrategy$17
6453:             1             24  io.protostuff.runtime.IdStrategy$19
6454:             1             24  io.protostuff.runtime.IdStrategy$2
6455:             1             24  io.protostuff.runtime.IdStrategy$21
6456:             1             24  io.protostuff.runtime.IdStrategy$23
6457:             1             24  io.protostuff.runtime.IdStrategy$25
6458:             1             24  io.protostuff.runtime.IdStrategy$3
6459:             1             24  io.protostuff.runtime.IdStrategy$4
6460:             1             24  io.protostuff.runtime.IdStrategy$5
6461:             1             24  io.protostuff.runtime.IdStrategy$6
6462:             1             24  io.protostuff.runtime.IdStrategy$7
6463:             1             24  io.protostuff.runtime.IdStrategy$9
6464:             1             24  io.protostuff.runtime.NumberSchema$1
6465:             1             24  io.protostuff.runtime.ObjectSchema$1
6466:             1             24  io.protostuff.runtime.PolymorphicEnumSchema$1
6467:             1             24  io.protostuff.runtime.PolymorphicSchemaFactories$1
6468:             1             24  io.protostuff.runtime.PolymorphicSchemaFactories$10
6469:             1             24  io.protostuff.runtime.PolymorphicSchemaFactories$11
6470:             1             24  io.protostuff.runtime.PolymorphicSchemaFactories$2
6471:             1             24  io.protostuff.runtime.PolymorphicSchemaFactories$3
6472:             1             24  io.protostuff.runtime.PolymorphicSchemaFactories$4
6473:             1             24  io.protostuff.runtime.PolymorphicSchemaFactories$5
6474:             1             24  io.protostuff.runtime.PolymorphicSchemaFactories$6
6475:             1             24  io.protostuff.runtime.PolymorphicSchemaFactories$7
6476:             1             24  io.protostuff.runtime.PolymorphicSchemaFactories$8
6477:             1             24  io.protostuff.runtime.PolymorphicSchemaFactories$9
6478:             1             24  io.protostuff.runtime.PolymorphicThrowableSchema$1
6479:             1             24  java.io.ObjectInputStream$Caches$1 (java.base@21.0.3)
6480:             1             24  java.io.ObjectStreamClass$Caches$1 (java.base@21.0.3)
6481:             1             24  java.io.ObjectStreamClass$Caches$2 (java.base@21.0.3)
6482:             1             24  java.io.UnixFileSystem (java.base@21.0.3)
6483:             1             24  java.lang.ProcessEnvironment$StringEnvironment (java.base@21.0.3)
6484:             1             24  java.lang.ProcessHandleImpl$$Lambda/0x00007fcd28165b30 (java.base@21.0.3)
6485:             1             24  java.lang.StackWalker$ExtendedOption (java.base@21.0.3)
6486:             1             24  java.lang.Thread$Caches$1 (java.base@21.0.3)
6487:             1             24  java.lang.invoke.MethodHandleImpl$ArrayAccessor$1 (java.base@21.0.3)
6488:             1             24  java.lang.invoke.MethodHandleImpl$BindCaller$1 (java.base@21.0.3)
6489:             1             24  java.lang.invoke.MethodType$ConcurrentWeakInternSet (java.base@21.0.3)
6490:             1             24  java.lang.invoke.VarHandles$1 (java.base@21.0.3)
6491:             1             24  java.lang.reflect.Proxy$1 (java.base@21.0.3)
6492:             1             24  java.math.MutableBigInteger (java.base@21.0.3)
6493:             1             24  java.net.Inet6AddressImpl (java.base@21.0.3)
6494:             1             24  java.nio.file.FileVisitOption (java.base@21.0.3)
6495:             1             24  java.nio.file.LinkOption (java.base@21.0.3)
6496:             1             24  java.nio.file.LinkPermission (java.base@21.0.3)
6497:             1             24  java.security.Policy$PolicyInfo (java.base@21.0.3)
6498:             1             24  java.security.Policy$UnsupportedEmptyCollection (java.base@21.0.3)
6499:             1             24  java.time.Period (java.base@21.0.3)
6500:             1             24  java.time.chrono.HijrahEra (java.base@21.0.3)
6501:             1             24  java.time.format.DecimalStyle (java.base@21.0.3)
6502:             1             24  java.time.temporal.IsoFields$Field$1 (java.base@21.0.3)
6503:             1             24  java.time.temporal.IsoFields$Field$2 (java.base@21.0.3)
6504:             1             24  java.time.temporal.IsoFields$Field$3 (java.base@21.0.3)
6505:             1             24  java.time.temporal.IsoFields$Field$4 (java.base@21.0.3)
6506:             1             24  java.time.zone.TzdbZoneRulesProvider (java.base@21.0.3)
6507:             1             24  java.util.Collections$3 (java.base@21.0.3)
6508:             1             24  java.util.Collections$EmptyMap (java.base@21.0.3)
6509:             1             24  java.util.Collections$UnmodifiableNavigableSet$EmptyNavigableSet (java.base@21.0.3)
6510:             1             24  java.util.Comparator$$Lambda/0x00007fcd284ddfe0 (java.base@21.0.3)
6511:             1             24  java.util.Comparator$$Lambda/0x00007fcd289f3bc8 (java.base@21.0.3)
6512:             1             24  java.util.Comparators$NaturalOrderComparator (java.base@21.0.3)
6513:             1             24  java.util.Comparators$NullComparator (java.base@21.0.3)
6514:             1             24  java.util.Locale$Cache (java.base@21.0.3)
6515:             1             24  java.util.Locale$LocaleKey (java.base@21.0.3)
6516:             1             24  java.util.OptionalDouble (java.base@21.0.3)
6517:             1             24  java.util.OptionalInt (java.base@21.0.3)
6518:             1             24  java.util.ResourceBundle$Control$CandidateListCache (java.base@21.0.3)
6519:             1             24  java.util.ServiceLoader$2 (java.base@21.0.3)
6520:             1             24  java.util.concurrent.ConcurrentLinkedDeque (java.base@21.0.3)
6521:             1             24  java.util.concurrent.FutureTask$WaitNode (java.base@21.0.3)
6522:             1             24  java.util.function.Function$$Lambda/0x00007fcd2806ad20 (java.base@21.0.3)
6523:             1             24  java.util.logging.LogManager$LoggerContext (java.logging@21.0.3)
6524:             1             24  java.util.logging.LogManager$SystemLoggerContext (java.logging@21.0.3)
6525:             1             24  java.util.regex.Pattern$$Lambda/0x00007fcd282fb048 (java.base@21.0.3)
6526:             1             24  java.util.regex.Pattern$Pos (java.base@21.0.3)
6527:             1             24  jdk.internal.icu.impl.Norm2AllModes (java.base@21.0.3)
6528:             1             24  jdk.internal.icu.impl.Norm2AllModes$ComposeNormalizer2 (java.base@21.0.3)
6529:             1             24  jdk.internal.icu.impl.Norm2AllModes$Norm2AllModesSingleton (java.base@21.0.3)
6530:             1             24  jdk.internal.jimage.ImageReader (java.base@21.0.3)
6531:             1             24  jdk.internal.logger.BootstrapLogger$RedirectedLoggers (java.base@21.0.3)
6532:             1             24  jdk.internal.module.ModuleHashes (java.base@21.0.3)
6533:             1             24  jdk.internal.module.SystemModuleFinders$SystemModuleFinder (java.base@21.0.3)
6534:             1             24  jdk.internal.ref.CleanerImpl (java.base@21.0.3)
6535:             1             24  jdk.internal.vm.ThreadContainers$RootContainer$TrackingRootContainer (java.base@21.0.3)
6536:             1             24  jdk.jfr.internal.management.StreamManager (jdk.jfr@21.0.3)
6537:             1             24  jdk.management.jfr.internal.FlightRecorderMXBeanProvider$SingleMBeanComponent (jdk.management.jfr@21.0.3)
6538:             1             24  jdk.nio.zipfs.ZipCoder$UTF8 (jdk.zipfs@21.0.3)
6539:             1             24  joptsimple.BuiltinHelpFormatter
6540:             1             24  joptsimple.internal.MethodInvokingValueConverter
6541:             1             24  kotlin.SynchronizedLazyImpl
6542:             1             24  kotlin.coroutines.CombinedContext
6543:             1             24  kotlin.coroutines.CombinedContext
6544:             1             24  kotlin.coroutines.CombinedContext
6545:             1             24  kotlin.ranges.IntRange
6546:             1             24  kotlin.ranges.IntRange
6547:             1             24  kotlin.ranges.IntRange
6548:             1             24  kotlinx.coroutines.CoroutineDispatcher$Key
6549:             1             24  kotlinx.coroutines.CoroutineDispatcher$Key
6550:             1             24  kotlinx.coroutines.CoroutineDispatcher$Key
6551:             1             24  kotlinx.coroutines.CoroutineDispatcher$Key
6552:             1             24  kotlinx.coroutines.CoroutineDispatcher$Key
6553:             1             24  kotlinx.coroutines.ExecutorCoroutineDispatcher$Key
6554:             1             24  kotlinx.coroutines.ExecutorCoroutineDispatcher$Key
6555:             1             24  kotlinx.coroutines.ExecutorCoroutineDispatcher$Key
6556:             1             24  kotlinx.coroutines.ExecutorCoroutineDispatcher$Key
6557:             1             24  kotlinx.coroutines.ExecutorCoroutineDispatcher$Key
6558:             1             24  kotlinx.coroutines.ExecutorCoroutineDispatcherImpl
6559:             1             24  kotlinx.coroutines.JobImpl
6560:             1             24  kotlinx.coroutines.JobImpl
6561:             1             24  kotlinx.coroutines.SupervisorJobImpl
6562:             1             24  org.apache.commons.lang3.tuple.ImmutablePair
6563:             1             24  org.apache.commons.pool2.impl.BaseGenericObjectPool$Evictor
6564:             1             24  org.apache.logging.log4j.core.appender.ConsoleAppender$Target$1
6565:             1             24  org.apache.logging.log4j.core.appender.ConsoleAppender$Target$2
6566:             1             24  org.apache.logging.log4j.core.async.ThreadNameCachingStrategy$1
6567:             1             24  org.apache.logging.log4j.core.async.ThreadNameCachingStrategy$2
6568:             1             24  org.apache.logging.log4j.core.config.LoggerConfig$LoggerConfigPredicate$1
6569:             1             24  org.apache.logging.log4j.core.config.LoggerConfig$LoggerConfigPredicate$2
6570:             1             24  org.apache.logging.log4j.core.config.LoggerConfig$LoggerConfigPredicate$3
6571:             1             24  org.apache.logging.log4j.core.config.Loggers
6572:             1             24  org.apache.logging.log4j.core.config.plugins.util.PluginRegistry
6573:             1             24  org.apache.logging.log4j.core.impl.Log4jContextFactory
6574:             1             24  org.apache.logging.log4j.core.pattern.IntegerPatternConverter
6575:             1             24  org.apache.logging.log4j.core.pattern.LevelPatternConverter$SimpleLevelPatternConverter
6576:             1             24  org.apache.logging.log4j.core.pattern.LineSeparatorPatternConverter
6577:             1             24  org.apache.logging.log4j.core.pattern.MessagePatternConverter$SimpleMessagePatternConverter
6578:             1             24  org.apache.logging.log4j.core.pattern.PatternParser
6579:             1             24  org.apache.logging.log4j.core.pattern.SimpleLiteralPatternConverter$Space
6580:             1             24  org.apache.logging.log4j.core.pattern.ThreadNamePatternConverter
6581:             1             24  org.apache.logging.log4j.core.util.Source
6582:             1             24  org.apache.logging.log4j.jul.CoreLoggerAdapter
6583:             1             24  org.apache.logging.log4j.jul.DefaultLevelConverter
6584:             1             24  org.apache.logging.log4j.spi.LoggerRegistry
6585:             1             24  org.apache.logging.slf4j.Log4jLoggerFactory
6586:             1             24  org.apache.logging.slf4j.Log4jLoggerFactory
6587:             1             24  org.apache.logging.slf4j.Log4jMarker
6588:             1             24  org.apache.logging.slf4j.Log4jMarker
6589:             1             24  org.apache.lucene.analysis.CharArrayMap$EntrySet
6590:             1             24  org.apache.lucene.analysis.Tokenizer$1
6591:             1             24  org.apache.lucene.backward_codecs.lucene70.Lucene70Codec$1
6592:             1             24  org.apache.lucene.backward_codecs.lucene70.Lucene70Codec$2
6593:             1             24  org.apache.lucene.backward_codecs.lucene80.Lucene80Codec$1
6594:             1             24  org.apache.lucene.backward_codecs.lucene80.Lucene80Codec$2
6595:             1             24  org.apache.lucene.backward_codecs.lucene84.Lucene84Codec$1
6596:             1             24  org.apache.lucene.backward_codecs.lucene84.Lucene84Codec$2
6597:             1             24  org.apache.lucene.backward_codecs.lucene86.Lucene86Codec$1
6598:             1             24  org.apache.lucene.backward_codecs.lucene86.Lucene86Codec$2
6599:             1             24  org.apache.lucene.backward_codecs.lucene90.Lucene90Codec$1
6600:             1             24  org.apache.lucene.backward_codecs.lucene90.Lucene90Codec$2
6601:             1             24  org.apache.lucene.backward_codecs.lucene90.Lucene90Codec$3
6602:             1             24  org.apache.lucene.backward_codecs.lucene90.Lucene90HnswVectorsFormat
6603:             1             24  org.apache.lucene.codecs.lucene90.IndexedDISI$Method$1
6604:             1             24  org.apache.lucene.codecs.lucene90.IndexedDISI$Method$2
6605:             1             24  org.apache.lucene.codecs.lucene90.IndexedDISI$Method$3
6606:             1             24  org.apache.lucene.index.Impact
6607:             1             24  org.apache.lucene.index.VectorSimilarityFunction$1
6608:             1             24  org.apache.lucene.index.VectorSimilarityFunction$2
6609:             1             24  org.apache.lucene.index.VectorSimilarityFunction$3
6610:             1             24  org.apache.lucene.index.VectorSimilarityFunction$4
6611:             1             24  org.apache.lucene.sandbox.codecs.idversion.IDVersionPostingsFormat
6612:             1             24  org.apache.lucene.search.BooleanClause$Occur$1
6613:             1             24  org.apache.lucene.search.BooleanClause$Occur$2
6614:             1             24  org.apache.lucene.search.BooleanClause$Occur$3
6615:             1             24  org.apache.lucene.search.BooleanClause$Occur$4
6616:             1             24  org.apache.lucene.search.suggest.document.Completion50PostingsFormat
6617:             1             24  org.apache.lucene.search.suggest.document.Completion84PostingsFormat
6618:             1             24  org.apache.lucene.search.suggest.document.Completion90PostingsFormat
6619:             1             24  org.apache.lucene.search.suggest.document.Completion99PostingsFormat
6620:             1             24  org.apache.lucene.search.vectorhighlight.SimpleBoundaryScanner
6621:             1             24  org.apache.lucene.util.AttributeFactory$1
6622:             1             24  org.apache.lucene.util.AttributeSource$2
6623:             1             24  org.apache.lucene.util.HotspotVMOptions$$Lambda/0x00007fcd280c55c0
6624:             1             24  org.bouncycastle.asn1.ASN1Integer$1
6625:             1             24  org.bouncycastle.asn1.ASN1Null$1
6626:             1             24  org.bouncycastle.asn1.ASN1ObjectIdentifier$1
6627:             1             24  org.bouncycastle.asn1.ASN1OctetString$1
6628:             1             24  org.bouncycastle.asn1.ASN1RelativeOID$1
6629:             1             24  org.bouncycastle.asn1.ASN1Sequence$1
6630:             1             24  org.bouncycastle.asn1.ASN1Set$1
6631:             1             24  org.bouncycastle.asn1.DLSequence
6632:             1             24  org.bouncycastle.asn1.DLSet
6633:             1             24  org.bouncycastle.jcajce.provider.asymmetric.edec.KeyFactorySpi$Ed25519
6634:             1             24  org.bouncycastle.jcajce.provider.asymmetric.edec.KeyFactorySpi$Ed448
6635:             1             24  org.bouncycastle.jcajce.provider.asymmetric.edec.KeyFactorySpi$X25519
6636:             1             24  org.bouncycastle.jcajce.provider.asymmetric.edec.KeyFactorySpi$X448
6637:             1             24  org.bouncycastle.util.BigIntegers$Cache
6638:             1             24  org.bouncycastle.util.encoders.Base64Encoder
6639:             1             24  org.bouncycastle.util.encoders.HexEncoder
6640:             1             24  org.greenrobot.eventbus.AsyncPoster
6641:             1             24  org.greenrobot.eventbus.BackgroundPoster
6642:             1             24  org.greenrobot.eventbus.EventBus$1
6643:             1             24  org.greenrobot.eventbus.SubscriberMethodFinder
6644:             1             24  org.jcodings.util.BytesHash
6645:             1             24  org.joda.time.format.DateTimeFormatterBuilder$UnpaddedNumber
6646:             1             24  org.locationtech.jts.geom.GeometryFactory
6647:             1             24  org.locationtech.jts.geom.PrecisionModel
6648:             1             24  org.locationtech.spatial4j.io.jts.JtsBinaryCodec
6649:             1             24  org.locationtech.spatial4j.shape.impl.ShapeFactoryImpl
6650:             1             24  org.opensearch.action.admin.cluster.allocation.ClusterAllocationExplainAction
6651:             1             24  org.opensearch.action.admin.cluster.configuration.AddVotingConfigExclusionsAction
6652:             1             24  org.opensearch.action.admin.cluster.configuration.ClearVotingConfigExclusionsAction
6653:             1             24  org.opensearch.action.admin.cluster.decommission.awareness.delete.DeleteDecommissionStateAction
6654:             1             24  org.opensearch.action.admin.cluster.decommission.awareness.get.GetDecommissionStateAction
6655:             1             24  org.opensearch.action.admin.cluster.decommission.awareness.put.DecommissionAction
6656:             1             24  org.opensearch.action.admin.cluster.health.ClusterHealthAction
6657:             1             24  org.opensearch.action.admin.cluster.node.hotthreads.NodesHotThreadsAction
6658:             1             24  org.opensearch.action.admin.cluster.node.info.NodesInfoAction
6659:             1             24  org.opensearch.action.admin.cluster.node.info.PluginsAndModules
6660:             1             24  org.opensearch.action.admin.cluster.node.reload.NodesReloadSecureSettingsAction
6661:             1             24  org.opensearch.action.admin.cluster.node.stats.NodesStatsAction
6662:             1             24  org.opensearch.action.admin.cluster.node.tasks.cancel.CancelTasksAction
6663:             1             24  org.opensearch.action.admin.cluster.node.tasks.get.GetTaskAction
6664:             1             24  org.opensearch.action.admin.cluster.node.tasks.list.ListTasksAction
6665:             1             24  org.opensearch.action.admin.cluster.node.usage.NodesUsageAction
6666:             1             24  org.opensearch.action.admin.cluster.remote.RemoteInfoAction
6667:             1             24  org.opensearch.action.admin.cluster.remotestore.restore.RestoreRemoteStoreAction
6668:             1             24  org.opensearch.action.admin.cluster.remotestore.stats.RemoteStoreStatsAction
6669:             1             24  org.opensearch.action.admin.cluster.repositories.cleanup.CleanupRepositoryAction
6670:             1             24  org.opensearch.action.admin.cluster.repositories.delete.DeleteRepositoryAction
6671:             1             24  org.opensearch.action.admin.cluster.repositories.get.GetRepositoriesAction
6672:             1             24  org.opensearch.action.admin.cluster.repositories.put.PutRepositoryAction
6673:             1             24  org.opensearch.action.admin.cluster.repositories.verify.VerifyRepositoryAction
6674:             1             24  org.opensearch.action.admin.cluster.reroute.ClusterRerouteAction
6675:             1             24  org.opensearch.action.admin.cluster.settings.ClusterUpdateSettingsAction
6676:             1             24  org.opensearch.action.admin.cluster.shards.ClusterSearchShardsAction
6677:             1             24  org.opensearch.action.admin.cluster.shards.routing.weighted.delete.ClusterDeleteWeightedRoutingAction
6678:             1             24  org.opensearch.action.admin.cluster.shards.routing.weighted.get.ClusterGetWeightedRoutingAction
6679:             1             24  org.opensearch.action.admin.cluster.shards.routing.weighted.put.ClusterAddWeightedRoutingAction
6680:             1             24  org.opensearch.action.admin.cluster.snapshots.clone.CloneSnapshotAction
6681:             1             24  org.opensearch.action.admin.cluster.snapshots.create.CreateSnapshotAction
6682:             1             24  org.opensearch.action.admin.cluster.snapshots.delete.DeleteSnapshotAction
6683:             1             24  org.opensearch.action.admin.cluster.snapshots.get.GetSnapshotsAction
6684:             1             24  org.opensearch.action.admin.cluster.snapshots.restore.RestoreSnapshotAction
6685:             1             24  org.opensearch.action.admin.cluster.snapshots.status.SnapshotsStatusAction
6686:             1             24  org.opensearch.action.admin.cluster.state.ClusterStateAction
6687:             1             24  org.opensearch.action.admin.cluster.stats.ClusterStatsAction
6688:             1             24  org.opensearch.action.admin.cluster.storedscripts.DeleteStoredScriptAction
6689:             1             24  org.opensearch.action.admin.cluster.storedscripts.GetScriptContextAction
6690:             1             24  org.opensearch.action.admin.cluster.storedscripts.GetScriptLanguageAction
6691:             1             24  org.opensearch.action.admin.cluster.storedscripts.GetStoredScriptAction
6692:             1             24  org.opensearch.action.admin.cluster.storedscripts.PutStoredScriptAction
6693:             1             24  org.opensearch.action.admin.cluster.tasks.PendingClusterTasksAction
6694:             1             24  org.opensearch.action.admin.indices.alias.IndicesAliasesAction
6695:             1             24  org.opensearch.action.admin.indices.alias.get.GetAliasesAction
6696:             1             24  org.opensearch.action.admin.indices.analyze.AnalyzeAction
6697:             1             24  org.opensearch.action.admin.indices.cache.clear.ClearIndicesCacheAction
6698:             1             24  org.opensearch.action.admin.indices.close.CloseIndexAction
6699:             1             24  org.opensearch.action.admin.indices.create.AutoCreateAction
6700:             1             24  org.opensearch.action.admin.indices.create.CreateIndexAction
6701:             1             24  org.opensearch.action.admin.indices.dangling.delete.DeleteDanglingIndexAction
6702:             1             24  org.opensearch.action.admin.indices.dangling.find.FindDanglingIndexAction
6703:             1             24  org.opensearch.action.admin.indices.dangling.import_index.ImportDanglingIndexAction
6704:             1             24  org.opensearch.action.admin.indices.dangling.list.ListDanglingIndicesAction
6705:             1             24  org.opensearch.action.admin.indices.datastream.CreateDataStreamAction
6706:             1             24  org.opensearch.action.admin.indices.datastream.DataStreamsStatsAction
6707:             1             24  org.opensearch.action.admin.indices.datastream.DeleteDataStreamAction
6708:             1             24  org.opensearch.action.admin.indices.datastream.GetDataStreamAction
6709:             1             24  org.opensearch.action.admin.indices.delete.DeleteIndexAction
6710:             1             24  org.opensearch.action.admin.indices.exists.indices.IndicesExistsAction
6711:             1             24  org.opensearch.action.admin.indices.flush.FlushAction
6712:             1             24  org.opensearch.action.admin.indices.forcemerge.ForceMergeAction
6713:             1             24  org.opensearch.action.admin.indices.get.GetIndexAction
6714:             1             24  org.opensearch.action.admin.indices.mapping.get.GetFieldMappingsAction
6715:             1             24  org.opensearch.action.admin.indices.mapping.get.GetMappingsAction
6716:             1             24  org.opensearch.action.admin.indices.mapping.put.AutoPutMappingAction
6717:             1             24  org.opensearch.action.admin.indices.mapping.put.PutMappingAction
6718:             1             24  org.opensearch.action.admin.indices.open.OpenIndexAction
6719:             1             24  org.opensearch.action.admin.indices.readonly.AddIndexBlockAction
6720:             1             24  org.opensearch.action.admin.indices.recovery.RecoveryAction
6721:             1             24  org.opensearch.action.admin.indices.refresh.RefreshAction
6722:             1             24  org.opensearch.action.admin.indices.replication.SegmentReplicationStatsAction
6723:             1             24  org.opensearch.action.admin.indices.resolve.ResolveIndexAction
6724:             1             24  org.opensearch.action.admin.indices.rollover.MaxAgeCondition
6725:             1             24  org.opensearch.action.admin.indices.rollover.RolloverAction
6726:             1             24  org.opensearch.action.admin.indices.segments.IndicesSegmentsAction
6727:             1             24  org.opensearch.action.admin.indices.segments.PitSegmentsAction
6728:             1             24  org.opensearch.action.admin.indices.settings.get.GetSettingsAction
6729:             1             24  org.opensearch.action.admin.indices.settings.put.UpdateSettingsAction
6730:             1             24  org.opensearch.action.admin.indices.shards.IndicesShardStoresAction
6731:             1             24  org.opensearch.action.admin.indices.shrink.ResizeAction
6732:             1             24  org.opensearch.action.admin.indices.stats.IndicesStatsAction
6733:             1             24  org.opensearch.action.admin.indices.template.delete.DeleteComponentTemplateAction
6734:             1             24  org.opensearch.action.admin.indices.template.delete.DeleteComposableIndexTemplateAction
6735:             1             24  org.opensearch.action.admin.indices.template.delete.DeleteIndexTemplateAction
6736:             1             24  org.opensearch.action.admin.indices.template.get.GetComponentTemplateAction
6737:             1             24  org.opensearch.action.admin.indices.template.get.GetComposableIndexTemplateAction
6738:             1             24  org.opensearch.action.admin.indices.template.get.GetIndexTemplatesAction
6739:             1             24  org.opensearch.action.admin.indices.template.post.SimulateIndexTemplateAction
6740:             1             24  org.opensearch.action.admin.indices.template.post.SimulateTemplateAction
6741:             1             24  org.opensearch.action.admin.indices.template.put.PutComponentTemplateAction
6742:             1             24  org.opensearch.action.admin.indices.template.put.PutComposableIndexTemplateAction
6743:             1             24  org.opensearch.action.admin.indices.template.put.PutIndexTemplateAction
6744:             1             24  org.opensearch.action.admin.indices.upgrade.get.UpgradeStatusAction
6745:             1             24  org.opensearch.action.admin.indices.upgrade.post.UpgradeAction
6746:             1             24  org.opensearch.action.admin.indices.upgrade.post.UpgradeSettingsAction
6747:             1             24  org.opensearch.action.admin.indices.validate.query.ValidateQueryAction
6748:             1             24  org.opensearch.action.bulk.BulkAction
6749:             1             24  org.opensearch.action.delete.DeleteAction
6750:             1             24  org.opensearch.action.explain.ExplainAction
6751:             1             24  org.opensearch.action.fieldcaps.FieldCapabilitiesAction
6752:             1             24  org.opensearch.action.get.GetAction
6753:             1             24  org.opensearch.action.get.MultiGetAction
6754:             1             24  org.opensearch.action.index.IndexAction
6755:             1             24  org.opensearch.action.ingest.DeletePipelineAction
6756:             1             24  org.opensearch.action.ingest.GetPipelineAction
6757:             1             24  org.opensearch.action.ingest.IngestActionForwarder
6758:             1             24  org.opensearch.action.ingest.PutPipelineAction
6759:             1             24  org.opensearch.action.ingest.SimulatePipelineAction
6760:             1             24  org.opensearch.action.main.MainAction
6761:             1             24  org.opensearch.action.search.ClearScrollAction
6762:             1             24  org.opensearch.action.search.CreatePitAction
6763:             1             24  org.opensearch.action.search.DeletePitAction
6764:             1             24  org.opensearch.action.search.DeleteSearchPipelineAction
6765:             1             24  org.opensearch.action.search.GetAllPitsAction
6766:             1             24  org.opensearch.action.search.GetSearchPipelineAction
6767:             1             24  org.opensearch.action.search.MultiSearchAction
6768:             1             24  org.opensearch.action.search.PutSearchPipelineAction
6769:             1             24  org.opensearch.action.search.SearchAction
6770:             1             24  org.opensearch.action.search.SearchPhaseController
6771:             1             24  org.opensearch.action.search.SearchRequestStats
6772:             1             24  org.opensearch.action.search.SearchResponse$Clusters
6773:             1             24  org.opensearch.action.search.SearchScrollAction
6774:             1             24  org.opensearch.action.search.SearchShard
6775:             1             24  org.opensearch.action.search.SearchTransportService
6776:             1             24  org.opensearch.action.support.AutoCreateIndex
6777:             1             24  org.opensearch.action.support.AutoCreateIndex$AutoCreate
6778:             1             24  org.opensearch.action.support.clustermanager.term.GetTermVersionAction
6779:             1             24  org.opensearch.action.termvectors.MultiTermVectorsAction
6780:             1             24  org.opensearch.action.termvectors.TermVectorsAction
6781:             1             24  org.opensearch.action.update.UpdateAction
6782:             1             24  org.opensearch.ad.ml.ADModelManager$$Lambda/0x00007fcd29017a20
6783:             1             24  org.opensearch.ad.ratelimit.ADSaveResultStrategy
6784:             1             24  org.opensearch.ad.rest.RestAnomalyDetectorJobAction
6785:             1             24  org.opensearch.ad.rest.RestDeleteAnomalyDetectorAction
6786:             1             24  org.opensearch.ad.rest.RestDeleteAnomalyResultsAction
6787:             1             24  org.opensearch.ad.rest.RestGetAnomalyDetectorAction
6788:             1             24  org.opensearch.ad.rest.RestPreviewAnomalyDetectorAction
6789:             1             24  org.opensearch.ad.rest.RestSearchAnomalyDetectorInfoAction
6790:             1             24  org.opensearch.ad.rest.RestSearchTopAnomalyResultAction
6791:             1             24  org.opensearch.ad.settings.ADEnabledSetting
6792:             1             24  org.opensearch.ad.settings.ADNumericSetting
6793:             1             24  org.opensearch.ad.stats.suppliers.ADModelsOnNodeCountSupplier
6794:             1             24  org.opensearch.ad.stats.suppliers.ADModelsOnNodeSupplier
6795:             1             24  org.opensearch.ad.transport.ADBatchAnomalyResultAction
6796:             1             24  org.opensearch.ad.transport.ADBatchTaskRemoteExecutionAction
6797:             1             24  org.opensearch.ad.transport.ADCancelTaskAction
6798:             1             24  org.opensearch.ad.transport.ADEntityProfileAction
6799:             1             24  org.opensearch.ad.transport.ADProfileAction
6800:             1             24  org.opensearch.ad.transport.ADResultBulkAction
6801:             1             24  org.opensearch.ad.transport.ADSingleStreamResultAction
6802:             1             24  org.opensearch.ad.transport.ADStatsNodesAction
6803:             1             24  org.opensearch.ad.transport.ADTaskProfileAction
6804:             1             24  org.opensearch.ad.transport.AnomalyDetectorJobAction
6805:             1             24  org.opensearch.ad.transport.AnomalyResultAction
6806:             1             24  org.opensearch.ad.transport.CronAction
6807:             1             24  org.opensearch.ad.transport.DeleteADModelAction
6808:             1             24  org.opensearch.ad.transport.DeleteAnomalyDetectorAction
6809:             1             24  org.opensearch.ad.transport.DeleteAnomalyResultsAction
6810:             1             24  org.opensearch.ad.transport.EntityADResultAction
6811:             1             24  org.opensearch.ad.transport.ForwardADTaskAction
6812:             1             24  org.opensearch.ad.transport.GetAnomalyDetectorAction
6813:             1             24  org.opensearch.ad.transport.IndexAnomalyDetectorAction
6814:             1             24  org.opensearch.ad.transport.PreviewAnomalyDetectorAction
6815:             1             24  org.opensearch.ad.transport.RCFPollingAction
6816:             1             24  org.opensearch.ad.transport.RCFResultAction
6817:             1             24  org.opensearch.ad.transport.SearchADTasksAction
6818:             1             24  org.opensearch.ad.transport.SearchAnomalyDetectorAction
6819:             1             24  org.opensearch.ad.transport.SearchAnomalyDetectorInfoAction
6820:             1             24  org.opensearch.ad.transport.SearchAnomalyResultAction
6821:             1             24  org.opensearch.ad.transport.SearchTopAnomalyResultAction
6822:             1             24  org.opensearch.ad.transport.StatsAnomalyDetectorAction
6823:             1             24  org.opensearch.ad.transport.StopDetectorAction
6824:             1             24  org.opensearch.ad.transport.ThresholdResultAction
6825:             1             24  org.opensearch.ad.transport.ValidateAnomalyDetectorAction
6826:             1             24  org.opensearch.ad.transport.handler.ADIndexMemoryPressureAwareResultHandler
6827:             1             24  org.opensearch.ad.transport.handler.ADSearchHandler
6828:             1             24  org.opensearch.agent.ToolPlugin
6829:             1             24  org.opensearch.agent.tools.NeuralSparseSearchTool$Factory
6830:             1             24  org.opensearch.agent.tools.RAGTool$Factory
6831:             1             24  org.opensearch.agent.tools.SearchAnomalyDetectorsTool$Factory
6832:             1             24  org.opensearch.agent.tools.SearchAnomalyResultsTool$Factory
6833:             1             24  org.opensearch.agent.tools.VectorDBTool$Factory
6834:             1             24  org.opensearch.alerting.MonitorRunnerService
6835:             1             24  org.opensearch.alerting.WorkflowService
6836:             1             24  org.opensearch.alerting.action.DocLevelMonitorFanOutAction
6837:             1             24  org.opensearch.alerting.action.ExecuteMonitorAction
6838:             1             24  org.opensearch.alerting.action.ExecuteWorkflowAction
6839:             1             24  org.opensearch.alerting.action.GetDestinationsAction
6840:             1             24  org.opensearch.alerting.action.GetEmailAccountAction
6841:             1             24  org.opensearch.alerting.action.GetEmailGroupAction
6842:             1             24  org.opensearch.alerting.action.GetRemoteIndexesAction
6843:             1             24  org.opensearch.alerting.action.SearchEmailAccountAction
6844:             1             24  org.opensearch.alerting.action.SearchEmailGroupAction
6845:             1             24  org.opensearch.alerting.core.ScheduledJobIndices
6846:             1             24  org.opensearch.alerting.core.action.node.ScheduledJobsStatsAction
6847:             1             24  org.opensearch.alerting.core.lock.LockService
6848:             1             24  org.opensearch.alerting.core.resthandler.RestScheduledJobStatsHandler
6849:             1             24  org.opensearch.alerting.model.destination.DestinationContextFactory
6850:             1             24  org.opensearch.alerting.resthandler.RestAcknowledgeAlertAction
6851:             1             24  org.opensearch.alerting.resthandler.RestAcknowledgeChainedAlertAction
6852:             1             24  org.opensearch.alerting.resthandler.RestDeleteAlertingCommentAction
6853:             1             24  org.opensearch.alerting.resthandler.RestDeleteMonitorAction
6854:             1             24  org.opensearch.alerting.resthandler.RestDeleteWorkflowAction
6855:             1             24  org.opensearch.alerting.resthandler.RestExecuteMonitorAction
6856:             1             24  org.opensearch.alerting.resthandler.RestExecuteWorkflowAction
6857:             1             24  org.opensearch.alerting.resthandler.RestGetAlertsAction
6858:             1             24  org.opensearch.alerting.resthandler.RestGetDestinationsAction
6859:             1             24  org.opensearch.alerting.resthandler.RestGetEmailAccountAction
6860:             1             24  org.opensearch.alerting.resthandler.RestGetEmailGroupAction
6861:             1             24  org.opensearch.alerting.resthandler.RestGetFindingsAction
6862:             1             24  org.opensearch.alerting.resthandler.RestGetMonitorAction
6863:             1             24  org.opensearch.alerting.resthandler.RestGetRemoteIndexesAction
6864:             1             24  org.opensearch.alerting.resthandler.RestGetWorkflowAction
6865:             1             24  org.opensearch.alerting.resthandler.RestGetWorkflowAlertsAction
6866:             1             24  org.opensearch.alerting.resthandler.RestIndexAlertingCommentAction
6867:             1             24  org.opensearch.alerting.resthandler.RestIndexMonitorAction
6868:             1             24  org.opensearch.alerting.resthandler.RestIndexWorkflowAction
6869:             1             24  org.opensearch.alerting.resthandler.RestSearchAlertingCommentAction
6870:             1             24  org.opensearch.alerting.resthandler.RestSearchEmailAccountAction
6871:             1             24  org.opensearch.alerting.resthandler.RestSearchEmailGroupAction
6872:             1             24  org.opensearch.bootstrap.OpenSearchPolicy$SystemPolicy
6873:             1             24  org.opensearch.bootstrap.Spawner
6874:             1             24  org.opensearch.cli.Command$$Lambda/0x00007fcd280261f0
6875:             1             24  org.opensearch.cli.Terminal$SystemTerminal
6876:             1             24  org.opensearch.cluster.InternalClusterInfoService$IndicesStatsSummary
6877:             1             24  org.opensearch.cluster.action.index.MappingUpdatedAction$AdjustableSemaphore
6878:             1             24  org.opensearch.cluster.action.index.NodeMappingRefreshAction
6879:             1             24  org.opensearch.cluster.action.shard.ShardStateAction$ShardFailedTransportHandler
6880:             1             24  org.opensearch.cluster.action.shard.ShardStateAction$ShardStartedTransportHandler
6881:             1             24  org.opensearch.cluster.block.ClusterBlocks
6882:             1             24  org.opensearch.cluster.coordination.FollowersChecker$FastResponseState
6883:             1             24  org.opensearch.cluster.coordination.JoinHelper$$Lambda/0x00007fcd28cf7350
6884:             1             24  org.opensearch.cluster.coordination.JoinHelper$$Lambda/0x00007fcd28cf7788
6885:             1             24  org.opensearch.cluster.coordination.JoinHelper$$Lambda/0x00007fcd28cf7bc0
6886:             1             24  org.opensearch.cluster.coordination.JoinHelper$$Lambda/0x00007fcd28cf8000
6887:             1             24  org.opensearch.cluster.coordination.PublicationTransportHandler$$Lambda/0x00007fcd28cfbee8
6888:             1             24  org.opensearch.cluster.metadata.AutoExpandReplicas
6889:             1             24  org.opensearch.cluster.metadata.DiffableStringMap$DiffableStringMapDiff
6890:             1             24  org.opensearch.cluster.metadata.IndexMetadata$6
6891:             1             24  org.opensearch.cluster.metadata.Manifest$1
6892:             1             24  org.opensearch.cluster.metadata.Metadata$1
6893:             1             24  org.opensearch.cluster.node.DiscoveryNodeRole$1
6894:             1             24  org.opensearch.cluster.node.DiscoveryNodeRole$2
6895:             1             24  org.opensearch.cluster.node.DiscoveryNodeRole$3
6896:             1             24  org.opensearch.cluster.node.DiscoveryNodeRole$4
6897:             1             24  org.opensearch.cluster.node.DiscoveryNodeRole$5
6898:             1             24  org.opensearch.cluster.node.DiscoveryNodeRole$6
6899:             1             24  org.opensearch.cluster.routing.RoutingNodes$Recoveries
6900:             1             24  org.opensearch.cluster.routing.allocation.AwarenessReplicaBalance
6901:             1             24  org.opensearch.cluster.routing.allocation.decider.AwarenessAllocationDecider
6902:             1             24  org.opensearch.cluster.routing.allocation.decider.DiskThresholdDecider
6903:             1             24  org.opensearch.cluster.routing.allocation.decider.EnableAllocationDecider
6904:             1             24  org.opensearch.cluster.routing.allocation.decider.RemoteStoreMigrationAllocationDecider
6905:             1             24  org.opensearch.cluster.routing.allocation.decider.ShardsLimitAllocationDecider
6906:             1             24  org.opensearch.common.TimeBasedUUIDGenerator
6907:             1             24  org.opensearch.common.cache.service.CacheService
6908:             1             24  org.opensearch.common.cache.stats.ImmutableCacheStatsHolder
6909:             1             24  org.opensearch.common.cache.stats.ImmutableCacheStatsHolder$Node
6910:             1             24  org.opensearch.common.inject.Key$NullAnnotationStrategy
6911:             1             24  org.opensearch.common.lucene.ShardCoreKeyMap
6912:             1             24  org.opensearch.common.lucene.search.SpanBooleanQueryRewriteWithMaxClause
6913:             1             24  org.opensearch.common.path.PathTrie
6914:             1             24  org.opensearch.common.settings.ClusterSettings$LoggingSettingUpdater
6915:             1             24  org.opensearch.common.settings.Setting$$Lambda/0x00007fcd280caec0
6916:             1             24  org.opensearch.common.settings.SettingsFilter
6917:             1             24  org.opensearch.common.ssl.SslClientAuthenticationMode$1
6918:             1             24  org.opensearch.common.ssl.SslClientAuthenticationMode$2
6919:             1             24  org.opensearch.common.ssl.SslClientAuthenticationMode$3
6920:             1             24  org.opensearch.common.ssl.SslVerificationMode$1
6921:             1             24  org.opensearch.common.ssl.SslVerificationMode$2
6922:             1             24  org.opensearch.common.ssl.SslVerificationMode$3
6923:             1             24  org.opensearch.common.time.EpochTime$1
6924:             1             24  org.opensearch.common.time.EpochTime$2
6925:             1             24  org.opensearch.common.time.EpochTime$3
6926:             1             24  org.opensearch.common.time.EpochTime$4
6927:             1             24  org.opensearch.common.time.EpochTime$5
6928:             1             24  org.opensearch.common.time.RFC3339CompatibleDateTimeFormatter
6929:             1             24  org.opensearch.common.unit.SizeUnit$1
6930:             1             24  org.opensearch.common.unit.SizeUnit$2
6931:             1             24  org.opensearch.common.unit.SizeUnit$3
6932:             1             24  org.opensearch.common.unit.SizeUnit$4
6933:             1             24  org.opensearch.common.unit.SizeUnit$5
6934:             1             24  org.opensearch.common.unit.SizeUnit$6
6935:             1             24  org.opensearch.common.util.PageCacheRecycler$Type$1
6936:             1             24  org.opensearch.common.util.PageCacheRecycler$Type$2
6937:             1             24  org.opensearch.common.util.PageCacheRecycler$Type$3
6938:             1             24  org.opensearch.common.xcontent.ParseFieldRegistry
6939:             1             24  org.opensearch.commons.utils.HelpersKt$logger$1
6940:             1             24  org.opensearch.core.common.io.stream.ByteBufferStreamInput
6941:             1             24  org.opensearch.core.common.unit.ByteSizeUnit$1
6942:             1             24  org.opensearch.core.common.unit.ByteSizeUnit$2
6943:             1             24  org.opensearch.core.common.unit.ByteSizeUnit$3
6944:             1             24  org.opensearch.core.common.unit.ByteSizeUnit$4
6945:             1             24  org.opensearch.core.common.unit.ByteSizeUnit$5
6946:             1             24  org.opensearch.core.common.unit.ByteSizeUnit$6
6947:             1             24  org.opensearch.core.xcontent.ObjectParser$$Lambda/0x00007fcd287ef810
6948:             1             24  org.opensearch.core.xcontent.ObjectParser$$Lambda/0x00007fcd29095918
6949:             1             24  org.opensearch.core.xcontent.XContentLocation
6950:             1             24  org.opensearch.core.xcontent.XContentParser$Token$1
6951:             1             24  org.opensearch.core.xcontent.XContentParser$Token$10
6952:             1             24  org.opensearch.core.xcontent.XContentParser$Token$2
6953:             1             24  org.opensearch.core.xcontent.XContentParser$Token$3
6954:             1             24  org.opensearch.core.xcontent.XContentParser$Token$4
6955:             1             24  org.opensearch.core.xcontent.XContentParser$Token$5
6956:             1             24  org.opensearch.core.xcontent.XContentParser$Token$6
6957:             1             24  org.opensearch.core.xcontent.XContentParser$Token$7
6958:             1             24  org.opensearch.core.xcontent.XContentParser$Token$8
6959:             1             24  org.opensearch.core.xcontent.XContentParser$Token$9
6960:             1             24  org.opensearch.crypto.CryptoHandlerRegistry
6961:             1             24  org.opensearch.discovery.HandshakingTransportAddressConnector
6962:             1             24  org.opensearch.env.NodeMetadata
6963:             1             24  org.opensearch.env.NodeMetadata$NodeMetadataStateFormat
6964:             1             24  org.opensearch.env.OpenSearchFileStore
6965:             1             24  org.opensearch.flowframework.rest.RestCreateWorkflowAction
6966:             1             24  org.opensearch.flowframework.rest.RestDeleteWorkflowAction
6967:             1             24  org.opensearch.flowframework.rest.RestDeprovisionWorkflowAction
6968:             1             24  org.opensearch.flowframework.rest.RestGetWorkflowAction
6969:             1             24  org.opensearch.flowframework.rest.RestGetWorkflowStateAction
6970:             1             24  org.opensearch.flowframework.rest.RestGetWorkflowStepAction
6971:             1             24  org.opensearch.flowframework.rest.RestProvisionWorkflowAction
6972:             1             24  org.opensearch.flowframework.transport.CreateWorkflowAction
6973:             1             24  org.opensearch.flowframework.transport.DeleteWorkflowAction
6974:             1             24  org.opensearch.flowframework.transport.DeprovisionWorkflowAction
6975:             1             24  org.opensearch.flowframework.transport.GetWorkflowAction
6976:             1             24  org.opensearch.flowframework.transport.GetWorkflowStateAction
6977:             1             24  org.opensearch.flowframework.transport.GetWorkflowStepAction
6978:             1             24  org.opensearch.flowframework.transport.ProvisionWorkflowAction
6979:             1             24  org.opensearch.flowframework.transport.SearchWorkflowAction
6980:             1             24  org.opensearch.flowframework.transport.SearchWorkflowStateAction
6981:             1             24  org.opensearch.flowframework.workflow.WorkflowStepFactory$$Lambda/0x00007fcd28a4deb0
6982:             1             24  org.opensearch.flowframework.workflow.WorkflowStepFactory$$Lambda/0x00007fcd28a4e0d0
6983:             1             24  org.opensearch.flowframework.workflow.WorkflowStepFactory$$Lambda/0x00007fcd28a4e950
6984:             1             24  org.opensearch.flowframework.workflow.WorkflowStepFactory$$Lambda/0x00007fcd28a4f1d0
6985:             1             24  org.opensearch.flowframework.workflow.WorkflowStepFactory$$Lambda/0x00007fcd28a4f610
6986:             1             24  org.opensearch.flowframework.workflow.WorkflowStepFactory$$Lambda/0x00007fcd28a4fc80
6987:             1             24  org.opensearch.flowframework.workflow.WorkflowStepFactory$$Lambda/0x00007fcd28a50220
6988:             1             24  org.opensearch.flowframework.workflow.WorkflowStepFactory$$Lambda/0x00007fcd28a50440
6989:             1             24  org.opensearch.forecast.ratelimit.ForecastSaveResultStrategy
6990:             1             24  org.opensearch.forecast.rest.RestDeleteForecasterAction
6991:             1             24  org.opensearch.forecast.rest.RestForecasterJobAction
6992:             1             24  org.opensearch.forecast.rest.RestForecasterSuggestAction
6993:             1             24  org.opensearch.forecast.rest.RestGetForecasterAction
6994:             1             24  org.opensearch.forecast.rest.RestRunOnceForecasterAction
6995:             1             24  org.opensearch.forecast.rest.RestSearchForecasterInfoAction
6996:             1             24  org.opensearch.forecast.rest.RestSearchTopForecastResultAction
6997:             1             24  org.opensearch.forecast.settings.ForecastEnabledSetting
6998:             1             24  org.opensearch.forecast.settings.ForecastNumericSetting
6999:             1             24  org.opensearch.forecast.stats.ForecastModelsOnNodeSupplier
7000:             1             24  org.opensearch.forecast.transport.DeleteForecastModelAction
7001:             1             24  org.opensearch.forecast.transport.DeleteForecasterAction
7002:             1             24  org.opensearch.forecast.transport.EntityForecastResultAction
7003:             1             24  org.opensearch.forecast.transport.ForecastEntityProfileAction
7004:             1             24  org.opensearch.forecast.transport.ForecastProfileAction
7005:             1             24  org.opensearch.forecast.transport.ForecastResultAction
7006:             1             24  org.opensearch.forecast.transport.ForecastResultBulkAction
7007:             1             24  org.opensearch.forecast.transport.ForecastRunOnceAction
7008:             1             24  org.opensearch.forecast.transport.ForecastRunOnceProfileAction
7009:             1             24  org.opensearch.forecast.transport.ForecastSingleStreamResultAction
7010:             1             24  org.opensearch.forecast.transport.ForecastStatsNodesAction
7011:             1             24  org.opensearch.forecast.transport.ForecasterJobAction
7012:             1             24  org.opensearch.forecast.transport.GetForecasterAction
7013:             1             24  org.opensearch.forecast.transport.IndexForecasterAction
7014:             1             24  org.opensearch.forecast.transport.SearchForecastTasksAction
7015:             1             24  org.opensearch.forecast.transport.SearchForecasterAction
7016:             1             24  org.opensearch.forecast.transport.SearchForecasterInfoAction
7017:             1             24  org.opensearch.forecast.transport.SearchTopForecastResultAction
7018:             1             24  org.opensearch.forecast.transport.StatsForecasterAction
7019:             1             24  org.opensearch.forecast.transport.StopForecasterAction
7020:             1             24  org.opensearch.forecast.transport.SuggestForecasterParamAction
7021:             1             24  org.opensearch.forecast.transport.ValidateForecasterAction
7022:             1             24  org.opensearch.forecast.transport.handler.ForecastIndexMemoryPressureAwareResultHandler
7023:             1             24  org.opensearch.forecast.transport.handler.ForecastSearchHandler
7024:             1             24  org.opensearch.gateway.GatewayAllocator$InternalPrimaryShardAllocator
7025:             1             24  org.opensearch.gateway.GatewayAllocator$InternalReplicaShardAllocator
7026:             1             24  org.opensearch.gateway.GatewayService$$Lambda/0x00007fcd28ddc838
7027:             1             24  org.opensearch.gateway.PersistedClusterStateService$MetadataIndexWriter
7028:             1             24  org.opensearch.gateway.ShardsBatchGatewayAllocator$InternalPrimaryBatchShardAllocator
7029:             1             24  org.opensearch.gateway.ShardsBatchGatewayAllocator$InternalReplicaBatchShardAllocator
7030:             1             24  org.opensearch.geospatial.action.upload.geojson.UploadGeoJSONAction
7031:             1             24  org.opensearch.geospatial.ip2geo.action.DeleteDatasourceAction
7032:             1             24  org.opensearch.geospatial.ip2geo.action.GetDatasourceAction
7033:             1             24  org.opensearch.geospatial.ip2geo.action.PutDatasourceAction
7034:             1             24  org.opensearch.geospatial.ip2geo.action.RestDeleteDatasourceHandler
7035:             1             24  org.opensearch.geospatial.ip2geo.action.RestGetDatasourceHandler
7036:             1             24  org.opensearch.geospatial.ip2geo.action.RestUpdateDatasourceHandler
7037:             1             24  org.opensearch.geospatial.ip2geo.action.UpdateDatasourceAction
7038:             1             24  org.opensearch.geospatial.ip2geo.common.Ip2GeoLockService
7039:             1             24  org.opensearch.geospatial.ip2geo.dao.DatasourceDao
7040:             1             24  org.opensearch.geospatial.rest.action.upload.geojson.RestUploadGeoJSONAction
7041:             1             24  org.opensearch.geospatial.stats.upload.RestUploadStatsAction
7042:             1             24  org.opensearch.geospatial.stats.upload.UploadStats
7043:             1             24  org.opensearch.geospatial.stats.upload.UploadStatsAction
7044:             1             24  org.opensearch.http.HttpTracer
7045:             1             24  org.opensearch.http.netty4.Netty4HttpRequestCreator
7046:             1             24  org.opensearch.http.netty4.Netty4HttpRequestHandler
7047:             1             24  org.opensearch.http.netty4.Netty4HttpResponseCreator
7048:             1             24  org.opensearch.http.netty4.Netty4HttpServerChannel
7049:             1             24  org.opensearch.http.netty4.Netty4HttpServerTransport$ServerChannelExceptionHandler
7050:             1             24  org.opensearch.index.SegmentReplicationStatsTracker
7051:             1             24  org.opensearch.index.analysis.AnalysisRegistry$Component$1
7052:             1             24  org.opensearch.index.analysis.AnalysisRegistry$Component$2
7053:             1             24  org.opensearch.index.analysis.AnalysisRegistry$Component$3
7054:             1             24  org.opensearch.index.analysis.AnalysisRegistry$Component$4
7055:             1             24  org.opensearch.index.analysis.AnalysisRegistry$Component$5
7056:             1             24  org.opensearch.index.analysis.PreConfiguredCharFilter$2
7057:             1             24  org.opensearch.index.codec.customcodecs.QatDeflate99Codec
7058:             1             24  org.opensearch.index.codec.customcodecs.QatLz499Codec
7059:             1             24  org.opensearch.index.codec.customcodecs.Zstd99Codec
7060:             1             24  org.opensearch.index.codec.customcodecs.ZstdNoDict99Codec
7061:             1             24  org.opensearch.index.codec.customcodecs.backward_codecs.Zstd95Codec
7062:             1             24  org.opensearch.index.codec.customcodecs.backward_codecs.Zstd95DeprecatedCodec
7063:             1             24  org.opensearch.index.codec.customcodecs.backward_codecs.ZstdNoDict95Codec
7064:             1             24  org.opensearch.index.codec.fuzzy.FuzzyFilterPostingsFormat
7065:             1             24  org.opensearch.index.mapper.DynamicTemplate$MatchType$1
7066:             1             24  org.opensearch.index.mapper.DynamicTemplate$MatchType$2
7067:             1             24  org.opensearch.index.mapper.DynamicTemplate$XContentFieldType$1
7068:             1             24  org.opensearch.index.mapper.DynamicTemplate$XContentFieldType$2
7069:             1             24  org.opensearch.index.mapper.DynamicTemplate$XContentFieldType$3
7070:             1             24  org.opensearch.index.mapper.DynamicTemplate$XContentFieldType$4
7071:             1             24  org.opensearch.index.mapper.DynamicTemplate$XContentFieldType$5
7072:             1             24  org.opensearch.index.mapper.DynamicTemplate$XContentFieldType$6
7073:             1             24  org.opensearch.index.mapper.DynamicTemplate$XContentFieldType$7
7074:             1             24  org.opensearch.index.mapper.ObjectMapper$Nested
7075:             1             24  org.opensearch.index.mapper.RangeType$LengthType$1
7076:             1             24  org.opensearch.index.mapper.RangeType$LengthType$2
7077:             1             24  org.opensearch.index.mapper.RangeType$LengthType$3
7078:             1             24  org.opensearch.index.mapper.RangeType$LengthType$4
7079:             1             24  org.opensearch.index.rankeval.RankEvalAction
7080:             1             24  org.opensearch.index.rankeval.RestRankEvalAction
7081:             1             24  org.opensearch.index.reindex.DeleteByQueryAction
7082:             1             24  org.opensearch.index.reindex.ReindexAction
7083:             1             24  org.opensearch.index.reindex.ReindexSslConfig
7084:             1             24  org.opensearch.index.reindex.RestDeleteByQueryAction
7085:             1             24  org.opensearch.index.reindex.RestDeleteByQueryAction
7086:             1             24  org.opensearch.index.reindex.RestReindexAction
7087:             1             24  org.opensearch.index.reindex.RestRethrottleAction
7088:             1             24  org.opensearch.index.reindex.RestUpdateByQueryAction
7089:             1             24  org.opensearch.index.reindex.RethrottleAction
7090:             1             24  org.opensearch.index.reindex.UpdateByQueryAction
7091:             1             24  org.opensearch.index.remote.RemoteStorePressureService
7092:             1             24  org.opensearch.index.remote.RemoteStoreStatsTrackerFactory
7093:             1             24  org.opensearch.index.seqno.RetentionLeaseActions$Add
7094:             1             24  org.opensearch.index.seqno.RetentionLeaseActions$Remove
7095:             1             24  org.opensearch.index.seqno.RetentionLeaseActions$Renew
7096:             1             24  org.opensearch.index.seqno.RetentionLeases$1
7097:             1             24  org.opensearch.index.shard.PrimaryReplicaSyncer
7098:             1             24  org.opensearch.index.shard.ShardStateMetadata$1
7099:             1             24  org.opensearch.index.store.RemoteSegmentStoreDirectoryFactory
7100:             1             24  org.opensearch.index.store.remote.directory.RemoteSnapshotDirectoryFactory
7101:             1             24  org.opensearch.indexmanagement.controlcenter.notification.ControlCenterIndices
7102:             1             24  org.opensearch.indexmanagement.controlcenter.notification.action.delete.DeleteLRONConfigAction
7103:             1             24  org.opensearch.indexmanagement.controlcenter.notification.action.get.GetLRONConfigAction
7104:             1             24  org.opensearch.indexmanagement.controlcenter.notification.action.index.IndexLRONConfigAction
7105:             1             24  org.opensearch.indexmanagement.controlcenter.notification.resthandler.RestDeleteLRONConfigAction
7106:             1             24  org.opensearch.indexmanagement.controlcenter.notification.resthandler.RestGetLRONConfigAction
7107:             1             24  org.opensearch.indexmanagement.controlcenter.notification.resthandler.RestIndexLRONConfigAction
7108:             1             24  org.opensearch.indexmanagement.indexstatemanagement.ExtensionStatusChecker
7109:             1             24  org.opensearch.indexmanagement.indexstatemanagement.ISMActionsParser
7110:             1             24  org.opensearch.indexmanagement.indexstatemanagement.SkipExecution
7111:             1             24  org.opensearch.indexmanagement.indexstatemanagement.action.AliasActionParser
7112:             1             24  org.opensearch.indexmanagement.indexstatemanagement.resthandler.RestAddPolicyAction
7113:             1             24  org.opensearch.indexmanagement.indexstatemanagement.resthandler.RestChangePolicyAction
7114:             1             24  org.opensearch.indexmanagement.indexstatemanagement.resthandler.RestDeletePolicyAction
7115:             1             24  org.opensearch.indexmanagement.indexstatemanagement.resthandler.RestExplainAction
7116:             1             24  org.opensearch.indexmanagement.indexstatemanagement.resthandler.RestGetPolicyAction
7117:             1             24  org.opensearch.indexmanagement.indexstatemanagement.resthandler.RestRemovePolicyAction
7118:             1             24  org.opensearch.indexmanagement.indexstatemanagement.resthandler.RestRetryFailedManagedIndexAction
7119:             1             24  org.opensearch.indexmanagement.indexstatemanagement.transport.action.addpolicy.AddPolicyAction
7120:             1             24  org.opensearch.indexmanagement.indexstatemanagement.transport.action.changepolicy.ChangePolicyAction
7121:             1             24  org.opensearch.indexmanagement.indexstatemanagement.transport.action.deletepolicy.DeletePolicyAction
7122:             1             24  org.opensearch.indexmanagement.indexstatemanagement.transport.action.explain.ExplainAction
7123:             1             24  org.opensearch.indexmanagement.indexstatemanagement.transport.action.getpolicy.GetPoliciesAction
7124:             1             24  org.opensearch.indexmanagement.indexstatemanagement.transport.action.getpolicy.GetPolicyAction
7125:             1             24  org.opensearch.indexmanagement.indexstatemanagement.transport.action.indexpolicy.IndexPolicyAction
7126:             1             24  org.opensearch.indexmanagement.indexstatemanagement.transport.action.managedIndex.ManagedIndexAction
7127:             1             24  org.opensearch.indexmanagement.indexstatemanagement.transport.action.removepolicy.RemovePolicyAction
7128:             1             24  org.opensearch.indexmanagement.indexstatemanagement.transport.action.retryfailedmanagedindex.RetryFailedManagedIndexAction
7129:             1             24  org.opensearch.indexmanagement.indexstatemanagement.transport.action.updateindexmetadata.UpdateManagedIndexMetaDataAction
7130:             1             24  org.opensearch.indexmanagement.indexstatemanagement.validation.ActionValidation
7131:             1             24  org.opensearch.indexmanagement.refreshanalyzer.RefreshSearchAnalyzerAction
7132:             1             24  org.opensearch.indexmanagement.refreshanalyzer.RestRefreshSearchAnalyzerAction
7133:             1             24  org.opensearch.indexmanagement.rollup.RollupIndexer
7134:             1             24  org.opensearch.indexmanagement.rollup.RollupMetadataService
7135:             1             24  org.opensearch.indexmanagement.rollup.action.delete.DeleteRollupAction
7136:             1             24  org.opensearch.indexmanagement.rollup.action.explain.ExplainRollupAction
7137:             1             24  org.opensearch.indexmanagement.rollup.action.get.GetRollupAction
7138:             1             24  org.opensearch.indexmanagement.rollup.action.get.GetRollupsAction
7139:             1             24  org.opensearch.indexmanagement.rollup.action.index.IndexRollupAction
7140:             1             24  org.opensearch.indexmanagement.rollup.action.mapping.UpdateRollupMappingAction
7141:             1             24  org.opensearch.indexmanagement.rollup.action.start.StartRollupAction
7142:             1             24  org.opensearch.indexmanagement.rollup.action.stop.StopRollupAction
7143:             1             24  org.opensearch.indexmanagement.rollup.resthandler.RestDeleteRollupAction
7144:             1             24  org.opensearch.indexmanagement.rollup.resthandler.RestExplainRollupAction
7145:             1             24  org.opensearch.indexmanagement.rollup.resthandler.RestGetRollupAction
7146:             1             24  org.opensearch.indexmanagement.rollup.resthandler.RestIndexRollupAction
7147:             1             24  org.opensearch.indexmanagement.rollup.resthandler.RestStartRollupAction
7148:             1             24  org.opensearch.indexmanagement.rollup.resthandler.RestStopRollupAction
7149:             1             24  org.opensearch.indexmanagement.snapshotmanagement.api.resthandler.RestCreateSMPolicyHandler
7150:             1             24  org.opensearch.indexmanagement.snapshotmanagement.api.resthandler.RestDeleteSMPolicyHandler
7151:             1             24  org.opensearch.indexmanagement.snapshotmanagement.api.resthandler.RestExplainSMPolicyHandler
7152:             1             24  org.opensearch.indexmanagement.snapshotmanagement.api.resthandler.RestGetSMPolicyHandler
7153:             1             24  org.opensearch.indexmanagement.snapshotmanagement.api.resthandler.RestStartSMPolicyHandler
7154:             1             24  org.opensearch.indexmanagement.snapshotmanagement.api.resthandler.RestStopSMPolicyHandler
7155:             1             24  org.opensearch.indexmanagement.snapshotmanagement.api.resthandler.RestUpdateSMPolicyHandler
7156:             1             24  org.opensearch.indexmanagement.transform.TransformMetadataService
7157:             1             24  org.opensearch.indexmanagement.transform.action.delete.DeleteTransformsAction
7158:             1             24  org.opensearch.indexmanagement.transform.action.explain.ExplainTransformAction
7159:             1             24  org.opensearch.indexmanagement.transform.action.get.GetTransformAction
7160:             1             24  org.opensearch.indexmanagement.transform.action.get.GetTransformsAction
7161:             1             24  org.opensearch.indexmanagement.transform.action.index.IndexTransformAction
7162:             1             24  org.opensearch.indexmanagement.transform.action.preview.PreviewTransformAction
7163:             1             24  org.opensearch.indexmanagement.transform.action.start.StartTransformAction
7164:             1             24  org.opensearch.indexmanagement.transform.action.stop.StopTransformAction
7165:             1             24  org.opensearch.indexmanagement.transform.resthandler.RestDeleteTransformAction
7166:             1             24  org.opensearch.indexmanagement.transform.resthandler.RestExplainTransformAction
7167:             1             24  org.opensearch.indexmanagement.transform.resthandler.RestGetTransformAction
7168:             1             24  org.opensearch.indexmanagement.transform.resthandler.RestIndexTransformAction
7169:             1             24  org.opensearch.indexmanagement.transform.resthandler.RestPreviewTransformAction
7170:             1             24  org.opensearch.indexmanagement.transform.resthandler.RestStartTransformAction
7171:             1             24  org.opensearch.indexmanagement.transform.resthandler.RestStopTransformAction
7172:             1             24  org.opensearch.indices.IndexingMemoryController$ShardsIndicesStatusChecker
7173:             1             24  org.opensearch.indices.IndicesService$1
7174:             1             24  org.opensearch.indices.SystemIndices
7175:             1             24  org.opensearch.indices.analysis.AnalysisModule
7176:             1             24  org.opensearch.indices.analysis.HunspellService$$Lambda/0x00007fcd28657528
7177:             1             24  org.opensearch.indices.fielddata.cache.IndicesFieldDataCache
7178:             1             24  org.opensearch.indices.recovery.PeerRecoveryTargetService$FileChunkTransportRequestHandler
7179:             1             24  org.opensearch.indices.replication.OngoingSegmentReplications
7180:             1             24  org.opensearch.indices.replication.SegmentReplicationSourceFactory
7181:             1             24  org.opensearch.indices.replication.SegmentReplicationTargetService$FileChunkTransportRequestHandler
7182:             1             24  org.opensearch.ingest.common.GrokProcessor$Factory
7183:             1             24  org.opensearch.ingest.common.GrokProcessorGetAction
7184:             1             24  org.opensearch.ingest.common.GrokProcessorGetAction$RestAction
7185:             1             24  org.opensearch.ingest.geoip.GeoIpProcessor$Factory
7186:             1             24  org.opensearch.knn.index.KNNCircuitBreaker
7187:             1             24  org.opensearch.knn.index.KNNCircuitBreaker$$Lambda/0x00007fcd2890fd68
7188:             1             24  org.opensearch.knn.index.KNNSettings
7189:             1             24  org.opensearch.knn.index.codec.KNN80Codec.KNN80Codec$1
7190:             1             24  org.opensearch.knn.index.codec.KNN84Codec.KNN84Codec$1
7191:             1             24  org.opensearch.knn.index.codec.KNN86Codec.KNN86Codec$1
7192:             1             24  org.opensearch.knn.index.codec.KNN910Codec.KNN910Codec
7193:             1             24  org.opensearch.knn.index.memory.NativeMemoryLoadStrategy$IndexLoadStrategy
7194:             1             24  org.opensearch.knn.index.memory.NativeMemoryLoadStrategy$TrainingLoadStrategy
7195:             1             24  org.opensearch.knn.indices.ModelDao$OpenSearchKNNModelDao
7196:             1             24  org.opensearch.knn.plugin.KNNPlugin
7197:             1             24  org.opensearch.knn.plugin.rest.RestDeleteModelHandler
7198:             1             24  org.opensearch.knn.plugin.rest.RestGetModelHandler
7199:             1             24  org.opensearch.knn.plugin.rest.RestKNNStatsHandler
7200:             1             24  org.opensearch.knn.plugin.rest.RestSearchModelHandler
7201:             1             24  org.opensearch.knn.plugin.rest.RestTrainModelHandler
7202:             1             24  org.opensearch.knn.plugin.transport.ClearCacheAction
7203:             1             24  org.opensearch.knn.plugin.transport.DeleteModelAction
7204:             1             24  org.opensearch.knn.plugin.transport.GetModelAction
7205:             1             24  org.opensearch.knn.plugin.transport.KNNStatsAction
7206:             1             24  org.opensearch.knn.plugin.transport.KNNWarmupAction
7207:             1             24  org.opensearch.knn.plugin.transport.RemoveModelFromCacheAction
7208:             1             24  org.opensearch.knn.plugin.transport.SearchModelAction
7209:             1             24  org.opensearch.knn.plugin.transport.TrainingJobRouteDecisionInfoAction
7210:             1             24  org.opensearch.knn.plugin.transport.TrainingJobRouterAction
7211:             1             24  org.opensearch.knn.plugin.transport.TrainingModelAction
7212:             1             24  org.opensearch.knn.plugin.transport.UpdateModelGraveyardAction
7213:             1             24  org.opensearch.knn.plugin.transport.UpdateModelMetadataAction
7214:             1             24  org.opensearch.knn.training.TrainingJobClusterStateListener
7215:             1             24  org.opensearch.knn.training.VectorReader
7216:             1             24  org.opensearch.ml.action.profile.MLProfileAction
7217:             1             24  org.opensearch.ml.action.stats.MLStatsNodesAction
7218:             1             24  org.opensearch.ml.breaker.DiskCircuitBreaker
7219:             1             24  org.opensearch.ml.breaker.MemoryCircuitBreaker
7220:             1             24  org.opensearch.ml.common.transport.agent.MLAgentDeleteAction
7221:             1             24  org.opensearch.ml.common.transport.agent.MLAgentGetAction
7222:             1             24  org.opensearch.ml.common.transport.agent.MLRegisterAgentAction
7223:             1             24  org.opensearch.ml.common.transport.agent.MLSearchAgentAction
7224:             1             24  org.opensearch.ml.common.transport.config.MLConfigGetAction
7225:             1             24  org.opensearch.ml.common.transport.connector.MLConnectorDeleteAction
7226:             1             24  org.opensearch.ml.common.transport.connector.MLConnectorGetAction
7227:             1             24  org.opensearch.ml.common.transport.connector.MLConnectorSearchAction
7228:             1             24  org.opensearch.ml.common.transport.connector.MLCreateConnectorAction
7229:             1             24  org.opensearch.ml.common.transport.connector.MLExecuteConnectorAction
7230:             1             24  org.opensearch.ml.common.transport.connector.MLUpdateConnectorAction
7231:             1             24  org.opensearch.ml.common.transport.controller.MLControllerDeleteAction
7232:             1             24  org.opensearch.ml.common.transport.controller.MLControllerGetAction
7233:             1             24  org.opensearch.ml.common.transport.controller.MLCreateControllerAction
7234:             1             24  org.opensearch.ml.common.transport.controller.MLDeployControllerAction
7235:             1             24  org.opensearch.ml.common.transport.controller.MLUndeployControllerAction
7236:             1             24  org.opensearch.ml.common.transport.controller.MLUpdateControllerAction
7237:             1             24  org.opensearch.ml.common.transport.deploy.MLDeployModelAction
7238:             1             24  org.opensearch.ml.common.transport.deploy.MLDeployModelOnNodeAction
7239:             1             24  org.opensearch.ml.common.transport.execute.MLExecuteTaskAction
7240:             1             24  org.opensearch.ml.common.transport.forward.MLForwardAction
7241:             1             24  org.opensearch.ml.common.transport.model.MLModelDeleteAction
7242:             1             24  org.opensearch.ml.common.transport.model.MLModelGetAction
7243:             1             24  org.opensearch.ml.common.transport.model.MLModelSearchAction
7244:             1             24  org.opensearch.ml.common.transport.model.MLUpdateModelAction
7245:             1             24  org.opensearch.ml.common.transport.model_group.MLModelGroupDeleteAction
7246:             1             24  org.opensearch.ml.common.transport.model_group.MLModelGroupGetAction
7247:             1             24  org.opensearch.ml.common.transport.model_group.MLModelGroupSearchAction
7248:             1             24  org.opensearch.ml.common.transport.model_group.MLRegisterModelGroupAction
7249:             1             24  org.opensearch.ml.common.transport.model_group.MLUpdateModelGroupAction
7250:             1             24  org.opensearch.ml.common.transport.prediction.MLPredictionTaskAction
7251:             1             24  org.opensearch.ml.common.transport.register.MLRegisterModelAction
7252:             1             24  org.opensearch.ml.common.transport.sync.MLSyncUpAction
7253:             1             24  org.opensearch.ml.common.transport.task.MLTaskDeleteAction
7254:             1             24  org.opensearch.ml.common.transport.task.MLTaskGetAction
7255:             1             24  org.opensearch.ml.common.transport.task.MLTaskSearchAction
7256:             1             24  org.opensearch.ml.common.transport.tools.MLGetToolAction
7257:             1             24  org.opensearch.ml.common.transport.tools.MLListToolsAction
7258:             1             24  org.opensearch.ml.common.transport.training.MLTrainingTaskAction
7259:             1             24  org.opensearch.ml.common.transport.trainpredict.MLTrainAndPredictionTaskAction
7260:             1             24  org.opensearch.ml.common.transport.undeploy.MLUndeployModelAction
7261:             1             24  org.opensearch.ml.common.transport.undeploy.MLUndeployModelsAction
7262:             1             24  org.opensearch.ml.common.transport.update_cache.MLUpdateModelCacheAction
7263:             1             24  org.opensearch.ml.common.transport.upload_chunk.MLRegisterModelMetaAction
7264:             1             24  org.opensearch.ml.common.transport.upload_chunk.MLUploadModelChunkAction
7265:             1             24  org.opensearch.ml.engine.algorithms.sample.LocalSampleCalculator
7266:             1             24  org.opensearch.ml.engine.indices.MLIndicesHandler
7267:             1             24  org.opensearch.ml.engine.memory.MLMemoryManager
7268:             1             24  org.opensearch.ml.engine.tools.CatIndexTool$Factory
7269:             1             24  org.opensearch.ml.engine.tools.SearchIndexTool$Factory
7270:             1             24  org.opensearch.ml.memory.action.conversation.CreateConversationAction
7271:             1             24  org.opensearch.ml.memory.action.conversation.CreateInteractionAction
7272:             1             24  org.opensearch.ml.memory.action.conversation.DeleteConversationAction
7273:             1             24  org.opensearch.ml.memory.action.conversation.GetConversationAction
7274:             1             24  org.opensearch.ml.memory.action.conversation.GetConversationsAction
7275:             1             24  org.opensearch.ml.memory.action.conversation.GetInteractionAction
7276:             1             24  org.opensearch.ml.memory.action.conversation.GetInteractionsAction
7277:             1             24  org.opensearch.ml.memory.action.conversation.GetTracesAction
7278:             1             24  org.opensearch.ml.memory.action.conversation.SearchConversationsAction
7279:             1             24  org.opensearch.ml.memory.action.conversation.SearchInteractionsAction
7280:             1             24  org.opensearch.ml.memory.action.conversation.UpdateConversationAction
7281:             1             24  org.opensearch.ml.memory.action.conversation.UpdateInteractionAction
7282:             1             24  org.opensearch.ml.memory.index.OpenSearchConversationalMemoryHandler
7283:             1             24  org.opensearch.ml.model.MLModelCacheHelper
7284:             1             24  org.opensearch.ml.processor.MLInferenceIngestProcessor$Factory
7285:             1             24  org.opensearch.ml.rest.RestMLCreateConnectorAction
7286:             1             24  org.opensearch.ml.rest.RestMLCreateControllerAction
7287:             1             24  org.opensearch.ml.rest.RestMLDeleteAgentAction
7288:             1             24  org.opensearch.ml.rest.RestMLDeleteConnectorAction
7289:             1             24  org.opensearch.ml.rest.RestMLDeleteControllerAction
7290:             1             24  org.opensearch.ml.rest.RestMLDeleteModelAction
7291:             1             24  org.opensearch.ml.rest.RestMLDeleteModelGroupAction
7292:             1             24  org.opensearch.ml.rest.RestMLDeleteTaskAction
7293:             1             24  org.opensearch.ml.rest.RestMLDeployModelAction
7294:             1             24  org.opensearch.ml.rest.RestMLExecuteAction
7295:             1             24  org.opensearch.ml.rest.RestMLGetAgentAction
7296:             1             24  org.opensearch.ml.rest.RestMLGetConfigAction
7297:             1             24  org.opensearch.ml.rest.RestMLGetConnectorAction
7298:             1             24  org.opensearch.ml.rest.RestMLGetControllerAction
7299:             1             24  org.opensearch.ml.rest.RestMLGetModelAction
7300:             1             24  org.opensearch.ml.rest.RestMLGetModelGroupAction
7301:             1             24  org.opensearch.ml.rest.RestMLGetTaskAction
7302:             1             24  org.opensearch.ml.rest.RestMLGetToolAction
7303:             1             24  org.opensearch.ml.rest.RestMLListToolsAction
7304:             1             24  org.opensearch.ml.rest.RestMLProfileAction
7305:             1             24  org.opensearch.ml.rest.RestMLRegisterAgentAction
7306:             1             24  org.opensearch.ml.rest.RestMLRegisterModelAction
7307:             1             24  org.opensearch.ml.rest.RestMLRegisterModelGroupAction
7308:             1             24  org.opensearch.ml.rest.RestMLRegisterModelMetaAction
7309:             1             24  org.opensearch.ml.rest.RestMLTrainAndPredictAction
7310:             1             24  org.opensearch.ml.rest.RestMLTrainingAction
7311:             1             24  org.opensearch.ml.rest.RestMLUpdateConnectorAction
7312:             1             24  org.opensearch.ml.rest.RestMLUpdateControllerAction
7313:             1             24  org.opensearch.ml.rest.RestMLUpdateModelAction
7314:             1             24  org.opensearch.ml.rest.RestMLUpdateModelGroupAction
7315:             1             24  org.opensearch.ml.rest.RestMLUploadModelChunkAction
7316:             1             24  org.opensearch.ml.rest.RestMemoryCreateConversationAction
7317:             1             24  org.opensearch.ml.rest.RestMemoryCreateInteractionAction
7318:             1             24  org.opensearch.ml.rest.RestMemoryDeleteConversationAction
7319:             1             24  org.opensearch.ml.rest.RestMemoryGetConversationAction
7320:             1             24  org.opensearch.ml.rest.RestMemoryGetConversationsAction
7321:             1             24  org.opensearch.ml.rest.RestMemoryGetInteractionAction
7322:             1             24  org.opensearch.ml.rest.RestMemoryGetInteractionsAction
7323:             1             24  org.opensearch.ml.rest.RestMemoryGetTracesAction
7324:             1             24  org.opensearch.ml.rest.RestMemorySearchInteractionsAction
7325:             1             24  org.opensearch.ml.rest.RestMemoryUpdateConversationAction
7326:             1             24  org.opensearch.ml.rest.RestMemoryUpdateInteractionAction
7327:             1             24  org.opensearch.ml.stats.MLStats
7328:             1             24  org.opensearch.ml.utils.IndexUtils
7329:             1             24  org.opensearch.monitor.fs.FsHealthService$FsHealthMonitor
7330:             1             24  org.opensearch.monitor.fs.FsProbe
7331:             1             24  org.opensearch.monitor.jvm.JvmGcMonitorService$GcOverheadThreshold
7332:             1             24  org.opensearch.monitor.os.OsProbe
7333:             1             24  org.opensearch.monitor.process.ProcessService
7334:             1             24  org.opensearch.neuralsearch.processor.NormalizationProcessorWorkflow
7335:             1             24  org.opensearch.neuralsearch.processor.combination.ArithmeticMeanScoreCombinationTechnique
7336:             1             24  org.opensearch.neuralsearch.processor.factory.NormalizationProcessorFactory
7337:             1             24  org.opensearch.neuralsearch.processor.factory.RerankProcessorFactory
7338:             1             24  org.opensearch.neuralsearch.processor.factory.SparseEncodingProcessorFactory
7339:             1             24  org.opensearch.neuralsearch.processor.factory.TextChunkingProcessorFactory
7340:             1             24  org.opensearch.neuralsearch.processor.factory.TextEmbeddingProcessorFactory
7341:             1             24  org.opensearch.neuralsearch.processor.factory.TextImageEmbeddingProcessorFactory
7342:             1             24  org.opensearch.neuralsearch.search.query.HybridQueryPhaseSearcher$ConcurrentQueryPhaseSearcherWithEmptyQueryCollectorContext
7343:             1             24  org.opensearch.neuralsearch.search.query.HybridQueryPhaseSearcher$DefaultQueryPhaseSearcherWithEmptyQueryCollectorContext
7344:             1             24  org.opensearch.node.IoUsageStats
7345:             1             24  org.opensearch.node.remotestore.RemoteStoreNodeService
7346:             1             24  org.opensearch.notifications.resthandler.NotificationChannelListRestHandler
7347:             1             24  org.opensearch.notifications.resthandler.NotificationConfigRestHandler
7348:             1             24  org.opensearch.notifications.resthandler.NotificationFeaturesRestHandler
7349:             1             24  org.opensearch.notifications.resthandler.SendTestMessageRestHandler
7350:             1             24  org.opensearch.observability.resthandler.ObservabilityRestHandler
7351:             1             24  org.opensearch.observability.resthandler.ObservabilityStatsRestHandler
7352:             1             24  org.opensearch.observability.util.HelpersKt$logger$1
7353:             1             24  org.opensearch.painless.PainlessScriptEngine
7354:             1             24  org.opensearch.painless.action.PainlessContextAction
7355:             1             24  org.opensearch.painless.action.PainlessContextAction$RestAction
7356:             1             24  org.opensearch.painless.action.PainlessExecuteAction
7357:             1             24  org.opensearch.painless.action.PainlessExecuteAction$RestAction
7358:             1             24  org.opensearch.performanceanalyzer.commons.config.overrides.ConfigOverrides
7359:             1             24  org.opensearch.performanceanalyzer.commons.event_process.EventLog
7360:             1             24  org.opensearch.performanceanalyzer.commons.stats.StatsReporter
7361:             1             24  org.opensearch.performanceanalyzer.config.setting.ClusterSettingsManager$$Lambda/0x00007fcd291cc230
7362:             1             24  org.opensearch.performanceanalyzer.config.setting.handler.ConfigOverridesClusterSettingHandler
7363:             1             24  org.opensearch.performanceanalyzer.config.setting.handler.NodeStatsSettingHandler
7364:             1             24  org.opensearch.performanceanalyzer.config.setting.handler.PerformanceAnalyzerClusterSettingHandler
7365:             1             24  org.opensearch.performanceanalyzer.config.setting.handler.PerformanceAnalyzerCollectorsSettingHandler
7366:             1             24  org.opensearch.performanceanalyzer.http_action.config.PerformanceAnalyzerConfigAction
7367:             1             24  org.opensearch.performanceanalyzer.http_action.whoami.WhoAmIAction
7368:             1             24  org.opensearch.persistent.CompletionPersistentTaskAction
7369:             1             24  org.opensearch.persistent.PersistentTasksService
7370:             1             24  org.opensearch.persistent.RemovePersistentTaskAction
7371:             1             24  org.opensearch.persistent.StartPersistentTaskAction
7372:             1             24  org.opensearch.persistent.UpdatePersistentTaskStatusAction
7373:             1             24  org.opensearch.plugins.SearchPlugin$RescorerSpec
7374:             1             24  org.opensearch.replication.ReplicationPlugin$$Lambda/0x00007fcd28c11928
7375:             1             24  org.opensearch.replication.action.autofollow.AutoFollowClusterManagerNodeAction
7376:             1             24  org.opensearch.replication.action.autofollow.UpdateAutoFollowPatternAction
7377:             1             24  org.opensearch.replication.action.changes.GetChangesAction
7378:             1             24  org.opensearch.replication.action.index.ReplicateIndexAction
7379:             1             24  org.opensearch.replication.action.index.ReplicateIndexClusterManagerNodeAction
7380:             1             24  org.opensearch.replication.action.index.block.UpdateIndexBlockAction
7381:             1             24  org.opensearch.replication.action.pause.PauseIndexReplicationAction
7382:             1             24  org.opensearch.replication.action.replay.ReplayChangesAction
7383:             1             24  org.opensearch.replication.action.replicationstatedetails.UpdateReplicationStateAction
7384:             1             24  org.opensearch.replication.action.repository.GetFileChunkAction
7385:             1             24  org.opensearch.replication.action.repository.GetStoreMetadataAction
7386:             1             24  org.opensearch.replication.action.repository.ReleaseLeaderResourcesAction
7387:             1             24  org.opensearch.replication.action.resume.ResumeIndexReplicationAction
7388:             1             24  org.opensearch.replication.action.setup.SetupChecksAction
7389:             1             24  org.opensearch.replication.action.setup.ValidatePermissionsAction
7390:             1             24  org.opensearch.replication.action.stats.AutoFollowStatsAction
7391:             1             24  org.opensearch.replication.action.stats.FollowerStatsAction
7392:             1             24  org.opensearch.replication.action.stats.LeaderStatsAction
7393:             1             24  org.opensearch.replication.action.status.ReplicationStatusAction
7394:             1             24  org.opensearch.replication.action.status.ShardsInfoAction
7395:             1             24  org.opensearch.replication.action.stop.StopIndexReplicationAction
7396:             1             24  org.opensearch.replication.action.update.UpdateIndexReplicationAction
7397:             1             24  org.opensearch.replication.metadata.ReplicationMetadataManager
7398:             1             24  org.opensearch.replication.metadata.UpdateMetadataAction
7399:             1             24  org.opensearch.replication.rest.AutoFollowStatsHandler
7400:             1             24  org.opensearch.replication.rest.FollowerStatsHandler
7401:             1             24  org.opensearch.replication.rest.LeaderStatsHandler
7402:             1             24  org.opensearch.replication.rest.PauseIndexReplicationHandler
7403:             1             24  org.opensearch.replication.rest.ReplicateIndexHandler
7404:             1             24  org.opensearch.replication.rest.ReplicationStatusHandler
7405:             1             24  org.opensearch.replication.rest.ResumeIndexReplicationHandler
7406:             1             24  org.opensearch.replication.rest.StopIndexReplicationHandler
7407:             1             24  org.opensearch.replication.rest.UpdateAutoFollowPatternsHandler
7408:             1             24  org.opensearch.replication.rest.UpdateIndexHandler
7409:             1             24  org.opensearch.replication.util.Injectables
7410:             1             24  org.opensearch.reportsscheduler.resthandler.OnDemandReportRestHandler
7411:             1             24  org.opensearch.reportsscheduler.resthandler.ReportDefinitionListRestHandler
7412:             1             24  org.opensearch.reportsscheduler.resthandler.ReportDefinitionRestHandler
7413:             1             24  org.opensearch.reportsscheduler.resthandler.ReportInstanceListRestHandler
7414:             1             24  org.opensearch.reportsscheduler.resthandler.ReportInstanceRestHandler
7415:             1             24  org.opensearch.reportsscheduler.resthandler.ReportStatsRestHandler
7416:             1             24  org.opensearch.repositories.VerifyNodeRepositoryAction
7417:             1             24  org.opensearch.repositories.s3.S3AsyncService
7418:             1             24  org.opensearch.repositories.s3.S3Service
7419:             1             24  org.opensearch.rest.RestHeaderDefinition
7420:             1             24  org.opensearch.rest.action.RestFieldCapabilitiesAction
7421:             1             24  org.opensearch.rest.action.RestMainAction
7422:             1             24  org.opensearch.rest.action.admin.cluster.RestAddVotingConfigExclusionAction
7423:             1             24  org.opensearch.rest.action.admin.cluster.RestCancelTasksAction
7424:             1             24  org.opensearch.rest.action.admin.cluster.RestCleanupRepositoryAction
7425:             1             24  org.opensearch.rest.action.admin.cluster.RestClearVotingConfigExclusionsAction
7426:             1             24  org.opensearch.rest.action.admin.cluster.RestCloneSnapshotAction
7427:             1             24  org.opensearch.rest.action.admin.cluster.RestClusterAllocationExplainAction
7428:             1             24  org.opensearch.rest.action.admin.cluster.RestClusterDeleteWeightedRoutingAction
7429:             1             24  org.opensearch.rest.action.admin.cluster.RestClusterGetWeightedRoutingAction
7430:             1             24  org.opensearch.rest.action.admin.cluster.RestClusterHealthAction
7431:             1             24  org.opensearch.rest.action.admin.cluster.RestClusterPutWeightedRoutingAction
7432:             1             24  org.opensearch.rest.action.admin.cluster.RestClusterRerouteAction
7433:             1             24  org.opensearch.rest.action.admin.cluster.RestClusterSearchShardsAction
7434:             1             24  org.opensearch.rest.action.admin.cluster.RestClusterStateAction
7435:             1             24  org.opensearch.rest.action.admin.cluster.RestClusterStatsAction
7436:             1             24  org.opensearch.rest.action.admin.cluster.RestClusterUpdateSettingsAction
7437:             1             24  org.opensearch.rest.action.admin.cluster.RestCreateSnapshotAction
7438:             1             24  org.opensearch.rest.action.admin.cluster.RestDecommissionAction
7439:             1             24  org.opensearch.rest.action.admin.cluster.RestDeleteDecommissionStateAction
7440:             1             24  org.opensearch.rest.action.admin.cluster.RestDeleteRepositoryAction
7441:             1             24  org.opensearch.rest.action.admin.cluster.RestDeleteSnapshotAction
7442:             1             24  org.opensearch.rest.action.admin.cluster.RestDeleteStoredScriptAction
7443:             1             24  org.opensearch.rest.action.admin.cluster.RestGetDecommissionStateAction
7444:             1             24  org.opensearch.rest.action.admin.cluster.RestGetRepositoriesAction
7445:             1             24  org.opensearch.rest.action.admin.cluster.RestGetScriptContextAction
7446:             1             24  org.opensearch.rest.action.admin.cluster.RestGetScriptLanguageAction
7447:             1             24  org.opensearch.rest.action.admin.cluster.RestGetSnapshotsAction
7448:             1             24  org.opensearch.rest.action.admin.cluster.RestGetStoredScriptAction
7449:             1             24  org.opensearch.rest.action.admin.cluster.RestGetTaskAction
7450:             1             24  org.opensearch.rest.action.admin.cluster.RestListTasksAction
7451:             1             24  org.opensearch.rest.action.admin.cluster.RestNodesHotThreadsAction
7452:             1             24  org.opensearch.rest.action.admin.cluster.RestNodesInfoAction
7453:             1             24  org.opensearch.rest.action.admin.cluster.RestNodesStatsAction
7454:             1             24  org.opensearch.rest.action.admin.cluster.RestNodesUsageAction
7455:             1             24  org.opensearch.rest.action.admin.cluster.RestPendingClusterTasksAction
7456:             1             24  org.opensearch.rest.action.admin.cluster.RestPutRepositoryAction
7457:             1             24  org.opensearch.rest.action.admin.cluster.RestPutStoredScriptAction
7458:             1             24  org.opensearch.rest.action.admin.cluster.RestReloadSecureSettingsAction
7459:             1             24  org.opensearch.rest.action.admin.cluster.RestRemoteClusterInfoAction
7460:             1             24  org.opensearch.rest.action.admin.cluster.RestRemoteStoreStatsAction
7461:             1             24  org.opensearch.rest.action.admin.cluster.RestRestoreRemoteStoreAction
7462:             1             24  org.opensearch.rest.action.admin.cluster.RestRestoreSnapshotAction
7463:             1             24  org.opensearch.rest.action.admin.cluster.RestSnapshotsStatusAction
7464:             1             24  org.opensearch.rest.action.admin.cluster.RestVerifyRepositoryAction
7465:             1             24  org.opensearch.rest.action.admin.cluster.dangling.RestDeleteDanglingIndexAction
7466:             1             24  org.opensearch.rest.action.admin.cluster.dangling.RestImportDanglingIndexAction
7467:             1             24  org.opensearch.rest.action.admin.cluster.dangling.RestListDanglingIndicesAction
7468:             1             24  org.opensearch.rest.action.admin.indices.RestAddIndexBlockAction
7469:             1             24  org.opensearch.rest.action.admin.indices.RestAnalyzeAction
7470:             1             24  org.opensearch.rest.action.admin.indices.RestClearIndicesCacheAction
7471:             1             24  org.opensearch.rest.action.admin.indices.RestCloseIndexAction
7472:             1             24  org.opensearch.rest.action.admin.indices.RestCreateDataStreamAction
7473:             1             24  org.opensearch.rest.action.admin.indices.RestDataStreamsStatsAction
7474:             1             24  org.opensearch.rest.action.admin.indices.RestDeleteComponentTemplateAction
7475:             1             24  org.opensearch.rest.action.admin.indices.RestDeleteComposableIndexTemplateAction
7476:             1             24  org.opensearch.rest.action.admin.indices.RestDeleteDataStreamAction
7477:             1             24  org.opensearch.rest.action.admin.indices.RestDeleteIndexAction
7478:             1             24  org.opensearch.rest.action.admin.indices.RestDeleteIndexTemplateAction
7479:             1             24  org.opensearch.rest.action.admin.indices.RestFlushAction
7480:             1             24  org.opensearch.rest.action.admin.indices.RestForceMergeAction
7481:             1             24  org.opensearch.rest.action.admin.indices.RestGetComponentTemplateAction
7482:             1             24  org.opensearch.rest.action.admin.indices.RestGetComposableIndexTemplateAction
7483:             1             24  org.opensearch.rest.action.admin.indices.RestGetDataStreamsAction
7484:             1             24  org.opensearch.rest.action.admin.indices.RestGetFieldMappingAction
7485:             1             24  org.opensearch.rest.action.admin.indices.RestGetIndexTemplateAction
7486:             1             24  org.opensearch.rest.action.admin.indices.RestGetMappingAction
7487:             1             24  org.opensearch.rest.action.admin.indices.RestGetSettingsAction
7488:             1             24  org.opensearch.rest.action.admin.indices.RestIndexDeleteAliasesAction
7489:             1             24  org.opensearch.rest.action.admin.indices.RestIndicesAliasesAction
7490:             1             24  org.opensearch.rest.action.admin.indices.RestIndicesSegmentsAction
7491:             1             24  org.opensearch.rest.action.admin.indices.RestIndicesShardStoresAction
7492:             1             24  org.opensearch.rest.action.admin.indices.RestIndicesStatsAction
7493:             1             24  org.opensearch.rest.action.admin.indices.RestOpenIndexAction
7494:             1             24  org.opensearch.rest.action.admin.indices.RestPutComponentTemplateAction
7495:             1             24  org.opensearch.rest.action.admin.indices.RestPutComposableIndexTemplateAction
7496:             1             24  org.opensearch.rest.action.admin.indices.RestPutIndexTemplateAction
7497:             1             24  org.opensearch.rest.action.admin.indices.RestPutMappingAction
7498:             1             24  org.opensearch.rest.action.admin.indices.RestRecoveryAction
7499:             1             24  org.opensearch.rest.action.admin.indices.RestResizeHandler$RestCloneIndexAction
7500:             1             24  org.opensearch.rest.action.admin.indices.RestResizeHandler$RestShrinkIndexAction
7501:             1             24  org.opensearch.rest.action.admin.indices.RestResizeHandler$RestSplitIndexAction
7502:             1             24  org.opensearch.rest.action.admin.indices.RestResolveIndexAction
7503:             1             24  org.opensearch.rest.action.admin.indices.RestRolloverIndexAction
7504:             1             24  org.opensearch.rest.action.admin.indices.RestSimulateIndexTemplateAction
7505:             1             24  org.opensearch.rest.action.admin.indices.RestSimulateTemplateAction
7506:             1             24  org.opensearch.rest.action.admin.indices.RestSyncedFlushAction
7507:             1             24  org.opensearch.rest.action.admin.indices.RestUpgradeAction
7508:             1             24  org.opensearch.rest.action.admin.indices.RestUpgradeStatusAction
7509:             1             24  org.opensearch.rest.action.admin.indices.RestValidateQueryAction
7510:             1             24  org.opensearch.rest.action.cat.RestAliasAction
7511:             1             24  org.opensearch.rest.action.cat.RestAllocationAction
7512:             1             24  org.opensearch.rest.action.cat.RestCatAction
7513:             1             24  org.opensearch.rest.action.cat.RestCatRecoveryAction
7514:             1             24  org.opensearch.rest.action.cat.RestCatSegmentReplicationAction
7515:             1             24  org.opensearch.rest.action.cat.RestClusterManagerAction
7516:             1             24  org.opensearch.rest.action.cat.RestCountAction
7517:             1             24  org.opensearch.rest.action.cat.RestFielddataAction
7518:             1             24  org.opensearch.rest.action.cat.RestHealthAction
7519:             1             24  org.opensearch.rest.action.cat.RestIndicesAction
7520:             1             24  org.opensearch.rest.action.cat.RestNodeAttrsAction
7521:             1             24  org.opensearch.rest.action.cat.RestNodesAction
7522:             1             24  org.opensearch.rest.action.cat.RestPendingClusterTasksAction
7523:             1             24  org.opensearch.rest.action.cat.RestPitSegmentsAction
7524:             1             24  org.opensearch.rest.action.cat.RestPluginsAction
7525:             1             24  org.opensearch.rest.action.cat.RestRepositoriesAction
7526:             1             24  org.opensearch.rest.action.cat.RestSegmentsAction
7527:             1             24  org.opensearch.rest.action.cat.RestShardsAction
7528:             1             24  org.opensearch.rest.action.cat.RestSnapshotAction
7529:             1             24  org.opensearch.rest.action.cat.RestTasksAction
7530:             1             24  org.opensearch.rest.action.cat.RestTemplatesAction
7531:             1             24  org.opensearch.rest.action.cat.RestThreadPoolAction
7532:             1             24  org.opensearch.rest.action.document.RestGetSourceAction
7533:             1             24  org.opensearch.rest.action.document.RestMultiTermVectorsAction
7534:             1             24  org.opensearch.rest.action.document.RestTermVectorsAction
7535:             1             24  org.opensearch.rest.action.ingest.RestDeletePipelineAction
7536:             1             24  org.opensearch.rest.action.ingest.RestGetPipelineAction
7537:             1             24  org.opensearch.rest.action.ingest.RestPutPipelineAction
7538:             1             24  org.opensearch.rest.action.ingest.RestSimulatePipelineAction
7539:             1             24  org.opensearch.rest.action.search.RestCountAction
7540:             1             24  org.opensearch.rest.action.search.RestCreatePitAction
7541:             1             24  org.opensearch.rest.action.search.RestDeletePitAction
7542:             1             24  org.opensearch.rest.action.search.RestDeleteSearchPipelineAction
7543:             1             24  org.opensearch.rest.action.search.RestExplainAction
7544:             1             24  org.opensearch.rest.action.search.RestGetAllPitsAction
7545:             1             24  org.opensearch.rest.action.search.RestGetSearchPipelineAction
7546:             1             24  org.opensearch.rest.action.search.RestMultiSearchAction
7547:             1             24  org.opensearch.rest.action.search.RestPutSearchPipelineAction
7548:             1             24  org.opensearch.script.ScriptService$CacheHolder
7549:             1             24  org.opensearch.script.mustache.MultiSearchTemplateAction
7550:             1             24  org.opensearch.script.mustache.RenderSearchTemplateAction
7551:             1             24  org.opensearch.script.mustache.RestMultiSearchTemplateAction
7552:             1             24  org.opensearch.script.mustache.RestRenderSearchTemplateAction
7553:             1             24  org.opensearch.script.mustache.RestSearchTemplateAction
7554:             1             24  org.opensearch.script.mustache.SearchTemplateAction
7555:             1             24  org.opensearch.search.MultiValueMode$1
7556:             1             24  org.opensearch.search.MultiValueMode$2
7557:             1             24  org.opensearch.search.MultiValueMode$3
7558:             1             24  org.opensearch.search.MultiValueMode$4
7559:             1             24  org.opensearch.search.MultiValueMode$5
7560:             1             24  org.opensearch.search.SearchSortValues
7561:             1             24  org.opensearch.search.aggregations.MultiBucketConsumerService
7562:             1             24  org.opensearch.search.aggregations.matrix.stats.MatrixStatsParser
7563:             1             24  org.opensearch.search.aggregations.support.AggregationUsageService
7564:             1             24  org.opensearch.search.aggregations.support.CoreValuesSourceType$1
7565:             1             24  org.opensearch.search.aggregations.support.CoreValuesSourceType$2
7566:             1             24  org.opensearch.search.aggregations.support.CoreValuesSourceType$3
7567:             1             24  org.opensearch.search.aggregations.support.CoreValuesSourceType$4
7568:             1             24  org.opensearch.search.aggregations.support.CoreValuesSourceType$5
7569:             1             24  org.opensearch.search.aggregations.support.CoreValuesSourceType$6
7570:             1             24  org.opensearch.search.aggregations.support.CoreValuesSourceType$7
7571:             1             24  org.opensearch.search.aggregations.support.CoreValuesSourceType$8
7572:             1             24  org.opensearch.search.aggregations.support.MultiValuesSourceParseHelper$$Lambda/0x00007fcd287aada0
7573:             1             24  org.opensearch.search.aggregations.support.ValuesSourceRegistry
7574:             1             24  org.opensearch.search.asynchronous.action.AsynchronousSearchStatsAction
7575:             1             24  org.opensearch.search.asynchronous.action.DeleteAsynchronousSearchAction
7576:             1             24  org.opensearch.search.asynchronous.action.GetAsynchronousSearchAction
7577:             1             24  org.opensearch.search.asynchronous.action.SubmitAsynchronousSearchAction
7578:             1             24  org.opensearch.search.asynchronous.context.active.AsynchronousSearchActiveStore
7579:             1             24  org.opensearch.search.asynchronous.plugin.AsynchronousSearchPlugin
7580:             1             24  org.opensearch.search.asynchronous.rest.RestAsynchronousSearchStatsAction
7581:             1             24  org.opensearch.search.asynchronous.rest.RestDeleteAsynchronousSearchAction
7582:             1             24  org.opensearch.search.asynchronous.rest.RestGetAsynchronousSearchAction
7583:             1             24  org.opensearch.search.asynchronous.rest.RestSubmitAsynchronousSearchAction
7584:             1             24  org.opensearch.search.asynchronous.service.AsynchronousSearchPersistenceService
7585:             1             24  org.opensearch.search.query.ConcurrentQueryPhaseSearcher
7586:             1             24  org.opensearch.search.query.QueryPhase
7587:             1             24  org.opensearch.search.sort.SortOrder$1
7588:             1             24  org.opensearch.search.sort.SortOrder$2
7589:             1             24  org.opensearch.searchpipelines.questionanswering.generative.GenerativeQAResponseProcessor$Factory
7590:             1             24  org.opensearch.secure_sm.SecureSM
7591:             1             24  org.opensearch.security.OpenSearchSecurityPlugin$6$2
7592:             1             24  org.opensearch.security.action.configupdate.ConfigUpdateAction
7593:             1             24  org.opensearch.security.action.onbehalf.CreateOnBehalfOfTokenAction
7594:             1             24  org.opensearch.security.action.whoami.WhoAmIAction
7595:             1             24  org.opensearch.security.auditlog.config.AuditConfig
7596:             1             24  org.opensearch.security.auditlog.config.ThreadPoolConfig
7597:             1             24  org.opensearch.security.auditlog.routing.AsyncStoragePool
7598:             1             24  org.opensearch.security.auth.RolesInjector
7599:             1             24  org.opensearch.security.auth.internal.InternalAuthenticationBackend
7600:             1             24  org.opensearch.security.dlic.rest.api.ssl.CertificatesActionType
7601:             1             24  org.opensearch.security.rest.SecurityHealthAction
7602:             1             24  org.opensearch.security.securityconf.ConfigModelV7$1
7603:             1             24  org.opensearch.security.securityconf.ConfigModelV7$SecurityRoles
7604:             1             24  org.opensearch.security.securityconf.ConfigModelV7$TenantHolder
7605:             1             24  org.opensearch.security.securityconf.DynamicConfigFactory$InternalUsersModelV7
7606:             1             24  org.opensearch.security.securityconf.impl.AllowlistingSettings
7607:             1             24  org.opensearch.security.securityconf.impl.v7.RoleV7$Tenant
7608:             1             24  org.opensearch.security.securityconf.impl.v7.TenantV7
7609:             1             24  org.opensearch.security.setting.TransportPassiveAuthSetting
7610:             1             24  org.opensearch.security.support.SecurityIndexHandler
7611:             1             24  org.opensearch.security.support.StreamableRegistry
7612:             1             24  org.opensearch.security.support.StreamableRegistry$Entry
7613:             1             24  org.opensearch.securityanalytics.action.AckAlertsAction
7614:             1             24  org.opensearch.securityanalytics.action.AckCorrelationAlertsAction
7615:             1             24  org.opensearch.securityanalytics.action.CorrelatedFindingAction
7616:             1             24  org.opensearch.securityanalytics.action.CreateIndexMappingsAction
7617:             1             24  org.opensearch.securityanalytics.action.DeleteCorrelationRuleAction
7618:             1             24  org.opensearch.securityanalytics.action.DeleteCustomLogTypeAction
7619:             1             24  org.opensearch.securityanalytics.action.DeleteDetectorAction
7620:             1             24  org.opensearch.securityanalytics.action.DeleteRuleAction
7621:             1             24  org.opensearch.securityanalytics.action.GetAlertsAction
7622:             1             24  org.opensearch.securityanalytics.action.GetAllRuleCategoriesAction
7623:             1             24  org.opensearch.securityanalytics.action.GetCorrelationAlertsAction
7624:             1             24  org.opensearch.securityanalytics.action.GetDetectorAction
7625:             1             24  org.opensearch.securityanalytics.action.GetFindingsAction
7626:             1             24  org.opensearch.securityanalytics.action.GetIndexMappingsAction
7627:             1             24  org.opensearch.securityanalytics.action.GetMappingsViewAction
7628:             1             24  org.opensearch.securityanalytics.action.IndexCorrelationRuleAction
7629:             1             24  org.opensearch.securityanalytics.action.IndexCustomLogTypeAction
7630:             1             24  org.opensearch.securityanalytics.action.IndexDetectorAction
7631:             1             24  org.opensearch.securityanalytics.action.IndexRuleAction
7632:             1             24  org.opensearch.securityanalytics.action.ListCorrelationsAction
7633:             1             24  org.opensearch.securityanalytics.action.SearchCorrelationRuleAction
7634:             1             24  org.opensearch.securityanalytics.action.SearchCustomLogTypeAction
7635:             1             24  org.opensearch.securityanalytics.action.SearchDetectorAction
7636:             1             24  org.opensearch.securityanalytics.action.SearchRuleAction
7637:             1             24  org.opensearch.securityanalytics.action.UpdateIndexMappingsAction
7638:             1             24  org.opensearch.securityanalytics.action.ValidateRulesAction
7639:             1             24  org.opensearch.securityanalytics.correlation.alert.CorrelationAlertService
7640:             1             24  org.opensearch.securityanalytics.correlation.index.codec.correlation950.CorrelationCodec950
7641:             1             24  org.opensearch.securityanalytics.correlation.index.codec.correlation990.CorrelationCodec990
7642:             1             24  org.opensearch.securityanalytics.resthandler.RestAcknowledgeAlertsAction
7643:             1             24  org.opensearch.securityanalytics.resthandler.RestAcknowledgeCorrelationAlertsAction
7644:             1             24  org.opensearch.securityanalytics.resthandler.RestCreateIndexMappingsAction
7645:             1             24  org.opensearch.securityanalytics.resthandler.RestDeleteCorrelationRuleAction
7646:             1             24  org.opensearch.securityanalytics.resthandler.RestDeleteCustomLogTypeAction
7647:             1             24  org.opensearch.securityanalytics.resthandler.RestDeleteDetectorAction
7648:             1             24  org.opensearch.securityanalytics.resthandler.RestDeleteRuleAction
7649:             1             24  org.opensearch.securityanalytics.resthandler.RestGetAlertsAction
7650:             1             24  org.opensearch.securityanalytics.resthandler.RestGetAllRuleCategoriesAction
7651:             1             24  org.opensearch.securityanalytics.resthandler.RestGetCorrelationsAlertsAction
7652:             1             24  org.opensearch.securityanalytics.resthandler.RestGetDetectorAction
7653:             1             24  org.opensearch.securityanalytics.resthandler.RestGetFindingsAction
7654:             1             24  org.opensearch.securityanalytics.resthandler.RestGetIndexMappingsAction
7655:             1             24  org.opensearch.securityanalytics.resthandler.RestGetMappingsViewAction
7656:             1             24  org.opensearch.securityanalytics.resthandler.RestIndexCorrelationRuleAction
7657:             1             24  org.opensearch.securityanalytics.resthandler.RestIndexCustomLogTypeAction
7658:             1             24  org.opensearch.securityanalytics.resthandler.RestIndexDetectorAction
7659:             1             24  org.opensearch.securityanalytics.resthandler.RestIndexRuleAction
7660:             1             24  org.opensearch.securityanalytics.resthandler.RestListCorrelationAction
7661:             1             24  org.opensearch.securityanalytics.resthandler.RestSearchCorrelationAction
7662:             1             24  org.opensearch.securityanalytics.resthandler.RestSearchCorrelationRuleAction
7663:             1             24  org.opensearch.securityanalytics.resthandler.RestSearchCustomLogTypeAction
7664:             1             24  org.opensearch.securityanalytics.resthandler.RestSearchDetectorAction
7665:             1             24  org.opensearch.securityanalytics.resthandler.RestSearchRuleAction
7666:             1             24  org.opensearch.securityanalytics.resthandler.RestUpdateIndexMappingsAction
7667:             1             24  org.opensearch.securityanalytics.resthandler.RestValidateRulesAction
7668:             1             24  org.opensearch.securityanalytics.threatIntel.DetectorThreatIntelService
7669:             1             24  org.opensearch.securityanalytics.threatIntel.action.PutTIFJobAction
7670:             1             24  org.opensearch.securityanalytics.threatIntel.common.TIFLockService
7671:             1             24  org.opensearch.securityanalytics.threatIntel.jobscheduler.TIFJobParameterService
7672:             1             24  org.opensearch.securityanalytics.util.CorrelationIndices
7673:             1             24  org.opensearch.securityanalytics.util.CorrelationRuleIndices
7674:             1             24  org.opensearch.securityanalytics.util.CustomLogTypeIndices
7675:             1             24  org.opensearch.securityanalytics.util.DetectorIndices
7676:             1             24  org.opensearch.securityanalytics.util.RuleTopicIndices
7677:             1             24  org.opensearch.securityanalytics.util.RuleValidator
7678:             1             24  org.opensearch.snapshots.SnapshotsService$OngoingRepositoryOperations
7679:             1             24  org.opensearch.sql.datasources.rest.RestDataSourceQueryAction
7680:             1             24  org.opensearch.sql.datasources.service.DataSourceLoaderCacheImpl
7681:             1             24  org.opensearch.sql.datasources.service.DataSourceServiceImpl
7682:             1             24  org.opensearch.sql.datasources.storage.OpenSearchDataSourceMetadataStorage
7683:             1             24  org.opensearch.sql.legacy.plugin.RestSQLQueryAction
7684:             1             24  org.opensearch.sql.legacy.plugin.RestSqlStatsAction
7685:             1             24  org.opensearch.sql.opensearch.storage.OpenSearchDataSourceFactory
7686:             1             24  org.opensearch.sql.plugin.rest.RestPPLQueryAction
7687:             1             24  org.opensearch.sql.plugin.rest.RestPPLStatsAction
7688:             1             24  org.opensearch.sql.plugin.rest.RestQuerySettingsAction
7689:             1             24  org.opensearch.sql.plugin.transport.TransportPPLQueryAction$$Lambda/0x00007fcd28ea4fc8
7690:             1             24  org.opensearch.sql.spark.asyncquery.AsyncQueryExecutorServiceImpl
7691:             1             24  org.opensearch.sql.spark.execution.statestore.StateStore
7692:             1             24  org.opensearch.sql.spark.execution.statestore.StateStore$$Lambda/0x00007fcd28bb9cd8
7693:             1             24  org.opensearch.sql.spark.execution.statestore.StateStore$$Lambda/0x00007fcd28bb9ef8
7694:             1             24  org.opensearch.sql.spark.rest.RestAsyncQueryManagementAction
7695:             1             24  org.opensearch.sql.spark.storage.SparkStorageFactory
7696:             1             24  org.opensearch.systemd.SystemdPlugin
7697:             1             24  org.opensearch.tasks.TaskCancellationService
7698:             1             24  org.opensearch.tasks.TaskResourceTrackingService$$Lambda/0x00007fcd292351a8
7699:             1             24  org.opensearch.tasks.TaskResultsService
7700:             1             24  org.opensearch.timeseries.MaintenanceState$$Lambda/0x00007fcd29318ae0
7701:             1             24  org.opensearch.timeseries.breaker.CircuitBreakerService
7702:             1             24  org.opensearch.timeseries.breaker.MemoryCircuitBreaker
7703:             1             24  org.opensearch.timeseries.cluster.ClusterEventListener
7704:             1             24  org.opensearch.timeseries.settings.TimeSeriesEnabledSetting
7705:             1             24  org.opensearch.timeseries.transport.CronNodeRequest
7706:             1             24  org.opensearch.timeseries.transport.CronNodeResponse
7707:             1             24  org.opensearch.timeseries.util.DiscoveryNodeFilterer
7708:             1             24  org.opensearch.timeseries.util.IndexUtils
7709:             1             24  org.opensearch.transport.ClusterConnectionManager$1
7710:             1             24  org.opensearch.transport.OutboundHandler
7711:             1             24  org.opensearch.transport.SharedGroupFactory$RefCountedGroup
7712:             1             24  org.opensearch.transport.StatsTracker
7713:             1             24  org.opensearch.transport.TcpTransport$$Lambda/0x00007fcd28cb1398
7714:             1             24  org.opensearch.transport.Transport$ResponseHandlers
7715:             1             24  org.opensearch.transport.TransportService$HandshakeRequest
7716:             1             24  org.opensearch.transport.netty4.Netty4TcpServerChannel
7717:             1             24  org.opensearch.transport.netty4.Netty4Transport$ServerChannelExceptionHandler
7718:             1             24  org.reflections.vfs.Vfs$DefaultUrlTypes$1
7719:             1             24  org.reflections.vfs.Vfs$DefaultUrlTypes$2
7720:             1             24  org.reflections.vfs.Vfs$DefaultUrlTypes$3
7721:             1             24  org.reflections.vfs.Vfs$DefaultUrlTypes$4
7722:             1             24  org.reflections.vfs.Vfs$DefaultUrlTypes$5
7723:             1             24  org.reflections.vfs.Vfs$DefaultUrlTypes$6
7724:             1             24  org.reflections.vfs.Vfs$DefaultUrlTypes$7
7725:             1             24  org.slf4j.helpers.FormattingTuple
7726:             1             24  org.slf4j.helpers.SubstituteLoggerFactory
7727:             1             24  org.slf4j.helpers.SubstituteLoggerFactory
7728:             1             24  org.slf4j.helpers.SubstituteLoggerFactory
7729:             1             24  org.yaml.snakeyaml.external.com.google.gdata.util.common.base.PercentEscaper
7730:             1             24  sun.management.CompilationImpl (java.management@21.0.3)
7731:             1             24  sun.management.ManagementFactoryHelper$LoggingMXBeanAccess (java.management@21.0.3)
7732:             1             24  sun.management.ManagementFactoryHelper$PlatformLoggingImpl (java.management@21.0.3)
7733:             1             24  sun.management.MemoryImpl (java.management@21.0.3)
7734:             1             24  sun.management.RuntimeImpl (java.management@21.0.3)
7735:             1             24  sun.management.VMManagementImpl (java.management@21.0.3)
7736:             1             24  sun.net.sdp.SdpProvider (java.base@21.0.3)
7737:             1             24  sun.net.www.protocol.http.Handler (java.base@21.0.3)
7738:             1             24  sun.nio.cs.ISO_8859_1 (java.base@21.0.3)
7739:             1             24  sun.nio.cs.StandardCharsets (java.base@21.0.3)
7740:             1             24  sun.nio.cs.ThreadLocalCoders$1 (java.base@21.0.3)
7741:             1             24  sun.nio.cs.ThreadLocalCoders$2 (java.base@21.0.3)
7742:             1             24  sun.nio.cs.US_ASCII (java.base@21.0.3)
7743:             1             24  sun.nio.cs.UTF_16 (java.base@21.0.3)
7744:             1             24  sun.nio.cs.UTF_16BE (java.base@21.0.3)
7745:             1             24  sun.nio.cs.UTF_16LE (java.base@21.0.3)
7746:             1             24  sun.nio.cs.UTF_8 (java.base@21.0.3)
7747:             1             24  sun.security.util.LegacyAlgorithmConstraints (java.base@21.0.3)
7748:             1             24  sun.security.validator.CADistrustPolicy$1 (java.base@21.0.3)
7749:             1             24  sun.util.calendar.LocalGregorianCalendar (java.base@21.0.3)
7750:             1             24  sun.util.locale.BaseLocale$Cache (java.base@21.0.3)
7751:             1             24  sun.util.locale.provider.BreakIteratorProviderImpl (java.base@21.0.3)
7752:             1             24  sun.util.locale.provider.CalendarDataProviderImpl (java.base@21.0.3)
7753:             1             24  sun.util.locale.provider.CalendarProviderImpl (java.base@21.0.3)
7754:             1             24  sun.util.locale.provider.DateFormatSymbolsProviderImpl (java.base@21.0.3)
7755:             1             24  sun.util.locale.provider.DecimalFormatSymbolsProviderImpl (java.base@21.0.3)
7756:             1             24  sun.util.locale.provider.LocaleServiceProviderPool (java.base@21.0.3)
7757:             1             24  sun.util.locale.provider.NumberFormatProviderImpl (java.base@21.0.3)
7758:             1             16  [Lcom.fasterxml.jackson.databind.AbstractTypeResolver;
7759:             1             16  [Lcom.fasterxml.jackson.databind.AbstractTypeResolver;
7760:             1             16  [Lcom.fasterxml.jackson.databind.AbstractTypeResolver;
7761:             1             16  [Lcom.fasterxml.jackson.databind.deser.BeanDeserializerModifier;
7762:             1             16  [Lcom.fasterxml.jackson.databind.deser.BeanDeserializerModifier;
7763:             1             16  [Lcom.fasterxml.jackson.databind.deser.BeanDeserializerModifier;
7764:             1             16  [Lcom.fasterxml.jackson.databind.deser.ValueInstantiators;
7765:             1             16  [Lcom.fasterxml.jackson.databind.deser.ValueInstantiators;
7766:             1             16  [Lcom.fasterxml.jackson.databind.deser.ValueInstantiators;
7767:             1             16  [Lcom.fasterxml.jackson.databind.ser.BeanSerializerModifier;
7768:             1             16  [Lcom.fasterxml.jackson.databind.ser.BeanSerializerModifier;
7769:             1             16  [Lcom.fasterxml.jackson.databind.ser.BeanSerializerModifier;
7770:             1             16  [Lcom.fasterxml.jackson.databind.ser.Serializers;
7771:             1             16  [Lcom.fasterxml.jackson.databind.ser.Serializers;
7772:             1             16  [Lcom.fasterxml.jackson.databind.ser.Serializers;
7773:             1             16  [Lcom.fasterxml.jackson.databind.util.ClassUtil$Ctor;
7774:             1             16  [Lcom.fasterxml.jackson.databind.util.ClassUtil$Ctor;
7775:             1             16  [Lcom.fasterxml.jackson.databind.util.ClassUtil$Ctor;
7776:             1             16  [Lio.netty.util.AsciiString;
7777:             1             16  [Ljava.lang.ClassLoader; (java.base@21.0.3)
7778:             1             16  [Ljava.lang.management.LockInfo; (java.management@21.0.3)
7779:             1             16  [Ljava.lang.management.MonitorInfo; (java.management@21.0.3)
7780:             1             16  [Ljava.security.Provider; (java.base@21.0.3)
7781:             1             16  [Ljava.text.FieldPosition; (java.base@21.0.3)
7782:             1             16  [Ljava.util.logging.Handler; (java.logging@21.0.3)
7783:             1             16  [Ljavax.security.cert.X509Certificate; (java.base@21.0.3)
7784:             1             16  [Ljoptsimple.util.PathProperties;
7785:             1             16  [Lkotlin.reflect.KClass;
7786:             1             16  [Lorg.apache.commons.lang3.tuple.ImmutablePair;
7787:             1             16  [Lorg.apache.commons.lang3.tuple.ImmutablePair;
7788:             1             16  [Lorg.apache.commons.lang3.tuple.ImmutablePair;
7789:             1             16  [Lorg.apache.commons.lang3.tuple.Pair$PairAdapter;
7790:             1             16  [Lorg.apache.commons.lang3.tuple.Pair;
7791:             1             16  [Lorg.apache.commons.lang3.tuple.Pair;
7792:             1             16  [Lorg.apache.logging.log4j.Level;
7793:             1             16  [Lorg.apache.logging.log4j.core.Appender;
7794:             1             16  [Lorg.apache.logging.log4j.core.impl.ExtendedStackTraceElement;
7795:             1             16  [Lorg.apache.logging.log4j.core.impl.ThrowableProxy;
7796:             1             16  [Lorg.apache.logging.log4j.spi.LoggerContext;
7797:             1             16  [Lorg.apache.lucene.codecs.PostingsFormat;
7798:             1             16  [Lorg.apache.lucene.index.Fields;
7799:             1             16  [Lorg.apache.lucene.index.ReaderSlice;
7800:             1             16  [Lorg.apache.lucene.index.Term;
7801:             1             16  [Lorg.apache.lucene.index.Terms;
7802:             1             16  [Lorg.apache.lucene.index.TermsEnumIndex;
7803:             1             16  [Lorg.apache.lucene.search.TermStatistics;
7804:             1             16  [Lorg.bouncycastle.asn1.ASN1Encodable;
7805:             1             16  [Lorg.jcodings.CaseFoldCodeItem;
7806:             1             16  [Lorg.locationtech.jts.geom.LinearRing;
7807:             1             16  [Lorg.opensearch.action.bulk.BulkItemResponse;
7808:             1             16  [Lorg.opensearch.action.search.ShardSearchFailure;
7809:             1             16  [Lorg.opensearch.action.support.replication.ReplicationResponse$ShardInfo$Failure;
7810:             1             16  [Lorg.opensearch.common.lease.Releasables;
7811:             1             16  [Lorg.opensearch.common.recycler.Recyclers;
7812:             1             16  [Lorg.opensearch.common.unit.MemorySizeValue;
7813:             1             16  [Lorg.opensearch.core.common.text.Text;
7814:             1             16  [Lorg.opensearch.core.index.Index;
7815:             1             16  [Lorg.opensearch.index.fielddata.FieldData;
7816:             1             16  [Lorg.opensearch.index.fielddata.ordinals.GlobalOrdinalsBuilder;
7817:             1             16  [[Lorg.locationtech.jts.geom.Coordinate;
7818:             1             16  com.amazon.randomcutforest.parkservices.state.RCFCasterMapper
7819:             1             16  com.amazon.randomcutforest.parkservices.state.ThresholdedRandomCutForestMapper
7820:             1             16  com.amazon.randomcutforest.serialize.json.v1.V1JsonToV3StateConverter
7821:             1             16  com.fasterxml.jackson.annotation.JsonIncludeProperties$Value
7822:             1             16  com.fasterxml.jackson.core.io.JsonStringEncoder
7823:             1             16  com.fasterxml.jackson.core.util.DefaultPrettyPrinter$FixedSpaceIndenter
7824:             1             16  com.fasterxml.jackson.core.util.DefaultPrettyPrinter$NopIndenter
7825:             1             16  com.fasterxml.jackson.core.util.JsonRecyclerPools$ThreadLocalPool
7826:             1             16  com.fasterxml.jackson.databind.InjectableValues$Std
7827:             1             16  com.fasterxml.jackson.databind.deser.BeanDeserializerFactory
7828:             1             16  com.fasterxml.jackson.databind.deser.BeanDeserializerFactory
7829:             1             16  com.fasterxml.jackson.databind.deser.BeanDeserializerFactory
7830:             1             16  com.fasterxml.jackson.databind.deser.impl.JDKValueInstantiators$ArrayListInstantiator
7831:             1             16  com.fasterxml.jackson.databind.deser.impl.JDKValueInstantiators$HashSetInstantiator
7832:             1             16  com.fasterxml.jackson.databind.deser.impl.JDKValueInstantiators$LinkedHashMapInstantiator
7833:             1             16  com.fasterxml.jackson.databind.deser.std.StdKeyDeserializers
7834:             1             16  com.fasterxml.jackson.databind.deser.std.StdKeyDeserializers
7835:             1             16  com.fasterxml.jackson.databind.deser.std.StdKeyDeserializers
7836:             1             16  com.fasterxml.jackson.databind.ext.Java7HandlersImpl
7837:             1             16  com.fasterxml.jackson.databind.ext.Java7SupportImpl
7838:             1             16  com.fasterxml.jackson.databind.ext.Java7SupportImpl
7839:             1             16  com.fasterxml.jackson.databind.ext.Java7SupportImpl
7840:             1             16  com.fasterxml.jackson.databind.introspect.AnnotationCollector$EmptyCollector
7841:             1             16  com.fasterxml.jackson.databind.introspect.AnnotationCollector$NoAnnotations
7842:             1             16  com.fasterxml.jackson.databind.introspect.AnnotationCollector$NoAnnotations
7843:             1             16  com.fasterxml.jackson.databind.introspect.AnnotationCollector$NoAnnotations
7844:             1             16  com.fasterxml.jackson.databind.introspect.BasicClassIntrospector
7845:             1             16  com.fasterxml.jackson.databind.jsontype.impl.LaissezFaireSubTypeValidator
7846:             1             16  com.fasterxml.jackson.databind.jsontype.impl.LaissezFaireSubTypeValidator
7847:             1             16  com.fasterxml.jackson.databind.jsontype.impl.LaissezFaireSubTypeValidator
7848:             1             16  com.fasterxml.jackson.databind.jsontype.impl.StdSubtypeResolver
7849:             1             16  com.fasterxml.jackson.databind.jsontype.impl.SubTypeValidator
7850:             1             16  com.fasterxml.jackson.databind.node.JsonNodeFactory
7851:             1             16  com.fasterxml.jackson.databind.node.JsonNodeFactory
7852:             1             16  com.fasterxml.jackson.databind.node.JsonNodeFactory
7853:             1             16  com.fasterxml.jackson.databind.node.TextNode
7854:             1             16  com.fasterxml.jackson.databind.ser.BeanSerializerFactory
7855:             1             16  com.fasterxml.jackson.databind.ser.BeanSerializerFactory
7856:             1             16  com.fasterxml.jackson.databind.ser.BeanSerializerFactory
7857:             1             16  com.fasterxml.jackson.databind.ser.impl.UnknownSerializer
7858:             1             16  com.fasterxml.jackson.databind.ser.impl.UnknownSerializer
7859:             1             16  com.fasterxml.jackson.databind.ser.impl.UnknownSerializer
7860:             1             16  com.fasterxml.jackson.databind.ser.std.NullSerializer
7861:             1             16  com.fasterxml.jackson.databind.ser.std.NullSerializer
7862:             1             16  com.fasterxml.jackson.databind.ser.std.NullSerializer
7863:             1             16  com.fasterxml.jackson.databind.ser.std.SerializableSerializer
7864:             1             16  com.fasterxml.jackson.databind.ser.std.StdKeySerializer
7865:             1             16  com.fasterxml.jackson.databind.ser.std.StdKeySerializers$StringKeySerializer
7866:             1             16  com.fasterxml.jackson.databind.ser.std.StringSerializer
7867:             1             16  com.fasterxml.jackson.databind.ser.std.StringSerializer
7868:             1             16  com.fasterxml.jackson.databind.ser.std.StringSerializer
7869:             1             16  com.fasterxml.jackson.databind.type.TypeParser
7870:             1             16  com.fasterxml.jackson.databind.type.TypeParser
7871:             1             16  com.fasterxml.jackson.databind.type.TypeParser
7872:             1             16  com.fasterxml.jackson.databind.util.RootNameLookup
7873:             1             16  com.fasterxml.jackson.dataformat.yaml.util.StringQuotingChecker$Default
7874:             1             16  com.google.common.base.Absent
7875:             1             16  com.google.common.base.Equivalence$Equals
7876:             1             16  com.google.common.base.Equivalence$Equals
7877:             1             16  com.google.common.base.Equivalence$Equals
7878:             1             16  com.google.common.base.Equivalence$Equals
7879:             1             16  com.google.common.base.Platform$JdkPatternCompiler
7880:             1             16  com.google.common.base.Suppliers$SupplierOfInstance
7881:             1             16  com.google.common.base.Suppliers$SupplierOfInstance
7882:             1             16  com.google.common.base.Suppliers$SupplierOfInstance
7883:             1             16  com.google.common.base.Suppliers$SupplierOfInstance
7884:             1             16  com.google.common.base.Ticker$1
7885:             1             16  com.google.common.base.Ticker$1
7886:             1             16  com.google.common.base.Ticker$1
7887:             1             16  com.google.common.base.Ticker$1
7888:             1             16  com.google.common.cache.CacheBuilder$$Lambda/0x00007fcd28b0c3b8
7889:             1             16  com.google.common.cache.CacheBuilder$1
7890:             1             16  com.google.common.cache.CacheBuilder$1
7891:             1             16  com.google.common.cache.CacheBuilder$1
7892:             1             16  com.google.common.cache.CacheBuilder$1
7893:             1             16  com.google.common.cache.CacheBuilder$2
7894:             1             16  com.google.common.cache.CacheBuilder$2
7895:             1             16  com.google.common.cache.CacheBuilder$2
7896:             1             16  com.google.common.cache.CacheBuilder$2
7897:             1             16  com.google.common.cache.CacheBuilder$3
7898:             1             16  com.google.common.cache.CacheBuilder$3
7899:             1             16  com.google.common.cache.CacheBuilder$3
7900:             1             16  com.google.common.cache.LocalCache$1
7901:             1             16  com.google.common.cache.LocalCache$1
7902:             1             16  com.google.common.cache.LocalCache$1
7903:             1             16  com.google.common.cache.LocalCache$1
7904:             1             16  com.google.common.cache.LocalCache$2
7905:             1             16  com.google.common.cache.LocalCache$2
7906:             1             16  com.google.common.cache.LocalCache$2
7907:             1             16  com.google.common.cache.LocalCache$2
7908:             1             16  com.google.common.cache.LocalCache$AccessQueue
7909:             1             16  com.google.common.cache.LocalCache$LocalManualCache
7910:             1             16  com.google.common.cache.LocalCache$LocalManualCache
7911:             1             16  com.google.common.cache.LongAddables$2
7912:             1             16  com.google.common.collect.CollectCollectors$$Lambda/0x00007fcd28930000
7913:             1             16  com.google.common.collect.CollectCollectors$$Lambda/0x00007fcd28930218
7914:             1             16  com.google.common.collect.CollectCollectors$$Lambda/0x00007fcd28930440
7915:             1             16  com.google.common.collect.CollectCollectors$$Lambda/0x00007fcd28930680
7916:             1             16  com.google.common.collect.CollectCollectors$$Lambda/0x00007fcd28930b28
7917:             1             16  com.google.common.collect.CollectCollectors$$Lambda/0x00007fcd28930d40
7918:             1             16  com.google.common.collect.CollectCollectors$$Lambda/0x00007fcd28930f68
7919:             1             16  com.google.common.collect.CollectCollectors$$Lambda/0x00007fcd289311a8
7920:             1             16  com.google.common.collect.CollectCollectors$$Lambda/0x00007fcd28934d08
7921:             1             16  com.google.common.collect.CollectCollectors$$Lambda/0x00007fcd289353a0
7922:             1             16  com.google.common.collect.CollectCollectors$$Lambda/0x00007fcd289355c8
7923:             1             16  com.google.common.collect.CollectCollectors$$Lambda/0x00007fcd28935808
7924:             1             16  com.google.common.collect.CollectCollectors$$Lambda/0x00007fcd28935a40
7925:             1             16  com.google.common.collect.CollectCollectors$$Lambda/0x00007fcd28935e88
7926:             1             16  com.google.common.collect.CollectCollectors$$Lambda/0x00007fcd289360c8
7927:             1             16  com.google.common.collect.CollectCollectors$$Lambda/0x00007fcd292617a0
7928:             1             16  com.google.common.collect.CollectCollectors$$Lambda/0x00007fcd29261be8
7929:             1             16  com.google.common.collect.CollectCollectors$$Lambda/0x00007fcd29261e28
7930:             1             16  com.google.common.collect.CollectCollectors$$Lambda/0x00007fcd29262060
7931:             1             16  com.google.common.collect.MultimapBuilder$HashSetSupplier
7932:             1             16  com.google.common.collect.Tables$1
7933:             1             16  com.google.common.io.ByteStreams$1
7934:             1             16  com.google.common.io.Closer$SuppressingSuppressor
7935:             1             16  com.google.gson.Gson$4
7936:             1             16  com.google.gson.Gson$5
7937:             1             16  com.google.gson.JsonParser
7938:             1             16  com.google.gson.internal.bind.ArrayTypeAdapter$1
7939:             1             16  com.google.gson.internal.bind.CollectionTypeAdapterFactory
7940:             1             16  com.google.gson.internal.bind.DateTypeAdapter$1
7941:             1             16  com.google.gson.internal.bind.DefaultDateTypeAdapter$DateType$1
7942:             1             16  com.google.gson.internal.bind.JsonAdapterAnnotationTypeAdapterFactory
7943:             1             16  com.google.gson.internal.bind.NumberTypeAdapter
7944:             1             16  com.google.gson.internal.bind.NumberTypeAdapter$1
7945:             1             16  com.google.gson.internal.bind.ObjectTypeAdapter$1
7946:             1             16  com.google.gson.internal.bind.TypeAdapters$1
7947:             1             16  com.google.gson.internal.bind.TypeAdapters$10
7948:             1             16  com.google.gson.internal.bind.TypeAdapters$11
7949:             1             16  com.google.gson.internal.bind.TypeAdapters$12
7950:             1             16  com.google.gson.internal.bind.TypeAdapters$13
7951:             1             16  com.google.gson.internal.bind.TypeAdapters$14
7952:             1             16  com.google.gson.internal.bind.TypeAdapters$15
7953:             1             16  com.google.gson.internal.bind.TypeAdapters$16
7954:             1             16  com.google.gson.internal.bind.TypeAdapters$17
7955:             1             16  com.google.gson.internal.bind.TypeAdapters$18
7956:             1             16  com.google.gson.internal.bind.TypeAdapters$19
7957:             1             16  com.google.gson.internal.bind.TypeAdapters$2
7958:             1             16  com.google.gson.internal.bind.TypeAdapters$20
7959:             1             16  com.google.gson.internal.bind.TypeAdapters$21
7960:             1             16  com.google.gson.internal.bind.TypeAdapters$22
7961:             1             16  com.google.gson.internal.bind.TypeAdapters$23
7962:             1             16  com.google.gson.internal.bind.TypeAdapters$24
7963:             1             16  com.google.gson.internal.bind.TypeAdapters$25
7964:             1             16  com.google.gson.internal.bind.TypeAdapters$26
7965:             1             16  com.google.gson.internal.bind.TypeAdapters$27
7966:             1             16  com.google.gson.internal.bind.TypeAdapters$28
7967:             1             16  com.google.gson.internal.bind.TypeAdapters$3
7968:             1             16  com.google.gson.internal.bind.TypeAdapters$4
7969:             1             16  com.google.gson.internal.bind.TypeAdapters$5
7970:             1             16  com.google.gson.internal.bind.TypeAdapters$6
7971:             1             16  com.google.gson.internal.bind.TypeAdapters$7
7972:             1             16  com.google.gson.internal.bind.TypeAdapters$8
7973:             1             16  com.google.gson.internal.bind.TypeAdapters$9
7974:             1             16  com.google.gson.internal.sql.SqlDateTypeAdapter$1
7975:             1             16  com.google.gson.internal.sql.SqlTimeTypeAdapter$1
7976:             1             16  com.google.gson.internal.sql.SqlTimestampTypeAdapter$1
7977:             1             16  com.google.gson.internal.sql.SqlTypesSupport$1
7978:             1             16  com.google.gson.internal.sql.SqlTypesSupport$2
7979:             1             16  com.sun.jmx.interceptor.DefaultMBeanServerInterceptor$ResourceContext$1 (java.management@21.0.3)
7980:             1             16  com.sun.jmx.mbeanserver.DefaultMXBeanMappingFactory (java.management@21.0.3)
7981:             1             16  com.sun.jmx.mbeanserver.DescriptorCache (java.management@21.0.3)
7982:             1             16  com.sun.jmx.mbeanserver.MBeanAnalyzer$MethodOrder (java.management@21.0.3)
7983:             1             16  com.sun.jmx.mbeanserver.MBeanInstantiator (java.management@21.0.3)
7984:             1             16  com.sun.jmx.mbeanserver.MXBeanIntrospector (java.management@21.0.3)
7985:             1             16  com.sun.jmx.mbeanserver.SecureClassLoaderRepository (java.management@21.0.3)
7986:             1             16  com.sun.jna.JNIEnv
7987:             1             16  com.sun.jna.Native$1
7988:             1             16  com.sun.jna.Native$2
7989:             1             16  com.sun.jna.Native$7
7990:             1             16  com.sun.jna.NativeLibrary$1
7991:             1             16  com.sun.jna.Structure$1
7992:             1             16  com.sun.jna.Structure$2
7993:             1             16  com.sun.jna.VarArgsChecker$RealVarArgsChecker
7994:             1             16  com.sun.management.internal.HotSpotDiagnostic (jdk.management@21.0.3)
7995:             1             16  com.sun.management.internal.PlatformMBeanProviderImpl$$Lambda/0x00007fcd2807be10 (jdk.management@21.0.3)
7996:             1             16  com.sun.management.internal.PlatformMBeanProviderImpl$1 (jdk.management@21.0.3)
7997:             1             16  com.sun.management.internal.PlatformMBeanProviderImpl$3 (jdk.management@21.0.3)
7998:             1             16  com.sun.management.internal.PlatformMBeanProviderImpl$4 (jdk.management@21.0.3)
7999:             1             16  io.github.resilience4j.core.predicate.PredicateCreator$$Lambda/0x00007fcd28b91c50
8000:             1             16  io.github.resilience4j.core.predicate.PredicateCreator$$Lambda/0x00007fcd28b91e88
8001:             1             16  io.github.resilience4j.core.predicate.PredicateCreator$$Lambda/0x00007fcd28b92778
8002:             1             16  io.github.resilience4j.retry.RetryConfig$$Lambda/0x00007fcd28b90ce0
8003:             1             16  io.github.resilience4j.retry.RetryConfig$$Lambda/0x00007fcd28b90f30
8004:             1             16  io.github.resilience4j.retry.internal.RetryImpl$$Lambda/0x00007fcd28b98ec8
8005:             1             16  io.netty.bootstrap.BootstrapConfig
8006:             1             16  io.netty.bootstrap.ChannelInitializerExtensions$EmptyExtensions
8007:             1             16  io.netty.buffer.AbstractReferenceCountedByteBuf$1
8008:             1             16  io.netty.buffer.ByteBufUtil$1
8009:             1             16  io.netty.buffer.ByteBufUtil$2
8010:             1             16  io.netty.buffer.CompositeByteBuf$1
8011:             1             16  io.netty.buffer.CompositeByteBuf$2
8012:             1             16  io.netty.buffer.PoolThreadCache$MemoryRegionCache$1
8013:             1             16  io.netty.buffer.PooledHeapByteBuf$1
8014:             1             16  io.netty.channel.AbstractChannelHandlerContext$WriteTask$1
8015:             1             16  io.netty.channel.ChannelFutureListener$1
8016:             1             16  io.netty.channel.ChannelFutureListener$2
8017:             1             16  io.netty.channel.ChannelFutureListener$3
8018:             1             16  io.netty.channel.ChannelHandlerMask$1
8019:             1             16  io.netty.channel.ChannelOutboundBuffer$1
8020:             1             16  io.netty.channel.ChannelOutboundBuffer$Entry$1
8021:             1             16  io.netty.channel.DefaultChannelPipeline$1
8022:             1             16  io.netty.channel.DefaultMessageSizeEstimator
8023:             1             16  io.netty.channel.DefaultMessageSizeEstimator$HandleImpl
8024:             1             16  io.netty.channel.DefaultSelectStrategy
8025:             1             16  io.netty.channel.DefaultSelectStrategy
8026:             1             16  io.netty.channel.DefaultSelectStrategyFactory
8027:             1             16  io.netty.channel.DefaultSelectStrategyFactory
8028:             1             16  io.netty.handler.codec.ByteToMessageDecoder$1
8029:             1             16  io.netty.handler.codec.ByteToMessageDecoder$2
8030:             1             16  io.netty.handler.codec.CodecOutputList$1
8031:             1             16  io.netty.handler.codec.CodecOutputList$2
8032:             1             16  io.netty.handler.ssl.JdkDefaultApplicationProtocolNegotiator
8033:             1             16  io.netty.handler.ssl.JdkDefaultApplicationProtocolNegotiator$1
8034:             1             16  io.netty.handler.ssl.SslCloseCompletionEvent
8035:             1             16  io.netty.handler.ssl.SslHandshakeCompletionEvent
8036:             1             16  io.netty.util.AbstractReferenceCounted$1
8037:             1             16  io.netty.util.AsciiString$1
8038:             1             16  io.netty.util.AsciiString$2
8039:             1             16  io.netty.util.NettyRuntime$AvailableProcessorsHolder
8040:             1             16  io.netty.util.NettyRuntime$AvailableProcessorsHolder
8041:             1             16  io.netty.util.Recycler$1
8042:             1             16  io.netty.util.concurrent.AbstractScheduledEventExecutor$1
8043:             1             16  io.netty.util.concurrent.AbstractScheduledEventExecutor$1
8044:             1             16  io.netty.util.concurrent.AbstractScheduledEventExecutor$2
8045:             1             16  io.netty.util.concurrent.AbstractScheduledEventExecutor$2
8046:             1             16  io.netty.util.concurrent.DefaultEventExecutorChooserFactory
8047:             1             16  io.netty.util.concurrent.DefaultEventExecutorChooserFactory
8048:             1             16  io.netty.util.concurrent.DefaultPromise$CauseHolder
8049:             1             16  io.netty.util.concurrent.DefaultPromise$CauseHolder
8050:             1             16  io.netty.util.concurrent.FastThreadLocal
8051:             1             16  io.netty.util.concurrent.FastThreadLocal
8052:             1             16  io.netty.util.concurrent.GlobalEventExecutor$1
8053:             1             16  io.netty.util.concurrent.GlobalEventExecutor$1
8054:             1             16  io.netty.util.concurrent.GlobalEventExecutor$TaskRunner
8055:             1             16  io.netty.util.concurrent.GlobalEventExecutor$TaskRunner
8056:             1             16  io.netty.util.concurrent.ImmediateExecutor
8057:             1             16  io.netty.util.concurrent.MultithreadEventExecutorGroup$1
8058:             1             16  io.netty.util.concurrent.RejectedExecutionHandlers$1
8059:             1             16  io.netty.util.concurrent.RejectedExecutionHandlers$1
8060:             1             16  io.netty.util.concurrent.SingleThreadEventExecutor$1
8061:             1             16  io.netty.util.concurrent.SingleThreadEventExecutor$1
8062:             1             16  io.netty.util.concurrent.ThreadPerTaskExecutor
8063:             1             16  io.netty.util.internal.PlatformDependent$1
8064:             1             16  io.netty.util.internal.PlatformDependent$1
8065:             1             16  io.netty.util.internal.PlatformDependent$1
8066:             1             16  io.netty.util.internal.PlatformDependent$2
8067:             1             16  io.netty.util.internal.PlatformDependent$2
8068:             1             16  io.netty.util.internal.PlatformDependent$2
8069:             1             16  io.netty.util.internal.RecyclableArrayList$1
8070:             1             16  io.netty.util.internal.TypeParameterMatcher$1
8071:             1             16  io.netty.util.internal.logging.Log4J2LoggerFactory
8072:             1             16  io.netty.util.internal.logging.Log4J2LoggerFactory
8073:             1             16  io.netty.util.internal.logging.Slf4JLoggerFactory
8074:             1             16  io.netty.util.internal.logging.Slf4JLoggerFactory
8075:             1             16  io.protostuff.runtime.ArraySchemas$1
8076:             1             16  io.protostuff.runtime.IdStrategy$10
8077:             1             16  io.protostuff.runtime.IdStrategy$12
8078:             1             16  io.protostuff.runtime.IdStrategy$14
8079:             1             16  io.protostuff.runtime.IdStrategy$16
8080:             1             16  io.protostuff.runtime.IdStrategy$18
8081:             1             16  io.protostuff.runtime.IdStrategy$20
8082:             1             16  io.protostuff.runtime.IdStrategy$22
8083:             1             16  io.protostuff.runtime.IdStrategy$24
8084:             1             16  io.protostuff.runtime.IdStrategy$8
8085:             1             16  io.protostuff.runtime.ReflectAccessor$1
8086:             1             16  io.protostuff.runtime.RuntimeFieldFactory$1
8087:             1             16  io.protostuff.runtime.RuntimeReflectionFieldFactory$1
8088:             1             16  io.protostuff.runtime.RuntimeReflectionFieldFactory$10
8089:             1             16  io.protostuff.runtime.RuntimeReflectionFieldFactory$11
8090:             1             16  io.protostuff.runtime.RuntimeReflectionFieldFactory$12
8091:             1             16  io.protostuff.runtime.RuntimeReflectionFieldFactory$13
8092:             1             16  io.protostuff.runtime.RuntimeReflectionFieldFactory$14
8093:             1             16  io.protostuff.runtime.RuntimeReflectionFieldFactory$15
8094:             1             16  io.protostuff.runtime.RuntimeReflectionFieldFactory$16
8095:             1             16  io.protostuff.runtime.RuntimeReflectionFieldFactory$17
8096:             1             16  io.protostuff.runtime.RuntimeReflectionFieldFactory$18
8097:             1             16  io.protostuff.runtime.RuntimeReflectionFieldFactory$19
8098:             1             16  io.protostuff.runtime.RuntimeReflectionFieldFactory$2
8099:             1             16  io.protostuff.runtime.RuntimeReflectionFieldFactory$3
8100:             1             16  io.protostuff.runtime.RuntimeReflectionFieldFactory$4
8101:             1             16  io.protostuff.runtime.RuntimeReflectionFieldFactory$5
8102:             1             16  io.protostuff.runtime.RuntimeReflectionFieldFactory$6
8103:             1             16  io.protostuff.runtime.RuntimeReflectionFieldFactory$7
8104:             1             16  io.protostuff.runtime.RuntimeReflectionFieldFactory$8
8105:             1             16  io.protostuff.runtime.RuntimeReflectionFieldFactory$9
8106:             1             16  io.vavr.collection.HashArrayMappedTrieModule$EmptyNode
8107:             1             16  io.vavr.collection.HashMap
8108:             1             16  java.io.Console$$Lambda/0x00007fcd28065c28 (java.base@21.0.3)
8109:             1             16  java.io.Console$$Lambda/0x00007fcd280664e0 (java.base@21.0.3)
8110:             1             16  java.io.Console$$Lambda/0x00007fcd28067868 (java.base@21.0.3)
8111:             1             16  java.io.Console$1 (java.base@21.0.3)
8112:             1             16  java.io.DeleteOnExitHook$1 (java.base@21.0.3)
8113:             1             16  java.io.FileDescriptor$1 (java.base@21.0.3)
8114:             1             16  java.io.FilePermission$1 (java.base@21.0.3)
8115:             1             16  java.io.FilePermissionCollection$$Lambda/0x00007fcd28058f00 (java.base@21.0.3)
8116:             1             16  java.io.ObjectInputFilter$Config$$Lambda/0x00007fcd29177138 (java.base@21.0.3)
8117:             1             16  java.io.ObjectInputFilter$Config$$Lambda/0x00007fcd29177350 (java.base@21.0.3)
8118:             1             16  java.io.ObjectInputFilter$Config$$Lambda/0x00007fcd291779a0 (java.base@21.0.3)
8119:             1             16  java.io.ObjectInputFilter$Config$BuiltinFilterFactory (java.base@21.0.3)
8120:             1             16  java.io.ObjectInputStream$$Lambda/0x00007fcd29175368 (java.base@21.0.3)
8121:             1             16  java.io.ObjectInputStream$$Lambda/0x00007fcd29175778 (java.base@21.0.3)
8122:             1             16  java.io.PrintStream$1 (java.base@21.0.3)
8123:             1             16  java.io.PrintWriter$1 (java.base@21.0.3)
8124:             1             16  java.io.RandomAccessFile$2 (java.base@21.0.3)
8125:             1             16  java.lang.ApplicationShutdownHooks$1 (java.base@21.0.3)
8126:             1             16  java.lang.CharacterData00 (java.base@21.0.3)
8127:             1             16  java.lang.CharacterDataLatin1 (java.base@21.0.3)
8128:             1             16  java.lang.Class$$Lambda/0x00007fcd280e4930 (java.base@21.0.3)
8129:             1             16  java.lang.Class$1 (java.base@21.0.3)
8130:             1             16  java.lang.Module$$Lambda/0x00007fcd28148a28 (java.base@21.0.3)
8131:             1             16  java.lang.ProcessBuilder$NullInputStream (java.base@21.0.3)
8132:             1             16  java.lang.ProcessBuilder$NullOutputStream (java.base@21.0.3)
8133:             1             16  java.lang.ProcessEnvironment$StringKeySet (java.base@21.0.3)
8134:             1             16  java.lang.ProcessHandleImpl$$Lambda/0x00007fcd28165918 (java.base@21.0.3)
8135:             1             16  java.lang.Runtime (java.base@21.0.3)
8136:             1             16  java.lang.Runtime$Version$$Lambda/0x00007fcd280795c0 (java.base@21.0.3)
8137:             1             16  java.lang.SecurityManager$$Lambda/0x00007fcd28046e18 (java.base@21.0.3)
8138:             1             16  java.lang.SecurityManager$$Lambda/0x00007fcd280472a0 (java.base@21.0.3)
8139:             1             16  java.lang.SecurityManager$$Lambda/0x00007fcd280474d8 (java.base@21.0.3)
8140:             1             16  java.lang.SecurityManager$$Lambda/0x00007fcd28047710 (java.base@21.0.3)
8141:             1             16  java.lang.SecurityManager$$Lambda/0x00007fcd28047938 (java.base@21.0.3)
8142:             1             16  java.lang.SecurityManager$$Lambda/0x00007fcd28047b80 (java.base@21.0.3)
8143:             1             16  java.lang.SecurityManager$$Lambda/0x00007fcd28047fe8 (java.base@21.0.3)
8144:             1             16  java.lang.SecurityManager$$Lambda/0x00007fcd28048230 (java.base@21.0.3)
8145:             1             16  java.lang.String$CaseInsensitiveComparator (java.base@21.0.3)
8146:             1             16  java.lang.System$2 (java.base@21.0.3)
8147:             1             16  java.lang.System$LoggerFinder$$Lambda/0x00007fcd28168d28 (java.base@21.0.3)
8148:             1             16  java.lang.Terminator$1 (java.base@21.0.3)
8149:             1             16  java.lang.Thread$1 (java.base@21.0.3)
8150:             1             16  java.lang.invoke.ClassSpecializer$1 (java.base@21.0.3)
8151:             1             16  java.lang.invoke.MemberName$Factory (java.base@21.0.3)
8152:             1             16  java.lang.invoke.MethodHandleImpl$1 (java.base@21.0.3)
8153:             1             16  java.lang.management.DefaultPlatformMBeanProvider$1 (java.management@21.0.3)
8154:             1             16  java.lang.management.DefaultPlatformMBeanProvider$10 (java.management@21.0.3)
8155:             1             16  java.lang.management.DefaultPlatformMBeanProvider$2 (java.management@21.0.3)
8156:             1             16  java.lang.management.DefaultPlatformMBeanProvider$3 (java.management@21.0.3)
8157:             1             16  java.lang.management.DefaultPlatformMBeanProvider$5 (java.management@21.0.3)
8158:             1             16  java.lang.management.DefaultPlatformMBeanProvider$5$$Lambda/0x00007fcd284fb058 (java.management@21.0.3)
8159:             1             16  java.lang.management.DefaultPlatformMBeanProvider$6 (java.management@21.0.3)
8160:             1             16  java.lang.management.DefaultPlatformMBeanProvider$7 (java.management@21.0.3)
8161:             1             16  java.lang.management.DefaultPlatformMBeanProvider$9 (java.management@21.0.3)
8162:             1             16  java.lang.management.ManagementFactory$$Lambda/0x00007fcd2807a018 (java.management@21.0.3)
8163:             1             16  java.lang.management.ManagementFactory$$Lambda/0x00007fcd284f23e0 (java.management@21.0.3)
8164:             1             16  java.lang.management.ManagementFactory$$Lambda/0x00007fcd284f2628 (java.management@21.0.3)
8165:             1             16  java.lang.management.ManagementFactory$$Lambda/0x00007fcd284f2860 (java.management@21.0.3)
8166:             1             16  java.lang.module.ModuleDescriptor$1 (java.base@21.0.3)
8167:             1             16  java.lang.module.ModuleDescriptor$Builder$$Lambda/0x800000002 (java.base@21.0.3)
8168:             1             16  java.lang.ref.Cleaner (java.base@21.0.3)
8169:             1             16  java.lang.ref.Cleaner$1 (java.base@21.0.3)
8170:             1             16  java.lang.ref.Reference$1 (java.base@21.0.3)
8171:             1             16  java.lang.reflect.AccessFlag$1 (java.base@21.0.3)
8172:             1             16  java.lang.reflect.AccessFlag$10 (java.base@21.0.3)
8173:             1             16  java.lang.reflect.AccessFlag$11 (java.base@21.0.3)
8174:             1             16  java.lang.reflect.AccessFlag$12 (java.base@21.0.3)
8175:             1             16  java.lang.reflect.AccessFlag$13 (java.base@21.0.3)
8176:             1             16  java.lang.reflect.AccessFlag$14 (java.base@21.0.3)
8177:             1             16  java.lang.reflect.AccessFlag$15 (java.base@21.0.3)
8178:             1             16  java.lang.reflect.AccessFlag$16 (java.base@21.0.3)
8179:             1             16  java.lang.reflect.AccessFlag$17 (java.base@21.0.3)
8180:             1             16  java.lang.reflect.AccessFlag$18 (java.base@21.0.3)
8181:             1             16  java.lang.reflect.AccessFlag$2 (java.base@21.0.3)
8182:             1             16  java.lang.reflect.AccessFlag$3 (java.base@21.0.3)
8183:             1             16  java.lang.reflect.AccessFlag$4 (java.base@21.0.3)
8184:             1             16  java.lang.reflect.AccessFlag$5 (java.base@21.0.3)
8185:             1             16  java.lang.reflect.AccessFlag$6 (java.base@21.0.3)
8186:             1             16  java.lang.reflect.AccessFlag$7 (java.base@21.0.3)
8187:             1             16  java.lang.reflect.AccessFlag$8 (java.base@21.0.3)
8188:             1             16  java.lang.reflect.AccessFlag$9 (java.base@21.0.3)
8189:             1             16  java.lang.reflect.Proxy$$Lambda/0x00007fcd28147cc0 (java.base@21.0.3)
8190:             1             16  java.lang.reflect.Proxy$ProxyBuilder$$Lambda/0x00007fcd281480f0 (java.base@21.0.3)
8191:             1             16  java.lang.reflect.ProxyGenerator$$Lambda/0x00007fcd281497d8 (java.base@21.0.3)
8192:             1             16  java.lang.reflect.ProxyGenerator$$Lambda/0x00007fcd28149a10 (java.base@21.0.3)
8193:             1             16  java.lang.reflect.ReflectAccess (java.base@21.0.3)
8194:             1             16  java.net.InetAddress$$Lambda/0x00007fcd28156650 (java.base@21.0.3)
8195:             1             16  java.net.InetAddress$$Lambda/0x00007fcd28156a78 (java.base@21.0.3)
8196:             1             16  java.net.InetAddress$$Lambda/0x00007fcd28156cb0 (java.base@21.0.3)
8197:             1             16  java.net.InetAddress$1 (java.base@21.0.3)
8198:             1             16  java.net.InetAddress$PlatformResolver (java.base@21.0.3)
8199:             1             16  java.net.URI$1 (java.base@21.0.3)
8200:             1             16  java.net.URL$3 (java.base@21.0.3)
8201:             1             16  java.net.URL$DefaultFactory (java.base@21.0.3)
8202:             1             16  java.net.spi.InetAddressResolver$LookupPolicy (java.base@21.0.3)
8203:             1             16  java.nio.Bits$1 (java.base@21.0.3)
8204:             1             16  java.nio.Buffer$1 (java.base@21.0.3)
8205:             1             16  java.nio.Buffer$2 (java.base@21.0.3)
8206:             1             16  java.nio.channels.spi.SelectorProvider$Holder$$Lambda/0x00007fcd289edf88 (java.base@21.0.3)
8207:             1             16  java.nio.file.Files$$Lambda/0x00007fcd282f8420 (java.base@21.0.3)
8208:             1             16  java.nio.file.Files$AcceptAllFilter (java.base@21.0.3)
8209:             1             16  java.security.AllPermission (java.base@21.0.3)
8210:             1             16  java.security.KeyStore$$Lambda/0x00007fcd282d1c28 (java.base@21.0.3)
8211:             1             16  java.security.ProtectionDomain$JavaSecurityAccessImpl (java.base@21.0.3)
8212:             1             16  java.security.Security$$Lambda/0x80000000b (java.base@21.0.3)
8213:             1             16  java.security.Security$1 (java.base@21.0.3)
8214:             1             16  java.security.Signature$1 (java.base@21.0.3)
8215:             1             16  java.security.cert.CertPathHelperImpl (java.base@21.0.3)
8216:             1             16  java.security.spec.EncodedKeySpec$$Lambda/0x00007fcd28266c20 (java.base@21.0.3)
8217:             1             16  java.text.DecimalFormatSymbols$$Lambda/0x80000000d (java.base@21.0.3)
8218:             1             16  java.text.MessageFormat$Field (java.base@21.0.3)
8219:             1             16  java.time.ZoneOffset$$Lambda/0x80000000e (java.base@21.0.3)
8220:             1             16  java.time.chrono.HijrahChronology$$Lambda/0x00007fcd284cc538 (java.base@21.0.3)
8221:             1             16  java.time.chrono.HijrahChronology$$Lambda/0x00007fcd284cc750 (java.base@21.0.3)
8222:             1             16  java.time.chrono.IsoChronology (java.base@21.0.3)
8223:             1             16  java.time.chrono.JapaneseChronology (java.base@21.0.3)
8224:             1             16  java.time.chrono.MinguoChronology (java.base@21.0.3)
8225:             1             16  java.time.chrono.ThaiBuddhistChronology (java.base@21.0.3)
8226:             1             16  java.time.format.DateTimeFormatter$$Lambda/0x80000000f (java.base@21.0.3)
8227:             1             16  java.time.format.DateTimeFormatter$$Lambda/0x800000010 (java.base@21.0.3)
8228:             1             16  java.time.format.DateTimeFormatterBuilder$$Lambda/0x800000011 (java.base@21.0.3)
8229:             1             16  java.time.format.DateTimeFormatterBuilder$InstantPrinterParser (java.base@21.0.3)
8230:             1             16  java.time.format.DateTimeFormatterBuilder$LocalizedOffsetIdPrinterParser (java.base@21.0.3)
8231:             1             16  java.time.format.DateTimeTextProvider (java.base@21.0.3)
8232:             1             16  java.time.format.DateTimeTextProvider$1 (java.base@21.0.3)
8233:             1             16  java.time.temporal.TemporalQueries$1 (java.base@21.0.3)
8234:             1             16  java.time.temporal.TemporalQueries$2 (java.base@21.0.3)
8235:             1             16  java.time.temporal.TemporalQueries$3 (java.base@21.0.3)
8236:             1             16  java.time.temporal.TemporalQueries$4 (java.base@21.0.3)
8237:             1             16  java.time.temporal.TemporalQueries$5 (java.base@21.0.3)
8238:             1             16  java.time.temporal.TemporalQueries$6 (java.base@21.0.3)
8239:             1             16  java.time.temporal.TemporalQueries$7 (java.base@21.0.3)
8240:             1             16  java.util.AbstractMap$1 (java.base@21.0.3)
8241:             1             16  java.util.Collections$EmptyEnumeration (java.base@21.0.3)
8242:             1             16  java.util.Collections$EmptyIterator (java.base@21.0.3)
8243:             1             16  java.util.Collections$EmptyList (java.base@21.0.3)
8244:             1             16  java.util.Collections$EmptyListIterator (java.base@21.0.3)
8245:             1             16  java.util.Collections$EmptySet (java.base@21.0.3)
8246:             1             16  java.util.Collections$ReverseComparator (java.base@21.0.3)
8247:             1             16  java.util.EnumMap$1 (java.base@21.0.3)
8248:             1             16  java.util.EnumMap$EntrySet (java.base@21.0.3)
8249:             1             16  java.util.ImmutableCollections$Access$1 (java.base@21.0.3)
8250:             1             16  java.util.Locale$Builder (java.base@21.0.3)
8251:             1             16  java.util.Map$Entry$$Lambda/0x00007fcd29074e50 (java.base@21.0.3)
8252:             1             16  java.util.Properties$EntrySet (java.base@21.0.3)
8253:             1             16  java.util.ResourceBundle$1 (java.base@21.0.3)
8254:             1             16  java.util.ResourceBundle$Control (java.base@21.0.3)
8255:             1             16  java.util.Spliterators$EmptySpliterator$OfDouble (java.base@21.0.3)
8256:             1             16  java.util.Spliterators$EmptySpliterator$OfInt (java.base@21.0.3)
8257:             1             16  java.util.Spliterators$EmptySpliterator$OfLong (java.base@21.0.3)
8258:             1             16  java.util.Spliterators$EmptySpliterator$OfRef (java.base@21.0.3)
8259:             1             16  java.util.concurrent.CompletableFuture$AltResult (java.base@21.0.3)
8260:             1             16  java.util.concurrent.ForkJoinPool$2 (java.base@21.0.3)
8261:             1             16  java.util.concurrent.ForkJoinPool$DefaultForkJoinWorkerThreadFactory (java.base@21.0.3)
8262:             1             16  java.util.concurrent.ThreadPoolExecutor$AbortPolicy (java.base@21.0.3)
8263:             1             16  java.util.function.Function$$Lambda/0x00007fcd28068a50 (java.base@21.0.3)
8264:             1             16  java.util.function.UnaryOperator$$Lambda/0x00007fcd289f2348 (java.base@21.0.3)
8265:             1             16  java.util.jar.JavaUtilJarAccessImpl (java.base@21.0.3)
8266:             1             16  java.util.logging.ErrorManager (java.logging@21.0.3)
8267:             1             16  java.util.logging.Level$$Lambda/0x800000013 (java.logging@21.0.3)
8268:             1             16  java.util.logging.Level$KnownLevel$$Lambda/0x800000023 (java.logging@21.0.3)
8269:             1             16  java.util.logging.Level$KnownLevel$$Lambda/0x800000024 (java.logging@21.0.3)
8270:             1             16  java.util.logging.Level$KnownLevel$$Lambda/0x800000025 (java.logging@21.0.3)
8271:             1             16  java.util.logging.LogManager$CloseOnReset (java.logging@21.0.3)
8272:             1             16  java.util.logging.LogManager$LoggingProviderAccess (java.logging@21.0.3)
8273:             1             16  java.util.logging.LogManager$VisitedLoggers (java.logging@21.0.3)
8274:             1             16  java.util.logging.Logging (java.logging@21.0.3)
8275:             1             16  java.util.logging.SimpleFormatter (java.logging@21.0.3)
8276:             1             16  java.util.logging.SimpleFormatter$$Lambda/0x00007fcd28171fb0 (java.logging@21.0.3)
8277:             1             16  java.util.regex.CharPredicates$$Lambda/0x00007fcd28078698 (java.base@21.0.3)
8278:             1             16  java.util.regex.CharPredicates$$Lambda/0x00007fcd282fa940 (java.base@21.0.3)
8279:             1             16  java.util.regex.CharPredicates$$Lambda/0x00007fcd282fadf0 (java.base@21.0.3)
8280:             1             16  java.util.regex.CharPredicates$$Lambda/0x800000026 (java.base@21.0.3)
8281:             1             16  java.util.regex.CharPredicates$$Lambda/0x800000027 (java.base@21.0.3)
8282:             1             16  java.util.regex.Pattern$$Lambda/0x00007fcd280771b0 (java.base@21.0.3)
8283:             1             16  java.util.regex.Pattern$$Lambda/0x00007fcd282fab98 (java.base@21.0.3)
8284:             1             16  java.util.regex.Pattern$$Lambda/0x00007fcd289f9b38 (java.base@21.0.3)
8285:             1             16  java.util.regex.Pattern$LastNode (java.base@21.0.3)
8286:             1             16  java.util.regex.Pattern$LookBehindEndNode (java.base@21.0.3)
8287:             1             16  java.util.regex.Pattern$Node (java.base@21.0.3)
8288:             1             16  java.util.stream.Collectors$$Lambda/0x00007fcd2806a460 (java.base@21.0.3)
8289:             1             16  java.util.stream.Collectors$$Lambda/0x00007fcd2806a8a8 (java.base@21.0.3)
8290:             1             16  java.util.stream.Collectors$$Lambda/0x00007fcd2806aae8 (java.base@21.0.3)
8291:             1             16  java.util.stream.Collectors$$Lambda/0x00007fcd2806ca08 (java.base@21.0.3)
8292:             1             16  java.util.stream.Collectors$$Lambda/0x00007fcd2806cc20 (java.base@21.0.3)
8293:             1             16  java.util.stream.Collectors$$Lambda/0x00007fcd2806ce48 (java.base@21.0.3)
8294:             1             16  java.util.stream.Collectors$$Lambda/0x00007fcd282fe858 (java.base@21.0.3)
8295:             1             16  java.util.stream.Collectors$$Lambda/0x00007fcd284c7b58 (java.base@21.0.3)
8296:             1             16  java.util.stream.Collectors$$Lambda/0x00007fcd284c7d80 (java.base@21.0.3)
8297:             1             16  java.util.stream.Collectors$$Lambda/0x00007fcd289e1850 (java.base@21.0.3)
8298:             1             16  java.util.stream.Collectors$$Lambda/0x00007fcd29164990 (java.base@21.0.3)
8299:             1             16  java.util.stream.Collectors$$Lambda/0x00007fcd2916b990 (java.base@21.0.3)
8300:             1             16  java.util.stream.Collectors$$Lambda/0x00007fcd29177bb8 (java.base@21.0.3)
8301:             1             16  java.util.stream.Collectors$$Lambda/0x00007fcd29178a88 (java.base@21.0.3)
8302:             1             16  java.util.stream.Collectors$$Lambda/0x00007fcd29178ed0 (java.base@21.0.3)
8303:             1             16  java.util.stream.Collectors$$Lambda/0x00007fcd291790e8 (java.base@21.0.3)
8304:             1             16  java.util.stream.Collectors$$Lambda/0x00007fcd29179310 (java.base@21.0.3)
8305:             1             16  java.util.stream.Collectors$$Lambda/0x00007fcd29179550 (java.base@21.0.3)
8306:             1             16  java.util.stream.Collectors$$Lambda/0x00007fcd2917b5b0 (java.base@21.0.3)
8307:             1             16  java.util.stream.Collectors$$Lambda/0x80000003a (java.base@21.0.3)
8308:             1             16  java.util.stream.Collectors$$Lambda/0x80000003f (java.base@21.0.3)
8309:             1             16  java.util.stream.Collectors$$Lambda/0x800000041 (java.base@21.0.3)
8310:             1             16  java.util.stream.Collectors$$Lambda/0x800000042 (java.base@21.0.3)
8311:             1             16  java.util.stream.Collectors$$Lambda/0x800000043 (java.base@21.0.3)
8312:             1             16  java.util.stream.Collectors$$Lambda/0x800000044 (java.base@21.0.3)
8313:             1             16  java.util.stream.Collectors$$Lambda/0x800000046 (java.base@21.0.3)
8314:             1             16  java.util.stream.FindOps$FindSink$OfInt$$Lambda/0x800000049 (java.base@21.0.3)
8315:             1             16  java.util.stream.FindOps$FindSink$OfInt$$Lambda/0x80000004a (java.base@21.0.3)
8316:             1             16  java.util.stream.FindOps$FindSink$OfInt$$Lambda/0x80000004b (java.base@21.0.3)
8317:             1             16  java.util.stream.FindOps$FindSink$OfInt$$Lambda/0x80000004c (java.base@21.0.3)
8318:             1             16  java.util.stream.FindOps$FindSink$OfRef$$Lambda/0x80000004d (java.base@21.0.3)
8319:             1             16  java.util.stream.FindOps$FindSink$OfRef$$Lambda/0x80000004e (java.base@21.0.3)
8320:             1             16  java.util.stream.FindOps$FindSink$OfRef$$Lambda/0x80000004f (java.base@21.0.3)
8321:             1             16  java.util.stream.FindOps$FindSink$OfRef$$Lambda/0x800000050 (java.base@21.0.3)
8322:             1             16  java.util.stream.IntPipeline$$Lambda/0x00007fcd28073878 (java.base@21.0.3)
8323:             1             16  java.util.stream.IntPipeline$$Lambda/0x00007fcd290758f0 (java.base@21.0.3)
8324:             1             16  java.util.stream.LongPipeline$$Lambda/0x00007fcd284c5330 (java.base@21.0.3)
8325:             1             16  java.util.stream.LongPipeline$$Lambda/0x00007fcd289f85c0 (java.base@21.0.3)
8326:             1             16  java.util.stream.LongPipeline$$Lambda/0x00007fcd290750e0 (java.base@21.0.3)
8327:             1             16  java.util.stream.LongPipeline$$Lambda/0x00007fcd292893d8 (java.base@21.0.3)
8328:             1             16  java.util.stream.Nodes$EmptyNode$OfDouble (java.base@21.0.3)
8329:             1             16  java.util.stream.Nodes$EmptyNode$OfInt (java.base@21.0.3)
8330:             1             16  java.util.stream.Nodes$EmptyNode$OfLong (java.base@21.0.3)
8331:             1             16  java.util.stream.Nodes$EmptyNode$OfRef (java.base@21.0.3)
8332:             1             16  java.util.stream.ReferencePipeline$$Lambda/0x00007fcd289e0000 (java.base@21.0.3)
8333:             1             16  java.util.zip.ZipFile$1 (java.base@21.0.3)
8334:             1             16  javax.crypto.CryptoAllPermissionCollection (java.base@21.0.3)
8335:             1             16  javax.crypto.JceSecurityManager (java.base@21.0.3)
8336:             1             16  javax.crypto.JceSecurityManager$$Lambda/0x00007fcd282c7e30 (java.base@21.0.3)
8337:             1             16  javax.crypto.JceSecurityManager$$Lambda/0x00007fcd282c8048 (java.base@21.0.3)
8338:             1             16  javax.crypto.spec.SecretKeySpec$$Lambda/0x00007fcd280fc3c8 (java.base@21.0.3)
8339:             1             16  javax.management.JMX (java.management@21.0.3)
8340:             1             16  javax.management.MBeanServerBuilder (java.management@21.0.3)
8341:             1             16  javax.management.NotificationBroadcasterSupport$1 (java.management@21.0.3)
8342:             1             16  javax.net.ssl.KeyManagerFactory$$Lambda/0x00007fcd282f5ef8 (java.base@21.0.3)
8343:             1             16  javax.net.ssl.TrustManagerFactory$$Lambda/0x00007fcd282d0750 (java.base@21.0.3)
8344:             1             16  jdk.internal.foreign.MemorySessionImpl$$Lambda/0x00007fcd2917c0d8 (java.base@21.0.3)
8345:             1             16  jdk.internal.foreign.MemorySessionImpl$$Lambda/0x00007fcd2917c548 (java.base@21.0.3)
8346:             1             16  jdk.internal.foreign.MemorySessionImpl$ResourceList$ResourceCleanup$1 (java.base@21.0.3)
8347:             1             16  jdk.internal.icu.impl.Norm2AllModes$DecomposeNormalizer2 (java.base@21.0.3)
8348:             1             16  jdk.internal.icu.impl.Norm2AllModes$NoopNormalizer2 (java.base@21.0.3)
8349:             1             16  jdk.internal.icu.impl.NormalizerImpl$IsAcceptable (java.base@21.0.3)
8350:             1             16  jdk.internal.icu.text.NormalizerBase$ModeImpl (java.base@21.0.3)
8351:             1             16  jdk.internal.icu.text.NormalizerBase$NFCMode (java.base@21.0.3)
8352:             1             16  jdk.internal.icu.text.NormalizerBase$NFDMode (java.base@21.0.3)
8353:             1             16  jdk.internal.icu.text.NormalizerBase$NFKCMode (java.base@21.0.3)
8354:             1             16  jdk.internal.icu.text.NormalizerBase$NFKDMode (java.base@21.0.3)
8355:             1             16  jdk.internal.icu.text.NormalizerBase$NONEMode (java.base@21.0.3)
8356:             1             16  jdk.internal.icu.util.CodePointTrie$Data16 (java.base@21.0.3)
8357:             1             16  jdk.internal.icu.util.VersionInfo (java.base@21.0.3)
8358:             1             16  jdk.internal.jimage.ImageBufferCache$1 (java.base@21.0.3)
8359:             1             16  jdk.internal.jimage.ImageBufferCache$2 (java.base@21.0.3)
8360:             1             16  jdk.internal.jimage.ImageReaderFactory$1 (java.base@21.0.3)
8361:             1             16  jdk.internal.jimage.ImageStringsReader (java.base@21.0.3)
8362:             1             16  jdk.internal.jimage.decompressor.Decompressor (java.base@21.0.3)
8363:             1             16  jdk.internal.jrtfs.JrtFileSystemProvider (java.base@21.0.3)
8364:             1             16  jdk.internal.logger.LazyLoggers$$Lambda/0x00007fcd28168b10 (java.base@21.0.3)
8365:             1             16  jdk.internal.logger.LazyLoggers$1 (java.base@21.0.3)
8366:             1             16  jdk.internal.logger.LazyLoggers$JdkLazyLogger (java.base@21.0.3)
8367:             1             16  jdk.internal.logger.LazyLoggers$LazyLoggerFactories (java.base@21.0.3)
8368:             1             16  jdk.internal.logger.LoggerFinderLoader$$Lambda/0x00007fcd28169140 (java.base@21.0.3)
8369:             1             16  jdk.internal.logger.LoggerFinderLoader$$Lambda/0x00007fcd28169358 (java.base@21.0.3)
8370:             1             16  jdk.internal.math.FloatingDecimal$1 (java.base@21.0.3)
8371:             1             16  jdk.internal.misc.ExtendedMapMode$$Lambda/0x00007fcd2917da28 (java.base@21.0.3)
8372:             1             16  jdk.internal.misc.ScopedMemoryAccess (java.base@21.0.3)
8373:             1             16  jdk.internal.misc.TerminatingThreadLocal$1 (java.base@21.0.3)
8374:             1             16  jdk.internal.misc.Unsafe (java.base@21.0.3)
8375:             1             16  jdk.internal.module.ArchivedBootLayer (java.base@21.0.3)
8376:             1             16  jdk.internal.module.ModuleLoaderMap$Mapper (java.base@21.0.3)
8377:             1             16  jdk.internal.module.ModulePatcher (java.base@21.0.3)
8378:             1             16  jdk.internal.module.ModuleTarget (java.base@21.0.3)
8379:             1             16  jdk.internal.perf.Perf (java.base@21.0.3)
8380:             1             16  jdk.internal.platform.CgroupMetrics (java.base@21.0.3)
8381:             1             16  jdk.internal.platform.CgroupSubsystemFactory$$Lambda/0x00007fcd281770d8 (java.base@21.0.3)
8382:             1             16  jdk.internal.platform.cgroupv2.CgroupV2Subsystem (java.base@21.0.3)
8383:             1             16  jdk.internal.platform.cgroupv2.CgroupV2Subsystem$$Lambda/0x00007fcd284de6f0 (java.base@21.0.3)
8384:             1             16  jdk.internal.platform.cgroupv2.CgroupV2SubsystemController (java.base@21.0.3)
8385:             1             16  jdk.internal.reflect.GeneratedSerializationConstructorAccessor1 (java.base@21.0.3)
8386:             1             16  jdk.internal.reflect.GeneratedSerializationConstructorAccessor10 (java.base@21.0.3)
8387:             1             16  jdk.internal.reflect.GeneratedSerializationConstructorAccessor11 (java.base@21.0.3)
8388:             1             16  jdk.internal.reflect.GeneratedSerializationConstructorAccessor12
8389:             1             16  jdk.internal.reflect.GeneratedSerializationConstructorAccessor2 (java.base@21.0.3)
8390:             1             16  jdk.internal.reflect.GeneratedSerializationConstructorAccessor3 (java.base@21.0.3)
8391:             1             16  jdk.internal.reflect.GeneratedSerializationConstructorAccessor4 (java.base@21.0.3)
8392:             1             16  jdk.internal.reflect.GeneratedSerializationConstructorAccessor5
8393:             1             16  jdk.internal.reflect.GeneratedSerializationConstructorAccessor6 (java.base@21.0.3)
8394:             1             16  jdk.internal.reflect.GeneratedSerializationConstructorAccessor7 (java.base@21.0.3)
8395:             1             16  jdk.internal.reflect.GeneratedSerializationConstructorAccessor8 (java.base@21.0.3)
8396:             1             16  jdk.internal.reflect.GeneratedSerializationConstructorAccessor9 (java.base@21.0.3)
8397:             1             16  jdk.internal.reflect.ReflectionFactory (java.base@21.0.3)
8398:             1             16  jdk.internal.util.Preconditions$1 (java.base@21.0.3)
8399:             1             16  jdk.internal.util.Preconditions$2 (java.base@21.0.3)
8400:             1             16  jdk.internal.util.Preconditions$3 (java.base@21.0.3)
8401:             1             16  jdk.jfr.internal.SecuritySupport$$Lambda/0x00007fcd289e2bd0 (jdk.jfr@21.0.3)
8402:             1             16  jdk.jfr.internal.SecuritySupport$Privileged (jdk.jfr@21.0.3)
8403:             1             16  jdk.jfr.internal.consumer.FileAccess$UnPrivileged (jdk.jfr@21.0.3)
8404:             1             16  jdk.jfr.internal.dcmd.DCmdCheck$$Lambda/0x00007fcd289ea088 (jdk.jfr@21.0.3)
8405:             1             16  jdk.jfr.internal.dcmd.DCmdDump$$Lambda/0x00007fcd289e9e70 (jdk.jfr@21.0.3)
8406:             1             16  jdk.jfr.internal.dcmd.DCmdStart$$Lambda/0x00007fcd289e3430 (jdk.jfr@21.0.3)
8407:             1             16  jdk.jfr.internal.dcmd.DCmdStart$$Lambda/0x00007fcd289e9c58 (jdk.jfr@21.0.3)
8408:             1             16  jdk.jfr.internal.dcmd.DCmdStop$$Lambda/0x00007fcd289e1438 (jdk.jfr@21.0.3)
8409:             1             16  jdk.jfr.internal.dcmd.DCmdView$$Lambda/0x00007fcd289e1220 (jdk.jfr@21.0.3)
8410:             1             16  jdk.jfr.internal.jfc.model.JFCModel$$Lambda/0x00007fcd289e97f8 (jdk.jfr@21.0.3)
8411:             1             16  jdk.jfr.internal.jfc.model.JFCModel$$Lambda/0x00007fcd289e9a20 (jdk.jfr@21.0.3)
8412:             1             16  jdk.management.jfr.SettingDescriptorInfo$1 (jdk.management.jfr@21.0.3)
8413:             1             16  jdk.net.LinuxSocketOptions (jdk.net@21.0.3)
8414:             1             16  jdk.net.LinuxSocketOptions$$Lambda/0x00007fcd289fe8d8 (jdk.net@21.0.3)
8415:             1             16  jdk.nio.zipfs.ZipFileSystem$$Lambda/0x00007fcd2903d790 (jdk.zipfs@21.0.3)
8416:             1             16  jdk.nio.zipfs.ZipFileSystemProvider (jdk.zipfs@21.0.3)
8417:             1             16  jdk.proxy2.$Proxy14 (jdk.proxy2)
8418:             1             16  jdk.proxy2.$Proxy16 (jdk.proxy2)
8419:             1             16  jdk.proxy2.$Proxy31 (jdk.proxy2)
8420:             1             16  jdk.proxy2.$Proxy33 (jdk.proxy2)
8421:             1             16  jdk.proxy2.$Proxy8 (jdk.proxy2)
8422:             1             16  jdk.proxy4.$Proxy49 (jdk.proxy4)
8423:             1             16  jdk.proxy5.$Proxy45 (jdk.proxy5)
8424:             1             16  jdk.proxy5.$Proxy46 (jdk.proxy5)
8425:             1             16  jdk.proxy7.$Proxy43 (jdk.proxy7)
8426:             1             16  jdk.proxy7.$Proxy44 (jdk.proxy7)
8427:             1             16  joptsimple.OptionParserState$2
8428:             1             16  joptsimple.util.PathConverter
8429:             1             16  kotlin.Result$Companion
8430:             1             16  kotlin.UNINITIALIZED_VALUE
8431:             1             16  kotlin.UNINITIALIZED_VALUE
8432:             1             16  kotlin.UNINITIALIZED_VALUE
8433:             1             16  kotlin.UNINITIALIZED_VALUE
8434:             1             16  kotlin.Unit
8435:             1             16  kotlin.collections.EmptyIterator
8436:             1             16  kotlin.collections.EmptyIterator
8437:             1             16  kotlin.collections.EmptyIterator
8438:             1             16  kotlin.collections.EmptyIterator
8439:             1             16  kotlin.collections.EmptyList
8440:             1             16  kotlin.collections.EmptyList
8441:             1             16  kotlin.collections.EmptyList
8442:             1             16  kotlin.collections.EmptyList
8443:             1             16  kotlin.collections.EmptyList
8444:             1             16  kotlin.collections.EmptyList
8445:             1             16  kotlin.collections.EmptyMap
8446:             1             16  kotlin.collections.EmptySet
8447:             1             16  kotlin.coroutines.ContinuationInterceptor$Key
8448:             1             16  kotlin.coroutines.ContinuationInterceptor$Key
8449:             1             16  kotlin.coroutines.ContinuationInterceptor$Key
8450:             1             16  kotlin.coroutines.ContinuationInterceptor$Key
8451:             1             16  kotlin.coroutines.ContinuationInterceptor$Key
8452:             1             16  kotlin.coroutines.ContinuationInterceptor$Key
8453:             1             16  kotlin.coroutines.CoroutineContext$plus$1
8454:             1             16  kotlin.coroutines.CoroutineContext$plus$1
8455:             1             16  kotlin.coroutines.CoroutineContext$plus$1
8456:             1             16  kotlin.coroutines.CoroutineContext$plus$1
8457:             1             16  kotlin.coroutines.CoroutineContext$plus$1
8458:             1             16  kotlin.coroutines.CoroutineContext$plus$1
8459:             1             16  kotlin.coroutines.EmptyCoroutineContext
8460:             1             16  kotlin.coroutines.EmptyCoroutineContext
8461:             1             16  kotlin.coroutines.EmptyCoroutineContext
8462:             1             16  kotlin.coroutines.EmptyCoroutineContext
8463:             1             16  kotlin.coroutines.EmptyCoroutineContext
8464:             1             16  kotlin.coroutines.EmptyCoroutineContext
8465:             1             16  kotlin.coroutines.jvm.internal.CompletedContinuation
8466:             1             16  kotlin.internal.jdk8.JDK8PlatformImplementations
8467:             1             16  kotlin.internal.jdk8.JDK8PlatformImplementations$ReflectSdkVersion
8468:             1             16  kotlin.jvm.internal.ClassReference$Companion
8469:             1             16  kotlin.jvm.internal.ReflectionFactory
8470:             1             16  kotlin.random.Random$Default
8471:             1             16  kotlin.random.jdk8.PlatformThreadLocalRandom
8472:             1             16  kotlin.ranges.IntProgression$Companion
8473:             1             16  kotlin.ranges.IntProgression$Companion
8474:             1             16  kotlin.ranges.IntProgression$Companion
8475:             1             16  kotlin.ranges.IntRange$Companion
8476:             1             16  kotlin.ranges.IntRange$Companion
8477:             1             16  kotlin.ranges.IntRange$Companion
8478:             1             16  kotlin.text.Charsets
8479:             1             16  kotlin.text.Charsets
8480:             1             16  kotlin.text.Charsets
8481:             1             16  kotlin.text.Charsets
8482:             1             16  kotlinx.coroutines.CoroutineDispatcher$Key$1
8483:             1             16  kotlinx.coroutines.CoroutineDispatcher$Key$1
8484:             1             16  kotlinx.coroutines.CoroutineDispatcher$Key$1
8485:             1             16  kotlinx.coroutines.CoroutineDispatcher$Key$1
8486:             1             16  kotlinx.coroutines.CoroutineDispatcher$Key$1
8487:             1             16  kotlinx.coroutines.CoroutineExceptionHandler$Key
8488:             1             16  kotlinx.coroutines.CoroutineExceptionHandler$Key
8489:             1             16  kotlinx.coroutines.CoroutineExceptionHandler$Key
8490:             1             16  kotlinx.coroutines.CoroutineExceptionHandler$Key
8491:             1             16  kotlinx.coroutines.CoroutineExceptionHandler$Key
8492:             1             16  kotlinx.coroutines.CoroutineExceptionHandler$Key
8493:             1             16  kotlinx.coroutines.CoroutineName$Key
8494:             1             16  kotlinx.coroutines.CoroutineName$Key
8495:             1             16  kotlinx.coroutines.Dispatchers
8496:             1             16  kotlinx.coroutines.Dispatchers
8497:             1             16  kotlinx.coroutines.Dispatchers
8498:             1             16  kotlinx.coroutines.Dispatchers
8499:             1             16  kotlinx.coroutines.Dispatchers
8500:             1             16  kotlinx.coroutines.ExecutorCoroutineDispatcher$Key$1
8501:             1             16  kotlinx.coroutines.ExecutorCoroutineDispatcher$Key$1
8502:             1             16  kotlinx.coroutines.ExecutorCoroutineDispatcher$Key$1
8503:             1             16  kotlinx.coroutines.ExecutorCoroutineDispatcher$Key$1
8504:             1             16  kotlinx.coroutines.ExecutorCoroutineDispatcher$Key$1
8505:             1             16  kotlinx.coroutines.GlobalScope
8506:             1             16  kotlinx.coroutines.Job$Key
8507:             1             16  kotlinx.coroutines.Job$Key
8508:             1             16  kotlinx.coroutines.Job$Key
8509:             1             16  kotlinx.coroutines.Job$Key
8510:             1             16  kotlinx.coroutines.Job$Key
8511:             1             16  kotlinx.coroutines.Job$Key
8512:             1             16  kotlinx.coroutines.NonDisposableHandle
8513:             1             16  kotlinx.coroutines.NonDisposableHandle
8514:             1             16  kotlinx.coroutines.NonDisposableHandle
8515:             1             16  kotlinx.coroutines.NonDisposableHandle
8516:             1             16  kotlinx.coroutines.NonDisposableHandle
8517:             1             16  kotlinx.coroutines.NonDisposableHandle
8518:             1             16  kotlinx.coroutines.Unconfined
8519:             1             16  kotlinx.coroutines.Unconfined
8520:             1             16  kotlinx.coroutines.Unconfined
8521:             1             16  kotlinx.coroutines.Unconfined
8522:             1             16  kotlinx.coroutines.Unconfined
8523:             1             16  kotlinx.coroutines.internal.ContextScope
8524:             1             16  kotlinx.coroutines.internal.ContextScope
8525:             1             16  kotlinx.coroutines.internal.ContextScope
8526:             1             16  kotlinx.coroutines.internal.LockFreeTaskQueueCore$Companion
8527:             1             16  kotlinx.coroutines.internal.LockFreeTaskQueueCore$Companion
8528:             1             16  kotlinx.coroutines.internal.LockFreeTaskQueueCore$Companion
8529:             1             16  kotlinx.coroutines.internal.LockFreeTaskQueueCore$Companion
8530:             1             16  kotlinx.coroutines.internal.LockFreeTaskQueueCore$Companion
8531:             1             16  kotlinx.coroutines.internal.ThreadContextKt$countAll$1
8532:             1             16  kotlinx.coroutines.internal.ThreadContextKt$findOne$1
8533:             1             16  kotlinx.coroutines.internal.ThreadContextKt$restoreState$1
8534:             1             16  kotlinx.coroutines.internal.ThreadContextKt$updateState$1
8535:             1             16  kotlinx.coroutines.scheduling.CoroutineScheduler$Companion
8536:             1             16  kotlinx.coroutines.scheduling.CoroutineScheduler$Companion
8537:             1             16  kotlinx.coroutines.scheduling.CoroutineScheduler$Companion
8538:             1             16  kotlinx.coroutines.scheduling.CoroutineScheduler$Companion
8539:             1             16  kotlinx.coroutines.scheduling.CoroutineScheduler$Companion
8540:             1             16  kotlinx.coroutines.scheduling.GlobalQueue
8541:             1             16  kotlinx.coroutines.scheduling.NanoTimeSource
8542:             1             16  kotlinx.coroutines.scheduling.NanoTimeSource
8543:             1             16  kotlinx.coroutines.scheduling.NanoTimeSource
8544:             1             16  kotlinx.coroutines.scheduling.NanoTimeSource
8545:             1             16  kotlinx.coroutines.scheduling.NanoTimeSource
8546:             1             16  kotlinx.coroutines.scheduling.NonBlockingContext
8547:             1             16  org.apache.commons.pool2.impl.BaseGenericObjectPool$StatsStore$$Lambda/0x00007fcd289c0d68
8548:             1             16  org.apache.commons.pool2.impl.DefaultEvictionPolicy
8549:             1             16  org.apache.commons.pool2.impl.EvictionTimer$EvictorThreadFactory
8550:             1             16  org.apache.commons.pool2.impl.EvictionTimer$Reaper
8551:             1             16  org.apache.commons.pool2.impl.EvictionTimer$WeakRunner
8552:             1             16  org.apache.commons.pool2.impl.InterruptibleReentrantLock
8553:             1             16  org.apache.logging.log4j.LogBuilder$1
8554:             1             16  org.apache.logging.log4j.ThreadContext$EmptyIterator
8555:             1             16  org.apache.logging.log4j.ThreadContext$EmptyThreadContextStack
8556:             1             16  org.apache.logging.log4j.core.LoggerContext$$Lambda/0x00007fcd2819afb0
8557:             1             16  org.apache.logging.log4j.core.appender.ConsoleAppender$ConsoleManagerFactory
8558:             1             16  org.apache.logging.log4j.core.appender.FileManager$FileManagerFactory
8559:             1             16  org.apache.logging.log4j.core.appender.rolling.RollingFileManager$RollingFileManagerFactory
8560:             1             16  org.apache.logging.log4j.core.config.ConfigurationFactory$Factory
8561:             1             16  org.apache.logging.log4j.core.config.composite.DefaultMergeStrategy
8562:             1             16  org.apache.logging.log4j.core.config.plugins.convert.EnumConverter
8563:             1             16  org.apache.logging.log4j.core.config.plugins.convert.TypeConverterRegistry
8564:             1             16  org.apache.logging.log4j.core.config.plugins.convert.TypeConverters$BigDecimalConverter
8565:             1             16  org.apache.logging.log4j.core.config.plugins.convert.TypeConverters$BigIntegerConverter
8566:             1             16  org.apache.logging.log4j.core.config.plugins.convert.TypeConverters$BooleanConverter
8567:             1             16  org.apache.logging.log4j.core.config.plugins.convert.TypeConverters$ByteArrayConverter
8568:             1             16  org.apache.logging.log4j.core.config.plugins.convert.TypeConverters$ByteConverter
8569:             1             16  org.apache.logging.log4j.core.config.plugins.convert.TypeConverters$CharArrayConverter
8570:             1             16  org.apache.logging.log4j.core.config.plugins.convert.TypeConverters$CharacterConverter
8571:             1             16  org.apache.logging.log4j.core.config.plugins.convert.TypeConverters$CharsetConverter
8572:             1             16  org.apache.logging.log4j.core.config.plugins.convert.TypeConverters$ClassConverter
8573:             1             16  org.apache.logging.log4j.core.config.plugins.convert.TypeConverters$CronExpressionConverter
8574:             1             16  org.apache.logging.log4j.core.config.plugins.convert.TypeConverters$DoubleConverter
8575:             1             16  org.apache.logging.log4j.core.config.plugins.convert.TypeConverters$DurationConverter
8576:             1             16  org.apache.logging.log4j.core.config.plugins.convert.TypeConverters$FileConverter
8577:             1             16  org.apache.logging.log4j.core.config.plugins.convert.TypeConverters$FloatConverter
8578:             1             16  org.apache.logging.log4j.core.config.plugins.convert.TypeConverters$InetAddressConverter
8579:             1             16  org.apache.logging.log4j.core.config.plugins.convert.TypeConverters$IntegerConverter
8580:             1             16  org.apache.logging.log4j.core.config.plugins.convert.TypeConverters$LevelConverter
8581:             1             16  org.apache.logging.log4j.core.config.plugins.convert.TypeConverters$LongConverter
8582:             1             16  org.apache.logging.log4j.core.config.plugins.convert.TypeConverters$PathConverter
8583:             1             16  org.apache.logging.log4j.core.config.plugins.convert.TypeConverters$PatternConverter
8584:             1             16  org.apache.logging.log4j.core.config.plugins.convert.TypeConverters$SecurityProviderConverter
8585:             1             16  org.apache.logging.log4j.core.config.plugins.convert.TypeConverters$ShortConverter
8586:             1             16  org.apache.logging.log4j.core.config.plugins.convert.TypeConverters$StringConverter
8587:             1             16  org.apache.logging.log4j.core.config.plugins.convert.TypeConverters$UriConverter
8588:             1             16  org.apache.logging.log4j.core.config.plugins.convert.TypeConverters$UrlConverter
8589:             1             16  org.apache.logging.log4j.core.config.plugins.convert.TypeConverters$UuidConverter
8590:             1             16  org.apache.logging.log4j.core.config.plugins.processor.PluginCache$$Lambda/0x00007fcd2810c430
8591:             1             16  org.apache.logging.log4j.core.impl.ReusableLogEventFactory
8592:             1             16  org.apache.logging.log4j.core.impl.ThreadContextDataProvider
8593:             1             16  org.apache.logging.log4j.core.lookup.StrMatcher$NoMatcher
8594:             1             16  org.apache.logging.log4j.core.lookup.StrMatcher$TrimMatcher
8595:             1             16  org.apache.logging.log4j.core.net.JndiManager$JndiManagerFactory
8596:             1             16  org.apache.logging.log4j.core.pattern.NameAbbreviator$NOPAbbreviator
8597:             1             16  org.apache.logging.log4j.core.pattern.PlainTextRenderer
8598:             1             16  org.apache.logging.log4j.core.selector.ClassLoaderContextSelector
8599:             1             16  org.apache.logging.log4j.core.util.CloseShieldOutputStream
8600:             1             16  org.apache.logging.log4j.core.util.datetime.FastDateFormat$1
8601:             1             16  org.apache.logging.log4j.core.util.datetime.FastDateParser$$Lambda/0x00007fcd281ab908
8602:             1             16  org.apache.logging.log4j.core.util.datetime.FastDateParser$1
8603:             1             16  org.apache.logging.log4j.core.util.datetime.FastDateParser$2
8604:             1             16  org.apache.logging.log4j.core.util.datetime.FastDateParser$3
8605:             1             16  org.apache.logging.log4j.core.util.datetime.FastDateParser$4
8606:             1             16  org.apache.logging.log4j.core.util.datetime.FastDateParser$5
8607:             1             16  org.apache.logging.log4j.core.util.datetime.FastDatePrinter$TwoDigitMonthField
8608:             1             16  org.apache.logging.log4j.jul.LogManager$$Lambda/0x00007fcd281c2390
8609:             1             16  org.apache.logging.log4j.message.MessageFormatMessageFactory
8610:             1             16  org.apache.logging.log4j.message.ParameterizedMessage$$Lambda/0x00007fcd2819f510
8611:             1             16  org.apache.logging.log4j.message.ParameterizedNoReferenceMessageFactory
8612:             1             16  org.apache.logging.log4j.spi.AbstractLogger$$Lambda/0x00007fcd28013250
8613:             1             16  org.apache.logging.log4j.spi.CopyOnWriteSortedArrayThreadContextMap
8614:             1             16  org.apache.logging.log4j.spi.DefaultThreadContextStack
8615:             1             16  org.apache.logging.log4j.spi.LoggerRegistry$ConcurrentMapFactory
8616:             1             16  org.apache.logging.log4j.status.SimpleLoggerFactory
8617:             1             16  org.apache.logging.log4j.util.LoaderUtil$ThreadContextClassLoaderGetter
8618:             1             16  org.apache.logging.log4j.util.PropertiesUtil$Environment$$Lambda/0x00007fcd280108c8
8619:             1             16  org.apache.logging.log4j.util.PropertiesUtil$Environment$$Lambda/0x00007fcd28011a88
8620:             1             16  org.apache.logging.log4j.util.PropertiesUtil$Environment$$Lambda/0x00007fcd28011ef0
8621:             1             16  org.apache.logging.log4j.util.ProviderUtil
8622:             1             16  org.apache.logging.log4j.util.ProviderUtil$$Lambda/0x00007fcd2813fb70
8623:             1             16  org.apache.logging.log4j.util.SortedArrayStringMap$$Lambda/0x00007fcd2813e000
8624:             1             16  org.apache.logging.log4j.util.StackLocator
8625:             1             16  org.apache.logging.log4j.util.StackLocator$$Lambda/0x00007fcd28198b30
8626:             1             16  org.apache.logging.log4j.util.StackLocator$$Lambda/0x00007fcd281c6250
8627:             1             16  org.apache.logging.log4j.util.StackLocator$$Lambda/0x00007fcd2823f300
8628:             1             16  org.apache.logging.log4j.util.StackLocator$$Lambda/0x00007fcd288bfa90
8629:             1             16  org.apache.logging.log4j.util.Strings$$Lambda/0x00007fcd28005a40
8630:             1             16  org.apache.logging.slf4j.Log4jLoggerFactory$$Lambda/0x00007fcd28281a20
8631:             1             16  org.apache.logging.slf4j.Log4jLoggerFactory$$Lambda/0x00007fcd28ac7b98
8632:             1             16  org.apache.logging.slf4j.Log4jMarkerFactory
8633:             1             16  org.apache.logging.slf4j.Log4jMarkerFactory
8634:             1             16  org.apache.lucene.analysis.Analyzer$1
8635:             1             16  org.apache.lucene.analysis.Analyzer$2
8636:             1             16  org.apache.lucene.backward_codecs.compressing.CompressionMode$1
8637:             1             16  org.apache.lucene.backward_codecs.compressing.CompressionMode$2
8638:             1             16  org.apache.lucene.backward_codecs.compressing.CompressionMode$3
8639:             1             16  org.apache.lucene.backward_codecs.compressing.CompressionMode$4
8640:             1             16  org.apache.lucene.backward_codecs.lucene50.Lucene50PostingsFormat
8641:             1             16  org.apache.lucene.backward_codecs.lucene50.Lucene50StoredFieldsFormat$1
8642:             1             16  org.apache.lucene.backward_codecs.lucene50.Lucene50StoredFieldsFormat$2
8643:             1             16  org.apache.lucene.backward_codecs.lucene70.Lucene70DocValuesFormat
8644:             1             16  org.apache.lucene.backward_codecs.lucene70.Lucene70NormsFormat
8645:             1             16  org.apache.lucene.backward_codecs.lucene87.DeflateWithPresetDictCompressionMode
8646:             1             16  org.apache.lucene.backward_codecs.lucene87.LZ4WithPresetDictCompressionMode
8647:             1             16  org.apache.lucene.codecs.KnnVectorsFormat$1
8648:             1             16  org.apache.lucene.codecs.PointsFormat$1
8649:             1             16  org.apache.lucene.codecs.compressing.CompressionMode$1
8650:             1             16  org.apache.lucene.codecs.compressing.CompressionMode$2
8651:             1             16  org.apache.lucene.codecs.compressing.CompressionMode$3
8652:             1             16  org.apache.lucene.codecs.compressing.CompressionMode$4
8653:             1             16  org.apache.lucene.codecs.lucene90.DeflateWithPresetDictCompressionMode
8654:             1             16  org.apache.lucene.codecs.lucene90.LZ4WithPresetDictCompressionMode
8655:             1             16  org.apache.lucene.codecs.lucene90.Lucene90CompoundReader$$Lambda/0x00007fcd2850d598
8656:             1             16  org.apache.lucene.codecs.lucene90.Lucene90CompoundReader$$Lambda/0x00007fcd2850d7b0
8657:             1             16  org.apache.lucene.codecs.lucene99.Lucene99FlatVectorsFormat
8658:             1             16  org.apache.lucene.codecs.perfield.PerFieldPostingsFormat$FieldsWriter$$Lambda/0x00007fcd2939fbe8
8659:             1             16  org.apache.lucene.codecs.perfield.PerFieldPostingsFormat$FieldsWriter$$Lambda/0x00007fcd293a0000
8660:             1             16  org.apache.lucene.codecs.perfield.PerFieldPostingsFormat$FieldsWriter$$Lambda/0x00007fcd293a0238
8661:             1             16  org.apache.lucene.index.ConcurrentMergeScheduler$2
8662:             1             16  org.apache.lucene.index.DocumentsWriter$$Lambda/0x00007fcd290cda90
8663:             1             16  org.apache.lucene.index.DocumentsWriterDeleteQueue$$Lambda/0x00007fcd290c9be8
8664:             1             16  org.apache.lucene.index.FrozenBufferedUpdates$$Lambda/0x00007fcd290df9a0
8665:             1             16  org.apache.lucene.index.IndexWriter$$Lambda/0x00007fcd290e8a68
8666:             1             16  org.apache.lucene.index.IndexWriter$1$$Lambda/0x00007fcd290e3d58
8667:             1             16  org.apache.lucene.index.IndexWriter$4
8668:             1             16  org.apache.lucene.index.IndexWriter$5
8669:             1             16  org.apache.lucene.index.IndexWriterEventListener$1
8670:             1             16  org.apache.lucene.index.KeepOnlyLastCommitDeletionPolicy
8671:             1             16  org.apache.lucene.index.LockableConcurrentApproximatePriorityQueue$$Lambda/0x00007fcd290d2cc0
8672:             1             16  org.apache.lucene.index.MergePolicy$OneMerge$$Lambda/0x00007fcd29392c80
8673:             1             16  org.apache.lucene.index.MultiTermsEnum$1
8674:             1             16  org.apache.lucene.index.PrefixCodedTerms$$Lambda/0x00007fcd290dfbc8
8675:             1             16  org.apache.lucene.index.SegmentReader$3
8676:             1             16  org.apache.lucene.index.SerialMergeScheduler
8677:             1             16  org.apache.lucene.index.SlowCompositeCodecReaderWrapper$$Lambda/0x00007fcd2939a1e0
8678:             1             16  org.apache.lucene.index.SlowCompositeCodecReaderWrapper$$Lambda/0x00007fcd2939a3f8
8679:             1             16  org.apache.lucene.index.SlowImpactsEnum$1
8680:             1             16  org.apache.lucene.index.StandardDirectoryReader$$Lambda/0x00007fcd2851a3a0
8681:             1             16  org.apache.lucene.index.TermStates$1
8682:             1             16  org.apache.lucene.index.Terms$2
8683:             1             16  org.apache.lucene.index.TermsEnum$1
8684:             1             16  org.apache.lucene.index.TieredMergePolicy$$Lambda/0x00007fcd290e0c08
8685:             1             16  org.apache.lucene.index.TieredMergePolicy$$Lambda/0x00007fcd290e8430
8686:             1             16  org.apache.lucene.internal.tests.TestSecrets$$Lambda/0x00007fcd285052b0
8687:             1             16  org.apache.lucene.search.Boolean2ScorerSupplier$$Lambda/0x00007fcd293ce400
8688:             1             16  org.apache.lucene.search.Boolean2ScorerSupplier$$Lambda/0x00007fcd293ce618
8689:             1             16  org.apache.lucene.search.BooleanWeight$$Lambda/0x00007fcd293d8490
8690:             1             16  org.apache.lucene.search.BooleanWeight$$Lambda/0x00007fcd293d8b38
8691:             1             16  org.apache.lucene.search.BooleanWeight$$Lambda/0x00007fcd293d8d80
8692:             1             16  org.apache.lucene.search.BooleanWeight$$Lambda/0x00007fcd293d9408
8693:             1             16  org.apache.lucene.search.ConjunctionDISI$$Lambda/0x00007fcd293da7c8
8694:             1             16  org.apache.lucene.search.ConjunctionDISI$ConjunctionTwoPhaseIterator$$Lambda/0x00007fcd293dc8d0
8695:             1             16  org.apache.lucene.search.DocValuesRewriteMethod
8696:             1             16  org.apache.lucene.search.DoubleValues$2
8697:             1             16  org.apache.lucene.search.HitsThresholdChecker$1
8698:             1             16  org.apache.lucene.search.IndexSearcher$$Lambda/0x00007fcd29047bd0
8699:             1             16  org.apache.lucene.search.IndexSearcher$$Lambda/0x00007fcd290841f0
8700:             1             16  org.apache.lucene.search.IndexSearcher$LeafSlice$$Lambda/0x00007fcd29362380
8701:             1             16  org.apache.lucene.search.MultiTermQuery$1
8702:             1             16  org.apache.lucene.search.MultiTermQuery$2
8703:             1             16  org.apache.lucene.search.QueryVisitor$2
8704:             1             16  org.apache.lucene.search.ScorerUtil$$Lambda/0x00007fcd293cf120
8705:             1             16  org.apache.lucene.search.ScoringRewrite$1
8706:             1             16  org.apache.lucene.search.ScoringRewrite$2
8707:             1             16  org.apache.lucene.search.SortField$1
8708:             1             16  org.apache.lucene.search.SortField$2
8709:             1             16  org.apache.lucene.search.TaskExecutor$$Lambda/0x00007fcd288facc0
8710:             1             16  org.apache.lucene.search.TopDocs$$Lambda/0x00007fcd2872a150
8711:             1             16  org.apache.lucene.search.TopDocs$$Lambda/0x00007fcd2872a368
8712:             1             16  org.apache.lucene.search.similarities.AfterEffectB
8713:             1             16  org.apache.lucene.search.similarities.AfterEffectL
8714:             1             16  org.apache.lucene.search.similarities.BasicModelG
8715:             1             16  org.apache.lucene.search.similarities.BasicModelIF
8716:             1             16  org.apache.lucene.search.similarities.BasicModelIn
8717:             1             16  org.apache.lucene.search.similarities.BasicModelIne
8718:             1             16  org.apache.lucene.search.similarities.DistributionLL
8719:             1             16  org.apache.lucene.search.similarities.DistributionSPL
8720:             1             16  org.apache.lucene.search.similarities.IndependenceChiSquared
8721:             1             16  org.apache.lucene.search.similarities.IndependenceSaturated
8722:             1             16  org.apache.lucene.search.similarities.IndependenceStandardized
8723:             1             16  org.apache.lucene.search.similarities.LambdaDF
8724:             1             16  org.apache.lucene.search.similarities.LambdaTTF
8725:             1             16  org.apache.lucene.store.ByteBuffersDataInput$$Lambda/0x00007fcd290dcd70
8726:             1             16  org.apache.lucene.store.ByteBuffersDataOutput$$Lambda/0x00007fcd285137d0
8727:             1             16  org.apache.lucene.store.ByteBuffersDataOutput$$Lambda/0x00007fcd285139e8
8728:             1             16  org.apache.lucene.store.MMapDirectory$$Lambda/0x00007fcd284a6268
8729:             1             16  org.apache.lucene.store.MMapDirectory$$Lambda/0x00007fcd284a64b0
8730:             1             16  org.apache.lucene.store.MMapDirectory$$Lambda/0x00007fcd284a66f8
8731:             1             16  org.apache.lucene.store.MMapDirectory$$Lambda/0x00007fcd284a6940
8732:             1             16  org.apache.lucene.store.MMapDirectory$$Lambda/0x00007fcd284a6b58
8733:             1             16  org.apache.lucene.store.MemorySegmentIndexInputProvider
8734:             1             16  org.apache.lucene.store.NativeFSLockFactory
8735:             1             16  org.apache.lucene.util.Accountable$$Lambda/0x00007fcd28504c08
8736:             1             16  org.apache.lucene.util.ArrayUtil$$Lambda/0x00007fcd29315a78
8737:             1             16  org.apache.lucene.util.ArrayUtil$$Lambda/0x00007fcd2931d2d8
8738:             1             16  org.apache.lucene.util.AttributeFactory$DefaultAttributeFactory
8739:             1             16  org.apache.lucene.util.BytesRefComparator$1
8740:             1             16  org.apache.lucene.util.CharsRef$UTF16SortedAsUTF8Comparator
8741:             1             16  org.apache.lucene.util.Constants$$Lambda/0x00007fcd280c5800
8742:             1             16  org.apache.lucene.util.Constants$$Lambda/0x00007fcd280c5c58
8743:             1             16  org.apache.lucene.util.Constants$$Lambda/0x00007fcd280c5e90
8744:             1             16  org.apache.lucene.util.Constants$$Lambda/0x00007fcd280c60c8
8745:             1             16  org.apache.lucene.util.FileDeleter$$Lambda/0x00007fcd290cef50
8746:             1             16  org.apache.lucene.util.FileDeleter$$Lambda/0x00007fcd290cf400
8747:             1             16  org.apache.lucene.util.HotspotVMOptions$$Lambda/0x00007fcd280c5388
8748:             1             16  org.apache.lucene.util.IOUtils$$Lambda/0x00007fcd2851a5b8
8749:             1             16  org.apache.lucene.util.InfoStream$NoOutput
8750:             1             16  org.apache.lucene.util.LongValues$1
8751:             1             16  org.apache.lucene.util.LongValues$2
8752:             1             16  org.apache.lucene.util.PriorityQueue$$Lambda/0x00007fcd290e3520
8753:             1             16  org.apache.lucene.util.RamUsageEstimator$$Lambda/0x00007fcd281da9e0
8754:             1             16  org.apache.lucene.util.RamUsageEstimator$$Lambda/0x00007fcd281dac18
8755:             1             16  org.apache.lucene.util.UnicodeUtil$$Lambda/0x00007fcd280a08c0
8756:             1             16  org.apache.lucene.util.fst.ByteSequenceOutputs
8757:             1             16  org.apache.lucene.util.fst.FSTCompiler$NullFSTReader
8758:             1             16  org.bouncycastle.asn1.DERNull
8759:             1             16  org.bouncycastle.crypto.CryptoServicesRegistrar$1
8760:             1             16  org.bouncycastle.crypto.CryptoServicesRegistrar$ThreadLocalSecureRandomProvider
8761:             1             16  org.bouncycastle.jcajce.provider.asymmetric.COMPOSITE$CompositeKeyInfoConverter
8762:             1             16  org.bouncycastle.jcajce.provider.asymmetric.EXTERNAL$ExternalKeyInfoConverter
8763:             1             16  org.bouncycastle.jcajce.provider.asymmetric.dsa.KeyFactorySpi
8764:             1             16  org.bouncycastle.jcajce.provider.asymmetric.elgamal.KeyFactorySpi
8765:             1             16  org.bouncycastle.jcajce.provider.asymmetric.gost.KeyFactorySpi
8766:             1             16  org.bouncycastle.jcajce.provider.asymmetric.rsa.KeyFactorySpi
8767:             1             16  org.bouncycastle.jcajce.provider.drbg.EntropyDaemon
8768:             1             16  org.bouncycastle.pqc.jcajce.provider.lms.LMSKeyFactorySpi
8769:             1             16  org.bouncycastle.pqc.jcajce.provider.newhope.NHKeyFactorySpi
8770:             1             16  org.bouncycastle.pqc.jcajce.provider.picnic.PicnicKeyFactorySpi
8771:             1             16  org.bouncycastle.pqc.jcajce.provider.sphincs.Sphincs256KeyFactorySpi
8772:             1             16  org.greenrobot.eventbus.Logger$SystemOutLogger
8773:             1             16  org.jcodings.ObjPtr
8774:             1             16  org.joda.time.UTCDateTimeZone
8775:             1             16  org.joda.time.format.DateTimeFormatterBuilder$StringLiteral
8776:             1             16  org.joni.MatcherFactory$1
8777:             1             16  org.joni.Search$1
8778:             1             16  org.joni.Search$10
8779:             1             16  org.joni.Search$11
8780:             1             16  org.joni.Search$12
8781:             1             16  org.joni.Search$13
8782:             1             16  org.joni.Search$14
8783:             1             16  org.joni.Search$15
8784:             1             16  org.joni.Search$16
8785:             1             16  org.joni.Search$17
8786:             1             16  org.joni.Search$2
8787:             1             16  org.joni.Search$3
8788:             1             16  org.joni.Search$4
8789:             1             16  org.joni.Search$5
8790:             1             16  org.joni.Search$6
8791:             1             16  org.joni.Search$7
8792:             1             16  org.joni.Search$8
8793:             1             16  org.joni.Search$9
8794:             1             16  org.joni.WarnCallback$1
8795:             1             16  org.joni.WarnCallback$2
8796:             1             16  org.locationtech.jts.geom.impl.CoordinateArraySequenceFactory
8797:             1             16  org.locationtech.spatial4j.io.BinaryCodec
8798:             1             16  org.locationtech.spatial4j.io.GeoJSONWriter
8799:             1             16  org.locationtech.spatial4j.io.PolyshapeWriter
8800:             1             16  org.locationtech.spatial4j.io.WKTWriter
8801:             1             16  org.locationtech.spatial4j.io.jts.JtsGeoJSONWriter
8802:             1             16  org.locationtech.spatial4j.io.jts.JtsPolyshapeWriter
8803:             1             16  org.locationtech.spatial4j.io.jts.JtsWKTWriter
8804:             1             16  org.opensearch.OpenSearchException$$Lambda/0x00007fcd28712208
8805:             1             16  org.opensearch.OpenSearchException$$Lambda/0x00007fcd28712620
8806:             1             16  org.opensearch.OpenSearchException$$Lambda/0x00007fcd28712838
8807:             1             16  org.opensearch.OpenSearchException$$Lambda/0x00007fcd28712a50
8808:             1             16  org.opensearch.OpenSearchException$$Lambda/0x00007fcd28712ea8
8809:             1             16  org.opensearch.OpenSearchException$$Lambda/0x00007fcd287130c0
8810:             1             16  org.opensearch.OpenSearchServerException$$Lambda/0x00007fcd28cbb328
8811:             1             16  org.opensearch.OpenSearchServerException$$Lambda/0x00007fcd28cbb540
8812:             1             16  org.opensearch.OpenSearchServerException$$Lambda/0x00007fcd28cbbae8
8813:             1             16  org.opensearch.OpenSearchServerException$$Lambda/0x00007fcd28cbbd00
8814:             1             16  org.opensearch.OpenSearchServerException$$Lambda/0x00007fcd28cbbf18
8815:             1             16  org.opensearch.OpenSearchServerException$$Lambda/0x00007fcd28cbc130
8816:             1             16  org.opensearch.OpenSearchServerException$$Lambda/0x00007fcd28cbc348
8817:             1             16  org.opensearch.OpenSearchServerException$$Lambda/0x00007fcd28cbc900
8818:             1             16  org.opensearch.OpenSearchServerException$$Lambda/0x00007fcd28cbcb18
8819:             1             16  org.opensearch.OpenSearchServerException$$Lambda/0x00007fcd28cbd0c0
8820:             1             16  org.opensearch.OpenSearchServerException$$Lambda/0x00007fcd28cbd2d8
8821:             1             16  org.opensearch.OpenSearchServerException$$Lambda/0x00007fcd28cbd4f0
8822:             1             16  org.opensearch.OpenSearchServerException$$Lambda/0x00007fcd28cbda98
8823:             1             16  org.opensearch.OpenSearchServerException$$Lambda/0x00007fcd28cbdcb0
8824:             1             16  org.opensearch.OpenSearchServerException$$Lambda/0x00007fcd28cbdec8
8825:             1             16  org.opensearch.OpenSearchServerException$$Lambda/0x00007fcd28cbe0e0
8826:             1             16  org.opensearch.OpenSearchServerException$$Lambda/0x00007fcd28cbea20
8827:             1             16  org.opensearch.OpenSearchServerException$$Lambda/0x00007fcd28cbefe0
8828:             1             16  org.opensearch.OpenSearchServerException$$Lambda/0x00007fcd28cbf1f8
8829:             1             16  org.opensearch.OpenSearchServerException$$Lambda/0x00007fcd28cbf410
8830:             1             16  org.opensearch.OpenSearchServerException$$Lambda/0x00007fcd28cbf628
8831:             1             16  org.opensearch.OpenSearchServerException$$Lambda/0x00007fcd28cbfbd8
8832:             1             16  org.opensearch.OpenSearchServerException$$Lambda/0x00007fcd28cc0000
8833:             1             16  org.opensearch.OpenSearchServerException$$Lambda/0x00007fcd28cc0218
8834:             1             16  org.opensearch.OpenSearchServerException$$Lambda/0x00007fcd28cc0430
8835:             1             16  org.opensearch.OpenSearchServerException$$Lambda/0x00007fcd28cc0648
8836:             1             16  org.opensearch.OpenSearchServerException$$Lambda/0x00007fcd28cc0860
8837:             1             16  org.opensearch.OpenSearchServerException$$Lambda/0x00007fcd28cc0a78
8838:             1             16  org.opensearch.OpenSearchServerException$$Lambda/0x00007fcd28cc0c90
8839:             1             16  org.opensearch.OpenSearchServerException$$Lambda/0x00007fcd28cc1238
8840:             1             16  org.opensearch.OpenSearchServerException$$Lambda/0x00007fcd28cc1450
8841:             1             16  org.opensearch.OpenSearchServerException$$Lambda/0x00007fcd28cc1668
8842:             1             16  org.opensearch.OpenSearchServerException$$Lambda/0x00007fcd28cc1880
8843:             1             16  org.opensearch.OpenSearchServerException$$Lambda/0x00007fcd28cc1a98
8844:             1             16  org.opensearch.OpenSearchServerException$$Lambda/0x00007fcd28cc2050
8845:             1             16  org.opensearch.OpenSearchServerException$$Lambda/0x00007fcd28cc2600
8846:             1             16  org.opensearch.OpenSearchServerException$$Lambda/0x00007fcd28cc2bd8
8847:             1             16  org.opensearch.OpenSearchServerException$$Lambda/0x00007fcd28cc2df0
8848:             1             16  org.opensearch.OpenSearchServerException$$Lambda/0x00007fcd28cc3728
8849:             1             16  org.opensearch.OpenSearchServerException$$Lambda/0x00007fcd28cc3cd8
8850:             1             16  org.opensearch.OpenSearchServerException$$Lambda/0x00007fcd28cc4298
8851:             1             16  org.opensearch.OpenSearchServerException$$Lambda/0x00007fcd28cc44b0
8852:             1             16  org.opensearch.OpenSearchServerException$$Lambda/0x00007fcd28cc46c8
8853:             1             16  org.opensearch.OpenSearchServerException$$Lambda/0x00007fcd28cc4c90
8854:             1             16  org.opensearch.OpenSearchServerException$$Lambda/0x00007fcd28cc4ea8
8855:             1             16  org.opensearch.OpenSearchServerException$$Lambda/0x00007fcd28cc50c0
8856:             1             16  org.opensearch.OpenSearchServerException$$Lambda/0x00007fcd28cc5a08
8857:             1             16  org.opensearch.OpenSearchServerException$$Lambda/0x00007fcd28cc5c20
8858:             1             16  org.opensearch.OpenSearchServerException$$Lambda/0x00007fcd28cc61d0
8859:             1             16  org.opensearch.OpenSearchServerException$$Lambda/0x00007fcd28cc67a0
8860:             1             16  org.opensearch.OpenSearchServerException$$Lambda/0x00007fcd28cc6d48
8861:             1             16  org.opensearch.OpenSearchServerException$$Lambda/0x00007fcd28cc72f0
8862:             1             16  org.opensearch.OpenSearchServerException$$Lambda/0x00007fcd28cc78a0
8863:             1             16  org.opensearch.OpenSearchServerException$$Lambda/0x00007fcd28cc7ab8
8864:             1             16  org.opensearch.OpenSearchServerException$$Lambda/0x00007fcd28cc7cd0
8865:             1             16  org.opensearch.OpenSearchServerException$$Lambda/0x00007fcd28cc8000
8866:             1             16  org.opensearch.OpenSearchServerException$$Lambda/0x00007fcd28cc85a8
8867:             1             16  org.opensearch.OpenSearchServerException$$Lambda/0x00007fcd28cc8b80
8868:             1             16  org.opensearch.OpenSearchServerException$$Lambda/0x00007fcd28cc8d98
8869:             1             16  org.opensearch.OpenSearchServerException$$Lambda/0x00007fcd28cc8fb0
8870:             1             16  org.opensearch.OpenSearchServerException$$Lambda/0x00007fcd28cc91c8
8871:             1             16  org.opensearch.OpenSearchServerException$$Lambda/0x00007fcd28cc9770
8872:             1             16  org.opensearch.OpenSearchServerException$$Lambda/0x00007fcd28cc9d20
8873:             1             16  org.opensearch.OpenSearchServerException$$Lambda/0x00007fcd28cc9f38
8874:             1             16  org.opensearch.OpenSearchServerException$$Lambda/0x00007fcd28cca4e8
8875:             1             16  org.opensearch.OpenSearchServerException$$Lambda/0x00007fcd28cca700
8876:             1             16  org.opensearch.OpenSearchServerException$$Lambda/0x00007fcd28cca918
8877:             1             16  org.opensearch.OpenSearchServerException$$Lambda/0x00007fcd28ccab30
8878:             1             16  org.opensearch.OpenSearchServerException$$Lambda/0x00007fcd28ccb0e8
8879:             1             16  org.opensearch.OpenSearchServerException$$Lambda/0x00007fcd28ccb6a8
8880:             1             16  org.opensearch.OpenSearchServerException$$Lambda/0x00007fcd28ccb8c0
8881:             1             16  org.opensearch.OpenSearchServerException$$Lambda/0x00007fcd28ccbe70
8882:             1             16  org.opensearch.OpenSearchServerException$$Lambda/0x00007fcd28ccc418
8883:             1             16  org.opensearch.OpenSearchServerException$$Lambda/0x00007fcd28ccc630
8884:             1             16  org.opensearch.OpenSearchServerException$$Lambda/0x00007fcd28cccbd8
8885:             1             16  org.opensearch.OpenSearchServerException$$Lambda/0x00007fcd28ccd180
8886:             1             16  org.opensearch.OpenSearchServerException$$Lambda/0x00007fcd28ccd398
8887:             1             16  org.opensearch.OpenSearchServerException$$Lambda/0x00007fcd28ccd5b0
8888:             1             16  org.opensearch.OpenSearchServerException$$Lambda/0x00007fcd28ccd7c8
8889:             1             16  org.opensearch.OpenSearchServerException$$Lambda/0x00007fcd28ccdd78
8890:             1             16  org.opensearch.OpenSearchServerException$$Lambda/0x00007fcd28ccdf90
8891:             1             16  org.opensearch.OpenSearchServerException$$Lambda/0x00007fcd28cce1a8
8892:             1             16  org.opensearch.OpenSearchServerException$$Lambda/0x00007fcd28cce3c0
8893:             1             16  org.opensearch.OpenSearchServerException$$Lambda/0x00007fcd28cce5d8
8894:             1             16  org.opensearch.OpenSearchServerException$$Lambda/0x00007fcd28cceb80
8895:             1             16  org.opensearch.OpenSearchServerException$$Lambda/0x00007fcd28cced98
8896:             1             16  org.opensearch.OpenSearchServerException$$Lambda/0x00007fcd28ccf340
8897:             1             16  org.opensearch.OpenSearchServerException$$Lambda/0x00007fcd28ccf558
8898:             1             16  org.opensearch.OpenSearchServerException$$Lambda/0x00007fcd28ccfb00
8899:             1             16  org.opensearch.OpenSearchServerException$$Lambda/0x00007fcd28ccfd18
8900:             1             16  org.opensearch.OpenSearchServerException$$Lambda/0x00007fcd28cd0390
8901:             1             16  org.opensearch.OpenSearchServerException$$Lambda/0x00007fcd28cd0938
8902:             1             16  org.opensearch.OpenSearchServerException$$Lambda/0x00007fcd28cd0ee8
8903:             1             16  org.opensearch.OpenSearchServerException$$Lambda/0x00007fcd28cd1100
8904:             1             16  org.opensearch.OpenSearchServerException$$Lambda/0x00007fcd28cd1318
8905:             1             16  org.opensearch.OpenSearchServerException$$Lambda/0x00007fcd28cd18c0
8906:             1             16  org.opensearch.OpenSearchServerException$$Lambda/0x00007fcd28cd1ad8
8907:             1             16  org.opensearch.OpenSearchServerException$$Lambda/0x00007fcd28cd1cf0
8908:             1             16  org.opensearch.OpenSearchServerException$$Lambda/0x00007fcd28cd1f08
8909:             1             16  org.opensearch.OpenSearchServerException$$Lambda/0x00007fcd28cd2120
8910:             1             16  org.opensearch.OpenSearchServerException$$Lambda/0x00007fcd28cd2338
8911:             1             16  org.opensearch.OpenSearchServerException$$Lambda/0x00007fcd28cd2550
8912:             1             16  org.opensearch.OpenSearchServerException$$Lambda/0x00007fcd28cd2768
8913:             1             16  org.opensearch.OpenSearchServerException$$Lambda/0x00007fcd28cd2d10
8914:             1             16  org.opensearch.OpenSearchServerException$$Lambda/0x00007fcd28cd32b8
8915:             1             16  org.opensearch.OpenSearchServerException$$Lambda/0x00007fcd28cd3860
8916:             1             16  org.opensearch.OpenSearchServerException$$Lambda/0x00007fcd28cd3e08
8917:             1             16  org.opensearch.OpenSearchServerException$$Lambda/0x00007fcd28cd4020
8918:             1             16  org.opensearch.OpenSearchServerException$$Lambda/0x00007fcd28cd45c8
8919:             1             16  org.opensearch.OpenSearchServerException$$Lambda/0x00007fcd28cd4b70
8920:             1             16  org.opensearch.OpenSearchServerException$$Lambda/0x00007fcd28cd5118
8921:             1             16  org.opensearch.OpenSearchServerException$$Lambda/0x00007fcd28cd5330
8922:             1             16  org.opensearch.OpenSearchServerException$$Lambda/0x00007fcd28cd5548
8923:             1             16  org.opensearch.OpenSearchServerException$$Lambda/0x00007fcd28cd5af0
8924:             1             16  org.opensearch.OpenSearchServerException$$Lambda/0x00007fcd28cd5d08
8925:             1             16  org.opensearch.OpenSearchServerException$$Lambda/0x00007fcd28cd5f20
8926:             1             16  org.opensearch.OpenSearchServerException$$Lambda/0x00007fcd28cd6138
8927:             1             16  org.opensearch.OpenSearchServerException$$Lambda/0x00007fcd28cd6350
8928:             1             16  org.opensearch.OpenSearchServerException$$Lambda/0x00007fcd28cd6568
8929:             1             16  org.opensearch.OpenSearchServerException$$Lambda/0x00007fcd28cd6780
8930:             1             16  org.opensearch.OpenSearchServerException$$Lambda/0x00007fcd28cd6998
8931:             1             16  org.opensearch.OpenSearchServerException$$Lambda/0x00007fcd28cd6bb0
8932:             1             16  org.opensearch.OpenSearchServerException$$Lambda/0x00007fcd28cd7158
8933:             1             16  org.opensearch.OpenSearchServerException$$Lambda/0x00007fcd28cd7700
8934:             1             16  org.opensearch.OpenSearchServerException$$Lambda/0x00007fcd28cd7cb0
8935:             1             16  org.opensearch.OpenSearchServerException$$Lambda/0x00007fcd28cd8390
8936:             1             16  org.opensearch.OpenSearchServerException$$Lambda/0x00007fcd28cd8950
8937:             1             16  org.opensearch.OpenSearchServerException$$Lambda/0x00007fcd28cd8ef8
8938:             1             16  org.opensearch.OpenSearchServerException$$Lambda/0x00007fcd28cd9110
8939:             1             16  org.opensearch.OpenSearchServerException$$Lambda/0x00007fcd28cd9328
8940:             1             16  org.opensearch.OpenSearchServerException$$Lambda/0x00007fcd28cd9540
8941:             1             16  org.opensearch.OpenSearchServerException$$Lambda/0x00007fcd28cd9af0
8942:             1             16  org.opensearch.OpenSearchServerException$$Lambda/0x00007fcd28cda0a0
8943:             1             16  org.opensearch.OpenSearchServerException$$Lambda/0x00007fcd28cda648
8944:             1             16  org.opensearch.OpenSearchServerException$$Lambda/0x00007fcd28cda860
8945:             1             16  org.opensearch.OpenSearchServerException$$Lambda/0x00007fcd28cdae18
8946:             1             16  org.opensearch.OpenSearchServerException$$Lambda/0x00007fcd28cdb3c0
8947:             1             16  org.opensearch.OpenSearchServerException$$Lambda/0x00007fcd28cdb5d8
8948:             1             16  org.opensearch.OpenSearchServerException$$Lambda/0x00007fcd28cdbb80
8949:             1             16  org.opensearch.OpenSearchServerException$$Lambda/0x00007fcd28cdc140
8950:             1             16  org.opensearch.OpenSearchServerException$$Lambda/0x00007fcd28cdc6f8
8951:             1             16  org.opensearch.OpenSearchServerException$$Lambda/0x00007fcd28cdccb0
8952:             1             16  org.opensearch.action.ActionModule$$Lambda/0x00007fcd28bfb960
8953:             1             16  org.opensearch.action.ActionModule$$Lambda/0x00007fcd28c97570
8954:             1             16  org.opensearch.action.ActionModule$$Lambda/0x00007fcd28c98230
8955:             1             16  org.opensearch.action.ActionModule$$Lambda/0x00007fcd28c98880
8956:             1             16  org.opensearch.action.ActionModule$$Lambda/0x00007fcd28c98ab8
8957:             1             16  org.opensearch.action.admin.cluster.allocation.ClusterAllocationExplainAction$$Lambda/0x00007fcd28bd2818
8958:             1             16  org.opensearch.action.admin.cluster.allocation.TransportClusterAllocationExplainAction$$Lambda/0x00007fcd28f7d920
8959:             1             16  org.opensearch.action.admin.cluster.configuration.AddVotingConfigExclusionsAction$$Lambda/0x00007fcd28bd1c98
8960:             1             16  org.opensearch.action.admin.cluster.configuration.ClearVotingConfigExclusionsAction$$Lambda/0x00007fcd28bd2138
8961:             1             16  org.opensearch.action.admin.cluster.configuration.TransportAddVotingConfigExclusionsAction$$Lambda/0x00007fcd28e77080
8962:             1             16  org.opensearch.action.admin.cluster.configuration.TransportAddVotingConfigExclusionsAction$$Lambda/0x00007fcd28e77298
8963:             1             16  org.opensearch.action.admin.cluster.configuration.TransportClearVotingConfigExclusionsAction$$Lambda/0x00007fcd28f7cea8
8964:             1             16  org.opensearch.action.admin.cluster.decommission.awareness.delete.DeleteDecommissionStateAction$$Lambda/0x00007fcd28c95e20
8965:             1             16  org.opensearch.action.admin.cluster.decommission.awareness.delete.TransportDeleteDecommissionStateAction$$Lambda/0x00007fcd28efe3b0
8966:             1             16  org.opensearch.action.admin.cluster.decommission.awareness.get.GetDecommissionStateAction$$Lambda/0x00007fcd28c956f8
8967:             1             16  org.opensearch.action.admin.cluster.decommission.awareness.get.TransportGetDecommissionStateAction$$Lambda/0x00007fcd28e0d970
8968:             1             16  org.opensearch.action.admin.cluster.decommission.awareness.put.DecommissionAction$$Lambda/0x00007fcd28c94fc0
8969:             1             16  org.opensearch.action.admin.cluster.decommission.awareness.put.TransportDecommissionAction$$Lambda/0x00007fcd28e22258
8970:             1             16  org.opensearch.action.admin.cluster.health.ClusterHealthAction$$Lambda/0x00007fcd28bd4790
8971:             1             16  org.opensearch.action.admin.cluster.health.TransportClusterHealthAction$$Lambda/0x00007fcd28edc240
8972:             1             16  org.opensearch.action.admin.cluster.node.hotthreads.NodesHotThreadsAction$$Lambda/0x00007fcd28bc9c60
8973:             1             16  org.opensearch.action.admin.cluster.node.hotthreads.TransportNodesHotThreadsAction$$Lambda/0x00007fcd28f7c860
8974:             1             16  org.opensearch.action.admin.cluster.node.hotthreads.TransportNodesHotThreadsAction$$Lambda/0x00007fcd28f7ca78
8975:             1             16  org.opensearch.action.admin.cluster.node.info.NodeInfo$$Lambda/0x00007fcd291b9000
8976:             1             16  org.opensearch.action.admin.cluster.node.info.NodeInfo$$Lambda/0x00007fcd291b9218
8977:             1             16  org.opensearch.action.admin.cluster.node.info.NodeInfo$$Lambda/0x00007fcd291b9430
8978:             1             16  org.opensearch.action.admin.cluster.node.info.NodeInfo$$Lambda/0x00007fcd291b9648
8979:             1             16  org.opensearch.action.admin.cluster.node.info.NodeInfo$$Lambda/0x00007fcd291b9860
8980:             1             16  org.opensearch.action.admin.cluster.node.info.NodeInfo$$Lambda/0x00007fcd291b9a78
8981:             1             16  org.opensearch.action.admin.cluster.node.info.NodeInfo$$Lambda/0x00007fcd291b9c90
8982:             1             16  org.opensearch.action.admin.cluster.node.info.NodeInfo$$Lambda/0x00007fcd291c0a78
8983:             1             16  org.opensearch.action.admin.cluster.node.info.NodeInfo$$Lambda/0x00007fcd291c10c0
8984:             1             16  org.opensearch.action.admin.cluster.node.info.NodeInfo$$Lambda/0x00007fcd291c1708
8985:             1             16  org.opensearch.action.admin.cluster.node.info.NodesInfoAction$$Lambda/0x00007fcd28bca000
8986:             1             16  org.opensearch.action.admin.cluster.node.info.NodesInfoRequest$Metric$$Lambda/0x00007fcd28fc4ee0
8987:             1             16  org.opensearch.action.admin.cluster.node.info.PluginsAndModules$$Lambda/0x00007fcd2845e1f0
8988:             1             16  org.opensearch.action.admin.cluster.node.info.PluginsAndModules$$Lambda/0x00007fcd2845e660
8989:             1             16  org.opensearch.action.admin.cluster.node.info.PluginsAndModules$$Lambda/0x00007fcd291c0218
8990:             1             16  org.opensearch.action.admin.cluster.node.info.PluginsAndModules$$Lambda/0x00007fcd291c0430
8991:             1             16  org.opensearch.action.admin.cluster.node.info.TransportNodesInfoAction$$Lambda/0x00007fcd28efcc90
8992:             1             16  org.opensearch.action.admin.cluster.node.info.TransportNodesInfoAction$$Lambda/0x00007fcd28efcea8
8993:             1             16  org.opensearch.action.admin.cluster.node.liveness.TransportLivenessAction
8994:             1             16  org.opensearch.action.admin.cluster.node.liveness.TransportLivenessAction$$Lambda/0x00007fcd28ddca58
8995:             1             16  org.opensearch.action.admin.cluster.node.reload.NodesReloadSecureSettingsAction$$Lambda/0x00007fcd28bf6e38
8996:             1             16  org.opensearch.action.admin.cluster.node.reload.TransportNodesReloadSecureSettingsAction$$Lambda/0x00007fcd28f7d0c0
8997:             1             16  org.opensearch.action.admin.cluster.node.reload.TransportNodesReloadSecureSettingsAction$$Lambda/0x00007fcd28f7d2d8
8998:             1             16  org.opensearch.action.admin.cluster.node.stats.NodesStatsAction$$Lambda/0x00007fcd28bcb050
8999:             1             16  org.opensearch.action.admin.cluster.node.stats.TransportNodesStatsAction$$Lambda/0x00007fcd28ede488
9000:             1             16  org.opensearch.action.admin.cluster.node.stats.TransportNodesStatsAction$$Lambda/0x00007fcd28ede6a0
9001:             1             16  org.opensearch.action.admin.cluster.node.tasks.cancel.CancelTasksAction$$Lambda/0x00007fcd28bd1820
9002:             1             16  org.opensearch.action.admin.cluster.node.tasks.cancel.TransportCancelTasksAction$$Lambda/0x00007fcd28f2cea8
9003:             1             16  org.opensearch.action.admin.cluster.node.tasks.cancel.TransportCancelTasksAction$$Lambda/0x00007fcd28f2d0c0
9004:             1             16  org.opensearch.action.admin.cluster.node.tasks.cancel.TransportCancelTasksAction$$Lambda/0x00007fcd28f2d2d8
9005:             1             16  org.opensearch.action.admin.cluster.node.tasks.get.GetTaskAction$$Lambda/0x00007fcd28bd10f8
9006:             1             16  org.opensearch.action.admin.cluster.node.tasks.get.TransportGetTaskAction$$Lambda/0x00007fcd28f5f9a0
9007:             1             16  org.opensearch.action.admin.cluster.node.tasks.list.ListTasksAction$$Lambda/0x00007fcd28bd07a8
9008:             1             16  org.opensearch.action.admin.cluster.node.tasks.list.TransportListTasksAction$$Lambda/0x00007fcd28edfbb0
9009:             1             16  org.opensearch.action.admin.cluster.node.tasks.list.TransportListTasksAction$$Lambda/0x00007fcd28edfdc8
9010:             1             16  org.opensearch.action.admin.cluster.node.tasks.list.TransportListTasksAction$$Lambda/0x00007fcd28efc000
9011:             1             16  org.opensearch.action.admin.cluster.node.usage.NodesUsageAction$$Lambda/0x00007fcd28bc9558
9012:             1             16  org.opensearch.action.admin.cluster.node.usage.TransportNodesUsageAction$$Lambda/0x00007fcd28f2ef48
9013:             1             16  org.opensearch.action.admin.cluster.node.usage.TransportNodesUsageAction$$Lambda/0x00007fcd28f2f160
9014:             1             16  org.opensearch.action.admin.cluster.remote.RemoteInfoAction$$Lambda/0x00007fcd28bca968
9015:             1             16  org.opensearch.action.admin.cluster.remote.TransportRemoteInfoAction$$Lambda/0x00007fcd28efc430
9016:             1             16  org.opensearch.action.admin.cluster.remotestore.restore.RestoreRemoteStoreAction$$Lambda/0x00007fcd28c92e98
9017:             1             16  org.opensearch.action.admin.cluster.remotestore.restore.TransportRestoreRemoteStoreAction$$Lambda/0x00007fcd28f5f788
9018:             1             16  org.opensearch.action.admin.cluster.remotestore.stats.RemoteStoreStatsAction$$Lambda/0x00007fcd28bcba70
9019:             1             16  org.opensearch.action.admin.cluster.remotestore.stats.TransportRemoteStoreStatsAction$$Lambda/0x00007fcd28edf998
9020:             1             16  org.opensearch.action.admin.cluster.repositories.cleanup.CleanupRepositoryAction$$Lambda/0x00007fcd28bd8508
9021:             1             16  org.opensearch.action.admin.cluster.repositories.cleanup.TransportCleanupRepositoryAction$$Lambda/0x00007fcd28f7e398
9022:             1             16  org.opensearch.action.admin.cluster.repositories.cleanup.TransportCleanupRepositoryAction$$Lambda/0x00007fcd28f7e5b0
9023:             1             16  org.opensearch.action.admin.cluster.repositories.delete.DeleteRepositoryAction$$Lambda/0x00007fcd28bd7540
9024:             1             16  org.opensearch.action.admin.cluster.repositories.delete.TransportDeleteRepositoryAction$$Lambda/0x00007fcd28f2cc90
9025:             1             16  org.opensearch.action.admin.cluster.repositories.get.GetRepositoriesAction$$Lambda/0x00007fcd28bd70a0
9026:             1             16  org.opensearch.action.admin.cluster.repositories.get.TransportGetRepositoriesAction$$Lambda/0x00007fcd28e74ec0
9027:             1             16  org.opensearch.action.admin.cluster.repositories.put.PutRepositoryAction$$Lambda/0x00007fcd28bd6970
9028:             1             16  org.opensearch.action.admin.cluster.repositories.put.TransportPutRepositoryAction$$Lambda/0x00007fcd28e23bb0
9029:             1             16  org.opensearch.action.admin.cluster.repositories.verify.TransportVerifyRepositoryAction$$Lambda/0x00007fcd28e76a38
9030:             1             16  org.opensearch.action.admin.cluster.repositories.verify.VerifyRepositoryAction$$Lambda/0x00007fcd28bd7c78
9031:             1             16  org.opensearch.action.admin.cluster.reroute.ClusterRerouteAction$$Lambda/0x00007fcd28bd5618
9032:             1             16  org.opensearch.action.admin.cluster.reroute.TransportClusterRerouteAction$$Lambda/0x00007fcd28f5eaf8
9033:             1             16  org.opensearch.action.admin.cluster.settings.ClusterUpdateSettingsAction$$Lambda/0x00007fcd28bd4ed0
9034:             1             16  org.opensearch.action.admin.cluster.settings.TransportClusterUpdateSettingsAction$$Lambda/0x00007fcd28edd3c8
9035:             1             16  org.opensearch.action.admin.cluster.shards.ClusterSearchShardsAction$$Lambda/0x00007fcd28bd5d58
9036:             1             16  org.opensearch.action.admin.cluster.shards.TransportClusterSearchShardsAction$$Lambda/0x00007fcd28f5ed10
9037:             1             16  org.opensearch.action.admin.cluster.shards.routing.weighted.delete.ClusterDeleteWeightedRoutingAction$$Lambda/0x00007fcd28bdc088
9038:             1             16  org.opensearch.action.admin.cluster.shards.routing.weighted.delete.TransportDeleteWeightedRoutingAction$$Lambda/0x00007fcd28e23350
9039:             1             16  org.opensearch.action.admin.cluster.shards.routing.weighted.get.ClusterGetWeightedRoutingAction$$Lambda/0x00007fcd28bdb960
9040:             1             16  org.opensearch.action.admin.cluster.shards.routing.weighted.get.TransportGetWeightedRoutingAction$$Lambda/0x00007fcd28efd2d8
9041:             1             16  org.opensearch.action.admin.cluster.shards.routing.weighted.put.ClusterAddWeightedRoutingAction$$Lambda/0x00007fcd28bdb210
9042:             1             16  org.opensearch.action.admin.cluster.shards.routing.weighted.put.TransportAddWeightedRoutingAction$$Lambda/0x00007fcd28e774c8
9043:             1             16  org.opensearch.action.admin.cluster.snapshots.clone.CloneSnapshotAction$$Lambda/0x00007fcd28bd9c98
9044:             1             16  org.opensearch.action.admin.cluster.snapshots.clone.TransportCloneSnapshotAction$$Lambda/0x00007fcd28f2d4f0
9045:             1             16  org.opensearch.action.admin.cluster.snapshots.create.CreateSnapshotAction$$Lambda/0x00007fcd28bd97f8
9046:             1             16  org.opensearch.action.admin.cluster.snapshots.create.TransportCreateSnapshotAction$$Lambda/0x00007fcd28e0cac0
9047:             1             16  org.opensearch.action.admin.cluster.snapshots.delete.DeleteSnapshotAction$$Lambda/0x00007fcd28bd90c0
9048:             1             16  org.opensearch.action.admin.cluster.snapshots.delete.TransportDeleteSnapshotAction$$Lambda/0x00007fcd28ddf170
9049:             1             16  org.opensearch.action.admin.cluster.snapshots.get.GetSnapshotsAction$$Lambda/0x00007fcd28bd8c20
9050:             1             16  org.opensearch.action.admin.cluster.snapshots.get.TransportGetSnapshotsAction$$Lambda/0x00007fcd28f5ef28
9051:             1             16  org.opensearch.action.admin.cluster.snapshots.restore.RestoreSnapshotAction$$Lambda/0x00007fcd28bda3b8
9052:             1             16  org.opensearch.action.admin.cluster.snapshots.restore.TransportRestoreSnapshotAction$$Lambda/0x00007fcd28e75530
9053:             1             16  org.opensearch.action.admin.cluster.snapshots.status.SnapshotsStatusAction$$Lambda/0x00007fcd28bdaae8
9054:             1             16  org.opensearch.action.admin.cluster.snapshots.status.TransportNodesSnapshotsStatus$$Lambda/0x00007fcd28cf28e0
9055:             1             16  org.opensearch.action.admin.cluster.snapshots.status.TransportNodesSnapshotsStatus$$Lambda/0x00007fcd28cf2dc0
9056:             1             16  org.opensearch.action.admin.cluster.snapshots.status.TransportNodesSnapshotsStatus$$Lambda/0x00007fcd28cf2fd8
9057:             1             16  org.opensearch.action.admin.cluster.snapshots.status.TransportSnapshotsStatusAction$$Lambda/0x00007fcd28e74878
9058:             1             16  org.opensearch.action.admin.cluster.state.ClusterStateAction$$Lambda/0x00007fcd28bd3438
9059:             1             16  org.opensearch.action.admin.cluster.state.ClusterStateResponse$$Lambda/0x00007fcd291d0d48
9060:             1             16  org.opensearch.action.admin.cluster.state.TransportClusterStateAction$$Lambda/0x00007fcd28e21360
9061:             1             16  org.opensearch.action.admin.cluster.stats.ClusterStatsAction$$Lambda/0x00007fcd28bd2fa8
9062:             1             16  org.opensearch.action.admin.cluster.stats.TransportClusterStatsAction$$Lambda/0x00007fcd28e0d110
9063:             1             16  org.opensearch.action.admin.cluster.stats.TransportClusterStatsAction$$Lambda/0x00007fcd28e0d328
9064:             1             16  org.opensearch.action.admin.cluster.storedscripts.DeleteStoredScriptAction$$Lambda/0x00007fcd28bf84a0
9065:             1             16  org.opensearch.action.admin.cluster.storedscripts.GetScriptContextAction$$Lambda/0x00007fcd28bf8bf0
9066:             1             16  org.opensearch.action.admin.cluster.storedscripts.GetScriptLanguageAction$$Lambda/0x00007fcd28bf92d0
9067:             1             16  org.opensearch.action.admin.cluster.storedscripts.GetStoredScriptAction$$Lambda/0x00007fcd28bf8000
9068:             1             16  org.opensearch.action.admin.cluster.storedscripts.PutStoredScriptAction$$Lambda/0x00007fcd28bf7758
9069:             1             16  org.opensearch.action.admin.cluster.storedscripts.TransportDeleteStoredScriptAction$$Lambda/0x00007fcd28f2c648
9070:             1             16  org.opensearch.action.admin.cluster.storedscripts.TransportGetScriptContextAction$$Lambda/0x00007fcd28dde430
9071:             1             16  org.opensearch.action.admin.cluster.storedscripts.TransportGetScriptLanguageAction$$Lambda/0x00007fcd28edf780
9072:             1             16  org.opensearch.action.admin.cluster.storedscripts.TransportGetStoredScriptAction$$Lambda/0x00007fcd28edd7f8
9073:             1             16  org.opensearch.action.admin.cluster.storedscripts.TransportPutStoredScriptAction$$Lambda/0x00007fcd28e77d28
9074:             1             16  org.opensearch.action.admin.cluster.tasks.PendingClusterTasksAction$$Lambda/0x00007fcd28bd64d0
9075:             1             16  org.opensearch.action.admin.cluster.tasks.TransportPendingClusterTasksAction$$Lambda/0x00007fcd28edcf98
9076:             1             16  org.opensearch.action.admin.indices.alias.IndicesAliasesAction$$Lambda/0x00007fcd28be3448
9077:             1             16  org.opensearch.action.admin.indices.alias.TransportIndicesAliasesAction$$Lambda/0x00007fcd28edde40
9078:             1             16  org.opensearch.action.admin.indices.alias.get.GetAliasesAction$$Lambda/0x00007fcd28bec1b8
9079:             1             16  org.opensearch.action.admin.indices.alias.get.TransportGetAliasesAction$$Lambda/0x00007fcd28ede270
9080:             1             16  org.opensearch.action.admin.indices.analyze.AnalyzeAction$$Lambda/0x00007fcd28be4020
9081:             1             16  org.opensearch.action.admin.indices.analyze.TransportAnalyzeAction$$Lambda/0x00007fcd28e21790
9082:             1             16  org.opensearch.action.admin.indices.cache.clear.ClearIndicesCacheAction$$Lambda/0x00007fcd28bebac8
9083:             1             16  org.opensearch.action.admin.indices.cache.clear.TransportClearIndicesCacheAction$$Lambda/0x00007fcd28f2c430
9084:             1             16  org.opensearch.action.admin.indices.close.CloseIndexAction$$Lambda/0x00007fcd28be07c0
9085:             1             16  org.opensearch.action.admin.indices.close.TransportCloseIndexAction$$Lambda/0x00007fcd28f2f7a8
9086:             1             16  org.opensearch.action.admin.indices.close.TransportCloseIndexAction$$Lambda/0x00007fcd28f2f9c0
9087:             1             16  org.opensearch.action.admin.indices.close.TransportVerifyShardBeforeCloseAction$$Lambda/0x00007fcd28db7230
9088:             1             16  org.opensearch.action.admin.indices.close.TransportVerifyShardBeforeCloseAction$$Lambda/0x00007fcd28db7448
9089:             1             16  org.opensearch.action.admin.indices.create.AutoCreateAction$$Lambda/0x00007fcd28bf72d0
9090:             1             16  org.opensearch.action.admin.indices.create.AutoCreateAction$TransportAction$$Lambda/0x00007fcd28efc218
9091:             1             16  org.opensearch.action.admin.indices.create.CreateIndexAction$$Lambda/0x00007fcd28bdde28
9092:             1             16  org.opensearch.action.admin.indices.create.TransportCreateIndexAction$$Lambda/0x00007fcd28e76820
9093:             1             16  org.opensearch.action.admin.indices.dangling.delete.DeleteDanglingIndexAction$$Lambda/0x00007fcd28c92078
9094:             1             16  org.opensearch.action.admin.indices.dangling.delete.TransportDeleteDanglingIndexAction$$Lambda/0x00007fcd28f7db38
9095:             1             16  org.opensearch.action.admin.indices.dangling.find.FindDanglingIndexAction$$Lambda/0x00007fcd28c92788
9096:             1             16  org.opensearch.action.admin.indices.dangling.find.TransportFindDanglingIndexAction$$Lambda/0x00007fcd28e23568
9097:             1             16  org.opensearch.action.admin.indices.dangling.find.TransportFindDanglingIndexAction$$Lambda/0x00007fcd28e23780
9098:             1             16  org.opensearch.action.admin.indices.dangling.import_index.ImportDanglingIndexAction$$Lambda/0x00007fcd28c91c48
9099:             1             16  org.opensearch.action.admin.indices.dangling.import_index.TransportImportDanglingIndexAction$$Lambda/0x00007fcd28f2e6e8
9100:             1             16  org.opensearch.action.admin.indices.dangling.list.ListDanglingIndicesAction$$Lambda/0x00007fcd28c917b8
9101:             1             16  org.opensearch.action.admin.indices.dangling.list.TransportListDanglingIndicesAction$$Lambda/0x00007fcd28edda10
9102:             1             16  org.opensearch.action.admin.indices.dangling.list.TransportListDanglingIndicesAction$$Lambda/0x00007fcd28eddc28
9103:             1             16  org.opensearch.action.admin.indices.datastream.CreateDataStreamAction$$Lambda/0x00007fcd28bfcb78
9104:             1             16  org.opensearch.action.admin.indices.datastream.CreateDataStreamAction$TransportAction$$Lambda/0x00007fcd28e22cd8
9105:             1             16  org.opensearch.action.admin.indices.datastream.DataStreamsStatsAction$$Lambda/0x00007fcd28bfe5a0
9106:             1             16  org.opensearch.action.admin.indices.datastream.DataStreamsStatsAction$TransportAction$$Lambda/0x00007fcd28efd0c0
9107:             1             16  org.opensearch.action.admin.indices.datastream.DeleteDataStreamAction$$Lambda/0x00007fcd28bfd018
9108:             1             16  org.opensearch.action.admin.indices.datastream.DeleteDataStreamAction$TransportAction$$Lambda/0x00007fcd28dddba0
9109:             1             16  org.opensearch.action.admin.indices.datastream.GetDataStreamAction$$Lambda/0x00007fcd28bfd748
9110:             1             16  org.opensearch.action.admin.indices.datastream.GetDataStreamAction$TransportAction$$Lambda/0x00007fcd28f2f590
9111:             1             16  org.opensearch.action.admin.indices.delete.DeleteIndexAction$$Lambda/0x00007fcd28bdf158
9112:             1             16  org.opensearch.action.admin.indices.delete.TransportDeleteIndexAction$$Lambda/0x00007fcd28f7cc90
9113:             1             16  org.opensearch.action.admin.indices.exists.indices.IndicesExistsAction$$Lambda/0x00007fcd28be0c18
9114:             1             16  org.opensearch.action.admin.indices.exists.indices.TransportIndicesExistsAction$$Lambda/0x00007fcd28edd1b0
9115:             1             16  org.opensearch.action.admin.indices.flush.FlushAction$$Lambda/0x00007fcd28be9880
9116:             1             16  org.opensearch.action.admin.indices.flush.TransportFlushAction$$Lambda/0x00007fcd28ddd988
9117:             1             16  org.opensearch.action.admin.indices.flush.TransportShardFlushAction$$Lambda/0x00007fcd28ddce88
9118:             1             16  org.opensearch.action.admin.indices.flush.TransportShardFlushAction$$Lambda/0x00007fcd28ddd0a0
9119:             1             16  org.opensearch.action.admin.indices.flush.TransportShardFlushAction$$Lambda/0x00007fcd28ddd550
9120:             1             16  org.opensearch.action.admin.indices.flush.TransportShardFlushAction$PreSyncedFlushTransportHandler
9121:             1             16  org.opensearch.action.admin.indices.forcemerge.ForceMergeAction$$Lambda/0x00007fcd28be9fa8
9122:             1             16  org.opensearch.action.admin.indices.forcemerge.TransportForceMergeAction$$Lambda/0x00007fcd28e76c50
9123:             1             16  org.opensearch.action.admin.indices.get.GetIndexAction$$Lambda/0x00007fcd28bdf8e8
9124:             1             16  org.opensearch.action.admin.indices.get.TransportGetIndexAction$$Lambda/0x00007fcd28f2eb18
9125:             1             16  org.opensearch.action.admin.indices.mapping.get.GetFieldMappingsAction$$Lambda/0x00007fcd28be21f0
9126:             1             16  org.opensearch.action.admin.indices.mapping.get.GetMappingsAction$$Lambda/0x00007fcd28be1aa8
9127:             1             16  org.opensearch.action.admin.indices.mapping.get.TransportGetFieldMappingsAction$$Lambda/0x00007fcd28f7c218
9128:             1             16  org.opensearch.action.admin.indices.mapping.get.TransportGetFieldMappingsIndexAction$$Lambda/0x00007fcd28f7c000
9129:             1             16  org.opensearch.action.admin.indices.mapping.get.TransportGetFieldMappingsIndexAction$1
9130:             1             16  org.opensearch.action.admin.indices.mapping.get.TransportGetMappingsAction$$Lambda/0x00007fcd28e0c490
9131:             1             16  org.opensearch.action.admin.indices.mapping.put.AutoPutMappingAction$$Lambda/0x00007fcd28be2fa0
9132:             1             16  org.opensearch.action.admin.indices.mapping.put.PutMappingAction$$Lambda/0x00007fcd28be2b00
9133:             1             16  org.opensearch.action.admin.indices.mapping.put.TransportAutoPutMappingAction$$Lambda/0x00007fcd28e76608
9134:             1             16  org.opensearch.action.admin.indices.mapping.put.TransportPutMappingAction$$Lambda/0x00007fcd28ddcc70
9135:             1             16  org.opensearch.action.admin.indices.open.OpenIndexAction$$Lambda/0x00007fcd28bdfd88
9136:             1             16  org.opensearch.action.admin.indices.open.TransportOpenIndexAction$$Lambda/0x00007fcd28e21578
9137:             1             16  org.opensearch.action.admin.indices.readonly.AddIndexBlockAction$$Lambda/0x00007fcd28be1360
9138:             1             16  org.opensearch.action.admin.indices.readonly.TransportAddIndexBlockAction$$Lambda/0x00007fcd28e763f0
9139:             1             16  org.opensearch.action.admin.indices.readonly.TransportVerifyShardIndexBlockAction$$Lambda/0x00007fcd28dbc680
9140:             1             16  org.opensearch.action.admin.indices.readonly.TransportVerifyShardIndexBlockAction$$Lambda/0x00007fcd28dbc898
9141:             1             16  org.opensearch.action.admin.indices.readonly.TransportVerifyShardIndexBlockAction$$Lambda/0x00007fcd28dbcab0
9142:             1             16  org.opensearch.action.admin.indices.recovery.RecoveryAction$$Lambda/0x00007fcd28bf5f50
9143:             1             16  org.opensearch.action.admin.indices.recovery.TransportRecoveryAction$$Lambda/0x00007fcd28e0d540
9144:             1             16  org.opensearch.action.admin.indices.refresh.RefreshAction$$Lambda/0x00007fcd28be8f18
9145:             1             16  org.opensearch.action.admin.indices.refresh.TransportRefreshAction$$Lambda/0x00007fcd28efca78
9146:             1             16  org.opensearch.action.admin.indices.refresh.TransportShardRefreshAction$$Lambda/0x00007fcd28efc648
9147:             1             16  org.opensearch.action.admin.indices.refresh.TransportShardRefreshAction$$Lambda/0x00007fcd28efc860
9148:             1             16  org.opensearch.action.admin.indices.replication.SegmentReplicationStatsAction$$Lambda/0x00007fcd28bf66c8
9149:             1             16  org.opensearch.action.admin.indices.replication.TransportSegmentReplicationStatsAction$$Lambda/0x00007fcd28edef18
9150:             1             16  org.opensearch.action.admin.indices.resolve.ResolveIndexAction$$Lambda/0x00007fcd28bfde88
9151:             1             16  org.opensearch.action.admin.indices.resolve.ResolveIndexAction$TransportAction$$Lambda/0x00007fcd28edf348
9152:             1             16  org.opensearch.action.admin.indices.rollover.RolloverAction$$Lambda/0x00007fcd28bdecb0
9153:             1             16  org.opensearch.action.admin.indices.rollover.RolloverInfo$$Lambda/0x00007fcd29094e88
9154:             1             16  org.opensearch.action.admin.indices.rollover.RolloverInfo$$Lambda/0x00007fcd290952a8
9155:             1             16  org.opensearch.action.admin.indices.rollover.TransportRolloverAction$$Lambda/0x00007fcd28e21148
9156:             1             16  org.opensearch.action.admin.indices.segments.IndicesSegmentsAction$$Lambda/0x00007fcd28bdcf98
9157:             1             16  org.opensearch.action.admin.indices.segments.PitSegmentsAction$$Lambda/0x00007fcd28c94128
9158:             1             16  org.opensearch.action.admin.indices.segments.TransportIndicesSegmentsAction$$Lambda/0x00007fcd28f2e4d0
9159:             1             16  org.opensearch.action.admin.indices.segments.TransportPitSegmentsAction$$Lambda/0x00007fcd28e23998
9160:             1             16  org.opensearch.action.admin.indices.settings.get.GetSettingsAction$$Lambda/0x00007fcd28bec8f8
9161:             1             16  org.opensearch.action.admin.indices.settings.get.TransportGetSettingsAction$$Lambda/0x00007fcd28ede058
9162:             1             16  org.opensearch.action.admin.indices.settings.put.TransportUpdateSettingsAction$$Lambda/0x00007fcd28ddf388
9163:             1             16  org.opensearch.action.admin.indices.settings.put.UpdateSettingsAction$$Lambda/0x00007fcd28be38e8
9164:             1             16  org.opensearch.action.admin.indices.shards.IndicesShardStoresAction$$Lambda/0x00007fcd28bdd6e0
9165:             1             16  org.opensearch.action.admin.indices.shards.TransportIndicesShardStoresAction$$Lambda/0x00007fcd28e75b78
9166:             1             16  org.opensearch.action.admin.indices.shrink.ResizeAction$$Lambda/0x00007fcd28bde570
9167:             1             16  org.opensearch.action.admin.indices.shrink.TransportResizeAction$$Lambda/0x00007fcd28f2e2b8
9168:             1             16  org.opensearch.action.admin.indices.stats.IndicesStatsAction$$Lambda/0x00007fcd28bdc820
9169:             1             16  org.opensearch.action.admin.indices.stats.TransportIndicesStatsAction$$Lambda/0x00007fcd28e23dc8
9170:             1             16  org.opensearch.action.admin.indices.template.delete.DeleteComponentTemplateAction$$Lambda/0x00007fcd28be60f0
9171:             1             16  org.opensearch.action.admin.indices.template.delete.DeleteComposableIndexTemplateAction$$Lambda/0x00007fcd28be7160
9172:             1             16  org.opensearch.action.admin.indices.template.delete.DeleteIndexTemplateAction$$Lambda/0x00007fcd28be5080
9173:             1             16  org.opensearch.action.admin.indices.template.delete.TransportDeleteComponentTemplateAction$$Lambda/0x00007fcd28e75960
9174:             1             16  org.opensearch.action.admin.indices.template.delete.TransportDeleteComposableIndexTemplateAction$$Lambda/0x00007fcd28f2c218
9175:             1             16  org.opensearch.action.admin.indices.template.delete.TransportDeleteIndexTemplateAction$$Lambda/0x00007fcd28f5f358
9176:             1             16  org.opensearch.action.admin.indices.template.get.GetComponentTemplateAction$$Lambda/0x00007fcd28be5c50
9177:             1             16  org.opensearch.action.admin.indices.template.get.GetComposableIndexTemplateAction$$Lambda/0x00007fcd28be6cc0
9178:             1             16  org.opensearch.action.admin.indices.template.get.GetIndexTemplatesAction$$Lambda/0x00007fcd28be4be0
9179:             1             16  org.opensearch.action.admin.indices.template.get.TransportGetComponentTemplateAction$$Lambda/0x00007fcd28e750d8
9180:             1             16  org.opensearch.action.admin.indices.template.get.TransportGetComposableIndexTemplateAction$$Lambda/0x00007fcd28efd4f0
9181:             1             16  org.opensearch.action.admin.indices.template.get.TransportGetIndexTemplatesAction$$Lambda/0x00007fcd28f2de60
9182:             1             16  org.opensearch.action.admin.indices.template.post.SimulateIndexTemplateAction$$Lambda/0x00007fcd28be7888
9183:             1             16  org.opensearch.action.admin.indices.template.post.SimulateTemplateAction$$Lambda/0x00007fcd28be7d28
9184:             1             16  org.opensearch.action.admin.indices.template.post.TransportSimulateIndexTemplateAction$$Lambda/0x00007fcd28e74a90
9185:             1             16  org.opensearch.action.admin.indices.template.post.TransportSimulateTemplateAction$$Lambda/0x00007fcd28f5f140
9186:             1             16  org.opensearch.action.admin.indices.template.put.PutComponentTemplateAction$$Lambda/0x00007fcd28be5520
9187:             1             16  org.opensearch.action.admin.indices.template.put.PutComposableIndexTemplateAction$$Lambda/0x00007fcd28be6590
9188:             1             16  org.opensearch.action.admin.indices.template.put.PutIndexTemplateAction$$Lambda/0x00007fcd28be44b0
9189:             1             16  org.opensearch.action.admin.indices.template.put.TransportPutComponentTemplateAction$$Lambda/0x00007fcd28e0d758
9190:             1             16  org.opensearch.action.admin.indices.template.put.TransportPutComposableIndexTemplateAction$$Lambda/0x00007fcd28f2e900
9191:             1             16  org.opensearch.action.admin.indices.template.put.TransportPutIndexTemplateAction$$Lambda/0x00007fcd28efd708
9192:             1             16  org.opensearch.action.admin.indices.upgrade.get.TransportUpgradeStatusAction$$Lambda/0x00007fcd28efe5c8
9193:             1             16  org.opensearch.action.admin.indices.upgrade.get.UpgradeStatusAction$$Lambda/0x00007fcd28beaeb8
9194:             1             16  org.opensearch.action.admin.indices.upgrade.post.TransportUpgradeAction$$Lambda/0x00007fcd28eded00
9195:             1             16  org.opensearch.action.admin.indices.upgrade.post.TransportUpgradeSettingsAction$$Lambda/0x00007fcd28f2f378
9196:             1             16  org.opensearch.action.admin.indices.upgrade.post.UpgradeAction$$Lambda/0x00007fcd28bea720
9197:             1             16  org.opensearch.action.admin.indices.upgrade.post.UpgradeSettingsAction$$Lambda/0x00007fcd28beb368
9198:             1             16  org.opensearch.action.admin.indices.validate.query.TransportValidateQueryAction$$Lambda/0x00007fcd28e74218
9199:             1             16  org.opensearch.action.admin.indices.validate.query.TransportValidateQueryAction$$Lambda/0x00007fcd28e74430
9200:             1             16  org.opensearch.action.admin.indices.validate.query.ValidateQueryAction$$Lambda/0x00007fcd28be8560
9201:             1             16  org.opensearch.action.bulk.BackoffPolicy$NoBackoff
9202:             1             16  org.opensearch.action.bulk.BulkAction$$Lambda/0x00007fcd28bf25d8
9203:             1             16  org.opensearch.action.bulk.BulkRequest$$Lambda/0x00007fcd2922af78
9204:             1             16  org.opensearch.action.bulk.BulkShardRequest$$Lambda/0x00007fcd29236f10
9205:             1             16  org.opensearch.action.bulk.BulkShardResponse$$Lambda/0x00007fcd2937efd8
9206:             1             16  org.opensearch.action.bulk.TransportBulkAction$$Lambda/0x00007fcd28eff8d8
9207:             1             16  org.opensearch.action.bulk.TransportBulkAction$$Lambda/0x00007fcd28effaf0
9208:             1             16  org.opensearch.action.bulk.TransportBulkAction$$Lambda/0x00007fcd2922bcd8
9209:             1             16  org.opensearch.action.bulk.TransportBulkAction$$Lambda/0x00007fcd29234000
9210:             1             16  org.opensearch.action.bulk.TransportBulkAction$$Lambda/0x00007fcd29234238
9211:             1             16  org.opensearch.action.bulk.TransportBulkAction$$Lambda/0x00007fcd29234470
9212:             1             16  org.opensearch.action.bulk.TransportBulkAction$BulkOperation$$Lambda/0x00007fcd292355f0
9213:             1             16  org.opensearch.action.bulk.TransportShardBulkAction$$Lambda/0x00007fcd28efe9f8
9214:             1             16  org.opensearch.action.bulk.TransportShardBulkAction$$Lambda/0x00007fcd28efec30
9215:             1             16  org.opensearch.action.bulk.TransportShardBulkAction$$Lambda/0x00007fcd28efee48
9216:             1             16  org.opensearch.action.bulk.TransportShardBulkAction$$Lambda/0x00007fcd28eff4a0
9217:             1             16  org.opensearch.action.bulk.TransportShardBulkAction$$Lambda/0x00007fcd28eff6b8
9218:             1             16  org.opensearch.action.delete.DeleteAction$$Lambda/0x00007fcd28bf0828
9219:             1             16  org.opensearch.action.delete.TransportDeleteAction$$Lambda/0x00007fcd28f2c000
9220:             1             16  org.opensearch.action.explain.ExplainAction$$Lambda/0x00007fcd28bf50e0
9221:             1             16  org.opensearch.action.explain.TransportExplainAction$$Lambda/0x00007fcd28ddddb8
9222:             1             16  org.opensearch.action.fieldcaps.FieldCapabilitiesAction$$Lambda/0x00007fcd28bf99a8
9223:             1             16  org.opensearch.action.fieldcaps.TransportFieldCapabilitiesAction$$Lambda/0x00007fcd28efe198
9224:             1             16  org.opensearch.action.fieldcaps.TransportFieldCapabilitiesIndexAction$$Lambda/0x00007fcd28efd920
9225:             1             16  org.opensearch.action.fieldcaps.TransportFieldCapabilitiesIndexAction$$Lambda/0x00007fcd28efdb38
9226:             1             16  org.opensearch.action.fieldcaps.TransportFieldCapabilitiesIndexAction$$Lambda/0x00007fcd28efdd50
9227:             1             16  org.opensearch.action.fieldcaps.TransportFieldCapabilitiesIndexAction$ShardTransportHandler
9228:             1             16  org.opensearch.action.get.GetAction$$Lambda/0x00007fcd28bee698
9229:             1             16  org.opensearch.action.get.MultiGetAction$$Lambda/0x00007fcd28bf1be8
9230:             1             16  org.opensearch.action.get.TransportGetAction$$Lambda/0x00007fcd28edf130
9231:             1             16  org.opensearch.action.get.TransportMultiGetAction$$Lambda/0x00007fcd28f2ca78
9232:             1             16  org.opensearch.action.get.TransportShardMultiGetAction$$Lambda/0x00007fcd28f2c860
9233:             1             16  org.opensearch.action.get.TransportShardMultiGetAction$$Lambda/0x00007fcd291dd288
9234:             1             16  org.opensearch.action.index.IndexAction$$Lambda/0x00007fcd28bedd10
9235:             1             16  org.opensearch.action.index.TransportIndexAction$$Lambda/0x00007fcd28f2ed30
9236:             1             16  org.opensearch.action.ingest.DeletePipelineAction$$Lambda/0x00007fcd28bfabf0
9237:             1             16  org.opensearch.action.ingest.DeletePipelineTransportAction$$Lambda/0x00007fcd28e20ad8
9238:             1             16  org.opensearch.action.ingest.GetPipelineAction$$Lambda/0x00007fcd28bfa750
9239:             1             16  org.opensearch.action.ingest.GetPipelineTransportAction$$Lambda/0x00007fcd28f7df68
9240:             1             16  org.opensearch.action.ingest.PutPipelineAction$$Lambda/0x00007fcd28bf9ff0
9241:             1             16  org.opensearch.action.ingest.PutPipelineTransportAction$$Lambda/0x00007fcd28f7d4f0
9242:             1             16  org.opensearch.action.ingest.SimulateExecutionService
9243:             1             16  org.opensearch.action.ingest.SimulatePipelineAction$$Lambda/0x00007fcd28bfb530
9244:             1             16  org.opensearch.action.ingest.SimulatePipelineTransportAction$$Lambda/0x00007fcd28ddf5a0
9245:             1             16  org.opensearch.action.main.MainAction$$Lambda/0x00007fcd28bcf828
9246:             1             16  org.opensearch.action.main.TransportMainAction$$Lambda/0x00007fcd28ede8b8
9247:             1             16  org.opensearch.action.main.TransportMainAction$$Lambda/0x00007fcd28edead0
9248:             1             16  org.opensearch.action.resync.TransportResyncReplicationAction$$Lambda/0x00007fcd28dbe610
9249:             1             16  org.opensearch.action.resync.TransportResyncReplicationAction$$Lambda/0x00007fcd28dbe848
9250:             1             16  org.opensearch.action.resync.TransportResyncReplicationAction$$Lambda/0x00007fcd28dbea60
9251:             1             16  org.opensearch.action.search.ClearScrollAction$$Lambda/0x00007fcd28bf5850
9252:             1             16  org.opensearch.action.search.CreatePitAction$$Lambda/0x00007fcd28c93610
9253:             1             16  org.opensearch.action.search.DeletePitAction$$Lambda/0x00007fcd28c93cf8
9254:             1             16  org.opensearch.action.search.DeleteSearchPipelineAction$$Lambda/0x00007fcd28c96ec0
9255:             1             16  org.opensearch.action.search.DeleteSearchPipelineTransportAction$$Lambda/0x00007fcd28e75d90
9256:             1             16  org.opensearch.action.search.GetAllPitsAction$$Lambda/0x00007fcd28c948a8
9257:             1             16  org.opensearch.action.search.GetSearchPipelineAction$$Lambda/0x00007fcd28c96a20
9258:             1             16  org.opensearch.action.search.GetSearchPipelineTransportAction$$Lambda/0x00007fcd28e74ca8
9259:             1             16  org.opensearch.action.search.MultiSearchAction$$Lambda/0x00007fcd28bf49b0
9260:             1             16  org.opensearch.action.search.PutSearchPipelineAction$$Lambda/0x00007fcd28c962c0
9261:             1             16  org.opensearch.action.search.PutSearchPipelineTransportAction$$Lambda/0x00007fcd28e75748
9262:             1             16  org.opensearch.action.search.QueryPhaseResultConsumer$$Lambda/0x00007fcd29222a98
9263:             1             16  org.opensearch.action.search.QueryPhaseResultConsumer$PendingMerges$$Lambda/0x00007fcd29227738
9264:             1             16  org.opensearch.action.search.SearchAction$$Lambda/0x00007fcd28bf4088
9265:             1             16  org.opensearch.action.search.SearchExecutionStatsCollector$$Lambda/0x00007fcd28ce2248
9266:             1             16  org.opensearch.action.search.SearchPhaseController$$Lambda/0x00007fcd29227950
9267:             1             16  org.opensearch.action.search.SearchProgressListener$$Lambda/0x00007fcd29206fa0
9268:             1             16  org.opensearch.action.search.SearchProgressListener$$Lambda/0x00007fcd29225000
9269:             1             16  org.opensearch.action.search.SearchProgressListener$$Lambda/0x00007fcd29225238
9270:             1             16  org.opensearch.action.search.SearchProgressListener$$Lambda/0x00007fcd29227da0
9271:             1             16  org.opensearch.action.search.SearchProgressListener$1
9272:             1             16  org.opensearch.action.search.SearchRequestOperationsCompositeListenerFactory
9273:             1             16  org.opensearch.action.search.SearchRequestOperationsListener$1
9274:             1             16  org.opensearch.action.search.SearchRequestSlowLog$$Lambda/0x00007fcd28700000
9275:             1             16  org.opensearch.action.search.SearchRequestSlowLog$$Lambda/0x00007fcd288bfcc8
9276:             1             16  org.opensearch.action.search.SearchRequestSlowLog$$Lambda/0x00007fcd288c0000
9277:             1             16  org.opensearch.action.search.SearchRequestSlowLog$$Lambda/0x00007fcd288c0230
9278:             1             16  org.opensearch.action.search.SearchRequestSlowLog$$Lambda/0x00007fcd288c0460
9279:             1             16  org.opensearch.action.search.SearchRequestSlowLog$$Lambda/0x00007fcd288c0690
9280:             1             16  org.opensearch.action.search.SearchRequestStats$$Lambda/0x00007fcd288bf1e0
9281:             1             16  org.opensearch.action.search.SearchScrollAction$$Lambda/0x00007fcd28bf42a0
9282:             1             16  org.opensearch.action.search.SearchShardIterator$$Lambda/0x00007fcd291e2240
9283:             1             16  org.opensearch.action.search.SearchTransportService$$Lambda/0x00007fcd28e0dda0
9284:             1             16  org.opensearch.action.search.SearchTransportService$$Lambda/0x00007fcd28e0dfb8
9285:             1             16  org.opensearch.action.search.SearchTransportService$$Lambda/0x00007fcd28e0e1d8
9286:             1             16  org.opensearch.action.search.SearchTransportService$$Lambda/0x00007fcd28e0e3f0
9287:             1             16  org.opensearch.action.search.SearchTransportService$$Lambda/0x00007fcd28e0e608
9288:             1             16  org.opensearch.action.search.SearchTransportService$$Lambda/0x00007fcd28e0e828
9289:             1             16  org.opensearch.action.search.SearchTransportService$$Lambda/0x00007fcd28e0ea40
9290:             1             16  org.opensearch.action.search.SearchTransportService$$Lambda/0x00007fcd28e0ec58
9291:             1             16  org.opensearch.action.search.SearchTransportService$$Lambda/0x00007fcd28e0ee78
9292:             1             16  org.opensearch.action.search.SearchTransportService$$Lambda/0x00007fcd28e0f090
9293:             1             16  org.opensearch.action.search.SearchTransportService$$Lambda/0x00007fcd28e0f2a8
9294:             1             16  org.opensearch.action.search.SearchTransportService$$Lambda/0x00007fcd28e0f4c8
9295:             1             16  org.opensearch.action.search.SearchTransportService$$Lambda/0x00007fcd28e0f6e0
9296:             1             16  org.opensearch.action.search.SearchTransportService$$Lambda/0x00007fcd28e0f8f8
9297:             1             16  org.opensearch.action.search.SearchTransportService$$Lambda/0x00007fcd28e1c000
9298:             1             16  org.opensearch.action.search.SearchTransportService$$Lambda/0x00007fcd28e1c218
9299:             1             16  org.opensearch.action.search.SearchTransportService$$Lambda/0x00007fcd28e1c430
9300:             1             16  org.opensearch.action.search.SearchTransportService$$Lambda/0x00007fcd28e1c650
9301:             1             16  org.opensearch.action.search.SearchTransportService$$Lambda/0x00007fcd28e1caa8
9302:             1             16  org.opensearch.action.search.SearchTransportService$$Lambda/0x00007fcd28e1ccc0
9303:             1             16  org.opensearch.action.search.SearchTransportService$$Lambda/0x00007fcd28e1cee0
9304:             1             16  org.opensearch.action.search.SearchTransportService$$Lambda/0x00007fcd28e1d0f8
9305:             1             16  org.opensearch.action.search.SearchTransportService$$Lambda/0x00007fcd28e1d310
9306:             1             16  org.opensearch.action.search.SearchTransportService$$Lambda/0x00007fcd28e1d7c8
9307:             1             16  org.opensearch.action.search.SearchTransportService$$Lambda/0x00007fcd28e1d9e0
9308:             1             16  org.opensearch.action.search.SearchTransportService$$Lambda/0x00007fcd28e1dbf8
9309:             1             16  org.opensearch.action.search.SearchTransportService$$Lambda/0x00007fcd28e1e0b0
9310:             1             16  org.opensearch.action.search.SearchTransportService$$Lambda/0x00007fcd28e1e2c8
9311:             1             16  org.opensearch.action.search.SearchTransportService$$Lambda/0x00007fcd28e1e4e0
9312:             1             16  org.opensearch.action.search.SearchTransportService$$Lambda/0x00007fcd28e1e9a0
9313:             1             16  org.opensearch.action.search.SearchTransportService$$Lambda/0x00007fcd28e1ebb8
9314:             1             16  org.opensearch.action.search.SearchTransportService$$Lambda/0x00007fcd28e1edd0
9315:             1             16  org.opensearch.action.search.SearchTransportService$$Lambda/0x00007fcd28e1eff0
9316:             1             16  org.opensearch.action.search.SearchTransportService$$Lambda/0x00007fcd28e1f208
9317:             1             16  org.opensearch.action.search.SearchTransportService$$Lambda/0x00007fcd28e1f420
9318:             1             16  org.opensearch.action.search.SearchTransportService$$Lambda/0x00007fcd28e1f640
9319:             1             16  org.opensearch.action.search.SearchTransportService$$Lambda/0x00007fcd28e1f858
9320:             1             16  org.opensearch.action.search.SearchTransportService$$Lambda/0x00007fcd28e1fa70
9321:             1             16  org.opensearch.action.search.SearchTransportService$$Lambda/0x00007fcd28e1fc90
9322:             1             16  org.opensearch.action.search.SearchTransportService$$Lambda/0x00007fcd28e20000
9323:             1             16  org.opensearch.action.search.SearchTransportService$$Lambda/0x00007fcd28e20218
9324:             1             16  org.opensearch.action.search.SearchTransportService$$Lambda/0x00007fcd28e20690
9325:             1             16  org.opensearch.action.search.SearchTransportService$$Lambda/0x00007fcd29207838
9326:             1             16  org.opensearch.action.search.SearchTransportService$ConnectionCountingHandler$$Lambda/0x00007fcd29207ce8
9327:             1             16  org.opensearch.action.search.SearchTransportService$ConnectionCountingHandler$$Lambda/0x00007fcd29226000
9328:             1             16  org.opensearch.action.search.TransportClearScrollAction$$Lambda/0x00007fcd28f7dd50
9329:             1             16  org.opensearch.action.search.TransportCreatePitAction$$Lambda/0x00007fcd28e776e0
9330:             1             16  org.opensearch.action.search.TransportDeletePitAction$$Lambda/0x00007fcd28f7d708
9331:             1             16  org.opensearch.action.search.TransportGetAllPitsAction$$Lambda/0x00007fcd28f7c430
9332:             1             16  org.opensearch.action.search.TransportGetAllPitsAction$$Lambda/0x00007fcd28f7c648
9333:             1             16  org.opensearch.action.search.TransportMultiSearchAction$$Lambda/0x00007fcd28f2da30
9334:             1             16  org.opensearch.action.search.TransportMultiSearchAction$$Lambda/0x00007fcd28f2dc48
9335:             1             16  org.opensearch.action.search.TransportSearchAction$$Lambda/0x00007fcd28e0db88
9336:             1             16  org.opensearch.action.search.TransportSearchAction$$Lambda/0x00007fcd28e208a8
9337:             1             16  org.opensearch.action.search.TransportSearchAction$$Lambda/0x00007fcd291dba70
9338:             1             16  org.opensearch.action.search.TransportSearchAction$$Lambda/0x00007fcd291e75e0
9339:             1             16  org.opensearch.action.search.TransportSearchScrollAction$$Lambda/0x00007fcd28e76e68
9340:             1             16  org.opensearch.action.support.ActionFilters
9341:             1             16  org.opensearch.action.support.AutoCreateIndex$$Lambda/0x00007fcd286e8000
9342:             1             16  org.opensearch.action.support.AutoCreateIndex$$Lambda/0x00007fcd28c97c40
9343:             1             16  org.opensearch.action.support.DestructiveOperations
9344:             1             16  org.opensearch.action.support.DestructiveOperations$$Lambda/0x00007fcd28c98000
9345:             1             16  org.opensearch.action.support.TransportAction$$Lambda/0x00007fcd291be1f8
9346:             1             16  org.opensearch.action.support.broadcast.TransportBroadcastAction$ShardTransportHandler
9347:             1             16  org.opensearch.action.support.broadcast.node.TransportBroadcastByNodeAction$$Lambda/0x00007fcd29376630
9348:             1             16  org.opensearch.action.support.clustermanager.term.GetTermVersionAction$$Lambda/0x00007fcd28bd3d90
9349:             1             16  org.opensearch.action.support.clustermanager.term.TransportGetTermVersionAction$$Lambda/0x00007fcd28e74000
9350:             1             16  org.opensearch.action.support.master.AcknowledgedResponse$$Lambda/0x00007fcd293788a0
9351:             1             16  org.opensearch.action.support.master.AcknowledgedResponse$$Lambda/0x00007fcd29378ad8
9352:             1             16  org.opensearch.action.support.nodes.BaseNodesRequest$$Lambda/0x00007fcd291a53a0
9353:             1             16  org.opensearch.action.support.nodes.BaseNodesRequest$$Lambda/0x00007fcd291a55b8
9354:             1             16  org.opensearch.action.support.nodes.TransportNodesAction$$Lambda/0x00007fcd291beef0
9355:             1             16  org.opensearch.action.support.replication.PendingReplicationActions$$Lambda/0x00007fcd293761c8
9356:             1             16  org.opensearch.action.support.replication.ReplicationRequest$$Lambda/0x00007fcd2937a728
9357:             1             16  org.opensearch.action.support.replication.TransportReplicationAction$$Lambda/0x00007fcd28eff060
9358:             1             16  org.opensearch.action.support.replication.TransportReplicationAction$$Lambda/0x00007fcd28eff280
9359:             1             16  org.opensearch.action.support.replication.TransportReplicationAction$$Lambda/0x00007fcd2937a940
9360:             1             16  org.opensearch.action.support.replication.TransportReplicationAction$$Lambda/0x00007fcd293ae930
9361:             1             16  org.opensearch.action.support.replication.TransportReplicationAction$AsyncPrimaryAction$$Lambda/0x00007fcd293b21b0
9362:             1             16  org.opensearch.action.support.replication.TransportReplicationAction$ReplicasProxy$$Lambda/0x00007fcd293b5520
9363:             1             16  org.opensearch.action.support.single.instance.TransportInstanceSingleOperationAction$ShardTransportHandler
9364:             1             16  org.opensearch.action.support.single.shard.TransportSingleShardAction$AsyncSingleAction$$Lambda/0x00007fcd291dd070
9365:             1             16  org.opensearch.action.termvectors.MultiTermVectorsAction$$Lambda/0x00007fcd28befa70
9366:             1             16  org.opensearch.action.termvectors.TermVectorsAction$$Lambda/0x00007fcd28bef2f8
9367:             1             16  org.opensearch.action.termvectors.TransportMultiTermVectorsAction$$Lambda/0x00007fcd28e77b10
9368:             1             16  org.opensearch.action.termvectors.TransportShardMultiTermsVectorAction$$Lambda/0x00007fcd28e778f8
9369:             1             16  org.opensearch.action.termvectors.TransportTermVectorsAction$$Lambda/0x00007fcd28edc698
9370:             1             16  org.opensearch.action.update.TransportUpdateAction$$Lambda/0x00007fcd28e75fa8
9371:             1             16  org.opensearch.action.update.UpdateAction$$Lambda/0x00007fcd28bf1210
9372:             1             16  org.opensearch.action.update.UpdateHelper
9373:             1             16  org.opensearch.ad.caching.ADCacheProvider
9374:             1             16  org.opensearch.ad.indices.ADIndex$$Lambda/0x00007fcd289c7610
9375:             1             16  org.opensearch.ad.indices.ADIndex$$Lambda/0x00007fcd289c7828
9376:             1             16  org.opensearch.ad.indices.ADIndex$$Lambda/0x00007fcd289c7a40
9377:             1             16  org.opensearch.ad.indices.ADIndex$$Lambda/0x00007fcd289c7c58
9378:             1             16  org.opensearch.ad.indices.ADIndex$$Lambda/0x00007fcd289cc000
9379:             1             16  org.opensearch.ad.indices.ADIndex$$Lambda/0x00007fcd289cc218
9380:             1             16  org.opensearch.ad.indices.ADIndexManagement$$Lambda/0x00007fcd289cca08
9381:             1             16  org.opensearch.ad.indices.ADIndexManagement$$Lambda/0x00007fcd289ccc20
9382:             1             16  org.opensearch.ad.indices.ADIndexManagement$$Lambda/0x00007fcd289cce50
9383:             1             16  org.opensearch.ad.indices.ADIndexManagement$$Lambda/0x00007fcd289cd080
9384:             1             16  org.opensearch.ad.indices.ADIndexManagement$$Lambda/0x00007fcd289cd2b0
9385:             1             16  org.opensearch.ad.ml.ADModelManager$$Lambda/0x00007fcd28a154f8
9386:             1             16  org.opensearch.ad.ml.ADModelManager$$Lambda/0x00007fcd29016f28
9387:             1             16  org.opensearch.ad.ml.ADModelManager$$Lambda/0x00007fcd29017c40
9388:             1             16  org.opensearch.ad.model.AnomalyDetector$$Lambda/0x00007fcd2857a7f0
9389:             1             16  org.opensearch.ad.model.AnomalyResult$$Lambda/0x00007fcd2857b468
9390:             1             16  org.opensearch.ad.model.DetectorInternalState$$Lambda/0x00007fcd2857b8f8
9391:             1             16  org.opensearch.ad.ratelimit.ADCheckpointMaintainWorker$$Lambda/0x00007fcd28a12c28
9392:             1             16  org.opensearch.ad.ratelimit.ADCheckpointMaintainWorker$$Lambda/0x00007fcd28a12e58
9393:             1             16  org.opensearch.ad.ratelimit.ADResultWriteWorker$$Lambda/0x00007fcd28a17138
9394:             1             16  org.opensearch.ad.rest.AbstractADSearchAction$$Lambda/0x00007fcd2900f068
9395:             1             16  org.opensearch.ad.rest.RestAnomalyDetectorJobAction$$Lambda/0x00007fcd29010b20
9396:             1             16  org.opensearch.ad.rest.RestExecuteAnomalyDetectorAction$$Lambda/0x00007fcd2900fda0
9397:             1             16  org.opensearch.ad.stats.ADStats
9398:             1             16  org.opensearch.ad.stats.suppliers.ADModelsOnNodeSupplier$$Lambda/0x00007fcd28a27ba0
9399:             1             16  org.opensearch.ad.task.ADBatchTaskRunner$$Lambda/0x00007fcd28a372b0
9400:             1             16  org.opensearch.ad.task.ADBatchTaskRunner$$Lambda/0x00007fcd28a374e0
9401:             1             16  org.opensearch.ad.task.ADBatchTaskRunner$$Lambda/0x00007fcd28a37710
9402:             1             16  org.opensearch.ad.task.ADBatchTaskRunner$$Lambda/0x00007fcd28a37940
9403:             1             16  org.opensearch.ad.task.ADBatchTaskRunner$$Lambda/0x00007fcd28a37b70
9404:             1             16  org.opensearch.ad.task.ADTaskCacheManager$$Lambda/0x00007fcd28a2e2e8
9405:             1             16  org.opensearch.ad.task.ADTaskCacheManager$$Lambda/0x00007fcd293188b0
9406:             1             16  org.opensearch.ad.task.ADTaskManager$$Lambda/0x00007fcd28a36548
9407:             1             16  org.opensearch.ad.task.ADTaskManager$$Lambda/0x00007fcd28a36778
9408:             1             16  org.opensearch.ad.task.ADTaskManager$$Lambda/0x00007fcd28a369a8
9409:             1             16  org.opensearch.ad.task.ADTaskManager$$Lambda/0x00007fcd28a36bd8
9410:             1             16  org.opensearch.ad.transport.ADBatchAnomalyResultAction$$Lambda/0x00007fcd28c20688
9411:             1             16  org.opensearch.ad.transport.ADBatchAnomalyResultTransportAction$$Lambda/0x00007fcd28e3c230
9412:             1             16  org.opensearch.ad.transport.ADBatchTaskRemoteExecutionAction$$Lambda/0x00007fcd28c20ab8
9413:             1             16  org.opensearch.ad.transport.ADBatchTaskRemoteExecutionTransportAction$$Lambda/0x00007fcd28f1e2d0
9414:             1             16  org.opensearch.ad.transport.ADCancelTaskAction$$Lambda/0x00007fcd28c21858
9415:             1             16  org.opensearch.ad.transport.ADCancelTaskTransportAction$$Lambda/0x00007fcd28e3d578
9416:             1             16  org.opensearch.ad.transport.ADCancelTaskTransportAction$$Lambda/0x00007fcd28e3d790
9417:             1             16  org.opensearch.ad.transport.ADEntityProfileAction$$Lambda/0x00007fcd28c1ed20
9418:             1             16  org.opensearch.ad.transport.ADProfileAction$$Lambda/0x00007fcd28a388c8
9419:             1             16  org.opensearch.ad.transport.ADResultBulkAction$$Lambda/0x00007fcd28c1dfc0
9420:             1             16  org.opensearch.ad.transport.ADResultBulkTransportAction$$Lambda/0x00007fcd28d9d6f8
9421:             1             16  org.opensearch.ad.transport.ADResultBulkTransportAction$$Lambda/0x00007fcd28d9d910
9422:             1             16  org.opensearch.ad.transport.ADResultBulkTransportAction$$Lambda/0x00007fcd28d9db40
9423:             1             16  org.opensearch.ad.transport.ADSingleStreamResultAction$$Lambda/0x00007fcd28c23550
9424:             1             16  org.opensearch.ad.transport.ADStatsNodesAction$$Lambda/0x00007fcd28c19500
9425:             1             16  org.opensearch.ad.transport.ADTaskProfileAction$$Lambda/0x00007fcd28c21158
9426:             1             16  org.opensearch.ad.transport.ADTaskProfileTransportAction$$Lambda/0x00007fcd28d9f0b8
9427:             1             16  org.opensearch.ad.transport.ADTaskProfileTransportAction$$Lambda/0x00007fcd28d9f2d0
9428:             1             16  org.opensearch.ad.transport.AnomalyDetectorJobAction$$Lambda/0x00007fcd28c1d730
9429:             1             16  org.opensearch.ad.transport.AnomalyResultAction$$Lambda/0x00007fcd28a399f0
9430:             1             16  org.opensearch.ad.transport.AnomalyResultTransportAction$$Lambda/0x00007fcd28d9f4e8
9431:             1             16  org.opensearch.ad.transport.CronAction$$Lambda/0x00007fcd28c18db0
9432:             1             16  org.opensearch.ad.transport.DeleteADModelAction$$Lambda/0x00007fcd28a430a8
9433:             1             16  org.opensearch.ad.transport.DeleteAnomalyDetectorAction$$Lambda/0x00007fcd28c1bdd0
9434:             1             16  org.opensearch.ad.transport.DeleteAnomalyResultsAction$$Lambda/0x00007fcd28c22118
9435:             1             16  org.opensearch.ad.transport.DeleteAnomalyResultsTransportAction$$Lambda/0x00007fcd28e3cac0
9436:             1             16  org.opensearch.ad.transport.DeleteAnomalyResultsTransportAction$$Lambda/0x00007fcd28e3ccd8
9437:             1             16  org.opensearch.ad.transport.EntityADResultAction$$Lambda/0x00007fcd28c1e640
9438:             1             16  org.opensearch.ad.transport.EntityADResultTransportAction$$Lambda/0x00007fcd28e3d9a8
9439:             1             16  org.opensearch.ad.transport.ForwardADTaskAction$$Lambda/0x00007fcd28c21ce8
9440:             1             16  org.opensearch.ad.transport.ForwardADTaskTransportAction$$Lambda/0x00007fcd28f1cf68
9441:             1             16  org.opensearch.ad.transport.GetAnomalyDetectorAction$$Lambda/0x00007fcd28c1c6d0
9442:             1             16  org.opensearch.ad.transport.IndexAnomalyDetectorAction$$Lambda/0x00007fcd28c1d068
9443:             1             16  org.opensearch.ad.transport.IndexAnomalyDetectorTransportAction$$Lambda/0x00007fcd28f1c690
9444:             1             16  org.opensearch.ad.transport.IndexAnomalyDetectorTransportAction$$Lambda/0x00007fcd28f1c8a8
9445:             1             16  org.opensearch.ad.transport.PreviewAnomalyDetectorAction$$Lambda/0x00007fcd28c20000
9446:             1             16  org.opensearch.ad.transport.PreviewAnomalyDetectorTransportAction$$Lambda/0x00007fcd28e3fd58
9447:             1             16  org.opensearch.ad.transport.PreviewAnomalyDetectorTransportAction$$Lambda/0x00007fcd28f1c000
9448:             1             16  org.opensearch.ad.transport.PreviewAnomalyDetectorTransportAction$$Lambda/0x00007fcd28f1c230
9449:             1             16  org.opensearch.ad.transport.PreviewAnomalyDetectorTransportAction$$Lambda/0x00007fcd28f1c460
9450:             1             16  org.opensearch.ad.transport.RCFPollingAction$$Lambda/0x00007fcd28c1a3a8
9451:             1             16  org.opensearch.ad.transport.RCFPollingTransportAction$$Lambda/0x00007fcd28f1e700
9452:             1             16  org.opensearch.ad.transport.RCFResultAction$$Lambda/0x00007fcd28a43ca0
9453:             1             16  org.opensearch.ad.transport.RCFResultTransportAction$$Lambda/0x00007fcd28d9e5e8
9454:             1             16  org.opensearch.ad.transport.SearchADTasksAction$$Lambda/0x00007fcd28c1b078
9455:             1             16  org.opensearch.ad.transport.SearchADTasksTransportAction$$Lambda/0x00007fcd28f1e0b8
9456:             1             16  org.opensearch.ad.transport.SearchAnomalyDetectorAction$$Lambda/0x00007fcd28c1a7d8
9457:             1             16  org.opensearch.ad.transport.SearchAnomalyDetectorInfoAction$$Lambda/0x00007fcd28c1f600
9458:             1             16  org.opensearch.ad.transport.SearchAnomalyDetectorTransportAction$$Lambda/0x00007fcd28e3f2c8
9459:             1             16  org.opensearch.ad.transport.SearchAnomalyResultAction$$Lambda/0x00007fcd28c1ac08
9460:             1             16  org.opensearch.ad.transport.SearchAnomalyResultTransportAction$$Lambda/0x00007fcd28f1cad8
9461:             1             16  org.opensearch.ad.transport.SearchTopAnomalyResultAction$$Lambda/0x00007fcd28c227e0
9462:             1             16  org.opensearch.ad.transport.SearchTopAnomalyResultTransportAction$$Lambda/0x00007fcd28e3e638
9463:             1             16  org.opensearch.ad.transport.StatsAnomalyDetectorAction$$Lambda/0x00007fcd28c1b738
9464:             1             16  org.opensearch.ad.transport.StopDetectorAction$$Lambda/0x00007fcd28a39e98
9465:             1             16  org.opensearch.ad.transport.StopDetectorTransportAction$$Lambda/0x00007fcd28e3f4e0
9466:             1             16  org.opensearch.ad.transport.ThresholdResultAction$$Lambda/0x00007fcd28c184b0
9467:             1             16  org.opensearch.ad.transport.ThresholdResultTransportAction$$Lambda/0x00007fcd28f1e4e8
9468:             1             16  org.opensearch.ad.transport.ValidateAnomalyDetectorAction$$Lambda/0x00007fcd28c22ea8
9469:             1             16  org.opensearch.agent.tools.PPLTool$Factory
9470:             1             16  org.opensearch.agent.tools.SearchAlertsTool$Factory
9471:             1             16  org.opensearch.agent.tools.SearchMonitorsTool$Factory
9472:             1             16  org.opensearch.alerting.AlertService$Companion
9473:             1             16  org.opensearch.alerting.AlertingPlugin$$Lambda/0x00007fcd286228c0
9474:             1             16  org.opensearch.alerting.AlertingPlugin$$Lambda/0x00007fcd28622ad8
9475:             1             16  org.opensearch.alerting.AlertingPlugin$Companion
9476:             1             16  org.opensearch.alerting.MonitorMetadataService
9477:             1             16  org.opensearch.alerting.MonitorMetadataService$$Lambda/0x00007fcd28a98420
9478:             1             16  org.opensearch.alerting.MonitorRunnerService$$Lambda/0x00007fcd28a8a600
9479:             1             16  org.opensearch.alerting.MonitorRunnerService$$Lambda/0x00007fcd28a8a828
9480:             1             16  org.opensearch.alerting.MonitorRunnerService$$Lambda/0x00007fcd28a8aa50
9481:             1             16  org.opensearch.alerting.MonitorRunnerService$$Lambda/0x00007fcd28a8ac78
9482:             1             16  org.opensearch.alerting.MonitorRunnerService$$Lambda/0x00007fcd28a8aea0
9483:             1             16  org.opensearch.alerting.MonitorRunnerService$$Lambda/0x00007fcd28a8b0c8
9484:             1             16  org.opensearch.alerting.MonitorRunnerService$$Lambda/0x00007fcd28a8b2f0
9485:             1             16  org.opensearch.alerting.MonitorRunnerService$$Lambda/0x00007fcd28a8b518
9486:             1             16  org.opensearch.alerting.MonitorRunnerService$$Lambda/0x00007fcd28a8b740
9487:             1             16  org.opensearch.alerting.MonitorRunnerService$$Lambda/0x00007fcd28a8b968
9488:             1             16  org.opensearch.alerting.MonitorRunnerService$$Lambda/0x00007fcd28a8bb90
9489:             1             16  org.opensearch.alerting.WorkflowMetadataService
9490:             1             16  org.opensearch.alerting.WorkflowMetadataService$$Lambda/0x00007fcd28a98868
9491:             1             16  org.opensearch.alerting.action.DocLevelMonitorFanOutAction$$Lambda/0x00007fcd28c35f10
9492:             1             16  org.opensearch.alerting.action.DocLevelMonitorFanOutAction$Companion
9493:             1             16  org.opensearch.alerting.action.ExecuteMonitorAction$$Lambda/0x00007fcd28c2ed10
9494:             1             16  org.opensearch.alerting.action.ExecuteMonitorAction$Companion
9495:             1             16  org.opensearch.alerting.action.ExecuteWorkflowAction$$Lambda/0x00007fcd28c34930
9496:             1             16  org.opensearch.alerting.action.ExecuteWorkflowAction$Companion
9497:             1             16  org.opensearch.alerting.action.GetDestinationsAction$$Lambda/0x00007fcd28c328b0
9498:             1             16  org.opensearch.alerting.action.GetDestinationsAction$Companion
9499:             1             16  org.opensearch.alerting.action.GetEmailAccountAction$$Lambda/0x00007fcd28c30288
9500:             1             16  org.opensearch.alerting.action.GetEmailAccountAction$Companion
9501:             1             16  org.opensearch.alerting.action.GetEmailGroupAction$$Lambda/0x00007fcd28c315a0
9502:             1             16  org.opensearch.alerting.action.GetEmailGroupAction$Companion
9503:             1             16  org.opensearch.alerting.action.GetRemoteIndexesAction$$Lambda/0x00007fcd28c353f8
9504:             1             16  org.opensearch.alerting.action.GetRemoteIndexesAction$Companion
9505:             1             16  org.opensearch.alerting.action.SearchEmailAccountAction$$Lambda/0x00007fcd28c30ad0
9506:             1             16  org.opensearch.alerting.action.SearchEmailAccountAction$Companion
9507:             1             16  org.opensearch.alerting.action.SearchEmailGroupAction$$Lambda/0x00007fcd28c31de8
9508:             1             16  org.opensearch.alerting.action.SearchEmailGroupAction$Companion
9509:             1             16  org.opensearch.alerting.alerts.AlertIndices$$Lambda/0x00007fcd288a30c8
9510:             1             16  org.opensearch.alerting.alerts.AlertIndices$$Lambda/0x00007fcd288a32f8
9511:             1             16  org.opensearch.alerting.alerts.AlertIndices$$Lambda/0x00007fcd288a3528
9512:             1             16  org.opensearch.alerting.alerts.AlertIndices$$Lambda/0x00007fcd288a3758
9513:             1             16  org.opensearch.alerting.alerts.AlertIndices$$Lambda/0x00007fcd288a3988
9514:             1             16  org.opensearch.alerting.alerts.AlertIndices$$Lambda/0x00007fcd288a3bb8
9515:             1             16  org.opensearch.alerting.alerts.AlertIndices$$Lambda/0x00007fcd28a88000
9516:             1             16  org.opensearch.alerting.alerts.AlertIndices$$Lambda/0x00007fcd28a88230
9517:             1             16  org.opensearch.alerting.alerts.AlertIndices$$Lambda/0x00007fcd28a88460
9518:             1             16  org.opensearch.alerting.alerts.AlertIndices$$Lambda/0x00007fcd28a88690
9519:             1             16  org.opensearch.alerting.alerts.AlertIndices$$Lambda/0x00007fcd28a888c0
9520:             1             16  org.opensearch.alerting.alerts.AlertIndices$Companion
9521:             1             16  org.opensearch.alerting.comments.CommentsIndices$$Lambda/0x00007fcd28a8c7e8
9522:             1             16  org.opensearch.alerting.comments.CommentsIndices$$Lambda/0x00007fcd28a8ca18
9523:             1             16  org.opensearch.alerting.comments.CommentsIndices$$Lambda/0x00007fcd28a8cc48
9524:             1             16  org.opensearch.alerting.comments.CommentsIndices$$Lambda/0x00007fcd28a8ce78
9525:             1             16  org.opensearch.alerting.comments.CommentsIndices$Companion
9526:             1             16  org.opensearch.alerting.core.JobSweeper$$Lambda/0x00007fcd28a8d568
9527:             1             16  org.opensearch.alerting.core.JobSweeper$$Lambda/0x00007fcd28a8d798
9528:             1             16  org.opensearch.alerting.core.JobSweeper$$Lambda/0x00007fcd28a8d9c8
9529:             1             16  org.opensearch.alerting.core.JobSweeper$$Lambda/0x00007fcd28a8dbf8
9530:             1             16  org.opensearch.alerting.core.JobSweeper$$Lambda/0x00007fcd28a8de28
9531:             1             16  org.opensearch.alerting.core.JobSweeper$$Lambda/0x00007fcd28a8e058
9532:             1             16  org.opensearch.alerting.core.JobSweeper$$Lambda/0x00007fcd29019560
9533:             1             16  org.opensearch.alerting.core.JobSweeper$$Lambda/0x00007fcd291ca5d0
9534:             1             16  org.opensearch.alerting.core.ScheduledJobIndices$Companion
9535:             1             16  org.opensearch.alerting.core.action.node.ScheduledJobsStatsAction$$Lambda/0x00007fcd28a99390
9536:             1             16  org.opensearch.alerting.core.action.node.ScheduledJobsStatsAction$Companion
9537:             1             16  org.opensearch.alerting.core.action.node.ScheduledJobsStatsTransportAction$$Lambda/0x00007fcd28dfc430
9538:             1             16  org.opensearch.alerting.core.action.node.ScheduledJobsStatsTransportAction$$Lambda/0x00007fcd28dfc648
9539:             1             16  org.opensearch.alerting.core.lock.LockService$Companion
9540:             1             16  org.opensearch.alerting.core.resthandler.RestScheduledJobStatsHandler$Companion
9541:             1             16  org.opensearch.alerting.core.resthandler.RestScheduledJobStatsHandler$Companion$METRICS$1
9542:             1             16  org.opensearch.alerting.core.resthandler.RestScheduledJobStatsHandler$Companion$METRICS$2
9543:             1             16  org.opensearch.alerting.core.settings.LegacyOpenDistroScheduledJobSettings$Companion
9544:             1             16  org.opensearch.alerting.core.settings.ScheduledJobSettings$Companion
9545:             1             16  org.opensearch.alerting.model.AlertContext$Companion
9546:             1             16  org.opensearch.alerting.resthandler.RestGetRemoteIndexesAction$Companion
9547:             1             16  org.opensearch.alerting.resthandler.RestSearchMonitorAction$$Lambda/0x00007fcd28f85208
9548:             1             16  org.opensearch.alerting.script.TriggerScript$Companion
9549:             1             16  org.opensearch.alerting.service.DeleteMonitorService
9550:             1             16  org.opensearch.alerting.settings.AlertingSettings$Companion
9551:             1             16  org.opensearch.alerting.settings.DestinationSettings$$Lambda/0x00007fcd2846acf0
9552:             1             16  org.opensearch.alerting.settings.DestinationSettings$$Lambda/0x00007fcd2846af28
9553:             1             16  org.opensearch.alerting.settings.DestinationSettings$Companion
9554:             1             16  org.opensearch.alerting.settings.LegacyOpenDistroAlertingSettings$Companion
9555:             1             16  org.opensearch.alerting.settings.LegacyOpenDistroDestinationSettings$$Lambda/0x00007fcd2846a880
9556:             1             16  org.opensearch.alerting.settings.LegacyOpenDistroDestinationSettings$$Lambda/0x00007fcd2846aab8
9557:             1             16  org.opensearch.alerting.settings.LegacyOpenDistroDestinationSettings$Companion
9558:             1             16  org.opensearch.alerting.transport.TransportAcknowledgeAlertAction$$Lambda/0x00007fcd28eed6d8
9559:             1             16  org.opensearch.alerting.transport.TransportAcknowledgeAlertAction$$Lambda/0x00007fcd28eed8f0
9560:             1             16  org.opensearch.alerting.transport.TransportAcknowledgeChainedAlertAction$$Lambda/0x00007fcd28dfe2b8
9561:             1             16  org.opensearch.alerting.transport.TransportAcknowledgeChainedAlertAction$$Lambda/0x00007fcd28dfe4d0
9562:             1             16  org.opensearch.alerting.transport.TransportDeleteAlertingCommentAction$$Lambda/0x00007fcd28eef888
9563:             1             16  org.opensearch.alerting.transport.TransportDeleteAlertingCommentAction$$Lambda/0x00007fcd28eefaa0
9564:             1             16  org.opensearch.alerting.transport.TransportDeleteMonitorAction$$Lambda/0x00007fcd28eef1b0
9565:             1             16  org.opensearch.alerting.transport.TransportDeleteWorkflowAction$$Lambda/0x00007fcd28eec6f0
9566:             1             16  org.opensearch.alerting.transport.TransportDocLevelMonitorFanOutAction$$Lambda/0x00007fcd28dfe918
9567:             1             16  org.opensearch.alerting.transport.TransportDocLevelMonitorFanOutAction$$Lambda/0x00007fcd28dfeb30
9568:             1             16  org.opensearch.alerting.transport.TransportDocLevelMonitorFanOutAction$$Lambda/0x00007fcd28dfed60
9569:             1             16  org.opensearch.alerting.transport.TransportDocLevelMonitorFanOutAction$$Lambda/0x00007fcd28dfef90
9570:             1             16  org.opensearch.alerting.transport.TransportDocLevelMonitorFanOutAction$$Lambda/0x00007fcd28dff1c0
9571:             1             16  org.opensearch.alerting.transport.TransportDocLevelMonitorFanOutAction$$Lambda/0x00007fcd28dff3f0
9572:             1             16  org.opensearch.alerting.transport.TransportDocLevelMonitorFanOutAction$$Lambda/0x00007fcd28dff620
9573:             1             16  org.opensearch.alerting.transport.TransportDocLevelMonitorFanOutAction$$Lambda/0x00007fcd28dff850
9574:             1             16  org.opensearch.alerting.transport.TransportDocLevelMonitorFanOutAction$$Lambda/0x00007fcd28dffa80
9575:             1             16  org.opensearch.alerting.transport.TransportExecuteMonitorAction$$Lambda/0x00007fcd28f84230
9576:             1             16  org.opensearch.alerting.transport.TransportExecuteWorkflowAction$$Lambda/0x00007fcd28eef3c8
9577:             1             16  org.opensearch.alerting.transport.TransportGetAlertsAction$$Lambda/0x00007fcd28dfcca8
9578:             1             16  org.opensearch.alerting.transport.TransportGetDestinationsAction$$Lambda/0x00007fcd28dfe700
9579:             1             16  org.opensearch.alerting.transport.TransportGetEmailAccountAction$$Lambda/0x00007fcd28d86d68
9580:             1             16  org.opensearch.alerting.transport.TransportGetEmailAccountAction$$Lambda/0x00007fcd28d86f80
9581:             1             16  org.opensearch.alerting.transport.TransportGetEmailGroupAction$$Lambda/0x00007fcd28eecb20
9582:             1             16  org.opensearch.alerting.transport.TransportGetEmailGroupAction$$Lambda/0x00007fcd28eecd38
9583:             1             16  org.opensearch.alerting.transport.TransportGetFindingsSearchAction$$Lambda/0x00007fcd28eec908
9584:             1             16  org.opensearch.alerting.transport.TransportGetMonitorAction$$Lambda/0x00007fcd28eed218
9585:             1             16  org.opensearch.alerting.transport.TransportGetRemoteIndexesAction$$Lambda/0x00007fcd28eedb20
9586:             1             16  org.opensearch.alerting.transport.TransportGetRemoteIndexesAction$$Lambda/0x00007fcd28eedd38
9587:             1             16  org.opensearch.alerting.transport.TransportGetWorkflowAction$$Lambda/0x00007fcd28eedf68
9588:             1             16  org.opensearch.alerting.transport.TransportGetWorkflowAlertsAction$$Lambda/0x00007fcd28dffcb0
9589:             1             16  org.opensearch.alerting.transport.TransportGetWorkflowAlertsAction$$Lambda/0x00007fcd28eec000
9590:             1             16  org.opensearch.alerting.transport.TransportIndexAlertingCommentAction$$Lambda/0x00007fcd28eee430
9591:             1             16  org.opensearch.alerting.transport.TransportIndexAlertingCommentAction$$Lambda/0x00007fcd28eee648
9592:             1             16  org.opensearch.alerting.transport.TransportIndexAlertingCommentAction$$Lambda/0x00007fcd28eee878
9593:             1             16  org.opensearch.alerting.transport.TransportIndexAlertingCommentAction$$Lambda/0x00007fcd28eeeaa8
9594:             1             16  org.opensearch.alerting.transport.TransportIndexAlertingCommentAction$$Lambda/0x00007fcd28eeecd8
9595:             1             16  org.opensearch.alerting.transport.TransportIndexMonitorAction$$Lambda/0x00007fcd28dfd308
9596:             1             16  org.opensearch.alerting.transport.TransportIndexMonitorAction$$Lambda/0x00007fcd28dfd520
9597:             1             16  org.opensearch.alerting.transport.TransportIndexMonitorAction$$Lambda/0x00007fcd28dfd750
9598:             1             16  org.opensearch.alerting.transport.TransportIndexMonitorAction$$Lambda/0x00007fcd28dfd980
9599:             1             16  org.opensearch.alerting.transport.TransportIndexMonitorAction$$Lambda/0x00007fcd28dfdbb0
9600:             1             16  org.opensearch.alerting.transport.TransportIndexMonitorAction$$Lambda/0x00007fcd28dfdde0
9601:             1             16  org.opensearch.alerting.transport.TransportIndexWorkflowAction$$Lambda/0x00007fcd28d871b0
9602:             1             16  org.opensearch.alerting.transport.TransportIndexWorkflowAction$$Lambda/0x00007fcd28d873c8
9603:             1             16  org.opensearch.alerting.transport.TransportIndexWorkflowAction$$Lambda/0x00007fcd28d875f8
9604:             1             16  org.opensearch.alerting.transport.TransportIndexWorkflowAction$$Lambda/0x00007fcd28d87828
9605:             1             16  org.opensearch.alerting.transport.TransportIndexWorkflowAction$$Lambda/0x00007fcd28d87a58
9606:             1             16  org.opensearch.alerting.transport.TransportIndexWorkflowAction$$Lambda/0x00007fcd28d87c88
9607:             1             16  org.opensearch.alerting.transport.TransportSearchAlertingCommentAction$$Lambda/0x00007fcd28dfcec0
9608:             1             16  org.opensearch.alerting.transport.TransportSearchAlertingCommentAction$$Lambda/0x00007fcd28dfd0d8
9609:             1             16  org.opensearch.alerting.transport.TransportSearchEmailAccountAction$$Lambda/0x00007fcd28eefcd0
9610:             1             16  org.opensearch.alerting.transport.TransportSearchEmailAccountAction$$Lambda/0x00007fcd28f84000
9611:             1             16  org.opensearch.alerting.transport.TransportSearchEmailGroupAction$$Lambda/0x00007fcd28dfc860
9612:             1             16  org.opensearch.alerting.transport.TransportSearchEmailGroupAction$$Lambda/0x00007fcd28dfca78
9613:             1             16  org.opensearch.alerting.transport.TransportSearchMonitorAction$$Lambda/0x00007fcd28eec230
9614:             1             16  org.opensearch.alerting.util.DocLevelMonitorQueries$Companion
9615:             1             16  org.opensearch.alerting.util.destinationmigration.DestinationMigrationUtilService$Companion
9616:             1             16  org.opensearch.analysis.common.CommonAnalysisPlugin
9617:             1             16  org.opensearch.analysis.common.CommonAnalysisPlugin$$Lambda/0x00007fcd2845a8c8
9618:             1             16  org.opensearch.analysis.common.CommonAnalysisPlugin$$Lambda/0x00007fcd2845ada8
9619:             1             16  org.opensearch.analysis.common.CommonAnalysisPlugin$$Lambda/0x00007fcd28658400
9620:             1             16  org.opensearch.analysis.common.CommonAnalysisPlugin$$Lambda/0x00007fcd28658ab0
9621:             1             16  org.opensearch.analysis.common.CommonAnalysisPlugin$$Lambda/0x00007fcd286592b0
9622:             1             16  org.opensearch.analysis.common.CommonAnalysisPlugin$$Lambda/0x00007fcd28659798
9623:             1             16  org.opensearch.analysis.common.CommonAnalysisPlugin$$Lambda/0x00007fcd28659ca8
9624:             1             16  org.opensearch.analysis.common.CommonAnalysisPlugin$$Lambda/0x00007fcd2865a298
9625:             1             16  org.opensearch.analysis.common.CommonAnalysisPlugin$$Lambda/0x00007fcd2865a780
9626:             1             16  org.opensearch.analysis.common.CommonAnalysisPlugin$$Lambda/0x00007fcd2865ac90
9627:             1             16  org.opensearch.analysis.common.CommonAnalysisPlugin$$Lambda/0x00007fcd2865b178
9628:             1             16  org.opensearch.analysis.common.CommonAnalysisPlugin$$Lambda/0x00007fcd2865b688
9629:             1             16  org.opensearch.analysis.common.CommonAnalysisPlugin$$Lambda/0x00007fcd2865bb98
9630:             1             16  org.opensearch.analysis.common.CommonAnalysisPlugin$$Lambda/0x00007fcd286602b8
9631:             1             16  org.opensearch.analysis.common.CommonAnalysisPlugin$$Lambda/0x00007fcd286607a8
9632:             1             16  org.opensearch.analysis.common.CommonAnalysisPlugin$$Lambda/0x00007fcd286609e0
9633:             1             16  org.opensearch.analysis.common.CommonAnalysisPlugin$$Lambda/0x00007fcd28660ef8
9634:             1             16  org.opensearch.analysis.common.CommonAnalysisPlugin$$Lambda/0x00007fcd286613e8
9635:             1             16  org.opensearch.analysis.common.CommonAnalysisPlugin$$Lambda/0x00007fcd286618d0
9636:             1             16  org.opensearch.analysis.common.CommonAnalysisPlugin$$Lambda/0x00007fcd28662078
9637:             1             16  org.opensearch.analysis.common.CommonAnalysisPlugin$$Lambda/0x00007fcd28662560
9638:             1             16  org.opensearch.analysis.common.CommonAnalysisPlugin$$Lambda/0x00007fcd28662a48
9639:             1             16  org.opensearch.analysis.common.CommonAnalysisPlugin$$Lambda/0x00007fcd28662c80
9640:             1             16  org.opensearch.analysis.common.CommonAnalysisPlugin$$Lambda/0x00007fcd28663190
9641:             1             16  org.opensearch.analysis.common.CommonAnalysisPlugin$$Lambda/0x00007fcd28663678
9642:             1             16  org.opensearch.analysis.common.CommonAnalysisPlugin$$Lambda/0x00007fcd28663b60
9643:             1             16  org.opensearch.analysis.common.CommonAnalysisPlugin$$Lambda/0x00007fcd28663d98
9644:             1             16  org.opensearch.analysis.common.CommonAnalysisPlugin$$Lambda/0x00007fcd28668588
9645:             1             16  org.opensearch.analysis.common.CommonAnalysisPlugin$$Lambda/0x00007fcd28668a70
9646:             1             16  org.opensearch.analysis.common.CommonAnalysisPlugin$$Lambda/0x00007fcd28668f80
9647:             1             16  org.opensearch.analysis.common.CommonAnalysisPlugin$$Lambda/0x00007fcd28669470
9648:             1             16  org.opensearch.analysis.common.CommonAnalysisPlugin$$Lambda/0x00007fcd28669980
9649:             1             16  org.opensearch.analysis.common.CommonAnalysisPlugin$$Lambda/0x00007fcd28669e68
9650:             1             16  org.opensearch.analysis.common.CommonAnalysisPlugin$$Lambda/0x00007fcd2866a350
9651:             1             16  org.opensearch.analysis.common.CommonAnalysisPlugin$$Lambda/0x00007fcd2866a838
9652:             1             16  org.opensearch.analysis.common.CommonAnalysisPlugin$$Lambda/0x00007fcd2866ad20
9653:             1             16  org.opensearch.analysis.common.CommonAnalysisPlugin$$Lambda/0x00007fcd2866b208
9654:             1             16  org.opensearch.analysis.common.CommonAnalysisPlugin$$Lambda/0x00007fcd2866b6f0
9655:             1             16  org.opensearch.analysis.common.CommonAnalysisPlugin$$Lambda/0x00007fcd2866bc00
9656:             1             16  org.opensearch.analysis.common.CommonAnalysisPlugin$$Lambda/0x00007fcd2866c0e8
9657:             1             16  org.opensearch.analysis.common.CommonAnalysisPlugin$$Lambda/0x00007fcd2866c5d8
9658:             1             16  org.opensearch.analysis.common.CommonAnalysisPlugin$$Lambda/0x00007fcd2866cac0
9659:             1             16  org.opensearch.analysis.common.CommonAnalysisPlugin$$Lambda/0x00007fcd2866ccf8
9660:             1             16  org.opensearch.analysis.common.CommonAnalysisPlugin$$Lambda/0x00007fcd2866d1f0
9661:             1             16  org.opensearch.analysis.common.CommonAnalysisPlugin$$Lambda/0x00007fcd2866d6e0
9662:             1             16  org.opensearch.analysis.common.CommonAnalysisPlugin$$Lambda/0x00007fcd2866dbf0
9663:             1             16  org.opensearch.analysis.common.CommonAnalysisPlugin$$Lambda/0x00007fcd2866e0d8
9664:             1             16  org.opensearch.analysis.common.CommonAnalysisPlugin$$Lambda/0x00007fcd2866e310
9665:             1             16  org.opensearch.analysis.common.CommonAnalysisPlugin$$Lambda/0x00007fcd2866e800
9666:             1             16  org.opensearch.analysis.common.CommonAnalysisPlugin$$Lambda/0x00007fcd2866ece8
9667:             1             16  org.opensearch.analysis.common.CommonAnalysisPlugin$$Lambda/0x00007fcd2866f1d0
9668:             1             16  org.opensearch.analysis.common.CommonAnalysisPlugin$$Lambda/0x00007fcd2866f6e0
9669:             1             16  org.opensearch.analysis.common.CommonAnalysisPlugin$$Lambda/0x00007fcd2866fbf0
9670:             1             16  org.opensearch.analysis.common.CommonAnalysisPlugin$$Lambda/0x00007fcd286702d8
9671:             1             16  org.opensearch.analysis.common.CommonAnalysisPlugin$$Lambda/0x00007fcd286707c0
9672:             1             16  org.opensearch.analysis.common.CommonAnalysisPlugin$$Lambda/0x00007fcd28670cd0
9673:             1             16  org.opensearch.analysis.common.CommonAnalysisPlugin$$Lambda/0x00007fcd286711b8
9674:             1             16  org.opensearch.analysis.common.CommonAnalysisPlugin$$Lambda/0x00007fcd28671920
9675:             1             16  org.opensearch.analysis.common.CommonAnalysisPlugin$$Lambda/0x00007fcd28672050
9676:             1             16  org.opensearch.analysis.common.CommonAnalysisPlugin$$Lambda/0x00007fcd28672558
9677:             1             16  org.opensearch.analysis.common.CommonAnalysisPlugin$$Lambda/0x00007fcd28672a68
9678:             1             16  org.opensearch.analysis.common.CommonAnalysisPlugin$$Lambda/0x00007fcd28672f50
9679:             1             16  org.opensearch.analysis.common.CommonAnalysisPlugin$$Lambda/0x00007fcd286736c0
9680:             1             16  org.opensearch.analysis.common.CommonAnalysisPlugin$$Lambda/0x00007fcd28673bd0
9681:             1             16  org.opensearch.analysis.common.CommonAnalysisPlugin$$Lambda/0x00007fcd286802b8
9682:             1             16  org.opensearch.analysis.common.CommonAnalysisPlugin$$Lambda/0x00007fcd286807b0
9683:             1             16  org.opensearch.analysis.common.CommonAnalysisPlugin$$Lambda/0x00007fcd28680c48
9684:             1             16  org.opensearch.analysis.common.CommonAnalysisPlugin$$Lambda/0x00007fcd286810e0
9685:             1             16  org.opensearch.analysis.common.CommonAnalysisPlugin$$Lambda/0x00007fcd28681578
9686:             1             16  org.opensearch.analysis.common.CommonAnalysisPlugin$$Lambda/0x00007fcd286817b0
9687:             1             16  org.opensearch.analysis.common.CommonAnalysisPlugin$$Lambda/0x00007fcd28681ec0
9688:             1             16  org.opensearch.analysis.common.CommonAnalysisPlugin$$Lambda/0x00007fcd286820f8
9689:             1             16  org.opensearch.analysis.common.CommonAnalysisPlugin$$Lambda/0x00007fcd28682808
9690:             1             16  org.opensearch.analysis.common.CommonAnalysisPlugin$$Lambda/0x00007fcd28682f18
9691:             1             16  org.opensearch.analysis.common.CommonAnalysisPlugin$$Lambda/0x00007fcd286833b0
9692:             1             16  org.opensearch.analysis.common.CommonAnalysisPlugin$$Lambda/0x00007fcd28683848
9693:             1             16  org.opensearch.analysis.common.CommonAnalysisPlugin$$Lambda/0x00007fcd28683f48
9694:             1             16  org.opensearch.analysis.common.CommonAnalysisPlugin$$Lambda/0x00007fcd286843e0
9695:             1             16  org.opensearch.analysis.common.CommonAnalysisPlugin$$Lambda/0x00007fcd28684618
9696:             1             16  org.opensearch.analysis.common.CommonAnalysisPlugin$$Lambda/0x00007fcd28684ab8
9697:             1             16  org.opensearch.analysis.common.CommonAnalysisPlugin$$Lambda/0x00007fcd28684f50
9698:             1             16  org.opensearch.analysis.common.CommonAnalysisPlugin$$Lambda/0x00007fcd286853e8
9699:             1             16  org.opensearch.analysis.common.CommonAnalysisPlugin$$Lambda/0x00007fcd28685880
9700:             1             16  org.opensearch.analysis.common.CommonAnalysisPlugin$$Lambda/0x00007fcd28685fc8
9701:             1             16  org.opensearch.analysis.common.CommonAnalysisPlugin$$Lambda/0x00007fcd28686490
9702:             1             16  org.opensearch.analysis.common.CommonAnalysisPlugin$$Lambda/0x00007fcd28686958
9703:             1             16  org.opensearch.analysis.common.CommonAnalysisPlugin$$Lambda/0x00007fcd28686e20
9704:             1             16  org.opensearch.analysis.common.CommonAnalysisPlugin$$Lambda/0x00007fcd286872e8
9705:             1             16  org.opensearch.analysis.common.CommonAnalysisPlugin$$Lambda/0x00007fcd286877b0
9706:             1             16  org.opensearch.analysis.common.CommonAnalysisPlugin$$Lambda/0x00007fcd28687c78
9707:             1             16  org.opensearch.analysis.common.CommonAnalysisPlugin$$Lambda/0x00007fcd2868c290
9708:             1             16  org.opensearch.analysis.common.CommonAnalysisPlugin$$Lambda/0x00007fcd2868c758
9709:             1             16  org.opensearch.analysis.common.CommonAnalysisPlugin$$Lambda/0x00007fcd2868cc20
9710:             1             16  org.opensearch.analysis.common.CommonAnalysisPlugin$$Lambda/0x00007fcd2868d0e8
9711:             1             16  org.opensearch.analysis.common.CommonAnalysisPlugin$$Lambda/0x00007fcd2868d5b0
9712:             1             16  org.opensearch.analysis.common.CommonAnalysisPlugin$$Lambda/0x00007fcd2868da78
9713:             1             16  org.opensearch.analysis.common.CommonAnalysisPlugin$$Lambda/0x00007fcd2868df40
9714:             1             16  org.opensearch.analysis.common.CommonAnalysisPlugin$$Lambda/0x00007fcd2868e408
9715:             1             16  org.opensearch.analysis.common.CommonAnalysisPlugin$$Lambda/0x00007fcd2868e8d0
9716:             1             16  org.opensearch.analysis.common.CommonAnalysisPlugin$$Lambda/0x00007fcd2868ed98
9717:             1             16  org.opensearch.analysis.common.CommonAnalysisPlugin$$Lambda/0x00007fcd2868f260
9718:             1             16  org.opensearch.analysis.common.CommonAnalysisPlugin$$Lambda/0x00007fcd2868f728
9719:             1             16  org.opensearch.analysis.common.CommonAnalysisPlugin$$Lambda/0x00007fcd2868fbf0
9720:             1             16  org.opensearch.analysis.common.CommonAnalysisPlugin$$Lambda/0x00007fcd28694290
9721:             1             16  org.opensearch.analysis.common.CommonAnalysisPlugin$$Lambda/0x00007fcd28694758
9722:             1             16  org.opensearch.analysis.common.CommonAnalysisPlugin$$Lambda/0x00007fcd28694c20
9723:             1             16  org.opensearch.analysis.common.CommonAnalysisPlugin$$Lambda/0x00007fcd286950e8
9724:             1             16  org.opensearch.analysis.common.CommonAnalysisPlugin$$Lambda/0x00007fcd286955b0
9725:             1             16  org.opensearch.analysis.common.CommonAnalysisPlugin$$Lambda/0x00007fcd28695a78
9726:             1             16  org.opensearch.analysis.common.CommonAnalysisPlugin$$Lambda/0x00007fcd28695f40
9727:             1             16  org.opensearch.analysis.common.CommonAnalysisPlugin$$Lambda/0x00007fcd28696408
9728:             1             16  org.opensearch.analysis.common.CommonAnalysisPlugin$$Lambda/0x00007fcd286968d0
9729:             1             16  org.opensearch.analysis.common.CommonAnalysisPlugin$$Lambda/0x00007fcd28696d98
9730:             1             16  org.opensearch.analysis.common.CommonAnalysisPlugin$$Lambda/0x00007fcd28697260
9731:             1             16  org.opensearch.analysis.common.CommonAnalysisPlugin$$Lambda/0x00007fcd28697728
9732:             1             16  org.opensearch.analysis.common.CommonAnalysisPlugin$$Lambda/0x00007fcd28697bf0
9733:             1             16  org.opensearch.analysis.common.CommonAnalysisPlugin$$Lambda/0x00007fcd28698290
9734:             1             16  org.opensearch.analysis.common.CommonAnalysisPlugin$$Lambda/0x00007fcd28698758
9735:             1             16  org.opensearch.analysis.common.CommonAnalysisPlugin$$Lambda/0x00007fcd28698c20
9736:             1             16  org.opensearch.analysis.common.CommonAnalysisPlugin$$Lambda/0x00007fcd286990e8
9737:             1             16  org.opensearch.analysis.common.CommonAnalysisPlugin$$Lambda/0x00007fcd286995b0
9738:             1             16  org.opensearch.analysis.common.CommonAnalysisPlugin$$Lambda/0x00007fcd28699a78
9739:             1             16  org.opensearch.analysis.common.CommonAnalysisPlugin$$Lambda/0x00007fcd28699cb0
9740:             1             16  org.opensearch.analysis.common.CommonAnalysisPlugin$$Lambda/0x00007fcd28699ee8
9741:             1             16  org.opensearch.analysis.common.CommonAnalysisPlugin$$Lambda/0x00007fcd2869a120
9742:             1             16  org.opensearch.analysis.common.CommonAnalysisPlugin$$Lambda/0x00007fcd2869a358
9743:             1             16  org.opensearch.analysis.common.CommonAnalysisPlugin$$Lambda/0x00007fcd2869a590
9744:             1             16  org.opensearch.analysis.common.CommonAnalysisPlugin$$Lambda/0x00007fcd2869a7c8
9745:             1             16  org.opensearch.analysis.common.CommonAnalysisPlugin$$Lambda/0x00007fcd2869aa00
9746:             1             16  org.opensearch.analysis.common.CommonAnalysisPlugin$$Lambda/0x00007fcd2869ac38
9747:             1             16  org.opensearch.analysis.common.CommonAnalysisPlugin$$Lambda/0x00007fcd2869ae70
9748:             1             16  org.opensearch.analysis.common.CommonAnalysisPlugin$$Lambda/0x00007fcd2869b0a8
9749:             1             16  org.opensearch.analysis.common.CommonAnalysisPlugin$$Lambda/0x00007fcd2869b2e0
9750:             1             16  org.opensearch.analysis.common.CommonAnalysisPlugin$$Lambda/0x00007fcd2869b518
9751:             1             16  org.opensearch.analysis.common.CommonAnalysisPlugin$$Lambda/0x00007fcd2869b750
9752:             1             16  org.opensearch.analysis.common.CommonAnalysisPlugin$$Lambda/0x00007fcd2869b988
9753:             1             16  org.opensearch.analysis.common.CommonAnalysisPlugin$$Lambda/0x00007fcd2869bbc0
9754:             1             16  org.opensearch.analysis.common.CommonAnalysisPlugin$$Lambda/0x00007fcd286a0000
9755:             1             16  org.opensearch.analysis.common.CommonAnalysisPlugin$$Lambda/0x00007fcd286a0238
9756:             1             16  org.opensearch.analysis.common.CommonAnalysisPlugin$$Lambda/0x00007fcd286a0470
9757:             1             16  org.opensearch.analysis.common.CommonAnalysisPlugin$$Lambda/0x00007fcd286a0698
9758:             1             16  org.opensearch.analysis.common.CommonAnalysisPlugin$$Lambda/0x00007fcd286a08d0
9759:             1             16  org.opensearch.analysis.common.CommonAnalysisPlugin$$Lambda/0x00007fcd286a0b08
9760:             1             16  org.opensearch.analysis.common.CommonAnalysisPlugin$$Lambda/0x00007fcd286a0d40
9761:             1             16  org.opensearch.analysis.common.CommonAnalysisPlugin$$Lambda/0x00007fcd286a0f78
9762:             1             16  org.opensearch.analysis.common.CommonAnalysisPlugin$$Lambda/0x00007fcd286a11b0
9763:             1             16  org.opensearch.analysis.common.CommonAnalysisPlugin$$Lambda/0x00007fcd286a13e8
9764:             1             16  org.opensearch.analysis.common.CommonAnalysisPlugin$$Lambda/0x00007fcd286a1620
9765:             1             16  org.opensearch.analysis.common.CommonAnalysisPlugin$$Lambda/0x00007fcd286a1858
9766:             1             16  org.opensearch.analysis.common.CommonAnalysisPlugin$$Lambda/0x00007fcd286a1a90
9767:             1             16  org.opensearch.analysis.common.CommonAnalysisPlugin$$Lambda/0x00007fcd286a1cc8
9768:             1             16  org.opensearch.analysis.common.CommonAnalysisPlugin$$Lambda/0x00007fcd286a1f00
9769:             1             16  org.opensearch.analysis.common.CommonAnalysisPlugin$$Lambda/0x00007fcd286a2128
9770:             1             16  org.opensearch.analysis.common.CommonAnalysisPlugin$$Lambda/0x00007fcd286a2360
9771:             1             16  org.opensearch.analysis.common.CommonAnalysisPlugin$$Lambda/0x00007fcd286a2598
9772:             1             16  org.opensearch.analysis.common.CommonAnalysisPlugin$$Lambda/0x00007fcd286a27d0
9773:             1             16  org.opensearch.analysis.common.CommonAnalysisPlugin$$Lambda/0x00007fcd286a2a08
9774:             1             16  org.opensearch.analysis.common.CommonAnalysisPlugin$$Lambda/0x00007fcd286a2c40
9775:             1             16  org.opensearch.analysis.common.CommonAnalysisPlugin$$Lambda/0x00007fcd286a2e78
9776:             1             16  org.opensearch.analysis.common.CommonAnalysisPlugin$$Lambda/0x00007fcd286a30b0
9777:             1             16  org.opensearch.analysis.common.CommonAnalysisPlugin$$Lambda/0x00007fcd286a32e8
9778:             1             16  org.opensearch.analysis.common.CommonAnalysisPlugin$$Lambda/0x00007fcd286a3520
9779:             1             16  org.opensearch.analysis.common.CommonAnalysisPlugin$$Lambda/0x00007fcd286a3758
9780:             1             16  org.opensearch.analysis.common.CommonAnalysisPlugin$$Lambda/0x00007fcd286a3990
9781:             1             16  org.opensearch.analysis.common.CommonAnalysisPlugin$$Lambda/0x00007fcd286a3bc8
9782:             1             16  org.opensearch.analysis.common.CommonAnalysisPlugin$$Lambda/0x00007fcd286a3e00
9783:             1             16  org.opensearch.analysis.common.CommonAnalysisPlugin$$Lambda/0x00007fcd286a4038
9784:             1             16  org.opensearch.analysis.common.CommonAnalysisPlugin$$Lambda/0x00007fcd286a4270
9785:             1             16  org.opensearch.analysis.common.CommonAnalysisPlugin$$Lambda/0x00007fcd286a44a8
9786:             1             16  org.opensearch.analysis.common.CommonAnalysisPlugin$$Lambda/0x00007fcd286a46e0
9787:             1             16  org.opensearch.analysis.common.CommonAnalysisPlugin$$Lambda/0x00007fcd286a4908
9788:             1             16  org.opensearch.analysis.common.CommonAnalysisPlugin$$Lambda/0x00007fcd286a4b20
9789:             1             16  org.opensearch.analysis.common.CommonAnalysisPlugin$$Lambda/0x00007fcd286a4d38
9790:             1             16  org.opensearch.analysis.common.CommonAnalysisPlugin$$Lambda/0x00007fcd286a4f50
9791:             1             16  org.opensearch.analysis.common.CommonAnalysisPlugin$$Lambda/0x00007fcd286a5168
9792:             1             16  org.opensearch.analysis.common.CommonAnalysisPlugin$$Lambda/0x00007fcd286a5380
9793:             1             16  org.opensearch.analysis.common.CommonAnalysisPlugin$$Lambda/0x00007fcd286a5598
9794:             1             16  org.opensearch.analysis.common.CommonAnalysisPlugin$$Lambda/0x00007fcd286a57b0
9795:             1             16  org.opensearch.analysis.common.CommonAnalysisPlugin$$Lambda/0x00007fcd286a59e8
9796:             1             16  org.opensearch.analysis.common.CommonAnalysisPlugin$$Lambda/0x00007fcd286a5c00
9797:             1             16  org.opensearch.analysis.common.CommonAnalysisPlugin$$Lambda/0x00007fcd286a5e18
9798:             1             16  org.opensearch.analysis.common.CommonAnalysisPlugin$$Lambda/0x00007fcd286a6030
9799:             1             16  org.opensearch.analysis.common.CommonAnalysisPlugin$$Lambda/0x00007fcd286a6268
9800:             1             16  org.opensearch.analysis.common.CommonAnalysisPlugin$$Lambda/0x00007fcd286a64a0
9801:             1             16  org.opensearch.analysis.common.CommonAnalysisPlugin$$Lambda/0x00007fcd286a66b8
9802:             1             16  org.opensearch.analysis.common.CommonAnalysisPlugin$$Lambda/0x00007fcd286a68d0
9803:             1             16  org.opensearch.analysis.common.CommonAnalysisPlugin$$Lambda/0x00007fcd286a6ae8
9804:             1             16  org.opensearch.analysis.common.CommonAnalysisPlugin$$Lambda/0x00007fcd286a6d00
9805:             1             16  org.opensearch.analysis.common.CommonAnalysisPlugin$$Lambda/0x00007fcd286a6f18
9806:             1             16  org.opensearch.analysis.common.CommonAnalysisPlugin$$Lambda/0x00007fcd286a7130
9807:             1             16  org.opensearch.analysis.common.CommonAnalysisPlugin$$Lambda/0x00007fcd286a7348
9808:             1             16  org.opensearch.analysis.common.CommonAnalysisPlugin$$Lambda/0x00007fcd286a7560
9809:             1             16  org.opensearch.analysis.common.CommonAnalysisPlugin$$Lambda/0x00007fcd286a7778
9810:             1             16  org.opensearch.analysis.common.CommonAnalysisPlugin$$Lambda/0x00007fcd286a7990
9811:             1             16  org.opensearch.analysis.common.CommonAnalysisPlugin$$Lambda/0x00007fcd286a7ba8
9812:             1             16  org.opensearch.analysis.common.CommonAnalysisPlugin$$Lambda/0x00007fcd286a7dc0
9813:             1             16  org.opensearch.analysis.common.CommonAnalysisPlugin$$Lambda/0x00007fcd286b0000
9814:             1             16  org.opensearch.analysis.common.CommonAnalysisPlugin$$Lambda/0x00007fcd286b0218
9815:             1             16  org.opensearch.analysis.common.CommonAnalysisPlugin$$Lambda/0x00007fcd286b0430
9816:             1             16  org.opensearch.analysis.common.CommonAnalysisPlugin$$Lambda/0x00007fcd286b0648
9817:             1             16  org.opensearch.analysis.common.CommonAnalysisPlugin$$Lambda/0x00007fcd286b0860
9818:             1             16  org.opensearch.analysis.common.CommonAnalysisPlugin$$Lambda/0x00007fcd286b0a78
9819:             1             16  org.opensearch.analysis.common.CommonAnalysisPlugin$$Lambda/0x00007fcd286b0c90
9820:             1             16  org.opensearch.analysis.common.CommonAnalysisPlugin$$Lambda/0x00007fcd286b0ea8
9821:             1             16  org.opensearch.analysis.common.CommonAnalysisPlugin$$Lambda/0x00007fcd286b10c0
9822:             1             16  org.opensearch.analysis.common.CommonAnalysisPlugin$$Lambda/0x00007fcd286b12d8
9823:             1             16  org.opensearch.analysis.common.CommonAnalysisPlugin$$Lambda/0x00007fcd286b14f0
9824:             1             16  org.opensearch.analysis.common.CommonAnalysisPlugin$$Lambda/0x00007fcd286b1708
9825:             1             16  org.opensearch.analysis.common.CommonAnalysisPlugin$$Lambda/0x00007fcd286b1920
9826:             1             16  org.opensearch.analysis.common.CommonAnalysisPlugin$$Lambda/0x00007fcd286b1b38
9827:             1             16  org.opensearch.analysis.common.CommonAnalysisPlugin$$Lambda/0x00007fcd286b1d50
9828:             1             16  org.opensearch.analysis.common.CommonAnalysisPlugin$$Lambda/0x00007fcd286b1f68
9829:             1             16  org.opensearch.analysis.common.CommonAnalysisPlugin$$Lambda/0x00007fcd286b2180
9830:             1             16  org.opensearch.analysis.common.CommonAnalysisPlugin$$Lambda/0x00007fcd286b2398
9831:             1             16  org.opensearch.analysis.common.CommonAnalysisPlugin$$Lambda/0x00007fcd286b25b0
9832:             1             16  org.opensearch.analysis.common.CommonAnalysisPlugin$$Lambda/0x00007fcd286b27c8
9833:             1             16  org.opensearch.analysis.common.CommonAnalysisPlugin$$Lambda/0x00007fcd286b29e0
9834:             1             16  org.opensearch.analysis.common.CommonAnalysisPlugin$$Lambda/0x00007fcd286b2bf8
9835:             1             16  org.opensearch.analysis.common.CommonAnalysisPlugin$$Lambda/0x00007fcd286b2e10
9836:             1             16  org.opensearch.analysis.common.CommonAnalysisPlugin$$Lambda/0x00007fcd286b3028
9837:             1             16  org.opensearch.analysis.common.CommonAnalysisPlugin$$Lambda/0x00007fcd286b3240
9838:             1             16  org.opensearch.analysis.common.CommonAnalysisPlugin$$Lambda/0x00007fcd286b3458
9839:             1             16  org.opensearch.bootstrap.$Proxy17
9840:             1             16  org.opensearch.bootstrap.Bootstrap$$Lambda/0x00007fcd280d6e98
9841:             1             16  org.opensearch.bootstrap.Bootstrap$1
9842:             1             16  org.opensearch.bootstrap.BootstrapCheck$BootstrapCheckResult
9843:             1             16  org.opensearch.bootstrap.BootstrapChecks$$Lambda/0x00007fcd290ecca8
9844:             1             16  org.opensearch.bootstrap.BootstrapChecks$JavaVersionCheck$$Lambda/0x00007fcd290eeda8
9845:             1             16  org.opensearch.bootstrap.BootstrapInfo$1
9846:             1             16  org.opensearch.bootstrap.JNAKernel32Library
9847:             1             16  org.opensearch.bootstrap.OpenSearch$$Lambda/0x00007fcd28013c70
9848:             1             16  org.opensearch.bootstrap.OpenSearch$1
9849:             1             16  org.opensearch.bootstrap.OpenSearchPolicy$$Lambda/0x00007fcd281dfa20
9850:             1             16  org.opensearch.bootstrap.OpenSearchPolicy$$Lambda/0x00007fcd281dfc68
9851:             1             16  org.opensearch.bootstrap.OpenSearchUncaughtExceptionHandler
9852:             1             16  org.opensearch.bootstrap.jvm.DenyJvmVersionsParser$$Lambda/0x00007fcd290ed4f0
9853:             1             16  org.opensearch.bootstrap.jvm.DenyJvmVersionsParser$$Lambda/0x00007fcd290ed728
9854:             1             16  org.opensearch.bootstrap.jvm.DenyJvmVersionsParser$$Lambda/0x00007fcd290ed970
9855:             1             16  org.opensearch.bootstrap.jvm.DenyJvmVersionsParser$$Lambda/0x00007fcd290edbb8
9856:             1             16  org.opensearch.bootstrap.jvm.DenyJvmVersionsParser$$Lambda/0x00007fcd290eddf0
9857:             1             16  org.opensearch.bootstrap.jvm.DenyJvmVersionsParser$$Lambda/0x00007fcd290ee028
9858:             1             16  org.opensearch.bootstrap.jvm.DenyJvmVersionsParser$$Lambda/0x00007fcd290ee240
9859:             1             16  org.opensearch.bootstrap.jvm.DenyJvmVersionsParser$$Lambda/0x00007fcd290ee478
9860:             1             16  org.opensearch.cache.common.tier.TieredSpilloverCache$TieredSpilloverCacheFactory
9861:             1             16  org.opensearch.cache.common.tier.TieredSpilloverCachePlugin
9862:             1             16  org.opensearch.cache.common.tier.TieredSpilloverCacheSettings$$Lambda/0x00007fcd28219cf8
9863:             1             16  org.opensearch.cache.common.tier.TieredSpilloverCacheSettings$$Lambda/0x00007fcd28541c00
9864:             1             16  org.opensearch.cache.common.tier.TieredSpilloverCacheSettings$$Lambda/0x00007fcd2854a000
9865:             1             16  org.opensearch.cache.common.tier.TieredSpilloverCacheSettings$$Lambda/0x00007fcd2854a238
9866:             1             16  org.opensearch.cli.EnvironmentAwareCommand$$Lambda/0x00007fcd28025a40
9867:             1             16  org.opensearch.client.Client$$Lambda/0x00007fcd281ea6a0
9868:             1             16  org.opensearch.cluster.AbstractDiffable$CompleteDiff
9869:             1             16  org.opensearch.cluster.ClusterChangedEvent$$Lambda/0x00007fcd291bd938
9870:             1             16  org.opensearch.cluster.ClusterModule$$Lambda/0x00007fcd28880400
9871:             1             16  org.opensearch.cluster.ClusterModule$$Lambda/0x00007fcd28880800
9872:             1             16  org.opensearch.cluster.ClusterModule$$Lambda/0x00007fcd28880a18
9873:             1             16  org.opensearch.cluster.ClusterModule$$Lambda/0x00007fcd28881000
9874:             1             16  org.opensearch.cluster.ClusterModule$$Lambda/0x00007fcd28881218
9875:             1             16  org.opensearch.cluster.ClusterModule$$Lambda/0x00007fcd28881788
9876:             1             16  org.opensearch.cluster.ClusterModule$$Lambda/0x00007fcd288819a0
9877:             1             16  org.opensearch.cluster.ClusterModule$$Lambda/0x00007fcd28882e68
9878:             1             16  org.opensearch.cluster.ClusterModule$$Lambda/0x00007fcd28883080
9879:             1             16  org.opensearch.cluster.ClusterModule$$Lambda/0x00007fcd28883658
9880:             1             16  org.opensearch.cluster.ClusterModule$$Lambda/0x00007fcd28883870
9881:             1             16  org.opensearch.cluster.ClusterModule$$Lambda/0x00007fcd28888000
9882:             1             16  org.opensearch.cluster.ClusterModule$$Lambda/0x00007fcd28888580
9883:             1             16  org.opensearch.cluster.ClusterModule$$Lambda/0x00007fcd28888798
9884:             1             16  org.opensearch.cluster.ClusterModule$$Lambda/0x00007fcd28888cd8
9885:             1             16  org.opensearch.cluster.ClusterModule$$Lambda/0x00007fcd28888ef0
9886:             1             16  org.opensearch.cluster.ClusterModule$$Lambda/0x00007fcd28889108
9887:             1             16  org.opensearch.cluster.ClusterModule$$Lambda/0x00007fcd28889320
9888:             1             16  org.opensearch.cluster.ClusterModule$$Lambda/0x00007fcd28889888
9889:             1             16  org.opensearch.cluster.ClusterModule$$Lambda/0x00007fcd28889aa0
9890:             1             16  org.opensearch.cluster.ClusterModule$$Lambda/0x00007fcd2888a020
9891:             1             16  org.opensearch.cluster.ClusterModule$$Lambda/0x00007fcd2888a238
9892:             1             16  org.opensearch.cluster.ClusterModule$$Lambda/0x00007fcd2888a7b8
9893:             1             16  org.opensearch.cluster.ClusterModule$$Lambda/0x00007fcd2888a9d0
9894:             1             16  org.opensearch.cluster.ClusterModule$$Lambda/0x00007fcd2888af50
9895:             1             16  org.opensearch.cluster.ClusterModule$$Lambda/0x00007fcd2888b168
9896:             1             16  org.opensearch.cluster.ClusterModule$$Lambda/0x00007fcd2888b700
9897:             1             16  org.opensearch.cluster.ClusterModule$$Lambda/0x00007fcd2888b918
9898:             1             16  org.opensearch.cluster.ClusterModule$$Lambda/0x00007fcd2888beb8
9899:             1             16  org.opensearch.cluster.ClusterModule$$Lambda/0x00007fcd2888c0d0
9900:             1             16  org.opensearch.cluster.ClusterModule$$Lambda/0x00007fcd2888c5a8
9901:             1             16  org.opensearch.cluster.ClusterModule$$Lambda/0x00007fcd2888de50
9902:             1             16  org.opensearch.cluster.ClusterModule$$Lambda/0x00007fcd2888e068
9903:             1             16  org.opensearch.cluster.ClusterModule$$Lambda/0x00007fcd2888e280
9904:             1             16  org.opensearch.cluster.ClusterModule$$Lambda/0x00007fcd2888e498
9905:             1             16  org.opensearch.cluster.ClusterModule$$Lambda/0x00007fcd2888e6b0
9906:             1             16  org.opensearch.cluster.ClusterModule$$Lambda/0x00007fcd2888e8c8
9907:             1             16  org.opensearch.cluster.ClusterModule$$Lambda/0x00007fcd2888eae0
9908:             1             16  org.opensearch.cluster.ClusterModule$$Lambda/0x00007fcd2888ecf8
9909:             1             16  org.opensearch.cluster.ClusterModule$$Lambda/0x00007fcd2888ef10
9910:             1             16  org.opensearch.cluster.ClusterModule$$Lambda/0x00007fcd2888f128
9911:             1             16  org.opensearch.cluster.ClusterModule$$Lambda/0x00007fcd2888f340
9912:             1             16  org.opensearch.cluster.ClusterName$$Lambda/0x00007fcd280b7670
9913:             1             16  org.opensearch.cluster.ClusterState$Builder$$Lambda/0x00007fcd29222cb0
9914:             1             16  org.opensearch.cluster.ClusterStateObserver$$Lambda/0x00007fcd290f2e30
9915:             1             16  org.opensearch.cluster.DiffableUtils$DiffableValueSerializer$1
9916:             1             16  org.opensearch.cluster.DiffableUtils$NonDiffableValueSerializer$1
9917:             1             16  org.opensearch.cluster.DiffableUtils$StringKeySerializer
9918:             1             16  org.opensearch.cluster.DiffableUtils$StringSetValueSerializer
9919:             1             16  org.opensearch.cluster.InternalClusterInfoService$$Lambda/0x00007fcd2870f400
9920:             1             16  org.opensearch.cluster.InternalClusterInfoService$$Lambda/0x00007fcd2870f630
9921:             1             16  org.opensearch.cluster.InternalClusterInfoService$$Lambda/0x00007fcd2870f860
9922:             1             16  org.opensearch.cluster.NodeConnectionsService$$Lambda/0x00007fcd291b6000
9923:             1             16  org.opensearch.cluster.NodeConnectionsService$$Lambda/0x00007fcd291bdfd0
9924:             1             16  org.opensearch.cluster.NodeConnectionsService$$Lambda/0x00007fcd293a5878
9925:             1             16  org.opensearch.cluster.NodeConnectionsService$ConnectionChecker
9926:             1             16  org.opensearch.cluster.RepositoryCleanupInProgress
9927:             1             16  org.opensearch.cluster.SnapshotDeletionsInProgress
9928:             1             16  org.opensearch.cluster.SnapshotsInProgress
9929:             1             16  org.opensearch.cluster.action.index.MappingUpdatedAction$$Lambda/0x00007fcd28dbd890
9930:             1             16  org.opensearch.cluster.action.index.MappingUpdatedAction$$Lambda/0x00007fcd28dbdac0
9931:             1             16  org.opensearch.cluster.action.index.NodeMappingRefreshAction$$Lambda/0x00007fcd28dbd1b8
9932:             1             16  org.opensearch.cluster.action.index.NodeMappingRefreshAction$NodeMappingRefreshTransportHandler
9933:             1             16  org.opensearch.cluster.action.shard.ShardStateAction$$Lambda/0x00007fcd286d1b68
9934:             1             16  org.opensearch.cluster.action.shard.ShardStateAction$$Lambda/0x00007fcd28da7dd8
9935:             1             16  org.opensearch.cluster.action.shard.ShardStateAction$$Lambda/0x00007fcd28db6000
9936:             1             16  org.opensearch.cluster.action.shard.ShardStateAction$$Lambda/0x00007fcd28db6728
9937:             1             16  org.opensearch.cluster.action.shard.ShardStateAction$$Lambda/0x00007fcd28db6948
9938:             1             16  org.opensearch.cluster.action.shard.ShardStateAction$$Lambda/0x00007fcd28db7010
9939:             1             16  org.opensearch.cluster.block.ClusterBlocks$$Lambda/0x00007fcd291a4030
9940:             1             16  org.opensearch.cluster.block.ClusterBlocks$$Lambda/0x00007fcd291a4248
9941:             1             16  org.opensearch.cluster.block.ClusterBlocks$$Lambda/0x00007fcd291a4460
9942:             1             16  org.opensearch.cluster.block.ClusterBlocks$$Lambda/0x00007fcd29219ad8
9943:             1             16  org.opensearch.cluster.coordination.CoordinationMetadata$$Lambda/0x00007fcd284b65f8
9944:             1             16  org.opensearch.cluster.coordination.CoordinationMetadata$$Lambda/0x00007fcd2919a960
9945:             1             16  org.opensearch.cluster.coordination.CoordinationMetadata$VotingConfigExclusion$$Lambda/0x00007fcd284b7bb0
9946:             1             16  org.opensearch.cluster.coordination.Coordinator$$Lambda/0x00007fcd28cf61d8
9947:             1             16  org.opensearch.cluster.coordination.Coordinator$$Lambda/0x00007fcd28cf63f8
9948:             1             16  org.opensearch.cluster.coordination.Coordinator$$Lambda/0x00007fcd28cf6618
9949:             1             16  org.opensearch.cluster.coordination.Coordinator$$Lambda/0x00007fcd28cf6aa8
9950:             1             16  org.opensearch.cluster.coordination.Coordinator$$Lambda/0x00007fcd28cf6ce8
9951:             1             16  org.opensearch.cluster.coordination.Coordinator$$Lambda/0x00007fcd28cf8af8
9952:             1             16  org.opensearch.cluster.coordination.Coordinator$$Lambda/0x00007fcd28cf8d18
9953:             1             16  org.opensearch.cluster.coordination.Coordinator$$Lambda/0x00007fcd28cfa7c0
9954:             1             16  org.opensearch.cluster.coordination.Coordinator$$Lambda/0x00007fcd28cfaf60
9955:             1             16  org.opensearch.cluster.coordination.Coordinator$$Lambda/0x00007fcd28cfc108
9956:             1             16  org.opensearch.cluster.coordination.Coordinator$$Lambda/0x00007fcd28cfd140
9957:             1             16  org.opensearch.cluster.coordination.Coordinator$$Lambda/0x00007fcd28cfd370
9958:             1             16  org.opensearch.cluster.coordination.Coordinator$$Lambda/0x00007fcd28cfe770
9959:             1             16  org.opensearch.cluster.coordination.Coordinator$$Lambda/0x00007fcd28cfebc0
9960:             1             16  org.opensearch.cluster.coordination.Coordinator$$Lambda/0x00007fcd28cfede0
9961:             1             16  org.opensearch.cluster.coordination.Coordinator$$Lambda/0x00007fcd28cff000
9962:             1             16  org.opensearch.cluster.coordination.Coordinator$$Lambda/0x00007fcd28cff480
9963:             1             16  org.opensearch.cluster.coordination.Coordinator$$Lambda/0x00007fcd28cff6b0
9964:             1             16  org.opensearch.cluster.coordination.Coordinator$$Lambda/0x00007fcd28cffae8
9965:             1             16  org.opensearch.cluster.coordination.Coordinator$$Lambda/0x00007fcd28cffd08
9966:             1             16  org.opensearch.cluster.coordination.ElectionStrategy$1
9967:             1             16  org.opensearch.cluster.coordination.FollowersChecker$$Lambda/0x00007fcd28cfd5a0
9968:             1             16  org.opensearch.cluster.coordination.FollowersChecker$$Lambda/0x00007fcd28cfde08
9969:             1             16  org.opensearch.cluster.coordination.FollowersChecker$$Lambda/0x00007fcd28cfe020
9970:             1             16  org.opensearch.cluster.coordination.FollowersChecker$1
9971:             1             16  org.opensearch.cluster.coordination.JoinHelper$$Lambda/0x00007fcd28cf7138
9972:             1             16  org.opensearch.cluster.coordination.JoinHelper$$Lambda/0x00007fcd28cf7570
9973:             1             16  org.opensearch.cluster.coordination.JoinHelper$$Lambda/0x00007fcd28cf79a8
9974:             1             16  org.opensearch.cluster.coordination.JoinHelper$$Lambda/0x00007fcd28cf7de0
9975:             1             16  org.opensearch.cluster.coordination.JoinHelper$$Lambda/0x00007fcd29196be8
9976:             1             16  org.opensearch.cluster.coordination.JoinHelper$CandidateJoinAccumulator$$Lambda/0x00007fcd291a60d0
9977:             1             16  org.opensearch.cluster.coordination.JoinHelper$FollowerJoinAccumulator
9978:             1             16  org.opensearch.cluster.coordination.JoinTaskExecutor$$Lambda/0x00007fcd28cf5fb0
9979:             1             16  org.opensearch.cluster.coordination.JoinTaskExecutor$$Lambda/0x00007fcd291a48a8
9980:             1             16  org.opensearch.cluster.coordination.LeaderChecker$$Lambda/0x00007fcd28cfc338
9981:             1             16  org.opensearch.cluster.coordination.LeaderChecker$$Lambda/0x00007fcd28cfc808
9982:             1             16  org.opensearch.cluster.coordination.LeaderChecker$$Lambda/0x00007fcd28cfca20
9983:             1             16  org.opensearch.cluster.coordination.LeaderChecker$1
9984:             1             16  org.opensearch.cluster.coordination.NoClusterManagerBlockService
9985:             1             16  org.opensearch.cluster.coordination.NoClusterManagerBlockService$$Lambda/0x00007fcd286d3550
9986:             1             16  org.opensearch.cluster.coordination.NoClusterManagerBlockService$$Lambda/0x00007fcd286d3788
9987:             1             16  org.opensearch.cluster.coordination.NoClusterManagerBlockService$$Lambda/0x00007fcd28cf8220
9988:             1             16  org.opensearch.cluster.coordination.PeersResponse$$Lambda/0x00007fcd29195cd0
9989:             1             16  org.opensearch.cluster.coordination.PeersResponse$$Lambda/0x00007fcd29195ee8
9990:             1             16  org.opensearch.cluster.coordination.PersistedStateRegistry
9991:             1             16  org.opensearch.cluster.coordination.PreVoteCollector$$Lambda/0x00007fcd28cf91f0
9992:             1             16  org.opensearch.cluster.coordination.PreVoteCollector$$Lambda/0x00007fcd28cf9408
9993:             1             16  org.opensearch.cluster.coordination.PublicationTransportHandler$$Lambda/0x00007fcd28cfb190
9994:             1             16  org.opensearch.cluster.coordination.PublicationTransportHandler$$Lambda/0x00007fcd28cfb3a8
9995:             1             16  org.opensearch.cluster.coordination.PublicationTransportHandler$$Lambda/0x00007fcd28cfb898
9996:             1             16  org.opensearch.cluster.coordination.PublicationTransportHandler$$Lambda/0x00007fcd28cfbab0
9997:             1             16  org.opensearch.cluster.coordination.PublicationTransportHandler$$Lambda/0x00007fcd28cfbcd0
9998:             1             16  org.opensearch.cluster.coordination.Reconfigurator
9999:             1             16  org.opensearch.cluster.coordination.Reconfigurator$$Lambda/0x00007fcd28cfe990
10000:             1             16  org.opensearch.cluster.metadata.AutoExpandReplicas$$Lambda/0x00007fcd2862f028
10001:             1             16  org.opensearch.cluster.metadata.ClusterNameExpressionResolver
10002:             1             16  org.opensearch.cluster.metadata.ClusterNameExpressionResolver$WildcardExpressionResolver
10003:             1             16  org.opensearch.cluster.metadata.ComponentTemplate$$Lambda/0x00007fcd29090218
10004:             1             16  org.opensearch.cluster.metadata.ComponentTemplate$$Lambda/0x00007fcd29090ed8
10005:             1             16  org.opensearch.cluster.metadata.ComponentTemplateMetadata
10006:             1             16  org.opensearch.cluster.metadata.ComponentTemplateMetadata$$Lambda/0x00007fcd2908fc70
10007:             1             16  org.opensearch.cluster.metadata.ComponentTemplateMetadata$$Lambda/0x00007fcd29090000
10008:             1             16  org.opensearch.cluster.metadata.ComponentTemplateMetadata$$Lambda/0x00007fcd2919b2c0
10009:             1             16  org.opensearch.cluster.metadata.ComponentTemplateMetadata$$Lambda/0x00007fcd2919b4d8
10010:             1             16  org.opensearch.cluster.metadata.ComposableIndexTemplate$$Lambda/0x00007fcd29091fc0
10011:             1             16  org.opensearch.cluster.metadata.ComposableIndexTemplate$$Lambda/0x00007fcd290921f8
10012:             1             16  org.opensearch.cluster.metadata.ComposableIndexTemplate$$Lambda/0x00007fcd291a0000
10013:             1             16  org.opensearch.cluster.metadata.ComposableIndexTemplate$DataStreamTemplate$$Lambda/0x00007fcd29092698
10014:             1             16  org.opensearch.cluster.metadata.ComposableIndexTemplate$DataStreamTemplate$$Lambda/0x00007fcd291a0218
10015:             1             16  org.opensearch.cluster.metadata.ComposableIndexTemplateMetadata
10016:             1             16  org.opensearch.cluster.metadata.ComposableIndexTemplateMetadata$$Lambda/0x00007fcd29091b70
10017:             1             16  org.opensearch.cluster.metadata.ComposableIndexTemplateMetadata$$Lambda/0x00007fcd29091da8
10018:             1             16  org.opensearch.cluster.metadata.ComposableIndexTemplateMetadata$$Lambda/0x00007fcd2919d218
10019:             1             16  org.opensearch.cluster.metadata.ComposableIndexTemplateMetadata$$Lambda/0x00007fcd2919d430
10020:             1             16  org.opensearch.cluster.metadata.DataStream$TimestampField$$Lambda/0x00007fcd29092dd8
10021:             1             16  org.opensearch.cluster.metadata.DataStreamMetadata
10022:             1             16  org.opensearch.cluster.metadata.DataStreamMetadata$$Lambda/0x00007fcd29091720
10023:             1             16  org.opensearch.cluster.metadata.DataStreamMetadata$$Lambda/0x00007fcd29091958
10024:             1             16  org.opensearch.cluster.metadata.DataStreamMetadata$$Lambda/0x00007fcd2919bd68
10025:             1             16  org.opensearch.cluster.metadata.DataStreamMetadata$$Lambda/0x00007fcd2919d000
10026:             1             16  org.opensearch.cluster.metadata.DiffableStringMap$DiffableStringMapDiff$$Lambda/0x00007fcd29219490
10027:             1             16  org.opensearch.cluster.metadata.DiffableStringMap$DiffableStringMapDiff$$Lambda/0x00007fcd292198c0
10028:             1             16  org.opensearch.cluster.metadata.IndexGraveyard$$Lambda/0x00007fcd284bc928
10029:             1             16  org.opensearch.cluster.metadata.IndexGraveyard$$Lambda/0x00007fcd284bcd80
10030:             1             16  org.opensearch.cluster.metadata.IndexGraveyard$$Lambda/0x00007fcd291a0430
10031:             1             16  org.opensearch.cluster.metadata.IndexGraveyard$Tombstone$$Lambda/0x00007fcd284bd418
10032:             1             16  org.opensearch.cluster.metadata.IndexGraveyard$Tombstone$$Lambda/0x00007fcd284bd8b8
10033:             1             16  org.opensearch.cluster.metadata.IndexGraveyard$Tombstone$$Lambda/0x00007fcd284bdae0
10034:             1             16  org.opensearch.cluster.metadata.IndexGraveyard$Tombstone$$Lambda/0x00007fcd284bdf18
10035:             1             16  org.opensearch.cluster.metadata.IndexGraveyard$Tombstone$$Lambda/0x00007fcd284be140
10036:             1             16  org.opensearch.cluster.metadata.IndexGraveyard$Tombstone$$Lambda/0x00007fcd284be7e8
10037:             1             16  org.opensearch.cluster.metadata.IndexMetadata$$Lambda/0x00007fcd2862b000
10038:             1             16  org.opensearch.cluster.metadata.IndexMetadata$$Lambda/0x00007fcd2862b488
10039:             1             16  org.opensearch.cluster.metadata.IndexMetadata$$Lambda/0x00007fcd2862b910
10040:             1             16  org.opensearch.cluster.metadata.IndexMetadata$$Lambda/0x00007fcd2862bd60
10041:             1             16  org.opensearch.cluster.metadata.IndexMetadata$$Lambda/0x00007fcd2862e038
10042:             1             16  org.opensearch.cluster.metadata.IndexMetadata$$Lambda/0x00007fcd2862fb20
10043:             1             16  org.opensearch.cluster.metadata.IndexMetadata$1
10044:             1             16  org.opensearch.cluster.metadata.IndexMetadata$2
10045:             1             16  org.opensearch.cluster.metadata.IndexMetadata$3
10046:             1             16  org.opensearch.cluster.metadata.IndexMetadata$4
10047:             1             16  org.opensearch.cluster.metadata.IndexMetadata$5
10048:             1             16  org.opensearch.cluster.metadata.IndexMetadata$Builder$$Lambda/0x00007fcd29093d50
10049:             1             16  org.opensearch.cluster.metadata.IndexMetadata$IndexMetadataDiff$$Lambda/0x00007fcd29237378
10050:             1             16  org.opensearch.cluster.metadata.IndexMetadata$IndexMetadataDiff$$Lambda/0x00007fcd29237590
10051:             1             16  org.opensearch.cluster.metadata.IndexMetadata$IndexMetadataDiff$$Lambda/0x00007fcd292377a8
10052:             1             16  org.opensearch.cluster.metadata.IndexMetadata$IndexMetadataDiff$$Lambda/0x00007fcd292379c0
10053:             1             16  org.opensearch.cluster.metadata.IndexMetadata$IndexMetadataDiff$$Lambda/0x00007fcd29237bd8
10054:             1             16  org.opensearch.cluster.metadata.IndexMetadata$IndexMetadataDiff$$Lambda/0x00007fcd2923e000
10055:             1             16  org.opensearch.cluster.metadata.IndexMetadata$IndexMetadataDiff$$Lambda/0x00007fcd2923e218
10056:             1             16  org.opensearch.cluster.metadata.IndexMetadata$IndexMetadataDiff$$Lambda/0x00007fcd2923e430
10057:             1             16  org.opensearch.cluster.metadata.IndexNameExpressionResolver$$Lambda/0x00007fcd291e2890
10058:             1             16  org.opensearch.cluster.metadata.Manifest$$Lambda/0x00007fcd288b0268
10059:             1             16  org.opensearch.cluster.metadata.Manifest$$Lambda/0x00007fcd290e95a8
10060:             1             16  org.opensearch.cluster.metadata.Manifest$IndexEntry$$Lambda/0x00007fcd288b06f0
10061:             1             16  org.opensearch.cluster.metadata.Manifest$IndexEntry$$Lambda/0x00007fcd288b0928
10062:             1             16  org.opensearch.cluster.metadata.Metadata$$Lambda/0x00007fcd291d3a08
10063:             1             16  org.opensearch.cluster.metadata.Metadata$Builder$$Lambda/0x00007fcd284bec08
10064:             1             16  org.opensearch.cluster.metadata.Metadata$Builder$$Lambda/0x00007fcd284bee50
10065:             1             16  org.opensearch.cluster.metadata.Metadata$Builder$$Lambda/0x00007fcd29218400
10066:             1             16  org.opensearch.cluster.metadata.Metadata$MetadataDiff$$Lambda/0x00007fcd2921b3b0
10067:             1             16  org.opensearch.cluster.metadata.Metadata$MetadataDiff$$Lambda/0x00007fcd2921b5c8
10068:             1             16  org.opensearch.cluster.metadata.Metadata$MetadataDiff$$Lambda/0x00007fcd2921b7e0
10069:             1             16  org.opensearch.cluster.metadata.Metadata$MetadataDiff$$Lambda/0x00007fcd2921b9f8
10070:             1             16  org.opensearch.cluster.metadata.MetadataIndexUpgradeService$$Lambda/0x00007fcd290a1028
10071:             1             16  org.opensearch.cluster.metadata.MetadataIndexUpgradeService$$Lambda/0x00007fcd290a1240
10072:             1             16  org.opensearch.cluster.metadata.MetadataMappingService$PutMappingExecutor
10073:             1             16  org.opensearch.cluster.metadata.MetadataMappingService$RefreshTaskExecutor
10074:             1             16  org.opensearch.cluster.metadata.RepositoriesMetadata
10075:             1             16  org.opensearch.cluster.metadata.RepositoriesMetadata$$Lambda/0x00007fcd2919b6f0
10076:             1             16  org.opensearch.cluster.metadata.RepositoryMetadata$$Lambda/0x00007fcd2919bb50
10077:             1             16  org.opensearch.cluster.metadata.Template$$Lambda/0x00007fcd29090450
10078:             1             16  org.opensearch.cluster.metadata.Template$$Lambda/0x00007fcd29090688
10079:             1             16  org.opensearch.cluster.metadata.Template$$Lambda/0x00007fcd29090aa8
10080:             1             16  org.opensearch.cluster.metadata.Template$$Lambda/0x00007fcd29090cc0
10081:             1             16  org.opensearch.cluster.metadata.Template$$Lambda/0x00007fcd2919d860
10082:             1             16  org.opensearch.cluster.metadata.Template$$Lambda/0x00007fcd2919da78
10083:             1             16  org.opensearch.cluster.node.DiscoveryNode$$Lambda/0x00007fcd284a44f8
10084:             1             16  org.opensearch.cluster.node.DiscoveryNode$$Lambda/0x00007fcd284a4730
10085:             1             16  org.opensearch.cluster.node.DiscoveryNode$$Lambda/0x00007fcd284b0b40
10086:             1             16  org.opensearch.cluster.node.DiscoveryNode$$Lambda/0x00007fcd29046a98
10087:             1             16  org.opensearch.cluster.node.DiscoveryNode$$Lambda/0x00007fcd290c3ba0
10088:             1             16  org.opensearch.cluster.node.DiscoveryNode$$Lambda/0x00007fcd2918ec88
10089:             1             16  org.opensearch.cluster.node.DiscoveryNode$$Lambda/0x00007fcd2918f0f0
10090:             1             16  org.opensearch.cluster.node.DiscoveryNode$$Lambda/0x00007fcd2918f338
10091:             1             16  org.opensearch.cluster.node.DiscoveryNode$$Lambda/0x00007fcd2918f570
10092:             1             16  org.opensearch.cluster.node.DiscoveryNode$$Lambda/0x00007fcd291a4d10
10093:             1             16  org.opensearch.cluster.node.DiscoveryNodeFilters$$Lambda/0x00007fcd28716050
10094:             1             16  org.opensearch.cluster.node.DiscoveryNodes$$Lambda/0x00007fcd290f1ed8
10095:             1             16  org.opensearch.cluster.node.DiscoveryNodes$$Lambda/0x00007fcd290f2348
10096:             1             16  org.opensearch.cluster.node.DiscoveryNodes$$Lambda/0x00007fcd291c2818
10097:             1             16  org.opensearch.cluster.node.DiscoveryNodes$$Lambda/0x00007fcd291c2a50
10098:             1             16  org.opensearch.cluster.node.DiscoveryNodes$Delta$$Lambda/0x00007fcd291b4898
10099:             1             16  org.opensearch.cluster.routing.AllocationId$$Lambda/0x00007fcd291a2d20
10100:             1             16  org.opensearch.cluster.routing.AllocationId$$Lambda/0x00007fcd291a2f48
10101:             1             16  org.opensearch.cluster.routing.FailAwareWeightedRouting
10102:             1             16  org.opensearch.cluster.routing.IndexRoutingTable$$Lambda/0x00007fcd2921ab00
10103:             1             16  org.opensearch.cluster.routing.OperationRouting$$Lambda/0x00007fcd2870dbe0
10104:             1             16  org.opensearch.cluster.routing.OperationRouting$$Lambda/0x00007fcd2870de10
10105:             1             16  org.opensearch.cluster.routing.OperationRouting$$Lambda/0x00007fcd2870e040
10106:             1             16  org.opensearch.cluster.routing.OperationRouting$$Lambda/0x00007fcd2870e270
10107:             1             16  org.opensearch.cluster.routing.OperationRouting$$Lambda/0x00007fcd2870e4a0
10108:             1             16  org.opensearch.cluster.routing.OperationRouting$$Lambda/0x00007fcd2870e6d0
10109:             1             16  org.opensearch.cluster.routing.OperationRouting$$Lambda/0x00007fcd2870e900
10110:             1             16  org.opensearch.cluster.routing.RecoverySource$PeerRecoverySource
10111:             1             16  org.opensearch.cluster.routing.RoutingNode$$Lambda/0x00007fcd291bd4c8
10112:             1             16  org.opensearch.cluster.routing.RoutingNodes$$Lambda/0x00007fcd291bd700
10113:             1             16  org.opensearch.cluster.routing.RoutingTable$$Lambda/0x00007fcd29097660
10114:             1             16  org.opensearch.cluster.routing.RoutingTable$$Lambda/0x00007fcd290978a8
10115:             1             16  org.opensearch.cluster.routing.RoutingTable$RoutingTableDiff$$Lambda/0x00007fcd292178f0
10116:             1             16  org.opensearch.cluster.routing.RoutingTable$RoutingTableDiff$$Lambda/0x00007fcd29217b08
10117:             1             16  org.opensearch.cluster.routing.ShardRouting$$Lambda/0x00007fcd291a2448
10118:             1             16  org.opensearch.cluster.routing.ShardRouting$$Lambda/0x00007fcd291a28e8
10119:             1             16  org.opensearch.cluster.routing.UnassignedInfo$$Lambda/0x00007fcd291a3e18
10120:             1             16  org.opensearch.cluster.routing.UnassignedInfo$$Lambda/0x00007fcd293774e0
10121:             1             16  org.opensearch.cluster.routing.allocation.AllocationConstraints
10122:             1             16  org.opensearch.cluster.routing.allocation.AwarenessReplicaBalance$$Lambda/0x00007fcd288cb868
10123:             1             16  org.opensearch.cluster.routing.allocation.AwarenessReplicaBalance$$Lambda/0x00007fcd288cba98
10124:             1             16  org.opensearch.cluster.routing.allocation.AwarenessReplicaBalance$$Lambda/0x00007fcd288cbcc8
10125:             1             16  org.opensearch.cluster.routing.allocation.ConstraintTypes$$Lambda/0x00007fcd2871a800
10126:             1             16  org.opensearch.cluster.routing.allocation.ConstraintTypes$$Lambda/0x00007fcd2871aa48
10127:             1             16  org.opensearch.cluster.routing.allocation.DiskThresholdSettings$$Lambda/0x00007fcd286d0000
10128:             1             16  org.opensearch.cluster.routing.allocation.DiskThresholdSettings$$Lambda/0x00007fcd286d0470
10129:             1             16  org.opensearch.cluster.routing.allocation.DiskThresholdSettings$$Lambda/0x00007fcd286d08e0
10130:             1             16  org.opensearch.cluster.routing.allocation.DiskThresholdSettings$FloodStageValidator
10131:             1             16  org.opensearch.cluster.routing.allocation.DiskThresholdSettings$HighDiskWatermarkValidator
10132:             1             16  org.opensearch.cluster.routing.allocation.DiskThresholdSettings$LowDiskWatermarkValidator
10133:             1             16  org.opensearch.cluster.routing.allocation.RebalanceConstraints
10134:             1             16  org.opensearch.cluster.routing.allocation.allocator.BalancedShardsAllocator$$Lambda/0x00007fcd286c9238
10135:             1             16  org.opensearch.cluster.routing.allocation.allocator.BalancedShardsAllocator$$Lambda/0x00007fcd2871b0f0
10136:             1             16  org.opensearch.cluster.routing.allocation.allocator.BalancedShardsAllocator$$Lambda/0x00007fcd2871b320
10137:             1             16  org.opensearch.cluster.routing.allocation.allocator.BalancedShardsAllocator$$Lambda/0x00007fcd2871b550
10138:             1             16  org.opensearch.cluster.routing.allocation.allocator.BalancedShardsAllocator$$Lambda/0x00007fcd2871b780
10139:             1             16  org.opensearch.cluster.routing.allocation.allocator.BalancedShardsAllocator$$Lambda/0x00007fcd2871b9b0
10140:             1             16  org.opensearch.cluster.routing.allocation.allocator.BalancedShardsAllocator$$Lambda/0x00007fcd2871bbe0
10141:             1             16  org.opensearch.cluster.routing.allocation.allocator.BalancedShardsAllocator$$Lambda/0x00007fcd2871e000
10142:             1             16  org.opensearch.cluster.routing.allocation.allocator.BalancedShardsAllocator$$Lambda/0x00007fcd2871e230
10143:             1             16  org.opensearch.cluster.routing.allocation.command.AbstractAllocateAllocationCommand$$Lambda/0x00007fcd28483000
10144:             1             16  org.opensearch.cluster.routing.allocation.command.AbstractAllocateAllocationCommand$$Lambda/0x00007fcd28486a10
10145:             1             16  org.opensearch.cluster.routing.allocation.command.AbstractAllocateAllocationCommand$$Lambda/0x00007fcd28487ac8
10146:             1             16  org.opensearch.cluster.routing.allocation.command.BasePrimaryAllocationCommand$$Lambda/0x00007fcd28482c58
10147:             1             16  org.opensearch.cluster.routing.allocation.decider.AllocationDeciders
10148:             1             16  org.opensearch.cluster.routing.allocation.decider.AwarenessAllocationDecider$$Lambda/0x00007fcd28710a30
10149:             1             16  org.opensearch.cluster.routing.allocation.decider.AwarenessAllocationDecider$$Lambda/0x00007fcd28710c60
10150:             1             16  org.opensearch.cluster.routing.allocation.decider.ClusterRebalanceAllocationDecider
10151:             1             16  org.opensearch.cluster.routing.allocation.decider.ClusterRebalanceAllocationDecider$$Lambda/0x00007fcd286caa78
10152:             1             16  org.opensearch.cluster.routing.allocation.decider.ClusterRebalanceAllocationDecider$$Lambda/0x00007fcd28714f20
10153:             1             16  org.opensearch.cluster.routing.allocation.decider.ConcurrentRebalanceAllocationDecider
10154:             1             16  org.opensearch.cluster.routing.allocation.decider.ConcurrentRebalanceAllocationDecider$$Lambda/0x00007fcd28715150
10155:             1             16  org.opensearch.cluster.routing.allocation.decider.ConcurrentRecoveriesAllocationDecider
10156:             1             16  org.opensearch.cluster.routing.allocation.decider.ConcurrentRecoveriesAllocationDecider$$Lambda/0x00007fcd28715380
10157:             1             16  org.opensearch.cluster.routing.allocation.decider.EnableAllocationDecider$$Lambda/0x00007fcd286408f8
10158:             1             16  org.opensearch.cluster.routing.allocation.decider.EnableAllocationDecider$$Lambda/0x00007fcd28640b30
10159:             1             16  org.opensearch.cluster.routing.allocation.decider.EnableAllocationDecider$$Lambda/0x00007fcd28641198
10160:             1             16  org.opensearch.cluster.routing.allocation.decider.EnableAllocationDecider$$Lambda/0x00007fcd286413d0
10161:             1             16  org.opensearch.cluster.routing.allocation.decider.EnableAllocationDecider$$Lambda/0x00007fcd287155b0
10162:             1             16  org.opensearch.cluster.routing.allocation.decider.EnableAllocationDecider$$Lambda/0x00007fcd287157e0
10163:             1             16  org.opensearch.cluster.routing.allocation.decider.FilterAllocationDecider$$Lambda/0x00007fcd286cb630
10164:             1             16  org.opensearch.cluster.routing.allocation.decider.FilterAllocationDecider$$Lambda/0x00007fcd286cbab8
10165:             1             16  org.opensearch.cluster.routing.allocation.decider.FilterAllocationDecider$$Lambda/0x00007fcd286cbf40
10166:             1             16  org.opensearch.cluster.routing.allocation.decider.FilterAllocationDecider$$Lambda/0x00007fcd28716278
10167:             1             16  org.opensearch.cluster.routing.allocation.decider.FilterAllocationDecider$$Lambda/0x00007fcd287164a8
10168:             1             16  org.opensearch.cluster.routing.allocation.decider.FilterAllocationDecider$$Lambda/0x00007fcd28716948
10169:             1             16  org.opensearch.cluster.routing.allocation.decider.FilterAllocationDecider$$Lambda/0x00007fcd28716b78
10170:             1             16  org.opensearch.cluster.routing.allocation.decider.FilterAllocationDecider$$Lambda/0x00007fcd28716da0
10171:             1             16  org.opensearch.cluster.routing.allocation.decider.FilterAllocationDecider$$Lambda/0x00007fcd28716fd0
10172:             1             16  org.opensearch.cluster.routing.allocation.decider.FilterAllocationDecider$$Lambda/0x00007fcd287171f8
10173:             1             16  org.opensearch.cluster.routing.allocation.decider.FilterAllocationDecider$$Lambda/0x00007fcd28717428
10174:             1             16  org.opensearch.cluster.routing.allocation.decider.MaxRetryAllocationDecider
10175:             1             16  org.opensearch.cluster.routing.allocation.decider.NodeLoadAwareAllocationDecider$$Lambda/0x00007fcd28710400
10176:             1             16  org.opensearch.cluster.routing.allocation.decider.NodeLoadAwareAllocationDecider$$Lambda/0x00007fcd28718000
10177:             1             16  org.opensearch.cluster.routing.allocation.decider.NodeLoadAwareAllocationDecider$$Lambda/0x00007fcd28718230
10178:             1             16  org.opensearch.cluster.routing.allocation.decider.NodeLoadAwareAllocationDecider$$Lambda/0x00007fcd28718460
10179:             1             16  org.opensearch.cluster.routing.allocation.decider.NodeVersionAllocationDecider
10180:             1             16  org.opensearch.cluster.routing.allocation.decider.RebalanceOnlyWhenActiveAllocationDecider
10181:             1             16  org.opensearch.cluster.routing.allocation.decider.RemoteStoreMigrationAllocationDecider$$Lambda/0x00007fcd28718690
10182:             1             16  org.opensearch.cluster.routing.allocation.decider.RemoteStoreMigrationAllocationDecider$$Lambda/0x00007fcd287188c0
10183:             1             16  org.opensearch.cluster.routing.allocation.decider.ReplicaAfterPrimaryActiveAllocationDecider
10184:             1             16  org.opensearch.cluster.routing.allocation.decider.ResizeAllocationDecider
10185:             1             16  org.opensearch.cluster.routing.allocation.decider.RestoreInProgressAllocationDecider
10186:             1             16  org.opensearch.cluster.routing.allocation.decider.SameShardAllocationDecider
10187:             1             16  org.opensearch.cluster.routing.allocation.decider.SameShardAllocationDecider$$Lambda/0x00007fcd28717658
10188:             1             16  org.opensearch.cluster.routing.allocation.decider.ShardsLimitAllocationDecider$$Lambda/0x00007fcd28710800
10189:             1             16  org.opensearch.cluster.routing.allocation.decider.SnapshotInProgressAllocationDecider
10190:             1             16  org.opensearch.cluster.routing.allocation.decider.TargetPoolAllocationDecider
10191:             1             16  org.opensearch.cluster.routing.allocation.decider.ThrottlingAllocationDecider$$Lambda/0x00007fcd286cf2f8
10192:             1             16  org.opensearch.cluster.routing.allocation.decider.ThrottlingAllocationDecider$$Lambda/0x00007fcd286cf530
10193:             1             16  org.opensearch.cluster.routing.allocation.decider.ThrottlingAllocationDecider$$Lambda/0x00007fcd286cf768
10194:             1             16  org.opensearch.cluster.routing.allocation.decider.ThrottlingAllocationDecider$$Lambda/0x00007fcd28711690
10195:             1             16  org.opensearch.cluster.routing.allocation.decider.ThrottlingAllocationDecider$$Lambda/0x00007fcd287118c0
10196:             1             16  org.opensearch.cluster.routing.allocation.decider.ThrottlingAllocationDecider$$Lambda/0x00007fcd28711af0
10197:             1             16  org.opensearch.cluster.routing.allocation.decider.ThrottlingAllocationDecider$$Lambda/0x00007fcd28711d20
10198:             1             16  org.opensearch.cluster.routing.remote.InternalRemoteRoutingTableService$$Lambda/0x00007fcd28703e48
10199:             1             16  org.opensearch.cluster.routing.remote.InternalRemoteRoutingTableService$$Lambda/0x00007fcd28704960
10200:             1             16  org.opensearch.cluster.service.ClusterApplierService$$Lambda/0x00007fcd2870d9b0
10201:             1             16  org.opensearch.cluster.service.ClusterManagerTaskThrottler$$Lambda/0x00007fcd2870cbc0
10202:             1             16  org.opensearch.cluster.service.ClusterManagerTaskThrottler$$Lambda/0x00007fcd2870cdf0
10203:             1             16  org.opensearch.cluster.service.ClusterManagerTaskThrottler$$Lambda/0x00007fcd2870d298
10204:             1             16  org.opensearch.cluster.service.ClusterManagerTaskThrottler$$Lambda/0x00007fcd2870d4c8
10205:             1             16  org.opensearch.cluster.service.ClusterManagerThrottlingStats
10206:             1             16  org.opensearch.cluster.service.ClusterService$$Lambda/0x00007fcd286d7448
10207:             1             16  org.opensearch.cluster.service.ClusterService$$Lambda/0x00007fcd2870eb30
10208:             1             16  org.opensearch.cluster.service.ClusterService$$Lambda/0x00007fcd2870ed58
10209:             1             16  org.opensearch.cluster.service.MasterService$$Lambda/0x00007fcd2870c4c8
10210:             1             16  org.opensearch.cluster.service.MasterService$$Lambda/0x00007fcd2870c9a0
10211:             1             16  org.opensearch.common.RandomBasedUUIDGenerator
10212:             1             16  org.opensearch.common.bytes.ReleasableBytesReference$$Lambda/0x00007fcd29134570
10213:             1             16  org.opensearch.common.cache.Cache$$Lambda/0x00007fcd28627cc0
10214:             1             16  org.opensearch.common.cache.Cache$$Lambda/0x00007fcd2862c220
10215:             1             16  org.opensearch.common.cache.settings.CacheSettings$$Lambda/0x00007fcd28706a80
10216:             1             16  org.opensearch.common.cache.stats.NoopCacheStatsHolder
10217:             1             16  org.opensearch.common.cache.store.OpenSearchOnHeapCache$OpenSearchOnHeapCacheFactory
10218:             1             16  org.opensearch.common.cache.store.settings.OpenSearchOnHeapCacheSettings$$Lambda/0x00007fcd28706eb8
10219:             1             16  org.opensearch.common.cache.store.settings.OpenSearchOnHeapCacheSettings$$Lambda/0x00007fcd287070f0
10220:             1             16  org.opensearch.common.compress.DeflateCompressor
10221:             1             16  org.opensearch.common.compress.DeflateCompressor$$Lambda/0x00007fcd28530250
10222:             1             16  org.opensearch.common.compress.DeflateCompressor$$Lambda/0x00007fcd28530468
10223:             1             16  org.opensearch.common.compress.DeflateCompressor$$Lambda/0x00007fcd28530a10
10224:             1             16  org.opensearch.common.compress.DeflateCompressor$$Lambda/0x00007fcd28530c28
10225:             1             16  org.opensearch.common.compress.DeflateCompressor$$Lambda/0x00007fcd28530e40
10226:             1             16  org.opensearch.common.geo.GeoShapeType$$Lambda/0x00007fcd28868de8
10227:             1             16  org.opensearch.common.geo.GeoShapeType$$Lambda/0x00007fcd28869000
10228:             1             16  org.opensearch.common.geo.GeoShapeType$$Lambda/0x00007fcd28869218
10229:             1             16  org.opensearch.common.geo.GeoShapeType$$Lambda/0x00007fcd28869430
10230:             1             16  org.opensearch.common.geo.GeoShapeType$$Lambda/0x00007fcd28869648
10231:             1             16  org.opensearch.common.geo.GeoShapeType$$Lambda/0x00007fcd28869860
10232:             1             16  org.opensearch.common.geo.GeoShapeType$$Lambda/0x00007fcd28869e58
10233:             1             16  org.opensearch.common.geo.GeoShapeType$$Lambda/0x00007fcd2886a070
10234:             1             16  org.opensearch.common.geo.GeoShapeType$$Lambda/0x00007fcd2886a5e8
10235:             1             16  org.opensearch.common.geo.builders.ShapeBuilder$IntersectionOrder
10236:             1             16  org.opensearch.common.inject.InjectorImpl$ProviderBindingImpl$1
10237:             1             16  org.opensearch.common.inject.MembersInjectorImpl$$Lambda/0x00007fcd28b8f570
10238:             1             16  org.opensearch.common.inject.Scopes$1
10239:             1             16  org.opensearch.common.inject.Scopes$2
10240:             1             16  org.opensearch.common.inject.State$1
10241:             1             16  org.opensearch.common.inject.internal.Errors$2
10242:             1             16  org.opensearch.common.inject.internal.Errors$3
10243:             1             16  org.opensearch.common.inject.internal.Errors$4
10244:             1             16  org.opensearch.common.inject.internal.Scoping$1
10245:             1             16  org.opensearch.common.inject.internal.Scoping$2
10246:             1             16  org.opensearch.common.inject.internal.Scoping$3
10247:             1             16  org.opensearch.common.inject.internal.Scoping$4
10248:             1             16  org.opensearch.common.inject.internal.SourceProvider
10249:             1             16  org.opensearch.common.inject.matcher.Matchers$Any
10250:             1             16  org.opensearch.common.inject.spi.InjectionPoint$Factory$1
10251:             1             16  org.opensearch.common.inject.spi.InjectionPoint$Factory$2
10252:             1             16  org.opensearch.common.inject.util.Modules$1
10253:             1             16  org.opensearch.common.io.DiskIoBufferPool$$Lambda/0x00007fcd29347a98
10254:             1             16  org.opensearch.common.io.Streams$1
10255:             1             16  org.opensearch.common.io.stream.Streamables$$Lambda/0x00007fcd28cba100
10256:             1             16  org.opensearch.common.io.stream.Streamables$$Lambda/0x00007fcd28cba518
10257:             1             16  org.opensearch.common.io.stream.Streamables$$Lambda/0x00007fcd28cba730
10258:             1             16  org.opensearch.common.io.stream.Streamables$$Lambda/0x00007fcd28cba948
10259:             1             16  org.opensearch.common.io.stream.Streamables$$Lambda/0x00007fcd28cbab60
10260:             1             16  org.opensearch.common.joda.Joda$$Lambda/0x00007fcd290bd778
10261:             1             16  org.opensearch.common.joda.Joda$1
10262:             1             16  org.opensearch.common.joda.Joda$2
10263:             1             16  org.opensearch.common.logging.HeaderWarning$$Lambda/0x00007fcd28394000
10264:             1             16  org.opensearch.common.logging.HeaderWarning$$Lambda/0x00007fcd28394248
10265:             1             16  org.opensearch.common.logging.LogConfigurator$$Lambda/0x00007fcd281b67a8
10266:             1             16  org.opensearch.common.logging.Loggers$$Lambda/0x00007fcd281b5a30
10267:             1             16  org.opensearch.common.logging.Loggers$$Lambda/0x00007fcd281b5c68
10268:             1             16  org.opensearch.common.logging.Loggers$$Lambda/0x00007fcd281b5ea0
10269:             1             16  org.opensearch.common.logging.NodeAndClusterIdStateListener$$Lambda/0x00007fcd290f3940
10270:             1             16  org.opensearch.common.lucene.search.Queries$$Lambda/0x00007fcd29349460
10271:             1             16  org.opensearch.common.network.NetworkModule$$Lambda/0x00007fcd2845f920
10272:             1             16  org.opensearch.common.network.NetworkModule$$Lambda/0x00007fcd2845fb38
10273:             1             16  org.opensearch.common.network.NetworkModule$$Lambda/0x00007fcd28482800
10274:             1             16  org.opensearch.common.network.NetworkModule$$Lambda/0x00007fcd28483db8
10275:             1             16  org.opensearch.common.network.NetworkModule$$Lambda/0x00007fcd28484940
10276:             1             16  org.opensearch.common.network.NetworkModule$$Lambda/0x00007fcd28484b58
10277:             1             16  org.opensearch.common.network.NetworkModule$$Lambda/0x00007fcd28485770
10278:             1             16  org.opensearch.common.network.NetworkModule$$Lambda/0x00007fcd28485988
10279:             1             16  org.opensearch.common.network.NetworkModule$$Lambda/0x00007fcd2848c7e0
10280:             1             16  org.opensearch.common.network.NetworkModule$$Lambda/0x00007fcd2848c9f8
10281:             1             16  org.opensearch.common.network.NetworkModule$$Lambda/0x00007fcd2848d0c8
10282:             1             16  org.opensearch.common.network.NetworkModule$$Lambda/0x00007fcd2848d5a8
10283:             1             16  org.opensearch.common.network.NetworkModule$$Lambda/0x00007fcd2848da80
10284:             1             16  org.opensearch.common.network.NetworkModule$$Lambda/0x00007fcd28c9f2d8
10285:             1             16  org.opensearch.common.network.NetworkModule$$Lambda/0x00007fcd28c9f718
10286:             1             16  org.opensearch.common.network.NetworkModule$$Lambda/0x00007fcd28c9fb90
10287:             1             16  org.opensearch.common.network.NetworkModule$$Lambda/0x00007fcd28ca0000
10288:             1             16  org.opensearch.common.network.NetworkModule$CompositeTransportInterceptor
10289:             1             16  org.opensearch.common.network.NetworkService
10290:             1             16  org.opensearch.common.settings.AbstractScopedSettings$$Lambda/0x00007fcd28646678
10291:             1             16  org.opensearch.common.settings.AbstractScopedSettings$$Lambda/0x00007fcd2864bfd0
10292:             1             16  org.opensearch.common.settings.AbstractScopedSettings$$Lambda/0x00007fcd2864e0b8
10293:             1             16  org.opensearch.common.settings.AbstractScopedSettings$$Lambda/0x00007fcd28872480
10294:             1             16  org.opensearch.common.settings.AbstractScopedSettings$$Lambda/0x00007fcd288726a8
10295:             1             16  org.opensearch.common.settings.AbstractScopedSettings$$Lambda/0x00007fcd288728d0
10296:             1             16  org.opensearch.common.settings.AbstractScopedSettings$$Lambda/0x00007fcd28872af8
10297:             1             16  org.opensearch.common.settings.AbstractScopedSettings$$Lambda/0x00007fcd28cdf9c8
10298:             1             16  org.opensearch.common.settings.AbstractScopedSettings$$Lambda/0x00007fcd28cdfbf0
10299:             1             16  org.opensearch.common.settings.AbstractScopedSettings$SettingUpdater$$Lambda/0x00007fcd291b2ab8
10300:             1             16  org.opensearch.common.settings.ClusterSettings$LoggingSettingUpdater$$Lambda/0x00007fcd28707cb0
10301:             1             16  org.opensearch.common.settings.IndexScopedSettings$$Lambda/0x00007fcd286372a8
10302:             1             16  org.opensearch.common.settings.IndexScopedSettings$$Lambda/0x00007fcd286374f0
10303:             1             16  org.opensearch.common.settings.IndexScopedSettings$$Lambda/0x00007fcd28646258
10304:             1             16  org.opensearch.common.settings.SecureSetting$InsecureStringSetting$$Lambda/0x00007fcd285344b0
10305:             1             16  org.opensearch.common.settings.Setting$$Lambda/0x00007fcd2802af28
10306:             1             16  org.opensearch.common.settings.Setting$$Lambda/0x00007fcd2802b580
10307:             1             16  org.opensearch.common.settings.Setting$$Lambda/0x00007fcd2802ba08
10308:             1             16  org.opensearch.common.settings.Setting$$Lambda/0x00007fcd2802c778
10309:             1             16  org.opensearch.common.settings.Setting$$Lambda/0x00007fcd280bf770
10310:             1             16  org.opensearch.common.settings.Setting$$Lambda/0x00007fcd280c3800
10311:             1             16  org.opensearch.common.settings.Setting$$Lambda/0x00007fcd280c8b18
10312:             1             16  org.opensearch.common.settings.Setting$$Lambda/0x00007fcd280ca5d8
10313:             1             16  org.opensearch.common.settings.Setting$$Lambda/0x00007fcd280ca818
10314:             1             16  org.opensearch.common.settings.Setting$$Lambda/0x00007fcd280cac80
10315:             1             16  org.opensearch.common.settings.Setting$$Lambda/0x00007fcd28216c58
10316:             1             16  org.opensearch.common.settings.Setting$$Lambda/0x00007fcd28396a08
10317:             1             16  org.opensearch.common.settings.Setting$$Lambda/0x00007fcd2848e0d0
10318:             1             16  org.opensearch.common.settings.Setting$$Lambda/0x00007fcd2854dad0
10319:             1             16  org.opensearch.common.settings.Setting$$Lambda/0x00007fcd2854dd18
10320:             1             16  org.opensearch.common.settings.Setting$$Lambda/0x00007fcd2854e3e8
10321:             1             16  org.opensearch.common.settings.Setting$$Lambda/0x00007fcd2862e990
10322:             1             16  org.opensearch.common.settings.Setting$$Lambda/0x00007fcd2862f6a8
10323:             1             16  org.opensearch.common.settings.Setting$$Lambda/0x00007fcd2862f8e8
10324:             1             16  org.opensearch.common.settings.Setting$$Lambda/0x00007fcd2864e2e0
10325:             1             16  org.opensearch.common.settings.Setting$$Lambda/0x00007fcd286e5068
10326:             1             16  org.opensearch.common.settings.Setting$$Lambda/0x00007fcd28708cc0
10327:             1             16  org.opensearch.common.settings.Setting$GroupSetting$$Lambda/0x00007fcd280c3c50
10328:             1             16  org.opensearch.common.settings.Setting$GroupSetting$$Lambda/0x00007fcd280c8000
10329:             1             16  org.opensearch.common.settings.Settings$$Lambda/0x00007fcd281e9010
10330:             1             16  org.opensearch.common.settings.Settings$Builder$$Lambda/0x00007fcd28028ca0
10331:             1             16  org.opensearch.common.settings.SettingsModule$$Lambda/0x00007fcd28707610
10332:             1             16  org.opensearch.common.ssl.DefaultJdkTrustConfig$$Lambda/0x00007fcd288fe8c0
10333:             1             16  org.opensearch.common.ssl.EmptyKeyConfig
10334:             1             16  org.opensearch.common.ssl.SslConfigurationLoader$$Lambda/0x00007fcd288fd440
10335:             1             16  org.opensearch.common.ssl.SslConfigurationLoader$$Lambda/0x00007fcd288fd678
10336:             1             16  org.opensearch.common.ssl.TrustEverythingConfig
10337:             1             16  org.opensearch.common.ssl.TrustEverythingConfig$1
10338:             1             16  org.opensearch.common.time.DateFormatter$$Lambda/0x00007fcd2808c708
10339:             1             16  org.opensearch.common.time.DateFormatters$$Lambda/0x00007fcd2808cd40
10340:             1             16  org.opensearch.common.time.DateFormatters$1
10341:             1             16  org.opensearch.common.time.EpochTime$$Lambda/0x00007fcd286186c8
10342:             1             16  org.opensearch.common.time.EpochTime$$Lambda/0x00007fcd286188f0
10343:             1             16  org.opensearch.common.time.FormatNames$$Lambda/0x00007fcd2808fa90
10344:             1             16  org.opensearch.common.time.IsoCalendarDataProvider
10345:             1             16  org.opensearch.common.time.JavaDateFormatter$$Lambda/0x00007fcd2808dba8
10346:             1             16  org.opensearch.common.time.JavaDateFormatter$$Lambda/0x00007fcd2808e080
10347:             1             16  org.opensearch.common.time.JavaDateFormatter$$Lambda/0x00007fcd2808e698
10348:             1             16  org.opensearch.common.time.JavaDateFormatter$$Lambda/0x00007fcd2808e8b0
10349:             1             16  org.opensearch.common.time.JavaDateFormatter$$Lambda/0x00007fcd2808eae8
10350:             1             16  org.opensearch.common.time.JavaDateFormatter$$Lambda/0x00007fcd2808ef50
10351:             1             16  org.opensearch.common.transport.PortsRange
10352:             1             16  org.opensearch.common.transport.PortsRange$$Lambda/0x00007fcd281dea38
10353:             1             16  org.opensearch.common.util.LazyInitializable$$Lambda/0x00007fcd2808cf58
10354:             1             16  org.opensearch.common.util.LazyInitializable$$Lambda/0x00007fcd2808d180
10355:             1             16  org.opensearch.common.util.PageCacheRecycler$$Lambda/0x00007fcd286ec2c0
10356:             1             16  org.opensearch.common.util.concurrent.OpenSearchExecutors$$Lambda/0x00007fcd2828a0f0
10357:             1             16  org.opensearch.common.util.concurrent.OpenSearchExecutors$DirectExecutorService
10358:             1             16  org.opensearch.common.util.concurrent.PrioritizedRunnable$$Lambda/0x00007fcd290f4940
10359:             1             16  org.opensearch.common.util.concurrent.ThreadContext$$Lambda/0x00007fcd28536f88
10360:             1             16  org.opensearch.common.util.concurrent.ThreadContext$$Lambda/0x00007fcd29131000
10361:             1             16  org.opensearch.common.util.concurrent.ThreadContext$$Lambda/0x00007fcd29131c90
10362:             1             16  org.opensearch.common.util.concurrent.ThreadContext$$Lambda/0x00007fcd291368d0
10363:             1             16  org.opensearch.common.util.concurrent.ThreadContext$$Lambda/0x00007fcd29137348
10364:             1             16  org.opensearch.common.util.concurrent.ThreadContext$$Lambda/0x00007fcd293dbb38
10365:             1             16  org.opensearch.common.util.concurrent.ThreadContext$$Lambda/0x00007fcd293dbd70
10366:             1             16  org.opensearch.common.util.concurrent.ThreadContext$$Lambda/0x00007fcd293dbfa8
10367:             1             16  org.opensearch.common.util.concurrent.ThreadContext$LinkedHashSetCollector
10368:             1             16  org.opensearch.common.util.concurrent.ThreadContext$ThreadContextStruct$$Lambda/0x00007fcd2911c230
10369:             1             16  org.opensearch.common.util.concurrent.ThreadContext$ThreadContextStruct$$Lambda/0x00007fcd2911cec0
10370:             1             16  org.opensearch.common.util.io.Streams$$Lambda/0x00007fcd28a33848
10371:             1             16  org.opensearch.common.util.iterable.Iterables$FlattenedIterables$$Lambda/0x00007fcd290dd3d0
10372:             1             16  org.opensearch.common.xcontent.LoggingDeprecationHandler
10373:             1             16  org.opensearch.common.xcontent.XContentOpenSearchExtension$$Lambda/0x00007fcd28090878
10374:             1             16  org.opensearch.common.xcontent.XContentOpenSearchExtension$$Lambda/0x00007fcd28090a90
10375:             1             16  org.opensearch.common.xcontent.XContentOpenSearchExtension$$Lambda/0x00007fcd28090f48
10376:             1             16  org.opensearch.common.xcontent.XContentOpenSearchExtension$$Lambda/0x00007fcd28091160
10377:             1             16  org.opensearch.common.xcontent.XContentOpenSearchExtension$$Lambda/0x00007fcd28092ef8
10378:             1             16  org.opensearch.common.xcontent.XContentOpenSearchExtension$$Lambda/0x00007fcd28093610
10379:             1             16  org.opensearch.common.xcontent.XContentOpenSearchExtension$$Lambda/0x00007fcd28093b48
10380:             1             16  org.opensearch.common.xcontent.XContentOpenSearchExtension$$Lambda/0x00007fcd28093d60
10381:             1             16  org.opensearch.common.xcontent.XContentOpenSearchExtension$$Lambda/0x00007fcd28093f78
10382:             1             16  org.opensearch.common.xcontent.XContentOpenSearchExtension$$Lambda/0x00007fcd28094190
10383:             1             16  org.opensearch.common.xcontent.XContentOpenSearchExtension$$Lambda/0x00007fcd280943a8
10384:             1             16  org.opensearch.common.xcontent.XContentOpenSearchExtension$$Lambda/0x00007fcd280945c0
10385:             1             16  org.opensearch.common.xcontent.XContentOpenSearchExtension$$Lambda/0x00007fcd280947d8
10386:             1             16  org.opensearch.common.xcontent.XContentOpenSearchExtension$$Lambda/0x00007fcd280949f0
10387:             1             16  org.opensearch.common.xcontent.XContentOpenSearchExtension$$Lambda/0x00007fcd28094c08
10388:             1             16  org.opensearch.common.xcontent.XContentOpenSearchExtension$$Lambda/0x00007fcd28094e20
10389:             1             16  org.opensearch.common.xcontent.XContentOpenSearchExtension$$Lambda/0x00007fcd28095038
10390:             1             16  org.opensearch.common.xcontent.XContentOpenSearchExtension$$Lambda/0x00007fcd28095250
10391:             1             16  org.opensearch.common.xcontent.XContentOpenSearchExtension$$Lambda/0x00007fcd28095468
10392:             1             16  org.opensearch.common.xcontent.XContentOpenSearchExtension$$Lambda/0x00007fcd28095680
10393:             1             16  org.opensearch.common.xcontent.XContentOpenSearchExtension$$Lambda/0x00007fcd28095fe8
10394:             1             16  org.opensearch.common.xcontent.XContentOpenSearchExtension$$Lambda/0x00007fcd280963f8
10395:             1             16  org.opensearch.common.xcontent.XContentOpenSearchExtension$$Lambda/0x00007fcd28096830
10396:             1             16  org.opensearch.common.xcontent.XContentOpenSearchExtension$$Lambda/0x00007fcd28096c40
10397:             1             16  org.opensearch.common.xcontent.XContentOpenSearchExtension$$Lambda/0x00007fcd28097170
10398:             1             16  org.opensearch.common.xcontent.XContentOpenSearchExtension$$Lambda/0x00007fcd28097388
10399:             1             16  org.opensearch.common.xcontent.XContentOpenSearchExtension$$Lambda/0x00007fcd280975c0
10400:             1             16  org.opensearch.common.xcontent.XContentOpenSearchExtension$$Lambda/0x00007fcd280977f8
10401:             1             16  org.opensearch.common.xcontent.XContentOpenSearchExtension$$Lambda/0x00007fcd28097a30
10402:             1             16  org.opensearch.common.xcontent.XContentOpenSearchExtension$$Lambda/0x00007fcd28097c68
10403:             1             16  org.opensearch.common.xcontent.XContentOpenSearchExtension$$Lambda/0x00007fcd2809c000
10404:             1             16  org.opensearch.common.xcontent.XContentOpenSearchExtension$$Lambda/0x00007fcd2809c238
10405:             1             16  org.opensearch.common.xcontent.XContentOpenSearchExtension$$Lambda/0x00007fcd2809c7d8
10406:             1             16  org.opensearch.common.xcontent.XContentOpenSearchExtension$$Lambda/0x00007fcd2809ca10
10407:             1             16  org.opensearch.common.xcontent.XContentOpenSearchExtension$$Lambda/0x00007fcd2809cc48
10408:             1             16  org.opensearch.common.xcontent.XContentOpenSearchExtension$$Lambda/0x00007fcd2809ce80
10409:             1             16  org.opensearch.common.xcontent.XContentOpenSearchExtension$$Lambda/0x00007fcd2809d0b8
10410:             1             16  org.opensearch.common.xcontent.XContentOpenSearchExtension$$Lambda/0x00007fcd2809d2f0
10411:             1             16  org.opensearch.common.xcontent.XContentOpenSearchExtension$$Lambda/0x00007fcd2809d528
10412:             1             16  org.opensearch.common.xcontent.XContentOpenSearchExtension$$Lambda/0x00007fcd2809d760
10413:             1             16  org.opensearch.common.xcontent.XContentOpenSearchExtension$$Lambda/0x00007fcd2809d998
10414:             1             16  org.opensearch.common.xcontent.json.JsonXContent
10415:             1             16  org.opensearch.common.xcontent.smile.SmileXContent
10416:             1             16  org.opensearch.common.xcontent.yaml.YamlXContent
10417:             1             16  org.opensearch.commons.alerting.action.AlertingActions
10418:             1             16  org.opensearch.commons.alerting.action.AlertingActions
10419:             1             16  org.opensearch.commons.alerting.action.AlertingActions$$Lambda/0x00007fcd28a99f28
10420:             1             16  org.opensearch.commons.alerting.action.AlertingActions$$Lambda/0x00007fcd28a9a3d8
10421:             1             16  org.opensearch.commons.alerting.action.AlertingActions$$Lambda/0x00007fcd28a9a880
10422:             1             16  org.opensearch.commons.alerting.action.AlertingActions$$Lambda/0x00007fcd28a9ad28
10423:             1             16  org.opensearch.commons.alerting.action.AlertingActions$$Lambda/0x00007fcd28a9b1d8
10424:             1             16  org.opensearch.commons.alerting.action.AlertingActions$$Lambda/0x00007fcd28a9b688
10425:             1             16  org.opensearch.commons.alerting.action.AlertingActions$$Lambda/0x00007fcd28a9bb38
10426:             1             16  org.opensearch.commons.alerting.action.AlertingActions$$Lambda/0x00007fcd28c2c000
10427:             1             16  org.opensearch.commons.alerting.action.AlertingActions$$Lambda/0x00007fcd28c2c4a8
10428:             1             16  org.opensearch.commons.alerting.action.AlertingActions$$Lambda/0x00007fcd28c2c950
10429:             1             16  org.opensearch.commons.alerting.action.AlertingActions$$Lambda/0x00007fcd28c2cb68
10430:             1             16  org.opensearch.commons.alerting.action.AlertingActions$$Lambda/0x00007fcd28c2d018
10431:             1             16  org.opensearch.commons.alerting.action.AlertingActions$$Lambda/0x00007fcd28c2d230
10432:             1             16  org.opensearch.commons.alerting.action.AlertingActions$$Lambda/0x00007fcd28c2d6e0
10433:             1             16  org.opensearch.commons.alerting.action.AlertingActions$$Lambda/0x00007fcd28c2d8f8
10434:             1             16  org.opensearch.commons.alerting.action.AlertingActions$$Lambda/0x00007fcd28c2dda0
10435:             1             16  org.opensearch.commons.alerting.action.AlertingActions$$Lambda/0x00007fcd28c738f8
10436:             1             16  org.opensearch.commons.alerting.action.AlertingActions$$Lambda/0x00007fcd28c73da8
10437:             1             16  org.opensearch.commons.alerting.action.AlertingActions$$Lambda/0x00007fcd28c74250
10438:             1             16  org.opensearch.commons.alerting.action.AlertingActions$$Lambda/0x00007fcd28c746f8
10439:             1             16  org.opensearch.commons.alerting.action.AlertingActions$$Lambda/0x00007fcd28c74ba8
10440:             1             16  org.opensearch.commons.alerting.action.AlertingActions$$Lambda/0x00007fcd28c75058
10441:             1             16  org.opensearch.commons.alerting.action.AlertingActions$$Lambda/0x00007fcd28c75508
10442:             1             16  org.opensearch.commons.alerting.action.AlertingActions$$Lambda/0x00007fcd28c759b0
10443:             1             16  org.opensearch.commons.alerting.action.AlertingActions$$Lambda/0x00007fcd28c75e58
10444:             1             16  org.opensearch.commons.alerting.action.AlertingActions$$Lambda/0x00007fcd28c76300
10445:             1             16  org.opensearch.commons.alerting.action.AlertingActions$$Lambda/0x00007fcd28c76518
10446:             1             16  org.opensearch.commons.alerting.action.AlertingActions$$Lambda/0x00007fcd28c769c8
10447:             1             16  org.opensearch.commons.alerting.action.AlertingActions$$Lambda/0x00007fcd28c76be0
10448:             1             16  org.opensearch.commons.alerting.action.AlertingActions$$Lambda/0x00007fcd28c77090
10449:             1             16  org.opensearch.commons.alerting.action.AlertingActions$$Lambda/0x00007fcd28c772a8
10450:             1             16  org.opensearch.commons.alerting.action.AlertingActions$$Lambda/0x00007fcd28c77750
10451:             1             16  org.opensearch.commons.alerting.aggregation.bucketselectorext.BucketSelectorExtAggregationBuilder$Companion
10452:             1             16  org.opensearch.commons.alerting.model.Alert$Companion
10453:             1             16  org.opensearch.commons.alerting.model.BucketLevelTrigger$$Lambda/0x00007fcd288a08e8
10454:             1             16  org.opensearch.commons.alerting.model.BucketLevelTrigger$Companion
10455:             1             16  org.opensearch.commons.alerting.model.ChainedAlertTrigger$$Lambda/0x00007fcd288a1d80
10456:             1             16  org.opensearch.commons.alerting.model.ChainedAlertTrigger$Companion
10457:             1             16  org.opensearch.commons.alerting.model.ClusterMetricsInput$$Lambda/0x00007fcd288a0fb0
10458:             1             16  org.opensearch.commons.alerting.model.ClusterMetricsInput$Companion
10459:             1             16  org.opensearch.commons.alerting.model.DocLevelMonitorInput$$Lambda/0x00007fcd288a0200
10460:             1             16  org.opensearch.commons.alerting.model.DocLevelMonitorInput$Companion
10461:             1             16  org.opensearch.commons.alerting.model.DocumentLevelTrigger$$Lambda/0x00007fcd288a1698
10462:             1             16  org.opensearch.commons.alerting.model.DocumentLevelTrigger$Companion
10463:             1             16  org.opensearch.commons.alerting.model.Monitor$$Lambda/0x00007fcd2861d200
10464:             1             16  org.opensearch.commons.alerting.model.Monitor$Companion
10465:             1             16  org.opensearch.commons.alerting.model.QueryLevelTrigger$$Lambda/0x00007fcd2861dae0
10466:             1             16  org.opensearch.commons.alerting.model.QueryLevelTrigger$Companion
10467:             1             16  org.opensearch.commons.alerting.model.SearchInput$$Lambda/0x00007fcd28623a00
10468:             1             16  org.opensearch.commons.alerting.model.SearchInput$Companion
10469:             1             16  org.opensearch.commons.alerting.model.Workflow$$Lambda/0x00007fcd288a2490
10470:             1             16  org.opensearch.commons.alerting.model.Workflow$Companion
10471:             1             16  org.opensearch.commons.notifications.action.NotificationsActions
10472:             1             16  org.opensearch.commons.notifications.action.NotificationsActions$$Lambda/0x00007fcd28c88720
10473:             1             16  org.opensearch.commons.notifications.action.NotificationsActions$$Lambda/0x00007fcd28c88bc8
10474:             1             16  org.opensearch.commons.notifications.action.NotificationsActions$$Lambda/0x00007fcd28c89070
10475:             1             16  org.opensearch.commons.notifications.action.NotificationsActions$$Lambda/0x00007fcd28c89518
10476:             1             16  org.opensearch.commons.notifications.action.NotificationsActions$$Lambda/0x00007fcd28c899c0
10477:             1             16  org.opensearch.commons.notifications.action.NotificationsActions$$Lambda/0x00007fcd28c89e68
10478:             1             16  org.opensearch.commons.notifications.action.NotificationsActions$$Lambda/0x00007fcd28c8a080
10479:             1             16  org.opensearch.commons.notifications.action.NotificationsActions$$Lambda/0x00007fcd28c8a528
10480:             1             16  org.opensearch.compress.ZstdCompressor
10481:             1             16  org.opensearch.core.ParseField$$Lambda/0x00007fcd2908fa58
10482:             1             16  org.opensearch.core.common.Strings$$Lambda/0x00007fcd29093f68
10483:             1             16  org.opensearch.core.common.io.stream.NamedWriteableRegistry
10484:             1             16  org.opensearch.core.common.io.stream.NamedWriteableRegistry$$Lambda/0x00007fcd2888d340
10485:             1             16  org.opensearch.core.common.io.stream.StreamInput$$Lambda/0x00007fcd28cb5b50
10486:             1             16  org.opensearch.core.common.io.stream.StreamInput$$Lambda/0x00007fcd28cb5d68
10487:             1             16  org.opensearch.core.common.io.stream.StreamInput$$Lambda/0x00007fcd29196100
10488:             1             16  org.opensearch.core.common.io.stream.StreamInput$$Lambda/0x00007fcd2919ab78
10489:             1             16  org.opensearch.core.common.io.stream.StreamInput$$Lambda/0x00007fcd2919d648
10490:             1             16  org.opensearch.core.common.io.stream.StreamInput$$Lambda/0x00007fcd2919dc90
10491:             1             16  org.opensearch.core.common.io.stream.StreamOutput$$Lambda/0x00007fcd28cb17f0
10492:             1             16  org.opensearch.core.common.io.stream.StreamOutput$$Lambda/0x00007fcd28cb1a08
10493:             1             16  org.opensearch.core.common.io.stream.StreamOutput$$Lambda/0x00007fcd28cb1c20
10494:             1             16  org.opensearch.core.common.io.stream.StreamOutput$$Lambda/0x00007fcd28cb1e38
10495:             1             16  org.opensearch.core.common.io.stream.StreamOutput$$Lambda/0x00007fcd28cb2050
10496:             1             16  org.opensearch.core.common.io.stream.StreamOutput$$Lambda/0x00007fcd28cb2268
10497:             1             16  org.opensearch.core.common.io.stream.StreamOutput$$Lambda/0x00007fcd28cb2480
10498:             1             16  org.opensearch.core.common.io.stream.StreamOutput$$Lambda/0x00007fcd28cb2698
10499:             1             16  org.opensearch.core.common.io.stream.StreamOutput$$Lambda/0x00007fcd28cb28b0
10500:             1             16  org.opensearch.core.common.io.stream.StreamOutput$$Lambda/0x00007fcd28cb2ac8
10501:             1             16  org.opensearch.core.common.io.stream.StreamOutput$$Lambda/0x00007fcd28cb2ce0
10502:             1             16  org.opensearch.core.common.io.stream.StreamOutput$$Lambda/0x00007fcd28cb2ef8
10503:             1             16  org.opensearch.core.common.io.stream.StreamOutput$$Lambda/0x00007fcd28cb3110
10504:             1             16  org.opensearch.core.common.io.stream.StreamOutput$$Lambda/0x00007fcd28cb3328
10505:             1             16  org.opensearch.core.common.io.stream.StreamOutput$$Lambda/0x00007fcd28cb37a8
10506:             1             16  org.opensearch.core.common.io.stream.StreamOutput$$Lambda/0x00007fcd28cb39c0
10507:             1             16  org.opensearch.core.common.io.stream.StreamOutput$$Lambda/0x00007fcd28cb3bd8
10508:             1             16  org.opensearch.core.common.io.stream.StreamOutput$$Lambda/0x00007fcd28cb6000
10509:             1             16  org.opensearch.core.common.io.stream.StreamOutput$$Lambda/0x00007fcd28cb6218
10510:             1             16  org.opensearch.core.common.io.stream.StreamOutput$$Lambda/0x00007fcd28cb6430
10511:             1             16  org.opensearch.core.common.io.stream.StreamOutput$$Lambda/0x00007fcd28cb6648
10512:             1             16  org.opensearch.core.common.io.stream.StreamOutput$$Lambda/0x00007fcd28cb6860
10513:             1             16  org.opensearch.core.common.io.stream.StreamOutput$$Lambda/0x00007fcd28cb6a78
10514:             1             16  org.opensearch.core.common.io.stream.StreamOutput$$Lambda/0x00007fcd28cb6c90
10515:             1             16  org.opensearch.core.common.io.stream.StreamOutput$$Lambda/0x00007fcd28cb6ea8
10516:             1             16  org.opensearch.core.common.io.stream.StreamOutput$$Lambda/0x00007fcd29195ab8
10517:             1             16  org.opensearch.core.common.io.stream.StreamOutput$$Lambda/0x00007fcd291a5a40
10518:             1             16  org.opensearch.core.common.io.stream.StreamOutput$$Lambda/0x00007fcd291bf888
10519:             1             16  org.opensearch.core.common.io.stream.StreamOutput$$Lambda/0x00007fcd293ba218
10520:             1             16  org.opensearch.core.compress.CompressorRegistry$$Lambda/0x00007fcd2892ca50
10521:             1             16  org.opensearch.core.compress.CompressorRegistry$$Lambda/0x00007fcd2892cc88
10522:             1             16  org.opensearch.core.compress.CompressorRegistry$$Lambda/0x00007fcd2892cec0
10523:             1             16  org.opensearch.core.compress.NoneCompressor
10524:             1             16  org.opensearch.core.index.Index$$Lambda/0x00007fcd28630828
10525:             1             16  org.opensearch.core.index.Index$$Lambda/0x00007fcd28630a40
10526:             1             16  org.opensearch.core.index.Index$$Lambda/0x00007fcd28630c68
10527:             1             16  org.opensearch.core.tasks.resourcetracker.TaskResourceInfo$$Lambda/0x00007fcd293db900
10528:             1             16  org.opensearch.core.tasks.resourcetracker.TaskResourceUsage$$Lambda/0x00007fcd29235aa8
10529:             1             16  org.opensearch.core.transport.TransportResponse$Empty
10530:             1             16  org.opensearch.core.xcontent.AbstractObjectParser$$Lambda/0x00007fcd28486c38
10531:             1             16  org.opensearch.core.xcontent.AbstractObjectParser$$Lambda/0x00007fcd28487cf0
10532:             1             16  org.opensearch.core.xcontent.AbstractObjectParser$$Lambda/0x00007fcd2848c000
10533:             1             16  org.opensearch.core.xcontent.AbstractObjectParser$$Lambda/0x00007fcd284b6ca0
10534:             1             16  org.opensearch.core.xcontent.AbstractObjectParser$$Lambda/0x00007fcd284b74f0
10535:             1             16  org.opensearch.core.xcontent.AbstractObjectParser$$Lambda/0x00007fcd287b7048
10536:             1             16  org.opensearch.core.xcontent.AbstractObjectParser$$Lambda/0x00007fcd287b8a30
10537:             1             16  org.opensearch.core.xcontent.AbstractObjectParser$$Lambda/0x00007fcd2880a938
10538:             1             16  org.opensearch.core.xcontent.AbstractObjectParser$$Lambda/0x00007fcd291dfb60
10539:             1             16  org.opensearch.core.xcontent.AbstractXContentParser$$Lambda/0x00007fcd280a1e88
10540:             1             16  org.opensearch.core.xcontent.AbstractXContentParser$$Lambda/0x00007fcd280a20a0
10541:             1             16  org.opensearch.core.xcontent.ConstructingObjectParser$$Lambda/0x00007fcd284b61a8
10542:             1             16  org.opensearch.core.xcontent.ConstructingObjectParser$$Lambda/0x00007fcd284b63d0
10543:             1             16  org.opensearch.core.xcontent.ConstructingObjectParser$$Lambda/0x00007fcd290954c0
10544:             1             16  org.opensearch.core.xcontent.DeprecationHandler$1
10545:             1             16  org.opensearch.core.xcontent.DeprecationHandler$2
10546:             1             16  org.opensearch.core.xcontent.MediaTypeRegistry$$Lambda/0x00007fcd2802f2d8
10547:             1             16  org.opensearch.core.xcontent.MediaTypeRegistry$$Lambda/0x00007fcd2802f510
10548:             1             16  org.opensearch.core.xcontent.MediaTypeRegistry$$Lambda/0x00007fcd2802f748
10549:             1             16  org.opensearch.core.xcontent.NamedXContentRegistry$$Lambda/0x00007fcd2888f750
10550:             1             16  org.opensearch.core.xcontent.ObjectParser$$Lambda/0x00007fcd284865c0
10551:             1             16  org.opensearch.core.xcontent.ObjectParser$$Lambda/0x00007fcd287efa30
10552:             1             16  org.opensearch.core.xcontent.ObjectParser$$Lambda/0x00007fcd28d0b7b8
10553:             1             16  org.opensearch.core.xcontent.ObjectParser$$Lambda/0x00007fcd290956e8
10554:             1             16  org.opensearch.core.xcontent.ObjectParser$$Lambda/0x00007fcd29214468
10555:             1             16  org.opensearch.core.xcontent.ObjectParser$$Lambda/0x00007fcd29214688
10556:             1             16  org.opensearch.core.xcontent.ObjectParserHelper$$Lambda/0x00007fcd2924cf50
10557:             1             16  org.opensearch.core.xcontent.ToXContent$1
10558:             1             16  org.opensearch.core.xcontent.XContentBuilder$$Lambda/0x00007fcd28082438
10559:             1             16  org.opensearch.core.xcontent.XContentBuilder$$Lambda/0x00007fcd28082650
10560:             1             16  org.opensearch.core.xcontent.XContentBuilder$$Lambda/0x00007fcd28082868
10561:             1             16  org.opensearch.core.xcontent.XContentBuilder$$Lambda/0x00007fcd28082a80
10562:             1             16  org.opensearch.core.xcontent.XContentBuilder$$Lambda/0x00007fcd28082c98
10563:             1             16  org.opensearch.core.xcontent.XContentBuilder$$Lambda/0x00007fcd28082eb0
10564:             1             16  org.opensearch.core.xcontent.XContentBuilder$$Lambda/0x00007fcd280830c8
10565:             1             16  org.opensearch.core.xcontent.XContentBuilder$$Lambda/0x00007fcd280832e0
10566:             1             16  org.opensearch.core.xcontent.XContentBuilder$$Lambda/0x00007fcd280834f8
10567:             1             16  org.opensearch.core.xcontent.XContentBuilder$$Lambda/0x00007fcd28083710
10568:             1             16  org.opensearch.core.xcontent.XContentBuilder$$Lambda/0x00007fcd28083928
10569:             1             16  org.opensearch.core.xcontent.XContentBuilder$$Lambda/0x00007fcd28083b40
10570:             1             16  org.opensearch.core.xcontent.XContentBuilder$$Lambda/0x00007fcd28083d58
10571:             1             16  org.opensearch.core.xcontent.XContentBuilder$$Lambda/0x00007fcd28086000
10572:             1             16  org.opensearch.core.xcontent.XContentBuilder$$Lambda/0x00007fcd28086218
10573:             1             16  org.opensearch.core.xcontent.XContentBuilder$$Lambda/0x00007fcd28086430
10574:             1             16  org.opensearch.core.xcontent.XContentBuilder$$Lambda/0x00007fcd28086648
10575:             1             16  org.opensearch.core.xcontent.XContentBuilder$$Lambda/0x00007fcd28086860
10576:             1             16  org.opensearch.core.xcontent.XContentBuilder$$Lambda/0x00007fcd28086a78
10577:             1             16  org.opensearch.core.xcontent.XContentBuilder$$Lambda/0x00007fcd28086c90
10578:             1             16  org.opensearch.core.xcontent.XContentBuilder$$Lambda/0x00007fcd28086ea8
10579:             1             16  org.opensearch.core.xcontent.XContentBuilder$$Lambda/0x00007fcd280870c0
10580:             1             16  org.opensearch.core.xcontent.XContentBuilder$$Lambda/0x00007fcd280872d8
10581:             1             16  org.opensearch.core.xcontent.XContentBuilder$$Lambda/0x00007fcd2809dbd0
10582:             1             16  org.opensearch.core.xcontent.XContentBuilder$$Lambda/0x00007fcd2809ddf8
10583:             1             16  org.opensearch.core.xcontent.XContentBuilder$$Lambda/0x00007fcd2809e020
10584:             1             16  org.opensearch.dashboards.OpenSearchDashboardsPlugin
10585:             1             16  org.opensearch.dashboards.OpenSearchDashboardsPlugin$$Lambda/0x00007fcd282385c8
10586:             1             16  org.opensearch.dashboards.OpenSearchDashboardsPlugin$OpenSearchDashboardsWrappedRestHandler$$Lambda/0x00007fcd28fe44b0
10587:             1             16  org.opensearch.discovery.DiscoveryModule$$Lambda/0x00007fcd28cf5540
10588:             1             16  org.opensearch.discovery.DiscoveryModule$$Lambda/0x00007fcd28cf5970
10589:             1             16  org.opensearch.discovery.DiscoveryModule$$Lambda/0x00007fcd28cf5b90
10590:             1             16  org.opensearch.discovery.PeerFinder$$Lambda/0x00007fcd28cf9d00
10591:             1             16  org.opensearch.discovery.PeerFinder$$Lambda/0x00007fcd28cf9f18
10592:             1             16  org.opensearch.discovery.PeerFinder$$Lambda/0x00007fcd290f0000
10593:             1             16  org.opensearch.discovery.PeerFinder$$Lambda/0x00007fcd290f0908
10594:             1             16  org.opensearch.discovery.PeerFinder$$Lambda/0x00007fcd290f0b40
10595:             1             16  org.opensearch.discovery.PeerFinder$Peer$2$$Lambda/0x00007fcd29196318
10596:             1             16  org.opensearch.discovery.PeerFinder$Peer$2$$Lambda/0x00007fcd29196780
10597:             1             16  org.opensearch.discovery.SettingsBasedSeedHostsProvider
10598:             1             16  org.opensearch.env.Environment$$Lambda/0x00007fcd280cb9e0
10599:             1             16  org.opensearch.env.NodeEnvironment$$Lambda/0x00007fcd284a7840
10600:             1             16  org.opensearch.env.NodeEnvironment$$Lambda/0x00007fcd284a7a88
10601:             1             16  org.opensearch.env.NodeEnvironment$$Lambda/0x00007fcd284b0d88
10602:             1             16  org.opensearch.env.NodeEnvironment$$Lambda/0x00007fcd284b0fc0
10603:             1             16  org.opensearch.env.NodeEnvironment$IndexStoreListener$1
10604:             1             16  org.opensearch.env.NodeMetadata$NodeMetadataStateFormat$$Lambda/0x00007fcd2851bfd8
10605:             1             16  org.opensearch.env.NodeMetadata$NodeMetadataStateFormat$$Lambda/0x00007fcd2851c1f0
10606:             1             16  org.opensearch.env.NodeMetadata$NodeMetadataStateFormat$$Lambda/0x00007fcd2851c418
10607:             1             16  org.opensearch.flowframework.FlowFrameworkPlugin
10608:             1             16  org.opensearch.flowframework.common.FlowFrameworkSettings$$Lambda/0x00007fcd283c1ab0
10609:             1             16  org.opensearch.flowframework.common.FlowFrameworkSettings$$Lambda/0x00007fcd283c1ce0
10610:             1             16  org.opensearch.flowframework.common.FlowFrameworkSettings$$Lambda/0x00007fcd28a45000
10611:             1             16  org.opensearch.flowframework.common.FlowFrameworkSettings$$Lambda/0x00007fcd28a45230
10612:             1             16  org.opensearch.flowframework.common.FlowFrameworkSettings$$Lambda/0x00007fcd28a45460
10613:             1             16  org.opensearch.flowframework.indices.FlowFrameworkIndex$$Lambda/0x00007fcd28a4c300
10614:             1             16  org.opensearch.flowframework.indices.FlowFrameworkIndex$$Lambda/0x00007fcd28a4cf68
10615:             1             16  org.opensearch.flowframework.indices.FlowFrameworkIndex$$Lambda/0x00007fcd28a4d180
10616:             1             16  org.opensearch.flowframework.transport.CreateWorkflowAction$$Lambda/0x00007fcd28a50b20
10617:             1             16  org.opensearch.flowframework.transport.CreateWorkflowTransportAction$$Lambda/0x00007fcd28d39710
10618:             1             16  org.opensearch.flowframework.transport.DeleteWorkflowAction$$Lambda/0x00007fcd28a50f58
10619:             1             16  org.opensearch.flowframework.transport.DeleteWorkflowTransportAction$$Lambda/0x00007fcd28d38eb0
10620:             1             16  org.opensearch.flowframework.transport.DeprovisionWorkflowAction$$Lambda/0x00007fcd28a517b8
10621:             1             16  org.opensearch.flowframework.transport.DeprovisionWorkflowTransportAction$$Lambda/0x00007fcd28d38a80
10622:             1             16  org.opensearch.flowframework.transport.GetWorkflowAction$$Lambda/0x00007fcd28a52978
10623:             1             16  org.opensearch.flowframework.transport.GetWorkflowStateAction$$Lambda/0x00007fcd28a522b8
10624:             1             16  org.opensearch.flowframework.transport.GetWorkflowStateTransportAction$$Lambda/0x00007fcd28d390c8
10625:             1             16  org.opensearch.flowframework.transport.GetWorkflowStepAction$$Lambda/0x00007fcd28a53030
10626:             1             16  org.opensearch.flowframework.transport.GetWorkflowStepTransportAction$$Lambda/0x00007fcd28d394f8
10627:             1             16  org.opensearch.flowframework.transport.GetWorkflowTransportAction$$Lambda/0x00007fcd28d39928
10628:             1             16  org.opensearch.flowframework.transport.ProvisionWorkflowAction$$Lambda/0x00007fcd28a51388
10629:             1             16  org.opensearch.flowframework.transport.ProvisionWorkflowTransportAction$$Lambda/0x00007fcd28d38c98
10630:             1             16  org.opensearch.flowframework.transport.SearchWorkflowAction$$Lambda/0x00007fcd28a51be8
10631:             1             16  org.opensearch.flowframework.transport.SearchWorkflowStateAction$$Lambda/0x00007fcd28a53460
10632:             1             16  org.opensearch.flowframework.transport.SearchWorkflowStateTransportAction$$Lambda/0x00007fcd28d38868
10633:             1             16  org.opensearch.flowframework.transport.SearchWorkflowTransportAction$$Lambda/0x00007fcd28d392e0
10634:             1             16  org.opensearch.flowframework.workflow.WorkflowStepFactory
10635:             1             16  org.opensearch.flowframework.workflow.WorkflowStepFactory$$Lambda/0x00007fcd28a4dc98
10636:             1             16  org.opensearch.flowframework.workflow.WorkflowStepFactory$$Lambda/0x00007fcd28a4eb70
10637:             1             16  org.opensearch.flowframework.workflow.WorkflowStepFactory$$Lambda/0x00007fcd28a4efb0
10638:             1             16  org.opensearch.flowframework.workflow.WorkflowStepFactory$$Lambda/0x00007fcd28a4f3f0
10639:             1             16  org.opensearch.flowframework.workflow.WorkflowStepFactory$$Lambda/0x00007fcd28a4fa68
10640:             1             16  org.opensearch.flowframework.workflow.WorkflowStepFactory$$Lambda/0x00007fcd28a50000
10641:             1             16  org.opensearch.forecast.ForecastTaskProfileRunner
10642:             1             16  org.opensearch.forecast.caching.ForecastCacheProvider
10643:             1             16  org.opensearch.forecast.indices.ForecastIndex$$Lambda/0x00007fcd28a3a2d0
10644:             1             16  org.opensearch.forecast.indices.ForecastIndex$$Lambda/0x00007fcd28a3a4e8
10645:             1             16  org.opensearch.forecast.indices.ForecastIndex$$Lambda/0x00007fcd28a3a700
10646:             1             16  org.opensearch.forecast.indices.ForecastIndex$$Lambda/0x00007fcd28a3a918
10647:             1             16  org.opensearch.forecast.indices.ForecastIndex$$Lambda/0x00007fcd28a3ab30
10648:             1             16  org.opensearch.forecast.indices.ForecastIndex$$Lambda/0x00007fcd28a3ad48
10649:             1             16  org.opensearch.forecast.indices.ForecastIndexManagement$$Lambda/0x00007fcd28a3b150
10650:             1             16  org.opensearch.forecast.indices.ForecastIndexManagement$$Lambda/0x00007fcd28a3b368
10651:             1             16  org.opensearch.forecast.indices.ForecastIndexManagement$$Lambda/0x00007fcd28a3b598
10652:             1             16  org.opensearch.forecast.indices.ForecastIndexManagement$$Lambda/0x00007fcd28a3b7c8
10653:             1             16  org.opensearch.forecast.indices.ForecastIndexManagement$$Lambda/0x00007fcd28a3b9f8
10654:             1             16  org.opensearch.forecast.model.Forecaster$$Lambda/0x00007fcd2889c698
10655:             1             16  org.opensearch.forecast.ratelimit.ForecastCheckpointMaintainWorker$$Lambda/0x00007fcd28a3ce80
10656:             1             16  org.opensearch.forecast.ratelimit.ForecastCheckpointMaintainWorker$$Lambda/0x00007fcd28a3d0b0
10657:             1             16  org.opensearch.forecast.ratelimit.ForecastResultWriteWorker$$Lambda/0x00007fcd28a3f4d8
10658:             1             16  org.opensearch.forecast.rest.AbstractForecastSearchAction$$Lambda/0x00007fcd29013dc0
10659:             1             16  org.opensearch.forecast.rest.RestForecasterSuggestAction$$Lambda/0x00007fcd29015330
10660:             1             16  org.opensearch.forecast.stats.ForecastModelsOnNodeSupplier$$Lambda/0x00007fcd28a40000
10661:             1             16  org.opensearch.forecast.stats.ForecastStats
10662:             1             16  org.opensearch.forecast.stats.suppliers.ForecastModelsOnNodeCountSupplier
10663:             1             16  org.opensearch.forecast.transport.DeleteForecastModelAction$$Lambda/0x00007fcd28c257b0
10664:             1             16  org.opensearch.forecast.transport.DeleteForecasterAction$$Lambda/0x00007fcd28c26398
10665:             1             16  org.opensearch.forecast.transport.EntityForecastResultAction$$Lambda/0x00007fcd28c244a8
10666:             1             16  org.opensearch.forecast.transport.EntityForecastResultTransportAction$$Lambda/0x00007fcd28f1f998
10667:             1             16  org.opensearch.forecast.transport.ForecastEntityProfileAction$$Lambda/0x00007fcd28c276f0
10668:             1             16  org.opensearch.forecast.transport.ForecastProfileAction$$Lambda/0x00007fcd28a41460
10669:             1             16  org.opensearch.forecast.transport.ForecastResultAction$$Lambda/0x00007fcd28a41c58
10670:             1             16  org.opensearch.forecast.transport.ForecastResultBulkAction$$Lambda/0x00007fcd28c248d8
10671:             1             16  org.opensearch.forecast.transport.ForecastResultBulkTransportAction$$Lambda/0x00007fcd28e3c448
10672:             1             16  org.opensearch.forecast.transport.ForecastResultBulkTransportAction$$Lambda/0x00007fcd28e3c660
10673:             1             16  org.opensearch.forecast.transport.ForecastResultBulkTransportAction$$Lambda/0x00007fcd28e3c890
10674:             1             16  org.opensearch.forecast.transport.ForecastResultTransportAction$$Lambda/0x00007fcd28f77460
10675:             1             16  org.opensearch.forecast.transport.ForecastRunOnceAction$$Lambda/0x00007fcd28c28b08
10676:             1             16  org.opensearch.forecast.transport.ForecastRunOnceProfileAction$$Lambda/0x00007fcd28c29200
10677:             1             16  org.opensearch.forecast.transport.ForecastRunOnceProfileTransportAction$$Lambda/0x00007fcd28f1f568
10678:             1             16  org.opensearch.forecast.transport.ForecastRunOnceProfileTransportAction$$Lambda/0x00007fcd28f1f780
10679:             1             16  org.opensearch.forecast.transport.ForecastRunOnceTransportAction$$Lambda/0x00007fcd28f1fbb0
10680:             1             16  org.opensearch.forecast.transport.ForecastRunOnceTransportAction$$Lambda/0x00007fcd28f1fdc8
10681:             1             16  org.opensearch.forecast.transport.ForecastRunOnceTransportAction$$Lambda/0x00007fcd28f77000
10682:             1             16  org.opensearch.forecast.transport.ForecastRunOnceTransportAction$$Lambda/0x00007fcd28f77230
10683:             1             16  org.opensearch.forecast.transport.ForecastSingleStreamResultAction$$Lambda/0x00007fcd28c24d28
10684:             1             16  org.opensearch.forecast.transport.ForecastStatsNodesAction$$Lambda/0x00007fcd28c28670
10685:             1             16  org.opensearch.forecast.transport.ForecasterJobAction$$Lambda/0x00007fcd28c25170
10686:             1             16  org.opensearch.forecast.transport.GetForecasterAction$$Lambda/0x00007fcd28c25f00
10687:             1             16  org.opensearch.forecast.transport.IndexForecasterAction$$Lambda/0x00007fcd28c23e58
10688:             1             16  org.opensearch.forecast.transport.IndexForecasterTransportAction$$Lambda/0x00007fcd28f1d180
10689:             1             16  org.opensearch.forecast.transport.IndexForecasterTransportAction$$Lambda/0x00007fcd28f1d398
10690:             1             16  org.opensearch.forecast.transport.SearchForecastTasksAction$$Lambda/0x00007fcd28c27da0
10691:             1             16  org.opensearch.forecast.transport.SearchForecastTasksTransportAction$$Lambda/0x00007fcd28f1d5c8
10692:             1             16  org.opensearch.forecast.transport.SearchForecasterAction$$Lambda/0x00007fcd28c267c8
10693:             1             16  org.opensearch.forecast.transport.SearchForecasterInfoAction$$Lambda/0x00007fcd28c26bf8
10694:             1             16  org.opensearch.forecast.transport.SearchForecasterTransportAction$$Lambda/0x00007fcd28d9df88
10695:             1             16  org.opensearch.forecast.transport.SearchTopForecastResultAction$$Lambda/0x00007fcd28c272b8
10696:             1             16  org.opensearch.forecast.transport.SearchTopForecastResultTransportAction$$Lambda/0x00007fcd28f1dea0
10697:             1             16  org.opensearch.forecast.transport.StatsForecasterAction$$Lambda/0x00007fcd28c28218
10698:             1             16  org.opensearch.forecast.transport.StopForecasterAction$$Lambda/0x00007fcd28a41e70
10699:             1             16  org.opensearch.forecast.transport.StopForecasterTransportAction$$Lambda/0x00007fcd28e3dff0
10700:             1             16  org.opensearch.forecast.transport.SuggestForecasterParamAction$$Lambda/0x00007fcd28c29db8
10701:             1             16  org.opensearch.forecast.transport.ValidateForecasterAction$$Lambda/0x00007fcd28c29690
10702:             1             16  org.opensearch.gateway.ClusterStateUpdaters$$Lambda/0x00007fcd290c3de8
10703:             1             16  org.opensearch.gateway.ClusterStateUpdaters$$Lambda/0x00007fcd290c4010
10704:             1             16  org.opensearch.gateway.ClusterStateUpdaters$$Lambda/0x00007fcd290c4238
10705:             1             16  org.opensearch.gateway.ClusterStateUpdaters$$Lambda/0x00007fcd290c4460
10706:             1             16  org.opensearch.gateway.GatewayMetaState
10707:             1             16  org.opensearch.gateway.GatewayMetaState$$Lambda/0x00007fcd290c3048
10708:             1             16  org.opensearch.gateway.GatewayMetaState$$Lambda/0x00007fcd290c3700
10709:             1             16  org.opensearch.gateway.LocalAllocateDangledIndices$$Lambda/0x00007fcd28dcf5f8
10710:             1             16  org.opensearch.gateway.LocalAllocateDangledIndices$AllocateDangledRequestHandler
10711:             1             16  org.opensearch.gateway.PersistedClusterStateService$$Lambda/0x00007fcd288b0d60
10712:             1             16  org.opensearch.gateway.PersistedClusterStateService$$Lambda/0x00007fcd29089b90
10713:             1             16  org.opensearch.gateway.PersistedClusterStateService$$Lambda/0x00007fcd290cd000
10714:             1             16  org.opensearch.gateway.PersistedClusterStateService$Writer$$Lambda/0x00007fcd290e8ef0
10715:             1             16  org.opensearch.gateway.PersistedClusterStateService$Writer$$Lambda/0x00007fcd290e9128
10716:             1             16  org.opensearch.gateway.PrimaryShardAllocator$$Lambda/0x00007fcd28da68a0
10717:             1             16  org.opensearch.gateway.PrimaryShardAllocator$$Lambda/0x00007fcd28da6ad8
10718:             1             16  org.opensearch.gateway.PrimaryShardAllocator$$Lambda/0x00007fcd28da6d10
10719:             1             16  org.opensearch.gateway.TransportNodesListGatewayMetaState$$Lambda/0x00007fcd28ddc1f0
10720:             1             16  org.opensearch.gateway.TransportNodesListGatewayMetaState$$Lambda/0x00007fcd28ddc408
10721:             1             16  org.opensearch.gateway.TransportNodesListGatewayMetaState$$Lambda/0x00007fcd28ddc620
10722:             1             16  org.opensearch.gateway.TransportNodesListGatewayStartedShards$$Lambda/0x00007fcd28da5298
10723:             1             16  org.opensearch.gateway.TransportNodesListGatewayStartedShards$$Lambda/0x00007fcd28da54b0
10724:             1             16  org.opensearch.gateway.TransportNodesListGatewayStartedShards$$Lambda/0x00007fcd28da56c8
10725:             1             16  org.opensearch.gateway.TransportNodesListGatewayStartedShardsBatch$$Lambda/0x00007fcd28da6f48
10726:             1             16  org.opensearch.gateway.TransportNodesListGatewayStartedShardsBatch$$Lambda/0x00007fcd28da7160
10727:             1             16  org.opensearch.gateway.TransportNodesListGatewayStartedShardsBatch$$Lambda/0x00007fcd28da7378
10728:             1             16  org.opensearch.geo.GeoModulePlugin
10729:             1             16  org.opensearch.geo.GeoModulePlugin$$Lambda/0x00007fcd28825320
10730:             1             16  org.opensearch.geo.GeoModulePlugin$$Lambda/0x00007fcd28825b80
10731:             1             16  org.opensearch.geo.GeoModulePlugin$$Lambda/0x00007fcd28825d98
10732:             1             16  org.opensearch.geo.GeoModulePlugin$$Lambda/0x00007fcd2882a8a8
10733:             1             16  org.opensearch.geo.GeoModulePlugin$$Lambda/0x00007fcd2882b4a0
10734:             1             16  org.opensearch.geo.GeoModulePlugin$$Lambda/0x00007fcd2882b6b8
10735:             1             16  org.opensearch.geo.GeoModulePlugin$$Lambda/0x00007fcd28836480
10736:             1             16  org.opensearch.geo.GeoModulePlugin$$Lambda/0x00007fcd28838a90
10737:             1             16  org.opensearch.geo.GeoModulePlugin$$Lambda/0x00007fcd28838ca8
10738:             1             16  org.opensearch.geo.GeoModulePlugin$$Lambda/0x00007fcd288395a8
10739:             1             16  org.opensearch.geo.GeoModulePlugin$$Lambda/0x00007fcd2883a368
10740:             1             16  org.opensearch.geo.GeoModulePlugin$$Lambda/0x00007fcd2883a580
10741:             1             16  org.opensearch.geo.search.aggregations.bucket.composite.GeoTileGridValuesSourceBuilder$$Lambda/0x00007fcd28825740
10742:             1             16  org.opensearch.geo.search.aggregations.bucket.composite.GeoTileGridValuesSourceBuilder$$Lambda/0x00007fcd28825968
10743:             1             16  org.opensearch.geo.search.aggregations.bucket.composite.GeoTileGridValuesSourceBuilder$$Lambda/0x00007fcd2882a000
10744:             1             16  org.opensearch.geo.search.aggregations.bucket.geogrid.GeoGridAggregationBuilder$$Lambda/0x00007fcd288370f8
10745:             1             16  org.opensearch.geo.search.aggregations.bucket.geogrid.GeoGridAggregationBuilder$$Lambda/0x00007fcd28837320
10746:             1             16  org.opensearch.geo.search.aggregations.bucket.geogrid.GeoGridAggregationBuilder$$Lambda/0x00007fcd28837548
10747:             1             16  org.opensearch.geo.search.aggregations.bucket.geogrid.GeoGridAggregationBuilder$$Lambda/0x00007fcd2883cc50
10748:             1             16  org.opensearch.geo.search.aggregations.bucket.geogrid.GeoGridAggregationBuilder$$Lambda/0x00007fcd28840000
10749:             1             16  org.opensearch.geo.search.aggregations.bucket.geogrid.GeoGridAggregationBuilder$$Lambda/0x00007fcd28840228
10750:             1             16  org.opensearch.geo.search.aggregations.bucket.geogrid.GeoGridAggregationBuilder$$Lambda/0x00007fcd28840450
10751:             1             16  org.opensearch.geo.search.aggregations.bucket.geogrid.GeoHashGridAggregationBuilder$$Lambda/0x00007fcd28836a88
10752:             1             16  org.opensearch.geo.search.aggregations.bucket.geogrid.GeoHashGridAggregationBuilder$$Lambda/0x00007fcd28836ca0
10753:             1             16  org.opensearch.geo.search.aggregations.bucket.geogrid.GeoHashGridAggregatorFactory$$Lambda/0x00007fcd2883e950
10754:             1             16  org.opensearch.geo.search.aggregations.bucket.geogrid.GeoHashGridAggregatorFactory$$Lambda/0x00007fcd2883eb68
10755:             1             16  org.opensearch.geo.search.aggregations.bucket.geogrid.GeoTileGridAggregationBuilder$$Lambda/0x00007fcd288397c0
10756:             1             16  org.opensearch.geo.search.aggregations.bucket.geogrid.GeoTileGridAggregationBuilder$$Lambda/0x00007fcd288399d8
10757:             1             16  org.opensearch.geo.search.aggregations.bucket.geogrid.GeoTileGridAggregatorFactory$$Lambda/0x00007fcd2883f450
10758:             1             16  org.opensearch.geo.search.aggregations.bucket.geogrid.GeoTileGridAggregatorFactory$$Lambda/0x00007fcd2883f668
10759:             1             16  org.opensearch.geo.search.aggregations.metrics.GeoBoundsAggregationBuilder$$Lambda/0x00007fcd2882aac0
10760:             1             16  org.opensearch.geo.search.aggregations.metrics.GeoBoundsAggregationBuilder$$Lambda/0x00007fcd2882acf8
10761:             1             16  org.opensearch.geo.search.aggregations.metrics.GeoBoundsAggregatorFactory$$Lambda/0x00007fcd2883b0d0
10762:             1             16  org.opensearch.geo.search.aggregations.metrics.GeoBoundsAggregatorFactory$$Lambda/0x00007fcd2883b8b0
10763:             1             16  org.opensearch.geospatial.action.upload.geojson.UploadGeoJSONAction$$Lambda/0x00007fcd28ae8950
10764:             1             16  org.opensearch.geospatial.action.upload.geojson.UploadGeoJSONTransportAction$$Lambda/0x00007fcd28d65c48
10765:             1             16  org.opensearch.geospatial.index.mapper.xypoint.XYPointFieldTypeParser
10766:             1             16  org.opensearch.geospatial.index.mapper.xyshape.XYShapeFieldTypeParser
10767:             1             16  org.opensearch.geospatial.ip2geo.action.DeleteDatasourceAction$$Lambda/0x00007fcd28aea420
10768:             1             16  org.opensearch.geospatial.ip2geo.action.DeleteDatasourceTransportAction$$Lambda/0x00007fcd28d65e60
10769:             1             16  org.opensearch.geospatial.ip2geo.action.GetDatasourceAction$$Lambda/0x00007fcd28ae9bb8
10770:             1             16  org.opensearch.geospatial.ip2geo.action.GetDatasourceTransportAction$$Lambda/0x00007fcd28d666c0
10771:             1             16  org.opensearch.geospatial.ip2geo.action.PutDatasourceAction$$Lambda/0x00007fcd28ae94d0
10772:             1             16  org.opensearch.geospatial.ip2geo.action.PutDatasourceTransportAction$$Lambda/0x00007fcd28d668d8
10773:             1             16  org.opensearch.geospatial.ip2geo.action.UpdateDatasourceAction$$Lambda/0x00007fcd28ae9ff0
10774:             1             16  org.opensearch.geospatial.ip2geo.action.UpdateDatasourceTransportAction$$Lambda/0x00007fcd28d664a8
10775:             1             16  org.opensearch.geospatial.ip2geo.common.Ip2GeoExecutor
10776:             1             16  org.opensearch.geospatial.ip2geo.common.Ip2GeoSettings$DatasourceEndpointValidator
10777:             1             16  org.opensearch.geospatial.ip2geo.common.ParameterValidator
10778:             1             16  org.opensearch.geospatial.ip2geo.common.URLDenyListChecker
10779:             1             16  org.opensearch.geospatial.ip2geo.dao.Ip2GeoCachedDao$$Lambda/0x00007fcd28843728
10780:             1             16  org.opensearch.geospatial.ip2geo.dao.Ip2GeoCachedDao$GeoDataCache
10781:             1             16  org.opensearch.geospatial.ip2geo.dao.Ip2GeoProcessorDao
10782:             1             16  org.opensearch.geospatial.ip2geo.jobscheduler.DatasourceExtension$$Lambda/0x00007fcd28449470
10783:             1             16  org.opensearch.geospatial.plugin.GeospatialPlugin$$Lambda/0x00007fcd28752b98
10784:             1             16  org.opensearch.geospatial.plugin.GeospatialPlugin$$Lambda/0x00007fcd28752db0
10785:             1             16  org.opensearch.geospatial.plugin.GeospatialPlugin$$Lambda/0x00007fcd28753b20
10786:             1             16  org.opensearch.geospatial.plugin.GeospatialPlugin$$Lambda/0x00007fcd288418c8
10787:             1             16  org.opensearch.geospatial.plugin.GeospatialPlugin$$Lambda/0x00007fcd28841ae0
10788:             1             16  org.opensearch.geospatial.processor.FeatureProcessor$Factory
10789:             1             16  org.opensearch.geospatial.search.aggregations.bucket.geogrid.GeoHexGridAggregationBuilder$$Lambda/0x00007fcd2883c800
10790:             1             16  org.opensearch.geospatial.search.aggregations.bucket.geogrid.GeoHexGridAggregationBuilder$$Lambda/0x00007fcd2883ca18
10791:             1             16  org.opensearch.geospatial.search.aggregations.bucket.geogrid.GeoHexGridAggregatorFactory$$Lambda/0x00007fcd288429a0
10792:             1             16  org.opensearch.geospatial.stats.upload.UploadStatsAction$$Lambda/0x00007fcd28ae9040
10793:             1             16  org.opensearch.geospatial.stats.upload.UploadStatsTransportAction$$Lambda/0x00007fcd28d66078
10794:             1             16  org.opensearch.geospatial.stats.upload.UploadStatsTransportAction$$Lambda/0x00007fcd28d66290
10795:             1             16  org.opensearch.http.AbstractHttpServerTransport$$Lambda/0x00007fcd28290258
10796:             1             16  org.opensearch.http.CorsHandler
10797:             1             16  org.opensearch.http.CorsHandler$Config$$Lambda/0x00007fcd28ca0d18
10798:             1             16  org.opensearch.http.HttpTracer$$Lambda/0x00007fcd28ca1170
10799:             1             16  org.opensearch.http.HttpTracer$$Lambda/0x00007fcd28ca13a0
10800:             1             16  org.opensearch.http.HttpTransportSettings$$Lambda/0x00007fcd281e4400
10801:             1             16  org.opensearch.http.HttpTransportSettings$$Lambda/0x00007fcd281e4638
10802:             1             16  org.opensearch.http.HttpTransportSettings$$Lambda/0x00007fcd281e4870
10803:             1             16  org.opensearch.http.HttpTransportSettings$$Lambda/0x00007fcd281e4aa8
10804:             1             16  org.opensearch.http.HttpTransportSettings$$Lambda/0x00007fcd281e4ce0
10805:             1             16  org.opensearch.http.HttpTransportSettings$$Lambda/0x00007fcd281e4f18
10806:             1             16  org.opensearch.http.netty4.Netty4HttpServerTransport$$Lambda/0x00007fcd2828e9d8
10807:             1             16  org.opensearch.http.netty4.Netty4HttpServerTransport$$Lambda/0x00007fcd2828ec10
10808:             1             16  org.opensearch.http.netty4.Netty4HttpServerTransport$$Lambda/0x00007fcd28550630
10809:             1             16  org.opensearch.http.netty4.Netty4HttpServerTransport$$Lambda/0x00007fcd28550868
10810:             1             16  org.opensearch.http.netty4.ssl.SecureNetty4HttpServerTransport$$Lambda/0x00007fcd28ca92b0
10811:             1             16  org.opensearch.http.netty4.ssl.SecureNetty4HttpServerTransport$$Lambda/0x00007fcd28ca9738
10812:             1             16  org.opensearch.http.netty4.ssl.SecureNetty4HttpServerTransport$$Lambda/0x00007fcd28ca9980
10813:             1             16  org.opensearch.http.netty4.ssl.SecureNetty4HttpServerTransport$$Lambda/0x00007fcd28cabb78
10814:             1             16  org.opensearch.http.netty4.ssl.SecureNetty4HttpServerTransport$$Lambda/0x00007fcd28cabdc0
10815:             1             16  org.opensearch.index.IndexModule$$Lambda/0x00007fcd284a0600
10816:             1             16  org.opensearch.index.IndexModule$1
10817:             1             16  org.opensearch.index.IndexModule$2
10818:             1             16  org.opensearch.index.IndexService$$Lambda/0x00007fcd2926abc0
10819:             1             16  org.opensearch.index.IndexService$$Lambda/0x00007fcd293a5f08
10820:             1             16  org.opensearch.index.IndexService$$Lambda/0x00007fcd293a6130
10821:             1             16  org.opensearch.index.IndexSettings$$Lambda/0x00007fcd28631af8
10822:             1             16  org.opensearch.index.IndexSettings$$Lambda/0x00007fcd28631d30
10823:             1             16  org.opensearch.index.IndexSettings$$Lambda/0x00007fcd28635fa8
10824:             1             16  org.opensearch.index.IndexSettings$$Lambda/0x00007fcd286361e0
10825:             1             16  org.opensearch.index.IndexSettings$$Lambda/0x00007fcd28636658
10826:             1             16  org.opensearch.index.IndexSettings$$Lambda/0x00007fcd28636a90
10827:             1             16  org.opensearch.index.IndexSortConfig$$Lambda/0x00007fcd2863a4e0
10828:             1             16  org.opensearch.index.IndexSortConfig$$Lambda/0x00007fcd2863a9f8
10829:             1             16  org.opensearch.index.IndexSortConfig$$Lambda/0x00007fcd2863ac30
10830:             1             16  org.opensearch.index.IndexSortConfig$$Lambda/0x00007fcd286475b8
10831:             1             16  org.opensearch.index.IndexSortConfig$$Lambda/0x00007fcd286479e0
10832:             1             16  org.opensearch.index.IndexingPressureService
10833:             1             16  org.opensearch.index.IndexingPressureService$$Lambda/0x00007fcd29236380
10834:             1             16  org.opensearch.index.IndexingSlowLog$$Lambda/0x00007fcd286392b8
10835:             1             16  org.opensearch.index.IndexingSlowLog$$Lambda/0x00007fcd286394f0
10836:             1             16  org.opensearch.index.LogByteSizeMergePolicyProvider$$Lambda/0x00007fcd28646020
10837:             1             16  org.opensearch.index.MergeSchedulerConfig$$Lambda/0x00007fcd28638000
10838:             1             16  org.opensearch.index.MergeSchedulerConfig$$Lambda/0x00007fcd28638238
10839:             1             16  org.opensearch.index.MergeSchedulerConfig$$Lambda/0x00007fcd28638470
10840:             1             16  org.opensearch.index.MergeSchedulerConfig$$Lambda/0x00007fcd286386a8
10841:             1             16  org.opensearch.index.SearchSlowLog$$Lambda/0x00007fcd28638e10
10842:             1             16  org.opensearch.index.SegmentReplicationPressureService$$Lambda/0x00007fcd28dcd520
10843:             1             16  org.opensearch.index.SegmentReplicationPressureService$$Lambda/0x00007fcd28dcd750
10844:             1             16  org.opensearch.index.SegmentReplicationPressureService$$Lambda/0x00007fcd28dcd980
10845:             1             16  org.opensearch.index.SegmentReplicationPressureService$$Lambda/0x00007fcd28dcdbb0
10846:             1             16  org.opensearch.index.SegmentReplicationPressureService$$Lambda/0x00007fcd28dcdde0
10847:             1             16  org.opensearch.index.ShardIndexingPressureMemoryManager$$Lambda/0x00007fcd28ce2f68
10848:             1             16  org.opensearch.index.ShardIndexingPressureMemoryManager$$Lambda/0x00007fcd28ce3198
10849:             1             16  org.opensearch.index.ShardIndexingPressureMemoryManager$$Lambda/0x00007fcd28ce33c8
10850:             1             16  org.opensearch.index.ShardIndexingPressureMemoryManager$$Lambda/0x00007fcd28ce35f8
10851:             1             16  org.opensearch.index.ShardIndexingPressureMemoryManager$$Lambda/0x00007fcd28ce3828
10852:             1             16  org.opensearch.index.ShardIndexingPressureMemoryManager$$Lambda/0x00007fcd28ce3a58
10853:             1             16  org.opensearch.index.ShardIndexingPressureMemoryManager$$Lambda/0x00007fcd28ce3c88
10854:             1             16  org.opensearch.index.ShardIndexingPressureSettings$$Lambda/0x00007fcd28ce2478
10855:             1             16  org.opensearch.index.ShardIndexingPressureSettings$$Lambda/0x00007fcd28ce26a8
10856:             1             16  org.opensearch.index.ShardIndexingPressureSettings$$Lambda/0x00007fcd28ce28d8
10857:             1             16  org.opensearch.index.ShardIndexingPressureSettings$$Lambda/0x00007fcd28ce2b08
10858:             1             16  org.opensearch.index.ShardIndexingPressureStore$$Lambda/0x00007fcd28ce2d38
10859:             1             16  org.opensearch.index.TieredMergePolicyProvider$$Lambda/0x00007fcd28639bf0
10860:             1             16  org.opensearch.index.analysis.Analysis$$Lambda/0x00007fcd29258680
10861:             1             16  org.opensearch.index.analysis.AnalysisRegistry$$Lambda/0x00007fcd2926a0e0
10862:             1             16  org.opensearch.index.analysis.AnalysisRegistry$$Lambda/0x00007fcd2926a580
10863:             1             16  org.opensearch.index.analysis.IndexAnalyzers$$Lambda/0x00007fcd290bb098
10864:             1             16  org.opensearch.index.analysis.IndexAnalyzers$$Lambda/0x00007fcd290bb2d0
10865:             1             16  org.opensearch.index.analysis.NamedAnalyzer$1
10866:             1             16  org.opensearch.index.analysis.PreConfiguredCharFilter$$Lambda/0x00007fcd2869ce48
10867:             1             16  org.opensearch.index.analysis.TokenFilterFactory$1
10868:             1             16  org.opensearch.index.codec.customcodecs.CustomCodecPlugin
10869:             1             16  org.opensearch.index.codec.customcodecs.Lucene99QatCodec$$Lambda/0x00007fcd2839ca28
10870:             1             16  org.opensearch.index.codec.customcodecs.Lucene99QatStoredFieldsFormat$$Lambda/0x00007fcd2839d4a0
10871:             1             16  org.opensearch.index.codec.fuzzy.FuzzySet$SetType$$Lambda/0x00007fcd29272e90
10872:             1             16  org.opensearch.index.engine.CombinedDeletionPolicy$$Lambda/0x00007fcd29378cf0
10873:             1             16  org.opensearch.index.engine.CombinedDeletionPolicy$$Lambda/0x00007fcd2937a070
10874:             1             16  org.opensearch.index.engine.Engine$1$$Lambda/0x00007fcd2935c790
10875:             1             16  org.opensearch.index.engine.Engine$NoOpLock
10876:             1             16  org.opensearch.index.engine.EngineConfig$$Lambda/0x00007fcd28395918
10877:             1             16  org.opensearch.index.engine.EngineConfigFactory$$Lambda/0x00007fcd2924e860
10878:             1             16  org.opensearch.index.engine.InternalEngine$$Lambda/0x00007fcd292c3358
10879:             1             16  org.opensearch.index.engine.SegmentsStats$$Lambda/0x00007fcd293ba000
10880:             1             16  org.opensearch.index.engine.SegmentsStats$$Lambda/0x00007fcd293bfdd8
10881:             1             16  org.opensearch.index.engine.SoftDeletesPolicy$$Lambda/0x00007fcd293738b8
10882:             1             16  org.opensearch.index.fielddata.IndexFieldDataService$$Lambda/0x00007fcd28641a88
10883:             1             16  org.opensearch.index.fielddata.IndexFieldDataService$$Lambda/0x00007fcd28641cc0
10884:             1             16  org.opensearch.index.fielddata.IndexFieldDataService$1
10885:             1             16  org.opensearch.index.fielddata.plain.AbstractLeafOrdinalsFieldData$$Lambda/0x00007fcd29202240
10886:             1             16  org.opensearch.index.fielddata.plain.AbstractLeafOrdinalsFieldData$$Lambda/0x00007fcd29202478
10887:             1             16  org.opensearch.index.mapper.BinaryFieldMapper$$Lambda/0x00007fcd2873e8a0
10888:             1             16  org.opensearch.index.mapper.BooleanFieldMapper$$Lambda/0x00007fcd2873e100
10889:             1             16  org.opensearch.index.mapper.BooleanFieldMapper$Builder$$Lambda/0x00007fcd290befa0
10890:             1             16  org.opensearch.index.mapper.BooleanFieldMapper$Builder$$Lambda/0x00007fcd290bf1d8
10891:             1             16  org.opensearch.index.mapper.BooleanFieldMapper$Builder$$Lambda/0x00007fcd290bf410
10892:             1             16  org.opensearch.index.mapper.BooleanFieldMapper$Builder$$Lambda/0x00007fcd290bf648
10893:             1             16  org.opensearch.index.mapper.BooleanFieldMapper$Builder$$Lambda/0x00007fcd290bf860
10894:             1             16  org.opensearch.index.mapper.BooleanFieldMapper$Builder$$Lambda/0x00007fcd290bfa78
10895:             1             16  org.opensearch.index.mapper.CompletionFieldMapper$$Lambda/0x00007fcd28743d88
10896:             1             16  org.opensearch.index.mapper.ConstantKeywordFieldMapper$TypeParser
10897:             1             16  org.opensearch.index.mapper.DataStreamFieldMapper$$Lambda/0x00007fcd28723c08
10898:             1             16  org.opensearch.index.mapper.DataStreamFieldMapper$$Lambda/0x00007fcd28723e40
10899:             1             16  org.opensearch.index.mapper.DataStreamFieldMapper$Builder$$Lambda/0x00007fcd290b66d8
10900:             1             16  org.opensearch.index.mapper.DataStreamFieldMapper$Builder$$Lambda/0x00007fcd290b6910
10901:             1             16  org.opensearch.index.mapper.DataStreamFieldMapper$Builder$$Lambda/0x00007fcd290b6b28
10902:             1             16  org.opensearch.index.mapper.DataStreamFieldMapper$Builder$$Lambda/0x00007fcd290b6d40
10903:             1             16  org.opensearch.index.mapper.DateFieldMapper$$Lambda/0x00007fcd286191a0
10904:             1             16  org.opensearch.index.mapper.DateFieldMapper$$Lambda/0x00007fcd286193c8
10905:             1             16  org.opensearch.index.mapper.DateFieldMapper$Builder$$Lambda/0x00007fcd290bb708
10906:             1             16  org.opensearch.index.mapper.DateFieldMapper$Builder$$Lambda/0x00007fcd290bb940
10907:             1             16  org.opensearch.index.mapper.DateFieldMapper$Builder$$Lambda/0x00007fcd290bbb78
10908:             1             16  org.opensearch.index.mapper.DateFieldMapper$Builder$$Lambda/0x00007fcd290bbdb0
10909:             1             16  org.opensearch.index.mapper.DateFieldMapper$Builder$$Lambda/0x00007fcd290bbfe8
10910:             1             16  org.opensearch.index.mapper.DateFieldMapper$Builder$$Lambda/0x00007fcd290bc220
10911:             1             16  org.opensearch.index.mapper.DateFieldMapper$Builder$$Lambda/0x00007fcd290bc438
10912:             1             16  org.opensearch.index.mapper.DateFieldMapper$Builder$$Lambda/0x00007fcd290bc650
10913:             1             16  org.opensearch.index.mapper.DateFieldMapper$Builder$$Lambda/0x00007fcd290bc888
10914:             1             16  org.opensearch.index.mapper.DateFieldMapper$Builder$$Lambda/0x00007fcd290bcac0
10915:             1             16  org.opensearch.index.mapper.DerivedFieldMapper$$Lambda/0x00007fcd28748000
10916:             1             16  org.opensearch.index.mapper.DocCountFieldMapper$$Lambda/0x00007fcd28731718
10917:             1             16  org.opensearch.index.mapper.DocCountFieldMapper$$Lambda/0x00007fcd28731950
10918:             1             16  org.opensearch.index.mapper.DocumentMapper$$Lambda/0x00007fcd290baa18
10919:             1             16  org.opensearch.index.mapper.DocumentMapper$$Lambda/0x00007fcd290bae80
10920:             1             16  org.opensearch.index.mapper.DynamicKeyFieldTypeLookup$$Lambda/0x00007fcd29352db0
10921:             1             16  org.opensearch.index.mapper.FieldAliasMapper$TypeParser
10922:             1             16  org.opensearch.index.mapper.FieldMapper$CopyTo
10923:             1             16  org.opensearch.index.mapper.FieldMapper$MultiFields$$Lambda/0x00007fcd290b5ba0
10924:             1             16  org.opensearch.index.mapper.FieldNamesFieldMapper$$Lambda/0x00007fcd28732488
10925:             1             16  org.opensearch.index.mapper.FieldNamesFieldMapper$$Lambda/0x00007fcd287326c0
10926:             1             16  org.opensearch.index.mapper.FieldNamesFieldMapper$Builder$$Lambda/0x00007fcd290b6f78
10927:             1             16  org.opensearch.index.mapper.FlatObjectFieldMapper$$Lambda/0x00007fcd28746d68
10928:             1             16  org.opensearch.index.mapper.FlatObjectFieldMapper$TypeParser
10929:             1             16  org.opensearch.index.mapper.GeoPointFieldMapper$TypeParser
10930:             1             16  org.opensearch.index.mapper.GeoShapeFieldMapper$TypeParser
10931:             1             16  org.opensearch.index.mapper.IdFieldMapper$$Lambda/0x00007fcd287214e0
10932:             1             16  org.opensearch.index.mapper.IgnoredFieldMapper$$Lambda/0x00007fcd28720a08
10933:             1             16  org.opensearch.index.mapper.IndexFieldMapper$$Lambda/0x00007fcd287230e8
10934:             1             16  org.opensearch.index.mapper.IpFieldMapper$$Lambda/0x00007fcd2873f670
10935:             1             16  org.opensearch.index.mapper.KeywordFieldMapper$$Lambda/0x00007fcd28742e00
10936:             1             16  org.opensearch.index.mapper.KeywordFieldMapper$Builder$$Lambda/0x00007fcd290a9000
10937:             1             16  org.opensearch.index.mapper.KeywordFieldMapper$Builder$$Lambda/0x00007fcd290a9238
10938:             1             16  org.opensearch.index.mapper.KeywordFieldMapper$Builder$$Lambda/0x00007fcd290a9470
10939:             1             16  org.opensearch.index.mapper.KeywordFieldMapper$Builder$$Lambda/0x00007fcd290a96a8
10940:             1             16  org.opensearch.index.mapper.KeywordFieldMapper$Builder$$Lambda/0x00007fcd290aaec8
10941:             1             16  org.opensearch.index.mapper.KeywordFieldMapper$Builder$$Lambda/0x00007fcd290ab100
10942:             1             16  org.opensearch.index.mapper.KeywordFieldMapper$Builder$$Lambda/0x00007fcd290ab338
10943:             1             16  org.opensearch.index.mapper.KeywordFieldMapper$Builder$$Lambda/0x00007fcd290ab570
10944:             1             16  org.opensearch.index.mapper.KeywordFieldMapper$Builder$$Lambda/0x00007fcd290ab7a8
10945:             1             16  org.opensearch.index.mapper.KeywordFieldMapper$Builder$$Lambda/0x00007fcd290ab9e0
10946:             1             16  org.opensearch.index.mapper.KeywordFieldMapper$Builder$$Lambda/0x00007fcd290abc18
10947:             1             16  org.opensearch.index.mapper.MapperExtrasPlugin
10948:             1             16  org.opensearch.index.mapper.MapperExtrasPlugin$$Lambda/0x00007fcd28751958
10949:             1             16  org.opensearch.index.mapper.MapperExtrasPlugin$$Lambda/0x00007fcd28751b70
10950:             1             16  org.opensearch.index.mapper.MapperService$$Lambda/0x00007fcd28644368
10951:             1             16  org.opensearch.index.mapper.MapperService$$Lambda/0x00007fcd286445b0
10952:             1             16  org.opensearch.index.mapper.MapperService$$Lambda/0x00007fcd290a1b10
10953:             1             16  org.opensearch.index.mapper.MapperService$$Lambda/0x00007fcd290a1d48
10954:             1             16  org.opensearch.index.mapper.MapperService$$Lambda/0x00007fcd290a1f80
10955:             1             16  org.opensearch.index.mapper.MatchOnlyTextFieldMapper$$Lambda/0x00007fcd287422c0
10956:             1             16  org.opensearch.index.mapper.MetadataFieldMapper$$Lambda/0x00007fcd290b73d0
10957:             1             16  org.opensearch.index.mapper.MetadataFieldMapper$$Lambda/0x00007fcd290b75e8
10958:             1             16  org.opensearch.index.mapper.MetadataFieldMapper$$Lambda/0x00007fcd290b7800
10959:             1             16  org.opensearch.index.mapper.NestedPathFieldMapper$$Lambda/0x00007fcd2872ca60
10960:             1             16  org.opensearch.index.mapper.NumberFieldMapper$Builder$$Lambda/0x00007fcd290a8c00
10961:             1             16  org.opensearch.index.mapper.NumberFieldMapper$Builder$$Lambda/0x00007fcd290a9ae0
10962:             1             16  org.opensearch.index.mapper.NumberFieldMapper$Builder$$Lambda/0x00007fcd290a9d18
10963:             1             16  org.opensearch.index.mapper.NumberFieldMapper$Builder$$Lambda/0x00007fcd290b0000
10964:             1             16  org.opensearch.index.mapper.NumberFieldMapper$Builder$$Lambda/0x00007fcd290b0ac0
10965:             1             16  org.opensearch.index.mapper.NumberFieldMapper$Builder$$Lambda/0x00007fcd290b0cf8
10966:             1             16  org.opensearch.index.mapper.NumberFieldMapper$Builder$$Lambda/0x00007fcd290b1130
10967:             1             16  org.opensearch.index.mapper.ObjectMapper$$Lambda/0x00007fcd290b8f50
10968:             1             16  org.opensearch.index.mapper.ObjectMapper$$Lambda/0x00007fcd290b9198
10969:             1             16  org.opensearch.index.mapper.ObjectMapper$$Lambda/0x00007fcd290b9658
10970:             1             16  org.opensearch.index.mapper.ObjectMapper$$Lambda/0x00007fcd290b98a0
10971:             1             16  org.opensearch.index.mapper.ParametrizedFieldMapper$Parameter$$Lambda/0x00007fcd290a4f48
10972:             1             16  org.opensearch.index.mapper.ParametrizedFieldMapper$Parameter$$Lambda/0x00007fcd290a5358
10973:             1             16  org.opensearch.index.mapper.ParametrizedFieldMapper$Parameter$$Lambda/0x00007fcd290a5768
10974:             1             16  org.opensearch.index.mapper.ParametrizedFieldMapper$Parameter$$Lambda/0x00007fcd290a5980
10975:             1             16  org.opensearch.index.mapper.ParametrizedFieldMapper$Parameter$$Lambda/0x00007fcd290a7148
10976:             1             16  org.opensearch.index.mapper.ParametrizedFieldMapper$Parameter$$Lambda/0x00007fcd290ac218
10977:             1             16  org.opensearch.index.mapper.ParametrizedFieldMapper$Parameter$$Lambda/0x00007fcd290ad9d0
10978:             1             16  org.opensearch.index.mapper.ParametrizedFieldMapper$Parameter$$Lambda/0x00007fcd290ade20
10979:             1             16  org.opensearch.index.mapper.ParametrizedFieldMapper$Parameter$$Lambda/0x00007fcd290ae038
10980:             1             16  org.opensearch.index.mapper.ParametrizedFieldMapper$Parameter$$Lambda/0x00007fcd290ae250
10981:             1             16  org.opensearch.index.mapper.ParametrizedFieldMapper$Parameter$$Lambda/0x00007fcd290ae468
10982:             1             16  org.opensearch.index.mapper.ParametrizedFieldMapper$Parameter$$Lambda/0x00007fcd290aed00
10983:             1             16  org.opensearch.index.mapper.ParametrizedFieldMapper$Parameter$$Lambda/0x00007fcd290aef18
10984:             1             16  org.opensearch.index.mapper.ParametrizedFieldMapper$Parameter$$Lambda/0x00007fcd290af130
10985:             1             16  org.opensearch.index.mapper.ParametrizedFieldMapper$Parameter$$Lambda/0x00007fcd290b0458
10986:             1             16  org.opensearch.index.mapper.ParametrizedFieldMapper$Parameter$$Lambda/0x00007fcd290b0670
10987:             1             16  org.opensearch.index.mapper.ParametrizedFieldMapper$Parameter$$Lambda/0x00007fcd290b0888
10988:             1             16  org.opensearch.index.mapper.ParametrizedFieldMapper$Parameter$$Lambda/0x00007fcd290b8458
10989:             1             16  org.opensearch.index.mapper.RankFeatureFieldMapper$$Lambda/0x00007fcd2874e8d8
10990:             1             16  org.opensearch.index.mapper.RankFeatureMetaFieldMapper$$Lambda/0x00007fcd287508c0
10991:             1             16  org.opensearch.index.mapper.RankFeaturesFieldMapper$$Lambda/0x00007fcd2874f3d8
10992:             1             16  org.opensearch.index.mapper.RoutingFieldMapper$$Lambda/0x00007fcd28722280
10993:             1             16  org.opensearch.index.mapper.RoutingFieldMapper$$Lambda/0x00007fcd287224b8
10994:             1             16  org.opensearch.index.mapper.RoutingFieldMapper$Builder$$Lambda/0x00007fcd290b7a38
10995:             1             16  org.opensearch.index.mapper.ScaledFloatFieldMapper$$Lambda/0x00007fcd2874d5a8
10996:             1             16  org.opensearch.index.mapper.SearchAsYouTypeFieldMapper$$Lambda/0x00007fcd28750000
10997:             1             16  org.opensearch.index.mapper.SeqNoFieldMapper$$Lambda/0x00007fcd28730bf0
10998:             1             16  org.opensearch.index.mapper.SourceFieldMapper$$Lambda/0x00007fcd28724980
10999:             1             16  org.opensearch.index.mapper.SourceFieldMapper$$Lambda/0x00007fcd28724bb8
11000:             1             16  org.opensearch.index.mapper.SourceFieldMapper$Builder$$Lambda/0x00007fcd290b7c70
11001:             1             16  org.opensearch.index.mapper.SourceFieldMapper$Builder$$Lambda/0x00007fcd290b8000
11002:             1             16  org.opensearch.index.mapper.SourceFieldMapper$Builder$$Lambda/0x00007fcd290b8670
11003:             1             16  org.opensearch.index.mapper.SourceFieldMapper$Builder$$Lambda/0x00007fcd290b88a8
11004:             1             16  org.opensearch.index.mapper.SourceFieldMapper$Builder$$Lambda/0x00007fcd290b8ae0
11005:             1             16  org.opensearch.index.mapper.SourceFieldMapper$Builder$$Lambda/0x00007fcd290b8d18
11006:             1             16  org.opensearch.index.mapper.TextFieldMapper$$Lambda/0x00007fcd287416f8
11007:             1             16  org.opensearch.index.mapper.TextFieldMapper$Builder$$Lambda/0x00007fcd290a48d8
11008:             1             16  org.opensearch.index.mapper.TextFieldMapper$Builder$$Lambda/0x00007fcd290a5e00
11009:             1             16  org.opensearch.index.mapper.TextFieldMapper$Builder$$Lambda/0x00007fcd290a6038
11010:             1             16  org.opensearch.index.mapper.TextFieldMapper$Builder$$Lambda/0x00007fcd290a6cf0
11011:             1             16  org.opensearch.index.mapper.TextFieldMapper$Builder$$Lambda/0x00007fcd290a7590
11012:             1             16  org.opensearch.index.mapper.TextFieldMapper$Builder$$Lambda/0x00007fcd290a7a10
11013:             1             16  org.opensearch.index.mapper.TextFieldMapper$Builder$$Lambda/0x00007fcd290a7c48
11014:             1             16  org.opensearch.index.mapper.TextFieldMapper$Builder$$Lambda/0x00007fcd290ac430
11015:             1             16  org.opensearch.index.mapper.TextFieldMapper$Builder$$Lambda/0x00007fcd290ac668
11016:             1             16  org.opensearch.index.mapper.TextFieldMapper$Builder$$Lambda/0x00007fcd290ac880
11017:             1             16  org.opensearch.index.mapper.TextFieldMapper$Builder$$Lambda/0x00007fcd290aca98
11018:             1             16  org.opensearch.index.mapper.TextFieldMapper$Builder$$Lambda/0x00007fcd290accd0
11019:             1             16  org.opensearch.index.mapper.TextFieldMapper$Builder$$Lambda/0x00007fcd290acf08
11020:             1             16  org.opensearch.index.mapper.TextFieldMapper$Builder$$Lambda/0x00007fcd290ad368
11021:             1             16  org.opensearch.index.mapper.TextFieldMapper$Builder$$Lambda/0x00007fcd290ad580
11022:             1             16  org.opensearch.index.mapper.TextFieldMapper$Builder$$Lambda/0x00007fcd290ad798
11023:             1             16  org.opensearch.index.mapper.TextFieldMapper$Builder$$Lambda/0x00007fcd290ba0d0
11024:             1             16  org.opensearch.index.mapper.TextParams$$Lambda/0x00007fcd290a6470
11025:             1             16  org.opensearch.index.mapper.TextParams$$Lambda/0x00007fcd290a6688
11026:             1             16  org.opensearch.index.mapper.TextParams$$Lambda/0x00007fcd290a68a0
11027:             1             16  org.opensearch.index.mapper.TextParams$$Lambda/0x00007fcd290a6ab8
11028:             1             16  org.opensearch.index.mapper.TextParams$$Lambda/0x00007fcd290a77c8
11029:             1             16  org.opensearch.index.mapper.TextParams$Analyzers$$Lambda/0x00007fcd290aa000
11030:             1             16  org.opensearch.index.mapper.TextParams$Analyzers$$Lambda/0x00007fcd290aa228
11031:             1             16  org.opensearch.index.mapper.TextParams$Analyzers$$Lambda/0x00007fcd290aa680
11032:             1             16  org.opensearch.index.mapper.TextParams$Analyzers$$Lambda/0x00007fcd290ae8a8
11033:             1             16  org.opensearch.index.mapper.TextParams$Analyzers$$Lambda/0x00007fcd290af588
11034:             1             16  org.opensearch.index.mapper.TextParams$Analyzers$$Lambda/0x00007fcd290af7b0
11035:             1             16  org.opensearch.index.mapper.TokenCountFieldMapper$$Lambda/0x00007fcd2874dd60
11036:             1             16  org.opensearch.index.mapper.VersionFieldMapper$$Lambda/0x00007fcd28730318
11037:             1             16  org.opensearch.index.mapper.WildcardFieldMapper$$Lambda/0x00007fcd28748d88
11038:             1             16  org.opensearch.index.query.BoolQueryBuilder$$Lambda/0x00007fcd291dd940
11039:             1             16  org.opensearch.index.query.BoolQueryBuilder$$Lambda/0x00007fcd291ddb58
11040:             1             16  org.opensearch.index.query.BoolQueryBuilder$$Lambda/0x00007fcd291ddd80
11041:             1             16  org.opensearch.index.query.BoolQueryBuilder$$Lambda/0x00007fcd291de3e8
11042:             1             16  org.opensearch.index.query.BoolQueryBuilder$$Lambda/0x00007fcd291de610
11043:             1             16  org.opensearch.index.query.BoolQueryBuilder$$Lambda/0x00007fcd291de828
11044:             1             16  org.opensearch.index.query.BoolQueryBuilder$$Lambda/0x00007fcd291dea50
11045:             1             16  org.opensearch.index.query.BoolQueryBuilder$$Lambda/0x00007fcd291dec68
11046:             1             16  org.opensearch.index.query.BoolQueryBuilder$$Lambda/0x00007fcd291dee90
11047:             1             16  org.opensearch.index.query.BoolQueryBuilder$$Lambda/0x00007fcd291df0a8
11048:             1             16  org.opensearch.index.query.BoolQueryBuilder$$Lambda/0x00007fcd291df2d0
11049:             1             16  org.opensearch.index.query.BoolQueryBuilder$$Lambda/0x00007fcd291df4f8
11050:             1             16  org.opensearch.index.query.BoolQueryBuilder$$Lambda/0x00007fcd291df710
11051:             1             16  org.opensearch.index.query.BoolQueryBuilder$$Lambda/0x00007fcd291df938
11052:             1             16  org.opensearch.index.query.BoolQueryBuilder$$Lambda/0x00007fcd291e6f40
11053:             1             16  org.opensearch.index.query.functionscore.ExponentialDecayFunctionBuilder$$Lambda/0x00007fcd28763000
11054:             1             16  org.opensearch.index.query.functionscore.ExponentialDecayFunctionBuilder$ExponentialDecayScoreFunction
11055:             1             16  org.opensearch.index.query.functionscore.GaussDecayFunctionBuilder$$Lambda/0x00007fcd28761d40
11056:             1             16  org.opensearch.index.query.functionscore.GaussDecayFunctionBuilder$GaussScoreFunction
11057:             1             16  org.opensearch.index.query.functionscore.LinearDecayFunctionBuilder$$Lambda/0x00007fcd287626a0
11058:             1             16  org.opensearch.index.query.functionscore.LinearDecayFunctionBuilder$LinearDecayScoreFunction
11059:             1             16  org.opensearch.index.rankeval.RankEvalAction$$Lambda/0x00007fcd28896f38
11060:             1             16  org.opensearch.index.rankeval.RankEvalNamedXContentProvider$$Lambda/0x00007fcd28893780
11061:             1             16  org.opensearch.index.rankeval.RankEvalNamedXContentProvider$$Lambda/0x00007fcd28893998
11062:             1             16  org.opensearch.index.rankeval.RankEvalNamedXContentProvider$$Lambda/0x00007fcd28893bb0
11063:             1             16  org.opensearch.index.rankeval.RankEvalNamedXContentProvider$$Lambda/0x00007fcd28893dc8
11064:             1             16  org.opensearch.index.rankeval.RankEvalNamedXContentProvider$$Lambda/0x00007fcd28896000
11065:             1             16  org.opensearch.index.rankeval.RankEvalNamedXContentProvider$$Lambda/0x00007fcd28896218
11066:             1             16  org.opensearch.index.rankeval.RankEvalNamedXContentProvider$$Lambda/0x00007fcd28896430
11067:             1             16  org.opensearch.index.rankeval.RankEvalNamedXContentProvider$$Lambda/0x00007fcd28896648
11068:             1             16  org.opensearch.index.rankeval.RankEvalNamedXContentProvider$$Lambda/0x00007fcd28896860
11069:             1             16  org.opensearch.index.rankeval.RankEvalNamedXContentProvider$$Lambda/0x00007fcd28896a78
11070:             1             16  org.opensearch.index.rankeval.RankEvalPlugin
11071:             1             16  org.opensearch.index.rankeval.RankEvalPlugin$$Lambda/0x00007fcd288904f8
11072:             1             16  org.opensearch.index.rankeval.RankEvalPlugin$$Lambda/0x00007fcd28890a08
11073:             1             16  org.opensearch.index.rankeval.RankEvalPlugin$$Lambda/0x00007fcd28890f18
11074:             1             16  org.opensearch.index.rankeval.RankEvalPlugin$$Lambda/0x00007fcd28891438
11075:             1             16  org.opensearch.index.rankeval.RankEvalPlugin$$Lambda/0x00007fcd28891960
11076:             1             16  org.opensearch.index.rankeval.RankEvalPlugin$$Lambda/0x00007fcd28892000
11077:             1             16  org.opensearch.index.rankeval.RankEvalPlugin$$Lambda/0x00007fcd288924d8
11078:             1             16  org.opensearch.index.rankeval.RankEvalPlugin$$Lambda/0x00007fcd288929a8
11079:             1             16  org.opensearch.index.rankeval.RankEvalPlugin$$Lambda/0x00007fcd28892e78
11080:             1             16  org.opensearch.index.rankeval.RankEvalPlugin$$Lambda/0x00007fcd28893348
11081:             1             16  org.opensearch.index.rankeval.TransportRankEvalAction$$Lambda/0x00007fcd288976b0
11082:             1             16  org.opensearch.index.reindex.DeleteByQueryAction$$Lambda/0x00007fcd28bfc6f0
11083:             1             16  org.opensearch.index.reindex.ReindexAction$$Lambda/0x00007fcd28bfc2c0
11084:             1             16  org.opensearch.index.reindex.ReindexPlugin
11085:             1             16  org.opensearch.index.reindex.ReindexPlugin$$Lambda/0x00007fcd28549ad8
11086:             1             16  org.opensearch.index.reindex.RethrottleAction$$Lambda/0x00007fcd289006b8
11087:             1             16  org.opensearch.index.reindex.TransportDeleteByQueryAction$$Lambda/0x00007fcd28900e10
11088:             1             16  org.opensearch.index.reindex.TransportReindexAction$$Lambda/0x00007fcd28901888
11089:             1             16  org.opensearch.index.reindex.TransportRethrottleAction$$Lambda/0x00007fcd28901028
11090:             1             16  org.opensearch.index.reindex.TransportRethrottleAction$$Lambda/0x00007fcd28901240
11091:             1             16  org.opensearch.index.reindex.TransportRethrottleAction$$Lambda/0x00007fcd28901458
11092:             1             16  org.opensearch.index.reindex.TransportUpdateByQueryAction$$Lambda/0x00007fcd28901670
11093:             1             16  org.opensearch.index.reindex.UpdateByQueryAction$$Lambda/0x00007fcd28bfc4d8
11094:             1             16  org.opensearch.index.remote.RemoteStorePressureService$BytesLagValidator
11095:             1             16  org.opensearch.index.remote.RemoteStorePressureService$ConsecutiveFailureValidator
11096:             1             16  org.opensearch.index.remote.RemoteStorePressureService$TimeLagValidator
11097:             1             16  org.opensearch.index.remote.RemoteStorePressureSettings$$Lambda/0x00007fcd28dce2b0
11098:             1             16  org.opensearch.index.remote.RemoteStorePressureSettings$$Lambda/0x00007fcd28dce4e0
11099:             1             16  org.opensearch.index.remote.RemoteStorePressureSettings$$Lambda/0x00007fcd28dce710
11100:             1             16  org.opensearch.index.remote.RemoteStorePressureSettings$$Lambda/0x00007fcd28dce940
11101:             1             16  org.opensearch.index.remote.RemoteStoreStatsTrackerFactory$$Lambda/0x00007fcd288c08c0
11102:             1             16  org.opensearch.index.search.QueryParserHelper$$Lambda/0x00007fcd292e0830
11103:             1             16  org.opensearch.index.search.stats.SearchStats$Stats$$Lambda/0x00007fcd293bf9a8
11104:             1             16  org.opensearch.index.search.stats.SearchStats$Stats$$Lambda/0x00007fcd293bfbc0
11105:             1             16  org.opensearch.index.seqno.GlobalCheckpointSyncAction$$Lambda/0x00007fcd28dbec78
11106:             1             16  org.opensearch.index.seqno.GlobalCheckpointSyncAction$$Lambda/0x00007fcd28dbee90
11107:             1             16  org.opensearch.index.seqno.GlobalCheckpointSyncAction$$Lambda/0x00007fcd293ae4e8
11108:             1             16  org.opensearch.index.seqno.LocalCheckpointTracker$$Lambda/0x00007fcd292c2228
11109:             1             16  org.opensearch.index.seqno.LocalCheckpointTracker$$Lambda/0x00007fcd292c2860
11110:             1             16  org.opensearch.index.seqno.ReplicationTracker$$Lambda/0x00007fcd293746f0
11111:             1             16  org.opensearch.index.seqno.ReplicationTracker$$Lambda/0x00007fcd29374928
11112:             1             16  org.opensearch.index.seqno.ReplicationTracker$$Lambda/0x00007fcd29375238
11113:             1             16  org.opensearch.index.seqno.ReplicationTracker$$Lambda/0x00007fcd29375480
11114:             1             16  org.opensearch.index.seqno.ReplicationTracker$$Lambda/0x00007fcd293756b8
11115:             1             16  org.opensearch.index.seqno.ReplicationTracker$$Lambda/0x00007fcd29375900
11116:             1             16  org.opensearch.index.seqno.ReplicationTracker$$Lambda/0x00007fcd2937a298
11117:             1             16  org.opensearch.index.seqno.ReplicationTracker$$Lambda/0x00007fcd293a7238
11118:             1             16  org.opensearch.index.seqno.ReplicationTracker$$Lambda/0x00007fcd293a76d0
11119:             1             16  org.opensearch.index.seqno.ReplicationTracker$$Lambda/0x00007fcd293a7b48
11120:             1             16  org.opensearch.index.seqno.RetentionLease$$Lambda/0x00007fcd2927fda0
11121:             1             16  org.opensearch.index.seqno.RetentionLeaseActions$Add$$Lambda/0x00007fcd28c90438
11122:             1             16  org.opensearch.index.seqno.RetentionLeaseActions$Add$TransportAction$$Lambda/0x00007fcd28e20cf0
11123:             1             16  org.opensearch.index.seqno.RetentionLeaseActions$Remove$$Lambda/0x00007fcd28c91020
11124:             1             16  org.opensearch.index.seqno.RetentionLeaseActions$Remove$TransportAction$$Lambda/0x00007fcd28f5f570
11125:             1             16  org.opensearch.index.seqno.RetentionLeaseActions$Renew$$Lambda/0x00007fcd28c90b70
11126:             1             16  org.opensearch.index.seqno.RetentionLeaseActions$Renew$TransportAction$$Lambda/0x00007fcd28efe7e0
11127:             1             16  org.opensearch.index.seqno.RetentionLeaseBackgroundSyncAction$$Lambda/0x00007fcd28dbf710
11128:             1             16  org.opensearch.index.seqno.RetentionLeaseBackgroundSyncAction$$Lambda/0x00007fcd28dbf928
11129:             1             16  org.opensearch.index.seqno.RetentionLeaseSyncAction$$Lambda/0x00007fcd28dbf0a8
11130:             1             16  org.opensearch.index.seqno.RetentionLeaseSyncAction$$Lambda/0x00007fcd28dbf2c0
11131:             1             16  org.opensearch.index.seqno.RetentionLeaseSyncAction$$Lambda/0x00007fcd28dbf4d8
11132:             1             16  org.opensearch.index.seqno.RetentionLeaseSyncer$$Lambda/0x00007fcd28dbfb40
11133:             1             16  org.opensearch.index.seqno.RetentionLeaseSyncer$$Lambda/0x00007fcd28dbfd58
11134:             1             16  org.opensearch.index.seqno.RetentionLeaseSyncer$$Lambda/0x00007fcd28dcc000
11135:             1             16  org.opensearch.index.seqno.RetentionLeaseSyncer$$Lambda/0x00007fcd28dcc220
11136:             1             16  org.opensearch.index.seqno.RetentionLeases$$Lambda/0x00007fcd29276788
11137:             1             16  org.opensearch.index.seqno.RetentionLeases$$Lambda/0x00007fcd292769c0
11138:             1             16  org.opensearch.index.seqno.RetentionLeases$$Lambda/0x00007fcd29276c00
11139:             1             16  org.opensearch.index.seqno.RetentionLeases$$Lambda/0x00007fcd29276e18
11140:             1             16  org.opensearch.index.seqno.RetentionLeases$$Lambda/0x00007fcd29277050
11141:             1             16  org.opensearch.index.seqno.RetentionLeases$$Lambda/0x00007fcd2932aba8
11142:             1             16  org.opensearch.index.shard.IndexingStats$Stats$DocStatusStats$$Lambda/0x00007fcd293bf790
11143:             1             16  org.opensearch.index.similarity.ScriptedSimilarityProvider
11144:             1             16  org.opensearch.index.similarity.SimilarityService$$Lambda/0x00007fcd2909a000
11145:             1             16  org.opensearch.index.similarity.SimilarityService$$Lambda/0x00007fcd2909a218
11146:             1             16  org.opensearch.index.similarity.SimilarityService$$Lambda/0x00007fcd2909ec10
11147:             1             16  org.opensearch.index.similarity.SimilarityService$$Lambda/0x00007fcd2909ee48
11148:             1             16  org.opensearch.index.similarity.SimilarityService$$Lambda/0x00007fcd2909f080
11149:             1             16  org.opensearch.index.similarity.SimilarityService$$Lambda/0x00007fcd2909f2b8
11150:             1             16  org.opensearch.index.similarity.SimilarityService$$Lambda/0x00007fcd2909f4d0
11151:             1             16  org.opensearch.index.similarity.SimilarityService$$Lambda/0x00007fcd2909f6e8
11152:             1             16  org.opensearch.index.similarity.SimilarityService$$Lambda/0x00007fcd2909f900
11153:             1             16  org.opensearch.index.similarity.SimilarityService$$Lambda/0x00007fcd2909fb18
11154:             1             16  org.opensearch.index.similarity.SimilarityService$$Lambda/0x00007fcd2909fd30
11155:             1             16  org.opensearch.index.similarity.SimilarityService$$Lambda/0x00007fcd290a0640
11156:             1             16  org.opensearch.index.store.FsDirectoryFactory
11157:             1             16  org.opensearch.index.store.FsDirectoryFactory$$Lambda/0x00007fcd2848fcc8
11158:             1             16  org.opensearch.index.store.Store$$Lambda/0x00007fcd29379c10
11159:             1             16  org.opensearch.index.translog.BufferedChecksumStreamInput$$Lambda/0x00007fcd2927d228
11160:             1             16  org.opensearch.index.translog.MultiSnapshot$$Lambda/0x00007fcd2932bca0
11161:             1             16  org.opensearch.index.translog.ReplicationTranslogDeletionPolicy$Companion
11162:             1             16  org.opensearch.index.translog.Translog$$Lambda/0x00007fcd292cb1e0
11163:             1             16  org.opensearch.index.translog.Translog$$Lambda/0x00007fcd29328b28
11164:             1             16  org.opensearch.index.translog.Translog$$Lambda/0x00007fcd2932afd8
11165:             1             16  org.opensearch.index.translog.Translog$$Lambda/0x00007fcd2932b5f0
11166:             1             16  org.opensearch.index.translog.Translog$$Lambda/0x00007fcd2932b808
11167:             1             16  org.opensearch.index.translog.Translog$$Lambda/0x00007fcd29345e08
11168:             1             16  org.opensearch.index.translog.Translog$$Lambda/0x00007fcd293bef68
11169:             1             16  org.opensearch.index.translog.TranslogDeletionPolicy$$Lambda/0x00007fcd29346d70
11170:             1             16  org.opensearch.index.translog.listener.TranslogEventListener$1
11171:             1             16  org.opensearch.indexmanagement.GuiceHolder
11172:             1             16  org.opensearch.indexmanagement.GuiceHolder$Companion
11173:             1             16  org.opensearch.indexmanagement.IndexManagementIndices$$Lambda/0x00007fcd28aaa9a8
11174:             1             16  org.opensearch.indexmanagement.IndexManagementIndices$$Lambda/0x00007fcd28aaabd8
11175:             1             16  org.opensearch.indexmanagement.IndexManagementIndices$Companion
11176:             1             16  org.opensearch.indexmanagement.IndexManagementPlugin$$Lambda/0x00007fcd2847c800
11177:             1             16  org.opensearch.indexmanagement.IndexManagementPlugin$Companion
11178:             1             16  org.opensearch.indexmanagement.IndexManagementRunner
11179:             1             16  org.opensearch.indexmanagement.controlcenter.notification.ControlCenterIndices$Companion
11180:             1             16  org.opensearch.indexmanagement.controlcenter.notification.action.delete.DeleteLRONConfigAction$$Lambda/0x00007fcd28c4aea8
11181:             1             16  org.opensearch.indexmanagement.controlcenter.notification.action.delete.DeleteLRONConfigAction$Companion
11182:             1             16  org.opensearch.indexmanagement.controlcenter.notification.action.delete.TransportDeleteLRONConfigAction$$Lambda/0x00007fcd28dab5d0
11183:             1             16  org.opensearch.indexmanagement.controlcenter.notification.action.get.GetLRONConfigAction$$Lambda/0x00007fcd28c4a660
11184:             1             16  org.opensearch.indexmanagement.controlcenter.notification.action.get.GetLRONConfigAction$Companion
11185:             1             16  org.opensearch.indexmanagement.controlcenter.notification.action.get.TransportGetLRONConfigAction$$Lambda/0x00007fcd28ef7218
11186:             1             16  org.opensearch.indexmanagement.controlcenter.notification.action.index.IndexLRONConfigAction$$Lambda/0x00007fcd28c49b90
11187:             1             16  org.opensearch.indexmanagement.controlcenter.notification.action.index.IndexLRONConfigAction$Companion
11188:             1             16  org.opensearch.indexmanagement.controlcenter.notification.action.index.TransportIndexLRONConfigAction$$Lambda/0x00007fcd28da8b18
11189:             1             16  org.opensearch.indexmanagement.indexstatemanagement.DefaultIndexMetadataService
11190:             1             16  org.opensearch.indexmanagement.indexstatemanagement.DefaultIndexMetadataService$Companion
11191:             1             16  org.opensearch.indexmanagement.indexstatemanagement.ISMActionsParser$Companion
11192:             1             16  org.opensearch.indexmanagement.indexstatemanagement.ISMActionsParser$Companion$instance$2
11193:             1             16  org.opensearch.indexmanagement.indexstatemanagement.ISMActionsParser$HOLDER
11194:             1             16  org.opensearch.indexmanagement.indexstatemanagement.IndexMetadataProvider$$Lambda/0x00007fcd28aae218
11195:             1             16  org.opensearch.indexmanagement.indexstatemanagement.IndexMetadataProvider$Companion
11196:             1             16  org.opensearch.indexmanagement.indexstatemanagement.IndexStateManagementHistory$$Lambda/0x00007fcd28aab6a0
11197:             1             16  org.opensearch.indexmanagement.indexstatemanagement.IndexStateManagementHistory$$Lambda/0x00007fcd28aab8d0
11198:             1             16  org.opensearch.indexmanagement.indexstatemanagement.IndexStateManagementHistory$$Lambda/0x00007fcd28aabb00
11199:             1             16  org.opensearch.indexmanagement.indexstatemanagement.IndexStateManagementHistory$$Lambda/0x00007fcd28aabd30
11200:             1             16  org.opensearch.indexmanagement.indexstatemanagement.IndexStateManagementHistory$$Lambda/0x00007fcd28aabf60
11201:             1             16  org.opensearch.indexmanagement.indexstatemanagement.IndexStateManagementHistory$$Lambda/0x00007fcd28aac190
11202:             1             16  org.opensearch.indexmanagement.indexstatemanagement.IndexStateManagementHistory$$Lambda/0x00007fcd28aac3c0
11203:             1             16  org.opensearch.indexmanagement.indexstatemanagement.ManagedIndexCoordinator$$Lambda/0x00007fcd28aafc88
11204:             1             16  org.opensearch.indexmanagement.indexstatemanagement.ManagedIndexCoordinator$$Lambda/0x00007fcd28ab0000
11205:             1             16  org.opensearch.indexmanagement.indexstatemanagement.ManagedIndexCoordinator$$Lambda/0x00007fcd28ab0230
11206:             1             16  org.opensearch.indexmanagement.indexstatemanagement.ManagedIndexCoordinator$$Lambda/0x00007fcd28ab0460
11207:             1             16  org.opensearch.indexmanagement.indexstatemanagement.ManagedIndexCoordinator$$Lambda/0x00007fcd28ab0690
11208:             1             16  org.opensearch.indexmanagement.indexstatemanagement.ManagedIndexCoordinator$$Lambda/0x00007fcd28ab08c0
11209:             1             16  org.opensearch.indexmanagement.indexstatemanagement.ManagedIndexCoordinator$$Lambda/0x00007fcd28ab0af0
11210:             1             16  org.opensearch.indexmanagement.indexstatemanagement.ManagedIndexCoordinator$Companion
11211:             1             16  org.opensearch.indexmanagement.indexstatemanagement.ManagedIndexRunner
11212:             1             16  org.opensearch.indexmanagement.indexstatemanagement.ManagedIndexRunner$$Lambda/0x00007fcd28aae888
11213:             1             16  org.opensearch.indexmanagement.indexstatemanagement.ManagedIndexRunner$$Lambda/0x00007fcd28aaeab0
11214:             1             16  org.opensearch.indexmanagement.indexstatemanagement.ManagedIndexRunner$$Lambda/0x00007fcd28aaecd8
11215:             1             16  org.opensearch.indexmanagement.indexstatemanagement.ManagedIndexRunner$$Lambda/0x00007fcd28aaef00
11216:             1             16  org.opensearch.indexmanagement.indexstatemanagement.PluginVersionSweepCoordinator$$Lambda/0x00007fcd28ab11c0
11217:             1             16  org.opensearch.indexmanagement.indexstatemanagement.action.AllocationActionParser
11218:             1             16  org.opensearch.indexmanagement.indexstatemanagement.action.CloseActionParser
11219:             1             16  org.opensearch.indexmanagement.indexstatemanagement.action.DeleteActionParser
11220:             1             16  org.opensearch.indexmanagement.indexstatemanagement.action.ForceMergeActionParser
11221:             1             16  org.opensearch.indexmanagement.indexstatemanagement.action.IndexPriorityActionParser
11222:             1             16  org.opensearch.indexmanagement.indexstatemanagement.action.NotificationActionParser
11223:             1             16  org.opensearch.indexmanagement.indexstatemanagement.action.OpenActionParser
11224:             1             16  org.opensearch.indexmanagement.indexstatemanagement.action.ReadOnlyActionParser
11225:             1             16  org.opensearch.indexmanagement.indexstatemanagement.action.ReadWriteActionParser
11226:             1             16  org.opensearch.indexmanagement.indexstatemanagement.action.ReplicaCountActionParser
11227:             1             16  org.opensearch.indexmanagement.indexstatemanagement.action.RolloverActionParser
11228:             1             16  org.opensearch.indexmanagement.indexstatemanagement.action.RollupActionParser
11229:             1             16  org.opensearch.indexmanagement.indexstatemanagement.action.ShrinkActionParser
11230:             1             16  org.opensearch.indexmanagement.indexstatemanagement.action.SnapshotActionParser
11231:             1             16  org.opensearch.indexmanagement.indexstatemanagement.action.TransformActionParser
11232:             1             16  org.opensearch.indexmanagement.indexstatemanagement.resthandler.RestAddPolicyAction$Companion
11233:             1             16  org.opensearch.indexmanagement.indexstatemanagement.resthandler.RestChangePolicyAction$Companion
11234:             1             16  org.opensearch.indexmanagement.indexstatemanagement.resthandler.RestExplainAction$Companion
11235:             1             16  org.opensearch.indexmanagement.indexstatemanagement.resthandler.RestIndexPolicyAction$$Lambda/0x00007fcd28fb5dc8
11236:             1             16  org.opensearch.indexmanagement.indexstatemanagement.resthandler.RestRemovePolicyAction$Companion
11237:             1             16  org.opensearch.indexmanagement.indexstatemanagement.resthandler.RestRetryFailedManagedIndexAction$Companion
11238:             1             16  org.opensearch.indexmanagement.indexstatemanagement.settings.LegacyOpenDistroManagedIndexSettings$Companion
11239:             1             16  org.opensearch.indexmanagement.indexstatemanagement.settings.ManagedIndexSettings$Companion
11240:             1             16  org.opensearch.indexmanagement.indexstatemanagement.transport.action.addpolicy.AddPolicyAction$$Lambda/0x00007fcd28ab3b10
11241:             1             16  org.opensearch.indexmanagement.indexstatemanagement.transport.action.addpolicy.AddPolicyAction$Companion
11242:             1             16  org.opensearch.indexmanagement.indexstatemanagement.transport.action.addpolicy.TransportAddPolicyAction$$Lambda/0x00007fcd28da95c0
11243:             1             16  org.opensearch.indexmanagement.indexstatemanagement.transport.action.addpolicy.TransportAddPolicyAction$$Lambda/0x00007fcd28da97d8
11244:             1             16  org.opensearch.indexmanagement.indexstatemanagement.transport.action.addpolicy.TransportAddPolicyAction$$Lambda/0x00007fcd28da9a08
11245:             1             16  org.opensearch.indexmanagement.indexstatemanagement.transport.action.addpolicy.TransportAddPolicyAction$$Lambda/0x00007fcd28da9c38
11246:             1             16  org.opensearch.indexmanagement.indexstatemanagement.transport.action.addpolicy.TransportAddPolicyAction$Companion
11247:             1             16  org.opensearch.indexmanagement.indexstatemanagement.transport.action.changepolicy.ChangePolicyAction$$Lambda/0x00007fcd28c38c68
11248:             1             16  org.opensearch.indexmanagement.indexstatemanagement.transport.action.changepolicy.ChangePolicyAction$Companion
11249:             1             16  org.opensearch.indexmanagement.indexstatemanagement.transport.action.changepolicy.TransportChangePolicyAction$$Lambda/0x00007fcd28daba00
11250:             1             16  org.opensearch.indexmanagement.indexstatemanagement.transport.action.changepolicy.TransportChangePolicyAction$$Lambda/0x00007fcd28dabc18
11251:             1             16  org.opensearch.indexmanagement.indexstatemanagement.transport.action.deletepolicy.DeletePolicyAction$$Lambda/0x00007fcd28c3aa58
11252:             1             16  org.opensearch.indexmanagement.indexstatemanagement.transport.action.deletepolicy.DeletePolicyAction$Companion
11253:             1             16  org.opensearch.indexmanagement.indexstatemanagement.transport.action.deletepolicy.TransportDeletePolicyAction$$Lambda/0x00007fcd28f07b98
11254:             1             16  org.opensearch.indexmanagement.indexstatemanagement.transport.action.deletepolicy.TransportDeletePolicyAction$$Lambda/0x00007fcd28f07db0
11255:             1             16  org.opensearch.indexmanagement.indexstatemanagement.transport.action.explain.ExplainAction$$Lambda/0x00007fcd28c3a210
11256:             1             16  org.opensearch.indexmanagement.indexstatemanagement.transport.action.explain.ExplainAction$Companion
11257:             1             16  org.opensearch.indexmanagement.indexstatemanagement.transport.action.explain.TransportExplainAction$$Lambda/0x00007fcd28f07768
11258:             1             16  org.opensearch.indexmanagement.indexstatemanagement.transport.action.explain.TransportExplainAction$Companion
11259:             1             16  org.opensearch.indexmanagement.indexstatemanagement.transport.action.getpolicy.GetPoliciesAction$$Lambda/0x00007fcd28c3bff8
11260:             1             16  org.opensearch.indexmanagement.indexstatemanagement.transport.action.getpolicy.GetPoliciesAction$Companion
11261:             1             16  org.opensearch.indexmanagement.indexstatemanagement.transport.action.getpolicy.GetPolicyAction$$Lambda/0x00007fcd28c3b528
11262:             1             16  org.opensearch.indexmanagement.indexstatemanagement.transport.action.getpolicy.GetPolicyAction$Companion
11263:             1             16  org.opensearch.indexmanagement.indexstatemanagement.transport.action.getpolicy.TransportGetPoliciesAction$$Lambda/0x00007fcd28daa2b0
11264:             1             16  org.opensearch.indexmanagement.indexstatemanagement.transport.action.getpolicy.TransportGetPoliciesAction$$Lambda/0x00007fcd28daa4c8
11265:             1             16  org.opensearch.indexmanagement.indexstatemanagement.transport.action.getpolicy.TransportGetPolicyAction$$Lambda/0x00007fcd28f06ef0
11266:             1             16  org.opensearch.indexmanagement.indexstatemanagement.transport.action.getpolicy.TransportGetPolicyAction$$Lambda/0x00007fcd28f07108
11267:             1             16  org.opensearch.indexmanagement.indexstatemanagement.transport.action.indexpolicy.IndexPolicyAction$$Lambda/0x00007fcd28c39738
11268:             1             16  org.opensearch.indexmanagement.indexstatemanagement.transport.action.indexpolicy.IndexPolicyAction$Companion
11269:             1             16  org.opensearch.indexmanagement.indexstatemanagement.transport.action.indexpolicy.TransportIndexPolicyAction$$Lambda/0x00007fcd28f548d0
11270:             1             16  org.opensearch.indexmanagement.indexstatemanagement.transport.action.indexpolicy.TransportIndexPolicyAction$$Lambda/0x00007fcd28f54ae8
11271:             1             16  org.opensearch.indexmanagement.indexstatemanagement.transport.action.managedIndex.ManagedIndexAction$$Lambda/0x00007fcd28c46448
11272:             1             16  org.opensearch.indexmanagement.indexstatemanagement.transport.action.managedIndex.ManagedIndexAction$Companion
11273:             1             16  org.opensearch.indexmanagement.indexstatemanagement.transport.action.managedIndex.TransportManagedIndexAction$$Lambda/0x00007fcd28f06230
11274:             1             16  org.opensearch.indexmanagement.indexstatemanagement.transport.action.removepolicy.RemovePolicyAction$$Lambda/0x00007fcd28ab2770
11275:             1             16  org.opensearch.indexmanagement.indexstatemanagement.transport.action.removepolicy.RemovePolicyAction$Companion
11276:             1             16  org.opensearch.indexmanagement.indexstatemanagement.transport.action.removepolicy.TransportRemovePolicyAction$$Lambda/0x00007fcd28f06448
11277:             1             16  org.opensearch.indexmanagement.indexstatemanagement.transport.action.retryfailedmanagedindex.RetryFailedManagedIndexAction$$Lambda/0x00007fcd28c38420
11278:             1             16  org.opensearch.indexmanagement.indexstatemanagement.transport.action.retryfailedmanagedindex.RetryFailedManagedIndexAction$Companion
11279:             1             16  org.opensearch.indexmanagement.indexstatemanagement.transport.action.retryfailedmanagedindex.TransportRetryFailedManagedIndexAction$$Lambda/0x00007fcd28f55e38
11280:             1             16  org.opensearch.indexmanagement.indexstatemanagement.transport.action.updateindexmetadata.TransportUpdateManagedIndexMetaDataAction$$Lambda/0x00007fcd28f54000
11281:             1             16  org.opensearch.indexmanagement.indexstatemanagement.transport.action.updateindexmetadata.TransportUpdateManagedIndexMetaDataAction$Companion
11282:             1             16  org.opensearch.indexmanagement.indexstatemanagement.transport.action.updateindexmetadata.TransportUpdateManagedIndexMetaDataAction$ManagedIndexMetaDataExecutor
11283:             1             16  org.opensearch.indexmanagement.indexstatemanagement.transport.action.updateindexmetadata.UpdateManagedIndexMetaDataAction$$Lambda/0x00007fcd28ab1c38
11284:             1             16  org.opensearch.indexmanagement.indexstatemanagement.transport.action.updateindexmetadata.UpdateManagedIndexMetaDataAction$Companion
11285:             1             16  org.opensearch.indexmanagement.refreshanalyzer.RefreshSearchAnalyzerAction$$Lambda/0x00007fcd28ab3278
11286:             1             16  org.opensearch.indexmanagement.refreshanalyzer.RefreshSearchAnalyzerAction$Companion
11287:             1             16  org.opensearch.indexmanagement.refreshanalyzer.RestRefreshSearchAnalyzerAction$Companion
11288:             1             16  org.opensearch.indexmanagement.refreshanalyzer.TransportRefreshSearchAnalyzerAction$$Lambda/0x00007fcd28dab7e8
11289:             1             16  org.opensearch.indexmanagement.rollup.RollupIndexer$$Lambda/0x00007fcd28aa92c8
11290:             1             16  org.opensearch.indexmanagement.rollup.RollupMapperService$Companion
11291:             1             16  org.opensearch.indexmanagement.rollup.RollupRunner
11292:             1             16  org.opensearch.indexmanagement.rollup.RollupSearchService$$Lambda/0x00007fcd28aa9700
11293:             1             16  org.opensearch.indexmanagement.rollup.RollupSearchService$$Lambda/0x00007fcd28aa9930
11294:             1             16  org.opensearch.indexmanagement.rollup.action.delete.DeleteRollupAction$$Lambda/0x00007fcd28c3c840
11295:             1             16  org.opensearch.indexmanagement.rollup.action.delete.DeleteRollupAction$Companion
11296:             1             16  org.opensearch.indexmanagement.rollup.action.delete.TransportDeleteRollupAction$$Lambda/0x00007fcd28f56498
11297:             1             16  org.opensearch.indexmanagement.rollup.action.delete.TransportDeleteRollupAction$$Lambda/0x00007fcd28f566b0
11298:             1             16  org.opensearch.indexmanagement.rollup.action.explain.ExplainRollupAction$$Lambda/0x00007fcd28c40480
11299:             1             16  org.opensearch.indexmanagement.rollup.action.explain.ExplainRollupAction$Companion
11300:             1             16  org.opensearch.indexmanagement.rollup.action.explain.TransportExplainRollupAction$$Lambda/0x00007fcd28da86d0
11301:             1             16  org.opensearch.indexmanagement.rollup.action.explain.TransportExplainRollupAction$$Lambda/0x00007fcd28da88e8
11302:             1             16  org.opensearch.indexmanagement.rollup.action.get.GetRollupAction$$Lambda/0x00007fcd28c3d310
11303:             1             16  org.opensearch.indexmanagement.rollup.action.get.GetRollupAction$Companion
11304:             1             16  org.opensearch.indexmanagement.rollup.action.get.GetRollupsAction$$Lambda/0x00007fcd28c3dde0
11305:             1             16  org.opensearch.indexmanagement.rollup.action.get.GetRollupsAction$Companion
11306:             1             16  org.opensearch.indexmanagement.rollup.action.get.TransportGetRollupAction$$Lambda/0x00007fcd28ef7cc0
11307:             1             16  org.opensearch.indexmanagement.rollup.action.get.TransportGetRollupAction$$Lambda/0x00007fcd28f06000
11308:             1             16  org.opensearch.indexmanagement.rollup.action.get.TransportGetRollupsAction$$Lambda/0x00007fcd28daad40
11309:             1             16  org.opensearch.indexmanagement.rollup.action.get.TransportGetRollupsAction$$Lambda/0x00007fcd28daaf58
11310:             1             16  org.opensearch.indexmanagement.rollup.action.index.IndexRollupAction$$Lambda/0x00007fcd28c3e8b0
11311:             1             16  org.opensearch.indexmanagement.rollup.action.index.IndexRollupAction$Companion
11312:             1             16  org.opensearch.indexmanagement.rollup.action.index.TransportIndexRollupAction$$Lambda/0x00007fcd28f55160
11313:             1             16  org.opensearch.indexmanagement.rollup.action.index.TransportIndexRollupAction$$Lambda/0x00007fcd28f55378
11314:             1             16  org.opensearch.indexmanagement.rollup.action.mapping.TransportUpdateRollupMappingAction$$Lambda/0x00007fcd28f07980
11315:             1             16  org.opensearch.indexmanagement.rollup.action.mapping.UpdateRollupMappingAction$$Lambda/0x00007fcd28c40cc8
11316:             1             16  org.opensearch.indexmanagement.rollup.action.mapping.UpdateRollupMappingAction$Companion
11317:             1             16  org.opensearch.indexmanagement.rollup.action.start.StartRollupAction$$Lambda/0x00007fcd28c3f0f8
11318:             1             16  org.opensearch.indexmanagement.rollup.action.start.StartRollupAction$Companion
11319:             1             16  org.opensearch.indexmanagement.rollup.action.start.TransportStartRollupAction$$Lambda/0x00007fcd28f56d28
11320:             1             16  org.opensearch.indexmanagement.rollup.action.start.TransportStartRollupAction$$Lambda/0x00007fcd28f56f40
11321:             1             16  org.opensearch.indexmanagement.rollup.action.stop.StopRollupAction$$Lambda/0x00007fcd28c3f940
11322:             1             16  org.opensearch.indexmanagement.rollup.action.stop.StopRollupAction$Companion
11323:             1             16  org.opensearch.indexmanagement.rollup.action.stop.TransportStopRollupAction$$Lambda/0x00007fcd28da9e68
11324:             1             16  org.opensearch.indexmanagement.rollup.action.stop.TransportStopRollupAction$$Lambda/0x00007fcd28daa080
11325:             1             16  org.opensearch.indexmanagement.rollup.actionfilter.FieldCapsFilter$$Lambda/0x00007fcd28aa7630
11326:             1             16  org.opensearch.indexmanagement.rollup.interceptor.RollupInterceptor$$Lambda/0x00007fcd28585e40
11327:             1             16  org.opensearch.indexmanagement.rollup.interceptor.RollupInterceptor$$Lambda/0x00007fcd28586070
11328:             1             16  org.opensearch.indexmanagement.rollup.settings.LegacyOpenDistroRollupSettings$Companion
11329:             1             16  org.opensearch.indexmanagement.rollup.settings.RollupSettings$Companion
11330:             1             16  org.opensearch.indexmanagement.rollup.util.QueryShardContextFactory
11331:             1             16  org.opensearch.indexmanagement.rollup.util.RollupFieldValueExpressionResolver
11332:             1             16  org.opensearch.indexmanagement.rollup.util.RollupFieldValueExpressionResolver$IndexAliasUtils
11333:             1             16  org.opensearch.indexmanagement.settings.IndexManagementSettings$Companion
11334:             1             16  org.opensearch.indexmanagement.snapshotmanagement.SMRunner
11335:             1             16  org.opensearch.indexmanagement.snapshotmanagement.api.transport.SMActions
11336:             1             16  org.opensearch.indexmanagement.snapshotmanagement.api.transport.SMActions$$Lambda/0x00007fcd28c46cf8
11337:             1             16  org.opensearch.indexmanagement.snapshotmanagement.api.transport.SMActions$$Lambda/0x00007fcd28c47198
11338:             1             16  org.opensearch.indexmanagement.snapshotmanagement.api.transport.SMActions$$Lambda/0x00007fcd28c47638
11339:             1             16  org.opensearch.indexmanagement.snapshotmanagement.api.transport.SMActions$$Lambda/0x00007fcd28c47850
11340:             1             16  org.opensearch.indexmanagement.snapshotmanagement.api.transport.SMActions$$Lambda/0x00007fcd28c47ce8
11341:             1             16  org.opensearch.indexmanagement.snapshotmanagement.api.transport.SMActions$$Lambda/0x00007fcd28c48000
11342:             1             16  org.opensearch.indexmanagement.snapshotmanagement.api.transport.SMActions$$Lambda/0x00007fcd28c48218
11343:             1             16  org.opensearch.indexmanagement.snapshotmanagement.api.transport.delete.TransportDeleteSMPolicyAction$$Lambda/0x00007fcd28f06660
11344:             1             16  org.opensearch.indexmanagement.snapshotmanagement.api.transport.delete.TransportDeleteSMPolicyAction$$Lambda/0x00007fcd28f06878
11345:             1             16  org.opensearch.indexmanagement.snapshotmanagement.api.transport.delete.TransportDeleteSMPolicyAction$Companion
11346:             1             16  org.opensearch.indexmanagement.snapshotmanagement.api.transport.explain.TransportExplainSMAction$$Lambda/0x00007fcd28f54488
11347:             1             16  org.opensearch.indexmanagement.snapshotmanagement.api.transport.explain.TransportExplainSMAction$$Lambda/0x00007fcd28f546a0
11348:             1             16  org.opensearch.indexmanagement.snapshotmanagement.api.transport.get.TransportGetSMPoliciesAction$$Lambda/0x00007fcd28f54d18
11349:             1             16  org.opensearch.indexmanagement.snapshotmanagement.api.transport.get.TransportGetSMPoliciesAction$$Lambda/0x00007fcd28f54f30
11350:             1             16  org.opensearch.indexmanagement.snapshotmanagement.api.transport.get.TransportGetSMPolicyAction$$Lambda/0x00007fcd28f06aa8
11351:             1             16  org.opensearch.indexmanagement.snapshotmanagement.api.transport.get.TransportGetSMPolicyAction$$Lambda/0x00007fcd28f06cc0
11352:             1             16  org.opensearch.indexmanagement.snapshotmanagement.api.transport.index.TransportIndexSMPolicyAction$$Lambda/0x00007fcd28daa6f8
11353:             1             16  org.opensearch.indexmanagement.snapshotmanagement.api.transport.index.TransportIndexSMPolicyAction$$Lambda/0x00007fcd28daab10
11354:             1             16  org.opensearch.indexmanagement.snapshotmanagement.api.transport.start.TransportStartSMAction$$Lambda/0x00007fcd28ef7878
11355:             1             16  org.opensearch.indexmanagement.snapshotmanagement.api.transport.start.TransportStartSMAction$$Lambda/0x00007fcd28ef7a90
11356:             1             16  org.opensearch.indexmanagement.snapshotmanagement.api.transport.start.TransportStartSMAction$Companion
11357:             1             16  org.opensearch.indexmanagement.snapshotmanagement.api.transport.stop.TransportStopSMAction$$Lambda/0x00007fcd28ef7430
11358:             1             16  org.opensearch.indexmanagement.snapshotmanagement.api.transport.stop.TransportStopSMAction$$Lambda/0x00007fcd28ef7648
11359:             1             16  org.opensearch.indexmanagement.snapshotmanagement.api.transport.stop.TransportStopSMAction$Companion
11360:             1             16  org.opensearch.indexmanagement.snapshotmanagement.settings.SnapshotManagementSettings$Companion
11361:             1             16  org.opensearch.indexmanagement.transform.TargetIndexMappingService
11362:             1             16  org.opensearch.indexmanagement.transform.TransformIndexer$$Lambda/0x00007fcd28aa6718
11363:             1             16  org.opensearch.indexmanagement.transform.TransformRunner
11364:             1             16  org.opensearch.indexmanagement.transform.TransformSearchService$$Lambda/0x00007fcd28aa59f8
11365:             1             16  org.opensearch.indexmanagement.transform.TransformSearchService$$Lambda/0x00007fcd28aa5c28
11366:             1             16  org.opensearch.indexmanagement.transform.TransformSearchService$Companion
11367:             1             16  org.opensearch.indexmanagement.transform.TransformValidator$$Lambda/0x00007fcd28aa6fa8
11368:             1             16  org.opensearch.indexmanagement.transform.TransformValidator$$Lambda/0x00007fcd28aa71d8
11369:             1             16  org.opensearch.indexmanagement.transform.TransformValidator$Companion
11370:             1             16  org.opensearch.indexmanagement.transform.action.delete.DeleteTransformsAction$$Lambda/0x00007fcd28c440a8
11371:             1             16  org.opensearch.indexmanagement.transform.action.delete.DeleteTransformsAction$Companion
11372:             1             16  org.opensearch.indexmanagement.transform.action.delete.TransportDeleteTransformsAction$$Lambda/0x00007fcd28dab188
11373:             1             16  org.opensearch.indexmanagement.transform.action.delete.TransportDeleteTransformsAction$$Lambda/0x00007fcd28dab3a0
11374:             1             16  org.opensearch.indexmanagement.transform.action.explain.ExplainTransformAction$$Lambda/0x00007fcd28c44b70
11375:             1             16  org.opensearch.indexmanagement.transform.action.explain.ExplainTransformAction$Companion
11376:             1             16  org.opensearch.indexmanagement.transform.action.explain.TransportExplainTransformAction$$Lambda/0x00007fcd28f568e0
11377:             1             16  org.opensearch.indexmanagement.transform.action.explain.TransportExplainTransformAction$$Lambda/0x00007fcd28f56af8
11378:             1             16  org.opensearch.indexmanagement.transform.action.get.GetTransformAction$$Lambda/0x00007fcd28c422c8
11379:             1             16  org.opensearch.indexmanagement.transform.action.get.GetTransformAction$Companion
11380:             1             16  org.opensearch.indexmanagement.transform.action.get.GetTransformsAction$$Lambda/0x00007fcd28c42d98
11381:             1             16  org.opensearch.indexmanagement.transform.action.get.GetTransformsAction$Companion
11382:             1             16  org.opensearch.indexmanagement.transform.action.get.TransportGetTransformAction$$Lambda/0x00007fcd28f56050
11383:             1             16  org.opensearch.indexmanagement.transform.action.get.TransportGetTransformAction$$Lambda/0x00007fcd28f56268
11384:             1             16  org.opensearch.indexmanagement.transform.action.get.TransportGetTransformsAction$$Lambda/0x00007fcd28da9178
11385:             1             16  org.opensearch.indexmanagement.transform.action.get.TransportGetTransformsAction$$Lambda/0x00007fcd28da9390
11386:             1             16  org.opensearch.indexmanagement.transform.action.index.IndexTransformAction$$Lambda/0x00007fcd28c417f8
11387:             1             16  org.opensearch.indexmanagement.transform.action.index.IndexTransformAction$Companion
11388:             1             16  org.opensearch.indexmanagement.transform.action.index.TransportIndexTransformAction$$Lambda/0x00007fcd28f555a8
11389:             1             16  org.opensearch.indexmanagement.transform.action.index.TransportIndexTransformAction$$Lambda/0x00007fcd28f557c0
11390:             1             16  org.opensearch.indexmanagement.transform.action.preview.PreviewTransformAction$$Lambda/0x00007fcd28c43860
11391:             1             16  org.opensearch.indexmanagement.transform.action.preview.PreviewTransformAction$Companion
11392:             1             16  org.opensearch.indexmanagement.transform.action.preview.TransportPreviewTransformAction$$Lambda/0x00007fcd28ef7000
11393:             1             16  org.opensearch.indexmanagement.transform.action.start.StartTransformAction$$Lambda/0x00007fcd28c453b8
11394:             1             16  org.opensearch.indexmanagement.transform.action.start.StartTransformAction$Companion
11395:             1             16  org.opensearch.indexmanagement.transform.action.start.TransportStartTransformAction$$Lambda/0x00007fcd28f559f0
11396:             1             16  org.opensearch.indexmanagement.transform.action.start.TransportStartTransformAction$$Lambda/0x00007fcd28f55c08
11397:             1             16  org.opensearch.indexmanagement.transform.action.stop.StopTransformAction$$Lambda/0x00007fcd28c45c00
11398:             1             16  org.opensearch.indexmanagement.transform.action.stop.StopTransformAction$Companion
11399:             1             16  org.opensearch.indexmanagement.transform.action.stop.TransportStopTransformAction$$Lambda/0x00007fcd28da8d30
11400:             1             16  org.opensearch.indexmanagement.transform.action.stop.TransportStopTransformAction$$Lambda/0x00007fcd28da8f48
11401:             1             16  org.opensearch.indexmanagement.transform.settings.TransformSettings$Companion
11402:             1             16  org.opensearch.indices.IndicesModule$$Lambda/0x00007fcd2874a0e8
11403:             1             16  org.opensearch.indices.IndicesModule$$Lambda/0x00007fcd2874a300
11404:             1             16  org.opensearch.indices.IndicesModule$$Lambda/0x00007fcd2874a518
11405:             1             16  org.opensearch.indices.IndicesModule$$Lambda/0x00007fcd2888d5d0
11406:             1             16  org.opensearch.indices.IndicesModule$$Lambda/0x00007fcd2888d7e8
11407:             1             16  org.opensearch.indices.IndicesModule$$Lambda/0x00007fcd2888da00
11408:             1             16  org.opensearch.indices.IndicesRequestCache$$Lambda/0x00007fcd2863ca38
11409:             1             16  org.opensearch.indices.IndicesRequestCache$$Lambda/0x00007fcd288c4140
11410:             1             16  org.opensearch.indices.IndicesRequestCache$$Lambda/0x00007fcd288c4838
11411:             1             16  org.opensearch.indices.IndicesRequestCache$$Lambda/0x00007fcd288c4f08
11412:             1             16  org.opensearch.indices.IndicesRequestCache$IndicesRequestCacheCleanupManager$$Lambda/0x00007fcd293d86c8
11413:             1             16  org.opensearch.indices.IndicesRequestCache$IndicesRequestCacheCleanupManager$$Lambda/0x00007fcd293d8900
11414:             1             16  org.opensearch.indices.IndicesRequestCache$IndicesRequestCacheCleanupManager$$Lambda/0x00007fcd293d8fb8
11415:             1             16  org.opensearch.indices.IndicesRequestCache$IndicesRequestCacheCleanupManager$$Lambda/0x00007fcd293d91e0
11416:             1             16  org.opensearch.indices.IndicesService$$Lambda/0x00007fcd2863d920
11417:             1             16  org.opensearch.indices.IndicesService$$Lambda/0x00007fcd288c38a8
11418:             1             16  org.opensearch.indices.IndicesService$$Lambda/0x00007fcd288c3ac8
11419:             1             16  org.opensearch.indices.IndicesService$$Lambda/0x00007fcd288c3ce0
11420:             1             16  org.opensearch.indices.IndicesService$$Lambda/0x00007fcd288c7868
11421:             1             16  org.opensearch.indices.IndicesService$$Lambda/0x00007fcd288c7cc8
11422:             1             16  org.opensearch.indices.IndicesService$$Lambda/0x00007fcd288c84a0
11423:             1             16  org.opensearch.indices.IndicesService$$Lambda/0x00007fcd288c8900
11424:             1             16  org.opensearch.indices.IndicesService$$Lambda/0x00007fcd2924c470
11425:             1             16  org.opensearch.indices.IndicesService$ClusterDefaultRefreshIntervalValidator
11426:             1             16  org.opensearch.indices.IndicesService$ClusterMinimumRefreshIntervalValidator
11427:             1             16  org.opensearch.indices.RemoteStoreSettings$$Lambda/0x00007fcd28705d50
11428:             1             16  org.opensearch.indices.RemoteStoreSettings$$Lambda/0x00007fcd28705f98
11429:             1             16  org.opensearch.indices.RemoteStoreSettings$$Lambda/0x00007fcd287061d0
11430:             1             16  org.opensearch.indices.RemoteStoreSettings$$Lambda/0x00007fcd28706408
11431:             1             16  org.opensearch.indices.RemoteStoreSettings$$Lambda/0x00007fcd288bcea8
11432:             1             16  org.opensearch.indices.RemoteStoreSettings$$Lambda/0x00007fcd288bd0d8
11433:             1             16  org.opensearch.indices.RemoteStoreSettings$$Lambda/0x00007fcd288bd308
11434:             1             16  org.opensearch.indices.RemoteStoreSettings$$Lambda/0x00007fcd288bd7a8
11435:             1             16  org.opensearch.indices.RemoteStoreSettings$$Lambda/0x00007fcd288bd9d8
11436:             1             16  org.opensearch.indices.RemoteStoreSettings$$Lambda/0x00007fcd288bdc08
11437:             1             16  org.opensearch.indices.RemoteStoreSettings$$Lambda/0x00007fcd288bde38
11438:             1             16  org.opensearch.indices.RemoteStoreSettings$$Lambda/0x00007fcd288be068
11439:             1             16  org.opensearch.indices.ShardLimitValidator$$Lambda/0x00007fcd288cb1d8
11440:             1             16  org.opensearch.indices.ShardLimitValidator$$Lambda/0x00007fcd288cb408
11441:             1             16  org.opensearch.indices.ShardLimitValidator$$Lambda/0x00007fcd288cb638
11442:             1             16  org.opensearch.indices.ShardLimitValidator$MaxShardPerClusterLimitValidator
11443:             1             16  org.opensearch.indices.ShardLimitValidator$MaxShardPerNodeLimitValidator
11444:             1             16  org.opensearch.indices.SystemIndices$$Lambda/0x00007fcd288b52a0
11445:             1             16  org.opensearch.indices.SystemIndices$$Lambda/0x00007fcd288b54d8
11446:             1             16  org.opensearch.indices.SystemIndices$$Lambda/0x00007fcd288b6af8
11447:             1             16  org.opensearch.indices.SystemIndices$$Lambda/0x00007fcd288b6d30
11448:             1             16  org.opensearch.indices.SystemIndices$$Lambda/0x00007fcd288b6f68
11449:             1             16  org.opensearch.indices.analysis.AnalysisModule$$Lambda/0x00007fcd28655540
11450:             1             16  org.opensearch.indices.analysis.AnalysisModule$$Lambda/0x00007fcd28656e08
11451:             1             16  org.opensearch.indices.analysis.AnalysisModule$$Lambda/0x00007fcd2865c000
11452:             1             16  org.opensearch.indices.analysis.AnalysisModule$$Lambda/0x00007fcd2865c740
11453:             1             16  org.opensearch.indices.analysis.AnalysisModule$$Lambda/0x00007fcd2865c978
11454:             1             16  org.opensearch.indices.analysis.AnalysisModule$$Lambda/0x00007fcd2865cbb8
11455:             1             16  org.opensearch.indices.analysis.AnalysisModule$$Lambda/0x00007fcd2867da38
11456:             1             16  org.opensearch.indices.analysis.AnalysisModule$$Lambda/0x00007fcd2867dc70
11457:             1             16  org.opensearch.indices.analysis.AnalysisModule$$Lambda/0x00007fcd28688518
11458:             1             16  org.opensearch.indices.analysis.AnalysisModule$$Lambda/0x00007fcd28688750
11459:             1             16  org.opensearch.indices.analysis.AnalysisModule$$Lambda/0x00007fcd28688e90
11460:             1             16  org.opensearch.indices.analysis.AnalysisModule$$Lambda/0x00007fcd286895d8
11461:             1             16  org.opensearch.indices.analysis.AnalysisModule$$Lambda/0x00007fcd28689d18
11462:             1             16  org.opensearch.indices.analysis.AnalysisModule$$Lambda/0x00007fcd2868a1e0
11463:             1             16  org.opensearch.indices.analysis.AnalysisModule$$Lambda/0x00007fcd2868a418
11464:             1             16  org.opensearch.indices.analysis.AnalysisModule$$Lambda/0x00007fcd2869c508
11465:             1             16  org.opensearch.indices.analysis.AnalysisModule$$Lambda/0x00007fcd2869db00
11466:             1             16  org.opensearch.indices.analysis.AnalysisModule$$Lambda/0x00007fcd2869e1c8
11467:             1             16  org.opensearch.indices.analysis.AnalysisModule$$Lambda/0x00007fcd2869f608
11468:             1             16  org.opensearch.indices.analysis.AnalysisModule$1
11469:             1             16  org.opensearch.indices.breaker.BreakerSettings$$Lambda/0x00007fcd286c9680
11470:             1             16  org.opensearch.indices.breaker.BreakerSettings$$Lambda/0x00007fcd286c98b8
11471:             1             16  org.opensearch.indices.breaker.BreakerSettings$$Lambda/0x00007fcd286c9af0
11472:             1             16  org.opensearch.indices.breaker.BreakerSettings$$Lambda/0x00007fcd286c9f68
11473:             1             16  org.opensearch.indices.breaker.BreakerSettings$$Lambda/0x00007fcd286ca1a0
11474:             1             16  org.opensearch.indices.breaker.HierarchyCircuitBreakerService$$Lambda/0x00007fcd286d55d8
11475:             1             16  org.opensearch.indices.breaker.HierarchyCircuitBreakerService$$Lambda/0x00007fcd286d5810
11476:             1             16  org.opensearch.indices.breaker.HierarchyCircuitBreakerService$$Lambda/0x00007fcd286d5a48
11477:             1             16  org.opensearch.indices.breaker.HierarchyCircuitBreakerService$$Lambda/0x00007fcd286d5c80
11478:             1             16  org.opensearch.indices.breaker.HierarchyCircuitBreakerService$$Lambda/0x00007fcd28870438
11479:             1             16  org.opensearch.indices.breaker.HierarchyCircuitBreakerService$$Lambda/0x00007fcd28871538
11480:             1             16  org.opensearch.indices.breaker.HierarchyCircuitBreakerService$$Lambda/0x00007fcd28871768
11481:             1             16  org.opensearch.indices.breaker.HierarchyCircuitBreakerService$$Lambda/0x00007fcd28871998
11482:             1             16  org.opensearch.indices.breaker.HierarchyCircuitBreakerService$$Lambda/0x00007fcd28871bc8
11483:             1             16  org.opensearch.indices.breaker.HierarchyCircuitBreakerService$$Lambda/0x00007fcd28871df8
11484:             1             16  org.opensearch.indices.breaker.HierarchyCircuitBreakerService$$Lambda/0x00007fcd28872028
11485:             1             16  org.opensearch.indices.breaker.HierarchyCircuitBreakerService$$Lambda/0x00007fcd28872258
11486:             1             16  org.opensearch.indices.breaker.HierarchyCircuitBreakerService$$Lambda/0x00007fcd288731d8
11487:             1             16  org.opensearch.indices.breaker.HierarchyCircuitBreakerService$$Lambda/0x00007fcd288733f0
11488:             1             16  org.opensearch.indices.breaker.HierarchyCircuitBreakerService$$Lambda/0x00007fcd28873838
11489:             1             16  org.opensearch.indices.breaker.HierarchyCircuitBreakerService$$Lambda/0x00007fcd28873a58
11490:             1             16  org.opensearch.indices.cluster.IndicesClusterStateService$$Lambda/0x00007fcd28dccca8
11491:             1             16  org.opensearch.indices.cluster.IndicesClusterStateService$$Lambda/0x00007fcd28dccec0
11492:             1             16  org.opensearch.indices.cluster.IndicesClusterStateService$$Lambda/0x00007fcd2923ea88
11493:             1             16  org.opensearch.indices.cluster.IndicesClusterStateService$FailedShardHandler
11494:             1             16  org.opensearch.indices.recovery.MultiChunkTransfer$$Lambda/0x00007fcd29394890
11495:             1             16  org.opensearch.indices.recovery.PeerRecoverySourceService$$Lambda/0x00007fcd28d27a10
11496:             1             16  org.opensearch.indices.recovery.PeerRecoverySourceService$$Lambda/0x00007fcd28d282b8
11497:             1             16  org.opensearch.indices.recovery.PeerRecoverySourceService$OngoingRecoveries$$Lambda/0x00007fcd293854e8
11498:             1             16  org.opensearch.indices.recovery.PeerRecoverySourceService$ReestablishRecoveryTransportRequestHandler
11499:             1             16  org.opensearch.indices.recovery.PeerRecoverySourceService$StartRecoveryTransportRequestHandler
11500:             1             16  org.opensearch.indices.recovery.PeerRecoveryTargetService$$Lambda/0x00007fcd28d299e8
11501:             1             16  org.opensearch.indices.recovery.PeerRecoveryTargetService$$Lambda/0x00007fcd28d2a0d8
11502:             1             16  org.opensearch.indices.recovery.PeerRecoveryTargetService$$Lambda/0x00007fcd28d2a7f0
11503:             1             16  org.opensearch.indices.recovery.PeerRecoveryTargetService$$Lambda/0x00007fcd28d2aef8
11504:             1             16  org.opensearch.indices.recovery.PeerRecoveryTargetService$$Lambda/0x00007fcd28d2b628
11505:             1             16  org.opensearch.indices.recovery.PeerRecoveryTargetService$$Lambda/0x00007fcd28d2bf48
11506:             1             16  org.opensearch.indices.recovery.PeerRecoveryTargetService$$Lambda/0x00007fcd28d2c648
11507:             1             16  org.opensearch.indices.recovery.PeerRecoveryTargetService$CleanFilesRequestHandler
11508:             1             16  org.opensearch.indices.recovery.PeerRecoveryTargetService$FilesInfoRequestHandler
11509:             1             16  org.opensearch.indices.recovery.PeerRecoveryTargetService$FinalizeRecoveryRequestHandler
11510:             1             16  org.opensearch.indices.recovery.PeerRecoveryTargetService$HandoffPrimaryContextRequestHandler
11511:             1             16  org.opensearch.indices.recovery.PeerRecoveryTargetService$PrepareForTranslogOperationsRequestHandler
11512:             1             16  org.opensearch.indices.recovery.PeerRecoveryTargetService$TranslogOperationsRequestHandler
11513:             1             16  org.opensearch.indices.recovery.RecoveryResponse$$Lambda/0x00007fcd29370df8
11514:             1             16  org.opensearch.indices.recovery.RecoveryResponse$$Lambda/0x00007fcd29371ca0
11515:             1             16  org.opensearch.indices.recovery.RecoveryResponse$$Lambda/0x00007fcd29393470
11516:             1             16  org.opensearch.indices.recovery.RecoveryResponse$$Lambda/0x00007fcd293938a0
11517:             1             16  org.opensearch.indices.recovery.RecoverySettings$$Lambda/0x00007fcd286ce7b8
11518:             1             16  org.opensearch.indices.recovery.RecoverySettings$$Lambda/0x00007fcd286ce9f0
11519:             1             16  org.opensearch.indices.recovery.RecoverySettings$$Lambda/0x00007fcd286cec28
11520:             1             16  org.opensearch.indices.recovery.RecoverySettings$$Lambda/0x00007fcd286cee60
11521:             1             16  org.opensearch.indices.recovery.RecoverySettings$$Lambda/0x00007fcd288bb238
11522:             1             16  org.opensearch.indices.recovery.RecoverySettings$$Lambda/0x00007fcd288bb468
11523:             1             16  org.opensearch.indices.recovery.RecoverySettings$$Lambda/0x00007fcd288bb698
11524:             1             16  org.opensearch.indices.recovery.RecoverySettings$$Lambda/0x00007fcd288bb8c8
11525:             1             16  org.opensearch.indices.recovery.RecoverySettings$$Lambda/0x00007fcd288bbaf8
11526:             1             16  org.opensearch.indices.recovery.RecoverySettings$$Lambda/0x00007fcd288bbd28
11527:             1             16  org.opensearch.indices.recovery.RecoverySettings$$Lambda/0x00007fcd288bbf58
11528:             1             16  org.opensearch.indices.recovery.RecoverySettings$$Lambda/0x00007fcd288bc188
11529:             1             16  org.opensearch.indices.recovery.RecoverySettings$$Lambda/0x00007fcd288bc3b8
11530:             1             16  org.opensearch.indices.recovery.RecoverySettings$$Lambda/0x00007fcd288bc5e8
11531:             1             16  org.opensearch.indices.recovery.RecoverySettings$$Lambda/0x00007fcd288bc818
11532:             1             16  org.opensearch.indices.recovery.RecoverySettings$$Lambda/0x00007fcd288bca48
11533:             1             16  org.opensearch.indices.recovery.RecoverySettings$$Lambda/0x00007fcd288bcc78
11534:             1             16  org.opensearch.indices.recovery.RemoteRecoveryTargetHandler$$Lambda/0x00007fcd293893b0
11535:             1             16  org.opensearch.indices.recovery.RemoteRecoveryTargetHandler$$Lambda/0x00007fcd293895c8
11536:             1             16  org.opensearch.indices.recovery.RemoteRecoveryTargetHandler$$Lambda/0x00007fcd29395c28
11537:             1             16  org.opensearch.indices.recovery.RemoteRecoveryTargetHandler$$Lambda/0x00007fcd29396058
11538:             1             16  org.opensearch.indices.recovery.RemoteRecoveryTargetHandler$$Lambda/0x00007fcd29396d78
11539:             1             16  org.opensearch.indices.recovery.RemoteRecoveryTargetHandler$$Lambda/0x00007fcd293971a8
11540:             1             16  org.opensearch.indices.replication.SegmentReplicationSourceService$$Lambda/0x00007fcd28d2fc20
11541:             1             16  org.opensearch.indices.replication.SegmentReplicationSourceService$$Lambda/0x00007fcd28d30748
11542:             1             16  org.opensearch.indices.replication.SegmentReplicationSourceService$$Lambda/0x00007fcd28d30b90
11543:             1             16  org.opensearch.indices.replication.SegmentReplicationSourceService$CheckpointInfoRequestHandler
11544:             1             16  org.opensearch.indices.replication.SegmentReplicationSourceService$GetSegmentFilesRequestHandler
11545:             1             16  org.opensearch.indices.replication.SegmentReplicationSourceService$UpdateVisibleCheckpointRequestHandler
11546:             1             16  org.opensearch.indices.replication.SegmentReplicationTargetService$$Lambda/0x00007fcd28d2ddb8
11547:             1             16  org.opensearch.indices.replication.SegmentReplicationTargetService$$Lambda/0x00007fcd28d2e4b0
11548:             1             16  org.opensearch.indices.replication.SegmentReplicationTargetService$ForceSyncTransportRequestHandler
11549:             1             16  org.opensearch.indices.replication.checkpoint.PublishCheckpointAction$$Lambda/0x00007fcd28dcc440
11550:             1             16  org.opensearch.indices.replication.checkpoint.PublishCheckpointAction$$Lambda/0x00007fcd28dcc658
11551:             1             16  org.opensearch.indices.replication.checkpoint.SegmentReplicationCheckpointPublisher$$Lambda/0x00007fcd28dcc870
11552:             1             16  org.opensearch.indices.replication.checkpoint.SegmentReplicationCheckpointPublisher$$Lambda/0x00007fcd28dcca88
11553:             1             16  org.opensearch.indices.replication.common.ReplicationTarget$$Lambda/0x00007fcd292c7ac8
11554:             1             16  org.opensearch.indices.store.IndicesStore$$Lambda/0x00007fcd28dbdf88
11555:             1             16  org.opensearch.indices.store.IndicesStore$ShardActiveRequestHandler
11556:             1             16  org.opensearch.indices.store.TransportNodesListShardStoreMetadata$$Lambda/0x00007fcd28da58e0
11557:             1             16  org.opensearch.indices.store.TransportNodesListShardStoreMetadata$$Lambda/0x00007fcd28da5af8
11558:             1             16  org.opensearch.indices.store.TransportNodesListShardStoreMetadata$$Lambda/0x00007fcd28da5d10
11559:             1             16  org.opensearch.indices.store.TransportNodesListShardStoreMetadataBatch$$Lambda/0x00007fcd28da7590
11560:             1             16  org.opensearch.indices.store.TransportNodesListShardStoreMetadataBatch$$Lambda/0x00007fcd28da77a8
11561:             1             16  org.opensearch.indices.store.TransportNodesListShardStoreMetadataBatch$$Lambda/0x00007fcd28da79c0
11562:             1             16  org.opensearch.ingest.DropProcessor$Factory
11563:             1             16  org.opensearch.ingest.IngestService$$Lambda/0x00007fcd288c9238
11564:             1             16  org.opensearch.ingest.IngestService$$Lambda/0x00007fcd288c9458
11565:             1             16  org.opensearch.ingest.PipelineProcessor$Factory
11566:             1             16  org.opensearch.ingest.common.AppendProcessor$Factory
11567:             1             16  org.opensearch.ingest.common.BytesProcessor$Factory
11568:             1             16  org.opensearch.ingest.common.CommunityIdProcessor$Factory
11569:             1             16  org.opensearch.ingest.common.ConvertProcessor$Factory
11570:             1             16  org.opensearch.ingest.common.CopyProcessor$Factory
11571:             1             16  org.opensearch.ingest.common.CsvProcessor$Factory
11572:             1             16  org.opensearch.ingest.common.DateIndexNameProcessor$Factory
11573:             1             16  org.opensearch.ingest.common.DateProcessor$Factory
11574:             1             16  org.opensearch.ingest.common.DissectProcessor$Factory
11575:             1             16  org.opensearch.ingest.common.DotExpanderProcessor$Factory
11576:             1             16  org.opensearch.ingest.common.FailProcessor$Factory
11577:             1             16  org.opensearch.ingest.common.ForEachProcessor$Factory
11578:             1             16  org.opensearch.ingest.common.GrokProcessorGetAction$$Lambda/0x00007fcd288ef370
11579:             1             16  org.opensearch.ingest.common.GrokProcessorGetAction$TransportAction$$Lambda/0x00007fcd288efa50
11580:             1             16  org.opensearch.ingest.common.GsubProcessor$Factory
11581:             1             16  org.opensearch.ingest.common.HtmlStripProcessor$Factory
11582:             1             16  org.opensearch.ingest.common.IngestCommonPlugin
11583:             1             16  org.opensearch.ingest.common.IngestCommonPlugin$$Lambda/0x00007fcd288ec8d0
11584:             1             16  org.opensearch.ingest.common.JoinProcessor$Factory
11585:             1             16  org.opensearch.ingest.common.JsonProcessor$Factory
11586:             1             16  org.opensearch.ingest.common.KeyValueProcessor$Factory
11587:             1             16  org.opensearch.ingest.common.LowercaseProcessor$Factory
11588:             1             16  org.opensearch.ingest.common.RemoveByPatternProcessor$Factory
11589:             1             16  org.opensearch.ingest.common.RemoveProcessor$Factory
11590:             1             16  org.opensearch.ingest.common.RenameProcessor$Factory
11591:             1             16  org.opensearch.ingest.common.ScriptProcessor$Factory
11592:             1             16  org.opensearch.ingest.common.SetProcessor$Factory
11593:             1             16  org.opensearch.ingest.common.SortProcessor$Factory
11594:             1             16  org.opensearch.ingest.common.SplitProcessor$Factory
11595:             1             16  org.opensearch.ingest.common.TrimProcessor$Factory
11596:             1             16  org.opensearch.ingest.common.URLDecodeProcessor$Factory
11597:             1             16  org.opensearch.ingest.common.UppercaseProcessor$Factory
11598:             1             16  org.opensearch.ingest.geoip.IngestGeoIpPlugin
11599:             1             16  org.opensearch.ingest.geoip.IngestGeoIpPlugin$GeoIpCache
11600:             1             16  org.opensearch.ingest.useragent.IngestUserAgentPlugin
11601:             1             16  org.opensearch.ingest.useragent.UserAgentCache
11602:             1             16  org.opensearch.ingest.useragent.UserAgentProcessor$Factory
11603:             1             16  org.opensearch.jobscheduler.JobSchedulerPlugin$$Lambda/0x00007fcd285276d8
11604:             1             16  org.opensearch.jobscheduler.scheduler.ScheduledJobInfo
11605:             1             16  org.opensearch.jobscheduler.sweeper.JobSweeper$$Lambda/0x00007fcd28972c00
11606:             1             16  org.opensearch.jobscheduler.sweeper.JobSweeper$$Lambda/0x00007fcd28973468
11607:             1             16  org.opensearch.jobscheduler.sweeper.JobSweeper$$Lambda/0x00007fcd28973698
11608:             1             16  org.opensearch.jobscheduler.sweeper.JobSweeper$$Lambda/0x00007fcd289738c8
11609:             1             16  org.opensearch.jobscheduler.sweeper.JobSweeper$$Lambda/0x00007fcd28973af8
11610:             1             16  org.opensearch.jobscheduler.sweeper.JobSweeper$$Lambda/0x00007fcd28973d28
11611:             1             16  org.opensearch.jobscheduler.sweeper.JobSweeper$$Lambda/0x00007fcd29004b40
11612:             1             16  org.opensearch.jobscheduler.sweeper.JobSweeper$$Lambda/0x00007fcd29004f80
11613:             1             16  org.opensearch.jobscheduler.sweeper.JobSweeper$$Lambda/0x00007fcd290051c8
11614:             1             16  org.opensearch.jobscheduler.sweeper.JobSweeper$$Lambda/0x00007fcd29005400
11615:             1             16  org.opensearch.jobscheduler.sweeper.JobSweeper$$Lambda/0x00007fcd29005888
11616:             1             16  org.opensearch.jobscheduler.sweeper.JobSweeper$$Lambda/0x00007fcd29005ac0
11617:             1             16  org.opensearch.join.ParentJoinPlugin
11618:             1             16  org.opensearch.join.ParentJoinPlugin$$Lambda/0x00007fcd2878d230
11619:             1             16  org.opensearch.join.ParentJoinPlugin$$Lambda/0x00007fcd2878d448
11620:             1             16  org.opensearch.join.ParentJoinPlugin$$Lambda/0x00007fcd2878da28
11621:             1             16  org.opensearch.join.ParentJoinPlugin$$Lambda/0x00007fcd2878dc40
11622:             1             16  org.opensearch.join.ParentJoinPlugin$$Lambda/0x00007fcd2878e388
11623:             1             16  org.opensearch.join.ParentJoinPlugin$$Lambda/0x00007fcd2878e5a0
11624:             1             16  org.opensearch.join.ParentJoinPlugin$$Lambda/0x00007fcd2878ee38
11625:             1             16  org.opensearch.join.ParentJoinPlugin$$Lambda/0x00007fcd2878f050
11626:             1             16  org.opensearch.join.ParentJoinPlugin$$Lambda/0x00007fcd2878f860
11627:             1             16  org.opensearch.join.ParentJoinPlugin$$Lambda/0x00007fcd2883d250
11628:             1             16  org.opensearch.join.ParentJoinPlugin$$Lambda/0x00007fcd2883d468
11629:             1             16  org.opensearch.join.ParentJoinPlugin$$Lambda/0x00007fcd2883dc78
11630:             1             16  org.opensearch.join.mapper.ParentJoinFieldMapper$TypeParser
11631:             1             16  org.opensearch.knn.index.KNNClusterUtil
11632:             1             16  org.opensearch.knn.index.KNNSettings$$Lambda/0x00007fcd2848b790
11633:             1             16  org.opensearch.knn.index.KNNSettings$$Lambda/0x00007fcd28617d20
11634:             1             16  org.opensearch.knn.index.KNNSettings$$Lambda/0x00007fcd28fe6ee8
11635:             1             16  org.opensearch.knn.index.KNNSettings$1$$Lambda/0x00007fcd2848bdc0
11636:             1             16  org.opensearch.knn.index.KNNSettings$SpaceTypeValidator
11637:             1             16  org.opensearch.knn.index.MethodComponent$Builder$$Lambda/0x00007fcd28467cf0
11638:             1             16  org.opensearch.knn.index.VectorDataType$$Lambda/0x00007fcd28491618
11639:             1             16  org.opensearch.knn.index.codec.KNN920Codec.KNN920PerFieldKnnVectorsFormat$$Lambda/0x00007fcd28240678
11640:             1             16  org.opensearch.knn.index.codec.KNN920Codec.KNN920PerFieldKnnVectorsFormat$$Lambda/0x00007fcd28240890
11641:             1             16  org.opensearch.knn.index.codec.KNN940Codec.KNN940PerFieldKnnVectorsFormat$$Lambda/0x00007fcd28241130
11642:             1             16  org.opensearch.knn.index.codec.KNN940Codec.KNN940PerFieldKnnVectorsFormat$$Lambda/0x00007fcd28241348
11643:             1             16  org.opensearch.knn.index.codec.KNN950Codec.KNN950PerFieldKnnVectorsFormat$$Lambda/0x00007fcd28241be8
11644:             1             16  org.opensearch.knn.index.codec.KNN950Codec.KNN950PerFieldKnnVectorsFormat$$Lambda/0x00007fcd28241e00
11645:             1             16  org.opensearch.knn.index.codec.KNN990Codec.KNN990PerFieldKnnVectorsFormat$$Lambda/0x00007fcd282426a0
11646:             1             16  org.opensearch.knn.index.codec.KNN990Codec.KNN990PerFieldKnnVectorsFormat$$Lambda/0x00007fcd282428b8
11647:             1             16  org.opensearch.knn.index.codec.KNNCodecVersion$$Lambda/0x00007fcd28240000
11648:             1             16  org.opensearch.knn.index.codec.KNNCodecVersion$$Lambda/0x00007fcd28240238
11649:             1             16  org.opensearch.knn.index.codec.KNNCodecVersion$$Lambda/0x00007fcd28240460
11650:             1             16  org.opensearch.knn.index.codec.KNNCodecVersion$$Lambda/0x00007fcd28240ab8
11651:             1             16  org.opensearch.knn.index.codec.KNNCodecVersion$$Lambda/0x00007fcd28240cf0
11652:             1             16  org.opensearch.knn.index.codec.KNNCodecVersion$$Lambda/0x00007fcd28240f18
11653:             1             16  org.opensearch.knn.index.codec.KNNCodecVersion$$Lambda/0x00007fcd28241570
11654:             1             16  org.opensearch.knn.index.codec.KNNCodecVersion$$Lambda/0x00007fcd282417a8
11655:             1             16  org.opensearch.knn.index.codec.KNNCodecVersion$$Lambda/0x00007fcd282419d0
11656:             1             16  org.opensearch.knn.index.codec.KNNCodecVersion$$Lambda/0x00007fcd28242028
11657:             1             16  org.opensearch.knn.index.codec.KNNCodecVersion$$Lambda/0x00007fcd28242260
11658:             1             16  org.opensearch.knn.index.codec.KNNCodecVersion$$Lambda/0x00007fcd28242488
11659:             1             16  org.opensearch.knn.index.codec.KNNCodecVersion$$Lambda/0x00007fcd28242ae0
11660:             1             16  org.opensearch.knn.index.codec.KNNCodecVersion$$Lambda/0x00007fcd28242d18
11661:             1             16  org.opensearch.knn.index.codec.KNNCodecVersion$$Lambda/0x00007fcd28242f40
11662:             1             16  org.opensearch.knn.index.mapper.KNNVectorFieldMapper$TypeParser
11663:             1             16  org.opensearch.knn.index.memory.NativeMemoryCacheManager$$Lambda/0x00007fcd28907a70
11664:             1             16  org.opensearch.knn.index.memory.NativeMemoryCacheManager$$Lambda/0x00007fcd28908000
11665:             1             16  org.opensearch.knn.index.memory.NativeMemoryLoadStrategy$IndexLoadStrategy$1
11666:             1             16  org.opensearch.knn.index.util.Faiss$$Lambda/0x00007fcd28490230
11667:             1             16  org.opensearch.knn.index.util.Faiss$$Lambda/0x00007fcd284906c0
11668:             1             16  org.opensearch.knn.index.util.Faiss$$Lambda/0x00007fcd284908f8
11669:             1             16  org.opensearch.knn.index.util.Faiss$$Lambda/0x00007fcd28491850
11670:             1             16  org.opensearch.knn.index.util.Faiss$$Lambda/0x00007fcd28491aa0
11671:             1             16  org.opensearch.knn.index.util.Faiss$$Lambda/0x00007fcd28491ce8
11672:             1             16  org.opensearch.knn.index.util.Faiss$$Lambda/0x00007fcd28491f10
11673:             1             16  org.opensearch.knn.index.util.Faiss$$Lambda/0x00007fcd28492368
11674:             1             16  org.opensearch.knn.index.util.Faiss$$Lambda/0x00007fcd28492590
11675:             1             16  org.opensearch.knn.index.util.Faiss$$Lambda/0x00007fcd284927d8
11676:             1             16  org.opensearch.knn.index.util.Faiss$$Lambda/0x00007fcd28492a00
11677:             1             16  org.opensearch.knn.index.util.Faiss$$Lambda/0x00007fcd28494400
11678:             1             16  org.opensearch.knn.index.util.Faiss$$Lambda/0x00007fcd28494800
11679:             1             16  org.opensearch.knn.index.util.Faiss$$Lambda/0x00007fcd28494a28
11680:             1             16  org.opensearch.knn.index.util.Faiss$$Lambda/0x00007fcd28494c70
11681:             1             16  org.opensearch.knn.index.util.Faiss$$Lambda/0x00007fcd28495000
11682:             1             16  org.opensearch.knn.index.util.Faiss$$Lambda/0x00007fcd28495228
11683:             1             16  org.opensearch.knn.index.util.Faiss$$Lambda/0x00007fcd28495440
11684:             1             16  org.opensearch.knn.index.util.Faiss$$Lambda/0x00007fcd28495688
11685:             1             16  org.opensearch.knn.index.util.Faiss$$Lambda/0x00007fcd284958d0
11686:             1             16  org.opensearch.knn.index.util.Faiss$$Lambda/0x00007fcd28497908
11687:             1             16  org.opensearch.knn.index.util.Faiss$$Lambda/0x00007fcd28497b50
11688:             1             16  org.opensearch.knn.index.util.Faiss$$Lambda/0x00007fcd28497d78
11689:             1             16  org.opensearch.knn.index.util.Faiss$$Lambda/0x00007fcd28498000
11690:             1             16  org.opensearch.knn.index.util.Lucene$$Lambda/0x00007fcd28498830
11691:             1             16  org.opensearch.knn.index.util.Lucene$$Lambda/0x00007fcd28498a78
11692:             1             16  org.opensearch.knn.index.util.Lucene$$Lambda/0x00007fcd28498cc0
11693:             1             16  org.opensearch.knn.index.util.Lucene$$Lambda/0x00007fcd28498ef8
11694:             1             16  org.opensearch.knn.index.util.Nmslib$$Lambda/0x00007fcd28489000
11695:             1             16  org.opensearch.knn.index.util.Nmslib$$Lambda/0x00007fcd28489248
11696:             1             16  org.opensearch.knn.indices.ModelDao$OpenSearchKNNModelDao$$Lambda/0x00007fcd28904218
11697:             1             16  org.opensearch.knn.indices.ModelDao$OpenSearchKNNModelDao$$Lambda/0x00007fcd28904448
11698:             1             16  org.opensearch.knn.plugin.KNNPlugin$$Lambda/0x00007fcd28499d38
11699:             1             16  org.opensearch.knn.plugin.KNNPlugin$$Lambda/0x00007fcd28615bc0
11700:             1             16  org.opensearch.knn.plugin.KNNPlugin$$Lambda/0x00007fcd286161c8
11701:             1             16  org.opensearch.knn.plugin.KNNPlugin$$Lambda/0x00007fcd286163e0
11702:             1             16  org.opensearch.knn.plugin.KNNPlugin$$Lambda/0x00007fcd28616980
11703:             1             16  org.opensearch.knn.plugin.KNNPlugin$$Lambda/0x00007fcd28616b98
11704:             1             16  org.opensearch.knn.plugin.KNNPlugin$$Lambda/0x00007fcd28616db0
11705:             1             16  org.opensearch.knn.plugin.rest.RestKNNStatsHandler$$Lambda/0x00007fcd28fe6840
11706:             1             16  org.opensearch.knn.plugin.rest.RestKNNStatsHandler$$Lambda/0x00007fcd28fe6a78
11707:             1             16  org.opensearch.knn.plugin.rest.RestKNNStatsHandler$$Lambda/0x00007fcd28fe6cb0
11708:             1             16  org.opensearch.knn.plugin.script.KNNScoringScriptEngine
11709:             1             16  org.opensearch.knn.plugin.stats.KNNStats
11710:             1             16  org.opensearch.knn.plugin.stats.KNNStats$$Lambda/0x00007fcd289134e0
11711:             1             16  org.opensearch.knn.plugin.stats.KNNStats$$Lambda/0x00007fcd28913718
11712:             1             16  org.opensearch.knn.plugin.stats.KNNStats$$Lambda/0x00007fcd28913950
11713:             1             16  org.opensearch.knn.plugin.stats.KNNStats$$Lambda/0x00007fcd28913b88
11714:             1             16  org.opensearch.knn.plugin.stats.KNNStats$$Lambda/0x00007fcd28913dc0
11715:             1             16  org.opensearch.knn.plugin.stats.KNNStats$$Lambda/0x00007fcd28913ff8
11716:             1             16  org.opensearch.knn.plugin.stats.KNNStats$$Lambda/0x00007fcd28914458
11717:             1             16  org.opensearch.knn.plugin.stats.KNNStats$$Lambda/0x00007fcd28914690
11718:             1             16  org.opensearch.knn.plugin.stats.KNNStats$$Lambda/0x00007fcd289148c8
11719:             1             16  org.opensearch.knn.plugin.stats.KNNStats$$Lambda/0x00007fcd28914b00
11720:             1             16  org.opensearch.knn.plugin.stats.KNNStats$$Lambda/0x00007fcd289155f8
11721:             1             16  org.opensearch.knn.plugin.stats.KNNStats$$Lambda/0x00007fcd28915a58
11722:             1             16  org.opensearch.knn.plugin.stats.KNNStats$$Lambda/0x00007fcd28915c90
11723:             1             16  org.opensearch.knn.plugin.stats.KNNStats$$Lambda/0x00007fcd28915ec8
11724:             1             16  org.opensearch.knn.plugin.stats.KNNStats$1
11725:             1             16  org.opensearch.knn.plugin.stats.suppliers.KNNCircuitBreakerSupplier
11726:             1             16  org.opensearch.knn.plugin.stats.suppliers.ModelIndexStatusSupplier
11727:             1             16  org.opensearch.knn.plugin.stats.suppliers.ModelIndexingDegradingSupplier
11728:             1             16  org.opensearch.knn.plugin.transport.ClearCacheAction$$Lambda/0x00007fcd28c06910
11729:             1             16  org.opensearch.knn.plugin.transport.ClearCacheTransportAction$$Lambda/0x00007fcd28d88f50
11730:             1             16  org.opensearch.knn.plugin.transport.DeleteModelAction$$Lambda/0x00007fcd28c04748
11731:             1             16  org.opensearch.knn.plugin.transport.DeleteModelTransportAction$$Lambda/0x00007fcd28d88d38
11732:             1             16  org.opensearch.knn.plugin.transport.GetModelAction$$Lambda/0x00007fcd28917de0
11733:             1             16  org.opensearch.knn.plugin.transport.GetModelTransportAction$$Lambda/0x00007fcd28d897b0
11734:             1             16  org.opensearch.knn.plugin.transport.KNNStatsAction$$Lambda/0x00007fcd289165f0
11735:             1             16  org.opensearch.knn.plugin.transport.KNNStatsTransportAction$$Lambda/0x00007fcd28d89e50
11736:             1             16  org.opensearch.knn.plugin.transport.KNNStatsTransportAction$$Lambda/0x00007fcd28d8a068
11737:             1             16  org.opensearch.knn.plugin.transport.KNNWarmupAction$$Lambda/0x00007fcd28916d40
11738:             1             16  org.opensearch.knn.plugin.transport.KNNWarmupTransportAction$$Lambda/0x00007fcd28d8a280
11739:             1             16  org.opensearch.knn.plugin.transport.RemoveModelFromCacheAction$$Lambda/0x00007fcd28c058f0
11740:             1             16  org.opensearch.knn.plugin.transport.RemoveModelFromCacheTransportAction$$Lambda/0x00007fcd28d8a498
11741:             1             16  org.opensearch.knn.plugin.transport.RemoveModelFromCacheTransportAction$$Lambda/0x00007fcd28d8a6b0
11742:             1             16  org.opensearch.knn.plugin.transport.SearchModelAction$$Lambda/0x00007fcd28c05d80
11743:             1             16  org.opensearch.knn.plugin.transport.SearchModelTransportAction$$Lambda/0x00007fcd28d89168
11744:             1             16  org.opensearch.knn.plugin.transport.TrainingJobRouteDecisionInfoAction$$Lambda/0x00007fcd28917950
11745:             1             16  org.opensearch.knn.plugin.transport.TrainingJobRouteDecisionInfoTransportAction$$Lambda/0x00007fcd28d89380
11746:             1             16  org.opensearch.knn.plugin.transport.TrainingJobRouteDecisionInfoTransportAction$$Lambda/0x00007fcd28d89598
11747:             1             16  org.opensearch.knn.plugin.transport.TrainingJobRouterAction$$Lambda/0x00007fcd28c04e08
11748:             1             16  org.opensearch.knn.plugin.transport.TrainingJobRouterTransportAction$$Lambda/0x00007fcd28d8aae0
11749:             1             16  org.opensearch.knn.plugin.transport.TrainingModelAction$$Lambda/0x00007fcd28c05250
11750:             1             16  org.opensearch.knn.plugin.transport.TrainingModelTransportAction$$Lambda/0x00007fcd28d8a8c8
11751:             1             16  org.opensearch.knn.plugin.transport.UpdateModelGraveyardAction$$Lambda/0x00007fcd28c061b0
11752:             1             16  org.opensearch.knn.plugin.transport.UpdateModelGraveyardTransportAction$$Lambda/0x00007fcd28d899c8
11753:             1             16  org.opensearch.knn.plugin.transport.UpdateModelGraveyardTransportAction$UpdateModelGraveyardExecutor
11754:             1             16  org.opensearch.knn.plugin.transport.UpdateModelMetadataAction$$Lambda/0x00007fcd289171f0
11755:             1             16  org.opensearch.knn.plugin.transport.UpdateModelMetadataTransportAction$$Lambda/0x00007fcd28d8acf8
11756:             1             16  org.opensearch.knn.plugin.transport.UpdateModelMetadataTransportAction$UpdateModelMetadataExecutor
11757:             1             16  org.opensearch.ml.action.agents.DeleteAgentTransportAction$$Lambda/0x00007fcd28ebedd8
11758:             1             16  org.opensearch.ml.action.agents.GetAgentTransportAction$$Lambda/0x00007fcd28ebf2b0
11759:             1             16  org.opensearch.ml.action.agents.TransportRegisterAgentAction$$Lambda/0x00007fcd28f14000
11760:             1             16  org.opensearch.ml.action.agents.TransportSearchAgentAction$$Lambda/0x00007fcd28f16ba0
11761:             1             16  org.opensearch.ml.action.config.GetConfigTransportAction$$Lambda/0x00007fcd28f90de0
11762:             1             16  org.opensearch.ml.action.connector.DeleteConnectorTransportAction$$Lambda/0x00007fcd28efb000
11763:             1             16  org.opensearch.ml.action.connector.ExecuteConnectorTransportAction$$Lambda/0x00007fcd28d725d8
11764:             1             16  org.opensearch.ml.action.connector.GetConnectorTransportAction$$Lambda/0x00007fcd28e97aa8
11765:             1             16  org.opensearch.ml.action.connector.SearchConnectorTransportAction$$Lambda/0x00007fcd28d73960
11766:             1             16  org.opensearch.ml.action.connector.TransportCreateConnectorAction$$Lambda/0x00007fcd28ebe6e0
11767:             1             16  org.opensearch.ml.action.connector.TransportCreateConnectorAction$$Lambda/0x00007fcd28ebe8f8
11768:             1             16  org.opensearch.ml.action.connector.UpdateConnectorTransportAction$$Lambda/0x00007fcd28f904d0
11769:             1             16  org.opensearch.ml.action.connector.UpdateConnectorTransportAction$$Lambda/0x00007fcd28f906e8
11770:             1             16  org.opensearch.ml.action.controller.CreateControllerTransportAction$$Lambda/0x00007fcd28e7ed58
11771:             1             16  org.opensearch.ml.action.controller.DeleteControllerTransportAction$$Lambda/0x00007fcd28d73318
11772:             1             16  org.opensearch.ml.action.controller.DeployControllerTransportAction$$Lambda/0x00007fcd28e7fcc0
11773:             1             16  org.opensearch.ml.action.controller.DeployControllerTransportAction$$Lambda/0x00007fcd28e96000
11774:             1             16  org.opensearch.ml.action.controller.GetControllerTransportAction$$Lambda/0x00007fcd28e7f448
11775:             1             16  org.opensearch.ml.action.controller.UndeployControllerTransportAction$$Lambda/0x00007fcd28d727f0
11776:             1             16  org.opensearch.ml.action.controller.UndeployControllerTransportAction$$Lambda/0x00007fcd28d72a08
11777:             1             16  org.opensearch.ml.action.controller.UpdateControllerTransportAction$$Lambda/0x00007fcd28f17068
11778:             1             16  org.opensearch.ml.action.deploy.TransportDeployModelAction$$Lambda/0x00007fcd28f150f0
11779:             1             16  org.opensearch.ml.action.deploy.TransportDeployModelAction$$Lambda/0x00007fcd28f15308
11780:             1             16  org.opensearch.ml.action.deploy.TransportDeployModelOnNodeAction$$Lambda/0x00007fcd28e96b10
11781:             1             16  org.opensearch.ml.action.deploy.TransportDeployModelOnNodeAction$$Lambda/0x00007fcd28e96d28
11782:             1             16  org.opensearch.ml.action.execute.TransportExecuteTaskAction$$Lambda/0x00007fcd28f90918
11783:             1             16  org.opensearch.ml.action.forward.TransportForwardAction$$Lambda/0x00007fcd28f14648
11784:             1             16  org.opensearch.ml.action.forward.TransportForwardAction$$Lambda/0x00007fcd28f14860
11785:             1             16  org.opensearch.ml.action.model_group.DeleteModelGroupTransportAction$$Lambda/0x00007fcd28e968f8
11786:             1             16  org.opensearch.ml.action.model_group.GetModelGroupTransportAction$$Lambda/0x00007fcd28efb910
11787:             1             16  org.opensearch.ml.action.model_group.SearchModelGroupTransportAction$$Lambda/0x00007fcd28d73b78
11788:             1             16  org.opensearch.ml.action.model_group.TransportRegisterModelGroupAction$$Lambda/0x00007fcd28f17530
11789:             1             16  org.opensearch.ml.action.model_group.TransportUpdateModelGroupAction$$Lambda/0x00007fcd28f0f2b0
11790:             1             16  org.opensearch.ml.action.models.DeleteModelTransportAction$$Lambda/0x00007fcd28f90000
11791:             1             16  org.opensearch.ml.action.models.GetModelTransportAction$$Lambda/0x00007fcd28d72110
11792:             1             16  org.opensearch.ml.action.models.SearchModelTransportAction$$Lambda/0x00007fcd28e7ef70
11793:             1             16  org.opensearch.ml.action.models.UpdateModelTransportAction$$Lambda/0x00007fcd28f0f778
11794:             1             16  org.opensearch.ml.action.models.UpdateModelTransportAction$$Lambda/0x00007fcd28f0f990
11795:             1             16  org.opensearch.ml.action.prediction.TransportPredictionTaskAction$$Lambda/0x00007fcd28f16758
11796:             1             16  org.opensearch.ml.action.prediction.TransportPredictionTaskAction$$Lambda/0x00007fcd28f16970
11797:             1             16  org.opensearch.ml.action.profile.MLProfileAction$$Lambda/0x00007fcd28c4e948
11798:             1             16  org.opensearch.ml.action.profile.MLProfileTransportAction$$Lambda/0x00007fcd28e96218
11799:             1             16  org.opensearch.ml.action.profile.MLProfileTransportAction$$Lambda/0x00007fcd28e96430
11800:             1             16  org.opensearch.ml.action.register.TransportRegisterModelAction$$Lambda/0x00007fcd28e96f40
11801:             1             16  org.opensearch.ml.action.register.TransportRegisterModelAction$$Lambda/0x00007fcd28e97158
11802:             1             16  org.opensearch.ml.action.register.TransportRegisterModelAction$$Lambda/0x00007fcd28e97388
11803:             1             16  org.opensearch.ml.action.register.TransportRegisterModelAction$$Lambda/0x00007fcd28e975b8
11804:             1             16  org.opensearch.ml.action.stats.MLStatsNodesAction$$Lambda/0x00007fcd28ae6d88
11805:             1             16  org.opensearch.ml.action.stats.MLStatsNodesTransportAction$$Lambda/0x00007fcd28f17b90
11806:             1             16  org.opensearch.ml.action.stats.MLStatsNodesTransportAction$$Lambda/0x00007fcd28f17da8
11807:             1             16  org.opensearch.ml.action.syncup.TransportSyncUpOnNodeAction$$Lambda/0x00007fcd28e7f660
11808:             1             16  org.opensearch.ml.action.syncup.TransportSyncUpOnNodeAction$$Lambda/0x00007fcd28e7f878
11809:             1             16  org.opensearch.ml.action.syncup.TransportSyncUpOnNodeAction$$Lambda/0x00007fcd28e7fa90
11810:             1             16  org.opensearch.ml.action.tasks.DeleteTaskTransportAction$$Lambda/0x00007fcd28ebe000
11811:             1             16  org.opensearch.ml.action.tasks.GetTaskTransportAction$$Lambda/0x00007fcd28f914c8
11812:             1             16  org.opensearch.ml.action.tasks.SearchTaskTransportAction$$Lambda/0x00007fcd28f14430
11813:             1             16  org.opensearch.ml.action.training.TransportTrainingTaskAction$$Lambda/0x00007fcd28d73d90
11814:             1             16  org.opensearch.ml.action.trainpredict.TransportTrainAndPredictionTaskAction$$Lambda/0x00007fcd28f14218
11815:             1             16  org.opensearch.ml.action.undeploy.TransportUndeployModelAction$$Lambda/0x00007fcd28d73530
11816:             1             16  org.opensearch.ml.action.undeploy.TransportUndeployModelAction$$Lambda/0x00007fcd28d73748
11817:             1             16  org.opensearch.ml.action.undeploy.TransportUndeployModelsAction$$Lambda/0x00007fcd28e7e890
11818:             1             16  org.opensearch.ml.action.update_cache.UpdateModelCacheTransportAction$$Lambda/0x00007fcd28ebfbc8
11819:             1             16  org.opensearch.ml.action.update_cache.UpdateModelCacheTransportAction$$Lambda/0x00007fcd28ebfde0
11820:             1             16  org.opensearch.ml.action.upload_chunk.TransportRegisterModelMetaAction$$Lambda/0x00007fcd28f157e8
11821:             1             16  org.opensearch.ml.action.upload_chunk.TransportUploadModelChunkAction$$Lambda/0x00007fcd28f16540
11822:             1             16  org.opensearch.ml.autoredeploy.MLModelAutoReDeployer$$Lambda/0x00007fcd28ae54e8
11823:             1             16  org.opensearch.ml.autoredeploy.MLModelAutoReDeployer$$Lambda/0x00007fcd28ae5718
11824:             1             16  org.opensearch.ml.autoredeploy.MLModelAutoReDeployer$$Lambda/0x00007fcd28ae5948
11825:             1             16  org.opensearch.ml.autoredeploy.MLModelAutoReDeployer$$Lambda/0x00007fcd28ae5b78
11826:             1             16  org.opensearch.ml.autoredeploy.MLModelAutoReDeployer$SearchRequestBuilderFactory
11827:             1             16  org.opensearch.ml.breaker.MemoryCircuitBreaker$$Lambda/0x00007fcd28ab8488
11828:             1             16  org.opensearch.ml.client.MachineLearningNodeClient
11829:             1             16  org.opensearch.ml.client.MachineLearningNodeClient
11830:             1             16  org.opensearch.ml.cluster.DiscoveryNodeHelper$$Lambda/0x00007fcd28ab44a8
11831:             1             16  org.opensearch.ml.cluster.DiscoveryNodeHelper$$Lambda/0x00007fcd28ab46d8
11832:             1             16  org.opensearch.ml.cluster.DiscoveryNodeHelper$$Lambda/0x00007fcd28ab6218
11833:             1             16  org.opensearch.ml.cluster.DiscoveryNodeHelper$$Lambda/0x00007fcd28ab6448
11834:             1             16  org.opensearch.ml.cluster.DiscoveryNodeHelper$HotDataNodePredicate
11835:             1             16  org.opensearch.ml.cluster.MLCommonsClusterEventListener$$Lambda/0x00007fcd2902d618
11836:             1             16  org.opensearch.ml.cluster.MLCommonsClusterManagerEventListener$$Lambda/0x00007fcd28ae6468
11837:             1             16  org.opensearch.ml.common.input.execute.anomalylocalization.AnomalyLocalizationInput$$Lambda/0x00007fcd288a6650
11838:             1             16  org.opensearch.ml.common.input.execute.metricscorrelation.MetricsCorrelationInput$$Lambda/0x00007fcd288a6138
11839:             1             16  org.opensearch.ml.common.input.execute.samplecalculator.LocalSampleCalculatorInput$$Lambda/0x00007fcd288a5c60
11840:             1             16  org.opensearch.ml.common.input.parameter.ad.AnomalyDetectionLibSVMParams$$Lambda/0x00007fcd288a47a8
11841:             1             16  org.opensearch.ml.common.input.parameter.clustering.KMeansParams$$Lambda/0x00007fcd2853b158
11842:             1             16  org.opensearch.ml.common.input.parameter.clustering.RCFSummarizeParams$$Lambda/0x00007fcd288a6dd8
11843:             1             16  org.opensearch.ml.common.input.parameter.rcf.BatchRCFParams$$Lambda/0x00007fcd288a5778
11844:             1             16  org.opensearch.ml.common.input.parameter.rcf.FitRCFParams$$Lambda/0x00007fcd288a5228
11845:             1             16  org.opensearch.ml.common.input.parameter.regression.LinearRegressionParams$$Lambda/0x00007fcd288a4000
11846:             1             16  org.opensearch.ml.common.input.parameter.regression.LogisticRegressionParams$$Lambda/0x00007fcd288a7a70
11847:             1             16  org.opensearch.ml.common.input.parameter.sample.SampleAlgoParams$$Lambda/0x00007fcd288a4ca8
11848:             1             16  org.opensearch.ml.common.input.parameter.textembedding.AsymmetricTextEmbeddingParameters$$Lambda/0x00007fcd288a8c88
11849:             1             16  org.opensearch.ml.common.model.TextEmbeddingModelConfig$$Lambda/0x00007fcd288a8780
11850:             1             16  org.opensearch.ml.common.transport.agent.MLAgentDeleteAction$$Lambda/0x00007fcd28c5e4a8
11851:             1             16  org.opensearch.ml.common.transport.agent.MLAgentGetAction$$Lambda/0x00007fcd28c5e078
11852:             1             16  org.opensearch.ml.common.transport.agent.MLRegisterAgentAction$$Lambda/0x00007fcd28c59b28
11853:             1             16  org.opensearch.ml.common.transport.agent.MLSearchAgentAction$$Lambda/0x00007fcd28c59f50
11854:             1             16  org.opensearch.ml.common.transport.config.MLConfigGetAction$$Lambda/0x00007fcd28c60940
11855:             1             16  org.opensearch.ml.common.transport.connector.MLConnectorDeleteAction$$Lambda/0x00007fcd28c56840
11856:             1             16  org.opensearch.ml.common.transport.connector.MLConnectorGetAction$$Lambda/0x00007fcd28c56418
11857:             1             16  org.opensearch.ml.common.transport.connector.MLConnectorSearchAction$$Lambda/0x00007fcd28c56c68
11858:             1             16  org.opensearch.ml.common.transport.connector.MLCreateConnectorAction$$Lambda/0x00007fcd28c55940
11859:             1             16  org.opensearch.ml.common.transport.connector.MLExecuteConnectorAction$$Lambda/0x00007fcd28c55d68
11860:             1             16  org.opensearch.ml.common.transport.connector.MLUpdateConnectorAction$$Lambda/0x00007fcd28c59470
11861:             1             16  org.opensearch.ml.common.transport.controller.MLControllerDeleteAction$$Lambda/0x00007fcd28c5d270
11862:             1             16  org.opensearch.ml.common.transport.controller.MLControllerGetAction$$Lambda/0x00007fcd28c5c2d0
11863:             1             16  org.opensearch.ml.common.transport.controller.MLCreateControllerAction$$Lambda/0x00007fcd28c5bc18
11864:             1             16  org.opensearch.ml.common.transport.controller.MLDeployControllerAction$$Lambda/0x00007fcd28c5c9b8
11865:             1             16  org.opensearch.ml.common.transport.controller.MLUndeployControllerAction$$Lambda/0x00007fcd28c5d958
11866:             1             16  org.opensearch.ml.common.transport.controller.MLUpdateControllerAction$$Lambda/0x00007fcd28c5ce48
11867:             1             16  org.opensearch.ml.common.transport.deploy.MLDeployModelAction$$Lambda/0x00007fcd28c4f990
11868:             1             16  org.opensearch.ml.common.transport.deploy.MLDeployModelOnNodeAction$$Lambda/0x00007fcd28c4fdd8
11869:             1             16  org.opensearch.ml.common.transport.execute.MLExecuteTaskAction$$Lambda/0x00007fcd28ae74b8
11870:             1             16  org.opensearch.ml.common.transport.forward.MLForwardAction$$Lambda/0x00007fcd28c52ef0
11871:             1             16  org.opensearch.ml.common.transport.model.MLModelDeleteAction$$Lambda/0x00007fcd28c4cf10
11872:             1             16  org.opensearch.ml.common.transport.model.MLModelGetAction$$Lambda/0x00007fcd28c4cae0
11873:             1             16  org.opensearch.ml.common.transport.model.MLModelSearchAction$$Lambda/0x00007fcd28c4d348
11874:             1             16  org.opensearch.ml.common.transport.model.MLUpdateModelAction$$Lambda/0x00007fcd28c520d8
11875:             1             16  org.opensearch.ml.common.transport.model_group.MLModelGroupDeleteAction$$Lambda/0x00007fcd28c55288
11876:             1             16  org.opensearch.ml.common.transport.model_group.MLModelGroupGetAction$$Lambda/0x00007fcd28c54a30
11877:             1             16  org.opensearch.ml.common.transport.model_group.MLModelGroupSearchAction$$Lambda/0x00007fcd28c54e58
11878:             1             16  org.opensearch.ml.common.transport.model_group.MLRegisterModelGroupAction$$Lambda/0x00007fcd28c53cc0
11879:             1             16  org.opensearch.ml.common.transport.model_group.MLUpdateModelGroupAction$$Lambda/0x00007fcd28c54378
11880:             1             16  org.opensearch.ml.common.transport.prediction.MLPredictionTaskAction$$Lambda/0x00007fcd28ae7b70
11881:             1             16  org.opensearch.ml.common.transport.register.MLRegisterModelAction$$Lambda/0x00007fcd28c4f080
11882:             1             16  org.opensearch.ml.common.transport.sync.MLSyncUpAction$$Lambda/0x00007fcd28c53590
11883:             1             16  org.opensearch.ml.common.transport.task.MLTaskDeleteAction$$Lambda/0x00007fcd28c4de30
11884:             1             16  org.opensearch.ml.common.transport.task.MLTaskGetAction$$Lambda/0x00007fcd28c4da08
11885:             1             16  org.opensearch.ml.common.transport.task.MLTaskSearchAction$$Lambda/0x00007fcd28c4e258
11886:             1             16  org.opensearch.ml.common.transport.tools.MLGetToolAction$$Lambda/0x00007fcd28c60290
11887:             1             16  org.opensearch.ml.common.transport.tools.MLListToolsAction$$Lambda/0x00007fcd28c5faa0
11888:             1             16  org.opensearch.ml.common.transport.training.MLTrainingTaskAction$$Lambda/0x00007fcd28c4c000
11889:             1             16  org.opensearch.ml.common.transport.trainpredict.MLTrainAndPredictionTaskAction$$Lambda/0x00007fcd28c4c428
11890:             1             16  org.opensearch.ml.common.transport.undeploy.MLUndeployModelAction$$Lambda/0x00007fcd28c507f8
11891:             1             16  org.opensearch.ml.common.transport.undeploy.MLUndeployModelsAction$$Lambda/0x00007fcd28c50f28
11892:             1             16  org.opensearch.ml.common.transport.update_cache.MLUpdateModelCacheAction$$Lambda/0x00007fcd28c527c8
11893:             1             16  org.opensearch.ml.common.transport.upload_chunk.MLRegisterModelMetaAction$$Lambda/0x00007fcd28c515f8
11894:             1             16  org.opensearch.ml.common.transport.upload_chunk.MLUploadModelChunkAction$$Lambda/0x00007fcd28c51cb0
11895:             1             16  org.opensearch.ml.engine.MLEngineClassLoader$$Lambda/0x00007fcd28ac6320
11896:             1             16  org.opensearch.ml.engine.ModelHelper
11897:             1             16  org.opensearch.ml.engine.indices.MLInputDatasetHandler
11898:             1             16  org.opensearch.ml.engine.tools.AgentTool$Factory
11899:             1             16  org.opensearch.ml.engine.tools.ConnectorTool$Factory
11900:             1             16  org.opensearch.ml.engine.tools.IndexMappingTool$Factory
11901:             1             16  org.opensearch.ml.engine.tools.MLModelTool$Factory
11902:             1             16  org.opensearch.ml.engine.tools.VisualizationsTool$Factory
11903:             1             16  org.opensearch.ml.helper.ConnectorAccessControlHelper
11904:             1             16  org.opensearch.ml.helper.ConnectorAccessControlHelper$$Lambda/0x00007fcd28abd5f0
11905:             1             16  org.opensearch.ml.helper.ModelAccessControlHelper
11906:             1             16  org.opensearch.ml.helper.ModelAccessControlHelper$$Lambda/0x00007fcd28abd178
11907:             1             16  org.opensearch.ml.memory.action.conversation.CreateConversationAction$$Lambda/0x00007fcd28c57328
11908:             1             16  org.opensearch.ml.memory.action.conversation.CreateConversationTransportAction$$Lambda/0x00007fcd28d72c20
11909:             1             16  org.opensearch.ml.memory.action.conversation.CreateConversationTransportAction$$Lambda/0x00007fcd28d72e38
11910:             1             16  org.opensearch.ml.memory.action.conversation.CreateInteractionAction$$Lambda/0x00007fcd28c58290
11911:             1             16  org.opensearch.ml.memory.action.conversation.CreateInteractionTransportAction$$Lambda/0x00007fcd28d71cc8
11912:             1             16  org.opensearch.ml.memory.action.conversation.CreateInteractionTransportAction$$Lambda/0x00007fcd28d71ee0
11913:             1             16  org.opensearch.ml.memory.action.conversation.DeleteConversationAction$$Lambda/0x00007fcd28c59038
11914:             1             16  org.opensearch.ml.memory.action.conversation.DeleteConversationTransportAction$$Lambda/0x00007fcd28e7e000
11915:             1             16  org.opensearch.ml.memory.action.conversation.DeleteConversationTransportAction$$Lambda/0x00007fcd28e7e218
11916:             1             16  org.opensearch.ml.memory.action.conversation.GetConversationAction$$Lambda/0x00007fcd28c5ae80
11917:             1             16  org.opensearch.ml.memory.action.conversation.GetConversationTransportAction$$Lambda/0x00007fcd28f15e48
11918:             1             16  org.opensearch.ml.memory.action.conversation.GetConversationTransportAction$$Lambda/0x00007fcd28f16060
11919:             1             16  org.opensearch.ml.memory.action.conversation.GetConversationsAction$$Lambda/0x00007fcd28c57a08
11920:             1             16  org.opensearch.ml.memory.action.conversation.GetConversationsTransportAction$$Lambda/0x00007fcd28f17748
11921:             1             16  org.opensearch.ml.memory.action.conversation.GetConversationsTransportAction$$Lambda/0x00007fcd28f17960
11922:             1             16  org.opensearch.ml.memory.action.conversation.GetInteractionAction$$Lambda/0x00007fcd28c5b548
11923:             1             16  org.opensearch.ml.memory.action.conversation.GetInteractionTransportAction$$Lambda/0x00007fcd28efb218
11924:             1             16  org.opensearch.ml.memory.action.conversation.GetInteractionTransportAction$$Lambda/0x00007fcd28efb430
11925:             1             16  org.opensearch.ml.memory.action.conversation.GetInteractionsAction$$Lambda/0x00007fcd28c58970
11926:             1             16  org.opensearch.ml.memory.action.conversation.GetInteractionsTransportAction$$Lambda/0x00007fcd28e7e448
11927:             1             16  org.opensearch.ml.memory.action.conversation.GetInteractionsTransportAction$$Lambda/0x00007fcd28e7e660
11928:             1             16  org.opensearch.ml.memory.action.conversation.GetTracesAction$$Lambda/0x00007fcd28c5f3e0
11929:             1             16  org.opensearch.ml.memory.action.conversation.GetTracesTransportAction$$Lambda/0x00007fcd28f14a90
11930:             1             16  org.opensearch.ml.memory.action.conversation.SearchConversationsAction$$Lambda/0x00007fcd28c5a7b8
11931:             1             16  org.opensearch.ml.memory.action.conversation.SearchConversationsTransportAction$$Lambda/0x00007fcd28efbb28
11932:             1             16  org.opensearch.ml.memory.action.conversation.SearchConversationsTransportAction$$Lambda/0x00007fcd28efbd40
11933:             1             16  org.opensearch.ml.memory.action.conversation.SearchInteractionsAction$$Lambda/0x00007fcd28c5a380
11934:             1             16  org.opensearch.ml.memory.action.conversation.SearchInteractionsTransportAction$$Lambda/0x00007fcd28f15a00
11935:             1             16  org.opensearch.ml.memory.action.conversation.SearchInteractionsTransportAction$$Lambda/0x00007fcd28f15c18
11936:             1             16  org.opensearch.ml.memory.action.conversation.UpdateConversationAction$$Lambda/0x00007fcd28c5e8d8
11937:             1             16  org.opensearch.ml.memory.action.conversation.UpdateConversationTransportAction$$Lambda/0x00007fcd28ebf780
11938:             1             16  org.opensearch.ml.memory.action.conversation.UpdateConversationTransportAction$$Lambda/0x00007fcd28ebf998
11939:             1             16  org.opensearch.ml.memory.action.conversation.UpdateInteractionAction$$Lambda/0x00007fcd28c5ed08
11940:             1             16  org.opensearch.ml.memory.action.conversation.UpdateInteractionTransportAction$$Lambda/0x00007fcd28f14ca8
11941:             1             16  org.opensearch.ml.memory.action.conversation.UpdateInteractionTransportAction$$Lambda/0x00007fcd28f14ec0
11942:             1             16  org.opensearch.ml.model.MLModelCacheHelper$$Lambda/0x00007fcd28ab6ca0
11943:             1             16  org.opensearch.ml.model.MLModelManager$$Lambda/0x00007fcd28abf068
11944:             1             16  org.opensearch.ml.model.MLModelManager$$Lambda/0x00007fcd28abf298
11945:             1             16  org.opensearch.ml.model.MLModelManager$$Lambda/0x00007fcd28abf4c8
11946:             1             16  org.opensearch.ml.plugin.MachineLearningPlugin$$Lambda/0x00007fcd2853a3f0
11947:             1             16  org.opensearch.ml.plugin.MachineLearningPlugin$$Lambda/0x00007fcd2853a608
11948:             1             16  org.opensearch.ml.plugin.MachineLearningPlugin$$Lambda/0x00007fcd28ae6698
11949:             1             16  org.opensearch.ml.plugin.MachineLearningPlugin$$Lambda/0x00007fcd28c60f88
11950:             1             16  org.opensearch.ml.plugin.MachineLearningPlugin$$Lambda/0x00007fcd28c613c8
11951:             1             16  org.opensearch.ml.repackage.com.google.common.collect.RegularImmutableList
11952:             1             16  org.opensearch.ml.repackage.com.google.common.collect.SingletonImmutableList
11953:             1             16  org.opensearch.ml.repackage.com.google.common.collect.SingletonImmutableSet
11954:             1             16  org.opensearch.ml.rest.RestMLRegisterModelMetaAction$$Lambda/0x00007fcd29025300
11955:             1             16  org.opensearch.ml.rest.RestMLStatsAction$$Lambda/0x00007fcd28f919b0
11956:             1             16  org.opensearch.ml.rest.RestMLUndeployModelAction$$Lambda/0x00007fcd29024e08
11957:             1             16  org.opensearch.ml.rest.RestMLUploadModelChunkAction$$Lambda/0x00007fcd290257f8
11958:             1             16  org.opensearch.ml.settings.MLFeatureEnabledSetting$$Lambda/0x00007fcd28abda48
11959:             1             16  org.opensearch.ml.settings.MLFeatureEnabledSetting$$Lambda/0x00007fcd28abdc78
11960:             1             16  org.opensearch.ml.settings.MLFeatureEnabledSetting$$Lambda/0x00007fcd28abdea8
11961:             1             16  org.opensearch.ml.settings.MLFeatureEnabledSetting$$Lambda/0x00007fcd28abe0d8
11962:             1             16  org.opensearch.ml.task.MLExecuteTaskRunner$$Lambda/0x00007fcd28ac1a98
11963:             1             16  org.opensearch.ml.task.MLPredictTaskRunner$$Lambda/0x00007fcd28ac13b8
11964:             1             16  org.opensearch.ml.task.MLTaskDispatcher$$Lambda/0x00007fcd28ac0000
11965:             1             16  org.opensearch.ml.task.MLTaskDispatcher$$Lambda/0x00007fcd28ac0230
11966:             1             16  org.opensearch.ml.tools.GetToolTransportAction$$Lambda/0x00007fcd28f912b0
11967:             1             16  org.opensearch.ml.tools.ListToolsTransportAction$$Lambda/0x00007fcd28ebe4c8
11968:             1             16  org.opensearch.monitor.fs.FsHealthService$$Lambda/0x00007fcd28714000
11969:             1             16  org.opensearch.monitor.fs.FsHealthService$$Lambda/0x00007fcd28714220
11970:             1             16  org.opensearch.monitor.fs.FsHealthService$$Lambda/0x00007fcd28714450
11971:             1             16  org.opensearch.monitor.fs.FsHealthService$$Lambda/0x00007fcd28714680
11972:             1             16  org.opensearch.monitor.fs.FsService
11973:             1             16  org.opensearch.monitor.fs.FsService$$Lambda/0x00007fcd288846f8
11974:             1             16  org.opensearch.monitor.jvm.HotThreads$$Lambda/0x00007fcd29338000
11975:             1             16  org.opensearch.monitor.os.OsProbe$$Lambda/0x00007fcd28874618
11976:             1             16  org.opensearch.monitor.process.ProcessProbe
11977:             1             16  org.opensearch.neuralsearch.ml.MLCommonsClientAccessor
11978:             1             16  org.opensearch.neuralsearch.plugin.NeuralSearch$$Lambda/0x00007fcd2856c840
11979:             1             16  org.opensearch.neuralsearch.plugin.NeuralSearch$$Lambda/0x00007fcd2856ca58
11980:             1             16  org.opensearch.neuralsearch.plugin.NeuralSearch$$Lambda/0x00007fcd28790268
11981:             1             16  org.opensearch.neuralsearch.plugin.NeuralSearch$$Lambda/0x00007fcd28790480
11982:             1             16  org.opensearch.neuralsearch.plugin.NeuralSearch$$Lambda/0x00007fcd28790ad0
11983:             1             16  org.opensearch.neuralsearch.plugin.NeuralSearch$$Lambda/0x00007fcd28790ce8
11984:             1             16  org.opensearch.neuralsearch.plugin.NeuralSearch$$Lambda/0x00007fcd287911a0
11985:             1             16  org.opensearch.neuralsearch.plugin.NeuralSearch$$Lambda/0x00007fcd287913b8
11986:             1             16  org.opensearch.neuralsearch.processor.NeuralQueryEnricherProcessor$Factory
11987:             1             16  org.opensearch.neuralsearch.processor.NeuralSparseTwoPhaseProcessor$Factory
11988:             1             16  org.opensearch.neuralsearch.processor.combination.ScoreCombinationFactory
11989:             1             16  org.opensearch.neuralsearch.processor.combination.ScoreCombinationFactory$$Lambda/0x00007fcd28249640
11990:             1             16  org.opensearch.neuralsearch.processor.combination.ScoreCombinationFactory$$Lambda/0x00007fcd28249878
11991:             1             16  org.opensearch.neuralsearch.processor.combination.ScoreCombinationFactory$$Lambda/0x00007fcd28249ab0
11992:             1             16  org.opensearch.neuralsearch.processor.combination.ScoreCombinationUtil
11993:             1             16  org.opensearch.neuralsearch.processor.combination.ScoreCombiner
11994:             1             16  org.opensearch.neuralsearch.processor.normalization.L2ScoreNormalizationTechnique
11995:             1             16  org.opensearch.neuralsearch.processor.normalization.ScoreNormalizationFactory
11996:             1             16  org.opensearch.neuralsearch.processor.normalization.ScoreNormalizer
11997:             1             16  org.opensearch.neuralsearch.util.HybridQueryUtil$$Lambda/0x00007fcd28d06898
11998:             1             16  org.opensearch.neuralsearch.util.NeuralSearchClusterUtil
11999:             1             16  org.opensearch.node.Node$$Lambda/0x00007fcd280cb100
12000:             1             16  org.opensearch.node.Node$$Lambda/0x00007fcd280cb568
12001:             1             16  org.opensearch.node.Node$$Lambda/0x00007fcd280cb7a8
12002:             1             16  org.opensearch.node.Node$$Lambda/0x00007fcd284a29d8
12003:             1             16  org.opensearch.node.Node$$Lambda/0x00007fcd284a2c10
12004:             1             16  org.opensearch.node.Node$$Lambda/0x00007fcd2851c640
12005:             1             16  org.opensearch.node.Node$$Lambda/0x00007fcd2851c878
12006:             1             16  org.opensearch.node.Node$$Lambda/0x00007fcd285457b0
12007:             1             16  org.opensearch.node.Node$$Lambda/0x00007fcd286c7278
12008:             1             16  org.opensearch.node.Node$$Lambda/0x00007fcd286c74b0
12009:             1             16  org.opensearch.node.Node$$Lambda/0x00007fcd287148b0
12010:             1             16  org.opensearch.node.Node$$Lambda/0x00007fcd28714ad0
12011:             1             16  org.opensearch.node.Node$$Lambda/0x00007fcd28882648
12012:             1             16  org.opensearch.node.Node$$Lambda/0x00007fcd2888dc18
12013:             1             16  org.opensearch.node.Node$$Lambda/0x00007fcd288b0b40
12014:             1             16  org.opensearch.node.Node$$Lambda/0x00007fcd288b0f90
12015:             1             16  org.opensearch.node.Node$$Lambda/0x00007fcd288b1408
12016:             1             16  org.opensearch.node.Node$$Lambda/0x00007fcd288b1a40
12017:             1             16  org.opensearch.node.Node$$Lambda/0x00007fcd288b1c78
12018:             1             16  org.opensearch.node.Node$$Lambda/0x00007fcd288b1eb0
12019:             1             16  org.opensearch.node.Node$$Lambda/0x00007fcd288b20e8
12020:             1             16  org.opensearch.node.Node$$Lambda/0x00007fcd288b2550
12021:             1             16  org.opensearch.node.Node$$Lambda/0x00007fcd288b2788
12022:             1             16  org.opensearch.node.Node$$Lambda/0x00007fcd288b29c0
12023:             1             16  org.opensearch.node.Node$$Lambda/0x00007fcd288b2bf8
12024:             1             16  org.opensearch.node.Node$$Lambda/0x00007fcd288b2e30
12025:             1             16  org.opensearch.node.Node$$Lambda/0x00007fcd288bb008
12026:             1             16  org.opensearch.node.Node$$Lambda/0x00007fcd288beb90
12027:             1             16  org.opensearch.node.Node$$Lambda/0x00007fcd288c1548
12028:             1             16  org.opensearch.node.Node$$Lambda/0x00007fcd288f9708
12029:             1             16  org.opensearch.node.Node$$Lambda/0x00007fcd28ba30f8
12030:             1             16  org.opensearch.node.Node$$Lambda/0x00007fcd28ba3340
12031:             1             16  org.opensearch.node.Node$$Lambda/0x00007fcd28ba3578
12032:             1             16  org.opensearch.node.Node$$Lambda/0x00007fcd28c9ea20
12033:             1             16  org.opensearch.node.Node$$Lambda/0x00007fcd28c9ee60
12034:             1             16  org.opensearch.node.Node$$Lambda/0x00007fcd28ca1e08
12035:             1             16  org.opensearch.node.Node$$Lambda/0x00007fcd28cb4cd0
12036:             1             16  org.opensearch.node.Node$$Lambda/0x00007fcd28cf3bc0
12037:             1             16  org.opensearch.node.Node$$Lambda/0x00007fcd28cf3de0
12038:             1             16  org.opensearch.node.Node$$Lambda/0x00007fcd28cf4440
12039:             1             16  org.opensearch.node.Node$$Lambda/0x00007fcd28cf4660
12040:             1             16  org.opensearch.node.Node$$Lambda/0x00007fcd28cf4880
12041:             1             16  org.opensearch.node.Node$$Lambda/0x00007fcd28d0af28
12042:             1             16  org.opensearch.node.Node$$Lambda/0x00007fcd28d24f58
12043:             1             16  org.opensearch.node.Node$$Lambda/0x00007fcd28f7e7d0
12044:             1             16  org.opensearch.node.Node$$Lambda/0x00007fcd28f7ea18
12045:             1             16  org.opensearch.node.Node$$Lambda/0x00007fcd28f7ee90
12046:             1             16  org.opensearch.node.Node$$Lambda/0x00007fcd28f7f0b0
12047:             1             16  org.opensearch.node.Node$$Lambda/0x00007fcd28fdf268
12048:             1             16  org.opensearch.node.Node$$Lambda/0x00007fcd290451d8
12049:             1             16  org.opensearch.node.Node$$Lambda/0x00007fcd290e9bf0
12050:             1             16  org.opensearch.node.Node$$Lambda/0x00007fcd290f5260
12051:             1             16  org.opensearch.node.NodeRoleSettings$$Lambda/0x00007fcd284b0000
12052:             1             16  org.opensearch.node.NodeRoleSettings$$Lambda/0x00007fcd284b0238
12053:             1             16  org.opensearch.node.NodeRoleSettings$$Lambda/0x00007fcd284b0470
12054:             1             16  org.opensearch.node.NodeRoleSettings$$Lambda/0x00007fcd284b0908
12055:             1             16  org.opensearch.node.ResourceUsageCollectorService$$Lambda/0x00007fcd29044440
12056:             1             16  org.opensearch.node.ResponseCollectorService
12057:             1             16  org.opensearch.node.remotestore.RemoteStoreNodeService$$Lambda/0x00007fcd28544968
12058:             1             16  org.opensearch.node.remotestore.RemoteStoreNodeService$$Lambda/0x00007fcd28544fd0
12059:             1             16  org.opensearch.node.remotestore.RemoteStoreNodeService$$Lambda/0x00007fcd28545208
12060:             1             16  org.opensearch.node.resource.tracker.AverageIoUsageTracker$$Lambda/0x00007fcd29044220
12061:             1             16  org.opensearch.node.resource.tracker.NodeResourceUsageTracker$$Lambda/0x00007fcd28c9b958
12062:             1             16  org.opensearch.node.resource.tracker.NodeResourceUsageTracker$$Lambda/0x00007fcd28c9be98
12063:             1             16  org.opensearch.node.resource.tracker.NodeResourceUsageTracker$$Lambda/0x00007fcd28c9c3f0
12064:             1             16  org.opensearch.notifications.CoreProvider
12065:             1             16  org.opensearch.notifications.NotificationPlugin
12066:             1             16  org.opensearch.notifications.NotificationPlugin$Companion
12067:             1             16  org.opensearch.notifications.action.CreateNotificationConfigAction$$Lambda/0x00007fcd28e50860
12068:             1             16  org.opensearch.notifications.action.DeleteNotificationConfigAction$$Lambda/0x00007fcd28e50ea8
12069:             1             16  org.opensearch.notifications.action.GetChannelListAction$$Lambda/0x00007fcd28e50000
12070:             1             16  org.opensearch.notifications.action.GetNotificationConfigAction$$Lambda/0x00007fcd28e50648
12071:             1             16  org.opensearch.notifications.action.GetPluginFeaturesAction$$Lambda/0x00007fcd28e50218
12072:             1             16  org.opensearch.notifications.action.PluginBaseAction$Companion
12073:             1             16  org.opensearch.notifications.action.PublishNotificationAction$$Lambda/0x00007fcd28e50c90
12074:             1             16  org.opensearch.notifications.action.SendNotificationAction$$Lambda/0x00007fcd28e50a78
12075:             1             16  org.opensearch.notifications.action.SendTestNotificationAction$$Lambda/0x00007fcd28b01db0
12076:             1             16  org.opensearch.notifications.action.SendTestNotificationAction$$Lambda/0x00007fcd28e50430
12077:             1             16  org.opensearch.notifications.action.SendTestNotificationAction$Companion
12078:             1             16  org.opensearch.notifications.action.UpdateNotificationConfigAction$$Lambda/0x00007fcd28e510c0
12079:             1             16  org.opensearch.notifications.core.NotificationCoreImpl
12080:             1             16  org.opensearch.notifications.core.NotificationCorePlugin
12081:             1             16  org.opensearch.notifications.core.NotificationCorePlugin$Companion
12082:             1             16  org.opensearch.notifications.core.setting.PluginSettings
12083:             1             16  org.opensearch.notifications.core.setting.PluginSettings$$Lambda/0x00007fcd2858d148
12084:             1             16  org.opensearch.notifications.core.setting.PluginSettings$$Lambda/0x00007fcd2858d380
12085:             1             16  org.opensearch.notifications.core.setting.PluginSettings$$Lambda/0x00007fcd2858d5b8
12086:             1             16  org.opensearch.notifications.core.setting.PluginSettings$$Lambda/0x00007fcd2858da80
12087:             1             16  org.opensearch.notifications.core.setting.PluginSettings$$Lambda/0x00007fcd2858dcb8
12088:             1             16  org.opensearch.notifications.core.setting.PluginSettings$$Lambda/0x00007fcd2858def0
12089:             1             16  org.opensearch.notifications.core.setting.PluginSettings$$Lambda/0x00007fcd2858e128
12090:             1             16  org.opensearch.notifications.core.setting.PluginSettings$$Lambda/0x00007fcd2858e360
12091:             1             16  org.opensearch.notifications.core.setting.PluginSettings$$Lambda/0x00007fcd2858e7f0
12092:             1             16  org.opensearch.notifications.core.setting.PluginSettings$$Lambda/0x00007fcd2858ea18
12093:             1             16  org.opensearch.notifications.core.setting.PluginSettings$$Lambda/0x00007fcd2858ec40
12094:             1             16  org.opensearch.notifications.core.setting.PluginSettings$$Lambda/0x00007fcd2858ee68
12095:             1             16  org.opensearch.notifications.core.setting.PluginSettings$$Lambda/0x00007fcd2858f090
12096:             1             16  org.opensearch.notifications.core.setting.PluginSettings$$Lambda/0x00007fcd2858f2b8
12097:             1             16  org.opensearch.notifications.core.setting.PluginSettings$$Lambda/0x00007fcd2858f4e0
12098:             1             16  org.opensearch.notifications.core.setting.PluginSettings$$Lambda/0x00007fcd2858f708
12099:             1             16  org.opensearch.notifications.core.setting.PluginSettings$$Lambda/0x00007fcd2858f930
12100:             1             16  org.opensearch.notifications.core.setting.PluginSettings$$Lambda/0x00007fcd2858fb58
12101:             1             16  org.opensearch.notifications.index.ConfigIndexingActions
12102:             1             16  org.opensearch.notifications.index.NotificationConfigIndex
12103:             1             16  org.opensearch.notifications.index.NotificationConfigIndex$searchHitParser$1
12104:             1             16  org.opensearch.notifications.resthandler.NotificationChannelListRestHandler$Companion
12105:             1             16  org.opensearch.notifications.resthandler.NotificationConfigRestHandler$Companion
12106:             1             16  org.opensearch.notifications.resthandler.NotificationFeaturesRestHandler$Companion
12107:             1             16  org.opensearch.notifications.resthandler.SendTestMessageRestHandler$Companion
12108:             1             16  org.opensearch.notifications.security.UserAccessManager
12109:             1             16  org.opensearch.notifications.send.SendMessageActionHelper
12110:             1             16  org.opensearch.notifications.settings.PluginSettings
12111:             1             16  org.opensearch.notifications.settings.PluginSettings$$Lambda/0x00007fcd28457dc8
12112:             1             16  org.opensearch.notifications.settings.PluginSettings$$Lambda/0x00007fcd28b00000
12113:             1             16  org.opensearch.notifications.util.SecureIndexClient
12114:             1             16  org.opensearch.observability.ObservabilityPlugin
12115:             1             16  org.opensearch.observability.ObservabilityPlugin$Companion
12116:             1             16  org.opensearch.observability.action.CreateObservabilityObjectAction$$Lambda/0x00007fcd28c84ec8
12117:             1             16  org.opensearch.observability.action.CreateObservabilityObjectAction$$Lambda/0x00007fcd28d942f0
12118:             1             16  org.opensearch.observability.action.CreateObservabilityObjectAction$Companion
12119:             1             16  org.opensearch.observability.action.DeleteObservabilityObjectAction$$Lambda/0x00007fcd28c85788
12120:             1             16  org.opensearch.observability.action.DeleteObservabilityObjectAction$$Lambda/0x00007fcd28d94508
12121:             1             16  org.opensearch.observability.action.DeleteObservabilityObjectAction$Companion
12122:             1             16  org.opensearch.observability.action.GetObservabilityObjectAction$$Lambda/0x00007fcd28c86050
12123:             1             16  org.opensearch.observability.action.GetObservabilityObjectAction$$Lambda/0x00007fcd28d94720
12124:             1             16  org.opensearch.observability.action.GetObservabilityObjectAction$Companion
12125:             1             16  org.opensearch.observability.action.PluginBaseAction$Companion
12126:             1             16  org.opensearch.observability.action.UpdateObservabilityObjectAction$$Lambda/0x00007fcd28c86910
12127:             1             16  org.opensearch.observability.action.UpdateObservabilityObjectAction$$Lambda/0x00007fcd28d94938
12128:             1             16  org.opensearch.observability.action.UpdateObservabilityObjectAction$Companion
12129:             1             16  org.opensearch.observability.index.ObservabilityIndex
12130:             1             16  org.opensearch.observability.index.ObservabilityIndex$searchHitParser$1
12131:             1             16  org.opensearch.observability.resthandler.ObservabilityRestHandler$Companion
12132:             1             16  org.opensearch.observability.resthandler.ObservabilityStatsRestHandler$Companion
12133:             1             16  org.opensearch.observability.settings.PluginSettings
12134:             1             16  org.opensearch.observability.settings.PluginSettings$$Lambda/0x00007fcd28597b40
12135:             1             16  org.opensearch.observability.settings.PluginSettings$$Lambda/0x00007fcd28597d78
12136:             1             16  org.opensearch.observability.settings.PluginSettings$$Lambda/0x00007fcd28afa000
12137:             1             16  org.opensearch.observability.settings.PluginSettings$$Lambda/0x00007fcd28afa228
12138:             1             16  org.opensearch.observability.settings.PluginSettings$$Lambda/0x00007fcd28afa450
12139:             1             16  org.opensearch.observability.settings.PluginSettings$$Lambda/0x00007fcd28afa678
12140:             1             16  org.opensearch.observability.settings.PluginSettings$$Lambda/0x00007fcd28afa8a0
12141:             1             16  org.opensearch.observability.settings.PluginSettings$$Lambda/0x00007fcd28afaac8
12142:             1             16  org.opensearch.observability.settings.PluginSettings$$Lambda/0x00007fcd28afacf0
12143:             1             16  org.opensearch.observability.settings.PluginSettings$$Lambda/0x00007fcd28afaf18
12144:             1             16  org.opensearch.observability.util.SecureIndexClient
12145:             1             16  org.opensearch.painless.CompilerSettings$$Lambda/0x00007fcd28226660
12146:             1             16  org.opensearch.painless.PainlessPlugin
12147:             1             16  org.opensearch.painless.PainlessPlugin$$Lambda/0x00007fcd28225990
12148:             1             16  org.opensearch.painless.PainlessPlugin$$Lambda/0x00007fcd28225bc8
12149:             1             16  org.opensearch.painless.PainlessPlugin$$Lambda/0x00007fcd28225df0
12150:             1             16  org.opensearch.painless.action.PainlessContextAction$$Lambda/0x00007fcd2861ede8
12151:             1             16  org.opensearch.painless.action.PainlessContextAction$TransportAction$$Lambda/0x00007fcd2861f830
12152:             1             16  org.opensearch.painless.action.PainlessExecuteAction$$Lambda/0x00007fcd2861e6d0
12153:             1             16  org.opensearch.painless.action.PainlessExecuteAction$TransportAction$$Lambda/0x00007fcd2861fa48
12154:             1             16  org.opensearch.painless.lookup.PainlessLookupBuilder$$Lambda/0x00007fcd285d4470
12155:             1             16  org.opensearch.painless.lookup.PainlessLookupBuilder$$Lambda/0x00007fcd285d48b0
12156:             1             16  org.opensearch.painless.lookup.PainlessLookupBuilder$$Lambda/0x00007fcd285d4ce8
12157:             1             16  org.opensearch.painless.lookup.PainlessLookupBuilder$$Lambda/0x00007fcd285d5128
12158:             1             16  org.opensearch.painless.lookup.PainlessLookupBuilder$$Lambda/0x00007fcd2860fd60
12159:             1             16  org.opensearch.painless.lookup.PainlessLookupBuilder$$Lambda/0x00007fcd2861e208
12160:             1             16  org.opensearch.painless.spi.WhitelistClass$$Lambda/0x00007fcd28220840
12161:             1             16  org.opensearch.painless.spi.WhitelistClass$$Lambda/0x00007fcd28220a78
12162:             1             16  org.opensearch.painless.spi.WhitelistClass$$Lambda/0x00007fcd28220cb0
12163:             1             16  org.opensearch.painless.spi.WhitelistConstructor$$Lambda/0x00007fcd28224cb8
12164:             1             16  org.opensearch.painless.spi.WhitelistConstructor$$Lambda/0x00007fcd28224ef0
12165:             1             16  org.opensearch.painless.spi.WhitelistConstructor$$Lambda/0x00007fcd28225128
12166:             1             16  org.opensearch.painless.spi.WhitelistMethod$$Lambda/0x00007fcd28224408
12167:             1             16  org.opensearch.painless.spi.WhitelistMethod$$Lambda/0x00007fcd28224640
12168:             1             16  org.opensearch.painless.spi.WhitelistMethod$$Lambda/0x00007fcd28224878
12169:             1             16  org.opensearch.painless.spi.annotation.DeprecatedAnnotationParser
12170:             1             16  org.opensearch.painless.spi.annotation.InjectConstantAnnotationParser
12171:             1             16  org.opensearch.painless.spi.annotation.NoImportAnnotation
12172:             1             16  org.opensearch.painless.spi.annotation.NoImportAnnotationParser
12173:             1             16  org.opensearch.painless.spi.annotation.NonDeterministicAnnotation
12174:             1             16  org.opensearch.painless.spi.annotation.NonDeterministicAnnotationParser
12175:             1             16  org.opensearch.painless.spi.annotation.WhitelistAnnotationParser$$Lambda/0x00007fcd2821bc80
12176:             1             16  org.opensearch.painless.spi.annotation.WhitelistAnnotationParser$$Lambda/0x00007fcd28220000
12177:             1             16  org.opensearch.percolator.PercolatorFieldMapper$TypeParser
12178:             1             16  org.opensearch.percolator.PercolatorFieldMapperExt$TypeParser
12179:             1             16  org.opensearch.percolator.PercolatorHighlightSubFetchPhase
12180:             1             16  org.opensearch.percolator.PercolatorHighlightSubFetchPhase
12181:             1             16  org.opensearch.percolator.PercolatorMatchedSlotSubFetchPhase
12182:             1             16  org.opensearch.percolator.PercolatorMatchedSlotSubFetchPhase
12183:             1             16  org.opensearch.percolator.PercolatorPlugin
12184:             1             16  org.opensearch.percolator.PercolatorPlugin$$Lambda/0x00007fcd2878c798
12185:             1             16  org.opensearch.percolator.PercolatorPlugin$$Lambda/0x00007fcd2878c9b0
12186:             1             16  org.opensearch.percolator.PercolatorPluginExt$$Lambda/0x00007fcd28621f38
12187:             1             16  org.opensearch.percolator.PercolatorPluginExt$$Lambda/0x00007fcd28622150
12188:             1             16  org.opensearch.performanceanalyzer.action.PerformanceAnalyzerActionFilter
12189:             1             16  org.opensearch.performanceanalyzer.collectors.NodeStatsAllShardsMetricsCollector$1$$Lambda/0x00007fcd284454b8
12190:             1             16  org.opensearch.performanceanalyzer.collectors.NodeStatsAllShardsMetricsCollector$1$$Lambda/0x00007fcd284456d0
12191:             1             16  org.opensearch.performanceanalyzer.collectors.NodeStatsAllShardsMetricsCollector$1$$Lambda/0x00007fcd284458e8
12192:             1             16  org.opensearch.performanceanalyzer.collectors.NodeStatsAllShardsMetricsCollector$1$$Lambda/0x00007fcd28445b00
12193:             1             16  org.opensearch.performanceanalyzer.collectors.NodeStatsAllShardsMetricsCollector$1$$Lambda/0x00007fcd28445d18
12194:             1             16  org.opensearch.performanceanalyzer.collectors.NodeStatsAllShardsMetricsCollector$1$$Lambda/0x00007fcd28445f30
12195:             1             16  org.opensearch.performanceanalyzer.collectors.NodeStatsAllShardsMetricsCollector$1$$Lambda/0x00007fcd28446148
12196:             1             16  org.opensearch.performanceanalyzer.collectors.NodeStatsAllShardsMetricsCollector$1$$Lambda/0x00007fcd28446360
12197:             1             16  org.opensearch.performanceanalyzer.collectors.NodeStatsAllShardsMetricsCollector$1$$Lambda/0x00007fcd28446578
12198:             1             16  org.opensearch.performanceanalyzer.collectors.NodeStatsAllShardsMetricsCollector$1$$Lambda/0x00007fcd28446790
12199:             1             16  org.opensearch.performanceanalyzer.collectors.telemetry.RTFNodeStatsAllShardsMetricsCollector$$Lambda/0x00007fcd2843f6e0
12200:             1             16  org.opensearch.performanceanalyzer.collectors.telemetry.RTFNodeStatsAllShardsMetricsCollector$$Lambda/0x00007fcd2843f8f8
12201:             1             16  org.opensearch.performanceanalyzer.collectors.telemetry.RTFNodeStatsAllShardsMetricsCollector$$Lambda/0x00007fcd2843fb10
12202:             1             16  org.opensearch.performanceanalyzer.collectors.telemetry.RTFNodeStatsAllShardsMetricsCollector$$Lambda/0x00007fcd2843fd28
12203:             1             16  org.opensearch.performanceanalyzer.collectors.telemetry.RTFNodeStatsAllShardsMetricsCollector$$Lambda/0x00007fcd28444000
12204:             1             16  org.opensearch.performanceanalyzer.collectors.telemetry.RTFNodeStatsAllShardsMetricsCollector$$Lambda/0x00007fcd28444218
12205:             1             16  org.opensearch.performanceanalyzer.collectors.telemetry.RTFNodeStatsAllShardsMetricsCollector$$Lambda/0x00007fcd28444430
12206:             1             16  org.opensearch.performanceanalyzer.collectors.telemetry.RTFNodeStatsAllShardsMetricsCollector$$Lambda/0x00007fcd28444648
12207:             1             16  org.opensearch.performanceanalyzer.collectors.telemetry.RTFNodeStatsAllShardsMetricsCollector$$Lambda/0x00007fcd28444860
12208:             1             16  org.opensearch.performanceanalyzer.collectors.telemetry.RTFNodeStatsAllShardsMetricsCollector$$Lambda/0x00007fcd28444a78
12209:             1             16  org.opensearch.performanceanalyzer.commons.config.ConfigStatus
12210:             1             16  org.opensearch.performanceanalyzer.commons.config.PluginSettings$$Lambda/0x00007fcd283f15c8
12211:             1             16  org.opensearch.performanceanalyzer.commons.metrics_generator.linux.LinuxOSMetricsGenerator
12212:             1             16  org.opensearch.performanceanalyzer.commons.stats.ServiceMetrics$$Lambda/0x00007fcd283edeb0
12213:             1             16  org.opensearch.performanceanalyzer.config.setting.ClusterSettingsManager$ClusterSettingsResponseHandler
12214:             1             16  org.opensearch.performanceanalyzer.http_action.whoami.TransportWhoAmIAction$$Lambda/0x00007fcd28c650b8
12215:             1             16  org.opensearch.performanceanalyzer.listener.NoOpSearchListener
12216:             1             16  org.opensearch.performanceanalyzer.transport.PerformanceAnalyzerTransportInterceptor
12217:             1             16  org.opensearch.performanceanalyzer.writer.EventLogQueueProcessor$$Lambda/0x00007fcd28440a20
12218:             1             16  org.opensearch.performanceanalyzer.writer.EventLogQueueProcessor$$Lambda/0x00007fcd28440c40
12219:             1             16  org.opensearch.persistent.CompletionPersistentTaskAction$$Lambda/0x00007fcd28bff5c0
12220:             1             16  org.opensearch.persistent.CompletionPersistentTaskAction$TransportAction$$Lambda/0x00007fcd28e22ac0
12221:             1             16  org.opensearch.persistent.NodePersistentTasksExecutor
12222:             1             16  org.opensearch.persistent.PersistentTasksClusterService$$Lambda/0x00007fcd28d10540
12223:             1             16  org.opensearch.persistent.PersistentTasksExecutorRegistry
12224:             1             16  org.opensearch.persistent.RemovePersistentTaskAction$$Lambda/0x00007fcd28bffa58
12225:             1             16  org.opensearch.persistent.RemovePersistentTaskAction$TransportAction$$Lambda/0x00007fcd28edd5e0
12226:             1             16  org.opensearch.persistent.StartPersistentTaskAction$$Lambda/0x00007fcd28bfec90
12227:             1             16  org.opensearch.persistent.StartPersistentTaskAction$TransportAction$$Lambda/0x00007fcd28e22470
12228:             1             16  org.opensearch.persistent.UpdatePersistentTaskStatusAction$$Lambda/0x00007fcd28bff128
12229:             1             16  org.opensearch.persistent.UpdatePersistentTaskStatusAction$TransportAction$$Lambda/0x00007fcd28f7e180
12230:             1             16  org.opensearch.persistent.decider.EnableAssignmentDecider
12231:             1             16  org.opensearch.persistent.decider.EnableAssignmentDecider$$Lambda/0x00007fcd286f43a0
12232:             1             16  org.opensearch.persistent.decider.EnableAssignmentDecider$$Lambda/0x00007fcd28d0bbe0
12233:             1             16  org.opensearch.plugin.repository.url.URLRepositoryPlugin
12234:             1             16  org.opensearch.plugins.MapperPlugin$$Lambda/0x00007fcd28213db8
12235:             1             16  org.opensearch.plugins.MapperPlugin$$Lambda/0x00007fcd28216000
12236:             1             16  org.opensearch.plugins.MetadataUpgrader
12237:             1             16  org.opensearch.plugins.MetadataUpgrader$$Lambda/0x00007fcd28ca2248
12238:             1             16  org.opensearch.plugins.PluginsService$$Lambda/0x00007fcd281eb350
12239:             1             16  org.opensearch.plugins.PluginsService$$Lambda/0x00007fcd28443220
12240:             1             16  org.opensearch.plugins.PluginsService$$Lambda/0x00007fcd28443458
12241:             1             16  org.opensearch.plugins.PluginsService$$Lambda/0x00007fcd28443690
12242:             1             16  org.opensearch.plugins.PluginsService$$Lambda/0x00007fcd2845e428
12243:             1             16  org.opensearch.plugins.PluginsService$$Lambda/0x00007fcd284a27a0
12244:             1             16  org.opensearch.plugins.PluginsService$$Lambda/0x00007fcd28542238
12245:             1             16  org.opensearch.plugins.PluginsService$$Lambda/0x00007fcd2854ed60
12246:             1             16  org.opensearch.plugins.TransportExceptionHandler$$Lambda/0x00007fcd28ca17c8
12247:             1             16  org.opensearch.ratelimitting.admissioncontrol.AdmissionControlSettings
12248:             1             16  org.opensearch.ratelimitting.admissioncontrol.AdmissionControlSettings$$Lambda/0x00007fcd28704fe0
12249:             1             16  org.opensearch.ratelimitting.admissioncontrol.AdmissionControlSettings$$Lambda/0x00007fcd28c9d418
12250:             1             16  org.opensearch.ratelimitting.admissioncontrol.settings.CpuBasedAdmissionControllerSettings$$Lambda/0x00007fcd28705458
12251:             1             16  org.opensearch.ratelimitting.admissioncontrol.settings.CpuBasedAdmissionControllerSettings$$Lambda/0x00007fcd28c9d648
12252:             1             16  org.opensearch.ratelimitting.admissioncontrol.settings.CpuBasedAdmissionControllerSettings$$Lambda/0x00007fcd28c9d878
12253:             1             16  org.opensearch.ratelimitting.admissioncontrol.settings.CpuBasedAdmissionControllerSettings$$Lambda/0x00007fcd28c9daa8
12254:             1             16  org.opensearch.ratelimitting.admissioncontrol.settings.CpuBasedAdmissionControllerSettings$$Lambda/0x00007fcd28c9dcd8
12255:             1             16  org.opensearch.ratelimitting.admissioncontrol.settings.IoBasedAdmissionControllerSettings$$Lambda/0x00007fcd287058d0
12256:             1             16  org.opensearch.ratelimitting.admissioncontrol.settings.IoBasedAdmissionControllerSettings$$Lambda/0x00007fcd28c9df08
12257:             1             16  org.opensearch.ratelimitting.admissioncontrol.settings.IoBasedAdmissionControllerSettings$$Lambda/0x00007fcd28c9e138
12258:             1             16  org.opensearch.ratelimitting.admissioncontrol.settings.IoBasedAdmissionControllerSettings$$Lambda/0x00007fcd28c9e368
12259:             1             16  org.opensearch.ratelimitting.admissioncontrol.transport.AdmissionControlTransportInterceptor
12260:             1             16  org.opensearch.replication.ReplicationPlugin$$Lambda/0x00007fcd285224f0
12261:             1             16  org.opensearch.replication.ReplicationPlugin$$Lambda/0x00007fcd285229c8
12262:             1             16  org.opensearch.replication.ReplicationPlugin$$Lambda/0x00007fcd28894000
12263:             1             16  org.opensearch.replication.ReplicationPlugin$$Lambda/0x00007fcd288944d0
12264:             1             16  org.opensearch.replication.ReplicationPlugin$$Lambda/0x00007fcd288949d8
12265:             1             16  org.opensearch.replication.ReplicationPlugin$$Lambda/0x00007fcd28894f18
12266:             1             16  org.opensearch.replication.ReplicationPlugin$$Lambda/0x00007fcd288953b8
12267:             1             16  org.opensearch.replication.ReplicationPlugin$$Lambda/0x00007fcd28895a80
12268:             1             16  org.opensearch.replication.ReplicationPlugin$$Lambda/0x00007fcd28895c98
12269:             1             16  org.opensearch.replication.ReplicationPlugin$$Lambda/0x00007fcd28898000
12270:             1             16  org.opensearch.replication.ReplicationPlugin$$Lambda/0x00007fcd28898218
12271:             1             16  org.opensearch.replication.ReplicationPlugin$$Lambda/0x00007fcd28898430
12272:             1             16  org.opensearch.replication.ReplicationPlugin$$Lambda/0x00007fcd28898648
12273:             1             16  org.opensearch.replication.ReplicationPlugin$$Lambda/0x00007fcd28898860
12274:             1             16  org.opensearch.replication.ReplicationPlugin$$Lambda/0x00007fcd29000d80
12275:             1             16  org.opensearch.replication.ReplicationPlugin$Companion
12276:             1             16  org.opensearch.replication.ReplicationSettings$$Lambda/0x00007fcd2889a2e0
12277:             1             16  org.opensearch.replication.ReplicationSettings$$Lambda/0x00007fcd2889a510
12278:             1             16  org.opensearch.replication.ReplicationSettings$$Lambda/0x00007fcd2889a740
12279:             1             16  org.opensearch.replication.ReplicationSettings$$Lambda/0x00007fcd2889a970
12280:             1             16  org.opensearch.replication.ReplicationSettings$$Lambda/0x00007fcd2889aba0
12281:             1             16  org.opensearch.replication.ReplicationSettings$$Lambda/0x00007fcd2889add0
12282:             1             16  org.opensearch.replication.ReplicationSettings$$Lambda/0x00007fcd2889b000
12283:             1             16  org.opensearch.replication.ReplicationSettings$$Lambda/0x00007fcd2889b230
12284:             1             16  org.opensearch.replication.ReplicationSettings$$Lambda/0x00007fcd2889b460
12285:             1             16  org.opensearch.replication.ReplicationSettings$$Lambda/0x00007fcd2889b690
12286:             1             16  org.opensearch.replication.ReplicationSettings$$Lambda/0x00007fcd2889b8c0
12287:             1             16  org.opensearch.replication.ReplicationSettings$$Lambda/0x00007fcd2889baf0
12288:             1             16  org.opensearch.replication.action.autofollow.AutoFollowClusterManagerNodeAction$$Lambda/0x00007fcd28c08860
12289:             1             16  org.opensearch.replication.action.autofollow.AutoFollowClusterManagerNodeAction$Companion
12290:             1             16  org.opensearch.replication.action.autofollow.TransportAutoFollowClusterManagerNodeAction$$Lambda/0x00007fcd28da1b30
12291:             1             16  org.opensearch.replication.action.autofollow.TransportAutoFollowClusterManagerNodeAction$Companion
12292:             1             16  org.opensearch.replication.action.autofollow.TransportUpdateAutoFollowPatternAction$$Lambda/0x00007fcd28e6d440
12293:             1             16  org.opensearch.replication.action.autofollow.TransportUpdateAutoFollowPatternAction$Companion
12294:             1             16  org.opensearch.replication.action.autofollow.UpdateAutoFollowPatternAction$$Lambda/0x00007fcd28c08000
12295:             1             16  org.opensearch.replication.action.autofollow.UpdateAutoFollowPatternAction$Companion
12296:             1             16  org.opensearch.replication.action.changes.GetChangesAction$$Lambda/0x00007fcd28974f10
12297:             1             16  org.opensearch.replication.action.changes.GetChangesAction$Companion
12298:             1             16  org.opensearch.replication.action.changes.TransportGetChangesAction$$Lambda/0x00007fcd28da0a70
12299:             1             16  org.opensearch.replication.action.changes.TransportGetChangesAction$$Lambda/0x00007fcd28da0c88
12300:             1             16  org.opensearch.replication.action.changes.TransportGetChangesAction$Companion
12301:             1             16  org.opensearch.replication.action.index.ReplicateIndexAction$$Lambda/0x00007fcd28975a38
12302:             1             16  org.opensearch.replication.action.index.ReplicateIndexAction$Companion
12303:             1             16  org.opensearch.replication.action.index.ReplicateIndexClusterManagerNodeAction$$Lambda/0x00007fcd28976490
12304:             1             16  org.opensearch.replication.action.index.ReplicateIndexClusterManagerNodeAction$Companion
12305:             1             16  org.opensearch.replication.action.index.TransportReplicateIndexAction$$Lambda/0x00007fcd28e6d658
12306:             1             16  org.opensearch.replication.action.index.TransportReplicateIndexAction$Companion
12307:             1             16  org.opensearch.replication.action.index.TransportReplicateIndexClusterManagerNodeAction$$Lambda/0x00007fcd28e6f7d8
12308:             1             16  org.opensearch.replication.action.index.TransportReplicateIndexClusterManagerNodeAction$Companion
12309:             1             16  org.opensearch.replication.action.index.block.TransportUpddateIndexBlockAction$$Lambda/0x00007fcd28e6cdf8
12310:             1             16  org.opensearch.replication.action.index.block.TransportUpddateIndexBlockAction$Companion
12311:             1             16  org.opensearch.replication.action.index.block.UpdateIndexBlockAction$$Lambda/0x00007fcd28c0b420
12312:             1             16  org.opensearch.replication.action.index.block.UpdateIndexBlockAction$Companion
12313:             1             16  org.opensearch.replication.action.pause.PauseIndexReplicationAction$$Lambda/0x00007fcd28c099e0
12314:             1             16  org.opensearch.replication.action.pause.PauseIndexReplicationAction$Companion
12315:             1             16  org.opensearch.replication.action.pause.TransportPauseIndexReplicationAction$$Lambda/0x00007fcd28e6d228
12316:             1             16  org.opensearch.replication.action.pause.TransportPauseIndexReplicationAction$Companion
12317:             1             16  org.opensearch.replication.action.replay.ReplayChangesAction$$Lambda/0x00007fcd28976fb0
12318:             1             16  org.opensearch.replication.action.replay.ReplayChangesAction$Companion
12319:             1             16  org.opensearch.replication.action.replay.TransportReplayChangesAction$$Lambda/0x00007fcd28da1d48
12320:             1             16  org.opensearch.replication.action.replay.TransportReplayChangesAction$$Lambda/0x00007fcd28da1f80
12321:             1             16  org.opensearch.replication.action.replay.TransportReplayChangesAction$$Lambda/0x00007fcd28da2198
12322:             1             16  org.opensearch.replication.action.replay.TransportReplayChangesAction$Companion
12323:             1             16  org.opensearch.replication.action.replicationstatedetails.TransportUpdateReplicationStateDetails$$Lambda/0x00007fcd28e6f3a8
12324:             1             16  org.opensearch.replication.action.replicationstatedetails.UpdateReplicationStateAction$$Lambda/0x00007fcd28c0deb8
12325:             1             16  org.opensearch.replication.action.replicationstatedetails.UpdateReplicationStateAction$Companion
12326:             1             16  org.opensearch.replication.action.repository.GetFileChunkAction$$Lambda/0x00007fcd28c01660
12327:             1             16  org.opensearch.replication.action.repository.GetFileChunkAction$Companion
12328:             1             16  org.opensearch.replication.action.repository.GetStoreMetadataAction$$Lambda/0x00007fcd28977b48
12329:             1             16  org.opensearch.replication.action.repository.GetStoreMetadataAction$Companion
12330:             1             16  org.opensearch.replication.action.repository.ReleaseLeaderResourcesAction$$Lambda/0x00007fcd28c0bce0
12331:             1             16  org.opensearch.replication.action.repository.ReleaseLeaderResourcesAction$Companion
12332:             1             16  org.opensearch.replication.action.repository.TransportGetFileChunkAction$$Lambda/0x00007fcd28e6e2e8
12333:             1             16  org.opensearch.replication.action.repository.TransportGetFileChunkAction$$Lambda/0x00007fcd28e6e500
12334:             1             16  org.opensearch.replication.action.repository.TransportGetFileChunkAction$Companion
12335:             1             16  org.opensearch.replication.action.repository.TransportGetStoreMetadataAction$$Lambda/0x00007fcd28da12d0
12336:             1             16  org.opensearch.replication.action.repository.TransportGetStoreMetadataAction$$Lambda/0x00007fcd28da14e8
12337:             1             16  org.opensearch.replication.action.repository.TransportGetStoreMetadataAction$Companion
12338:             1             16  org.opensearch.replication.action.repository.TransportReleaseLeaderResourcesAction$$Lambda/0x00007fcd28da1700
12339:             1             16  org.opensearch.replication.action.repository.TransportReleaseLeaderResourcesAction$$Lambda/0x00007fcd28da1918
12340:             1             16  org.opensearch.replication.action.repository.TransportReleaseLeaderResourcesAction$Companion
12341:             1             16  org.opensearch.replication.action.resume.ResumeIndexReplicationAction$$Lambda/0x00007fcd28c0a2a0
12342:             1             16  org.opensearch.replication.action.resume.ResumeIndexReplicationAction$Companion
12343:             1             16  org.opensearch.replication.action.resume.TransportResumeIndexReplicationAction$$Lambda/0x00007fcd28da0ea0
12344:             1             16  org.opensearch.replication.action.resume.TransportResumeIndexReplicationAction$Companion
12345:             1             16  org.opensearch.replication.action.setup.SetupChecksAction$$Lambda/0x00007fcd28c0d670
12346:             1             16  org.opensearch.replication.action.setup.SetupChecksAction$Companion
12347:             1             16  org.opensearch.replication.action.setup.TransportSetupChecksAction$$Lambda/0x00007fcd28e6e718
12348:             1             16  org.opensearch.replication.action.setup.TransportSetupChecksAction$Companion
12349:             1             16  org.opensearch.replication.action.setup.TransportValidatePermissionsAction$$Lambda/0x00007fcd28e6d010
12350:             1             16  org.opensearch.replication.action.setup.TransportValidatePermissionsAction$Companion
12351:             1             16  org.opensearch.replication.action.setup.ValidatePermissionsAction$$Lambda/0x00007fcd28c0ce28
12352:             1             16  org.opensearch.replication.action.setup.ValidatePermissionsAction$Companion
12353:             1             16  org.opensearch.replication.action.stats.AutoFollowStatsAction$$Lambda/0x00007fcd28c114b0
12354:             1             16  org.opensearch.replication.action.stats.AutoFollowStatsAction$Companion
12355:             1             16  org.opensearch.replication.action.stats.FollowerStatsAction$$Lambda/0x00007fcd28c10968
12356:             1             16  org.opensearch.replication.action.stats.FollowerStatsAction$Companion
12357:             1             16  org.opensearch.replication.action.stats.LeaderStatsAction$$Lambda/0x00007fcd28c10000
12358:             1             16  org.opensearch.replication.action.stats.LeaderStatsAction$Companion
12359:             1             16  org.opensearch.replication.action.stats.TransportAutoFollowStatsAction$$Lambda/0x00007fcd28e6dca0
12360:             1             16  org.opensearch.replication.action.stats.TransportAutoFollowStatsAction$$Lambda/0x00007fcd28e6deb8
12361:             1             16  org.opensearch.replication.action.stats.TransportAutoFollowStatsAction$$Lambda/0x00007fcd28e6e0d0
12362:             1             16  org.opensearch.replication.action.stats.TransportAutoFollowStatsAction$Companion
12363:             1             16  org.opensearch.replication.action.stats.TransportFollowerStatsAction$$Lambda/0x00007fcd28e6eb48
12364:             1             16  org.opensearch.replication.action.stats.TransportFollowerStatsAction$$Lambda/0x00007fcd28e6ed60
12365:             1             16  org.opensearch.replication.action.stats.TransportFollowerStatsAction$Companion
12366:             1             16  org.opensearch.replication.action.stats.TransportLeaderStatsAction$$Lambda/0x00007fcd28e6d870
12367:             1             16  org.opensearch.replication.action.stats.TransportLeaderStatsAction$$Lambda/0x00007fcd28e6da88
12368:             1             16  org.opensearch.replication.action.stats.TransportLeaderStatsAction$Companion
12369:             1             16  org.opensearch.replication.action.status.ReplicationStatusAction$$Lambda/0x00007fcd28c0f2d8
12370:             1             16  org.opensearch.replication.action.status.ReplicationStatusAction$Companion
12371:             1             16  org.opensearch.replication.action.status.ShardsInfoAction$$Lambda/0x00007fcd28c0ea40
12372:             1             16  org.opensearch.replication.action.status.ShardsInfoAction$Companion
12373:             1             16  org.opensearch.replication.action.status.TranportShardsInfoAction$$Lambda/0x00007fcd28e6e930
12374:             1             16  org.opensearch.replication.action.status.TranportShardsInfoAction$Companion
12375:             1             16  org.opensearch.replication.action.status.TransportReplicationStatusAction$$Lambda/0x00007fcd28e6ef78
12376:             1             16  org.opensearch.replication.action.status.TransportReplicationStatusAction$Companion
12377:             1             16  org.opensearch.replication.action.stop.StopIndexReplicationAction$$Lambda/0x00007fcd28c09120
12378:             1             16  org.opensearch.replication.action.stop.StopIndexReplicationAction$Companion
12379:             1             16  org.opensearch.replication.action.stop.TransportStopIndexReplicationAction$$Lambda/0x00007fcd28e6f190
12380:             1             16  org.opensearch.replication.action.stop.TransportStopIndexReplicationAction$Companion
12381:             1             16  org.opensearch.replication.action.update.TransportUpdateIndexReplicationAction$$Lambda/0x00007fcd28e6f9f0
12382:             1             16  org.opensearch.replication.action.update.TransportUpdateIndexReplicationAction$Companion
12383:             1             16  org.opensearch.replication.action.update.UpdateIndexReplicationAction$$Lambda/0x00007fcd28c0ab60
12384:             1             16  org.opensearch.replication.action.update.UpdateIndexReplicationAction$Companion
12385:             1             16  org.opensearch.replication.metadata.ReplicationMetadataManager$Companion
12386:             1             16  org.opensearch.replication.metadata.TransportUpdateMetadataAction$$Lambda/0x00007fcd28e6f5c0
12387:             1             16  org.opensearch.replication.metadata.TransportUpdateMetadataAction$Companion
12388:             1             16  org.opensearch.replication.metadata.UpdateMetadataAction$$Lambda/0x00007fcd28c0c580
12389:             1             16  org.opensearch.replication.metadata.UpdateMetadataAction$Companion
12390:             1             16  org.opensearch.replication.metadata.store.ReplicationMetadataStore$Companion
12391:             1             16  org.opensearch.replication.repository.RemoteClusterRepositoriesService
12392:             1             16  org.opensearch.replication.repository.RemoteClusterRepositoriesService$$Lambda/0x00007fcd28974000
12393:             1             16  org.opensearch.replication.repository.RemoteClusterRepositoriesService$$Lambda/0x00007fcd28974230
12394:             1             16  org.opensearch.replication.repository.RemoteClusterRepositoriesService$$Lambda/0x00007fcd28974458
12395:             1             16  org.opensearch.replication.repository.RemoteClusterRepositoriesService$$Lambda/0x00007fcd28974688
12396:             1             16  org.opensearch.replication.rest.AutoFollowStatsHandler$Companion
12397:             1             16  org.opensearch.replication.rest.FollowerStatsHandler$Companion
12398:             1             16  org.opensearch.replication.rest.LeaderStatsHandler$Companion
12399:             1             16  org.opensearch.replication.rest.PauseIndexReplicationHandler$Companion
12400:             1             16  org.opensearch.replication.rest.ReplicationStatusHandler$Companion
12401:             1             16  org.opensearch.replication.rest.ResumeIndexReplicationHandler$Companion
12402:             1             16  org.opensearch.replication.rest.UpdateAutoFollowPatternsHandler$Companion
12403:             1             16  org.opensearch.replication.seqno.RemoteClusterTranslogService$Companion
12404:             1             16  org.opensearch.replication.task.autofollow.AutoFollowExecutor$Companion
12405:             1             16  org.opensearch.replication.task.autofollow.AutoFollowStat$Companion
12406:             1             16  org.opensearch.replication.task.index.IndexReplicationExecutor$Companion
12407:             1             16  org.opensearch.replication.task.index.IndexReplicationState$$Lambda/0x00007fcd28d0c660
12408:             1             16  org.opensearch.replication.task.index.IndexReplicationState$$Lambda/0x00007fcd28d0c878
12409:             1             16  org.opensearch.replication.task.index.IndexReplicationState$Companion
12410:             1             16  org.opensearch.replication.task.index.InitialState
12411:             1             16  org.opensearch.replication.task.shard.FollowerClusterStats
12412:             1             16  org.opensearch.replication.task.shard.ShardReplicationExecutor$Companion
12413:             1             16  org.opensearch.replication.util.ValidationUtil
12414:             1             16  org.opensearch.reportsscheduler.ReportsSchedulerPlugin
12415:             1             16  org.opensearch.reportsscheduler.ReportsSchedulerPlugin$Companion
12416:             1             16  org.opensearch.reportsscheduler.action.CreateReportDefinitionAction$$Lambda/0x00007fcd289796f8
12417:             1             16  org.opensearch.reportsscheduler.action.CreateReportDefinitionAction$$Lambda/0x00007fcd28d81cf0
12418:             1             16  org.opensearch.reportsscheduler.action.CreateReportDefinitionAction$Companion
12419:             1             16  org.opensearch.reportsscheduler.action.DeleteReportDefinitionAction$$Lambda/0x00007fcd28979fb8
12420:             1             16  org.opensearch.reportsscheduler.action.DeleteReportDefinitionAction$$Lambda/0x00007fcd28d82120
12421:             1             16  org.opensearch.reportsscheduler.action.DeleteReportDefinitionAction$Companion
12422:             1             16  org.opensearch.reportsscheduler.action.GetAllReportDefinitionsAction$$Lambda/0x00007fcd2897a880
12423:             1             16  org.opensearch.reportsscheduler.action.GetAllReportDefinitionsAction$$Lambda/0x00007fcd28d82338
12424:             1             16  org.opensearch.reportsscheduler.action.GetAllReportDefinitionsAction$Companion
12425:             1             16  org.opensearch.reportsscheduler.action.GetAllReportInstancesAction$$Lambda/0x00007fcd2897b148
12426:             1             16  org.opensearch.reportsscheduler.action.GetAllReportInstancesAction$$Lambda/0x00007fcd28d81490
12427:             1             16  org.opensearch.reportsscheduler.action.GetAllReportInstancesAction$Companion
12428:             1             16  org.opensearch.reportsscheduler.action.GetReportDefinitionAction$$Lambda/0x00007fcd2897ba10
12429:             1             16  org.opensearch.reportsscheduler.action.GetReportDefinitionAction$$Lambda/0x00007fcd28d816a8
12430:             1             16  org.opensearch.reportsscheduler.action.GetReportDefinitionAction$Companion
12431:             1             16  org.opensearch.reportsscheduler.action.GetReportInstanceAction$$Lambda/0x00007fcd28c14498
12432:             1             16  org.opensearch.reportsscheduler.action.GetReportInstanceAction$$Lambda/0x00007fcd28d81f08
12433:             1             16  org.opensearch.reportsscheduler.action.GetReportInstanceAction$Companion
12434:             1             16  org.opensearch.reportsscheduler.action.InContextReportCreateAction$$Lambda/0x00007fcd28c14d60
12435:             1             16  org.opensearch.reportsscheduler.action.InContextReportCreateAction$$Lambda/0x00007fcd28d82550
12436:             1             16  org.opensearch.reportsscheduler.action.InContextReportCreateAction$Companion
12437:             1             16  org.opensearch.reportsscheduler.action.OnDemandReportCreateAction$$Lambda/0x00007fcd28c15628
12438:             1             16  org.opensearch.reportsscheduler.action.OnDemandReportCreateAction$$Lambda/0x00007fcd28c17d48
12439:             1             16  org.opensearch.reportsscheduler.action.OnDemandReportCreateAction$Companion
12440:             1             16  org.opensearch.reportsscheduler.action.PluginBaseAction$Companion
12441:             1             16  org.opensearch.reportsscheduler.action.UpdateReportDefinitionAction$$Lambda/0x00007fcd28c15ee8
12442:             1             16  org.opensearch.reportsscheduler.action.UpdateReportDefinitionAction$$Lambda/0x00007fcd28d81ad8
12443:             1             16  org.opensearch.reportsscheduler.action.UpdateReportDefinitionAction$Companion
12444:             1             16  org.opensearch.reportsscheduler.action.UpdateReportInstanceStatusAction$$Lambda/0x00007fcd28c167a8
12445:             1             16  org.opensearch.reportsscheduler.action.UpdateReportInstanceStatusAction$$Lambda/0x00007fcd28d818c0
12446:             1             16  org.opensearch.reportsscheduler.action.UpdateReportInstanceStatusAction$Companion
12447:             1             16  org.opensearch.reportsscheduler.index.ReportDefinitionsIndex
12448:             1             16  org.opensearch.reportsscheduler.index.ReportInstancesIndex
12449:             1             16  org.opensearch.reportsscheduler.resthandler.OnDemandReportRestHandler$Companion
12450:             1             16  org.opensearch.reportsscheduler.resthandler.ReportDefinitionListRestHandler$Companion
12451:             1             16  org.opensearch.reportsscheduler.resthandler.ReportDefinitionRestHandler$Companion
12452:             1             16  org.opensearch.reportsscheduler.resthandler.ReportInstanceListRestHandler$Companion
12453:             1             16  org.opensearch.reportsscheduler.resthandler.ReportInstanceRestHandler$Companion
12454:             1             16  org.opensearch.reportsscheduler.resthandler.ReportStatsRestHandler$Companion
12455:             1             16  org.opensearch.reportsscheduler.scheduler.ReportDefinitionJobParser
12456:             1             16  org.opensearch.reportsscheduler.scheduler.ReportDefinitionJobRunner
12457:             1             16  org.opensearch.reportsscheduler.settings.PluginSettings
12458:             1             16  org.opensearch.reportsscheduler.settings.PluginSettings$$Lambda/0x00007fcd28577600
12459:             1             16  org.opensearch.reportsscheduler.settings.PluginSettings$$Lambda/0x00007fcd28577828
12460:             1             16  org.opensearch.repositories.RepositoriesService$$Lambda/0x00007fcd28cef878
12461:             1             16  org.opensearch.repositories.VerifyNodeRepositoryAction$$Lambda/0x00007fcd28cef228
12462:             1             16  org.opensearch.repositories.VerifyNodeRepositoryAction$VerifyNodeRepositoryRequestHandler
12463:             1             16  org.opensearch.repositories.blobstore.BlobStoreRepository$$Lambda/0x00007fcd28531058
12464:             1             16  org.opensearch.repositories.blobstore.BlobStoreRepository$$Lambda/0x00007fcd28532538
12465:             1             16  org.opensearch.repositories.blobstore.BlobStoreRepository$$Lambda/0x00007fcd28532d70
12466:             1             16  org.opensearch.repositories.blobstore.BlobStoreRepository$$Lambda/0x00007fcd285331e8
12467:             1             16  org.opensearch.repositories.blobstore.BlobStoreRepository$$Lambda/0x00007fcd285338b8
12468:             1             16  org.opensearch.repositories.blobstore.BlobStoreRepository$$Lambda/0x00007fcd28533dc8
12469:             1             16  org.opensearch.repositories.blobstore.BlobStoreRepository$$Lambda/0x00007fcd28534298
12470:             1             16  org.opensearch.repositories.blobstore.BlobStoreRepository$$Lambda/0x00007fcd291bc448
12471:             1             16  org.opensearch.repositories.s3.S3ClientSettings$$Lambda/0x00007fcd283c4888
12472:             1             16  org.opensearch.repositories.s3.S3ClientSettings$$Lambda/0x00007fcd283c4ac0
12473:             1             16  org.opensearch.repositories.s3.S3ClientSettings$$Lambda/0x00007fcd283c4cf8
12474:             1             16  org.opensearch.repositories.s3.S3ClientSettings$$Lambda/0x00007fcd283c4f30
12475:             1             16  org.opensearch.repositories.s3.S3ClientSettings$$Lambda/0x00007fcd283c5168
12476:             1             16  org.opensearch.repositories.s3.S3ClientSettings$$Lambda/0x00007fcd283c53a0
12477:             1             16  org.opensearch.repositories.s3.S3ClientSettings$$Lambda/0x00007fcd283c55d8
12478:             1             16  org.opensearch.repositories.s3.S3ClientSettings$$Lambda/0x00007fcd283c5810
12479:             1             16  org.opensearch.repositories.s3.S3ClientSettings$$Lambda/0x00007fcd283c5a48
12480:             1             16  org.opensearch.repositories.s3.S3ClientSettings$$Lambda/0x00007fcd283c5ec0
12481:             1             16  org.opensearch.repositories.s3.S3ClientSettings$$Lambda/0x00007fcd283c60f8
12482:             1             16  org.opensearch.repositories.s3.S3ClientSettings$$Lambda/0x00007fcd283c6570
12483:             1             16  org.opensearch.repositories.s3.S3ClientSettings$$Lambda/0x00007fcd283c67a8
12484:             1             16  org.opensearch.repositories.s3.S3ClientSettings$$Lambda/0x00007fcd283c69e0
12485:             1             16  org.opensearch.repositories.s3.S3ClientSettings$$Lambda/0x00007fcd283c6c18
12486:             1             16  org.opensearch.repositories.s3.S3ClientSettings$$Lambda/0x00007fcd283c6e50
12487:             1             16  org.opensearch.repositories.s3.S3ClientSettings$$Lambda/0x00007fcd283c7088
12488:             1             16  org.opensearch.repositories.s3.S3ClientSettings$$Lambda/0x00007fcd283c72c0
12489:             1             16  org.opensearch.repositories.s3.S3ClientSettings$$Lambda/0x00007fcd283c74f8
12490:             1             16  org.opensearch.repositories.s3.S3ClientSettings$$Lambda/0x00007fcd283c7730
12491:             1             16  org.opensearch.repositories.s3.S3ClientSettings$$Lambda/0x00007fcd283c7968
12492:             1             16  org.opensearch.repositories.s3.S3ClientSettings$$Lambda/0x00007fcd283c7ba0
12493:             1             16  org.opensearch.repositories.s3.S3ClientSettings$$Lambda/0x00007fcd283c8000
12494:             1             16  org.opensearch.repositories.s3.S3ClientSettings$$Lambda/0x00007fcd283c8238
12495:             1             16  org.opensearch.repositories.s3.S3ClientSettings$$Lambda/0x00007fcd283c8470
12496:             1             16  org.opensearch.repositories.s3.S3ClientSettings$$Lambda/0x00007fcd283c86a8
12497:             1             16  org.opensearch.repositories.s3.S3ClientSettings$$Lambda/0x00007fcd283c88e0
12498:             1             16  org.opensearch.repositories.s3.S3ClientSettings$$Lambda/0x00007fcd283c8b18
12499:             1             16  org.opensearch.repositories.s3.S3ClientSettings$$Lambda/0x00007fcd283c8d50
12500:             1             16  org.opensearch.repositories.s3.S3ClientSettings$$Lambda/0x00007fcd283c8f88
12501:             1             16  org.opensearch.repositories.s3.S3Repository$$Lambda/0x00007fcd285285f0
12502:             1             16  org.opensearch.repositories.s3.S3Repository$$Lambda/0x00007fcd28528828
12503:             1             16  org.opensearch.repositories.s3.async.TransferSemaphoresHolder$$Lambda/0x00007fcd28a85110
12504:             1             16  org.opensearch.repositories.s3.async.TransferSemaphoresHolder$$Lambda/0x00007fcd28a85340
12505:             1             16  org.opensearch.repositories.url.URLRepository$$Lambda/0x00007fcd28214af0
12506:             1             16  org.opensearch.repositories.url.URLRepository$$Lambda/0x00007fcd28214d28
12507:             1             16  org.opensearch.repositories.url.URLRepository$$Lambda/0x00007fcd285485d8
12508:             1             16  org.opensearch.repositories.url.URLRepository$$Lambda/0x00007fcd28548810
12509:             1             16  org.opensearch.rest.RestController$$Lambda/0x00007fcd28c9a520
12510:             1             16  org.opensearch.rest.RestUtils$1
12511:             1             16  org.opensearch.rest.action.admin.cluster.RestClusterRerouteAction$$Lambda/0x00007fcd28fc8240
12512:             1             16  org.opensearch.rest.action.admin.cluster.RestClusterRerouteAction$$Lambda/0x00007fcd28fc8458
12513:             1             16  org.opensearch.rest.action.admin.cluster.RestNodesStatsAction$$Lambda/0x00007fcd28fc5cf8
12514:             1             16  org.opensearch.rest.action.admin.cluster.RestReloadSecureSettingsAction$$Lambda/0x00007fcd28fd4020
12515:             1             16  org.opensearch.rest.action.admin.cluster.RestReloadSecureSettingsAction$$Lambda/0x00007fcd28fd4238
12516:             1             16  org.opensearch.script.AbstractSortScript$$Lambda/0x00007fcd285ce0d8
12517:             1             16  org.opensearch.script.AbstractSortScript$$Lambda/0x00007fcd285ce310
12518:             1             16  org.opensearch.script.AbstractSortScript$$Lambda/0x00007fcd285ce548
12519:             1             16  org.opensearch.script.AggregationScript$$Lambda/0x00007fcd285cd598
12520:             1             16  org.opensearch.script.AggregationScript$$Lambda/0x00007fcd285cd7d0
12521:             1             16  org.opensearch.script.AggregationScript$$Lambda/0x00007fcd285cda08
12522:             1             16  org.opensearch.script.DerivedFieldScript$$Lambda/0x00007fcd2822cce0
12523:             1             16  org.opensearch.script.DerivedFieldScript$$Lambda/0x00007fcd2822cf18
12524:             1             16  org.opensearch.script.FieldScript$$Lambda/0x00007fcd285cc2a8
12525:             1             16  org.opensearch.script.FieldScript$$Lambda/0x00007fcd285cc4e0
12526:             1             16  org.opensearch.script.FieldScript$$Lambda/0x00007fcd285cc718
12527:             1             16  org.opensearch.script.ScoreScript$$Lambda/0x00007fcd2821d7b8
12528:             1             16  org.opensearch.script.ScoreScript$$Lambda/0x00007fcd2821d9f0
12529:             1             16  org.opensearch.script.ScoreScript$$Lambda/0x00007fcd2821dc28
12530:             1             16  org.opensearch.script.Script$$Lambda/0x00007fcd2879ebb0
12531:             1             16  org.opensearch.script.Script$$Lambda/0x00007fcd2879edc8
12532:             1             16  org.opensearch.script.Script$$Lambda/0x00007fcd2879eff0
12533:             1             16  org.opensearch.script.Script$$Lambda/0x00007fcd2879f208
12534:             1             16  org.opensearch.script.Script$$Lambda/0x00007fcd2879f430
12535:             1             16  org.opensearch.script.Script$$Lambda/0x00007fcd2879f658
12536:             1             16  org.opensearch.script.Script$$Lambda/0x00007fcd2879f880
12537:             1             16  org.opensearch.script.Script$$Lambda/0x00007fcd2879fa98
12538:             1             16  org.opensearch.script.Script$$Lambda/0x00007fcd2879fcc0
12539:             1             16  org.opensearch.script.Script$$Lambda/0x00007fcd287a0000
12540:             1             16  org.opensearch.script.ScriptModule$$Lambda/0x00007fcd285d2e78
12541:             1             16  org.opensearch.script.ScriptService$$Lambda/0x00007fcd28626440
12542:             1             16  org.opensearch.script.ScriptService$$Lambda/0x00007fcd28626678
12543:             1             16  org.opensearch.script.ScriptService$$Lambda/0x00007fcd286268b0
12544:             1             16  org.opensearch.script.ScriptService$$Lambda/0x00007fcd28626ae8
12545:             1             16  org.opensearch.script.ScriptService$$Lambda/0x00007fcd28626d20
12546:             1             16  org.opensearch.script.ScriptService$$Lambda/0x00007fcd28708860
12547:             1             16  org.opensearch.script.ScriptService$$Lambda/0x00007fcd28709160
12548:             1             16  org.opensearch.script.ScriptService$$Lambda/0x00007fcd28709390
12549:             1             16  org.opensearch.script.ScriptedMetricAggContexts$MapScript$$Lambda/0x00007fcd2845ca58
12550:             1             16  org.opensearch.script.ScriptedMetricAggContexts$MapScript$$Lambda/0x00007fcd2845cc90
12551:             1             16  org.opensearch.script.ScriptedMetricAggContexts$MapScript$$Lambda/0x00007fcd2845cec8
12552:             1             16  org.opensearch.script.ScriptedMetricAggContexts$MapScript$$Lambda/0x00007fcd2845d100
12553:             1             16  org.opensearch.script.TermsSetQueryScript$$Lambda/0x00007fcd285cf7d0
12554:             1             16  org.opensearch.script.TermsSetQueryScript$$Lambda/0x00007fcd285cfa08
12555:             1             16  org.opensearch.script.TermsSetQueryScript$$Lambda/0x00007fcd285cfc40
12556:             1             16  org.opensearch.script.expression.ExpressionPlugin
12557:             1             16  org.opensearch.script.expression.ExpressionScriptEngine
12558:             1             16  org.opensearch.script.expression.ExpressionScriptEngine$$Lambda/0x00007fcd28628668
12559:             1             16  org.opensearch.script.expression.ExpressionScriptEngine$$Lambda/0x00007fcd286288a0
12560:             1             16  org.opensearch.script.expression.ExpressionScriptEngine$$Lambda/0x00007fcd28628ad8
12561:             1             16  org.opensearch.script.expression.ExpressionScriptEngine$$Lambda/0x00007fcd28628d10
12562:             1             16  org.opensearch.script.expression.ExpressionScriptEngine$$Lambda/0x00007fcd28628f48
12563:             1             16  org.opensearch.script.expression.ExpressionScriptEngine$$Lambda/0x00007fcd28629180
12564:             1             16  org.opensearch.script.expression.ExpressionScriptEngine$$Lambda/0x00007fcd286293b8
12565:             1             16  org.opensearch.script.expression.ExpressionScriptEngine$$Lambda/0x00007fcd286295f0
12566:             1             16  org.opensearch.script.mustache.MultiSearchTemplateAction$$Lambda/0x00007fcd28c00b40
12567:             1             16  org.opensearch.script.mustache.MustachePlugin
12568:             1             16  org.opensearch.script.mustache.MustacheScriptEngine
12569:             1             16  org.opensearch.script.mustache.RenderSearchTemplateAction$$Lambda/0x00007fcd28c00430
12570:             1             16  org.opensearch.script.mustache.SearchTemplateAction$$Lambda/0x00007fcd28c00000
12571:             1             16  org.opensearch.script.mustache.TransportMultiSearchTemplateAction$$Lambda/0x00007fcd28d846c8
12572:             1             16  org.opensearch.script.mustache.TransportSearchTemplateAction$$Lambda/0x00007fcd28d848e0
12573:             1             16  org.opensearch.script.mustache.TransportSearchTemplateAction$$Lambda/0x00007fcd28d84af8
12574:             1             16  org.opensearch.search.DocValueFormat$1
12575:             1             16  org.opensearch.search.DocValueFormat$2
12576:             1             16  org.opensearch.search.DocValueFormat$3
12577:             1             16  org.opensearch.search.DocValueFormat$4
12578:             1             16  org.opensearch.search.DocValueFormat$5
12579:             1             16  org.opensearch.search.DocValueFormat$6
12580:             1             16  org.opensearch.search.DocValueFormat$7
12581:             1             16  org.opensearch.search.DocValueFormat$8
12582:             1             16  org.opensearch.search.RescoreDocIds
12583:             1             16  org.opensearch.search.RescoreDocIds$$Lambda/0x00007fcd29213a10
12584:             1             16  org.opensearch.search.RescoreDocIds$$Lambda/0x00007fcd29213c28
12585:             1             16  org.opensearch.search.RescoreDocIds$$Lambda/0x00007fcd293d4400
12586:             1             16  org.opensearch.search.RescoreDocIds$$Lambda/0x00007fcd293d4800
12587:             1             16  org.opensearch.search.RescoreDocIds$$Lambda/0x00007fcd293d4a18
12588:             1             16  org.opensearch.search.RescoreDocIds$$Lambda/0x00007fcd293d4c30
12589:             1             16  org.opensearch.search.SearchHit$$Lambda/0x00007fcd29214038
12590:             1             16  org.opensearch.search.SearchHit$$Lambda/0x00007fcd29214250
12591:             1             16  org.opensearch.search.SearchHit$$Lambda/0x00007fcd292148c8
12592:             1             16  org.opensearch.search.SearchHit$$Lambda/0x00007fcd29214af0
12593:             1             16  org.opensearch.search.SearchHit$$Lambda/0x00007fcd29214d18
12594:             1             16  org.opensearch.search.SearchHit$$Lambda/0x00007fcd29214f40
12595:             1             16  org.opensearch.search.SearchHit$$Lambda/0x00007fcd29215168
12596:             1             16  org.opensearch.search.SearchHit$$Lambda/0x00007fcd29215380
12597:             1             16  org.opensearch.search.SearchHit$$Lambda/0x00007fcd292155a8
12598:             1             16  org.opensearch.search.SearchHit$$Lambda/0x00007fcd292157d0
12599:             1             16  org.opensearch.search.SearchHit$$Lambda/0x00007fcd292159f8
12600:             1             16  org.opensearch.search.SearchHit$$Lambda/0x00007fcd29215c20
12601:             1             16  org.opensearch.search.SearchHit$$Lambda/0x00007fcd29215e38
12602:             1             16  org.opensearch.search.SearchHit$$Lambda/0x00007fcd29216060
12603:             1             16  org.opensearch.search.SearchHit$$Lambda/0x00007fcd29216278
12604:             1             16  org.opensearch.search.SearchHit$$Lambda/0x00007fcd292164a0
12605:             1             16  org.opensearch.search.SearchHit$$Lambda/0x00007fcd292166b8
12606:             1             16  org.opensearch.search.SearchHit$$Lambda/0x00007fcd292168e0
12607:             1             16  org.opensearch.search.SearchHit$$Lambda/0x00007fcd29216af8
12608:             1             16  org.opensearch.search.SearchHit$$Lambda/0x00007fcd29216d20
12609:             1             16  org.opensearch.search.SearchHit$$Lambda/0x00007fcd29218a88
12610:             1             16  org.opensearch.search.SearchHit$$Lambda/0x00007fcd29218cb0
12611:             1             16  org.opensearch.search.SearchHit$$Lambda/0x00007fcd29219268
12612:             1             16  org.opensearch.search.SearchHit$$Lambda/0x00007fcd292196a8
12613:             1             16  org.opensearch.search.SearchHit$$Lambda/0x00007fcd29219cf0
12614:             1             16  org.opensearch.search.SearchHit$$Lambda/0x00007fcd2921b188
12615:             1             16  org.opensearch.search.SearchHit$$Lambda/0x00007fcd2921bc10
12616:             1             16  org.opensearch.search.SearchHit$$Lambda/0x00007fcd29220000
12617:             1             16  org.opensearch.search.SearchHit$$Lambda/0x00007fcd29220218
12618:             1             16  org.opensearch.search.SearchHit$$Lambda/0x00007fcd29220700
12619:             1             16  org.opensearch.search.SearchHit$$Lambda/0x00007fcd29220918
12620:             1             16  org.opensearch.search.SearchHit$$Lambda/0x00007fcd29220b30
12621:             1             16  org.opensearch.search.SearchHit$$Lambda/0x00007fcd292215a8
12622:             1             16  org.opensearch.search.SearchHits$$Lambda/0x00007fcd292217c0
12623:             1             16  org.opensearch.search.SearchHits$$Lambda/0x00007fcd292219d8
12624:             1             16  org.opensearch.search.SearchHits$$Lambda/0x00007fcd29221bf0
12625:             1             16  org.opensearch.search.SearchHits$$Lambda/0x00007fcd29221e08
12626:             1             16  org.opensearch.search.SearchModule$$Lambda/0x00007fcd2874b5e0
12627:             1             16  org.opensearch.search.SearchModule$$Lambda/0x00007fcd2874ba30
12628:             1             16  org.opensearch.search.SearchModule$$Lambda/0x00007fcd28754240
12629:             1             16  org.opensearch.search.SearchModule$$Lambda/0x00007fcd287554b0
12630:             1             16  org.opensearch.search.SearchModule$$Lambda/0x00007fcd287556c8
12631:             1             16  org.opensearch.search.SearchModule$$Lambda/0x00007fcd28756560
12632:             1             16  org.opensearch.search.SearchModule$$Lambda/0x00007fcd28756f08
12633:             1             16  org.opensearch.search.SearchModule$$Lambda/0x00007fcd28757120
12634:             1             16  org.opensearch.search.SearchModule$$Lambda/0x00007fcd28757988
12635:             1             16  org.opensearch.search.SearchModule$$Lambda/0x00007fcd28758660
12636:             1             16  org.opensearch.search.SearchModule$$Lambda/0x00007fcd28758878
12637:             1             16  org.opensearch.search.SearchModule$$Lambda/0x00007fcd287590c0
12638:             1             16  org.opensearch.search.SearchModule$$Lambda/0x00007fcd287592d8
12639:             1             16  org.opensearch.search.SearchModule$$Lambda/0x00007fcd2875b638
12640:             1             16  org.opensearch.search.SearchModule$$Lambda/0x00007fcd2875c4f0
12641:             1             16  org.opensearch.search.SearchModule$$Lambda/0x00007fcd2875c928
12642:             1             16  org.opensearch.search.SearchModule$$Lambda/0x00007fcd2875cd38
12643:             1             16  org.opensearch.search.SearchModule$$Lambda/0x00007fcd2875e078
12644:             1             16  org.opensearch.search.SearchModule$$Lambda/0x00007fcd28762488
12645:             1             16  org.opensearch.search.SearchModule$$Lambda/0x00007fcd28762de8
12646:             1             16  org.opensearch.search.SearchModule$$Lambda/0x00007fcd28763998
12647:             1             16  org.opensearch.search.SearchModule$$Lambda/0x00007fcd28763bb0
12648:             1             16  org.opensearch.search.SearchModule$$Lambda/0x00007fcd28764320
12649:             1             16  org.opensearch.search.SearchModule$$Lambda/0x00007fcd28764538
12650:             1             16  org.opensearch.search.SearchModule$$Lambda/0x00007fcd28764a20
12651:             1             16  org.opensearch.search.SearchModule$$Lambda/0x00007fcd28764c38
12652:             1             16  org.opensearch.search.SearchModule$$Lambda/0x00007fcd28765ca0
12653:             1             16  org.opensearch.search.SearchModule$$Lambda/0x00007fcd287660b0
12654:             1             16  org.opensearch.search.SearchModule$$Lambda/0x00007fcd287668b8
12655:             1             16  org.opensearch.search.SearchModule$$Lambda/0x00007fcd28766ad0
12656:             1             16  org.opensearch.search.SearchModule$$Lambda/0x00007fcd287670c8
12657:             1             16  org.opensearch.search.SearchModule$$Lambda/0x00007fcd287672e0
12658:             1             16  org.opensearch.search.SearchModule$$Lambda/0x00007fcd287679c8
12659:             1             16  org.opensearch.search.SearchModule$$Lambda/0x00007fcd28767be0
12660:             1             16  org.opensearch.search.SearchModule$$Lambda/0x00007fcd287685f8
12661:             1             16  org.opensearch.search.SearchModule$$Lambda/0x00007fcd28768810
12662:             1             16  org.opensearch.search.SearchModule$$Lambda/0x00007fcd28769040
12663:             1             16  org.opensearch.search.SearchModule$$Lambda/0x00007fcd28769258
12664:             1             16  org.opensearch.search.SearchModule$$Lambda/0x00007fcd28769808
12665:             1             16  org.opensearch.search.SearchModule$$Lambda/0x00007fcd28769a20
12666:             1             16  org.opensearch.search.SearchModule$$Lambda/0x00007fcd28769fc0
12667:             1             16  org.opensearch.search.SearchModule$$Lambda/0x00007fcd2876a1d8
12668:             1             16  org.opensearch.search.SearchModule$$Lambda/0x00007fcd2876adc8
12669:             1             16  org.opensearch.search.SearchModule$$Lambda/0x00007fcd2876afe0
12670:             1             16  org.opensearch.search.SearchModule$$Lambda/0x00007fcd2876b7d8
12671:             1             16  org.opensearch.search.SearchModule$$Lambda/0x00007fcd2876b9f0
12672:             1             16  org.opensearch.search.SearchModule$$Lambda/0x00007fcd2876f730
12673:             1             16  org.opensearch.search.SearchModule$$Lambda/0x00007fcd2876f948
12674:             1             16  org.opensearch.search.SearchModule$$Lambda/0x00007fcd287703b0
12675:             1             16  org.opensearch.search.SearchModule$$Lambda/0x00007fcd287705c8
12676:             1             16  org.opensearch.search.SearchModule$$Lambda/0x00007fcd28770b80
12677:             1             16  org.opensearch.search.SearchModule$$Lambda/0x00007fcd28770d98
12678:             1             16  org.opensearch.search.SearchModule$$Lambda/0x00007fcd287715f8
12679:             1             16  org.opensearch.search.SearchModule$$Lambda/0x00007fcd28771810
12680:             1             16  org.opensearch.search.SearchModule$$Lambda/0x00007fcd28771e70
12681:             1             16  org.opensearch.search.SearchModule$$Lambda/0x00007fcd28772088
12682:             1             16  org.opensearch.search.SearchModule$$Lambda/0x00007fcd28772750
12683:             1             16  org.opensearch.search.SearchModule$$Lambda/0x00007fcd28772968
12684:             1             16  org.opensearch.search.SearchModule$$Lambda/0x00007fcd28772fa0
12685:             1             16  org.opensearch.search.SearchModule$$Lambda/0x00007fcd287731b8
12686:             1             16  org.opensearch.search.SearchModule$$Lambda/0x00007fcd287737f0
12687:             1             16  org.opensearch.search.SearchModule$$Lambda/0x00007fcd28773a08
12688:             1             16  org.opensearch.search.SearchModule$$Lambda/0x00007fcd28773fb0
12689:             1             16  org.opensearch.search.SearchModule$$Lambda/0x00007fcd287741c8
12690:             1             16  org.opensearch.search.SearchModule$$Lambda/0x00007fcd287749d8
12691:             1             16  org.opensearch.search.SearchModule$$Lambda/0x00007fcd28774bf0
12692:             1             16  org.opensearch.search.SearchModule$$Lambda/0x00007fcd28775468
12693:             1             16  org.opensearch.search.SearchModule$$Lambda/0x00007fcd28775680
12694:             1             16  org.opensearch.search.SearchModule$$Lambda/0x00007fcd28776138
12695:             1             16  org.opensearch.search.SearchModule$$Lambda/0x00007fcd28776350
12696:             1             16  org.opensearch.search.SearchModule$$Lambda/0x00007fcd28776bb0
12697:             1             16  org.opensearch.search.SearchModule$$Lambda/0x00007fcd28776dc8
12698:             1             16  org.opensearch.search.SearchModule$$Lambda/0x00007fcd287773d0
12699:             1             16  org.opensearch.search.SearchModule$$Lambda/0x00007fcd287775e8
12700:             1             16  org.opensearch.search.SearchModule$$Lambda/0x00007fcd287784c0
12701:             1             16  org.opensearch.search.SearchModule$$Lambda/0x00007fcd287786d8
12702:             1             16  org.opensearch.search.SearchModule$$Lambda/0x00007fcd28778d00
12703:             1             16  org.opensearch.search.SearchModule$$Lambda/0x00007fcd28778f18
12704:             1             16  org.opensearch.search.SearchModule$$Lambda/0x00007fcd287794f8
12705:             1             16  org.opensearch.search.SearchModule$$Lambda/0x00007fcd28779710
12706:             1             16  org.opensearch.search.SearchModule$$Lambda/0x00007fcd28779d18
12707:             1             16  org.opensearch.search.SearchModule$$Lambda/0x00007fcd28779f30
12708:             1             16  org.opensearch.search.SearchModule$$Lambda/0x00007fcd2877acb8
12709:             1             16  org.opensearch.search.SearchModule$$Lambda/0x00007fcd2877aed0
12710:             1             16  org.opensearch.search.SearchModule$$Lambda/0x00007fcd2877b478
12711:             1             16  org.opensearch.search.SearchModule$$Lambda/0x00007fcd2877b690
12712:             1             16  org.opensearch.search.SearchModule$$Lambda/0x00007fcd2877c230
12713:             1             16  org.opensearch.search.SearchModule$$Lambda/0x00007fcd2877c448
12714:             1             16  org.opensearch.search.SearchModule$$Lambda/0x00007fcd2877d740
12715:             1             16  org.opensearch.search.SearchModule$$Lambda/0x00007fcd2877d958
12716:             1             16  org.opensearch.search.SearchModule$$Lambda/0x00007fcd2877e1a0
12717:             1             16  org.opensearch.search.SearchModule$$Lambda/0x00007fcd2877e3b8
12718:             1             16  org.opensearch.search.SearchModule$$Lambda/0x00007fcd2877eba0
12719:             1             16  org.opensearch.search.SearchModule$$Lambda/0x00007fcd2877edb8
12720:             1             16  org.opensearch.search.SearchModule$$Lambda/0x00007fcd2877f440
12721:             1             16  org.opensearch.search.SearchModule$$Lambda/0x00007fcd2877f658
12722:             1             16  org.opensearch.search.SearchModule$$Lambda/0x00007fcd28780000
12723:             1             16  org.opensearch.search.SearchModule$$Lambda/0x00007fcd28780218
12724:             1             16  org.opensearch.search.SearchModule$$Lambda/0x00007fcd28780a30
12725:             1             16  org.opensearch.search.SearchModule$$Lambda/0x00007fcd28780c48
12726:             1             16  org.opensearch.search.SearchModule$$Lambda/0x00007fcd28781278
12727:             1             16  org.opensearch.search.SearchModule$$Lambda/0x00007fcd28781490
12728:             1             16  org.opensearch.search.SearchModule$$Lambda/0x00007fcd28781a68
12729:             1             16  org.opensearch.search.SearchModule$$Lambda/0x00007fcd28781c80
12730:             1             16  org.opensearch.search.SearchModule$$Lambda/0x00007fcd28782228
12731:             1             16  org.opensearch.search.SearchModule$$Lambda/0x00007fcd28782440
12732:             1             16  org.opensearch.search.SearchModule$$Lambda/0x00007fcd287829e0
12733:             1             16  org.opensearch.search.SearchModule$$Lambda/0x00007fcd28782bf8
12734:             1             16  org.opensearch.search.SearchModule$$Lambda/0x00007fcd28783f90
12735:             1             16  org.opensearch.search.SearchModule$$Lambda/0x00007fcd287841a8
12736:             1             16  org.opensearch.search.SearchModule$$Lambda/0x00007fcd28784988
12737:             1             16  org.opensearch.search.SearchModule$$Lambda/0x00007fcd28784ba0
12738:             1             16  org.opensearch.search.SearchModule$$Lambda/0x00007fcd28785158
12739:             1             16  org.opensearch.search.SearchModule$$Lambda/0x00007fcd28785370
12740:             1             16  org.opensearch.search.SearchModule$$Lambda/0x00007fcd287859b0
12741:             1             16  org.opensearch.search.SearchModule$$Lambda/0x00007fcd28785bc8
12742:             1             16  org.opensearch.search.SearchModule$$Lambda/0x00007fcd2878a770
12743:             1             16  org.opensearch.search.SearchModule$$Lambda/0x00007fcd2878a988
12744:             1             16  org.opensearch.search.SearchModule$$Lambda/0x00007fcd2878aba0
12745:             1             16  org.opensearch.search.SearchModule$$Lambda/0x00007fcd287925d8
12746:             1             16  org.opensearch.search.SearchModule$$Lambda/0x00007fcd287927f0
12747:             1             16  org.opensearch.search.SearchModule$$Lambda/0x00007fcd287931f0
12748:             1             16  org.opensearch.search.SearchModule$$Lambda/0x00007fcd28793408
12749:             1             16  org.opensearch.search.SearchModule$$Lambda/0x00007fcd28793620
12750:             1             16  org.opensearch.search.SearchModule$$Lambda/0x00007fcd28793d80
12751:             1             16  org.opensearch.search.SearchModule$$Lambda/0x00007fcd28794888
12752:             1             16  org.opensearch.search.SearchModule$$Lambda/0x00007fcd28794aa0
12753:             1             16  org.opensearch.search.SearchModule$$Lambda/0x00007fcd28794cb8
12754:             1             16  org.opensearch.search.SearchModule$$Lambda/0x00007fcd28794ed8
12755:             1             16  org.opensearch.search.SearchModule$$Lambda/0x00007fcd287960b8
12756:             1             16  org.opensearch.search.SearchModule$$Lambda/0x00007fcd287964c8
12757:             1             16  org.opensearch.search.SearchModule$$Lambda/0x00007fcd28797a08
12758:             1             16  org.opensearch.search.SearchModule$$Lambda/0x00007fcd28797c20
12759:             1             16  org.opensearch.search.SearchModule$$Lambda/0x00007fcd28799728
12760:             1             16  org.opensearch.search.SearchModule$$Lambda/0x00007fcd28799bf0
12761:             1             16  org.opensearch.search.SearchModule$$Lambda/0x00007fcd28799e08
12762:             1             16  org.opensearch.search.SearchModule$$Lambda/0x00007fcd2879a020
12763:             1             16  org.opensearch.search.SearchModule$$Lambda/0x00007fcd2879a238
12764:             1             16  org.opensearch.search.SearchModule$$Lambda/0x00007fcd2879a450
12765:             1             16  org.opensearch.search.SearchModule$$Lambda/0x00007fcd2879a668
12766:             1             16  org.opensearch.search.SearchModule$$Lambda/0x00007fcd2879a880
12767:             1             16  org.opensearch.search.SearchModule$$Lambda/0x00007fcd2879aa98
12768:             1             16  org.opensearch.search.SearchModule$$Lambda/0x00007fcd2879b710
12769:             1             16  org.opensearch.search.SearchModule$$Lambda/0x00007fcd2879c278
12770:             1             16  org.opensearch.search.SearchModule$$Lambda/0x00007fcd2879c978
12771:             1             16  org.opensearch.search.SearchModule$$Lambda/0x00007fcd2879d078
12772:             1             16  org.opensearch.search.SearchModule$$Lambda/0x00007fcd2879d768
12773:             1             16  org.opensearch.search.SearchModule$$Lambda/0x00007fcd2879e108
12774:             1             16  org.opensearch.search.SearchModule$$Lambda/0x00007fcd287a0218
12775:             1             16  org.opensearch.search.SearchModule$$Lambda/0x00007fcd287a2788
12776:             1             16  org.opensearch.search.SearchModule$$Lambda/0x00007fcd287a6198
12777:             1             16  org.opensearch.search.SearchModule$$Lambda/0x00007fcd287a63b0
12778:             1             16  org.opensearch.search.SearchModule$$Lambda/0x00007fcd287aa528
12779:             1             16  org.opensearch.search.SearchModule$$Lambda/0x00007fcd287acc30
12780:             1             16  org.opensearch.search.SearchModule$$Lambda/0x00007fcd287adbf8
12781:             1             16  org.opensearch.search.SearchModule$$Lambda/0x00007fcd287ae428
12782:             1             16  org.opensearch.search.SearchModule$$Lambda/0x00007fcd287ae640
12783:             1             16  org.opensearch.search.SearchModule$$Lambda/0x00007fcd287aeef0
12784:             1             16  org.opensearch.search.SearchModule$$Lambda/0x00007fcd287af948
12785:             1             16  org.opensearch.search.SearchModule$$Lambda/0x00007fcd287afb60
12786:             1             16  org.opensearch.search.SearchModule$$Lambda/0x00007fcd287b0410
12787:             1             16  org.opensearch.search.SearchModule$$Lambda/0x00007fcd287b1690
12788:             1             16  org.opensearch.search.SearchModule$$Lambda/0x00007fcd287b20e8
12789:             1             16  org.opensearch.search.SearchModule$$Lambda/0x00007fcd287b2300
12790:             1             16  org.opensearch.search.SearchModule$$Lambda/0x00007fcd287b3388
12791:             1             16  org.opensearch.search.SearchModule$$Lambda/0x00007fcd287b43f0
12792:             1             16  org.opensearch.search.SearchModule$$Lambda/0x00007fcd287b4608
12793:             1             16  org.opensearch.search.SearchModule$$Lambda/0x00007fcd287b5a08
12794:             1             16  org.opensearch.search.SearchModule$$Lambda/0x00007fcd287b7260
12795:             1             16  org.opensearch.search.SearchModule$$Lambda/0x00007fcd287b7478
12796:             1             16  org.opensearch.search.SearchModule$$Lambda/0x00007fcd287baae8
12797:             1             16  org.opensearch.search.SearchModule$$Lambda/0x00007fcd287bb578
12798:             1             16  org.opensearch.search.SearchModule$$Lambda/0x00007fcd287bb790
12799:             1             16  org.opensearch.search.SearchModule$$Lambda/0x00007fcd287bc000
12800:             1             16  org.opensearch.search.SearchModule$$Lambda/0x00007fcd287bca50
12801:             1             16  org.opensearch.search.SearchModule$$Lambda/0x00007fcd287bcc68
12802:             1             16  org.opensearch.search.SearchModule$$Lambda/0x00007fcd287bee40
12803:             1             16  org.opensearch.search.SearchModule$$Lambda/0x00007fcd287bf058
12804:             1             16  org.opensearch.search.SearchModule$$Lambda/0x00007fcd287c20b8
12805:             1             16  org.opensearch.search.SearchModule$$Lambda/0x00007fcd287c22d0
12806:             1             16  org.opensearch.search.SearchModule$$Lambda/0x00007fcd287c2b68
12807:             1             16  org.opensearch.search.SearchModule$$Lambda/0x00007fcd287c3208
12808:             1             16  org.opensearch.search.SearchModule$$Lambda/0x00007fcd287c3420
12809:             1             16  org.opensearch.search.SearchModule$$Lambda/0x00007fcd287c5680
12810:             1             16  org.opensearch.search.SearchModule$$Lambda/0x00007fcd287c6440
12811:             1             16  org.opensearch.search.SearchModule$$Lambda/0x00007fcd287c72b8
12812:             1             16  org.opensearch.search.SearchModule$$Lambda/0x00007fcd287c74d0
12813:             1             16  org.opensearch.search.SearchModule$$Lambda/0x00007fcd287c8958
12814:             1             16  org.opensearch.search.SearchModule$$Lambda/0x00007fcd287c8b70
12815:             1             16  org.opensearch.search.SearchModule$$Lambda/0x00007fcd287ca958
12816:             1             16  org.opensearch.search.SearchModule$$Lambda/0x00007fcd287cab70
12817:             1             16  org.opensearch.search.SearchModule$$Lambda/0x00007fcd287cbdc8
12818:             1             16  org.opensearch.search.SearchModule$$Lambda/0x00007fcd287ce940
12819:             1             16  org.opensearch.search.SearchModule$$Lambda/0x00007fcd287cf580
12820:             1             16  org.opensearch.search.SearchModule$$Lambda/0x00007fcd287cf798
12821:             1             16  org.opensearch.search.SearchModule$$Lambda/0x00007fcd287d0000
12822:             1             16  org.opensearch.search.SearchModule$$Lambda/0x00007fcd287d0218
12823:             1             16  org.opensearch.search.SearchModule$$Lambda/0x00007fcd287d0a28
12824:             1             16  org.opensearch.search.SearchModule$$Lambda/0x00007fcd287d1260
12825:             1             16  org.opensearch.search.SearchModule$$Lambda/0x00007fcd287d1478
12826:             1             16  org.opensearch.search.SearchModule$$Lambda/0x00007fcd287d2f68
12827:             1             16  org.opensearch.search.SearchModule$$Lambda/0x00007fcd287d3778
12828:             1             16  org.opensearch.search.SearchModule$$Lambda/0x00007fcd287d3990
12829:             1             16  org.opensearch.search.SearchModule$$Lambda/0x00007fcd287d46b0
12830:             1             16  org.opensearch.search.SearchModule$$Lambda/0x00007fcd287d4eb8
12831:             1             16  org.opensearch.search.SearchModule$$Lambda/0x00007fcd287d50d0
12832:             1             16  org.opensearch.search.SearchModule$$Lambda/0x00007fcd287d58e0
12833:             1             16  org.opensearch.search.SearchModule$$Lambda/0x00007fcd287d5ef8
12834:             1             16  org.opensearch.search.SearchModule$$Lambda/0x00007fcd287d67d0
12835:             1             16  org.opensearch.search.SearchModule$$Lambda/0x00007fcd287d8660
12836:             1             16  org.opensearch.search.SearchModule$$Lambda/0x00007fcd287d9de8
12837:             1             16  org.opensearch.search.SearchModule$$Lambda/0x00007fcd287e14f8
12838:             1             16  org.opensearch.search.SearchModule$$Lambda/0x00007fcd287e1ef8
12839:             1             16  org.opensearch.search.SearchModule$$Lambda/0x00007fcd287e2908
12840:             1             16  org.opensearch.search.SearchModule$$Lambda/0x00007fcd287e3318
12841:             1             16  org.opensearch.search.SearchModule$$Lambda/0x00007fcd287e3d28
12842:             1             16  org.opensearch.search.SearchModule$$Lambda/0x00007fcd287e3f40
12843:             1             16  org.opensearch.search.SearchModule$$Lambda/0x00007fcd287e65e0
12844:             1             16  org.opensearch.search.SearchModule$$Lambda/0x00007fcd287e9140
12845:             1             16  org.opensearch.search.SearchModule$$Lambda/0x00007fcd287e9af0
12846:             1             16  org.opensearch.search.SearchModule$$Lambda/0x00007fcd287ea4d0
12847:             1             16  org.opensearch.search.SearchModule$$Lambda/0x00007fcd287ea6e8
12848:             1             16  org.opensearch.search.SearchModule$$Lambda/0x00007fcd287ebe90
12849:             1             16  org.opensearch.search.SearchModule$$Lambda/0x00007fcd287ec0a8
12850:             1             16  org.opensearch.search.SearchModule$$Lambda/0x00007fcd287edb40
12851:             1             16  org.opensearch.search.SearchModule$$Lambda/0x00007fcd287ee580
12852:             1             16  org.opensearch.search.SearchModule$$Lambda/0x00007fcd287eefb0
12853:             1             16  org.opensearch.search.SearchModule$$Lambda/0x00007fcd287ef1c8
12854:             1             16  org.opensearch.search.SearchModule$$Lambda/0x00007fcd287f26b0
12855:             1             16  org.opensearch.search.SearchModule$$Lambda/0x00007fcd287f28c8
12856:             1             16  org.opensearch.search.SearchModule$$Lambda/0x00007fcd287f3888
12857:             1             16  org.opensearch.search.SearchModule$$Lambda/0x00007fcd287f58f8
12858:             1             16  org.opensearch.search.SearchModule$$Lambda/0x00007fcd287f5b10
12859:             1             16  org.opensearch.search.SearchModule$$Lambda/0x00007fcd287f7060
12860:             1             16  org.opensearch.search.SearchModule$$Lambda/0x00007fcd287fa000
12861:             1             16  org.opensearch.search.SearchModule$$Lambda/0x00007fcd287fc3f0
12862:             1             16  org.opensearch.search.SearchModule$$Lambda/0x00007fcd287fc608
12863:             1             16  org.opensearch.search.SearchModule$$Lambda/0x00007fcd287fcec0
12864:             1             16  org.opensearch.search.SearchModule$$Lambda/0x00007fcd287fe500
12865:             1             16  org.opensearch.search.SearchModule$$Lambda/0x00007fcd287fe718
12866:             1             16  org.opensearch.search.SearchModule$$Lambda/0x00007fcd28800000
12867:             1             16  org.opensearch.search.SearchModule$$Lambda/0x00007fcd28800218
12868:             1             16  org.opensearch.search.SearchModule$$Lambda/0x00007fcd288020f8
12869:             1             16  org.opensearch.search.SearchModule$$Lambda/0x00007fcd28804400
12870:             1             16  org.opensearch.search.SearchModule$$Lambda/0x00007fcd28808000
12871:             1             16  org.opensearch.search.SearchModule$$Lambda/0x00007fcd28809ea0
12872:             1             16  org.opensearch.search.SearchModule$$Lambda/0x00007fcd2880b4f8
12873:             1             16  org.opensearch.search.SearchModule$$Lambda/0x00007fcd2880b710
12874:             1             16  org.opensearch.search.SearchModule$$Lambda/0x00007fcd2880cc00
12875:             1             16  org.opensearch.search.SearchModule$$Lambda/0x00007fcd2880f6b0
12876:             1             16  org.opensearch.search.SearchModule$$Lambda/0x00007fcd28810000
12877:             1             16  org.opensearch.search.SearchModule$$Lambda/0x00007fcd28811878
12878:             1             16  org.opensearch.search.SearchModule$$Lambda/0x00007fcd28811a90
12879:             1             16  org.opensearch.search.SearchModule$$Lambda/0x00007fcd28812098
12880:             1             16  org.opensearch.search.SearchModule$$Lambda/0x00007fcd288122b0
12881:             1             16  org.opensearch.search.SearchModule$$Lambda/0x00007fcd28814cd8
12882:             1             16  org.opensearch.search.SearchModule$$Lambda/0x00007fcd28815000
12883:             1             16  org.opensearch.search.SearchModule$$Lambda/0x00007fcd28815218
12884:             1             16  org.opensearch.search.SearchModule$$Lambda/0x00007fcd28815a28
12885:             1             16  org.opensearch.search.SearchModule$$Lambda/0x00007fcd28816c60
12886:             1             16  org.opensearch.search.SearchModule$$Lambda/0x00007fcd28816e78
12887:             1             16  org.opensearch.search.SearchModule$$Lambda/0x00007fcd28817688
12888:             1             16  org.opensearch.search.SearchModule$$Lambda/0x00007fcd28818000
12889:             1             16  org.opensearch.search.SearchModule$$Lambda/0x00007fcd288187a8
12890:             1             16  org.opensearch.search.SearchModule$$Lambda/0x00007fcd28819048
12891:             1             16  org.opensearch.search.SearchModule$$Lambda/0x00007fcd28819a28
12892:             1             16  org.opensearch.search.SearchModule$$Lambda/0x00007fcd28819c40
12893:             1             16  org.opensearch.search.SearchModule$$Lambda/0x00007fcd2881ac68
12894:             1             16  org.opensearch.search.SearchModule$$Lambda/0x00007fcd2881c0d8
12895:             1             16  org.opensearch.search.SearchModule$$Lambda/0x00007fcd2881c8f8
12896:             1             16  org.opensearch.search.SearchModule$$Lambda/0x00007fcd2881e440
12897:             1             16  org.opensearch.search.SearchModule$$Lambda/0x00007fcd2881e658
12898:             1             16  org.opensearch.search.SearchModule$$Lambda/0x00007fcd28829ca0
12899:             1             16  org.opensearch.search.SearchModule$$Lambda/0x00007fcd2882c000
12900:             1             16  org.opensearch.search.SearchModule$$Lambda/0x00007fcd28830000
12901:             1             16  org.opensearch.search.SearchModule$$Lambda/0x00007fcd28830850
12902:             1             16  org.opensearch.search.SearchModule$$Lambda/0x00007fcd28831b20
12903:             1             16  org.opensearch.search.SearchModule$$Lambda/0x00007fcd28833708
12904:             1             16  org.opensearch.search.SearchModule$$Lambda/0x00007fcd28844000
12905:             1             16  org.opensearch.search.SearchModule$$Lambda/0x00007fcd28844720
12906:             1             16  org.opensearch.search.SearchModule$$Lambda/0x00007fcd28844e48
12907:             1             16  org.opensearch.search.SearchModule$$Lambda/0x00007fcd28845578
12908:             1             16  org.opensearch.search.SearchModule$$Lambda/0x00007fcd28845bc8
12909:             1             16  org.opensearch.search.SearchModule$$Lambda/0x00007fcd28846ad0
12910:             1             16  org.opensearch.search.SearchModule$$Lambda/0x00007fcd28846ce8
12911:             1             16  org.opensearch.search.SearchModule$$Lambda/0x00007fcd28846f00
12912:             1             16  org.opensearch.search.SearchModule$$Lambda/0x00007fcd28848000
12913:             1             16  org.opensearch.search.SearchModule$$Lambda/0x00007fcd288492f0
12914:             1             16  org.opensearch.search.SearchModule$$Lambda/0x00007fcd28849b10
12915:             1             16  org.opensearch.search.SearchModule$$Lambda/0x00007fcd2884a190
12916:             1             16  org.opensearch.search.SearchModule$$Lambda/0x00007fcd2884a9d0
12917:             1             16  org.opensearch.search.SearchModule$$Lambda/0x00007fcd2884abe8
12918:             1             16  org.opensearch.search.SearchModule$$Lambda/0x00007fcd2884b658
12919:             1             16  org.opensearch.search.SearchModule$$Lambda/0x00007fcd2884b870
12920:             1             16  org.opensearch.search.SearchModule$$Lambda/0x00007fcd2884bcc0
12921:             1             16  org.opensearch.search.SearchModule$$Lambda/0x00007fcd2884c4f8
12922:             1             16  org.opensearch.search.SearchModule$$Lambda/0x00007fcd2884c710
12923:             1             16  org.opensearch.search.SearchModule$$Lambda/0x00007fcd2884d180
12924:             1             16  org.opensearch.search.SearchModule$$Lambda/0x00007fcd2884da88
12925:             1             16  org.opensearch.search.SearchModule$$Lambda/0x00007fcd2884ded8
12926:             1             16  org.opensearch.search.SearchModule$$Lambda/0x00007fcd2884e720
12927:             1             16  org.opensearch.search.SearchModule$$Lambda/0x00007fcd2884f230
12928:             1             16  org.opensearch.search.SearchModule$$Lambda/0x00007fcd2884f680
12929:             1             16  org.opensearch.search.SearchModule$$Lambda/0x00007fcd28850000
12930:             1             16  org.opensearch.search.SearchModule$$Lambda/0x00007fcd288508b0
12931:             1             16  org.opensearch.search.SearchModule$$Lambda/0x00007fcd28850d00
12932:             1             16  org.opensearch.search.SearchModule$$Lambda/0x00007fcd28851188
12933:             1             16  org.opensearch.search.SearchModule$$Lambda/0x00007fcd288513a0
12934:             1             16  org.opensearch.search.SearchModule$$Lambda/0x00007fcd288515b8
12935:             1             16  org.opensearch.search.SearchModule$$Lambda/0x00007fcd28851db0
12936:             1             16  org.opensearch.search.SearchModule$$Lambda/0x00007fcd28851fc8
12937:             1             16  org.opensearch.search.SearchModule$$Lambda/0x00007fcd28852c18
12938:             1             16  org.opensearch.search.SearchModule$$Lambda/0x00007fcd28852e30
12939:             1             16  org.opensearch.search.SearchModule$$Lambda/0x00007fcd28854320
12940:             1             16  org.opensearch.search.SearchModule$$Lambda/0x00007fcd28854538
12941:             1             16  org.opensearch.search.SearchModule$$Lambda/0x00007fcd28854750
12942:             1             16  org.opensearch.search.SearchModule$$Lambda/0x00007fcd28854f50
12943:             1             16  org.opensearch.search.SearchModule$$Lambda/0x00007fcd28855168
12944:             1             16  org.opensearch.search.SearchModule$$Lambda/0x00007fcd28855380
12945:             1             16  org.opensearch.search.SearchModule$$Lambda/0x00007fcd28855ba0
12946:             1             16  org.opensearch.search.SearchModule$$Lambda/0x00007fcd28855db8
12947:             1             16  org.opensearch.search.SearchModule$$Lambda/0x00007fcd28855fd0
12948:             1             16  org.opensearch.search.SearchModule$$Lambda/0x00007fcd288567f8
12949:             1             16  org.opensearch.search.SearchModule$$Lambda/0x00007fcd28856a10
12950:             1             16  org.opensearch.search.SearchModule$$Lambda/0x00007fcd288578f8
12951:             1             16  org.opensearch.search.SearchModule$$Lambda/0x00007fcd2885a1a8
12952:             1             16  org.opensearch.search.SearchModule$$Lambda/0x00007fcd2886c018
12953:             1             16  org.opensearch.search.SearchModule$$Lambda/0x00007fcd2886c230
12954:             1             16  org.opensearch.search.SearchModule$$Lambda/0x00007fcd2886c448
12955:             1             16  org.opensearch.search.SearchModule$$Lambda/0x00007fcd2886c660
12956:             1             16  org.opensearch.search.SearchModule$$Lambda/0x00007fcd2886c878
12957:             1             16  org.opensearch.search.SearchModule$$Lambda/0x00007fcd2886ca90
12958:             1             16  org.opensearch.search.SearchModule$$Lambda/0x00007fcd2886cca8
12959:             1             16  org.opensearch.search.SearchModule$$Lambda/0x00007fcd2886ec20
12960:             1             16  org.opensearch.search.SearchService$$Lambda/0x00007fcd28d094e0
12961:             1             16  org.opensearch.search.SearchService$$Lambda/0x00007fcd28d09710
12962:             1             16  org.opensearch.search.SearchService$$Lambda/0x00007fcd28d09940
12963:             1             16  org.opensearch.search.SearchService$$Lambda/0x00007fcd28d09b70
12964:             1             16  org.opensearch.search.SearchService$$Lambda/0x00007fcd28d09fc8
12965:             1             16  org.opensearch.search.SearchService$$Lambda/0x00007fcd28d0a1f8
12966:             1             16  org.opensearch.search.SearchService$$Lambda/0x00007fcd28d0a428
12967:             1             16  org.opensearch.search.SearchService$$Lambda/0x00007fcd28d0a658
12968:             1             16  org.opensearch.search.SearchService$$Lambda/0x00007fcd28d0a888
12969:             1             16  org.opensearch.search.SearchService$$Lambda/0x00007fcd28d0aab8
12970:             1             16  org.opensearch.search.SearchService$$Lambda/0x00007fcd292f1000
12971:             1             16  org.opensearch.search.SearchService$$Lambda/0x00007fcd292f1238
12972:             1             16  org.opensearch.search.SearchService$$Lambda/0x00007fcd292f1470
12973:             1             16  org.opensearch.search.SearchService$$Lambda/0x00007fcd292f16a8
12974:             1             16  org.opensearch.search.SearchService$$Lambda/0x00007fcd292f18e0
12975:             1             16  org.opensearch.search.SearchService$$Lambda/0x00007fcd292f1b18
12976:             1             16  org.opensearch.search.SearchService$$Lambda/0x00007fcd292f4660
12977:             1             16  org.opensearch.search.SearchService$$Lambda/0x00007fcd292f4898
12978:             1             16  org.opensearch.search.SearchService$$Lambda/0x00007fcd292f4ad0
12979:             1             16  org.opensearch.search.SearchService$$Lambda/0x00007fcd292f4d08
12980:             1             16  org.opensearch.search.SearchService$Reaper
12981:             1             16  org.opensearch.search.SearchSortValues$$Lambda/0x00007fcd29220d48
12982:             1             16  org.opensearch.search.SearchSortValues$$Lambda/0x00007fcd29220f60
12983:             1             16  org.opensearch.search.SearchSortValues$$Lambda/0x00007fcd29221178
12984:             1             16  org.opensearch.search.SearchSortValues$$Lambda/0x00007fcd29221390
12985:             1             16  org.opensearch.search.aggregations.AggregatorFactories$1
12986:             1             16  org.opensearch.search.aggregations.BucketCollector$1
12987:             1             16  org.opensearch.search.aggregations.CardinalityUpperBound$1
12988:             1             16  org.opensearch.search.aggregations.CardinalityUpperBound$2
12989:             1             16  org.opensearch.search.aggregations.CardinalityUpperBound$KnownCardinalityUpperBound
12990:             1             16  org.opensearch.search.aggregations.InternalAggregations$$Lambda/0x00007fcd293d6cc8
12991:             1             16  org.opensearch.search.aggregations.InternalOrder$$Lambda/0x00007fcd29300000
12992:             1             16  org.opensearch.search.aggregations.InternalOrder$$Lambda/0x00007fcd29300218
12993:             1             16  org.opensearch.search.aggregations.LeafBucketCollector$1
12994:             1             16  org.opensearch.search.aggregations.MultiBucketConsumerService$$Lambda/0x00007fcd28d05d58
12995:             1             16  org.opensearch.search.aggregations.bucket.FastFilterRewriteHelper$$Lambda/0x00007fcd292cd800
12996:             1             16  org.opensearch.search.aggregations.bucket.FastFilterRewriteHelper$$Lambda/0x00007fcd292d0000
12997:             1             16  org.opensearch.search.aggregations.bucket.FastFilterRewriteHelper$$Lambda/0x00007fcd292d0c00
12998:             1             16  org.opensearch.search.aggregations.bucket.FastFilterRewriteHelper$$Lambda/0x00007fcd292d2400
12999:             1             16  org.opensearch.search.aggregations.bucket.composite.CompositeAggregationBuilder$$Lambda/0x00007fcd2881cb10
13000:             1             16  org.opensearch.search.aggregations.bucket.composite.CompositeAggregationBuilder$$Lambda/0x00007fcd2881d058
13001:             1             16  org.opensearch.search.aggregations.bucket.composite.CompositeAggregationBuilder$$Lambda/0x00007fcd2881d270
13002:             1             16  org.opensearch.search.aggregations.bucket.composite.CompositeAggregationBuilder$$Lambda/0x00007fcd2881d498
13003:             1             16  org.opensearch.search.aggregations.bucket.composite.CompositeAggregationBuilder$$Lambda/0x00007fcd2881d6c0
13004:             1             16  org.opensearch.search.aggregations.bucket.composite.CompositeAggregationBuilder$$Lambda/0x00007fcd28826430
13005:             1             16  org.opensearch.search.aggregations.bucket.composite.CompositeValuesSourceParserHelper$$Lambda/0x00007fcd28820c90
13006:             1             16  org.opensearch.search.aggregations.bucket.composite.CompositeValuesSourceParserHelper$$Lambda/0x00007fcd28820eb8
13007:             1             16  org.opensearch.search.aggregations.bucket.composite.CompositeValuesSourceParserHelper$$Lambda/0x00007fcd288210d0
13008:             1             16  org.opensearch.search.aggregations.bucket.composite.CompositeValuesSourceParserHelper$$Lambda/0x00007fcd288212f8
13009:             1             16  org.opensearch.search.aggregations.bucket.composite.CompositeValuesSourceParserHelper$$Lambda/0x00007fcd28821520
13010:             1             16  org.opensearch.search.aggregations.bucket.composite.CompositeValuesSourceParserHelper$$Lambda/0x00007fcd28821748
13011:             1             16  org.opensearch.search.aggregations.bucket.composite.CompositeValuesSourceParserHelper$$Lambda/0x00007fcd28821960
13012:             1             16  org.opensearch.search.aggregations.bucket.composite.CompositeValuesSourceParserHelper$$Lambda/0x00007fcd28821b88
13013:             1             16  org.opensearch.search.aggregations.bucket.composite.CompositeValuesSourceParserHelper$$Lambda/0x00007fcd28821da0
13014:             1             16  org.opensearch.search.aggregations.bucket.composite.CompositeValuesSourceParserHelper$$Lambda/0x00007fcd28821fc8
13015:             1             16  org.opensearch.search.aggregations.bucket.composite.DateHistogramValuesSourceBuilder$$Lambda/0x00007fcd2881f6a8
13016:             1             16  org.opensearch.search.aggregations.bucket.composite.DateHistogramValuesSourceBuilder$$Lambda/0x00007fcd2881f8e0
13017:             1             16  org.opensearch.search.aggregations.bucket.composite.DateHistogramValuesSourceBuilder$$Lambda/0x00007fcd2881fb08
13018:             1             16  org.opensearch.search.aggregations.bucket.composite.DateHistogramValuesSourceBuilder$$Lambda/0x00007fcd2881fd30
13019:             1             16  org.opensearch.search.aggregations.bucket.composite.DateHistogramValuesSourceBuilder$$Lambda/0x00007fcd28820000
13020:             1             16  org.opensearch.search.aggregations.bucket.composite.DateHistogramValuesSourceBuilder$$Lambda/0x00007fcd28820228
13021:             1             16  org.opensearch.search.aggregations.bucket.composite.DateHistogramValuesSourceBuilder$$Lambda/0x00007fcd28822698
13022:             1             16  org.opensearch.search.aggregations.bucket.composite.HistogramValuesSourceBuilder$$Lambda/0x00007fcd28823020
13023:             1             16  org.opensearch.search.aggregations.bucket.composite.HistogramValuesSourceBuilder$$Lambda/0x00007fcd28823248
13024:             1             16  org.opensearch.search.aggregations.bucket.composite.TermsValuesSourceBuilder$$Lambda/0x00007fcd28826000
13025:             1             16  org.opensearch.search.aggregations.bucket.composite.TermsValuesSourceBuilder$$Lambda/0x00007fcd28826218
13026:             1             16  org.opensearch.search.aggregations.bucket.histogram.AutoDateHistogramAggregationBuilder$$Lambda/0x00007fcd2880a2b0
13027:             1             16  org.opensearch.search.aggregations.bucket.histogram.AutoDateHistogramAggregationBuilder$$Lambda/0x00007fcd2880a4e8
13028:             1             16  org.opensearch.search.aggregations.bucket.histogram.AutoDateHistogramAggregationBuilder$$Lambda/0x00007fcd2880a710
13029:             1             16  org.opensearch.search.aggregations.bucket.histogram.AutoDateHistogramAggregatorFactory$$Lambda/0x00007fcd2880ede8
13030:             1             16  org.opensearch.search.aggregations.bucket.histogram.DateHistogramAggregationBuilder$$Lambda/0x00007fcd28805000
13031:             1             16  org.opensearch.search.aggregations.bucket.histogram.DateHistogramAggregationBuilder$$Lambda/0x00007fcd28805228
13032:             1             16  org.opensearch.search.aggregations.bucket.histogram.DateHistogramAggregationBuilder$$Lambda/0x00007fcd28805440
13033:             1             16  org.opensearch.search.aggregations.bucket.histogram.DateHistogramAggregationBuilder$$Lambda/0x00007fcd28805668
13034:             1             16  org.opensearch.search.aggregations.bucket.histogram.DateHistogramAggregationBuilder$$Lambda/0x00007fcd28805880
13035:             1             16  org.opensearch.search.aggregations.bucket.histogram.DateHistogramAggregationBuilder$$Lambda/0x00007fcd28805aa8
13036:             1             16  org.opensearch.search.aggregations.bucket.histogram.DateHistogramAggregationBuilder$$Lambda/0x00007fcd28806000
13037:             1             16  org.opensearch.search.aggregations.bucket.histogram.DateHistogramAggregationBuilder$$Lambda/0x00007fcd28807458
13038:             1             16  org.opensearch.search.aggregations.bucket.histogram.DateHistogramAggregationBuilder$$Lambda/0x00007fcd28807680
13039:             1             16  org.opensearch.search.aggregations.bucket.histogram.DateHistogramAggregationBuilder$$Lambda/0x00007fcd28807898
13040:             1             16  org.opensearch.search.aggregations.bucket.histogram.DateHistogramAggregationBuilder$$Lambda/0x00007fcd28807ac0
13041:             1             16  org.opensearch.search.aggregations.bucket.histogram.DateHistogramAggregationBuilder$$Lambda/0x00007fcd292fa000
13042:             1             16  org.opensearch.search.aggregations.bucket.histogram.DateHistogramAggregationBuilder$$Lambda/0x00007fcd292fa218
13043:             1             16  org.opensearch.search.aggregations.bucket.histogram.DateHistogramAggregationBuilder$$Lambda/0x00007fcd292fa430
13044:             1             16  org.opensearch.search.aggregations.bucket.histogram.DateHistogramAggregationBuilder$$Lambda/0x00007fcd292fa648
13045:             1             16  org.opensearch.search.aggregations.bucket.histogram.DateHistogramAggregationBuilder$$Lambda/0x00007fcd292fa860
13046:             1             16  org.opensearch.search.aggregations.bucket.histogram.DateHistogramAggregationBuilder$$Lambda/0x00007fcd29301120
13047:             1             16  org.opensearch.search.aggregations.bucket.histogram.DateHistogramAggregationBuilder$$Lambda/0x00007fcd29301338
13048:             1             16  org.opensearch.search.aggregations.bucket.histogram.DateHistogramAggregationBuilder$$Lambda/0x00007fcd29301550
13049:             1             16  org.opensearch.search.aggregations.bucket.histogram.DateHistogramAggregationBuilder$$Lambda/0x00007fcd29301768
13050:             1             16  org.opensearch.search.aggregations.bucket.histogram.DateHistogramAggregationBuilder$$Lambda/0x00007fcd29301980
13051:             1             16  org.opensearch.search.aggregations.bucket.histogram.DateHistogramAggregatorFactory$$Lambda/0x00007fcd28808df8
13052:             1             16  org.opensearch.search.aggregations.bucket.histogram.DateHistogramAggregatorFactory$$Lambda/0x00007fcd288095d8
13053:             1             16  org.opensearch.search.aggregations.bucket.histogram.DateIntervalWrapper$$Lambda/0x00007fcd28806518
13054:             1             16  org.opensearch.search.aggregations.bucket.histogram.DateIntervalWrapper$$Lambda/0x00007fcd28806740
13055:             1             16  org.opensearch.search.aggregations.bucket.histogram.DateIntervalWrapper$$Lambda/0x00007fcd28806bd8
13056:             1             16  org.opensearch.search.aggregations.bucket.histogram.DateIntervalWrapper$$Lambda/0x00007fcd28806e00
13057:             1             16  org.opensearch.search.aggregations.bucket.histogram.DateIntervalWrapper$$Lambda/0x00007fcd28807018
13058:             1             16  org.opensearch.search.aggregations.bucket.histogram.DateIntervalWrapper$$Lambda/0x00007fcd28807240
13059:             1             16  org.opensearch.search.aggregations.bucket.histogram.DateIntervalWrapper$$Lambda/0x00007fcd293006a8
13060:             1             16  org.opensearch.search.aggregations.bucket.histogram.DateIntervalWrapper$$Lambda/0x00007fcd293008c0
13061:             1             16  org.opensearch.search.aggregations.bucket.histogram.DateIntervalWrapper$$Lambda/0x00007fcd29300ad8
13062:             1             16  org.opensearch.search.aggregations.bucket.histogram.DateIntervalWrapper$$Lambda/0x00007fcd29300cf0
13063:             1             16  org.opensearch.search.aggregations.bucket.histogram.DateIntervalWrapper$$Lambda/0x00007fcd29300f08
13064:             1             16  org.opensearch.search.aggregations.bucket.histogram.HistogramAggregationBuilder$$Lambda/0x00007fcd287f9000
13065:             1             16  org.opensearch.search.aggregations.bucket.histogram.HistogramAggregationBuilder$$Lambda/0x00007fcd287f9228
13066:             1             16  org.opensearch.search.aggregations.bucket.histogram.HistogramAggregationBuilder$$Lambda/0x00007fcd287f9440
13067:             1             16  org.opensearch.search.aggregations.bucket.histogram.HistogramAggregationBuilder$$Lambda/0x00007fcd287f9668
13068:             1             16  org.opensearch.search.aggregations.bucket.histogram.HistogramAggregationBuilder$$Lambda/0x00007fcd287fa608
13069:             1             16  org.opensearch.search.aggregations.bucket.histogram.HistogramAggregationBuilder$$Lambda/0x00007fcd287fa820
13070:             1             16  org.opensearch.search.aggregations.bucket.histogram.HistogramAggregationBuilder$$Lambda/0x00007fcd287faa48
13071:             1             16  org.opensearch.search.aggregations.bucket.histogram.HistogramAggregationBuilder$$Lambda/0x00007fcd287fac70
13072:             1             16  org.opensearch.search.aggregations.bucket.histogram.HistogramAggregationBuilder$$Lambda/0x00007fcd287faea8
13073:             1             16  org.opensearch.search.aggregations.bucket.histogram.HistogramAggregationBuilder$$Lambda/0x00007fcd287fb0d0
13074:             1             16  org.opensearch.search.aggregations.bucket.histogram.HistogramAggregationBuilder$$Lambda/0x00007fcd287fb2f8
13075:             1             16  org.opensearch.search.aggregations.bucket.histogram.HistogramAggregationBuilder$$Lambda/0x00007fcd287fb520
13076:             1             16  org.opensearch.search.aggregations.bucket.histogram.HistogramAggregationBuilder$$Lambda/0x00007fcd287fb9d8
13077:             1             16  org.opensearch.search.aggregations.bucket.histogram.HistogramAggregationBuilder$$Lambda/0x00007fcd287fbc00
13078:             1             16  org.opensearch.search.aggregations.bucket.histogram.HistogramAggregatorFactory$$Lambda/0x00007fcd288010c8
13079:             1             16  org.opensearch.search.aggregations.bucket.histogram.HistogramAggregatorFactory$$Lambda/0x00007fcd28801548
13080:             1             16  org.opensearch.search.aggregations.bucket.histogram.LongBounds$$Lambda/0x00007fcd29301b98
13081:             1             16  org.opensearch.search.aggregations.bucket.histogram.LongBounds$$Lambda/0x00007fcd29301dd0
13082:             1             16  org.opensearch.search.aggregations.bucket.histogram.VariableWidthHistogramAggregationBuilder$$Lambda/0x00007fcd2880d000
13083:             1             16  org.opensearch.search.aggregations.bucket.histogram.VariableWidthHistogramAggregationBuilder$$Lambda/0x00007fcd2880d228
13084:             1             16  org.opensearch.search.aggregations.bucket.histogram.VariableWidthHistogramAggregationBuilder$$Lambda/0x00007fcd2880fac0
13085:             1             16  org.opensearch.search.aggregations.bucket.histogram.VariableWidthHistogramAggregationBuilder$$Lambda/0x00007fcd2880fcf8
13086:             1             16  org.opensearch.search.aggregations.bucket.histogram.VariableWidthHistogramAggregatorFactory$$Lambda/0x00007fcd28810d00
13087:             1             16  org.opensearch.search.aggregations.bucket.missing.MissingAggregationBuilder$$Lambda/0x00007fcd287ced50
13088:             1             16  org.opensearch.search.aggregations.bucket.missing.MissingAggregatorFactory$$Lambda/0x00007fcd287cc800
13089:             1             16  org.opensearch.search.aggregations.bucket.range.AbstractRangeAggregatorFactory$$Lambda/0x00007fcd287f64a8
13090:             1             16  org.opensearch.search.aggregations.bucket.range.BinaryRangeAggregatorFactory$$Lambda/0x00007fcd287ff660
13091:             1             16  org.opensearch.search.aggregations.bucket.range.DateRangeAggregationBuilder$$Lambda/0x00007fcd287f7278
13092:             1             16  org.opensearch.search.aggregations.bucket.range.DateRangeAggregationBuilder$$Lambda/0x00007fcd287f78f0
13093:             1             16  org.opensearch.search.aggregations.bucket.range.DateRangeAggregationBuilder$$Lambda/0x00007fcd287f7b18
13094:             1             16  org.opensearch.search.aggregations.bucket.range.DateRangeAggregationBuilder$$Lambda/0x00007fcd287f7d40
13095:             1             16  org.opensearch.search.aggregations.bucket.range.GeoDistanceAggregationBuilder$$Lambda/0x00007fcd288126d0
13096:             1             16  org.opensearch.search.aggregations.bucket.range.GeoDistanceAggregationBuilder$$Lambda/0x00007fcd288128f8
13097:             1             16  org.opensearch.search.aggregations.bucket.range.GeoDistanceAggregationBuilder$$Lambda/0x00007fcd28812dd0
13098:             1             16  org.opensearch.search.aggregations.bucket.range.GeoDistanceAggregationBuilder$$Lambda/0x00007fcd28813248
13099:             1             16  org.opensearch.search.aggregations.bucket.range.GeoDistanceAggregationBuilder$$Lambda/0x00007fcd28813470
13100:             1             16  org.opensearch.search.aggregations.bucket.range.GeoDistanceAggregationBuilder$$Lambda/0x00007fcd288138e0
13101:             1             16  org.opensearch.search.aggregations.bucket.range.GeoDistanceAggregationBuilder$$Lambda/0x00007fcd28813b08
13102:             1             16  org.opensearch.search.aggregations.bucket.range.GeoDistanceAggregationBuilder$$Lambda/0x00007fcd28813d20
13103:             1             16  org.opensearch.search.aggregations.bucket.range.GeoDistanceAggregationBuilder$$Lambda/0x00007fcd28816000
13104:             1             16  org.opensearch.search.aggregations.bucket.range.GeoDistanceRangeAggregatorFactory$$Lambda/0x00007fcd28816468
13105:             1             16  org.opensearch.search.aggregations.bucket.range.IpRangeAggregationBuilder$$Lambda/0x00007fcd287fd2d0
13106:             1             16  org.opensearch.search.aggregations.bucket.range.IpRangeAggregationBuilder$$Lambda/0x00007fcd287fd508
13107:             1             16  org.opensearch.search.aggregations.bucket.range.IpRangeAggregationBuilder$$Lambda/0x00007fcd287fd730
13108:             1             16  org.opensearch.search.aggregations.bucket.range.IpRangeAggregationBuilder$$Lambda/0x00007fcd287fdbd0
13109:             1             16  org.opensearch.search.aggregations.bucket.range.RangeAggregationBuilder$$Lambda/0x00007fcd287f3c98
13110:             1             16  org.opensearch.search.aggregations.bucket.range.RangeAggregationBuilder$$Lambda/0x00007fcd287f3ed0
13111:             1             16  org.opensearch.search.aggregations.bucket.range.RangeAggregationBuilder$$Lambda/0x00007fcd287f4ca8
13112:             1             16  org.opensearch.search.aggregations.bucket.range.RangeAggregationBuilder$$Lambda/0x00007fcd287f5180
13113:             1             16  org.opensearch.search.aggregations.bucket.sampler.DiversifiedAggregationBuilder$$Lambda/0x00007fcd287d6be0
13114:             1             16  org.opensearch.search.aggregations.bucket.sampler.DiversifiedAggregationBuilder$$Lambda/0x00007fcd287d6e18
13115:             1             16  org.opensearch.search.aggregations.bucket.sampler.DiversifiedAggregationBuilder$$Lambda/0x00007fcd287d8210
13116:             1             16  org.opensearch.search.aggregations.bucket.sampler.DiversifiedAggregationBuilder$$Lambda/0x00007fcd287d8438
13117:             1             16  org.opensearch.search.aggregations.bucket.sampler.DiversifiedAggregatorFactory$$Lambda/0x00007fcd287d9290
13118:             1             16  org.opensearch.search.aggregations.bucket.sampler.DiversifiedAggregatorFactory$$Lambda/0x00007fcd287d94a8
13119:             1             16  org.opensearch.search.aggregations.bucket.terms.GlobalOrdinalsStringTermsAggregator$$Lambda/0x00007fcd291f0da8
13120:             1             16  org.opensearch.search.aggregations.bucket.terms.GlobalOrdinalsStringTermsAggregator$StandardTermsResults$$Lambda/0x00007fcd293d22e8
13121:             1             16  org.opensearch.search.aggregations.bucket.terms.GlobalOrdinalsStringTermsAggregator$StandardTermsResults$$Lambda/0x00007fcd293d2970
13122:             1             16  org.opensearch.search.aggregations.bucket.terms.GlobalOrdinalsStringTermsAggregator$StandardTermsResults$$Lambda/0x00007fcd293d2b88
13123:             1             16  org.opensearch.search.aggregations.bucket.terms.MultiTermsAggregationBuilder$$Lambda/0x00007fcd28829000
13124:             1             16  org.opensearch.search.aggregations.bucket.terms.MultiTermsAggregationBuilder$$Lambda/0x00007fcd28829228
13125:             1             16  org.opensearch.search.aggregations.bucket.terms.MultiTermsAggregationBuilder$$Lambda/0x00007fcd28829450
13126:             1             16  org.opensearch.search.aggregations.bucket.terms.MultiTermsAggregationBuilder$$Lambda/0x00007fcd28829668
13127:             1             16  org.opensearch.search.aggregations.bucket.terms.MultiTermsAggregationBuilder$$Lambda/0x00007fcd28829890
13128:             1             16  org.opensearch.search.aggregations.bucket.terms.MultiTermsAggregationBuilder$$Lambda/0x00007fcd2882c218
13129:             1             16  org.opensearch.search.aggregations.bucket.terms.MultiTermsAggregationBuilder$$Lambda/0x00007fcd2882f220
13130:             1             16  org.opensearch.search.aggregations.bucket.terms.MultiTermsAggregationBuilder$$Lambda/0x00007fcd2882f448
13131:             1             16  org.opensearch.search.aggregations.bucket.terms.MultiTermsAggregationBuilder$$Lambda/0x00007fcd2882f668
13132:             1             16  org.opensearch.search.aggregations.bucket.terms.MultiTermsAggregationBuilder$$Lambda/0x00007fcd2882f890
13133:             1             16  org.opensearch.search.aggregations.bucket.terms.MultiTermsAggregationBuilder$$Lambda/0x00007fcd2882fab8
13134:             1             16  org.opensearch.search.aggregations.bucket.terms.MultiTermsAggregationBuilder$$Lambda/0x00007fcd2882fce0
13135:             1             16  org.opensearch.search.aggregations.bucket.terms.MultiTermsAggregationFactory$$Lambda/0x00007fcd28830420
13136:             1             16  org.opensearch.search.aggregations.bucket.terms.MultiTermsAggregationFactory$$Lambda/0x00007fcd28830638
13137:             1             16  org.opensearch.search.aggregations.bucket.terms.RareTermsAggregationBuilder$$Lambda/0x00007fcd287e69f0
13138:             1             16  org.opensearch.search.aggregations.bucket.terms.RareTermsAggregationBuilder$$Lambda/0x00007fcd287e6c28
13139:             1             16  org.opensearch.search.aggregations.bucket.terms.RareTermsAggregationBuilder$$Lambda/0x00007fcd287e6e50
13140:             1             16  org.opensearch.search.aggregations.bucket.terms.RareTermsAggregationBuilder$$Lambda/0x00007fcd287e7078
13141:             1             16  org.opensearch.search.aggregations.bucket.terms.RareTermsAggregationBuilder$$Lambda/0x00007fcd287e7290
13142:             1             16  org.opensearch.search.aggregations.bucket.terms.RareTermsAggregationBuilder$$Lambda/0x00007fcd287e74b8
13143:             1             16  org.opensearch.search.aggregations.bucket.terms.RareTermsAggregationBuilder$$Lambda/0x00007fcd287e76d0
13144:             1             16  org.opensearch.search.aggregations.bucket.terms.RareTermsAggregatorFactory$1
13145:             1             16  org.opensearch.search.aggregations.bucket.terms.RareTermsAggregatorFactory$2
13146:             1             16  org.opensearch.search.aggregations.bucket.terms.SignificantTermsAggregationBuilder$$Lambda/0x00007fcd287ef5e8
13147:             1             16  org.opensearch.search.aggregations.bucket.terms.SignificantTermsAggregationBuilder$$Lambda/0x00007fcd287efc70
13148:             1             16  org.opensearch.search.aggregations.bucket.terms.SignificantTermsAggregationBuilder$$Lambda/0x00007fcd287f0000
13149:             1             16  org.opensearch.search.aggregations.bucket.terms.SignificantTermsAggregationBuilder$$Lambda/0x00007fcd287f0228
13150:             1             16  org.opensearch.search.aggregations.bucket.terms.SignificantTermsAggregationBuilder$$Lambda/0x00007fcd287f0450
13151:             1             16  org.opensearch.search.aggregations.bucket.terms.SignificantTermsAggregationBuilder$$Lambda/0x00007fcd287f0678
13152:             1             16  org.opensearch.search.aggregations.bucket.terms.SignificantTermsAggregationBuilder$$Lambda/0x00007fcd287f08a0
13153:             1             16  org.opensearch.search.aggregations.bucket.terms.SignificantTermsAggregationBuilder$$Lambda/0x00007fcd287f0ac8
13154:             1             16  org.opensearch.search.aggregations.bucket.terms.SignificantTermsAggregationBuilder$$Lambda/0x00007fcd287f0ce0
13155:             1             16  org.opensearch.search.aggregations.bucket.terms.SignificantTermsAggregationBuilder$$Lambda/0x00007fcd287f0f08
13156:             1             16  org.opensearch.search.aggregations.bucket.terms.SignificantTermsAggregationBuilder$$Lambda/0x00007fcd287f1120
13157:             1             16  org.opensearch.search.aggregations.bucket.terms.SignificantTermsAggregationBuilder$$Lambda/0x00007fcd287f1348
13158:             1             16  org.opensearch.search.aggregations.bucket.terms.SignificantTermsAggregatorFactory$1
13159:             1             16  org.opensearch.search.aggregations.bucket.terms.SignificantTermsAggregatorFactory$2
13160:             1             16  org.opensearch.search.aggregations.bucket.terms.TermsAggregationBuilder$$Lambda/0x00007fcd287da4b0
13161:             1             16  org.opensearch.search.aggregations.bucket.terms.TermsAggregationBuilder$$Lambda/0x00007fcd287da6e8
13162:             1             16  org.opensearch.search.aggregations.bucket.terms.TermsAggregationBuilder$$Lambda/0x00007fcd287da910
13163:             1             16  org.opensearch.search.aggregations.bucket.terms.TermsAggregationBuilder$$Lambda/0x00007fcd287dab38
13164:             1             16  org.opensearch.search.aggregations.bucket.terms.TermsAggregationBuilder$$Lambda/0x00007fcd287dad60
13165:             1             16  org.opensearch.search.aggregations.bucket.terms.TermsAggregationBuilder$$Lambda/0x00007fcd287daf88
13166:             1             16  org.opensearch.search.aggregations.bucket.terms.TermsAggregationBuilder$$Lambda/0x00007fcd287db1b0
13167:             1             16  org.opensearch.search.aggregations.bucket.terms.TermsAggregationBuilder$$Lambda/0x00007fcd287db630
13168:             1             16  org.opensearch.search.aggregations.bucket.terms.TermsAggregationBuilder$$Lambda/0x00007fcd287db858
13169:             1             16  org.opensearch.search.aggregations.bucket.terms.TermsAggregationBuilder$$Lambda/0x00007fcd287dbc60
13170:             1             16  org.opensearch.search.aggregations.bucket.terms.TermsAggregationBuilder$$Lambda/0x00007fcd287dd420
13171:             1             16  org.opensearch.search.aggregations.bucket.terms.TermsAggregationBuilder$$Lambda/0x00007fcd287dd638
13172:             1             16  org.opensearch.search.aggregations.bucket.terms.TermsAggregationBuilder$$Lambda/0x00007fcd287dd860
13173:             1             16  org.opensearch.search.aggregations.bucket.terms.TermsAggregationBuilder$$Lambda/0x00007fcd287de288
13174:             1             16  org.opensearch.search.aggregations.bucket.terms.TermsAggregationBuilder$$Lambda/0x00007fcd287de758
13175:             1             16  org.opensearch.search.aggregations.bucket.terms.TermsAggregationBuilder$$Lambda/0x00007fcd292f2000
13176:             1             16  org.opensearch.search.aggregations.bucket.terms.TermsAggregationBuilder$$Lambda/0x00007fcd292f2218
13177:             1             16  org.opensearch.search.aggregations.bucket.terms.TermsAggregationBuilder$$Lambda/0x00007fcd292fae80
13178:             1             16  org.opensearch.search.aggregations.bucket.terms.TermsAggregationBuilder$$Lambda/0x00007fcd292fb098
13179:             1             16  org.opensearch.search.aggregations.bucket.terms.TermsAggregationBuilder$$Lambda/0x00007fcd292fb2b0
13180:             1             16  org.opensearch.search.aggregations.bucket.terms.TermsAggregationBuilder$$Lambda/0x00007fcd292fb4c8
13181:             1             16  org.opensearch.search.aggregations.bucket.terms.TermsAggregationBuilder$$Lambda/0x00007fcd292fb6e0
13182:             1             16  org.opensearch.search.aggregations.bucket.terms.TermsAggregationBuilder$$Lambda/0x00007fcd292fb8f8
13183:             1             16  org.opensearch.search.aggregations.bucket.terms.TermsAggregationBuilder$$Lambda/0x00007fcd292fbb10
13184:             1             16  org.opensearch.search.aggregations.bucket.terms.TermsAggregationBuilder$$Lambda/0x00007fcd292fbd28
13185:             1             16  org.opensearch.search.aggregations.bucket.terms.TermsAggregator$$Lambda/0x00007fcd291f7800
13186:             1             16  org.opensearch.search.aggregations.bucket.terms.TermsAggregator$$Lambda/0x00007fcd291f9c00
13187:             1             16  org.opensearch.search.aggregations.bucket.terms.TermsAggregator$$Lambda/0x00007fcd291fb400
13188:             1             16  org.opensearch.search.aggregations.bucket.terms.TermsAggregator$$Lambda/0x00007fcd29201800
13189:             1             16  org.opensearch.search.aggregations.bucket.terms.TermsAggregator$$Lambda/0x00007fcd292cc000
13190:             1             16  org.opensearch.search.aggregations.bucket.terms.TermsAggregatorFactory$1
13191:             1             16  org.opensearch.search.aggregations.bucket.terms.TermsAggregatorFactory$2
13192:             1             16  org.opensearch.search.aggregations.bucket.terms.TermsAggregatorFactory$ExecutionMode$2$$Lambda/0x00007fcd29117800
13193:             1             16  org.opensearch.search.aggregations.bucket.terms.TermsAggregatorFactory$ExecutionMode$2$$Lambda/0x00007fcd29117a38
13194:             1             16  org.opensearch.search.aggregations.bucket.terms.TermsAggregatorFactory$ExecutionMode$2$$Lambda/0x00007fcd29118800
13195:             1             16  org.opensearch.search.aggregations.bucket.terms.TermsAggregatorFactory$ExecutionMode$2$$Lambda/0x00007fcd29118a38
13196:             1             16  org.opensearch.search.aggregations.bucket.terms.TermsAggregatorFactory$ExecutionMode$2$$Lambda/0x00007fcd29118c70
13197:             1             16  org.opensearch.search.aggregations.bucket.terms.heuristic.ChiSquare$$Lambda/0x00007fcd2879b928
13198:             1             16  org.opensearch.search.aggregations.bucket.terms.heuristic.GND$$Lambda/0x00007fcd2879c490
13199:             1             16  org.opensearch.search.aggregations.bucket.terms.heuristic.JLHScore
13200:             1             16  org.opensearch.search.aggregations.bucket.terms.heuristic.JLHScore$$Lambda/0x00007fcd2879cb90
13201:             1             16  org.opensearch.search.aggregations.bucket.terms.heuristic.MutualInformation$$Lambda/0x00007fcd2879d290
13202:             1             16  org.opensearch.search.aggregations.bucket.terms.heuristic.PercentageScore$$Lambda/0x00007fcd2879d980
13203:             1             16  org.opensearch.search.aggregations.bucket.terms.heuristic.ScriptHeuristic$$Lambda/0x00007fcd2879e320
13204:             1             16  org.opensearch.search.aggregations.matrix.MatrixAggregationPlugin
13205:             1             16  org.opensearch.search.aggregations.matrix.MatrixAggregationPlugin$$Lambda/0x00007fcd28834c98
13206:             1             16  org.opensearch.search.aggregations.matrix.MatrixAggregationPlugin$$Lambda/0x00007fcd28835b50
13207:             1             16  org.opensearch.search.aggregations.metrics.AbstractPercentilesAggregationBuilder$$Lambda/0x00007fcd287b8c48
13208:             1             16  org.opensearch.search.aggregations.metrics.AvgAggregationBuilder$$Lambda/0x00007fcd287a2da0
13209:             1             16  org.opensearch.search.aggregations.metrics.AvgAggregatorFactory$$Lambda/0x00007fcd287a8e68
13210:             1             16  org.opensearch.search.aggregations.metrics.CardinalityAggregationBuilder$$Lambda/0x00007fcd287c4800
13211:             1             16  org.opensearch.search.aggregations.metrics.CardinalityAggregationBuilder$$Lambda/0x00007fcd287c5a90
13212:             1             16  org.opensearch.search.aggregations.metrics.CardinalityAggregationBuilder$$Lambda/0x00007fcd287c5cc8
13213:             1             16  org.opensearch.search.aggregations.metrics.CardinalityAggregatorFactory$$Lambda/0x00007fcd287ca168
13214:             1             16  org.opensearch.search.aggregations.metrics.ExtendedStatsAggregationBuilder$$Lambda/0x00007fcd287b5e18
13215:             1             16  org.opensearch.search.aggregations.metrics.ExtendedStatsAggregationBuilder$$Lambda/0x00007fcd287b6050
13216:             1             16  org.opensearch.search.aggregations.metrics.ExtendedStatsAggregatorFactory$$Lambda/0x00007fcd287b76a0
13217:             1             16  org.opensearch.search.aggregations.metrics.GeoCentroidAggregationBuilder$$Lambda/0x00007fcd28819260
13218:             1             16  org.opensearch.search.aggregations.metrics.GeoCentroidAggregatorFactory$$Lambda/0x00007fcd2881a420
13219:             1             16  org.opensearch.search.aggregations.metrics.MaxAggregationBuilder$$Lambda/0x00007fcd287b18a8
13220:             1             16  org.opensearch.search.aggregations.metrics.MaxAggregatorFactory$$Lambda/0x00007fcd287b2ae8
13221:             1             16  org.opensearch.search.aggregations.metrics.MedianAbsoluteDeviationAggregationBuilder$$Lambda/0x00007fcd287c6850
13222:             1             16  org.opensearch.search.aggregations.metrics.MedianAbsoluteDeviationAggregationBuilder$$Lambda/0x00007fcd287c6a88
13223:             1             16  org.opensearch.search.aggregations.metrics.MedianAbsoluteDeviationAggregatorFactory$$Lambda/0x00007fcd287c7cc0
13224:             1             16  org.opensearch.search.aggregations.metrics.MinAggregationBuilder$$Lambda/0x00007fcd287ac800
13225:             1             16  org.opensearch.search.aggregations.metrics.MinAggregatorFactory$$Lambda/0x00007fcd287b0df0
13226:             1             16  org.opensearch.search.aggregations.metrics.PercentileRanksAggregationBuilder$$Lambda/0x00007fcd287c3648
13227:             1             16  org.opensearch.search.aggregations.metrics.PercentileRanksAggregationBuilder$$Lambda/0x00007fcd287c3860
13228:             1             16  org.opensearch.search.aggregations.metrics.PercentileRanksAggregatorFactory$$Lambda/0x00007fcd287c3a78
13229:             1             16  org.opensearch.search.aggregations.metrics.PercentilesAggregationBuilder$$Lambda/0x00007fcd287bbbb0
13230:             1             16  org.opensearch.search.aggregations.metrics.PercentilesAggregationBuilder$$Lambda/0x00007fcd287bbdc8
13231:             1             16  org.opensearch.search.aggregations.metrics.PercentilesAggregatorFactory$$Lambda/0x00007fcd287c17b0
13232:             1             16  org.opensearch.search.aggregations.metrics.PercentilesMethod$$Lambda/0x00007fcd287c04e0
13233:             1             16  org.opensearch.search.aggregations.metrics.PercentilesMethod$$Lambda/0x00007fcd287c06f8
13234:             1             16  org.opensearch.search.aggregations.metrics.PercentilesMethod$$Lambda/0x00007fcd287c1370
13235:             1             16  org.opensearch.search.aggregations.metrics.PercentilesMethod$$Lambda/0x00007fcd287c1588
13236:             1             16  org.opensearch.search.aggregations.metrics.ScriptedMetricAggregationBuilder$$Lambda/0x00007fcd2881ae80
13237:             1             16  org.opensearch.search.aggregations.metrics.ScriptedMetricAggregationBuilder$$Lambda/0x00007fcd2881b0a8
13238:             1             16  org.opensearch.search.aggregations.metrics.ScriptedMetricAggregationBuilder$$Lambda/0x00007fcd2881b2d0
13239:             1             16  org.opensearch.search.aggregations.metrics.ScriptedMetricAggregationBuilder$$Lambda/0x00007fcd2881b4f8
13240:             1             16  org.opensearch.search.aggregations.metrics.ScriptedMetricAggregationBuilder$$Lambda/0x00007fcd2881b720
13241:             1             16  org.opensearch.search.aggregations.metrics.ScriptedMetricAggregationBuilder$$Lambda/0x00007fcd2881b948
13242:             1             16  org.opensearch.search.aggregations.metrics.StatsAggregationBuilder$$Lambda/0x00007fcd287b35a0
13243:             1             16  org.opensearch.search.aggregations.metrics.StatsAggregatorFactory$$Lambda/0x00007fcd287b5158
13244:             1             16  org.opensearch.search.aggregations.metrics.SumAggregationBuilder$$Lambda/0x00007fcd287af108
13245:             1             16  org.opensearch.search.aggregations.metrics.SumAggregatorFactory$$Lambda/0x00007fcd287ad358
13246:             1             16  org.opensearch.search.aggregations.metrics.ValueCountAggregationBuilder$$Lambda/0x00007fcd287bc218
13247:             1             16  org.opensearch.search.aggregations.metrics.ValueCountAggregatorFactory$$Lambda/0x00007fcd287bd920
13248:             1             16  org.opensearch.search.aggregations.metrics.WeightedAvgAggregationBuilder$$Lambda/0x00007fcd287aa740
13249:             1             16  org.opensearch.search.aggregations.pipeline.AvgBucketPipelineAggregationBuilder$1
13250:             1             16  org.opensearch.search.aggregations.pipeline.BucketScriptPipelineAggregationBuilder$$Lambda/0x00007fcd28853048
13251:             1             16  org.opensearch.search.aggregations.pipeline.BucketScriptPipelineAggregationBuilder$$Lambda/0x00007fcd28853270
13252:             1             16  org.opensearch.search.aggregations.pipeline.BucketScriptPipelineAggregationBuilder$$Lambda/0x00007fcd28853488
13253:             1             16  org.opensearch.search.aggregations.pipeline.BucketScriptPipelineAggregationBuilder$$Lambda/0x00007fcd28853910
13254:             1             16  org.opensearch.search.aggregations.pipeline.BucketScriptPipelineAggregationBuilder$$Lambda/0x00007fcd28853b38
13255:             1             16  org.opensearch.search.aggregations.pipeline.CumulativeSumPipelineAggregationBuilder$$Lambda/0x00007fcd288521e0
13256:             1             16  org.opensearch.search.aggregations.pipeline.CumulativeSumPipelineAggregationBuilder$$Lambda/0x00007fcd28852408
13257:             1             16  org.opensearch.search.aggregations.pipeline.EwmaModel$1
13258:             1             16  org.opensearch.search.aggregations.pipeline.ExtendedStatsBucketParser
13259:             1             16  org.opensearch.search.aggregations.pipeline.HoltLinearModel$1
13260:             1             16  org.opensearch.search.aggregations.pipeline.HoltWintersModel$1
13261:             1             16  org.opensearch.search.aggregations.pipeline.LinearModel$1
13262:             1             16  org.opensearch.search.aggregations.pipeline.MaxBucketPipelineAggregationBuilder$1
13263:             1             16  org.opensearch.search.aggregations.pipeline.MinBucketPipelineAggregationBuilder$1
13264:             1             16  org.opensearch.search.aggregations.pipeline.MovFnPipelineAggregationBuilder$$Lambda/0x00007fcd28856c28
13265:             1             16  org.opensearch.search.aggregations.pipeline.MovFnPipelineAggregationBuilder$$Lambda/0x00007fcd28856e50
13266:             1             16  org.opensearch.search.aggregations.pipeline.MovFnPipelineAggregationBuilder$$Lambda/0x00007fcd28857068
13267:             1             16  org.opensearch.search.aggregations.pipeline.MovFnPipelineAggregationBuilder$$Lambda/0x00007fcd28857290
13268:             1             16  org.opensearch.search.aggregations.pipeline.MovFnPipelineAggregationBuilder$$Lambda/0x00007fcd288574b8
13269:             1             16  org.opensearch.search.aggregations.pipeline.MovFnPipelineAggregationBuilder$$Lambda/0x00007fcd288576e0
13270:             1             16  org.opensearch.search.aggregations.pipeline.PercentilesBucketPipelineAggregationBuilder$1
13271:             1             16  org.opensearch.search.aggregations.pipeline.SimpleModel$1
13272:             1             16  org.opensearch.search.aggregations.pipeline.StatsBucketPipelineAggregationBuilder$1
13273:             1             16  org.opensearch.search.aggregations.pipeline.SumBucketPipelineAggregationBuilder$1
13274:             1             16  org.opensearch.search.aggregations.support.AggregationInfo
13275:             1             16  org.opensearch.search.aggregations.support.AggregationUsageService$Builder$$Lambda/0x00007fcd287a92c0
13276:             1             16  org.opensearch.search.aggregations.support.BaseMultiValuesSourceFieldConfig$$Lambda/0x00007fcd2882cbb0
13277:             1             16  org.opensearch.search.aggregations.support.BaseMultiValuesSourceFieldConfig$$Lambda/0x00007fcd2882d678
13278:             1             16  org.opensearch.search.aggregations.support.BaseMultiValuesSourceFieldConfig$$Lambda/0x00007fcd2882d8a0
13279:             1             16  org.opensearch.search.aggregations.support.BaseMultiValuesSourceFieldConfig$$Lambda/0x00007fcd2882dac8
13280:             1             16  org.opensearch.search.aggregations.support.BaseMultiValuesSourceFieldConfig$$Lambda/0x00007fcd2882dce0
13281:             1             16  org.opensearch.search.aggregations.support.BaseMultiValuesSourceFieldConfig$$Lambda/0x00007fcd2882df08
13282:             1             16  org.opensearch.search.aggregations.support.BaseMultiValuesSourceFieldConfig$$Lambda/0x00007fcd2882e120
13283:             1             16  org.opensearch.search.aggregations.support.BaseMultiValuesSourceFieldConfig$$Lambda/0x00007fcd2882e348
13284:             1             16  org.opensearch.search.aggregations.support.MultiTermsValuesSourceConfig$$Lambda/0x00007fcd2882cfc0
13285:             1             16  org.opensearch.search.aggregations.support.MultiTermsValuesSourceConfig$$Lambda/0x00007fcd2882d460
13286:             1             16  org.opensearch.search.aggregations.support.MultiTermsValuesSourceConfig$$Lambda/0x00007fcd2882e560
13287:             1             16  org.opensearch.search.aggregations.support.MultiTermsValuesSourceConfig$$Lambda/0x00007fcd2882e788
13288:             1             16  org.opensearch.search.aggregations.support.MultiTermsValuesSourceConfig$$Lambda/0x00007fcd2882e9a0
13289:             1             16  org.opensearch.search.aggregations.support.MultiTermsValuesSourceConfig$$Lambda/0x00007fcd2882ebc8
13290:             1             16  org.opensearch.search.aggregations.support.MultiTermsValuesSourceConfig$$Lambda/0x00007fcd2882ede0
13291:             1             16  org.opensearch.search.aggregations.support.MultiTermsValuesSourceConfig$$Lambda/0x00007fcd2882f008
13292:             1             16  org.opensearch.search.aggregations.support.MultiValuesSourceParseHelper$$Lambda/0x00007fcd287aab78
13293:             1             16  org.opensearch.search.aggregations.support.MultiValuesSourceParseHelper$$Lambda/0x00007fcd287aafc0
13294:             1             16  org.opensearch.search.aggregations.support.MultiValuesSourceParseHelper$$Lambda/0x00007fcd287ab1e8
13295:             1             16  org.opensearch.search.aggregations.support.ValuesSource$Bytes$WithOrdinals$1
13296:             1             16  org.opensearch.search.aggregations.support.ValuesSource$Numeric$1
13297:             1             16  org.opensearch.search.aggregations.support.ValuesSourceAggregationBuilder$$Lambda/0x00007fcd287a2fd8
13298:             1             16  org.opensearch.search.aggregations.support.ValuesSourceAggregationBuilder$$Lambda/0x00007fcd287a3200
13299:             1             16  org.opensearch.search.aggregations.support.ValuesSourceAggregationBuilder$$Lambda/0x00007fcd287a3618
13300:             1             16  org.opensearch.search.aggregations.support.ValuesSourceAggregationBuilder$$Lambda/0x00007fcd287a3840
13301:             1             16  org.opensearch.search.aggregations.support.ValuesSourceAggregationBuilder$$Lambda/0x00007fcd287a3cb8
13302:             1             16  org.opensearch.search.aggregations.support.ValuesSourceAggregationBuilder$$Lambda/0x00007fcd287a3ee0
13303:             1             16  org.opensearch.search.aggregations.support.ValuesSourceAggregationBuilder$$Lambda/0x00007fcd287a42e8
13304:             1             16  org.opensearch.search.aggregations.support.ValuesSourceAggregationBuilder$$Lambda/0x00007fcd287a4510
13305:             1             16  org.opensearch.search.aggregations.support.ValuesSourceAggregationBuilder$$Lambda/0x00007fcd287a4728
13306:             1             16  org.opensearch.search.aggregations.support.ValuesSourceAggregationBuilder$$Lambda/0x00007fcd287a4950
13307:             1             16  org.opensearch.search.aggregations.support.ValuesSourceAggregationBuilder$$Lambda/0x00007fcd287f74b0
13308:             1             16  org.opensearch.search.aggregations.support.ValuesSourceAggregationBuilder$$Lambda/0x00007fcd287f76d8
13309:             1             16  org.opensearch.search.aggregations.support.ValuesSourceAggregationBuilder$$Lambda/0x00007fcd292faa78
13310:             1             16  org.opensearch.search.aggregations.support.ValuesSourceConfig$$Lambda/0x00007fcd292e8658
13311:             1             16  org.opensearch.search.aggregations.support.ValuesSourceConfig$$Lambda/0x00007fcd292e8870
13312:             1             16  org.opensearch.search.aggregations.support.ValuesSourceConfig$$Lambda/0x00007fcd292e8a88
13313:             1             16  org.opensearch.search.aggregations.support.ValuesSourceConfig$$Lambda/0x00007fcd292e8ca0
13314:             1             16  org.opensearch.search.aggregations.support.ValuesSourceRegistry$$Lambda/0x00007fcd28832888
13315:             1             16  org.opensearch.search.aggregations.support.ValuesSourceRegistry$$Lambda/0x00007fcd28832ac0
13316:             1             16  org.opensearch.search.asynchronous.action.AsynchronousSearchStatsAction$$Lambda/0x00007fcd28af1d38
13317:             1             16  org.opensearch.search.asynchronous.action.DeleteAsynchronousSearchAction$$Lambda/0x00007fcd28c68b88
13318:             1             16  org.opensearch.search.asynchronous.action.GetAsynchronousSearchAction$$Lambda/0x00007fcd28c68278
13319:             1             16  org.opensearch.search.asynchronous.action.SubmitAsynchronousSearchAction$$Lambda/0x00007fcd28af1648
13320:             1             16  org.opensearch.search.asynchronous.context.active.AsynchronousSearchActiveStore$$Lambda/0x00007fcd28591da8
13321:             1             16  org.opensearch.search.asynchronous.management.AsynchronousSearchManagementService$$Lambda/0x00007fcd28f97c30
13322:             1             16  org.opensearch.search.asynchronous.management.AsynchronousSearchManagementService$ActiveContextReaper
13323:             1             16  org.opensearch.search.asynchronous.management.AsynchronousSearchManagementService$PersistedResponseCleanUpTransportHandler
13324:             1             16  org.opensearch.search.asynchronous.service.AsynchronousSearchService$$Lambda/0x00007fcd28aec4d8
13325:             1             16  org.opensearch.search.asynchronous.service.AsynchronousSearchService$$Lambda/0x00007fcd28aec708
13326:             1             16  org.opensearch.search.asynchronous.service.AsynchronousSearchService$$Lambda/0x00007fcd28aec938
13327:             1             16  org.opensearch.search.asynchronous.service.AsynchronousSearchService$$Lambda/0x00007fcd28aecb68
13328:             1             16  org.opensearch.search.asynchronous.service.AsynchronousSearchService$$Lambda/0x00007fcd28aecd98
13329:             1             16  org.opensearch.search.asynchronous.service.AsynchronousSearchService$$Lambda/0x00007fcd28aeda98
13330:             1             16  org.opensearch.search.asynchronous.service.AsynchronousSearchService$$Lambda/0x00007fcd28aedef8
13331:             1             16  org.opensearch.search.asynchronous.service.AsynchronousSearchService$$Lambda/0x00007fcd28aee338
13332:             1             16  org.opensearch.search.asynchronous.service.AsynchronousSearchService$$Lambda/0x00007fcd28aee560
13333:             1             16  org.opensearch.search.asynchronous.service.AsynchronousSearchService$$Lambda/0x00007fcd28aee9a0
13334:             1             16  org.opensearch.search.asynchronous.service.AsynchronousSearchService$$Lambda/0x00007fcd28aeebc8
13335:             1             16  org.opensearch.search.asynchronous.service.AsynchronousSearchService$$Lambda/0x00007fcd28aef008
13336:             1             16  org.opensearch.search.asynchronous.service.AsynchronousSearchService$$Lambda/0x00007fcd28aef238
13337:             1             16  org.opensearch.search.asynchronous.service.AsynchronousSearchService$$Lambda/0x00007fcd28aef460
13338:             1             16  org.opensearch.search.asynchronous.service.AsynchronousSearchService$$Lambda/0x00007fcd28aef690
13339:             1             16  org.opensearch.search.asynchronous.service.AsynchronousSearchService$$Lambda/0x00007fcd28aefac8
13340:             1             16  org.opensearch.search.asynchronous.service.AsynchronousSearchService$$Lambda/0x00007fcd28aefcf0
13341:             1             16  org.opensearch.search.asynchronous.service.AsynchronousSearchService$$Lambda/0x00007fcd28af0210
13342:             1             16  org.opensearch.search.asynchronous.service.AsynchronousSearchService$$Lambda/0x00007fcd28af0438
13343:             1             16  org.opensearch.search.asynchronous.service.AsynchronousSearchService$$Lambda/0x00007fcd28af0660
13344:             1             16  org.opensearch.search.asynchronous.service.AsynchronousSearchService$$Lambda/0x00007fcd28af0890
13345:             1             16  org.opensearch.search.asynchronous.service.AsynchronousSearchService$$Lambda/0x00007fcd28af0ce8
13346:             1             16  org.opensearch.search.asynchronous.service.AsynchronousSearchService$$Lambda/0x00007fcd28af1130
13347:             1             16  org.opensearch.search.asynchronous.service.AsynchronousSearchService$$Lambda/0x00007fcd28fbcf58
13348:             1             16  org.opensearch.search.asynchronous.stats.InternalAsynchronousSearchStats
13349:             1             16  org.opensearch.search.asynchronous.transport.TransportAsynchronousSearchStatsAction$$Lambda/0x00007fcd28f97800
13350:             1             16  org.opensearch.search.asynchronous.transport.TransportAsynchronousSearchStatsAction$$Lambda/0x00007fcd28f97a18
13351:             1             16  org.opensearch.search.asynchronous.transport.TransportDeleteAsynchronousSearchAction$$Lambda/0x00007fcd28c6add0
13352:             1             16  org.opensearch.search.asynchronous.transport.TransportDeleteAsynchronousSearchAction$$Lambda/0x00007fcd28c6afe8
13353:             1             16  org.opensearch.search.asynchronous.transport.TransportGetAsynchronousSearchAction$$Lambda/0x00007fcd28c6b200
13354:             1             16  org.opensearch.search.asynchronous.transport.TransportGetAsynchronousSearchAction$$Lambda/0x00007fcd28c6b418
13355:             1             16  org.opensearch.search.asynchronous.transport.TransportSubmitAsynchronousSearchAction$$Lambda/0x00007fcd28c6bc80
13356:             1             16  org.opensearch.search.backpressure.SearchBackpressureService$$Lambda/0x00007fcd28cea7f0
13357:             1             16  org.opensearch.search.backpressure.SearchBackpressureService$$Lambda/0x00007fcd28ceac18
13358:             1             16  org.opensearch.search.backpressure.SearchBackpressureService$$Lambda/0x00007fcd28ceb050
13359:             1             16  org.opensearch.search.backpressure.SearchBackpressureService$$Lambda/0x00007fcd28ceb270
13360:             1             16  org.opensearch.search.backpressure.SearchBackpressureService$$Lambda/0x00007fcd28ceb490
13361:             1             16  org.opensearch.search.backpressure.SearchBackpressureService$$Lambda/0x00007fcd28ceb6b0
13362:             1             16  org.opensearch.search.backpressure.SearchBackpressureService$$Lambda/0x00007fcd28ceb8d0
13363:             1             16  org.opensearch.search.backpressure.SearchBackpressureService$$Lambda/0x00007fcd28cec7f8
13364:             1             16  org.opensearch.search.backpressure.SearchBackpressureService$$Lambda/0x00007fcd28ceca10
13365:             1             16  org.opensearch.search.backpressure.SearchBackpressureService$$Lambda/0x00007fcd28cecc30
13366:             1             16  org.opensearch.search.backpressure.SearchBackpressureService$$Lambda/0x00007fcd28cece50
13367:             1             16  org.opensearch.search.backpressure.SearchBackpressureService$$Lambda/0x00007fcd28ced070
13368:             1             16  org.opensearch.search.backpressure.SearchBackpressureService$$Lambda/0x00007fcd29044b48
13369:             1             16  org.opensearch.search.backpressure.settings.NodeDuressSettings$$Lambda/0x00007fcd28ce1230
13370:             1             16  org.opensearch.search.backpressure.settings.NodeDuressSettings$$Lambda/0x00007fcd28ce1460
13371:             1             16  org.opensearch.search.backpressure.settings.NodeDuressSettings$$Lambda/0x00007fcd28ce1690
13372:             1             16  org.opensearch.search.backpressure.settings.SearchBackpressureSettings$$Lambda/0x00007fcd286fe490
13373:             1             16  org.opensearch.search.backpressure.settings.SearchBackpressureSettings$$Lambda/0x00007fcd28ce9a00
13374:             1             16  org.opensearch.search.backpressure.settings.SearchBackpressureSettings$$Lambda/0x00007fcd28ce9c30
13375:             1             16  org.opensearch.search.backpressure.settings.SearchBackpressureSettings$$Lambda/0x00007fcd28ce9e60
13376:             1             16  org.opensearch.search.backpressure.settings.SearchBackpressureSettings$$Lambda/0x00007fcd28cea090
13377:             1             16  org.opensearch.search.backpressure.settings.SearchShardTaskSettings$$Lambda/0x00007fcd28ce8460
13378:             1             16  org.opensearch.search.backpressure.settings.SearchShardTaskSettings$$Lambda/0x00007fcd28ce8690
13379:             1             16  org.opensearch.search.backpressure.settings.SearchShardTaskSettings$$Lambda/0x00007fcd28ce88c0
13380:             1             16  org.opensearch.search.backpressure.settings.SearchShardTaskSettings$$Lambda/0x00007fcd28ce8af0
13381:             1             16  org.opensearch.search.backpressure.settings.SearchShardTaskSettings$$Lambda/0x00007fcd28ce8d20
13382:             1             16  org.opensearch.search.backpressure.settings.SearchShardTaskSettings$$Lambda/0x00007fcd28ce8f50
13383:             1             16  org.opensearch.search.backpressure.settings.SearchShardTaskSettings$$Lambda/0x00007fcd28ce9180
13384:             1             16  org.opensearch.search.backpressure.settings.SearchShardTaskSettings$$Lambda/0x00007fcd28ce93b0
13385:             1             16  org.opensearch.search.backpressure.settings.SearchShardTaskSettings$$Lambda/0x00007fcd28ce95e0
13386:             1             16  org.opensearch.search.backpressure.settings.SearchTaskSettings$$Lambda/0x00007fcd28ce0400
13387:             1             16  org.opensearch.search.backpressure.settings.SearchTaskSettings$$Lambda/0x00007fcd28ce0800
13388:             1             16  org.opensearch.search.backpressure.settings.SearchTaskSettings$$Lambda/0x00007fcd28ce0a30
13389:             1             16  org.opensearch.search.backpressure.settings.SearchTaskSettings$$Lambda/0x00007fcd28ce0c60
13390:             1             16  org.opensearch.search.backpressure.settings.SearchTaskSettings$$Lambda/0x00007fcd28ce18c0
13391:             1             16  org.opensearch.search.backpressure.settings.SearchTaskSettings$$Lambda/0x00007fcd28ce1af0
13392:             1             16  org.opensearch.search.backpressure.settings.SearchTaskSettings$$Lambda/0x00007fcd28ce1d20
13393:             1             16  org.opensearch.search.backpressure.settings.SearchTaskSettings$$Lambda/0x00007fcd28ce8000
13394:             1             16  org.opensearch.search.backpressure.settings.SearchTaskSettings$$Lambda/0x00007fcd28ce8230
13395:             1             16  org.opensearch.search.backpressure.trackers.HeapUsageTracker$$Lambda/0x00007fcd292353d8
13396:             1             16  org.opensearch.search.builder.SearchSourceBuilder$$Lambda/0x00007fcd29209a98
13397:             1             16  org.opensearch.search.builder.SearchSourceBuilder$$Lambda/0x00007fcd2920bc78
13398:             1             16  org.opensearch.search.builder.SearchSourceBuilder$$Lambda/0x00007fcd29210000
13399:             1             16  org.opensearch.search.builder.SearchSourceBuilder$$Lambda/0x00007fcd29210eb0
13400:             1             16  org.opensearch.search.builder.SearchSourceBuilder$$Lambda/0x00007fcd29211350
13401:             1             16  org.opensearch.search.builder.SearchSourceBuilder$$Lambda/0x00007fcd29211808
13402:             1             16  org.opensearch.search.builder.SearchSourceBuilder$$Lambda/0x00007fcd29211cb0
13403:             1             16  org.opensearch.search.builder.SearchSourceBuilder$$Lambda/0x00007fcd29212840
13404:             1             16  org.opensearch.search.builder.SearchSourceBuilder$$Lambda/0x00007fcd29212d08
13405:             1             16  org.opensearch.search.builder.SearchSourceBuilder$$Lambda/0x00007fcd29213188
13406:             1             16  org.opensearch.search.dfs.DfsPhase
13407:             1             16  org.opensearch.search.fetch.FetchPhase
13408:             1             16  org.opensearch.search.fetch.subphase.ExplainPhase
13409:             1             16  org.opensearch.search.fetch.subphase.FetchDocValuesPhase
13410:             1             16  org.opensearch.search.fetch.subphase.FetchFieldsPhase
13411:             1             16  org.opensearch.search.fetch.subphase.FetchScorePhase
13412:             1             16  org.opensearch.search.fetch.subphase.FetchSourcePhase
13413:             1             16  org.opensearch.search.fetch.subphase.FetchVersionPhase
13414:             1             16  org.opensearch.search.fetch.subphase.InnerHitsPhase
13415:             1             16  org.opensearch.search.fetch.subphase.MatchedQueriesPhase
13416:             1             16  org.opensearch.search.fetch.subphase.ScriptFieldsPhase
13417:             1             16  org.opensearch.search.fetch.subphase.SeqNoPrimaryTermPhase
13418:             1             16  org.opensearch.search.fetch.subphase.highlight.FastVectorHighlighter
13419:             1             16  org.opensearch.search.fetch.subphase.highlight.PlainHighlighter
13420:             1             16  org.opensearch.search.fetch.subphase.highlight.UnifiedHighlighter
13421:             1             16  org.opensearch.search.internal.SearchContext$1
13422:             1             16  org.opensearch.search.internal.ShardSearchRequest$$Lambda/0x00007fcd291eddc0
13423:             1             16  org.opensearch.search.internal.ShardSearchRequest$$Lambda/0x00007fcd2920b580
13424:             1             16  org.opensearch.search.internal.ShardSearchRequest$$Lambda/0x00007fcd2920b798
13425:             1             16  org.opensearch.search.internal.ShardSearchRequest$$Lambda/0x00007fcd292135e0
13426:             1             16  org.opensearch.search.internal.ShardSearchRequest$$Lambda/0x00007fcd292137f8
13427:             1             16  org.opensearch.search.pipeline.Pipeline$$Lambda/0x00007fcd291e5160
13428:             1             16  org.opensearch.search.pipeline.SearchPipelineService$$Lambda/0x00007fcd29225da8
13429:             1             16  org.opensearch.search.pipeline.SearchPipelineService$$Lambda/0x00007fcd2922a2a8
13430:             1             16  org.opensearch.search.pipeline.common.CollapseResponseProcessor$Factory
13431:             1             16  org.opensearch.search.pipeline.common.FilterQueryRequestProcessor$Factory
13432:             1             16  org.opensearch.search.pipeline.common.OversampleRequestProcessor$Factory
13433:             1             16  org.opensearch.search.pipeline.common.RenameFieldResponseProcessor$Factory
13434:             1             16  org.opensearch.search.pipeline.common.ScriptRequestProcessor$Factory
13435:             1             16  org.opensearch.search.pipeline.common.SearchPipelineCommonModulePlugin
13436:             1             16  org.opensearch.search.pipeline.common.TruncateHitsResponseProcessor$Factory
13437:             1             16  org.opensearch.search.query.QueryCollectorContext$1
13438:             1             16  org.opensearch.search.query.QueryCollectorContext$2
13439:             1             16  org.opensearch.search.query.QueryPhase$$Lambda/0x00007fcd29114000
13440:             1             16  org.opensearch.search.query.QueryPhase$$Lambda/0x00007fcd29115c00
13441:             1             16  org.opensearch.search.query.QueryPhase$$Lambda/0x00007fcd29117000
13442:             1             16  org.opensearch.search.query.QueryPhase$$Lambda/0x00007fcd29118000
13443:             1             16  org.opensearch.search.query.QueryPhase$$Lambda/0x00007fcd2913c400
13444:             1             16  org.opensearch.search.query.QueryPhase$$Lambda/0x00007fcd2913dc00
13445:             1             16  org.opensearch.search.query.QueryPhase$$Lambda/0x00007fcd293c4000
13446:             1             16  org.opensearch.search.query.QueryPhase$$Lambda/0x00007fcd293c4238
13447:             1             16  org.opensearch.search.query.QueryPhase$$Lambda/0x00007fcd293c4470
13448:             1             16  org.opensearch.search.query.QueryPhase$$Lambda/0x00007fcd293c46a8
13449:             1             16  org.opensearch.search.query.QuerySearchResult$$Lambda/0x00007fcd2920af30
13450:             1             16  org.opensearch.search.query.QuerySearchResult$$Lambda/0x00007fcd2920b148
13451:             1             16  org.opensearch.search.rescore.RescoreProcessor
13452:             1             16  org.opensearch.search.sort.FieldSortBuilder$$Lambda/0x00007fcd291ea000
13453:             1             16  org.opensearch.search.sort.FieldSortBuilder$$Lambda/0x00007fcd291ea228
13454:             1             16  org.opensearch.search.sort.FieldSortBuilder$$Lambda/0x00007fcd291ea6b8
13455:             1             16  org.opensearch.search.sort.FieldSortBuilder$$Lambda/0x00007fcd291ead98
13456:             1             16  org.opensearch.search.sort.FieldSortBuilder$$Lambda/0x00007fcd291eafc0
13457:             1             16  org.opensearch.search.sort.FieldSortBuilder$$Lambda/0x00007fcd291eb1d8
13458:             1             16  org.opensearch.search.sort.FieldSortBuilder$$Lambda/0x00007fcd291ef390
13459:             1             16  org.opensearch.search.sort.FieldSortBuilder$$Lambda/0x00007fcd291ef5b8
13460:             1             16  org.opensearch.search.sort.FieldSortBuilder$$Lambda/0x00007fcd291ef7d0
13461:             1             16  org.opensearch.search.sort.FieldSortBuilder$$Lambda/0x00007fcd291ef9f8
13462:             1             16  org.opensearch.search.sort.FieldSortBuilder$$Lambda/0x00007fcd291efc20
13463:             1             16  org.opensearch.search.sort.SortValue$$Lambda/0x00007fcd2886f858
13464:             1             16  org.opensearch.search.sort.SortValue$$Lambda/0x00007fcd2886fa70
13465:             1             16  org.opensearch.search.sort.SortValue$$Lambda/0x00007fcd2886fc88
13466:             1             16  org.opensearch.search.suggest.SuggestProcessor
13467:             1             16  org.opensearch.searchpipelines.questionanswering.generative.GenerativeQARequestProcessor$Factory
13468:             1             16  org.opensearch.security.DefaultObjectMapper$$Lambda/0x00007fcd28ff3930
13469:             1             16  org.opensearch.security.OpenSearchSecurityPlugin$$Lambda/0x00007fcd28386188
13470:             1             16  org.opensearch.security.OpenSearchSecurityPlugin$$Lambda/0x00007fcd2856f7c0
13471:             1             16  org.opensearch.security.OpenSearchSecurityPlugin$$Lambda/0x00007fcd28570f60
13472:             1             16  org.opensearch.security.OpenSearchSecurityPlugin$$Lambda/0x00007fcd285728b8
13473:             1             16  org.opensearch.security.OpenSearchSecurityPlugin$$Lambda/0x00007fcd28572e50
13474:             1             16  org.opensearch.security.OpenSearchSecurityPlugin$$Lambda/0x00007fcd28573068
13475:             1             16  org.opensearch.security.OpenSearchSecurityPlugin$$Lambda/0x00007fcd2896f2f0
13476:             1             16  org.opensearch.security.OpenSearchSecurityPlugin$$Lambda/0x00007fcd28c02b60
13477:             1             16  org.opensearch.security.OpenSearchSecurityPlugin$6
13478:             1             16  org.opensearch.security.OpenSearchSecurityPlugin$GuiceHolder
13479:             1             16  org.opensearch.security.action.configupdate.ConfigUpdateAction$$Lambda/0x00007fcd2896f7c8
13480:             1             16  org.opensearch.security.action.configupdate.TransportConfigUpdateAction$$Lambda/0x00007fcd28caf0f8
13481:             1             16  org.opensearch.security.action.configupdate.TransportConfigUpdateAction$$Lambda/0x00007fcd28caf310
13482:             1             16  org.opensearch.security.action.whoami.TransportWhoAmIAction$$Lambda/0x00007fcd28caeee0
13483:             1             16  org.opensearch.security.action.whoami.WhoAmIAction$$Lambda/0x00007fcd28c02730
13484:             1             16  org.opensearch.security.auditlog.AuditLogSslExceptionHandler
13485:             1             16  org.opensearch.security.auditlog.impl.AuditCategory$$Lambda/0x00007fcd28ff4448
13486:             1             16  org.opensearch.security.auditlog.impl.AuditCategory$$Lambda/0x00007fcd28ff4680
13487:             1             16  org.opensearch.security.auditlog.impl.AuditLogImpl$$Lambda/0x00007fcd28929398
13488:             1             16  org.opensearch.security.auditlog.routing.AuditMessageRouter$$Lambda/0x00007fcd29261110
13489:             1             16  org.opensearch.security.auditlog.routing.AuditMessageRouter$$Lambda/0x00007fcd29261348
13490:             1             16  org.opensearch.security.auth.BackendRegistry$1
13491:             1             16  org.opensearch.security.auth.BackendRegistry$2
13492:             1             16  org.opensearch.security.auth.BackendRegistry$3
13493:             1             16  org.opensearch.security.compliance.ComplianceConfig$$Lambda/0x00007fcd28ff5630
13494:             1             16  org.opensearch.security.compliance.ComplianceConfig$$Lambda/0x00007fcd28ff5868
13495:             1             16  org.opensearch.security.compliance.ComplianceConfig$$Lambda/0x00007fcd28ff5ab0
13496:             1             16  org.opensearch.security.compliance.ComplianceConfig$$Lambda/0x00007fcd28ff5ce8
13497:             1             16  org.opensearch.security.compliance.ComplianceConfig$$Lambda/0x00007fcd28ff5f20
13498:             1             16  org.opensearch.security.compliance.ComplianceConfig$$Lambda/0x00007fcd28ff6168
13499:             1             16  org.opensearch.security.compliance.ComplianceConfig$$Lambda/0x00007fcd28ff63a0
13500:             1             16  org.opensearch.security.compliance.ComplianceConfig$$Lambda/0x00007fcd28ff7030
13501:             1             16  org.opensearch.security.configuration.AdminDNs$$Lambda/0x00007fcd2892b5a0
13502:             1             16  org.opensearch.security.configuration.Salt
13503:             1             16  org.opensearch.security.configuration.SecurityFlsDlsIndexSearcherWrapper$$Lambda/0x00007fcd29262f70
13504:             1             16  org.opensearch.security.dlic.rest.api.AccountApiAction$$Lambda/0x00007fcd28ff0868
13505:             1             16  org.opensearch.security.dlic.rest.api.AccountApiAction$$Lambda/0x00007fcd28ff0a88
13506:             1             16  org.opensearch.security.dlic.rest.api.AccountApiAction$1
13507:             1             16  org.opensearch.security.dlic.rest.api.ActionGroupsApiAction$$Lambda/0x00007fcd28feba60
13508:             1             16  org.opensearch.security.dlic.rest.api.ActionGroupsApiAction$1
13509:             1             16  org.opensearch.security.dlic.rest.api.AuditApiAction$$Lambda/0x00007fcd28ff9840
13510:             1             16  org.opensearch.security.dlic.rest.api.AuditApiAction$$Lambda/0x00007fcd28ff9a60
13511:             1             16  org.opensearch.security.dlic.rest.api.AuditApiAction$$Lambda/0x00007fcd28ff9c80
13512:             1             16  org.opensearch.security.dlic.rest.api.AuditApiAction$2
13513:             1             16  org.opensearch.security.dlic.rest.api.AuthTokenProcessorAction$$Lambda/0x00007fcd28fee218
13514:             1             16  org.opensearch.security.dlic.rest.api.AuthTokenProcessorAction$$Lambda/0x00007fcd28fee440
13515:             1             16  org.opensearch.security.dlic.rest.api.CertificatesApiAction$$Lambda/0x00007fcd28ffcfd0
13516:             1             16  org.opensearch.security.dlic.rest.api.CertificatesApiAction$$Lambda/0x00007fcd28ffd220
13517:             1             16  org.opensearch.security.dlic.rest.api.ConfigUpgradeApiAction$$Lambda/0x00007fcd28ffba90
13518:             1             16  org.opensearch.security.dlic.rest.api.ConfigUpgradeApiAction$$Lambda/0x00007fcd28ffbcb0
13519:             1             16  org.opensearch.security.dlic.rest.api.ConfigUpgradeApiAction$1
13520:             1             16  org.opensearch.security.dlic.rest.api.FlushCacheApiAction$$Lambda/0x00007fcd28fec708
13521:             1             16  org.opensearch.security.dlic.rest.api.InternalUsersApiAction$$Lambda/0x00007fcd28fe8dc0
13522:             1             16  org.opensearch.security.dlic.rest.api.InternalUsersApiAction$$Lambda/0x00007fcd28fe8fe0
13523:             1             16  org.opensearch.security.dlic.rest.api.InternalUsersApiAction$$Lambda/0x00007fcd28fe9200
13524:             1             16  org.opensearch.security.dlic.rest.api.InternalUsersApiAction$$Lambda/0x00007fcd28fe9640
13525:             1             16  org.opensearch.security.dlic.rest.api.InternalUsersApiAction$1
13526:             1             16  org.opensearch.security.dlic.rest.api.MigrateApiAction$$Lambda/0x00007fcd28fef5f8
13527:             1             16  org.opensearch.security.dlic.rest.api.MultiTenancyConfigApiAction$$Lambda/0x00007fcd28ffa938
13528:             1             16  org.opensearch.security.dlic.rest.api.MultiTenancyConfigApiAction$$Lambda/0x00007fcd28ffab58
13529:             1             16  org.opensearch.security.dlic.rest.api.MultiTenancyConfigApiAction$1
13530:             1             16  org.opensearch.security.dlic.rest.api.RequestHandler$$Lambda/0x00007fcd28fc36d0
13531:             1             16  org.opensearch.security.dlic.rest.api.RequestHandler$$Lambda/0x00007fcd28fc38e8
13532:             1             16  org.opensearch.security.dlic.rest.api.RestApiAdminPrivilegesEvaluator$$Lambda/0x00007fcd2838de38
13533:             1             16  org.opensearch.security.dlic.rest.api.RestApiAdminPrivilegesEvaluator$$Lambda/0x00007fcd2838e978
13534:             1             16  org.opensearch.security.dlic.rest.api.RestApiAdminPrivilegesEvaluator$$Lambda/0x00007fcd2838eba0
13535:             1             16  org.opensearch.security.dlic.rest.api.RestApiAdminPrivilegesEvaluator$$Lambda/0x00007fcd2838edc8
13536:             1             16  org.opensearch.security.dlic.rest.api.RestApiAdminPrivilegesEvaluator$$Lambda/0x00007fcd2838eff0
13537:             1             16  org.opensearch.security.dlic.rest.api.RestApiAdminPrivilegesEvaluator$$Lambda/0x00007fcd2838f440
13538:             1             16  org.opensearch.security.dlic.rest.api.RestApiAdminPrivilegesEvaluator$$Lambda/0x00007fcd2838f668
13539:             1             16  org.opensearch.security.dlic.rest.api.RestApiAdminPrivilegesEvaluator$$Lambda/0x00007fcd2838f890
13540:             1             16  org.opensearch.security.dlic.rest.api.RestApiAdminPrivilegesEvaluator$$Lambda/0x00007fcd2838fab8
13541:             1             16  org.opensearch.security.dlic.rest.api.RolesApiAction$$Lambda/0x00007fcd28feafe8
13542:             1             16  org.opensearch.security.dlic.rest.api.RolesApiAction$1
13543:             1             16  org.opensearch.security.dlic.rest.api.RolesMappingApiAction$$Lambda/0x00007fcd28fea0c0
13544:             1             16  org.opensearch.security.dlic.rest.api.RolesMappingApiAction$1
13545:             1             16  org.opensearch.security.dlic.rest.api.SecurityConfigApiAction$$Lambda/0x00007fcd28fed188
13546:             1             16  org.opensearch.security.dlic.rest.api.SecurityConfigApiAction$$Lambda/0x00007fcd28fed828
13547:             1             16  org.opensearch.security.dlic.rest.api.SecurityConfigApiAction$$Lambda/0x00007fcd28feda48
13548:             1             16  org.opensearch.security.dlic.rest.api.SecurityConfigApiAction$1
13549:             1             16  org.opensearch.security.dlic.rest.api.SecuritySSLCertsApiAction$$Lambda/0x00007fcd28ffc418
13550:             1             16  org.opensearch.security.dlic.rest.api.SecuritySSLCertsApiAction$$Lambda/0x00007fcd28ffc668
13551:             1             16  org.opensearch.security.dlic.rest.api.SecuritySSLCertsApiAction$$Lambda/0x00007fcd28ffc888
13552:             1             16  org.opensearch.security.dlic.rest.api.TenantsApiAction$$Lambda/0x00007fcd28feeeb0
13553:             1             16  org.opensearch.security.dlic.rest.api.TenantsApiAction$1
13554:             1             16  org.opensearch.security.dlic.rest.api.ValidateApiAction$$Lambda/0x00007fcd28fefd40
13555:             1             16  org.opensearch.security.dlic.rest.api.ssl.CertificatesActionType$$Lambda/0x00007fcd28c02000
13556:             1             16  org.opensearch.security.dlic.rest.api.ssl.TransportCertificatesInfoNodesAction$$Lambda/0x00007fcd28caf768
13557:             1             16  org.opensearch.security.dlic.rest.api.ssl.TransportCertificatesInfoNodesAction$$Lambda/0x00007fcd28caf980
13558:             1             16  org.opensearch.security.hasher.BCryptPasswordHasher
13559:             1             16  org.opensearch.security.privileges.PitPrivilegesEvaluator
13560:             1             16  org.opensearch.security.privileges.TermsAggregationEvaluator
13561:             1             16  org.opensearch.security.securityconf.impl.CType$$Lambda/0x00007fcd2894db98
13562:             1             16  org.opensearch.security.securityconf.impl.CType$$Lambda/0x00007fcd2894dde0
13563:             1             16  org.opensearch.security.securityconf.impl.SecurityDynamicConfiguration$1
13564:             1             16  org.opensearch.security.setting.OpensearchDynamicSetting$$Lambda/0x00007fcd285734b0
13565:             1             16  org.opensearch.security.ssl.OpenSearchSecureSettingsFactory$1
13566:             1             16  org.opensearch.security.ssl.OpenSearchSecureSettingsFactory$1$1
13567:             1             16  org.opensearch.security.ssl.OpenSearchSecureSettingsFactory$2
13568:             1             16  org.opensearch.security.ssl.OpenSearchSecureSettingsFactory$2$1
13569:             1             16  org.opensearch.security.ssl.OpenSearchSecureSettingsFactory$2$3
13570:             1             16  org.opensearch.security.ssl.OpenSearchSecuritySSLPlugin$$Lambda/0x00007fcd28391b48
13571:             1             16  org.opensearch.security.ssl.OpenSearchSecuritySSLPlugin$$Lambda/0x00007fcd28391d90
13572:             1             16  org.opensearch.security.ssl.OpenSearchSecuritySSLPlugin$1
13573:             1             16  org.opensearch.security.ssl.SecureSSLSettings$$Lambda/0x00007fcd28391910
13574:             1             16  org.opensearch.security.ssl.SecureSSLSettings$InsecureFallbackStringSetting$$Lambda/0x00007fcd28319188
13575:             1             16  org.opensearch.security.ssl.SecureSSLSettings$SSLSetting$$Lambda/0x00007fcd283193c0
13576:             1             16  org.opensearch.security.ssl.SecureSSLSettings$SSLSetting$$Lambda/0x00007fcd28319608
13577:             1             16  org.opensearch.security.ssl.transport.DefaultPrincipalExtractor
13578:             1             16  org.opensearch.security.ssl.transport.DefaultPrincipalExtractor$$Lambda/0x00007fcd2919e000
13579:             1             16  org.opensearch.security.ssl.transport.SSLConfig$$Lambda/0x00007fcd28573280
13580:             1             16  org.opensearch.security.support.Base64JDKHelper$SafeObjectOutputStream$$Lambda/0x00007fcd2919fa90
13581:             1             16  org.opensearch.security.support.SourceFieldsContext$$Lambda/0x00007fcd293805f0
13582:             1             16  org.opensearch.security.support.SourceFieldsContext$$Lambda/0x00007fcd29380808
13583:             1             16  org.opensearch.security.support.StreamableRegistry$$Lambda/0x00007fcd2937c800
13584:             1             16  org.opensearch.security.support.StreamableRegistry$$Lambda/0x00007fcd2937dc10
13585:             1             16  org.opensearch.security.support.WildcardMatcher$$Lambda/0x00007fcd28918220
13586:             1             16  org.opensearch.security.support.WildcardMatcher$$Lambda/0x00007fcd29260000
13587:             1             16  org.opensearch.security.support.WildcardMatcher$1
13588:             1             16  org.opensearch.security.support.WildcardMatcher$2
13589:             1             16  org.opensearch.security.support.WildcardMatcher$CasefoldingMatcher
13590:             1             16  org.opensearch.securityanalytics.SecurityAnalyticsPlugin$$Lambda/0x00007fcd28454658
13591:             1             16  org.opensearch.securityanalytics.SecurityAnalyticsPlugin$$Lambda/0x00007fcd284554c8
13592:             1             16  org.opensearch.securityanalytics.SecurityAnalyticsPlugin$$Lambda/0x00007fcd284556e0
13593:             1             16  org.opensearch.securityanalytics.action.AckAlertsAction$$Lambda/0x00007fcd28af37c0
13594:             1             16  org.opensearch.securityanalytics.action.AckCorrelationAlertsAction$$Lambda/0x00007fcd28c7aa30
13595:             1             16  org.opensearch.securityanalytics.action.CorrelatedFindingAction$$Lambda/0x00007fcd28c72228
13596:             1             16  org.opensearch.securityanalytics.action.CreateIndexMappingsAction$$Lambda/0x00007fcd28c6c430
13597:             1             16  org.opensearch.securityanalytics.action.DeleteCorrelationRuleAction$$Lambda/0x00007fcd28c72da0
13598:             1             16  org.opensearch.securityanalytics.action.DeleteCustomLogTypeAction$$Lambda/0x00007fcd28c79768
13599:             1             16  org.opensearch.securityanalytics.action.DeleteDetectorAction$$Lambda/0x00007fcd28c6d918
13600:             1             16  org.opensearch.securityanalytics.action.DeleteRuleAction$$Lambda/0x00007fcd28c70d78
13601:             1             16  org.opensearch.securityanalytics.action.GetAlertsAction$$Lambda/0x00007fcd28c6fa18
13602:             1             16  org.opensearch.securityanalytics.action.GetAllRuleCategoriesAction$$Lambda/0x00007fcd28c71af0
13603:             1             16  org.opensearch.securityanalytics.action.GetCorrelationAlertsAction$$Lambda/0x00007fcd28c7a2e8
13604:             1             16  org.opensearch.securityanalytics.action.GetDetectorAction$$Lambda/0x00007fcd28c6e6d8
13605:             1             16  org.opensearch.securityanalytics.action.GetFindingsAction$$Lambda/0x00007fcd28c6f2d0
13606:             1             16  org.opensearch.securityanalytics.action.GetIndexMappingsAction$$Lambda/0x00007fcd28c6caf8
13607:             1             16  org.opensearch.securityanalytics.action.GetMappingsViewAction$$Lambda/0x00007fcd28c6e000
13608:             1             16  org.opensearch.securityanalytics.action.IndexCorrelationRuleAction$$Lambda/0x00007fcd28c72970
13609:             1             16  org.opensearch.securityanalytics.action.IndexCustomLogTypeAction$$Lambda/0x00007fcd28c78b70
13610:             1             16  org.opensearch.securityanalytics.action.IndexDetectorAction$$Lambda/0x00007fcd28c6d1d0
13611:             1             16  org.opensearch.securityanalytics.action.IndexRuleAction$$Lambda/0x00007fcd28c70290
13612:             1             16  org.opensearch.securityanalytics.action.ListCorrelationsAction$$Lambda/0x00007fcd28c78000
13613:             1             16  org.opensearch.securityanalytics.action.SearchCorrelationRuleAction$$Lambda/0x00007fcd28c784b0
13614:             1             16  org.opensearch.securityanalytics.action.SearchCustomLogTypeAction$$Lambda/0x00007fcd28c79030
13615:             1             16  org.opensearch.securityanalytics.action.SearchDetectorAction$$Lambda/0x00007fcd28c6eb88
13616:             1             16  org.opensearch.securityanalytics.action.SearchRuleAction$$Lambda/0x00007fcd28c706c0
13617:             1             16  org.opensearch.securityanalytics.action.UpdateIndexMappingsAction$$Lambda/0x00007fcd28c6c000
13618:             1             16  org.opensearch.securityanalytics.action.ValidateRulesAction$$Lambda/0x00007fcd28c71438
13619:             1             16  org.opensearch.securityanalytics.correlation.alert.notifications.NotificationService
13620:             1             16  org.opensearch.securityanalytics.correlation.index.codec.CorrelationCodecVersion$$Lambda/0x00007fcd2844f440
13621:             1             16  org.opensearch.securityanalytics.correlation.index.codec.CorrelationCodecVersion$$Lambda/0x00007fcd2844f668
13622:             1             16  org.opensearch.securityanalytics.correlation.index.codec.CorrelationCodecVersion$$Lambda/0x00007fcd2844fcc0
13623:             1             16  org.opensearch.securityanalytics.correlation.index.codec.CorrelationCodecVersion$$Lambda/0x00007fcd28450000
13624:             1             16  org.opensearch.securityanalytics.correlation.index.codec.correlation950.PerFieldCorrelationVectorsFormat950$$Lambda/0x00007fcd2844f000
13625:             1             16  org.opensearch.securityanalytics.correlation.index.codec.correlation950.PerFieldCorrelationVectorsFormat950$$Lambda/0x00007fcd2844f218
13626:             1             16  org.opensearch.securityanalytics.correlation.index.codec.correlation990.PerFieldCorrelationVectorsFormat990$$Lambda/0x00007fcd2844f880
13627:             1             16  org.opensearch.securityanalytics.correlation.index.codec.correlation990.PerFieldCorrelationVectorsFormat990$$Lambda/0x00007fcd2844fa98
13628:             1             16  org.opensearch.securityanalytics.correlation.index.mapper.CorrelationVectorFieldMapper$TypeParser
13629:             1             16  org.opensearch.securityanalytics.findings.FindingsService
13630:             1             16  org.opensearch.securityanalytics.indexmanagment.DetectorIndexManagementService$$Lambda/0x00007fcd28f83030
13631:             1             16  org.opensearch.securityanalytics.indexmanagment.DetectorIndexManagementService$$Lambda/0x00007fcd28f83260
13632:             1             16  org.opensearch.securityanalytics.indexmanagment.DetectorIndexManagementService$$Lambda/0x00007fcd28f83490
13633:             1             16  org.opensearch.securityanalytics.indexmanagment.DetectorIndexManagementService$$Lambda/0x00007fcd28f836c0
13634:             1             16  org.opensearch.securityanalytics.indexmanagment.DetectorIndexManagementService$$Lambda/0x00007fcd28f838f0
13635:             1             16  org.opensearch.securityanalytics.indexmanagment.DetectorIndexManagementService$$Lambda/0x00007fcd28f83b20
13636:             1             16  org.opensearch.securityanalytics.indexmanagment.DetectorIndexManagementService$$Lambda/0x00007fcd28f83d50
13637:             1             16  org.opensearch.securityanalytics.indexmanagment.DetectorIndexManagementService$$Lambda/0x00007fcd28fba000
13638:             1             16  org.opensearch.securityanalytics.indexmanagment.DetectorIndexManagementService$$Lambda/0x00007fcd28fba230
13639:             1             16  org.opensearch.securityanalytics.indexmanagment.DetectorIndexManagementService$$Lambda/0x00007fcd28fba460
13640:             1             16  org.opensearch.securityanalytics.indexmanagment.DetectorIndexManagementService$$Lambda/0x00007fcd28fba690
13641:             1             16  org.opensearch.securityanalytics.indexmanagment.DetectorIndexManagementService$$Lambda/0x00007fcd28fba8c0
13642:             1             16  org.opensearch.securityanalytics.indexmanagment.DetectorIndexManagementService$$Lambda/0x00007fcd28fbaaf0
13643:             1             16  org.opensearch.securityanalytics.indexmanagment.DetectorIndexManagementService$$Lambda/0x00007fcd28fbad20
13644:             1             16  org.opensearch.securityanalytics.logtype.BuiltinLogTypeLoader$$Lambda/0x00007fcd290384c0
13645:             1             16  org.opensearch.securityanalytics.logtype.BuiltinLogTypeLoader$$Lambda/0x00007fcd29039040
13646:             1             16  org.opensearch.securityanalytics.logtype.BuiltinLogTypeLoader$$Lambda/0x00007fcd2903b870
13647:             1             16  org.opensearch.securityanalytics.logtype.LogTypeService$$Lambda/0x00007fcd29039da0
13648:             1             16  org.opensearch.securityanalytics.logtype.LogTypeService$$Lambda/0x00007fcd2903af88
13649:             1             16  org.opensearch.securityanalytics.model.CustomLogType$$Lambda/0x00007fcd288aced8
13650:             1             16  org.opensearch.securityanalytics.model.Detector$$Lambda/0x00007fcd288ac000
13651:             1             16  org.opensearch.securityanalytics.model.DetectorInput$$Lambda/0x00007fcd288ac4c0
13652:             1             16  org.opensearch.securityanalytics.model.LogType$$Lambda/0x00007fcd29038948
13653:             1             16  org.opensearch.securityanalytics.model.LogType$$Lambda/0x00007fcd29038e08
13654:             1             16  org.opensearch.securityanalytics.model.Rule$$Lambda/0x00007fcd288ac9f8
13655:             1             16  org.opensearch.securityanalytics.model.ThreatIntelFeedData$$Lambda/0x00007fcd288ad388
13656:             1             16  org.opensearch.securityanalytics.threatIntel.action.PutTIFJobAction$$Lambda/0x00007fcd28c79c18
13657:             1             16  org.opensearch.securityanalytics.threatIntel.action.TransportPutTIFJobAction$$Lambda/0x00007fcd28d997d0
13658:             1             16  org.opensearch.securityanalytics.threatIntel.common.TIFMetadata$$Lambda/0x00007fcd290394c0
13659:             1             16  org.opensearch.securityanalytics.threatIntel.feedMetadata.BuiltInTIFMetadataLoader$$Lambda/0x00007fcd29039278
13660:             1             16  org.opensearch.securityanalytics.threatIntel.feedMetadata.BuiltInTIFMetadataLoader$$Lambda/0x00007fcd290396f8
13661:             1             16  org.opensearch.securityanalytics.transport.TransportAckCorrelationAlertsAction$$Lambda/0x00007fcd28ee6288
13662:             1             16  org.opensearch.securityanalytics.transport.TransportAckCorrelationAlertsAction$$Lambda/0x00007fcd28ee64a0
13663:             1             16  org.opensearch.securityanalytics.transport.TransportAcknowledgeAlertsAction$$Lambda/0x00007fcd28f82660
13664:             1             16  org.opensearch.securityanalytics.transport.TransportAcknowledgeAlertsAction$$Lambda/0x00007fcd28f82878
13665:             1             16  org.opensearch.securityanalytics.transport.TransportCorrelateFindingAction$$Lambda/0x00007fcd28d9a970
13666:             1             16  org.opensearch.securityanalytics.transport.TransportCorrelateFindingAction$$Lambda/0x00007fcd28d9ab88
13667:             1             16  org.opensearch.securityanalytics.transport.TransportCorrelateFindingAction$$Lambda/0x00007fcd28d9adb8
13668:             1             16  org.opensearch.securityanalytics.transport.TransportCorrelateFindingAction$$Lambda/0x00007fcd28d9afe8
13669:             1             16  org.opensearch.securityanalytics.transport.TransportCreateIndexMappingsAction$$Lambda/0x00007fcd28ee4890
13670:             1             16  org.opensearch.securityanalytics.transport.TransportDeleteCorrelationRuleAction$$Lambda/0x00007fcd28ee4460
13671:             1             16  org.opensearch.securityanalytics.transport.TransportDeleteCustomLogTypeAction$$Lambda/0x00007fcd28ee79f0
13672:             1             16  org.opensearch.securityanalytics.transport.TransportDeleteCustomLogTypeAction$$Lambda/0x00007fcd28ee7c08
13673:             1             16  org.opensearch.securityanalytics.transport.TransportDeleteCustomLogTypeAction$$Lambda/0x00007fcd28f67c00
13674:             1             16  org.opensearch.securityanalytics.transport.TransportDeleteDetectorAction$$Lambda/0x00007fcd28ee55b0
13675:             1             16  org.opensearch.securityanalytics.transport.TransportDeleteDetectorAction$$Lambda/0x00007fcd28ee57c8
13676:             1             16  org.opensearch.securityanalytics.transport.TransportDeleteRuleAction$$Lambda/0x00007fcd28d999e8
13677:             1             16  org.opensearch.securityanalytics.transport.TransportGetAlertsAction$$Lambda/0x00007fcd28d9a048
13678:             1             16  org.opensearch.securityanalytics.transport.TransportGetAlertsAction$$Lambda/0x00007fcd28d9a498
13679:             1             16  org.opensearch.securityanalytics.transport.TransportGetAllRuleCategoriesAction$$Lambda/0x00007fcd28d4bd88
13680:             1             16  org.opensearch.securityanalytics.transport.TransportGetCorrelationAlertsAction$$Lambda/0x00007fcd28d9b218
13681:             1             16  org.opensearch.securityanalytics.transport.TransportGetCorrelationAlertsAction$$Lambda/0x00007fcd28d9b430
13682:             1             16  org.opensearch.securityanalytics.transport.TransportGetDetectorAction$$Lambda/0x00007fcd28f82218
13683:             1             16  org.opensearch.securityanalytics.transport.TransportGetDetectorAction$$Lambda/0x00007fcd28f82430
13684:             1             16  org.opensearch.securityanalytics.transport.TransportGetFindingsAction$$Lambda/0x00007fcd28ee59f8
13685:             1             16  org.opensearch.securityanalytics.transport.TransportGetFindingsAction$$Lambda/0x00007fcd28ee5e40
13686:             1             16  org.opensearch.securityanalytics.transport.TransportGetIndexMappingsAction$$Lambda/0x00007fcd28f82000
13687:             1             16  org.opensearch.securityanalytics.transport.TransportGetMappingsViewAction$$Lambda/0x00007fcd28ee66d0
13688:             1             16  org.opensearch.securityanalytics.transport.TransportIndexCorrelationRuleAction$$Lambda/0x00007fcd28ee4678
13689:             1             16  org.opensearch.securityanalytics.transport.TransportIndexCustomLogTypeAction$$Lambda/0x00007fcd28ee6d30
13690:             1             16  org.opensearch.securityanalytics.transport.TransportIndexCustomLogTypeAction$$Lambda/0x00007fcd28ee6f48
13691:             1             16  org.opensearch.securityanalytics.transport.TransportIndexCustomLogTypeAction$$Lambda/0x00007fcd28ee7178
13692:             1             16  org.opensearch.securityanalytics.transport.TransportIndexDetectorAction$$Lambda/0x00007fcd28d9b878
13693:             1             16  org.opensearch.securityanalytics.transport.TransportIndexDetectorAction$$Lambda/0x00007fcd28ee4000
13694:             1             16  org.opensearch.securityanalytics.transport.TransportIndexDetectorAction$$Lambda/0x00007fcd28ee4230
13695:             1             16  org.opensearch.securityanalytics.transport.TransportIndexRuleAction$$Lambda/0x00007fcd28ee6070
13696:             1             16  org.opensearch.securityanalytics.transport.TransportListCorrelationAction$$Lambda/0x00007fcd28d9b660
13697:             1             16  org.opensearch.securityanalytics.transport.TransportSearchCorrelationAction$$Lambda/0x00007fcd28ee77d8
13698:             1             16  org.opensearch.securityanalytics.transport.TransportSearchCorrelationRuleAction$$Lambda/0x00007fcd28ee75c0
13699:             1             16  org.opensearch.securityanalytics.transport.TransportSearchCustomLogTypeAction$$Lambda/0x00007fcd28ee68e8
13700:             1             16  org.opensearch.securityanalytics.transport.TransportSearchCustomLogTypeAction$$Lambda/0x00007fcd28ee6b00
13701:             1             16  org.opensearch.securityanalytics.transport.TransportSearchDetectorAction$$Lambda/0x00007fcd28d99c00
13702:             1             16  org.opensearch.securityanalytics.transport.TransportSearchDetectorAction$$Lambda/0x00007fcd28d99e18
13703:             1             16  org.opensearch.securityanalytics.transport.TransportSearchRuleAction$$Lambda/0x00007fcd28f82aa8
13704:             1             16  org.opensearch.securityanalytics.transport.TransportUpdateIndexMappingsAction$$Lambda/0x00007fcd28ee73a8
13705:             1             16  org.opensearch.securityanalytics.transport.TransportValidateRulesAction$$Lambda/0x00007fcd28d993a8
13706:             1             16  org.opensearch.securityanalytics.util.ThrowableCheckingPredicates$$Lambda/0x00007fcd28ee4ce8
13707:             1             16  org.opensearch.securityanalytics.util.ThrowableCheckingPredicates$$Lambda/0x00007fcd28ee4f30
13708:             1             16  org.opensearch.securityanalytics.util.ThrowableCheckingPredicates$$Lambda/0x00007fcd28ee5178
13709:             1             16  org.opensearch.semver.expr.Caret
13710:             1             16  org.opensearch.semver.expr.Tilde
13711:             1             16  org.opensearch.snapshots.InternalSnapshotsInfoService$$Lambda/0x00007fcd286d2cf8
13712:             1             16  org.opensearch.snapshots.InternalSnapshotsInfoService$$Lambda/0x00007fcd286d2f10
13713:             1             16  org.opensearch.snapshots.InternalSnapshotsInfoService$$Lambda/0x00007fcd28714cf0
13714:             1             16  org.opensearch.snapshots.RestoreService$CleanRestoreStateTaskExecutor
13715:             1             16  org.opensearch.snapshots.SnapshotsService$$Lambda/0x00007fcd286fbb58
13716:             1             16  org.opensearch.snapshots.SnapshotsService$$Lambda/0x00007fcd28cf0640
13717:             1             16  org.opensearch.snapshots.SnapshotsService$17
13718:             1             16  org.opensearch.snapshots.SnapshotsService$UpdateSnapshotStatusAction$$Lambda/0x00007fcd28cf0fe0
13719:             1             16  org.opensearch.sql.data.model.ExprIntegerValue
13720:             1             16  org.opensearch.sql.data.model.ExprMissingValue
13721:             1             16  org.opensearch.sql.data.model.ExprNullValue
13722:             1             16  org.opensearch.sql.data.type.ExprCoreType$$Lambda/0x00007fcd28b29da0
13723:             1             16  org.opensearch.sql.data.type.ExprCoreType$$Lambda/0x00007fcd28b29fe8
13724:             1             16  org.opensearch.sql.datasource.model.DataSourceMetadata$$Lambda/0x00007fcd28b14550
13725:             1             16  org.opensearch.sql.datasources.auth.DataSourceUserAuthorizationHelperImpl
13726:             1             16  org.opensearch.sql.datasources.encryptor.EncryptorImpl
13727:             1             16  org.opensearch.sql.datasources.glue.GlueDataSourceFactory
13728:             1             16  org.opensearch.sql.datasources.service.DataSourceLoaderCacheImpl$$Lambda/0x00007fcd28b0a4b8
13729:             1             16  org.opensearch.sql.datasources.service.DataSourceLoaderCacheImpl$$Lambda/0x00007fcd28b0a6f0
13730:             1             16  org.opensearch.sql.datasources.transport.TransportCreateDataSourceAction$$Lambda/0x00007fcd28ea51e8
13731:             1             16  org.opensearch.sql.datasources.transport.TransportCreateDataSourceAction$$Lambda/0x00007fcd28ea5400
13732:             1             16  org.opensearch.sql.datasources.transport.TransportDeleteDataSourceAction$$Lambda/0x00007fcd28ea5618
13733:             1             16  org.opensearch.sql.datasources.transport.TransportDeleteDataSourceAction$$Lambda/0x00007fcd28ea5830
13734:             1             16  org.opensearch.sql.datasources.transport.TransportGetDataSourceAction$$Lambda/0x00007fcd28d6b450
13735:             1             16  org.opensearch.sql.datasources.transport.TransportGetDataSourceAction$$Lambda/0x00007fcd28d6b668
13736:             1             16  org.opensearch.sql.datasources.transport.TransportPatchDataSourceAction$$Lambda/0x00007fcd28d6b880
13737:             1             16  org.opensearch.sql.datasources.transport.TransportPatchDataSourceAction$$Lambda/0x00007fcd28d6ba98
13738:             1             16  org.opensearch.sql.datasources.transport.TransportUpdateDataSourceAction$$Lambda/0x00007fcd28d6bcb0
13739:             1             16  org.opensearch.sql.datasources.transport.TransportUpdateDataSourceAction$$Lambda/0x00007fcd28ea4000
13740:             1             16  org.opensearch.sql.executor.execution.QueryPlanFactory$1
13741:             1             16  org.opensearch.sql.expression.aggregation.AggregatorFunction$$Lambda/0x00007fcd28b3a120
13742:             1             16  org.opensearch.sql.expression.aggregation.AggregatorFunction$$Lambda/0x00007fcd28b3a338
13743:             1             16  org.opensearch.sql.expression.aggregation.AggregatorFunction$$Lambda/0x00007fcd28b3a550
13744:             1             16  org.opensearch.sql.expression.aggregation.AggregatorFunction$$Lambda/0x00007fcd28b3a768
13745:             1             16  org.opensearch.sql.expression.aggregation.AggregatorFunction$$Lambda/0x00007fcd28b3a980
13746:             1             16  org.opensearch.sql.expression.aggregation.AggregatorFunction$$Lambda/0x00007fcd28b3ab98
13747:             1             16  org.opensearch.sql.expression.aggregation.AggregatorFunction$$Lambda/0x00007fcd28b3adb0
13748:             1             16  org.opensearch.sql.expression.aggregation.AggregatorFunction$$Lambda/0x00007fcd28b3afc8
13749:             1             16  org.opensearch.sql.expression.aggregation.AggregatorFunction$$Lambda/0x00007fcd28b3b1e0
13750:             1             16  org.opensearch.sql.expression.aggregation.AggregatorFunction$$Lambda/0x00007fcd28b3b638
13751:             1             16  org.opensearch.sql.expression.aggregation.AggregatorFunction$$Lambda/0x00007fcd28b3b870
13752:             1             16  org.opensearch.sql.expression.aggregation.AggregatorFunction$$Lambda/0x00007fcd28b3ba88
13753:             1             16  org.opensearch.sql.expression.aggregation.AggregatorFunction$$Lambda/0x00007fcd28b3bca0
13754:             1             16  org.opensearch.sql.expression.aggregation.AggregatorFunction$$Lambda/0x00007fcd28b3beb8
13755:             1             16  org.opensearch.sql.expression.aggregation.AggregatorFunction$$Lambda/0x00007fcd28b3c0d0
13756:             1             16  org.opensearch.sql.expression.aggregation.AggregatorFunction$$Lambda/0x00007fcd28b3c2e8
13757:             1             16  org.opensearch.sql.expression.aggregation.AggregatorFunction$$Lambda/0x00007fcd28b3c500
13758:             1             16  org.opensearch.sql.expression.aggregation.AggregatorFunction$$Lambda/0x00007fcd28b3c718
13759:             1             16  org.opensearch.sql.expression.aggregation.AggregatorFunction$$Lambda/0x00007fcd28b3c930
13760:             1             16  org.opensearch.sql.expression.aggregation.AggregatorFunction$$Lambda/0x00007fcd28b3cb48
13761:             1             16  org.opensearch.sql.expression.aggregation.AggregatorFunction$$Lambda/0x00007fcd28b3cd60
13762:             1             16  org.opensearch.sql.expression.aggregation.AggregatorFunction$$Lambda/0x00007fcd28b3cf78
13763:             1             16  org.opensearch.sql.expression.aggregation.AggregatorFunction$$Lambda/0x00007fcd28b3d190
13764:             1             16  org.opensearch.sql.expression.aggregation.AggregatorFunction$$Lambda/0x00007fcd28b3d3a8
13765:             1             16  org.opensearch.sql.expression.aggregation.AggregatorFunction$$Lambda/0x00007fcd28b3d5c0
13766:             1             16  org.opensearch.sql.expression.aggregation.AggregatorFunction$$Lambda/0x00007fcd28b3d7d8
13767:             1             16  org.opensearch.sql.expression.aggregation.AggregatorFunction$$Lambda/0x00007fcd28b3d9f0
13768:             1             16  org.opensearch.sql.expression.aggregation.AggregatorFunction$$Lambda/0x00007fcd28b3dc08
13769:             1             16  org.opensearch.sql.expression.aggregation.AggregatorFunction$$Lambda/0x00007fcd28b3de20
13770:             1             16  org.opensearch.sql.expression.aggregation.AggregatorFunction$$Lambda/0x00007fcd28b3e038
13771:             1             16  org.opensearch.sql.expression.aggregation.AggregatorFunction$$Lambda/0x00007fcd28b3eaf8
13772:             1             16  org.opensearch.sql.expression.aggregation.AggregatorFunction$$Lambda/0x00007fcd28b3ed10
13773:             1             16  org.opensearch.sql.expression.aggregation.AggregatorFunction$$Lambda/0x00007fcd28b3ef28
13774:             1             16  org.opensearch.sql.expression.aggregation.AggregatorFunction$$Lambda/0x00007fcd28b3f140
13775:             1             16  org.opensearch.sql.expression.aggregation.AggregatorFunction$$Lambda/0x00007fcd28b3f358
13776:             1             16  org.opensearch.sql.expression.aggregation.AggregatorFunction$$Lambda/0x00007fcd28b3f570
13777:             1             16  org.opensearch.sql.expression.aggregation.AggregatorFunction$$Lambda/0x00007fcd28b3f788
13778:             1             16  org.opensearch.sql.expression.aggregation.AggregatorFunction$$Lambda/0x00007fcd28b3f9a0
13779:             1             16  org.opensearch.sql.expression.aggregation.AggregatorFunction$$Lambda/0x00007fcd28b3fbb8
13780:             1             16  org.opensearch.sql.expression.aggregation.AggregatorFunction$$Lambda/0x00007fcd28b3fdd0
13781:             1             16  org.opensearch.sql.expression.aggregation.AggregatorFunction$$Lambda/0x00007fcd28b40000
13782:             1             16  org.opensearch.sql.expression.aggregation.AggregatorFunction$$Lambda/0x00007fcd28b40218
13783:             1             16  org.opensearch.sql.expression.datetime.DateTimeFunction$$Lambda/0x00007fcd28b40630
13784:             1             16  org.opensearch.sql.expression.datetime.DateTimeFunction$$Lambda/0x00007fcd28b40a68
13785:             1             16  org.opensearch.sql.expression.datetime.DateTimeFunction$$Lambda/0x00007fcd28b40c80
13786:             1             16  org.opensearch.sql.expression.datetime.DateTimeFunction$$Lambda/0x00007fcd28b40e98
13787:             1             16  org.opensearch.sql.expression.datetime.DateTimeFunction$$Lambda/0x00007fcd28b410b0
13788:             1             16  org.opensearch.sql.expression.datetime.DateTimeFunction$$Lambda/0x00007fcd28b412c8
13789:             1             16  org.opensearch.sql.expression.datetime.DateTimeFunction$$Lambda/0x00007fcd28b414e0
13790:             1             16  org.opensearch.sql.expression.datetime.DateTimeFunction$$Lambda/0x00007fcd28b416f8
13791:             1             16  org.opensearch.sql.expression.datetime.DateTimeFunction$$Lambda/0x00007fcd28b41910
13792:             1             16  org.opensearch.sql.expression.datetime.DateTimeFunction$$Lambda/0x00007fcd28b41b28
13793:             1             16  org.opensearch.sql.expression.datetime.DateTimeFunction$$Lambda/0x00007fcd28b41d40
13794:             1             16  org.opensearch.sql.expression.datetime.DateTimeFunction$$Lambda/0x00007fcd28b41f58
13795:             1             16  org.opensearch.sql.expression.datetime.DateTimeFunction$$Lambda/0x00007fcd28b42170
13796:             1             16  org.opensearch.sql.expression.datetime.DateTimeFunction$$Lambda/0x00007fcd28b42388
13797:             1             16  org.opensearch.sql.expression.datetime.DateTimeFunction$$Lambda/0x00007fcd28b425a0
13798:             1             16  org.opensearch.sql.expression.datetime.DateTimeFunction$$Lambda/0x00007fcd28b427b8
13799:             1             16  org.opensearch.sql.expression.datetime.DateTimeFunction$$Lambda/0x00007fcd28b429d0
13800:             1             16  org.opensearch.sql.expression.datetime.DateTimeFunction$$Lambda/0x00007fcd28b42be8
13801:             1             16  org.opensearch.sql.expression.datetime.DateTimeFunction$$Lambda/0x00007fcd28b42e00
13802:             1             16  org.opensearch.sql.expression.datetime.DateTimeFunction$$Lambda/0x00007fcd28b43018
13803:             1             16  org.opensearch.sql.expression.datetime.DateTimeFunction$$Lambda/0x00007fcd28b43230
13804:             1             16  org.opensearch.sql.expression.datetime.DateTimeFunction$$Lambda/0x00007fcd28b43448
13805:             1             16  org.opensearch.sql.expression.datetime.DateTimeFunction$$Lambda/0x00007fcd28b43698
13806:             1             16  org.opensearch.sql.expression.datetime.DateTimeFunction$$Lambda/0x00007fcd28b438e8
13807:             1             16  org.opensearch.sql.expression.datetime.DateTimeFunction$$Lambda/0x00007fcd28b43b38
13808:             1             16  org.opensearch.sql.expression.datetime.DateTimeFunction$$Lambda/0x00007fcd28b43d88
13809:             1             16  org.opensearch.sql.expression.datetime.DateTimeFunction$$Lambda/0x00007fcd28b43fd8
13810:             1             16  org.opensearch.sql.expression.datetime.DateTimeFunction$$Lambda/0x00007fcd28b44228
13811:             1             16  org.opensearch.sql.expression.datetime.DateTimeFunction$$Lambda/0x00007fcd28b44478
13812:             1             16  org.opensearch.sql.expression.datetime.DateTimeFunction$$Lambda/0x00007fcd28b44690
13813:             1             16  org.opensearch.sql.expression.datetime.DateTimeFunction$$Lambda/0x00007fcd28b448a8
13814:             1             16  org.opensearch.sql.expression.datetime.DateTimeFunction$$Lambda/0x00007fcd28b44ac0
13815:             1             16  org.opensearch.sql.expression.datetime.DateTimeFunction$$Lambda/0x00007fcd28b44cd8
13816:             1             16  org.opensearch.sql.expression.datetime.DateTimeFunction$$Lambda/0x00007fcd28b44ef0
13817:             1             16  org.opensearch.sql.expression.datetime.DateTimeFunction$$Lambda/0x00007fcd28b45108
13818:             1             16  org.opensearch.sql.expression.datetime.DateTimeFunction$$Lambda/0x00007fcd28b45320
13819:             1             16  org.opensearch.sql.expression.datetime.DateTimeFunction$$Lambda/0x00007fcd28b45538
13820:             1             16  org.opensearch.sql.expression.datetime.DateTimeFunction$$Lambda/0x00007fcd28b45750
13821:             1             16  org.opensearch.sql.expression.datetime.DateTimeFunction$$Lambda/0x00007fcd28b45968
13822:             1             16  org.opensearch.sql.expression.datetime.DateTimeFunction$$Lambda/0x00007fcd28b45b80
13823:             1             16  org.opensearch.sql.expression.datetime.DateTimeFunction$$Lambda/0x00007fcd28b45d98
13824:             1             16  org.opensearch.sql.expression.datetime.DateTimeFunction$$Lambda/0x00007fcd28b45fb0
13825:             1             16  org.opensearch.sql.expression.datetime.DateTimeFunction$$Lambda/0x00007fcd28b461c8
13826:             1             16  org.opensearch.sql.expression.datetime.DateTimeFunction$$Lambda/0x00007fcd28b463e0
13827:             1             16  org.opensearch.sql.expression.datetime.DateTimeFunction$$Lambda/0x00007fcd28b465f8
13828:             1             16  org.opensearch.sql.expression.datetime.DateTimeFunction$$Lambda/0x00007fcd28b46838
13829:             1             16  org.opensearch.sql.expression.datetime.DateTimeFunction$$Lambda/0x00007fcd28b46a88
13830:             1             16  org.opensearch.sql.expression.datetime.DateTimeFunction$$Lambda/0x00007fcd28b46ca0
13831:             1             16  org.opensearch.sql.expression.datetime.DateTimeFunction$$Lambda/0x00007fcd28b470b8
13832:             1             16  org.opensearch.sql.expression.datetime.DateTimeFunction$$Lambda/0x00007fcd28b472f8
13833:             1             16  org.opensearch.sql.expression.datetime.DateTimeFunction$$Lambda/0x00007fcd28b47538
13834:             1             16  org.opensearch.sql.expression.datetime.DateTimeFunction$$Lambda/0x00007fcd28b47778
13835:             1             16  org.opensearch.sql.expression.datetime.DateTimeFunction$$Lambda/0x00007fcd28b47990
13836:             1             16  org.opensearch.sql.expression.datetime.DateTimeFunction$$Lambda/0x00007fcd28b47bd0
13837:             1             16  org.opensearch.sql.expression.datetime.DateTimeFunction$$Lambda/0x00007fcd28b47de8
13838:             1             16  org.opensearch.sql.expression.datetime.DateTimeFunction$$Lambda/0x00007fcd28b48000
13839:             1             16  org.opensearch.sql.expression.datetime.DateTimeFunction$$Lambda/0x00007fcd28b48250
13840:             1             16  org.opensearch.sql.expression.datetime.DateTimeFunction$$Lambda/0x00007fcd28b484a0
13841:             1             16  org.opensearch.sql.expression.datetime.DateTimeFunction$$Lambda/0x00007fcd28b486f0
13842:             1             16  org.opensearch.sql.expression.datetime.DateTimeFunction$$Lambda/0x00007fcd28b48940
13843:             1             16  org.opensearch.sql.expression.datetime.DateTimeFunction$$Lambda/0x00007fcd28b48b90
13844:             1             16  org.opensearch.sql.expression.datetime.DateTimeFunction$$Lambda/0x00007fcd28b48de0
13845:             1             16  org.opensearch.sql.expression.datetime.DateTimeFunction$$Lambda/0x00007fcd28b49030
13846:             1             16  org.opensearch.sql.expression.datetime.DateTimeFunction$$Lambda/0x00007fcd28b49280
13847:             1             16  org.opensearch.sql.expression.datetime.DateTimeFunction$$Lambda/0x00007fcd28b49708
13848:             1             16  org.opensearch.sql.expression.datetime.DateTimeFunction$$Lambda/0x00007fcd28b49958
13849:             1             16  org.opensearch.sql.expression.datetime.DateTimeFunction$$Lambda/0x00007fcd28b49ba8
13850:             1             16  org.opensearch.sql.expression.datetime.DateTimeFunction$$Lambda/0x00007fcd28b49df8
13851:             1             16  org.opensearch.sql.expression.datetime.DateTimeFunction$$Lambda/0x00007fcd28b4a048
13852:             1             16  org.opensearch.sql.expression.datetime.DateTimeFunction$$Lambda/0x00007fcd28b4a288
13853:             1             16  org.opensearch.sql.expression.datetime.DateTimeFunction$$Lambda/0x00007fcd28b4a4d8
13854:             1             16  org.opensearch.sql.expression.datetime.DateTimeFunction$$Lambda/0x00007fcd28b4a728
13855:             1             16  org.opensearch.sql.expression.datetime.DateTimeFunction$$Lambda/0x00007fcd28b4a978
13856:             1             16  org.opensearch.sql.expression.datetime.DateTimeFunction$$Lambda/0x00007fcd28b4abc8
13857:             1             16  org.opensearch.sql.expression.datetime.DateTimeFunction$$Lambda/0x00007fcd28b4ae08
13858:             1             16  org.opensearch.sql.expression.datetime.DateTimeFunction$$Lambda/0x00007fcd28b4b058
13859:             1             16  org.opensearch.sql.expression.datetime.DateTimeFunction$$Lambda/0x00007fcd28b4b2a8
13860:             1             16  org.opensearch.sql.expression.datetime.DateTimeFunction$$Lambda/0x00007fcd28b4b4f8
13861:             1             16  org.opensearch.sql.expression.datetime.DateTimeFunction$$Lambda/0x00007fcd28b4b748
13862:             1             16  org.opensearch.sql.expression.datetime.DateTimeFunction$$Lambda/0x00007fcd28b4b960
13863:             1             16  org.opensearch.sql.expression.datetime.DateTimeFunction$$Lambda/0x00007fcd28b4bba0
13864:             1             16  org.opensearch.sql.expression.datetime.DateTimeFunction$$Lambda/0x00007fcd28b4bde0
13865:             1             16  org.opensearch.sql.expression.datetime.DateTimeFunction$$Lambda/0x00007fcd28b4c020
13866:             1             16  org.opensearch.sql.expression.datetime.DateTimeFunction$$Lambda/0x00007fcd28b4c260
13867:             1             16  org.opensearch.sql.expression.datetime.DateTimeFunction$$Lambda/0x00007fcd28b4c4b0
13868:             1             16  org.opensearch.sql.expression.datetime.DateTimeFunction$$Lambda/0x00007fcd28b4c700
13869:             1             16  org.opensearch.sql.expression.datetime.DateTimeFunction$$Lambda/0x00007fcd28b4c940
13870:             1             16  org.opensearch.sql.expression.datetime.DateTimeFunction$$Lambda/0x00007fcd28b4cb80
13871:             1             16  org.opensearch.sql.expression.datetime.DateTimeFunction$$Lambda/0x00007fcd28b4cdd0
13872:             1             16  org.opensearch.sql.expression.datetime.DateTimeFunction$$Lambda/0x00007fcd28b4d020
13873:             1             16  org.opensearch.sql.expression.datetime.DateTimeFunction$$Lambda/0x00007fcd28b4d270
13874:             1             16  org.opensearch.sql.expression.datetime.DateTimeFunction$$Lambda/0x00007fcd28b4d4c0
13875:             1             16  org.opensearch.sql.expression.datetime.DateTimeFunction$$Lambda/0x00007fcd28b4d710
13876:             1             16  org.opensearch.sql.expression.datetime.DateTimeFunction$$Lambda/0x00007fcd28b4d960
13877:             1             16  org.opensearch.sql.expression.datetime.DateTimeFunction$$Lambda/0x00007fcd28b4dba0
13878:             1             16  org.opensearch.sql.expression.datetime.DateTimeFunction$$Lambda/0x00007fcd28b4ddf0
13879:             1             16  org.opensearch.sql.expression.datetime.DateTimeFunction$$Lambda/0x00007fcd28b4e040
13880:             1             16  org.opensearch.sql.expression.datetime.DateTimeFunction$$Lambda/0x00007fcd28b4e290
13881:             1             16  org.opensearch.sql.expression.datetime.DateTimeFunction$$Lambda/0x00007fcd28b4e4d0
13882:             1             16  org.opensearch.sql.expression.datetime.DateTimeFunction$$Lambda/0x00007fcd28b4e6e8
13883:             1             16  org.opensearch.sql.expression.datetime.DateTimeFunction$$Lambda/0x00007fcd28b4e938
13884:             1             16  org.opensearch.sql.expression.datetime.DateTimeFunction$$Lambda/0x00007fcd28b4eb88
13885:             1             16  org.opensearch.sql.expression.datetime.DateTimeFunction$$Lambda/0x00007fcd28b4edd8
13886:             1             16  org.opensearch.sql.expression.datetime.DateTimeFunction$$Lambda/0x00007fcd28b4f028
13887:             1             16  org.opensearch.sql.expression.datetime.DateTimeFunction$$Lambda/0x00007fcd28b4f278
13888:             1             16  org.opensearch.sql.expression.datetime.DateTimeFunction$$Lambda/0x00007fcd28b4f4c8
13889:             1             16  org.opensearch.sql.expression.datetime.DateTimeFunction$$Lambda/0x00007fcd28b4f718
13890:             1             16  org.opensearch.sql.expression.datetime.DateTimeFunction$$Lambda/0x00007fcd28b4f968
13891:             1             16  org.opensearch.sql.expression.datetime.DateTimeFunction$$Lambda/0x00007fcd28b4fbb8
13892:             1             16  org.opensearch.sql.expression.datetime.DateTimeFunction$$Lambda/0x00007fcd28b50000
13893:             1             16  org.opensearch.sql.expression.datetime.DateTimeFunction$$Lambda/0x00007fcd28b50250
13894:             1             16  org.opensearch.sql.expression.datetime.DateTimeFunction$$Lambda/0x00007fcd28b504a0
13895:             1             16  org.opensearch.sql.expression.datetime.DateTimeFunction$$Lambda/0x00007fcd28b506f0
13896:             1             16  org.opensearch.sql.expression.datetime.DateTimeFunction$$Lambda/0x00007fcd28b50940
13897:             1             16  org.opensearch.sql.expression.datetime.DateTimeFunction$$Lambda/0x00007fcd28b50b80
13898:             1             16  org.opensearch.sql.expression.datetime.DateTimeFunction$$Lambda/0x00007fcd28b50dd0
13899:             1             16  org.opensearch.sql.expression.datetime.DateTimeFunction$$Lambda/0x00007fcd28b51020
13900:             1             16  org.opensearch.sql.expression.datetime.DateTimeFunction$$Lambda/0x00007fcd28b51270
13901:             1             16  org.opensearch.sql.expression.datetime.DateTimeFunction$$Lambda/0x00007fcd28b514c0
13902:             1             16  org.opensearch.sql.expression.datetime.DateTimeFunction$$Lambda/0x00007fcd28b51710
13903:             1             16  org.opensearch.sql.expression.datetime.DateTimeFunction$$Lambda/0x00007fcd28b51960
13904:             1             16  org.opensearch.sql.expression.datetime.DateTimeFunction$$Lambda/0x00007fcd28b51bb0
13905:             1             16  org.opensearch.sql.expression.datetime.DateTimeFunction$$Lambda/0x00007fcd28b51e00
13906:             1             16  org.opensearch.sql.expression.datetime.DateTimeFunction$$Lambda/0x00007fcd28b52040
13907:             1             16  org.opensearch.sql.expression.datetime.DateTimeFunction$$Lambda/0x00007fcd28b52280
13908:             1             16  org.opensearch.sql.expression.datetime.DateTimeFunction$$Lambda/0x00007fcd28b524d0
13909:             1             16  org.opensearch.sql.expression.datetime.DateTimeFunction$$Lambda/0x00007fcd28b52720
13910:             1             16  org.opensearch.sql.expression.datetime.DateTimeFunction$$Lambda/0x00007fcd28b52970
13911:             1             16  org.opensearch.sql.expression.datetime.DateTimeFunction$$Lambda/0x00007fcd28b52bc0
13912:             1             16  org.opensearch.sql.expression.datetime.DateTimeFunction$$Lambda/0x00007fcd28b52e10
13913:             1             16  org.opensearch.sql.expression.datetime.DateTimeFunction$$Lambda/0x00007fcd28b53060
13914:             1             16  org.opensearch.sql.expression.datetime.DateTimeFunction$$Lambda/0x00007fcd28b532b0
13915:             1             16  org.opensearch.sql.expression.datetime.DateTimeFunction$$Lambda/0x00007fcd28b53500
13916:             1             16  org.opensearch.sql.expression.datetime.DateTimeFunction$$Lambda/0x00007fcd28b53750
13917:             1             16  org.opensearch.sql.expression.datetime.DateTimeFunction$$Lambda/0x00007fcd28b539a0
13918:             1             16  org.opensearch.sql.expression.datetime.DateTimeFunction$$Lambda/0x00007fcd28b53bf0
13919:             1             16  org.opensearch.sql.expression.datetime.DateTimeFunction$$Lambda/0x00007fcd28b54400
13920:             1             16  org.opensearch.sql.expression.datetime.DateTimeFunction$$Lambda/0x00007fcd28b54800
13921:             1             16  org.opensearch.sql.expression.datetime.DateTimeFunction$$Lambda/0x00007fcd28b54a40
13922:             1             16  org.opensearch.sql.expression.datetime.DateTimeFunction$$Lambda/0x00007fcd28b54c90
13923:             1             16  org.opensearch.sql.expression.datetime.DateTimeFunction$$Lambda/0x00007fcd28b55000
13924:             1             16  org.opensearch.sql.expression.datetime.DateTimeFunction$$Lambda/0x00007fcd28b55218
13925:             1             16  org.opensearch.sql.expression.datetime.DateTimeFunction$$Lambda/0x00007fcd28b55430
13926:             1             16  org.opensearch.sql.expression.datetime.DateTimeFunction$$Lambda/0x00007fcd28b55648
13927:             1             16  org.opensearch.sql.expression.datetime.DateTimeFunction$$Lambda/0x00007fcd28b55860
13928:             1             16  org.opensearch.sql.expression.datetime.DateTimeFunction$$Lambda/0x00007fcd28b55a78
13929:             1             16  org.opensearch.sql.expression.datetime.DateTimeFunction$$Lambda/0x00007fcd28b55c90
13930:             1             16  org.opensearch.sql.expression.datetime.DateTimeFunction$$Lambda/0x00007fcd28b56000
13931:             1             16  org.opensearch.sql.expression.datetime.DateTimeFunction$$Lambda/0x00007fcd28b56250
13932:             1             16  org.opensearch.sql.expression.datetime.DateTimeFunction$$Lambda/0x00007fcd28b56468
13933:             1             16  org.opensearch.sql.expression.datetime.DateTimeFunction$$Lambda/0x00007fcd28b56680
13934:             1             16  org.opensearch.sql.expression.datetime.DateTimeFunction$$Lambda/0x00007fcd28b56898
13935:             1             16  org.opensearch.sql.expression.datetime.DateTimeFunction$$Lambda/0x00007fcd28b56ab0
13936:             1             16  org.opensearch.sql.expression.datetime.DateTimeFunction$$Lambda/0x00007fcd28b56cc8
13937:             1             16  org.opensearch.sql.expression.datetime.DateTimeFunction$$Lambda/0x00007fcd28b56ee0
13938:             1             16  org.opensearch.sql.expression.datetime.DateTimeFunction$$Lambda/0x00007fcd28b570f8
13939:             1             16  org.opensearch.sql.expression.datetime.DateTimeFunction$$Lambda/0x00007fcd28b57310
13940:             1             16  org.opensearch.sql.expression.datetime.DateTimeFunction$$Lambda/0x00007fcd28b57528
13941:             1             16  org.opensearch.sql.expression.datetime.DateTimeFunction$$Lambda/0x00007fcd28b57740
13942:             1             16  org.opensearch.sql.expression.datetime.DateTimeFunction$$Lambda/0x00007fcd28b57958
13943:             1             16  org.opensearch.sql.expression.datetime.DateTimeFunction$$Lambda/0x00007fcd28b57b70
13944:             1             16  org.opensearch.sql.expression.datetime.DateTimeFunction$$Lambda/0x00007fcd28b57d88
13945:             1             16  org.opensearch.sql.expression.datetime.DateTimeFunction$$Lambda/0x00007fcd28b58000
13946:             1             16  org.opensearch.sql.expression.datetime.DateTimeFunction$$Lambda/0x00007fcd28b58250
13947:             1             16  org.opensearch.sql.expression.datetime.DateTimeFunction$$Lambda/0x00007fcd28b584a0
13948:             1             16  org.opensearch.sql.expression.datetime.DateTimeFunction$$Lambda/0x00007fcd28b586e0
13949:             1             16  org.opensearch.sql.expression.datetime.DateTimeFunction$$Lambda/0x00007fcd28b58920
13950:             1             16  org.opensearch.sql.expression.datetime.DateTimeFunction$$Lambda/0x00007fcd28b58b60
13951:             1             16  org.opensearch.sql.expression.datetime.DateTimeFunction$$Lambda/0x00007fcd28b58da0
13952:             1             16  org.opensearch.sql.expression.datetime.DateTimeFunction$$Lambda/0x00007fcd28b58fe0
13953:             1             16  org.opensearch.sql.expression.datetime.DateTimeFunction$$Lambda/0x00007fcd28b59230
13954:             1             16  org.opensearch.sql.expression.datetime.DateTimeFunction$$Lambda/0x00007fcd28b59480
13955:             1             16  org.opensearch.sql.expression.datetime.DateTimeFunction$$Lambda/0x00007fcd28b596d0
13956:             1             16  org.opensearch.sql.expression.datetime.DateTimeFunction$$Lambda/0x00007fcd28b59920
13957:             1             16  org.opensearch.sql.expression.datetime.DateTimeFunction$$Lambda/0x00007fcd28b59b60
13958:             1             16  org.opensearch.sql.expression.datetime.DateTimeFunction$$Lambda/0x00007fcd28b59db0
13959:             1             16  org.opensearch.sql.expression.datetime.DateTimeFunction$$Lambda/0x00007fcd28b59ff0
13960:             1             16  org.opensearch.sql.expression.datetime.DateTimeFunction$$Lambda/0x00007fcd28b5a208
13961:             1             16  org.opensearch.sql.expression.datetime.DateTimeFunction$$Lambda/0x00007fcd28b5a420
13962:             1             16  org.opensearch.sql.expression.datetime.DateTimeFunction$$Lambda/0x00007fcd28b5acd0
13963:             1             16  org.opensearch.sql.expression.datetime.DateTimeFunction$$Lambda/0x00007fcd28b5aee8
13964:             1             16  org.opensearch.sql.expression.datetime.DateTimeFunction$$Lambda/0x00007fcd28b5b100
13965:             1             16  org.opensearch.sql.expression.datetime.DateTimeFunction$$Lambda/0x00007fcd28b5b318
13966:             1             16  org.opensearch.sql.expression.datetime.DateTimeFunction$$Lambda/0x00007fcd28b5b530
13967:             1             16  org.opensearch.sql.expression.datetime.DateTimeFunction$$Lambda/0x00007fcd28b5b748
13968:             1             16  org.opensearch.sql.expression.datetime.DateTimeFunction$$Lambda/0x00007fcd28b5b998
13969:             1             16  org.opensearch.sql.expression.datetime.DateTimeFunction$$Lambda/0x00007fcd28b5bbe8
13970:             1             16  org.opensearch.sql.expression.datetime.DateTimeFunction$$Lambda/0x00007fcd28b5be38
13971:             1             16  org.opensearch.sql.expression.datetime.DateTimeFunction$$Lambda/0x00007fcd28b5c088
13972:             1             16  org.opensearch.sql.expression.datetime.DateTimeFunction$$Lambda/0x00007fcd28b5c2d8
13973:             1             16  org.opensearch.sql.expression.datetime.DateTimeFunction$$Lambda/0x00007fcd28b5c528
13974:             1             16  org.opensearch.sql.expression.datetime.DateTimeFunction$$Lambda/0x00007fcd28b5c778
13975:             1             16  org.opensearch.sql.expression.datetime.DateTimeFunction$$Lambda/0x00007fcd28b5c9c8
13976:             1             16  org.opensearch.sql.expression.datetime.DateTimeFunction$$Lambda/0x00007fcd28b5cc18
13977:             1             16  org.opensearch.sql.expression.datetime.DateTimeFunction$$Lambda/0x00007fcd28b5ce68
13978:             1             16  org.opensearch.sql.expression.datetime.DateTimeFunction$$Lambda/0x00007fcd28b5d0b8
13979:             1             16  org.opensearch.sql.expression.datetime.DateTimeFunction$$Lambda/0x00007fcd28b5d308
13980:             1             16  org.opensearch.sql.expression.datetime.DateTimeFunction$$Lambda/0x00007fcd28b5d558
13981:             1             16  org.opensearch.sql.expression.datetime.DateTimeFunction$$Lambda/0x00007fcd28b5d7a8
13982:             1             16  org.opensearch.sql.expression.datetime.DateTimeFunction$$Lambda/0x00007fcd28b5d9e8
13983:             1             16  org.opensearch.sql.expression.datetime.DateTimeFunction$$Lambda/0x00007fcd28b5dc38
13984:             1             16  org.opensearch.sql.expression.datetime.DateTimeFunction$$Lambda/0x00007fcd28b5de88
13985:             1             16  org.opensearch.sql.expression.datetime.DateTimeFunction$$Lambda/0x00007fcd28b5e0d8
13986:             1             16  org.opensearch.sql.expression.datetime.DateTimeFunction$$Lambda/0x00007fcd28b5e328
13987:             1             16  org.opensearch.sql.expression.datetime.DateTimeFunction$$Lambda/0x00007fcd28b5e540
13988:             1             16  org.opensearch.sql.expression.datetime.DateTimeFunction$$Lambda/0x00007fcd28b5e780
13989:             1             16  org.opensearch.sql.expression.datetime.DateTimeFunction$$Lambda/0x00007fcd28b5e9c0
13990:             1             16  org.opensearch.sql.expression.datetime.DateTimeFunction$$Lambda/0x00007fcd28b5ec00
13991:             1             16  org.opensearch.sql.expression.datetime.DateTimeFunction$$Lambda/0x00007fcd28b5ee40
13992:             1             16  org.opensearch.sql.expression.datetime.DateTimeFunction$$Lambda/0x00007fcd28b5f080
13993:             1             16  org.opensearch.sql.expression.datetime.DateTimeFunction$$Lambda/0x00007fcd28b5f2d0
13994:             1             16  org.opensearch.sql.expression.datetime.DateTimeFunction$$Lambda/0x00007fcd28b5f520
13995:             1             16  org.opensearch.sql.expression.datetime.DateTimeFunction$$Lambda/0x00007fcd28b5f770
13996:             1             16  org.opensearch.sql.expression.datetime.DateTimeFunction$$Lambda/0x00007fcd28b5f9c0
13997:             1             16  org.opensearch.sql.expression.datetime.DateTimeFunction$$Lambda/0x00007fcd28b5fc10
13998:             1             16  org.opensearch.sql.expression.datetime.DateTimeFunction$$Lambda/0x00007fcd28b60000
13999:             1             16  org.opensearch.sql.expression.datetime.DateTimeFunction$$Lambda/0x00007fcd28b60250
14000:             1             16  org.opensearch.sql.expression.datetime.DateTimeFunction$$Lambda/0x00007fcd28b604a0
14001:             1             16  org.opensearch.sql.expression.datetime.DateTimeFunction$$Lambda/0x00007fcd28b606e0
14002:             1             16  org.opensearch.sql.expression.datetime.DateTimeFunction$$Lambda/0x00007fcd28b60930
14003:             1             16  org.opensearch.sql.expression.datetime.DateTimeFunction$$Lambda/0x00007fcd28b60b80
14004:             1             16  org.opensearch.sql.expression.datetime.DateTimeFunction$$Lambda/0x00007fcd28b60dd0
14005:             1             16  org.opensearch.sql.expression.datetime.DateTimeFunction$$Lambda/0x00007fcd28b61020
14006:             1             16  org.opensearch.sql.expression.datetime.DateTimeFunction$$Lambda/0x00007fcd28b61238
14007:             1             16  org.opensearch.sql.expression.datetime.DateTimeFunction$$Lambda/0x00007fcd28b61478
14008:             1             16  org.opensearch.sql.expression.datetime.DateTimeFunction$$Lambda/0x00007fcd28b616b8
14009:             1             16  org.opensearch.sql.expression.datetime.DateTimeFunction$$Lambda/0x00007fcd28b618f8
14010:             1             16  org.opensearch.sql.expression.datetime.IntervalClause$$Lambda/0x00007fcd28b61d38
14011:             1             16  org.opensearch.sql.expression.datetime.IntervalClause$$Lambda/0x00007fcd28b61f78
14012:             1             16  org.opensearch.sql.expression.function.BuiltinFunctionRepository
14013:             1             16  org.opensearch.sql.expression.function.OpenSearchFunctions$1
14014:             1             16  org.opensearch.sql.expression.operator.arthmetic.ArithmeticFunction$$Lambda/0x00007fcd28b198c0
14015:             1             16  org.opensearch.sql.expression.operator.arthmetic.ArithmeticFunction$$Lambda/0x00007fcd28b1b2c0
14016:             1             16  org.opensearch.sql.expression.operator.arthmetic.ArithmeticFunction$$Lambda/0x00007fcd28b1b500
14017:             1             16  org.opensearch.sql.expression.operator.arthmetic.ArithmeticFunction$$Lambda/0x00007fcd28b1b740
14018:             1             16  org.opensearch.sql.expression.operator.arthmetic.ArithmeticFunction$$Lambda/0x00007fcd28b1b980
14019:             1             16  org.opensearch.sql.expression.operator.arthmetic.ArithmeticFunction$$Lambda/0x00007fcd28b1bbc0
14020:             1             16  org.opensearch.sql.expression.operator.arthmetic.ArithmeticFunction$$Lambda/0x00007fcd28b1d398
14021:             1             16  org.opensearch.sql.expression.operator.arthmetic.ArithmeticFunction$$Lambda/0x00007fcd28b1d5d8
14022:             1             16  org.opensearch.sql.expression.operator.arthmetic.ArithmeticFunction$$Lambda/0x00007fcd28b1d818
14023:             1             16  org.opensearch.sql.expression.operator.arthmetic.ArithmeticFunction$$Lambda/0x00007fcd28b1da58
14024:             1             16  org.opensearch.sql.expression.operator.arthmetic.ArithmeticFunction$$Lambda/0x00007fcd28b1dc98
14025:             1             16  org.opensearch.sql.expression.operator.arthmetic.ArithmeticFunction$$Lambda/0x00007fcd28b1ded8
14026:             1             16  org.opensearch.sql.expression.operator.arthmetic.ArithmeticFunction$$Lambda/0x00007fcd28b1e118
14027:             1             16  org.opensearch.sql.expression.operator.arthmetic.ArithmeticFunction$$Lambda/0x00007fcd28b1e358
14028:             1             16  org.opensearch.sql.expression.operator.arthmetic.ArithmeticFunction$$Lambda/0x00007fcd28b1e598
14029:             1             16  org.opensearch.sql.expression.operator.arthmetic.ArithmeticFunction$$Lambda/0x00007fcd28b1e7d8
14030:             1             16  org.opensearch.sql.expression.operator.arthmetic.ArithmeticFunction$$Lambda/0x00007fcd28b1ea18
14031:             1             16  org.opensearch.sql.expression.operator.arthmetic.ArithmeticFunction$$Lambda/0x00007fcd28b1ec58
14032:             1             16  org.opensearch.sql.expression.operator.arthmetic.ArithmeticFunction$$Lambda/0x00007fcd28b1ee98
14033:             1             16  org.opensearch.sql.expression.operator.arthmetic.ArithmeticFunction$$Lambda/0x00007fcd28b1f0d8
14034:             1             16  org.opensearch.sql.expression.operator.arthmetic.ArithmeticFunction$$Lambda/0x00007fcd28b1f318
14035:             1             16  org.opensearch.sql.expression.operator.arthmetic.ArithmeticFunction$$Lambda/0x00007fcd28b1f558
14036:             1             16  org.opensearch.sql.expression.operator.arthmetic.ArithmeticFunction$$Lambda/0x00007fcd28b1f798
14037:             1             16  org.opensearch.sql.expression.operator.arthmetic.ArithmeticFunction$$Lambda/0x00007fcd28b1f9d8
14038:             1             16  org.opensearch.sql.expression.operator.arthmetic.ArithmeticFunction$$Lambda/0x00007fcd28b1fc18
14039:             1             16  org.opensearch.sql.expression.operator.arthmetic.ArithmeticFunction$$Lambda/0x00007fcd28b20000
14040:             1             16  org.opensearch.sql.expression.operator.arthmetic.ArithmeticFunction$$Lambda/0x00007fcd28b20240
14041:             1             16  org.opensearch.sql.expression.operator.arthmetic.ArithmeticFunction$$Lambda/0x00007fcd28b20480
14042:             1             16  org.opensearch.sql.expression.operator.arthmetic.ArithmeticFunction$$Lambda/0x00007fcd28b206c0
14043:             1             16  org.opensearch.sql.expression.operator.arthmetic.ArithmeticFunction$$Lambda/0x00007fcd28b20900
14044:             1             16  org.opensearch.sql.expression.operator.arthmetic.MathematicalFunction$$Lambda/0x00007fcd28b2cf50
14045:             1             16  org.opensearch.sql.expression.operator.arthmetic.MathematicalFunction$$Lambda/0x00007fcd28b2d898
14046:             1             16  org.opensearch.sql.expression.operator.arthmetic.MathematicalFunction$$Lambda/0x00007fcd28b2dae8
14047:             1             16  org.opensearch.sql.expression.operator.arthmetic.MathematicalFunction$$Lambda/0x00007fcd28b2dd38
14048:             1             16  org.opensearch.sql.expression.operator.arthmetic.MathematicalFunction$$Lambda/0x00007fcd28b2df88
14049:             1             16  org.opensearch.sql.expression.operator.arthmetic.MathematicalFunction$$Lambda/0x00007fcd28b2e1d8
14050:             1             16  org.opensearch.sql.expression.operator.arthmetic.MathematicalFunction$$Lambda/0x00007fcd28b2e648
14051:             1             16  org.opensearch.sql.expression.operator.arthmetic.MathematicalFunction$$Lambda/0x00007fcd28b2e880
14052:             1             16  org.opensearch.sql.expression.operator.arthmetic.MathematicalFunction$$Lambda/0x00007fcd28b2ead0
14053:             1             16  org.opensearch.sql.expression.operator.arthmetic.MathematicalFunction$$Lambda/0x00007fcd28b2ed08
14054:             1             16  org.opensearch.sql.expression.operator.arthmetic.MathematicalFunction$$Lambda/0x00007fcd28b2ef58
14055:             1             16  org.opensearch.sql.expression.operator.arthmetic.MathematicalFunction$$Lambda/0x00007fcd28b2f1a8
14056:             1             16  org.opensearch.sql.expression.operator.arthmetic.MathematicalFunction$$Lambda/0x00007fcd28b2f3e8
14057:             1             16  org.opensearch.sql.expression.operator.arthmetic.MathematicalFunction$$Lambda/0x00007fcd28b2f628
14058:             1             16  org.opensearch.sql.expression.operator.arthmetic.MathematicalFunction$$Lambda/0x00007fcd28b2fab8
14059:             1             16  org.opensearch.sql.expression.operator.arthmetic.MathematicalFunction$$Lambda/0x00007fcd28b2fd08
14060:             1             16  org.opensearch.sql.expression.operator.arthmetic.MathematicalFunction$$Lambda/0x00007fcd28b30000
14061:             1             16  org.opensearch.sql.expression.operator.arthmetic.MathematicalFunction$$Lambda/0x00007fcd28b30690
14062:             1             16  org.opensearch.sql.expression.operator.arthmetic.MathematicalFunction$$Lambda/0x00007fcd28b30ac8
14063:             1             16  org.opensearch.sql.expression.operator.arthmetic.MathematicalFunction$$Lambda/0x00007fcd28b30d18
14064:             1             16  org.opensearch.sql.expression.operator.arthmetic.MathematicalFunction$$Lambda/0x00007fcd28b30f68
14065:             1             16  org.opensearch.sql.expression.operator.arthmetic.MathematicalFunction$$Lambda/0x00007fcd28b311a0
14066:             1             16  org.opensearch.sql.expression.operator.arthmetic.MathematicalFunction$$Lambda/0x00007fcd28b313f0
14067:             1             16  org.opensearch.sql.expression.operator.arthmetic.MathematicalFunction$$Lambda/0x00007fcd28b31640
14068:             1             16  org.opensearch.sql.expression.operator.arthmetic.MathematicalFunction$$Lambda/0x00007fcd28b31a88
14069:             1             16  org.opensearch.sql.expression.operator.arthmetic.MathematicalFunction$$Lambda/0x00007fcd28b32380
14070:             1             16  org.opensearch.sql.expression.operator.arthmetic.MathematicalFunction$$Lambda/0x00007fcd28b325d0
14071:             1             16  org.opensearch.sql.expression.operator.arthmetic.MathematicalFunction$$Lambda/0x00007fcd28b32820
14072:             1             16  org.opensearch.sql.expression.operator.arthmetic.MathematicalFunction$$Lambda/0x00007fcd28b32a70
14073:             1             16  org.opensearch.sql.expression.operator.arthmetic.MathematicalFunction$$Lambda/0x00007fcd28b32cc0
14074:             1             16  org.opensearch.sql.expression.operator.arthmetic.MathematicalFunction$$Lambda/0x00007fcd28b32f10
14075:             1             16  org.opensearch.sql.expression.operator.arthmetic.MathematicalFunction$$Lambda/0x00007fcd28b33150
14076:             1             16  org.opensearch.sql.expression.operator.arthmetic.MathematicalFunction$$Lambda/0x00007fcd28b333a0
14077:             1             16  org.opensearch.sql.expression.operator.arthmetic.MathematicalFunction$$Lambda/0x00007fcd28b335f0
14078:             1             16  org.opensearch.sql.expression.operator.arthmetic.MathematicalFunction$$Lambda/0x00007fcd28b33830
14079:             1             16  org.opensearch.sql.expression.operator.arthmetic.MathematicalFunction$$Lambda/0x00007fcd28b33a70
14080:             1             16  org.opensearch.sql.expression.operator.arthmetic.MathematicalFunction$$Lambda/0x00007fcd28b33cb0
14081:             1             16  org.opensearch.sql.expression.operator.arthmetic.MathematicalFunction$$Lambda/0x00007fcd28b33ef0
14082:             1             16  org.opensearch.sql.expression.operator.arthmetic.MathematicalFunction$$Lambda/0x00007fcd28b34130
14083:             1             16  org.opensearch.sql.expression.operator.arthmetic.MathematicalFunction$$Lambda/0x00007fcd28b34370
14084:             1             16  org.opensearch.sql.expression.operator.arthmetic.MathematicalFunction$$Lambda/0x00007fcd28b34598
14085:             1             16  org.opensearch.sql.expression.operator.arthmetic.MathematicalFunction$$Lambda/0x00007fcd28b347d8
14086:             1             16  org.opensearch.sql.expression.operator.arthmetic.MathematicalFunction$$Lambda/0x00007fcd28b34a18
14087:             1             16  org.opensearch.sql.expression.operator.arthmetic.MathematicalFunction$$Lambda/0x00007fcd28b34c58
14088:             1             16  org.opensearch.sql.expression.operator.arthmetic.MathematicalFunction$$Lambda/0x00007fcd28b34e98
14089:             1             16  org.opensearch.sql.expression.operator.arthmetic.MathematicalFunction$$Lambda/0x00007fcd28b350d8
14090:             1             16  org.opensearch.sql.expression.operator.arthmetic.MathematicalFunction$$Lambda/0x00007fcd28b35328
14091:             1             16  org.opensearch.sql.expression.operator.arthmetic.MathematicalFunction$$Lambda/0x00007fcd28b35550
14092:             1             16  org.opensearch.sql.expression.operator.arthmetic.MathematicalFunction$$Lambda/0x00007fcd28b357a0
14093:             1             16  org.opensearch.sql.expression.operator.arthmetic.MathematicalFunction$$Lambda/0x00007fcd28b359f0
14094:             1             16  org.opensearch.sql.expression.operator.arthmetic.MathematicalFunction$$Lambda/0x00007fcd28b35c40
14095:             1             16  org.opensearch.sql.expression.operator.arthmetic.MathematicalFunction$$Lambda/0x00007fcd28b35e90
14096:             1             16  org.opensearch.sql.expression.operator.arthmetic.MathematicalFunction$$Lambda/0x00007fcd28b360e0
14097:             1             16  org.opensearch.sql.expression.operator.arthmetic.MathematicalFunction$$Lambda/0x00007fcd28b36330
14098:             1             16  org.opensearch.sql.expression.operator.arthmetic.MathematicalFunction$$Lambda/0x00007fcd28b36570
14099:             1             16  org.opensearch.sql.expression.operator.arthmetic.MathematicalFunction$$Lambda/0x00007fcd28b367b0
14100:             1             16  org.opensearch.sql.expression.operator.arthmetic.MathematicalFunction$$Lambda/0x00007fcd28b369f0
14101:             1             16  org.opensearch.sql.expression.operator.arthmetic.MathematicalFunction$$Lambda/0x00007fcd28b36c30
14102:             1             16  org.opensearch.sql.expression.operator.arthmetic.MathematicalFunction$$Lambda/0x00007fcd28b36e80
14103:             1             16  org.opensearch.sql.expression.operator.arthmetic.MathematicalFunction$$Lambda/0x00007fcd28b370d0
14104:             1             16  org.opensearch.sql.expression.operator.arthmetic.MathematicalFunction$$Lambda/0x00007fcd28b37320
14105:             1             16  org.opensearch.sql.expression.operator.arthmetic.MathematicalFunction$$Lambda/0x00007fcd28b37570
14106:             1             16  org.opensearch.sql.expression.operator.arthmetic.MathematicalFunction$$Lambda/0x00007fcd28b377c0
14107:             1             16  org.opensearch.sql.expression.operator.arthmetic.MathematicalFunction$$Lambda/0x00007fcd28b37a10
14108:             1             16  org.opensearch.sql.expression.operator.arthmetic.MathematicalFunction$$Lambda/0x00007fcd28b37c50
14109:             1             16  org.opensearch.sql.expression.operator.arthmetic.MathematicalFunction$$Lambda/0x00007fcd28b38000
14110:             1             16  org.opensearch.sql.expression.operator.arthmetic.MathematicalFunction$$Lambda/0x00007fcd28b38240
14111:             1             16  org.opensearch.sql.expression.operator.convert.TypeCastOperator$$Lambda/0x00007fcd28b670d0
14112:             1             16  org.opensearch.sql.expression.operator.convert.TypeCastOperator$$Lambda/0x00007fcd28b67308
14113:             1             16  org.opensearch.sql.expression.operator.convert.TypeCastOperator$$Lambda/0x00007fcd28b67558
14114:             1             16  org.opensearch.sql.expression.operator.convert.TypeCastOperator$$Lambda/0x00007fcd28b677a8
14115:             1             16  org.opensearch.sql.expression.operator.convert.TypeCastOperator$$Lambda/0x00007fcd28b679f8
14116:             1             16  org.opensearch.sql.expression.operator.convert.TypeCastOperator$$Lambda/0x00007fcd28b67c48
14117:             1             16  org.opensearch.sql.expression.operator.convert.TypeCastOperator$$Lambda/0x00007fcd28b68000
14118:             1             16  org.opensearch.sql.expression.operator.convert.TypeCastOperator$$Lambda/0x00007fcd28b68250
14119:             1             16  org.opensearch.sql.expression.operator.convert.TypeCastOperator$$Lambda/0x00007fcd28b684a0
14120:             1             16  org.opensearch.sql.expression.operator.convert.TypeCastOperator$$Lambda/0x00007fcd28b686f0
14121:             1             16  org.opensearch.sql.expression.operator.convert.TypeCastOperator$$Lambda/0x00007fcd28b68940
14122:             1             16  org.opensearch.sql.expression.operator.convert.TypeCastOperator$$Lambda/0x00007fcd28b68b90
14123:             1             16  org.opensearch.sql.expression.operator.convert.TypeCastOperator$$Lambda/0x00007fcd28b68de0
14124:             1             16  org.opensearch.sql.expression.operator.convert.TypeCastOperator$$Lambda/0x00007fcd28b69030
14125:             1             16  org.opensearch.sql.expression.operator.convert.TypeCastOperator$$Lambda/0x00007fcd28b69280
14126:             1             16  org.opensearch.sql.expression.operator.convert.TypeCastOperator$$Lambda/0x00007fcd28b694d0
14127:             1             16  org.opensearch.sql.expression.operator.convert.TypeCastOperator$$Lambda/0x00007fcd28b69720
14128:             1             16  org.opensearch.sql.expression.operator.convert.TypeCastOperator$$Lambda/0x00007fcd28b69970
14129:             1             16  org.opensearch.sql.expression.operator.convert.TypeCastOperator$$Lambda/0x00007fcd28b69bc0
14130:             1             16  org.opensearch.sql.expression.operator.convert.TypeCastOperator$$Lambda/0x00007fcd28b69e10
14131:             1             16  org.opensearch.sql.expression.operator.convert.TypeCastOperator$$Lambda/0x00007fcd28b6a060
14132:             1             16  org.opensearch.sql.expression.operator.convert.TypeCastOperator$$Lambda/0x00007fcd28b6a2b0
14133:             1             16  org.opensearch.sql.expression.operator.convert.TypeCastOperator$$Lambda/0x00007fcd28b6a500
14134:             1             16  org.opensearch.sql.expression.operator.convert.TypeCastOperator$$Lambda/0x00007fcd28b6a750
14135:             1             16  org.opensearch.sql.expression.operator.convert.TypeCastOperator$$Lambda/0x00007fcd28b6a9a0
14136:             1             16  org.opensearch.sql.expression.operator.convert.TypeCastOperator$$Lambda/0x00007fcd28b6abf0
14137:             1             16  org.opensearch.sql.expression.operator.convert.TypeCastOperator$$Lambda/0x00007fcd28b6ae40
14138:             1             16  org.opensearch.sql.expression.operator.convert.TypeCastOperator$$Lambda/0x00007fcd28b6b090
14139:             1             16  org.opensearch.sql.expression.operator.convert.TypeCastOperator$$Lambda/0x00007fcd28b6b2e0
14140:             1             16  org.opensearch.sql.expression.operator.convert.TypeCastOperator$$Lambda/0x00007fcd28b6b530
14141:             1             16  org.opensearch.sql.expression.operator.convert.TypeCastOperator$$Lambda/0x00007fcd28b6b780
14142:             1             16  org.opensearch.sql.expression.operator.convert.TypeCastOperator$$Lambda/0x00007fcd28b6b9d0
14143:             1             16  org.opensearch.sql.expression.operator.convert.TypeCastOperator$$Lambda/0x00007fcd28b6bc20
14144:             1             16  org.opensearch.sql.expression.operator.convert.TypeCastOperator$$Lambda/0x00007fcd28b6be70
14145:             1             16  org.opensearch.sql.expression.operator.convert.TypeCastOperator$$Lambda/0x00007fcd28b6c0c0
14146:             1             16  org.opensearch.sql.expression.operator.convert.TypeCastOperator$$Lambda/0x00007fcd28b6c310
14147:             1             16  org.opensearch.sql.expression.operator.convert.TypeCastOperator$$Lambda/0x00007fcd28b6c550
14148:             1             16  org.opensearch.sql.expression.operator.convert.TypeCastOperator$$Lambda/0x00007fcd28b6c7a0
14149:             1             16  org.opensearch.sql.expression.operator.convert.TypeCastOperator$$Lambda/0x00007fcd28b6c9f0
14150:             1             16  org.opensearch.sql.expression.operator.convert.TypeCastOperator$$Lambda/0x00007fcd28b6cc40
14151:             1             16  org.opensearch.sql.expression.operator.convert.TypeCastOperator$$Lambda/0x00007fcd28b6ce90
14152:             1             16  org.opensearch.sql.expression.operator.convert.TypeCastOperator$$Lambda/0x00007fcd28b6d0d0
14153:             1             16  org.opensearch.sql.expression.operator.predicate.BinaryPredicateOperator$$Lambda/0x00007fcd28b296e0
14154:             1             16  org.opensearch.sql.expression.operator.predicate.BinaryPredicateOperator$$Lambda/0x00007fcd28b29920
14155:             1             16  org.opensearch.sql.expression.operator.predicate.BinaryPredicateOperator$$Lambda/0x00007fcd28b29b60
14156:             1             16  org.opensearch.sql.expression.operator.predicate.BinaryPredicateOperator$$Lambda/0x00007fcd28b2a230
14157:             1             16  org.opensearch.sql.expression.operator.predicate.BinaryPredicateOperator$$Lambda/0x00007fcd28b2a468
14158:             1             16  org.opensearch.sql.expression.operator.predicate.BinaryPredicateOperator$$Lambda/0x00007fcd28b2a6a8
14159:             1             16  org.opensearch.sql.expression.operator.predicate.BinaryPredicateOperator$$Lambda/0x00007fcd28b2a8e0
14160:             1             16  org.opensearch.sql.expression.operator.predicate.BinaryPredicateOperator$$Lambda/0x00007fcd28b2ab20
14161:             1             16  org.opensearch.sql.expression.operator.predicate.BinaryPredicateOperator$$Lambda/0x00007fcd28b2ad58
14162:             1             16  org.opensearch.sql.expression.operator.predicate.BinaryPredicateOperator$$Lambda/0x00007fcd28b2af98
14163:             1             16  org.opensearch.sql.expression.operator.predicate.BinaryPredicateOperator$$Lambda/0x00007fcd28b2b1d0
14164:             1             16  org.opensearch.sql.expression.operator.predicate.BinaryPredicateOperator$$Lambda/0x00007fcd28b2b410
14165:             1             16  org.opensearch.sql.expression.operator.predicate.BinaryPredicateOperator$$Lambda/0x00007fcd28b2b648
14166:             1             16  org.opensearch.sql.expression.operator.predicate.BinaryPredicateOperator$$Lambda/0x00007fcd28b2b888
14167:             1             16  org.opensearch.sql.expression.operator.predicate.BinaryPredicateOperator$$Lambda/0x00007fcd28b2bac0
14168:             1             16  org.opensearch.sql.expression.operator.predicate.BinaryPredicateOperator$$Lambda/0x00007fcd28b2bf00
14169:             1             16  org.opensearch.sql.expression.operator.predicate.BinaryPredicateOperator$$Lambda/0x00007fcd28b2c140
14170:             1             16  org.opensearch.sql.expression.operator.predicate.BinaryPredicateOperator$$Lambda/0x00007fcd28b2cb10
14171:             1             16  org.opensearch.sql.expression.operator.predicate.UnaryPredicateOperator$$Lambda/0x00007fcd28b38680
14172:             1             16  org.opensearch.sql.expression.operator.predicate.UnaryPredicateOperator$$Lambda/0x00007fcd28b388d0
14173:             1             16  org.opensearch.sql.expression.operator.predicate.UnaryPredicateOperator$$Lambda/0x00007fcd28b38b08
14174:             1             16  org.opensearch.sql.expression.operator.predicate.UnaryPredicateOperator$$Lambda/0x00007fcd28b38d58
14175:             1             16  org.opensearch.sql.expression.operator.predicate.UnaryPredicateOperator$$Lambda/0x00007fcd28b38f90
14176:             1             16  org.opensearch.sql.expression.operator.predicate.UnaryPredicateOperator$$Lambda/0x00007fcd28b391d0
14177:             1             16  org.opensearch.sql.expression.operator.predicate.UnaryPredicateOperator$$Lambda/0x00007fcd28b39408
14178:             1             16  org.opensearch.sql.expression.operator.predicate.UnaryPredicateOperator$$Lambda/0x00007fcd28b39648
14179:             1             16  org.opensearch.sql.expression.operator.predicate.UnaryPredicateOperator$$Lambda/0x00007fcd28b39880
14180:             1             16  org.opensearch.sql.expression.operator.predicate.UnaryPredicateOperator$$Lambda/0x00007fcd28b39ad0
14181:             1             16  org.opensearch.sql.expression.operator.predicate.UnaryPredicateOperator$$Lambda/0x00007fcd28b39d08
14182:             1             16  org.opensearch.sql.expression.system.SystemFunctions$1
14183:             1             16  org.opensearch.sql.expression.text.TextFunction$$Lambda/0x00007fcd28b641f8
14184:             1             16  org.opensearch.sql.expression.text.TextFunction$$Lambda/0x00007fcd28b646a0
14185:             1             16  org.opensearch.sql.expression.text.TextFunction$$Lambda/0x00007fcd28b648c0
14186:             1             16  org.opensearch.sql.expression.text.TextFunction$$Lambda/0x00007fcd28b64ad8
14187:             1             16  org.opensearch.sql.expression.text.TextFunction$$Lambda/0x00007fcd28b64d18
14188:             1             16  org.opensearch.sql.expression.text.TextFunction$$Lambda/0x00007fcd28b64f68
14189:             1             16  org.opensearch.sql.expression.text.TextFunction$$Lambda/0x00007fcd28b651a8
14190:             1             16  org.opensearch.sql.expression.text.TextFunction$$Lambda/0x00007fcd28b653c0
14191:             1             16  org.opensearch.sql.expression.text.TextFunction$$Lambda/0x00007fcd28b65610
14192:             1             16  org.opensearch.sql.expression.text.TextFunction$$Lambda/0x00007fcd28b65860
14193:             1             16  org.opensearch.sql.expression.text.TextFunction$$Lambda/0x00007fcd28b65aa0
14194:             1             16  org.opensearch.sql.expression.text.TextFunction$$Lambda/0x00007fcd28b65cb8
14195:             1             16  org.opensearch.sql.expression.text.TextFunction$$Lambda/0x00007fcd28b65f08
14196:             1             16  org.opensearch.sql.expression.text.TextFunction$$Lambda/0x00007fcd28b66148
14197:             1             16  org.opensearch.sql.expression.text.TextFunction$$Lambda/0x00007fcd28b66398
14198:             1             16  org.opensearch.sql.expression.text.TextFunction$$Lambda/0x00007fcd28b665d8
14199:             1             16  org.opensearch.sql.expression.text.TextFunction$$Lambda/0x00007fcd28b66818
14200:             1             16  org.opensearch.sql.expression.text.TextFunction$$Lambda/0x00007fcd28b66a30
14201:             1             16  org.opensearch.sql.expression.text.TextFunction$$Lambda/0x00007fcd28b66c80
14202:             1             16  org.opensearch.sql.expression.window.WindowFunctions$$Lambda/0x00007fcd28b631e0
14203:             1             16  org.opensearch.sql.expression.window.WindowFunctions$$Lambda/0x00007fcd28b638f0
14204:             1             16  org.opensearch.sql.expression.window.WindowFunctions$$Lambda/0x00007fcd28b63de0
14205:             1             16  org.opensearch.sql.legacy.metrics.Metrics
14206:             1             16  org.opensearch.sql.legacy.query.join.BackOffRetryStrategy$$Lambda/0x00007fcd28ea71b8
14207:             1             16  org.opensearch.sql.legacy.query.join.BackOffRetryStrategy$$Lambda/0x00007fcd28ea73d0
14208:             1             16  org.opensearch.sql.opensearch.client.OpenSearchNodeClient$$Lambda/0x00007fcd28b082b8
14209:             1             16  org.opensearch.sql.opensearch.setting.OpenSearchSettings$$Lambda/0x00007fcd285a1e10
14210:             1             16  org.opensearch.sql.opensearch.storage.script.ExpressionScriptEngine
14211:             1             16  org.opensearch.sql.opensearch.storage.script.ExpressionScriptEngine$$Lambda/0x00007fcd285a2718
14212:             1             16  org.opensearch.sql.opensearch.storage.script.ExpressionScriptEngine$$Lambda/0x00007fcd285a2ba0
14213:             1             16  org.opensearch.sql.opensearch.storage.serialization.DefaultExpressionSerializer
14214:             1             16  org.opensearch.sql.planner.optimizer.pattern.Patterns$$Lambda/0x00007fcd28bb1ff0
14215:             1             16  org.opensearch.sql.planner.optimizer.pattern.Patterns$$Lambda/0x00007fcd28bb2fc8
14216:             1             16  org.opensearch.sql.planner.optimizer.pattern.Patterns$$Lambda/0x00007fcd28bb3440
14217:             1             16  org.opensearch.sql.planner.optimizer.pattern.Patterns$$Lambda/0x00007fcd28bb5558
14218:             1             16  org.opensearch.sql.planner.optimizer.rule.read.TableScanPushDown$$Lambda/0x00007fcd28bb3888
14219:             1             16  org.opensearch.sql.planner.optimizer.rule.read.TableScanPushDown$$Lambda/0x00007fcd28bb3ab0
14220:             1             16  org.opensearch.sql.planner.optimizer.rule.read.TableScanPushDown$$Lambda/0x00007fcd28bb3cd8
14221:             1             16  org.opensearch.sql.planner.optimizer.rule.read.TableScanPushDown$$Lambda/0x00007fcd28bb3f00
14222:             1             16  org.opensearch.sql.planner.optimizer.rule.read.TableScanPushDown$$Lambda/0x00007fcd28bb4128
14223:             1             16  org.opensearch.sql.planner.optimizer.rule.read.TableScanPushDown$$Lambda/0x00007fcd28bb45a0
14224:             1             16  org.opensearch.sql.planner.optimizer.rule.read.TableScanPushDown$$Lambda/0x00007fcd28bb4a20
14225:             1             16  org.opensearch.sql.plugin.SQLPlugin$$Lambda/0x00007fcd28bc7880
14226:             1             16  org.opensearch.sql.plugin.SQLPlugin$$Lambda/0x00007fcd28c8c000
14227:             1             16  org.opensearch.sql.plugin.SQLPlugin$$Lambda/0x00007fcd28c8c670
14228:             1             16  org.opensearch.sql.plugin.SQLPlugin$$Lambda/0x00007fcd28c8cce0
14229:             1             16  org.opensearch.sql.plugin.SQLPlugin$$Lambda/0x00007fcd28c8d350
14230:             1             16  org.opensearch.sql.plugin.SQLPlugin$$Lambda/0x00007fcd28c8d9c0
14231:             1             16  org.opensearch.sql.plugin.SQLPlugin$$Lambda/0x00007fcd28c8e030
14232:             1             16  org.opensearch.sql.plugin.SQLPlugin$$Lambda/0x00007fcd28c8e6a0
14233:             1             16  org.opensearch.sql.plugin.SQLPlugin$$Lambda/0x00007fcd28c8ed10
14234:             1             16  org.opensearch.sql.plugin.transport.TransportPPLQueryAction$$Lambda/0x00007fcd28ea4b90
14235:             1             16  org.opensearch.sql.prometheus.storage.PrometheusStorageFactory
14236:             1             16  org.opensearch.sql.spark.cluster.ClusterManagerEventListener$$Lambda/0x00007fcd28bc6d80
14237:             1             16  org.opensearch.sql.spark.cluster.ClusterManagerEventListener$$Lambda/0x00007fcd28bc6fb0
14238:             1             16  org.opensearch.sql.spark.cluster.ClusterManagerEventListener$$Lambda/0x00007fcd28bc71e0
14239:             1             16  org.opensearch.sql.spark.cluster.ClusterManagerEventListener$$Lambda/0x00007fcd28bc7410
14240:             1             16  org.opensearch.sql.spark.flint.FlintIndexMetadataServiceImpl
14241:             1             16  org.opensearch.sql.spark.transport.TransportCancelAsyncQueryRequestAction$$Lambda/0x00007fcd28ea5a48
14242:             1             16  org.opensearch.sql.spark.transport.TransportCancelAsyncQueryRequestAction$$Lambda/0x00007fcd28ea5c60
14243:             1             16  org.opensearch.sql.spark.transport.TransportCreateAsyncQueryRequestAction$$Lambda/0x00007fcd28ea4218
14244:             1             16  org.opensearch.sql.spark.transport.TransportCreateAsyncQueryRequestAction$$Lambda/0x00007fcd28ea4430
14245:             1             16  org.opensearch.sql.spark.transport.TransportGetAsyncQueryResultAction$$Lambda/0x00007fcd28d6b020
14246:             1             16  org.opensearch.sql.spark.transport.TransportGetAsyncQueryResultAction$$Lambda/0x00007fcd28d6b238
14247:             1             16  org.opensearch.systemd.Libsystemd$$Lambda/0x00007fcd291d8800
14248:             1             16  org.opensearch.systemd.SystemdPlugin$$Lambda/0x00007fcd28218b38
14249:             1             16  org.opensearch.tasks.Task$$Lambda/0x00007fcd29226e98
14250:             1             16  org.opensearch.tasks.TaskCancellationMonitoringService$$Lambda/0x00007fcd28d02aa0
14251:             1             16  org.opensearch.tasks.TaskCancellationMonitoringService$$Lambda/0x00007fcd28d02ee0
14252:             1             16  org.opensearch.tasks.TaskCancellationMonitoringService$$Lambda/0x00007fcd29044d68
14253:             1             16  org.opensearch.tasks.TaskCancellationMonitoringService$TaskCancellationStatsHolder
14254:             1             16  org.opensearch.tasks.TaskCancellationMonitoringSettings$$Lambda/0x00007fcd28d02130
14255:             1             16  org.opensearch.tasks.TaskCancellationMonitoringSettings$$Lambda/0x00007fcd28d02360
14256:             1             16  org.opensearch.tasks.TaskCancellationService$$Lambda/0x00007fcd290458a8
14257:             1             16  org.opensearch.tasks.TaskCancellationService$BanParentRequestHandler
14258:             1             16  org.opensearch.tasks.TaskInfo$$Lambda/0x00007fcd2924cb18
14259:             1             16  org.opensearch.tasks.TaskInfo$$Lambda/0x00007fcd2924d168
14260:             1             16  org.opensearch.tasks.TaskInfo$$Lambda/0x00007fcd2924d608
14261:             1             16  org.opensearch.tasks.TaskInfo$$Lambda/0x00007fcd2924d820
14262:             1             16  org.opensearch.tasks.TaskInfo$$Lambda/0x00007fcd2924da38
14263:             1             16  org.opensearch.tasks.TaskManager$$Lambda/0x00007fcd28cdeae0
14264:             1             16  org.opensearch.tasks.TaskManager$$Lambda/0x00007fcd291bf3a8
14265:             1             16  org.opensearch.tasks.TaskManager$$Lambda/0x00007fcd292dc000
14266:             1             16  org.opensearch.tasks.TaskManager$$Lambda/0x00007fcd292dc228
14267:             1             16  org.opensearch.tasks.TaskManager$$Lambda/0x00007fcd292dc450
14268:             1             16  org.opensearch.tasks.TaskManager$$Lambda/0x00007fcd292dc678
14269:             1             16  org.opensearch.tasks.TaskManager$$Lambda/0x00007fcd292e3c08
14270:             1             16  org.opensearch.tasks.TaskManager$CancellableTaskHolder$$Lambda/0x00007fcd2920a000
14271:             1             16  org.opensearch.tasks.TaskManager$CancellableTaskHolder$$Lambda/0x00007fcd29222020
14272:             1             16  org.opensearch.tasks.TaskResourceTrackingService$$Lambda/0x00007fcd28ce1000
14273:             1             16  org.opensearch.tasks.TaskResourceTrackingService$$Lambda/0x00007fcd29198e20
14274:             1             16  org.opensearch.tasks.TaskThreadContextStatePropagator
14275:             1             16  org.opensearch.tasks.consumer.TopNSearchTasksLogger$$Lambda/0x00007fcd28ce4f40
14276:             1             16  org.opensearch.tasks.consumer.TopNSearchTasksLogger$$Lambda/0x00007fcd28ce5158
14277:             1             16  org.opensearch.tasks.consumer.TopNSearchTasksLogger$$Lambda/0x00007fcd28ce5388
14278:             1             16  org.opensearch.telemetry.metrics.MetricsRegistryFactory$$Lambda/0x00007fcd2870aef0
14279:             1             16  org.opensearch.telemetry.metrics.noop.NoopCounter
14280:             1             16  org.opensearch.telemetry.metrics.noop.NoopHistogram
14281:             1             16  org.opensearch.telemetry.metrics.noop.NoopMetricsRegistry
14282:             1             16  org.opensearch.telemetry.metrics.tags.Tags
14283:             1             16  org.opensearch.telemetry.tracing.TracerFactory$$Lambda/0x00007fcd2870a190
14284:             1             16  org.opensearch.telemetry.tracing.noop.NoopSpan
14285:             1             16  org.opensearch.telemetry.tracing.noop.NoopSpanScope
14286:             1             16  org.opensearch.telemetry.tracing.noop.NoopTracer
14287:             1             16  org.opensearch.threadpool.ThreadPool$$Lambda/0x00007fcd2853f840
14288:             1             16  org.opensearch.threadpool.ThreadPool$$Lambda/0x00007fcd2853fa88
14289:             1             16  org.opensearch.threadpool.ThreadPoolInfo
14290:             1             16  org.opensearch.timeseries.JobRunner
14291:             1             16  org.opensearch.timeseries.Name$$Lambda/0x00007fcd28f1ef10
14292:             1             16  org.opensearch.timeseries.NodeStateManager$$Lambda/0x00007fcd289c3488
14293:             1             16  org.opensearch.timeseries.NodeStateManager$$Lambda/0x00007fcd289c36b8
14294:             1             16  org.opensearch.timeseries.TimeSeriesAnalyticsPlugin$$Lambda/0x00007fcd283adb40
14295:             1             16  org.opensearch.timeseries.TimeSeriesAnalyticsPlugin$$Lambda/0x00007fcd283beb90
14296:             1             16  org.opensearch.timeseries.TimeSeriesAnalyticsPlugin$$Lambda/0x00007fcd28578bf8
14297:             1             16  org.opensearch.timeseries.TimeSeriesAnalyticsPlugin$$Lambda/0x00007fcd28578e38
14298:             1             16  org.opensearch.timeseries.TimeSeriesAnalyticsPlugin$$Lambda/0x00007fcd289ce8f0
14299:             1             16  org.opensearch.timeseries.TimeSeriesAnalyticsPlugin$$Lambda/0x00007fcd28a129e8
14300:             1             16  org.opensearch.timeseries.TimeSeriesAnalyticsPlugin$$Lambda/0x00007fcd28a3be78
14301:             1             16  org.opensearch.timeseries.TimeSeriesAnalyticsPlugin$$Lambda/0x00007fcd28a3cc40
14302:             1             16  org.opensearch.timeseries.TimeSeriesAnalyticsPlugin$1
14303:             1             16  org.opensearch.timeseries.TimeSeriesAnalyticsPlugin$1$1
14304:             1             16  org.opensearch.timeseries.cluster.ClusterEventListener$$Lambda/0x00007fcd290157e8
14305:             1             16  org.opensearch.timeseries.cluster.ClusterEventListener$$Lambda/0x00007fcd29015a00
14306:             1             16  org.opensearch.timeseries.cluster.ClusterEventListener$$Lambda/0x00007fcd29016078
14307:             1             16  org.opensearch.timeseries.cluster.ClusterEventListener$$Lambda/0x00007fcd29016290
14308:             1             16  org.opensearch.timeseries.cluster.HashRing$$Lambda/0x00007fcd28a2f250
14309:             1             16  org.opensearch.timeseries.cluster.HashRing$$Lambda/0x00007fcd29016ad8
14310:             1             16  org.opensearch.timeseries.cluster.HashRing$$Lambda/0x00007fcd29017160
14311:             1             16  org.opensearch.timeseries.cluster.HashRing$$Lambda/0x00007fcd29017398
14312:             1             16  org.opensearch.timeseries.dataprocessor.LinearUniformImputer
14313:             1             16  org.opensearch.timeseries.feature.SearchFeatureDao$$Lambda/0x00007fcd289c6000
14314:             1             16  org.opensearch.timeseries.feature.SearchFeatureDao$$Lambda/0x00007fcd289c6230
14315:             1             16  org.opensearch.timeseries.model.Job$$Lambda/0x00007fcd2889c480
14316:             1             16  org.opensearch.timeseries.transport.AbstractSingleStreamResultTransportAction$$Lambda/0x00007fcd28e3fb40
14317:             1             16  org.opensearch.timeseries.transport.BaseDeleteConfigTransportAction$$Lambda/0x00007fcd28d9fda0
14318:             1             16  org.opensearch.timeseries.transport.BaseDeleteModelTransportAction$$Lambda/0x00007fcd28e3dbc0
14319:             1             16  org.opensearch.timeseries.transport.BaseDeleteModelTransportAction$$Lambda/0x00007fcd28e3ddd8
14320:             1             16  org.opensearch.timeseries.transport.BaseEntityProfileTransportAction$$Lambda/0x00007fcd28e3d360
14321:             1             16  org.opensearch.timeseries.transport.BaseGetConfigTransportAction$$Lambda/0x00007fcd28f1e918
14322:             1             16  org.opensearch.timeseries.transport.BaseJobTransportAction$$Lambda/0x00007fcd28d9e1a0
14323:             1             16  org.opensearch.timeseries.transport.BaseProfileTransportAction$$Lambda/0x00007fcd28d9ea58
14324:             1             16  org.opensearch.timeseries.transport.BaseProfileTransportAction$$Lambda/0x00007fcd28d9ec70
14325:             1             16  org.opensearch.timeseries.transport.BaseSearchConfigInfoTransportAction$$Lambda/0x00007fcd28d9dd70
14326:             1             16  org.opensearch.timeseries.transport.BaseStatsNodesTransportAction$$Lambda/0x00007fcd28e3e850
14327:             1             16  org.opensearch.timeseries.transport.BaseStatsNodesTransportAction$$Lambda/0x00007fcd28e3ea68
14328:             1             16  org.opensearch.timeseries.transport.BaseStatsTransportAction$$Lambda/0x00007fcd28e3f0b0
14329:             1             16  org.opensearch.timeseries.transport.BaseSuggestConfigParamTransportAction$$Lambda/0x00007fcd28f77678
14330:             1             16  org.opensearch.timeseries.transport.BaseSuggestConfigParamTransportAction$$Lambda/0x00007fcd28f77890
14331:             1             16  org.opensearch.timeseries.transport.BaseValidateConfigTransportAction$$Lambda/0x00007fcd28e3f6f8
14332:             1             16  org.opensearch.timeseries.transport.CronTransportAction$$Lambda/0x00007fcd28e3ec80
14333:             1             16  org.opensearch.timeseries.transport.CronTransportAction$$Lambda/0x00007fcd28e3ee98
14334:             1             16  org.opensearch.timeseries.transport.CronTransportAction$$Lambda/0x00007fcd290175d0
14335:             1             16  org.opensearch.timeseries.transport.CronTransportAction$$Lambda/0x00007fcd290177f0
14336:             1             16  org.opensearch.timeseries.transport.ResultProcessor$$Lambda/0x00007fcd28d9f940
14337:             1             16  org.opensearch.timeseries.transport.ResultProcessor$$Lambda/0x00007fcd28d9fb70
14338:             1             16  org.opensearch.timeseries.util.ClientUtil
14339:             1             16  org.opensearch.timeseries.util.DiscoveryNodeFilterer$HotDataNodePredicate
14340:             1             16  org.opensearch.transport.ConnectionManager$DelegatingNodeConnectionListener
14341:             1             16  org.opensearch.transport.CopyBytesSocketChannel$$Lambda/0x00007fcd290f8c18
14342:             1             16  org.opensearch.transport.EmptyTransportResponseHandler
14343:             1             16  org.opensearch.transport.NativeMessageHandler$$Lambda/0x00007fcd29198000
14344:             1             16  org.opensearch.transport.NativeMessageHandler$$Lambda/0x00007fcd29198238
14345:             1             16  org.opensearch.transport.Netty4Plugin
14346:             1             16  org.opensearch.transport.NettyAllocator$NoDirectBuffers
14347:             1             16  org.opensearch.transport.ProxyConnectionStrategy$$Lambda/0x00007fcd286e2b28
14348:             1             16  org.opensearch.transport.ProxyConnectionStrategy$$Lambda/0x00007fcd286e2d50
14349:             1             16  org.opensearch.transport.ProxyConnectionStrategy$$Lambda/0x00007fcd286e2f78
14350:             1             16  org.opensearch.transport.ProxyConnectionStrategy$$Lambda/0x00007fcd286e31a0
14351:             1             16  org.opensearch.transport.RemoteClusterAware$$Lambda/0x00007fcd28cdf798
14352:             1             16  org.opensearch.transport.RemoteClusterService$$Lambda/0x00007fcd280bd200
14353:             1             16  org.opensearch.transport.RemoteClusterService$$Lambda/0x00007fcd280be830
14354:             1             16  org.opensearch.transport.RemoteClusterService$$Lambda/0x00007fcd280caa58
14355:             1             16  org.opensearch.transport.RemoteClusterService$$Lambda/0x00007fcd28ce4278
14356:             1             16  org.opensearch.transport.RemoteClusterService$$Lambda/0x00007fcd28ce44a8
14357:             1             16  org.opensearch.transport.RemoteConnectionStrategy$$Lambda/0x00007fcd286dfd78
14358:             1             16  org.opensearch.transport.RemoteConnectionStrategy$$Lambda/0x00007fcd286e1500
14359:             1             16  org.opensearch.transport.RemoteConnectionStrategy$$Lambda/0x00007fcd29047120
14360:             1             16  org.opensearch.transport.RemoteConnectionStrategy$ConnectionStrategy$$Lambda/0x00007fcd286e0ab0
14361:             1             16  org.opensearch.transport.RemoteConnectionStrategy$ConnectionStrategy$$Lambda/0x00007fcd286e0cc8
14362:             1             16  org.opensearch.transport.RemoteConnectionStrategy$ConnectionStrategy$$Lambda/0x00007fcd286e0ee0
14363:             1             16  org.opensearch.transport.RemoteConnectionStrategy$ConnectionStrategy$$Lambda/0x00007fcd286e10f8
14364:             1             16  org.opensearch.transport.RemoteConnectionStrategy$StrategyValidator$$Lambda/0x00007fcd286e1df0
14365:             1             16  org.opensearch.transport.SniffConnectionStrategy$$Lambda/0x00007fcd286e1738
14366:             1             16  org.opensearch.transport.SniffConnectionStrategy$$Lambda/0x00007fcd286e1960
14367:             1             16  org.opensearch.transport.SniffConnectionStrategy$$Lambda/0x00007fcd286e2018
14368:             1             16  org.opensearch.transport.SniffConnectionStrategy$$Lambda/0x00007fcd286e2240
14369:             1             16  org.opensearch.transport.SniffConnectionStrategy$$Lambda/0x00007fcd286e2490
14370:             1             16  org.opensearch.transport.SniffConnectionStrategy$$Lambda/0x00007fcd286e26b8
14371:             1             16  org.opensearch.transport.SniffConnectionStrategy$$Lambda/0x00007fcd286e28e0
14372:             1             16  org.opensearch.transport.TcpTransport$$Lambda/0x00007fcd28cb7900
14373:             1             16  org.opensearch.transport.TcpTransport$$Lambda/0x00007fcd29046370
14374:             1             16  org.opensearch.transport.TcpTransport$$Lambda/0x00007fcd290f3728
14375:             1             16  org.opensearch.transport.Transport$RequestHandlers
14376:             1             16  org.opensearch.transport.TransportActionProxy$$Lambda/0x00007fcd28e1c888
14377:             1             16  org.opensearch.transport.TransportMessageListener$1
14378:             1             16  org.opensearch.transport.TransportService$$Lambda/0x00007fcd28cded10
14379:             1             16  org.opensearch.transport.TransportService$$Lambda/0x00007fcd28cdf338
14380:             1             16  org.opensearch.transport.TransportService$$Lambda/0x00007fcd28cdf568
14381:             1             16  org.opensearch.transport.TransportService$$Lambda/0x00007fcd28ce46d0
14382:             1             16  org.opensearch.transport.TransportService$$Lambda/0x00007fcd28ce4900
14383:             1             16  org.opensearch.transport.TransportService$$Lambda/0x00007fcd28ce4b18
14384:             1             16  org.opensearch.transport.TransportService$$Lambda/0x00007fcd29046ce0
14385:             1             16  org.opensearch.transport.TransportService$$Lambda/0x00007fcd29046ef8
14386:             1             16  org.opensearch.transport.TransportService$$Lambda/0x00007fcd2913f4a0
14387:             1             16  org.opensearch.transport.TransportService$$Lambda/0x00007fcd291806f0
14388:             1             16  org.opensearch.transport.TransportService$$Lambda/0x00007fcd29194460
14389:             1             16  org.opensearch.transport.TransportService$2
14390:             1             16  org.opensearch.transport.TransportService$3
14391:             1             16  org.opensearch.transport.TransportService$DelegatingTransportMessageListener
14392:             1             16  org.opensearch.transport.TransportService$HandshakeResponse$$Lambda/0x00007fcd29182638
14393:             1             16  org.opensearch.transport.TransportSettings$$Lambda/0x00007fcd280bee98
14394:             1             16  org.opensearch.transport.TransportSettings$$Lambda/0x00007fcd280bf300
14395:             1             16  org.opensearch.transport.TransportSettings$$Lambda/0x00007fcd280bf538
14396:             1             16  org.opensearch.transport.TransportSettings$$Lambda/0x00007fcd280bfc48
14397:             1             16  org.opensearch.transport.TransportSettings$$Lambda/0x00007fcd280c8238
14398:             1             16  org.opensearch.transport.TransportSettings$$Lambda/0x00007fcd280c8470
14399:             1             16  org.opensearch.transport.TransportSettings$$Lambda/0x00007fcd280c86a8
14400:             1             16  org.opensearch.transport.TransportSettings$$Lambda/0x00007fcd280c88e0
14401:             1             16  org.opensearch.transport.TransportSettings$$Lambda/0x00007fcd280c91e0
14402:             1             16  org.opensearch.transport.TransportSettings$$Lambda/0x00007fcd280c9418
14403:             1             16  org.opensearch.transport.TransportSettings$$Lambda/0x00007fcd280c9650
14404:             1             16  org.opensearch.transport.TransportSettings$$Lambda/0x00007fcd280c9888
14405:             1             16  org.opensearch.transport.TransportSettings$$Lambda/0x00007fcd280c9ac0
14406:             1             16  org.opensearch.transport.TransportSettings$$Lambda/0x00007fcd280c9cf8
14407:             1             16  org.opensearch.transport.TransportSettings$$Lambda/0x00007fcd280c9f30
14408:             1             16  org.opensearch.transport.TransportSettings$$Lambda/0x00007fcd280ca168
14409:             1             16  org.opensearch.transport.TransportSettings$$Lambda/0x00007fcd280ca3a0
14410:             1             16  org.opensearch.transport.nativeprotocol.NativeInboundBytesHandler$$Lambda/0x00007fcd29105d90
14411:             1             16  org.opensearch.transport.netty4.Netty4Transport$$Lambda/0x00007fcd2828c648
14412:             1             16  org.opensearch.transport.netty4.Netty4Transport$$Lambda/0x00007fcd2828c880
14413:             1             16  org.opensearch.transport.netty4.Netty4Transport$$Lambda/0x00007fcd28568870
14414:             1             16  org.opensearch.transport.netty4.Netty4Transport$$Lambda/0x00007fcd28568aa8
14415:             1             16  org.opensearch.transport.netty4.ssl.SecureNetty4Transport$SSLServerChannelInitializer$$Lambda/0x00007fcd2918ae28
14416:             1             16  org.opensearch.usage.UsageService
14417:             1             16  org.reflections.ReflectionUtils$$Lambda/0x00007fcd28adf1a8
14418:             1             16  org.reflections.ReflectionUtils$$Lambda/0x00007fcd28adf3f0
14419:             1             16  org.reflections.Store$$Lambda/0x00007fcd28adb9c0
14420:             1             16  org.reflections.Store$$Lambda/0x00007fcd28adbbf8
14421:             1             16  org.reflections.Store$$Lambda/0x00007fcd28adcb88
14422:             1             16  org.reflections.adapters.JavassistAdapter$$Lambda/0x00007fcd28ad83e0
14423:             1             16  org.reflections.adapters.JavassistAdapter$$Lambda/0x00007fcd28ad8628
14424:             1             16  org.reflections.adapters.JavassistAdapter$$Lambda/0x00007fcd28adaa88
14425:             1             16  org.reflections.scanners.AbstractScanner$$Lambda/0x00007fcd28acafd8
14426:             1             16  org.reflections.vfs.ZipDir$$Lambda/0x00007fcd28ace6a0
14427:             1             16  org.slf4j.helpers.NOPLoggerFactory
14428:             1             16  org.slf4j.helpers.NOPLoggerFactory
14429:             1             16  org.slf4j.helpers.NOPLoggerFactory
14430:             1             16  org.slf4j.impl.StaticLoggerBinder
14431:             1             16  org.slf4j.impl.StaticLoggerBinder
14432:             1             16  org.slf4j.impl.StaticMarkerBinder
14433:             1             16  org.slf4j.impl.StaticMarkerBinder
14434:             1             16  org.yaml.snakeyaml.external.com.google.gdata.util.common.base.UnicodeEscaper$2
14435:             1             16  org.yaml.snakeyaml.inspector.UnTrustedTagInspector
14436:             1             16  sun.management.ClassLoadingImpl (java.management@21.0.3)
14437:             1             16  sun.management.ManagementFactoryHelper$$Lambda/0x00007fcd284df888 (java.management@21.0.3)
14438:             1             16  sun.management.ThreadImpl$$Lambda/0x00007fcd2928a600 (java.management@21.0.3)
14439:             1             16  sun.misc.Unsafe (jdk.unsupported@21.0.3)
14440:             1             16  sun.net.www.protocol.file.Handler (java.base@21.0.3)
14441:             1             16  sun.net.www.protocol.jar.JarFileFactory (java.base@21.0.3)
14442:             1             16  sun.net.www.protocol.jrt.Handler (java.base@21.0.3)
14443:             1             16  sun.net.www.protocol.jrt.JavaRuntimeURLConnection$$Lambda/0x00007fcd28272730 (java.base@21.0.3)
14444:             1             16  sun.nio.ch.DefaultSelectorProvider$$Lambda/0x00007fcd289ee840 (java.base@21.0.3)
14445:             1             16  sun.nio.ch.EPollSelectorProvider (java.base@21.0.3)
14446:             1             16  sun.nio.ch.ExtendedSocketOption$1 (java.base@21.0.3)
14447:             1             16  sun.nio.ch.FileChannelImpl$2 (java.base@21.0.3)
14448:             1             16  sun.nio.ch.FileChannelImpl$3 (java.base@21.0.3)
14449:             1             16  sun.nio.ch.FileDispatcherImpl (java.base@21.0.3)
14450:             1             16  sun.nio.ch.Net$1 (java.base@21.0.3)
14451:             1             16  sun.nio.ch.Util$1 (java.base@21.0.3)
14452:             1             16  sun.nio.fs.LinuxFileSystemProvider (java.base@21.0.3)
14453:             1             16  sun.nio.fs.NativeBuffers$1 (java.base@21.0.3)
14454:             1             16  sun.nio.fs.UnixFileSystem$$Lambda/0x00007fcd29284db8 (java.base@21.0.3)
14455:             1             16  sun.nio.fs.UnixFileSystem$$Lambda/0x00007fcd29285f78 (java.base@21.0.3)
14456:             1             16  sun.reflect.generics.tree.BooleanSignature (java.base@21.0.3)
14457:             1             16  sun.reflect.generics.tree.BottomSignature (java.base@21.0.3)
14458:             1             16  sun.reflect.generics.tree.ByteSignature (java.base@21.0.3)
14459:             1             16  sun.reflect.generics.tree.CharSignature (java.base@21.0.3)
14460:             1             16  sun.reflect.generics.tree.DoubleSignature (java.base@21.0.3)
14461:             1             16  sun.reflect.generics.tree.IntSignature (java.base@21.0.3)
14462:             1             16  sun.reflect.generics.tree.LongSignature (java.base@21.0.3)
14463:             1             16  sun.reflect.generics.tree.VoidDescriptor (java.base@21.0.3)
14464:             1             16  sun.security.ec.ECOperations$PointMultiplier$Secp256R1GeneratorMultiplier (jdk.crypto.ec@21.0.3)
14465:             1             16  sun.security.ec.ECPrivateKeyImpl$$Lambda/0x00007fcd29042bb0 (jdk.crypto.ec@21.0.3)
14466:             1             16  sun.security.ec.XDHKeyAgreement$$Lambda/0x00007fcd291269c0 (jdk.crypto.ec@21.0.3)
14467:             1             16  sun.security.ec.XDHKeyAgreement$$Lambda/0x00007fcd291272a0 (jdk.crypto.ec@21.0.3)
14468:             1             16  sun.security.ec.XDHKeyAgreement$$Lambda/0x00007fcd29127d98 (jdk.crypto.ec@21.0.3)
14469:             1             16  sun.security.ec.XDHKeyAgreement$$Lambda/0x00007fcd2912c430 (jdk.crypto.ec@21.0.3)
14470:             1             16  sun.security.ec.XDHKeyFactory$$Lambda/0x00007fcd29125a38 (jdk.crypto.ec@21.0.3)
14471:             1             16  sun.security.ec.XDHKeyFactory$$Lambda/0x00007fcd29125ea8 (jdk.crypto.ec@21.0.3)
14472:             1             16  sun.security.ec.XDHKeyPairGenerator$$Lambda/0x00007fcd29040e60 (jdk.crypto.ec@21.0.3)
14473:             1             16  sun.security.ec.ed.EdDSAParameters$$Lambda/0x00007fcd28320978 (jdk.crypto.ec@21.0.3)
14474:             1             16  sun.security.ec.ed.EdDSAParameters$$Lambda/0x00007fcd28321320 (jdk.crypto.ec@21.0.3)
14475:             1             16  sun.security.ec.ed.EdDSAParameters$SHA512DigesterFactory (jdk.crypto.ec@21.0.3)
14476:             1             16  sun.security.ec.ed.EdDSAParameters$SHAKE256DigesterFactory (jdk.crypto.ec@21.0.3)
14477:             1             16  sun.security.ec.ed.EdDSASignature$$Lambda/0x00007fcd2831f668 (jdk.crypto.ec@21.0.3)
14478:             1             16  sun.security.jca.ProviderConfig$ProviderLoader (java.base@21.0.3)
14479:             1             16  sun.security.pkcs11.SunPKCS11$$Lambda/0x00007fcd2831e740 (jdk.crypto.cryptoki@21.0.3)
14480:             1             16  sun.security.rsa.RSACore$$Lambda/0x00007fcd2916b348 (java.base@21.0.3)
14481:             1             16  sun.security.ssl.Alert$AlertConsumer (java.base@21.0.3)
14482:             1             16  sun.security.ssl.AlpnExtension$$Lambda/0x00007fcd291414d8 (java.base@21.0.3)
14483:             1             16  sun.security.ssl.AlpnExtension$AlpnStringizer (java.base@21.0.3)
14484:             1             16  sun.security.ssl.AlpnExtension$CHAlpnAbsence (java.base@21.0.3)
14485:             1             16  sun.security.ssl.AlpnExtension$CHAlpnConsumer (java.base@21.0.3)
14486:             1             16  sun.security.ssl.AlpnExtension$CHAlpnProducer (java.base@21.0.3)
14487:             1             16  sun.security.ssl.CertSignAlgsExtension$CHCertSignatureSchemesConsumer (java.base@21.0.3)
14488:             1             16  sun.security.ssl.CertSignAlgsExtension$CHCertSignatureSchemesProducer (java.base@21.0.3)
14489:             1             16  sun.security.ssl.CertSignAlgsExtension$CHCertSignatureSchemesUpdate (java.base@21.0.3)
14490:             1             16  sun.security.ssl.CertSignAlgsExtension$CRCertSignatureSchemesConsumer (java.base@21.0.3)
14491:             1             16  sun.security.ssl.CertSignAlgsExtension$CRCertSignatureSchemesProducer (java.base@21.0.3)
14492:             1             16  sun.security.ssl.CertSignAlgsExtension$CRCertSignatureSchemesUpdate (java.base@21.0.3)
14493:             1             16  sun.security.ssl.CertSignAlgsExtension$CertSignatureSchemesStringizer (java.base@21.0.3)
14494:             1             16  sun.security.ssl.CertStatusExtension$CHCertStatusReqConsumer (java.base@21.0.3)
14495:             1             16  sun.security.ssl.CertStatusExtension$CHCertStatusReqProducer (java.base@21.0.3)
14496:             1             16  sun.security.ssl.CertStatusExtension$CHCertStatusReqV2Consumer (java.base@21.0.3)
14497:             1             16  sun.security.ssl.CertStatusExtension$CHCertStatusReqV2Producer (java.base@21.0.3)
14498:             1             16  sun.security.ssl.CertStatusExtension$CTCertStatusResponseConsumer (java.base@21.0.3)
14499:             1             16  sun.security.ssl.CertStatusExtension$CTCertStatusResponseProducer (java.base@21.0.3)
14500:             1             16  sun.security.ssl.CertStatusExtension$CertStatusRequestSpec (java.base@21.0.3)
14501:             1             16  sun.security.ssl.CertStatusExtension$CertStatusRequestStringizer (java.base@21.0.3)
14502:             1             16  sun.security.ssl.CertStatusExtension$CertStatusRequestV2Spec (java.base@21.0.3)
14503:             1             16  sun.security.ssl.CertStatusExtension$CertStatusRequestsStringizer (java.base@21.0.3)
14504:             1             16  sun.security.ssl.CertStatusExtension$CertStatusRespStringizer (java.base@21.0.3)
14505:             1             16  sun.security.ssl.CertStatusExtension$SHCertStatusReqConsumer (java.base@21.0.3)
14506:             1             16  sun.security.ssl.CertStatusExtension$SHCertStatusReqProducer (java.base@21.0.3)
14507:             1             16  sun.security.ssl.CertStatusExtension$SHCertStatusReqV2Consumer (java.base@21.0.3)
14508:             1             16  sun.security.ssl.CertStatusExtension$SHCertStatusReqV2Producer (java.base@21.0.3)
14509:             1             16  sun.security.ssl.CertificateAuthoritiesExtension$CHCertificateAuthoritiesConsumer (java.base@21.0.3)
14510:             1             16  sun.security.ssl.CertificateAuthoritiesExtension$CHCertificateAuthoritiesProducer (java.base@21.0.3)
14511:             1             16  sun.security.ssl.CertificateAuthoritiesExtension$CRCertificateAuthoritiesConsumer (java.base@21.0.3)
14512:             1             16  sun.security.ssl.CertificateAuthoritiesExtension$CRCertificateAuthoritiesProducer (java.base@21.0.3)
14513:             1             16  sun.security.ssl.CertificateAuthoritiesExtension$CertificateAuthoritiesStringizer (java.base@21.0.3)
14514:             1             16  sun.security.ssl.CertificateMessage$T12CertificateConsumer (java.base@21.0.3)
14515:             1             16  sun.security.ssl.CertificateMessage$T12CertificateProducer (java.base@21.0.3)
14516:             1             16  sun.security.ssl.CertificateMessage$T13CertificateConsumer (java.base@21.0.3)
14517:             1             16  sun.security.ssl.CertificateMessage$T13CertificateProducer (java.base@21.0.3)
14518:             1             16  sun.security.ssl.CertificateMessage$T13CertificateProducer$$Lambda/0x00007fcd29167c40 (java.base@21.0.3)
14519:             1             16  sun.security.ssl.CertificateMessage$T13CertificateProducer$$Lambda/0x00007fcd291690b0 (java.base@21.0.3)
14520:             1             16  sun.security.ssl.CertificateMessage$T13CertificateProducer$$Lambda/0x00007fcd29169c18 (java.base@21.0.3)
14521:             1             16  sun.security.ssl.CertificateRequest$T10CertificateRequestConsumer (java.base@21.0.3)
14522:             1             16  sun.security.ssl.CertificateRequest$T10CertificateRequestProducer (java.base@21.0.3)
14523:             1             16  sun.security.ssl.CertificateRequest$T12CertificateRequestConsumer (java.base@21.0.3)
14524:             1             16  sun.security.ssl.CertificateRequest$T12CertificateRequestProducer (java.base@21.0.3)
14525:             1             16  sun.security.ssl.CertificateRequest$T13CertificateRequestConsumer (java.base@21.0.3)
14526:             1             16  sun.security.ssl.CertificateRequest$T13CertificateRequestProducer (java.base@21.0.3)
14527:             1             16  sun.security.ssl.CertificateStatus$CertificateStatusAbsence (java.base@21.0.3)
14528:             1             16  sun.security.ssl.CertificateStatus$CertificateStatusConsumer (java.base@21.0.3)
14529:             1             16  sun.security.ssl.CertificateStatus$CertificateStatusProducer (java.base@21.0.3)
14530:             1             16  sun.security.ssl.CertificateVerify$S30CertificateVerifyConsumer (java.base@21.0.3)
14531:             1             16  sun.security.ssl.CertificateVerify$S30CertificateVerifyProducer (java.base@21.0.3)
14532:             1             16  sun.security.ssl.CertificateVerify$T10CertificateVerifyConsumer (java.base@21.0.3)
14533:             1             16  sun.security.ssl.CertificateVerify$T10CertificateVerifyProducer (java.base@21.0.3)
14534:             1             16  sun.security.ssl.CertificateVerify$T12CertificateVerifyConsumer (java.base@21.0.3)
14535:             1             16  sun.security.ssl.CertificateVerify$T12CertificateVerifyProducer (java.base@21.0.3)
14536:             1             16  sun.security.ssl.CertificateVerify$T13CertificateVerifyConsumer (java.base@21.0.3)
14537:             1             16  sun.security.ssl.CertificateVerify$T13CertificateVerifyProducer (java.base@21.0.3)
14538:             1             16  sun.security.ssl.ChangeCipherSpec$T10ChangeCipherSpecConsumer (java.base@21.0.3)
14539:             1             16  sun.security.ssl.ChangeCipherSpec$T10ChangeCipherSpecProducer (java.base@21.0.3)
14540:             1             16  sun.security.ssl.ChangeCipherSpec$T13ChangeCipherSpecConsumer (java.base@21.0.3)
14541:             1             16  sun.security.ssl.ClientHello$ClientHelloConsumer (java.base@21.0.3)
14542:             1             16  sun.security.ssl.ClientHello$ClientHelloKickstartProducer (java.base@21.0.3)
14543:             1             16  sun.security.ssl.ClientHello$ClientHelloProducer (java.base@21.0.3)
14544:             1             16  sun.security.ssl.ClientHello$D12ClientHelloConsumer (java.base@21.0.3)
14545:             1             16  sun.security.ssl.ClientHello$D13ClientHelloConsumer (java.base@21.0.3)
14546:             1             16  sun.security.ssl.ClientHello$T12ClientHelloConsumer (java.base@21.0.3)
14547:             1             16  sun.security.ssl.ClientHello$T13ClientHelloConsumer (java.base@21.0.3)
14548:             1             16  sun.security.ssl.ClientKeyExchange$ClientKeyExchangeConsumer (java.base@21.0.3)
14549:             1             16  sun.security.ssl.ClientKeyExchange$ClientKeyExchangeProducer (java.base@21.0.3)
14550:             1             16  sun.security.ssl.CookieExtension$CHCookieConsumer (java.base@21.0.3)
14551:             1             16  sun.security.ssl.CookieExtension$CHCookieProducer (java.base@21.0.3)
14552:             1             16  sun.security.ssl.CookieExtension$CHCookieUpdate (java.base@21.0.3)
14553:             1             16  sun.security.ssl.CookieExtension$CookieStringizer (java.base@21.0.3)
14554:             1             16  sun.security.ssl.CookieExtension$HRRCookieConsumer (java.base@21.0.3)
14555:             1             16  sun.security.ssl.CookieExtension$HRRCookieProducer (java.base@21.0.3)
14556:             1             16  sun.security.ssl.CookieExtension$HRRCookieReproducer (java.base@21.0.3)
14557:             1             16  sun.security.ssl.DummyX509KeyManager (java.base@21.0.3)
14558:             1             16  sun.security.ssl.DummyX509TrustManager (java.base@21.0.3)
14559:             1             16  sun.security.ssl.ECDHKeyExchange$ECDHEKAGenerator (java.base@21.0.3)
14560:             1             16  sun.security.ssl.ECDHKeyExchange$ECDHEPossessionGenerator (java.base@21.0.3)
14561:             1             16  sun.security.ssl.ECDHKeyExchange$ECDHEXDHKAGenerator (java.base@21.0.3)
14562:             1             16  sun.security.ssl.ECDHKeyExchange$ECDHKAGenerator (java.base@21.0.3)
14563:             1             16  sun.security.ssl.ECPointFormatsExtension$CHECPointFormatsConsumer (java.base@21.0.3)
14564:             1             16  sun.security.ssl.ECPointFormatsExtension$CHECPointFormatsProducer (java.base@21.0.3)
14565:             1             16  sun.security.ssl.ECPointFormatsExtension$ECPointFormatsSpec (java.base@21.0.3)
14566:             1             16  sun.security.ssl.ECPointFormatsExtension$ECPointFormatsStringizer (java.base@21.0.3)
14567:             1             16  sun.security.ssl.ECPointFormatsExtension$SHECPointFormatsConsumer (java.base@21.0.3)
14568:             1             16  sun.security.ssl.EncryptedExtensions$EncryptedExtensionsConsumer (java.base@21.0.3)
14569:             1             16  sun.security.ssl.EncryptedExtensions$EncryptedExtensionsProducer (java.base@21.0.3)
14570:             1             16  sun.security.ssl.ExtendedMasterSecretExtension$CHExtendedMasterSecretAbsence (java.base@21.0.3)
14571:             1             16  sun.security.ssl.ExtendedMasterSecretExtension$CHExtendedMasterSecretConsumer (java.base@21.0.3)
14572:             1             16  sun.security.ssl.ExtendedMasterSecretExtension$CHExtendedMasterSecretProducer (java.base@21.0.3)
14573:             1             16  sun.security.ssl.ExtendedMasterSecretExtension$ExtendedMasterSecretSpec (java.base@21.0.3)
14574:             1             16  sun.security.ssl.ExtendedMasterSecretExtension$ExtendedMasterSecretStringizer (java.base@21.0.3)
14575:             1             16  sun.security.ssl.ExtendedMasterSecretExtension$SHExtendedMasterSecretAbsence (java.base@21.0.3)
14576:             1             16  sun.security.ssl.ExtendedMasterSecretExtension$SHExtendedMasterSecretConsumer (java.base@21.0.3)
14577:             1             16  sun.security.ssl.ExtendedMasterSecretExtension$SHExtendedMasterSecretProducer (java.base@21.0.3)
14578:             1             16  sun.security.ssl.Finished$S30VerifyDataGenerator (java.base@21.0.3)
14579:             1             16  sun.security.ssl.Finished$T10VerifyDataGenerator (java.base@21.0.3)
14580:             1             16  sun.security.ssl.Finished$T12FinishedConsumer (java.base@21.0.3)
14581:             1             16  sun.security.ssl.Finished$T12FinishedProducer (java.base@21.0.3)
14582:             1             16  sun.security.ssl.Finished$T12VerifyDataGenerator (java.base@21.0.3)
14583:             1             16  sun.security.ssl.Finished$T13FinishedConsumer (java.base@21.0.3)
14584:             1             16  sun.security.ssl.Finished$T13FinishedProducer (java.base@21.0.3)
14585:             1             16  sun.security.ssl.Finished$T13VerifyDataGenerator (java.base@21.0.3)
14586:             1             16  sun.security.ssl.HelloRequest$HelloRequestConsumer (java.base@21.0.3)
14587:             1             16  sun.security.ssl.HelloRequest$HelloRequestKickstartProducer (java.base@21.0.3)
14588:             1             16  sun.security.ssl.HelloRequest$HelloRequestProducer (java.base@21.0.3)
14589:             1             16  sun.security.ssl.HelloVerifyRequest$HelloVerifyRequestConsumer (java.base@21.0.3)
14590:             1             16  sun.security.ssl.HelloVerifyRequest$HelloVerifyRequestProducer (java.base@21.0.3)
14591:             1             16  sun.security.ssl.KeyShareExtension$CHKeyShareConsumer (java.base@21.0.3)
14592:             1             16  sun.security.ssl.KeyShareExtension$CHKeyShareOnTradeAbsence (java.base@21.0.3)
14593:             1             16  sun.security.ssl.KeyShareExtension$CHKeyShareProducer (java.base@21.0.3)
14594:             1             16  sun.security.ssl.KeyShareExtension$CHKeyShareStringizer (java.base@21.0.3)
14595:             1             16  sun.security.ssl.KeyShareExtension$HRRKeyShareConsumer (java.base@21.0.3)
14596:             1             16  sun.security.ssl.KeyShareExtension$HRRKeyShareProducer (java.base@21.0.3)
14597:             1             16  sun.security.ssl.KeyShareExtension$HRRKeyShareReproducer (java.base@21.0.3)
14598:             1             16  sun.security.ssl.KeyShareExtension$HRRKeyShareStringizer (java.base@21.0.3)
14599:             1             16  sun.security.ssl.KeyShareExtension$SHKeyShareAbsence (java.base@21.0.3)
14600:             1             16  sun.security.ssl.KeyShareExtension$SHKeyShareConsumer (java.base@21.0.3)
14601:             1             16  sun.security.ssl.KeyShareExtension$SHKeyShareProducer (java.base@21.0.3)
14602:             1             16  sun.security.ssl.KeyShareExtension$SHKeyShareStringizer (java.base@21.0.3)
14603:             1             16  sun.security.ssl.KeyUpdate$KeyUpdateConsumer (java.base@21.0.3)
14604:             1             16  sun.security.ssl.KeyUpdate$KeyUpdateKickstartProducer (java.base@21.0.3)
14605:             1             16  sun.security.ssl.KeyUpdate$KeyUpdateProducer (java.base@21.0.3)
14606:             1             16  sun.security.ssl.MaxFragExtension$CHMaxFragmentLengthConsumer (java.base@21.0.3)
14607:             1             16  sun.security.ssl.MaxFragExtension$CHMaxFragmentLengthProducer (java.base@21.0.3)
14608:             1             16  sun.security.ssl.MaxFragExtension$EEMaxFragmentLengthConsumer (java.base@21.0.3)
14609:             1             16  sun.security.ssl.MaxFragExtension$EEMaxFragmentLengthProducer (java.base@21.0.3)
14610:             1             16  sun.security.ssl.MaxFragExtension$EEMaxFragmentLengthUpdate (java.base@21.0.3)
14611:             1             16  sun.security.ssl.MaxFragExtension$MaxFragLenStringizer (java.base@21.0.3)
14612:             1             16  sun.security.ssl.MaxFragExtension$SHMaxFragmentLengthConsumer (java.base@21.0.3)
14613:             1             16  sun.security.ssl.MaxFragExtension$SHMaxFragmentLengthProducer (java.base@21.0.3)
14614:             1             16  sun.security.ssl.MaxFragExtension$SHMaxFragmentLengthUpdate (java.base@21.0.3)
14615:             1             16  sun.security.ssl.NamedGroup$ECDHEScheme (java.base@21.0.3)
14616:             1             16  sun.security.ssl.NamedGroup$FFDHEScheme (java.base@21.0.3)
14617:             1             16  sun.security.ssl.NamedGroup$XDHScheme (java.base@21.0.3)
14618:             1             16  sun.security.ssl.NewSessionTicket$T12NewSessionTicketConsumer (java.base@21.0.3)
14619:             1             16  sun.security.ssl.NewSessionTicket$T12NewSessionTicketProducer (java.base@21.0.3)
14620:             1             16  sun.security.ssl.NewSessionTicket$T13NewSessionTicketConsumer (java.base@21.0.3)
14621:             1             16  sun.security.ssl.NewSessionTicket$T13NewSessionTicketProducer (java.base@21.0.3)
14622:             1             16  sun.security.ssl.PreSharedKeyExtension$CHPreSharedKeyConsumer (java.base@21.0.3)
14623:             1             16  sun.security.ssl.PreSharedKeyExtension$CHPreSharedKeyOnLoadAbsence (java.base@21.0.3)
14624:             1             16  sun.security.ssl.PreSharedKeyExtension$CHPreSharedKeyOnTradeAbsence (java.base@21.0.3)
14625:             1             16  sun.security.ssl.PreSharedKeyExtension$CHPreSharedKeyProducer (java.base@21.0.3)
14626:             1             16  sun.security.ssl.PreSharedKeyExtension$CHPreSharedKeyStringizer (java.base@21.0.3)
14627:             1             16  sun.security.ssl.PreSharedKeyExtension$CHPreSharedKeyUpdate (java.base@21.0.3)
14628:             1             16  sun.security.ssl.PreSharedKeyExtension$SHPreSharedKeyAbsence (java.base@21.0.3)
14629:             1             16  sun.security.ssl.PreSharedKeyExtension$SHPreSharedKeyConsumer (java.base@21.0.3)
14630:             1             16  sun.security.ssl.PreSharedKeyExtension$SHPreSharedKeyProducer (java.base@21.0.3)
14631:             1             16  sun.security.ssl.PreSharedKeyExtension$SHPreSharedKeyStringizer (java.base@21.0.3)
14632:             1             16  sun.security.ssl.PskKeyExchangeModesExtension$PskKeyExchangeModesConsumer (java.base@21.0.3)
14633:             1             16  sun.security.ssl.PskKeyExchangeModesExtension$PskKeyExchangeModesOnLoadAbsence (java.base@21.0.3)
14634:             1             16  sun.security.ssl.PskKeyExchangeModesExtension$PskKeyExchangeModesOnTradeAbsence (java.base@21.0.3)
14635:             1             16  sun.security.ssl.PskKeyExchangeModesExtension$PskKeyExchangeModesProducer (java.base@21.0.3)
14636:             1             16  sun.security.ssl.PskKeyExchangeModesExtension$PskKeyExchangeModesSpec (java.base@21.0.3)
14637:             1             16  sun.security.ssl.PskKeyExchangeModesExtension$PskKeyExchangeModesStringizer (java.base@21.0.3)
14638:             1             16  sun.security.ssl.RSAKeyExchange$EphemeralRSAPossessionGenerator (java.base@21.0.3)
14639:             1             16  sun.security.ssl.RSAKeyExchange$RSAKAGenerator (java.base@21.0.3)
14640:             1             16  sun.security.ssl.RandomCookie (java.base@21.0.3)
14641:             1             16  sun.security.ssl.RenegoInfoExtension$CHRenegotiationInfoAbsence (java.base@21.0.3)
14642:             1             16  sun.security.ssl.RenegoInfoExtension$CHRenegotiationInfoConsumer (java.base@21.0.3)
14643:             1             16  sun.security.ssl.RenegoInfoExtension$CHRenegotiationInfoProducer (java.base@21.0.3)
14644:             1             16  sun.security.ssl.RenegoInfoExtension$RenegotiationInfoSpec (java.base@21.0.3)
14645:             1             16  sun.security.ssl.RenegoInfoExtension$RenegotiationInfoStringizer (java.base@21.0.3)
14646:             1             16  sun.security.ssl.RenegoInfoExtension$SHRenegotiationInfoAbsence (java.base@21.0.3)
14647:             1             16  sun.security.ssl.RenegoInfoExtension$SHRenegotiationInfoConsumer (java.base@21.0.3)
14648:             1             16  sun.security.ssl.RenegoInfoExtension$SHRenegotiationInfoProducer (java.base@21.0.3)
14649:             1             16  sun.security.ssl.SSLCipher$T12CC20P1305ReadCipherGenerator (java.base@21.0.3)
14650:             1             16  sun.security.ssl.SSLCipher$T12CC20P1305WriteCipherGenerator (java.base@21.0.3)
14651:             1             16  sun.security.ssl.SSLCipher$T13CC20P1305ReadCipherGenerator (java.base@21.0.3)
14652:             1             16  sun.security.ssl.SSLCipher$T13CC20P1305WriteCipherGenerator (java.base@21.0.3)
14653:             1             16  sun.security.ssl.SSLContextImpl$$Lambda/0x00007fcd282d5d38 (java.base@21.0.3)
14654:             1             16  sun.security.ssl.SSLTrafficKeyDerivation$S30TrafficKeyDerivationGenerator (java.base@21.0.3)
14655:             1             16  sun.security.ssl.SSLTrafficKeyDerivation$T10TrafficKeyDerivationGenerator (java.base@21.0.3)
14656:             1             16  sun.security.ssl.SSLTrafficKeyDerivation$T12TrafficKeyDerivationGenerator (java.base@21.0.3)
14657:             1             16  sun.security.ssl.SSLTrafficKeyDerivation$T13TrafficKeyDerivationGenerator (java.base@21.0.3)
14658:             1             16  sun.security.ssl.ServerHello$ServerHelloConsumer (java.base@21.0.3)
14659:             1             16  sun.security.ssl.ServerHello$T12ServerHelloProducer (java.base@21.0.3)
14660:             1             16  sun.security.ssl.ServerHello$T13HelloRetryRequestProducer (java.base@21.0.3)
14661:             1             16  sun.security.ssl.ServerHello$T13HelloRetryRequestReproducer (java.base@21.0.3)
14662:             1             16  sun.security.ssl.ServerHello$T13ServerHelloProducer (java.base@21.0.3)
14663:             1             16  sun.security.ssl.ServerHelloDone$ServerHelloDoneConsumer (java.base@21.0.3)
14664:             1             16  sun.security.ssl.ServerHelloDone$ServerHelloDoneProducer (java.base@21.0.3)
14665:             1             16  sun.security.ssl.ServerKeyExchange$ServerKeyExchangeConsumer (java.base@21.0.3)
14666:             1             16  sun.security.ssl.ServerKeyExchange$ServerKeyExchangeProducer (java.base@21.0.3)
14667:             1             16  sun.security.ssl.ServerNameExtension$CHServerNameConsumer (java.base@21.0.3)
14668:             1             16  sun.security.ssl.ServerNameExtension$CHServerNameProducer (java.base@21.0.3)
14669:             1             16  sun.security.ssl.ServerNameExtension$CHServerNamesStringizer (java.base@21.0.3)
14670:             1             16  sun.security.ssl.ServerNameExtension$EEServerNameConsumer (java.base@21.0.3)
14671:             1             16  sun.security.ssl.ServerNameExtension$EEServerNameProducer (java.base@21.0.3)
14672:             1             16  sun.security.ssl.ServerNameExtension$SHServerNameConsumer (java.base@21.0.3)
14673:             1             16  sun.security.ssl.ServerNameExtension$SHServerNameProducer (java.base@21.0.3)
14674:             1             16  sun.security.ssl.ServerNameExtension$SHServerNamesStringizer (java.base@21.0.3)
14675:             1             16  sun.security.ssl.SessionTicketExtension$SessionTicketStringizer (java.base@21.0.3)
14676:             1             16  sun.security.ssl.SessionTicketExtension$T12CHSessionTicketConsumer (java.base@21.0.3)
14677:             1             16  sun.security.ssl.SessionTicketExtension$T12CHSessionTicketProducer (java.base@21.0.3)
14678:             1             16  sun.security.ssl.SessionTicketExtension$T12SHSessionTicketConsumer (java.base@21.0.3)
14679:             1             16  sun.security.ssl.SessionTicketExtension$T12SHSessionTicketProducer (java.base@21.0.3)
14680:             1             16  sun.security.ssl.SignatureAlgorithmsExtension$CHSignatureSchemesConsumer (java.base@21.0.3)
14681:             1             16  sun.security.ssl.SignatureAlgorithmsExtension$CHSignatureSchemesOnLoadAbsence (java.base@21.0.3)
14682:             1             16  sun.security.ssl.SignatureAlgorithmsExtension$CHSignatureSchemesOnTradeAbsence (java.base@21.0.3)
14683:             1             16  sun.security.ssl.SignatureAlgorithmsExtension$CHSignatureSchemesProducer (java.base@21.0.3)
14684:             1             16  sun.security.ssl.SignatureAlgorithmsExtension$CHSignatureSchemesUpdate (java.base@21.0.3)
14685:             1             16  sun.security.ssl.SignatureAlgorithmsExtension$CRSignatureSchemesAbsence (java.base@21.0.3)
14686:             1             16  sun.security.ssl.SignatureAlgorithmsExtension$CRSignatureSchemesConsumer (java.base@21.0.3)
14687:             1             16  sun.security.ssl.SignatureAlgorithmsExtension$CRSignatureSchemesProducer (java.base@21.0.3)
14688:             1             16  sun.security.ssl.SignatureAlgorithmsExtension$CRSignatureSchemesUpdate (java.base@21.0.3)
14689:             1             16  sun.security.ssl.SignatureAlgorithmsExtension$SignatureSchemesStringizer (java.base@21.0.3)
14690:             1             16  sun.security.ssl.SupportedGroupsExtension$CHSupportedGroupsConsumer (java.base@21.0.3)
14691:             1             16  sun.security.ssl.SupportedGroupsExtension$CHSupportedGroupsOnTradeAbsence (java.base@21.0.3)
14692:             1             16  sun.security.ssl.SupportedGroupsExtension$CHSupportedGroupsProducer (java.base@21.0.3)
14693:             1             16  sun.security.ssl.SupportedGroupsExtension$EESupportedGroupsConsumer (java.base@21.0.3)
14694:             1             16  sun.security.ssl.SupportedGroupsExtension$EESupportedGroupsProducer (java.base@21.0.3)
14695:             1             16  sun.security.ssl.SupportedGroupsExtension$SupportedGroupsStringizer (java.base@21.0.3)
14696:             1             16  sun.security.ssl.SupportedVersionsExtension$CHSupportedVersionsConsumer (java.base@21.0.3)
14697:             1             16  sun.security.ssl.SupportedVersionsExtension$CHSupportedVersionsProducer (java.base@21.0.3)
14698:             1             16  sun.security.ssl.SupportedVersionsExtension$CHSupportedVersionsStringizer (java.base@21.0.3)
14699:             1             16  sun.security.ssl.SupportedVersionsExtension$HRRSupportedVersionsConsumer (java.base@21.0.3)
14700:             1             16  sun.security.ssl.SupportedVersionsExtension$HRRSupportedVersionsProducer (java.base@21.0.3)
14701:             1             16  sun.security.ssl.SupportedVersionsExtension$HRRSupportedVersionsReproducer (java.base@21.0.3)
14702:             1             16  sun.security.ssl.SupportedVersionsExtension$SHSupportedVersionsConsumer (java.base@21.0.3)
14703:             1             16  sun.security.ssl.SupportedVersionsExtension$SHSupportedVersionsProducer (java.base@21.0.3)
14704:             1             16  sun.security.ssl.XDHKeyExchange$XDHEKAGenerator (java.base@21.0.3)
14705:             1             16  sun.security.util.ByteArrayLexOrder (java.base@21.0.3)
14706:             1             16  sun.security.util.ByteArrayTagOrder (java.base@21.0.3)
14707:             1             16  sun.security.util.KeyStoreDelegator$$Lambda/0x00007fcd282d2ef8 (java.base@21.0.3)
14708:             1             16  sun.security.util.ManifestDigester$$Lambda/0x00007fcd28260430 (java.base@21.0.3)
14709:             1             16  sun.security.util.math.IntegerModuloP$MultiplicativeInverser$Secp256R1 (java.base@21.0.3)
14710:             1             16  sun.security.x509.X500Name$$Lambda/0x00007fcd28264700 (java.base@21.0.3)
14711:             1             16  sun.util.calendar.Gregorian (java.base@21.0.3)
14712:             1             16  sun.util.locale.InternalLocaleBuilder$CaseInsensitiveChar (java.base@21.0.3)
14713:             1             16  sun.util.locale.provider.AuxLocaleProviderAdapter$$Lambda/0x00007fcd281520f0 (java.base@21.0.3)
14714:             1             16  sun.util.locale.provider.AuxLocaleProviderAdapter$NullProvider (java.base@21.0.3)
14715:             1             16  sun.util.locale.provider.CalendarDataUtility$CalendarWeekParameterGetter (java.base@21.0.3)
14716:             1             16  sun.util.locale.provider.LocaleProviderAdapter$$Lambda/0x80000006d (java.base@21.0.3)
14717:             1             16  sun.util.locale.provider.LocaleProviderAdapter$$Lambda/0x80000006e (java.base@21.0.3)
14718:             1             16  sun.util.locale.provider.SPILocaleProviderAdapter (java.base@21.0.3)
14719:             1             16  sun.util.locale.provider.SPILocaleProviderAdapter$CalendarDataProviderDelegate (java.base@21.0.3)
14720:             1             16  sun.util.logging.internal.LoggingProviderImpl (java.logging@21.0.3)
14721:             1             16  sun.util.resources.LocaleData (java.base@21.0.3)
14722:             1             16  sun.util.resources.LocaleData$LocaleDataStrategy (java.base@21.0.3)
Total      41355222     1995290536
