 num     #instances         #bytes  class name (module)
-------------------------------------------------------
   1:        164331    26153823696  [Ljava.lang.Object; (java.base@21.0.3)
   2:         24806     1632951416  [Ljdk.internal.vm.FillerElement; (java.base@21.0.3)
   3:       5476115      282831080  [B (java.base@21.0.3)
   4:        632155      148154128  [J (java.base@21.0.3)
   5:       3578607       85886568  java.lang.String (java.base@21.0.3)
   6:       2507444       80238208  java.util.HashMap$Node (java.base@21.0.3)
   7:       1997093       79883720  org.opensearch.search.aggregations.metrics.InternalMax
   8:       1644515       65780600  java.util.TreeMap$Entry (java.base@21.0.3)
   9:       1997093       63906976  org.opensearch.search.aggregations.bucket.BucketsAggregator$1
  10:       1997094       47930256  org.opensearch.search.aggregations.InternalAggregations
  11:        471167       33924024  org.apache.lucene.index.FieldInfo
  12:        526932       33723648  org.apache.lucene.store.MemorySegmentIndexInput$SingleSegmentImpl
  13:       1179762       28314288  org.apache.lucene.util.BytesRef
  14:        175318       26000216  [Ljava.util.HashMap$Node; (java.base@21.0.3)
  15:        605214       24208560  org.opensearch.search.aggregations.bucket.histogram.InternalDateHistogram$Bucket
  16:        526932       21077280  jdk.internal.foreign.MappedMemorySegmentImpl (java.base@21.0.3)
  17:        291050       20955600  org.apache.lucene.codecs.lucene90.blocktree.FieldReader
  18:        405522       19465056  java.util.HashMap (java.base@21.0.3)
  19:        156862       17568544  org.apache.lucene.codecs.lucene90.Lucene90DocValuesProducer$SortedNumericEntry
  20:        345346       16576608  java.util.TreeMap (java.base@21.0.3)
  21:        144417       15019368  org.apache.lucene.codecs.lucene90.Lucene90DocValuesProducer$TermsDictEntry
  22:        162456       14296128  org.apache.lucene.codecs.lucene90.Lucene90DocValuesProducer$NumericEntry
  23:        291053       13970544  org.apache.lucene.util.fst.FST$FSTMetadata
  24:        422547       13521504  java.util.Collections$UnmodifiableMap (java.base@21.0.3)
  25:        407031       13024992  java.util.concurrent.atomic.LongAdder (java.base@21.0.3)
  26:        526932       12646368  [Ljava.lang.foreign.MemorySegment; (java.base@21.0.3)
  27:        301461       12058440  org.apache.lucene.util.packed.DirectMonotonicReader$Meta
  28:        160524       10273536  org.apache.lucene.util.bkd.BKDReader
  29:        291050        9313600  org.apache.lucene.util.fst.OffHeapFSTStore
  30:             2        8032936  [Lorg.opensearch.search.aggregations.InternalAggregation;
  31:             1        7988392  [Lorg.opensearch.search.aggregations.InternalAggregations;
  32:         26460        7608288  [I (java.base@21.0.3)
  33:        301472        7574864  [F (java.base@21.0.3)
  34:        291053        6985272  org.apache.lucene.util.fst.FST
  35:        138927        6668496  org.apache.lucene.codecs.lucene90.Lucene90NormsProducer$NormsEntry
  36:        160524        6420960  org.apache.lucene.util.bkd.BKDConfig
  37:        253601        6086424  org.opensearch.common.util.concurrent.ReleasableLock
  38:        126558        6074784  java.util.concurrent.locks.ReentrantReadWriteLock$NonfairSync (java.base@21.0.3)
  39:         52055        4182576  [Ljava.util.WeakHashMap$Entry; (java.base@21.0.3)
  40:        125184        4005888  org.opensearch.common.cache.Cache$CacheSegment
  41:         12252        3995632  [Lorg.apache.lucene.index.FieldInfo;
  42:         36770        3824080  org.apache.lucene.index.SegmentCommitInfo
  43:         32099        3792592  java.lang.Class (java.base@21.0.3)
  44:        144417        3466008  org.apache.lucene.codecs.lucene90.Lucene90DocValuesProducer$SortedSetEntry
  45:        144000        3456000  org.apache.lucene.codecs.lucene90.Lucene90DocValuesProducer$SortedEntry
  46:        105042        3361344  java.util.concurrent.ConcurrentHashMap$Node (java.base@21.0.3)
  47:        126105        3026520  java.util.concurrent.locks.ReentrantReadWriteLock (java.base@21.0.3)
  48:        125184        3004416  org.opensearch.common.cache.Cache$CacheSegment$SegmentStats
  49:         15628        2807704  [C (java.base@21.0.3)
  50:         87341        2794912  org.apache.lucene.codecs.lucene90.Lucene90CompoundReader$FileEntry
  51:         47409        2654904  org.apache.lucene.document.FieldType
  52:         78419        2509408  java.util.concurrent.locks.ReentrantLock$NonfairSync (java.base@21.0.3)
  53:         52005        2496240  java.util.WeakHashMap (java.base@21.0.3)
  54:        126562        2024992  java.util.concurrent.locks.ReentrantReadWriteLock$ReadLock (java.base@21.0.3)
  55:        126562        2024992  java.util.concurrent.locks.ReentrantReadWriteLock$Sync$ThreadLocalHoldCounter (java.base@21.0.3)
  56:        126562        2024992  java.util.concurrent.locks.ReentrantReadWriteLock$WriteLock (java.base@21.0.3)
  57:        122055        1952880  java.lang.ThreadLocal (java.base@21.0.3)
  58:         41992        1679680  java.util.LinkedHashMap$Entry (java.base@21.0.3)
  59:         52099        1667168  java.lang.ref.ReferenceQueue (java.base@21.0.3)
  60:         99272        1588352  java.lang.Object (java.base@21.0.3)
  61:         16970        1493360  java.lang.reflect.Method (java.base@21.0.3)
  62:         61045        1465080  java.util.ArrayList (java.base@21.0.3)
  63:         21303        1363392  java.util.LinkedHashMap (java.base@21.0.3)
  64:         85176        1362816  java.util.concurrent.atomic.AtomicInteger (java.base@21.0.3)
  65:         53148        1275552  java.util.concurrent.locks.AbstractQueuedSynchronizer$ConditionObject (java.base@21.0.3)
  66:         39406        1260992  org.apache.lucene.util.Version
  67:         39258        1256256  org.opensearch.common.settings.Setting$Updater
  68:         78375        1254000  java.util.concurrent.locks.ReentrantLock (java.base@21.0.3)
  69:         18310        1171840  org.apache.lucene.index.SegmentInfo
  70:         66632        1066112  java.util.HashSet (java.base@21.0.3)
  71:         26623        1064920  java.util.WeakHashMap$Entry (java.base@21.0.3)
  72:         21936        1052928  java.lang.invoke.MemberName (java.base@21.0.3)
  73:          2659        1034192  [Ljava.util.concurrent.ConcurrentHashMap$Node; (java.base@21.0.3)
  74:         18789         901872  org.apache.lucene.index.LeafReaderContext
  75:         37279         894696  org.apache.lucene.util.packed.DirectReader$DirectPackedReader8
  76:         27938         894016  java.lang.invoke.LambdaForm$Name (java.base@21.0.3)
  77:         22060         882400  org.opensearch.index.analysis.NamedAnalyzer
  78:         54548         872768  java.util.HashMap$Values (java.base@21.0.3)
  79:         50908         814528  java.util.Collections$UnmodifiableCollection (java.base@21.0.3)
  80:         33655         807720  org.apache.lucene.util.packed.DirectReader$DirectPackedReader20
  81:         33469         803256  java.util.Collections$UnmodifiableRandomAccessList (java.base@21.0.3)
  82:         49558         792928  java.util.HashMap$KeySet (java.base@21.0.3)
  83:         10571         761112  io.netty.buffer.PoolSubpage
  84:         12553         702968  org.opensearch.search.aggregations.bucket.terms.StringTerms$Bucket
  85:         28132         675168  org.apache.logging.log4j.message.ReusableMessageFactory
  86:         27604         662496  org.apache.lucene.util.FileDeleter$RefCount
  87:         27544         661056  org.apache.lucene.index.FieldInfos$FieldDimensions
  88:         27544         661056  org.apache.lucene.index.FieldInfos$FieldVectorProperties
  89:         41193         659088  java.util.TreeMap$EntrySet (java.base@21.0.3)
  90:         20136         644352  java.util.ImmutableCollections$Map1 (java.base@21.0.3)
  91:         23557         630392  [Ljava.lang.Class; (java.base@21.0.3)
  92:         12283         629752  [Lorg.apache.lucene.util.LongValues;
  93:         25390         609360  org.apache.lucene.util.CloseableThreadLocal
  94:          8455         608760  org.opensearch.index.mapper.TextFieldMapper
  95:         12268         588864  org.apache.lucene.util.packed.DirectMonotonicReader
  96:         18353         587296  java.util.ImmutableCollections$MapN (java.base@21.0.3)
  97:         24345         584280  org.apache.lucene.analysis.DelegatingAnalyzerWrapper$DelegatingReuseStrategy
  98:         14187         567480  java.io.FileDescriptor (java.base@21.0.3)
  99:          8655         553920  org.opensearch.index.mapper.KeywordFieldMapper
 100:         17113         547616  org.opensearch.index.mapper.TextSearchInfo
 101:          8397         537408  java.util.concurrent.ConcurrentHashMap (java.base@21.0.3)
 102:          6105         537240  org.apache.lucene.codecs.lucene90.compressing.FieldsIndexReader
 103:          6105         537240  org.apache.lucene.codecs.lucene90.compressing.Lucene90CompressingStoredFieldsReader
 104:         13069         522760  java.lang.invoke.MethodType (java.base@21.0.3)
 105:         21518         516432  org.opensearch.common.Explicit
 106:         21392         513408  java.util.concurrent.atomic.AtomicLong (java.base@21.0.3)
 107:           489         508560  [Lorg.opensearch.common.cache.Cache$CacheSegment;
 108:         15825         506400  org.opensearch.common.collect.CopyOnWriteHashMap$InnerNode
 109:          6253         500240  org.apache.lucene.index.SegmentReader
 110:         30287         484592  org.opensearch.index.mapper.FieldMapper$MultiFields
 111:          9881         474288  sun.nio.ch.FileChannelImpl$DefaultUnmapper (java.base@21.0.3)
 112:         19682         472368  java.util.Collections$SynchronizedSet (java.base@21.0.3)
 113:          9468         454464  org.opensearch.painless.lookup.PainlessClass
 114:         18699         448776  java.util.Collections$SingletonList (java.base@21.0.3)
 115:          7976         446656  org.opensearch.index.mapper.NumberFieldMapper
 116:          6105         439560  org.apache.lucene.index.SegmentCoreReaders
 117:         13075         418400  java.lang.invoke.MethodType$ConcurrentWeakInternSet$WeakEntry (java.base@21.0.3)
 118:          8655         415440  org.opensearch.index.mapper.KeywordFieldMapper$KeywordFieldType
 119:         25751         412016  java.util.HashMap$EntrySet (java.base@21.0.3)
 120:          8455         405840  org.opensearch.index.mapper.TextFieldMapper$TextFieldType
 121:         12344         395008  org.opensearch.common.logging.PrefixLogger
 122:         16246         389904  java.util.Collections$SetFromMap (java.base@21.0.3)
 123:          7976         382848  org.opensearch.index.mapper.NumberFieldMapper$NumberFieldType
 124:          2733         371688  org.opensearch.cluster.metadata.IndexMetadata
 125:         15258         366192  java.lang.invoke.ResolvedMethodName (java.base@21.0.3)
 126:         14722         353328  org.apache.lucene.util.packed.DirectReader$DirectPackedReader16
 127:          5487         351168  org.opensearch.cluster.routing.ShardRouting
 128:           640         348160  io.netty.util.internal.shaded.org.jctools.queues.atomic.MpscAtomicArrayQueue
 129:          6105         341880  org.apache.lucene.codecs.lucene90.compressing.Lucene90CompressingStoredFieldsReader$BlockState
 130:          6105         341880  org.apache.lucene.index.ReadersAndUpdates
 131:         14105         338520  org.apache.logging.log4j.message.DefaultFlowMessageFactory
 132:          1404         334968  [Z (java.base@21.0.3)
 133:         13897         333528  java.util.Arrays$ArrayList (java.base@21.0.3)
 134:          6999         322296  [Ljava.lang.String; (java.base@21.0.3)
 135:          4339         312408  java.lang.reflect.Field (java.base@21.0.3)
 136:          6126         294048  org.apache.lucene.index.FieldInfos
 137:           473         293416  [Ljava.nio.ByteBuffer; (java.base@21.0.3)
 138:          6111         293328  org.apache.lucene.codecs.lucene90.Lucene90DocValuesProducer
 139:          6101         292848  org.apache.lucene.index.PendingSoftDeletes
 140:         17076         273216  org.opensearch.common.metrics.CounterMetric
 141:          6293         251720  java.lang.invoke.DirectMethodHandle (java.base@21.0.3)
 142:           855         251200  [[C (java.base@21.0.3)
 143:          6105         244200  org.apache.lucene.codecs.lucene90.blocktree.Lucene90BlockTreeTermsReader
 144:          6101         244040  org.opensearch.common.lucene.index.OpenSearchLeafReader
 145:          6018         240720  org.apache.lucene.codecs.lucene90.Lucene90NormsProducer
 146:          9881         237144  jdk.internal.foreign.SharedSession (java.base@21.0.3)
 147:          9881         237144  sun.nio.ch.FileChannelImpl$1 (java.base@21.0.3)
 148:            41         234736  [S (java.base@21.0.3)
 149:          2710         231328  [Ljava.lang.invoke.LambdaForm$Name; (java.base@21.0.3)
 150:          4776         229248  jdk.internal.ref.CleanerImpl$PhantomCleanableRef (java.base@21.0.3)
 151:         14277         228432  java.util.WeakHashMap$KeySet (java.base@21.0.3)
 152:          4732         227136  java.lang.invoke.DirectMethodHandle$Constructor (java.base@21.0.3)
 153:          7003         224096  java.lang.ThreadLocal$ThreadLocalMap$Entry (java.base@21.0.3)
 154:         14000         224000  java.util.Collections$UnmodifiableSet (java.base@21.0.3)
 155:          9302         223248  java.util.concurrent.CopyOnWriteArrayList (java.base@21.0.3)
 156:          2740         219200  org.opensearch.cluster.routing.IndexShardRoutingTable
 157:          3271         209344  org.opensearch.search.aggregations.bucket.histogram.InternalDateHistogram
 158:          3262         208768  sun.nio.ch.FileChannelImpl (java.base@21.0.3)
 159:          8686         208464  org.apache.lucene.util.packed.DirectReader$DirectPackedReader12
 160:          3247         207808  java.lang.Class$ReflectionData (java.base@21.0.3)
 161:          3246         207744  java.security.Provider$Service (java.base@21.0.3)
 162:         12815         205040  org.apache.lucene.index.IndexReader$CacheKey
 163:          6111         195552  org.apache.lucene.index.SegmentDocValues$1
 164:          6105         195360  org.apache.lucene.index.LeafMetaData
 165:          6105         195360  org.apache.lucene.index.PendingDeletes
 166:          6105         195360  org.apache.lucene.index.SegmentCoreReaders$1
 167:          6105         195360  org.apache.lucene.index.SegmentCoreReaders$2
 168:          6101         195232  org.apache.lucene.codecs.lucene90.Lucene90PointsReader
 169:          6101         195232  org.apache.lucene.index.SegmentReadState
 170:         12197         195152  java.util.concurrent.atomic.AtomicReference (java.base@21.0.3)
 171:          4838         193520  java.lang.invoke.BoundMethodHandle$Species_LL (java.base@21.0.3)
 172:          6042         193344  org.apache.lucene.backward_codecs.lucene90.Lucene90PostingsReader
 173:          2637         189864  java.util.concurrent.ScheduledThreadPoolExecutor$ScheduledFutureTask (java.base@21.0.3)
 174:          4606         184240  java.lang.invoke.BoundMethodHandle$Species_L (java.base@21.0.3)
 175:         11244         179904  java.util.LinkedHashSet (java.base@21.0.3)
 176:          2475         178200  java.lang.reflect.Constructor (java.base@21.0.3)
 177:          3175         177800  org.apache.lucene.store.NIOFSDirectory$NIOFSIndexInput
 178:          7328         175872  org.apache.lucene.index.ApproximatePriorityQueue
 179:          7318         175632  org.opensearch.core.index.Index
 180:          4381         175240  java.lang.ref.SoftReference (java.base@21.0.3)
 181:          5474         175168  org.apache.lucene.codecs.lucene90.Lucene90CompoundReader
 182:          3645         174960  org.apache.logging.log4j.message.ReusableParameterizedMessage
 183:          5276         168832  java.util.Hashtable$Entry (java.base@21.0.3)
 184:          6997         167928  java.security.Provider$ServiceKey (java.base@21.0.3)
 185:          2910         167736  [Ljava.lang.reflect.Method; (java.base@21.0.3)
 186:          2991         167496  java.nio.HeapByteBuffer (java.base@21.0.3)
 187:          6896         165504  java.util.LinkedList$Node (java.base@21.0.3)
 188:          6865         164760  org.opensearch.common.metrics.MeanMetric
 189:         10280         164480  java.util.concurrent.atomic.AtomicBoolean (java.base@21.0.3)
 190:          1828         160864  org.opensearch.index.codec.PerFieldMappingPostingFormatCodec
 191:          5002         160064  sun.nio.fs.UnixPath (java.base@21.0.3)
 192:          9881         158096  jdk.internal.foreign.MemorySessionImpl$1 (java.base@21.0.3)
 193:          9881         158096  jdk.internal.foreign.SharedSession$SharedResourceList (java.base@21.0.3)
 194:          6253         150072  org.apache.lucene.index.SegmentReader$1
 195:          6111         146664  org.apache.lucene.codecs.perfield.PerFieldDocValuesFormat$FieldsReader
 196:          6105         146520  org.apache.lucene.codecs.lucene90.LZ4WithPresetDictCompressionMode$LZ4WithPresetDictDecompressor
 197:          6105         146520  org.apache.lucene.codecs.perfield.PerFieldPostingsFormat$FieldsReader
 198:          6105         146520  org.apache.lucene.index.SegmentCoreReaders$3
 199:          5998         143952  org.opensearch.common.recycler.DequeRecycler$DV
 200:          5998         143952  org.opensearch.common.recycler.Recyclers$1$1
 201:          8805         140880  org.opensearch.common.SetOnce
 202:          2199         140736  java.net.URL (java.base@21.0.3)
 203:           459         139536  org.opensearch.index.IndexSettings
 204:           457         135272  org.opensearch.index.shard.IndexShard
 205:          1830         131760  org.apache.lucene.index.SegmentInfos
 206:          8211         131376  org.opensearch.cluster.routing.RotationShardShuffler
 207:          1715         130296  [Ljava.lang.ref.SoftReference; (java.base@21.0.3)
 208:          5414         129936  org.opensearch.common.unit.TimeValue
 209:          2705         129840  java.lang.invoke.LambdaForm (java.base@21.0.3)
 210:          3043         121720  jdk.nio.zipfs.ZipFileSystem$IndexNode (jdk.zipfs@21.0.3)
 211:          1374         120912  java.util.regex.Pattern (java.base@21.0.3)
 212:          5029         120696  org.opensearch.cluster.routing.AllocationId
 213:          3698         118336  java.util.Collections$UnmodifiableSortedMap (java.base@21.0.3)
 214:          3695         118240  org.opensearch.common.settings.Settings
 215:          4911         117864  org.opensearch.common.inject.Key
 216:          2818         112720  org.opensearch.painless.lookup.PainlessMethod
 217:          2811         112440  org.opensearch.painless.spi.WhitelistMethod
 218:          2742         109680  [Lorg.opensearch.index.mapper.MetadataFieldMapper;
 219:          6714         107424  java.util.concurrent.CopyOnWriteArraySet (java.base@21.0.3)
 220:          3260         104320  org.opensearch.common.inject.spi.Dependency
 221:          6391         102256  java.util.Collections$UnmodifiableMap$UnmodifiableEntrySet (java.base@21.0.3)
 222:          6253         100048  org.apache.lucene.index.SegmentReader$2
 223:          4168         100032  java.util.regex.Pattern$Slice (java.base@21.0.3)
 224:           458          98928  org.apache.lucene.index.IndexWriter
 225:           457          98712  org.opensearch.index.engine.InternalEngine
 226:          4107          98568  java.lang.invoke.LambdaForm$NamedFunction (java.base@21.0.3)
 227:          6105          97680  org.apache.lucene.index.SegmentDocValues
 228:          4063          97512  org.opensearch.common.inject.TypeLiteral
 229:          2980          95360  java.util.LinkedList (java.base@21.0.3)
 230:          1979          94992  java.lang.invoke.LambdaFormEditor$Transform (java.base@21.0.3)
 231:          2913          93216  org.tartarus.snowball.Among
 232:           603          91656  sun.security.ssl.SSLSessionImpl (java.base@21.0.3)
 233:           457          91400  org.opensearch.index.IndexService
 234:          2821          90272  org.opensearch.common.collect.CopyOnWriteHashMap
 235:           656          89216  sun.nio.fs.UnixFileAttributes (java.base@21.0.3)
 236:          3662          87888  org.opensearch.common.compress.CompressedXContent
 237:          5477          87632  java.util.jar.Attributes (java.base@21.0.3)
 238:          3645          87480  org.apache.logging.log4j.message.ParameterFormatter$MessagePatternAnalysis
 239:          2731          87392  org.opensearch.cluster.routing.IndexRoutingTable
 240:          3638          87312  org.opensearch.core.index.shard.ShardId
 241:          2694          86208  org.opensearch.common.util.concurrent.ThreadContext$$Lambda/0x00007fcd285478f8
 242:          3526          84624  java.util.regex.Pattern$GroupTail (java.base@21.0.3)
 243:          3519          84456  java.util.regex.Pattern$GroupHead (java.base@21.0.3)
 244:          3365          80760  java.util.ArrayDeque (java.base@21.0.3)
 245:          1641          78768  org.opensearch.common.inject.internal.InstanceBindingImpl
 246:          3262          78288  sun.nio.ch.NativeThreadSet (java.base@21.0.3)
 247:          1423          76552  [Lorg.opensearch.search.aggregations.bucket.terms.StringTerms$Bucket;
 248:           153          76304  [Ljava.lang.ThreadLocal$ThreadLocalMap$Entry; (java.base@21.0.3)
 249:          3167          76008  sun.reflect.generics.tree.SimpleClassTypeSignature (java.base@21.0.3)
 250:          3140          75360  java.util.regex.Pattern$BmpCharProperty (java.base@21.0.3)
 251:          1848          73920  org.apache.lucene.codecs.lucene90.Lucene90TermVectorsFormat
 252:          1536          73728  io.netty.buffer.PoolChunkList
 253:          4598          73568  org.opensearch.common.SetOnce$Wrapper
 254:          1312          73472  io.netty.channel.DefaultChannelHandlerContext
 255:          1771          70840  java.io.FilePermission (java.base@21.0.3)
 256:           679          70616  java.util.jar.JarFile$JarFileEntry (java.base@21.0.3)
 257:          2884          69216  org.apache.lucene.util.packed.DirectReader$DirectPackedReader4
 258:          1710          68400  org.apache.logging.log4j.core.Logger$PrivateConfig
 259:          2827          67848  org.opensearch.common.inject.SingleParameterInjector
 260:          4207          67312  java.lang.Integer (java.base@21.0.3)
 261:           919          66168  org.apache.lucene.index.TieredMergePolicy
 262:           457          65808  org.opensearch.index.translog.TranslogWriter
 263:          2732          65568  org.opensearch.cluster.metadata.MappingMetadata
 264:          2731          65544  org.opensearch.cluster.metadata.IndexAbstraction$Index
 265:          2680          64320  java.util.concurrent.Executors$RunnableAdapter (java.base@21.0.3)
 266:          1983          63456  sun.security.util.ObjectIdentifier (java.base@21.0.3)
 267:          2615          62760  org.opensearch.threadpool.ThreadPool$ThreadedRunnable
 268:           458          62288  org.apache.lucene.index.DocumentsWriterFlushControl
 269:           457          62152  org.opensearch.index.seqno.ReplicationTracker
 270:          3167          61256  [Lsun.reflect.generics.tree.TypeArgument; (java.base@21.0.3)
 271:          1907          61024  org.apache.lucene.search.TermQuery
 272:          3760          60160  java.util.TreeMap$KeySet (java.base@21.0.3)
 273:           284          59840  [Lio.netty.buffer.PoolSubpage;
 274:          1476          59040  org.opensearch.common.settings.Setting
 275:          2457          58968  org.opensearch.core.common.unit.ByteSizeValue
 276:          3677          58832  org.apache.lucene.codecs.lucene90.Lucene90DocValuesFormat
 277:          1835          58720  org.apache.lucene.codecs.lucene99.Lucene99HnswVectorsFormat
 278:           457          58496  org.opensearch.index.engine.EngineConfig
 279:           914          58496  org.opensearch.index.mapper.RootObjectMapper
 280:          1820          58240  java.util.RegularEnumSet (java.base@21.0.3)
 281:          1800          57600  java.lang.Package (java.base@21.0.3)
 282:          2090          55168  [Ljava.lang.reflect.Field; (java.base@21.0.3)
 283:           458          54960  org.apache.lucene.index.IndexWriterConfig
 284:           457          54840  org.opensearch.index.engine.InternalEngine$EngineMergeScheduler
 285:          1710          54720  org.apache.logging.log4j.core.Logger
 286:          1135          54480  java.lang.StackTraceElement (java.base@21.0.3)
 287:          1347          53880  io.netty.buffer.PoolThreadCache$MemoryRegionCache$Entry
 288:          1339          53560  java.lang.Package$VersionInfo (java.base@21.0.3)
 289:          2228          53472  java.util.jar.Attributes$Name (java.base@21.0.3)
 290:          2196          52704  org.opensearch.common.util.concurrent.ThreadContext$ContextPreservingRunnable
 291:           656          52480  java.util.zip.ZipFile$Source (java.base@21.0.3)
 292:          3262          52192  sun.nio.ch.FileChannelImpl$Closer (java.base@21.0.3)
 293:           905          50680  java.lang.invoke.DirectMethodHandle$StaticAccessor (java.base@21.0.3)
 294:          2104          50496  javax.crypto.spec.SecretKeySpec (java.base@21.0.3)
 295:          3154          50464  sun.reflect.generics.tree.ClassTypeSignature (java.base@21.0.3)
 296:          1138          49112  [Ljava.security.ProtectionDomain; (java.base@21.0.3)
 297:          1218          48720  java.security.CodeSource (java.base@21.0.3)
 298:          1206          48240  java.math.BigInteger (java.base@21.0.3)
 299:          1002          48096  org.apache.lucene.analysis.tokenattributes.PackedTokenAttributeImpl
 300:          1201          48040  sun.security.util.DerInputStream (java.base@21.0.3)
 301:           750          48000  javax.crypto.Cipher (java.base@21.0.3)
 302:           993          47664  org.opensearch.index.mapper.ObjectMapper
 303:          1965          47160  java.util.regex.Pattern$BmpCharPropertyGreedy (java.base@21.0.3)
 304:          1449          46368  java.lang.ref.WeakReference (java.base@21.0.3)
 305:          1908          45792  org.apache.lucene.index.Term
 306:          2855          45680  org.opensearch.common.logging.DeprecationLogger
 307:           711          45504  java.util.zip.Inflater (java.base@21.0.3)
 308:          2805          44880  java.nio.channels.spi.AbstractInterruptibleChannel$1 (java.base@21.0.3)
 309:          1393          44576  java.util.concurrent.Semaphore$NonfairSync (java.base@21.0.3)
 310:          1103          44120  org.opensearch.ingest.useragent.UserAgentParser$UserAgentSubpattern
 311:           919          44112  org.opensearch.common.util.MovingAverage
 312:          1836          44064  org.apache.lucene.codecs.lucene99.Lucene99PostingsFormat
 313:          1835          44040  org.apache.lucene.codecs.lucene99.Lucene99Codec$1
 314:          1835          44040  org.apache.lucene.codecs.lucene99.Lucene99Codec$2
 315:          1835          44040  org.apache.lucene.codecs.lucene99.Lucene99Codec$3
 316:          1372          43904  java.util.regex.Pattern$Branch (java.base@21.0.3)
 317:          1828          43872  org.opensearch.index.codec.fuzzy.FuzzySetParameters
 318:           914          43872  org.opensearch.index.mapper.DocumentMapper
 319:          1371          43872  org.opensearch.index.mapper.MapperService$MapperAnalyzerWrapper
 320:          1372          42888  [Ljava.util.regex.Pattern$Node; (java.base@21.0.3)
 321:          1786          42864  java.util.LinkedHashMap$LinkedValues (java.base@21.0.3)
 322:          2677          42832  java.util.regex.Pattern$$Lambda/0x80000002a (java.base@21.0.3)
 323:           375          42000  io.netty.handler.ssl.SslHandler
 324:           375          42000  org.opensearch.transport.CopyBytesSocketChannel
 325:           375          42000  sun.nio.ch.SocketChannelImpl (java.base@21.0.3)
 326:          1048          41920  java.util.IdentityHashMap (java.base@21.0.3)
 327:          1725          41400  java.security.Provider$UString (java.base@21.0.3)
 328:           194          41184  [Ljava.lang.invoke.MethodHandle; (java.base@21.0.3)
 329:           457          40216  org.opensearch.index.SearchSlowLog
 330:           457          40216  org.opensearch.security.configuration.SecurityFlsDlsIndexSearcherWrapper
 331:          1636          39264  java.lang.RuntimePermission (java.base@21.0.3)
 332:           489          39120  org.opensearch.common.cache.Cache
 333:          1201          38432  sun.security.util.DerValue (java.base@21.0.3)
 334:           531          38232  org.apache.lucene.analysis.standard.StandardTokenizerImpl
 335:           663          37128  java.io.FileCleanable (java.base@21.0.3)
 336:          1546          37104  org.apache.logging.log4j.MarkerManager$Log4jMarker
 337:           926          37040  org.opensearch.index.seqno.RetentionLease
 338:          1540          36960  java.util.concurrent.ConcurrentHashMap$KeySetView (java.base@21.0.3)
 339:           656          36736  java.util.jar.JarFile (java.base@21.0.3)
 340:           458          36640  [Ljava.util.concurrent.locks.Lock; (java.base@21.0.3)
 341:           458          36640  [Lorg.apache.lucene.index.ApproximatePriorityQueue;
 342:           914          36560  org.opensearch.index.mapper.Mapping
 343:           914          36560  org.opensearch.index.mapper.MappingLookup
 344:           457          36560  org.opensearch.index.translog.LocalTranslog
 345:            24          36352  [Ljava.util.Hashtable$Entry; (java.base@21.0.3)
 346:          1496          35904  java.util.concurrent.ConcurrentLinkedQueue$Node (java.base@21.0.3)
 347:           871          34840  com.fasterxml.jackson.databind.introspect.AnnotatedMethod
 348:          2153          34448  org.opensearch.threadpool.ScheduledCancellableAdapter
 349:           859          34360  org.jcodings.unicode.UnicodeCodeRange
 350:           857          34280  org.opensearch.common.path.PathTrie$TrieNode
 351:          1068          34176  java.lang.invoke.MethodTypeForm (java.base@21.0.3)
 352:           531          33984  org.apache.lucene.analysis.standard.StandardTokenizer
 353:          1054          33728  io.netty.util.internal.LongAdderCounter
 354:           460          33312  [Lorg.apache.lucene.index.LeafReader;
 355:           459          33192  [Lorg.apache.lucene.index.IndexReaderContext;
 356:           375          33000  sun.security.ssl.TransportContext (java.base@21.0.3)
 357:           458          32976  org.apache.lucene.index.DocumentsWriterDeleteQueue
 358:           457          32952  [Lorg.apache.lucene.index.SegmentReader;
 359:           457          32904  org.apache.lucene.analysis.miscellaneous.FingerprintFilter
 360:           457          32904  org.apache.lucene.index.StandardDirectoryReader
 361:           457          32904  org.opensearch.common.lucene.index.OpenSearchDirectoryReader
 362:           457          32904  org.opensearch.index.IndexModule
 363:           457          32904  org.opensearch.index.search.stats.ShardSearchStats$StatsHolder
 364:           457          32904  org.opensearch.index.translog.Checkpoint
 365:             1          32792  [Lkotlinx.coroutines.scheduling.CoroutineScheduler$Worker;
 366:           810          32400  org.opensearch.indices.replication.common.ReplicationLuceneIndex$FileMetadata
 367:           806          32240  java.security.AccessControlContext (java.base@21.0.3)
 368:           802          32080  java.lang.invoke.DirectMethodHandle$Special (java.base@21.0.3)
 369:           656          31488  jdk.internal.loader.URLClassPath$JarLoader (java.base@21.0.3)
 370:          1911          30576  java.util.AbstractMap$2 (java.base@21.0.3)
 371:          1265          30360  org.opensearch.cluster.node.DiscoveryNodeFilters
 372:           750          30000  io.netty.handler.ssl.SslHandler$LazyChannelPromise
 373:           375          30000  sun.security.ssl.SSLConfiguration (java.base@21.0.3)
 374:          1234          29616  java.util.concurrent.CompletableFuture (java.base@21.0.3)
 375:          1849          29584  java.util.concurrent.Semaphore (java.base@21.0.3)
 376:          1848          29568  org.apache.lucene.codecs.lucene90.Lucene90CompoundFormat
 377:          1848          29568  org.apache.lucene.codecs.lucene90.Lucene90LiveDocsFormat
 378:          1848          29568  org.apache.lucene.codecs.lucene90.Lucene90NormsFormat
 379:          1848          29568  org.apache.lucene.codecs.lucene90.Lucene90StoredFieldsFormat
 380:          1843          29488  org.apache.lucene.codecs.lucene94.Lucene94FieldInfosFormat
 381:           459          29376  org.apache.lucene.index.LogByteSizeMergePolicy
 382:          1835          29360  org.apache.lucene.codecs.lucene99.Lucene99SegmentInfoFormat
 383:           458          29312  org.apache.lucene.index.FieldInfos$FieldNumbers
 384:           915          29280  org.opensearch.index.engine.LiveVersionMap$VersionLookup
 385:           457          29248  org.opensearch.index.IndexingSlowLog
 386:          1828          29248  org.opensearch.index.codec.PerFieldMappingPostingFormatCodec$$Lambda/0x00007fcd29272448
 387:          1828          29248  org.opensearch.index.codec.fuzzy.FuzzySetFactory
 388:           914          29248  org.opensearch.index.mapper.FieldTypeLookup
 389:           457          29248  org.opensearch.index.mapper.MapperService
 390:           457          29248  org.opensearch.index.mapper.SourceFieldMapper
 391:           457          29248  org.opensearch.index.shard.RefreshListeners
 392:           457          29248  org.opensearch.index.translog.ReplicationTranslogDeletionPolicy
 393:           914          29248  org.opensearch.index.translog.Translog$Location
 394:           457          29248  org.opensearch.indices.recovery.RecoveryState$Translog
 395:           457          29248  org.opensearch.indices.replication.common.ReplicationLuceneIndex
 396:          1201          28824  [Lsun.security.x509.AVA; (java.base@21.0.3)
 397:          1201          28824  sun.security.x509.AVA (java.base@21.0.3)
 398:          1201          28824  sun.security.x509.RDN (java.base@21.0.3)
 399:          1080          28464  [Ljava.lang.reflect.Type; (java.base@21.0.3)
 400:          1143          28120  [Ljava.lang.reflect.Constructor; (java.base@21.0.3)
 401:           584          28032  com.sun.crypto.provider.GaloisCounterMode$AESGCM (java.base@21.0.3)
 402:           583          27984  sun.security.util.MemoryCache$SoftCacheEntry (java.base@21.0.3)
 403:          1148          27552  sun.reflect.annotation.AnnotationInvocationHandler (java.base@21.0.3)
 404:          1142          27408  java.util.concurrent.ConcurrentLinkedQueue (java.base@21.0.3)
 405:           463          27264  [[B (java.base@21.0.3)
 406:           375          27000  sun.security.ssl.SSLEngineOutputRecord (java.base@21.0.3)
 407:           256          26624  io.netty.buffer.PoolArena$HeapArena
 408:          1642          26272  org.opensearch.common.inject.util.Providers$1
 409:          1641          26256  org.opensearch.common.inject.internal.InternalFactory$Instance
 410:            13          26240  [[J (java.base@21.0.3)
 411:           656          26240  java.io.RandomAccessFile (java.base@21.0.3)
 412:             9          26136  [Lorg.opensearch.common.recycler.Recycler$V;
 413:           542          26016  org.apache.lucene.analysis.StopFilter
 414:           648          25920  java.lang.invoke.DirectMethodHandle$Interface (java.base@21.0.3)
 415:          1070          25680  org.opensearch.security.filter.SecurityRestFilter$AuthczRestHandler
 416:           458          25648  org.apache.lucene.index.DocumentsWriter
 417:           458          25648  org.apache.lucene.index.IndexFileDeleter
 418:           458          25648  org.apache.lucene.index.ReaderPool
 419:           458          25648  org.opensearch.cluster.routing.UnassignedInfo
 420:          1068          25632  org.apache.lucene.util.AttributeSource$State
 421:           457          25592  org.apache.lucene.analysis.miscellaneous.ASCIIFoldingFilter
 422:           457          25592  org.opensearch.index.engine.CombinedDeletionPolicy
 423:           457          25592  org.opensearch.index.store.Store
 424:           457          25592  org.opensearch.indices.recovery.RecoveryState
 425:           457          25592  org.opensearch.indices.recovery.RecoveryState$VerifyIndex
 426:          1582          25312  com.fasterxml.jackson.databind.introspect.AnnotationMap
 427:           790          25280  org.opensearch.painless.lookup.PainlessField
 428:           790          25280  org.opensearch.painless.spi.WhitelistField
 429:          1042          25008  org.bouncycastle.asn1.ASN1ObjectIdentifier
 430:           623          24920  org.opensearch.transport.RequestHandlerRegistry
 431:           518          24864  org.apache.lucene.analysis.CharArrayMap
 432:          1029          24696  java.lang.Long (java.base@21.0.3)
 433:          1521          24336  org.opensearch.common.settings.Setting$SimpleKey
 434:           377          24128  io.netty.channel.ChannelOutboundBuffer
 435:           377          24128  io.netty.channel.DefaultChannelPipeline$HeadContext
 436:           375          24000  io.netty.channel.socket.nio.NioSocketChannel$NioSocketChannelConfig
 437:           993          23832  jdk.internal.reflect.DirectConstructorHandleAccessor (java.base@21.0.3)
 438:          1479          23664  org.opensearch.security.support.WildcardMatcher$Exact
 439:          1424          22784  org.opensearch.security.support.WildcardMatcher$SimpleMatcher
 440:           461          22128  org.opensearch.common.settings.IndexScopedSettings
 441:           459          22032  java.util.concurrent.ArrayBlockingQueue (java.base@21.0.3)
 442:           459          22032  org.apache.lucene.index.CompositeReaderContext
 443:           458          21984  org.apache.lucene.index.BufferedUpdates
 444:           458          21984  org.apache.lucene.index.DocumentsWriter$$Lambda/0x00007fcd290cac10
 445:           458          21984  org.apache.lucene.index.IndexFileDeleter$CommitPoint
 446:           916          21984  org.opensearch.core.common.text.Text
 447:          1372          21952  java.util.regex.Pattern$BranchConn (java.base@21.0.3)
 448:           457          21936  org.apache.lucene.index.SoftDeletesRetentionMergePolicy
 449:           457          21936  org.apache.lucene.store.MMapDirectory
 450:           914          21936  org.opensearch.common.util.concurrent.KeyedLock
 451:           457          21936  org.opensearch.index.IndexService$AsyncGlobalCheckpointTask
 452:           457          21936  org.opensearch.index.IndexService$AsyncRefreshTask
 453:           457          21936  org.opensearch.index.IndexService$AsyncRetentionLeaseSyncTask
 454:           457          21936  org.opensearch.index.IndexService$AsyncTrimTranslogTask
 455:           914          21936  org.opensearch.index.analysis.FieldNameAnalyzer
 456:           914          21936  org.opensearch.index.engine.LiveVersionMap$Maps
 457:           457          21936  org.opensearch.index.engine.SoftDeletesPolicy
 458:           457          21936  org.opensearch.index.fielddata.IndexFieldDataService
 459:           457          21936  org.opensearch.index.get.ShardGetService
 460:           457          21936  org.opensearch.index.mapper.DocumentMapperParser
 461:           914          21936  org.opensearch.index.mapper.DocumentParser
 462:           914          21936  org.opensearch.index.mapper.DynamicKeyFieldTypeLookup
 463:           457          21936  org.opensearch.index.store.DirectoryFileTransferTracker
 464:           457          21936  org.opensearch.index.store.FsDirectoryFactory$HybridDirectory
 465:           457          21936  org.opensearch.index.translog.InternalTranslogManager
 466:           457          21936  org.opensearch.indices.replication.common.ReplicationTimer
 467:           455          21840  java.lang.invoke.DirectMethodHandle$Accessor (java.base@21.0.3)
 468:           679          21728  java.util.zip.ZipFile$CleanableResource (java.base@21.0.3)
 469:           181          21720  java.lang.Thread (java.base@21.0.3)
 470:           905          21720  org.opensearch.sql.expression.function.FunctionSignature
 471:           338          21632  sun.security.ssl.CipherSuite (java.base@21.0.3)
 472:           536          21440  org.apache.lucene.analysis.LowerCaseFilter
 473:           890          21360  org.opensearch.common.inject.InternalFactoryToProviderAdapter
 474:           890          21360  org.opensearch.common.inject.ProviderToInternalFactoryAdapter
 475:           890          21360  org.opensearch.common.inject.Scopes$1$1
 476:           667          21344  java.io.File (java.base@21.0.3)
 477:           664          21248  javax.crypto.Cipher$Transform (java.base@21.0.3)
 478:           377          21112  io.netty.channel.DefaultChannelPipeline$TailContext
 479:           879          21096  java.util.regex.Pattern$SliceI (java.base@21.0.3)
 480:           376          21056  io.netty.channel.FixedRecvByteBufAllocator$HandleImpl
 481:           658          21056  java.net.InetAddress$InetAddressHolder (java.base@21.0.3)
 482:           876          21024  sun.security.provider.PolicyFile$PolicyEntry (java.base@21.0.3)
 483:           375          21000  org.opensearch.transport.InboundPipeline
 484:           375          21000  sun.security.ssl.SSLCipher$T13GcmReadCipherGenerator$GcmReadCipher (java.base@21.0.3)
 485:           375          21000  sun.security.ssl.SSLCipher$T13GcmWriteCipherGenerator$GcmWriteCipher (java.base@21.0.3)
 486:           653          20896  sun.reflect.generics.repository.ClassRepository (java.base@21.0.3)
 487:           652          20864  java.util.PropertyPermission (java.base@21.0.3)
 488:           869          20856  java.lang.Class$AnnotationData (java.base@21.0.3)
 489:           866          20784  org.opensearch.common.inject.multibindings.RealElement
 490:           849          20376  org.apache.lucene.util.packed.DirectReader$DirectPackedReader24
 491:           849          20376  sun.reflect.generics.factory.CoreReflectionFactory (java.base@21.0.3)
 492:           636          20352  org.opensearch.core.ParseField
 493:           833          19976  [Ljava.security.cert.X509Certificate; (java.base@21.0.3)
 494:           624          19968  io.netty.buffer.PoolThreadCache$SubPageMemoryRegionCache
 495:           831          19944  sun.reflect.generics.reflectiveObjects.ParameterizedTypeImpl (java.base@21.0.3)
 496:           475          19800  [Lorg.opensearch.common.inject.SingleParameterInjector;
 497:           490          19600  org.opensearch.common.util.concurrent.BaseFuture$Sync
 498:          1210          19360  java.util.regex.Pattern$BitClass (java.base@21.0.3)
 499:           472          18880  org.opensearch.common.settings.Setting$1
 500:           584          18688  com.sun.crypto.provider.AESCrypt (java.base@21.0.3)
 501:            32          18432  io.netty.util.internal.shaded.org.jctools.queues.atomic.MpscUnboundedAtomicArrayQueue
 502:           459          18360  org.opensearch.index.OpenSearchTieredMergePolicy
 503:           459          18360  sun.nio.ch.FileLockImpl (java.base@21.0.3)
 504:           458          18320  org.apache.lucene.index.BufferedUpdatesStream
 505:           458          18320  org.apache.lucene.util.ByteBlockPool
 506:           457          18280  org.opensearch.index.cache.bitset.BitsetFilterCache
 507:           457          18280  org.opensearch.index.engine.InternalEngine$ExternalReaderManager
 508:           457          18280  org.opensearch.index.engine.PrunePostingsMergePolicy
 509:           457          18280  org.opensearch.index.engine.RecoverySourcePruneMergePolicy
 510:           457          18280  org.opensearch.index.mapper.DataStreamFieldMapper
 511:           457          18280  org.opensearch.index.mapper.FieldNamesFieldMapper
 512:           457          18280  org.opensearch.index.mapper.FieldNamesFieldMapper$FieldNamesFieldType
 513:           457          18280  org.opensearch.index.mapper.IdFieldMapper$IdFieldType
 514:           457          18280  org.opensearch.index.mapper.Mapper$TypeParser$ParserContext
 515:           457          18280  org.opensearch.index.mapper.RoutingFieldMapper
 516:           457          18280  org.opensearch.index.mapper.SourceFieldMapper$SourceFieldType
 517:           457          18280  org.opensearch.index.shard.GlobalCheckpointListeners
 518:           457          18280  org.opensearch.index.shard.IndexShard$7
 519:           457          18280  org.opensearch.index.shard.IndexShardOperationPermits
 520:           457          18280  org.opensearch.index.shard.InternalIndexingStats$StatsHolder
 521:           457          18280  org.opensearch.index.shard.OpenSearchMergePolicy
 522:           457          18280  org.opensearch.index.store.ByteSizeCachingDirectory
 523:           457          18280  org.opensearch.index.store.ByteSizeCachingDirectory$1
 524:           457          18280  org.opensearch.index.translog.TranslogConfig
 525:           377          18096  io.netty.channel.AbstractChannel$CloseFuture
 526:           377          18096  io.netty.channel.DefaultChannelPipeline
 527:           754          18096  io.netty.channel.VoidChannelPromise
 528:           377          18096  sun.nio.ch.SelectionKeyImpl (java.base@21.0.3)
 529:           750          18000  io.netty.handler.ssl.SslHandler$SslTasksRunner
 530:           375          18000  sun.nio.ch.SocketAdaptor (java.base@21.0.3)
 531:           375          18000  sun.security.ssl.SSLEngineInputRecord (java.base@21.0.3)
 532:           444          17760  java.util.concurrent.CompletableFuture$UniWhenComplete (java.base@21.0.3)
 533:           441          17640  org.opensearch.indices.replication.common.ReplicationCollection$ReplicationMonitor
 534:           545          17440  org.apache.lucene.analysis.ReusableStringReader
 535:           165          17160  java.lang.management.ThreadInfo (java.management@21.0.3)
 536:           715          17160  java.time.format.DateTimeFormatterBuilder$DefaultValueParser (java.base@21.0.3)
 537:           714          17136  java.util.regex.Pattern$Start (java.base@21.0.3)
 538:           711          17064  java.util.zip.Inflater$InflaterZStreamRef (java.base@21.0.3)
 539:          1066          17056  org.opensearch.common.inject.Initializables$1
 540:           710          17040  sun.reflect.generics.scope.ClassScope (java.base@21.0.3)
 541:           419          16760  org.apache.lucene.util.packed.Packed64
 542:          1039          16624  org.apache.logging.log4j.message.ReusableSimpleMessage
 543:          1032          16512  org.apache.lucene.util.BytesRefBuilder
 544:           685          16440  com.fasterxml.jackson.databind.introspect.MemberKey
 545:           683          16392  org.opensearch.rest.RestMethodHandlers
 546:           338          16224  sun.security.x509.X500Name (java.base@21.0.3)
 547:           505          16160  java.nio.file.attribute.FileTime (java.base@21.0.3)
 548:           672          16128  io.netty.buffer.IntPriorityQueue
 549:           251          16064  java.lang.invoke.BoundMethodHandle$Species_LLLLLLL (java.base@21.0.3)
 550:           669          16056  sun.security.jca.ServiceId (java.base@21.0.3)
 551:           656          15744  java.util.zip.ZipFile$Source$Key (java.base@21.0.3)
 552:           653          15672  sun.reflect.generics.tree.ClassSignature (java.base@21.0.3)
 553:           489          15648  org.opensearch.common.util.concurrent.ThreadContext$ContextPreservingAbstractRunnable
 554:           487          15584  com.google.common.collect.RegularImmutableSet
 555:           487          15584  java.util.concurrent.CountDownLatch$Sync (java.base@21.0.3)
 556:           486          15552  org.opensearch.common.inject.ConstructorInjector
 557:           486          15552  org.opensearch.common.inject.MembersInjectorImpl
 558:           194          15520  org.apache.logging.log4j.core.util.datetime.FixedDateFormat
 559:           645          15480  java.net.InetSocketAddress$InetSocketAddressHolder (java.base@21.0.3)
 560:           642          15408  java.net.Inet4Address (java.base@21.0.3)
 561:           275          15400  java.lang.invoke.BoundMethodHandle$Species_LLLLL (java.base@21.0.3)
 562:           634          15216  java.util.ImmutableCollections$SetN (java.base@21.0.3)
 563:           375          15000  io.netty.channel.socket.nio.NioSocketChannel$NioSocketChannelUnsafe
 564:           375          15000  org.opensearch.transport.InboundAggregator
 565:           375          15000  org.opensearch.transport.InboundDecoder
 566:           375          15000  org.opensearch.transport.netty4.Netty4TcpChannel
 567:           825          14960  [Lsun.reflect.generics.tree.FormalTypeParameter; (java.base@21.0.3)
 568:           623          14952  org.opensearch.indexmanagement.rollup.interceptor.RollupInterceptor$interceptHandler$1
 569:           623          14952  org.opensearch.performanceanalyzer.transport.PerformanceAnalyzerTransportRequestHandler
 570:           623          14952  org.opensearch.security.OpenSearchSecurityPlugin$6$1
 571:           464          14848  org.opensearch.index.seqno.RetentionLeases
 572:           417          14816  [Ljava.time.format.DateTimeFormatterBuilder$DateTimePrinterParser; (java.base@21.0.3)
 573:           308          14784  java.lang.invoke.MethodHandleImpl$AsVarargsCollector (java.base@21.0.3)
 574:           461          14752  com.fasterxml.jackson.databind.introspect.AnnotatedField
 575:           914          14696  [Lorg.opensearch.index.mapper.DynamicTemplate;
 576:           459          14688  java.util.concurrent.Semaphore$FairSync (java.base@21.0.3)
 577:           459          14688  org.apache.lucene.store.NativeFSLockFactory$NativeFSLock
 578:           459          14688  sun.nio.ch.FileKey (java.base@21.0.3)
 579:           459          14688  sun.nio.ch.FileLockTable$FileLockReference (java.base@21.0.3)
 580:           141          14664  org.opensearch.security.configuration.DlsFlsFilterLeafReader
 581:           458          14656  org.apache.lucene.index.BufferedUpdates$DeletedTerms
 582:           458          14656  org.apache.lucene.index.BufferedUpdatesStream$FinishedSegments
 583:           458          14656  org.apache.lucene.index.DocumentsWriterPerThreadPool
 584:           458          14656  org.apache.lucene.index.IndexWriter$EventQueue
 585:           916          14656  org.apache.lucene.util.Counter$AtomicCounter
 586:           458          14656  org.apache.lucene.util.FrequencyTrackingRingBuffer
 587:           457          14624  org.apache.lucene.document.NumericDocValuesField
 588:           457          14624  org.apache.lucene.index.ShuffleForcedMergePolicy
 589:           457          14624  org.opensearch.action.support.replication.PendingReplicationActions
 590:           457          14624  org.opensearch.analysis.common.FingerprintAnalyzer
 591:           457          14624  org.opensearch.env.NodeEnvironment$1
 592:           457          14624  org.opensearch.env.NodeEnvironment$InternalShardLock
 593:           457          14624  org.opensearch.index.cache.IndexCache
 594:           457          14624  org.opensearch.index.cache.bitset.ShardBitsetFilterCache
 595:           457          14624  org.opensearch.index.cache.request.ShardRequestCache
 596:           457          14624  org.opensearch.index.engine.Engine$IndexThrottle
 597:           457          14624  org.opensearch.index.engine.LiveVersionMap
 598:           457          14624  org.opensearch.index.mapper.DocCountFieldMapper
 599:           457          14624  org.opensearch.index.mapper.IdFieldMapper
 600:           457          14624  org.opensearch.index.mapper.IgnoredFieldMapper
 601:           457          14624  org.opensearch.index.mapper.IndexFieldMapper
 602:           457          14624  org.opensearch.index.mapper.RankFeatureMetaFieldMapper
 603:           457          14624  org.opensearch.index.mapper.SeqNoFieldMapper
 604:           457          14624  org.opensearch.index.mapper.VersionFieldMapper
 605:           457          14624  org.opensearch.index.seqno.LocalCheckpointTracker
 606:           457          14624  org.opensearch.index.shard.IndexShard$RefreshMetricUpdater
 607:           457          14624  org.opensearch.index.shard.ShardPath
 608:           457          14624  org.opensearch.index.similarity.SimilarityService
 609:           457          14624  org.opensearch.index.store.ByteSizeCachingDirectory$SizeAndModCount
 610:           457          14624  org.opensearch.index.translog.TranslogHeader
 611:           457          14624  org.opensearch.index.warmer.ShardIndexWarmerService
 612:           365          14600  org.opensearch.painless.spi.WhitelistClass
 613:           588          14544  [[I (java.base@21.0.3)
 614:           591          14184  java.util.LinkedHashMap$LinkedEntrySet (java.base@21.0.3)
 615:           352          14080  java.time.format.DateTimeFormatter (java.base@21.0.3)
 616:           586          14064  java.util.regex.Pattern$CharPropertyGreedy (java.base@21.0.3)
 617:           351          14040  java.security.ProtectionDomain (java.base@21.0.3)
 618:           871          13936  java.util.concurrent.atomic.AtomicReferenceArray (java.base@21.0.3)
 619:           561          13904  [Ljava.security.cert.Certificate; (java.base@21.0.3)
 620:           579          13896  org.apache.lucene.util.packed.DirectReader$DirectPackedReader2
 621:           433          13856  org.opensearch.common.inject.FactoryProxy
 622:           866          13856  org.opensearch.common.inject.Key$AnnotationInstanceStrategy
 623:           433          13856  org.opensearch.core.xcontent.ObjectParser$FieldParser
 624:           118          13704  [Lorg.tartarus.snowball.Among;
 625:           560          13440  java.security.BasicPermissionCollection (java.base@21.0.3)
 626:           557          13368  java.security.SecurityPermission (java.base@21.0.3)
 627:           556          13344  org.opensearch.common.collect.Tuple
 628:           553          13272  java.lang.StringBuilder (java.base@21.0.3)
 629:           165          13200  sun.security.x509.X509CertImpl (java.base@21.0.3)
 630:           164          13120  java.net.URI (java.base@21.0.3)
 631:           545          13080  [Lorg.apache.lucene.util.AttributeSource$State;
 632:           545          13080  org.apache.lucene.analysis.Analyzer$TokenStreamComponents
 633:           535          12840  java.util.ImmutableCollections$List12 (java.base@21.0.3)
 634:           399          12768  java.util.regex.Pattern$Curly (java.base@21.0.3)
 635:             3          12496  [Ljava.util.concurrent.RunnableScheduledFuture; (java.base@21.0.3)
 636:           193          12352  io.netty.util.concurrent.ScheduledFutureTask
 637:           768          12288  org.opensearch.common.concurrent.CompletableContext
 638:           377          12064  io.netty.channel.DefaultChannelId
 639:           377          12064  sun.nio.ch.DummySocketImpl (java.base@21.0.3)
 640:           375          12000  io.netty.handler.ssl.SslHandler$SslHandlerCoalescingBufferQueue
 641:           750          12000  io.netty.handler.ssl.SslHandler$SslTasksRunner$1
 642:           500          12000  org.opensearch.cluster.metadata.IndexGraveyard$Tombstone
 643:           375          12000  org.opensearch.transport.nativeprotocol.NativeInboundBytesHandler
 644:           375          12000  org.opensearch.transport.netty4.Netty4MessageChannelHandler
 645:           375          12000  org.opensearch.transport.netty4.OpenSearchLoggingHandler
 646:           750          12000  sun.security.ssl.Authenticator$TLS13Authenticator (java.base@21.0.3)
 647:           375          12000  sun.security.ssl.SSLEngineImpl (java.base@21.0.3)
 648:           249          11952  java.lang.invoke.BoundMethodHandle$Species_LLL (java.base@21.0.3)
 649:           498          11952  sun.security.x509.AlgorithmId (java.base@21.0.3)
 650:           212          11872  sun.util.calendar.ZoneInfo (java.base@21.0.3)
 651:           488          11712  org.opensearch.securityanalytics.model.LogType$Mapping
 652:           486          11664  org.opensearch.common.inject.DefaultConstructionProxyFactory$1
 653:           486          11664  org.opensearch.common.inject.spi.InjectionPoint
 654:           484          11616  org.opensearch.core.action.ActionListener$1
 655:           653          11576  [Lsun.reflect.generics.tree.ClassTypeSignature; (java.base@21.0.3)
 656:           481          11544  java.util.regex.Pattern$$Lambda/0x80000002b (java.base@21.0.3)
 657:           476          11424  org.opensearch.security.support.WildcardMatcher$MatcherCombiner
 658:           531          11360  [Lsun.reflect.generics.tree.FieldTypeSignature; (java.base@21.0.3)
 659:           338          11216  [Lsun.security.x509.RDN; (java.base@21.0.3)
 660:           459          11016  org.apache.lucene.search.similarities.BM25Similarity
 661:           459          11016  org.opensearch.index.LogByteSizeMergePolicyProvider
 662:           459          11016  org.opensearch.index.MergeSchedulerConfig
 663:           459          11016  org.opensearch.index.TieredMergePolicyProvider
 664:           459          11016  org.opensearch.index.remote.RemoteStorePathStrategy
 665:           459          11016  sun.nio.ch.FileLockTable (java.base@21.0.3)
 666:           458          10992  org.apache.lucene.index.ConcurrentApproximatePriorityQueue
 667:           458          10992  org.apache.lucene.index.DocumentsWriterDeleteQueue$DeleteSlice
 668:           458          10992  org.apache.lucene.index.DocumentsWriterDeleteQueue$Node
 669:           458          10992  org.apache.lucene.index.DocumentsWriterFlushQueue
 670:           458          10992  org.apache.lucene.index.DocumentsWriterStallControl
 671:           458          10992  org.apache.lucene.index.FlushByRamOrCountsPolicy
 672:           458          10992  org.apache.lucene.index.IndexWriter$AddIndexesMergeSource
 673:           458          10992  org.apache.lucene.index.IndexWriter$Merges
 674:           458          10992  org.apache.lucene.index.LockableConcurrentApproximatePriorityQueue
 675:           458          10992  org.apache.lucene.store.LockValidatingDirectoryWrapper
 676:           458          10992  org.apache.lucene.util.ByteBlockPool$DirectTrackingAllocator
 677:           458          10992  org.apache.lucene.util.Counter$SerialCounter
 678:           458          10992  org.apache.lucene.util.FileDeleter
 679:           458          10992  org.apache.lucene.util.FrequencyTrackingRingBuffer$IntBag
 680:           458          10992  org.opensearch.index.engine.SafeCommitInfo
 681:           458          10992  org.opensearch.index.recovery.RecoveryStats
 682:           343          10976  com.fasterxml.jackson.databind.util.internal.PrivateMaxEntriesMap$Node
 683:           457          10968  [Ljava.io.Closeable; (java.base@21.0.3)
 684:           457          10968  [Lorg.apache.lucene.search.ReferenceManager$RefreshListener;
 685:           457          10968  org.apache.lucene.index.SoftDeletesRetentionMergePolicy$$Lambda/0x00007fcd2930d820
 686:           457          10968  org.apache.lucene.index.StandardDirectoryReader$3
 687:           457          10968  org.opensearch.common.lucene.LoggerInfoStream
 688:           457          10968  org.opensearch.common.lucene.index.OpenSearchDirectoryReader$DelegatingCacheHelper
 689:           457          10968  org.opensearch.common.lucene.index.OpenSearchDirectoryReader$DelegatingCacheKey
 690:           457          10968  org.opensearch.index.CompositeIndexEventListener
 691:           457          10968  org.opensearch.index.IndexService$$Lambda/0x00007fcd2926e4d8
 692:           457          10968  org.opensearch.index.IndexService$$Lambda/0x00007fcd2926efb8
 693:           457          10968  org.opensearch.index.IndexService$$Lambda/0x00007fcd29271518
 694:           457          10968  org.opensearch.index.IndexService$FieldDataCacheListener
 695:           457          10968  org.opensearch.index.IndexService$StoreCloseListener
 696:           457          10968  org.opensearch.index.IndexWarmer$FieldDataWarmer
 697:           457          10968  org.opensearch.index.analysis.IndexAnalyzers
 698:           457          10968  org.opensearch.index.analysis.LowercaseNormalizer
 699:           457          10968  org.opensearch.index.cache.bitset.BitsetFilterCache$BitSetProducerWarmer
 700:           457          10968  org.opensearch.index.engine.CompletionStatsCache
 701:           457          10968  org.opensearch.index.engine.EngineConfigFactory
 702:           457          10968  org.opensearch.index.engine.InternalEngine$LastRefreshedCheckpointListener
 703:           457          10968  org.opensearch.index.engine.InternalEngine$RefreshWarmerListener
 704:           457          10968  org.opensearch.index.engine.OpenSearchReaderManager
 705:           457          10968  org.opensearch.index.engine.RecoverySourcePruneMergePolicy$$Lambda/0x00007fcd29310000
 706:           457          10968  org.opensearch.index.fielddata.ShardFieldData
 707:           457          10968  org.opensearch.index.search.stats.ShardSearchStats
 708:           457          10968  org.opensearch.index.shard.IndexShard$$Lambda/0x00007fcd292736d8
 709:           457          10968  org.opensearch.index.shard.IndexShard$$Lambda/0x00007fcd29275c68
 710:           457          10968  org.opensearch.index.shard.IndexShard$10
 711:           457          10968  org.opensearch.index.shard.IndexShard$RefreshPendingLocationListener
 712:           457          10968  org.opensearch.index.shard.IndexShard$ShardEventListener
 713:           457          10968  org.opensearch.index.shard.IndexingOperationListener$CompositeListener
 714:           457          10968  org.opensearch.index.shard.SearchOperationListener$CompositeListener
 715:           457          10968  org.opensearch.index.similarity.SimilarityService$PerFieldSimilarity
 716:           457          10968  org.opensearch.index.store.RemoteStoreFileDownloader
 717:           457          10968  org.opensearch.index.store.Store$1
 718:           457          10968  org.opensearch.index.store.Store$StoreDirectory
 719:           457          10968  org.opensearch.index.translog.InternalTranslogManager$$Lambda/0x00007fcd292ca1c8
 720:           457          10968  org.opensearch.index.translog.ReplicationTranslogDeletionPolicy$$Lambda/0x00007fcd29001410
 721:           457          10968  org.opensearch.index.translog.ReplicationTranslogDeletionPolicy$$Lambda/0x00007fcd29002590
 722:           457          10968  org.opensearch.index.translog.listener.CompositeTranslogEventListener
 723:           457          10968  org.opensearch.indices.IndicesService$$Lambda/0x00007fcd2926cd10
 724:           457          10968  org.opensearch.indices.replication.common.ReplicationLuceneIndex$FilesDetails
 725:           457          10968  org.opensearch.search.suggest.completion.CompletionStats
 726:           457          10968  org.opensearch.security.OpenSearchSecurityPlugin$$Lambda/0x00007fcd2924b720
 727:           457          10968  org.opensearch.security.OpenSearchSecurityPlugin$4
 728:           457          10968  org.opensearch.security.OpenSearchSecurityPlugin$5
 729:           457          10968  org.opensearch.security.compliance.ComplianceIndexingOperationListenerImpl
 730:           274          10960  java.lang.ref.Finalizer (java.base@21.0.3)
 731:           341          10912  jdk.internal.math.FDBigInteger (java.base@21.0.3)
 732:           341          10912  org.opensearch.common.settings.Setting$IntegerParser
 733:           194          10864  java.lang.invoke.BoundMethodHandle$Species_LLLLLL (java.base@21.0.3)
 734:           672          10752  org.apache.lucene.analysis.CharArraySet
 735:           446          10704  java.util.concurrent.ConcurrentSkipListMap$Node (java.base@21.0.3)
 736:           165          10560  org.opensearch.monitor.jvm.HotThreads$MyThreadInfo
 737:           264          10560  sun.security.util.KnownOIDs (java.base@21.0.3)
 738:           188          10528  java.nio.HeapCharBuffer (java.base@21.0.3)
 739:           656          10496  sun.nio.fs.UnixFileAttributes$UnixAsBasicFileAttributes (java.base@21.0.3)
 740:           327          10464  sun.reflect.generics.reflectiveObjects.TypeVariableImpl (java.base@21.0.3)
 741:           433          10392  org.opensearch.common.inject.InjectorImpl$4
 742:           433          10392  org.opensearch.common.inject.multibindings.MapBinder$RealMapBinder$MapEntry
 743:           433          10392  org.opensearch.common.inject.spi.ProviderLookup
 744:           433          10392  org.opensearch.plugins.ActionPlugin$ActionHandler
 745:           645          10320  java.net.InetSocketAddress (java.base@21.0.3)
 746:           416          10248  [Lorg.opensearch.sql.data.type.ExprType;
 747:           423          10152  org.opensearch.core.xcontent.ObjectParser$$Lambda/0x00007fcd28487698
 748:           423          10152  org.opensearch.index.fielddata.plain.SortedSetBytesLeafFieldData
 749:           181          10136  java.lang.Module (java.base@21.0.3)
 750:           422          10128  io.netty.util.internal.logging.LocationAwareSlf4JLogger
 751:           408          10120  [Lorg.opensearch.common.settings.Setting$Property;
 752:           417          10008  java.time.format.DateTimeFormatterBuilder$CompositePrinterParser (java.base@21.0.3)
 753:           414           9936  org.opensearch.sql.expression.function.FunctionDSL$$Lambda/0x00007fcd28b2e428
 754:            94           9776  org.apache.logging.log4j.core.impl.MutableLogEvent
 755:           603           9648  sun.security.ssl.SessionId (java.base@21.0.3)
 756:           401           9624  java.util.regex.Pattern$$Lambda/0x800000033 (java.base@21.0.3)
 757:           397           9528  java.security.Permissions (java.base@21.0.3)
 758:           396           9504  java.io.ByteArrayOutputStream (java.base@21.0.3)
 759:            79           9480  java.io.ObjectStreamClass (java.base@21.0.3)
 760:           392           9408  [Lio.netty.util.concurrent.GenericFutureListener;
 761:           392           9408  io.netty.util.concurrent.DefaultFutureListeners
 762:           391           9384  java.util.concurrent.locks.ReentrantReadWriteLock$Sync$HoldCounter (java.base@21.0.3)
 763:           234           9360  java.lang.Thread$FieldHolder (java.base@21.0.3)
 764:           195           9360  sun.nio.cs.UTF_8$Encoder (java.base@21.0.3)
 765:           166           9296  sun.security.jca.ProviderList$ServiceList (java.base@21.0.3)
 766:           387           9288  org.apache.lucene.index.OrdinalMap$1
 767:           165           9240  sun.security.x509.X509CertInfo (java.base@21.0.3)
 768:            16           9216  io.netty.util.internal.shaded.org.jctools.queues.atomic.MpscUnboundedAtomicArrayQueue
 769:           383           9192  org.opensearch.sql.expression.function.FunctionDSL$$Lambda/0x00007fcd28b1c690
 770:           287           9184  java.util.regex.Pattern$BnM (java.base@21.0.3)
 771:           104           9152  com.fasterxml.jackson.databind.ser.BeanPropertyWriter
 772:           190           9120  org.jcodings.util.CaseInsensitiveBytesHash$CaseInsensitiveBytesHashEntry
 773:           284           9088  jdk.internal.reflect.DirectMethodHandleAccessor (java.base@21.0.3)
 774:           378           9064  [Lio.netty.util.DefaultAttributeMap$DefaultAttribute;
 775:           377           9048  [Ljava.nio.channels.SelectionKey; (java.base@21.0.3)
 776:           377           9048  io.netty.channel.SucceededChannelFuture
 777:           377           9048  io.netty.util.DefaultAttributeMap$DefaultAttribute
 778:           377           9048  java.lang.module.ModuleDescriptor$Exports (java.base@21.0.3)
 779:           375           9000  io.netty.channel.PendingBytesTracker$DefaultChannelPipelinePendingBytesTracker
 780:           375           9000  org.opensearch.transport.CopyBytesSocketChannel$WriteConfig
 781:           375           9000  org.opensearch.transport.TcpChannel$ChannelStats
 782:           375           9000  sun.security.ssl.HandshakeHash (java.base@21.0.3)
 783:           375           9000  sun.security.ssl.SSLEngineOutputRecord$HandshakeFragment (java.base@21.0.3)
 784:           557           8912  java.util.IdentityHashMap$KeySet (java.base@21.0.3)
 785:           542           8672  sun.reflect.generics.tree.TypeVariableSignature (java.base@21.0.3)
 786:           536           8576  org.apache.lucene.analysis.Analyzer$TokenStreamComponents$$Lambda/0x00007fcd29264450
 787:           267           8544  java.time.format.DateTimeFormatterBuilder$NumberPrinterParser (java.base@21.0.3)
 788:           353           8472  java.io.FilePermissionCollection (java.base@21.0.3)
 789:           209           8360  java.io.ObjectStreamField (java.base@21.0.3)
 790:           208           8320  sun.security.pkcs11.SunPKCS11$Descriptor (jdk.crypto.cryptoki@21.0.3)
 791:           343           8232  com.fasterxml.jackson.databind.util.internal.PrivateMaxEntriesMap$WeightedValue
 792:           256           8192  io.netty.handler.codec.CodecOutputList
 793:           341           8184  java.util.regex.Pattern$Ques (java.base@21.0.3)
 794:           339           8136  java.util.Date (java.base@21.0.3)
 795:           127           8128  java.lang.invoke.BoundMethodHandle$Species_LLLLLLLL (java.base@21.0.3)
 796:           251           8032  java.util.Collections$SynchronizedMap (java.base@21.0.3)
 797:           332           7968  sun.reflect.generics.tree.FormalTypeParameter (java.base@21.0.3)
 798:           496           7936  jdk.proxy2.$Proxy32 (jdk.proxy2)
 799:           489           7824  org.opensearch.common.cache.Cache$$Lambda/0x00007fcd2862cce8
 800:           488           7808  java.util.regex.Pattern$$Lambda/0x800000032 (java.base@21.0.3)
 801:           487           7792  java.util.concurrent.ConcurrentHashMap$EntrySetView (java.base@21.0.3)
 802:           487           7792  java.util.concurrent.CountDownLatch (java.base@21.0.3)
 803:           486           7776  org.opensearch.common.inject.ConstructorBindingImpl$Factory
 804:           486           7776  org.opensearch.common.inject.DefaultConstructionProxyFactory
 805:           194           7760  org.apache.logging.log4j.core.pattern.DatePatternConverter$FixedFormatter
 806:           322           7728  java.util.regex.Pattern$CharProperty (java.base@21.0.3)
 807:           160           7680  java.net.URLPermission (java.base@21.0.3)
 808:           318           7632  java.util.ImmutableCollections$Set12 (java.base@21.0.3)
 809:           470           7520  org.opensearch.common.settings.Setting$$Lambda/0x00007fcd280be090
 810:           233           7456  org.apache.logging.log4j.core.config.plugins.processor.PluginEntry
 811:           154           7392  org.apache.lucene.analysis.CharArrayMap$UnmodifiableCharArrayMap
 812:           459           7344  [Lorg.opensearch.index.IndexSortConfig$FieldSortSpec;
 813:           459           7344  org.opensearch.index.IndexSettings$$Lambda/0x00007fcd2864bda0
 814:           459           7344  org.opensearch.index.IndexSettings$$Lambda/0x00007fcd2864c448
 815:           459           7344  org.opensearch.index.IndexSettings$$Lambda/0x00007fcd2864c678
 816:           459           7344  org.opensearch.index.IndexSettings$$Lambda/0x00007fcd2864c8a8
 817:           459           7344  org.opensearch.index.IndexSettings$$Lambda/0x00007fcd2864cad8
 818:           459           7344  org.opensearch.index.IndexSettings$$Lambda/0x00007fcd2864cd08
 819:           459           7344  org.opensearch.index.IndexSettings$$Lambda/0x00007fcd2864cf38
 820:           459           7344  org.opensearch.index.IndexSettings$$Lambda/0x00007fcd2864d168
 821:           459           7344  org.opensearch.index.IndexSettings$$Lambda/0x00007fcd2864d398
 822:           459           7344  org.opensearch.index.IndexSettings$$Lambda/0x00007fcd2864d5c8
 823:           459           7344  org.opensearch.index.IndexSettings$$Lambda/0x00007fcd2864d7f8
 824:           459           7344  org.opensearch.index.IndexSettings$$Lambda/0x00007fcd2864da28
 825:           459           7344  org.opensearch.index.IndexSettings$$Lambda/0x00007fcd2864dc58
 826:           459           7344  org.opensearch.index.IndexSettings$$Lambda/0x00007fcd2864de88
 827:           459           7344  org.opensearch.index.IndexSettings$$Lambda/0x00007fcd2864e780
 828:           459           7344  org.opensearch.index.IndexSettings$$Lambda/0x00007fcd2864e9b0
 829:           459           7344  org.opensearch.index.IndexSettings$$Lambda/0x00007fcd2864ebe0
 830:           459           7344  org.opensearch.index.IndexSettings$$Lambda/0x00007fcd2864ee10
 831:           459           7344  org.opensearch.index.IndexSettings$$Lambda/0x00007fcd2864f040
 832:           459           7344  org.opensearch.index.IndexSettings$$Lambda/0x00007fcd2864f270
 833:           459           7344  org.opensearch.index.IndexSettings$$Lambda/0x00007fcd2864f4a0
 834:           459           7344  org.opensearch.index.IndexSettings$$Lambda/0x00007fcd2864f6d0
 835:           459           7344  org.opensearch.index.IndexSettings$$Lambda/0x00007fcd2864f900
 836:           459           7344  org.opensearch.index.IndexSettings$$Lambda/0x00007fcd2864fb30
 837:           459           7344  org.opensearch.index.IndexSettings$$Lambda/0x00007fcd2864fd60
 838:           459           7344  org.opensearch.index.IndexSettings$$Lambda/0x00007fcd28650000
 839:           459           7344  org.opensearch.index.IndexSettings$$Lambda/0x00007fcd28650230
 840:           459           7344  org.opensearch.index.IndexSettings$$Lambda/0x00007fcd28650460
 841:           459           7344  org.opensearch.index.IndexSettings$$Lambda/0x00007fcd28650690
 842:           459           7344  org.opensearch.index.IndexSettings$$Lambda/0x00007fcd286508c0
 843:           459           7344  org.opensearch.index.IndexSettings$$Lambda/0x00007fcd28650af0
 844:           459           7344  org.opensearch.index.IndexSettings$$Lambda/0x00007fcd28650d20
 845:           459           7344  org.opensearch.index.IndexSettings$$Lambda/0x00007fcd28650f50
 846:           459           7344  org.opensearch.index.IndexSettings$$Lambda/0x00007fcd28651180
 847:           459           7344  org.opensearch.index.IndexSettings$$Lambda/0x00007fcd286513b0
 848:           459           7344  org.opensearch.index.IndexSettings$$Lambda/0x00007fcd286515e0
 849:           459           7344  org.opensearch.index.IndexSettings$$Lambda/0x00007fcd28651810
 850:           459           7344  org.opensearch.index.IndexSettings$$Lambda/0x00007fcd28651a40
 851:           459           7344  org.opensearch.index.IndexSettings$$Lambda/0x00007fcd28651c70
 852:           459           7344  org.opensearch.index.IndexSettings$$Lambda/0x00007fcd28651ea0
 853:           459           7344  org.opensearch.index.IndexSettings$$Lambda/0x00007fcd286520d0
 854:           459           7344  org.opensearch.index.IndexSettings$$Lambda/0x00007fcd28652300
 855:           459           7344  org.opensearch.index.IndexSettings$$Lambda/0x00007fcd28652530
 856:           459           7344  org.opensearch.index.IndexSettings$$Lambda/0x00007fcd28652760
 857:           459           7344  org.opensearch.index.IndexSettings$$Lambda/0x00007fcd28652990
 858:           459           7344  org.opensearch.index.IndexSettings$$Lambda/0x00007fcd28652bc0
 859:           459           7344  org.opensearch.index.IndexSettings$$Lambda/0x00007fcd28652df0
 860:           459           7344  org.opensearch.index.IndexSettings$$Lambda/0x00007fcd28653020
 861:           459           7344  org.opensearch.index.IndexSettings$$Lambda/0x00007fcd28653250
 862:           459           7344  org.opensearch.index.IndexSettings$$Lambda/0x00007fcd28653480
 863:           459           7344  org.opensearch.index.IndexSettings$$Lambda/0x00007fcd286536b0
 864:           459           7344  org.opensearch.index.IndexSettings$$Lambda/0x00007fcd286538e0
 865:           459           7344  org.opensearch.index.IndexSettings$$Lambda/0x00007fcd28653b10
 866:           459           7344  org.opensearch.index.IndexSettings$$Lambda/0x00007fcd28653d40
 867:           459           7344  org.opensearch.index.IndexSettings$$Lambda/0x00007fcd28653f70
 868:           459           7344  org.opensearch.index.IndexSettings$$Lambda/0x00007fcd286541a0
 869:           459           7344  org.opensearch.index.IndexSettings$$Lambda/0x00007fcd286543d0
 870:           459           7344  org.opensearch.index.IndexSettings$$Lambda/0x00007fcd28654600
 871:           459           7344  org.opensearch.index.IndexSettings$$Lambda/0x00007fcd28654830
 872:           459           7344  org.opensearch.index.IndexSettings$$Lambda/0x00007fcd28654a60
 873:           459           7344  org.opensearch.index.IndexSettings$$Lambda/0x00007fcd28654c90
 874:           459           7344  org.opensearch.index.IndexSettings$$Lambda/0x00007fcd28654ec0
 875:           459           7344  org.opensearch.index.IndexSettings$$Lambda/0x00007fcd286550f0
 876:           459           7344  org.opensearch.index.IndexSortConfig
 877:           458           7328  org.apache.lucene.index.DocumentsWriterDeleteQueue$$Lambda/0x00007fcd290dd608
 878:           458           7328  org.apache.lucene.index.IndexFileDeleter$$Lambda/0x00007fcd290ced20
 879:           458           7328  org.apache.lucene.index.IndexWriter$$Lambda/0x00007fcd290c88d0
 880:           458           7328  org.apache.lucene.index.IndexWriter$$Lambda/0x00007fcd290ce278
 881:           458           7328  org.apache.lucene.index.IndexWriter$1
 882:           458           7328  org.apache.lucene.index.IndexWriter$IndexWriterMergeSource
 883:           458           7328  org.apache.lucene.search.UsageTrackingQueryCachingPolicy
 884:           458           7328  org.apache.lucene.util.SetOnce
 885:           458           7328  org.apache.lucene.util.SetOnce$Wrapper
 886:           458           7328  org.opensearch.security.configuration.DlsQueryParser
 887:             2           7320  [Ljava.lang.Character$UnicodeScript; (java.base@21.0.3)
 888:           457           7312  org.apache.lucene.misc.search.similarity.LegacyBM25Similarity
 889:           457           7312  org.apache.lucene.search.similarities.BooleanSimilarity
 890:           457           7312  org.opensearch.action.support.PlainActionFuture
 891:           457           7312  org.opensearch.common.FieldMemoryStats
 892:           457           7312  org.opensearch.common.lucene.index.OpenSearchDirectoryReader$SubReaderWrapper
 893:           457           7312  org.opensearch.index.IndexService$$Lambda/0x00007fcd2926a798
 894:           457           7312  org.opensearch.index.IndexService$BitsetCacheListener
 895:           457           7312  org.opensearch.index.IndexWarmer
 896:           457           7312  org.opensearch.index.IndexingSlowLog$$Lambda/0x00007fcd29254230
 897:           457           7312  org.opensearch.index.IndexingSlowLog$$Lambda/0x00007fcd29254460
 898:           457           7312  org.opensearch.index.IndexingSlowLog$$Lambda/0x00007fcd29254690
 899:           457           7312  org.opensearch.index.IndexingSlowLog$$Lambda/0x00007fcd292548c0
 900:           457           7312  org.opensearch.index.IndexingSlowLog$$Lambda/0x00007fcd29254af0
 901:           457           7312  org.opensearch.index.IndexingSlowLog$$Lambda/0x00007fcd29254d20
 902:           457           7312  org.opensearch.index.IndexingSlowLog$$Lambda/0x00007fcd29254f50
 903:           457           7312  org.opensearch.index.SearchSlowLog$$Lambda/0x00007fcd2924ec98
 904:           457           7312  org.opensearch.index.SearchSlowLog$$Lambda/0x00007fcd2924eec8
 905:           457           7312  org.opensearch.index.SearchSlowLog$$Lambda/0x00007fcd2924f0f8
 906:           457           7312  org.opensearch.index.SearchSlowLog$$Lambda/0x00007fcd2924f328
 907:           457           7312  org.opensearch.index.SearchSlowLog$$Lambda/0x00007fcd2924f558
 908:           457           7312  org.opensearch.index.SearchSlowLog$$Lambda/0x00007fcd2924f788
 909:           457           7312  org.opensearch.index.SearchSlowLog$$Lambda/0x00007fcd2924f9b8
 910:           457           7312  org.opensearch.index.SearchSlowLog$$Lambda/0x00007fcd2924fbe8
 911:           457           7312  org.opensearch.index.SearchSlowLog$$Lambda/0x00007fcd29254000
 912:           457           7312  org.opensearch.index.codec.CodecService
 913:           457           7312  org.opensearch.index.engine.InternalEngine$$Lambda/0x00007fcd292c8cb8
 914:           457           7312  org.opensearch.index.engine.InternalEngine$$Lambda/0x00007fcd292c9938
 915:           457           7312  org.opensearch.index.engine.InternalEngine$$Lambda/0x00007fcd29303000
 916:           457           7312  org.opensearch.index.engine.InternalEngine$$Lambda/0x00007fcd29303660
 917:           457           7312  org.opensearch.index.engine.InternalEngine$$Lambda/0x00007fcd29308858
 918:           457           7312  org.opensearch.index.engine.InternalEngine$$Lambda/0x00007fcd29309e30
 919:           457           7312  org.opensearch.index.engine.InternalEngine$$Lambda/0x00007fcd29329198
 920:           457           7312  org.opensearch.index.engine.InternalEngine$1
 921:           457           7312  org.opensearch.index.engine.InternalEngineFactory
 922:           457           7312  org.opensearch.index.engine.PrunePostingsMergePolicy$$Lambda/0x00007fcd2930bc00
 923:           457           7312  org.opensearch.index.mapper.DocumentMapperParser$$Lambda/0x00007fcd290a2870
 924:           457           7312  org.opensearch.index.mapper.DocumentMapperParser$$Lambda/0x00007fcd290a2ab0
 925:           457           7312  org.opensearch.index.mapper.IdFieldMapper$$Lambda/0x00007fcd290b3268
 926:           457           7312  org.opensearch.index.mapper.RootObjectMapper$TypeParser
 927:           457           7312  org.opensearch.index.shard.IndexShard$$Lambda/0x00007fcd29271df8
 928:           457           7312  org.opensearch.index.shard.IndexShard$$Lambda/0x00007fcd29273298
 929:           457           7312  org.opensearch.index.shard.IndexShard$$Lambda/0x00007fcd29275818
 930:           457           7312  org.opensearch.index.shard.IndexShard$$Lambda/0x00007fcd29275a48
 931:           457           7312  org.opensearch.index.shard.IndexShard$$Lambda/0x00007fcd29276098
 932:           457           7312  org.opensearch.index.shard.IndexShard$$Lambda/0x00007fcd292778f0
 933:           457           7312  org.opensearch.index.shard.IndexShard$$Lambda/0x00007fcd29277b10
 934:           457           7312  org.opensearch.index.shard.IndexShard$$Lambda/0x00007fcd2927d440
 935:           457           7312  org.opensearch.index.shard.IndexShard$$Lambda/0x00007fcd2927dcb0
 936:           457           7312  org.opensearch.index.shard.IndexShard$$Lambda/0x00007fcd2927e0f0
 937:           457           7312  org.opensearch.index.shard.IndexShard$$Lambda/0x00007fcd2927e768
 938:           457           7312  org.opensearch.index.shard.IndexShard$$Lambda/0x00007fcd29329a18
 939:           457           7312  org.opensearch.index.shard.InternalIndexingStats
 940:           457           7312  org.opensearch.index.similarity.SimilarityService$$Lambda/0x00007fcd290a0420
 941:           457           7312  org.opensearch.index.similarity.SimilarityService$$Lambda/0x00007fcd290a0a68
 942:           457           7312  org.opensearch.index.translog.InternalTranslogFactory
 943:           457           7312  org.opensearch.index.translog.ReplicationTranslogDeletionPolicy$$Lambda/0x00007fcd29001cd0
 944:           457           7312  org.opensearch.index.translog.TragicExceptionHolder
 945:           457           7312  org.opensearch.index.translog.Translog$$Lambda/0x00007fcd29305590
 946:           457           7312  org.opensearch.indices.IndicesService$$Lambda/0x00007fcd2924ea78
 947:           457           7312  org.opensearch.indices.IndicesService$$Lambda/0x00007fcd29255180
 948:           457           7312  org.opensearch.indices.IndicesService$$Lambda/0x00007fcd292553a0
 949:           457           7312  org.opensearch.indices.IndicesService$3
 950:           457           7312  org.opensearch.performanceanalyzer.listener.PerformanceAnalyzerSearchListener
 951:           457           7312  org.opensearch.security.OpenSearchSecurityPlugin$$Lambda/0x00007fcd2924b960
 952:           457           7312  org.opensearch.security.support.GuardedSearchOperationWrapper$InnerSearchOperationListener
 953:           297           7128  javax.management.ImmutableDescriptor (java.management@21.0.3)
 954:           444           7104  org.opensearch.common.concurrent.CompletableContext$$Lambda/0x00007fcd290fde28
 955:           444           7104  org.opensearch.core.action.ActionListener$$Lambda/0x00007fcd290fd108
 956:           295           7080  java.util.regex.Pattern$StartS (java.base@21.0.3)
 957:           433           6928  org.opensearch.common.inject.spi.ProviderLookup$ProviderImpl
 958:           433           6928  org.opensearch.core.action.ActionListener$$Lambda/0x00007fcd28290668
 959:           433           6928  org.opensearch.core.action.ActionListener$$Lambda/0x00007fcd28290888
 960:             2           6912  [Lorg.jcodings.unicode.UnicodeCodeRange;
 961:           123           6888  java.net.SocketPermission (java.base@21.0.3)
 962:           172           6880  org.opensearch.common.time.JavaDateFormatter
 963:           172           6880  org.opensearch.common.time.JavaDateFormatter$RoundUpFormatter
 964:           215           6880  sun.nio.fs.UnixFileKey (java.base@21.0.3)
 965:           428           6848  org.opensearch.action.support.HandledTransportAction$TransportHandler
 966:            48           6792  [Ljava.lang.ClassValue$Entry; (java.base@21.0.3)
 967:           283           6792  org.opensearch.common.settings.Setting$$Lambda/0x00007fcd28090238
 968:           277           6752  [Lcom.fasterxml.jackson.databind.JavaType;
 969:           136           6528  java.util.concurrent.ThreadPoolExecutor$Worker (java.base@21.0.3)
 970:           204           6528  org.opensearch.sql.expression.function.BuiltinFunctionName
 971:           266           6384  org.opensearch.core.common.io.stream.NamedWriteableRegistry$Entry
 972:           159           6360  org.opensearch.common.util.concurrent.ThreadContext$ThreadContextStruct
 973:           397           6352  org.opensearch.sql.expression.function.FunctionDSL$$Lambda/0x00007fcd28b2d3f8
 974:           158           6320  sun.reflect.generics.repository.MethodRepository (java.base@21.0.3)
 975:           263           6312  com.google.common.collect.ImmutableMapEntry
 976:           196           6272  jdk.internal.reflect.MethodHandleObjectFieldAccessorImpl (java.base@21.0.3)
 977:           195           6240  com.sun.jmx.mbeanserver.ConvertingMethod (java.management@21.0.3)
 978:           377           6032  io.netty.channel.VoidChannelPromise$1
 979:           377           6032  io.netty.channel.nio.AbstractNioChannel$1
 980:           377           6032  org.opensearch.transport.netty4.Netty4TcpChannel$$Lambda/0x00007fcd29083b58
 981:           181           6016  [Ljava.lang.invoke.LambdaFormEditor$Transform; (java.base@21.0.3)
 982:           376           6016  io.netty.channel.DefaultMaxMessagesRecvByteBufAllocator$MaxMessageHandle$1
 983:           375           6000  io.netty.channel.nio.AbstractNioByteChannel$1
 984:           375           6000  org.opensearch.transport.InboundAggregator$$Lambda/0x00007fcd29104d90
 985:           375           6000  org.opensearch.transport.TcpTransport$$Lambda/0x00007fcd290ff840
 986:           375           6000  org.opensearch.transport.netty4.Netty4MessageChannelHandler$$Lambda/0x00007fcd291009a0
 987:           375           6000  org.opensearch.transport.netty4.Netty4MessageChannelHandler$$Lambda/0x00007fcd29101660
 988:           375           6000  org.opensearch.transport.netty4.Netty4MessageChannelHandler$$Lambda/0x00007fcd291023e0
 989:           375           6000  org.opensearch.transport.netty4.Netty4Transport$$Lambda/0x00007fcd290fa388
 990:           375           6000  sun.security.ssl.HandshakeHash$CacheOnlyHash (java.base@21.0.3)
 991:           185           5920  org.opensearch.painless.lookup.PainlessConstructor
 992:            41           5904  org.opensearch.repositories.s3.async.SizeBasedBlockingQ$Consumer
 993:           183           5856  java.util.concurrent.LinkedTransferQueue$DualNode (java.base@21.0.3)
 994:           121           5808  sun.security.rsa.RSAPublicKeyImpl (java.base@21.0.3)
 995:             3           5744  [[Lorg.opensearch.search.aggregations.bucket.terms.StringTerms$Bucket;
 996:           141           5640  org.opensearch.search.internal.ExitableDirectoryReader$ExitableLeafReader
 997:           351           5616  [Ljava.security.Principal; (java.base@21.0.3)
 998:           351           5616  java.security.ProtectionDomain$Key (java.base@21.0.3)
 999:           233           5592  org.apache.logging.log4j.core.config.plugins.util.PluginType
1000:           345           5520  org.opensearch.sql.expression.function.FunctionDSL$$Lambda/0x00007fcd28b2d1a0
1001:           172           5504  sun.reflect.generics.tree.MethodTypeSignature (java.base@21.0.3)
1002:           226           5424  java.util.jar.Manifest (java.base@21.0.3)
1003:            75           5400  java.lang.invoke.BoundMethodHandle$Species_LLLLLLLLL (java.base@21.0.3)
1004:            75           5400  org.opensearch.index.mapper.DateFieldMapper
1005:            96           5376  java.util.concurrent.ConcurrentHashMap$ValueIterator (java.base@21.0.3)
1006:           134           5360  org.apache.logging.log4j.status.StatusData
1007:           328           5248  java.lang.Character$UnicodeBlock (java.base@21.0.3)
1008:           163           5216  com.fasterxml.jackson.core.io.SerializedString
1009:           163           5216  sun.security.x509.SubjectKeyIdentifierExtension (java.base@21.0.3)
1010:            65           5200  com.fasterxml.jackson.databind.deser.impl.FieldProperty
1011:           108           5184  com.fasterxml.jackson.databind.type.SimpleType
1012:           162           5184  java.util.HashMap$EntryIterator (java.base@21.0.3)
1013:           323           5168  org.opensearch.core.xcontent.AbstractObjectParser$$Lambda/0x00007fcd28487280
1014:           160           5120  java.net.HostPortrange (java.base@21.0.3)
1015:           320           5120  org.opensearch.common.time.OpenSearchDateTimeFormatter
1016:           160           5120  sun.security.x509.KeyUsageExtension (java.base@21.0.3)
1017:            53           5088  org.opensearch.common.util.concurrent.OpenSearchThreadPoolExecutor
1018:           210           5040  org.apache.lucene.analysis.pt.RSLPStemmerBase$Rule
1019:           210           5040  org.opensearch.core.xcontent.NamedXContentRegistry$Entry
1020:           157           5024  sun.security.x509.BasicConstraintsExtension (java.base@21.0.3)
1021:            62           4960  com.fasterxml.jackson.databind.deser.impl.MethodProperty
1022:           155           4960  com.fasterxml.jackson.databind.type.TypeBindings
1023:            77           4928  java.nio.DirectByteBuffer (java.base@21.0.3)
1024:            68           4896  com.fasterxml.jackson.databind.introspect.AnnotatedClass
1025:           304           4864  org.opensearch.sql.expression.function.FunctionDSL$$Lambda/0x00007fcd28b1abc0
1026:           148           4736  org.opensearch.OpenSearchException$OpenSearchExceptionHandle
1027:           147           4704  java.lang.module.ModuleDescriptor$Requires (java.base@21.0.3)
1028:           195           4680  java.util.concurrent.ConcurrentSkipListMap$Index (java.base@21.0.3)
1029:           195           4680  sun.security.util.math.intpoly.IntegerPolynomial$ImmutableElement (java.base@21.0.3)
1030:           172           4624  [Lsun.reflect.generics.tree.TypeSignature; (java.base@21.0.3)
1031:            72           4608  java.lang.module.ModuleDescriptor (java.base@21.0.3)
1032:           190           4560  jdk.internal.module.ServicesCatalog$ServiceProvider (java.base@21.0.3)
1033:           283           4528  org.opensearch.common.settings.Setting$$Lambda/0x00007fcd28090000
1034:           141           4512  org.opensearch.security.configuration.DlsFlsFilterLeafReader$DlsGetEvaluator
1035:           187           4488  org.opensearch.common.settings.Setting$MinTimeValueParser
1036:            16           4480  java.util.concurrent.ConcurrentHashMap$CounterCell (java.base@21.0.3)
1037:           185           4440  org.opensearch.painless.spi.WhitelistConstructor
1038:           183           4392  org.opensearch.transport.TcpTransport$$Lambda/0x00007fcd291974d0
1039:           181           4344  org.opensearch.sql.expression.function.DefaultFunctionResolver
1040:           271           4336  org.opensearch.sql.expression.function.FunctionDSL$$Lambda/0x00007fcd28b19ef8
1041:            67           4288  sun.security.ssl.SSLExtension (java.base@21.0.3)
1042:           107           4280  sun.util.locale.LocaleObjectCache$CacheEntry (java.base@21.0.3)
1043:           151           4216  [Ljava.lang.reflect.TypeVariable; (java.base@21.0.3)
1044:            75           4200  org.opensearch.index.mapper.DateFieldMapper$DateFieldType
1045:           103           4120  org.jcodings.EncodingDB$Entry
1046:           256           4096  java.lang.Byte (java.base@21.0.3)
1047:           256           4096  java.lang.Short (java.base@21.0.3)
1048:            85           4080  org.opensearch.common.settings.Setting$AffixSetting
1049:            84           4032  java.lang.invoke.BoundMethodHandle$Species_LLLL (java.base@21.0.3)
1050:            42           4032  java.net.FactoryURLClassLoader (java.base@21.0.3)
1051:           207           4024  [Lcom.sun.jmx.mbeanserver.MXBeanMapping; (java.management@21.0.3)
1052:           166           3984  sun.security.jca.ProviderList$ServiceList$1 (java.base@21.0.3)
1053:           165           3960  [Ljava.lang.management.ThreadInfo; (java.management@21.0.3)
1054:           165           3960  org.opensearch.rest.RestHandler$Route
1055:           165           3960  sun.security.util.BitArray (java.base@21.0.3)
1056:           165           3960  sun.security.util.Cache$EqualByteArray (java.base@21.0.3)
1057:           165           3960  sun.security.x509.CertificateValidity (java.base@21.0.3)
1058:           164           3936  java.lang.Character$UnicodeScript (java.base@21.0.3)
1059:           164           3936  sun.security.x509.CertificateExtensions (java.base@21.0.3)
1060:            97           3880  org.opensearch.index.mapper.BooleanFieldMapper
1061:            97           3880  org.opensearch.index.mapper.BooleanFieldMapper$BooleanFieldType
1062:           241           3856  java.security.SecureClassLoader$CodeSourceKey (java.base@21.0.3)
1063:            33           3824  [Lcom.google.common.collect.ImmutableMapEntry;
1064:           158           3792  sun.reflect.generics.scope.MethodScope (java.base@21.0.3)
1065:            94           3760  java.lang.invoke.VarHandle$AccessDescriptor (java.base@21.0.3)
1066:            39           3744  com.fasterxml.jackson.databind.deser.BeanDeserializer
1067:            93           3720  com.sun.management.internal.DiagnosticCommandArgumentInfo (jdk.management@21.0.3)
1068:            77           3696  java.lang.invoke.BoundMethodHandle$Species_LJ (java.base@21.0.3)
1069:            42           3696  org.opensearch.plugins.ExtendedPluginsClassLoader
1070:           151           3624  com.fasterxml.jackson.databind.PropertyName
1071:           150           3600  java.lang.ThreadLocal$ThreadLocalMap (java.base@21.0.3)
1072:            75           3600  java.lang.invoke.BoundMethodHandle$Species_LLJ (java.base@21.0.3)
1073:           149           3576  org.apache.lucene.util.FixedBits
1074:           149           3576  org.opensearch.rest.DeprecationRestHandler
1075:            88           3520  org.opensearch.common.settings.Setting$ListSetting
1076:            62           3472  com.fasterxml.jackson.databind.type.CollectionType
1077:            62           3472  jdk.internal.module.ModuleReferenceImpl (java.base@21.0.3)
1078:            72           3456  org.opensearch.cluster.node.DiscoveryNode
1079:           102           3440  [Lcom.fasterxml.jackson.databind.introspect.AnnotationMap;
1080:            86           3440  org.opensearch.core.xcontent.ObjectParser
1081:            39           3432  com.fasterxml.jackson.databind.deser.std.StdValueInstantiator
1082:           143           3432  java.net.SocketPermissionCollection (java.base@21.0.3)
1083:           107           3424  jdk.internal.loader.NativeLibraries (java.base@21.0.3)
1084:           213           3408  sun.security.x509.KeyIdentifier (java.base@21.0.3)
1085:           141           3384  org.opensearch.common.lucene.ShardCoreKeyMap$$Lambda/0x00007fcd293c3c98
1086:           210           3360  java.time.format.DateTimeFormatterBuilder$CharLiteralPrinterParser (java.base@21.0.3)
1087:            60           3360  java.util.stream.ReferencePipeline$Head (java.base@21.0.3)
1088:            59           3352  [Ljavax.management.MBeanAttributeInfo; (java.management@21.0.3)
1089:           139           3336  java.lang.management.LockInfo (java.management@21.0.3)
1090:            51           3264  javax.management.openmbean.OpenMBeanAttributeInfoSupport (java.management@21.0.3)
1091:           204           3264  org.opensearch.sql.expression.function.FunctionName
1092:           202           3232  java.util.concurrent.ConcurrentHashMap$ValuesView (java.base@21.0.3)
1093:           101           3232  javax.management.MBeanAttributeInfo (java.management@21.0.3)
1094:           134           3216  java.lang.invoke.Invokers (java.base@21.0.3)
1095:            32           3200  [Lio.netty.buffer.PoolThreadCache$MemoryRegionCache;
1096:            22           3168  [Ljava.lang.invoke.MemberName; (java.base@21.0.3)
1097:           122           3168  [Ljava.util.Map$Entry; (java.base@21.0.3)
1098:            66           3168  org.opensearch.index.seqno.ReplicationTracker$CheckpointState
1099:            28           3136  [Lio.netty.buffer.IntPriorityQueue;
1100:            98           3136  com.fasterxml.jackson.databind.introspect.AnnotatedConstructor
1101:            87           3128  [Lorg.joda.time.format.InternalParser;
1102:            11           3080  java.util.concurrent.atomic.Striped64$Cell (java.base@21.0.3)
1103:            77           3080  jdk.internal.vm.SharedThreadContainer (java.base@21.0.3)
1104:            24           3072  io.netty.util.internal.InternalThreadLocalMap
1105:           192           3072  org.opensearch.transport.TcpTransport$ChannelsConnectedListener$$Lambda/0x00007fcd29139920
1106:            47           3008  java.lang.ClassValue$ClassValueMap (java.base@21.0.3)
1107:           187           2992  org.opensearch.common.settings.Setting$$Lambda/0x00007fcd280bcd38
1108:           184           2944  org.opensearch.common.settings.Setting$$Lambda/0x00007fcd280bcaf8
1109:            36           2880  com.google.common.cache.LocalCache$Segment
1110:            60           2880  org.joda.time.format.DateTimeFormatter
1111:            72           2880  org.opensearch.cluster.metadata.AliasMetadata
1112:            90           2880  sun.nio.fs.NativeBuffer (java.base@21.0.3)
1113:           176           2816  org.opensearch.common.inject.ConstantFactory
1114:            70           2800  jdk.internal.ref.Cleaner (java.base@21.0.3)
1115:            58           2784  javax.management.MBeanInfo (java.management@21.0.3)
1116:           115           2760  java.util.AbstractMap$SimpleImmutableEntry (java.base@21.0.3)
1117:           115           2760  java.util.PropertyPermissionCollection (java.base@21.0.3)
1118:           170           2720  sun.security.x509.SerialNumber (java.base@21.0.3)
1119:           113           2712  com.fasterxml.jackson.databind.type.TypeBindings$AsKey
1120:           113           2712  com.google.common.collect.ImmutableMapEntry$NonTerminalImmutableMapEntry
1121:           110           2640  jdk.internal.loader.AbstractClassLoaderValue$Sub (java.base@21.0.3)
1122:           165           2640  sun.security.x509.CertificateAlgorithmId (java.base@21.0.3)
1123:           165           2640  sun.security.x509.CertificateSerialNumber (java.base@21.0.3)
1124:           165           2640  sun.security.x509.CertificateVersion (java.base@21.0.3)
1125:           165           2640  sun.security.x509.CertificateX509Key (java.base@21.0.3)
1126:            82           2624  com.fasterxml.jackson.databind.ser.impl.ReadOnlyClassToSerializerMap$Bucket
1127:            82           2624  com.fasterxml.jackson.databind.util.TypeKey
1128:            82           2624  org.opensearch.common.time.FormatNames
1129:            80           2560  java.lang.ClassValue$Entry (java.base@21.0.3)
1130:            32           2560  java.lang.invoke.BoundMethodHandle$Species_LLLLLLLLLLL (java.base@21.0.3)
1131:           160           2560  java.net.URLPermission$Authority (java.base@21.0.3)
1132:            64           2560  java.util.Collections$SingletonMap (java.base@21.0.3)
1133:           160           2560  org.opensearch.common.settings.Setting$$Lambda/0x00007fcd2802c2f8
1134:            29           2552  org.apache.lucene.codecs.lucene90.Lucene90DocValuesProducer$TermsDict
1135:            14           2528  [Lcom.fasterxml.jackson.core.sym.CharsToNameCanonicalizer$Bucket;
1136:            79           2528  org.opensearch.performanceanalyzer.commons.stats.metrics.StatExceptionCode
1137:           157           2512  java.util.Collections$UnmodifiableMap$UnmodifiableEntrySet$UnmodifiableEntry (java.base@21.0.3)
1138:            77           2464  java.security.AlgorithmParameters (java.base@21.0.3)
1139:            16           2432  io.netty.channel.nio.NioEventLoop
1140:            76           2432  org.apache.lucene.analysis.pt.RSLPStemmerBase$RuleWithSuffixExceptions
1141:            74           2368  java.util.Locale (java.base@21.0.3)
1142:            95           2280  java.security.UnresolvedPermissionCollection (java.base@21.0.3)
1143:            95           2280  java.security.spec.ECPoint (java.base@21.0.3)
1144:            71           2272  sun.util.locale.BaseLocale (java.base@21.0.3)
1145:            47           2256  com.sun.management.internal.DiagnosticCommandInfo (jdk.management@21.0.3)
1146:            94           2256  org.apache.logging.log4j.core.time.MutableInstant
1147:           141           2256  org.opensearch.security.configuration.DlsFlsFilterLeafReader$HashingCallback
1148:           141           2256  org.opensearch.security.configuration.DlsFlsFilterLeafReader$MaskedFieldsMap
1149:            28           2240  io.netty.buffer.PoolChunk
1150:            28           2240  io.netty.buffer.PooledHeapByteBuf
1151:            70           2240  java.nio.DirectByteBuffer$Deallocator (java.base@21.0.3)
1152:            70           2240  sun.security.x509.URIName (java.base@21.0.3)
1153:            92           2208  org.opensearch.core.xcontent.ConstructingObjectParser$ConstructorArgInfo
1154:            68           2176  java.lang.invoke.LambdaForm$Kind (java.base@21.0.3)
1155:            68           2176  org.opensearch.common.settings.Setting$$Lambda/0x00007fcd280c8fa0
1156:            90           2160  org.opensearch.common.util.concurrent.ThreadContext$$Lambda/0x00007fcd28fdf490
1157:            54           2160  org.opensearch.threadpool.ThreadPool$Info
1158:            90           2160  sun.nio.fs.NativeBuffer$Deallocator (java.base@21.0.3)
1159:            89           2136  java.time.LocalDateTime (java.base@21.0.3)
1160:            89           2136  java.util.ImmutableCollections$ListN (java.base@21.0.3)
1161:            89           2136  org.apache.logging.log4j.message.ParameterizedNoReferenceMessageFactory$StatusMessage
1162:            53           2120  sun.security.util.NamedCurve (java.base@21.0.3)
1163:            66           2112  org.joda.time.format.DateTimeFormatterBuilder$Composite
1164:            88           2112  org.opensearch.common.settings.Setting$ListKey
1165:            87           2088  org.opensearch.action.ActionType
1166:            69           2080  [Ljava.io.ObjectStreamField; (java.base@21.0.3)
1167:           130           2080  java.util.TreeSet (java.base@21.0.3)
1168:            47           2064  [Lorg.joda.time.format.InternalPrinter;
1169:           128           2048  java.lang.Character (java.base@21.0.3)
1170:            64           2048  org.opensearch.Version
1171:            85           2040  org.opensearch.common.settings.Setting$AffixKey
1172:            36           2016  com.sun.crypto.provider.GCTR (java.base@21.0.3)
1173:            28           2016  java.lang.invoke.BoundMethodHandle$Species_LLLLLLLLLL (java.base@21.0.3)
1174:            42           2016  java.time.temporal.ValueRange (java.base@21.0.3)
1175:            84           2016  org.apache.logging.log4j.core.pattern.PatternFormatter
1176:            63           2016  org.apache.lucene.codecs.lucene99.Lucene99PostingsReader
1177:            42           2016  org.opensearch.plugins.PluginInfo
1178:            50           2000  sun.security.x509.AuthorityKeyIdentifierExtension (java.base@21.0.3)
1179:            61           1952  jdk.internal.loader.BuiltinClassLoader$LoadedModule (java.base@21.0.3)
1180:            15           1944  [Lorg.opensearch.index.fielddata.LeafOrdinalsFieldData;
1181:           121           1936  org.opensearch.index.analysis.PreBuiltAnalyzerProvider
1182:             4           1928  [Lorg.jcodings.util.Hash$HashEntry;
1183:            40           1920  org.apache.lucene.util.packed.BulkOperationPacked
1184:            48           1920  org.opensearch.common.settings.Setting$LongParser
1185:            24           1920  sun.nio.ch.EPollSelectorImpl (java.base@21.0.3)
1186:            34           1904  sun.security.ssl.NamedGroup (java.base@21.0.3)
1187:            79           1896  java.util.Currency$OtherCurrencyEntry (java.base@21.0.3)
1188:            39           1872  com.fasterxml.jackson.databind.deser.impl.BeanPropertyMap
1189:            78           1872  org.opensearch.common.time.JavaDateMathParser
1190:            46           1840  org.opensearch.common.settings.Setting$DoubleParser
1191:            75           1800  java.util.Collections$UnmodifiableSortedSet (java.base@21.0.3)
1192:            28           1792  java.util.zip.Deflater (java.base@21.0.3)
1193:            56           1792  joptsimple.internal.AbbreviationMap
1194:            28           1792  org.apache.logging.log4j.jul.CoreLogger
1195:            56           1792  org.opensearch.common.compress.DeflateCompressor$ReleasableReference
1196:            37           1776  java.util.concurrent.ConcurrentSkipListMap (java.base@21.0.3)
1197:            55           1760  [Lsun.nio.fs.NativeBuffer; (java.base@21.0.3)
1198:            55           1760  java.util.concurrent.locks.AbstractQueuedSynchronizer$ConditionNode (java.base@21.0.3)
1199:            73           1752  com.google.common.collect.ImmutableMapEntry
1200:            54           1728  sun.reflect.annotation.AnnotationType (java.base@21.0.3)
1201:            43           1720  jdk.internal.loader.URLClassPath (java.base@21.0.3)
1202:            53           1696  java.security.spec.EllipticCurve (java.base@21.0.3)
1203:            42           1680  java.lang.WeakPairMap$Pair$Weak (java.base@21.0.3)
1204:            52           1664  sun.util.locale.BaseLocale$Key (java.base@21.0.3)
1205:            23           1656  sun.net.www.protocol.jar.URLJarFile (java.base@21.0.3)
1206:            41           1640  sun.security.ec.ECPublicKeyImpl (jdk.crypto.ec@21.0.3)
1207:            34           1632  io.netty.channel.DefaultChannelPromise
1208:            68           1632  org.opensearch.common.settings.Setting$$Lambda/0x00007fcd2853ec48
1209:            29           1624  com.fasterxml.jackson.databind.type.MapType
1210:            67           1600  [Ljavax.management.ObjectName$Property; (java.management@21.0.3)
1211:            33           1584  org.opensearch.index.shard.ReplicationGroup
1212:            66           1584  sun.security.ec.point.ProjectivePoint$Immutable (jdk.crypto.ec@21.0.3)
1213:            49           1568  java.util.TreeMap$KeyIterator (java.base@21.0.3)
1214:            49           1568  org.apache.logging.slf4j.Log4jLogger
1215:            49           1568  org.opensearch.index.analysis.PreConfiguredTokenFilter
1216:            39           1560  java.util.EnumMap (java.base@21.0.3)
1217:            39           1560  javax.management.MBeanOperationInfo (java.management@21.0.3)
1218:            65           1560  org.opensearch.common.util.concurrent.OpenSearchExecutors$OpenSearchThreadFactory
1219:            65           1560  org.opensearch.performanceanalyzer.commons.stats.eval.impl.Sum
1220:            97           1552  org.opensearch.core.common.transport.TransportAddress
1221:            15           1536  [Ljava.io.ObjectInputStream$HandleTable$HandleList; (java.base@21.0.3)
1222:            64           1536  com.fasterxml.jackson.databind.introspect.AnnotatedClass$Creators
1223:            32           1536  java.util.logging.LogManager$LoggerWeakRef (java.logging@21.0.3)
1224:            96           1536  java.util.regex.Pattern$Begin (java.base@21.0.3)
1225:            48           1536  javax.management.MBeanParameterInfo (java.management@21.0.3)
1226:            32           1536  org.apache.lucene.analysis.snowball.SnowballFilter
1227:            64           1536  org.objectweb.asm.commons.Method
1228:            64           1536  org.opensearch.common.recycler.DequeRecycler
1229:            64           1536  org.opensearch.common.recycler.Recyclers$1
1230:            24           1536  sun.security.ec.SunEC$ProviderServiceA (jdk.crypto.ec@21.0.3)
1231:             1           1528  [Ljava.lang.Character$UnicodeBlock; (java.base@21.0.3)
1232:            63           1520  [Lorg.opensearch.common.time.OpenSearchDateTimeFormatter;
1233:            38           1520  java.math.BigDecimal (java.base@21.0.3)
1234:            47           1504  com.sun.management.internal.DiagnosticCommandImpl$Wrapper (jdk.management@21.0.3)
1235:            47           1504  org.opensearch.core.rest.RestStatus
1236:            62           1488  com.facebook.presto.matching.pattern.TypeOfPattern
1237:            62           1488  java.lang.module.ModuleDescriptor$Provides (java.base@21.0.3)
1238:            62           1488  java.lang.module.ResolvedModule (java.base@21.0.3)
1239:            62           1488  jdk.internal.module.SystemModuleFinders$2 (java.base@21.0.3)
1240:            62           1488  jdk.internal.module.SystemModuleFinders$SystemModuleReader (java.base@21.0.3)
1241:            37           1480  java.time.format.DateTimeFormatterBuilder$NanosPrinterParser (java.base@21.0.3)
1242:            46           1472  org.opensearch.core.common.bytes.BytesArray
1243:            91           1456  org.opensearch.common.settings.Setting$$Lambda/0x00007fcd2802bc50
1244:            91           1456  org.opensearch.common.settings.Setting$ListSetting$$Lambda/0x00007fcd2802c0b8
1245:            91           1456  org.opensearch.core.xcontent.ConstructingObjectParser$$Lambda/0x00007fcd284b72c8
1246:            16           1448  [Ljava.lang.Byte; (java.base@21.0.3)
1247:             7           1448  [Lorg.apache.lucene.analysis.pt.RSLPStemmerBase$Rule;
1248:            30           1440  java.lang.invoke.VarHandleReferences$FieldInstanceReadWrite (java.base@21.0.3)
1249:            60           1440  java.time.LocalDate (java.base@21.0.3)
1250:            30           1440  java.time.temporal.ChronoField (java.base@21.0.3)
1251:            36           1440  java.util.regex.Pattern$Loop (java.base@21.0.3)
1252:            45           1440  org.apache.logging.log4j.core.config.builder.api.Component
1253:            45           1440  org.opensearch.index.analysis.PreBuiltAnalyzerProviderFactory
1254:            45           1440  org.opensearch.plugins.SearchPlugin$AggregationSpec
1255:            42           1424  [Ljava.math.BigInteger; (java.base@21.0.3)
1256:            44           1408  org.apache.lucene.analysis.pt.RSLPStemmerBase$RuleWithSetExceptions
1257:            22           1408  sun.security.ssl.SignatureScheme (java.base@21.0.3)
1258:            48           1400  [Ljavax.management.MBeanOperationInfo; (java.management@21.0.3)
1259:            35           1400  org.opensearch.performanceanalyzer.commons.stats.metrics.StatMetrics
1260:            58           1392  org.opensearch.plugins.SearchPlugin$QuerySpec
1261:            87           1392  sun.security.x509.GeneralName (java.base@21.0.3)
1262:             1           1376  [Ljdk.internal.math.FDBigInteger; (java.base@21.0.3)
1263:            43           1376  java.security.UnresolvedPermission (java.base@21.0.3)
1264:             1           1368  [Lsun.security.ssl.CipherSuite; (java.base@21.0.3)
1265:            57           1368  com.fasterxml.jackson.core.sym.CharsToNameCanonicalizer$Bucket
1266:            34           1360  com.fasterxml.jackson.databind.MapperFeature
1267:            34           1360  com.fasterxml.jackson.databind.MapperFeature
1268:            34           1360  com.fasterxml.jackson.databind.MapperFeature
1269:            17           1360  com.fasterxml.jackson.databind.util.internal.PrivateMaxEntriesMap
1270:            42           1344  java.lang.WeakPairMap$Pair$Weak$1 (java.base@21.0.3)
1271:            56           1344  java.util.Collections$UnmodifiableCollection$1 (java.base@21.0.3)
1272:            21           1344  org.apache.logging.log4j.core.util.datetime.FixedDateFormat$FixedFormat
1273:            56           1344  org.apache.lucene.util.packed.DirectReader$DirectPackedReader1
1274:            24           1344  org.opensearch.monitor.jvm.JvmStats$MemoryPool
1275:            33           1320  java.util.logging.Logger$ConfigurationData (java.logging@21.0.3)
1276:            55           1320  java.util.regex.Pattern$Bound (java.base@21.0.3)
1277:            55           1320  javax.management.ObjectName$Property (java.management@21.0.3)
1278:            41           1312  java.util.concurrent.FutureTask (java.base@21.0.3)
1279:            27           1296  com.fasterxml.jackson.databind.deser.std.StringCollectionDeserializer
1280:            54           1296  java.net.NetPermission (java.base@21.0.3)
1281:            27           1296  org.opensearch.script.ScriptCache
1282:            54           1296  org.opensearch.threadpool.ThreadPool$ExecutorHolder
1283:             4           1288  [Ljava.util.concurrent.atomic.AtomicLong; (java.base@21.0.3)
1284:            16           1280  [Lio.netty.handler.codec.CodecOutputList;
1285:            32           1280  java.util.Spliterators$ArraySpliterator (java.base@21.0.3)
1286:            53           1272  java.util.regex.Pattern$Dollar (java.base@21.0.3)
1287:            53           1272  org.bouncycastle.asn1.ASN1ObjectIdentifier$OidHandle
1288:            53           1272  sun.nio.ch.Util$BufferCache (java.base@21.0.3)
1289:            79           1264  org.opensearch.sql.expression.function.FunctionDSL$$Lambda/0x00007fcd28b40848
1290:            40           1248  [Lcom.fasterxml.jackson.databind.deser.SettableBeanProperty;
1291:            39           1248  java.io.ObjectInputStream$FieldValues (java.base@21.0.3)
1292:            39           1248  org.opensearch.LegacyESVersion
1293:            77           1232  org.opensearch.core.xcontent.NamedXContentRegistry$Entry$$Lambda/0x00007fcd28484208
1294:             8           1216  io.netty.channel.nio.NioEventLoop
1295:            15           1200  java.util.concurrent.ThreadPoolExecutor (java.base@21.0.3)
1296:            47           1184  [Lcom.sun.management.internal.DiagnosticCommandArgumentInfo; (jdk.management@21.0.3)
1297:            74           1184  java.util.Collections$SingletonSet (java.base@21.0.3)
1298:            37           1184  java.util.HashMap$KeyIterator (java.base@21.0.3)
1299:            37           1184  org.opensearch.knn.plugin.stats.StatNames
1300:            21           1176  java.lang.invoke.BoundMethodHandle$Species_LLLJ (java.base@21.0.3)
1301:            73           1168  org.opensearch.common.settings.Setting$$Lambda/0x00007fcd2802c538
1302:            18           1152  [Lio.netty.util.internal.PriorityQueueNode;
1303:            24           1152  com.fasterxml.jackson.databind.ser.BeanSerializer
1304:            16           1152  com.fasterxml.jackson.databind.ser.std.MapSerializer
1305:             9           1152  com.google.common.cache.LocalCache
1306:            24           1152  java.lang.invoke.BoundMethodHandle$SpeciesData (java.base@21.0.3)
1307:            24           1152  java.util.Hashtable (java.base@21.0.3)
1308:            72           1152  java.util.concurrent.atomic.AtomicLongArray (java.base@21.0.3)
1309:            36           1152  java.util.concurrent.locks.AbstractQueuedSynchronizer$ExclusiveNode (java.base@21.0.3)
1310:            48           1152  org.opensearch.common.settings.Setting$ByteSizeValueParser
1311:            36           1152  org.opensearch.sql.legacy.metrics.MetricName
1312:            18           1152  sun.security.ec.SunEC$ProviderService (jdk.crypto.ec@21.0.3)
1313:             2           1144  [Lsun.security.util.KnownOIDs; (java.base@21.0.3)
1314:            71           1136  org.opensearch.common.settings.Setting$$Lambda/0x00007fcd2802b7c8
1315:            28           1128  [Lorg.opensearch.common.settings.Setting;
1316:            47           1128  com.fasterxml.jackson.databind.ser.impl.PropertySerializerMap$Single
1317:            47           1128  sun.security.util.LazyCodeSourcePermissionCollection (java.base@21.0.3)
1318:            14           1120  com.fasterxml.jackson.databind.util.internal.PrivateMaxEntriesMap
1319:            28           1120  io.netty.buffer.LongLongHashMap
1320:            46           1104  com.fasterxml.jackson.databind.introspect.TypeResolutionContext$Basic
1321:            46           1104  org.apache.logging.log4j.message.SimpleMessage
1322:            34           1088  java.util.concurrent.atomic.AtomicReferenceFieldUpdater$AtomicReferenceFieldUpdaterImpl (java.base@21.0.3)
1323:            34           1088  javax.management.ObjectName (java.management@21.0.3)
1324:            68           1088  org.opensearch.common.settings.Setting$$Lambda/0x00007fcd280c8d60
1325:            34           1088  sun.security.ssl.Alert (java.base@21.0.3)
1326:            15           1080  com.fasterxml.jackson.databind.deser.std.MapDeserializer
1327:            27           1080  org.opensearch.painless.lookup.PainlessLookup
1328:            27           1080  org.opensearch.script.ScriptContext
1329:            15           1080  sun.security.ssl.SSLCipher (java.base@21.0.3)
1330:            15           1072  [Ljava.lang.StackTraceElement; (java.base@21.0.3)
1331:            26           1072  [Ljava.lang.invoke.MethodType; (java.base@21.0.3)
1332:             2           1056  [Lio.netty.buffer.PoolArena;
1333:            44           1056  com.fasterxml.jackson.core.util.BufferRecycler
1334:            22           1056  java.io.ClassCache$CacheRef (java.base@21.0.3)
1335:            44           1056  java.lang.management.ManagementPermission (java.management@21.0.3)
1336:            44           1056  java.util.Arrays$ArrayItr (java.base@21.0.3)
1337:            66           1056  org.apache.lucene.analysis.tokenattributes.KeywordAttributeImpl
1338:            33           1056  org.objectweb.asm.Type
1339:            66           1056  org.opensearch.common.settings.Setting$$Lambda/0x00007fcd2854d890
1340:            66           1056  sun.security.util.ECParameters (java.base@21.0.3)
1341:            11           1056  sun.util.calendar.Gregorian$Date (java.base@21.0.3)
1342:            12           1048  [D (java.base@21.0.3)
1343:             1           1040  [Ljava.lang.Integer; (java.base@21.0.3)
1344:             1           1040  [Ljava.lang.Long; (java.base@21.0.3)
1345:             1           1040  [Ljava.lang.Short; (java.base@21.0.3)
1346:            26           1040  com.sun.jmx.mbeanserver.MXBeanSupport (java.management@21.0.3)
1347:            13           1040  com.sun.jna.Structure$FFIType
1348:            65           1040  java.util.TreeMap$Values (java.base@21.0.3)
1349:            43           1032  com.sun.jmx.mbeanserver.PerInterface$MethodAndSig (java.management@21.0.3)
1350:            43           1032  javax.naming.ldap.Rdn$RdnEntry (java.naming@21.0.3)
1351:            43           1032  org.apache.lucene.util.CharsRef
1352:            32           1024  org.opensearch.core.xcontent.ConstructingObjectParser
1353:            32           1024  org.opensearch.security.securityconf.impl.v7.RoleV7
1354:            32           1024  sun.security.provider.PolicyFile (java.base@21.0.3)
1355:            32           1024  sun.security.provider.PolicyFile$PolicyInfo (java.base@21.0.3)
1356:            32           1024  sun.security.x509.DistributionPoint (java.base@21.0.3)
1357:            41           1008  [Ljavax.management.MBeanParameterInfo; (java.management@21.0.3)
1358:            14           1008  com.fasterxml.jackson.core.sym.ByteQuadsCanonicalizer
1359:            63           1008  com.fasterxml.jackson.databind.introspect.AnnotatedMethodMap
1360:            42           1008  java.io.ObjectStreamClass$FieldReflectorKey (java.base@21.0.3)
1361:            42           1008  java.time.format.DateTimeFormatterBuilder$OffsetIdPrinterParser (java.base@21.0.3)
1362:            42           1008  org.opensearch.semver.SemverRange
1363:            21           1008  org.opensearch.sql.legacy.metrics.RollingCounter
1364:            21           1008  sun.security.ssl.SSLHandshake (java.base@21.0.3)
1365:            63           1008  sun.security.x509.DNSName (java.base@21.0.3)
1366:            25           1000  org.opensearch.ratelimitting.admissioncontrol.transport.AdmissionControlTransportHandler
1367:            31            992  io.netty.channel.ChannelOption
1368:            31            992  java.lang.invoke.VarHandle$AccessMode (java.base@21.0.3)
1369:            31            992  java.security.Policy$PolicyDelegate (java.base@21.0.3)
1370:            31            992  java.util.stream.Collectors$CollectorImpl (java.base@21.0.3)
1371:            62            992  jdk.proxy2.$Proxy1 (jdk.proxy2)
1372:            41            984  org.opensearch.common.settings.Setting$$Lambda/0x00007fcd280c4000
1373:            42            968  [Lsun.security.ssl.ProtocolVersion; (java.base@21.0.3)
1374:            24            960  [Ljava.lang.invoke.BoundMethodHandle$SpeciesData; (java.base@21.0.3)
1375:            12            960  java.lang.invoke.BoundMethodHandle$Species_LLLLLLLLLLLL (java.base@21.0.3)
1376:            30            960  java.util.ArrayList$Itr (java.base@21.0.3)
1377:            20            960  javax.management.openmbean.ArrayType (java.management@21.0.3)
1378:            60            960  jdk.internal.module.SystemModuleFinders$3 (java.base@21.0.3)
1379:            12            960  jdk.internal.reflect.DelegatingClassLoader (java.base@21.0.3)
1380:            40            960  org.apache.logging.log4j.core.pattern.SimpleLiteralPatternConverter$StringValue
1381:            30            960  org.opensearch.core.xcontent.ObjectParser$ValueType
1382:            60            960  org.opensearch.indices.analysis.PreBuiltCacheFactory$PreBuiltCacheStrategyOne
1383:            24            960  org.opensearch.monitor.jvm.JvmStats$BufferPool
1384:            30            960  org.opensearch.security.securityconf.ConfigModelV7$IndexPattern
1385:            24            960  org.opensearch.security.ssl.SecureSSLSettings$InsecureFallbackStringSetting
1386:            24            960  org.opensearch.securityanalytics.model.LogType
1387:            40            960  org.opensearch.sql.opensearch.setting.OpenSearchSettings$Updater
1388:            30            960  org.opensearch.timeseries.stats.StatNames
1389:            59            944  org.opensearch.common.settings.Setting$$Lambda/0x00007fcd280bf0d0
1390:            29            928  com.fasterxml.jackson.databind.DeserializationFeature
1391:            29            928  com.fasterxml.jackson.databind.DeserializationFeature
1392:            29            928  jdk.internal.reflect.MethodHandleBooleanFieldAccessorImpl (java.base@21.0.3)
1393:            58            928  org.opensearch.search.SearchModule$$Lambda/0x00007fcd287662c8
1394:            23            920  java.lang.reflect.AccessFlag (java.base@21.0.3)
1395:            23            920  org.opensearch.security.support.ModuleType
1396:            38            912  java.time.format.DateTimeFormatterBuilder$ZoneIdPrinterParser (java.base@21.0.3)
1397:            38            912  org.apache.lucene.analysis.lv.LatvianStemmer$Affix
1398:            19            912  org.apache.lucene.util.automaton.Automaton
1399:            38            912  org.bouncycastle.jce.provider.BouncyCastleProvider$JcaCryptoService
1400:            19            912  org.opensearch.common.cache.Cache$Entry
1401:            38            912  org.opensearch.index.analysis.PreConfiguredTokenFilter$2
1402:             6            912  org.opensearch.monitor.fs.FsInfo$DeviceStats
1403:            19            912  org.opensearch.security.securityconf.impl.SecurityDynamicConfiguration
1404:            14            896  com.fasterxml.jackson.core.sym.CharsToNameCanonicalizer
1405:            28            896  com.fasterxml.jackson.databind.DeserializationFeature
1406:            16            896  io.netty.buffer.PoolThreadCache
1407:            16            896  java.util.logging.Logger (java.logging@21.0.3)
1408:            28            896  java.util.stream.ReduceOps$3ReducingSink (java.base@21.0.3)
1409:            16            896  javax.management.openmbean.OpenMBeanParameterInfoSupport (java.management@21.0.3)
1410:            28            896  org.apache.logging.log4j.jul.WrappedLogger
1411:            28            896  org.opensearch.common.util.concurrent.OpenSearchExecutors$ExecutorScalingQueue
1412:            37            888  java.time.Duration (java.base@21.0.3)
1413:            22            880  com.google.common.collect.RegularImmutableMap
1414:            27            864  com.sun.jmx.mbeanserver.WeakIdentityHashMap$IdentityWeakReference (java.management@21.0.3)
1415:            27            864  java.util.logging.LogManager$LogNode (java.logging@21.0.3)
1416:            36            864  java.util.regex.Pattern$Prolog (java.base@21.0.3)
1417:            54            864  org.opensearch.common.settings.Setting$$Lambda/0x00007fcd280c4240
1418:            54            864  org.opensearch.common.settings.Setting$$Lambda/0x00007fcd280c4480
1419:            27            864  org.opensearch.script.ScriptCache$TokenBucketState
1420:            35            840  com.google.common.collect.ImmutableMapEntry$NonTerminalImmutableMapEntry
1421:            21            840  org.opensearch.cluster.metadata.ComposableIndexTemplate
1422:            35            840  org.opensearch.cluster.service.ClusterManagerTaskThrottler$ThrottlingKey
1423:            35            840  org.opensearch.knn.plugin.stats.KNNStat
1424:            35            840  org.opensearch.search.aggregations.support.ValuesSourceRegistry$RegistryKey
1425:            35            840  org.opensearch.sql.legacy.metrics.NumericMetric
1426:            23            832  [Lcom.fasterxml.jackson.databind.ser.BeanPropertyWriter;
1427:             1            832  [Lorg.opensearch.sql.expression.function.BuiltinFunctionName;
1428:            26            832  com.fasterxml.jackson.databind.SerializationFeature
1429:            26            832  com.fasterxml.jackson.databind.SerializationFeature
1430:            26            832  com.fasterxml.jackson.databind.SerializationFeature
1431:            26            832  java.io.ByteArrayInputStream (java.base@21.0.3)
1432:            13            832  org.jcp.xml.dsig.internal.dom.XMLDSigRI$ProviderService (java.xml.crypto@21.0.3)
1433:            26            832  org.opensearch.action.admin.cluster.node.stats.NodesStatsRequest$Metric
1434:            52            832  org.opensearch.common.lifecycle.Lifecycle
1435:            26            832  org.opensearch.security.securityconf.impl.v7.ActionGroupsV7
1436:            26            832  org.opensearch.threadpool.ScalingExecutorBuilder
1437:            34            816  java.io.ObjectStreamClass$ClassDataSlot (java.base@21.0.3)
1438:            51            816  jdk.proxy2.$Proxy7 (jdk.proxy2)
1439:            34            816  org.opensearch.timeseries.stats.TimeSeriesStat
1440:            25            800  java.util.concurrent.atomic.AtomicLongFieldUpdater$CASUpdater (java.base@21.0.3)
1441:            25            800  org.opensearch.indices.fielddata.cache.IndicesFieldDataCache$IndexFieldCache
1442:            11            792  org.apache.logging.log4j.core.config.LoggerConfig
1443:            14            784  javax.management.openmbean.CompositeType (java.management@21.0.3)
1444:            32            768  [Ljdk.internal.access.JavaSecurityAccess$ProtectionDomainCache; (java.base@21.0.3)
1445:            16            768  com.fasterxml.jackson.databind.ser.impl.IndexedListSerializer
1446:            32            768  com.sun.jmx.mbeanserver.DefaultMXBeanMappingFactory$IdentityMapping (java.management@21.0.3)
1447:            12            768  io.github.resilience4j.retry.internal.RetryImpl
1448:            12            768  org.opensearch.monitor.fs.FsInfo$Path
1449:            24            768  org.opensearch.monitor.jvm.JvmStats$GarbageCollector
1450:            24            768  org.opensearch.monitor.jvm.JvmStats$MemoryPoolGcStats
1451:            24            768  org.opensearch.threadpool.FixedExecutorBuilder$$Lambda/0x00007fcd2851d548
1452:            16            768  org.opensearch.transport.TcpTransport$NodeChannels
1453:            32            768  sun.security.x509.AccessDescription (java.base@21.0.3)
1454:            24            768  sun.security.x509.CRLDistributionPointsExtension (java.base@21.0.3)
1455:            48            768  sun.security.x509.GeneralNames (java.base@21.0.3)
1456:            24            768  sun.security.x509.OIDMap$OIDInfo (java.base@21.0.3)
1457:            19            760  org.opensearch.threadpool.Scheduler$ReschedulingRunnable
1458:            19            760  sun.security.ssl.Plaintext (java.base@21.0.3)
1459:            31            744  com.facebook.presto.matching.Property
1460:            31            744  com.facebook.presto.matching.PropertyPattern
1461:            31            744  com.facebook.presto.matching.pattern.CapturePattern
1462:            31            744  com.facebook.presto.matching.pattern.WithPattern
1463:            31            744  java.security.Provider$EngineDescription (java.base@21.0.3)
1464:            31            744  java.util.regex.Pattern$$Lambda/0x00007fcd2815f490 (java.base@21.0.3)
1465:            31            744  org.opensearch.sql.expression.function.FunctionDSL$$Lambda/0x00007fcd28b308a8
1466:            23            736  org.joda.time.DateTimeFieldType$StandardDateTimeFieldType
1467:            23            736  org.opensearch.performanceanalyzer.commons.metrics.AllMetrics$ShardStatsValue
1468:            23            736  org.opensearch.security.securityconf.impl.v7.RoleV7$Index
1469:            23            736  org.yaml.snakeyaml.tokens.Token$ID
1470:            23            728  [Ljava.lang.annotation.ElementType; (java.base@21.0.3)
1471:            13            728  com.fasterxml.jackson.databind.deser.std.CollectionDeserializer
1472:            13            728  java.util.stream.ReferencePipeline$3 (java.base@21.0.3)
1473:            30            720  com.google.common.collect.ImmutableMapEntry
1474:            15            720  java.util.Currency$SpecialCaseEntry (java.base@21.0.3)
1475:            15            720  java.util.concurrent.LinkedBlockingQueue (java.base@21.0.3)
1476:            30            720  java.util.stream.MatchOps$1MatchSink (java.base@21.0.3)
1477:            18            720  javax.net.ssl.SSLEngineResult (java.base@21.0.3)
1478:            15            720  org.apache.lucene.index.OrdinalMap
1479:            18            720  org.apache.lucene.util.automaton.CharacterRunAutomaton
1480:            45            720  org.bouncycastle.pqc.jcajce.provider.sphincsplus.SPHINCSPlusKeyFactorySpi
1481:            30            720  org.opensearch.common.inject.internal.MatcherAndConverter
1482:            30            720  org.opensearch.script.ScriptCache$CompilationRate
1483:            45            720  org.opensearch.search.SearchModule$$Lambda/0x00007fcd287a65d8
1484:            18            720  org.opensearch.security.securityconf.impl.v7.RoleMappingsV7
1485:            18            720  sun.security.util.MemoryCache (java.base@21.0.3)
1486:            22            704  java.lang.invoke.VarForm (java.base@21.0.3)
1487:            22            704  java.lang.reflect.ClassFileFormatVersion (java.base@21.0.3)
1488:            11            704  java.security.SecureRandom (java.base@21.0.3)
1489:            22            704  java.util.concurrent.atomic.AtomicIntegerFieldUpdater$AtomicIntegerFieldUpdaterImpl (java.base@21.0.3)
1490:            22            704  org.opensearch.common.settings.Setting$FloatParser
1491:            22            704  org.opensearch.sql.common.setting.Settings$Key
1492:            29            696  java.lang.ProcessEnvironment$Value (java.base@21.0.3)
1493:            29            696  java.lang.ProcessEnvironment$Variable (java.base@21.0.3)
1494:            29            696  java.util.BitSet (java.base@21.0.3)
1495:            29            696  org.opensearch.common.settings.Setting$2
1496:            29            696  sun.security.x509.PolicyInformation (java.base@21.0.3)
1497:            43            688  javax.naming.ldap.Rdn (java.naming@21.0.3)
1498:            43            688  org.opensearch.action.support.nodes.TransportNodesAction$NodeTransportHandler
1499:             1            680  [Ljava.lang.Thread; (java.base@21.0.3)
1500:            17            680  org.opensearch.cluster.NodeConnectionsService$ConnectionTarget
1501:            17            680  org.opensearch.common.settings.SecureSetting$SecureStringSetting
1502:            17            680  sun.security.ssl.CipherSuite$KeyExchange (java.base@21.0.3)
1503:            14            672  com.fasterxml.jackson.databind.type.SimpleType
1504:            14            672  com.fasterxml.jackson.databind.type.SimpleType
1505:            28            672  com.sun.jmx.mbeanserver.NamedObject (java.management@21.0.3)
1506:            21            672  java.lang.invoke.MethodHandles$Lookup (java.base@21.0.3)
1507:            28            672  java.time.LocalTime (java.base@21.0.3)
1508:             6            672  java.util.GregorianCalendar (java.base@21.0.3)
1509:            28            672  java.util.concurrent.LinkedTransferQueue (java.base@21.0.3)
1510:            28            672  java.util.regex.Pattern$$Lambda/0x00007fcd2815f238 (java.base@21.0.3)
1511:            28            672  java.util.zip.Deflater$DeflaterZStreamRef (java.base@21.0.3)
1512:            42            672  jdk.proxy4.$Proxy23 (jdk.proxy4)
1513:            21            672  sun.security.x509.CertificatePoliciesExtension (java.base@21.0.3)
1514:            41            656  jdk.proxy5.$Proxy36 (jdk.proxy5)
1515:            27            648  com.google.common.collect.ImmutableMapEntry
1516:             9            648  com.sun.crypto.provider.GaloisCounterMode$GCMDecrypt (java.base@21.0.3)
1517:             9            648  com.sun.crypto.provider.GaloisCounterMode$GCMEncrypt (java.base@21.0.3)
1518:            27            648  org.joni.constants.internal.TokenType
1519:            27            648  org.opensearch.common.bytes.ReleasableBytesReference
1520:            27            648  org.opensearch.common.inject.TypeConverterBindingProcessor$6
1521:            27            648  org.opensearch.painless.Compiler
1522:            27            648  org.opensearch.script.ScriptMetrics
1523:            27            648  org.opensearch.script.ScriptService$$Lambda/0x00007fcd28708a90
1524:            20            640  java.lang.invoke.SimpleMethodHandle (java.base@21.0.3)
1525:            40            640  jdk.proxy2.$Proxy12 (jdk.proxy2)
1526:            16            640  org.opensearch.common.util.BigArrays$ByteArrayWrapper
1527:            40            640  org.opensearch.indices.analysis.PreBuiltCacheFactory$PreBuiltCacheStrategyLucene
1528:            40            640  org.opensearch.ingest.ProcessorInfo
1529:            16            640  org.opensearch.painless.spi.WhitelistClassBinding
1530:            16            640  org.opensearch.transport.ClusterConnectionManager$$Lambda/0x00007fcd2918df98
1531:            16            640  org.opensearch.transport.TcpTransport$ChannelCloseLogger
1532:            16            640  org.opensearch.transport.TcpTransport$ChannelsConnectedListener
1533:            16            640  org.opensearch.transport.TransportHandshaker$HandshakeResponseHandler
1534:             3            624  [Ljava.lang.invoke.LambdaForm; (java.base@21.0.3)
1535:            13            624  com.fasterxml.jackson.core.JsonToken
1536:            26            624  java.security.spec.ECFieldF2m (java.base@21.0.3)
1537:            13            624  org.opensearch.common.settings.Setting$GroupSetting
1538:            39            624  org.opensearch.index.analysis.PreConfiguredTokenFilter$$Lambda/0x00007fcd2869df98
1539:             7            616  org.opensearch.painless.lookup.PainlessLookupBuilder$BridgeLoader
1540:            19            608  com.fasterxml.jackson.core.JsonParser$Feature
1541:            19            608  com.fasterxml.jackson.databind.BeanProperty$Std
1542:            38            608  org.opensearch.index.analysis.PreBuiltAnalyzerProviderFactory$$Lambda/0x00007fcd286a8510
1543:            19            608  org.opensearch.rest.RestHandler$ReplacedRoute
1544:            25            600  [Lorg.opensearch.index.fielddata.IndexFieldDataCache$Listener;
1545:            15            600  com.fasterxml.jackson.databind.deser.SettableAnyProperty$MethodAnyProperty
1546:            25            600  java.lang.ThreadLocal$SuppliedThreadLocal (java.base@21.0.3)
1547:            25            600  org.opensearch.SpecialPermission
1548:            25            600  org.opensearch.common.unit.SizeValue
1549:            15            600  org.opensearch.index.fielddata.ordinals.GlobalOrdinalsIndexFieldData
1550:            25            600  sun.reflect.generics.repository.FieldRepository (java.base@21.0.3)
1551:            25            600  sun.security.x509.Extension (java.base@21.0.3)
1552:            21            576  [Lcom.google.common.collect.ImmutableMapEntry;
1553:            24            576  [Ljava.io.ObjectStreamClass$ClassDataSlot; (java.base@21.0.3)
1554:             2            576  [Ljava.lang.Character; (java.base@21.0.3)
1555:            24            576  io.netty.channel.ChannelOutboundBuffer$2
1556:             9            576  io.netty.channel.ChannelOutboundBuffer$Entry
1557:            24            576  java.lang.NamedPackage (java.base@21.0.3)
1558:            18            576  java.security.cert.PolicyQualifierInfo (java.base@21.0.3)
1559:             4            576  java.text.DecimalFormat (java.base@21.0.3)
1560:            36            576  javax.security.auth.x500.X500Principal (java.base@21.0.3)
1561:            18            576  org.opensearch.core.common.io.stream.InputStreamStreamInput
1562:            24            576  org.opensearch.core.xcontent.ConstructingObjectParser$$Lambda/0x00007fcd287b8800
1563:            18            576  org.opensearch.security.dlic.rest.api.RequestHandler$RequestHandlersBuilder
1564:            24            576  org.opensearch.threadpool.FixedExecutorBuilder
1565:             6            560  [Lcom.google.common.collect.ImmutableMapEntry;
1566:            14            560  com.fasterxml.jackson.core.sym.ByteQuadsCanonicalizer$TableInfo
1567:            14            560  com.sun.jmx.mbeanserver.PerInterface (java.management@21.0.3)
1568:             7            560  java.util.concurrent.TimeUnit (java.base@21.0.3)
1569:            14            560  javax.management.openmbean.SimpleType (java.management@21.0.3)
1570:            35            560  jdk.proxy4.$Proxy19 (jdk.proxy4)
1571:             5            560  org.apache.logging.log4j.core.appender.rolling.RollingFileManager
1572:            14            560  org.greenrobot.eventbus.SubscriberMethod
1573:            14            560  org.opensearch.cluster.block.ClusterBlock
1574:            14            560  org.opensearch.performanceanalyzer.commons.stats.metrics.CollectorMetrics
1575:            10            560  org.opensearch.transport.TcpTransportChannel
1576:            10            560  sun.invoke.util.Wrapper (java.base@21.0.3)
1577:            14            560  sun.util.locale.provider.LocaleResources$ResourceReference (java.base@21.0.3)
1578:            23            552  org.opensearch.common.util.concurrent.SizeBlockingQueue
1579:            17            544  io.netty.util.concurrent.DefaultPromise
1580:            34            544  org.opensearch.core.xcontent.ObjectParser$$Lambda/0x00007fcd284b6a60
1581:            17            544  org.opensearch.sql.data.type.ExprCoreType
1582:             1            528  [Lcom.fasterxml.jackson.databind.ser.impl.ReadOnlyClassToSerializerMap$Bucket;
1583:            10            528  [Lcom.google.common.collect.ImmutableMapEntry;
1584:             1            528  [Ljava.util.concurrent.ForkJoinPool$WorkQueue; (java.base@21.0.3)
1585:            22            528  com.google.common.collect.ImmutableMapEntry
1586:            11            528  io.protostuff.runtime.RuntimeReflectionFieldFactory$13$1
1587:            11            528  java.lang.management.MemoryUsage (java.management@21.0.3)
1588:            22            528  org.opensearch.cluster.metadata.Template
1589:             6            528  org.opensearch.monitor.fs.FsInfo$IoStats
1590:            11            528  org.opensearch.search.aggregations.support.ValueType
1591:            13            520  com.fasterxml.jackson.core.json.JsonReadFeature
1592:             5            520  sun.util.calendar.ImmutableGregorianDate (java.base@21.0.3)
1593:            23            512  [Ljavax.management.MBeanNotificationInfo; (java.management@21.0.3)
1594:             8            512  com.sun.security.sasl.Provider$ProviderService (java.security.sasl@21.0.3)
1595:            16            512  io.netty.buffer.PoolThreadCache$NormalMemoryRegionCache
1596:            16            512  io.netty.handler.codec.CodecOutputList$CodecOutputLists
1597:            16            512  java.net.Inet6Address$Inet6AddressHolder (java.base@21.0.3)
1598:            32            512  java.security.ProtectionDomain$JavaSecurityAccessImpl$1 (java.base@21.0.3)
1599:            16            512  java.time.temporal.ChronoUnit (java.base@21.0.3)
1600:            16            512  org.bouncycastle.jcajce.provider.asymmetric.compositesignatures.CompositeSignaturesConstants$CompositeName
1601:            16            512  org.opensearch.action.admin.indices.stats.CommonStatsFlags$Flag
1602:            16            512  org.opensearch.action.support.ThreadedActionListener
1603:            16            512  org.opensearch.knn.plugin.stats.KNNCounter
1604:            16            512  org.opensearch.painless.lookup.PainlessClassBinding
1605:            16            512  org.opensearch.plugins.SearchPlugin$PipelineAggregationSpec
1606:            16            512  org.opensearch.transport.ClusterConnectionManager$$Lambda/0x00007fcd2918e5f8
1607:            16            512  org.opensearch.transport.ClusterConnectionManager$$Lambda/0x00007fcd29194f50
1608:            21            504  [Ljava.io.ObjectInputStream$FieldValues; (java.base@21.0.3)
1609:             7            504  org.apache.lucene.codecs.lucene99.Lucene99Codec
1610:            21            504  org.apache.lucene.search.BooleanClause
1611:            21            504  org.joda.time.format.DateTimeFormatterBuilder$MatchingParser
1612:            21            504  org.opensearch.common.inject.TypeConverterBindingProcessor$5
1613:            21            504  org.opensearch.index.analysis.PreConfiguredTokenizer$$Lambda/0x00007fcd29256e08
1614:            21            504  org.opensearch.index.analysis.TokenizerFactory$1
1615:             9            504  org.opensearch.security.transport.SecurityRequestHandler
1616:            21            504  sun.security.x509.AVAKeyword (java.base@21.0.3)
1617:            31            496  com.facebook.presto.matching.Capture
1618:            31            496  com.google.common.collect.RegularImmutableList
1619:            31            496  java.security.URIParameter (java.base@21.0.3)
1620:            31            496  org.opensearch.common.util.concurrent.OpenSearchAbortPolicy
1621:            31            496  org.opensearch.core.xcontent.AbstractObjectParser$$Lambda/0x00007fcd284bdcf8
1622:            31            496  sun.security.provider.PolicySpiFile (java.base@21.0.3)
1623:            19            488  [Lsun.security.ssl.NamedGroup$NamedGroupSpec; (java.base@21.0.3)
1624:             3            480  [Lorg.opensearch.performanceanalyzer.commons.stats.metrics.StatMetrics;
1625:             5            480  com.fasterxml.jackson.databind.DeserializationConfig
1626:            20            480  com.google.common.cache.LocalCache$AccessQueue$1
1627:            20            480  com.google.common.cache.LocalCache$WriteQueue$1
1628:            12            480  com.google.common.collect.RegularImmutableMap
1629:            12            480  com.sun.jmx.mbeanserver.DefaultMXBeanMappingFactory$CompositeMapping (java.management@21.0.3)
1630:            12            480  io.github.resilience4j.core.IntervalFunction$$Lambda/0x00007fcd28b91800
1631:            12            480  io.github.resilience4j.retry.RetryConfig
1632:            15            480  io.netty.util.internal.logging.Log4J2Logger
1633:            12            480  java.lang.OutOfMemoryError (java.base@21.0.3)
1634:            15            480  java.util.ArrayList$ArrayListSpliterator (java.base@21.0.3)
1635:            12            480  org.apache.lucene.analysis.core.DecimalDigitFilter
1636:            20            480  org.apache.lucene.index.SegmentDocValuesProducer
1637:            20            480  org.apache.lucene.util.FixedBitSet
1638:            12            480  org.joni.Syntax
1639:            15            480  org.opensearch.common.settings.Setting$AffixSetting$2
1640:            30            480  org.opensearch.index.mapper.ParametrizedFieldMapper$TypeParser
1641:            15            480  org.opensearch.indices.fielddata.cache.IndicesFieldDataCache$Key
1642:            20            480  org.opensearch.security.securityconf.ConfigModelV7$SecurityRole
1643:            12            480  org.opensearch.security.securityconf.impl.v7.InternalUserV7
1644:            12            480  org.opensearch.security.ssl.SecureSSLSettings$SSLSetting
1645:            15            480  org.opensearch.sql.common.setting.LegacySettings$Key
1646:            20            480  org.opensearch.sql.legacy.esdomain.LocalClusterState$$Lambda/0x00007fcd28b16740
1647:            29            464  sun.security.x509.CertificatePolicyId (java.base@21.0.3)
1648:            19            456  kotlin.coroutines.CombinedContext
1649:            19            456  org.apache.lucene.util.automaton.Automaton$1
1650:            19            456  org.apache.lucene.util.automaton.Automaton$2
1651:            19            456  org.opensearch.dashboards.OpenSearchDashboardsPlugin$OpenSearchDashboardsWrappedRestHandler
1652:            19            456  org.opensearch.index.analysis.PreConfiguredTokenFilter$1
1653:            19            456  org.opensearch.ml.common.FunctionName
1654:             3            456  org.opensearch.search.aggregations.bucket.terms.GlobalOrdinalsStringTermsAggregator
1655:            19            456  org.opensearch.security.securityconf.impl.Meta
1656:            19            456  org.opensearch.threadpool.ThreadPool$$Lambda/0x00007fcd28546bb8
1657:            19            456  org.opensearch.threadpool.ThreadPool$$Lambda/0x00007fcd28546de8
1658:             7            448  [Lorg.apache.logging.log4j.core.pattern.PatternFormatter;
1659:            14            448  com.fasterxml.jackson.core.sym.CharsToNameCanonicalizer$TableInfo
1660:            14            448  com.sun.jna.Structure$FFIType$size_t
1661:            14            448  io.protostuff.WireFormat$FieldType
1662:             8            448  java.util.Properties (java.base@21.0.3)
1663:            14            448  java.util.Vector (java.base@21.0.3)
1664:             7            448  java.util.jar.JarVerifier (java.base@21.0.3)
1665:            28            448  jdk.proxy2.$Proxy29 (jdk.proxy2)
1666:            28            448  jdk.proxy7.$Proxy38 (jdk.proxy7)
1667:            14            448  org.apache.lucene.util.packed.BulkOperationPackedSingleBlock
1668:            28            448  org.joda.time.format.InternalParserDateTimeParser
1669:            28            448  org.opensearch.common.compress.DeflateCompressor$$Lambda/0x00007fcd29093b00
1670:            28            448  org.opensearch.common.compress.DeflateCompressor$$Lambda/0x00007fcd290b6250
1671:             8            448  org.opensearch.common.util.BigLongArray
1672:            28            448  org.opensearch.common.util.concurrent.OpenSearchExecutors$ForceQueuePolicy
1673:             8            448  org.opensearch.monitor.jvm.JvmStats$Mem
1674:            14            448  org.opensearch.search.asynchronous.context.state.AsynchronousSearchTransition
1675:             8            448  sun.management.MemoryPoolImpl (java.management@21.0.3)
1676:            14            448  sun.reflect.generics.repository.ConstructorRepository (java.base@21.0.3)
1677:            14            448  sun.security.x509.AuthorityInfoAccessExtension (java.base@21.0.3)
1678:             5            440  com.fasterxml.jackson.databind.SerializationConfig
1679:             5            440  java.text.DecimalFormatSymbols (java.base@21.0.3)
1680:            11            440  org.joni.Syntax$MetaCharTable
1681:            11            440  org.opensearch.cluster.routing.RoutingNode
1682:            11            440  org.opensearch.common.inject.ConstructorBindingImpl
1683:            11            440  org.opensearch.index.fielddata.IndexNumericFieldData$NumericType
1684:            11            440  org.opensearch.search.aggregations.bucket.terms.LongKeyedBucketOrds$FromMany$1
1685:            11            440  sun.util.resources.Bundles$BundleReference (java.base@21.0.3)
1686:            18            432  [Lorg.opensearch.common.lease.Releasable;
1687:             1            432  [[[C (java.base@21.0.3)
1688:            18            432  com.fasterxml.jackson.databind.ser.impl.PropertySerializerMap$TypeAndSerializer
1689:            18            432  com.sun.crypto.provider.GHASH (java.base@21.0.3)
1690:             9            432  io.netty.buffer.UnpooledHeapByteBuf
1691:            18            432  java.io.SerialCallbackContext (java.base@21.0.3)
1692:             9            432  java.lang.invoke.MethodHandleImpl$IntrinsicMethodHandle (java.base@21.0.3)
1693:            27            432  java.security.spec.ECFieldFp (java.base@21.0.3)
1694:            18            432  java.text.DateFormat$Field (java.base@21.0.3)
1695:            18            432  java.util.LinkedHashMap$LinkedKeySet (java.base@21.0.3)
1696:            18            432  javax.crypto.spec.GCMParameterSpec (java.base@21.0.3)
1697:            18            432  javax.management.StandardMBean (java.management@21.0.3)
1698:            18            432  org.apache.logging.log4j.core.pattern.FormattingInfo
1699:             6            432  org.apache.lucene.backward_codecs.lucene95.Lucene95Codec
1700:             6            432  org.opensearch.action.support.replication.ReplicationTask
1701:             3            432  org.opensearch.common.util.concurrent.QueueResizingOpenSearchThreadPoolExecutor
1702:             9            432  org.opensearch.index.mapper.DynamicTemplate
1703:            27            432  org.opensearch.script.ScriptCache$ScriptCacheRemovalListener
1704:            18            432  org.opensearch.security.dlic.rest.api.Endpoint
1705:             9            432  org.opensearch.transport.Header
1706:            18            432  org.opensearch.transport.TransportActionProxy$ProxyRequestHandler
1707:             2            416  [Lorg.apache.lucene.util.packed.BulkOperation;
1708:            13            416  com.fasterxml.jackson.core.JsonGenerator$Feature
1709:            13            416  javax.management.MBeanServerPermission (java.management@21.0.3)
1710:            26            416  jdk.proxy1.$Proxy10 (jdk.proxy1)
1711:            13            416  org.opensearch.knn.index.Parameter$IntegerParameter
1712:            26            416  org.opensearch.rest.action.admin.cluster.RestNodesStatsAction$$Lambda/0x00007fcd28fc5ac8
1713:            13            416  sun.security.jca.ProviderConfig (java.base@21.0.3)
1714:            17            408  com.fasterxml.jackson.databind.util.LRUMap
1715:            17            408  com.fasterxml.jackson.databind.util.internal.LinkedDeque
1716:            17            408  com.google.common.collect.ImmutableMapEntry$NonTerminalImmutableMapEntry
1717:            17            408  com.google.gson.internal.bind.TypeAdapters$30
1718:            17            408  io.netty.util.internal.DefaultPriorityQueue
1719:            17            408  java.time.Instant (java.base@21.0.3)
1720:            17            408  org.opensearch.action.support.PlainListenableActionFuture
1721:            17            408  org.opensearch.cluster.NodeConnectionsService$ConnectionTarget$1
1722:            17            408  org.opensearch.timeseries.cluster.TimeSeriesNodeInfo
1723:            17            408  sun.nio.ch.OptionKey (java.base@21.0.3)
1724:            17            408  sun.nio.ch.SocketOptionRegistry$RegistryKey (java.base@21.0.3)
1725:            17            408  sun.security.util.DisabledAlgorithmConstraints$DisabledConstraint (java.base@21.0.3)
1726:             5            400  com.fasterxml.jackson.databind.util.internal.PrivateMaxEntriesMap
1727:            25            400  jdk.proxy6.$Proxy37 (jdk.proxy6)
1728:            10            400  org.opensearch.security.securityconf.impl.CType
1729:            10            400  org.opensearch.transport.nativeprotocol.NativeInboundMessage
1730:             7            392  sun.nio.cs.StreamEncoder (java.base@21.0.3)
1731:             6            384  [Lorg.opensearch.sql.planner.optimizer.Rule;
1732:             4            384  com.fasterxml.jackson.databind.DeserializationConfig
1733:             6            384  com.fasterxml.jackson.databind.cfg.BaseSettings
1734:            12            384  com.fasterxml.jackson.dataformat.yaml.YAMLGenerator$Feature
1735:             8            384  com.google.common.collect.SingletonImmutableBiMap
1736:             8            384  com.sun.jna.Structure$StructField
1737:            24            384  io.github.resilience4j.core.predicate.PredicateCreator$$Lambda/0x00007fcd28b920c8
1738:            12            384  io.github.resilience4j.retry.internal.RetryImpl$RetryEventProcessor
1739:            16            384  io.netty.resolver.AddressResolverGroup$1
1740:            16            384  io.netty.resolver.DefaultNameResolver
1741:            16            384  io.netty.resolver.InetSocketAddressResolver
1742:            16            384  io.netty.util.internal.ThreadExecutorMap$1
1743:            16            384  io.netty.util.internal.ThreadExecutorMap$2
1744:             8            384  java.lang.reflect.ProxyGenerator$PrimitiveTypeInfo (java.base@21.0.3)
1745:            16            384  java.net.Inet6Address (java.base@21.0.3)
1746:            12            384  jdk.internal.reflect.MethodHandleLongFieldAccessorImpl (java.base@21.0.3)
1747:             6            384  org.apache.logging.log4j.core.layout.PatternLayout
1748:            16            384  org.apache.lucene.search.Multiset
1749:            12            384  org.joda.time.format.DateTimeFormatterBuilder$PaddedNumber
1750:            12            384  org.opensearch.action.admin.cluster.node.info.NodesInfoRequest$Metric
1751:            16            384  org.opensearch.cluster.routing.UnassignedInfo$Reason
1752:            24            384  org.opensearch.common.inject.matcher.Matchers$IdenticalTo
1753:            16            384  org.opensearch.common.util.concurrent.CountDown
1754:            16            384  org.opensearch.common.util.concurrent.ListenableFuture
1755:            16            384  org.opensearch.common.util.concurrent.RunOnce
1756:            16            384  org.opensearch.core.action.ActionListener$4
1757:            24            384  org.opensearch.core.xcontent.ConstructingObjectParser$$Lambda/0x00007fcd284b6830
1758:            16            384  org.opensearch.indices.SystemIndexDescriptor
1759:             8            384  org.opensearch.monitor.jvm.JvmStats
1760:             2            384  org.opensearch.repositories.s3.S3Repository
1761:             6            384  org.opensearch.security.support.Base64JDKHelper$SafeObjectInputStream
1762:            16            384  org.opensearch.sql.expression.function.FunctionDSL$$Lambda/0x00007fcd28b32160
1763:            24            384  org.opensearch.threadpool.FixedExecutorBuilder$$Lambda/0x00007fcd2851d310
1764:            16            384  org.opensearch.transport.ClusterConnectionManager$$Lambda/0x00007fcd290f6f00
1765:            16            384  org.opensearch.transport.ClusterConnectionManager$$Lambda/0x00007fcd2913b148
1766:             8            384  org.opensearch.transport.OutboundHandler$SendContext
1767:            16            384  org.opensearch.transport.TransportService$$Lambda/0x00007fcd29183de0
1768:            24            384  sun.nio.ch.EventFD (java.base@21.0.3)
1769:            24            384  sun.nio.ch.Util$2 (java.base@21.0.3)
1770:            12            384  sun.security.x509.ExtendedKeyUsageExtension (java.base@21.0.3)
1771:             6            384  sun.text.RuleBasedBreakIterator (java.base@21.0.3)
1772:            19            368  [Ljavax.management.MBeanConstructorInfo; (java.management@21.0.3)
1773:            12            368  [Lorg.apache.lucene.util.packed.PackedInts$Reader;
1774:            23            368  java.time.Clock$SystemClock (java.base@21.0.3)
1775:            23            368  org.opensearch.sql.opensearch.client.OpenSearchNodeClient
1776:             5            360  [Lorg.opensearch.security.auditlog.impl.AuditCategory;
1777:             5            360  com.fasterxml.jackson.databind.ObjectMapper
1778:             5            360  com.fasterxml.jackson.databind.deser.DefaultDeserializationContext$Impl
1779:             5            360  com.fasterxml.jackson.databind.introspect.AnnotatedClass
1780:             5            360  com.fasterxml.jackson.databind.introspect.AnnotatedClass
1781:             5            360  com.fasterxml.jackson.databind.ser.DefaultSerializerProvider$Impl
1782:             9            360  io.netty.buffer.UnpooledSlicedByteBuf
1783:             9            360  io.protostuff.runtime.RuntimeReflectionFieldFactory$9$1
1784:             9            360  java.io.ObjectStreamClass$FieldReflector (java.base@21.0.3)
1785:             9            360  java.lang.invoke.VarHandleInts$FieldInstanceReadWrite (java.base@21.0.3)
1786:             9            360  java.util.HashMap$EntrySpliterator (java.base@21.0.3)
1787:             1            360  java.util.concurrent.ForkJoinPool (java.base@21.0.3)
1788:            15            360  java.util.concurrent.LinkedBlockingQueue$Node (java.base@21.0.3)
1789:            15            360  kotlin.annotation.AnnotationTarget
1790:            15            360  kotlin.annotation.AnnotationTarget
1791:             9            360  org.apache.logging.log4j.core.pattern.DatePatternConverter
1792:            15            360  org.apache.lucene.index.OrdinalMap$SegmentMap
1793:            15            360  org.opensearch.action.support.IndicesOptions
1794:            15            360  org.opensearch.core.tasks.TaskId
1795:            15            360  org.opensearch.index.analysis.PreConfiguredTokenizer
1796:            15            360  org.opensearch.ml.common.model.MLModelState
1797:             9            360  org.opensearch.ml.engine.indices.MLIndex
1798:             9            360  org.opensearch.securityanalytics.logtype.LogTypeService
1799:            15            360  org.yaml.snakeyaml.nodes.Tag
1800:             9            360  sun.security.ssl.ProtocolVersion (java.base@21.0.3)
1801:             2            352  [Ljava.time.LocalDateTime; (java.base@21.0.3)
1802:             4            352  com.fasterxml.jackson.databind.SerializationConfig
1803:            22            352  io.netty.channel.$Proxy53
1804:            11            352  io.netty.util.concurrent.DefaultPromise
1805:            11            352  io.protostuff.runtime.ArraySchemas$PojoArray
1806:             4            352  java.lang.invoke.BoundMethodHandle$Species_LLLLLLLLLLLLLL (java.base@21.0.3)
1807:            11            352  javax.management.MBeanNotificationInfo (java.management@21.0.3)
1808:            22            352  jdk.proxy1.$Proxy0 (jdk.proxy1)
1809:            11            352  org.apache.lucene.util.CollectionUtil$ListIntroSorter
1810:            11            352  org.joda.time.format.DateTimeFormatterBuilder$FixedNumber
1811:            11            352  org.opensearch.common.settings.Setting$MinMaxTimeValueParser
1812:            22            352  org.opensearch.core.xcontent.AbstractObjectParser$$Lambda/0x00007fcd284b7708
1813:            11            352  org.opensearch.security.auditlog.config.AuditConfig$Filter$FilterEntries
1814:            11            352  sun.security.ssl.SSLSecretDerivation$SecretSchedule (java.base@21.0.3)
1815:            11            352  sun.security.x509.SubjectAlternativeNameExtension (java.base@21.0.3)
1816:            11            352  sun.util.resources.Bundles$CacheKey (java.base@21.0.3)
1817:             1            344  [Lorg.opensearch.common.time.FormatNames;
1818:             4            336  [Lcom.google.common.collect.ImmutableMapEntry;
1819:             1            336  [Lorg.opensearch.performanceanalyzer.commons.stats.metrics.StatExceptionCode;
1820:             5            336  [Lsun.invoke.util.Wrapper; (java.base@21.0.3)
1821:             6            336  com.fasterxml.jackson.databind.type.IterationType
1822:            14            336  com.fasterxml.jackson.databind.util.LRUMap
1823:            14            336  com.fasterxml.jackson.databind.util.internal.LinkedDeque
1824:            21            336  io.netty.util.internal.TypeParameterMatcher$ReflectiveMatcher
1825:             6            336  java.io.ObjectInputStream$BlockDataInputStream (java.base@21.0.3)
1826:            14            336  java.lang.Double (java.base@21.0.3)
1827:             6            336  java.nio.DirectLongBufferU (java.base@21.0.3)
1828:             7            336  java.util.regex.Pattern$GroupCurly (java.base@21.0.3)
1829:            21            336  jdk.proxy1.$Proxy5 (jdk.proxy1)
1830:             2            336  kotlinx.coroutines.scheduling.CoroutineScheduler$Worker
1831:            14            336  org.greenrobot.eventbus.Subscription
1832:             6            336  org.opensearch.action.support.replication.TransportReplicationAction$ConcreteReplicaRequest
1833:             6            336  org.opensearch.cluster.ClusterStateObserver
1834:            21            336  org.opensearch.security.support.SafeSerializationUtils$$Lambda/0x00007fcd2922c630
1835:            14            336  org.opensearch.sql.spark.client.EMRServerlessClientFactoryImpl
1836:            14            336  sun.reflect.generics.scope.ConstructorScope (java.base@21.0.3)
1837:             6            320  [Lcom.fasterxml.jackson.core.SerializableString;
1838:             4            320  [Lcom.google.common.collect.HashBiMap$BiEntry;
1839:             4            320  [Lorg.opensearch.common.recycler.Recycler;
1840:             4            320  [Lsun.security.ec.point.ProjectivePoint$Immutable; (jdk.crypto.ec@21.0.3)
1841:             4            320  com.fasterxml.jackson.databind.MappingJsonFactory
1842:             4            320  com.fasterxml.jackson.databind.MappingJsonFactory
1843:             5            320  com.fasterxml.jackson.databind.cfg.BaseSettings
1844:            20            320  com.google.common.cache.LocalCache$AccessQueue
1845:             4            320  com.google.common.cache.LocalCache$Segment
1846:            10            320  com.google.common.cache.LocalCache$StrongEntry
1847:            20            320  com.google.common.cache.LocalCache$WriteQueue
1848:             8            320  com.sun.jna.Function
1849:             8            320  io.protostuff.runtime.RuntimeReflectionFieldFactory$4$1
1850:             8            320  io.protostuff.runtime.RuntimeReflectionFieldFactory$7$1
1851:            10            320  java.time.temporal.WeekFields$ComputedDayOfField (java.base@21.0.3)
1852:            10            320  java.util.HashMap$ValueIterator (java.base@21.0.3)
1853:             8            320  jdk.internal.loader.NativeLibraries$NativeLibraryImpl (java.base@21.0.3)
1854:            20            320  jdk.internal.misc.InternalLock (java.base@21.0.3)
1855:             5            320  org.apache.logging.log4j.core.appender.RollingFileAppender
1856:             5            320  org.apache.logging.log4j.core.appender.rolling.PatternProcessor
1857:             8            320  org.apache.lucene.analysis.util.ElisionFilter
1858:             8            320  org.apache.lucene.search.BooleanQuery
1859:             8            320  org.opensearch.common.io.stream.BytesStreamOutput
1860:             8            320  org.opensearch.common.io.stream.ReleasableBytesStreamOutput
1861:             8            320  org.opensearch.monitor.jvm.JvmStats$Classes
1862:            10            320  org.opensearch.performanceanalyzer.commons.metrics.RTFMetrics$ShardStatsValue
1863:             8            320  org.opensearch.search.aggregations.bucket.terms.TermsAggregator$BucketCountThresholds
1864:            10            320  org.opensearch.timeseries.model.ProfileName
1865:            10            320  org.opensearch.timeseries.model.TaskState
1866:             8            320  org.opensearch.transport.nativeprotocol.CompressibleBytesOutputStream
1867:             8            320  org.opensearch.transport.nativeprotocol.NativeOutboundMessage$Response
1868:             8            320  sun.management.MemoryPoolImpl$CollectionSensor (java.management@21.0.3)
1869:             8            320  sun.management.MemoryPoolImpl$PoolSensor (java.management@21.0.3)
1870:             8            320  sun.security.ssl.SSLSessionContextImpl (java.base@21.0.3)
1871:            10            320  sun.security.util.DisabledAlgorithmConstraints$KeySizeConstraint (java.base@21.0.3)
1872:             4            320  sun.text.DictionaryBasedBreakIterator (java.base@21.0.3)
1873:             6            312  [Lcom.fasterxml.jackson.databind.cfg.CoercionAction;
1874:            13            312  com.fasterxml.jackson.databind.type.LogicalType
1875:            13            312  com.fasterxml.jackson.databind.type.LogicalType
1876:            13            312  com.fasterxml.jackson.databind.type.LogicalType
1877:            13            312  com.sun.jna.Pointer
1878:             3            312  java.lang.invoke.BoundMethodHandle$Species_LLLLLLLLLLLLLLLLL (java.base@21.0.3)
1879:            13            312  java.lang.reflect.ReflectPermission (java.base@21.0.3)
1880:            13            312  java.util.stream.ReferencePipeline$3$1 (java.base@21.0.3)
1881:            13            312  org.opensearch.action.bulk.BackoffPolicy$ExponentialBackoff
1882:            13            312  org.opensearch.performanceanalyzer.commons.stats.eval.impl.NamedCounter
1883:            13            312  org.opensearch.security.auditlog.impl.AuditCategory
1884:            13            312  sun.reflect.generics.tree.Wildcard (java.base@21.0.3)
1885:            19            304  jdk.proxy4.$Proxy25 (jdk.proxy4)
1886:            19            304  org.opensearch.common.settings.Setting$$Lambda/0x00007fcd280c7718
1887:            19            304  org.opensearch.sql.expression.function.RelevanceFunctionResolver
1888:             9            288  [Lcom.google.common.cache.LocalCache$Segment;
1889:             1            288  [Ljava.lang.invoke.LambdaForm$Kind; (java.base@21.0.3)
1890:             1            288  [Lsun.security.ssl.SSLExtension; (java.base@21.0.3)
1891:             4            288  com.fasterxml.jackson.databind.ObjectMapper
1892:             4            288  com.fasterxml.jackson.databind.deser.DefaultDeserializationContext$Impl
1893:             4            288  com.fasterxml.jackson.databind.ser.DefaultSerializerProvider$Impl
1894:            12            288  com.google.common.cache.LongAddables$PureJavaLongAddable
1895:             6            288  com.google.common.collect.ArrayListMultimap
1896:            12            288  com.google.common.collect.ImmutableMapEntry$NonTerminalImmutableMapEntry
1897:             9            288  io.netty.util.AttributeKey
1898:             9            288  io.protostuff.WireFormat$JavaType
1899:             9            288  io.protostuff.runtime.DefaultIdStrategy$Lazy
1900:             6            288  io.protostuff.runtime.RuntimeReflectionFieldFactory$15$1
1901:            12            288  java.lang.ClassValue$Version (java.base@21.0.3)
1902:            12            288  java.lang.annotation.ElementType (java.base@21.0.3)
1903:             3            288  java.lang.invoke.BoundMethodHandle$Species_LLLLLLLLLLLLLLLL (java.base@21.0.3)
1904:             9            288  java.lang.invoke.VarHandleByteArrayAsLongs$ArrayHandle (java.base@21.0.3)
1905:            12            288  java.net.StandardSocketOptions$StdSocketOption (java.base@21.0.3)
1906:            12            288  java.time.Month (java.base@21.0.3)
1907:            12            288  java.util.function.Predicate$$Lambda/0x00007fcd289f1800 (java.base@21.0.3)
1908:             9            288  java.util.logging.Level (java.logging@21.0.3)
1909:             9            288  java.util.logging.Level$KnownLevel (java.logging@21.0.3)
1910:             6            288  java.util.stream.StreamOpFlag (java.base@21.0.3)
1911:             9            288  javax.naming.ldap.Rfc2253Parser (java.naming@21.0.3)
1912:             9            288  jdk.internal.org.objectweb.asm.Type (java.base@21.0.3)
1913:             6            288  org.apache.logging.log4j.core.config.AppenderControl
1914:             9            288  org.apache.logging.log4j.core.pattern.DatePatternConverter$CachedTime
1915:             4            288  org.apache.lucene.analysis.core.LetterTokenizer
1916:             6            288  org.apache.lucene.util.packed.MonotonicLongValues
1917:            12            288  org.bouncycastle.asn1.x509.AlgorithmIdentifier
1918:            12            288  org.joda.time.DurationFieldType$StandardDurationFieldType
1919:            18            288  org.joda.time.format.DateTimeFormatterBuilder$CharacterLiteral
1920:             9            288  org.opensearch.cluster.ClusterState$Metric
1921:             3            288  org.opensearch.cluster.metadata.Metadata
1922:             9            288  org.opensearch.cluster.routing.Preference
1923:             9            288  org.opensearch.common.concurrent.RefCountedReleasable
1924:             9            288  org.opensearch.core.common.io.stream.NamedWriteableAwareStreamInput
1925:             6            288  org.opensearch.index.seqno.RetentionLeaseBackgroundSyncAction$Request
1926:            12            288  org.opensearch.ingest.geoip.GeoIpProcessor$Property
1927:            12            288  org.opensearch.ml.stats.MLStat
1928:             9            288  org.opensearch.painless.spi.Whitelist
1929:            18            288  org.opensearch.plugins.AnalysisPlugin$1
1930:            18            288  org.opensearch.security.dlic.rest.api.AbstractApiAction$$Lambda/0x00007fcd28fe5230
1931:            12            288  org.opensearch.security.dlic.rest.api.RequestHandler$RequestHandlersBuilder$$Lambda/0x00007fcd28fed608
1932:             9            288  org.opensearch.security.securityconf.impl.HttpRequestMethods
1933:            12            288  org.opensearch.sql.opensearch.monitor.OpenSearchMemoryHealthy
1934:            12            288  org.opensearch.sql.opensearch.monitor.OpenSearchResourceMonitor
1935:            12            288  org.opensearch.sql.opensearch.storage.OpenSearchStorageEngine
1936:            18            288  org.opensearch.transport.nativeprotocol.NativeInboundBytesHandler$$Lambda/0x00007fcd29135950
1937:            12            288  sun.reflect.generics.reflectiveObjects.WildcardTypeImpl (java.base@21.0.3)
1938:             9            288  sun.security.ssl.Ciphertext (java.base@21.0.3)
1939:             9            288  sun.util.logging.PlatformLogger$Level (java.base@21.0.3)
1940:             7            280  [Lorg.joni.ast.QuantifierNode$ReduceType;
1941:             5            280  [Lorg.opensearch.security.securityconf.impl.HttpRequestMethods;
1942:             7            280  com.fasterxml.jackson.core.StreamWriteFeature
1943:             7            280  com.google.common.collect.RegularImmutableMap
1944:             7            280  com.google.common.collect.RegularImmutableMap
1945:             7            280  org.apache.lucene.search.LRUQueryCache$CachingWrapperWeight
1946:             5            280  org.opensearch.indices.IndicesQueryCache$Stats
1947:             7            280  org.opensearch.security.support.ModuleInfo
1948:             2            272  [Lcom.fasterxml.jackson.databind.DeserializationFeature;
1949:             2            272  [Lcom.fasterxml.jackson.databind.DeserializationFeature;
1950:            17            272  jdk.proxy3.$Proxy26 (jdk.proxy3)
1951:            17            272  org.opensearch.cluster.NodeConnectionsService$ConnectionTarget$2
1952:            17            272  org.opensearch.transport.TransportActionProxy$$Lambda/0x00007fcd28ddeae0
1953:            17            272  org.opensearch.transport.TransportActionProxy$$Lambda/0x00007fcd28ddef30
1954:            11            264  com.fasterxml.jackson.annotation.JsonFormat$Feature
1955:            11            264  com.fasterxml.jackson.annotation.JsonFormat$Shape
1956:            11            264  com.fasterxml.jackson.annotation.JsonFormat$Shape
1957:            11            264  com.fasterxml.jackson.annotation.JsonFormat$Shape
1958:            11            264  io.protostuff.runtime.ArraySchemas$PojoArray$1
1959:            11            264  java.lang.invoke.MethodHandleImpl$Intrinsic (java.base@21.0.3)
1960:            11            264  java.util.regex.Pattern$$Lambda/0x00007fcd282ee200 (java.base@21.0.3)
1961:            11            264  org.apache.logging.log4j.Level
1962:            11            264  org.apache.logging.log4j.core.util.datetime.FastDateParser$StrategyAndWidth
1963:            11            264  org.apache.lucene.search.ConstantScoreQuery
1964:            11            264  org.bouncycastle.jcajce.provider.asymmetric.ec.KeyFactorySpi$EC
1965:            11            264  org.opensearch.common.inject.internal.MoreTypes$ParameterizedTypeImpl
1966:            11            264  org.opensearch.common.settings.Setting$Property
1967:            11            264  org.opensearch.timeseries.util.SecurityClientUtil
1968:            11            264  org.yaml.snakeyaml.events.Event$ID
1969:             2            256  [Lcom.fasterxml.jackson.databind.DeserializationFeature;
1970:             5            256  [Lcom.fasterxml.jackson.databind.cfg.CoercionAction;
1971:             2            256  [Lio.protostuff.runtime.Field;
1972:             8            256  [Lorg.opensearch.monitor.jvm.JvmStats$GarbageCollector;
1973:             2            256  com.google.common.cache.LocalCache
1974:            16            256  io.netty.buffer.PoolThreadCache$FreeOnFinalize
1975:             8            256  io.netty.channel.AbstractChannelHandlerContext$WriteTask
1976:            16            256  io.netty.channel.nio.NioEventLoop$1
1977:            16            256  io.netty.util.concurrent.SingleThreadEventExecutor$4
1978:             1            256  io.protostuff.runtime.DefaultIdStrategy
1979:             8            256  java.math.RoundingMode (java.base@21.0.3)
1980:            16            256  java.nio.channels.spi.AbstractSelector$1 (java.base@21.0.3)
1981:             4            256  java.text.DateFormatSymbols (java.base@21.0.3)
1982:             8            256  java.util.Random (java.base@21.0.3)
1983:             8            256  joptsimple.OptionSpecBuilder
1984:             8            256  org.apache.logging.log4j.spi.StandardLevel
1985:            16            256  org.bouncycastle.jcajce.provider.asymmetric.compositesignatures.KeyFactorySpi
1986:            16            256  org.opensearch.common.settings.Setting$$Lambda/0x00007fcd280bec58
1987:            16            256  org.opensearch.common.settings.Setting$$Lambda/0x00007fcd283967c8
1988:             8            256  org.opensearch.common.settings.Setting$GroupSetting$1
1989:            16            256  org.opensearch.common.settings.Setting$MemorySizeValueParser
1990:             8            256  org.opensearch.knn.index.MethodComponent
1991:            16            256  org.opensearch.knn.plugin.stats.suppliers.KNNCounterSupplier
1992:            16            256  org.opensearch.rest.action.admin.cluster.RestNodesStatsAction$$Lambda/0x00007fcd28fc5f20
1993:            16            256  org.opensearch.rest.action.admin.indices.RestIndicesStatsAction$$Lambda/0x00007fcd28fcaef0
1994:            16            256  org.opensearch.search.SearchModule$$Lambda/0x00007fcd28848218
1995:             8            256  org.opensearch.security.securityconf.impl.v7.ConfigV7$AuthcDomain
1996:            16            256  org.opensearch.sql.expression.function.FunctionDSL$$Lambda/0x00007fcd28b30218
1997:            16            256  org.opensearch.sql.expression.function.FunctionDSL$$Lambda/0x00007fcd28b494c0
1998:            16            256  org.opensearch.sql.spark.config.SparkExecutionEngineConfigSupplierImpl
1999:            16            256  org.opensearch.transport.ClusterConnectionManager$$Lambda/0x00007fcd2918db58
2000:            16            256  org.opensearch.transport.TcpTransport$ChannelsConnectedListener$$Lambda/0x00007fcd29105fa8
2001:            16            256  org.opensearch.transport.TcpTransport$ChannelsConnectedListener$$Lambda/0x00007fcd29106c68
2002:            16            256  org.opensearch.transport.TransportHandshaker$$Lambda/0x00007fcd29107c38
2003:             8            256  org.opensearch.transport.nativeprotocol.NativeOutboundHandler$$Lambda/0x00007fcd29198bf8
2004:             8            256  sun.security.ssl.EphemeralKeyManager$EphemeralKeyPair (java.base@21.0.3)
2005:             1            248  org.opensearch.search.DefaultSearchContext
2006:             2            240  [Lcom.fasterxml.jackson.databind.SerializationFeature;
2007:             2            240  [Lcom.fasterxml.jackson.databind.SerializationFeature;
2008:             2            240  [Lcom.fasterxml.jackson.databind.SerializationFeature;
2009:             5            240  [Ljava.lang.invoke.LambdaForm$NamedFunction; (java.base@21.0.3)
2010:             3            240  [Ljava.time.ZoneOffset; (java.base@21.0.3)
2011:             6            240  com.fasterxml.jackson.core.StreamReadFeature
2012:             6            240  com.fasterxml.jackson.core.json.JsonWriteFeature
2013:            10            240  com.fasterxml.jackson.databind.cfg.CoercionInputShape
2014:            10            240  com.fasterxml.jackson.databind.cfg.CoercionInputShape
2015:            10            240  com.fasterxml.jackson.databind.cfg.CoercionInputShape
2016:             5            240  com.fasterxml.jackson.databind.introspect.BasicBeanDescription
2017:             5            240  com.fasterxml.jackson.databind.introspect.BasicBeanDescription
2018:             5            240  com.fasterxml.jackson.databind.introspect.BasicBeanDescription
2019:             5            240  com.google.common.collect.HashBiMap$BiEntry
2020:            15            240  com.google.common.collect.SingletonImmutableSet
2021:             5            240  com.google.common.io.BaseEncoding$Alphabet
2022:             5            240  com.sun.jna.internal.Cleaner$CleanerRef
2023:             6            240  io.protostuff.runtime.RuntimeReflectionFieldFactory$8$1
2024:             6            240  java.io.BufferedWriter (java.base@21.0.3)
2025:             6            240  java.lang.invoke.LambdaForm$BasicType (java.base@21.0.3)
2026:            10            240  java.nio.charset.CoderResult (java.base@21.0.3)
2027:            10            240  java.nio.file.StandardOpenOption (java.base@21.0.3)
2028:            10            240  java.security.CryptoPrimitive (java.base@21.0.3)
2029:            10            240  java.security.PermissionsHash (java.base@21.0.3)
2030:            10            240  java.util.Collections$SynchronizedCollection (java.base@21.0.3)
2031:             3            240  java.util.regex.Matcher (java.base@21.0.3)
2032:            10            240  javax.management.MBeanServerPermissionCollection (java.management@21.0.3)
2033:            10            240  kotlin.SynchronizedLazyImpl
2034:             5            240  org.apache.logging.log4j.core.appender.rolling.RollingFileManager$EmptyQueue
2035:             6            240  org.apache.logging.log4j.core.pattern.ExtendedThrowablePatternConverter
2036:             6            240  org.apache.lucene.backward_codecs.lucene50.Lucene50TermVectorsFormat
2037:            10            240  org.apache.lucene.search.DocValuesFieldExistsQuery
2038:            10            240  org.apache.lucene.search.SortField$Type
2039:             6            240  org.apache.lucene.util.packed.PackedLongValues
2040:             5            240  org.jcodings.util.BytesHash$BytesHashEntry
2041:            15            240  org.opensearch.action.support.broadcast.node.TransportBroadcastByNodeAction$$Lambda/0x00007fcd28ddfcb8
2042:            15            240  org.opensearch.action.support.broadcast.node.TransportBroadcastByNodeAction$BroadcastByNodeTransportRequestHandler
2043:             6            240  org.opensearch.action.support.replication.TransportReplicationAction$AsyncReplicaAction
2044:            15            240  org.opensearch.action.support.single.shard.TransportSingleShardAction$ShardTransportHandler
2045:             6            240  org.opensearch.ad.indices.ADIndex
2046:            15            240  org.opensearch.alerting.transport.SecureTransportAction$DefaultImpls$$Lambda/0x00007fcd28dfc200
2047:             6            240  org.opensearch.forecast.indices.ForecastIndex
2048:             6            240  org.opensearch.index.query.MultiMatchQueryBuilder$Type
2049:             6            240  org.opensearch.index.shard.IndexShard$$Lambda/0x00007fcd2937b240
2050:             5            240  org.opensearch.knn.index.codec.KNNCodecVersion
2051:            10            240  org.opensearch.performanceanalyzer.commons.stats.eval.impl.Count
2052:             3            240  org.opensearch.search.aggregations.bucket.terms.TermsAggregationBuilder
2053:             5            240  org.opensearch.search.aggregations.support.ValuesSourceConfig
2054:            15            240  org.opensearch.security.dlic.rest.api.AbstractApiAction$$Lambda/0x00007fcd28fc3d30
2055:            10            240  org.opensearch.security.dlic.rest.api.RequestHandler$RequestHandlersBuilder$$Lambda/0x00007fcd28fe8440
2056:             6            240  org.opensearch.security.user.User
2057:            10            240  org.opensearch.timeseries.settings.DynamicNumericSetting$$Lambda/0x00007fcd289c6ba8
2058:            10            240  org.opensearch.timeseries.stats.suppliers.IndexStatusSupplier
2059:            10            240  org.opensearch.transport.InboundAggregator$BreakerControl
2060:            10            240  org.opensearch.transport.RequestHandlerRegistry$$Lambda/0x00007fcd29199060
2061:            10            240  org.opensearch.transport.TaskTransportChannel
2062:            15            240  sun.invoke.util.ValueConversions$WrapperCache (java.base@21.0.3)
2063:             6            240  sun.security.ssl.SSLKeyExchange$T12KeyAgreement (java.base@21.0.3)
2064:             8            224  [Lorg.apache.lucene.search.BooleanClause;
2065:             4            224  com.google.common.collect.DenseImmutableTable
2066:             7            224  com.sun.jmx.mbeanserver.DefaultMXBeanMappingFactory$CollectionMapping (java.management@21.0.3)
2067:             7            224  java.io.FileOutputStream (java.base@21.0.3)
2068:             7            224  java.lang.System$Logger$Level (java.base@21.0.3)
2069:            14            224  java.security.spec.MGF1ParameterSpec (java.base@21.0.3)
2070:             4            224  javax.management.openmbean.OpenMBeanOperationInfoSupport (java.management@21.0.3)
2071:            14            224  jdk.proxy2.$Proxy3 (jdk.proxy2)
2072:             7            224  org.apache.lucene.analysis.pt.RSLPStemmerBase$Step
2073:             7            224  org.apache.lucene.analysis.standard.StandardAnalyzer
2074:            14            224  org.apache.lucene.backward_codecs.lucene90.Lucene90PostingsFormat
2075:            14            224  org.opensearch.common.settings.Setting$$Lambda/0x00007fcd281e5150
2076:            14            224  org.opensearch.common.settings.Setting$$Lambda/0x00007fcd28442b50
2077:            14            224  org.opensearch.core.xcontent.AbstractObjectParser$$Lambda/0x00007fcd284bc000
2078:            14            224  org.opensearch.sql.legacy.metrics.BasicCounter
2079:            14            224  org.opensearch.timeseries.stats.suppliers.CounterSupplier
2080:             7            224  sun.security.rsa.RSACore$BlindingParameters (java.base@21.0.3)
2081:             9            216  [Lsun.security.ssl.Plaintext; (java.base@21.0.3)
2082:             9            216  com.sun.crypto.provider.GaloisCounterMode$EncryptOp (java.base@21.0.3)
2083:             9            216  io.netty.channel.DelegatingChannelPromiseNotifier
2084:             9            216  java.lang.reflect.AccessFlag$Location (java.base@21.0.3)
2085:             9            216  java.nio.file.attribute.PosixFilePermission (java.base@21.0.3)
2086:             9            216  java.time.ZoneOffset (java.base@21.0.3)
2087:             9            216  java.util.concurrent.Executors$DefaultThreadFactory (java.base@21.0.3)
2088:             9            216  java.util.stream.Collectors$$Lambda/0x00007fcd2806a678 (java.base@21.0.3)
2089:             9            216  org.apache.lucene.analysis.in.IndicNormalizer$ScriptData
2090:             9            216  org.opensearch.action.bulk.BackoffPolicy$ConstantBackoff
2091:             9            216  org.opensearch.knn.index.codec.KNN80Codec.KNN80DocValuesFormat
2092:             9            216  org.opensearch.rest.RestRequest$Method
2093:             9            216  org.opensearch.search.asynchronous.context.state.AsynchronousSearchState
2094:             3            216  org.opensearch.security.compliance.ComplianceConfig
2095:             9            216  org.opensearch.security.dlic.rest.api.RequestHandler$RequestHandlersBuilder$$Lambda/0x00007fcd28fe9420
2096:             3            216  org.opensearch.tasks.Task
2097:             3            216  org.opensearch.tasks.TaskInfo
2098:             9            216  org.opensearch.transport.NativeMessageHandler$RequestHandler
2099:             9            216  org.opensearch.transport.TransportRequestOptions
2100:             3            216  sun.security.provider.NativePRNG$RandomIO (java.base@21.0.3)
2101:             9            216  sun.security.util.SafeDHParameterSpec (java.base@21.0.3)
2102:             1            208  [Lorg.opensearch.core.rest.RestStatus;
2103:             2            208  com.fasterxml.jackson.dataformat.yaml.YAMLFactory
2104:            13            208  java.text.NumberFormat$Field (java.base@21.0.3)
2105:            13            208  kotlinx.coroutines.internal.ContextScope
2106:             2            208  org.apache.lucene.analysis.cjk.CJKBigramFilter
2107:            13            208  org.apache.lucene.backward_codecs.lucene90.Lucene90SegmentInfoFormat
2108:             2            208  org.bouncycastle.jce.provider.BouncyCastleProvider
2109:            13            208  org.opensearch.action.support.single.shard.TransportSingleShardAction$TransportHandler
2110:            13            208  org.opensearch.common.settings.Setting$GroupKey
2111:             2            208  org.opensearch.common.util.concurrent.PrioritizedOpenSearchThreadPoolExecutor
2112:            13            208  org.opensearch.plugins.SearchPlugin$AggregationSpec$$Lambda/0x00007fcd287bf270
2113:             2            208  org.opensearch.transport.CopyBytesServerSocketChannel
2114:             2            208  sun.security.provider.Sun (java.base@21.0.3)
2115:             2            200  [Ljava.text.DateFormat$Field; (java.base@21.0.3)
2116:             3            200  [Lorg.opensearch.cluster.node.DiscoveryNode;
2117:             5            200  com.fasterxml.jackson.core.JsonEncoding
2118:             5            200  com.fasterxml.jackson.databind.cfg.ConfigOverrides
2119:             5            200  io.netty.util.internal.ObjectPool$RecyclerObjectPool$1
2120:             5            200  java.lang.ExceptionInInitializerError (java.base@21.0.3)
2121:             5            200  java.lang.UnsupportedOperationException (java.base@21.0.3)
2122:             5            200  javax.management.MBeanPermission (java.management@21.0.3)
2123:             5            200  org.apache.logging.log4j.core.appender.rolling.DefaultRolloverStrategy
2124:             5            200  org.opensearch.client.OriginSettingClient
2125:             5            200  org.opensearch.cluster.metadata.IndexMetadata$APIBlock
2126:             5            200  org.opensearch.common.settings.Setting$$Lambda/0x00007fcd2854e1a0
2127:             5            200  org.opensearch.common.settings.Setting$$Lambda/0x00007fcd2854e870
2128:             5            200  org.opensearch.common.util.BigArrays$LongArrayWrapper
2129:             1            200  org.opensearch.indices.IndicesService
2130:             5            200  sun.security.ssl.CipherSuite$MacAlg (java.base@21.0.3)
2131:             5            200  sun.security.ssl.ContentType (java.base@21.0.3)
2132:             5            200  sun.util.calendar.Era (java.base@21.0.3)
2133:             5            200  sun.util.locale.provider.LocaleProviderAdapter$Type (java.base@21.0.3)
2134:             8            192  [Ljava.util.concurrent.ConcurrentHashMap$CounterCell; (java.base@21.0.3)
2135:             2            192  [Lorg.opensearch.ml.common.FunctionName;
2136:            12            192  com.fasterxml.jackson.databind.node.IntNode
2137:             6            192  com.fasterxml.jackson.databind.util.EnumValues
2138:             6            192  com.fasterxml.jackson.dataformat.smile.SmileGenerator$Feature
2139:            12            192  com.google.common.collect.RegularImmutableList
2140:             4            192  com.google.common.collect.SingletonImmutableBiMap
2141:             8            192  com.google.gson.internal.bind.TypeAdapters$31
2142:             8            192  com.sun.management.VMOption$Origin (jdk.management@21.0.3)
2143:            12            192  io.github.resilience4j.retry.internal.RetryImpl$RetryMetrics
2144:             8            192  io.netty.util.internal.ThreadExecutorMap$1
2145:             6            192  io.protostuff.runtime.ArraySchemas$DoubleArray
2146:             6            192  java.io.DataInputStream (java.base@21.0.3)
2147:             6            192  java.io.ObjectInputStream$HandleTable (java.base@21.0.3)
2148:             6            192  java.io.ObjectInputStream$PeekInputStream (java.base@21.0.3)
2149:             4            192  java.io.PrintStream (java.base@21.0.3)
2150:            12            192  java.lang.ClassValue$Identity (java.base@21.0.3)
2151:             2            192  java.lang.invoke.BoundMethodHandle$Species_LLLLLLLLLLLLLLL (java.base@21.0.3)
2152:             6            192  java.lang.invoke.VarHandleByteArrayAsInts$ArrayHandle (java.base@21.0.3)
2153:             3            192  java.nio.DirectByteBufferR (java.base@21.0.3)
2154:             3            192  java.text.SimpleDateFormat (java.base@21.0.3)
2155:             6            192  java.time.format.TextStyle (java.base@21.0.3)
2156:             4            192  java.util.concurrent.locks.ReentrantReadWriteLock$FairSync (java.base@21.0.3)
2157:            12            192  java.util.function.Predicate$$Lambda/0x00007fcd284e8820 (java.base@21.0.3)
2158:             6            192  javax.management.MBeanConstructorInfo (java.management@21.0.3)
2159:             6            192  javax.management.StandardEmitterMBean (java.management@21.0.3)
2160:            12            192  jdk.proxy4.$Proxy47 (jdk.proxy4)
2161:             6            192  org.apache.logging.log4j.core.appender.DefaultErrorHandler
2162:             8            192  org.apache.logging.log4j.core.appender.rolling.RolloverFrequency
2163:             6            192  org.apache.logging.log4j.core.config.AwaitCompletionReliabilityStrategy
2164:             6            192  org.apache.logging.log4j.core.layout.StringBuilderEncoder
2165:             4            192  org.apache.logging.log4j.core.lookup.ConfigurationStrSubstitutor
2166:             6            192  org.apache.lucene.analysis.CharacterUtils$CharacterBuffer
2167:             3            192  org.apache.lucene.analysis.pattern.PatternTokenizer
2168:             8            192  org.apache.lucene.index.MergeTrigger
2169:            12            192  org.apache.lucene.util.packed.PackedInts$NullReader
2170:             6            192  org.bouncycastle.jcajce.provider.config.ProviderConfigurationPermission
2171:             6            192  org.opensearch.Build$Type
2172:             6            192  org.opensearch.action.search.SearchPhaseName
2173:             6            192  org.opensearch.action.support.replication.TransportReplicationAction$ReplicaResponse
2174:             3            192  org.opensearch.cluster.ClusterState
2175:             1            192  org.opensearch.cluster.coordination.Coordinator
2176:             6            192  org.opensearch.cluster.routing.UnassignedInfo$AllocationStatus
2177:             6            192  org.opensearch.common.Priority
2178:             6            192  org.opensearch.common.util.BigArrays
2179:             8            192  org.opensearch.common.util.concurrent.ThreadContext$$Lambda/0x00007fcd29111390
2180:            12            192  org.opensearch.core.xcontent.ObjectParser$$Lambda/0x00007fcd284bcb40
2181:             6            192  org.opensearch.index.IndexModule$Type
2182:            12            192  org.opensearch.index.analysis.PreConfiguredTokenizer$$Lambda/0x00007fcd2869fa80
2183:             6            192  org.opensearch.indices.recovery.RecoveryState$Stage
2184:             6            192  org.opensearch.monitor.fs.FsInfo
2185:             8            192  org.opensearch.monitor.jvm.JvmStats$Threads
2186:             6            192  org.opensearch.repositories.blobstore.ChecksumBlobStoreFormat
2187:             3            192  org.opensearch.search.aggregations.bucket.terms.TermsAggregatorFactory
2188:             3            192  org.opensearch.security.auditlog.config.AuditConfig$Filter
2189:             8            192  org.opensearch.security.securityconf.impl.v7.ConfigV7$AuthcBackend
2190:             8            192  org.opensearch.security.securityconf.impl.v7.ConfigV7$HttpAuthenticator
2191:             6            192  org.opensearch.sql.analysis.Analyzer
2192:             8            192  org.opensearch.sql.opensearch.executor.OpenSearchExecutionEngine
2193:            12            192  org.opensearch.sql.opensearch.monitor.OpenSearchMemoryHealthy$MemoryUsage
2194:            12            192  org.opensearch.sql.opensearch.monitor.OpenSearchMemoryHealthy$RandomFail
2195:             6            192  org.opensearch.sql.spark.execution.session.SessionManager
2196:            12            192  org.opensearch.timeseries.ratelimit.RateLimitedRequestWorker$$Lambda/0x00007fcd28a113f8
2197:             8            192  org.opensearch.transport.OutboundHandler$SendContext$$Lambda/0x00007fcd2911ea10
2198:             8            192  org.opensearch.transport.nativeprotocol.NativeOutboundHandler$MessageSerializer
2199:             8            192  org.opensearch.transport.netty4.Netty4MessageChannelHandler$$Lambda/0x00007fcd2910fd40
2200:             8            192  org.opensearch.transport.netty4.Netty4MessageChannelHandler$WriteOperation
2201:             3            192  sun.security.rsa.RSAPrivateCrtKeyImpl (java.base@21.0.3)
2202:             6            192  sun.security.ssl.X509Authentication (java.base@21.0.3)
2203:            12            192  sun.util.logging.internal.LoggingProviderImpl$JULWrapper (java.logging@21.0.3)
2204:             3            184  [Lkotlin.annotation.AnnotationTarget;
2205:             3            184  [Lkotlin.annotation.AnnotationTarget;
2206:             6            176  [Lorg.apache.logging.log4j.core.pattern.FormattingInfo;
2207:             5            176  [[Ljava.lang.Object; (java.base@21.0.3)
2208:             2            176  java.lang.invoke.BoundMethodHandle$Species_LLLLLLLLLLLLL (java.base@21.0.3)
2209:            11            176  jdk.proxy9.$Proxy40 (jdk.proxy9)
2210:             1            176  org.apache.commons.pool2.impl.GenericObjectPool
2211:            11            176  org.apache.logging.log4j.core.config.AppenderControlArraySet
2212:             1            176  org.apache.logging.log4j.core.config.properties.PropertiesConfiguration
2213:            11            176  org.apache.logging.log4j.core.util.datetime.FastDateParser$NumberStrategy
2214:             2            176  org.apache.lucene.analysis.th.ThaiTokenizer
2215:            11            176  org.opensearch.action.support.replication.TransportReplicationAction$$Lambda/0x00007fcd28db7660
2216:            11            176  org.opensearch.action.support.replication.TransportReplicationAction$$Lambda/0x00007fcd28db7cc0
2217:            11            176  org.opensearch.action.support.replication.TransportReplicationAction$$Lambda/0x00007fcd28dbc000
2218:            11            176  org.opensearch.action.support.replication.TransportReplicationAction$$Lambda/0x00007fcd28dbc220
2219:            11            176  org.opensearch.action.support.replication.TransportReplicationAction$$Lambda/0x00007fcd28dbc450
2220:            11            176  org.opensearch.cluster.routing.RoutingNode$BucketedShards
2221:            11            176  org.opensearch.common.settings.Setting$$Lambda/0x00007fcd283948c8
2222:            11            176  org.opensearch.core.xcontent.ToXContent$MapParams
2223:             1            176  org.opensearch.index.search.stats.SearchStats$Stats
2224:            11            176  org.opensearch.plugins.SearchPlugin$PipelineAggregationSpec$$Lambda/0x00007fcd28847118
2225:            11            176  org.opensearch.search.pipeline.ProcessorInfo
2226:             2            176  sun.nio.ch.ServerSocketChannelImpl (java.base@21.0.3)
2227:            11            176  sun.security.provider.NativePRNG (java.base@21.0.3)
2228:             5            168  [Lcom.fasterxml.jackson.databind.ser.impl.PropertySerializerMap$TypeAndSerializer;
2229:             1            168  [Lorg.apache.lucene.analysis.lv.LatvianStemmer$Affix;
2230:             1            168  [Lorg.bouncycastle.crypto.CryptoServiceProperties;
2231:             1            168  [Lorg.opensearch.knn.plugin.stats.StatNames;
2232:             1            168  [[Ljava.math.BigInteger; (java.base@21.0.3)
2233:             7            168  com.fasterxml.jackson.annotation.JsonInclude$Include
2234:             7            168  com.fasterxml.jackson.annotation.JsonInclude$Include
2235:             7            168  com.fasterxml.jackson.annotation.JsonInclude$Include
2236:             7            168  com.fasterxml.jackson.annotation.PropertyAccessor
2237:             7            168  com.fasterxml.jackson.annotation.PropertyAccessor
2238:             3            168  com.fasterxml.jackson.core.util.DefaultPrettyPrinter
2239:             3            168  com.fasterxml.jackson.databind.deser.std.EnumDeserializer
2240:             3            168  com.fasterxml.jackson.databind.type.ResolvedRecursiveType
2241:             7            168  com.fasterxml.jackson.databind.util.CompactStringObjectMap
2242:             3            168  com.sun.jna.NativeLibrary
2243:             7            168  io.protostuff.runtime.ArraySchemas$DoubleArray$1
2244:             7            168  java.io.OutputStreamWriter (java.base@21.0.3)
2245:             7            168  java.security.cert.CertPathValidatorException$BasicReason (java.base@21.0.3)
2246:             7            168  java.time.DayOfWeek (java.base@21.0.3)
2247:             7            168  jdk.net.ExtendedSocketOptions$ExtSocketOption (jdk.net@21.0.3)
2248:             7            168  kotlinx.coroutines.JobImpl
2249:             3            168  org.apache.lucene.store.ByteBuffersDataOutput
2250:             7            168  org.bouncycastle.asn1.ASN1Tag
2251:             1            168  org.joni.Regex
2252:             7            168  org.opensearch.action.support.ChannelActionListener
2253:             7            168  org.opensearch.cluster.DiffableUtils$DiffableValueReader
2254:             3            168  org.opensearch.cluster.node.DiscoveryNodes
2255:             7            168  org.opensearch.common.ExponentiallyWeightedMovingAverage
2256:             3            168  org.opensearch.common.util.LongLongHash
2257:             7            168  org.opensearch.core.common.bytes.AbstractBytesReference$1
2258:             7            168  org.opensearch.index.analysis.PreBuiltAnalyzerProviderFactory$PreBuiltAnalyzersDelegateCache
2259:             7            168  org.opensearch.indices.IndicesQueryCache$CachingWeightWrapper
2260:             7            168  org.opensearch.ml.stats.MLClusterLevelStat
2261:             7            168  org.opensearch.performanceanalyzer.commons.stats.eval.Statistics
2262:             7            168  org.opensearch.replication.task.ReplicationState
2263:             7            168  org.opensearch.securityanalytics.model.LogType$IocFields
2264:             7            168  org.opensearch.sql.planner.optimizer.rule.read.TableScanPushDown
2265:             7            168  org.opensearch.sql.spark.execution.statestore.OpenSearchSessionStorageService
2266:             7            168  org.opensearch.sql.spark.execution.statestore.OpenSearchStatementStorageService
2267:             7            168  org.yaml.snakeyaml.scanner.Constant
2268:             3            168  sun.security.ssl.SSLContextImpl$TLSContext (java.base@21.0.3)
2269:             7            168  sun.security.x509.NetscapeCertTypeExtension$MapEntry (java.base@21.0.3)
2270:             3            160  [Ljava.util.logging.Level; (java.logging@21.0.3)
2271:             5            160  [Lorg.apache.logging.log4j.core.pattern.ArrayPatternConverter;
2272:             2            160  [Lorg.opensearch.action.admin.indices.stats.CommonStatsFlags$Flag;
2273:             5            160  [Lorg.opensearch.security.securityconf.impl.DashboardSignInOption;
2274:             1            160  [Lorg.opensearch.sql.legacy.metrics.MetricName;
2275:             4            160  com.fasterxml.jackson.core.Base64Variant
2276:             2            160  com.fasterxml.jackson.core.JsonFactory
2277:             5            160  com.fasterxml.jackson.core.JsonFactory$Feature
2278:             4            160  com.fasterxml.jackson.core.StreamReadConstraints
2279:             5            160  com.fasterxml.jackson.databind.cfg.CoercionConfigs
2280:             4            160  com.fasterxml.jackson.databind.cfg.ConfigOverrides
2281:             5            160  com.fasterxml.jackson.databind.cfg.JsonNodeFeature
2282:             5            160  com.fasterxml.jackson.databind.cfg.JsonNodeFeature
2283:             5            160  com.fasterxml.jackson.databind.ser.impl.PropertySerializerMap$Double
2284:             2            160  com.google.common.cache.LocalCache$Segment
2285:            10            160  com.google.common.cache.LocalCache$StrongValueReference
2286:             4            160  com.google.common.collect.DenseImmutableTable$ColumnMap
2287:             4            160  com.google.common.collect.DenseImmutableTable$RowMap
2288:             5            160  io.netty.handler.logging.LogLevel
2289:             4            160  io.protostuff.runtime.RuntimeReflectionFieldFactory$5$1
2290:             4            160  java.lang.StackWalker (java.base@21.0.3)
2291:             5            160  java.lang.invoke.VarHandle$AccessType (java.base@21.0.3)
2292:             4            160  java.text.DigitList (java.base@21.0.3)
2293:             5            160  java.time.format.DateTimeFormatterBuilder$TextPrinterParser (java.base@21.0.3)
2294:             5            160  java.util.TreeMap$EntryIterator (java.base@21.0.3)
2295:             2            160  java.util.concurrent.ScheduledThreadPoolExecutor (java.base@21.0.3)
2296:            10            160  jdk.proxy10.$Proxy41 (jdk.proxy10)
2297:            10            160  jdk.proxy2.$Proxy34 (jdk.proxy2)
2298:            10            160  kotlinx.coroutines.internal.Symbol
2299:             5            160  org.apache.logging.log4j.core.appender.rolling.SizeBasedTriggeringPolicy
2300:             4            160  org.apache.logging.log4j.core.config.Node
2301:             5            160  org.apache.logging.log4j.core.lookup.Interpolator
2302:            10            160  org.apache.logging.log4j.core.lookup.SystemPropertiesLookup
2303:             5            160  org.apache.logging.log4j.core.util.Log4jThreadFactory
2304:             4            160  org.apache.lucene.analysis.ar.ArabicNormalizationFilter
2305:             4            160  org.apache.lucene.analysis.en.EnglishPossessiveFilter
2306:             4            160  org.apache.lucene.analysis.in.IndicNormalizationFilter
2307:             5            160  org.apache.lucene.search.ScoreMode
2308:             4            160  org.apache.lucene.search.SortField
2309:             5            160  org.apache.lucene.store.IOContext
2310:             4            160  org.apache.lucene.store.RateLimiter$SimpleRateLimiter
2311:             2            160  org.apache.lucene.util.fst.FST$Arc
2312:             4            160  org.bouncycastle.crypto.params.DHParameters
2313:             4            160  org.joni.NameEntry
2314:             5            160  org.ldaptive.ReturnAttributes
2315:             5            160  org.opensearch.action.DocWriteResponse$Result
2316:            10            160  org.opensearch.action.support.replication.TransportReplicationAction$$Lambda/0x00007fcd28db7880
2317:            10            160  org.opensearch.action.support.replication.TransportReplicationAction$$Lambda/0x00007fcd28db7aa0
2318:             1            160  org.opensearch.ad.ratelimit.ADCheckpointReadWorker
2319:             5            160  org.opensearch.alerting.util.DestinationType
2320:             4            160  org.opensearch.bootstrap.SystemCallFilter$Arch
2321:             5            160  org.opensearch.cluster.metadata.IndexAbstraction$Alias
2322:            10            160  org.opensearch.common.settings.Setting$$Lambda/0x00007fcd280cb338
2323:             4            160  org.opensearch.common.util.TokenBucket
2324:             1            160  org.opensearch.forecast.ratelimit.ForecastCheckpointReadWorker
2325:             5            160  org.opensearch.index.shard.IndexShardState
2326:             5            160  org.opensearch.indices.IndicesRequestCache$Key
2327:            10            160  org.opensearch.indices.analysis.PreBuiltCacheFactory$PreBuiltCacheStrategyOpenSearch
2328:             5            160  org.opensearch.jobscheduler.ScheduledJobProvider
2329:             5            160  org.opensearch.ml.model.MLModelGroupManager
2330:             4            160  org.opensearch.performanceanalyzer.commons.stats.metrics.ExceptionsAndErrors
2331:             5            160  org.opensearch.security.dlic.rest.validation.PasswordValidator$ScoreStrength
2332:            10            160  org.opensearch.sql.executor.pagination.PlanSerializer
2333:            10            160  org.opensearch.sql.opensearch.executor.protector.OpenSearchExecutionProtector
2334:             5            160  org.opensearch.transport.ConnectionProfile$ConnectionTypeHandle
2335:            10            160  org.opensearch.transport.InboundMessage
2336:             5            160  org.yaml.snakeyaml.DumperOptions$ScalarStyle
2337:             5            160  sun.security.ssl.NamedGroup$NamedGroupSpec (java.base@21.0.3)
2338:             5            160  sun.text.CompactByteArray (java.base@21.0.3)
2339:             1            152  [Lcom.fasterxml.jackson.databind.MapperFeature;
2340:             1            152  [Lcom.fasterxml.jackson.databind.MapperFeature;
2341:             1            152  [Lcom.fasterxml.jackson.databind.MapperFeature;
2342:             1            152  [Lsun.security.ssl.Alert; (java.base@21.0.3)
2343:             1            152  [Lsun.security.ssl.NamedGroup; (java.base@21.0.3)
2344:             2            152  [[Ljava.lang.String; (java.base@21.0.3)
2345:             1            152  org.opensearch.alerting.transport.TransportDocLevelMonitorFanOutAction
2346:             1            152  org.opensearch.http.netty4.ssl.SecureNetty4HttpServerTransport
2347:             1            144  [Ljava.lang.invoke.VarHandle$AccessMode; (java.base@21.0.3)
2348:             2            144  [Ljava.math.BigDecimal; (java.base@21.0.3)
2349:             6            144  [Ljava.security.CodeSigner; (java.base@21.0.3)
2350:             6            144  [Ljava.util.concurrent.atomic.Striped64$Cell; (java.base@21.0.3)
2351:             3            144  [Lorg.bouncycastle.asn1.ASN1ObjectIdentifier;
2352:             6            144  [Lorg.opensearch.monitor.fs.FsInfo$DeviceStats;
2353:             6            144  [Lorg.opensearch.monitor.fs.FsInfo$Path;
2354:             2            144  [Lorg.opensearch.performanceanalyzer.commons.stats.metrics.CollectorMetrics;
2355:             6            144  com.fasterxml.jackson.annotation.JsonAutoDetect$Visibility
2356:             6            144  com.fasterxml.jackson.annotation.JsonAutoDetect$Visibility
2357:             6            144  com.fasterxml.jackson.annotation.JsonAutoDetect$Visibility
2358:             6            144  com.fasterxml.jackson.core.JsonParser$NumberType
2359:             3            144  com.fasterxml.jackson.databind.ser.std.CollectionSerializer
2360:             9            144  com.google.common.collect.RegularImmutableList
2361:             3            144  com.sun.management.internal.GarbageCollectorExtImpl (jdk.management@21.0.3)
2362:             6            144  java.lang.Thread$State (java.base@21.0.3)
2363:             3            144  java.lang.ThreadGroup (java.base@21.0.3)
2364:             6            144  java.lang.invoke.MethodHandleImpl$BindCaller$InjectedInvokerHolder (java.base@21.0.3)
2365:             3            144  java.time.temporal.JulianFields$Field (java.base@21.0.3)
2366:             6            144  java.util.stream.Collectors$$Lambda/0x00007fcd29178ca0 (java.base@21.0.3)
2367:             6            144  javax.net.ssl.SSLEngineResult$HandshakeStatus (java.base@21.0.3)
2368:             3            144  jdk.internal.foreign.layout.ValueLayouts$OfFloatImpl (java.base@21.0.3)
2369:             3            144  jdk.internal.foreign.layout.ValueLayouts$OfIntImpl (java.base@21.0.3)
2370:             3            144  jdk.internal.foreign.layout.ValueLayouts$OfLongImpl (java.base@21.0.3)
2371:             3            144  jdk.internal.foreign.layout.ValueLayouts$OfShortImpl (java.base@21.0.3)
2372:             6            144  jdk.internal.perf.PerfCounter (java.base@21.0.3)
2373:             6            144  jdk.net.NetworkPermission (jdk.net@21.0.3)
2374:             9            144  jdk.proxy1.$Proxy4 (jdk.proxy1)
2375:             6            144  kotlin.coroutines.CombinedContext
2376:             6            144  kotlinx.coroutines.CoroutineName
2377:             6            144  kotlinx.coroutines.SupervisorJobImpl
2378:             6            144  org.apache.logging.log4j.core.LifeCycle$State
2379:             6            144  org.apache.logging.log4j.core.config.AppenderRef
2380:             1            144  org.apache.logging.log4j.core.config.composite.CompositeConfiguration
2381:             3            144  org.apache.logging.log4j.core.lookup.RuntimeStrSubstitutor
2382:             6            144  org.apache.logging.log4j.core.pattern.MarkerPatternConverter
2383:             3            144  org.apache.logging.log4j.simple.SimpleLogger
2384:             2            144  org.apache.lucene.analysis.classic.ClassicTokenizerImpl
2385:             2            144  org.apache.lucene.analysis.core.WhitespaceTokenizer
2386:             9            144  org.apache.lucene.backward_codecs.lucene50.Lucene50CompoundFormat
2387:             6            144  org.apache.lucene.backward_codecs.lucene80.Lucene80DocValuesFormat
2388:             2            144  org.apache.lucene.backward_codecs.lucene91.Lucene91Codec
2389:             2            144  org.apache.lucene.backward_codecs.lucene92.Lucene92Codec
2390:             2            144  org.apache.lucene.backward_codecs.lucene94.Lucene94Codec
2391:             6            144  org.apache.lucene.backward_codecs.lucene95.Lucene95Codec$1
2392:             6            144  org.apache.lucene.backward_codecs.lucene95.Lucene95Codec$2
2393:             6            144  org.apache.lucene.backward_codecs.lucene95.Lucene95Codec$3
2394:             6            144  org.apache.lucene.backward_codecs.lucene95.Lucene95HnswVectorsFormat
2395:             6            144  org.apache.lucene.document.StoredValue$Type
2396:             6            144  org.apache.lucene.index.DocValuesType
2397:             6            144  org.apache.lucene.search.BooleanWeight$WeightedBooleanClause
2398:             3            144  org.apache.lucene.util.fst.ReadWriteDataOutput
2399:             6            144  org.bouncycastle.pqc.jcajce.provider.dilithium.DilithiumKeyFactorySpi
2400:             6            144  org.bouncycastle.pqc.jcajce.provider.kyber.KyberKeyFactorySpi
2401:             6            144  org.joda.time.format.DateTimeFormatterBuilder$Fraction
2402:             6            144  org.joni.ast.QuantifierNode$ReduceType
2403:             6            144  org.opensearch.action.search.SearchRequestStats$StatsHolder
2404:             6            144  org.opensearch.action.support.ActiveShardsObserver
2405:             6            144  org.opensearch.action.support.IndicesOptions$Option
2406:             6            144  org.opensearch.action.support.replication.TransportReplicationAction$AsyncReplicaAction$$Lambda/0x00007fcd2937b6c0
2407:             6            144  org.opensearch.action.support.replication.TransportReplicationAction$AsyncReplicaAction$$Lambda/0x00007fcd2937b8e0
2408:             6            144  org.opensearch.action.support.replication.TransportReplicationAction$AsyncReplicaAction$$Lambda/0x00007fcd2937bd30
2409:             6            144  org.opensearch.action.support.replication.TransportReplicationAction$AsyncReplicaAction$$Lambda/0x00007fcd2937e000
2410:             6            144  org.opensearch.ad.model.ADTaskType
2411:             1            144  org.opensearch.alerting.MonitorRunnerExecutionContext
2412:             6            144  org.opensearch.client.support.AbstractClient$Admin
2413:             6            144  org.opensearch.cluster.ClusterStateObserver$StoredState
2414:             6            144  org.opensearch.cluster.routing.RecoverySource$Type
2415:             9            144  org.opensearch.common.bytes.ReleasableBytesReference$$Lambda/0x00007fcd29134a60
2416:             3            144  org.opensearch.common.inject.InheritingState
2417:             3            144  org.opensearch.common.inject.InjectorImpl
2418:             6            144  org.opensearch.common.logging.NodeNamePatternConverter
2419:             6            144  org.opensearch.commons.utils.HelpersKt$logger$1
2420:             6            144  org.opensearch.core.action.ActionListener$3
2421:             6            144  org.opensearch.core.action.ActionListener$6
2422:             2            144  org.opensearch.index.IndexingPressure
2423:             6            144  org.opensearch.index.seqno.RetentionLeaseBackgroundSyncAction$$Lambda/0x00007fcd2937bb10
2424:             6            144  org.opensearch.index.shard.IndexShardOperationPermits$$Lambda/0x00007fcd2937b470
2425:             9            144  org.opensearch.knn.index.codec.KNN80Codec.KNN80CompoundFormat
2426:             6            144  org.opensearch.ml.common.MLTaskState
2427:             6            144  org.opensearch.ml.stats.MLNodeLevelStat
2428:             6            144  org.opensearch.monitor.jvm.JvmService
2429:             1            144  org.opensearch.performanceanalyzer.commons.collectors.ScheduledMetricCollectorsExecutor
2430:             6            144  org.opensearch.plugins.SearchPlugin$ScoreFunctionSpec
2431:             6            144  org.opensearch.plugins.SearchPlugin$SignificanceHeuristicSpec
2432:             6            144  org.opensearch.rest.RestHandler$DeprecatedRoute
2433:             6            144  org.opensearch.search.aggregations.AggregatorFactories$Builder
2434:             9            144  org.opensearch.search.aggregations.bucket.histogram.DateHistogramInterval
2435:             1            144  org.opensearch.search.builder.SearchSourceBuilder
2436:             1            144  org.opensearch.security.OpenSearchSecurityPlugin
2437:             9            144  org.opensearch.security.dlic.rest.api.RequestHandler$RequestHandlersBuilder$$Lambda/0x00007fcd28fe58a8
2438:             9            144  org.opensearch.securityanalytics.logtype.LogTypeService$$Lambda/0x00007fcd288ade40
2439:             6            144  org.opensearch.sql.analysis.SelectExpressionAnalyzer
2440:             6            144  org.opensearch.sql.executor.QueryService
2441:             6            144  org.opensearch.sql.planner.optimizer.rule.MergeFilterAndFilter
2442:             6            144  org.opensearch.sql.planner.optimizer.rule.PushFilterUnderSort
2443:             6            144  org.opensearch.sql.planner.optimizer.rule.read.CreateTableScanBuilder
2444:             6            144  org.opensearch.sql.planner.optimizer.rule.write.CreateTableWriteBuilder
2445:             3            144  org.opensearch.threadpool.AutoQueueAdjustingExecutorBuilder
2446:             1            144  org.opensearch.threadpool.ThreadPool$CachedTimeThread
2447:             3            144  org.opensearch.timeseries.transport.handler.ResultBulkIndexingHandler
2448:             9            144  org.opensearch.transport.netty4.Netty4MessageChannelHandler$$Lambda/0x00007fcd2912bba0
2449:             1            144  org.opensearch.transport.netty4.ssl.SecureNetty4Transport
2450:             1            144  sun.security.pkcs11.SunPKCS11 (jdk.crypto.cryptoki@21.0.3)
2451:             6            144  sun.security.provider.certpath.X509CertPath (java.base@21.0.3)
2452:             6            144  sun.security.util.DisabledAlgorithmConstraints$Constraint$Operator (java.base@21.0.3)
2453:             4            136  [Ljava.lang.CharSequence; (java.base@21.0.3)
2454:             1            136  [Ljava.time.temporal.ChronoField; (java.base@21.0.3)
2455:             6            136  [Lorg.apache.logging.log4j.core.config.AppenderControl;
2456:             6            136  [Lorg.apache.logging.log4j.core.config.AppenderRef;
2457:             1            136  [Lorg.opensearch.core.xcontent.ObjectParser$ValueType;
2458:             6            136  [Lorg.opensearch.search.aggregations.AggregatorFactory;
2459:             3            136  [Lorg.opensearch.search.aggregations.support.ValueType;
2460:             1            136  [Lorg.opensearch.timeseries.stats.StatNames;
2461:             1            136  org.apache.logging.log4j.core.config.NullConfiguration
2462:             1            136  org.opensearch.ad.task.ADTaskManager
2463:             1            136  org.opensearch.search.SearchService
2464:             5            128  [Ljava.net.InetAddress; (java.base@21.0.3)
2465:             2            128  [Ljava.time.Month; (java.base@21.0.3)
2466:             1            128  [Lorg.joni.constants.internal.TokenType;
2467:             2            128  [Lorg.opensearch.action.admin.cluster.node.info.NodesInfoRequest$Metric;
2468:             2            128  [Lorg.opensearch.ingest.geoip.GeoIpProcessor$Property;
2469:             2            128  [Lsun.security.ssl.SSLSecretDerivation$SecretSchedule; (java.base@21.0.3)
2470:             4            128  com.fasterxml.jackson.annotation.JsonInclude$Value
2471:             4            128  com.fasterxml.jackson.core.StreamReadCapability
2472:             4            128  com.fasterxml.jackson.core.util.Separators$Spacing
2473:             2            128  com.fasterxml.jackson.databind.cfg.BaseSettings
2474:             4            128  com.fasterxml.jackson.databind.cfg.CoercionConfigs
2475:             4            128  com.fasterxml.jackson.databind.cfg.JsonNodeFeature
2476:             4            128  com.fasterxml.jackson.databind.ser.AnyGetterWriter
2477:             1            128  com.google.common.cache.LocalCache
2478:             1            128  com.google.common.cache.LocalCache
2479:             4            128  com.google.common.collect.RegularImmutableSet
2480:             8            128  com.google.gson.TypeAdapter$1
2481:             4            128  com.sun.jmx.mbeanserver.DefaultMXBeanMappingFactory$ArrayMapping (java.management@21.0.3)
2482:             4            128  com.sun.jmx.mbeanserver.DefaultMXBeanMappingFactory$EnumMapping (java.management@21.0.3)
2483:             2            128  com.sun.security.sasl.gsskerb.JdkSASL$ProviderService (jdk.security.jgss@21.0.3)
2484:             2            128  io.netty.bootstrap.ServerBootstrap
2485:             2            128  io.netty.buffer.PooledByteBufAllocator
2486:             2            128  io.netty.buffer.SizeClasses
2487:             8            128  io.netty.channel.nio.NioEventLoop$1
2488:             2            128  io.netty.channel.socket.nio.NioServerSocketChannel$NioServerSocketChannelConfig
2489:             4            128  io.netty.util.AttributeKey
2490:             4            128  io.netty.util.internal.logging.Log4J2Logger
2491:             4            128  java.io.FileInputStream (java.base@21.0.3)
2492:             8            128  java.lang.Float (java.base@21.0.3)
2493:             4            128  java.lang.invoke.VarHandleByteArrayAsDoubles$ArrayHandle (java.base@21.0.3)
2494:             4            128  java.lang.invoke.VarHandleByteArrayAsFloats$ArrayHandle (java.base@21.0.3)
2495:             4            128  java.lang.invoke.VarHandleByteArrayAsShorts$ArrayHandle (java.base@21.0.3)
2496:             4            128  java.lang.module.ModuleDescriptor$Modifier (java.base@21.0.3)
2497:             4            128  java.lang.module.ModuleDescriptor$Requires$Modifier (java.base@21.0.3)
2498:             4            128  java.security.spec.PSSParameterSpec (java.base@21.0.3)
2499:             8            128  java.time.format.DateTimeFormatterBuilder$StringLiteralPrinterParser (java.base@21.0.3)
2500:             4            128  java.util.HexFormat (java.base@21.0.3)
2501:             4            128  java.util.stream.FindOps$FindOp (java.base@21.0.3)
2502:             4            128  jdk.internal.logger.BootstrapLogger$LoggingBackend (java.base@21.0.3)
2503:             1            128  jdk.nio.zipfs.ZipFileSystem (jdk.zipfs@21.0.3)
2504:             8            128  jdk.proxy3.$Proxy18 (jdk.proxy3)
2505:             8            128  jdk.proxy4.$Proxy20 (jdk.proxy4)
2506:             2            128  org.apache.lucene.analysis.classic.ClassicTokenizer
2507:             2            128  org.apache.lucene.backward_codecs.lucene87.Lucene87Codec
2508:             4            128  org.bouncycastle.crypto.params.DSAParameters
2509:             4            128  org.objectweb.asm.Handle
2510:             4            128  org.opensearch.action.DocWriteRequest$OpType
2511:             4            128  org.opensearch.action.search.PitService
2512:             4            128  org.opensearch.action.search.ShardStatsFieldNames
2513:             1            128  org.opensearch.ad.ratelimit.ADCheckpointWriteWorker
2514:             1            128  org.opensearch.ad.ratelimit.ADColdStartWorker
2515:             1            128  org.opensearch.ad.ratelimit.ADResultWriteWorker
2516:             4            128  org.opensearch.analysis.common.PatternAnalyzer
2517:             4            128  org.opensearch.cluster.routing.ShardRoutingState
2518:             4            128  org.opensearch.common.geo.ShapeRelation
2519:             4            128  org.opensearch.common.logging.SlowLogLevel
2520:             4            128  org.opensearch.common.util.TokenBucket$State
2521:             2            128  org.opensearch.env.Environment
2522:             1            128  org.opensearch.forecast.ratelimit.ForecastCheckpointWriteWorker
2523:             1            128  org.opensearch.forecast.ratelimit.ForecastColdStartWorker
2524:             1            128  org.opensearch.forecast.ratelimit.ForecastResultWriteWorker
2525:             2            128  org.opensearch.index.engine.Engine$Searcher
2526:             8            128  org.opensearch.index.mapper.NumberFieldMapper$NumberType$$Lambda/0x00007fcd287397e8
2527:             4            128  org.opensearch.index.search.MatchQuery$Type
2528:             4            128  org.opensearch.index.translog.Translog$Operation$Type
2529:             2            128  org.opensearch.indexmanagement.IndexManagementPlugin
2530:             1            128  org.opensearch.ml.plugin.MachineLearningPlugin
2531:             1            128  org.opensearch.monitor.jvm.JvmInfo
2532:             8            128  org.opensearch.monitor.jvm.JvmStats$GarbageCollectors
2533:             4            128  org.opensearch.performanceanalyzer.commons.stats.collectors.SampleAggregator
2534:             4            128  org.opensearch.repositories.s3.ProxySettings$ProxyType
2535:             4            128  org.opensearch.search.aggregations.InternalOrder$SimpleOrder
2536:             2            128  org.opensearch.search.backpressure.SearchBackpressureState
2537:             4            128  org.opensearch.security.auth.AuthDomain
2538:             2            128  org.opensearch.security.dlic.rest.api.RestApiPrivilegesEvaluator
2539:             4            128  org.opensearch.security.securityconf.impl.DashboardSignInOption
2540:             2            128  org.opensearch.security.securityconf.impl.v7.ConfigV7$Dynamic
2541:             1            128  org.opensearch.securityanalytics.indexmanagment.DetectorIndexManagementService
2542:             4            128  org.opensearch.semver.SemverRange$RangeOperator
2543:             4            128  org.opensearch.sql.datasource.model.DataSourceType
2544:             4            128  org.opensearch.sql.spark.flint.operation.FlintIndexOpFactory
2545:             4            128  org.opensearch.threadpool.ThreadPool$ThreadPoolType
2546:             2            128  org.opensearch.timeseries.MemoryTracker
2547:             4            128  org.opensearch.timeseries.model.EntityProfileName
2548:             8            128  org.opensearch.timeseries.ratelimit.ConcurrentWorker$$Lambda/0x00007fcd28a11628
2549:             8            128  org.opensearch.transport.OutboundHandler$SendContext$$Lambda/0x00007fcd2911f290
2550:             8            128  org.opensearch.transport.netty4.Netty4TcpChannel$$Lambda/0x00007fcd2910e528
2551:             2            128  sun.security.jgss.SunProvider$ProviderService (java.security.jgss@21.0.3)
2552:             4            128  sun.security.ssl.Finished$VerifyDataScheme (java.base@21.0.3)
2553:             4            128  sun.security.ssl.SSLTrafficKeyDerivation (java.base@21.0.3)
2554:             4            128  sun.security.util.DisabledAlgorithmConstraints (java.base@21.0.3)
2555:             3            120  [Ljava.lang.invoke.LambdaForm$BasicType; (java.base@21.0.3)
2556:             3            120  [Ljava.nio.charset.Charset; (java.base@21.0.3)
2557:             5            120  [Lorg.apache.logging.log4j.core.appender.rolling.TriggeringPolicy;
2558:             1            120  [Lorg.apache.lucene.index.TermsEnum;
2559:             1            120  [Lorg.opensearch.action.admin.cluster.node.stats.NodesStatsRequest$Metric;
2560:             3            120  [Lorg.opensearch.index.shard.IndexShardState;
2561:             3            120  [Lorg.opensearch.rest.RestHandler$ReplacedRoute;
2562:             2            120  [Lsun.security.util.ObjectIdentifier; (java.base@21.0.3)
2563:             5            120  com.fasterxml.jackson.annotation.Nulls
2564:             5            120  com.fasterxml.jackson.annotation.Nulls
2565:             5            120  com.fasterxml.jackson.annotation.Nulls
2566:             3            120  com.fasterxml.jackson.databind.PropertyMetadata
2567:             5            120  com.fasterxml.jackson.databind.cfg.MutableCoercionConfig
2568:             5            120  com.fasterxml.jackson.databind.deser.DeserializerCache
2569:             5            120  com.fasterxml.jackson.databind.introspect.SimpleMixInResolver
2570:             5            120  com.fasterxml.jackson.databind.ser.SerializerCache
2571:             5            120  com.fasterxml.jackson.databind.ser.impl.PropertySerializerMap$Multi
2572:             5            120  com.fasterxml.jackson.databind.util.LRUMap
2573:             5            120  com.fasterxml.jackson.databind.util.internal.LinkedDeque
2574:             3            120  com.google.common.collect.RegularImmutableMap
2575:             5            120  com.sun.crypto.provider.DHParameters (java.base@21.0.3)
2576:             3            120  com.sun.jna.Structure$LayoutInfo
2577:             1            120  com.sun.jna.internal.Cleaner$1
2578:             3            120  io.netty.handler.codec.base64.Base64Dialect
2579:             5            120  io.netty.util.Recycler$2
2580:             5            120  io.netty.util.internal.logging.InternalLogLevel
2581:             3            120  java.lang.invoke.VarHandleBooleans$FieldInstanceReadWrite (java.base@21.0.3)
2582:             1            120  java.lang.ref.Finalizer$FinalizerThread (java.base@21.0.3)
2583:             1            120  java.lang.ref.Reference$ReferenceHandler (java.base@21.0.3)
2584:             3            120  java.lang.reflect.ProxyGenerator$ProxyMethod (java.base@21.0.3)
2585:             3            120  java.net.InetAddress$CachedLookup (java.base@21.0.3)
2586:             5            120  java.net.InterfaceAddress (java.base@21.0.3)
2587:             5            120  java.time.ZoneRegion (java.base@21.0.3)
2588:             5            120  java.time.chrono.JapaneseEra (java.base@21.0.3)
2589:             5            120  java.time.format.SignStyle (java.base@21.0.3)
2590:             5            120  java.util.Locale$FilteringMode (java.base@21.0.3)
2591:             5            120  java.util.concurrent.Executors$AutoShutdownDelegatedExecutorService (java.base@21.0.3)
2592:             1            120  java.util.logging.LogManager$Cleaner (java.logging@21.0.3)
2593:             5            120  java.util.stream.StreamOpFlag$Type (java.base@21.0.3)
2594:             5            120  jdk.internal.math.FloatingDecimal$PreparedASCIIToBinaryBuffer (java.base@21.0.3)
2595:             1            120  jdk.internal.misc.InnocuousThread (java.base@21.0.3)
2596:             5            120  kotlinx.coroutines.scheduling.CoroutineScheduler$WorkerState
2597:             5            120  org.apache.logging.log4j.core.appender.rolling.CompositeTriggeringPolicy
2598:             3            120  org.apache.logging.log4j.core.config.ConfigurationSource
2599:             5            120  org.apache.logging.log4j.core.lookup.PropertiesLookup
2600:             5            120  org.apache.logging.log4j.core.pattern.LoggerPatternConverter
2601:             5            120  org.apache.logging.log4j.core.pattern.PatternParser$ParserState
2602:             3            120  org.apache.logging.log4j.core.util.WatchManager
2603:             3            120  org.apache.logging.log4j.core.util.datetime.FixedDateFormat$FixedTimeZoneFormat
2604:             3            120  org.apache.lucene.codecs.lucene90.Lucene90DocValuesProducer$20
2605:             5            120  org.apache.lucene.index.IndexOptions
2606:             5            120  org.apache.lucene.store.ByteArrayDataInput
2607:             5            120  org.bouncycastle.jcajce.provider.asymmetric.ec.KeyFactorySpi$ECMQV
2608:             5            120  org.greenrobot.eventbus.ThreadMode
2609:             3            120  org.opensearch.action.admin.indices.stats.CommonStatsFlags
2610:             3            120  org.opensearch.action.support.tasks.TransportTasksAction$1
2611:             1            120  org.opensearch.ad.ratelimit.ADCheckpointMaintainWorker
2612:             1            120  org.opensearch.ad.ratelimit.ADColdEntityWorker
2613:             1            120  org.opensearch.ad.transport.GetAnomalyDetectorTransportAction
2614:             1            120  org.opensearch.bootstrap.Bootstrap$2
2615:             1            120  org.opensearch.bootstrap.Bootstrap$4
2616:             5            120  org.opensearch.cluster.block.ClusterBlockLevel
2617:             5            120  org.opensearch.cluster.block.ClusterBlocks$ImmutableLevelHolder
2618:             5            120  org.opensearch.cluster.routing.allocation.Constraint
2619:             1            120  org.opensearch.common.PidFile$1
2620:             3            120  org.opensearch.common.breaker.ChildMemoryCircuitBreaker
2621:             5            120  org.opensearch.common.cache.ICacheKey
2622:             5            120  org.opensearch.common.unit.Fuzziness
2623:             3            120  org.opensearch.flowframework.indices.FlowFrameworkIndex
2624:             1            120  org.opensearch.forecast.ratelimit.ForecastCheckpointMaintainWorker
2625:             1            120  org.opensearch.forecast.ratelimit.ForecastColdEntityWorker
2626:             1            120  org.opensearch.forecast.transport.GetForecasterTransportAction
2627:             5            120  org.opensearch.index.engine.Engine$Operation$Origin
2628:             5            120  org.opensearch.index.mapper.MetadataFieldMapper$ConfigurableTypeParser
2629:             1            120  org.opensearch.indexmanagement.indexstatemanagement.ManagedIndexCoordinator
2630:             5            120  org.opensearch.knn.index.codec.KNNFormatFacade
2631:             5            120  org.opensearch.ml.stats.suppliers.IndexStatusSupplier
2632:             3            120  org.opensearch.monitor.jvm.JvmGcMonitorService$GcThreshold
2633:             1            120  org.opensearch.node.NodeService
2634:             5            120  org.opensearch.performanceanalyzer.config.setting.PerformanceAnalyzerClusterSettings$PerformanceAnalyzerFeatureBits
2635:             1            120  org.opensearch.search.aggregations.bucket.histogram.DateHistogramAggregator
2636:             5            120  org.opensearch.search.aggregations.bucket.histogram.DateIntervalWrapper$IntervalTypeEnum
2637:             5            120  org.opensearch.search.aggregations.support.FieldContext
2638:             5            120  org.opensearch.security.dlic.rest.api.RequestHandler$RequestHandlersBuilder$$Lambda/0x00007fcd28fe8000
2639:             3            120  org.opensearch.sql.spark.dispatcher.QueryHandlerFactory
2640:             5            120  org.opensearch.sql.spark.flint.OpenSearchFlintIndexStateModelService
2641:             5            120  org.opensearch.tasks.TaskManager$$Lambda/0x00007fcd292e3168
2642:             5            120  org.opensearch.tasks.TaskManager$ChannelPendingTaskTracker
2643:             5            120  org.opensearch.transport.TransportRequestOptions$Type
2644:             3            120  sun.security.provider.DSAPublicKeyImpl (java.base@21.0.3)
2645:             3            120  sun.security.ssl.CipherSuite$HashAlg (java.base@21.0.3)
2646:             3            120  sun.security.ssl.SignatureScheme$SigAlgParamSpec (java.base@21.0.3)
2647:             3            120  sun.security.ssl.X509TrustManagerImpl (java.base@21.0.3)
2648:             3            120  sun.util.locale.provider.LocaleResources (java.base@21.0.3)
2649:             7            112  [Ljava.lang.annotation.Annotation; (java.base@21.0.3)
2650:             1            112  [Ljava.lang.reflect.AccessFlag; (java.base@21.0.3)
2651:             2            112  [Ljava.nio.file.attribute.PosixFilePermission; (java.base@21.0.3)
2652:             2            112  [Ljava.security.CryptoPrimitive; (java.base@21.0.3)
2653:             1            112  [Ljava.time.LocalTime; (java.base@21.0.3)
2654:             7            112  [Lorg.apache.logging.log4j.core.config.Property;
2655:             5            112  [Lorg.apache.logging.log4j.core.pattern.NameAbbreviator$PatternAbbreviatorFragment;
2656:             2            112  [Lorg.apache.lucene.search.SortField$Type;
2657:             2            112  [Lorg.opensearch.cluster.ClusterState$Metric;
2658:             2            112  [Lorg.opensearch.core.xcontent.XContentParser$Token;
2659:             1            112  [Lorg.opensearch.performanceanalyzer.commons.metrics.AllMetrics$ShardStatsValue;
2660:             5            112  [Lorg.opensearch.search.aggregations.Aggregator;
2661:             2            112  [Lorg.opensearch.search.asynchronous.context.state.AsynchronousSearchState;
2662:             2            112  [Lorg.opensearch.security.securityconf.impl.CType;
2663:             1            112  [Lorg.opensearch.security.support.ModuleType;
2664:             2            112  [Lorg.opensearch.timeseries.model.ProfileName;
2665:             1            112  [Lorg.yaml.snakeyaml.tokens.Token$ID;
2666:             3            112  [Lsun.invoke.util.ValueConversions$WrapperCache; (java.base@21.0.3)
2667:             2            112  com.google.common.collect.HashBiMap
2668:             1            112  java.lang.invoke.BoundMethodHandle$Species_LLLLLLLLLLLLLLLLLLL (java.base@21.0.3)
2669:             2            112  java.nio.DirectIntBufferRU (java.base@21.0.3)
2670:             2            112  java.security.cert.PKIXBuilderParameters (java.base@21.0.3)
2671:             2            112  java.util.stream.ReferencePipeline$2 (java.base@21.0.3)
2672:             7            112  jdk.proxy4.$Proxy24 (jdk.proxy4)
2673:             7            112  kotlinx.coroutines.internal.Symbol
2674:             7            112  kotlinx.coroutines.internal.Symbol
2675:             7            112  kotlinx.coroutines.internal.Symbol
2676:             7            112  org.apache.logging.log4j.core.impl.ThreadContextDataInjector$ForCopyOnWriteThreadContextMap
2677:             2            112  org.apache.lucene.analysis.miscellaneous.StemmerOverrideFilter
2678:             1            112  org.opensearch.action.bulk.TransportShardBulkAction
2679:             1            112  org.opensearch.ad.ml.ADColdStart
2680:             1            112  org.opensearch.ad.transport.ADResultProcessor
2681:             7            112  org.opensearch.cluster.ClusterName
2682:             7            112  org.opensearch.cluster.coordination.CoordinationMetadata$VotingConfiguration
2683:             2            112  org.opensearch.cluster.routing.allocation.DiskThresholdSettings
2684:             7            112  org.opensearch.common.settings.Setting$$Lambda/0x00007fcd2854d468
2685:             2            112  org.opensearch.common.util.BigByteArray
2686:             2            112  org.opensearch.common.util.BigDoubleArray
2687:             1            112  org.opensearch.forecast.ml.ForecastColdStart
2688:             1            112  org.opensearch.forecast.transport.ForecastRunOnceTransportAction
2689:             7            112  org.opensearch.index.analysis.PreBuiltAnalyzerProviderFactory$$Lambda/0x00007fcd286c7038
2690:             7            112  org.opensearch.index.mapper.MetadataFieldMapper$FixedTypeParser
2691:             1            112  org.opensearch.index.query.QueryShardContext
2692:             1            112  org.opensearch.index.query.QueryStringQueryBuilder
2693:             7            112  org.opensearch.ml.stats.suppliers.CounterSupplier
2694:             1            112  org.opensearch.performanceanalyzer.collectors.telemetry.RTFNodeStatsAllShardsMetricsCollector
2695:             1            112  org.opensearch.replication.action.replay.TransportReplayChangesAction
2696:             7            112  org.opensearch.search.aggregations.BucketCollectorProcessor
2697:             1            112  org.opensearch.search.internal.ShardSearchRequest
2698:             7            112  org.opensearch.security.dlic.rest.api.AbstractApiAction$$Lambda/0x00007fcd28fe5688
2699:             7            112  org.opensearch.sql.spark.execution.session.OpenSearchSessionConfigSupplier
2700:             7            112  org.opensearch.sql.spark.execution.xcontent.SessionModelXContentSerializer
2701:             7            112  org.opensearch.sql.spark.execution.xcontent.StatementModelXContentSerializer
2702:             2            112  org.tartarus.snowball.ext.FinnishStemmer
2703:             2            112  org.tartarus.snowball.ext.RomanianStemmer
2704:             2            112  sun.security.ec.ed.EdDSAParameters (jdk.crypto.ec@21.0.3)
2705:             1            104  [Ljava.lang.reflect.ClassFileFormatVersion; (java.base@21.0.3)
2706:             1            104  [Lorg.apache.logging.log4j.core.util.datetime.FixedDateFormat$FixedFormat;
2707:             1            104  [Lorg.opensearch.sql.common.setting.Settings$Key;
2708:             1            104  [Lsun.security.ssl.SSLHandshake; (java.base@21.0.3)
2709:             1            104  [Lsun.security.ssl.SignatureScheme; (java.base@21.0.3)
2710:             2            104  [Lsun.util.logging.PlatformLogger$Level; (java.base@21.0.3)
2711:             1            104  com.sun.crypto.provider.SunJCE (java.base@21.0.3)
2712:             1            104  com.sun.security.sasl.Provider (java.security.sasl@21.0.3)
2713:             1            104  com.sun.security.sasl.gsskerb.JdkSASL (jdk.security.jgss@21.0.3)
2714:             1            104  java.lang.invoke.BoundMethodHandle$Species_LLLLLLLLLLLLLLLLLL (java.base@21.0.3)
2715:             1            104  jdk.internal.loader.ClassLoaders$AppClassLoader (java.base@21.0.3)
2716:             1            104  jdk.internal.loader.ClassLoaders$BootClassLoader (java.base@21.0.3)
2717:             1            104  jdk.internal.loader.ClassLoaders$PlatformClassLoader (java.base@21.0.3)
2718:             1            104  org.jcp.xml.dsig.internal.dom.XMLDSigRI (java.xml.crypto@21.0.3)
2719:             1            104  org.opensearch.ad.indices.ADIndexManagement
2720:             1            104  org.opensearch.ad.task.ADBatchTaskRunner
2721:             1            104  org.opensearch.forecast.indices.ForecastIndexManagement
2722:             1            104  org.opensearch.index.merge.MergeStats
2723:             1            104  org.opensearch.ml.action.register.TransportRegisterModelAction
2724:             1            104  org.opensearch.securityanalytics.transport.TransportIndexDetectorAction
2725:             1            104  org.opensearch.transport.TransportService
2726:             1            104  sun.security.ec.SunEC (jdk.crypto.ec@21.0.3)
2727:             1            104  sun.security.jca.ProviderList$1 (java.base@21.0.3)
2728:             1            104  sun.security.jgss.SunProvider (java.security.jgss@21.0.3)
2729:             1            104  sun.security.provider.certpath.ldap.JdkLDAP (java.naming@21.0.3)
2730:             1            104  sun.security.rsa.SunRsaSign (java.base@21.0.3)
2731:             1            104  sun.security.smartcardio.SunPCSC (java.smartcardio@21.0.3)
2732:             1            104  sun.security.ssl.SunJSSE (java.base@21.0.3)
2733:             2             96  [Lcom.fasterxml.jackson.annotation.JsonInclude$Include;
2734:             1             96  [Lcom.fasterxml.jackson.core.JsonParser$Feature;
2735:             2             96  [Lcom.google.common.cache.LocalCache$EntryFactory;
2736:             2             96  [Lcom.google.common.cache.LocalCache$EntryFactory;
2737:             2             96  [Lcom.google.common.cache.LocalCache$EntryFactory;
2738:             2             96  [Lcom.google.common.cache.LocalCache$EntryFactory;
2739:             2             96  [Ljava.lang.System$Logger$Level; (java.base@21.0.3)
2740:             2             96  [Ljava.time.DayOfWeek; (java.base@21.0.3)
2741:             2             96  [Ljava.util.concurrent.TimeUnit; (java.base@21.0.3)
2742:             4             96  [Lorg.apache.logging.log4j.Marker;
2743:             3             96  [Lorg.apache.logging.log4j.core.util.datetime.FastDatePrinter$Rule;
2744:             2             96  [Lorg.apache.logging.log4j.spi.StandardLevel;
2745:             2             96  [Lorg.opensearch.search.aggregations.support.CoreValuesSourceType;
2746:             4             96  [Lorg.opensearch.sql.spark.leasemanager.DefaultLeaseManager$Rule;
2747:             4             96  [Lsun.security.ssl.EphemeralKeyManager$EphemeralKeyPair; (java.base@21.0.3)
2748:             1             96  [Lsun.util.locale.BaseLocale; (java.base@21.0.3)
2749:             1             96  [[Ljava.lang.Byte; (java.base@21.0.3)
2750:             4             96  [[Lorg.opensearch.search.aggregations.InternalAggregation;
2751:             4             96  com.fasterxml.jackson.annotation.JsonCreator$Mode
2752:             4             96  com.fasterxml.jackson.annotation.JsonProperty$Access
2753:             1             96  com.fasterxml.jackson.databind.DeserializationConfig
2754:             4             96  com.fasterxml.jackson.databind.cfg.CoercionAction
2755:             4             96  com.fasterxml.jackson.databind.cfg.CoercionAction
2756:             4             96  com.fasterxml.jackson.databind.cfg.CoercionAction
2757:             4             96  com.fasterxml.jackson.databind.cfg.ConstructorDetector
2758:             4             96  com.fasterxml.jackson.databind.cfg.ConstructorDetector$SingleArgConstructor
2759:             4             96  com.fasterxml.jackson.databind.cfg.MutableCoercionConfig
2760:             4             96  com.fasterxml.jackson.databind.deser.DeserializerCache
2761:             4             96  com.fasterxml.jackson.databind.introspect.AnnotationCollector$OneAnnotation
2762:             4             96  com.fasterxml.jackson.databind.introspect.SimpleMixInResolver
2763:             3             96  com.fasterxml.jackson.databind.introspect.VisibilityChecker$Std
2764:             4             96  com.fasterxml.jackson.databind.ser.SerializerCache
2765:             3             96  com.fasterxml.jackson.databind.ser.std.EnumSerializer
2766:             6             96  com.fasterxml.jackson.databind.ser.std.ToStringSerializer
2767:             6             96  com.fasterxml.jackson.databind.ser.std.ToStringSerializer
2768:             6             96  com.fasterxml.jackson.databind.ser.std.ToStringSerializer
2769:             4             96  com.google.common.cache.LocalCache$AccessQueue$1
2770:             6             96  com.google.common.cache.LocalCache$LocalManualCache
2771:             4             96  com.google.common.collect.AbstractIterator$State
2772:             4             96  com.google.common.collect.AbstractIterator$State
2773:             3             96  com.google.common.collect.RegularImmutableSet
2774:             3             96  com.google.common.collect.RegularImmutableSet
2775:             2             96  com.google.common.collect.SingletonImmutableBiMap
2776:             6             96  com.google.common.collect.SingletonImmutableList
2777:             4             96  com.password4j.types.Bcrypt
2778:             3             96  com.sun.jna.NativeLong
2779:             3             96  io.netty.buffer.EmptyByteBuf
2780:             3             96  io.netty.channel.nio.NioEventLoopGroup
2781:             4             96  io.netty.handler.ssl.ApplicationProtocolConfig$Protocol
2782:             2             96  io.netty.handler.ssl.JdkSslServerContext
2783:             4             96  io.netty.util.ResourceLeakDetector$Level
2784:             6             96  java.io.ObjectInputStream$ValidationList (java.base@21.0.3)
2785:             4             96  java.io.ObjectStreamClass$ExceptionInfo (java.base@21.0.3)
2786:             3             96  java.io.SerializablePermission (java.base@21.0.3)
2787:             3             96  java.lang.Runtime$Version (java.base@21.0.3)
2788:             2             96  java.lang.invoke.MethodHandleImpl$WrappedMember (java.base@21.0.3)
2789:             2             96  java.lang.invoke.VarHandleReferences$FieldStaticReadWrite (java.base@21.0.3)
2790:             4             96  java.lang.module.ModuleDescriptor$Opens (java.base@21.0.3)
2791:             4             96  java.math.MathContext (java.base@21.0.3)
2792:             2             96  java.net.NetworkInterface (java.base@21.0.3)
2793:             4             96  java.nio.file.FileVisitResult (java.base@21.0.3)
2794:             4             96  java.text.Normalizer$Form (java.base@21.0.3)
2795:             3             96  java.text.StringCharacterIterator (java.base@21.0.3)
2796:             4             96  java.time.ZonedDateTime (java.base@21.0.3)
2797:             2             96  java.time.format.DateTimeFormatterBuilder$FractionPrinterParser (java.base@21.0.3)
2798:             4             96  java.time.format.DateTimeFormatterBuilder$SettingsParser (java.base@21.0.3)
2799:             4             96  java.time.format.FormatStyle (java.base@21.0.3)
2800:             2             96  java.time.zone.ZoneOffsetTransitionRule (java.base@21.0.3)
2801:             2             96  java.util.Locale$Category (java.base@21.0.3)
2802:             6             96  java.util.Optional (java.base@21.0.3)
2803:             3             96  java.util.UUID (java.base@21.0.3)
2804:             3             96  java.util.concurrent.ScheduledThreadPoolExecutor$DelayedWorkQueue (java.base@21.0.3)
2805:             4             96  java.util.regex.Pattern$Qtype (java.base@21.0.3)
2806:             6             96  java.util.stream.Collectors$$Lambda/0x00007fcd282feca0 (java.base@21.0.3)
2807:             3             96  java.util.stream.MatchOps$MatchKind (java.base@21.0.3)
2808:             4             96  java.util.stream.StreamShape (java.base@21.0.3)
2809:             4             96  javax.management.MBeanTrustPermission (java.management@21.0.3)
2810:             2             96  javax.management.openmbean.TabularType (java.management@21.0.3)
2811:             4             96  javax.net.ssl.SSLContext (java.base@21.0.3)
2812:             4             96  javax.net.ssl.SSLEngineResult$Status (java.base@21.0.3)
2813:             2             96  jdk.internal.foreign.layout.ValueLayouts$OfAddressImpl (java.base@21.0.3)
2814:             2             96  jdk.internal.foreign.layout.ValueLayouts$OfCharImpl (java.base@21.0.3)
2815:             2             96  jdk.internal.foreign.layout.ValueLayouts$OfDoubleImpl (java.base@21.0.3)
2816:             1             96  jdk.internal.jimage.ImageReader$SharedImageReader (java.base@21.0.3)
2817:             6             96  jdk.internal.loader.ClassLoaderValue (java.base@21.0.3)
2818:             3             96  jdk.internal.reflect.MethodHandleShortFieldAccessorImpl (java.base@21.0.3)
2819:             3             96  jdk.internal.util.ClassFileDumper (java.base@21.0.3)
2820:             4             96  jdk.internal.util.OperatingSystem (java.base@21.0.3)
2821:             4             96  jdk.jfr.internal.SecuritySupport$SafePath (jdk.jfr@21.0.3)
2822:             6             96  jdk.proxy2.$Proxy11 (jdk.proxy2)
2823:             6             96  jdk.proxy2.$Proxy30 (jdk.proxy2)
2824:             6             96  jdk.proxy4.$Proxy22 (jdk.proxy4)
2825:             6             96  jdk.proxy5.$Proxy35 (jdk.proxy5)
2826:             4             96  kotlin.SynchronizedLazyImpl
2827:             4             96  kotlinx.coroutines.CoroutineStart
2828:             4             96  kotlinx.coroutines.SupervisorJobImpl
2829:             4             96  org.apache.commons.lang3.tuple.ImmutablePair
2830:             3             96  org.apache.logging.log4j.core.config.ConfigurationScheduler
2831:             6             96  org.apache.logging.log4j.core.layout.PatternLayout$PatternFormatterPatternSerializer
2832:             6             96  org.apache.logging.log4j.core.lookup.JmxRuntimeInputArgumentsLookup
2833:             6             96  org.apache.logging.log4j.core.lookup.MapLookup
2834:             3             96  org.apache.logging.log4j.core.pattern.DatePatternConverter$PatternFormatter
2835:             4             96  org.apache.logging.log4j.core.pattern.NameAbbreviator$PatternAbbreviatorFragment
2836:             3             96  org.apache.lucene.analysis.ar.ArabicAnalyzer
2837:             2             96  org.apache.lucene.analysis.ar.ArabicStemFilter
2838:             3             96  org.apache.lucene.analysis.bg.BulgarianAnalyzer
2839:             2             96  org.apache.lucene.analysis.bg.BulgarianStemFilter
2840:             3             96  org.apache.lucene.analysis.bn.BengaliAnalyzer
2841:             2             96  org.apache.lucene.analysis.bn.BengaliNormalizationFilter
2842:             2             96  org.apache.lucene.analysis.bn.BengaliStemFilter
2843:             3             96  org.apache.lucene.analysis.br.BrazilianAnalyzer
2844:             2             96  org.apache.lucene.analysis.br.BrazilianStemFilter
2845:             3             96  org.apache.lucene.analysis.ca.CatalanAnalyzer
2846:             3             96  org.apache.lucene.analysis.ckb.SoraniAnalyzer
2847:             2             96  org.apache.lucene.analysis.ckb.SoraniStemFilter
2848:             3             96  org.apache.lucene.analysis.cz.CzechAnalyzer
2849:             2             96  org.apache.lucene.analysis.cz.CzechStemFilter
2850:             3             96  org.apache.lucene.analysis.da.DanishAnalyzer
2851:             3             96  org.apache.lucene.analysis.de.GermanAnalyzer
2852:             2             96  org.apache.lucene.analysis.de.GermanLightStemFilter
2853:             2             96  org.apache.lucene.analysis.el.GreekStemFilter
2854:             3             96  org.apache.lucene.analysis.en.EnglishAnalyzer
2855:             2             96  org.apache.lucene.analysis.en.PorterStemFilter
2856:             3             96  org.apache.lucene.analysis.es.SpanishAnalyzer
2857:             2             96  org.apache.lucene.analysis.es.SpanishLightStemFilter
2858:             3             96  org.apache.lucene.analysis.et.EstonianAnalyzer
2859:             3             96  org.apache.lucene.analysis.eu.BasqueAnalyzer
2860:             3             96  org.apache.lucene.analysis.fi.FinnishAnalyzer
2861:             3             96  org.apache.lucene.analysis.fr.FrenchAnalyzer
2862:             2             96  org.apache.lucene.analysis.fr.FrenchLightStemFilter
2863:             3             96  org.apache.lucene.analysis.ga.IrishAnalyzer
2864:             3             96  org.apache.lucene.analysis.gl.GalicianAnalyzer
2865:             2             96  org.apache.lucene.analysis.gl.GalicianStemFilter
2866:             3             96  org.apache.lucene.analysis.hi.HindiAnalyzer
2867:             2             96  org.apache.lucene.analysis.hi.HindiNormalizationFilter
2868:             2             96  org.apache.lucene.analysis.hi.HindiStemFilter
2869:             3             96  org.apache.lucene.analysis.hu.HungarianAnalyzer
2870:             3             96  org.apache.lucene.analysis.hy.ArmenianAnalyzer
2871:             3             96  org.apache.lucene.analysis.id.IndonesianAnalyzer
2872:             2             96  org.apache.lucene.analysis.id.IndonesianStemFilter
2873:             3             96  org.apache.lucene.analysis.it.ItalianAnalyzer
2874:             2             96  org.apache.lucene.analysis.it.ItalianLightStemFilter
2875:             3             96  org.apache.lucene.analysis.lt.LithuanianAnalyzer
2876:             3             96  org.apache.lucene.analysis.lv.LatvianAnalyzer
2877:             2             96  org.apache.lucene.analysis.lv.LatvianStemFilter
2878:             2             96  org.apache.lucene.analysis.miscellaneous.SetKeywordMarkerFilter
2879:             3             96  org.apache.lucene.analysis.nl.DutchAnalyzer
2880:             3             96  org.apache.lucene.analysis.no.NorwegianAnalyzer
2881:             3             96  org.apache.lucene.analysis.pt.PortugueseAnalyzer
2882:             2             96  org.apache.lucene.analysis.pt.PortugueseLightStemFilter
2883:             3             96  org.apache.lucene.analysis.ro.RomanianAnalyzer
2884:             3             96  org.apache.lucene.analysis.ru.RussianAnalyzer
2885:             4             96  org.apache.lucene.analysis.standard.StandardAnalyzer$$Lambda/0x00007fcd2925b7e8
2886:             3             96  org.apache.lucene.analysis.sv.SwedishAnalyzer
2887:             3             96  org.apache.lucene.analysis.tr.TurkishAnalyzer
2888:             6             96  org.apache.lucene.backward_codecs.lucene50.Lucene50LiveDocsFormat
2889:             6             96  org.apache.lucene.backward_codecs.lucene60.Lucene60FieldInfosFormat
2890:             3             96  org.apache.lucene.search.BooleanWeight
2891:             4             96  org.apache.lucene.store.IOContext$Context
2892:             4             96  org.apache.lucene.util.automaton.CompiledAutomaton$AUTOMATON_TYPE
2893:             4             96  org.bouncycastle.crypto.CryptoServicesPermission
2894:             4             96  org.bouncycastle.crypto.params.DHValidationParameters
2895:             4             96  org.bouncycastle.crypto.params.DSAValidationParameters
2896:             3             96  org.joda.time.format.DateTimeFormatterBuilder$TimeZoneOffset
2897:             4             96  org.joni.ast.CClassNode$CCSTATE
2898:             4             96  org.locationtech.spatial4j.context.jts.ValidationRule
2899:             2             96  org.locationtech.spatial4j.shape.impl.RectangleImpl
2900:             1             96  org.opensearch.action.resync.TransportResyncReplicationAction
2901:             1             96  org.opensearch.action.search.TransportSearchAction
2902:             3             96  org.opensearch.action.support.WriteRequest$RefreshPolicy
2903:             6             96  org.opensearch.action.support.replication.TransportReplicationAction$$Lambda/0x00007fcd2937ab88
2904:             6             96  org.opensearch.action.support.replication.TransportReplicationAction$ReplicaResult
2905:             1             96  org.opensearch.ad.caching.ADPriorityCache
2906:             1             96  org.opensearch.alerting.core.JobSweeper
2907:             3             96  org.opensearch.analysis.common.SnowballAnalyzer
2908:             6             96  org.opensearch.client.support.AbstractClient$ClusterAdmin
2909:             6             96  org.opensearch.client.support.AbstractClient$IndicesAdmin
2910:             6             96  org.opensearch.cluster.ClusterStateObserver$ObserverClusterStateListener
2911:             3             96  org.opensearch.cluster.coordination.CoordinationMetadata
2912:             3             96  org.opensearch.cluster.metadata.IndexAbstraction$Type
2913:             2             96  org.opensearch.cluster.metadata.RepositoryMetadata
2914:             3             96  org.opensearch.cluster.routing.WeightedRoutingService
2915:             4             96  org.opensearch.cluster.routing.allocation.decider.EnableAllocationDecider$Allocation
2916:             4             96  org.opensearch.cluster.routing.allocation.decider.EnableAllocationDecider$Rebalance
2917:             3             96  org.opensearch.common.breaker.ChildMemoryCircuitBreaker$LimitAndOverhead
2918:             3             96  org.opensearch.common.inject.internal.Errors
2919:             4             96  org.opensearch.common.lifecycle.Lifecycle$State
2920:             4             96  org.opensearch.common.path.PathTrie$TrieMatchingMode
2921:             4             96  org.opensearch.common.recycler.Recyclers$$Lambda/0x00007fcd28885010
2922:             4             96  org.opensearch.common.recycler.Recyclers$2
2923:             2             96  org.opensearch.common.settings.SecureSetting$InsecureStringSetting
2924:             3             96  org.opensearch.common.settings.Setting$AffixSetting$3
2925:             6             96  org.opensearch.common.util.concurrent.ConcurrentHashMapLong
2926:             3             96  org.opensearch.common.util.concurrent.ResizableBlockingQueue
2927:             1             96  org.opensearch.forecast.caching.ForecastPriorityCache
2928:             4             96  org.opensearch.forecast.model.ForecastTaskType
2929:             1             96  org.opensearch.forecast.task.ForecastTaskManager
2930:             1             96  org.opensearch.forecast.transport.ForecastResultTransportAction
2931:             3             96  org.opensearch.forecast.transport.SuggestName
2932:             3             96  org.opensearch.index.IndexSettings$IndexMergePolicy
2933:             6             96  org.opensearch.index.analysis.PreConfiguredTokenFilter$$Lambda/0x00007fcd2869e638
2934:             3             96  org.opensearch.index.codec.customcodecs.backward_codecs.Lucene95CustomCodec$Mode
2935:             3             96  org.opensearch.index.codec.customcodecs.backward_codecs.Lucene95CustomStoredFieldsFormat
2936:             3             96  org.opensearch.index.fielddata.plain.SortedSetOrdinalsIndexFieldData
2937:             4             96  org.opensearch.index.mapper.MapperService$MergeReason
2938:             6             96  org.opensearch.index.mapper.RangeType$$Lambda/0x00007fcd2873d5e8
2939:             3             96  org.opensearch.index.search.MatchQuery$ZeroTermsQuery
2940:             1             96  org.opensearch.index.seqno.RetentionLeaseSyncAction
2941:             4             96  org.opensearch.index.shard.IndexShard$ShardMigrationState
2942:             1             96  org.opensearch.index.shard.IndexingStats$Stats
2943:             1             96  org.opensearch.indices.IndicesQueryCache$OpenSearchLRUQueryCache
2944:             4             96  org.opensearch.indices.IndicesRequestCache$CleanupKey
2945:             4             96  org.opensearch.indices.IndicesService$ShardDeletionCheckResult
2946:             1             96  org.opensearch.indices.cluster.IndicesClusterStateService
2947:             3             96  org.opensearch.ingest.geoip.DatabaseReaderLazyLoader
2948:             1             96  org.opensearch.jobscheduler.sweeper.JobSweeper
2949:             4             96  org.opensearch.knn.index.KNNMethod
2950:             3             96  org.opensearch.knn.index.util.KNNEngine
2951:             6             96  org.opensearch.knn.plugin.stats.suppliers.KNNInnerCacheStatsSupplier
2952:             6             96  org.opensearch.knn.plugin.stats.suppliers.NativeMemoryCacheManagerSupplier
2953:             1             96  org.opensearch.ml.action.deploy.TransportDeployModelOnNodeAction
2954:             1             96  org.opensearch.ml.action.syncup.TransportSyncUpOnNodeAction
2955:             2             96  org.opensearch.monitor.os.OsInfo
2956:             3             96  org.opensearch.node.remotestore.RemoteStoreNodeService$Direction
2957:             4             96  org.opensearch.observability.settings.PluginSettings$FilterBy
2958:             3             96  org.opensearch.painless.CompilerSettings$RegexEnabled
2959:             4             96  org.opensearch.performanceanalyzer.commons.metrics.MetricsConfiguration$MetricConfig
2960:             3             96  org.opensearch.performanceanalyzer.commons.stats.metrics.StatsType
2961:             3             96  org.opensearch.performanceanalyzer.commons.util.Util$CollectorMode
2962:             4             96  org.opensearch.plugins.SearchPlugin$SortSpec
2963:             3             96  org.opensearch.ratelimitting.admissioncontrol.enums.AdmissionControlActionType
2964:             3             96  org.opensearch.ratelimitting.admissioncontrol.enums.AdmissionControlMode
2965:             4             96  org.opensearch.reportsscheduler.util.HelpersKt$logger$1
2966:             2             96  org.opensearch.repositories.s3.async.AsyncTransferManager
2967:             6             96  org.opensearch.search.SearchModule$$Lambda/0x00007fcd2875cf50
2968:             6             96  org.opensearch.search.SearchModule$$Lambda/0x00007fcd2879bd90
2969:             6             96  org.opensearch.search.aggregations.AggregatorFactories
2970:             1             96  org.opensearch.search.asynchronous.service.AsynchronousSearchService
2971:             6             96  org.opensearch.search.asynchronous.service.AsynchronousSearchService$$Lambda/0x00007fcd28af0ab8
2972:             3             96  org.opensearch.search.backpressure.settings.SearchBackpressureMode
2973:             1             96  org.opensearch.search.query.QuerySearchResult
2974:             1             96  org.opensearch.security.configuration.DlsFlsFilterLeafReader$DlsFlsDirectoryReader
2975:             6             96  org.opensearch.security.dlic.rest.api.AbstractApiAction$1
2976:             1             96  org.opensearch.security.ssl.DefaultSecurityKeyStore
2977:             3             96  org.opensearch.security.support.Base64CustomHelper$CustomSerializationFormat
2978:             2             96  org.opensearch.securityanalytics.correlation.index.codec.CorrelationCodecVersion
2979:             1             96  org.opensearch.securityanalytics.transport.TransportCorrelateFindingAction
2980:             3             96  org.opensearch.securityanalytics.util.ThrowableCheckingPredicates
2981:             1             96  org.opensearch.snapshots.SnapshotsService
2982:             6             96  org.opensearch.sql.analysis.ExpressionAnalyzer
2983:             6             96  org.opensearch.sql.analysis.NamedExpressionAnalyzer
2984:             6             96  org.opensearch.sql.executor.execution.QueryPlanFactory
2985:             6             96  org.opensearch.sql.planner.Planner
2986:             6             96  org.opensearch.sql.planner.optimizer.LogicalPlanOptimizer
2987:             6             96  org.opensearch.sql.planner.optimizer.PushDownPageSize
2988:             6             96  org.opensearch.sql.spark.execution.session.DatasourceEmbeddedSessionIdProvider
2989:             4             96  org.opensearch.sql.spark.flint.OpenSearchIndexDMLResultStorageService
2990:             4             96  org.opensearch.sql.spark.leasemanager.DefaultLeaseManager
2991:             4             96  org.opensearch.sql.spark.leasemanager.DefaultLeaseManager$ConcurrentRefreshJobRule
2992:             4             96  org.opensearch.sql.spark.leasemanager.DefaultLeaseManager$ConcurrentSessionRule
2993:             3             96  org.opensearch.threadpool.AutoQueueAdjustingExecutorBuilder$$Lambda/0x00007fcd28535f90
2994:             1             96  org.opensearch.timeseries.TimeSeriesAnalyticsPlugin
2995:             6             96  org.opensearch.timeseries.ratelimit.BatchWorker$$Lambda/0x00007fcd28a11858
2996:             6             96  org.opensearch.timeseries.stats.suppliers.SettableSupplier
2997:             1             96  org.opensearch.timeseries.transport.CronTransportAction
2998:             2             96  org.opensearch.transport.nativeprotocol.NativeOutboundHandler
2999:             3             96  org.opensearch.watcher.ResourceWatcherService$Frequency
3000:             2             96  org.tartarus.snowball.ext.ArmenianStemmer
3001:             2             96  org.tartarus.snowball.ext.BasqueStemmer
3002:             2             96  org.tartarus.snowball.ext.CatalanStemmer
3003:             2             96  org.tartarus.snowball.ext.DanishStemmer
3004:             2             96  org.tartarus.snowball.ext.DutchStemmer
3005:             2             96  org.tartarus.snowball.ext.EnglishStemmer
3006:             2             96  org.tartarus.snowball.ext.EstonianStemmer
3007:             2             96  org.tartarus.snowball.ext.IrishStemmer
3008:             2             96  org.tartarus.snowball.ext.NorwegianStemmer
3009:             2             96  org.tartarus.snowball.ext.RussianStemmer
3010:             2             96  org.tartarus.snowball.ext.SwedishStemmer
3011:             3             96  org.yaml.snakeyaml.DumperOptions$FlowStyle
3012:             4             96  org.yaml.snakeyaml.nodes.NodeId
3013:             4             96  sun.security.ssl.CipherType (java.base@21.0.3)
3014:             3             96  sun.security.ssl.ECPointFormatsExtension$ECPointFormat (java.base@21.0.3)
3015:             4             96  sun.security.ssl.EphemeralKeyManager (java.base@21.0.3)
3016:             3             96  sun.security.ssl.SSLTrafficKeyDerivation$KeySchedule (java.base@21.0.3)
3017:             3             96  sun.security.util.DisabledAlgorithmConstraints$DenyAfterConstraint (java.base@21.0.3)
3018:             4             96  sun.security.util.DisabledAlgorithmConstraints$UsageConstraint (java.base@21.0.3)
3019:             6             96  sun.security.util.math.intpoly.IntegerPolynomial$Limb (java.base@21.0.3)
3020:             2             96  sun.security.validator.PKIXValidator (java.base@21.0.3)
3021:             3             96  sun.security.x509.NetscapeCertTypeExtension (java.base@21.0.3)
3022:             3             96  sun.util.locale.UnicodeLocaleExtension (java.base@21.0.3)
3023:             2             88  [Lcom.fasterxml.jackson.databind.cfg.CoercionAction;
3024:             1             88  [Lio.protostuff.WireFormat$FieldType;
3025:             4             88  [Ljava.nio.file.Path; (java.base@21.0.3)
3026:             1             88  [Ljava.util.concurrent.ConcurrentMap; (java.base@21.0.3)
3027:             1             88  [Lorg.opensearch.security.dlic.rest.api.Endpoint;
3028:             1             88  [Lorg.opensearch.sql.data.type.ExprCoreType;
3029:             2             88  [Lsun.security.jca.ProviderConfig; (java.base@21.0.3)
3030:             1             88  [Lsun.security.ssl.CipherSuite$KeyExchange; (java.base@21.0.3)
3031:             1             88  com.fasterxml.jackson.databind.SerializationConfig
3032:             1             88  com.fasterxml.jackson.databind.deser.CreatorProperty
3033:             1             88  com.fasterxml.jackson.dataformat.smile.SmileFactory
3034:             1             88  com.google.gson.Gson
3035:             1             88  org.apache.lucene.codecs.lucene99.Lucene99PostingsFormat$IntBlockTermState
3036:             1             88  org.apache.lucene.search.LRUQueryCache
3037:             1             88  org.opensearch.ad.ml.ADCheckpointDao
3038:             1             88  org.opensearch.alerting.alerts.AlertIndices
3039:             1             88  org.opensearch.bootstrap.Bootstrap$5
3040:             1             88  org.opensearch.index.ShardIndexingPressureMemoryManager
3041:             1             88  org.opensearch.ml.action.deploy.TransportDeployModelAction
3042:             1             88  org.opensearch.performanceanalyzer.collectors.ClusterManagerServiceEventMetrics
3043:             1             88  org.opensearch.performanceanalyzer.collectors.telemetry.RTFThreadPoolMetricsCollector
3044:             1             88  org.opensearch.search.aggregations.bucket.histogram.DateHistogramAggregationBuilder
3045:             1             88  org.opensearch.search.backpressure.settings.SearchShardTaskSettings
3046:             1             88  org.opensearch.search.backpressure.settings.SearchTaskSettings
3047:             1             88  org.opensearch.security.auth.BackendRegistry
3048:             2             80  [Lcom.fasterxml.jackson.annotation.JsonAutoDetect$Visibility;
3049:             3             80  [Lio.netty.util.concurrent.EventExecutor;
3050:             1             80  [Lio.netty.util.concurrent.EventExecutor;
3051:             2             80  [Lio.netty.util.internal.PriorityQueueNode;
3052:             2             80  [Ljava.lang.OutOfMemoryError; (java.base@21.0.3)
3053:             1             80  [Ljava.time.temporal.ChronoUnit; (java.base@21.0.3)
3054:             2             80  [Ljava.util.stream.StreamOpFlag$Type; (java.base@21.0.3)
3055:             5             80  [Lorg.apache.logging.log4j.core.appender.rolling.action.Action;
3056:             1             80  [Lorg.bouncycastle.jcajce.provider.asymmetric.compositesignatures.CompositeSignaturesConstants$CompositeName;
3057:             2             80  [Lorg.greenrobot.eventbus.ThreadMode;
3058:             2             80  [Lorg.opensearch.action.search.SearchPhaseName;
3059:             2             80  [Lorg.opensearch.action.support.IndicesOptions$Option;
3060:             2             80  [Lorg.opensearch.ad.indices.ADIndex;
3061:             2             80  [Lorg.opensearch.cluster.block.ClusterBlockLevel;
3062:             2             80  [Lorg.opensearch.cluster.routing.Preference;
3063:             1             80  [Lorg.opensearch.cluster.routing.UnassignedInfo$Reason;
3064:             2             80  [Lorg.opensearch.common.Priority;
3065:             2             80  [Lorg.opensearch.forecast.indices.ForecastIndex;
3066:             2             80  [Lorg.opensearch.indices.recovery.RecoveryState$Stage;
3067:             1             80  [Lorg.opensearch.knn.plugin.stats.KNNCounter;
3068:             1             80  [Lorg.opensearch.ml.common.model.MLModelState;
3069:             2             80  [Lorg.opensearch.ml.stats.MLNodeLevelStat;
3070:             2             80  [Lorg.opensearch.search.aggregations.bucket.histogram.DateIntervalWrapper$IntervalTypeEnum;
3071:             1             80  [Lorg.opensearch.search.fetch.FetchSubPhase;
3072:             1             80  [Lorg.opensearch.sql.common.setting.LegacySettings$Key;
3073:             2             80  [Lorg.opensearch.transport.TransportRequestOptions$Type;
3074:             1             80  [Lsun.security.ssl.SSLCipher; (java.base@21.0.3)
3075:             2             80  [Lsun.util.calendar.Era; (java.base@21.0.3)
3076:             2             80  [Lsun.util.locale.provider.LocaleProviderAdapter$Type; (java.base@21.0.3)
3077:             2             80  [[Ljava.lang.invoke.MethodHandle; (java.base@21.0.3)
3078:             1             80  com.amazon.dlic.auth.http.jwt.keybyoidc.SelfRefreshingKeySet
3079:             5             80  com.fasterxml.jackson.core.util.JacksonFeatureSet
3080:             1             80  com.fasterxml.jackson.databind.MappingJsonFactory
3081:             2             80  com.fasterxml.jackson.databind.deser.std.NumberDeserializers$BooleanDeserializer
3082:             2             80  com.fasterxml.jackson.databind.deser.std.NumberDeserializers$IntegerDeserializer
3083:             5             80  com.fasterxml.jackson.databind.introspect.BasicClassIntrospector
3084:             5             80  com.fasterxml.jackson.databind.jsontype.impl.StdSubtypeResolver
3085:             5             80  com.fasterxml.jackson.databind.util.RootNameLookup
3086:             2             80  com.google.common.cache.AbstractCache$SimpleStatsCounter
3087:             1             80  com.google.common.cache.LocalCache$Segment
3088:             2             80  com.google.common.collect.Multimaps$UnmodifiableMultimap
3089:             5             80  com.google.common.collect.RegularImmutableList
3090:             5             80  com.google.common.collect.SingletonImmutableList
3091:             2             80  com.sun.jmx.mbeanserver.DefaultMXBeanMappingFactory$TabularMapping (java.management@21.0.3)
3092:             2             80  com.sun.jna.Library$Handler$FunctionInfo
3093:             2             80  io.netty.bootstrap.ServerBootstrap$ServerBootstrapAcceptor
3094:             2             80  io.netty.buffer.CompositeByteBuf$Component
3095:             2             80  io.netty.channel.nio.AbstractNioMessageChannel$NioMessageUnsafe
3096:             5             80  io.netty.util.internal.ObjectPool$RecyclerObjectPool
3097:             2             80  java.io.BufferedOutputStream (java.base@21.0.3)
3098:             2             80  java.io.FileNotFoundException (java.base@21.0.3)
3099:             2             80  java.io.PrintWriter (java.base@21.0.3)
3100:             2             80  java.lang.ModuleLayer (java.base@21.0.3)
3101:             2             80  java.lang.UnsatisfiedLinkError (java.base@21.0.3)
3102:             2             80  java.lang.invoke.BoundMethodHandle$Species_LI (java.base@21.0.3)
3103:             2             80  java.lang.invoke.VarHandleLongs$FieldInstanceReadWrite (java.base@21.0.3)
3104:             2             80  java.lang.module.Configuration (java.base@21.0.3)
3105:             2             80  java.lang.ref.NativeReferenceQueue (java.base@21.0.3)
3106:             5             80  java.nio.channels.FileChannel$MapMode (java.base@21.0.3)
3107:             2             80  java.security.AccessControlException (java.base@21.0.3)
3108:             2             80  java.security.cert.TrustAnchor (java.base@21.0.3)
3109:             2             80  java.time.temporal.WeekFields (java.base@21.0.3)
3110:             2             80  java.time.zone.ZoneRules (java.base@21.0.3)
3111:             2             80  java.util.HashMap$KeySpliterator (java.base@21.0.3)
3112:             5             80  java.util.IdentityHashMap$Values (java.base@21.0.3)
3113:             5             80  java.util.concurrent.Executors$AutoShutdownDelegatedExecutorService$$Lambda/0x00007fcd284e5660 (java.base@21.0.3)
3114:             2             80  java.util.concurrent.PriorityBlockingQueue (java.base@21.0.3)
3115:             1             80  jdk.internal.event.X509CertificateEvent (java.base@21.0.3)
3116:             1             80  jdk.internal.icu.impl.NormalizerImpl (java.base@21.0.3)
3117:             2             80  jdk.internal.math.FloatingDecimal$BinaryToASCIIBuffer (java.base@21.0.3)
3118:             2             80  jdk.internal.misc.ScopedMemoryAccess$ScopedAccessError (java.base@21.0.3)
3119:             5             80  jdk.internal.module.ServicesCatalog (java.base@21.0.3)
3120:             5             80  jdk.proxy2.$Proxy13 (jdk.proxy2)
3121:             5             80  jdk.proxy2.$Proxy15 (jdk.proxy2)
3122:             5             80  jdk.proxy2.$Proxy2 (jdk.proxy2)
3123:             5             80  jdk.proxy4.$Proxy52 (jdk.proxy4)
3124:             5             80  jdk.proxy8.$Proxy39 (jdk.proxy8)
3125:             2             80  joptsimple.RequiredArgumentOptionSpec
3126:             2             80  kotlinx.coroutines.internal.LockFreeTaskQueueCore
3127:             2             80  kotlinx.coroutines.internal.LockFreeTaskQueueCore
3128:             2             80  kotlinx.coroutines.internal.LockFreeTaskQueueCore
3129:             2             80  kotlinx.coroutines.internal.LockFreeTaskQueueCore
3130:             5             80  kotlinx.coroutines.internal.Symbol
3131:             5             80  org.apache.logging.log4j.core.config.DefaultReliabilityStrategy
3132:             5             80  org.apache.logging.log4j.core.lookup.ContextMapLookup
3133:             5             80  org.apache.logging.log4j.core.lookup.DateLookup
3134:             5             80  org.apache.logging.log4j.core.lookup.EnvironmentLookup
3135:             5             80  org.apache.logging.log4j.core.lookup.EventLookup
3136:             5             80  org.apache.logging.log4j.core.lookup.JavaLookup
3137:             5             80  org.apache.logging.log4j.core.lookup.Log4jLookup
3138:             5             80  org.apache.logging.log4j.core.lookup.LowerLookup
3139:             5             80  org.apache.logging.log4j.core.lookup.MainMapLookup
3140:             5             80  org.apache.logging.log4j.core.lookup.MarkerLookup
3141:             5             80  org.apache.logging.log4j.core.lookup.ResourceBundleLookup
3142:             5             80  org.apache.logging.log4j.core.lookup.StrMatcher$CharMatcher
3143:             5             80  org.apache.logging.log4j.core.lookup.StructuredDataLookup
3144:             5             80  org.apache.logging.log4j.core.lookup.UpperLookup
3145:             2             80  org.apache.logging.log4j.core.util.datetime.FastDateParser
3146:             5             80  org.apache.logging.log4j.core.util.datetime.FastDateParser$CopyQuotedStrategy
3147:             5             80  org.apache.logging.log4j.core.util.datetime.FastDatePrinter$CharacterLiteral
3148:             2             80  org.apache.lucene.analysis.cjk.CJKWidthFilter
3149:             2             80  org.apache.lucene.analysis.ckb.SoraniNormalizationFilter
3150:             2             80  org.apache.lucene.analysis.classic.ClassicFilter
3151:             2             80  org.apache.lucene.analysis.de.GermanNormalizationFilter
3152:             2             80  org.apache.lucene.analysis.el.GreekLowerCaseFilter
3153:             2             80  org.apache.lucene.analysis.en.PorterStemmer
3154:             2             80  org.apache.lucene.analysis.fa.PersianNormalizationFilter
3155:             2             80  org.apache.lucene.analysis.ga.IrishLowerCaseFilter
3156:             2             80  org.apache.lucene.analysis.tr.ApostropheFilter
3157:             2             80  org.apache.lucene.analysis.tr.TurkishLowerCaseFilter
3158:             5             80  org.apache.lucene.backward_codecs.lucene80.Lucene80NormsFormat
3159:             5             80  org.apache.lucene.backward_codecs.lucene84.Lucene84PostingsFormat
3160:             5             80  org.apache.lucene.backward_codecs.lucene90.Lucene90FieldInfosFormat
3161:             5             80  org.bouncycastle.pqc.jcajce.provider.cmce.CMCEKeyFactorySpi
3162:             5             80  org.bouncycastle.pqc.jcajce.provider.ntru.NTRUKeyFactorySpi
3163:             2             80  org.greenrobot.eventbus.EventBusBuilder
3164:             2             80  org.locationtech.spatial4j.io.SupportedFormats
3165:             1             80  org.opensearch.action.ActionModule
3166:             1             80  org.opensearch.action.admin.indices.close.TransportVerifyShardBeforeCloseAction
3167:             1             80  org.opensearch.action.admin.indices.flush.TransportShardFlushAction
3168:             1             80  org.opensearch.action.admin.indices.readonly.TransportVerifyShardIndexBlockAction
3169:             1             80  org.opensearch.action.admin.indices.refresh.TransportShardRefreshAction
3170:             1             80  org.opensearch.action.bulk.TransportBulkAction
3171:             1             80  org.opensearch.action.search.SearchShardTask
3172:             1             80  org.opensearch.ad.ml.ADModelManager
3173:             1             80  org.opensearch.ad.transport.ADSingleStreamResultTransportAction
3174:             1             80  org.opensearch.ad.transport.AnomalyDetectorJobTransportAction
3175:             1             80  org.opensearch.ad.transport.DeleteADModelTransportAction
3176:             1             80  org.opensearch.ad.transport.EntityADResultTransportAction
3177:             1             80  org.opensearch.alerting.transport.TransportIndexMonitorAction
3178:             1             80  org.opensearch.alerting.transport.TransportIndexWorkflowAction
3179:             2             80  org.opensearch.cluster.decommission.DecommissionService
3180:             1             80  org.opensearch.cluster.metadata.MetadataCreateIndexService
3181:             5             80  org.opensearch.common.settings.Setting$$Lambda/0x00007fcd2848de90
3182:             5             80  org.opensearch.common.settings.Setting$$Lambda/0x00007fcd2854df60
3183:             5             80  org.opensearch.common.settings.Setting$$Lambda/0x00007fcd2854e630
3184:             1             80  org.opensearch.forecast.transport.EntityForecastResultTransportAction
3185:             1             80  org.opensearch.forecast.transport.ForecastSingleStreamResultTransportAction
3186:             1             80  org.opensearch.forecast.transport.ForecasterJobTransportAction
3187:             1             80  org.opensearch.index.ShardIndexingPressure
3188:             2             80  org.opensearch.index.mapper.NestedPathFieldMapper$NestedPathFieldType
3189:             1             80  org.opensearch.index.seqno.GlobalCheckpointSyncAction
3190:             1             80  org.opensearch.index.seqno.RetentionLeaseBackgroundSyncAction
3191:             1             80  org.opensearch.indexmanagement.indexstatemanagement.migration.ISMTemplateService
3192:             5             80  org.opensearch.indices.IndicesService$IndexShardCacheEntity
3193:             1             80  org.opensearch.indices.replication.checkpoint.PublishCheckpointAction
3194:             1             80  org.opensearch.ml.action.controller.DeployControllerTransportAction
3195:             1             80  org.opensearch.ml.action.controller.UndeployControllerTransportAction
3196:             1             80  org.opensearch.ml.action.undeploy.TransportUndeployModelsAction
3197:             1             80  org.opensearch.ml.action.update_cache.UpdateModelCacheTransportAction
3198:             1             80  org.opensearch.ml.model.MLModelManager
3199:             2             80  org.opensearch.monitor.os.OsService$OsStatsCache
3200:             2             80  org.opensearch.monitor.os.OsStats
3201:             1             80  org.opensearch.performanceanalyzer.collectors.telemetry.RTFDisksCollector
3202:             1             80  org.opensearch.performanceanalyzer.collectors.telemetry.RTFHeapMetricsCollector
3203:             2             80  org.opensearch.replication.repository.RemoteClusterRestoreLeaderService
3204:             1             80  org.opensearch.repositories.s3.S3ClientSettings
3205:             5             80  org.opensearch.search.aggregations.DefaultAggregationProcessor
3206:             1             80  org.opensearch.search.aggregations.metrics.MaxAggregator
3207:             5             80  org.opensearch.search.internal.ContextIndexSearcher$MutableQueryTimeout
3208:             1             80  org.opensearch.security.configuration.ConfigurationRepository
3209:             5             80  org.opensearch.security.dlic.rest.api.AbstractApiAction$$Lambda/0x00007fcd28fe5ac8
3210:             1             80  org.opensearch.security.privileges.PrivilegesEvaluator
3211:             2             80  org.opensearch.security.securityconf.impl.v7.ConfigV7$Kibana
3212:             1             80  org.opensearch.securityanalytics.transport.TransportDeleteDetectorAction
3213:             5             80  org.opensearch.sql.spark.execution.xcontent.FlintIndexStateModelXContentSerializer
3214:             1             80  org.opensearch.threadpool.Scheduler$SafeScheduledThreadPoolExecutor
3215:             1             80  org.opensearch.timeseries.cluster.HashRing
3216:             2             80  org.opensearch.timeseries.rest.RestValidateAction
3217:             2             80  org.tartarus.snowball.ext.HungarianStemmer
3218:             2             80  org.tartarus.snowball.ext.LithuanianStemmer
3219:             2             80  org.tartarus.snowball.ext.TurkishStemmer
3220:             2             80  sun.management.MemoryManagerImpl (java.management@21.0.3)
3221:             2             80  sun.nio.ch.ServerSocketAdaptor (java.base@21.0.3)
3222:             2             80  sun.security.ec.XECParameters (jdk.crypto.ec@21.0.3)
3223:             2             80  sun.security.rsa.RSAUtil$KeyType (java.base@21.0.3)
3224:             5             80  sun.security.ssl.SSLCipher$T10BlockReadCipherGenerator (java.base@21.0.3)
3225:             5             80  sun.security.ssl.SSLCipher$T10BlockWriteCipherGenerator (java.base@21.0.3)
3226:             5             80  sun.text.SupplementaryCharacterData (java.base@21.0.3)
3227:             1             80  sun.util.locale.provider.JRELocaleProviderAdapter (java.base@21.0.3)
3228:             1             72  [Lcom.fasterxml.jackson.core.JsonGenerator$Feature;
3229:             1             72  [Lcom.fasterxml.jackson.core.JsonToken;
3230:             1             72  [Lcom.fasterxml.jackson.core.json.JsonReadFeature;
3231:             1             72  [Lcom.fasterxml.jackson.databind.type.LogicalType;
3232:             1             72  [Lcom.fasterxml.jackson.databind.type.LogicalType;
3233:             1             72  [Lcom.fasterxml.jackson.databind.type.LogicalType;
3234:             1             72  [Ljavax.management.openmbean.SimpleType; (java.management@21.0.3)
3235:             3             72  [Lorg.opensearch.tasks.Task;
3236:             1             72  com.amazon.dlic.auth.http.jwt.keybyoidc.KeySetRetriever
3237:             3             72  com.fasterxml.jackson.annotation.OptBoolean
3238:             3             72  com.fasterxml.jackson.core.Base64Variant$PaddingReadBehaviour
3239:             1             72  com.fasterxml.jackson.core.util.InternCache
3240:             1             72  com.fasterxml.jackson.databind.ObjectMapper
3241:             3             72  com.fasterxml.jackson.databind.PropertyName
3242:             3             72  com.fasterxml.jackson.databind.PropertyName
3243:             3             72  com.fasterxml.jackson.databind.annotation.JsonSerialize$Typing
3244:             1             72  com.fasterxml.jackson.databind.deser.DefaultDeserializationContext$Impl
3245:             1             72  com.fasterxml.jackson.databind.ser.DefaultSerializerProvider$Impl
3246:             3             72  com.fasterxml.jackson.databind.ser.std.NumberSerializer
3247:             3             72  com.fasterxml.jackson.databind.ser.std.NumberSerializer
3248:             3             72  com.fasterxml.jackson.databind.ser.std.NumberSerializer
3249:             3             72  com.fasterxml.jackson.databind.util.AccessPattern
3250:             3             72  com.google.common.collect.AbstractMapBasedMultimap$KeySet
3251:             3             72  com.google.common.collect.ImmutableMapEntry$NonTerminalImmutableMapEntry
3252:             3             72  com.sun.jna.NativeLibrary$NativeLibraryDisposer
3253:             3             72  com.sun.jna.StructureReadContext
3254:             3             72  io.netty.handler.ssl.ApplicationProtocolConfig$SelectedListenerFailureBehavior
3255:             3             72  io.netty.handler.ssl.ApplicationProtocolConfig$SelectorFailureBehavior
3256:             3             72  io.netty.handler.ssl.ClientAuth
3257:             3             72  io.netty.handler.ssl.SslProvider
3258:             3             72  io.netty.util.concurrent.DefaultEventExecutorChooserFactory$PowerOfTwoEventExecutorChooser
3259:             3             72  io.protostuff.runtime.ArraySchemas$BoolArray$1
3260:             3             72  io.protostuff.runtime.ArraySchemas$CharArray$1
3261:             3             72  io.protostuff.runtime.ArraySchemas$FloatArray$1
3262:             3             72  io.protostuff.runtime.ArraySchemas$Int32Array$1
3263:             3             72  io.protostuff.runtime.ArraySchemas$Int64Array$1
3264:             3             72  io.protostuff.runtime.ArraySchemas$ShortArray$1
3265:             3             72  java.lang.ProcessImpl$LaunchMechanism (java.base@21.0.3)
3266:             3             72  java.lang.StackStreamFactory$WalkerState (java.base@21.0.3)
3267:             3             72  java.lang.StackWalker$Option (java.base@21.0.3)
3268:             3             72  java.lang.WeakPairMap (java.base@21.0.3)
3269:             3             72  java.lang.annotation.RetentionPolicy (java.base@21.0.3)
3270:             3             72  java.lang.invoke.MethodHandleImpl$ArrayAccess (java.base@21.0.3)
3271:             3             72  java.net.StandardProtocolFamily (java.base@21.0.3)
3272:             3             72  java.nio.file.AccessMode (java.base@21.0.3)
3273:             3             72  java.nio.file.FileTreeWalker$EventType (java.base@21.0.3)
3274:             3             72  java.nio.file.StandardCopyOption (java.base@21.0.3)
3275:             3             72  java.security.CodeSigner (java.base@21.0.3)
3276:             3             72  java.security.Timestamp (java.base@21.0.3)
3277:             3             72  java.security.cert.CertificateFactory (java.base@21.0.3)
3278:             3             72  java.time.format.DateTimeTextProvider$LocaleStore (java.base@21.0.3)
3279:             3             72  java.time.format.ResolverStyle (java.base@21.0.3)
3280:             3             72  java.time.zone.ZoneOffsetTransitionRule$TimeDefinition (java.base@21.0.3)
3281:             3             72  java.util.Base64$Encoder (java.base@21.0.3)
3282:             3             72  java.util.Collections$UnmodifiableMap$UnmodifiableEntrySet$1 (java.base@21.0.3)
3283:             3             72  java.util.concurrent.ConcurrentLinkedDeque$Node (java.base@21.0.3)
3284:             3             72  java.util.concurrent.atomic.AtomicMarkableReference$Pair (java.base@21.0.3)
3285:             3             72  java.util.logging.LoggingPermission (java.logging@21.0.3)
3286:             3             72  java.util.stream.Collector$Characteristics (java.base@21.0.3)
3287:             3             72  java.util.zip.ZipCoder$Comparison (java.base@21.0.3)
3288:             3             72  jdk.internal.icu.util.CodePointTrie$ValueWidth (java.base@21.0.3)
3289:             3             72  jdk.internal.math.FloatingDecimal$ExceptionalBinaryToASCIIBuffer (java.base@21.0.3)
3290:             3             72  jdk.internal.misc.Signal (java.base@21.0.3)
3291:             3             72  kotlin.SynchronizedLazyImpl
3292:             3             72  kotlin.annotation.AnnotationRetention
3293:             3             72  kotlin.annotation.AnnotationRetention
3294:             3             72  kotlin.coroutines.intrinsics.CoroutineSingletons
3295:             3             72  kotlinx.coroutines.CoroutineName
3296:             1             72  kotlinx.coroutines.scheduling.CoroutineScheduler
3297:             3             72  org.apache.commons.lang3.tuple.ImmutablePair
3298:             3             72  org.apache.commons.pool2.impl.BaseGenericObjectPool$StatsStore
3299:             3             72  org.apache.logging.log4j.core.util.DummyNanoClock
3300:             3             72  org.apache.lucene.analysis.cjk.CJKAnalyzer
3301:             3             72  org.apache.lucene.analysis.core.KeywordAnalyzer
3302:             3             72  org.apache.lucene.analysis.core.WhitespaceAnalyzer
3303:             3             72  org.apache.lucene.analysis.el.GreekAnalyzer
3304:             3             72  org.apache.lucene.analysis.fa.PersianAnalyzer
3305:             3             72  org.apache.lucene.analysis.miscellaneous.StemmerOverrideFilter$StemmerOverrideMap
3306:             3             72  org.apache.lucene.analysis.th.ThaiAnalyzer
3307:             1             72  org.apache.lucene.backward_codecs.lucene90.Lucene90Codec
3308:             3             72  org.apache.lucene.codecs.lucene90.compressing.Lucene90CompressingStoredFieldsWriter$MergeStrategy
3309:             3             72  org.apache.lucene.index.IndexWriterConfig$OpenMode
3310:             3             72  org.apache.lucene.index.MergePolicy$OneMergeProgress$PauseReason
3311:             3             72  org.apache.lucene.index.PointValues$Relation
3312:             3             72  org.apache.lucene.index.SingletonSortedSetDocValues
3313:             3             72  org.apache.lucene.index.StoredFieldVisitor$Status
3314:             3             72  org.apache.lucene.index.TermsEnum$SeekStatus
3315:             3             72  org.apache.lucene.index.TieredMergePolicy$MERGE_TYPE
3316:             3             72  org.apache.lucene.search.IndexSearcher$CachingLeafSlicesSupplier
3317:             3             72  org.apache.lucene.search.Pruning
3318:             3             72  org.apache.lucene.search.TotalHits
3319:             3             72  org.apache.lucene.search.suggest.document.CompletionPostingsFormat$FSTLoadMode
3320:             3             72  org.apache.lucene.util.NamedSPILoader
3321:             3             72  org.apache.lucene.util.fst.FST$INPUT_TYPE
3322:             3             72  org.bouncycastle.crypto.CryptoServicesRegistrar$Property
3323:             1             72  org.greenrobot.eventbus.EventBus
3324:             3             72  org.jcodings.util.CaseInsensitiveBytesHash
3325:             3             72  org.joni.ast.CClassNode$CCVALTYPE
3326:             3             72  org.locationtech.spatial4j.context.jts.DatelineRule
3327:             1             72  org.opensearch.action.admin.cluster.allocation.TransportClusterAllocationExplainAction
3328:             1             72  org.opensearch.action.admin.cluster.node.info.NodeInfo$Builder
3329:             1             72  org.opensearch.action.admin.cluster.node.usage.TransportNodesUsageAction
3330:             1             72  org.opensearch.action.admin.indices.segments.TransportPitSegmentsAction
3331:             3             72  org.opensearch.action.support.IndicesOptions$WildcardStates
3332:             3             72  org.opensearch.action.support.replication.ReplicationMode
3333:             1             72  org.opensearch.action.update.TransportUpdateAction
3334:             1             72  org.opensearch.ad.task.ADTaskCacheManager
3335:             1             72  org.opensearch.ad.transport.DeleteAnomalyDetectorTransportAction
3336:             1             72  org.opensearch.ad.transport.IndexAnomalyDetectorTransportAction
3337:             1             72  org.opensearch.alerting.transport.TransportIndexAlertingCommentAction
3338:             1             72  org.opensearch.bootstrap.JNACLibrary$Rlimit
3339:             3             72  org.opensearch.cli.Terminal$Verbosity
3340:             3             72  org.opensearch.cluster.NodeConnectionsService$ActivityType
3341:             1             72  org.opensearch.cluster.coordination.Coordinator$CoordinatorPeerFinder
3342:             3             72  org.opensearch.cluster.coordination.Coordinator$Mode
3343:             3             72  org.opensearch.cluster.coordination.NodeRemovalClusterStateTaskExecutor
3344:             3             72  org.opensearch.cluster.metadata.DiffableStringMap
3345:             3             72  org.opensearch.cluster.metadata.Metadata$XContentContext
3346:             3             72  org.opensearch.cluster.routing.ShardMovementStrategy
3347:             3             72  org.opensearch.cluster.routing.allocation.decider.ClusterRebalanceAllocationDecider$ClusterRebalanceType
3348:             1             72  org.opensearch.cluster.service.ClusterApplierService
3349:             3             72  org.opensearch.common.cache.Cache$State
3350:             3             72  org.opensearch.common.inject.ConstructorInjectorStore
3351:             3             72  org.opensearch.common.inject.ConstructorInjectorStore$1
3352:             3             72  org.opensearch.common.inject.Initializer
3353:             3             72  org.opensearch.common.inject.MembersInjectorStore
3354:             3             72  org.opensearch.common.inject.MembersInjectorStore$1
3355:             3             72  org.opensearch.common.inject.Stage
3356:             3             72  org.opensearch.common.inject.TypeConverterBindingProcessor
3357:             3             72  org.opensearch.common.metrics.OperationMetrics
3358:             3             72  org.opensearch.common.settings.KeyStoreWrapper$Entry
3359:             3             72  org.opensearch.common.util.concurrent.OpenSearchExecutors$$Lambda/0x00007fcd2853f3e8
3360:             3             72  org.opensearch.core.common.breaker.CircuitBreaker$Type
3361:             1             72  org.opensearch.forecast.transport.DeleteForecastModelTransportAction
3362:             1             72  org.opensearch.forecast.transport.DeleteForecasterTransportAction
3363:             1             72  org.opensearch.forecast.transport.IndexForecasterTransportAction
3364:             1             72  org.opensearch.gateway.GatewayService
3365:             1             72  org.opensearch.gateway.TransportNodesListGatewayStartedShards
3366:             1             72  org.opensearch.gateway.TransportNodesListGatewayStartedShardsBatch
3367:             3             72  org.opensearch.index.analysis.AnalyzerScope
3368:             3             72  org.opensearch.index.codec.customcodecs.backward_codecs.Lucene95CustomStoredFieldsFormat$1
3369:             3             72  org.opensearch.index.codec.customcodecs.backward_codecs.Lucene95CustomStoredFieldsFormat$2
3370:             3             72  org.opensearch.index.engine.Engine$Result$Type
3371:             3             72  org.opensearch.index.mapper.MappedFieldType$Relation
3372:             3             72  org.opensearch.index.mapper.ObjectMapper$Dynamic
3373:             3             72  org.opensearch.indexmanagement.indexstatemanagement.util.MetadataCheck
3374:             3             72  org.opensearch.indices.analysis.PreBuiltCacheFactory$CachingStrategy
3375:             1             72  org.opensearch.indices.breaker.HierarchyCircuitBreakerService$G1OverLimitStrategy
3376:             3             72  org.opensearch.indices.recovery.MultiChunkTransfer$Status
3377:             1             72  org.opensearch.indices.recovery.RecoverySettings
3378:             3             72  org.opensearch.ingest.geoip.IngestGeoIpPlugin$$Lambda/0x00007fcd288cc778
3379:             3             72  org.opensearch.jobscheduler.spi.utils.LockService
3380:             1             72  org.opensearch.ml.action.prediction.TransportPredictionTaskAction
3381:             1             72  org.opensearch.ml.action.profile.MLProfileTransportAction
3382:             1             72  org.opensearch.ml.action.stats.MLStatsNodesTransportAction
3383:             1             72  org.opensearch.ml.action.undeploy.TransportUndeployModelAction
3384:             3             72  org.opensearch.ml.breaker.BreakerName
3385:             1             72  org.opensearch.ml.task.MLPredictTaskRunner
3386:             3             72  org.opensearch.monitor.jvm.JvmGcMonitorService$JvmMonitor$Threshold
3387:             1             72  org.opensearch.performanceanalyzer.collectors.NodeStatsAllShardsMetricsCollector
3388:             3             72  org.opensearch.performanceanalyzer.commons.collectors.PerformanceAnalyzerMetricsCollector$State
3389:             1             72  org.opensearch.performanceanalyzer.commons.collectors.StatsCollector
3390:             3             72  org.opensearch.performanceanalyzer.config.setting.ClusterSettingsManager$$Lambda/0x00007fcd291cc000
3391:             1             72  org.opensearch.replication.action.index.TransportReplicateIndexClusterManagerNodeAction
3392:             1             72  org.opensearch.replication.action.stats.TransportFollowerStatsAction
3393:             1             72  org.opensearch.replication.action.stats.TransportLeaderStatsAction
3394:             3             72  org.opensearch.repositories.s3.async.AsyncExecutorContainer
3395:             3             72  org.opensearch.repositories.s3.async.AsyncTransferEventLoopGroup
3396:             3             72  org.opensearch.search.aggregations.bucket.LocalBucketCountThresholds
3397:             3             72  org.opensearch.search.aggregations.bucket.terms.GlobalOrdinalsStringTermsAggregator$RemapGlobalOrds
3398:             3             72  org.opensearch.search.aggregations.bucket.terms.GlobalOrdinalsStringTermsAggregator$StandardTermsResults
3399:             1             72  org.opensearch.search.internal.ContextIndexSearcher
3400:             1             72  org.opensearch.search.pipeline.SearchPipelineService
3401:             1             72  org.opensearch.security.action.configupdate.TransportConfigUpdateAction
3402:             3             72  org.opensearch.security.auditlog.AuditLog$Origin
3403:             1             72  org.opensearch.security.auditlog.impl.AuditLogImpl
3404:             3             72  org.opensearch.security.configuration.DlsFlsValveImpl$Mode
3405:             3             72  org.opensearch.security.privileges.PrivilegesInterceptor$ReplaceResult
3406:             1             72  org.opensearch.security.securityconf.DynamicConfigModelV7
3407:             3             72  org.opensearch.security.securityconf.impl.WhitelistingSettings
3408:             3             72  org.opensearch.security.support.ConfigConstants$RolesMappingResolution
3409:             1             72  org.opensearch.securityanalytics.transport.TransportIndexCustomLogTypeAction
3410:             3             72  org.opensearch.sql.legacy.metrics.GaugeMetric
3411:             1             72  org.opensearch.tasks.TaskManager
3412:             3             72  org.opensearch.telemetry.tracing.SpanKind
3413:             3             72  org.opensearch.threadpool.AutoQueueAdjustingExecutorBuilder$1
3414:             3             72  org.opensearch.threadpool.AutoQueueAdjustingExecutorBuilder$2
3415:             3             72  org.opensearch.timeseries.MemoryTracker$Origin
3416:             1             72  org.opensearch.timeseries.ml.MemoryAwareConcurrentHashmap
3417:             3             72  org.opensearch.timeseries.stats.StatType
3418:             3             72  org.opensearch.transport.netty4.ssl.SecureConnectionTestUtil$SSLConnectionTestResult
3419:             3             72  org.opensearch.watcher.ResourceWatcherService$ResourceMonitor
3420:             3             72  org.yaml.snakeyaml.comments.CommentType
3421:             3             72  sun.management.ManagementFactoryHelper$1 (java.management@21.0.3)
3422:             3             72  sun.security.provider.DSAParameters (java.base@21.0.3)
3423:             3             72  sun.security.provider.NativePRNG$Variant (java.base@21.0.3)
3424:             3             72  sun.security.ssl.ClientAuthType (java.base@21.0.3)
3425:             3             72  sun.security.ssl.SunX509KeyManagerImpl (java.base@21.0.3)
3426:             3             72  sun.security.ssl.SunX509KeyManagerImpl$X509Credentials (java.base@21.0.3)
3427:             3             72  sun.util.locale.LocaleExtensions (java.base@21.0.3)
3428:             3             72  sun.util.resources.ParallelListResourceBundle$KeySet (java.base@21.0.3)
3429:             2             64  [Lcom.fasterxml.jackson.annotation.JsonCreator$Mode;
3430:             1             64  [Lcom.fasterxml.jackson.annotation.JsonFormat$Feature;
3431:             1             64  [Lcom.fasterxml.jackson.annotation.JsonFormat$Shape;
3432:             1             64  [Lcom.fasterxml.jackson.annotation.JsonFormat$Shape;
3433:             1             64  [Lcom.fasterxml.jackson.annotation.JsonFormat$Shape;
3434:             2             64  [Lcom.fasterxml.jackson.annotation.JsonProperty$Access;
3435:             2             64  [Lcom.fasterxml.jackson.annotation.OptBoolean;
3436:             1             64  [Lcom.fasterxml.jackson.databind.node.IntNode;
3437:             1             64  [Lcom.fasterxml.jackson.dataformat.yaml.YAMLGenerator$Feature;
3438:             2             64  [Lio.netty.handler.ssl.ClientAuth;
3439:             1             64  [Lio.protostuff.runtime.PolymorphicSchemaFactories;
3440:             2             64  [Ljava.lang.StackWalker$Option; (java.base@21.0.3)
3441:             2             64  [Ljava.lang.annotation.RetentionPolicy; (java.base@21.0.3)
3442:             1             64  [Ljava.lang.invoke.MethodHandleImpl$Intrinsic; (java.base@21.0.3)
3443:             2             64  [Ljava.nio.charset.CoderResult; (java.base@21.0.3)
3444:             2             64  [Ljava.util.stream.Collector$Characteristics; (java.base@21.0.3)
3445:             2             64  [Ljdk.internal.util.OperatingSystem; (java.base@21.0.3)
3446:             2             64  [Lkotlin.annotation.AnnotationRetention;
3447:             2             64  [Lkotlin.annotation.AnnotationRetention;
3448:             2             64  [Lorg.apache.lucene.codecs.lucene90.blocktree.CompressionAlgorithm;
3449:             2             64  [Lorg.apache.lucene.index.MergePolicy$OneMergeProgress$PauseReason;
3450:             2             64  [Lorg.apache.lucene.search.BooleanClause$Occur;
3451:             4             64  [Lorg.apache.lucene.search.ScoreDoc;
3452:             2             64  [Lorg.opensearch.action.search.ShardStatsFieldNames;
3453:             2             64  [Lorg.opensearch.action.support.IndicesOptions$WildcardStates;
3454:             2             64  [Lorg.opensearch.cluster.metadata.Metadata$XContentContext;
3455:             2             64  [Lorg.opensearch.cluster.routing.ShardMovementStrategy;
3456:             2             64  [Lorg.opensearch.cluster.routing.allocation.decider.EnableAllocationDecider$Allocation;
3457:             2             64  [Lorg.opensearch.cluster.routing.allocation.decider.EnableAllocationDecider$Rebalance;
3458:             2             64  [Lorg.opensearch.common.logging.SlowLogLevel;
3459:             2             64  [Lorg.opensearch.common.path.PathTrie$TrieMatchingMode;
3460:             2             64  [Lorg.opensearch.common.util.PageCacheRecycler$Type;
3461:             1             64  [Lorg.opensearch.index.fielddata.IndexNumericFieldData$NumericType;
3462:             2             64  [Lorg.opensearch.index.remote.RemoteStoreEnums$PathType;
3463:             2             64  [Lorg.opensearch.node.remotestore.RemoteStoreNodeService$Direction;
3464:             2             64  [Lorg.opensearch.observability.settings.PluginSettings$FilterBy;
3465:             2             64  [Lorg.opensearch.performanceanalyzer.commons.stats.metrics.ExceptionsAndErrors;
3466:             2             64  [Lorg.opensearch.repositories.s3.ProxySettings$ProxyType;
3467:             1             64  [Lorg.opensearch.security.auditlog.config.AuditConfig$Filter$FilterEntries;
3468:             1             64  [Lorg.opensearch.security.ssl.SecureSSLSettings$SSLSetting;
3469:             2             64  [Lorg.opensearch.security.support.ConfigConstants$RolesMappingResolution;
3470:             2             64  [Lorg.opensearch.timeseries.MemoryTracker$Origin;
3471:             2             64  [Lorg.opensearch.timeseries.model.EntityProfileName;
3472:             1             64  [Lorg.yaml.snakeyaml.events.Event$ID;
3473:             2             64  [Lsun.security.ssl.SSLTrafficKeyDerivation$KeySchedule; (java.base@21.0.3)
3474:             2             64  com.fasterxml.jackson.core.StreamWriteCapability
3475:             4             64  com.fasterxml.jackson.core.StreamWriteConstraints
3476:             2             64  com.fasterxml.jackson.core.io.ContentReference
3477:             2             64  com.fasterxml.jackson.databind.cfg.EnumFeature
3478:             2             64  com.fasterxml.jackson.databind.cfg.EnumFeature
3479:             2             64  com.fasterxml.jackson.databind.cfg.EnumFeature
3480:             2             64  com.fasterxml.jackson.databind.introspect.AnnotationCollector$TwoAnnotations
3481:             4             64  com.fasterxml.jackson.databind.introspect.BasicClassIntrospector
3482:             2             64  com.fasterxml.jackson.databind.introspect.VisibilityChecker$Std
3483:             2             64  com.fasterxml.jackson.databind.introspect.VisibilityChecker$Std
3484:             4             64  com.fasterxml.jackson.databind.jsontype.impl.StdSubtypeResolver
3485:             2             64  com.fasterxml.jackson.databind.ser.std.NumberSerializers$DoubleSerializer
3486:             2             64  com.fasterxml.jackson.databind.ser.std.NumberSerializers$DoubleSerializer
3487:             2             64  com.fasterxml.jackson.databind.ser.std.NumberSerializers$DoubleSerializer
3488:             2             64  com.fasterxml.jackson.databind.ser.std.NumberSerializers$IntegerSerializer
3489:             2             64  com.fasterxml.jackson.databind.ser.std.NumberSerializers$IntegerSerializer
3490:             2             64  com.fasterxml.jackson.databind.ser.std.NumberSerializers$IntegerSerializer
3491:             2             64  com.fasterxml.jackson.databind.ser.std.NumberSerializers$LongSerializer
3492:             2             64  com.fasterxml.jackson.databind.ser.std.NumberSerializers$LongSerializer
3493:             2             64  com.fasterxml.jackson.databind.ser.std.NumberSerializers$LongSerializer
3494:             4             64  com.fasterxml.jackson.databind.util.RootNameLookup
3495:             2             64  com.fasterxml.jackson.dataformat.yaml.YAMLParser$Feature
3496:             1             64  com.google.common.cache.CacheStats
3497:             1             64  com.google.common.cache.CacheStats
3498:             1             64  com.google.common.cache.CacheStats
3499:             1             64  com.google.common.cache.CacheStats
3500:             4             64  com.google.common.cache.LocalCache$AccessQueue
3501:             4             64  com.google.common.collect.$Proxy54
3502:             2             64  com.google.common.collect.RegularImmutableSet
3503:             2             64  com.google.common.collect.RegularImmutableSet
3504:             4             64  com.google.common.collect.SingletonImmutableList
3505:             2             64  com.google.common.io.BaseEncoding$Base64Encoding
3506:             2             64  com.google.common.io.BaseEncoding$StandardBaseEncoding
3507:             4             64  com.sun.proxy.jdk.proxy1.$Proxy28 (jdk.proxy1)
3508:             1             64  io.netty.buffer.CompositeByteBuf
3509:             1             64  io.netty.util.concurrent.GlobalEventExecutor
3510:             1             64  io.netty.util.concurrent.GlobalEventExecutor
3511:             1             64  io.netty.util.concurrent.ScheduledFutureTask
3512:             2             64  io.protostuff.runtime.ArraySchemas$BoolArray
3513:             2             64  io.protostuff.runtime.ArraySchemas$CharArray
3514:             2             64  io.protostuff.runtime.ArraySchemas$FloatArray
3515:             2             64  io.protostuff.runtime.ArraySchemas$Int32Array
3516:             2             64  io.protostuff.runtime.ArraySchemas$Int64Array
3517:             2             64  io.protostuff.runtime.ArraySchemas$ShortArray
3518:             2             64  io.protostuff.runtime.RuntimeSchema
3519:             2             64  java.io.ClassCache$1 (java.base@21.0.3)
3520:             2             64  java.lang.invoke.MethodHandles$Lookup$ClassOption (java.base@21.0.3)
3521:             2             64  java.lang.ref.ReferenceQueue$Null (java.base@21.0.3)
3522:             4             64  java.security.spec.NamedParameterSpec (java.base@21.0.3)
3523:             2             64  java.time.temporal.IsoFields$Unit (java.base@21.0.3)
3524:             2             64  java.time.zone.ZoneOffsetTransition (java.base@21.0.3)
3525:             4             64  java.util.Collections$ReverseComparator2 (java.base@21.0.3)
3526:             4             64  java.util.concurrent.ConcurrentSkipListSet (java.base@21.0.3)
3527:             2             64  java.util.concurrent.SynchronousQueue (java.base@21.0.3)
3528:             1             64  java.util.logging.LogManager$RootLogger (java.logging@21.0.3)
3529:             2             64  javax.crypto.JceSecurity$WeakIdentityWrapper (java.base@21.0.3)
3530:             2             64  jdk.internal.foreign.GlobalSession (java.base@21.0.3)
3531:             2             64  jdk.internal.reflect.MethodHandleIntegerFieldAccessorImpl (java.base@21.0.3)
3532:             4             64  jdk.internal.util.Preconditions$4 (java.base@21.0.3)
3533:             2             64  jdk.jfr.internal.jfc.JFC$KnownConfiguration (jdk.jfr@21.0.3)
3534:             4             64  jdk.proxy2.$Proxy6 (jdk.proxy2)
3535:             4             64  jdk.proxy4.$Proxy21 (jdk.proxy4)
3536:             2             64  joptsimple.internal.Rows
3537:             1             64  kotlinx.coroutines.scheduling.CoroutineScheduler
3538:             1             64  kotlinx.coroutines.scheduling.CoroutineScheduler
3539:             1             64  kotlinx.coroutines.scheduling.CoroutineScheduler
3540:             1             64  kotlinx.coroutines.scheduling.CoroutineScheduler
3541:             2             64  kotlinx.coroutines.scheduling.WorkQueue
3542:             4             64  org.apache.logging.log4j.core.lookup.StrMatcher$StringMatcher
3543:             4             64  org.apache.logging.log4j.core.pattern.NameAbbreviator$PatternAbbreviator
3544:             2             64  org.apache.logging.log4j.core.util.datetime.FastDatePrinter
3545:             1             64  org.apache.logging.log4j.jul.LogManager
3546:             2             64  org.apache.logging.log4j.util.SortedArrayStringMap
3547:             4             64  org.apache.lucene.analysis.ar.ArabicNormalizer
3548:             2             64  org.apache.lucene.analysis.br.BrazilianStemmer
3549:             2             64  org.apache.lucene.analysis.classic.ClassicAnalyzer
3550:             4             64  org.apache.lucene.analysis.in.IndicNormalizer
3551:             2             64  org.apache.lucene.analysis.util.CharArrayIterator$2
3552:             2             64  org.apache.lucene.analysis.util.CharArrayIterator$4
3553:             4             64  org.apache.lucene.backward_codecs.lucene50.Lucene50StoredFieldsFormat
3554:             1             64  org.apache.lucene.backward_codecs.lucene84.Lucene84Codec
3555:             1             64  org.apache.lucene.backward_codecs.lucene86.Lucene86Codec
3556:             2             64  org.apache.lucene.backward_codecs.lucene87.Lucene87Codec$Mode
3557:             2             64  org.apache.lucene.backward_codecs.lucene90.Lucene90Codec$Mode
3558:             2             64  org.apache.lucene.backward_codecs.lucene91.Lucene91Codec$Mode
3559:             2             64  org.apache.lucene.backward_codecs.lucene92.Lucene92Codec$Mode
3560:             2             64  org.apache.lucene.backward_codecs.lucene94.Lucene94Codec$Mode
3561:             2             64  org.apache.lucene.backward_codecs.lucene95.Lucene95Codec$Mode
3562:             2             64  org.apache.lucene.codecs.lucene99.Lucene99Codec$Mode
3563:             4             64  org.apache.lucene.index.DocValues$2
3564:             2             64  org.apache.lucene.index.VectorEncoding
3565:             2             64  org.apache.lucene.search.FieldExistsQuery$1
3566:             4             64  org.apache.lucene.search.TaskExecutor
3567:             2             64  org.apache.lucene.util.VirtualMethod
3568:             2             64  org.apache.lucene.util.VirtualMethod$1
3569:             4             64  org.bouncycastle.asn1.x9.X962Parameters
3570:             4             64  org.bouncycastle.jcajce.provider.asymmetric.ecgost12.KeyFactorySpi
3571:             1             64  org.jcodings.specific.UTF8Encoding
3572:             1             64  org.jooq.tools.json.Yylex
3573:             1             64  org.opensearch.action.admin.cluster.node.reload.TransportNodesReloadSecureSettingsAction
3574:             1             64  org.opensearch.action.admin.cluster.repositories.cleanup.TransportCleanupRepositoryAction
3575:             1             64  org.opensearch.action.admin.cluster.settings.TransportClusterUpdateSettingsAction
3576:             1             64  org.opensearch.action.admin.cluster.stats.TransportClusterStatsAction
3577:             1             64  org.opensearch.action.admin.indices.analyze.TransportAnalyzeAction
3578:             1             64  org.opensearch.action.admin.indices.close.TransportCloseIndexAction
3579:             1             64  org.opensearch.action.admin.indices.create.AutoCreateAction$TransportAction
3580:             1             64  org.opensearch.action.admin.indices.dangling.delete.TransportDeleteDanglingIndexAction
3581:             1             64  org.opensearch.action.admin.indices.dangling.find.TransportFindDanglingIndexAction
3582:             1             64  org.opensearch.action.admin.indices.dangling.list.TransportListDanglingIndicesAction
3583:             1             64  org.opensearch.action.admin.indices.get.TransportGetIndexAction
3584:             1             64  org.opensearch.action.admin.indices.mapping.get.TransportGetFieldMappingsIndexAction
3585:             1             64  org.opensearch.action.admin.indices.rollover.TransportRolloverAction
3586:             1             64  org.opensearch.action.admin.indices.template.post.TransportSimulateIndexTemplateAction
3587:             1             64  org.opensearch.action.admin.indices.template.post.TransportSimulateTemplateAction
3588:             1             64  org.opensearch.action.search.SearchResponse
3589:             2             64  org.opensearch.action.search.SearchType
3590:             4             64  org.opensearch.action.support.ActiveShardCount
3591:             4             64  org.opensearch.action.support.tasks.TransportTasksAction$$Lambda/0x00007fcd28edcb48
3592:             4             64  org.opensearch.action.support.tasks.TransportTasksAction$NodeTransportHandler
3593:             1             64  org.opensearch.ad.ADJobProcessor
3594:             1             64  org.opensearch.ad.ExecuteADResultResponseRecorder
3595:             1             64  org.opensearch.ad.rest.handler.ADIndexJobActionHandler
3596:             1             64  org.opensearch.ad.transport.ADCancelTaskTransportAction
3597:             1             64  org.opensearch.ad.transport.ADProfileTransportAction
3598:             1             64  org.opensearch.ad.transport.ADResultBulkTransportAction
3599:             1             64  org.opensearch.ad.transport.ADStatsNodesTransportAction
3600:             1             64  org.opensearch.ad.transport.ADTaskProfileTransportAction
3601:             1             64  org.opensearch.ad.transport.PreviewAnomalyDetectorTransportAction
3602:             2             64  org.opensearch.ad.transport.SearchTopAnomalyResultTransportAction$OrderType
3603:             1             64  org.opensearch.ad.transport.ValidateAnomalyDetectorTransportAction
3604:             1             64  org.opensearch.alerting.core.action.node.ScheduledJobsStatsTransportAction
3605:             1             64  org.opensearch.alerting.transport.TransportExecuteMonitorAction
3606:             1             64  org.opensearch.bootstrap.OpenSearch
3607:             1             64  org.opensearch.cluster.coordination.FollowersChecker
3608:             2             64  org.opensearch.cluster.decommission.DecommissionController
3609:             2             64  org.opensearch.cluster.metadata.IndexMetadata$State
3610:             2             64  org.opensearch.cluster.metadata.IndexNameExpressionResolver
3611:             1             64  org.opensearch.cluster.metadata.MetadataIndexTemplateService
3612:             4             64  org.opensearch.cluster.metadata.TemplatesMetadata
3613:             1             64  org.opensearch.cluster.routing.RoutingNodes
3614:             1             64  org.opensearch.cluster.service.ClusterManagerService
3615:             4             64  org.opensearch.common.recycler.NoneRecycler
3616:             4             64  org.opensearch.common.settings.Setting$$Lambda/0x00007fcd280c7be0
3617:             2             64  org.opensearch.common.util.LazyInitializable
3618:             2             64  org.opensearch.common.util.PageCacheRecycler
3619:             1             64  org.opensearch.common.util.ReorganizingLongHash
3620:             2             64  org.opensearch.core.tasks.resourcetracker.ResourceStats
3621:             4             64  org.opensearch.core.xcontent.AbstractObjectParser$$Lambda/0x00007fcd291ddf98
3622:             4             64  org.opensearch.core.xcontent.AbstractObjectParser$$Lambda/0x00007fcd291de1c8
3623:             1             64  org.opensearch.extensions.NoopExtensionsManager
3624:             1             64  org.opensearch.forecast.ExecuteForecastResultResponseRecorder
3625:             1             64  org.opensearch.forecast.ForecastJobProcessor
3626:             1             64  org.opensearch.forecast.rest.handler.ForecastIndexJobActionHandler
3627:             1             64  org.opensearch.forecast.transport.ForecastProfileTransportAction
3628:             1             64  org.opensearch.forecast.transport.ForecastResultBulkTransportAction
3629:             1             64  org.opensearch.forecast.transport.ForecastRunOnceProfileTransportAction
3630:             1             64  org.opensearch.forecast.transport.ValidateForecasterTransportAction
3631:             2             64  org.opensearch.geometry.utils.WellKnownText
3632:             1             64  org.opensearch.geospatial.stats.upload.UploadStatsTransportAction
3633:             2             64  org.opensearch.index.codec.customcodecs.Lucene99CustomCodec$Mode
3634:             2             64  org.opensearch.index.codec.customcodecs.Lucene99CustomStoredFieldsFormat
3635:             2             64  org.opensearch.index.codec.customcodecs.Lucene99QatCodec$Mode
3636:             2             64  org.opensearch.index.mapper.NestedPathFieldMapper
3637:             1             64  org.opensearch.index.shard.IndexShard$NonClosingReaderWrapper
3638:             1             64  org.opensearch.indexmanagement.indexstatemanagement.IndexStateManagementHistory
3639:             1             64  org.opensearch.indexmanagement.indexstatemanagement.MetadataService
3640:             1             64  org.opensearch.indexmanagement.indexstatemanagement.transport.action.addpolicy.TransportAddPolicyAction
3641:             1             64  org.opensearch.indexmanagement.indexstatemanagement.transport.action.updateindexmetadata.TransportUpdateManagedIndexMetaDataAction
3642:             1             64  org.opensearch.indexmanagement.snapshotmanagement.api.transport.index.TransportIndexSMPolicyAction
3643:             1             64  org.opensearch.indexmanagement.transform.action.index.TransportIndexTransformAction
3644:             1             64  org.opensearch.indices.store.TransportNodesListShardStoreMetadata
3645:             1             64  org.opensearch.indices.store.TransportNodesListShardStoreMetadataBatch
3646:             2             64  org.opensearch.knn.index.Parameter$MethodComponentContextParameter
3647:             1             64  org.opensearch.ml.action.forward.TransportForwardAction
3648:             1             64  org.opensearch.ml.action.model_group.TransportRegisterModelGroupAction
3649:             1             64  org.opensearch.ml.action.models.UpdateModelTransportAction
3650:             1             64  org.opensearch.ml.task.MLExecuteTaskRunner
3651:             1             64  org.opensearch.ml.task.MLTrainAndPredictTaskRunner
3652:             1             64  org.opensearch.ml.task.MLTrainingTaskRunner
3653:             1             64  org.opensearch.monitor.fs.FsHealthService
3654:             2             64  org.opensearch.monitor.os.OsStats$Mem
3655:             2             64  org.opensearch.monitor.os.OsStats$Swap
3656:             4             64  org.opensearch.node.Node$$Lambda/0x00007fcd288b11c8
3657:             2             64  org.opensearch.node.ResponseCollectorService$NodeStatistics
3658:             2             64  org.opensearch.node.remotestore.RemoteStoreNodeService$CompatibilityMode
3659:             1             64  org.opensearch.node.resource.tracker.AverageIoUsageTracker
3660:             1             64  org.opensearch.painless.action.PainlessExecuteAction$TransportAction
3661:             4             64  org.opensearch.painless.spi.annotation.InjectConstantAnnotation
3662:             1             64  org.opensearch.performanceanalyzer.collectors.AdmissionControlMetricsCollector
3663:             1             64  org.opensearch.performanceanalyzer.collectors.ClusterApplierServiceStatsCollector
3664:             1             64  org.opensearch.performanceanalyzer.collectors.ElectionTermCollector
3665:             1             64  org.opensearch.performanceanalyzer.collectors.FaultDetectionMetricsCollector
3666:             1             64  org.opensearch.performanceanalyzer.collectors.ShardIndexingPressureMetricsCollector
3667:             1             64  org.opensearch.performanceanalyzer.collectors.ShardStateCollector
3668:             1             64  org.opensearch.performanceanalyzer.collectors.ThreadPoolMetricsCollector
3669:             1             64  org.opensearch.performanceanalyzer.commons.collectors.OSMetricsCollector
3670:             2             64  org.opensearch.performanceanalyzer.commons.config.overrides.ConfigOverrides$Overrides
3671:             1             64  org.opensearch.performanceanalyzer.writer.EventLogQueueProcessor
3672:             1             64  org.opensearch.replication.ReplicationSettings
3673:             1             64  org.opensearch.replication.action.autofollow.TransportAutoFollowClusterManagerNodeAction
3674:             1             64  org.opensearch.replication.action.changes.TransportGetChangesAction
3675:             1             64  org.opensearch.replication.action.pause.TransportPauseIndexReplicationAction
3676:             1             64  org.opensearch.replication.action.repository.TransportGetFileChunkAction
3677:             1             64  org.opensearch.replication.action.resume.TransportResumeIndexReplicationAction
3678:             1             64  org.opensearch.replication.action.stop.TransportStopIndexReplicationAction
3679:             1             64  org.opensearch.replication.action.update.TransportUpdateIndexReplicationAction
3680:             1             64  org.opensearch.replication.metadata.TransportUpdateMetadataAction
3681:             1             64  org.opensearch.repositories.RepositoriesService
3682:             1             64  org.opensearch.repositories.s3.S3RepositoryPlugin
3683:             1             64  org.opensearch.repositories.s3.S3RepositoryPlugin$LowPrioritySizeBasedBlockingQ
3684:             1             64  org.opensearch.repositories.s3.async.SizeBasedBlockingQ
3685:             2             64  org.opensearch.repositories.s3.utils.Protocol
3686:             2             64  org.opensearch.rest.NamedRoute
3687:             2             64  org.opensearch.script.Script
3688:             2             64  org.opensearch.script.ScriptType
3689:             2             64  org.opensearch.search.DocValueFormat$DateTime
3690:             4             64  org.opensearch.search.SearchModule$$Lambda/0x00007fcd287966e0
3691:             2             64  org.opensearch.search.aggregations.Aggregator$SubAggCollectionMode
3692:             4             64  org.opensearch.search.aggregations.bucket.DocCountProvider
3693:             1             64  org.opensearch.search.aggregations.bucket.histogram.DateHistogramAggregatorFactory
3694:             2             64  org.opensearch.search.aggregations.bucket.histogram.LongBounds
3695:             2             64  org.opensearch.search.aggregations.pipeline.HoltWintersModel$SeasonalityType
3696:             1             64  org.opensearch.search.asynchronous.transport.TransportDeleteAsynchronousSearchAction
3697:             1             64  org.opensearch.search.asynchronous.transport.TransportGetAsynchronousSearchAction
3698:             2             64  org.opensearch.search.backpressure.trackers.HeapUsageTracker
3699:             2             64  org.opensearch.search.fetch.subphase.FetchSourceContext
3700:             1             64  org.opensearch.search.internal.ExitableDirectoryReader
3701:             1             64  org.opensearch.search.internal.ReaderContext
3702:             1             64  org.opensearch.security.auditlog.sink.Log4JSink
3703:             2             64  org.opensearch.security.auth.UserInjector
3704:             4             64  org.opensearch.security.dlic.rest.api.AbstractApiAction$$Lambda/0x00007fcd28fe8220
3705:             1             64  org.opensearch.security.dlic.rest.api.ssl.TransportCertificatesInfoNodesAction
3706:             1             64  org.opensearch.security.filter.SecurityFilter
3707:             1             64  org.opensearch.security.transport.SecurityInterceptor
3708:             1             64  org.opensearch.securityanalytics.transport.TransportDeleteCustomLogTypeAction
3709:             1             64  org.opensearch.securityanalytics.transport.TransportGetFindingsAction
3710:             1             64  org.opensearch.securityanalytics.transport.TransportIndexRuleAction
3711:             1             64  org.opensearch.securityanalytics.transport.TransportSearchDetectorAction
3712:             2             64  org.opensearch.sql.datasource.model.DataSourceStatus
3713:             2             64  org.opensearch.sql.ppl.PPLService
3714:             1             64  org.opensearch.sql.spark.cluster.ClusterManagerEventListener
3715:             2             64  org.opensearch.sql.spark.dispatcher.SparkQueryDispatcher
3716:             4             64  org.opensearch.sql.spark.response.OpenSearchJobExecutionResponseReader
3717:             2             64  org.opensearch.timeseries.breaker.BreakerName
3718:             2             64  org.opensearch.timeseries.indices.IndexManagement$IndexState
3719:             2             64  org.opensearch.timeseries.ratelimit.CheckPointMaintainRequestAdapter
3720:             1             64  org.opensearch.transport.TransportService$1
3721:             4             64  sun.reflect.generics.tree.ArrayTypeSignature (java.base@21.0.3)
3722:             2             64  sun.security.provider.FileInputStreamPool$StreamRef (java.base@21.0.3)
3723:             1             64  sun.security.provider.certpath.ldap.JdkLDAP$ProviderService (java.naming@21.0.3)
3724:             1             64  sun.security.smartcardio.SunPCSC$ProviderService (java.smartcardio@21.0.3)
3725:             2             64  sun.security.ssl.Alert$Level (java.base@21.0.3)
3726:             2             64  sun.security.ssl.CertStatusExtension$CertStatusRequestType (java.base@21.0.3)
3727:             2             64  sun.security.ssl.CertStatusExtension$OCSPStatusRequest (java.base@21.0.3)
3728:             2             64  sun.security.ssl.PskKeyExchangeModesExtension$PskKeyExchangeMode (java.base@21.0.3)
3729:             4             64  sun.security.ssl.SSLCipher$T11BlockReadCipherGenerator (java.base@21.0.3)
3730:             4             64  sun.security.ssl.SSLCipher$T11BlockWriteCipherGenerator (java.base@21.0.3)
3731:             4             64  sun.security.util.DisabledAlgorithmConstraints$Constraints (java.base@21.0.3)
3732:             4             64  sun.security.x509.RFC822Name (java.base@21.0.3)
3733:             1             56  [Lcom.fasterxml.jackson.databind.cfg.CoercionInputShape;
3734:             1             56  [Lcom.fasterxml.jackson.databind.cfg.CoercionInputShape;
3735:             1             56  [Lcom.fasterxml.jackson.databind.cfg.CoercionInputShape;
3736:             1             56  [Lio.protostuff.WireFormat$JavaType;
3737:             1             56  [Ljava.lang.Runnable; (java.base@21.0.3)
3738:             1             56  [Ljava.lang.reflect.AccessFlag$Location; (java.base@21.0.3)
3739:             2             56  [Ljava.net.InterfaceAddress; (java.base@21.0.3)
3740:             1             56  [Ljava.nio.file.StandardOpenOption; (java.base@21.0.3)
3741:             1             56  [Lorg.opensearch.common.geo.GeoShapeType;
3742:             1             56  [Lorg.opensearch.common.settings.Setting$AffixSetting;
3743:             1             56  [Lorg.opensearch.ml.engine.indices.MLIndex;
3744:             1             56  [Lorg.opensearch.performanceanalyzer.commons.metrics.RTFMetrics$ShardStatsValue;
3745:             1             56  [Lorg.opensearch.rest.RestRequest$Method;
3746:             1             56  [Lorg.opensearch.timeseries.model.TaskState;
3747:             1             56  com.amazon.dlic.auth.http.jwt.keybyoidc.HTTPJwtKeyByOpenIdConnectAuthenticator
3748:             1             56  com.fasterxml.jackson.databind.type.ArrayType
3749:             1             56  io.netty.bootstrap.Bootstrap
3750:             1             56  java.lang.invoke.BoundMethodHandle$Specializer (java.base@21.0.3)
3751:             1             56  java.time.chrono.HijrahChronology (java.base@21.0.3)
3752:             1             56  java.util.ServiceLoader (java.base@21.0.3)
3753:             1             56  java.util.concurrent.ConcurrentHashMap$EntryIterator (java.base@21.0.3)
3754:             1             56  java.util.logging.ConsoleHandler (java.logging@21.0.3)
3755:             1             56  java.util.stream.ReferencePipeline$5 (java.base@21.0.3)
3756:             1             56  jdk.internal.org.objectweb.asm.Label (java.base@21.0.3)
3757:             1             56  org.apache.logging.log4j.core.LoggerContext
3758:             1             56  org.apache.lucene.analysis.core.KeywordTokenizer
3759:             1             56  org.apache.lucene.backward_codecs.lucene70.Lucene70Codec
3760:             1             56  org.apache.lucene.backward_codecs.lucene80.Lucene80Codec
3761:             1             56  org.objectweb.asm.Label
3762:             1             56  org.opensearch.action.admin.cluster.configuration.TransportAddVotingConfigExclusionsAction
3763:             1             56  org.opensearch.action.admin.cluster.decommission.awareness.delete.TransportDeleteDecommissionStateAction
3764:             1             56  org.opensearch.action.admin.cluster.decommission.awareness.put.TransportDecommissionAction
3765:             1             56  org.opensearch.action.admin.cluster.health.TransportClusterHealthAction
3766:             1             56  org.opensearch.action.admin.cluster.node.hotthreads.NodesHotThreadsRequest
3767:             1             56  org.opensearch.action.admin.cluster.node.hotthreads.TransportNodesHotThreadsAction
3768:             1             56  org.opensearch.action.admin.cluster.node.info.TransportNodesInfoAction
3769:             1             56  org.opensearch.action.admin.cluster.node.stats.TransportNodesStatsAction
3770:             1             56  org.opensearch.action.admin.cluster.node.tasks.cancel.TransportCancelTasksAction
3771:             1             56  org.opensearch.action.admin.cluster.node.tasks.get.TransportGetTaskAction
3772:             1             56  org.opensearch.action.admin.cluster.node.tasks.list.TransportListTasksAction
3773:             1             56  org.opensearch.action.admin.cluster.remotestore.restore.TransportRestoreRemoteStoreAction
3774:             1             56  org.opensearch.action.admin.cluster.remotestore.stats.TransportRemoteStoreStatsAction
3775:             1             56  org.opensearch.action.admin.cluster.repositories.delete.TransportDeleteRepositoryAction
3776:             1             56  org.opensearch.action.admin.cluster.repositories.put.TransportPutRepositoryAction
3777:             1             56  org.opensearch.action.admin.cluster.repositories.verify.TransportVerifyRepositoryAction
3778:             1             56  org.opensearch.action.admin.cluster.reroute.TransportClusterRerouteAction
3779:             1             56  org.opensearch.action.admin.cluster.shards.TransportClusterSearchShardsAction
3780:             1             56  org.opensearch.action.admin.cluster.shards.routing.weighted.delete.TransportDeleteWeightedRoutingAction
3781:             1             56  org.opensearch.action.admin.cluster.shards.routing.weighted.get.TransportGetWeightedRoutingAction
3782:             1             56  org.opensearch.action.admin.cluster.shards.routing.weighted.put.TransportAddWeightedRoutingAction
3783:             1             56  org.opensearch.action.admin.cluster.snapshots.clone.TransportCloneSnapshotAction
3784:             1             56  org.opensearch.action.admin.cluster.snapshots.create.TransportCreateSnapshotAction
3785:             1             56  org.opensearch.action.admin.cluster.snapshots.delete.TransportDeleteSnapshotAction
3786:             1             56  org.opensearch.action.admin.cluster.snapshots.get.TransportGetSnapshotsAction
3787:             1             56  org.opensearch.action.admin.cluster.snapshots.restore.TransportRestoreSnapshotAction
3788:             1             56  org.opensearch.action.admin.cluster.snapshots.status.TransportNodesSnapshotsStatus
3789:             1             56  org.opensearch.action.admin.cluster.snapshots.status.TransportSnapshotsStatusAction
3790:             1             56  org.opensearch.action.admin.cluster.state.TransportClusterStateAction
3791:             1             56  org.opensearch.action.admin.cluster.storedscripts.TransportDeleteStoredScriptAction
3792:             1             56  org.opensearch.action.admin.cluster.storedscripts.TransportGetStoredScriptAction
3793:             1             56  org.opensearch.action.admin.cluster.storedscripts.TransportPutStoredScriptAction
3794:             1             56  org.opensearch.action.admin.cluster.tasks.TransportPendingClusterTasksAction
3795:             1             56  org.opensearch.action.admin.indices.alias.TransportIndicesAliasesAction
3796:             1             56  org.opensearch.action.admin.indices.alias.get.TransportGetAliasesAction
3797:             1             56  org.opensearch.action.admin.indices.cache.clear.TransportClearIndicesCacheAction
3798:             1             56  org.opensearch.action.admin.indices.create.TransportCreateIndexAction
3799:             1             56  org.opensearch.action.admin.indices.datastream.CreateDataStreamAction$TransportAction
3800:             1             56  org.opensearch.action.admin.indices.datastream.DataStreamsStatsAction$TransportAction
3801:             1             56  org.opensearch.action.admin.indices.datastream.DeleteDataStreamAction$TransportAction
3802:             1             56  org.opensearch.action.admin.indices.delete.TransportDeleteIndexAction
3803:             1             56  org.opensearch.action.admin.indices.mapping.get.TransportGetMappingsAction
3804:             1             56  org.opensearch.action.admin.indices.mapping.put.TransportAutoPutMappingAction
3805:             1             56  org.opensearch.action.admin.indices.mapping.put.TransportPutMappingAction
3806:             1             56  org.opensearch.action.admin.indices.open.TransportOpenIndexAction
3807:             1             56  org.opensearch.action.admin.indices.readonly.TransportAddIndexBlockAction
3808:             1             56  org.opensearch.action.admin.indices.replication.TransportSegmentReplicationStatsAction
3809:             1             56  org.opensearch.action.admin.indices.settings.get.TransportGetSettingsAction
3810:             1             56  org.opensearch.action.admin.indices.settings.put.TransportUpdateSettingsAction
3811:             1             56  org.opensearch.action.admin.indices.shards.TransportIndicesShardStoresAction
3812:             1             56  org.opensearch.action.admin.indices.shrink.TransportResizeAction
3813:             1             56  org.opensearch.action.admin.indices.template.delete.TransportDeleteComponentTemplateAction
3814:             1             56  org.opensearch.action.admin.indices.template.delete.TransportDeleteComposableIndexTemplateAction
3815:             1             56  org.opensearch.action.admin.indices.template.delete.TransportDeleteIndexTemplateAction
3816:             1             56  org.opensearch.action.admin.indices.template.put.TransportPutComponentTemplateAction
3817:             1             56  org.opensearch.action.admin.indices.template.put.TransportPutComposableIndexTemplateAction
3818:             1             56  org.opensearch.action.admin.indices.template.put.TransportPutIndexTemplateAction
3819:             1             56  org.opensearch.action.admin.indices.upgrade.post.TransportUpgradeAction
3820:             1             56  org.opensearch.action.admin.indices.upgrade.post.TransportUpgradeSettingsAction
3821:             1             56  org.opensearch.action.admin.indices.validate.query.TransportValidateQueryAction
3822:             1             56  org.opensearch.action.explain.TransportExplainAction
3823:             1             56  org.opensearch.action.get.TransportGetAction
3824:             1             56  org.opensearch.action.get.TransportShardMultiGetAction
3825:             1             56  org.opensearch.action.ingest.DeletePipelineTransportAction
3826:             1             56  org.opensearch.action.ingest.PutPipelineTransportAction
3827:             1             56  org.opensearch.action.search.DeleteSearchPipelineTransportAction
3828:             1             56  org.opensearch.action.search.PutSearchPipelineTransportAction
3829:             1             56  org.opensearch.action.search.SearchRequestSlowLog
3830:             1             56  org.opensearch.action.search.TransportCreatePitAction
3831:             1             56  org.opensearch.action.search.TransportGetAllPitsAction
3832:             1             56  org.opensearch.action.support.clustermanager.term.TransportGetTermVersionAction
3833:             1             56  org.opensearch.action.termvectors.TransportShardMultiTermsVectorAction
3834:             1             56  org.opensearch.action.termvectors.TransportTermVectorsAction
3835:             1             56  org.opensearch.ad.rest.RestIndexAnomalyDetectorAction
3836:             1             56  org.opensearch.ad.rest.RestSearchADTasksAction
3837:             1             56  org.opensearch.ad.rest.RestSearchAnomalyDetectorAction
3838:             1             56  org.opensearch.ad.rest.RestSearchAnomalyResultAction
3839:             1             56  org.opensearch.ad.rest.RestValidateAnomalyDetectorAction
3840:             1             56  org.opensearch.ad.transport.ADEntityProfileTransportAction
3841:             1             56  org.opensearch.ad.transport.AnomalyResultTransportAction
3842:             1             56  org.opensearch.ad.transport.ForwardADTaskTransportAction
3843:             1             56  org.opensearch.alerting.AlertingPlugin
3844:             1             56  org.opensearch.alerting.comments.CommentsIndices
3845:             1             56  org.opensearch.alerting.transport.TransportDeleteWorkflowAction
3846:             1             56  org.opensearch.alerting.transport.TransportGetRemoteIndexesAction
3847:             1             56  org.opensearch.cluster.InternalClusterInfoService
3848:             1             56  org.opensearch.cluster.coordination.JoinHelper
3849:             1             56  org.opensearch.cluster.coordination.LeaderChecker
3850:             1             56  org.opensearch.cluster.coordination.PublicationTransportHandler
3851:             1             56  org.opensearch.cluster.routing.allocation.DiskThresholdMonitor
3852:             1             56  org.opensearch.cluster.service.ClusterService
3853:             1             56  org.opensearch.common.Rounding$DateTimeUnit$1
3854:             1             56  org.opensearch.common.Rounding$DateTimeUnit$2
3855:             1             56  org.opensearch.common.Rounding$DateTimeUnit$3
3856:             1             56  org.opensearch.common.Rounding$DateTimeUnit$4
3857:             1             56  org.opensearch.common.cache.stats.ImmutableCacheStats
3858:             1             56  org.opensearch.discovery.SeedHostsResolver
3859:             1             56  org.opensearch.env.NodeEnvironment
3860:             1             56  org.opensearch.flowframework.transport.CreateWorkflowTransportAction
3861:             1             56  org.opensearch.flowframework.transport.DeprovisionWorkflowTransportAction
3862:             1             56  org.opensearch.flowframework.transport.ProvisionWorkflowTransportAction
3863:             1             56  org.opensearch.forecast.ml.ForecastCheckpointDao
3864:             1             56  org.opensearch.forecast.rest.RestIndexForecasterAction
3865:             1             56  org.opensearch.forecast.rest.RestSearchForecastTasksAction
3866:             1             56  org.opensearch.forecast.rest.RestSearchForecasterAction
3867:             1             56  org.opensearch.forecast.rest.RestValidateForecasterAction
3868:             1             56  org.opensearch.forecast.transport.ForecastEntityProfileTransportAction
3869:             1             56  org.opensearch.forecast.transport.ForecastStatsNodesTransportAction
3870:             1             56  org.opensearch.forecast.transport.StatsForecasterTransportAction
3871:             1             56  org.opensearch.forecast.transport.SuggestForecasterParamTransportAction
3872:             1             56  org.opensearch.gateway.ShardsBatchGatewayAllocator
3873:             1             56  org.opensearch.gateway.TransportNodesListGatewayMetaState
3874:             1             56  org.opensearch.geospatial.ip2geo.action.DeleteDatasourceTransportAction
3875:             1             56  org.opensearch.index.SegmentReplicationPressureService
3876:             1             56  org.opensearch.index.ShardIndexingPressureSettings
3877:             1             56  org.opensearch.index.get.GetStats
3878:             1             56  org.opensearch.index.reindex.TransportRethrottleAction
3879:             1             56  org.opensearch.index.seqno.RetentionLeaseActions$Add$TransportAction
3880:             1             56  org.opensearch.index.seqno.RetentionLeaseActions$Remove$TransportAction
3881:             1             56  org.opensearch.index.seqno.RetentionLeaseActions$Renew$TransportAction
3882:             1             56  org.opensearch.indexmanagement.indexstatemanagement.transport.action.changepolicy.TransportChangePolicyAction
3883:             1             56  org.opensearch.indexmanagement.indexstatemanagement.transport.action.getpolicy.TransportGetPolicyAction
3884:             1             56  org.opensearch.indexmanagement.indexstatemanagement.transport.action.indexpolicy.TransportIndexPolicyAction
3885:             1             56  org.opensearch.indexmanagement.refreshanalyzer.TransportRefreshSearchAnalyzerAction
3886:             1             56  org.opensearch.indexmanagement.rollup.action.delete.TransportDeleteRollupAction
3887:             1             56  org.opensearch.indexmanagement.rollup.action.get.TransportGetRollupAction
3888:             1             56  org.opensearch.indexmanagement.rollup.action.get.TransportGetRollupsAction
3889:             1             56  org.opensearch.indexmanagement.rollup.action.index.TransportIndexRollupAction
3890:             1             56  org.opensearch.indexmanagement.rollup.action.mapping.TransportUpdateRollupMappingAction
3891:             1             56  org.opensearch.indexmanagement.rollup.action.start.TransportStartRollupAction
3892:             1             56  org.opensearch.indexmanagement.rollup.action.stop.TransportStopRollupAction
3893:             1             56  org.opensearch.indexmanagement.snapshotmanagement.api.transport.delete.TransportDeleteSMPolicyAction
3894:             1             56  org.opensearch.indexmanagement.snapshotmanagement.api.transport.explain.TransportExplainSMAction
3895:             1             56  org.opensearch.indexmanagement.snapshotmanagement.api.transport.get.TransportGetSMPoliciesAction
3896:             1             56  org.opensearch.indexmanagement.snapshotmanagement.api.transport.get.TransportGetSMPolicyAction
3897:             1             56  org.opensearch.indexmanagement.snapshotmanagement.api.transport.start.TransportStartSMAction
3898:             1             56  org.opensearch.indexmanagement.snapshotmanagement.api.transport.stop.TransportStopSMAction
3899:             1             56  org.opensearch.indexmanagement.transform.action.delete.TransportDeleteTransformsAction
3900:             1             56  org.opensearch.indexmanagement.transform.action.explain.TransportExplainTransformAction
3901:             1             56  org.opensearch.indexmanagement.transform.action.get.TransportGetTransformAction
3902:             1             56  org.opensearch.indexmanagement.transform.action.get.TransportGetTransformsAction
3903:             1             56  org.opensearch.indexmanagement.transform.action.start.TransportStartTransformAction
3904:             1             56  org.opensearch.indexmanagement.transform.action.stop.TransportStopTransformAction
3905:             1             56  org.opensearch.indices.replication.SegmentReplicationTargetService
3906:             1             56  org.opensearch.ingest.IngestService
3907:             1             56  org.opensearch.knn.plugin.transport.KNNStatsTransportAction
3908:             1             56  org.opensearch.knn.plugin.transport.RemoveModelFromCacheTransportAction
3909:             1             56  org.opensearch.knn.plugin.transport.TrainingJobRouteDecisionInfoTransportAction
3910:             1             56  org.opensearch.knn.plugin.transport.UpdateModelGraveyardTransportAction
3911:             1             56  org.opensearch.knn.plugin.transport.UpdateModelMetadataTransportAction
3912:             1             56  org.opensearch.ml.action.connector.ExecuteConnectorTransportAction
3913:             1             56  org.opensearch.ml.action.connector.TransportCreateConnectorAction
3914:             1             56  org.opensearch.ml.action.controller.CreateControllerTransportAction
3915:             1             56  org.opensearch.ml.action.controller.DeleteControllerTransportAction
3916:             1             56  org.opensearch.ml.action.model_group.TransportUpdateModelGroupAction
3917:             1             56  org.opensearch.ml.action.upload_chunk.TransportRegisterModelMetaAction
3918:             1             56  org.opensearch.ml.engine.algorithms.metrics_correlation.MetricsCorrelation
3919:             1             56  org.opensearch.monitor.jvm.JvmInfo$Mem
3920:             1             56  org.opensearch.performanceanalyzer.OpenSearchResources
3921:             1             56  org.opensearch.performanceanalyzer.collectors.CacheConfigMetricsCollector
3922:             1             56  org.opensearch.performanceanalyzer.collectors.CircuitBreakerCollector
3923:             1             56  org.opensearch.performanceanalyzer.collectors.ClusterManagerServiceMetrics
3924:             1             56  org.opensearch.performanceanalyzer.collectors.NodeDetailsCollector
3925:             1             56  org.opensearch.performanceanalyzer.commons.collectors.DisksCollector
3926:             1             56  org.opensearch.performanceanalyzer.commons.collectors.GCInfoCollector
3927:             1             56  org.opensearch.performanceanalyzer.commons.collectors.HeapMetricsCollector
3928:             1             56  org.opensearch.performanceanalyzer.commons.collectors.NetworkInterfaceCollector
3929:             1             56  org.opensearch.performanceanalyzer.commons.config.PluginSettings
3930:             1             56  org.opensearch.persistent.CompletionPersistentTaskAction$TransportAction
3931:             1             56  org.opensearch.persistent.RemovePersistentTaskAction$TransportAction
3932:             1             56  org.opensearch.persistent.StartPersistentTaskAction$TransportAction
3933:             1             56  org.opensearch.persistent.UpdatePersistentTaskStatusAction$TransportAction
3934:             1             56  org.opensearch.replication.action.index.TransportReplicateIndexAction
3935:             1             56  org.opensearch.replication.action.index.block.TransportUpddateIndexBlockAction
3936:             1             56  org.opensearch.replication.action.replicationstatedetails.TransportUpdateReplicationStateDetails
3937:             1             56  org.opensearch.replication.action.repository.TransportGetStoreMetadataAction
3938:             1             56  org.opensearch.replication.action.repository.TransportReleaseLeaderResourcesAction
3939:             1             56  org.opensearch.replication.action.stats.TransportAutoFollowStatsAction
3940:             1             56  org.opensearch.repositories.s3.GenericStatsMetricPublisher
3941:             1             56  org.opensearch.search.aggregations.metrics.MaxAggregationBuilder
3942:             1             56  org.opensearch.search.asynchronous.management.AsynchronousSearchManagementService
3943:             1             56  org.opensearch.search.asynchronous.transport.TransportAsynchronousSearchStatsAction
3944:             1             56  org.opensearch.search.backpressure.SearchBackpressureService
3945:             1             56  org.opensearch.search.dfs.DfsSearchResult
3946:             1             56  org.opensearch.security.dlic.rest.api.AccountApiAction
3947:             1             56  org.opensearch.security.dlic.rest.api.AuditApiAction
3948:             1             56  org.opensearch.security.dlic.rest.api.InternalUsersApiAction
3949:             1             56  org.opensearch.security.dlic.rest.api.SecurityConfigApiAction
3950:             1             56  org.opensearch.security.dlic.rest.api.SecuritySSLCertsApiAction
3951:             1             56  org.opensearch.security.filter.SecurityRestFilter
3952:             1             56  org.opensearch.securityanalytics.SecurityAnalyticsPlugin
3953:             1             56  org.opensearch.securityanalytics.transport.TransportAckCorrelationAlertsAction
3954:             1             56  org.opensearch.securityanalytics.transport.TransportAcknowledgeAlertsAction
3955:             1             56  org.opensearch.securityanalytics.transport.TransportGetAlertsAction
3956:             1             56  org.opensearch.securityanalytics.transport.TransportGetCorrelationAlertsAction
3957:             1             56  org.opensearch.securityanalytics.transport.TransportGetDetectorAction
3958:             1             56  org.opensearch.securityanalytics.transport.TransportSearchCustomLogTypeAction
3959:             1             56  org.opensearch.securityanalytics.transport.TransportSearchRuleAction
3960:             1             56  org.opensearch.snapshots.InternalSnapshotsInfoService
3961:             1             56  org.opensearch.snapshots.RestoreService
3962:             1             56  org.opensearch.snapshots.SnapshotsService$UpdateSnapshotStatusAction
3963:             1             56  org.opensearch.timeseries.cluster.ClusterManagerEventListener
3964:             1             56  org.opensearch.timeseries.feature.FeatureManager
3965:             1             56  org.opensearch.transport.TcpTransport$ProfileSettings
3966:             1             56  sun.security.provider.SHA (java.base@21.0.3)
3967:             1             56  sun.security.ssl.SSLContextImpl$TLS13Context (java.base@21.0.3)
3968:             1             48  [Lcom.fasterxml.jackson.annotation.JsonInclude$Include;
3969:             1             48  [Lcom.fasterxml.jackson.annotation.JsonInclude$Include;
3970:             1             48  [Lcom.fasterxml.jackson.annotation.PropertyAccessor;
3971:             1             48  [Lcom.fasterxml.jackson.annotation.PropertyAccessor;
3972:             1             48  [Lcom.fasterxml.jackson.core.StreamWriteFeature;
3973:             3             48  [Lcom.fasterxml.jackson.databind.JavaType;
3974:             3             48  [Lcom.fasterxml.jackson.databind.JavaType;
3975:             2             48  [Lcom.google.common.cache.LocalCache$Segment;
3976:             1             48  [Lcom.sun.management.VMOption$Origin; (jdk.management@21.0.3)
3977:             1             48  [Ljava.lang.management.MemoryPoolMXBean; (java.management@21.0.3)
3978:             1             48  [Ljava.lang.reflect.ProxyGenerator$PrimitiveTypeInfo; (java.base@21.0.3)
3979:             1             48  [Ljava.math.RoundingMode; (java.base@21.0.3)
3980:             2             48  [Ljava.nio.file.FileVisitOption; (java.base@21.0.3)
3981:             1             48  [Ljava.security.cert.CertPathValidatorException$BasicReason; (java.base@21.0.3)
3982:             3             48  [Ljava.util.regex.IntHashSet; (java.base@21.0.3)
3983:             1             48  [Lorg.apache.logging.log4j.core.appender.rolling.FileExtension;
3984:             1             48  [Lorg.apache.logging.log4j.core.appender.rolling.RolloverFrequency;
3985:             2             48  [Lorg.apache.lucene.codecs.lucene90.Lucene90StoredFieldsFormat$Mode;
3986:             1             48  [Lorg.apache.lucene.index.MergeTrigger;
3987:             2             48  [Lorg.apache.lucene.search.SortField;
3988:             2             48  [Lorg.apache.lucene.search.TotalHits$Relation;
3989:             2             48  [Lorg.opensearch.action.search.SearchType;
3990:             1             48  [Lorg.opensearch.common.Rounding$DateTimeUnit;
3991:             2             48  [Lorg.opensearch.common.cache.CacheType;
3992:             2             48  [Lorg.opensearch.core.common.transport.TransportAddress;
3993:             2             48  [Lorg.opensearch.core.tasks.resourcetracker.ResourceStats;
3994:             1             48  [Lorg.opensearch.index.mapper.DynamicTemplate$XContentFieldType;
3995:             1             48  [Lorg.opensearch.index.mapper.NumberFieldMapper$NumberType;
3996:             2             48  [Lorg.opensearch.index.query.Operator;
3997:             2             48  [Lorg.opensearch.index.remote.RemoteStoreEnums$PathHashAlgorithm;
3998:             2             48  [Lorg.opensearch.index.translog.Translog$Durability;
3999:             1             48  [Lorg.opensearch.indices.analysis.PreBuiltAnalyzers;
4000:             2             48  [Lorg.opensearch.indices.replication.common.ReplicationType;
4001:             1             48  [Lorg.opensearch.ml.stats.MLClusterLevelStat;
4002:             2             48  [Lorg.opensearch.node.remotestore.RemoteStoreNodeService$CompatibilityMode;
4003:             2             48  [Lorg.opensearch.observability.settings.PluginSettings$AdminAccess;
4004:             1             48  [Lorg.opensearch.performanceanalyzer.commons.stats.eval.Statistics;
4005:             2             48  [Lorg.opensearch.persistent.decider.EnableAssignmentDecider$Allocation;
4006:             1             48  [Lorg.opensearch.replication.task.ReplicationState;
4007:             2             48  [Lorg.opensearch.repositories.s3.utils.Protocol;
4008:             2             48  [Lorg.opensearch.rest.RestHandler$Route;
4009:             1             48  [Lorg.reflections.vfs.Vfs$DefaultUrlTypes;
4010:             2             48  [Lsun.security.validator.CADistrustPolicy; (java.base@21.0.3)
4011:             1             48  [Lsun.security.x509.NetscapeCertTypeExtension$MapEntry; (java.base@21.0.3)
4012:             1             48  com.amazon.dlic.auth.ldap.backend.LDAPAuthorizationBackend
4013:             2             48  com.fasterxml.jackson.annotation.JacksonInject$Value
4014:             1             48  com.fasterxml.jackson.core.JsonLocation
4015:             2             48  com.fasterxml.jackson.core.util.DefaultIndenter
4016:             1             48  com.fasterxml.jackson.core.util.Separators
4017:             2             48  com.fasterxml.jackson.databind.AnnotationIntrospector$ReferenceProperty$Type
4018:             1             48  com.fasterxml.jackson.databind.cfg.ConfigOverride$Empty
4019:             1             48  com.fasterxml.jackson.databind.cfg.ConfigOverride$Empty
4020:             1             48  com.fasterxml.jackson.databind.cfg.ConfigOverride$Empty
4021:             2             48  com.fasterxml.jackson.databind.deser.impl.NullsConstantProvider
4022:             2             48  com.fasterxml.jackson.databind.deser.std.StdKeyDeserializer$StringKD
4023:             1             48  com.fasterxml.jackson.databind.deser.std.UntypedObjectDeserializer
4024:             2             48  com.fasterxml.jackson.databind.ser.std.BooleanSerializer
4025:             2             48  com.fasterxml.jackson.databind.ser.std.BooleanSerializer
4026:             2             48  com.fasterxml.jackson.databind.ser.std.BooleanSerializer
4027:             1             48  com.fasterxml.jackson.databind.util.StdDateFormat
4028:             1             48  com.fasterxml.jackson.databind.util.StdDateFormat
4029:             1             48  com.fasterxml.jackson.databind.util.StdDateFormat
4030:             2             48  com.google.common.cache.LocalCache$AccessQueue$1
4031:             3             48  com.google.common.cache.LocalCache$LocalLoadingCache
4032:             1             48  com.google.common.collect.Multimaps$CustomSetMultimap
4033:             2             48  com.google.common.collect.Sets$1
4034:             2             48  com.google.gson.internal.bind.TypeAdapters$33
4035:             2             48  com.intel.qat.QatZipper$Algorithm
4036:             2             48  com.intel.qat.QatZipper$Mode
4037:             2             48  com.sun.jmx.mbeanserver.ClassLoaderRepositorySupport$LoaderEntry (java.management@21.0.3)
4038:             1             48  com.sun.jmx.mbeanserver.DefaultMXBeanMappingFactory$Mappings (java.management@21.0.3)
4039:             1             48  com.sun.jmx.mbeanserver.MBeanIntrospector$MBeanInfoMap (java.management@21.0.3)
4040:             1             48  com.sun.jmx.mbeanserver.MBeanIntrospector$PerInterfaceMap (java.management@21.0.3)
4041:             2             48  com.sun.jmx.mbeanserver.WeakIdentityHashMap (java.management@21.0.3)
4042:             2             48  com.sun.jna.Memory$MemoryDisposer
4043:             2             48  com.sun.jna.NativeMappedConverter
4044:             2             48  io.netty.bootstrap.ServerBootstrap$ServerBootstrapAcceptor$1
4045:             2             48  io.netty.buffer.PoolArena$SizeClass
4046:             2             48  io.netty.buffer.PooledByteBufAllocator$PoolThreadLocalCache
4047:             2             48  io.netty.channel.ChannelMetadata
4048:             2             48  io.netty.channel.FixedRecvByteBufAllocator
4049:             3             48  io.netty.channel.ReflectiveChannelFactory
4050:             2             48  io.netty.handler.logging.ByteBufFormat
4051:             1             48  io.netty.handler.ssl.JdkSslClientContext
4052:             3             48  io.netty.util.DefaultAttributeMap
4053:             1             48  io.netty.util.ResourceLeakDetector$TraceRecord$1
4054:             3             48  io.netty.util.concurrent.MultithreadEventExecutorGroup$1
4055:             3             48  io.netty.util.concurrent.PromiseTask$SentinelRunnable
4056:             3             48  io.netty.util.concurrent.PromiseTask$SentinelRunnable
4057:             3             48  io.netty.util.concurrent.ThreadPerTaskExecutor
4058:             2             48  io.protostuff.runtime.ArrayFieldMap
4059:             2             48  io.protostuff.runtime.RuntimePipeSchema
4060:             1             48  java.io.BufferedInputStream (java.base@21.0.3)
4061:             2             48  java.io.File$PathStatus (java.base@21.0.3)
4062:             3             48  java.io.ObjectStreamClass$$Lambda/0x00007fcd29178028 (java.base@21.0.3)
4063:             1             48  java.lang.NullPointerException (java.base@21.0.3)
4064:             1             48  java.lang.invoke.BoundMethodHandle$Specializer$Factory (java.base@21.0.3)
4065:             1             48  java.lang.invoke.VarHandleReferences$Array (java.base@21.0.3)
4066:             1             48  java.lang.invoke.VarHandleSegmentAsBytes (java.base@21.0.3)
4067:             1             48  java.lang.invoke.VarHandleSegmentAsInts (java.base@21.0.3)
4068:             1             48  java.lang.invoke.VarHandleSegmentAsLongs (java.base@21.0.3)
4069:             1             48  java.lang.invoke.VarHandleSegmentAsShorts (java.base@21.0.3)
4070:             3             48  java.nio.charset.CodingErrorAction (java.base@21.0.3)
4071:             3             48  java.security.AllPermissionCollection (java.base@21.0.3)
4072:             2             48  java.security.Provider$OPType (java.base@21.0.3)
4073:             3             48  java.text.AttributedCharacterIterator$Attribute (java.base@21.0.3)
4074:             2             48  java.text.BreakIterator$BreakIteratorCache (java.base@21.0.3)
4075:             2             48  java.time.OffsetDateTime (java.base@21.0.3)
4076:             2             48  java.time.OffsetTime (java.base@21.0.3)
4077:             2             48  java.time.chrono.IsoEra (java.base@21.0.3)
4078:             2             48  java.time.chrono.MinguoEra (java.base@21.0.3)
4079:             2             48  java.time.chrono.ThaiBuddhistEra (java.base@21.0.3)
4080:             3             48  java.time.format.DateTimeFormatterBuilder$1 (java.base@21.0.3)
4081:             3             48  java.util.Base64$Decoder (java.base@21.0.3)
4082:             2             48  java.util.Collections$UnmodifiableList (java.base@21.0.3)
4083:             3             48  java.util.Comparator$$Lambda/0x00007fcd289f2cc8 (java.base@21.0.3)
4084:             3             48  java.util.EnumMap$KeySet (java.base@21.0.3)
4085:             3             48  java.util.EnumMap$Values (java.base@21.0.3)
4086:             2             48  java.util.Formatter$BigDecimalLayoutForm (java.base@21.0.3)
4087:             2             48  java.util.KeyValueHolder (java.base@21.0.3)
4088:             3             48  java.util.ResourceBundle$NoFallbackControl (java.base@21.0.3)
4089:             2             48  java.util.concurrent.ConcurrentHashMap$MapEntry (java.base@21.0.3)
4090:             3             48  java.util.concurrent.ConcurrentSkipListMap$KeySet (java.base@21.0.3)
4091:             2             48  java.util.concurrent.SynchronousQueue$Transferer (java.base@21.0.3)
4092:             3             48  java.util.concurrent.atomic.AtomicMarkableReference (java.base@21.0.3)
4093:             2             48  java.util.logging.Logger$LoggerBundle (java.logging@21.0.3)
4094:             2             48  java.util.stream.ReferencePipeline$2$1 (java.base@21.0.3)
4095:             2             48  javax.crypto.CryptoPermissions (java.base@21.0.3)
4096:             2             48  javax.management.NotificationBroadcasterSupport (java.management@21.0.3)
4097:             2             48  javax.security.auth.AuthPermission (java.base@21.0.3)
4098:             1             48  jdk.internal.foreign.layout.ValueLayouts$OfBooleanImpl (java.base@21.0.3)
4099:             1             48  jdk.internal.foreign.layout.ValueLayouts$OfByteImpl (java.base@21.0.3)
4100:             1             48  jdk.internal.icu.util.CodePointTrie$Fast16 (java.base@21.0.3)
4101:             2             48  jdk.internal.icu.util.CodePointTrie$Type (java.base@21.0.3)
4102:             1             48  jdk.internal.jimage.ImageHeader (java.base@21.0.3)
4103:             2             48  jdk.internal.misc.Signal$NativeHandler (java.base@21.0.3)
4104:             2             48  jdk.internal.reflect.ReflectionFactory$Config (java.base@21.0.3)
4105:             1             48  jdk.management.jfr.FlightRecorderMXBeanImpl (jdk.management.jfr@21.0.3)
4106:             3             48  jdk.proxy1.$Proxy42 (jdk.proxy1)
4107:             1             48  joptsimple.OptionParser
4108:             2             48  kotlin.coroutines.CombinedContext
4109:             2             48  kotlinx.coroutines.JobImpl
4110:             3             48  kotlinx.coroutines.internal.ContextScope
4111:             3             48  kotlinx.coroutines.internal.Symbol
4112:             2             48  kotlinx.coroutines.scheduling.TaskMode
4113:             1             48  org.apache.logging.log4j.core.appender.ConsoleAppender
4114:             3             48  org.apache.logging.log4j.core.config.DefaultAdvertiser
4115:             2             48  org.apache.logging.log4j.core.config.plugins.util.PluginManager
4116:             2             48  org.apache.logging.log4j.core.config.status.StatusConfiguration$Verbosity
4117:             1             48  org.apache.logging.log4j.core.impl.Log4jProvider
4118:             2             48  org.apache.logging.log4j.core.util.datetime.FastDateFormat
4119:             2             48  org.apache.logging.log4j.core.util.datetime.FastDatePrinter$PaddedNumberField
4120:             2             48  org.apache.logging.log4j.core.util.datetime.FormatCache$MultipartKey
4121:             1             48  org.apache.logging.log4j.status.StatusLogger
4122:             2             48  org.apache.logging.log4j.util.PropertiesUtil$Environment
4123:             2             48  org.apache.logging.log4j.util.PropertyFilePropertySource
4124:             3             48  org.apache.lucene.analysis.Analyzer$TokenStreamComponents$$Lambda/0x00007fcd29266150
4125:             1             48  org.apache.lucene.analysis.CharArrayMap$EmptyCharArrayMap
4126:             2             48  org.apache.lucene.analysis.classic.ClassicAnalyzer$$Lambda/0x00007fcd29268420
4127:             2             48  org.apache.lucene.analysis.core.SimpleAnalyzer
4128:             2             48  org.apache.lucene.analysis.core.StopAnalyzer
4129:             2             48  org.apache.lucene.analysis.id.IndonesianStemmer
4130:             2             48  org.apache.lucene.backward_codecs.lucene50.Lucene50StoredFieldsFormat$Mode
4131:             3             48  org.apache.lucene.backward_codecs.lucene70.Lucene70SegmentInfoFormat
4132:             2             48  org.apache.lucene.backward_codecs.lucene80.Lucene80DocValuesFormat$Mode
4133:             3             48  org.apache.lucene.backward_codecs.lucene86.Lucene86PointsFormat
4134:             3             48  org.apache.lucene.backward_codecs.lucene86.Lucene86SegmentInfoFormat
4135:             2             48  org.apache.lucene.backward_codecs.lucene87.Lucene87Codec$1
4136:             2             48  org.apache.lucene.backward_codecs.lucene87.Lucene87Codec$2
4137:             2             48  org.apache.lucene.backward_codecs.lucene87.Lucene87StoredFieldsFormat$Mode
4138:             2             48  org.apache.lucene.backward_codecs.lucene91.Lucene91Codec$1
4139:             2             48  org.apache.lucene.backward_codecs.lucene91.Lucene91Codec$2
4140:             2             48  org.apache.lucene.backward_codecs.lucene91.Lucene91Codec$3
4141:             2             48  org.apache.lucene.backward_codecs.lucene91.Lucene91HnswVectorsFormat
4142:             2             48  org.apache.lucene.backward_codecs.lucene92.Lucene92Codec$1
4143:             2             48  org.apache.lucene.backward_codecs.lucene92.Lucene92Codec$2
4144:             2             48  org.apache.lucene.backward_codecs.lucene92.Lucene92Codec$3
4145:             2             48  org.apache.lucene.backward_codecs.lucene92.Lucene92HnswVectorsFormat
4146:             2             48  org.apache.lucene.backward_codecs.lucene94.Lucene94Codec$1
4147:             2             48  org.apache.lucene.backward_codecs.lucene94.Lucene94Codec$2
4148:             2             48  org.apache.lucene.backward_codecs.lucene94.Lucene94Codec$3
4149:             2             48  org.apache.lucene.backward_codecs.lucene94.Lucene94HnswVectorsFormat
4150:             2             48  org.apache.lucene.codecs.lucene90.Lucene90StoredFieldsFormat$Mode
4151:             2             48  org.apache.lucene.document.Field$Store
4152:             2             48  org.apache.lucene.document.InvertableType
4153:             2             48  org.apache.lucene.queryparser.classic.QueryParser$Operator
4154:             2             48  org.apache.lucene.search.MatchAllDocsQuery
4155:             1             48  org.apache.lucene.search.PrefixQuery
4156:             2             48  org.apache.lucene.search.TopDocs
4157:             2             48  org.apache.lucene.search.TotalHits$Relation
4158:             2             48  org.apache.lucene.util.FileDeleter$MsgType
4159:             1             48  org.apache.lucene.util.automaton.CompiledAutomaton
4160:             2             48  org.apache.lucene.util.fst.ReverseBytesReader
4161:             1             48  org.apache.lucene.util.packed.BulkOperationPacked1
4162:             1             48  org.apache.lucene.util.packed.BulkOperationPacked10
4163:             1             48  org.apache.lucene.util.packed.BulkOperationPacked11
4164:             1             48  org.apache.lucene.util.packed.BulkOperationPacked12
4165:             1             48  org.apache.lucene.util.packed.BulkOperationPacked13
4166:             1             48  org.apache.lucene.util.packed.BulkOperationPacked14
4167:             1             48  org.apache.lucene.util.packed.BulkOperationPacked15
4168:             1             48  org.apache.lucene.util.packed.BulkOperationPacked16
4169:             1             48  org.apache.lucene.util.packed.BulkOperationPacked17
4170:             1             48  org.apache.lucene.util.packed.BulkOperationPacked18
4171:             1             48  org.apache.lucene.util.packed.BulkOperationPacked19
4172:             1             48  org.apache.lucene.util.packed.BulkOperationPacked2
4173:             1             48  org.apache.lucene.util.packed.BulkOperationPacked20
4174:             1             48  org.apache.lucene.util.packed.BulkOperationPacked21
4175:             1             48  org.apache.lucene.util.packed.BulkOperationPacked22
4176:             1             48  org.apache.lucene.util.packed.BulkOperationPacked23
4177:             1             48  org.apache.lucene.util.packed.BulkOperationPacked24
4178:             1             48  org.apache.lucene.util.packed.BulkOperationPacked3
4179:             1             48  org.apache.lucene.util.packed.BulkOperationPacked4
4180:             1             48  org.apache.lucene.util.packed.BulkOperationPacked5
4181:             1             48  org.apache.lucene.util.packed.BulkOperationPacked6
4182:             1             48  org.apache.lucene.util.packed.BulkOperationPacked7
4183:             1             48  org.apache.lucene.util.packed.BulkOperationPacked8
4184:             1             48  org.apache.lucene.util.packed.BulkOperationPacked9
4185:             3             48  org.bouncycastle.pqc.jcajce.provider.bike.BIKEKeyFactorySpi
4186:             2             48  org.bouncycastle.pqc.jcajce.provider.falcon.FalconKeyFactorySpi
4187:             3             48  org.bouncycastle.pqc.jcajce.provider.hqc.HQCKeyFactorySpi
4188:             2             48  org.greenrobot.eventbus.PendingPostQueue
4189:             1             48  org.greenrobot.eventbus.SubscriberMethodFinder$FindState
4190:             2             48  org.ietf.jgss.Oid (java.security.jgss@21.0.3)
4191:             3             48  org.locationtech.jts.geom.PrecisionModel$Type
4192:             2             48  org.locationtech.spatial4j.io.PolyshapeReader
4193:             2             48  org.locationtech.spatial4j.io.WKTReader
4194:             2             48  org.opensearch.action.OriginalIndices
4195:             1             48  org.opensearch.action.admin.cluster.configuration.TransportClearVotingConfigExclusionsAction
4196:             1             48  org.opensearch.action.admin.cluster.decommission.awareness.get.TransportGetDecommissionStateAction
4197:             1             48  org.opensearch.action.admin.cluster.node.tasks.list.ListTasksRequest
4198:             1             48  org.opensearch.action.admin.cluster.repositories.get.TransportGetRepositoriesAction
4199:             1             48  org.opensearch.action.admin.indices.datastream.GetDataStreamAction$TransportAction
4200:             1             48  org.opensearch.action.admin.indices.exists.indices.TransportIndicesExistsAction
4201:             1             48  org.opensearch.action.admin.indices.forcemerge.TransportForceMergeAction
4202:             1             48  org.opensearch.action.admin.indices.recovery.TransportRecoveryAction
4203:             1             48  org.opensearch.action.admin.indices.resolve.ResolveIndexAction$TransportAction
4204:             1             48  org.opensearch.action.admin.indices.segments.TransportIndicesSegmentsAction
4205:             1             48  org.opensearch.action.admin.indices.stats.TransportIndicesStatsAction
4206:             1             48  org.opensearch.action.admin.indices.template.get.TransportGetComponentTemplateAction
4207:             1             48  org.opensearch.action.admin.indices.template.get.TransportGetComposableIndexTemplateAction
4208:             1             48  org.opensearch.action.admin.indices.template.get.TransportGetIndexTemplatesAction
4209:             1             48  org.opensearch.action.admin.indices.upgrade.get.TransportUpgradeStatusAction
4210:             1             48  org.opensearch.action.fieldcaps.TransportFieldCapabilitiesAction
4211:             1             48  org.opensearch.action.fieldcaps.TransportFieldCapabilitiesIndexAction
4212:             1             48  org.opensearch.action.ingest.GetPipelineTransportAction
4213:             1             48  org.opensearch.action.search.GetSearchPipelineTransportAction
4214:             1             48  org.opensearch.action.search.TransportMultiSearchAction
4215:             2             48  org.opensearch.ad.ADTaskProfileRunner
4216:             2             48  org.opensearch.ad.client.AnomalyDetectionNodeClient
4217:             1             48  org.opensearch.ad.settings.ADEnabledSetting$1
4218:             1             48  org.opensearch.ad.settings.ADNumericSetting$1
4219:             1             48  org.opensearch.ad.transport.RCFPollingTransportAction
4220:             1             48  org.opensearch.ad.transport.RCFResultTransportAction
4221:             1             48  org.opensearch.ad.transport.SearchAnomalyResultTransportAction
4222:             1             48  org.opensearch.ad.transport.StatsAnomalyDetectorTransportAction
4223:             1             48  org.opensearch.alerting.transport.TransportAcknowledgeAlertAction
4224:             1             48  org.opensearch.alerting.transport.TransportAcknowledgeChainedAlertAction
4225:             1             48  org.opensearch.alerting.transport.TransportDeleteAlertingCommentAction
4226:             1             48  org.opensearch.alerting.transport.TransportDeleteMonitorAction
4227:             1             48  org.opensearch.alerting.transport.TransportExecuteWorkflowAction
4228:             1             48  org.opensearch.alerting.transport.TransportGetAlertsAction
4229:             1             48  org.opensearch.alerting.transport.TransportGetDestinationsAction
4230:             1             48  org.opensearch.alerting.transport.TransportGetEmailAccountAction
4231:             1             48  org.opensearch.alerting.transport.TransportGetEmailGroupAction
4232:             1             48  org.opensearch.alerting.transport.TransportGetFindingsSearchAction
4233:             1             48  org.opensearch.alerting.transport.TransportGetMonitorAction
4234:             1             48  org.opensearch.alerting.transport.TransportGetWorkflowAction
4235:             1             48  org.opensearch.alerting.transport.TransportGetWorkflowAlertsAction
4236:             1             48  org.opensearch.alerting.transport.TransportSearchAlertingCommentAction
4237:             1             48  org.opensearch.alerting.transport.TransportSearchMonitorAction
4238:             2             48  org.opensearch.alerting.util.DocLevelMonitorQueries
4239:             2             48  org.opensearch.bootstrap.OpenSearchPolicy$BadDefaultPermission
4240:             1             48  org.opensearch.client.node.NodeClient
4241:             1             48  org.opensearch.cluster.NodeConnectionsService
4242:             1             48  org.opensearch.cluster.coordination.CoordinationState
4243:             2             48  org.opensearch.cluster.coordination.CoordinationState$VoteCollection
4244:             2             48  org.opensearch.cluster.coordination.PersistedStateRegistry$PersistedStateType
4245:             3             48  org.opensearch.cluster.metadata.AliasValidator
4246:             2             48  org.opensearch.cluster.metadata.ComponentTemplate
4247:             3             48  org.opensearch.cluster.metadata.DataStream$TimestampField
4248:             1             48  org.opensearch.cluster.metadata.MetadataIndexStateService
4249:             1             48  org.opensearch.cluster.metadata.MetadataUpdateSettingsService
4250:             2             48  org.opensearch.cluster.node.DiscoveryNodeFilters$OpType
4251:             2             48  org.opensearch.cluster.routing.RoutingTable
4252:             3             48  org.opensearch.cluster.routing.WeightedRoutingService$$Lambda/0x00007fcd28e22ef0
4253:             3             48  org.opensearch.cluster.routing.WeightedRoutingService$$Lambda/0x00007fcd28e23120
4254:             1             48  org.opensearch.common.Rounding$DateTimeUnit$5
4255:             1             48  org.opensearch.common.Rounding$DateTimeUnit$6
4256:             1             48  org.opensearch.common.Rounding$DateTimeUnit$7
4257:             1             48  org.opensearch.common.Rounding$DateTimeUnit$8
4258:             3             48  org.opensearch.common.hash.MessageDigests$$Lambda/0x00007fcd280d6c78
4259:             3             48  org.opensearch.common.inject.InjectorImpl$BindingsMultimap
4260:             3             48  org.opensearch.common.inject.TypeConverterBindingProcessor$1
4261:             3             48  org.opensearch.common.inject.TypeConverterBindingProcessor$2
4262:             3             48  org.opensearch.common.inject.TypeConverterBindingProcessor$3
4263:             3             48  org.opensearch.common.inject.TypeConverterBindingProcessor$4
4264:             3             48  org.opensearch.common.inject.WeakKeySet
4265:             3             48  org.opensearch.common.inject.matcher.Matchers$SubclassesOf
4266:             2             48  org.opensearch.common.logging.LoggingOutputStream
4267:             1             48  org.opensearch.common.settings.ClusterSettings
4268:             2             48  org.opensearch.common.settings.Setting$$Lambda/0x00007fcd280bde50
4269:             3             48  org.opensearch.common.settings.Setting$$Lambda/0x00007fcd284a0a78
4270:             1             48  org.opensearch.common.settings.SettingsModule
4271:             1             48  org.opensearch.common.time.EpochTime$6
4272:             1             48  org.opensearch.common.util.concurrent.TimedRunnable
4273:             2             48  org.opensearch.core.common.breaker.CircuitBreaker$Durability
4274:             2             48  org.opensearch.core.common.transport.BoundTransportAddress
4275:             2             48  org.opensearch.core.tasks.resourcetracker.ResourceUsageInfo$ResourceStatsInfo
4276:             2             48  org.opensearch.core.tasks.resourcetracker.ResourceUsageMetric
4277:             1             48  org.opensearch.flowframework.transport.GetWorkflowTransportAction
4278:             1             48  org.opensearch.forecast.ml.ForecastModelManager
4279:             1             48  org.opensearch.forecast.settings.ForecastEnabledSetting$1
4280:             1             48  org.opensearch.forecast.settings.ForecastNumericSetting$1
4281:             1             48  org.opensearch.gateway.PersistedClusterStateService$Writer
4282:             1             48  org.opensearch.geospatial.ip2geo.action.PutDatasourceTransportAction
4283:             1             48  org.opensearch.geospatial.ip2geo.action.UpdateDatasourceTransportAction
4284:             1             48  org.opensearch.grok.MatcherWatchdog$Default
4285:             1             48  org.opensearch.http.HttpHandlingSettings
4286:             1             48  org.opensearch.http.netty4.ssl.SecureNetty4HttpServerTransport$SslHttpChannelHandler
4287:             2             48  org.opensearch.identity.IdentityService
4288:             2             48  org.opensearch.index.IndexService$IndexCreationContext
4289:             1             48  org.opensearch.index.SegmentReplicationPressureService$AsyncFailStaleReplicaTask
4290:             1             48  org.opensearch.index.analysis.AnalysisRegistry
4291:             2             48  org.opensearch.index.codec.customcodecs.Lucene99QatStoredFieldsFormat
4292:             2             48  org.opensearch.index.codec.customcodecs.QatCompressionMode
4293:             2             48  org.opensearch.index.engine.Engine$SearcherScope
4294:             2             48  org.opensearch.index.fielddata.plain.SortedNumericIndexFieldData
4295:             1             48  org.opensearch.index.query.BoolQueryBuilder
4296:             2             48  org.opensearch.index.query.Operator
4297:             1             48  org.opensearch.index.query.RangeQueryBuilder
4298:             3             48  org.opensearch.index.query.functionscore.DecayFunctionParser
4299:             1             48  org.opensearch.index.refresh.RefreshStats
4300:             1             48  org.opensearch.index.reindex.TransportDeleteByQueryAction
4301:             1             48  org.opensearch.index.reindex.TransportUpdateByQueryAction
4302:             1             48  org.opensearch.index.remote.RemoteStorePressureSettings
4303:             2             48  org.opensearch.index.seqno.RetentionLeaseSyncer
4304:             2             48  org.opensearch.index.shard.ShardStateMetadata$IndexDataLocation
4305:             2             48  org.opensearch.index.store.remote.filecache.FileCacheSettings
4306:             2             48  org.opensearch.index.translog.Translog$Durability
4307:             1             48  org.opensearch.indexmanagement.controlcenter.notification.action.index.TransportIndexLRONConfigAction
4308:             1             48  org.opensearch.indexmanagement.indexstatemanagement.transport.action.deletepolicy.TransportDeletePolicyAction
4309:             1             48  org.opensearch.indexmanagement.indexstatemanagement.transport.action.explain.TransportExplainAction
4310:             1             48  org.opensearch.indexmanagement.indexstatemanagement.transport.action.getpolicy.TransportGetPoliciesAction
4311:             1             48  org.opensearch.indexmanagement.rollup.action.explain.TransportExplainRollupAction
4312:             1             48  org.opensearch.indexmanagement.transform.action.preview.TransportPreviewTransformAction
4313:             1             48  org.opensearch.indices.IndexingMemoryController
4314:             1             48  org.opensearch.indices.RemoteStoreSettings
4315:             1             48  org.opensearch.indices.recovery.RecoverySourceHandler$SendFileResult
4316:             2             48  org.opensearch.indices.replication.common.ReplicationCollection
4317:             2             48  org.opensearch.indices.replication.common.ReplicationType
4318:             1             48  org.opensearch.knn.index.KNNSettings$1
4319:             2             48  org.opensearch.knn.index.MethodComponentContext
4320:             3             48  org.opensearch.knn.plugin.stats.suppliers.LibraryInitializedSupplier
4321:             1             48  org.opensearch.knn.plugin.transport.ClearCacheTransportAction
4322:             1             48  org.opensearch.knn.plugin.transport.KNNWarmupTransportAction
4323:             1             48  org.opensearch.ml.action.connector.UpdateConnectorTransportAction
4324:             1             48  org.opensearch.ml.action.controller.GetControllerTransportAction
4325:             1             48  org.opensearch.ml.action.controller.UpdateControllerTransportAction
4326:             1             48  org.opensearch.ml.action.model_group.DeleteModelGroupTransportAction
4327:             1             48  org.opensearch.ml.action.model_group.GetModelGroupTransportAction
4328:             1             48  org.opensearch.ml.action.models.DeleteModelTransportAction
4329:             1             48  org.opensearch.ml.action.models.GetModelTransportAction
4330:             1             48  org.opensearch.ml.autoredeploy.MLModelAutoReDeployer
4331:             1             48  org.opensearch.ml.cluster.MLCommonsClusterManagerEventListener
4332:             2             48  org.opensearch.ml.memory.index.ConversationMetaIndex
4333:             1             48  org.opensearch.ml.task.MLTaskDispatcher
4334:             2             48  org.opensearch.monitor.StatusInfo$Status
4335:             1             48  org.opensearch.monitor.jvm.JvmGcMonitorService
4336:             1             48  org.opensearch.monitor.jvm.JvmGcMonitorService$1
4337:             2             48  org.opensearch.monitor.os.OsService
4338:             2             48  org.opensearch.monitor.os.OsStats$Cpu
4339:             1             48  org.opensearch.monitor.process.ProcessStats
4340:             1             48  org.opensearch.node.NodeResourceUsageStats
4341:             1             48  org.opensearch.node.resource.tracker.NodeResourceUsageTracker
4342:             2             48  org.opensearch.observability.settings.PluginSettings$AdminAccess
4343:             1             48  org.opensearch.painless.CompilerSettings
4344:             1             48  org.opensearch.performanceanalyzer.PerformanceAnalyzerPlugin
4345:             1             48  org.opensearch.performanceanalyzer.collectors.ClusterApplierServiceStatsCollector$ClusterApplierServiceStats
4346:             1             48  org.opensearch.performanceanalyzer.collectors.NodeStatsAllShardsMetricsCollector$1
4347:             1             48  org.opensearch.persistent.PersistentTasksClusterService
4348:             1             48  org.opensearch.persistent.PersistentTasksClusterService$PeriodicRechecker
4349:             2             48  org.opensearch.persistent.PersistentTasksCustomMetadata$Assignment
4350:             2             48  org.opensearch.persistent.decider.EnableAssignmentDecider$Allocation
4351:             1             48  org.opensearch.replication.action.status.TranportShardsInfoAction
4352:             1             48  org.opensearch.replication.action.status.TransportReplicationStatusAction
4353:             2             48  org.opensearch.replication.seqno.RemoteClusterStats
4354:             2             48  org.opensearch.replication.seqno.RemoteClusterTranslogService
4355:             1             48  org.opensearch.replication.task.index.IndexReplicationExecutor
4356:             1             48  org.opensearch.replication.task.shard.ShardReplicationExecutor
4357:             2             48  org.opensearch.repositories.RepositoryInfo
4358:             2             48  org.opensearch.repositories.s3.async.SizeBasedBlockingQ$QueueEventType
4359:             2             48  org.opensearch.repositories.s3.async.TransferSemaphoresHolder$TypeSemaphore
4360:             2             48  org.opensearch.repositories.s3.async.TransferSemaphoresHolder$TypeSemaphore$PermitType
4361:             2             48  org.opensearch.rest.action.admin.indices.RestCreateIndexAction
4362:             2             48  org.opensearch.rest.action.admin.indices.RestGetAliasesAction
4363:             2             48  org.opensearch.rest.action.admin.indices.RestGetIndicesAction
4364:             2             48  org.opensearch.rest.action.admin.indices.RestIndexPutAliasAction
4365:             2             48  org.opensearch.rest.action.admin.indices.RestRefreshAction
4366:             2             48  org.opensearch.rest.action.admin.indices.RestUpdateSettingsAction
4367:             2             48  org.opensearch.rest.action.document.RestBulkAction
4368:             2             48  org.opensearch.rest.action.document.RestBulkStreamingAction
4369:             2             48  org.opensearch.rest.action.document.RestDeleteAction
4370:             2             48  org.opensearch.rest.action.document.RestGetAction
4371:             2             48  org.opensearch.rest.action.document.RestIndexAction
4372:             2             48  org.opensearch.rest.action.document.RestIndexAction$AutoIdHandler
4373:             2             48  org.opensearch.rest.action.document.RestIndexAction$CreateHandler
4374:             2             48  org.opensearch.rest.action.document.RestMultiGetAction
4375:             2             48  org.opensearch.rest.action.document.RestUpdateAction
4376:             2             48  org.opensearch.rest.action.search.RestClearScrollAction
4377:             2             48  org.opensearch.rest.action.search.RestSearchAction
4378:             2             48  org.opensearch.rest.action.search.RestSearchScrollAction
4379:             1             48  org.opensearch.search.SearchModule
4380:             3             48  org.opensearch.search.aggregations.InternalOrder$SimpleOrder$$Lambda/0x00007fcd292f9400
4381:             1             48  org.opensearch.search.aggregations.bucket.FastFilterRewriteHelper$FastFilterContext
4382:             3             48  org.opensearch.search.aggregations.bucket.terms.LongKeyedBucketOrds$FromMany
4383:             2             48  org.opensearch.search.aggregations.metrics.AbstractPercentilesAggregationBuilder$$Lambda/0x00007fcd287b9cc0
4384:             3             48  org.opensearch.search.aggregations.support.ValuesSource$Bytes$WithOrdinals$FieldData
4385:             1             48  org.opensearch.search.asynchronous.stats.InternalAsynchronousSearchStats$CountStatsHolder
4386:             1             48  org.opensearch.search.asynchronous.transport.TransportSubmitAsynchronousSearchAction
4387:             2             48  org.opensearch.search.backpressure.trackers.CpuUsageTracker
4388:             2             48  org.opensearch.search.backpressure.trackers.ElapsedTimeTracker
4389:             2             48  org.opensearch.search.backpressure.trackers.NodeDuressTracker
4390:             1             48  org.opensearch.search.fetch.FetchSearchResult
4391:             3             48  org.opensearch.search.fetch.subphase.highlight.HighlightPhase
4392:             2             48  org.opensearch.search.internal.AliasFilter
4393:             1             48  org.opensearch.search.internal.InternalSearchResponse
4394:             1             48  org.opensearch.search.pipeline.Pipeline
4395:             2             48  org.opensearch.search.sort.SortFieldAndFormat
4396:             2             48  org.opensearch.secure_sm.ThreadPermission
4397:             1             48  org.opensearch.security.auditlog.sink.DebugSink
4398:             1             48  org.opensearch.security.auditlog.sink.SinkProvider
4399:             3             48  org.opensearch.security.compliance.ComplianceConfig$1
4400:             1             48  org.opensearch.security.dlic.rest.api.ActionGroupsApiAction
4401:             1             48  org.opensearch.security.dlic.rest.api.AllowlistApiAction
4402:             1             48  org.opensearch.security.dlic.rest.api.AuthTokenProcessorAction
4403:             1             48  org.opensearch.security.dlic.rest.api.CertificatesApiAction
4404:             1             48  org.opensearch.security.dlic.rest.api.ConfigUpgradeApiAction
4405:             1             48  org.opensearch.security.dlic.rest.api.FlushCacheApiAction
4406:             1             48  org.opensearch.security.dlic.rest.api.MigrateApiAction
4407:             1             48  org.opensearch.security.dlic.rest.api.MultiTenancyConfigApiAction
4408:             1             48  org.opensearch.security.dlic.rest.api.RolesApiAction
4409:             1             48  org.opensearch.security.dlic.rest.api.RolesMappingApiAction
4410:             1             48  org.opensearch.security.dlic.rest.api.TenantsApiAction
4411:             1             48  org.opensearch.security.dlic.rest.api.ValidateApiAction
4412:             1             48  org.opensearch.security.dlic.rest.api.WhitelistApiAction
4413:             1             48  org.opensearch.security.privileges.SecurityIndexAccessEvaluator
4414:             1             48  org.opensearch.security.rest.SecurityWhoAmIAction
4415:             1             48  org.opensearch.security.rest.TenantInfoAction
4416:             1             48  org.opensearch.security.securityconf.ConfigModelV7
4417:             1             48  org.opensearch.security.securityconf.ConfigModelV7$RoleMappingHolder
4418:             1             48  org.opensearch.security.securityconf.DynamicConfigFactory
4419:             2             48  org.opensearch.security.securityconf.impl.v7.ConfigV7$AuthzBackend
4420:             2             48  org.opensearch.security.securityconf.impl.v7.ConfigV7$AuthzDomain
4421:             2             48  org.opensearch.security.securityconf.impl.v7.ConfigV7$Http
4422:             2             48  org.opensearch.security.securityconf.impl.v7.ConfigV7$OnBehalfOfSettings
4423:             2             48  org.opensearch.security.securityconf.impl.v7.ConfigV7$Xff
4424:             2             48  org.opensearch.security.ssl.transport.PrincipalExtractor$Type
4425:             2             48  org.opensearch.security.support.SerializationFormat
4426:             1             48  org.opensearch.securityanalytics.threatIntel.common.TIFMetadata
4427:             1             48  org.opensearch.securityanalytics.transport.TransportDeleteRuleAction
4428:             1             48  org.opensearch.securityanalytics.transport.TransportListCorrelationAction
4429:             1             48  org.opensearch.securityanalytics.transport.TransportSearchCorrelationAction
4430:             1             48  org.opensearch.securityanalytics.transport.TransportSearchCorrelationRuleAction
4431:             2             48  org.opensearch.securityanalytics.util.WorkflowService
4432:             1             48  org.opensearch.snapshots.SnapshotShardsService
4433:             3             48  org.opensearch.sql.expression.function.FunctionDSL$$Lambda/0x00007fcd28b31cb0
4434:             2             48  org.opensearch.sql.expression.function.FunctionDSL$$Lambda/0x00007fcd28b5aab0
4435:             3             48  org.opensearch.sql.expression.window.WindowFunctions$$Lambda/0x00007fcd28b633f8
4436:             2             48  org.opensearch.sql.opensearch.setting.OpenSearchSettings
4437:             2             48  org.opensearch.sql.spark.asyncquery.OpenSearchAsyncQueryJobMetadataStorageService
4438:             3             48  org.opensearch.sql.spark.dispatcher.DatasourceEmbeddedQueryIdProvider
4439:             2             48  org.opensearch.sql.sql.SQLService
4440:             1             48  org.opensearch.tasks.TaskCancellationMonitoringService
4441:             3             48  org.opensearch.threadpool.AutoQueueAdjustingExecutorBuilder$$Lambda/0x00007fcd28535d58
4442:             3             48  org.opensearch.threadpool.AutoQueueAdjustingExecutorBuilder$$Lambda/0x00007fcd285361d0
4443:             3             48  org.opensearch.threadpool.AutoQueueAdjustingExecutorBuilder$$Lambda/0x00007fcd28536678
4444:             2             48  org.opensearch.timeseries.AnalysisType
4445:             1             48  org.opensearch.timeseries.NodeStateManager
4446:             2             48  org.opensearch.timeseries.caching.PriorityCache$$Lambda/0x00007fcd28a146b8
4447:             1             48  org.opensearch.timeseries.feature.SearchFeatureDao
4448:             1             48  org.opensearch.timeseries.settings.TimeSeriesEnabledSetting$1
4449:             1             48  org.opensearch.transport.ClusterConnectionManager
4450:             1             48  org.opensearch.transport.NativeMessageHandler
4451:             2             48  org.opensearch.transport.NettyByteBufSizer
4452:             2             48  org.opensearch.transport.SharedGroupFactory$SharedGroup
4453:             2             48  software.amazon.awssdk.auth.credentials.AwsBasicCredentials
4454:             3             48  sun.nio.ch.SocketDispatcher (java.base@21.0.3)
4455:             1             48  sun.nio.fs.UnixMountEntry (java.base@21.0.3)
4456:             2             48  sun.security.ec.ParametersMap (jdk.crypto.ec@21.0.3)
4457:             2             48  sun.security.jca.ProviderList (java.base@21.0.3)
4458:             2             48  sun.security.jca.ProviderList$3 (java.base@21.0.3)
4459:             3             48  sun.security.provider.X509Factory (java.base@21.0.3)
4460:             3             48  sun.security.rsa.PSSParameters (java.base@21.0.3)
4461:             2             48  sun.security.ssl.SSLAlgorithmConstraints (java.base@21.0.3)
4462:             3             48  sun.security.ssl.SSLAlgorithmDecomposer (java.base@21.0.3)
4463:             3             48  sun.security.ssl.SSLCipher$StreamReadCipherGenerator (java.base@21.0.3)
4464:             3             48  sun.security.ssl.SSLCipher$StreamWriteCipherGenerator (java.base@21.0.3)
4465:             2             48  sun.security.util.DisabledAlgorithmConstraints$jdkCAConstraint (java.base@21.0.3)
4466:             2             48  sun.security.validator.EndEntityChecker (java.base@21.0.3)
4467:             1             48  sun.text.BreakDictionary (java.base@21.0.3)
4468:             1             48  sun.text.resources.FormatData (java.base@21.0.3)
4469:             1             48  sun.text.resources.FormatData_en (java.base@21.0.3)
4470:             1             48  sun.text.resources.FormatData_en_US (java.base@21.0.3)
4471:             1             48  sun.util.resources.CalendarData (java.base@21.0.3)
4472:             1             48  sun.util.resources.CalendarData_en (java.base@21.0.3)
4473:             1             40  [Lcom.fasterxml.jackson.annotation.JsonAutoDetect$Visibility;
4474:             1             40  [Lcom.fasterxml.jackson.annotation.JsonAutoDetect$Visibility;
4475:             1             40  [Lcom.fasterxml.jackson.annotation.Nulls;
4476:             1             40  [Lcom.fasterxml.jackson.annotation.Nulls;
4477:             1             40  [Lcom.fasterxml.jackson.annotation.Nulls;
4478:             1             40  [Lcom.fasterxml.jackson.core.JsonEncoding;
4479:             1             40  [Lcom.fasterxml.jackson.core.JsonFactory$Feature;
4480:             1             40  [Lcom.fasterxml.jackson.core.JsonParser$NumberType;
4481:             1             40  [Lcom.fasterxml.jackson.core.StreamReadFeature;
4482:             1             40  [Lcom.fasterxml.jackson.core.json.JsonWriteFeature;
4483:             1             40  [Lcom.fasterxml.jackson.databind.cfg.JsonNodeFeature;
4484:             1             40  [Lcom.fasterxml.jackson.databind.cfg.JsonNodeFeature;
4485:             1             40  [Lcom.fasterxml.jackson.dataformat.smile.SmileGenerator$Feature;
4486:             1             40  [Lcom.google.gson.FieldNamingPolicy;
4487:             2             40  [Lcom.sun.jmx.mbeanserver.ClassLoaderRepositorySupport$LoaderEntry; (java.management@21.0.3)
4488:             1             40  [Lio.netty.handler.logging.LogLevel;
4489:             1             40  [Lio.netty.util.internal.logging.InternalLogLevel;
4490:             1             40  [Ljava.lang.Thread$State; (java.base@21.0.3)
4491:             1             40  [Ljava.lang.invoke.VarHandle$AccessType; (java.base@21.0.3)
4492:             1             40  [Ljava.lang.management.MemoryManagerMXBean; (java.management@21.0.3)
4493:             1             40  [Ljava.time.chrono.JapaneseEra; (java.base@21.0.3)
4494:             1             40  [Ljava.time.format.SignStyle; (java.base@21.0.3)
4495:             1             40  [Ljava.time.format.TextStyle; (java.base@21.0.3)
4496:             2             40  [Ljava.time.zone.ZoneOffsetTransitionRule; (java.base@21.0.3)
4497:             1             40  [Ljava.util.Locale$FilteringMode; (java.base@21.0.3)
4498:             1             40  [Ljava.util.stream.StreamOpFlag; (java.base@21.0.3)
4499:             1             40  [Ljavax.net.ssl.SSLEngineResult$HandshakeStatus; (java.base@21.0.3)
4500:             1             40  [Lkotlinx.coroutines.scheduling.CoroutineScheduler$WorkerState;
4501:             1             40  [Lorg.apache.logging.log4j.core.LifeCycle$State;
4502:             1             40  [Lorg.apache.logging.log4j.core.pattern.PatternParser$ParserState;
4503:             1             40  [Lorg.apache.lucene.document.StoredValue$Type;
4504:             1             40  [Lorg.apache.lucene.index.DocValuesType;
4505:             1             40  [Lorg.apache.lucene.index.IndexOptions;
4506:             1             40  [Lorg.apache.lucene.search.ScoreMode;
4507:             1             40  [Lorg.ldaptive.ReturnAttributes;
4508:             1             40  [Lorg.opensearch.Build$Type;
4509:             1             40  [Lorg.opensearch.action.DocWriteResponse$Result;
4510:             1             40  [Lorg.opensearch.ad.model.ADTaskType;
4511:             1             40  [Lorg.opensearch.alerting.util.DestinationType;
4512:             1             40  [Lorg.opensearch.cluster.metadata.IndexMetadata$APIBlock;
4513:             1             40  [Lorg.opensearch.cluster.routing.RecoverySource$Type;
4514:             1             40  [Lorg.opensearch.cluster.routing.UnassignedInfo$AllocationStatus;
4515:             1             40  [Lorg.opensearch.common.unit.SizeUnit;
4516:             1             40  [Lorg.opensearch.core.common.unit.ByteSizeUnit;
4517:             1             40  [Lorg.opensearch.index.IndexModule$Type;
4518:             1             40  [Lorg.opensearch.index.analysis.AnalysisRegistry$Component;
4519:             1             40  [Lorg.opensearch.index.engine.Engine$Operation$Origin;
4520:             1             40  [Lorg.opensearch.index.mapper.RangeType;
4521:             1             40  [Lorg.opensearch.index.query.MultiMatchQueryBuilder$Type;
4522:             1             40  [Lorg.opensearch.knn.index.SpaceType;
4523:             1             40  [Lorg.opensearch.knn.index.codec.KNNCodecVersion;
4524:             1             40  [Lorg.opensearch.ml.common.MLTaskState;
4525:             1             40  [Lorg.opensearch.performanceanalyzer.config.setting.PerformanceAnalyzerClusterSettings$PerformanceAnalyzerFeatureBits;
4526:             1             40  [Lorg.opensearch.search.MultiValueMode;
4527:             1             40  [Lorg.opensearch.security.dlic.rest.validation.PasswordValidator$ScoreStrength;
4528:             1             40  [Lorg.yaml.snakeyaml.DumperOptions$ScalarStyle;
4529:             1             40  [Lsun.security.ssl.CipherSuite$MacAlg; (java.base@21.0.3)
4530:             1             40  [Lsun.security.ssl.ContentType; (java.base@21.0.3)
4531:             1             40  [Lsun.security.ssl.SSLKeyExchange$T12KeyAgreement; (java.base@21.0.3)
4532:             1             40  [Lsun.security.ssl.X509Authentication; (java.base@21.0.3)
4533:             1             40  [Lsun.security.util.DisabledAlgorithmConstraints$Constraint$Operator; (java.base@21.0.3)
4534:             1             40  [[Ljava.lang.invoke.LambdaForm$Name; (java.base@21.0.3)
4535:             1             40  [[Lorg.joni.ast.QuantifierNode$ReduceType;
4536:             1             40  com.amazon.dlic.auth.ldap.backend.LDAPAuthenticationBackend
4537:             1             40  com.fasterxml.jackson.annotation.JsonFormat$Value
4538:             1             40  com.fasterxml.jackson.annotation.JsonFormat$Value
4539:             1             40  com.fasterxml.jackson.annotation.JsonFormat$Value
4540:             1             40  com.fasterxml.jackson.databind.cfg.ConfigOverrides
4541:             1             40  com.google.common.io.BaseEncoding$Base16Encoding
4542:             1             40  com.google.common.util.concurrent.ThreadFactoryBuilder$1
4543:             1             40  com.google.gson.internal.Excluder
4544:             1             40  com.sun.jmx.interceptor.DefaultMBeanServerInterceptor (java.management@21.0.3)
4545:             1             40  com.sun.jmx.mbeanserver.JmxMBeanServer (java.management@21.0.3)
4546:             1             40  com.sun.jmx.mbeanserver.MBeanServerDelegateImpl (java.management@21.0.3)
4547:             1             40  com.sun.management.internal.DiagnosticCommandImpl (jdk.management@21.0.3)
4548:             1             40  com.sun.management.internal.OperatingSystemImpl$ProcessCpuTicks (jdk.management@21.0.3)
4549:             1             40  com.sun.management.internal.OperatingSystemImpl$SystemCpuTicks (jdk.management@21.0.3)
4550:             1             40  io.netty.channel.AdaptiveRecvByteBufAllocator
4551:             1             40  io.netty.util.ResourceLeakDetector
4552:             1             40  io.netty.util.concurrent.DefaultPromise$StacklessCancellationException
4553:             1             40  io.netty.util.concurrent.DefaultPromise$StacklessCancellationException
4554:             1             40  java.io.IOException (java.base@21.0.3)
4555:             1             40  java.lang.ArithmeticException (java.base@21.0.3)
4556:             1             40  java.lang.ClassNotFoundException (java.base@21.0.3)
4557:             1             40  java.lang.VirtualMachineError (java.base@21.0.3)
4558:             1             40  java.lang.invoke.VarHandleLongs$Array (java.base@21.0.3)
4559:             1             40  java.util.HashMap$ValueSpliterator (java.base@21.0.3)
4560:             1             40  java.util.ResourceBundle$2 (java.base@21.0.3)
4561:             1             40  java.util.ServiceLoader$LazyClassPathLookupIterator (java.base@21.0.3)
4562:             1             40  java.util.concurrent.CompletableFuture$UniHandle (java.base@21.0.3)
4563:             1             40  javax.crypto.CryptoAllPermission (java.base@21.0.3)
4564:             1             40  jdk.internal.event.SecurityProviderServiceEvent (java.base@21.0.3)
4565:             1             40  jdk.internal.event.ThreadSleepEvent (java.base@21.0.3)
4566:             1             40  jdk.internal.foreign.NativeMemorySegmentImpl (java.base@21.0.3)
4567:             1             40  jdk.internal.logger.LazyLoggers$LazyLoggerAccessor (java.base@21.0.3)
4568:             1             40  jdk.internal.ref.CleanerImpl$CleanerCleanable (java.base@21.0.3)
4569:             1             40  jdk.nio.zipfs.ZipFileSystem$END (jdk.zipfs@21.0.3)
4570:             1             40  kotlinx.coroutines.internal.LockFreeTaskQueueCore
4571:             1             40  kotlinx.coroutines.scheduling.DefaultScheduler
4572:             1             40  kotlinx.coroutines.scheduling.DefaultScheduler
4573:             1             40  kotlinx.coroutines.scheduling.DefaultScheduler
4574:             1             40  kotlinx.coroutines.scheduling.DefaultScheduler
4575:             1             40  kotlinx.coroutines.scheduling.DefaultScheduler
4576:             1             40  kotlinx.coroutines.scheduling.LimitingDispatcher
4577:             1             40  kotlinx.coroutines.scheduling.LimitingDispatcher
4578:             1             40  kotlinx.coroutines.scheduling.LimitingDispatcher
4579:             1             40  kotlinx.coroutines.scheduling.LimitingDispatcher
4580:             1             40  kotlinx.coroutines.scheduling.LimitingDispatcher
4581:             1             40  org.apache.commons.pool2.impl.LinkedBlockingDeque
4582:             1             40  org.apache.logging.log4j.core.appender.OutputStreamManager
4583:             1             40  org.apache.logging.log4j.core.config.status.StatusConfiguration
4584:             1             40  org.apache.lucene.document.LongPoint$1
4585:             1             40  org.apache.lucene.document.SortedNumericDocValuesRangeQuery
4586:             1             40  org.apache.lucene.queryparser.classic.QueryParser$LookaheadSuccess
4587:             1             40  org.apache.lucene.store.NIOFSDirectory
4588:             1             40  org.apache.lucene.util.automaton.ByteRunAutomaton
4589:             1             40  org.bouncycastle.jce.provider.BouncyCastleProviderConfiguration
4590:             1             40  org.joni.ast.StringNode
4591:             1             40  org.locationtech.jts.geom.Coordinate
4592:             1             40  org.locationtech.spatial4j.context.SpatialContext
4593:             1             40  org.locationtech.spatial4j.context.jts.JtsSpatialContext
4594:             1             40  org.locationtech.spatial4j.shape.jts.JtsShapeFactory
4595:             1             40  org.opensearch.Build
4596:             1             40  org.opensearch.action.admin.cluster.node.info.NodeInfo
4597:             1             40  org.opensearch.action.admin.cluster.node.info.NodesInfoRequest
4598:             1             40  org.opensearch.action.admin.indices.dangling.import_index.TransportImportDanglingIndexAction
4599:             1             40  org.opensearch.action.admin.indices.flush.TransportFlushAction
4600:             1             40  org.opensearch.action.admin.indices.mapping.get.TransportGetFieldMappingsAction
4601:             1             40  org.opensearch.action.admin.indices.refresh.TransportRefreshAction
4602:             1             40  org.opensearch.action.bulk.BulkResponse
4603:             1             40  org.opensearch.action.get.TransportMultiGetAction
4604:             1             40  org.opensearch.action.ingest.SimulatePipelineTransportAction
4605:             1             40  org.opensearch.action.main.TransportMainAction
4606:             1             40  org.opensearch.action.search.TransportClearScrollAction
4607:             1             40  org.opensearch.action.search.TransportDeletePitAction
4608:             1             40  org.opensearch.action.search.TransportSearchScrollAction
4609:             1             40  org.opensearch.action.termvectors.TransportMultiTermVectorsAction
4610:             1             40  org.opensearch.ad.transport.ADBatchAnomalyResultTransportAction
4611:             1             40  org.opensearch.ad.transport.ADBatchTaskRemoteExecutionTransportAction
4612:             1             40  org.opensearch.ad.transport.DeleteAnomalyResultsTransportAction
4613:             1             40  org.opensearch.ad.transport.SearchTopAnomalyResultTransportAction
4614:             1             40  org.opensearch.ad.transport.StopDetectorTransportAction
4615:             1             40  org.opensearch.alerting.InputService
4616:             1             40  org.opensearch.alerting.transport.TransportSearchEmailAccountAction
4617:             1             40  org.opensearch.alerting.transport.TransportSearchEmailGroupAction
4618:             1             40  org.opensearch.alerting.util.destinationmigration.DestinationMigrationCoordinator
4619:             1             40  org.opensearch.bootstrap.OpenSearchPolicy
4620:             1             40  org.opensearch.cluster.ClusterManagerMetrics
4621:             1             40  org.opensearch.cluster.coordination.ClusterBootstrapService
4622:             1             40  org.opensearch.cluster.coordination.ElectionSchedulerFactory
4623:             1             40  org.opensearch.cluster.coordination.JoinHelper$$Lambda/0x00007fcd28cf6f18
4624:             1             40  org.opensearch.cluster.coordination.PreVoteCollector
4625:             1             40  org.opensearch.cluster.coordination.PreVoteResponse
4626:             1             40  org.opensearch.cluster.metadata.MetadataIndexAliasesService
4627:             1             40  org.opensearch.cluster.metadata.MetadataIndexUpgradeService
4628:             1             40  org.opensearch.cluster.routing.DelayedAllocationService
4629:             1             40  org.opensearch.cluster.routing.allocation.AllocationService
4630:             1             40  org.opensearch.cluster.routing.allocation.allocator.BalancedShardsAllocator
4631:             1             40  org.opensearch.cluster.routing.allocation.allocator.BalancedShardsAllocator$WeightFunction
4632:             1             40  org.opensearch.cluster.service.ClusterManagerTaskThrottler
4633:             1             40  org.opensearch.cluster.service.MasterService$Batcher
4634:             1             40  org.opensearch.common.cache.store.OpenSearchOnHeapCache
4635:             1             40  org.opensearch.common.settings.AbstractScopedSettings$1
4636:             1             40  org.opensearch.common.settings.SecureSetting$SecureFileSetting
4637:             1             40  org.opensearch.common.ssl.SslConfiguration
4638:             1             40  org.opensearch.common.util.concurrent.ThreadContext
4639:             1             40  org.opensearch.core.common.bytes.PagedBytesReference$1
4640:             1             40  org.opensearch.env.NodeEnvironment$NodePath
4641:             1             40  org.opensearch.flowframework.rest.RestSearchWorkflowAction
4642:             1             40  org.opensearch.flowframework.rest.RestSearchWorkflowStateAction
4643:             1             40  org.opensearch.flowframework.transport.DeleteWorkflowTransportAction
4644:             1             40  org.opensearch.flowframework.transport.GetWorkflowStateTransportAction
4645:             1             40  org.opensearch.flowframework.transport.GetWorkflowStepTransportAction
4646:             1             40  org.opensearch.flowframework.transport.SearchWorkflowStateTransportAction
4647:             1             40  org.opensearch.flowframework.transport.SearchWorkflowTransportAction
4648:             1             40  org.opensearch.forecast.transport.SearchTopForecastResultTransportAction
4649:             1             40  org.opensearch.forecast.transport.StopForecasterTransportAction
4650:             1             40  org.opensearch.gateway.DanglingIndicesState
4651:             1             40  org.opensearch.gateway.GatewayAllocator
4652:             1             40  org.opensearch.gateway.GatewayMetaState$AsyncLucenePersistedState
4653:             1             40  org.opensearch.gateway.GatewayMetaState$LucenePersistedState
4654:             1             40  org.opensearch.gateway.PersistedClusterStateService
4655:             1             40  org.opensearch.gateway.PersistedClusterStateService$OnDiskState
4656:             1             40  org.opensearch.geospatial.action.upload.geojson.UploadGeoJSONTransportAction
4657:             1             40  org.opensearch.geospatial.ip2geo.jobscheduler.DatasourceRunner
4658:             1             40  org.opensearch.geospatial.ip2geo.listener.Ip2GeoListener
4659:             1             40  org.opensearch.http.CorsHandler$Config
4660:             1             40  org.opensearch.index.engine.Engine$1
4661:             1             40  org.opensearch.index.engine.EngineConfig$1
4662:             1             40  org.opensearch.index.flush.FlushStats
4663:             1             40  org.opensearch.index.mapper.DataStreamFieldMapper$DataStreamFieldType
4664:             1             40  org.opensearch.index.mapper.DocCountFieldMapper$DocCountFieldType
4665:             1             40  org.opensearch.index.mapper.IgnoredFieldMapper$IgnoredFieldType
4666:             1             40  org.opensearch.index.mapper.IndexFieldMapper$IndexFieldType
4667:             1             40  org.opensearch.index.mapper.NumberFieldMapper$NumberType$1
4668:             1             40  org.opensearch.index.mapper.NumberFieldMapper$NumberType$2
4669:             1             40  org.opensearch.index.mapper.NumberFieldMapper$NumberType$3
4670:             1             40  org.opensearch.index.mapper.NumberFieldMapper$NumberType$4
4671:             1             40  org.opensearch.index.mapper.NumberFieldMapper$NumberType$5
4672:             1             40  org.opensearch.index.mapper.NumberFieldMapper$NumberType$6
4673:             1             40  org.opensearch.index.mapper.NumberFieldMapper$NumberType$7
4674:             1             40  org.opensearch.index.mapper.NumberFieldMapper$NumberType$8
4675:             1             40  org.opensearch.index.mapper.RangeType$1
4676:             1             40  org.opensearch.index.mapper.RangeType$2
4677:             1             40  org.opensearch.index.mapper.RangeType$3
4678:             1             40  org.opensearch.index.mapper.RangeType$4
4679:             1             40  org.opensearch.index.mapper.RangeType$5
4680:             1             40  org.opensearch.index.mapper.RangeType$6
4681:             1             40  org.opensearch.index.mapper.RankFeatureMetaFieldMapper$RankFeatureMetaFieldType
4682:             1             40  org.opensearch.index.mapper.RoutingFieldMapper$RoutingFieldType
4683:             1             40  org.opensearch.index.mapper.SeqNoFieldMapper$SeqNoFieldType
4684:             1             40  org.opensearch.index.mapper.VersionFieldMapper$VersionFieldType
4685:             1             40  org.opensearch.index.rankeval.TransportRankEvalAction
4686:             1             40  org.opensearch.index.recovery.RemoteStoreRestoreService
4687:             1             40  org.opensearch.index.reindex.Reindexer
4688:             1             40  org.opensearch.index.reindex.TransportReindexAction
4689:             1             40  org.opensearch.indexmanagement.controlcenter.notification.action.delete.TransportDeleteLRONConfigAction
4690:             1             40  org.opensearch.indexmanagement.controlcenter.notification.action.get.TransportGetLRONConfigAction
4691:             1             40  org.opensearch.indexmanagement.indexstatemanagement.PluginVersionSweepCoordinator
4692:             1             40  org.opensearch.indexmanagement.indexstatemanagement.transport.action.removepolicy.TransportRemovePolicyAction
4693:             1             40  org.opensearch.indexmanagement.indexstatemanagement.transport.action.retryfailedmanagedindex.TransportRetryFailedManagedIndexAction
4694:             1             40  org.opensearch.indexmanagement.rollup.interceptor.RollupInterceptor
4695:             1             40  org.opensearch.indexmanagement.transform.TransformSearchService
4696:             1             40  org.opensearch.indexmanagement.transform.TransformValidator
4697:             1             40  org.opensearch.indices.IndicesQueryCache
4698:             1             40  org.opensearch.indices.IndicesRequestCache
4699:             1             40  org.opensearch.indices.IndicesRequestCache$IndicesRequestCacheCleanupManager
4700:             1             40  org.opensearch.indices.IndicesService$OldShardsStats
4701:             1             40  org.opensearch.indices.breaker.BreakerSettings
4702:             1             40  org.opensearch.indices.breaker.HierarchyCircuitBreakerService
4703:             1             40  org.opensearch.indices.recovery.PeerRecoverySourceService
4704:             1             40  org.opensearch.indices.replication.SegmentReplicationSourceService
4705:             1             40  org.opensearch.indices.store.IndicesStore
4706:             1             40  org.opensearch.ingest.common.GrokProcessorGetAction$TransportAction
4707:             1             40  org.opensearch.jobscheduler.JobSchedulerPlugin
4708:             1             40  org.opensearch.knn.index.codec.KNN86Codec.KNN86Codec
4709:             1             40  org.opensearch.knn.index.codec.KNN920Codec.KNN920PerFieldKnnVectorsFormat
4710:             1             40  org.opensearch.knn.index.codec.KNN940Codec.KNN940PerFieldKnnVectorsFormat
4711:             1             40  org.opensearch.knn.index.codec.KNN950Codec.KNN950PerFieldKnnVectorsFormat
4712:             1             40  org.opensearch.knn.index.codec.KNN990Codec.KNN990PerFieldKnnVectorsFormat
4713:             1             40  org.opensearch.knn.index.util.Faiss
4714:             1             40  org.opensearch.knn.plugin.transport.TrainingJobRouterTransportAction
4715:             1             40  org.opensearch.ml.action.agents.DeleteAgentTransportAction
4716:             1             40  org.opensearch.ml.action.agents.GetAgentTransportAction
4717:             1             40  org.opensearch.ml.action.agents.TransportRegisterAgentAction
4718:             1             40  org.opensearch.ml.action.config.GetConfigTransportAction
4719:             1             40  org.opensearch.ml.action.connector.DeleteConnectorTransportAction
4720:             1             40  org.opensearch.ml.action.connector.GetConnectorTransportAction
4721:             1             40  org.opensearch.ml.action.connector.SearchConnectorTransportAction
4722:             1             40  org.opensearch.ml.action.execute.TransportExecuteTaskAction
4723:             1             40  org.opensearch.ml.action.model_group.SearchModelGroupTransportAction
4724:             1             40  org.opensearch.ml.action.tasks.DeleteTaskTransportAction
4725:             1             40  org.opensearch.ml.action.tasks.GetTaskTransportAction
4726:             1             40  org.opensearch.ml.action.training.TransportTrainingTaskAction
4727:             1             40  org.opensearch.ml.action.trainpredict.TransportTrainAndPredictionTaskAction
4728:             1             40  org.opensearch.ml.action.upload_chunk.TransportUploadModelChunkAction
4729:             1             40  org.opensearch.ml.cluster.DiscoveryNodeHelper
4730:             1             40  org.opensearch.ml.engine.algorithms.agent.MLAgentExecutor
4731:             1             40  org.opensearch.ml.memory.action.conversation.CreateConversationTransportAction
4732:             1             40  org.opensearch.ml.memory.action.conversation.CreateInteractionTransportAction
4733:             1             40  org.opensearch.ml.memory.action.conversation.DeleteConversationTransportAction
4734:             1             40  org.opensearch.ml.memory.action.conversation.GetConversationTransportAction
4735:             1             40  org.opensearch.ml.memory.action.conversation.GetConversationsTransportAction
4736:             1             40  org.opensearch.ml.memory.action.conversation.GetInteractionTransportAction
4737:             1             40  org.opensearch.ml.memory.action.conversation.GetInteractionsTransportAction
4738:             1             40  org.opensearch.ml.memory.action.conversation.GetTracesTransportAction
4739:             1             40  org.opensearch.ml.memory.action.conversation.SearchConversationsTransportAction
4740:             1             40  org.opensearch.ml.memory.action.conversation.SearchInteractionsTransportAction
4741:             1             40  org.opensearch.ml.memory.action.conversation.UpdateConversationTransportAction
4742:             1             40  org.opensearch.ml.memory.action.conversation.UpdateInteractionTransportAction
4743:             1             40  org.opensearch.ml.rest.RestMLSearchAgentAction
4744:             1             40  org.opensearch.ml.rest.RestMLSearchConnectorAction
4745:             1             40  org.opensearch.ml.rest.RestMLSearchModelAction
4746:             1             40  org.opensearch.ml.rest.RestMLSearchModelGroupAction
4747:             1             40  org.opensearch.ml.rest.RestMLSearchTaskAction
4748:             1             40  org.opensearch.ml.rest.RestMLStatsAction
4749:             1             40  org.opensearch.ml.rest.RestMemorySearchConversationsAction
4750:             1             40  org.opensearch.monitor.MonitorService
4751:             1             40  org.opensearch.monitor.fs.FsService$FsInfoCache
4752:             1             40  org.opensearch.monitor.jvm.HotThreads
4753:             1             40  org.opensearch.monitor.process.ProcessService$ProcessStatsCache
4754:             1             40  org.opensearch.node.ResourceUsageCollectorService
4755:             1             40  org.opensearch.node.resource.tracker.AverageCpuUsageTracker
4756:             1             40  org.opensearch.node.resource.tracker.AverageMemoryUsageTracker
4757:             1             40  org.opensearch.node.resource.tracker.ResourceTrackerSettings
4758:             1             40  org.opensearch.notifications.action.CreateNotificationConfigAction
4759:             1             40  org.opensearch.notifications.action.DeleteNotificationConfigAction
4760:             1             40  org.opensearch.notifications.action.GetChannelListAction
4761:             1             40  org.opensearch.notifications.action.GetNotificationConfigAction
4762:             1             40  org.opensearch.notifications.action.GetPluginFeaturesAction
4763:             1             40  org.opensearch.notifications.action.PublishNotificationAction
4764:             1             40  org.opensearch.notifications.action.SendNotificationAction
4765:             1             40  org.opensearch.notifications.action.SendTestNotificationAction
4766:             1             40  org.opensearch.notifications.action.UpdateNotificationConfigAction
4767:             1             40  org.opensearch.observability.action.CreateObservabilityObjectAction
4768:             1             40  org.opensearch.observability.action.DeleteObservabilityObjectAction
4769:             1             40  org.opensearch.observability.action.GetObservabilityObjectAction
4770:             1             40  org.opensearch.observability.action.UpdateObservabilityObjectAction
4771:             1             40  org.opensearch.performanceanalyzer.config.setting.ClusterSettingsManager
4772:             1             40  org.opensearch.ratelimitting.admissioncontrol.AdmissionControlService
4773:             1             40  org.opensearch.replication.ReplicationPlugin
4774:             1             40  org.opensearch.replication.action.autofollow.TransportUpdateAutoFollowPatternAction
4775:             1             40  org.opensearch.replication.action.setup.TransportSetupChecksAction
4776:             1             40  org.opensearch.replication.action.setup.TransportValidatePermissionsAction
4777:             1             40  org.opensearch.replication.task.autofollow.AutoFollowExecutor
4778:             1             40  org.opensearch.reportsscheduler.action.CreateReportDefinitionAction
4779:             1             40  org.opensearch.reportsscheduler.action.DeleteReportDefinitionAction
4780:             1             40  org.opensearch.reportsscheduler.action.GetAllReportDefinitionsAction
4781:             1             40  org.opensearch.reportsscheduler.action.GetAllReportInstancesAction
4782:             1             40  org.opensearch.reportsscheduler.action.GetReportDefinitionAction
4783:             1             40  org.opensearch.reportsscheduler.action.GetReportInstanceAction
4784:             1             40  org.opensearch.reportsscheduler.action.InContextReportCreateAction
4785:             1             40  org.opensearch.reportsscheduler.action.OnDemandReportCreateAction
4786:             1             40  org.opensearch.reportsscheduler.action.UpdateReportDefinitionAction
4787:             1             40  org.opensearch.reportsscheduler.action.UpdateReportInstanceStatusAction
4788:             1             40  org.opensearch.repositories.s3.async.TransferSemaphoresHolder
4789:             1             40  org.opensearch.rest.RestController
4790:             1             40  org.opensearch.script.ScriptService
4791:             1             40  org.opensearch.script.mustache.TransportMultiSearchTemplateAction
4792:             1             40  org.opensearch.script.mustache.TransportRenderSearchTemplateAction
4793:             1             40  org.opensearch.script.mustache.TransportSearchTemplateAction
4794:             1             40  org.opensearch.search.SearchHits
4795:             1             40  org.opensearch.search.SearchService$SearchOperationListenerExecutor
4796:             1             40  org.opensearch.search.aggregations.MultiBucketConsumerService$MultiBucketConsumer
4797:             1             40  org.opensearch.search.aggregations.metrics.MaxAggregatorFactory
4798:             1             40  org.opensearch.search.backpressure.settings.SearchBackpressureSettings
4799:             1             40  org.opensearch.search.query.TopDocsCollectorContext$EmptyTopDocsCollectorContext
4800:             1             40  org.opensearch.security.action.whoami.TransportWhoAmIAction
4801:             1             40  org.opensearch.security.configuration.AdminDNs
4802:             1             40  org.opensearch.security.configuration.ClusterInfoHolder
4803:             1             40  org.opensearch.security.configuration.ConfigurationLoaderSecurity7
4804:             1             40  org.opensearch.security.configuration.DlsFlsValveImpl
4805:             1             40  org.opensearch.security.dlic.rest.api.PermissionsInfoAction
4806:             1             40  org.opensearch.security.dlic.rest.api.SecurityApiDependencies
4807:             1             40  org.opensearch.security.privileges.ProtectedIndexAccessEvaluator
4808:             1             40  org.opensearch.security.rest.SecurityConfigUpdateAction
4809:             1             40  org.opensearch.security.ssl.rest.SecuritySSLInfoAction
4810:             1             40  org.opensearch.security.user.UserService
4811:             1             40  org.opensearch.securityanalytics.correlation.index.codec.correlation950.PerFieldCorrelationVectorsFormat950
4812:             1             40  org.opensearch.securityanalytics.correlation.index.codec.correlation990.PerFieldCorrelationVectorsFormat990
4813:             1             40  org.opensearch.securityanalytics.threatIntel.action.TransportPutTIFJobAction
4814:             1             40  org.opensearch.securityanalytics.threatIntel.jobscheduler.TIFJobRunner
4815:             1             40  org.opensearch.securityanalytics.transport.TransportCreateIndexMappingsAction
4816:             1             40  org.opensearch.securityanalytics.transport.TransportDeleteCorrelationRuleAction
4817:             1             40  org.opensearch.securityanalytics.transport.TransportGetAllRuleCategoriesAction
4818:             1             40  org.opensearch.securityanalytics.transport.TransportGetIndexMappingsAction
4819:             1             40  org.opensearch.securityanalytics.transport.TransportGetMappingsViewAction
4820:             1             40  org.opensearch.securityanalytics.transport.TransportIndexCorrelationRuleAction
4821:             1             40  org.opensearch.securityanalytics.transport.TransportUpdateIndexMappingsAction
4822:             1             40  org.opensearch.securityanalytics.transport.TransportValidateRulesAction
4823:             1             40  org.opensearch.sql.datasources.transport.TransportCreateDataSourceAction
4824:             1             40  org.opensearch.sql.plugin.transport.TransportPPLQueryAction
4825:             1             40  org.opensearch.sql.spark.transport.TransportCreateAsyncQueryRequestAction
4826:             1             40  org.opensearch.tasks.consumer.TopNSearchTasksLogger
4827:             1             40  org.opensearch.threadpool.ThreadPool
4828:             1             40  org.opensearch.timeseries.cluster.ADDataMigrator
4829:             1             40  org.opensearch.timeseries.cluster.ClusterManagerEventListener$$Lambda/0x00007fcd28a42990
4830:             1             40  org.opensearch.transport.ConnectionProfile
4831:             1             40  org.opensearch.transport.RemoteClusterService
4832:             1             40  org.opensearch.transport.RemoteConnectionStrategy$ConnectionStrategy$1
4833:             1             40  org.opensearch.transport.RemoteConnectionStrategy$ConnectionStrategy$2
4834:             1             40  org.opensearch.transport.TransportKeepAlive
4835:             1             40  org.opensearch.transport.netty4.ssl.SecureNetty4Transport$SSLServerChannelInitializer
4836:             1             40  org.opensearch.watcher.ResourceWatcherService
4837:             1             40  org.yaml.snakeyaml.LoaderOptions
4838:             1             40  sun.nio.cs.StandardCharsets$Aliases (java.base@21.0.3)
4839:             1             40  sun.nio.cs.StandardCharsets$Cache (java.base@21.0.3)
4840:             1             40  sun.nio.cs.UTF_8$Decoder (java.base@21.0.3)
4841:             1             40  sun.security.ec.ECOperations (jdk.crypto.ec@21.0.3)
4842:             1             40  sun.security.ssl.TrustStoreManager$TrustStoreDescriptor (java.base@21.0.3)
4843:             1             40  sun.security.util.KnownOIDs$1 (java.base@21.0.3)
4844:             1             40  sun.security.util.KnownOIDs$10 (java.base@21.0.3)
4845:             1             40  sun.security.util.KnownOIDs$2 (java.base@21.0.3)
4846:             1             40  sun.security.util.KnownOIDs$3 (java.base@21.0.3)
4847:             1             40  sun.security.util.KnownOIDs$4 (java.base@21.0.3)
4848:             1             40  sun.security.util.KnownOIDs$5 (java.base@21.0.3)
4849:             1             40  sun.security.util.KnownOIDs$6 (java.base@21.0.3)
4850:             1             40  sun.security.util.KnownOIDs$7 (java.base@21.0.3)
4851:             1             40  sun.security.util.KnownOIDs$8 (java.base@21.0.3)
4852:             1             40  sun.security.util.KnownOIDs$9 (java.base@21.0.3)
4853:             1             40  sun.text.resources.BreakIteratorInfo (java.base@21.0.3)
4854:             1             40  sun.text.resources.BreakIteratorResources (java.base@21.0.3)
4855:             1             40  sun.text.resources.ext.BreakIteratorInfo_th (jdk.localedata@21.0.3)
4856:             1             40  sun.text.resources.ext.BreakIteratorResources_th (jdk.localedata@21.0.3)
4857:             1             40  sun.util.locale.InternalLocaleBuilder (java.base@21.0.3)
4858:             1             40  sun.util.resources.Bundles$1 (java.base@21.0.3)
4859:             1             32  [Lcom.fasterxml.jackson.core.Base64Variant$PaddingReadBehaviour;
4860:             1             32  [Lcom.fasterxml.jackson.core.StreamReadCapability;
4861:             1             32  [Lcom.fasterxml.jackson.core.util.Separators$Spacing;
4862:             1             32  [Lcom.fasterxml.jackson.databind.annotation.JsonSerialize$Typing;
4863:             1             32  [Lcom.fasterxml.jackson.databind.cfg.ConstructorDetector$SingleArgConstructor;
4864:             1             32  [Lcom.fasterxml.jackson.databind.cfg.JsonNodeFeature;
4865:             2             32  [Lcom.fasterxml.jackson.databind.deser.Deserializers;
4866:             2             32  [Lcom.fasterxml.jackson.databind.deser.Deserializers;
4867:             2             32  [Lcom.fasterxml.jackson.databind.deser.Deserializers;
4868:             1             32  [Lcom.fasterxml.jackson.databind.util.AccessPattern;
4869:             1             32  [Lcom.fasterxml.jackson.databind.util.internal.PrivateMaxEntriesMap$DrainStatus;
4870:             1             32  [Lcom.fasterxml.jackson.databind.util.internal.PrivateMaxEntriesMap$DrainStatus;
4871:             1             32  [Lcom.fasterxml.jackson.databind.util.internal.PrivateMaxEntriesMap$DrainStatus;
4872:             1             32  [Lcom.google.common.cache.LocalCache$Segment;
4873:             1             32  [Lcom.google.common.cache.LocalCache$Strength;
4874:             1             32  [Lcom.google.common.cache.LocalCache$Strength;
4875:             1             32  [Lcom.google.common.cache.LocalCache$Strength;
4876:             1             32  [Lcom.google.common.cache.LocalCache$Strength;
4877:             1             32  [Lcom.google.common.collect.AbstractIterator$State;
4878:             1             32  [Lcom.google.common.collect.AbstractIterator$State;
4879:             1             32  [Lcom.google.gson.ToNumberPolicy;
4880:             1             32  [Lcom.password4j.types.Bcrypt;
4881:             1             32  [Lio.netty.handler.codec.base64.Base64Dialect;
4882:             1             32  [Lio.netty.handler.ssl.ApplicationProtocolConfig$Protocol;
4883:             1             32  [Lio.netty.handler.ssl.ApplicationProtocolConfig$SelectedListenerFailureBehavior;
4884:             1             32  [Lio.netty.handler.ssl.ApplicationProtocolConfig$SelectorFailureBehavior;
4885:             1             32  [Lio.netty.handler.ssl.SslHandler$SslEngineType;
4886:             1             32  [Lio.netty.handler.ssl.SslProvider;
4887:             1             32  [Lio.netty.util.ResourceLeakDetector$Level;
4888:             1             32  [Ljava.lang.ProcessImpl$LaunchMechanism; (java.base@21.0.3)
4889:             1             32  [Ljava.lang.StackStreamFactory$WalkerState; (java.base@21.0.3)
4890:             1             32  [Ljava.lang.ThreadGroup; (java.base@21.0.3)
4891:             2             32  [Ljava.lang.Throwable; (java.base@21.0.3)
4892:             1             32  [Ljava.lang.invoke.MethodHandleImpl$ArrayAccess; (java.base@21.0.3)
4893:             1             32  [Ljava.lang.module.ModuleDescriptor$Modifier; (java.base@21.0.3)
4894:             1             32  [Ljava.lang.module.ModuleDescriptor$Requires$Modifier; (java.base@21.0.3)
4895:             1             32  [Ljava.lang.ref.WeakReference; (java.base@21.0.3)
4896:             2             32  [Ljava.net.NetworkInterface; (java.base@21.0.3)
4897:             1             32  [Ljava.net.StandardProtocolFamily; (java.base@21.0.3)
4898:             1             32  [Ljava.nio.file.AccessMode; (java.base@21.0.3)
4899:             1             32  [Ljava.nio.file.FileTreeWalker$EventType; (java.base@21.0.3)
4900:             1             32  [Ljava.nio.file.FileVisitResult; (java.base@21.0.3)
4901:             1             32  [Ljava.nio.file.StandardCopyOption; (java.base@21.0.3)
4902:             1             32  [Ljava.text.Normalizer$Form; (java.base@21.0.3)
4903:             1             32  [Ljava.time.format.DateTimeFormatterBuilder$SettingsParser; (java.base@21.0.3)
4904:             1             32  [Ljava.time.format.FormatStyle; (java.base@21.0.3)
4905:             1             32  [Ljava.time.format.ResolverStyle; (java.base@21.0.3)
4906:             1             32  [Ljava.time.temporal.IsoFields$Field; (java.base@21.0.3)
4907:             1             32  [Ljava.time.temporal.JulianFields$Field; (java.base@21.0.3)
4908:             1             32  [Ljava.time.zone.ZoneOffsetTransitionRule$TimeDefinition; (java.base@21.0.3)
4909:             1             32  [Ljava.util.regex.Pattern$Qtype; (java.base@21.0.3)
4910:             1             32  [Ljava.util.stream.MatchOps$MatchKind; (java.base@21.0.3)
4911:             1             32  [Ljava.util.stream.StreamShape; (java.base@21.0.3)
4912:             1             32  [Ljava.util.zip.ZipCoder$Comparison; (java.base@21.0.3)
4913:             1             32  [Ljavax.net.ssl.SSLEngineResult$Status; (java.base@21.0.3)
4914:             1             32  [Ljdk.internal.icu.util.CodePointTrie$ValueWidth; (java.base@21.0.3)
4915:             1             32  [Ljdk.internal.logger.BootstrapLogger$LoggingBackend; (java.base@21.0.3)
4916:             1             32  [Ljdk.internal.module.ServicesCatalog; (java.base@21.0.3)
4917:             1             32  [Lkotlin.coroutines.intrinsics.CoroutineSingletons;
4918:             1             32  [Lkotlinx.coroutines.CoroutineStart;
4919:             1             32  [Lorg.apache.logging.log4j.core.config.LoggerConfig$LoggerConfigPredicate;
4920:             1             32  [Lorg.apache.logging.log4j.core.util.datetime.FixedDateFormat$FixedTimeZoneFormat;
4921:             1             32  [Lorg.apache.lucene.codecs.lucene90.IndexedDISI$Method;
4922:             1             32  [Lorg.apache.lucene.codecs.lucene90.compressing.Lucene90CompressingStoredFieldsWriter$MergeStrategy;
4923:             1             32  [Lorg.apache.lucene.index.IndexWriterConfig$OpenMode;
4924:             1             32  [Lorg.apache.lucene.index.PointValues$Relation;
4925:             1             32  [Lorg.apache.lucene.index.StoredFieldVisitor$Status;
4926:             1             32  [Lorg.apache.lucene.index.TermsEnum$SeekStatus;
4927:             1             32  [Lorg.apache.lucene.index.TieredMergePolicy$MERGE_TYPE;
4928:             1             32  [Lorg.apache.lucene.index.VectorSimilarityFunction;
4929:             1             32  [Lorg.apache.lucene.search.Pruning;
4930:             1             32  [Lorg.apache.lucene.search.suggest.document.CompletionPostingsFormat$FSTLoadMode;
4931:             1             32  [Lorg.apache.lucene.store.IOContext$Context;
4932:             1             32  [Lorg.apache.lucene.util.automaton.CompiledAutomaton$AUTOMATON_TYPE;
4933:             1             32  [Lorg.apache.lucene.util.fst.FST$INPUT_TYPE;
4934:             1             32  [Lorg.bouncycastle.crypto.params.DHParameters;
4935:             1             32  [Lorg.bouncycastle.crypto.params.DSAParameters;
4936:             1             32  [Lorg.greenrobot.eventbus.SubscriberMethodFinder$FindState;
4937:             1             32  [Lorg.joni.ast.CClassNode$CCSTATE;
4938:             1             32  [Lorg.joni.ast.CClassNode$CCVALTYPE;
4939:             1             32  [Lorg.locationtech.spatial4j.context.jts.DatelineRule;
4940:             1             32  [Lorg.locationtech.spatial4j.context.jts.ValidationRule;
4941:             1             32  [Lorg.opensearch.action.DocWriteRequest$OpType;
4942:             1             32  [Lorg.opensearch.action.support.ActionFilter;
4943:             1             32  [Lorg.opensearch.action.support.WriteRequest$RefreshPolicy;
4944:             1             32  [Lorg.opensearch.action.support.replication.ReplicationMode;
4945:             1             32  [Lorg.opensearch.cli.Terminal$Verbosity;
4946:             1             32  [Lorg.opensearch.cluster.NodeConnectionsService$ActivityType;
4947:             1             32  [Lorg.opensearch.cluster.coordination.Coordinator$Mode;
4948:             1             32  [Lorg.opensearch.cluster.metadata.IndexAbstraction$Type;
4949:             1             32  [Lorg.opensearch.cluster.routing.ShardRoutingState;
4950:             1             32  [Lorg.opensearch.cluster.routing.allocation.decider.ClusterRebalanceAllocationDecider$ClusterRebalanceType;
4951:             1             32  [Lorg.opensearch.common.cache.Cache$State;
4952:             1             32  [Lorg.opensearch.common.geo.ShapeRelation;
4953:             1             32  [Lorg.opensearch.common.inject.Stage;
4954:             1             32  [Lorg.opensearch.common.inject.internal.Errors$Converter;
4955:             1             32  [Lorg.opensearch.common.lifecycle.Lifecycle$State;
4956:             1             32  [Lorg.opensearch.common.ssl.SslClientAuthenticationMode;
4957:             1             32  [Lorg.opensearch.common.ssl.SslVerificationMode;
4958:             1             32  [Lorg.opensearch.common.xcontent.XContentType;
4959:             1             32  [Lorg.opensearch.core.common.breaker.CircuitBreaker$Type;
4960:             1             32  [Lorg.opensearch.flowframework.indices.FlowFrameworkIndex;
4961:             1             32  [Lorg.opensearch.forecast.model.ForecastTaskType;
4962:             1             32  [Lorg.opensearch.forecast.transport.SuggestName;
4963:             1             32  [Lorg.opensearch.index.IndexSettings$IndexMergePolicy;
4964:             1             32  [Lorg.opensearch.index.VersionType;
4965:             1             32  [Lorg.opensearch.index.analysis.AnalysisMode;
4966:             1             32  [Lorg.opensearch.index.analysis.AnalyzerScope;
4967:             1             32  [Lorg.opensearch.index.codec.customcodecs.backward_codecs.Lucene95CustomCodec$Mode;
4968:             1             32  [Lorg.opensearch.index.engine.Engine$Result$Type;
4969:             1             32  [Lorg.opensearch.index.mapper.MappedFieldType$Relation;
4970:             1             32  [Lorg.opensearch.index.mapper.MapperService$MergeReason;
4971:             1             32  [Lorg.opensearch.index.mapper.ObjectMapper$Dynamic;
4972:             1             32  [Lorg.opensearch.index.mapper.RangeType$LengthType;
4973:             1             32  [Lorg.opensearch.index.remote.RemoteStorePressureService$LagValidator;
4974:             1             32  [Lorg.opensearch.index.search.MatchQuery$Type;
4975:             1             32  [Lorg.opensearch.index.search.MatchQuery$ZeroTermsQuery;
4976:             1             32  [Lorg.opensearch.index.shard.IndexShard$ShardMigrationState;
4977:             1             32  [Lorg.opensearch.index.translog.Translog$Operation$Type;
4978:             1             32  [Lorg.opensearch.indexmanagement.indexstatemanagement.util.MetadataCheck;
4979:             1             32  [Lorg.opensearch.indices.IndicesService$ShardDeletionCheckResult;
4980:             1             32  [Lorg.opensearch.indices.analysis.PreBuiltCacheFactory$CachingStrategy;
4981:             1             32  [Lorg.opensearch.indices.recovery.MultiChunkTransfer$Status;
4982:             1             32  [Lorg.opensearch.knn.index.util.KNNEngine;
4983:             1             32  [Lorg.opensearch.ml.breaker.BreakerName;
4984:             1             32  [Lorg.opensearch.monitor.jvm.JvmGcMonitorService$JvmMonitor$Threshold;
4985:             1             32  [Lorg.opensearch.painless.CompilerSettings$RegexEnabled;
4986:             1             32  [Lorg.opensearch.performanceanalyzer.commons.collectors.PerformanceAnalyzerMetricsCollector$State;
4987:             1             32  [Lorg.opensearch.performanceanalyzer.commons.stats.metrics.StatsType;
4988:             1             32  [Lorg.opensearch.performanceanalyzer.commons.util.Util$CollectorMode;
4989:             1             32  [Lorg.opensearch.ratelimitting.admissioncontrol.enums.AdmissionControlActionType;
4990:             1             32  [Lorg.opensearch.ratelimitting.admissioncontrol.enums.AdmissionControlMode;
4991:             2             32  [Lorg.opensearch.search.SearchHit;
4992:             1             32  [Lorg.opensearch.search.backpressure.settings.SearchBackpressureMode;
4993:             1             32  [Lorg.opensearch.security.auditlog.AuditLog$Origin;
4994:             1             32  [Lorg.opensearch.security.configuration.DlsFlsValveImpl$Mode;
4995:             1             32  [Lorg.opensearch.security.support.Base64CustomHelper$CustomSerializationFormat;
4996:             1             32  [Lorg.opensearch.securityanalytics.util.ThrowableCheckingPredicates;
4997:             1             32  [Lorg.opensearch.semver.SemverRange$RangeOperator;
4998:             1             32  [Lorg.opensearch.sql.datasource.model.DataSourceType;
4999:             1             32  [Lorg.opensearch.telemetry.tracing.SpanKind;
5000:             1             32  [Lorg.opensearch.threadpool.ThreadPool$ThreadPoolType;
5001:             1             32  [Lorg.opensearch.timeseries.stats.StatType;
5002:             1             32  [Lorg.opensearch.transport.netty4.ssl.SecureConnectionTestUtil$SSLConnectionTestResult;
5003:             1             32  [Lorg.opensearch.watcher.ResourceWatcherService$Frequency;
5004:             1             32  [Lorg.yaml.snakeyaml.DumperOptions$FlowStyle;
5005:             1             32  [Lorg.yaml.snakeyaml.comments.CommentType;
5006:             1             32  [Lorg.yaml.snakeyaml.nodes.NodeId;
5007:             1             32  [Lsun.security.provider.NativePRNG$Variant; (java.base@21.0.3)
5008:             1             32  [Lsun.security.ssl.CipherSuite$HashAlg; (java.base@21.0.3)
5009:             1             32  [Lsun.security.ssl.CipherType; (java.base@21.0.3)
5010:             1             32  [Lsun.security.ssl.ClientAuthType; (java.base@21.0.3)
5011:             1             32  [Lsun.security.ssl.ECPointFormatsExtension$ECPointFormat; (java.base@21.0.3)
5012:             1             32  [Lsun.security.ssl.Finished$VerifyDataScheme; (java.base@21.0.3)
5013:             1             32  [Lsun.security.ssl.SSLTrafficKeyDerivation; (java.base@21.0.3)
5014:             1             32  [Lsun.security.ssl.SignatureScheme$SigAlgParamSpec; (java.base@21.0.3)
5015:             1             32  [[Lsun.security.ec.point.ProjectivePoint$Immutable; (jdk.crypto.ec@21.0.3)
5016:             1             32  com.amazon.dlic.auth.http.jwt.keybyoidc.JwtVerifier
5017:             1             32  com.amazon.dlic.auth.http.kerberos.HTTPSpnegoAuthenticator
5018:             1             32  com.fasterxml.jackson.annotation.JsonInclude$Value
5019:             1             32  com.fasterxml.jackson.annotation.JsonInclude$Value
5020:             1             32  com.fasterxml.jackson.databind.cfg.CoercionConfigs
5021:             1             32  com.fasterxml.jackson.databind.cfg.DatatypeFeatures
5022:             1             32  com.fasterxml.jackson.databind.cfg.DatatypeFeatures
5023:             1             32  com.fasterxml.jackson.databind.cfg.DatatypeFeatures
5024:             1             32  com.fasterxml.jackson.databind.cfg.DeserializerFactoryConfig
5025:             1             32  com.fasterxml.jackson.databind.cfg.DeserializerFactoryConfig
5026:             1             32  com.fasterxml.jackson.databind.cfg.DeserializerFactoryConfig
5027:             1             32  com.fasterxml.jackson.databind.deser.std.JsonNodeDeserializer
5028:             1             32  com.fasterxml.jackson.databind.introspect.AnnotatedParameter
5029:             1             32  com.fasterxml.jackson.databind.introspect.DefaultAccessorNamingStrategy$Provider
5030:             1             32  com.fasterxml.jackson.databind.introspect.DefaultAccessorNamingStrategy$Provider
5031:             1             32  com.fasterxml.jackson.databind.introspect.DefaultAccessorNamingStrategy$Provider
5032:             2             32  com.fasterxml.jackson.databind.node.BooleanNode
5033:             2             32  com.fasterxml.jackson.databind.ser.impl.PropertySerializerMap$Empty
5034:             1             32  com.fasterxml.jackson.databind.ser.std.CalendarSerializer
5035:             1             32  com.fasterxml.jackson.databind.ser.std.CalendarSerializer
5036:             1             32  com.fasterxml.jackson.databind.ser.std.CalendarSerializer
5037:             1             32  com.fasterxml.jackson.databind.ser.std.DateSerializer
5038:             1             32  com.fasterxml.jackson.databind.ser.std.DateSerializer
5039:             1             32  com.fasterxml.jackson.databind.ser.std.DateSerializer
5040:             1             32  com.fasterxml.jackson.databind.ser.std.NumberSerializers$FloatSerializer
5041:             1             32  com.fasterxml.jackson.databind.ser.std.NumberSerializers$FloatSerializer
5042:             1             32  com.fasterxml.jackson.databind.ser.std.NumberSerializers$FloatSerializer
5043:             1             32  com.fasterxml.jackson.databind.ser.std.NumberSerializers$IntLikeSerializer
5044:             1             32  com.fasterxml.jackson.databind.ser.std.NumberSerializers$IntLikeSerializer
5045:             1             32  com.fasterxml.jackson.databind.ser.std.NumberSerializers$IntLikeSerializer
5046:             1             32  com.fasterxml.jackson.databind.ser.std.NumberSerializers$ShortSerializer
5047:             1             32  com.fasterxml.jackson.databind.ser.std.NumberSerializers$ShortSerializer
5048:             1             32  com.fasterxml.jackson.databind.ser.std.NumberSerializers$ShortSerializer
5049:             1             32  com.fasterxml.jackson.databind.type.TypeBindings
5050:             1             32  com.fasterxml.jackson.databind.type.TypeBindings
5051:             1             32  com.fasterxml.jackson.databind.type.TypeFactory
5052:             1             32  com.fasterxml.jackson.databind.type.TypeFactory
5053:             1             32  com.fasterxml.jackson.databind.type.TypeFactory
5054:             1             32  com.fasterxml.jackson.dataformat.smile.SmileParser$Feature
5055:             2             32  com.google.common.cache.LocalCache$AccessQueue
5056:             2             32  com.google.common.cache.LocalCache$LocalManualCache
5057:             2             32  com.google.common.cache.LocalCache$Values
5058:             1             32  com.google.common.collect.Iterators$ArrayItr
5059:             1             32  com.google.common.collect.Iterators$ArrayItr
5060:             1             32  com.google.common.collect.Iterators$ArrayItr
5061:             1             32  com.google.common.collect.Iterators$ArrayItr
5062:             1             32  com.google.common.collect.Iterators$ArrayItr
5063:             2             32  com.google.common.collect.RegularImmutableList
5064:             2             32  com.google.gson.internal.$Gson$Types$GenericArrayTypeImpl
5065:             1             32  com.google.gson.internal.bind.ReflectiveTypeAdapterFactory
5066:             1             32  com.sun.jmx.mbeanserver.Repository (java.management@21.0.3)
5067:             1             32  com.sun.jna.Library$Handler
5068:             1             32  com.sun.jna.Memory
5069:             1             32  com.sun.jna.Structure$AutoAllocated
5070:             1             32  com.sun.management.internal.OperatingSystemImpl (jdk.management@21.0.3)
5071:             2             32  io.netty.bootstrap.ServerBootstrapConfig
5072:             2             32  io.netty.buffer.PooledByteBufAllocator$1
5073:             2             32  io.netty.buffer.PooledByteBufAllocatorMetric
5074:             1             32  io.netty.channel.nio.NioEventLoopGroup
5075:             1             32  io.netty.handler.ssl.ApplicationProtocolConfig
5076:             2             32  io.netty.handler.ssl.EnhancingX509ExtendedTrustManager
5077:             2             32  io.netty.handler.ssl.IdentityCipherSuiteFilter
5078:             1             32  io.netty.handler.ssl.SslHandler$SslEngineType$1
5079:             1             32  io.netty.handler.ssl.SslHandler$SslEngineType$2
5080:             1             32  io.netty.handler.ssl.SslHandler$SslEngineType$3
5081:             1             32  io.netty.util.AsciiString
5082:             1             32  io.netty.util.concurrent.DefaultThreadFactory
5083:             1             32  io.netty.util.concurrent.DefaultThreadFactory
5084:             1             32  io.netty.util.internal.RecyclableArrayList
5085:             2             32  io.netty.util.internal.logging.Slf4JLoggerFactory
5086:             1             32  io.protostuff.WireFormat$FieldType$1
5087:             1             32  io.protostuff.WireFormat$FieldType$2
5088:             1             32  io.protostuff.WireFormat$FieldType$3
5089:             1             32  io.protostuff.WireFormat$FieldType$4
5090:             1             32  io.protostuff.runtime.IdStrategy$26
5091:             1             32  io.protostuff.runtime.IdStrategy$27
5092:             1             32  io.protostuff.runtime.IdStrategy$28
5093:             1             32  io.protostuff.runtime.IdStrategy$29
5094:             1             32  io.protostuff.runtime.IdStrategy$30
5095:             1             32  io.protostuff.runtime.IdStrategy$31
5096:             1             32  io.protostuff.runtime.IdStrategy$32
5097:             1             32  io.protostuff.runtime.IdStrategy$33
5098:             1             32  io.protostuff.runtime.IdStrategy$34
5099:             1             32  io.protostuff.runtime.IdStrategy$35
5100:             1             32  io.protostuff.runtime.IdStrategy$36
5101:             1             32  io.protostuff.runtime.IdStrategy$37
5102:             1             32  io.protostuff.runtime.IdStrategy$38
5103:             2             32  io.protostuff.runtime.RuntimeEnv$DefaultInstantiator
5104:             2             32  java.lang.Boolean (java.base@21.0.3)
5105:             1             32  java.lang.Module$ArchivedData (java.base@21.0.3)
5106:             1             32  java.lang.ProcessHandleImpl (java.base@21.0.3)
5107:             2             32  java.lang.Shutdown$Lock (java.base@21.0.3)
5108:             1             32  java.lang.StringBuffer (java.base@21.0.3)
5109:             1             32  java.lang.invoke.VarHandleByteArrayAsChars$ArrayHandle (java.base@21.0.3)
5110:             1             32  java.lang.module.ModuleDescriptor$Version (java.base@21.0.3)
5111:             2             32  java.lang.ref.NativeReferenceQueue$Lock (java.base@21.0.3)
5112:             1             32  java.net.InetAddress$CachedLocalHost (java.base@21.0.3)
5113:             2             32  java.nio.ByteOrder (java.base@21.0.3)
5114:             2             32  java.nio.file.attribute.PosixFilePermissions$1 (java.base@21.0.3)
5115:             1             32  java.security.MessageDigest$Delegate$CloneableDelegate (java.base@21.0.3)
5116:             2             32  java.util.Comparator$$Lambda/0x00007fcd282ff128 (java.base@21.0.3)
5117:             2             32  java.util.Comparator$$Lambda/0x00007fcd284ddd48 (java.base@21.0.3)
5118:             2             32  java.util.ImmutableCollections$MapN$1 (java.base@21.0.3)
5119:             1             32  java.util.PriorityQueue (java.base@21.0.3)
5120:             2             32  java.util.ResourceBundle$SingleFormatControl (java.base@21.0.3)
5121:             1             32  java.util.ServiceLoader$ModuleServicesLookupIterator (java.base@21.0.3)
5122:             1             32  java.util.concurrent.ThreadLocalRandom (java.base@21.0.3)
5123:             1             32  java.util.concurrent.locks.AbstractQueuedSynchronizer$SharedNode (java.base@21.0.3)
5124:             2             32  java.util.regex.CharPredicates$$Lambda/0x00007fcd282f9580 (java.base@21.0.3)
5125:             1             32  java.util.regex.Pattern$NotBehind (java.base@21.0.3)
5126:             1             32  java.util.zip.ZipCoder$UTF8ZipCoder (java.base@21.0.3)
5127:             1             32  jdk.internal.loader.ArchivedClassLoaders (java.base@21.0.3)
5128:             2             32  jdk.internal.misc.ThreadTracker (java.base@21.0.3)
5129:             1             32  jdk.internal.module.ArchivedModuleGraph (java.base@21.0.3)
5130:             1             32  jdk.internal.org.objectweb.asm.ConstantDynamic (java.base@21.0.3)
5131:             1             32  jdk.internal.org.objectweb.asm.Handle (java.base@21.0.3)
5132:             1             32  jdk.net.ExtendedSocketOptions$1 (jdk.net@21.0.3)
5133:             1             32  jdk.nio.zipfs.ZipPath (jdk.zipfs@21.0.3)
5134:             2             32  jdk.proxy3.$Proxy27 (jdk.proxy3)
5135:             2             32  jdk.proxy4.$Proxy48 (jdk.proxy4)
5136:             2             32  jdk.proxy4.$Proxy50 (jdk.proxy4)
5137:             1             32  joptsimple.NonOptionArgumentSpec
5138:             2             32  kotlinx.coroutines.Empty
5139:             2             32  kotlinx.coroutines.Empty
5140:             2             32  kotlinx.coroutines.Empty
5141:             2             32  kotlinx.coroutines.Empty
5142:             2             32  kotlinx.coroutines.Empty
5143:             2             32  kotlinx.coroutines.Empty
5144:             2             32  kotlinx.coroutines.internal.ContextScope
5145:             2             32  kotlinx.coroutines.scheduling.GlobalQueue
5146:             2             32  kotlinx.coroutines.scheduling.GlobalQueue
5147:             2             32  kotlinx.coroutines.scheduling.GlobalQueue
5148:             2             32  kotlinx.coroutines.scheduling.GlobalQueue
5149:             1             32  org.apache.logging.log4j.core.appender.rolling.FileExtension$1
5150:             1             32  org.apache.logging.log4j.core.appender.rolling.FileExtension$2
5151:             1             32  org.apache.logging.log4j.core.appender.rolling.FileExtension$3
5152:             1             32  org.apache.logging.log4j.core.appender.rolling.FileExtension$4
5153:             1             32  org.apache.logging.log4j.core.appender.rolling.FileExtension$5
5154:             1             32  org.apache.logging.log4j.core.appender.rolling.FileExtension$6
5155:             1             32  org.apache.logging.log4j.core.appender.rolling.FileExtension$7
5156:             1             32  org.apache.logging.log4j.core.impl.ThrowableFormatOptions
5157:             2             32  org.apache.logging.log4j.core.lookup.StrMatcher$CharSetMatcher
5158:             1             32  org.apache.logging.log4j.core.pattern.NameAbbreviator$MaxElementAbbreviator$Strategy$1
5159:             1             32  org.apache.logging.log4j.core.pattern.NameAbbreviator$MaxElementAbbreviator$Strategy$2
5160:             1             32  org.apache.logging.log4j.core.util.DefaultShutdownCallbackRegistry
5161:             2             32  org.apache.logging.log4j.core.util.SystemClock
5162:             2             32  org.apache.logging.log4j.core.util.datetime.FastDatePrinter$TwoDigitNumberField
5163:             1             32  org.apache.logging.log4j.status.StatusConsoleListener
5164:             1             32  org.apache.logging.log4j.status.StatusLogger$BoundedQueue
5165:             2             32  org.apache.logging.log4j.util.EnvironmentPropertySource
5166:             2             32  org.apache.logging.log4j.util.PropertiesUtil
5167:             2             32  org.apache.logging.log4j.util.PropertySource$Comparator
5168:             2             32  org.apache.logging.log4j.util.SystemPropertiesPropertySource
5169:             1             32  org.apache.logging.slf4j.Log4jLogger
5170:             2             32  org.apache.lucene.analysis.ar.ArabicStemmer
5171:             2             32  org.apache.lucene.analysis.bg.BulgarianStemmer
5172:             2             32  org.apache.lucene.analysis.bn.BengaliNormalizer
5173:             2             32  org.apache.lucene.analysis.bn.BengaliStemmer
5174:             2             32  org.apache.lucene.analysis.ckb.SoraniNormalizer
5175:             2             32  org.apache.lucene.analysis.ckb.SoraniStemmer
5176:             2             32  org.apache.lucene.analysis.cz.CzechStemmer
5177:             2             32  org.apache.lucene.analysis.de.GermanLightStemmer
5178:             2             32  org.apache.lucene.analysis.el.GreekStemmer
5179:             2             32  org.apache.lucene.analysis.es.SpanishLightStemmer
5180:             2             32  org.apache.lucene.analysis.fa.PersianNormalizer
5181:             2             32  org.apache.lucene.analysis.fr.FrenchLightStemmer
5182:             2             32  org.apache.lucene.analysis.gl.GalicianStemmer
5183:             2             32  org.apache.lucene.analysis.hi.HindiNormalizer
5184:             2             32  org.apache.lucene.analysis.hi.HindiStemmer
5185:             2             32  org.apache.lucene.analysis.it.ItalianLightStemmer
5186:             2             32  org.apache.lucene.analysis.lv.LatvianStemmer
5187:             2             32  org.apache.lucene.analysis.pt.PortugueseLightStemmer
5188:             2             32  org.apache.lucene.backward_codecs.lucene87.Lucene87StoredFieldsFormat
5189:             1             32  org.apache.lucene.codecs.lucene90.blocktree.CompressionAlgorithm$1
5190:             1             32  org.apache.lucene.codecs.lucene90.blocktree.CompressionAlgorithm$2
5191:             1             32  org.apache.lucene.codecs.lucene90.blocktree.CompressionAlgorithm$3
5192:             1             32  org.apache.lucene.document.SortedNumericDocValuesRangeQuery$1
5193:             1             32  org.apache.lucene.search.IndexOrDocValuesQuery
5194:             1             32  org.apache.lucene.search.IndexOrDocValuesQuery$1
5195:             2             32  org.apache.lucene.search.LRUQueryCache$MinSegmentSizePredicate
5196:             1             32  org.apache.lucene.search.MatchAllDocsQuery$1
5197:             1             32  org.apache.lucene.search.PointRangeQuery$1
5198:             2             32  org.apache.lucene.search.Sort
5199:             2             32  org.apache.lucene.search.vectorhighlight.BreakIteratorBoundaryScanner
5200:             1             32  org.apache.lucene.util.AttributeFactory$DefaultAttributeFactory$1
5201:             1             32  org.apache.lucene.util.automaton.Transition
5202:             1             32  org.apache.lucene.util.packed.PackedInts$Format$1
5203:             1             32  org.apache.lucene.util.packed.PackedInts$Format$2
5204:             2             32  org.bouncycastle.jcajce.provider.asymmetric.dh.KeyFactorySpi
5205:             2             32  org.bouncycastle.jcajce.provider.asymmetric.dstu.KeyFactorySpi
5206:             2             32  org.bouncycastle.jcajce.provider.asymmetric.ecgost.KeyFactorySpi
5207:             2             32  org.bouncycastle.pqc.jcajce.provider.xmss.XMSSKeyFactorySpi
5208:             2             32  org.bouncycastle.pqc.jcajce.provider.xmss.XMSSMTKeyFactorySpi
5209:             1             32  org.jooq.tools.json.JSONParser
5210:             2             32  org.locationtech.spatial4j.distance.GeodesicSphereDistCalc$Haversine
5211:             2             32  org.locationtech.spatial4j.io.LegacyShapeReader
5212:             2             32  org.locationtech.spatial4j.io.LegacyShapeWriter
5213:             1             32  org.opensearch.action.ActionModule$1
5214:             1             32  org.opensearch.action.ActionModule$2
5215:             1             32  org.opensearch.action.ActionModule$DynamicActionRegistry
5216:             2             32  org.opensearch.action.RequestValidators
5217:             1             32  org.opensearch.action.admin.cluster.remote.TransportRemoteInfoAction
5218:             1             32  org.opensearch.action.admin.cluster.storedscripts.TransportGetScriptContextAction
5219:             1             32  org.opensearch.action.admin.cluster.storedscripts.TransportGetScriptLanguageAction
5220:             1             32  org.opensearch.action.admin.indices.rollover.MetadataRolloverService
5221:             1             32  org.opensearch.action.admin.indices.rollover.RolloverInfo
5222:             1             32  org.opensearch.action.delete.TransportDeleteAction
5223:             1             32  org.opensearch.action.index.TransportIndexAction
5224:             1             32  org.opensearch.action.search.CreatePitController
5225:             1             32  org.opensearch.action.search.SearchPhaseController$SortedTopDocs
5226:             1             32  org.opensearch.action.support.tasks.TransportTasksAction$NodeTaskRequest
5227:             1             32  org.opensearch.action.support.tasks.TransportTasksAction$NodeTasksResponse
5228:             1             32  org.opensearch.ad.AnomalyDetectorRunner
5229:             2             32  org.opensearch.ad.rest.AbstractAnomalyDetectorAction$$Lambda/0x00007fcd2900cf80
5230:             2             32  org.opensearch.ad.rest.AbstractAnomalyDetectorAction$$Lambda/0x00007fcd2900d1b0
5231:             2             32  org.opensearch.ad.rest.AbstractAnomalyDetectorAction$$Lambda/0x00007fcd2900d3e0
5232:             2             32  org.opensearch.ad.rest.AbstractAnomalyDetectorAction$$Lambda/0x00007fcd2900d610
5233:             2             32  org.opensearch.ad.rest.AbstractAnomalyDetectorAction$$Lambda/0x00007fcd2900d840
5234:             2             32  org.opensearch.ad.rest.AbstractAnomalyDetectorAction$$Lambda/0x00007fcd2900da70
5235:             1             32  org.opensearch.ad.rest.RestExecuteAnomalyDetectorAction
5236:             1             32  org.opensearch.ad.rest.RestStatsAnomalyDetectorAction
5237:             1             32  org.opensearch.ad.transport.SearchADTasksTransportAction
5238:             1             32  org.opensearch.ad.transport.SearchAnomalyDetectorInfoTransportAction
5239:             1             32  org.opensearch.ad.transport.SearchAnomalyDetectorTransportAction
5240:             1             32  org.opensearch.ad.transport.ThresholdResultTransportAction
5241:             1             32  org.opensearch.alerting.AlertService
5242:             1             32  org.opensearch.alerting.TriggerService
5243:             1             32  org.opensearch.alerting.core.schedule.JobScheduler
5244:             1             32  org.opensearch.alerting.resthandler.RestSearchMonitorAction
5245:             1             32  org.opensearch.bootstrap.Bootstrap
5246:             2             32  org.opensearch.cluster.DiffableUtils$IntKeySerializer
5247:             2             32  org.opensearch.cluster.NamedDiffableValueSerializer
5248:             2             32  org.opensearch.cluster.RestoreInProgress
5249:             1             32  org.opensearch.cluster.action.index.MappingUpdatedAction
5250:             1             32  org.opensearch.cluster.action.shard.ShardStateAction
5251:             1             32  org.opensearch.cluster.action.shard.ShardStateAction$ShardFailedClusterStateTaskExecutor
5252:             1             32  org.opensearch.cluster.action.shard.ShardStateAction$ShardStartedClusterStateTaskExecutor
5253:             1             32  org.opensearch.cluster.coordination.ClusterFormationFailureHelper
5254:             1             32  org.opensearch.cluster.coordination.LagDetector
5255:             1             32  org.opensearch.cluster.coordination.LeaderChecker$CheckScheduler
5256:             2             32  org.opensearch.cluster.decommission.DecommissionService$$Lambda/0x00007fcd28e21bc8
5257:             2             32  org.opensearch.cluster.decommission.DecommissionService$$Lambda/0x00007fcd28e21df8
5258:             2             32  org.opensearch.cluster.decommission.DecommissionService$$Lambda/0x00007fcd28e22028
5259:             2             32  org.opensearch.cluster.metadata.ComposableIndexTemplate$DataStreamTemplate
5260:             2             32  org.opensearch.cluster.metadata.IndexAbstractionResolver
5261:             2             32  org.opensearch.cluster.metadata.IndexGraveyard
5262:             2             32  org.opensearch.cluster.metadata.IndexNameExpressionResolver$DateMathExpressionResolver
5263:             2             32  org.opensearch.cluster.metadata.IndexNameExpressionResolver$WildcardExpressionResolver
5264:             1             32  org.opensearch.cluster.metadata.MetadataCreateDataStreamService
5265:             1             32  org.opensearch.cluster.metadata.MetadataDeleteIndexService
5266:             1             32  org.opensearch.cluster.metadata.MetadataMappingService
5267:             1             32  org.opensearch.cluster.routing.BatchedRerouteService
5268:             1             32  org.opensearch.cluster.routing.OperationRouting
5269:             2             32  org.opensearch.cluster.routing.RecoverySource$ExistingStoreRecoverySource
5270:             1             32  org.opensearch.cluster.routing.RoutingNodes$UnassignedShards
5271:             2             32  org.opensearch.cluster.routing.allocation.ConstraintTypes$$Lambda/0x00007fcd2871ac90
5272:             2             32  org.opensearch.cluster.routing.allocation.DiskThresholdSettings$$Lambda/0x00007fcd28711000
5273:             2             32  org.opensearch.cluster.routing.allocation.DiskThresholdSettings$$Lambda/0x00007fcd28711230
5274:             2             32  org.opensearch.cluster.routing.allocation.DiskThresholdSettings$$Lambda/0x00007fcd287134d8
5275:             2             32  org.opensearch.cluster.routing.allocation.DiskThresholdSettings$$Lambda/0x00007fcd28713708
5276:             2             32  org.opensearch.cluster.routing.allocation.DiskThresholdSettings$$Lambda/0x00007fcd28713938
5277:             2             32  org.opensearch.cluster.routing.allocation.DiskThresholdSettings$$Lambda/0x00007fcd28713b68
5278:             2             32  org.opensearch.cluster.routing.allocation.DiskThresholdSettings$$Lambda/0x00007fcd28713d98
5279:             1             32  org.opensearch.cluster.routing.allocation.decider.FilterAllocationDecider
5280:             1             32  org.opensearch.cluster.routing.allocation.decider.NodeLoadAwareAllocationDecider
5281:             1             32  org.opensearch.cluster.routing.allocation.decider.ThrottlingAllocationDecider
5282:             1             32  org.opensearch.cluster.service.ClusterStateStats
5283:             2             32  org.opensearch.common.blobstore.BlobPath
5284:             1             32  org.opensearch.common.cache.Cache$$Lambda/0x00007fcd292e9ca0
5285:             1             32  org.opensearch.common.cache.CacheType
5286:             1             32  org.opensearch.common.geo.GeoShapeType$1
5287:             1             32  org.opensearch.common.geo.GeoShapeType$2
5288:             1             32  org.opensearch.common.geo.GeoShapeType$3
5289:             1             32  org.opensearch.common.geo.GeoShapeType$4
5290:             1             32  org.opensearch.common.geo.GeoShapeType$5
5291:             1             32  org.opensearch.common.geo.GeoShapeType$6
5292:             1             32  org.opensearch.common.geo.GeoShapeType$7
5293:             1             32  org.opensearch.common.geo.GeoShapeType$8
5294:             1             32  org.opensearch.common.geo.GeoShapeType$9
5295:             1             32  org.opensearch.common.logging.LogConfigurator$1
5296:             2             32  org.opensearch.common.logging.LoggingOutputStream$$Lambda/0x00007fcd281bf678
5297:             1             32  org.opensearch.common.settings.AbstractScopedSettings$2
5298:             1             32  org.opensearch.common.settings.KeyStoreWrapper
5299:             2             32  org.opensearch.common.settings.Setting$$Lambda/0x00007fcd2863dd90
5300:             1             32  org.opensearch.common.util.CancellableThreads
5301:             2             32  org.opensearch.common.util.PageCacheRecycler$1
5302:             2             32  org.opensearch.common.util.PageCacheRecycler$2
5303:             2             32  org.opensearch.common.util.PageCacheRecycler$3
5304:             2             32  org.opensearch.common.util.PageCacheRecycler$4
5305:             2             32  org.opensearch.common.util.Streak
5306:             2             32  org.opensearch.common.util.concurrent.OpenSearchExecutors$$Lambda/0x00007fcd2828a328
5307:             1             32  org.opensearch.common.xcontent.XContentType$1
5308:             1             32  org.opensearch.common.xcontent.XContentType$2
5309:             1             32  org.opensearch.common.xcontent.XContentType$3
5310:             1             32  org.opensearch.common.xcontent.XContentType$4
5311:             1             32  org.opensearch.core.common.bytes.PagedBytesReference
5312:             1             32  org.opensearch.core.tasks.resourcetracker.ResourceStatsType
5313:             1             32  org.opensearch.core.tasks.resourcetracker.ThreadResourceInfo
5314:             2             32  org.opensearch.core.xcontent.NamedXContentRegistry
5315:             1             32  org.opensearch.core.xcontent.ObjectParser$$Lambda/0x00007fcd29095b48
5316:             1             32  org.opensearch.flowframework.common.FlowFrameworkSettings
5317:             1             32  org.opensearch.flowframework.indices.FlowFrameworkIndicesHandler
5318:             1             32  org.opensearch.flowframework.util.EncryptorUtils
5319:             1             32  org.opensearch.flowframework.workflow.WorkflowProcessSorter
5320:             1             32  org.opensearch.flowframework.workflow.WorkflowStepFactory$$Lambda/0x00007fcd28a4e2f0
5321:             1             32  org.opensearch.flowframework.workflow.WorkflowStepFactory$$Lambda/0x00007fcd28a4e510
5322:             1             32  org.opensearch.flowframework.workflow.WorkflowStepFactory$$Lambda/0x00007fcd28a4e730
5323:             1             32  org.opensearch.flowframework.workflow.WorkflowStepFactory$$Lambda/0x00007fcd28a4ed90
5324:             2             32  org.opensearch.forecast.rest.AbstractForecasterAction$$Lambda/0x00007fcd290124e8
5325:             2             32  org.opensearch.forecast.rest.AbstractForecasterAction$$Lambda/0x00007fcd29012718
5326:             2             32  org.opensearch.forecast.rest.AbstractForecasterAction$$Lambda/0x00007fcd29012948
5327:             2             32  org.opensearch.forecast.rest.AbstractForecasterAction$$Lambda/0x00007fcd29012b78
5328:             2             32  org.opensearch.forecast.rest.AbstractForecasterAction$$Lambda/0x00007fcd29012da8
5329:             1             32  org.opensearch.forecast.rest.RestStatsForecasterAction
5330:             1             32  org.opensearch.forecast.transport.SearchForecastTasksTransportAction
5331:             1             32  org.opensearch.forecast.transport.SearchForecasterInfoTransportAction
5332:             1             32  org.opensearch.forecast.transport.SearchForecasterTransportAction
5333:             1             32  org.opensearch.gateway.LocalAllocateDangledIndices
5334:             1             32  org.opensearch.gateway.MetaStateService
5335:             2             32  org.opensearch.geo.search.aggregations.bucket.geogrid.GeoGridAggregationBuilder$$Lambda/0x00007fcd28836ed8
5336:             2             32  org.opensearch.geometry.utils.StandardValidator
5337:             1             32  org.opensearch.geospatial.ip2geo.action.GetDatasourceTransportAction
5338:             1             32  org.opensearch.geospatial.ip2geo.action.RestPutDatasourceHandler
5339:             1             32  org.opensearch.geospatial.ip2geo.dao.GeoIpDataDao
5340:             1             32  org.opensearch.geospatial.ip2geo.dao.Ip2GeoCachedDao
5341:             1             32  org.opensearch.geospatial.ip2geo.jobscheduler.DatasourceUpdateService
5342:             1             32  org.opensearch.geospatial.ip2geo.processor.Ip2GeoProcessor$Factory
5343:             1             32  org.opensearch.geospatial.plugin.GeospatialPlugin
5344:             2             32  org.opensearch.identity.noop.NoopIdentityPlugin
5345:             1             32  org.opensearch.index.ShardIndexingPressureStore
5346:             1             32  org.opensearch.index.VersionType$1
5347:             1             32  org.opensearch.index.VersionType$2
5348:             1             32  org.opensearch.index.VersionType$3
5349:             1             32  org.opensearch.index.analysis.AnalysisMode$1
5350:             1             32  org.opensearch.index.analysis.AnalysisMode$2
5351:             1             32  org.opensearch.index.analysis.AnalysisMode$3
5352:             1             32  org.opensearch.index.analysis.AnalysisRegistry$PrebuiltAnalysis
5353:             1             32  org.opensearch.index.analysis.PreConfiguredCharFilter
5354:             2             32  org.opensearch.index.codec.customcodecs.ZstdCompressionMode
5355:             2             32  org.opensearch.index.codec.customcodecs.ZstdNoDictCompressionMode
5356:             1             32  org.opensearch.index.codec.fuzzy.FuzzySet$SetType
5357:             1             32  org.opensearch.index.fielddata.ordinals.GlobalOrdinalMapping
5358:             1             32  org.opensearch.index.mapper.DateFieldMapper$Resolution$1
5359:             1             32  org.opensearch.index.mapper.DateFieldMapper$Resolution$2
5360:             1             32  org.opensearch.index.mapper.FieldTypeInference
5361:             2             32  org.opensearch.index.mapper.ObjectMapper$TypeParser
5362:             1             32  org.opensearch.index.mapper.TextFieldMapper$FielddataFrequencyFilter
5363:             1             32  org.opensearch.index.query.SearchIndexNameMatcher
5364:             1             32  org.opensearch.index.reindex.ReindexValidator
5365:             1             32  org.opensearch.index.remote.RemoteStoreEnums$PathHashAlgorithm$1
5366:             1             32  org.opensearch.index.remote.RemoteStoreEnums$PathHashAlgorithm$2
5367:             1             32  org.opensearch.index.remote.RemoteStoreEnums$PathType$1
5368:             1             32  org.opensearch.index.remote.RemoteStoreEnums$PathType$2
5369:             1             32  org.opensearch.index.remote.RemoteStoreEnums$PathType$3
5370:             1             32  org.opensearch.index.search.stats.SearchStats
5371:             1             32  org.opensearch.index.store.Store$MetadataSnapshot
5372:             2             32  org.opensearch.index.store.lockmanager.RemoteStoreLockManagerFactory
5373:             2             32  org.opensearch.index.store.remote.filecache.FileCacheSettings$$Lambda/0x00007fcd28711460
5374:             1             32  org.opensearch.indexmanagement.IndexManagementIndices
5375:             1             32  org.opensearch.indexmanagement.controlcenter.notification.filter.IndexOperationActionFilter
5376:             1             32  org.opensearch.indexmanagement.indexstatemanagement.IndexMetadataProvider
5377:             1             32  org.opensearch.indexmanagement.indexstatemanagement.resthandler.RestIndexPolicyAction
5378:             1             32  org.opensearch.indexmanagement.indexstatemanagement.transport.action.managedIndex.TransportManagedIndexAction
5379:             1             32  org.opensearch.indexmanagement.rollup.RollupMapperService
5380:             1             32  org.opensearch.indexmanagement.rollup.RollupSearchService
5381:             1             32  org.opensearch.indexmanagement.rollup.actionfilter.FieldCapsFilter
5382:             1             32  org.opensearch.indexmanagement.transform.TransformIndexer
5383:             1             32  org.opensearch.indices.IndicesRequestCache$IndicesRequestCacheCleanupManager$IndicesRequestCacheCleaner
5384:             1             32  org.opensearch.indices.IndicesService$$Lambda/0x00007fcd288c86d0
5385:             1             32  org.opensearch.indices.IndicesService$2
5386:             1             32  org.opensearch.indices.IndicesService$CacheCleaner
5387:             1             32  org.opensearch.indices.ShardLimitValidator
5388:             1             32  org.opensearch.indices.analysis.HunspellService
5389:             1             32  org.opensearch.indices.analysis.PreBuiltAnalyzers$1
5390:             1             32  org.opensearch.indices.analysis.PreBuiltAnalyzers$2
5391:             1             32  org.opensearch.indices.analysis.PreBuiltAnalyzers$3
5392:             1             32  org.opensearch.indices.analysis.PreBuiltAnalyzers$4
5393:             1             32  org.opensearch.indices.analysis.PreBuiltAnalyzers$5
5394:             1             32  org.opensearch.indices.analysis.PreBuiltAnalyzers$6
5395:             1             32  org.opensearch.indices.analysis.PreBuiltAnalyzers$7
5396:             1             32  org.opensearch.indices.analysis.PreBuiltTokenizers$1
5397:             1             32  org.opensearch.indices.mapper.MapperRegistry
5398:             1             32  org.opensearch.indices.recovery.PeerRecoverySourceService$OngoingRecoveries
5399:             1             32  org.opensearch.indices.recovery.PeerRecoveryTargetService
5400:             2             32  org.opensearch.indices.replication.checkpoint.SegmentReplicationCheckpointPublisher
5401:             1             32  org.opensearch.ingest.useragent.UserAgentParser
5402:             1             32  org.opensearch.jobscheduler.rest.action.RestGetJobDetailsAction
5403:             1             32  org.opensearch.jobscheduler.rest.action.RestGetLockAction
5404:             1             32  org.opensearch.jobscheduler.rest.action.RestReleaseLockAction
5405:             1             32  org.opensearch.jobscheduler.scheduler.JobScheduler
5406:             1             32  org.opensearch.jobscheduler.utils.JobDetailsService
5407:             1             32  org.opensearch.knn.index.Parameter$BooleanParameter
5408:             2             32  org.opensearch.knn.index.Parameter$MethodComponentContextParameter$$Lambda/0x00007fcd28495b18
5409:             2             32  org.opensearch.knn.index.Parameter$MethodComponentContextParameter$$Lambda/0x00007fcd28495d68
5410:             1             32  org.opensearch.knn.index.Parameter$StringParameter
5411:             1             32  org.opensearch.knn.index.SpaceType$1
5412:             1             32  org.opensearch.knn.index.SpaceType$2
5413:             1             32  org.opensearch.knn.index.SpaceType$3
5414:             1             32  org.opensearch.knn.index.SpaceType$4
5415:             1             32  org.opensearch.knn.index.SpaceType$5
5416:             1             32  org.opensearch.knn.index.SpaceType$6
5417:             1             32  org.opensearch.knn.index.VectorDataType$1
5418:             1             32  org.opensearch.knn.index.VectorDataType$2
5419:             1             32  org.opensearch.knn.index.codec.KNN80Codec.KNN80Codec
5420:             1             32  org.opensearch.knn.index.codec.KNN84Codec.KNN84Codec
5421:             1             32  org.opensearch.knn.index.codec.KNN87Codec.KNN87Codec
5422:             1             32  org.opensearch.knn.index.codec.KNN920Codec.KNN920Codec
5423:             1             32  org.opensearch.knn.index.codec.KNN940Codec.KNN940Codec
5424:             1             32  org.opensearch.knn.index.codec.KNN950Codec.KNN950Codec
5425:             1             32  org.opensearch.knn.index.codec.KNN990Codec.KNN990Codec
5426:             1             32  org.opensearch.knn.index.memory.NativeMemoryCacheManager
5427:             1             32  org.opensearch.knn.index.util.Lucene
5428:             1             32  org.opensearch.knn.index.util.Nmslib
5429:             1             32  org.opensearch.knn.plugin.rest.RestClearCacheHandler
5430:             1             32  org.opensearch.knn.plugin.rest.RestKNNWarmupHandler
5431:             1             32  org.opensearch.knn.plugin.stats.suppliers.EventOccurredWithinThresholdSupplier
5432:             1             32  org.opensearch.knn.plugin.transport.DeleteModelTransportAction
5433:             1             32  org.opensearch.knn.plugin.transport.GetModelTransportAction
5434:             1             32  org.opensearch.knn.plugin.transport.SearchModelTransportAction
5435:             1             32  org.opensearch.knn.plugin.transport.TrainingModelTransportAction
5436:             1             32  org.opensearch.ml.action.agents.TransportSearchAgentAction
5437:             1             32  org.opensearch.ml.action.handler.MLSearchHandler
5438:             1             32  org.opensearch.ml.action.models.SearchModelTransportAction
5439:             1             32  org.opensearch.ml.action.tasks.SearchTaskTransportAction
5440:             1             32  org.opensearch.ml.action.upload_chunk.MLModelChunkUploader
5441:             1             32  org.opensearch.ml.breaker.MLCircuitBreakerService
5442:             1             32  org.opensearch.ml.cluster.MLCommonsClusterEventListener
5443:             1             32  org.opensearch.ml.engine.MLEngine
5444:             1             32  org.opensearch.ml.engine.algorithms.anomalylocalization.AnomalyLocalizerImpl
5445:             1             32  org.opensearch.ml.engine.encryptor.EncryptorImpl
5446:             1             32  org.opensearch.ml.engine.memory.ConversationIndexMemory$Factory
5447:             1             32  org.opensearch.ml.memory.index.InteractionsIndex
5448:             1             32  org.opensearch.ml.repackage.com.google.common.collect.Iterators$ArrayItr
5449:             1             32  org.opensearch.ml.rest.RestMLPredictionAction
5450:             1             32  org.opensearch.ml.rest.RestMLUndeployModelAction
5451:             1             32  org.opensearch.ml.settings.MLFeatureEnabledSetting
5452:             1             32  org.opensearch.ml.task.MLTaskManager
5453:             1             32  org.opensearch.ml.tools.GetToolTransportAction
5454:             1             32  org.opensearch.ml.tools.ListToolsTransportAction
5455:             1             32  org.opensearch.monitor.process.ProcessInfo
5456:             1             32  org.opensearch.neuralsearch.plugin.NeuralSearch
5457:             2             32  org.opensearch.neuralsearch.processor.normalization.MinMaxScoreNormalizationTechnique
5458:             1             32  org.opensearch.neuralsearch.search.query.HybridQueryPhaseSearcher
5459:             1             32  org.opensearch.node.Node$LocalNodeFactory
5460:             2             32  org.opensearch.node.resource.tracker.AbstractAverageUsageTracker$$Lambda/0x00007fcd29044000
5461:             1             32  org.opensearch.painless.action.PainlessContextAction$TransportAction
5462:             1             32  org.opensearch.performanceanalyzer.commons.config.overrides.ConfigOverridesWrapper
5463:             1             32  org.opensearch.performanceanalyzer.commons.event_process.EventLogFileHandler
5464:             1             32  org.opensearch.performanceanalyzer.config.PerformanceAnalyzerController
5465:             1             32  org.opensearch.performanceanalyzer.http_action.config.PerformanceAnalyzerClusterConfigAction
5466:             1             32  org.opensearch.performanceanalyzer.http_action.config.PerformanceAnalyzerOverridesClusterConfigAction
5467:             1             32  org.opensearch.performanceanalyzer.http_action.config.PerformanceAnalyzerResourceProvider
5468:             1             32  org.opensearch.performanceanalyzer.http_action.whoami.TransportWhoAmIAction
5469:             1             32  org.opensearch.persistent.PersistentTasksNodeService
5470:             1             32  org.opensearch.plugin.repository.url.URLRepositoryPlugin$$Lambda/0x00007fcd28548a48
5471:             1             32  org.opensearch.plugins.PluginsService
5472:             1             32  org.opensearch.ratelimitting.admissioncontrol.controllers.CpuBasedAdmissionController
5473:             1             32  org.opensearch.ratelimitting.admissioncontrol.controllers.IoBasedAdmissionController
5474:             1             32  org.opensearch.ratelimitting.admissioncontrol.settings.CpuBasedAdmissionControllerSettings
5475:             1             32  org.opensearch.ratelimitting.admissioncontrol.settings.IoBasedAdmissionControllerSettings
5476:             1             32  org.opensearch.replication.metadata.store.ReplicationMetadataStore
5477:             2             32  org.opensearch.reportsscheduler.util.SecureIndexClient
5478:             1             32  org.opensearch.repositories.RepositoriesModule$$Lambda/0x00007fcd28cee920
5479:             1             32  org.opensearch.repositories.RepositoriesModule$$Lambda/0x00007fcd28ceeb50
5480:             1             32  org.opensearch.repositories.RepositoriesStatsArchive
5481:             1             32  org.opensearch.repositories.s3.ProxySettings
5482:             1             32  org.opensearch.repositories.s3.S3RepositoryPlugin$$Lambda/0x00007fcd28a85570
5483:             1             32  org.opensearch.rest.action.admin.cluster.RestClusterGetSettingsAction
5484:             1             32  org.opensearch.search.SearchService$2
5485:             1             32  org.opensearch.search.SearchService$2$$Lambda/0x00007fcd29204ce0
5486:             1             32  org.opensearch.search.SearchShardTarget
5487:             2             32  org.opensearch.search.aggregations.ConcurrentAggregationProcessor
5488:             1             32  org.opensearch.search.aggregations.NonGlobalAggCollectorManagerWithSingleCollector
5489:             1             32  org.opensearch.search.aggregations.bucket.histogram.DateHistogramAggregator$DateHistogramAggregationType
5490:             1             32  org.opensearch.search.aggregations.bucket.terms.TermsAggregatorFactory$ExecutionMode$1
5491:             1             32  org.opensearch.search.aggregations.bucket.terms.TermsAggregatorFactory$ExecutionMode$2
5492:             2             32  org.opensearch.search.aggregations.bucket.terms.heuristic.NXYSignificanceHeuristic$$Lambda/0x00007fcd2879bb50
5493:             1             32  org.opensearch.search.aggregations.metrics.PercentilesMethod$1
5494:             1             32  org.opensearch.search.aggregations.metrics.PercentilesMethod$2
5495:             2             32  org.opensearch.search.aggregations.support.MultiValuesSourceParseHelper$$Lambda/0x00007fcd287ab8b0
5496:             2             32  org.opensearch.search.aggregations.support.MultiValuesSourceParseHelper$$Lambda/0x00007fcd287abae0
5497:             1             32  org.opensearch.search.asynchronous.context.state.AsynchronousSearchStateMachine
5498:             1             32  org.opensearch.search.asynchronous.processor.AsynchronousSearchPostProcessor
5499:             2             32  org.opensearch.search.backpressure.SearchBackpressureState$$Lambda/0x00007fcd28cedb38
5500:             1             32  org.opensearch.search.backpressure.settings.NodeDuressSettings
5501:             2             32  org.opensearch.search.backpressure.trackers.HeapUsageTracker$$Lambda/0x00007fcd28cec390
5502:             1             32  org.opensearch.search.query.EarlyTerminatingCollector
5503:             2             32  org.opensearch.search.query.QueryPhase$DefaultQueryPhaseSearcher
5504:             1             32  org.opensearch.security.auditlog.routing.AuditMessageRouter
5505:             2             32  org.opensearch.security.auth.internal.NoOpAuthenticationBackend
5506:             1             32  org.opensearch.security.configuration.CompatConfig
5507:             1             32  org.opensearch.security.configuration.PrivilegesInterceptorImpl
5508:             2             32  org.opensearch.security.dlic.rest.api.AllowlistApiAction$$Lambda/0x00007fcd28ff2908
5509:             2             32  org.opensearch.security.dlic.rest.api.AllowlistApiAction$$Lambda/0x00007fcd28ff2b28
5510:             2             32  org.opensearch.security.dlic.rest.api.AllowlistApiAction$1
5511:             1             32  org.opensearch.security.dlic.rest.api.RestApiAdminPrivilegesEvaluator
5512:             2             32  org.opensearch.security.http.HTTPBasicAuthenticator
5513:             1             32  org.opensearch.security.http.XFFResolver
5514:             1             32  org.opensearch.security.identity.SecurityTokenManager
5515:             1             32  org.opensearch.security.privileges.RestLayerPrivilegesEvaluator
5516:             1             32  org.opensearch.security.privileges.SnapshotRestoreEvaluator
5517:             1             32  org.opensearch.security.resolver.IndexResolverReplacer
5518:             1             32  org.opensearch.security.rest.DashboardsInfoAction
5519:             1             32  org.opensearch.security.rest.SecurityInfoAction
5520:             2             32  org.opensearch.security.securityconf.impl.v7.ConfigV7
5521:             2             32  org.opensearch.security.securityconf.impl.v7.ConfigV7$AuthFailureListeners
5522:             2             32  org.opensearch.security.securityconf.impl.v7.ConfigV7$Authc
5523:             2             32  org.opensearch.security.securityconf.impl.v7.ConfigV7$Authz
5524:             1             32  org.opensearch.security.ssl.OpenSearchSecureSettingsFactory
5525:             1             32  org.opensearch.security.ssl.http.netty.Netty4HttpRequestHeaderVerifier
5526:             1             32  org.opensearch.security.ssl.http.netty.ValidatingDispatcher
5527:             2             32  org.opensearch.security.ssl.transport.SSLConfig
5528:             1             32  org.opensearch.security.transport.DefaultInterClusterRequestEvaluator
5529:             2             32  org.opensearch.securityanalytics.alerts.AlertsService
5530:             1             32  org.opensearch.securityanalytics.logtype.BuiltinLogTypeLoader
5531:             1             32  org.opensearch.securityanalytics.mapper.IndexTemplateManager
5532:             1             32  org.opensearch.securityanalytics.mapper.MapperService
5533:             1             32  org.opensearch.securityanalytics.threatIntel.ThreatIntelFeedDataService
5534:             1             32  org.opensearch.securityanalytics.threatIntel.feedMetadata.BuiltInTIFMetadataLoader
5535:             1             32  org.opensearch.securityanalytics.threatIntel.jobscheduler.TIFJobUpdateService
5536:             2             32  org.opensearch.securityanalytics.util.ExceptionChecker
5537:             2             32  org.opensearch.securityanalytics.util.MonitorService
5538:             1             32  org.opensearch.securityanalytics.util.RuleIndices
5539:             2             32  org.opensearch.semver.expr.Equal
5540:             2             32  org.opensearch.sql.data.model.ExprBooleanValue
5541:             1             32  org.opensearch.sql.datasources.transport.TransportDeleteDataSourceAction
5542:             1             32  org.opensearch.sql.datasources.transport.TransportGetDataSourceAction
5543:             1             32  org.opensearch.sql.datasources.transport.TransportPatchDataSourceAction
5544:             1             32  org.opensearch.sql.datasources.transport.TransportUpdateDataSourceAction
5545:             2             32  org.opensearch.sql.expression.function.FunctionDSL$$Lambda/0x00007fcd28b5a638
5546:             1             32  org.opensearch.sql.legacy.esdomain.LocalClusterState
5547:             1             32  org.opensearch.sql.legacy.plugin.RestSqlAction
5548:             2             32  org.opensearch.sql.opensearch.executor.OpenSearchQueryManager
5549:             1             32  org.opensearch.sql.plugin.SQLPlugin
5550:             2             32  org.opensearch.sql.ppl.antlr.PPLSyntaxParser
5551:             2             32  org.opensearch.sql.ppl.utils.PPLQueryDataAnonymizer
5552:             2             32  org.opensearch.sql.ppl.utils.PPLQueryDataAnonymizer$AnonymizerExpressionAnalyzer
5553:             2             32  org.opensearch.sql.spark.execution.xcontent.AsyncQueryJobMetadataXContentSerializer
5554:             1             32  org.opensearch.sql.spark.transport.TransportCancelAsyncQueryRequestAction
5555:             1             32  org.opensearch.sql.spark.transport.TransportGetAsyncQueryResultAction
5556:             2             32  org.opensearch.sql.sql.antlr.SQLSyntaxParser
5557:             1             32  org.opensearch.tasks.TaskCancellationMonitoringSettings
5558:             1             32  org.opensearch.tasks.TaskManager$CancellableTaskHolder
5559:             1             32  org.opensearch.tasks.TaskResourceTrackingService
5560:             2             32  org.opensearch.timeseries.MemoryTracker$$Lambda/0x00007fcd289cde08
5561:             2             32  org.opensearch.timeseries.caching.PriorityCache$$Lambda/0x00007fcd28a14028
5562:             2             32  org.opensearch.timeseries.caching.PriorityCache$$Lambda/0x00007fcd28a14258
5563:             2             32  org.opensearch.timeseries.caching.PriorityCache$$Lambda/0x00007fcd28a14488
5564:             2             32  org.opensearch.timeseries.caching.PriorityCache$$Lambda/0x00007fcd28a148e8
5565:             2             32  org.opensearch.timeseries.ratelimit.CheckPointMaintainRequestAdapter$$Lambda/0x00007fcd28a10880
5566:             2             32  org.opensearch.timeseries.ratelimit.ColdEntityWorker$$Lambda/0x00007fcd28a2cc80
5567:             2             32  org.opensearch.timeseries.ratelimit.ColdEntityWorker$$Lambda/0x00007fcd28a2ceb0
5568:             1             32  org.opensearch.timeseries.task.TaskCacheManager
5569:             2             32  org.opensearch.timeseries.task.TaskCacheManager$$Lambda/0x00007fcd28a2e0b8
5570:             2             32  org.opensearch.timeseries.task.TaskManager$$Lambda/0x00007fcd28a35ee8
5571:             2             32  org.opensearch.timeseries.task.TaskManager$$Lambda/0x00007fcd28a36118
5572:             2             32  org.opensearch.timeseries.transport.BaseDeleteConfigTransportAction$$Lambda/0x00007fcd28e3c000
5573:             2             32  org.opensearch.timeseries.transport.BaseGetConfigTransportAction$$Lambda/0x00007fcd28f1f338
5574:             2             32  org.opensearch.timeseries.transport.BaseJobTransportAction$$Lambda/0x00007fcd28d9e3b8
5575:             2             32  org.opensearch.timeseries.transport.BaseProfileTransportAction$$Lambda/0x00007fcd28d9ee88
5576:             2             32  org.opensearch.timeseries.transport.BaseValidateConfigTransportAction$$Lambda/0x00007fcd28e3f910
5577:             2             32  org.opensearch.timeseries.transport.handler.SearchHandler$$Lambda/0x00007fcd28a2eda0
5578:             1             32  org.opensearch.transport.InboundHandler
5579:             1             32  org.opensearch.transport.SharedGroupFactory
5580:             1             32  org.opensearch.transport.TransportHandshaker
5581:             2             32  org.opensearch.transport.TransportRequestDeduplicator
5582:             1             32  sun.net.www.protocol.https.Handler (java.base@21.0.3)
5583:             2             32  sun.net.www.protocol.jar.Handler (java.base@21.0.3)
5584:             1             32  sun.nio.fs.LinuxFileStore (java.base@21.0.3)
5585:             1             32  sun.nio.fs.LinuxFileSystem (java.base@21.0.3)
5586:             1             32  sun.security.ec.ed.Ed25519Operations (jdk.crypto.ec@21.0.3)
5587:             1             32  sun.security.ec.ed.Ed448Operations (jdk.crypto.ec@21.0.3)
5588:             1             32  sun.security.ec.point.ExtendedHomogeneousPoint$Immutable (jdk.crypto.ec@21.0.3)
5589:             2             32  sun.security.provider.FileInputStreamPool$UnclosableInputStream (java.base@21.0.3)
5590:             1             32  sun.security.provider.SecureRandom (java.base@21.0.3)
5591:             2             32  sun.security.ssl.AlpnExtension$SHAlpnAbsence (java.base@21.0.3)
5592:             2             32  sun.security.ssl.AlpnExtension$SHAlpnConsumer (java.base@21.0.3)
5593:             2             32  sun.security.ssl.AlpnExtension$SHAlpnProducer (java.base@21.0.3)
5594:             2             32  sun.security.ssl.DHKeyExchange$DHEKAGenerator (java.base@21.0.3)
5595:             2             32  sun.security.ssl.DHKeyExchange$DHEPossessionGenerator (java.base@21.0.3)
5596:             2             32  sun.security.ssl.SSLCipher$NullReadCipherGenerator (java.base@21.0.3)
5597:             2             32  sun.security.ssl.SSLCipher$NullWriteCipherGenerator (java.base@21.0.3)
5598:             2             32  sun.security.ssl.SSLCipher$T12GcmReadCipherGenerator (java.base@21.0.3)
5599:             2             32  sun.security.ssl.SSLCipher$T12GcmWriteCipherGenerator (java.base@21.0.3)
5600:             2             32  sun.security.ssl.SSLCipher$T13GcmReadCipherGenerator (java.base@21.0.3)
5601:             2             32  sun.security.ssl.SSLCipher$T13GcmWriteCipherGenerator (java.base@21.0.3)
5602:             2             32  sun.security.ssl.ServerHello$T12ServerHelloConsumer (java.base@21.0.3)
5603:             2             32  sun.security.ssl.ServerHello$T13HelloRetryRequestConsumer (java.base@21.0.3)
5604:             2             32  sun.security.ssl.ServerHello$T13ServerHelloConsumer (java.base@21.0.3)
5605:             1             32  sun.security.ssl.SessionTicketExtension$StatelessKey (java.base@21.0.3)
5606:             2             32  sun.security.ssl.SupportedVersionsExtension$SHSupportedVersionsStringizer (java.base@21.0.3)
5607:             1             32  sun.security.ssl.TrustStoreManager$TrustAnchorManager (java.base@21.0.3)
5608:             2             32  sun.security.util.AlgorithmDecomposer (java.base@21.0.3)
5609:             1             32  sun.security.util.math.intpoly.Curve25519OrderField (java.base@21.0.3)
5610:             1             32  sun.security.util.math.intpoly.Curve448OrderField (java.base@21.0.3)
5611:             1             32  sun.security.util.math.intpoly.IntegerPolynomial25519 (java.base@21.0.3)
5612:             1             32  sun.security.util.math.intpoly.IntegerPolynomial448 (java.base@21.0.3)
5613:             1             32  sun.security.util.math.intpoly.IntegerPolynomialP256 (java.base@21.0.3)
5614:             1             32  sun.security.util.math.intpoly.IntegerPolynomialP384 (java.base@21.0.3)
5615:             1             32  sun.security.util.math.intpoly.IntegerPolynomialP521 (java.base@21.0.3)
5616:             1             32  sun.security.util.math.intpoly.P256OrderField (java.base@21.0.3)
5617:             1             32  sun.security.util.math.intpoly.P384OrderField (java.base@21.0.3)
5618:             1             32  sun.security.util.math.intpoly.P521OrderField (java.base@21.0.3)
5619:             1             32  sun.security.x509.PrivateKeyUsageExtension (java.base@21.0.3)
5620:             1             24  [Lcom.fasterxml.jackson.core.StreamWriteCapability;
5621:             1             24  [Lcom.fasterxml.jackson.databind.AnnotationIntrospector$ReferenceProperty$Type;
5622:             1             24  [Lcom.fasterxml.jackson.databind.cfg.EnumFeature;
5623:             1             24  [Lcom.fasterxml.jackson.databind.cfg.EnumFeature;
5624:             1             24  [Lcom.fasterxml.jackson.databind.cfg.EnumFeature;
5625:             1             24  [Lcom.fasterxml.jackson.databind.deser.KeyDeserializers;
5626:             1             24  [Lcom.fasterxml.jackson.databind.deser.KeyDeserializers;
5627:             1             24  [Lcom.fasterxml.jackson.databind.deser.KeyDeserializers;
5628:             1             24  [Lcom.fasterxml.jackson.dataformat.smile.SmileParser$Feature;
5629:             1             24  [Lcom.fasterxml.jackson.dataformat.yaml.YAMLParser$Feature;
5630:             1             24  [Lcom.google.common.cache.CacheBuilder$NullListener;
5631:             1             24  [Lcom.google.common.cache.CacheBuilder$NullListener;
5632:             1             24  [Lcom.google.common.cache.CacheBuilder$NullListener;
5633:             1             24  [Lcom.google.common.cache.CacheBuilder$NullListener;
5634:             1             24  [Lcom.google.common.cache.CacheBuilder$OneWeigher;
5635:             1             24  [Lcom.google.common.cache.CacheBuilder$OneWeigher;
5636:             1             24  [Lcom.google.common.cache.CacheBuilder$OneWeigher;
5637:             1             24  [Lcom.google.common.cache.CacheBuilder$OneWeigher;
5638:             1             24  [Lcom.google.common.cache.LocalCache$Segment;
5639:             1             24  [Lcom.google.common.collect.Maps$EntryFunction;
5640:             1             24  [Lcom.google.gson.LongSerializationPolicy;
5641:             1             24  [Lcom.intel.qat.QatZipper$Algorithm;
5642:             1             24  [Lcom.intel.qat.QatZipper$Mode;
5643:             1             24  [Lio.netty.buffer.CompositeByteBuf$Component;
5644:             1             24  [Lio.netty.buffer.PoolArena$SizeClass;
5645:             1             24  [Lio.netty.handler.logging.ByteBufFormat;
5646:             1             24  [Ljava.io.File$PathStatus; (java.base@21.0.3)
5647:             1             24  [Ljava.lang.StackWalker$ExtendedOption; (java.base@21.0.3)
5648:             1             24  [Ljava.lang.invoke.MethodHandles$Lookup$ClassOption; (java.base@21.0.3)
5649:             1             24  [Ljava.net.URL; (java.base@21.0.3)
5650:             1             24  [Ljava.nio.file.LinkOption; (java.base@21.0.3)
5651:             1             24  [Ljava.security.Provider$OPType; (java.base@21.0.3)
5652:             1             24  [Ljava.time.chrono.HijrahEra; (java.base@21.0.3)
5653:             1             24  [Ljava.time.chrono.IsoEra; (java.base@21.0.3)
5654:             1             24  [Ljava.time.chrono.MinguoEra; (java.base@21.0.3)
5655:             1             24  [Ljava.time.chrono.ThaiBuddhistEra; (java.base@21.0.3)
5656:             1             24  [Ljava.time.temporal.IsoFields$Unit; (java.base@21.0.3)
5657:             1             24  [Ljava.time.zone.ZoneOffsetTransition; (java.base@21.0.3)
5658:             1             24  [Ljava.util.Comparators$NaturalOrderComparator; (java.base@21.0.3)
5659:             1             24  [Ljava.util.Formatter$BigDecimalLayoutForm; (java.base@21.0.3)
5660:             1             24  [Ljava.util.Locale$Category; (java.base@21.0.3)
5661:             1             24  [Ljava.util.jar.Manifest; (java.base@21.0.3)
5662:             1             24  [Ljdk.internal.icu.util.CodePointTrie$Type; (java.base@21.0.3)
5663:             1             24  [Lkotlinx.coroutines.scheduling.TaskMode;
5664:             1             24  [Lorg.apache.logging.log4j.core.appender.ConsoleAppender$Target;
5665:             1             24  [Lorg.apache.logging.log4j.core.async.ThreadNameCachingStrategy;
5666:             1             24  [Lorg.apache.logging.log4j.core.config.status.StatusConfiguration$Verbosity;
5667:             1             24  [Lorg.apache.logging.log4j.core.pattern.NameAbbreviator$MaxElementAbbreviator$Strategy;
5668:             1             24  [Lorg.apache.lucene.backward_codecs.lucene50.Lucene50StoredFieldsFormat$Mode;
5669:             1             24  [Lorg.apache.lucene.backward_codecs.lucene80.Lucene80DocValuesFormat$Mode;
5670:             1             24  [Lorg.apache.lucene.backward_codecs.lucene87.Lucene87Codec$Mode;
5671:             1             24  [Lorg.apache.lucene.backward_codecs.lucene87.Lucene87StoredFieldsFormat$Mode;
5672:             1             24  [Lorg.apache.lucene.backward_codecs.lucene90.Lucene90Codec$Mode;
5673:             1             24  [Lorg.apache.lucene.backward_codecs.lucene91.Lucene91Codec$Mode;
5674:             1             24  [Lorg.apache.lucene.backward_codecs.lucene92.Lucene92Codec$Mode;
5675:             1             24  [Lorg.apache.lucene.backward_codecs.lucene94.Lucene94Codec$Mode;
5676:             1             24  [Lorg.apache.lucene.backward_codecs.lucene95.Lucene95Codec$Mode;
5677:             1             24  [Lorg.apache.lucene.codecs.lucene99.Lucene99Codec$Mode;
5678:             1             24  [Lorg.apache.lucene.document.Field$Store;
5679:             1             24  [Lorg.apache.lucene.document.InvertableType;
5680:             1             24  [Lorg.apache.lucene.index.VectorEncoding;
5681:             1             24  [Lorg.apache.lucene.queryparser.classic.QueryParser$Operator;
5682:             1             24  [Lorg.apache.lucene.search.Collector;
5683:             1             24  [Lorg.apache.lucene.store.Lock;
5684:             1             24  [Lorg.apache.lucene.util.FileDeleter$MsgType;
5685:             1             24  [Lorg.apache.lucene.util.packed.PackedInts$Format;
5686:             1             24  [Lorg.ietf.jgss.Oid; (java.security.jgss@21.0.3)
5687:             1             24  [Lorg.opensearch.ad.transport.SearchTopAnomalyResultTransportAction$OrderType;
5688:             1             24  [Lorg.opensearch.cluster.coordination.PersistedStateRegistry$PersistedStateType;
5689:             1             24  [Lorg.opensearch.cluster.metadata.IndexMetadata$State;
5690:             1             24  [Lorg.opensearch.cluster.node.DiscoveryNodeFilters$OpType;
5691:             1             24  [Lorg.opensearch.common.inject.Key$NullAnnotationStrategy;
5692:             1             24  [Lorg.opensearch.common.time.DateFormatter;
5693:             1             24  [Lorg.opensearch.core.common.breaker.CircuitBreaker$Durability;
5694:             1             24  [Lorg.opensearch.core.tasks.resourcetracker.ResourceStatsType;
5695:             1             24  [Lorg.opensearch.core.tasks.resourcetracker.ResourceUsageMetric;
5696:             1             24  [Lorg.opensearch.env.NodeEnvironment$NodePath;
5697:             1             24  [Lorg.opensearch.index.IndexService$IndexCreationContext;
5698:             1             24  [Lorg.opensearch.index.codec.customcodecs.Lucene99CustomCodec$Mode;
5699:             1             24  [Lorg.opensearch.index.codec.customcodecs.Lucene99QatCodec$Mode;
5700:             1             24  [Lorg.opensearch.index.codec.fuzzy.FuzzySet$SetType;
5701:             1             24  [Lorg.opensearch.index.engine.Engine$SearcherScope;
5702:             1             24  [Lorg.opensearch.index.mapper.DateFieldMapper$Resolution;
5703:             1             24  [Lorg.opensearch.index.mapper.DynamicTemplate$MatchType;
5704:             1             24  [Lorg.opensearch.index.shard.ShardStateMetadata$IndexDataLocation;
5705:             1             24  [Lorg.opensearch.indices.analysis.PreBuiltTokenizers;
5706:             1             24  [Lorg.opensearch.knn.index.VectorDataType;
5707:             1             24  [Lorg.opensearch.monitor.StatusInfo$Status;
5708:             1             24  [Lorg.opensearch.repositories.s3.async.SizeBasedBlockingQ$QueueEventType;
5709:             1             24  [Lorg.opensearch.repositories.s3.async.TransferSemaphoresHolder$TypeSemaphore$PermitType;
5710:             1             24  [Lorg.opensearch.script.ScriptType;
5711:             1             24  [Lorg.opensearch.search.aggregations.Aggregator$SubAggCollectionMode;
5712:             1             24  [Lorg.opensearch.search.aggregations.bucket.terms.TermsAggregatorFactory$ExecutionMode;
5713:             1             24  [Lorg.opensearch.search.aggregations.metrics.PercentilesMethod;
5714:             1             24  [Lorg.opensearch.search.aggregations.pipeline.HoltWintersModel$SeasonalityType;
5715:             1             24  [Lorg.opensearch.search.sort.SortOrder;
5716:             1             24  [Lorg.opensearch.security.ssl.transport.PrincipalExtractor$Type;
5717:             1             24  [Lorg.opensearch.security.support.SerializationFormat;
5718:             1             24  [Lorg.opensearch.securityanalytics.correlation.index.codec.CorrelationCodecVersion;
5719:             1             24  [Lorg.opensearch.sql.datasource.model.DataSourceStatus;
5720:             1             24  [Lorg.opensearch.timeseries.AnalysisType;
5721:             1             24  [Lorg.opensearch.timeseries.breaker.BreakerName;
5722:             1             24  [Lorg.opensearch.transport.RemoteConnectionStrategy$ConnectionStrategy;
5723:             1             24  [Lsun.security.rsa.RSAUtil$KeyType; (java.base@21.0.3)
5724:             1             24  [Lsun.security.ssl.Alert$Level; (java.base@21.0.3)
5725:             1             24  [Lsun.security.ssl.CertStatusExtension$CertStatusRequest; (java.base@21.0.3)
5726:             1             24  [Lsun.security.ssl.CertStatusExtension$CertStatusRequestType; (java.base@21.0.3)
5727:             1             24  [Lsun.security.ssl.PskKeyExchangeModesExtension$PskKeyExchangeMode; (java.base@21.0.3)
5728:             1             24  com.amazon.randomcutforest.state.RandomCutForestMapper
5729:             1             24  com.fasterxml.jackson.annotation.JsonFormat$Features
5730:             1             24  com.fasterxml.jackson.annotation.JsonFormat$Features
5731:             1             24  com.fasterxml.jackson.annotation.JsonFormat$Features
5732:             1             24  com.fasterxml.jackson.annotation.JsonIgnoreProperties$Value
5733:             1             24  com.fasterxml.jackson.annotation.JsonSetter$Value
5734:             1             24  com.fasterxml.jackson.annotation.JsonSetter$Value
5735:             1             24  com.fasterxml.jackson.annotation.JsonSetter$Value
5736:             1             24  com.fasterxml.jackson.core.ErrorReportConfiguration
5737:             1             24  com.fasterxml.jackson.databind.AnnotationIntrospector$ReferenceProperty
5738:             1             24  com.fasterxml.jackson.databind.cfg.ContextAttributes$Impl
5739:             1             24  com.fasterxml.jackson.databind.cfg.ContextAttributes$Impl
5740:             1             24  com.fasterxml.jackson.databind.cfg.ContextAttributes$Impl
5741:             1             24  com.fasterxml.jackson.databind.cfg.DefaultCacheProvider
5742:             1             24  com.fasterxml.jackson.databind.cfg.DefaultCacheProvider
5743:             1             24  com.fasterxml.jackson.databind.cfg.DefaultCacheProvider
5744:             1             24  com.fasterxml.jackson.databind.cfg.MutableCoercionConfig
5745:             1             24  com.fasterxml.jackson.databind.cfg.SerializerFactoryConfig
5746:             1             24  com.fasterxml.jackson.databind.cfg.SerializerFactoryConfig
5747:             1             24  com.fasterxml.jackson.databind.cfg.SerializerFactoryConfig
5748:             1             24  com.fasterxml.jackson.databind.deser.DeserializerCache
5749:             1             24  com.fasterxml.jackson.databind.deser.impl.FailingDeserializer
5750:             1             24  com.fasterxml.jackson.databind.deser.std.NumberDeserializers$NumberDeserializer
5751:             1             24  com.fasterxml.jackson.databind.deser.std.StringDeserializer
5752:             1             24  com.fasterxml.jackson.databind.deser.std.UntypedObjectDeserializerNR
5753:             1             24  com.fasterxml.jackson.databind.ext.OptionalHandlerFactory
5754:             1             24  com.fasterxml.jackson.databind.introspect.AnnotatedClass$Creators
5755:             1             24  com.fasterxml.jackson.databind.introspect.AnnotatedClass$Creators
5756:             1             24  com.fasterxml.jackson.databind.introspect.JacksonAnnotationIntrospector
5757:             1             24  com.fasterxml.jackson.databind.introspect.JacksonAnnotationIntrospector
5758:             1             24  com.fasterxml.jackson.databind.introspect.JacksonAnnotationIntrospector
5759:             1             24  com.fasterxml.jackson.databind.introspect.SimpleMixInResolver
5760:             1             24  com.fasterxml.jackson.databind.ser.SerializerCache
5761:             1             24  com.fasterxml.jackson.databind.ser.impl.FailingSerializer
5762:             1             24  com.fasterxml.jackson.databind.ser.impl.FailingSerializer
5763:             1             24  com.fasterxml.jackson.databind.ser.impl.FailingSerializer
5764:             1             24  com.fasterxml.jackson.databind.ser.impl.IndexedStringListSerializer
5765:             1             24  com.fasterxml.jackson.databind.ser.impl.ReadOnlyClassToSerializerMap
5766:             1             24  com.fasterxml.jackson.databind.ser.impl.StringCollectionSerializer
5767:             1             24  com.fasterxml.jackson.databind.ser.std.StdKeySerializers$Dynamic
5768:             1             24  com.fasterxml.jackson.databind.ser.std.UUIDSerializer
5769:             1             24  com.fasterxml.jackson.databind.ser.std.UUIDSerializer
5770:             1             24  com.fasterxml.jackson.databind.ser.std.UUIDSerializer
5771:             1             24  com.fasterxml.jackson.databind.util.internal.PrivateMaxEntriesMap$DrainStatus$1
5772:             1             24  com.fasterxml.jackson.databind.util.internal.PrivateMaxEntriesMap$DrainStatus$1
5773:             1             24  com.fasterxml.jackson.databind.util.internal.PrivateMaxEntriesMap$DrainStatus$1
5774:             1             24  com.fasterxml.jackson.databind.util.internal.PrivateMaxEntriesMap$DrainStatus$2
5775:             1             24  com.fasterxml.jackson.databind.util.internal.PrivateMaxEntriesMap$DrainStatus$2
5776:             1             24  com.fasterxml.jackson.databind.util.internal.PrivateMaxEntriesMap$DrainStatus$2
5777:             1             24  com.fasterxml.jackson.databind.util.internal.PrivateMaxEntriesMap$DrainStatus$3
5778:             1             24  com.fasterxml.jackson.databind.util.internal.PrivateMaxEntriesMap$DrainStatus$3
5779:             1             24  com.fasterxml.jackson.databind.util.internal.PrivateMaxEntriesMap$DrainStatus$3
5780:             1             24  com.fasterxml.jackson.databind.util.internal.PrivateMaxEntriesMap$EntrySet
5781:             1             24  com.google.common.cache.CacheBuilder$NullListener
5782:             1             24  com.google.common.cache.CacheBuilder$NullListener
5783:             1             24  com.google.common.cache.CacheBuilder$NullListener
5784:             1             24  com.google.common.cache.CacheBuilder$NullListener
5785:             1             24  com.google.common.cache.CacheBuilder$OneWeigher
5786:             1             24  com.google.common.cache.CacheBuilder$OneWeigher
5787:             1             24  com.google.common.cache.CacheBuilder$OneWeigher
5788:             1             24  com.google.common.cache.CacheBuilder$OneWeigher
5789:             1             24  com.google.common.cache.LocalCache$AccessQueue$1
5790:             1             24  com.google.common.cache.LocalCache$EntryFactory$1
5791:             1             24  com.google.common.cache.LocalCache$EntryFactory$1
5792:             1             24  com.google.common.cache.LocalCache$EntryFactory$1
5793:             1             24  com.google.common.cache.LocalCache$EntryFactory$1
5794:             1             24  com.google.common.cache.LocalCache$EntryFactory$2
5795:             1             24  com.google.common.cache.LocalCache$EntryFactory$2
5796:             1             24  com.google.common.cache.LocalCache$EntryFactory$2
5797:             1             24  com.google.common.cache.LocalCache$EntryFactory$2
5798:             1             24  com.google.common.cache.LocalCache$EntryFactory$3
5799:             1             24  com.google.common.cache.LocalCache$EntryFactory$3
5800:             1             24  com.google.common.cache.LocalCache$EntryFactory$3
5801:             1             24  com.google.common.cache.LocalCache$EntryFactory$3
5802:             1             24  com.google.common.cache.LocalCache$EntryFactory$4
5803:             1             24  com.google.common.cache.LocalCache$EntryFactory$4
5804:             1             24  com.google.common.cache.LocalCache$EntryFactory$4
5805:             1             24  com.google.common.cache.LocalCache$EntryFactory$4
5806:             1             24  com.google.common.cache.LocalCache$EntryFactory$5
5807:             1             24  com.google.common.cache.LocalCache$EntryFactory$5
5808:             1             24  com.google.common.cache.LocalCache$EntryFactory$5
5809:             1             24  com.google.common.cache.LocalCache$EntryFactory$5
5810:             1             24  com.google.common.cache.LocalCache$EntryFactory$6
5811:             1             24  com.google.common.cache.LocalCache$EntryFactory$6
5812:             1             24  com.google.common.cache.LocalCache$EntryFactory$6
5813:             1             24  com.google.common.cache.LocalCache$EntryFactory$6
5814:             1             24  com.google.common.cache.LocalCache$EntryFactory$7
5815:             1             24  com.google.common.cache.LocalCache$EntryFactory$7
5816:             1             24  com.google.common.cache.LocalCache$EntryFactory$7
5817:             1             24  com.google.common.cache.LocalCache$EntryFactory$7
5818:             1             24  com.google.common.cache.LocalCache$EntryFactory$8
5819:             1             24  com.google.common.cache.LocalCache$EntryFactory$8
5820:             1             24  com.google.common.cache.LocalCache$EntryFactory$8
5821:             1             24  com.google.common.cache.LocalCache$EntryFactory$8
5822:             1             24  com.google.common.cache.LocalCache$Strength$1
5823:             1             24  com.google.common.cache.LocalCache$Strength$1
5824:             1             24  com.google.common.cache.LocalCache$Strength$1
5825:             1             24  com.google.common.cache.LocalCache$Strength$1
5826:             1             24  com.google.common.cache.LocalCache$Strength$2
5827:             1             24  com.google.common.cache.LocalCache$Strength$2
5828:             1             24  com.google.common.cache.LocalCache$Strength$2
5829:             1             24  com.google.common.cache.LocalCache$Strength$2
5830:             1             24  com.google.common.cache.LocalCache$Strength$3
5831:             1             24  com.google.common.cache.LocalCache$Strength$3
5832:             1             24  com.google.common.cache.LocalCache$Strength$3
5833:             1             24  com.google.common.cache.LocalCache$Strength$3
5834:             1             24  com.google.common.collect.HashBiMap$Inverse
5835:             1             24  com.google.common.collect.ImmutableEntry
5836:             1             24  com.google.common.collect.ImmutableMapEntrySet$RegularEntrySet
5837:             1             24  com.google.common.collect.ImmutableMapEntrySet$RegularEntrySet
5838:             1             24  com.google.common.collect.ImmutableSet$EmptySetBuilderImpl
5839:             1             24  com.google.common.collect.ImmutableSet$EmptySetBuilderImpl
5840:             1             24  com.google.common.collect.Maps$EntryFunction$1
5841:             1             24  com.google.common.collect.Maps$EntryFunction$2
5842:             1             24  com.google.gson.FieldNamingPolicy$1
5843:             1             24  com.google.gson.FieldNamingPolicy$2
5844:             1             24  com.google.gson.FieldNamingPolicy$3
5845:             1             24  com.google.gson.FieldNamingPolicy$4
5846:             1             24  com.google.gson.FieldNamingPolicy$5
5847:             1             24  com.google.gson.FieldNamingPolicy$6
5848:             1             24  com.google.gson.LongSerializationPolicy$1
5849:             1             24  com.google.gson.LongSerializationPolicy$2
5850:             1             24  com.google.gson.ToNumberPolicy$1
5851:             1             24  com.google.gson.ToNumberPolicy$2
5852:             1             24  com.google.gson.ToNumberPolicy$3
5853:             1             24  com.google.gson.ToNumberPolicy$4
5854:             1             24  com.google.gson.internal.ConstructorConstructor
5855:             1             24  com.google.gson.internal.bind.MapTypeAdapterFactory
5856:             1             24  com.google.gson.internal.bind.TypeAdapters$32
5857:             1             24  com.google.gson.internal.reflect.UnsafeReflectionAccessor
5858:             1             24  com.google.gson.reflect.TypeToken
5859:             1             24  com.nimbusds.jose.jwk.JWKSet
5860:             1             24  com.password4j.BcryptFunction
5861:             1             24  com.sun.jmx.mbeanserver.ClassLoaderRepositorySupport (java.management@21.0.3)
5862:             1             24  com.sun.jmx.mbeanserver.MXBeanLookup (java.management@21.0.3)
5863:             1             24  com.sun.jmx.remote.util.ClassLogger (java.management@21.0.3)
5864:             1             24  com.sun.jna.Structure$3
5865:             1             24  com.sun.jna.WeakMemoryHolder
5866:             1             24  com.sun.jna.internal.Cleaner
5867:             1             24  com.sun.management.internal.HotSpotThreadImpl (jdk.management@21.0.3)
5868:             1             24  com.sun.management.internal.PlatformMBeanProviderImpl$2 (jdk.management@21.0.3)
5869:             1             24  com.sun.management.internal.PlatformMBeanProviderImpl$5 (jdk.management@21.0.3)
5870:             1             24  io.netty.buffer.UnpooledByteBufAllocator
5871:             1             24  io.netty.buffer.UnpooledByteBufAllocator$UnpooledByteBufAllocatorMetric
5872:             1             24  io.netty.channel.ChannelOption$1
5873:             1             24  io.netty.channel.WriteBufferWaterMark
5874:             1             24  io.netty.resolver.DefaultAddressResolverGroup
5875:             1             24  io.netty.util.AttributeKey$1
5876:             1             24  io.netty.util.AttributeKey$1
5877:             1             24  io.netty.util.ResourceLeakDetectorFactory$DefaultResourceLeakDetectorFactory
5878:             1             24  io.netty.util.concurrent.DefaultEventExecutorChooserFactory$PowerOfTwoEventExecutorChooser
5879:             1             24  io.netty.util.concurrent.FailedFuture
5880:             1             24  io.netty.util.concurrent.FailedFuture
5881:             1             24  io.netty.util.internal.DefaultPriorityQueue
5882:             1             24  io.netty.util.internal.ThreadExecutorMap$3
5883:             1             24  io.netty.util.internal.ThreadExecutorMap$3
5884:             1             24  io.protostuff.ByteString
5885:             1             24  io.protostuff.runtime.ArraySchema$1
5886:             1             24  io.protostuff.runtime.ArraySchemas$BigDecimalArray$1
5887:             1             24  io.protostuff.runtime.ArraySchemas$BigIntegerArray$1
5888:             1             24  io.protostuff.runtime.ArraySchemas$ByteArrayArray$1
5889:             1             24  io.protostuff.runtime.ArraySchemas$ByteStringArray$1
5890:             1             24  io.protostuff.runtime.ArraySchemas$DateArray$1
5891:             1             24  io.protostuff.runtime.ArraySchemas$StringArray$1
5892:             1             24  io.protostuff.runtime.ClassSchema$1
5893:             1             24  io.protostuff.runtime.DerivativeSchema$1
5894:             1             24  io.protostuff.runtime.IdStrategy$1
5895:             1             24  io.protostuff.runtime.IdStrategy$11
5896:             1             24  io.protostuff.runtime.IdStrategy$13
5897:             1             24  io.protostuff.runtime.IdStrategy$15
5898:             1             24  io.protostuff.runtime.IdStrategy$17
5899:             1             24  io.protostuff.runtime.IdStrategy$19
5900:             1             24  io.protostuff.runtime.IdStrategy$2
5901:             1             24  io.protostuff.runtime.IdStrategy$21
5902:             1             24  io.protostuff.runtime.IdStrategy$23
5903:             1             24  io.protostuff.runtime.IdStrategy$25
5904:             1             24  io.protostuff.runtime.IdStrategy$3
5905:             1             24  io.protostuff.runtime.IdStrategy$4
5906:             1             24  io.protostuff.runtime.IdStrategy$5
5907:             1             24  io.protostuff.runtime.IdStrategy$6
5908:             1             24  io.protostuff.runtime.IdStrategy$7
5909:             1             24  io.protostuff.runtime.IdStrategy$9
5910:             1             24  io.protostuff.runtime.NumberSchema$1
5911:             1             24  io.protostuff.runtime.ObjectSchema$1
5912:             1             24  io.protostuff.runtime.PolymorphicEnumSchema$1
5913:             1             24  io.protostuff.runtime.PolymorphicSchemaFactories$1
5914:             1             24  io.protostuff.runtime.PolymorphicSchemaFactories$10
5915:             1             24  io.protostuff.runtime.PolymorphicSchemaFactories$11
5916:             1             24  io.protostuff.runtime.PolymorphicSchemaFactories$2
5917:             1             24  io.protostuff.runtime.PolymorphicSchemaFactories$3
5918:             1             24  io.protostuff.runtime.PolymorphicSchemaFactories$4
5919:             1             24  io.protostuff.runtime.PolymorphicSchemaFactories$5
5920:             1             24  io.protostuff.runtime.PolymorphicSchemaFactories$6
5921:             1             24  io.protostuff.runtime.PolymorphicSchemaFactories$7
5922:             1             24  io.protostuff.runtime.PolymorphicSchemaFactories$8
5923:             1             24  io.protostuff.runtime.PolymorphicSchemaFactories$9
5924:             1             24  io.protostuff.runtime.PolymorphicThrowableSchema$1
5925:             1             24  java.io.ObjectInputStream$Caches$1 (java.base@21.0.3)
5926:             1             24  java.io.ObjectStreamClass$Caches$1 (java.base@21.0.3)
5927:             1             24  java.io.ObjectStreamClass$Caches$2 (java.base@21.0.3)
5928:             1             24  java.io.UnixFileSystem (java.base@21.0.3)
5929:             1             24  java.lang.ProcessEnvironment$StringEnvironment (java.base@21.0.3)
5930:             1             24  java.lang.ProcessHandleImpl$$Lambda/0x00007fcd28165b30 (java.base@21.0.3)
5931:             1             24  java.lang.StackWalker$ExtendedOption (java.base@21.0.3)
5932:             1             24  java.lang.Thread$Caches$1 (java.base@21.0.3)
5933:             1             24  java.lang.invoke.MethodHandleImpl$ArrayAccessor$1 (java.base@21.0.3)
5934:             1             24  java.lang.invoke.MethodHandleImpl$BindCaller$1 (java.base@21.0.3)
5935:             1             24  java.lang.invoke.MethodType$ConcurrentWeakInternSet (java.base@21.0.3)
5936:             1             24  java.lang.invoke.VarHandles$1 (java.base@21.0.3)
5937:             1             24  java.lang.reflect.Proxy$1 (java.base@21.0.3)
5938:             1             24  java.math.MutableBigInteger (java.base@21.0.3)
5939:             1             24  java.net.Inet6AddressImpl (java.base@21.0.3)
5940:             1             24  java.nio.file.FileVisitOption (java.base@21.0.3)
5941:             1             24  java.nio.file.LinkOption (java.base@21.0.3)
5942:             1             24  java.nio.file.LinkPermission (java.base@21.0.3)
5943:             1             24  java.security.Policy$PolicyInfo (java.base@21.0.3)
5944:             1             24  java.security.Policy$UnsupportedEmptyCollection (java.base@21.0.3)
5945:             1             24  java.time.Period (java.base@21.0.3)
5946:             1             24  java.time.chrono.HijrahEra (java.base@21.0.3)
5947:             1             24  java.time.format.DateTimePrintContext (java.base@21.0.3)
5948:             1             24  java.time.format.DecimalStyle (java.base@21.0.3)
5949:             1             24  java.time.temporal.IsoFields$Field$1 (java.base@21.0.3)
5950:             1             24  java.time.temporal.IsoFields$Field$2 (java.base@21.0.3)
5951:             1             24  java.time.temporal.IsoFields$Field$3 (java.base@21.0.3)
5952:             1             24  java.time.temporal.IsoFields$Field$4 (java.base@21.0.3)
5953:             1             24  java.time.zone.TzdbZoneRulesProvider (java.base@21.0.3)
5954:             1             24  java.util.Collections$2 (java.base@21.0.3)
5955:             1             24  java.util.Collections$3 (java.base@21.0.3)
5956:             1             24  java.util.Collections$EmptyMap (java.base@21.0.3)
5957:             1             24  java.util.Collections$UnmodifiableNavigableSet$EmptyNavigableSet (java.base@21.0.3)
5958:             1             24  java.util.Comparator$$Lambda/0x00007fcd284ddfe0 (java.base@21.0.3)
5959:             1             24  java.util.Comparator$$Lambda/0x00007fcd289f3bc8 (java.base@21.0.3)
5960:             1             24  java.util.Comparators$NaturalOrderComparator (java.base@21.0.3)
5961:             1             24  java.util.Comparators$NullComparator (java.base@21.0.3)
5962:             1             24  java.util.Formatter (java.base@21.0.3)
5963:             1             24  java.util.ImmutableCollections$MapN$MapNIterator (java.base@21.0.3)
5964:             1             24  java.util.Locale$Cache (java.base@21.0.3)
5965:             1             24  java.util.Locale$LocaleKey (java.base@21.0.3)
5966:             1             24  java.util.OptionalDouble (java.base@21.0.3)
5967:             1             24  java.util.OptionalInt (java.base@21.0.3)
5968:             1             24  java.util.OptionalLong (java.base@21.0.3)
5969:             1             24  java.util.ResourceBundle$Control$CandidateListCache (java.base@21.0.3)
5970:             1             24  java.util.ServiceLoader$2 (java.base@21.0.3)
5971:             1             24  java.util.concurrent.ConcurrentLinkedDeque (java.base@21.0.3)
5972:             1             24  java.util.concurrent.CopyOnWriteArrayList$COWIterator (java.base@21.0.3)
5973:             1             24  java.util.concurrent.FutureTask$WaitNode (java.base@21.0.3)
5974:             1             24  java.util.function.Consumer$$Lambda/0x00007fcd29179e90 (java.base@21.0.3)
5975:             1             24  java.util.function.Function$$Lambda/0x00007fcd2806ad20 (java.base@21.0.3)
5976:             1             24  java.util.logging.LogManager$LoggerContext (java.logging@21.0.3)
5977:             1             24  java.util.logging.LogManager$SystemLoggerContext (java.logging@21.0.3)
5978:             1             24  java.util.regex.Pattern$$Lambda/0x00007fcd282fb048 (java.base@21.0.3)
5979:             1             24  java.util.regex.Pattern$Pos (java.base@21.0.3)
5980:             1             24  java.util.stream.Nodes$LongFixedNodeBuilder (java.base@21.0.3)
5981:             1             24  java.util.stream.ReduceOps$2 (java.base@21.0.3)
5982:             1             24  java.util.stream.ReduceOps$2ReducingSink (java.base@21.0.3)
5983:             1             24  java.util.stream.ReferencePipeline$5$1 (java.base@21.0.3)
5984:             1             24  javax.naming.ldap.LdapName (java.naming@21.0.3)
5985:             1             24  jdk.internal.icu.impl.Norm2AllModes (java.base@21.0.3)
5986:             1             24  jdk.internal.icu.impl.Norm2AllModes$ComposeNormalizer2 (java.base@21.0.3)
5987:             1             24  jdk.internal.icu.impl.Norm2AllModes$Norm2AllModesSingleton (java.base@21.0.3)
5988:             1             24  jdk.internal.jimage.ImageReader (java.base@21.0.3)
5989:             1             24  jdk.internal.logger.BootstrapLogger$RedirectedLoggers (java.base@21.0.3)
5990:             1             24  jdk.internal.math.DoubleToDecimal (java.base@21.0.3)
5991:             1             24  jdk.internal.module.ModuleHashes (java.base@21.0.3)
5992:             1             24  jdk.internal.module.SystemModuleFinders$SystemModuleFinder (java.base@21.0.3)
5993:             1             24  jdk.internal.ref.CleanerImpl (java.base@21.0.3)
5994:             1             24  jdk.internal.vm.ThreadContainers$RootContainer$TrackingRootContainer (java.base@21.0.3)
5995:             1             24  jdk.jfr.internal.management.StreamManager (jdk.jfr@21.0.3)
5996:             1             24  jdk.management.jfr.internal.FlightRecorderMXBeanProvider$SingleMBeanComponent (jdk.management.jfr@21.0.3)
5997:             1             24  jdk.nio.zipfs.ZipCoder$UTF8 (jdk.zipfs@21.0.3)
5998:             1             24  joptsimple.BuiltinHelpFormatter
5999:             1             24  joptsimple.internal.MethodInvokingValueConverter
6000:             1             24  kotlin.SynchronizedLazyImpl
6001:             1             24  kotlin.coroutines.CombinedContext
6002:             1             24  kotlin.coroutines.CombinedContext
6003:             1             24  kotlin.coroutines.CombinedContext
6004:             1             24  kotlin.ranges.IntRange
6005:             1             24  kotlin.ranges.IntRange
6006:             1             24  kotlin.ranges.IntRange
6007:             1             24  kotlinx.coroutines.CoroutineDispatcher$Key
6008:             1             24  kotlinx.coroutines.CoroutineDispatcher$Key
6009:             1             24  kotlinx.coroutines.CoroutineDispatcher$Key
6010:             1             24  kotlinx.coroutines.CoroutineDispatcher$Key
6011:             1             24  kotlinx.coroutines.CoroutineDispatcher$Key
6012:             1             24  kotlinx.coroutines.ExecutorCoroutineDispatcher$Key
6013:             1             24  kotlinx.coroutines.ExecutorCoroutineDispatcher$Key
6014:             1             24  kotlinx.coroutines.ExecutorCoroutineDispatcher$Key
6015:             1             24  kotlinx.coroutines.ExecutorCoroutineDispatcher$Key
6016:             1             24  kotlinx.coroutines.ExecutorCoroutineDispatcher$Key
6017:             1             24  kotlinx.coroutines.ExecutorCoroutineDispatcherImpl
6018:             1             24  kotlinx.coroutines.JobImpl
6019:             1             24  kotlinx.coroutines.JobImpl
6020:             1             24  kotlinx.coroutines.SupervisorJobImpl
6021:             1             24  org.apache.commons.lang3.tuple.ImmutablePair
6022:             1             24  org.apache.commons.pool2.impl.BaseGenericObjectPool$Evictor
6023:             1             24  org.apache.logging.log4j.core.appender.ConsoleAppender$Target$1
6024:             1             24  org.apache.logging.log4j.core.appender.ConsoleAppender$Target$2
6025:             1             24  org.apache.logging.log4j.core.async.ThreadNameCachingStrategy$1
6026:             1             24  org.apache.logging.log4j.core.async.ThreadNameCachingStrategy$2
6027:             1             24  org.apache.logging.log4j.core.config.LoggerConfig$LoggerConfigPredicate$1
6028:             1             24  org.apache.logging.log4j.core.config.LoggerConfig$LoggerConfigPredicate$2
6029:             1             24  org.apache.logging.log4j.core.config.LoggerConfig$LoggerConfigPredicate$3
6030:             1             24  org.apache.logging.log4j.core.config.Loggers
6031:             1             24  org.apache.logging.log4j.core.config.plugins.util.PluginRegistry
6032:             1             24  org.apache.logging.log4j.core.impl.Log4jContextFactory
6033:             1             24  org.apache.logging.log4j.core.pattern.IntegerPatternConverter
6034:             1             24  org.apache.logging.log4j.core.pattern.LevelPatternConverter$SimpleLevelPatternConverter
6035:             1             24  org.apache.logging.log4j.core.pattern.LineSeparatorPatternConverter
6036:             1             24  org.apache.logging.log4j.core.pattern.MessagePatternConverter$SimpleMessagePatternConverter
6037:             1             24  org.apache.logging.log4j.core.pattern.PatternParser
6038:             1             24  org.apache.logging.log4j.core.pattern.SimpleLiteralPatternConverter$Space
6039:             1             24  org.apache.logging.log4j.core.pattern.ThreadNamePatternConverter
6040:             1             24  org.apache.logging.log4j.core.util.Source
6041:             1             24  org.apache.logging.log4j.jul.CoreLoggerAdapter
6042:             1             24  org.apache.logging.log4j.jul.DefaultLevelConverter
6043:             1             24  org.apache.logging.log4j.spi.LoggerRegistry
6044:             1             24  org.apache.logging.slf4j.Log4jLoggerFactory
6045:             1             24  org.apache.logging.slf4j.Log4jLoggerFactory
6046:             1             24  org.apache.logging.slf4j.Log4jMarker
6047:             1             24  org.apache.logging.slf4j.Log4jMarker
6048:             1             24  org.apache.lucene.analysis.CharArrayMap$EntrySet
6049:             1             24  org.apache.lucene.analysis.Tokenizer$1
6050:             1             24  org.apache.lucene.backward_codecs.lucene70.Lucene70Codec$1
6051:             1             24  org.apache.lucene.backward_codecs.lucene70.Lucene70Codec$2
6052:             1             24  org.apache.lucene.backward_codecs.lucene80.Lucene80Codec$1
6053:             1             24  org.apache.lucene.backward_codecs.lucene80.Lucene80Codec$2
6054:             1             24  org.apache.lucene.backward_codecs.lucene84.Lucene84Codec$1
6055:             1             24  org.apache.lucene.backward_codecs.lucene84.Lucene84Codec$2
6056:             1             24  org.apache.lucene.backward_codecs.lucene86.Lucene86Codec$1
6057:             1             24  org.apache.lucene.backward_codecs.lucene86.Lucene86Codec$2
6058:             1             24  org.apache.lucene.backward_codecs.lucene90.Lucene90Codec$1
6059:             1             24  org.apache.lucene.backward_codecs.lucene90.Lucene90Codec$2
6060:             1             24  org.apache.lucene.backward_codecs.lucene90.Lucene90Codec$3
6061:             1             24  org.apache.lucene.backward_codecs.lucene90.Lucene90HnswVectorsFormat
6062:             1             24  org.apache.lucene.codecs.lucene90.IndexedDISI$Method$1
6063:             1             24  org.apache.lucene.codecs.lucene90.IndexedDISI$Method$2
6064:             1             24  org.apache.lucene.codecs.lucene90.IndexedDISI$Method$3
6065:             1             24  org.apache.lucene.index.Impact
6066:             1             24  org.apache.lucene.index.VectorSimilarityFunction$1
6067:             1             24  org.apache.lucene.index.VectorSimilarityFunction$2
6068:             1             24  org.apache.lucene.index.VectorSimilarityFunction$3
6069:             1             24  org.apache.lucene.index.VectorSimilarityFunction$4
6070:             1             24  org.apache.lucene.sandbox.codecs.idversion.IDVersionPostingsFormat
6071:             1             24  org.apache.lucene.search.BooleanClause$Occur$1
6072:             1             24  org.apache.lucene.search.BooleanClause$Occur$2
6073:             1             24  org.apache.lucene.search.BooleanClause$Occur$3
6074:             1             24  org.apache.lucene.search.BooleanClause$Occur$4
6075:             1             24  org.apache.lucene.search.MultiCollector
6076:             1             24  org.apache.lucene.search.TotalHitCountCollector
6077:             1             24  org.apache.lucene.search.suggest.document.Completion50PostingsFormat
6078:             1             24  org.apache.lucene.search.suggest.document.Completion84PostingsFormat
6079:             1             24  org.apache.lucene.search.suggest.document.Completion90PostingsFormat
6080:             1             24  org.apache.lucene.search.suggest.document.Completion99PostingsFormat
6081:             1             24  org.apache.lucene.search.vectorhighlight.SimpleBoundaryScanner
6082:             1             24  org.apache.lucene.util.AttributeFactory$1
6083:             1             24  org.apache.lucene.util.AttributeSource$2
6084:             1             24  org.apache.lucene.util.HotspotVMOptions$$Lambda/0x00007fcd280c55c0
6085:             1             24  org.bouncycastle.asn1.ASN1Integer$1
6086:             1             24  org.bouncycastle.asn1.ASN1Null$1
6087:             1             24  org.bouncycastle.asn1.ASN1ObjectIdentifier$1
6088:             1             24  org.bouncycastle.asn1.ASN1OctetString$1
6089:             1             24  org.bouncycastle.asn1.ASN1RelativeOID$1
6090:             1             24  org.bouncycastle.asn1.ASN1Sequence$1
6091:             1             24  org.bouncycastle.asn1.ASN1Set$1
6092:             1             24  org.bouncycastle.asn1.DLSequence
6093:             1             24  org.bouncycastle.asn1.DLSet
6094:             1             24  org.bouncycastle.jcajce.provider.asymmetric.edec.KeyFactorySpi$Ed25519
6095:             1             24  org.bouncycastle.jcajce.provider.asymmetric.edec.KeyFactorySpi$Ed448
6096:             1             24  org.bouncycastle.jcajce.provider.asymmetric.edec.KeyFactorySpi$X25519
6097:             1             24  org.bouncycastle.jcajce.provider.asymmetric.edec.KeyFactorySpi$X448
6098:             1             24  org.bouncycastle.util.BigIntegers$Cache
6099:             1             24  org.bouncycastle.util.encoders.Base64Encoder
6100:             1             24  org.bouncycastle.util.encoders.HexEncoder
6101:             1             24  org.greenrobot.eventbus.AsyncPoster
6102:             1             24  org.greenrobot.eventbus.BackgroundPoster
6103:             1             24  org.greenrobot.eventbus.EventBus$1
6104:             1             24  org.greenrobot.eventbus.SubscriberMethodFinder
6105:             1             24  org.jcodings.util.BytesHash
6106:             1             24  org.joda.time.format.DateTimeFormatterBuilder$UnpaddedNumber
6107:             1             24  org.locationtech.jts.geom.GeometryFactory
6108:             1             24  org.locationtech.jts.geom.PrecisionModel
6109:             1             24  org.locationtech.spatial4j.io.jts.JtsBinaryCodec
6110:             1             24  org.locationtech.spatial4j.shape.impl.ShapeFactoryImpl
6111:             1             24  org.opensearch.action.ActionRunnable$2
6112:             1             24  org.opensearch.action.admin.cluster.allocation.ClusterAllocationExplainAction
6113:             1             24  org.opensearch.action.admin.cluster.configuration.AddVotingConfigExclusionsAction
6114:             1             24  org.opensearch.action.admin.cluster.configuration.ClearVotingConfigExclusionsAction
6115:             1             24  org.opensearch.action.admin.cluster.decommission.awareness.delete.DeleteDecommissionStateAction
6116:             1             24  org.opensearch.action.admin.cluster.decommission.awareness.get.GetDecommissionStateAction
6117:             1             24  org.opensearch.action.admin.cluster.decommission.awareness.put.DecommissionAction
6118:             1             24  org.opensearch.action.admin.cluster.health.ClusterHealthAction
6119:             1             24  org.opensearch.action.admin.cluster.node.hotthreads.NodeHotThreads
6120:             1             24  org.opensearch.action.admin.cluster.node.hotthreads.NodesHotThreadsAction
6121:             1             24  org.opensearch.action.admin.cluster.node.hotthreads.TransportNodesHotThreadsAction$NodeRequest
6122:             1             24  org.opensearch.action.admin.cluster.node.info.NodesInfoAction
6123:             1             24  org.opensearch.action.admin.cluster.node.info.PluginsAndModules
6124:             1             24  org.opensearch.action.admin.cluster.node.info.TransportNodesInfoAction$NodeInfoRequest
6125:             1             24  org.opensearch.action.admin.cluster.node.reload.NodesReloadSecureSettingsAction
6126:             1             24  org.opensearch.action.admin.cluster.node.stats.NodesStatsAction
6127:             1             24  org.opensearch.action.admin.cluster.node.tasks.cancel.CancelTasksAction
6128:             1             24  org.opensearch.action.admin.cluster.node.tasks.get.GetTaskAction
6129:             1             24  org.opensearch.action.admin.cluster.node.tasks.list.ListTasksAction
6130:             1             24  org.opensearch.action.admin.cluster.node.usage.NodesUsageAction
6131:             1             24  org.opensearch.action.admin.cluster.remote.RemoteInfoAction
6132:             1             24  org.opensearch.action.admin.cluster.remotestore.restore.RestoreRemoteStoreAction
6133:             1             24  org.opensearch.action.admin.cluster.remotestore.stats.RemoteStoreStatsAction
6134:             1             24  org.opensearch.action.admin.cluster.repositories.cleanup.CleanupRepositoryAction
6135:             1             24  org.opensearch.action.admin.cluster.repositories.delete.DeleteRepositoryAction
6136:             1             24  org.opensearch.action.admin.cluster.repositories.get.GetRepositoriesAction
6137:             1             24  org.opensearch.action.admin.cluster.repositories.put.PutRepositoryAction
6138:             1             24  org.opensearch.action.admin.cluster.repositories.verify.VerifyRepositoryAction
6139:             1             24  org.opensearch.action.admin.cluster.reroute.ClusterRerouteAction
6140:             1             24  org.opensearch.action.admin.cluster.settings.ClusterUpdateSettingsAction
6141:             1             24  org.opensearch.action.admin.cluster.shards.ClusterSearchShardsAction
6142:             1             24  org.opensearch.action.admin.cluster.shards.routing.weighted.delete.ClusterDeleteWeightedRoutingAction
6143:             1             24  org.opensearch.action.admin.cluster.shards.routing.weighted.get.ClusterGetWeightedRoutingAction
6144:             1             24  org.opensearch.action.admin.cluster.shards.routing.weighted.put.ClusterAddWeightedRoutingAction
6145:             1             24  org.opensearch.action.admin.cluster.snapshots.clone.CloneSnapshotAction
6146:             1             24  org.opensearch.action.admin.cluster.snapshots.create.CreateSnapshotAction
6147:             1             24  org.opensearch.action.admin.cluster.snapshots.delete.DeleteSnapshotAction
6148:             1             24  org.opensearch.action.admin.cluster.snapshots.get.GetSnapshotsAction
6149:             1             24  org.opensearch.action.admin.cluster.snapshots.restore.RestoreSnapshotAction
6150:             1             24  org.opensearch.action.admin.cluster.snapshots.status.SnapshotsStatusAction
6151:             1             24  org.opensearch.action.admin.cluster.state.ClusterStateAction
6152:             1             24  org.opensearch.action.admin.cluster.stats.ClusterStatsAction
6153:             1             24  org.opensearch.action.admin.cluster.storedscripts.DeleteStoredScriptAction
6154:             1             24  org.opensearch.action.admin.cluster.storedscripts.GetScriptContextAction
6155:             1             24  org.opensearch.action.admin.cluster.storedscripts.GetScriptLanguageAction
6156:             1             24  org.opensearch.action.admin.cluster.storedscripts.GetStoredScriptAction
6157:             1             24  org.opensearch.action.admin.cluster.storedscripts.PutStoredScriptAction
6158:             1             24  org.opensearch.action.admin.cluster.tasks.PendingClusterTasksAction
6159:             1             24  org.opensearch.action.admin.indices.alias.IndicesAliasesAction
6160:             1             24  org.opensearch.action.admin.indices.alias.get.GetAliasesAction
6161:             1             24  org.opensearch.action.admin.indices.analyze.AnalyzeAction
6162:             1             24  org.opensearch.action.admin.indices.cache.clear.ClearIndicesCacheAction
6163:             1             24  org.opensearch.action.admin.indices.close.CloseIndexAction
6164:             1             24  org.opensearch.action.admin.indices.create.AutoCreateAction
6165:             1             24  org.opensearch.action.admin.indices.create.CreateIndexAction
6166:             1             24  org.opensearch.action.admin.indices.dangling.delete.DeleteDanglingIndexAction
6167:             1             24  org.opensearch.action.admin.indices.dangling.find.FindDanglingIndexAction
6168:             1             24  org.opensearch.action.admin.indices.dangling.import_index.ImportDanglingIndexAction
6169:             1             24  org.opensearch.action.admin.indices.dangling.list.ListDanglingIndicesAction
6170:             1             24  org.opensearch.action.admin.indices.datastream.CreateDataStreamAction
6171:             1             24  org.opensearch.action.admin.indices.datastream.DataStreamsStatsAction
6172:             1             24  org.opensearch.action.admin.indices.datastream.DeleteDataStreamAction
6173:             1             24  org.opensearch.action.admin.indices.datastream.GetDataStreamAction
6174:             1             24  org.opensearch.action.admin.indices.delete.DeleteIndexAction
6175:             1             24  org.opensearch.action.admin.indices.exists.indices.IndicesExistsAction
6176:             1             24  org.opensearch.action.admin.indices.flush.FlushAction
6177:             1             24  org.opensearch.action.admin.indices.forcemerge.ForceMergeAction
6178:             1             24  org.opensearch.action.admin.indices.get.GetIndexAction
6179:             1             24  org.opensearch.action.admin.indices.mapping.get.GetFieldMappingsAction
6180:             1             24  org.opensearch.action.admin.indices.mapping.get.GetMappingsAction
6181:             1             24  org.opensearch.action.admin.indices.mapping.put.AutoPutMappingAction
6182:             1             24  org.opensearch.action.admin.indices.mapping.put.PutMappingAction
6183:             1             24  org.opensearch.action.admin.indices.open.OpenIndexAction
6184:             1             24  org.opensearch.action.admin.indices.readonly.AddIndexBlockAction
6185:             1             24  org.opensearch.action.admin.indices.recovery.RecoveryAction
6186:             1             24  org.opensearch.action.admin.indices.refresh.RefreshAction
6187:             1             24  org.opensearch.action.admin.indices.replication.SegmentReplicationStatsAction
6188:             1             24  org.opensearch.action.admin.indices.resolve.ResolveIndexAction
6189:             1             24  org.opensearch.action.admin.indices.rollover.MaxAgeCondition
6190:             1             24  org.opensearch.action.admin.indices.rollover.RolloverAction
6191:             1             24  org.opensearch.action.admin.indices.segments.IndicesSegmentsAction
6192:             1             24  org.opensearch.action.admin.indices.segments.PitSegmentsAction
6193:             1             24  org.opensearch.action.admin.indices.settings.get.GetSettingsAction
6194:             1             24  org.opensearch.action.admin.indices.settings.put.UpdateSettingsAction
6195:             1             24  org.opensearch.action.admin.indices.shards.IndicesShardStoresAction
6196:             1             24  org.opensearch.action.admin.indices.shrink.ResizeAction
6197:             1             24  org.opensearch.action.admin.indices.stats.IndicesStatsAction
6198:             1             24  org.opensearch.action.admin.indices.template.delete.DeleteComponentTemplateAction
6199:             1             24  org.opensearch.action.admin.indices.template.delete.DeleteComposableIndexTemplateAction
6200:             1             24  org.opensearch.action.admin.indices.template.delete.DeleteIndexTemplateAction
6201:             1             24  org.opensearch.action.admin.indices.template.get.GetComponentTemplateAction
6202:             1             24  org.opensearch.action.admin.indices.template.get.GetComposableIndexTemplateAction
6203:             1             24  org.opensearch.action.admin.indices.template.get.GetIndexTemplatesAction
6204:             1             24  org.opensearch.action.admin.indices.template.post.SimulateIndexTemplateAction
6205:             1             24  org.opensearch.action.admin.indices.template.post.SimulateTemplateAction
6206:             1             24  org.opensearch.action.admin.indices.template.put.PutComponentTemplateAction
6207:             1             24  org.opensearch.action.admin.indices.template.put.PutComposableIndexTemplateAction
6208:             1             24  org.opensearch.action.admin.indices.template.put.PutIndexTemplateAction
6209:             1             24  org.opensearch.action.admin.indices.upgrade.get.UpgradeStatusAction
6210:             1             24  org.opensearch.action.admin.indices.upgrade.post.UpgradeAction
6211:             1             24  org.opensearch.action.admin.indices.upgrade.post.UpgradeSettingsAction
6212:             1             24  org.opensearch.action.admin.indices.validate.query.ValidateQueryAction
6213:             1             24  org.opensearch.action.bulk.BulkAction
6214:             1             24  org.opensearch.action.delete.DeleteAction
6215:             1             24  org.opensearch.action.explain.ExplainAction
6216:             1             24  org.opensearch.action.fieldcaps.FieldCapabilitiesAction
6217:             1             24  org.opensearch.action.get.GetAction
6218:             1             24  org.opensearch.action.get.MultiGetAction
6219:             1             24  org.opensearch.action.index.IndexAction
6220:             1             24  org.opensearch.action.ingest.DeletePipelineAction
6221:             1             24  org.opensearch.action.ingest.GetPipelineAction
6222:             1             24  org.opensearch.action.ingest.IngestActionForwarder
6223:             1             24  org.opensearch.action.ingest.PutPipelineAction
6224:             1             24  org.opensearch.action.ingest.SimulatePipelineAction
6225:             1             24  org.opensearch.action.main.MainAction
6226:             1             24  org.opensearch.action.search.ClearScrollAction
6227:             1             24  org.opensearch.action.search.CreatePitAction
6228:             1             24  org.opensearch.action.search.DeletePitAction
6229:             1             24  org.opensearch.action.search.DeleteSearchPipelineAction
6230:             1             24  org.opensearch.action.search.GetAllPitsAction
6231:             1             24  org.opensearch.action.search.GetSearchPipelineAction
6232:             1             24  org.opensearch.action.search.MultiSearchAction
6233:             1             24  org.opensearch.action.search.PutSearchPipelineAction
6234:             1             24  org.opensearch.action.search.SearchAction
6235:             1             24  org.opensearch.action.search.SearchPhaseController
6236:             1             24  org.opensearch.action.search.SearchRequestStats
6237:             1             24  org.opensearch.action.search.SearchResponse$Clusters
6238:             1             24  org.opensearch.action.search.SearchScrollAction
6239:             1             24  org.opensearch.action.search.SearchShard
6240:             1             24  org.opensearch.action.search.SearchTransportService
6241:             1             24  org.opensearch.action.support.AutoCreateIndex
6242:             1             24  org.opensearch.action.support.AutoCreateIndex$AutoCreate
6243:             1             24  org.opensearch.action.support.clustermanager.term.GetTermVersionAction
6244:             1             24  org.opensearch.action.support.tasks.TransportTasksAction$NodeTransportHandler$$Lambda/0x00007fcd2923fa70
6245:             1             24  org.opensearch.action.termvectors.MultiTermVectorsAction
6246:             1             24  org.opensearch.action.termvectors.TermVectorsAction
6247:             1             24  org.opensearch.action.update.UpdateAction
6248:             1             24  org.opensearch.ad.ratelimit.ADSaveResultStrategy
6249:             1             24  org.opensearch.ad.rest.RestAnomalyDetectorJobAction
6250:             1             24  org.opensearch.ad.rest.RestDeleteAnomalyDetectorAction
6251:             1             24  org.opensearch.ad.rest.RestDeleteAnomalyResultsAction
6252:             1             24  org.opensearch.ad.rest.RestGetAnomalyDetectorAction
6253:             1             24  org.opensearch.ad.rest.RestPreviewAnomalyDetectorAction
6254:             1             24  org.opensearch.ad.rest.RestSearchAnomalyDetectorInfoAction
6255:             1             24  org.opensearch.ad.rest.RestSearchTopAnomalyResultAction
6256:             1             24  org.opensearch.ad.settings.ADEnabledSetting
6257:             1             24  org.opensearch.ad.settings.ADNumericSetting
6258:             1             24  org.opensearch.ad.stats.suppliers.ADModelsOnNodeCountSupplier
6259:             1             24  org.opensearch.ad.stats.suppliers.ADModelsOnNodeSupplier
6260:             1             24  org.opensearch.ad.transport.ADBatchAnomalyResultAction
6261:             1             24  org.opensearch.ad.transport.ADBatchTaskRemoteExecutionAction
6262:             1             24  org.opensearch.ad.transport.ADCancelTaskAction
6263:             1             24  org.opensearch.ad.transport.ADEntityProfileAction
6264:             1             24  org.opensearch.ad.transport.ADProfileAction
6265:             1             24  org.opensearch.ad.transport.ADResultBulkAction
6266:             1             24  org.opensearch.ad.transport.ADSingleStreamResultAction
6267:             1             24  org.opensearch.ad.transport.ADStatsNodesAction
6268:             1             24  org.opensearch.ad.transport.ADTaskProfileAction
6269:             1             24  org.opensearch.ad.transport.AnomalyDetectorJobAction
6270:             1             24  org.opensearch.ad.transport.AnomalyResultAction
6271:             1             24  org.opensearch.ad.transport.CronAction
6272:             1             24  org.opensearch.ad.transport.DeleteADModelAction
6273:             1             24  org.opensearch.ad.transport.DeleteAnomalyDetectorAction
6274:             1             24  org.opensearch.ad.transport.DeleteAnomalyResultsAction
6275:             1             24  org.opensearch.ad.transport.EntityADResultAction
6276:             1             24  org.opensearch.ad.transport.ForwardADTaskAction
6277:             1             24  org.opensearch.ad.transport.GetAnomalyDetectorAction
6278:             1             24  org.opensearch.ad.transport.IndexAnomalyDetectorAction
6279:             1             24  org.opensearch.ad.transport.PreviewAnomalyDetectorAction
6280:             1             24  org.opensearch.ad.transport.RCFPollingAction
6281:             1             24  org.opensearch.ad.transport.RCFResultAction
6282:             1             24  org.opensearch.ad.transport.SearchADTasksAction
6283:             1             24  org.opensearch.ad.transport.SearchAnomalyDetectorAction
6284:             1             24  org.opensearch.ad.transport.SearchAnomalyDetectorInfoAction
6285:             1             24  org.opensearch.ad.transport.SearchAnomalyResultAction
6286:             1             24  org.opensearch.ad.transport.SearchTopAnomalyResultAction
6287:             1             24  org.opensearch.ad.transport.StatsAnomalyDetectorAction
6288:             1             24  org.opensearch.ad.transport.StopDetectorAction
6289:             1             24  org.opensearch.ad.transport.ThresholdResultAction
6290:             1             24  org.opensearch.ad.transport.ValidateAnomalyDetectorAction
6291:             1             24  org.opensearch.ad.transport.handler.ADIndexMemoryPressureAwareResultHandler
6292:             1             24  org.opensearch.ad.transport.handler.ADSearchHandler
6293:             1             24  org.opensearch.agent.ToolPlugin
6294:             1             24  org.opensearch.agent.tools.NeuralSparseSearchTool$Factory
6295:             1             24  org.opensearch.agent.tools.RAGTool$Factory
6296:             1             24  org.opensearch.agent.tools.SearchAnomalyDetectorsTool$Factory
6297:             1             24  org.opensearch.agent.tools.SearchAnomalyResultsTool$Factory
6298:             1             24  org.opensearch.agent.tools.VectorDBTool$Factory
6299:             1             24  org.opensearch.alerting.MonitorRunnerService
6300:             1             24  org.opensearch.alerting.WorkflowService
6301:             1             24  org.opensearch.alerting.action.DocLevelMonitorFanOutAction
6302:             1             24  org.opensearch.alerting.action.ExecuteMonitorAction
6303:             1             24  org.opensearch.alerting.action.ExecuteWorkflowAction
6304:             1             24  org.opensearch.alerting.action.GetDestinationsAction
6305:             1             24  org.opensearch.alerting.action.GetEmailAccountAction
6306:             1             24  org.opensearch.alerting.action.GetEmailGroupAction
6307:             1             24  org.opensearch.alerting.action.GetRemoteIndexesAction
6308:             1             24  org.opensearch.alerting.action.SearchEmailAccountAction
6309:             1             24  org.opensearch.alerting.action.SearchEmailGroupAction
6310:             1             24  org.opensearch.alerting.core.ScheduledJobIndices
6311:             1             24  org.opensearch.alerting.core.action.node.ScheduledJobsStatsAction
6312:             1             24  org.opensearch.alerting.core.lock.LockService
6313:             1             24  org.opensearch.alerting.core.resthandler.RestScheduledJobStatsHandler
6314:             1             24  org.opensearch.alerting.model.destination.DestinationContextFactory
6315:             1             24  org.opensearch.alerting.resthandler.RestAcknowledgeAlertAction
6316:             1             24  org.opensearch.alerting.resthandler.RestAcknowledgeChainedAlertAction
6317:             1             24  org.opensearch.alerting.resthandler.RestDeleteAlertingCommentAction
6318:             1             24  org.opensearch.alerting.resthandler.RestDeleteMonitorAction
6319:             1             24  org.opensearch.alerting.resthandler.RestDeleteWorkflowAction
6320:             1             24  org.opensearch.alerting.resthandler.RestExecuteMonitorAction
6321:             1             24  org.opensearch.alerting.resthandler.RestExecuteWorkflowAction
6322:             1             24  org.opensearch.alerting.resthandler.RestGetAlertsAction
6323:             1             24  org.opensearch.alerting.resthandler.RestGetDestinationsAction
6324:             1             24  org.opensearch.alerting.resthandler.RestGetEmailAccountAction
6325:             1             24  org.opensearch.alerting.resthandler.RestGetEmailGroupAction
6326:             1             24  org.opensearch.alerting.resthandler.RestGetFindingsAction
6327:             1             24  org.opensearch.alerting.resthandler.RestGetMonitorAction
6328:             1             24  org.opensearch.alerting.resthandler.RestGetRemoteIndexesAction
6329:             1             24  org.opensearch.alerting.resthandler.RestGetWorkflowAction
6330:             1             24  org.opensearch.alerting.resthandler.RestGetWorkflowAlertsAction
6331:             1             24  org.opensearch.alerting.resthandler.RestIndexAlertingCommentAction
6332:             1             24  org.opensearch.alerting.resthandler.RestIndexMonitorAction
6333:             1             24  org.opensearch.alerting.resthandler.RestIndexWorkflowAction
6334:             1             24  org.opensearch.alerting.resthandler.RestSearchAlertingCommentAction
6335:             1             24  org.opensearch.alerting.resthandler.RestSearchEmailAccountAction
6336:             1             24  org.opensearch.alerting.resthandler.RestSearchEmailGroupAction
6337:             1             24  org.opensearch.bootstrap.OpenSearchPolicy$SystemPolicy
6338:             1             24  org.opensearch.bootstrap.Spawner
6339:             1             24  org.opensearch.cli.Command$$Lambda/0x00007fcd280261f0
6340:             1             24  org.opensearch.cli.Terminal$SystemTerminal
6341:             1             24  org.opensearch.cluster.InternalClusterInfoService$IndicesStatsSummary
6342:             1             24  org.opensearch.cluster.action.index.MappingUpdatedAction$AdjustableSemaphore
6343:             1             24  org.opensearch.cluster.action.index.NodeMappingRefreshAction
6344:             1             24  org.opensearch.cluster.action.shard.ShardStateAction$ShardFailedTransportHandler
6345:             1             24  org.opensearch.cluster.action.shard.ShardStateAction$ShardStartedTransportHandler
6346:             1             24  org.opensearch.cluster.block.ClusterBlocks
6347:             1             24  org.opensearch.cluster.coordination.FollowersChecker$FastResponseState
6348:             1             24  org.opensearch.cluster.coordination.JoinHelper$$Lambda/0x00007fcd28cf7350
6349:             1             24  org.opensearch.cluster.coordination.JoinHelper$$Lambda/0x00007fcd28cf7788
6350:             1             24  org.opensearch.cluster.coordination.JoinHelper$$Lambda/0x00007fcd28cf7bc0
6351:             1             24  org.opensearch.cluster.coordination.JoinHelper$$Lambda/0x00007fcd28cf8000
6352:             1             24  org.opensearch.cluster.coordination.PublicationTransportHandler$$Lambda/0x00007fcd28cfbee8
6353:             1             24  org.opensearch.cluster.metadata.AutoExpandReplicas
6354:             1             24  org.opensearch.cluster.metadata.DiffableStringMap$DiffableStringMapDiff
6355:             1             24  org.opensearch.cluster.metadata.IndexMetadata$6
6356:             1             24  org.opensearch.cluster.metadata.Manifest$1
6357:             1             24  org.opensearch.cluster.metadata.Metadata$1
6358:             1             24  org.opensearch.cluster.node.DiscoveryNodeRole$1
6359:             1             24  org.opensearch.cluster.node.DiscoveryNodeRole$2
6360:             1             24  org.opensearch.cluster.node.DiscoveryNodeRole$3
6361:             1             24  org.opensearch.cluster.node.DiscoveryNodeRole$4
6362:             1             24  org.opensearch.cluster.node.DiscoveryNodeRole$5
6363:             1             24  org.opensearch.cluster.node.DiscoveryNodeRole$6
6364:             1             24  org.opensearch.cluster.routing.RoutingNodes$Recoveries
6365:             1             24  org.opensearch.cluster.routing.allocation.AwarenessReplicaBalance
6366:             1             24  org.opensearch.cluster.routing.allocation.decider.AwarenessAllocationDecider
6367:             1             24  org.opensearch.cluster.routing.allocation.decider.DiskThresholdDecider
6368:             1             24  org.opensearch.cluster.routing.allocation.decider.EnableAllocationDecider
6369:             1             24  org.opensearch.cluster.routing.allocation.decider.RemoteStoreMigrationAllocationDecider
6370:             1             24  org.opensearch.cluster.routing.allocation.decider.ShardsLimitAllocationDecider
6371:             1             24  org.opensearch.common.LocalTimeOffset$NoPrevious
6372:             1             24  org.opensearch.common.MemoizedSupplier
6373:             1             24  org.opensearch.common.Rounding$TimeIntervalRounding
6374:             1             24  org.opensearch.common.Rounding$TimeIntervalRounding$FixedRounding
6375:             1             24  org.opensearch.common.TimeBasedUUIDGenerator
6376:             1             24  org.opensearch.common.cache.service.CacheService
6377:             1             24  org.opensearch.common.cache.stats.ImmutableCacheStatsHolder
6378:             1             24  org.opensearch.common.cache.stats.ImmutableCacheStatsHolder$Node
6379:             1             24  org.opensearch.common.cache.store.OpenSearchOnHeapCache$$Lambda/0x00007fcd292f0a50
6380:             1             24  org.opensearch.common.inject.Key$NullAnnotationStrategy
6381:             1             24  org.opensearch.common.lease.Releasables$$Lambda/0x00007fcd2920a480
6382:             1             24  org.opensearch.common.lucene.ShardCoreKeyMap
6383:             1             24  org.opensearch.common.path.PathTrie
6384:             1             24  org.opensearch.common.settings.ClusterSettings$LoggingSettingUpdater
6385:             1             24  org.opensearch.common.settings.Setting$$Lambda/0x00007fcd280caec0
6386:             1             24  org.opensearch.common.settings.Settings$Builder
6387:             1             24  org.opensearch.common.settings.SettingsFilter
6388:             1             24  org.opensearch.common.ssl.SslClientAuthenticationMode$1
6389:             1             24  org.opensearch.common.ssl.SslClientAuthenticationMode$2
6390:             1             24  org.opensearch.common.ssl.SslClientAuthenticationMode$3
6391:             1             24  org.opensearch.common.ssl.SslVerificationMode$1
6392:             1             24  org.opensearch.common.ssl.SslVerificationMode$2
6393:             1             24  org.opensearch.common.ssl.SslVerificationMode$3
6394:             1             24  org.opensearch.common.time.EpochTime$1
6395:             1             24  org.opensearch.common.time.EpochTime$2
6396:             1             24  org.opensearch.common.time.EpochTime$3
6397:             1             24  org.opensearch.common.time.EpochTime$4
6398:             1             24  org.opensearch.common.time.EpochTime$5
6399:             1             24  org.opensearch.common.time.RFC3339CompatibleDateTimeFormatter
6400:             1             24  org.opensearch.common.unit.SizeUnit$1
6401:             1             24  org.opensearch.common.unit.SizeUnit$2
6402:             1             24  org.opensearch.common.unit.SizeUnit$3
6403:             1             24  org.opensearch.common.unit.SizeUnit$4
6404:             1             24  org.opensearch.common.unit.SizeUnit$5
6405:             1             24  org.opensearch.common.unit.SizeUnit$6
6406:             1             24  org.opensearch.common.util.PageCacheRecycler$Type$1
6407:             1             24  org.opensearch.common.util.PageCacheRecycler$Type$2
6408:             1             24  org.opensearch.common.util.PageCacheRecycler$Type$3
6409:             1             24  org.opensearch.common.util.concurrent.AtomicArray
6410:             1             24  org.opensearch.common.xcontent.ParseFieldRegistry
6411:             1             24  org.opensearch.commons.utils.HelpersKt$logger$1
6412:             1             24  org.opensearch.core.common.io.stream.ByteBufferStreamInput
6413:             1             24  org.opensearch.core.common.unit.ByteSizeUnit$1
6414:             1             24  org.opensearch.core.common.unit.ByteSizeUnit$2
6415:             1             24  org.opensearch.core.common.unit.ByteSizeUnit$3
6416:             1             24  org.opensearch.core.common.unit.ByteSizeUnit$4
6417:             1             24  org.opensearch.core.common.unit.ByteSizeUnit$5
6418:             1             24  org.opensearch.core.common.unit.ByteSizeUnit$6
6419:             1             24  org.opensearch.core.xcontent.ObjectParser$$Lambda/0x00007fcd287ef810
6420:             1             24  org.opensearch.core.xcontent.ObjectParser$$Lambda/0x00007fcd29095918
6421:             1             24  org.opensearch.core.xcontent.XContentLocation
6422:             1             24  org.opensearch.core.xcontent.XContentParser$Token$1
6423:             1             24  org.opensearch.core.xcontent.XContentParser$Token$10
6424:             1             24  org.opensearch.core.xcontent.XContentParser$Token$2
6425:             1             24  org.opensearch.core.xcontent.XContentParser$Token$3
6426:             1             24  org.opensearch.core.xcontent.XContentParser$Token$4
6427:             1             24  org.opensearch.core.xcontent.XContentParser$Token$5
6428:             1             24  org.opensearch.core.xcontent.XContentParser$Token$6
6429:             1             24  org.opensearch.core.xcontent.XContentParser$Token$7
6430:             1             24  org.opensearch.core.xcontent.XContentParser$Token$8
6431:             1             24  org.opensearch.core.xcontent.XContentParser$Token$9
6432:             1             24  org.opensearch.crypto.CryptoHandlerRegistry
6433:             1             24  org.opensearch.discovery.HandshakingTransportAddressConnector
6434:             1             24  org.opensearch.env.NodeMetadata
6435:             1             24  org.opensearch.env.NodeMetadata$NodeMetadataStateFormat
6436:             1             24  org.opensearch.env.OpenSearchFileStore
6437:             1             24  org.opensearch.flowframework.rest.RestCreateWorkflowAction
6438:             1             24  org.opensearch.flowframework.rest.RestDeleteWorkflowAction
6439:             1             24  org.opensearch.flowframework.rest.RestDeprovisionWorkflowAction
6440:             1             24  org.opensearch.flowframework.rest.RestGetWorkflowAction
6441:             1             24  org.opensearch.flowframework.rest.RestGetWorkflowStateAction
6442:             1             24  org.opensearch.flowframework.rest.RestGetWorkflowStepAction
6443:             1             24  org.opensearch.flowframework.rest.RestProvisionWorkflowAction
6444:             1             24  org.opensearch.flowframework.transport.CreateWorkflowAction
6445:             1             24  org.opensearch.flowframework.transport.DeleteWorkflowAction
6446:             1             24  org.opensearch.flowframework.transport.DeprovisionWorkflowAction
6447:             1             24  org.opensearch.flowframework.transport.GetWorkflowAction
6448:             1             24  org.opensearch.flowframework.transport.GetWorkflowStateAction
6449:             1             24  org.opensearch.flowframework.transport.GetWorkflowStepAction
6450:             1             24  org.opensearch.flowframework.transport.ProvisionWorkflowAction
6451:             1             24  org.opensearch.flowframework.transport.SearchWorkflowAction
6452:             1             24  org.opensearch.flowframework.transport.SearchWorkflowStateAction
6453:             1             24  org.opensearch.flowframework.workflow.WorkflowStepFactory$$Lambda/0x00007fcd28a4deb0
6454:             1             24  org.opensearch.flowframework.workflow.WorkflowStepFactory$$Lambda/0x00007fcd28a4e0d0
6455:             1             24  org.opensearch.flowframework.workflow.WorkflowStepFactory$$Lambda/0x00007fcd28a4e950
6456:             1             24  org.opensearch.flowframework.workflow.WorkflowStepFactory$$Lambda/0x00007fcd28a4f1d0
6457:             1             24  org.opensearch.flowframework.workflow.WorkflowStepFactory$$Lambda/0x00007fcd28a4f610
6458:             1             24  org.opensearch.flowframework.workflow.WorkflowStepFactory$$Lambda/0x00007fcd28a4fc80
6459:             1             24  org.opensearch.flowframework.workflow.WorkflowStepFactory$$Lambda/0x00007fcd28a50220
6460:             1             24  org.opensearch.flowframework.workflow.WorkflowStepFactory$$Lambda/0x00007fcd28a50440
6461:             1             24  org.opensearch.forecast.ratelimit.ForecastSaveResultStrategy
6462:             1             24  org.opensearch.forecast.rest.RestDeleteForecasterAction
6463:             1             24  org.opensearch.forecast.rest.RestForecasterJobAction
6464:             1             24  org.opensearch.forecast.rest.RestForecasterSuggestAction
6465:             1             24  org.opensearch.forecast.rest.RestGetForecasterAction
6466:             1             24  org.opensearch.forecast.rest.RestRunOnceForecasterAction
6467:             1             24  org.opensearch.forecast.rest.RestSearchForecasterInfoAction
6468:             1             24  org.opensearch.forecast.rest.RestSearchTopForecastResultAction
6469:             1             24  org.opensearch.forecast.settings.ForecastEnabledSetting
6470:             1             24  org.opensearch.forecast.settings.ForecastNumericSetting
6471:             1             24  org.opensearch.forecast.stats.ForecastModelsOnNodeSupplier
6472:             1             24  org.opensearch.forecast.transport.DeleteForecastModelAction
6473:             1             24  org.opensearch.forecast.transport.DeleteForecasterAction
6474:             1             24  org.opensearch.forecast.transport.EntityForecastResultAction
6475:             1             24  org.opensearch.forecast.transport.ForecastEntityProfileAction
6476:             1             24  org.opensearch.forecast.transport.ForecastProfileAction
6477:             1             24  org.opensearch.forecast.transport.ForecastResultAction
6478:             1             24  org.opensearch.forecast.transport.ForecastResultBulkAction
6479:             1             24  org.opensearch.forecast.transport.ForecastRunOnceAction
6480:             1             24  org.opensearch.forecast.transport.ForecastRunOnceProfileAction
6481:             1             24  org.opensearch.forecast.transport.ForecastSingleStreamResultAction
6482:             1             24  org.opensearch.forecast.transport.ForecastStatsNodesAction
6483:             1             24  org.opensearch.forecast.transport.ForecasterJobAction
6484:             1             24  org.opensearch.forecast.transport.GetForecasterAction
6485:             1             24  org.opensearch.forecast.transport.IndexForecasterAction
6486:             1             24  org.opensearch.forecast.transport.SearchForecastTasksAction
6487:             1             24  org.opensearch.forecast.transport.SearchForecasterAction
6488:             1             24  org.opensearch.forecast.transport.SearchForecasterInfoAction
6489:             1             24  org.opensearch.forecast.transport.SearchTopForecastResultAction
6490:             1             24  org.opensearch.forecast.transport.StatsForecasterAction
6491:             1             24  org.opensearch.forecast.transport.StopForecasterAction
6492:             1             24  org.opensearch.forecast.transport.SuggestForecasterParamAction
6493:             1             24  org.opensearch.forecast.transport.ValidateForecasterAction
6494:             1             24  org.opensearch.forecast.transport.handler.ForecastIndexMemoryPressureAwareResultHandler
6495:             1             24  org.opensearch.forecast.transport.handler.ForecastSearchHandler
6496:             1             24  org.opensearch.gateway.GatewayAllocator$InternalPrimaryShardAllocator
6497:             1             24  org.opensearch.gateway.GatewayAllocator$InternalReplicaShardAllocator
6498:             1             24  org.opensearch.gateway.GatewayService$$Lambda/0x00007fcd28ddc838
6499:             1             24  org.opensearch.gateway.PersistedClusterStateService$MetadataIndexWriter
6500:             1             24  org.opensearch.gateway.ShardsBatchGatewayAllocator$InternalPrimaryBatchShardAllocator
6501:             1             24  org.opensearch.gateway.ShardsBatchGatewayAllocator$InternalReplicaBatchShardAllocator
6502:             1             24  org.opensearch.geospatial.action.upload.geojson.UploadGeoJSONAction
6503:             1             24  org.opensearch.geospatial.ip2geo.action.DeleteDatasourceAction
6504:             1             24  org.opensearch.geospatial.ip2geo.action.GetDatasourceAction
6505:             1             24  org.opensearch.geospatial.ip2geo.action.PutDatasourceAction
6506:             1             24  org.opensearch.geospatial.ip2geo.action.RestDeleteDatasourceHandler
6507:             1             24  org.opensearch.geospatial.ip2geo.action.RestGetDatasourceHandler
6508:             1             24  org.opensearch.geospatial.ip2geo.action.RestUpdateDatasourceHandler
6509:             1             24  org.opensearch.geospatial.ip2geo.action.UpdateDatasourceAction
6510:             1             24  org.opensearch.geospatial.ip2geo.common.Ip2GeoLockService
6511:             1             24  org.opensearch.geospatial.ip2geo.dao.DatasourceDao
6512:             1             24  org.opensearch.geospatial.rest.action.upload.geojson.RestUploadGeoJSONAction
6513:             1             24  org.opensearch.geospatial.stats.upload.RestUploadStatsAction
6514:             1             24  org.opensearch.geospatial.stats.upload.UploadStats
6515:             1             24  org.opensearch.geospatial.stats.upload.UploadStatsAction
6516:             1             24  org.opensearch.http.HttpInfo
6517:             1             24  org.opensearch.http.HttpTracer
6518:             1             24  org.opensearch.http.netty4.Netty4HttpRequestCreator
6519:             1             24  org.opensearch.http.netty4.Netty4HttpRequestHandler
6520:             1             24  org.opensearch.http.netty4.Netty4HttpResponseCreator
6521:             1             24  org.opensearch.http.netty4.Netty4HttpServerChannel
6522:             1             24  org.opensearch.http.netty4.Netty4HttpServerTransport$ServerChannelExceptionHandler
6523:             1             24  org.opensearch.index.SegmentReplicationStatsTracker
6524:             1             24  org.opensearch.index.analysis.AnalysisRegistry$Component$1
6525:             1             24  org.opensearch.index.analysis.AnalysisRegistry$Component$2
6526:             1             24  org.opensearch.index.analysis.AnalysisRegistry$Component$3
6527:             1             24  org.opensearch.index.analysis.AnalysisRegistry$Component$4
6528:             1             24  org.opensearch.index.analysis.AnalysisRegistry$Component$5
6529:             1             24  org.opensearch.index.analysis.PreConfiguredCharFilter$2
6530:             1             24  org.opensearch.index.codec.customcodecs.QatDeflate99Codec
6531:             1             24  org.opensearch.index.codec.customcodecs.QatLz499Codec
6532:             1             24  org.opensearch.index.codec.customcodecs.Zstd99Codec
6533:             1             24  org.opensearch.index.codec.customcodecs.ZstdNoDict99Codec
6534:             1             24  org.opensearch.index.codec.customcodecs.backward_codecs.Zstd95Codec
6535:             1             24  org.opensearch.index.codec.customcodecs.backward_codecs.Zstd95DeprecatedCodec
6536:             1             24  org.opensearch.index.codec.customcodecs.backward_codecs.ZstdNoDict95Codec
6537:             1             24  org.opensearch.index.codec.fuzzy.FuzzyFilterPostingsFormat
6538:             1             24  org.opensearch.index.mapper.DefaultDerivedFieldResolver
6539:             1             24  org.opensearch.index.mapper.DynamicTemplate$MatchType$1
6540:             1             24  org.opensearch.index.mapper.DynamicTemplate$MatchType$2
6541:             1             24  org.opensearch.index.mapper.DynamicTemplate$XContentFieldType$1
6542:             1             24  org.opensearch.index.mapper.DynamicTemplate$XContentFieldType$2
6543:             1             24  org.opensearch.index.mapper.DynamicTemplate$XContentFieldType$3
6544:             1             24  org.opensearch.index.mapper.DynamicTemplate$XContentFieldType$4
6545:             1             24  org.opensearch.index.mapper.DynamicTemplate$XContentFieldType$5
6546:             1             24  org.opensearch.index.mapper.DynamicTemplate$XContentFieldType$6
6547:             1             24  org.opensearch.index.mapper.DynamicTemplate$XContentFieldType$7
6548:             1             24  org.opensearch.index.mapper.ObjectMapper$Nested
6549:             1             24  org.opensearch.index.mapper.RangeType$LengthType$1
6550:             1             24  org.opensearch.index.mapper.RangeType$LengthType$2
6551:             1             24  org.opensearch.index.mapper.RangeType$LengthType$3
6552:             1             24  org.opensearch.index.mapper.RangeType$LengthType$4
6553:             1             24  org.opensearch.index.query.MatchNoneQueryBuilder
6554:             1             24  org.opensearch.index.query.ParsedQuery
6555:             1             24  org.opensearch.index.query.support.NestedScope
6556:             1             24  org.opensearch.index.rankeval.RankEvalAction
6557:             1             24  org.opensearch.index.rankeval.RestRankEvalAction
6558:             1             24  org.opensearch.index.reindex.DeleteByQueryAction
6559:             1             24  org.opensearch.index.reindex.ReindexAction
6560:             1             24  org.opensearch.index.reindex.ReindexSslConfig
6561:             1             24  org.opensearch.index.reindex.RestDeleteByQueryAction
6562:             1             24  org.opensearch.index.reindex.RestDeleteByQueryAction
6563:             1             24  org.opensearch.index.reindex.RestReindexAction
6564:             1             24  org.opensearch.index.reindex.RestRethrottleAction
6565:             1             24  org.opensearch.index.reindex.RestUpdateByQueryAction
6566:             1             24  org.opensearch.index.reindex.RethrottleAction
6567:             1             24  org.opensearch.index.reindex.UpdateByQueryAction
6568:             1             24  org.opensearch.index.remote.RemoteStorePressureService
6569:             1             24  org.opensearch.index.remote.RemoteStoreStatsTrackerFactory
6570:             1             24  org.opensearch.index.seqno.RetentionLeaseActions$Add
6571:             1             24  org.opensearch.index.seqno.RetentionLeaseActions$Remove
6572:             1             24  org.opensearch.index.seqno.RetentionLeaseActions$Renew
6573:             1             24  org.opensearch.index.seqno.RetentionLeases$1
6574:             1             24  org.opensearch.index.shard.IndexShard$$Lambda/0x00007fcd29302238
6575:             1             24  org.opensearch.index.shard.PrimaryReplicaSyncer
6576:             1             24  org.opensearch.index.shard.ShardStateMetadata$1
6577:             1             24  org.opensearch.index.store.RemoteSegmentStoreDirectoryFactory
6578:             1             24  org.opensearch.index.store.remote.directory.RemoteSnapshotDirectoryFactory
6579:             1             24  org.opensearch.indexmanagement.controlcenter.notification.ControlCenterIndices
6580:             1             24  org.opensearch.indexmanagement.controlcenter.notification.action.delete.DeleteLRONConfigAction
6581:             1             24  org.opensearch.indexmanagement.controlcenter.notification.action.get.GetLRONConfigAction
6582:             1             24  org.opensearch.indexmanagement.controlcenter.notification.action.index.IndexLRONConfigAction
6583:             1             24  org.opensearch.indexmanagement.controlcenter.notification.resthandler.RestDeleteLRONConfigAction
6584:             1             24  org.opensearch.indexmanagement.controlcenter.notification.resthandler.RestGetLRONConfigAction
6585:             1             24  org.opensearch.indexmanagement.controlcenter.notification.resthandler.RestIndexLRONConfigAction
6586:             1             24  org.opensearch.indexmanagement.indexstatemanagement.ExtensionStatusChecker
6587:             1             24  org.opensearch.indexmanagement.indexstatemanagement.ISMActionsParser
6588:             1             24  org.opensearch.indexmanagement.indexstatemanagement.SkipExecution
6589:             1             24  org.opensearch.indexmanagement.indexstatemanagement.action.AliasActionParser
6590:             1             24  org.opensearch.indexmanagement.indexstatemanagement.resthandler.RestAddPolicyAction
6591:             1             24  org.opensearch.indexmanagement.indexstatemanagement.resthandler.RestChangePolicyAction
6592:             1             24  org.opensearch.indexmanagement.indexstatemanagement.resthandler.RestDeletePolicyAction
6593:             1             24  org.opensearch.indexmanagement.indexstatemanagement.resthandler.RestExplainAction
6594:             1             24  org.opensearch.indexmanagement.indexstatemanagement.resthandler.RestGetPolicyAction
6595:             1             24  org.opensearch.indexmanagement.indexstatemanagement.resthandler.RestRemovePolicyAction
6596:             1             24  org.opensearch.indexmanagement.indexstatemanagement.resthandler.RestRetryFailedManagedIndexAction
6597:             1             24  org.opensearch.indexmanagement.indexstatemanagement.transport.action.addpolicy.AddPolicyAction
6598:             1             24  org.opensearch.indexmanagement.indexstatemanagement.transport.action.changepolicy.ChangePolicyAction
6599:             1             24  org.opensearch.indexmanagement.indexstatemanagement.transport.action.deletepolicy.DeletePolicyAction
6600:             1             24  org.opensearch.indexmanagement.indexstatemanagement.transport.action.explain.ExplainAction
6601:             1             24  org.opensearch.indexmanagement.indexstatemanagement.transport.action.getpolicy.GetPoliciesAction
6602:             1             24  org.opensearch.indexmanagement.indexstatemanagement.transport.action.getpolicy.GetPolicyAction
6603:             1             24  org.opensearch.indexmanagement.indexstatemanagement.transport.action.indexpolicy.IndexPolicyAction
6604:             1             24  org.opensearch.indexmanagement.indexstatemanagement.transport.action.managedIndex.ManagedIndexAction
6605:             1             24  org.opensearch.indexmanagement.indexstatemanagement.transport.action.removepolicy.RemovePolicyAction
6606:             1             24  org.opensearch.indexmanagement.indexstatemanagement.transport.action.retryfailedmanagedindex.RetryFailedManagedIndexAction
6607:             1             24  org.opensearch.indexmanagement.indexstatemanagement.transport.action.updateindexmetadata.UpdateManagedIndexMetaDataAction
6608:             1             24  org.opensearch.indexmanagement.indexstatemanagement.validation.ActionValidation
6609:             1             24  org.opensearch.indexmanagement.refreshanalyzer.RefreshSearchAnalyzerAction
6610:             1             24  org.opensearch.indexmanagement.refreshanalyzer.RestRefreshSearchAnalyzerAction
6611:             1             24  org.opensearch.indexmanagement.rollup.RollupIndexer
6612:             1             24  org.opensearch.indexmanagement.rollup.RollupMetadataService
6613:             1             24  org.opensearch.indexmanagement.rollup.action.delete.DeleteRollupAction
6614:             1             24  org.opensearch.indexmanagement.rollup.action.explain.ExplainRollupAction
6615:             1             24  org.opensearch.indexmanagement.rollup.action.get.GetRollupAction
6616:             1             24  org.opensearch.indexmanagement.rollup.action.get.GetRollupsAction
6617:             1             24  org.opensearch.indexmanagement.rollup.action.index.IndexRollupAction
6618:             1             24  org.opensearch.indexmanagement.rollup.action.mapping.UpdateRollupMappingAction
6619:             1             24  org.opensearch.indexmanagement.rollup.action.start.StartRollupAction
6620:             1             24  org.opensearch.indexmanagement.rollup.action.stop.StopRollupAction
6621:             1             24  org.opensearch.indexmanagement.rollup.resthandler.RestDeleteRollupAction
6622:             1             24  org.opensearch.indexmanagement.rollup.resthandler.RestExplainRollupAction
6623:             1             24  org.opensearch.indexmanagement.rollup.resthandler.RestGetRollupAction
6624:             1             24  org.opensearch.indexmanagement.rollup.resthandler.RestIndexRollupAction
6625:             1             24  org.opensearch.indexmanagement.rollup.resthandler.RestStartRollupAction
6626:             1             24  org.opensearch.indexmanagement.rollup.resthandler.RestStopRollupAction
6627:             1             24  org.opensearch.indexmanagement.snapshotmanagement.api.resthandler.RestCreateSMPolicyHandler
6628:             1             24  org.opensearch.indexmanagement.snapshotmanagement.api.resthandler.RestDeleteSMPolicyHandler
6629:             1             24  org.opensearch.indexmanagement.snapshotmanagement.api.resthandler.RestExplainSMPolicyHandler
6630:             1             24  org.opensearch.indexmanagement.snapshotmanagement.api.resthandler.RestGetSMPolicyHandler
6631:             1             24  org.opensearch.indexmanagement.snapshotmanagement.api.resthandler.RestStartSMPolicyHandler
6632:             1             24  org.opensearch.indexmanagement.snapshotmanagement.api.resthandler.RestStopSMPolicyHandler
6633:             1             24  org.opensearch.indexmanagement.snapshotmanagement.api.resthandler.RestUpdateSMPolicyHandler
6634:             1             24  org.opensearch.indexmanagement.transform.TransformMetadataService
6635:             1             24  org.opensearch.indexmanagement.transform.action.delete.DeleteTransformsAction
6636:             1             24  org.opensearch.indexmanagement.transform.action.explain.ExplainTransformAction
6637:             1             24  org.opensearch.indexmanagement.transform.action.get.GetTransformAction
6638:             1             24  org.opensearch.indexmanagement.transform.action.get.GetTransformsAction
6639:             1             24  org.opensearch.indexmanagement.transform.action.index.IndexTransformAction
6640:             1             24  org.opensearch.indexmanagement.transform.action.preview.PreviewTransformAction
6641:             1             24  org.opensearch.indexmanagement.transform.action.start.StartTransformAction
6642:             1             24  org.opensearch.indexmanagement.transform.action.stop.StopTransformAction
6643:             1             24  org.opensearch.indexmanagement.transform.resthandler.RestDeleteTransformAction
6644:             1             24  org.opensearch.indexmanagement.transform.resthandler.RestExplainTransformAction
6645:             1             24  org.opensearch.indexmanagement.transform.resthandler.RestGetTransformAction
6646:             1             24  org.opensearch.indexmanagement.transform.resthandler.RestIndexTransformAction
6647:             1             24  org.opensearch.indexmanagement.transform.resthandler.RestPreviewTransformAction
6648:             1             24  org.opensearch.indexmanagement.transform.resthandler.RestStartTransformAction
6649:             1             24  org.opensearch.indexmanagement.transform.resthandler.RestStopTransformAction
6650:             1             24  org.opensearch.indices.IndexingMemoryController$ShardsIndicesStatusChecker
6651:             1             24  org.opensearch.indices.IndicesRequestCache$Loader
6652:             1             24  org.opensearch.indices.IndicesService$$Lambda/0x00007fcd292fd460
6653:             1             24  org.opensearch.indices.IndicesService$1
6654:             1             24  org.opensearch.indices.SystemIndices
6655:             1             24  org.opensearch.indices.analysis.AnalysisModule
6656:             1             24  org.opensearch.indices.analysis.HunspellService$$Lambda/0x00007fcd28657528
6657:             1             24  org.opensearch.indices.fielddata.cache.IndicesFieldDataCache
6658:             1             24  org.opensearch.indices.recovery.PeerRecoveryTargetService$FileChunkTransportRequestHandler
6659:             1             24  org.opensearch.indices.replication.OngoingSegmentReplications
6660:             1             24  org.opensearch.indices.replication.SegmentReplicationSourceFactory
6661:             1             24  org.opensearch.indices.replication.SegmentReplicationTargetService$FileChunkTransportRequestHandler
6662:             1             24  org.opensearch.ingest.common.GrokProcessor$Factory
6663:             1             24  org.opensearch.ingest.common.GrokProcessorGetAction
6664:             1             24  org.opensearch.ingest.common.GrokProcessorGetAction$RestAction
6665:             1             24  org.opensearch.ingest.geoip.GeoIpProcessor$Factory
6666:             1             24  org.opensearch.knn.index.KNNCircuitBreaker
6667:             1             24  org.opensearch.knn.index.KNNCircuitBreaker$$Lambda/0x00007fcd2890fd68
6668:             1             24  org.opensearch.knn.index.KNNSettings
6669:             1             24  org.opensearch.knn.index.codec.KNN80Codec.KNN80Codec$1
6670:             1             24  org.opensearch.knn.index.codec.KNN84Codec.KNN84Codec$1
6671:             1             24  org.opensearch.knn.index.codec.KNN86Codec.KNN86Codec$1
6672:             1             24  org.opensearch.knn.index.codec.KNN910Codec.KNN910Codec
6673:             1             24  org.opensearch.knn.index.memory.NativeMemoryLoadStrategy$IndexLoadStrategy
6674:             1             24  org.opensearch.knn.index.memory.NativeMemoryLoadStrategy$TrainingLoadStrategy
6675:             1             24  org.opensearch.knn.indices.ModelDao$OpenSearchKNNModelDao
6676:             1             24  org.opensearch.knn.plugin.KNNPlugin
6677:             1             24  org.opensearch.knn.plugin.rest.RestDeleteModelHandler
6678:             1             24  org.opensearch.knn.plugin.rest.RestGetModelHandler
6679:             1             24  org.opensearch.knn.plugin.rest.RestKNNStatsHandler
6680:             1             24  org.opensearch.knn.plugin.rest.RestSearchModelHandler
6681:             1             24  org.opensearch.knn.plugin.rest.RestTrainModelHandler
6682:             1             24  org.opensearch.knn.plugin.transport.ClearCacheAction
6683:             1             24  org.opensearch.knn.plugin.transport.DeleteModelAction
6684:             1             24  org.opensearch.knn.plugin.transport.GetModelAction
6685:             1             24  org.opensearch.knn.plugin.transport.KNNStatsAction
6686:             1             24  org.opensearch.knn.plugin.transport.KNNWarmupAction
6687:             1             24  org.opensearch.knn.plugin.transport.RemoveModelFromCacheAction
6688:             1             24  org.opensearch.knn.plugin.transport.SearchModelAction
6689:             1             24  org.opensearch.knn.plugin.transport.TrainingJobRouteDecisionInfoAction
6690:             1             24  org.opensearch.knn.plugin.transport.TrainingJobRouterAction
6691:             1             24  org.opensearch.knn.plugin.transport.TrainingModelAction
6692:             1             24  org.opensearch.knn.plugin.transport.UpdateModelGraveyardAction
6693:             1             24  org.opensearch.knn.plugin.transport.UpdateModelMetadataAction
6694:             1             24  org.opensearch.knn.training.TrainingJobClusterStateListener
6695:             1             24  org.opensearch.knn.training.VectorReader
6696:             1             24  org.opensearch.ml.action.profile.MLProfileAction
6697:             1             24  org.opensearch.ml.action.stats.MLStatsNodesAction
6698:             1             24  org.opensearch.ml.breaker.DiskCircuitBreaker
6699:             1             24  org.opensearch.ml.breaker.MemoryCircuitBreaker
6700:             1             24  org.opensearch.ml.common.transport.agent.MLAgentDeleteAction
6701:             1             24  org.opensearch.ml.common.transport.agent.MLAgentGetAction
6702:             1             24  org.opensearch.ml.common.transport.agent.MLRegisterAgentAction
6703:             1             24  org.opensearch.ml.common.transport.agent.MLSearchAgentAction
6704:             1             24  org.opensearch.ml.common.transport.config.MLConfigGetAction
6705:             1             24  org.opensearch.ml.common.transport.connector.MLConnectorDeleteAction
6706:             1             24  org.opensearch.ml.common.transport.connector.MLConnectorGetAction
6707:             1             24  org.opensearch.ml.common.transport.connector.MLConnectorSearchAction
6708:             1             24  org.opensearch.ml.common.transport.connector.MLCreateConnectorAction
6709:             1             24  org.opensearch.ml.common.transport.connector.MLExecuteConnectorAction
6710:             1             24  org.opensearch.ml.common.transport.connector.MLUpdateConnectorAction
6711:             1             24  org.opensearch.ml.common.transport.controller.MLControllerDeleteAction
6712:             1             24  org.opensearch.ml.common.transport.controller.MLControllerGetAction
6713:             1             24  org.opensearch.ml.common.transport.controller.MLCreateControllerAction
6714:             1             24  org.opensearch.ml.common.transport.controller.MLDeployControllerAction
6715:             1             24  org.opensearch.ml.common.transport.controller.MLUndeployControllerAction
6716:             1             24  org.opensearch.ml.common.transport.controller.MLUpdateControllerAction
6717:             1             24  org.opensearch.ml.common.transport.deploy.MLDeployModelAction
6718:             1             24  org.opensearch.ml.common.transport.deploy.MLDeployModelOnNodeAction
6719:             1             24  org.opensearch.ml.common.transport.execute.MLExecuteTaskAction
6720:             1             24  org.opensearch.ml.common.transport.forward.MLForwardAction
6721:             1             24  org.opensearch.ml.common.transport.model.MLModelDeleteAction
6722:             1             24  org.opensearch.ml.common.transport.model.MLModelGetAction
6723:             1             24  org.opensearch.ml.common.transport.model.MLModelSearchAction
6724:             1             24  org.opensearch.ml.common.transport.model.MLUpdateModelAction
6725:             1             24  org.opensearch.ml.common.transport.model_group.MLModelGroupDeleteAction
6726:             1             24  org.opensearch.ml.common.transport.model_group.MLModelGroupGetAction
6727:             1             24  org.opensearch.ml.common.transport.model_group.MLModelGroupSearchAction
6728:             1             24  org.opensearch.ml.common.transport.model_group.MLRegisterModelGroupAction
6729:             1             24  org.opensearch.ml.common.transport.model_group.MLUpdateModelGroupAction
6730:             1             24  org.opensearch.ml.common.transport.prediction.MLPredictionTaskAction
6731:             1             24  org.opensearch.ml.common.transport.register.MLRegisterModelAction
6732:             1             24  org.opensearch.ml.common.transport.sync.MLSyncUpAction
6733:             1             24  org.opensearch.ml.common.transport.task.MLTaskDeleteAction
6734:             1             24  org.opensearch.ml.common.transport.task.MLTaskGetAction
6735:             1             24  org.opensearch.ml.common.transport.task.MLTaskSearchAction
6736:             1             24  org.opensearch.ml.common.transport.tools.MLGetToolAction
6737:             1             24  org.opensearch.ml.common.transport.tools.MLListToolsAction
6738:             1             24  org.opensearch.ml.common.transport.training.MLTrainingTaskAction
6739:             1             24  org.opensearch.ml.common.transport.trainpredict.MLTrainAndPredictionTaskAction
6740:             1             24  org.opensearch.ml.common.transport.undeploy.MLUndeployModelAction
6741:             1             24  org.opensearch.ml.common.transport.undeploy.MLUndeployModelsAction
6742:             1             24  org.opensearch.ml.common.transport.update_cache.MLUpdateModelCacheAction
6743:             1             24  org.opensearch.ml.common.transport.upload_chunk.MLRegisterModelMetaAction
6744:             1             24  org.opensearch.ml.common.transport.upload_chunk.MLUploadModelChunkAction
6745:             1             24  org.opensearch.ml.engine.algorithms.sample.LocalSampleCalculator
6746:             1             24  org.opensearch.ml.engine.indices.MLIndicesHandler
6747:             1             24  org.opensearch.ml.engine.memory.MLMemoryManager
6748:             1             24  org.opensearch.ml.engine.tools.CatIndexTool$Factory
6749:             1             24  org.opensearch.ml.engine.tools.SearchIndexTool$Factory
6750:             1             24  org.opensearch.ml.memory.action.conversation.CreateConversationAction
6751:             1             24  org.opensearch.ml.memory.action.conversation.CreateInteractionAction
6752:             1             24  org.opensearch.ml.memory.action.conversation.DeleteConversationAction
6753:             1             24  org.opensearch.ml.memory.action.conversation.GetConversationAction
6754:             1             24  org.opensearch.ml.memory.action.conversation.GetConversationsAction
6755:             1             24  org.opensearch.ml.memory.action.conversation.GetInteractionAction
6756:             1             24  org.opensearch.ml.memory.action.conversation.GetInteractionsAction
6757:             1             24  org.opensearch.ml.memory.action.conversation.GetTracesAction
6758:             1             24  org.opensearch.ml.memory.action.conversation.SearchConversationsAction
6759:             1             24  org.opensearch.ml.memory.action.conversation.SearchInteractionsAction
6760:             1             24  org.opensearch.ml.memory.action.conversation.UpdateConversationAction
6761:             1             24  org.opensearch.ml.memory.action.conversation.UpdateInteractionAction
6762:             1             24  org.opensearch.ml.memory.index.OpenSearchConversationalMemoryHandler
6763:             1             24  org.opensearch.ml.model.MLModelCacheHelper
6764:             1             24  org.opensearch.ml.processor.MLInferenceIngestProcessor$Factory
6765:             1             24  org.opensearch.ml.rest.RestMLCreateConnectorAction
6766:             1             24  org.opensearch.ml.rest.RestMLCreateControllerAction
6767:             1             24  org.opensearch.ml.rest.RestMLDeleteAgentAction
6768:             1             24  org.opensearch.ml.rest.RestMLDeleteConnectorAction
6769:             1             24  org.opensearch.ml.rest.RestMLDeleteControllerAction
6770:             1             24  org.opensearch.ml.rest.RestMLDeleteModelAction
6771:             1             24  org.opensearch.ml.rest.RestMLDeleteModelGroupAction
6772:             1             24  org.opensearch.ml.rest.RestMLDeleteTaskAction
6773:             1             24  org.opensearch.ml.rest.RestMLDeployModelAction
6774:             1             24  org.opensearch.ml.rest.RestMLExecuteAction
6775:             1             24  org.opensearch.ml.rest.RestMLGetAgentAction
6776:             1             24  org.opensearch.ml.rest.RestMLGetConfigAction
6777:             1             24  org.opensearch.ml.rest.RestMLGetConnectorAction
6778:             1             24  org.opensearch.ml.rest.RestMLGetControllerAction
6779:             1             24  org.opensearch.ml.rest.RestMLGetModelAction
6780:             1             24  org.opensearch.ml.rest.RestMLGetModelGroupAction
6781:             1             24  org.opensearch.ml.rest.RestMLGetTaskAction
6782:             1             24  org.opensearch.ml.rest.RestMLGetToolAction
6783:             1             24  org.opensearch.ml.rest.RestMLListToolsAction
6784:             1             24  org.opensearch.ml.rest.RestMLProfileAction
6785:             1             24  org.opensearch.ml.rest.RestMLRegisterAgentAction
6786:             1             24  org.opensearch.ml.rest.RestMLRegisterModelAction
6787:             1             24  org.opensearch.ml.rest.RestMLRegisterModelGroupAction
6788:             1             24  org.opensearch.ml.rest.RestMLRegisterModelMetaAction
6789:             1             24  org.opensearch.ml.rest.RestMLTrainAndPredictAction
6790:             1             24  org.opensearch.ml.rest.RestMLTrainingAction
6791:             1             24  org.opensearch.ml.rest.RestMLUpdateConnectorAction
6792:             1             24  org.opensearch.ml.rest.RestMLUpdateControllerAction
6793:             1             24  org.opensearch.ml.rest.RestMLUpdateModelAction
6794:             1             24  org.opensearch.ml.rest.RestMLUpdateModelGroupAction
6795:             1             24  org.opensearch.ml.rest.RestMLUploadModelChunkAction
6796:             1             24  org.opensearch.ml.rest.RestMemoryCreateConversationAction
6797:             1             24  org.opensearch.ml.rest.RestMemoryCreateInteractionAction
6798:             1             24  org.opensearch.ml.rest.RestMemoryDeleteConversationAction
6799:             1             24  org.opensearch.ml.rest.RestMemoryGetConversationAction
6800:             1             24  org.opensearch.ml.rest.RestMemoryGetConversationsAction
6801:             1             24  org.opensearch.ml.rest.RestMemoryGetInteractionAction
6802:             1             24  org.opensearch.ml.rest.RestMemoryGetInteractionsAction
6803:             1             24  org.opensearch.ml.rest.RestMemoryGetTracesAction
6804:             1             24  org.opensearch.ml.rest.RestMemorySearchInteractionsAction
6805:             1             24  org.opensearch.ml.rest.RestMemoryUpdateConversationAction
6806:             1             24  org.opensearch.ml.rest.RestMemoryUpdateInteractionAction
6807:             1             24  org.opensearch.ml.stats.MLStats
6808:             1             24  org.opensearch.ml.utils.IndexUtils
6809:             1             24  org.opensearch.monitor.fs.FsHealthService$FsHealthMonitor
6810:             1             24  org.opensearch.monitor.fs.FsProbe
6811:             1             24  org.opensearch.monitor.jvm.JvmGcMonitorService$GcOverheadThreshold
6812:             1             24  org.opensearch.monitor.os.OsProbe
6813:             1             24  org.opensearch.monitor.process.ProcessService
6814:             1             24  org.opensearch.monitor.process.ProcessStats$Cpu
6815:             1             24  org.opensearch.monitor.process.ProcessStats$Mem
6816:             1             24  org.opensearch.neuralsearch.processor.NormalizationProcessorWorkflow
6817:             1             24  org.opensearch.neuralsearch.processor.combination.ArithmeticMeanScoreCombinationTechnique
6818:             1             24  org.opensearch.neuralsearch.processor.factory.NormalizationProcessorFactory
6819:             1             24  org.opensearch.neuralsearch.processor.factory.RerankProcessorFactory
6820:             1             24  org.opensearch.neuralsearch.processor.factory.SparseEncodingProcessorFactory
6821:             1             24  org.opensearch.neuralsearch.processor.factory.TextChunkingProcessorFactory
6822:             1             24  org.opensearch.neuralsearch.processor.factory.TextEmbeddingProcessorFactory
6823:             1             24  org.opensearch.neuralsearch.processor.factory.TextImageEmbeddingProcessorFactory
6824:             1             24  org.opensearch.neuralsearch.search.query.HybridQueryPhaseSearcher$ConcurrentQueryPhaseSearcherWithEmptyQueryCollectorContext
6825:             1             24  org.opensearch.neuralsearch.search.query.HybridQueryPhaseSearcher$DefaultQueryPhaseSearcherWithEmptyQueryCollectorContext
6826:             1             24  org.opensearch.node.IoUsageStats
6827:             1             24  org.opensearch.node.remotestore.RemoteStoreNodeService
6828:             1             24  org.opensearch.notifications.resthandler.NotificationChannelListRestHandler
6829:             1             24  org.opensearch.notifications.resthandler.NotificationConfigRestHandler
6830:             1             24  org.opensearch.notifications.resthandler.NotificationFeaturesRestHandler
6831:             1             24  org.opensearch.notifications.resthandler.SendTestMessageRestHandler
6832:             1             24  org.opensearch.observability.resthandler.ObservabilityRestHandler
6833:             1             24  org.opensearch.observability.resthandler.ObservabilityStatsRestHandler
6834:             1             24  org.opensearch.observability.util.HelpersKt$logger$1
6835:             1             24  org.opensearch.painless.PainlessScriptEngine
6836:             1             24  org.opensearch.painless.action.PainlessContextAction
6837:             1             24  org.opensearch.painless.action.PainlessContextAction$RestAction
6838:             1             24  org.opensearch.painless.action.PainlessExecuteAction
6839:             1             24  org.opensearch.painless.action.PainlessExecuteAction$RestAction
6840:             1             24  org.opensearch.performanceanalyzer.commons.config.overrides.ConfigOverrides
6841:             1             24  org.opensearch.performanceanalyzer.commons.event_process.EventLog
6842:             1             24  org.opensearch.performanceanalyzer.commons.stats.StatsReporter
6843:             1             24  org.opensearch.performanceanalyzer.config.setting.ClusterSettingsManager$$Lambda/0x00007fcd291cc230
6844:             1             24  org.opensearch.performanceanalyzer.config.setting.handler.ConfigOverridesClusterSettingHandler
6845:             1             24  org.opensearch.performanceanalyzer.config.setting.handler.NodeStatsSettingHandler
6846:             1             24  org.opensearch.performanceanalyzer.config.setting.handler.PerformanceAnalyzerClusterSettingHandler
6847:             1             24  org.opensearch.performanceanalyzer.config.setting.handler.PerformanceAnalyzerCollectorsSettingHandler
6848:             1             24  org.opensearch.performanceanalyzer.http_action.config.PerformanceAnalyzerConfigAction
6849:             1             24  org.opensearch.performanceanalyzer.http_action.whoami.WhoAmIAction
6850:             1             24  org.opensearch.persistent.CompletionPersistentTaskAction
6851:             1             24  org.opensearch.persistent.PersistentTasksService
6852:             1             24  org.opensearch.persistent.RemovePersistentTaskAction
6853:             1             24  org.opensearch.persistent.StartPersistentTaskAction
6854:             1             24  org.opensearch.persistent.UpdatePersistentTaskStatusAction
6855:             1             24  org.opensearch.plugins.SearchPlugin$RescorerSpec
6856:             1             24  org.opensearch.replication.ReplicationPlugin$$Lambda/0x00007fcd28c11928
6857:             1             24  org.opensearch.replication.action.autofollow.AutoFollowClusterManagerNodeAction
6858:             1             24  org.opensearch.replication.action.autofollow.UpdateAutoFollowPatternAction
6859:             1             24  org.opensearch.replication.action.changes.GetChangesAction
6860:             1             24  org.opensearch.replication.action.index.ReplicateIndexAction
6861:             1             24  org.opensearch.replication.action.index.ReplicateIndexClusterManagerNodeAction
6862:             1             24  org.opensearch.replication.action.index.block.UpdateIndexBlockAction
6863:             1             24  org.opensearch.replication.action.pause.PauseIndexReplicationAction
6864:             1             24  org.opensearch.replication.action.replay.ReplayChangesAction
6865:             1             24  org.opensearch.replication.action.replicationstatedetails.UpdateReplicationStateAction
6866:             1             24  org.opensearch.replication.action.repository.GetFileChunkAction
6867:             1             24  org.opensearch.replication.action.repository.GetStoreMetadataAction
6868:             1             24  org.opensearch.replication.action.repository.ReleaseLeaderResourcesAction
6869:             1             24  org.opensearch.replication.action.resume.ResumeIndexReplicationAction
6870:             1             24  org.opensearch.replication.action.setup.SetupChecksAction
6871:             1             24  org.opensearch.replication.action.setup.ValidatePermissionsAction
6872:             1             24  org.opensearch.replication.action.stats.AutoFollowStatsAction
6873:             1             24  org.opensearch.replication.action.stats.FollowerStatsAction
6874:             1             24  org.opensearch.replication.action.stats.LeaderStatsAction
6875:             1             24  org.opensearch.replication.action.status.ReplicationStatusAction
6876:             1             24  org.opensearch.replication.action.status.ShardsInfoAction
6877:             1             24  org.opensearch.replication.action.stop.StopIndexReplicationAction
6878:             1             24  org.opensearch.replication.action.update.UpdateIndexReplicationAction
6879:             1             24  org.opensearch.replication.metadata.ReplicationMetadataManager
6880:             1             24  org.opensearch.replication.metadata.UpdateMetadataAction
6881:             1             24  org.opensearch.replication.rest.AutoFollowStatsHandler
6882:             1             24  org.opensearch.replication.rest.FollowerStatsHandler
6883:             1             24  org.opensearch.replication.rest.LeaderStatsHandler
6884:             1             24  org.opensearch.replication.rest.PauseIndexReplicationHandler
6885:             1             24  org.opensearch.replication.rest.ReplicateIndexHandler
6886:             1             24  org.opensearch.replication.rest.ReplicationStatusHandler
6887:             1             24  org.opensearch.replication.rest.ResumeIndexReplicationHandler
6888:             1             24  org.opensearch.replication.rest.StopIndexReplicationHandler
6889:             1             24  org.opensearch.replication.rest.UpdateAutoFollowPatternsHandler
6890:             1             24  org.opensearch.replication.rest.UpdateIndexHandler
6891:             1             24  org.opensearch.replication.util.Injectables
6892:             1             24  org.opensearch.reportsscheduler.resthandler.OnDemandReportRestHandler
6893:             1             24  org.opensearch.reportsscheduler.resthandler.ReportDefinitionListRestHandler
6894:             1             24  org.opensearch.reportsscheduler.resthandler.ReportDefinitionRestHandler
6895:             1             24  org.opensearch.reportsscheduler.resthandler.ReportInstanceListRestHandler
6896:             1             24  org.opensearch.reportsscheduler.resthandler.ReportInstanceRestHandler
6897:             1             24  org.opensearch.reportsscheduler.resthandler.ReportStatsRestHandler
6898:             1             24  org.opensearch.repositories.VerifyNodeRepositoryAction
6899:             1             24  org.opensearch.repositories.s3.S3AsyncService
6900:             1             24  org.opensearch.repositories.s3.S3Service
6901:             1             24  org.opensearch.rest.RestHeaderDefinition
6902:             1             24  org.opensearch.rest.action.RestFieldCapabilitiesAction
6903:             1             24  org.opensearch.rest.action.RestMainAction
6904:             1             24  org.opensearch.rest.action.admin.cluster.RestAddVotingConfigExclusionAction
6905:             1             24  org.opensearch.rest.action.admin.cluster.RestCancelTasksAction
6906:             1             24  org.opensearch.rest.action.admin.cluster.RestCleanupRepositoryAction
6907:             1             24  org.opensearch.rest.action.admin.cluster.RestClearVotingConfigExclusionsAction
6908:             1             24  org.opensearch.rest.action.admin.cluster.RestCloneSnapshotAction
6909:             1             24  org.opensearch.rest.action.admin.cluster.RestClusterAllocationExplainAction
6910:             1             24  org.opensearch.rest.action.admin.cluster.RestClusterDeleteWeightedRoutingAction
6911:             1             24  org.opensearch.rest.action.admin.cluster.RestClusterGetWeightedRoutingAction
6912:             1             24  org.opensearch.rest.action.admin.cluster.RestClusterHealthAction
6913:             1             24  org.opensearch.rest.action.admin.cluster.RestClusterPutWeightedRoutingAction
6914:             1             24  org.opensearch.rest.action.admin.cluster.RestClusterRerouteAction
6915:             1             24  org.opensearch.rest.action.admin.cluster.RestClusterSearchShardsAction
6916:             1             24  org.opensearch.rest.action.admin.cluster.RestClusterStateAction
6917:             1             24  org.opensearch.rest.action.admin.cluster.RestClusterStatsAction
6918:             1             24  org.opensearch.rest.action.admin.cluster.RestClusterUpdateSettingsAction
6919:             1             24  org.opensearch.rest.action.admin.cluster.RestCreateSnapshotAction
6920:             1             24  org.opensearch.rest.action.admin.cluster.RestDecommissionAction
6921:             1             24  org.opensearch.rest.action.admin.cluster.RestDeleteDecommissionStateAction
6922:             1             24  org.opensearch.rest.action.admin.cluster.RestDeleteRepositoryAction
6923:             1             24  org.opensearch.rest.action.admin.cluster.RestDeleteSnapshotAction
6924:             1             24  org.opensearch.rest.action.admin.cluster.RestDeleteStoredScriptAction
6925:             1             24  org.opensearch.rest.action.admin.cluster.RestGetDecommissionStateAction
6926:             1             24  org.opensearch.rest.action.admin.cluster.RestGetRepositoriesAction
6927:             1             24  org.opensearch.rest.action.admin.cluster.RestGetScriptContextAction
6928:             1             24  org.opensearch.rest.action.admin.cluster.RestGetScriptLanguageAction
6929:             1             24  org.opensearch.rest.action.admin.cluster.RestGetSnapshotsAction
6930:             1             24  org.opensearch.rest.action.admin.cluster.RestGetStoredScriptAction
6931:             1             24  org.opensearch.rest.action.admin.cluster.RestGetTaskAction
6932:             1             24  org.opensearch.rest.action.admin.cluster.RestListTasksAction
6933:             1             24  org.opensearch.rest.action.admin.cluster.RestNodesHotThreadsAction
6934:             1             24  org.opensearch.rest.action.admin.cluster.RestNodesInfoAction
6935:             1             24  org.opensearch.rest.action.admin.cluster.RestNodesStatsAction
6936:             1             24  org.opensearch.rest.action.admin.cluster.RestNodesUsageAction
6937:             1             24  org.opensearch.rest.action.admin.cluster.RestPendingClusterTasksAction
6938:             1             24  org.opensearch.rest.action.admin.cluster.RestPutRepositoryAction
6939:             1             24  org.opensearch.rest.action.admin.cluster.RestPutStoredScriptAction
6940:             1             24  org.opensearch.rest.action.admin.cluster.RestReloadSecureSettingsAction
6941:             1             24  org.opensearch.rest.action.admin.cluster.RestRemoteClusterInfoAction
6942:             1             24  org.opensearch.rest.action.admin.cluster.RestRemoteStoreStatsAction
6943:             1             24  org.opensearch.rest.action.admin.cluster.RestRestoreRemoteStoreAction
6944:             1             24  org.opensearch.rest.action.admin.cluster.RestRestoreSnapshotAction
6945:             1             24  org.opensearch.rest.action.admin.cluster.RestSnapshotsStatusAction
6946:             1             24  org.opensearch.rest.action.admin.cluster.RestVerifyRepositoryAction
6947:             1             24  org.opensearch.rest.action.admin.cluster.dangling.RestDeleteDanglingIndexAction
6948:             1             24  org.opensearch.rest.action.admin.cluster.dangling.RestImportDanglingIndexAction
6949:             1             24  org.opensearch.rest.action.admin.cluster.dangling.RestListDanglingIndicesAction
6950:             1             24  org.opensearch.rest.action.admin.indices.RestAddIndexBlockAction
6951:             1             24  org.opensearch.rest.action.admin.indices.RestAnalyzeAction
6952:             1             24  org.opensearch.rest.action.admin.indices.RestClearIndicesCacheAction
6953:             1             24  org.opensearch.rest.action.admin.indices.RestCloseIndexAction
6954:             1             24  org.opensearch.rest.action.admin.indices.RestCreateDataStreamAction
6955:             1             24  org.opensearch.rest.action.admin.indices.RestDataStreamsStatsAction
6956:             1             24  org.opensearch.rest.action.admin.indices.RestDeleteComponentTemplateAction
6957:             1             24  org.opensearch.rest.action.admin.indices.RestDeleteComposableIndexTemplateAction
6958:             1             24  org.opensearch.rest.action.admin.indices.RestDeleteDataStreamAction
6959:             1             24  org.opensearch.rest.action.admin.indices.RestDeleteIndexAction
6960:             1             24  org.opensearch.rest.action.admin.indices.RestDeleteIndexTemplateAction
6961:             1             24  org.opensearch.rest.action.admin.indices.RestFlushAction
6962:             1             24  org.opensearch.rest.action.admin.indices.RestForceMergeAction
6963:             1             24  org.opensearch.rest.action.admin.indices.RestGetComponentTemplateAction
6964:             1             24  org.opensearch.rest.action.admin.indices.RestGetComposableIndexTemplateAction
6965:             1             24  org.opensearch.rest.action.admin.indices.RestGetDataStreamsAction
6966:             1             24  org.opensearch.rest.action.admin.indices.RestGetFieldMappingAction
6967:             1             24  org.opensearch.rest.action.admin.indices.RestGetIndexTemplateAction
6968:             1             24  org.opensearch.rest.action.admin.indices.RestGetMappingAction
6969:             1             24  org.opensearch.rest.action.admin.indices.RestGetSettingsAction
6970:             1             24  org.opensearch.rest.action.admin.indices.RestIndexDeleteAliasesAction
6971:             1             24  org.opensearch.rest.action.admin.indices.RestIndicesAliasesAction
6972:             1             24  org.opensearch.rest.action.admin.indices.RestIndicesSegmentsAction
6973:             1             24  org.opensearch.rest.action.admin.indices.RestIndicesShardStoresAction
6974:             1             24  org.opensearch.rest.action.admin.indices.RestIndicesStatsAction
6975:             1             24  org.opensearch.rest.action.admin.indices.RestOpenIndexAction
6976:             1             24  org.opensearch.rest.action.admin.indices.RestPutComponentTemplateAction
6977:             1             24  org.opensearch.rest.action.admin.indices.RestPutComposableIndexTemplateAction
6978:             1             24  org.opensearch.rest.action.admin.indices.RestPutIndexTemplateAction
6979:             1             24  org.opensearch.rest.action.admin.indices.RestPutMappingAction
6980:             1             24  org.opensearch.rest.action.admin.indices.RestRecoveryAction
6981:             1             24  org.opensearch.rest.action.admin.indices.RestResizeHandler$RestCloneIndexAction
6982:             1             24  org.opensearch.rest.action.admin.indices.RestResizeHandler$RestShrinkIndexAction
6983:             1             24  org.opensearch.rest.action.admin.indices.RestResizeHandler$RestSplitIndexAction
6984:             1             24  org.opensearch.rest.action.admin.indices.RestResolveIndexAction
6985:             1             24  org.opensearch.rest.action.admin.indices.RestRolloverIndexAction
6986:             1             24  org.opensearch.rest.action.admin.indices.RestSimulateIndexTemplateAction
6987:             1             24  org.opensearch.rest.action.admin.indices.RestSimulateTemplateAction
6988:             1             24  org.opensearch.rest.action.admin.indices.RestSyncedFlushAction
6989:             1             24  org.opensearch.rest.action.admin.indices.RestUpgradeAction
6990:             1             24  org.opensearch.rest.action.admin.indices.RestUpgradeStatusAction
6991:             1             24  org.opensearch.rest.action.admin.indices.RestValidateQueryAction
6992:             1             24  org.opensearch.rest.action.cat.RestAliasAction
6993:             1             24  org.opensearch.rest.action.cat.RestAllocationAction
6994:             1             24  org.opensearch.rest.action.cat.RestCatAction
6995:             1             24  org.opensearch.rest.action.cat.RestCatRecoveryAction
6996:             1             24  org.opensearch.rest.action.cat.RestCatSegmentReplicationAction
6997:             1             24  org.opensearch.rest.action.cat.RestClusterManagerAction
6998:             1             24  org.opensearch.rest.action.cat.RestCountAction
6999:             1             24  org.opensearch.rest.action.cat.RestFielddataAction
7000:             1             24  org.opensearch.rest.action.cat.RestHealthAction
7001:             1             24  org.opensearch.rest.action.cat.RestIndicesAction
7002:             1             24  org.opensearch.rest.action.cat.RestNodeAttrsAction
7003:             1             24  org.opensearch.rest.action.cat.RestNodesAction
7004:             1             24  org.opensearch.rest.action.cat.RestPendingClusterTasksAction
7005:             1             24  org.opensearch.rest.action.cat.RestPitSegmentsAction
7006:             1             24  org.opensearch.rest.action.cat.RestPluginsAction
7007:             1             24  org.opensearch.rest.action.cat.RestRepositoriesAction
7008:             1             24  org.opensearch.rest.action.cat.RestSegmentsAction
7009:             1             24  org.opensearch.rest.action.cat.RestShardsAction
7010:             1             24  org.opensearch.rest.action.cat.RestSnapshotAction
7011:             1             24  org.opensearch.rest.action.cat.RestTasksAction
7012:             1             24  org.opensearch.rest.action.cat.RestTemplatesAction
7013:             1             24  org.opensearch.rest.action.cat.RestThreadPoolAction
7014:             1             24  org.opensearch.rest.action.document.RestGetSourceAction
7015:             1             24  org.opensearch.rest.action.document.RestMultiTermVectorsAction
7016:             1             24  org.opensearch.rest.action.document.RestTermVectorsAction
7017:             1             24  org.opensearch.rest.action.ingest.RestDeletePipelineAction
7018:             1             24  org.opensearch.rest.action.ingest.RestGetPipelineAction
7019:             1             24  org.opensearch.rest.action.ingest.RestPutPipelineAction
7020:             1             24  org.opensearch.rest.action.ingest.RestSimulatePipelineAction
7021:             1             24  org.opensearch.rest.action.search.RestCountAction
7022:             1             24  org.opensearch.rest.action.search.RestCreatePitAction
7023:             1             24  org.opensearch.rest.action.search.RestDeletePitAction
7024:             1             24  org.opensearch.rest.action.search.RestDeleteSearchPipelineAction
7025:             1             24  org.opensearch.rest.action.search.RestExplainAction
7026:             1             24  org.opensearch.rest.action.search.RestGetAllPitsAction
7027:             1             24  org.opensearch.rest.action.search.RestGetSearchPipelineAction
7028:             1             24  org.opensearch.rest.action.search.RestMultiSearchAction
7029:             1             24  org.opensearch.rest.action.search.RestPutSearchPipelineAction
7030:             1             24  org.opensearch.script.ScriptService$CacheHolder
7031:             1             24  org.opensearch.script.mustache.MultiSearchTemplateAction
7032:             1             24  org.opensearch.script.mustache.RenderSearchTemplateAction
7033:             1             24  org.opensearch.script.mustache.RestMultiSearchTemplateAction
7034:             1             24  org.opensearch.script.mustache.RestRenderSearchTemplateAction
7035:             1             24  org.opensearch.script.mustache.RestSearchTemplateAction
7036:             1             24  org.opensearch.script.mustache.SearchTemplateAction
7037:             1             24  org.opensearch.search.MultiValueMode$1
7038:             1             24  org.opensearch.search.MultiValueMode$2
7039:             1             24  org.opensearch.search.MultiValueMode$3
7040:             1             24  org.opensearch.search.MultiValueMode$4
7041:             1             24  org.opensearch.search.MultiValueMode$5
7042:             1             24  org.opensearch.search.SearchService$$Lambda/0x00007fcd2934e6d0
7043:             1             24  org.opensearch.search.SearchSortValues
7044:             1             24  org.opensearch.search.aggregations.MultiBucketConsumerService
7045:             1             24  org.opensearch.search.aggregations.SearchContextAggregations
7046:             1             24  org.opensearch.search.aggregations.bucket.histogram.DateIntervalWrapper
7047:             1             24  org.opensearch.search.aggregations.matrix.stats.MatrixStatsParser
7048:             1             24  org.opensearch.search.aggregations.support.AggregationUsageService
7049:             1             24  org.opensearch.search.aggregations.support.CoreValuesSourceType$1
7050:             1             24  org.opensearch.search.aggregations.support.CoreValuesSourceType$2
7051:             1             24  org.opensearch.search.aggregations.support.CoreValuesSourceType$3
7052:             1             24  org.opensearch.search.aggregations.support.CoreValuesSourceType$4
7053:             1             24  org.opensearch.search.aggregations.support.CoreValuesSourceType$5
7054:             1             24  org.opensearch.search.aggregations.support.CoreValuesSourceType$6
7055:             1             24  org.opensearch.search.aggregations.support.CoreValuesSourceType$7
7056:             1             24  org.opensearch.search.aggregations.support.CoreValuesSourceType$7$1
7057:             1             24  org.opensearch.search.aggregations.support.CoreValuesSourceType$8
7058:             1             24  org.opensearch.search.aggregations.support.MultiValuesSourceParseHelper$$Lambda/0x00007fcd287aada0
7059:             1             24  org.opensearch.search.aggregations.support.ValuesSourceRegistry
7060:             1             24  org.opensearch.search.asynchronous.action.AsynchronousSearchStatsAction
7061:             1             24  org.opensearch.search.asynchronous.action.DeleteAsynchronousSearchAction
7062:             1             24  org.opensearch.search.asynchronous.action.GetAsynchronousSearchAction
7063:             1             24  org.opensearch.search.asynchronous.action.SubmitAsynchronousSearchAction
7064:             1             24  org.opensearch.search.asynchronous.context.active.AsynchronousSearchActiveStore
7065:             1             24  org.opensearch.search.asynchronous.plugin.AsynchronousSearchPlugin
7066:             1             24  org.opensearch.search.asynchronous.rest.RestAsynchronousSearchStatsAction
7067:             1             24  org.opensearch.search.asynchronous.rest.RestDeleteAsynchronousSearchAction
7068:             1             24  org.opensearch.search.asynchronous.rest.RestGetAsynchronousSearchAction
7069:             1             24  org.opensearch.search.asynchronous.rest.RestSubmitAsynchronousSearchAction
7070:             1             24  org.opensearch.search.asynchronous.service.AsynchronousSearchPersistenceService
7071:             1             24  org.opensearch.search.internal.ContextIndexSearcher$1
7072:             1             24  org.opensearch.search.internal.ReaderContext$1
7073:             1             24  org.opensearch.search.internal.ShardSearchContextId
7074:             1             24  org.opensearch.search.query.ConcurrentQueryPhaseSearcher
7075:             1             24  org.opensearch.search.query.QueryCollectorContext$5
7076:             1             24  org.opensearch.search.query.QueryPhase
7077:             1             24  org.opensearch.search.query.QueryPhase$$Lambda/0x00007fcd293c5de0
7078:             1             24  org.opensearch.search.query.TopDocsCollectorContext$EmptyTopDocsCollectorContext$$Lambda/0x00007fcd293c2258
7079:             1             24  org.opensearch.search.sort.SortOrder$1
7080:             1             24  org.opensearch.search.sort.SortOrder$2
7081:             1             24  org.opensearch.searchpipelines.questionanswering.generative.GenerativeQAResponseProcessor$Factory
7082:             1             24  org.opensearch.secure_sm.SecureSM
7083:             1             24  org.opensearch.security.OpenSearchSecurityPlugin$6$2
7084:             1             24  org.opensearch.security.action.configupdate.ConfigUpdateAction
7085:             1             24  org.opensearch.security.action.onbehalf.CreateOnBehalfOfTokenAction
7086:             1             24  org.opensearch.security.action.whoami.WhoAmIAction
7087:             1             24  org.opensearch.security.auditlog.config.AuditConfig
7088:             1             24  org.opensearch.security.auditlog.config.ThreadPoolConfig
7089:             1             24  org.opensearch.security.auditlog.routing.AsyncStoragePool
7090:             1             24  org.opensearch.security.auth.RolesInjector
7091:             1             24  org.opensearch.security.auth.internal.InternalAuthenticationBackend
7092:             1             24  org.opensearch.security.dlic.rest.api.ssl.CertificatesActionType
7093:             1             24  org.opensearch.security.rest.SecurityHealthAction
7094:             1             24  org.opensearch.security.securityconf.ConfigModelV7$1
7095:             1             24  org.opensearch.security.securityconf.ConfigModelV7$SecurityRoles
7096:             1             24  org.opensearch.security.securityconf.ConfigModelV7$TenantHolder
7097:             1             24  org.opensearch.security.securityconf.DynamicConfigFactory$InternalUsersModelV7
7098:             1             24  org.opensearch.security.securityconf.impl.AllowlistingSettings
7099:             1             24  org.opensearch.security.securityconf.impl.v7.RoleV7$Tenant
7100:             1             24  org.opensearch.security.securityconf.impl.v7.TenantV7
7101:             1             24  org.opensearch.security.setting.TransportPassiveAuthSetting
7102:             1             24  org.opensearch.security.support.SecurityIndexHandler
7103:             1             24  org.opensearch.security.support.StreamableRegistry
7104:             1             24  org.opensearch.security.support.StreamableRegistry$Entry
7105:             1             24  org.opensearch.securityanalytics.action.AckAlertsAction
7106:             1             24  org.opensearch.securityanalytics.action.AckCorrelationAlertsAction
7107:             1             24  org.opensearch.securityanalytics.action.CorrelatedFindingAction
7108:             1             24  org.opensearch.securityanalytics.action.CreateIndexMappingsAction
7109:             1             24  org.opensearch.securityanalytics.action.DeleteCorrelationRuleAction
7110:             1             24  org.opensearch.securityanalytics.action.DeleteCustomLogTypeAction
7111:             1             24  org.opensearch.securityanalytics.action.DeleteDetectorAction
7112:             1             24  org.opensearch.securityanalytics.action.DeleteRuleAction
7113:             1             24  org.opensearch.securityanalytics.action.GetAlertsAction
7114:             1             24  org.opensearch.securityanalytics.action.GetAllRuleCategoriesAction
7115:             1             24  org.opensearch.securityanalytics.action.GetCorrelationAlertsAction
7116:             1             24  org.opensearch.securityanalytics.action.GetDetectorAction
7117:             1             24  org.opensearch.securityanalytics.action.GetFindingsAction
7118:             1             24  org.opensearch.securityanalytics.action.GetIndexMappingsAction
7119:             1             24  org.opensearch.securityanalytics.action.GetMappingsViewAction
7120:             1             24  org.opensearch.securityanalytics.action.IndexCorrelationRuleAction
7121:             1             24  org.opensearch.securityanalytics.action.IndexCustomLogTypeAction
7122:             1             24  org.opensearch.securityanalytics.action.IndexDetectorAction
7123:             1             24  org.opensearch.securityanalytics.action.IndexRuleAction
7124:             1             24  org.opensearch.securityanalytics.action.ListCorrelationsAction
7125:             1             24  org.opensearch.securityanalytics.action.SearchCorrelationRuleAction
7126:             1             24  org.opensearch.securityanalytics.action.SearchCustomLogTypeAction
7127:             1             24  org.opensearch.securityanalytics.action.SearchDetectorAction
7128:             1             24  org.opensearch.securityanalytics.action.SearchRuleAction
7129:             1             24  org.opensearch.securityanalytics.action.UpdateIndexMappingsAction
7130:             1             24  org.opensearch.securityanalytics.action.ValidateRulesAction
7131:             1             24  org.opensearch.securityanalytics.correlation.alert.CorrelationAlertService
7132:             1             24  org.opensearch.securityanalytics.correlation.index.codec.correlation950.CorrelationCodec950
7133:             1             24  org.opensearch.securityanalytics.correlation.index.codec.correlation990.CorrelationCodec990
7134:             1             24  org.opensearch.securityanalytics.resthandler.RestAcknowledgeAlertsAction
7135:             1             24  org.opensearch.securityanalytics.resthandler.RestAcknowledgeCorrelationAlertsAction
7136:             1             24  org.opensearch.securityanalytics.resthandler.RestCreateIndexMappingsAction
7137:             1             24  org.opensearch.securityanalytics.resthandler.RestDeleteCorrelationRuleAction
7138:             1             24  org.opensearch.securityanalytics.resthandler.RestDeleteCustomLogTypeAction
7139:             1             24  org.opensearch.securityanalytics.resthandler.RestDeleteDetectorAction
7140:             1             24  org.opensearch.securityanalytics.resthandler.RestDeleteRuleAction
7141:             1             24  org.opensearch.securityanalytics.resthandler.RestGetAlertsAction
7142:             1             24  org.opensearch.securityanalytics.resthandler.RestGetAllRuleCategoriesAction
7143:             1             24  org.opensearch.securityanalytics.resthandler.RestGetCorrelationsAlertsAction
7144:             1             24  org.opensearch.securityanalytics.resthandler.RestGetDetectorAction
7145:             1             24  org.opensearch.securityanalytics.resthandler.RestGetFindingsAction
7146:             1             24  org.opensearch.securityanalytics.resthandler.RestGetIndexMappingsAction
7147:             1             24  org.opensearch.securityanalytics.resthandler.RestGetMappingsViewAction
7148:             1             24  org.opensearch.securityanalytics.resthandler.RestIndexCorrelationRuleAction
7149:             1             24  org.opensearch.securityanalytics.resthandler.RestIndexCustomLogTypeAction
7150:             1             24  org.opensearch.securityanalytics.resthandler.RestIndexDetectorAction
7151:             1             24  org.opensearch.securityanalytics.resthandler.RestIndexRuleAction
7152:             1             24  org.opensearch.securityanalytics.resthandler.RestListCorrelationAction
7153:             1             24  org.opensearch.securityanalytics.resthandler.RestSearchCorrelationAction
7154:             1             24  org.opensearch.securityanalytics.resthandler.RestSearchCorrelationRuleAction
7155:             1             24  org.opensearch.securityanalytics.resthandler.RestSearchCustomLogTypeAction
7156:             1             24  org.opensearch.securityanalytics.resthandler.RestSearchDetectorAction
7157:             1             24  org.opensearch.securityanalytics.resthandler.RestSearchRuleAction
7158:             1             24  org.opensearch.securityanalytics.resthandler.RestUpdateIndexMappingsAction
7159:             1             24  org.opensearch.securityanalytics.resthandler.RestValidateRulesAction
7160:             1             24  org.opensearch.securityanalytics.threatIntel.DetectorThreatIntelService
7161:             1             24  org.opensearch.securityanalytics.threatIntel.action.PutTIFJobAction
7162:             1             24  org.opensearch.securityanalytics.threatIntel.common.TIFLockService
7163:             1             24  org.opensearch.securityanalytics.threatIntel.jobscheduler.TIFJobParameterService
7164:             1             24  org.opensearch.securityanalytics.util.CorrelationIndices
7165:             1             24  org.opensearch.securityanalytics.util.CorrelationRuleIndices
7166:             1             24  org.opensearch.securityanalytics.util.CustomLogTypeIndices
7167:             1             24  org.opensearch.securityanalytics.util.DetectorIndices
7168:             1             24  org.opensearch.securityanalytics.util.RuleTopicIndices
7169:             1             24  org.opensearch.securityanalytics.util.RuleValidator
7170:             1             24  org.opensearch.snapshots.SnapshotsService$OngoingRepositoryOperations
7171:             1             24  org.opensearch.sql.datasources.rest.RestDataSourceQueryAction
7172:             1             24  org.opensearch.sql.datasources.service.DataSourceLoaderCacheImpl
7173:             1             24  org.opensearch.sql.datasources.service.DataSourceServiceImpl
7174:             1             24  org.opensearch.sql.datasources.storage.OpenSearchDataSourceMetadataStorage
7175:             1             24  org.opensearch.sql.legacy.plugin.RestSQLQueryAction
7176:             1             24  org.opensearch.sql.legacy.plugin.RestSqlStatsAction
7177:             1             24  org.opensearch.sql.opensearch.storage.OpenSearchDataSourceFactory
7178:             1             24  org.opensearch.sql.plugin.rest.RestPPLQueryAction
7179:             1             24  org.opensearch.sql.plugin.rest.RestPPLStatsAction
7180:             1             24  org.opensearch.sql.plugin.rest.RestQuerySettingsAction
7181:             1             24  org.opensearch.sql.plugin.transport.TransportPPLQueryAction$$Lambda/0x00007fcd28ea4fc8
7182:             1             24  org.opensearch.sql.spark.asyncquery.AsyncQueryExecutorServiceImpl
7183:             1             24  org.opensearch.sql.spark.execution.statestore.StateStore
7184:             1             24  org.opensearch.sql.spark.execution.statestore.StateStore$$Lambda/0x00007fcd28bb9cd8
7185:             1             24  org.opensearch.sql.spark.execution.statestore.StateStore$$Lambda/0x00007fcd28bb9ef8
7186:             1             24  org.opensearch.sql.spark.rest.RestAsyncQueryManagementAction
7187:             1             24  org.opensearch.sql.spark.storage.SparkStorageFactory
7188:             1             24  org.opensearch.systemd.SystemdPlugin
7189:             1             24  org.opensearch.tasks.CancellableTask$CancelledInfo
7190:             1             24  org.opensearch.tasks.TaskCancellationService
7191:             1             24  org.opensearch.tasks.TaskManager$$Lambda/0x00007fcd292dc8a0
7192:             1             24  org.opensearch.tasks.TaskManager$1
7193:             1             24  org.opensearch.tasks.TaskResourceTrackingService$$Lambda/0x00007fcd292351a8
7194:             1             24  org.opensearch.tasks.TaskResultsService
7195:             1             24  org.opensearch.threadpool.TaskAwareRunnable
7196:             1             24  org.opensearch.timeseries.breaker.CircuitBreakerService
7197:             1             24  org.opensearch.timeseries.breaker.MemoryCircuitBreaker
7198:             1             24  org.opensearch.timeseries.cluster.ClusterEventListener
7199:             1             24  org.opensearch.timeseries.settings.TimeSeriesEnabledSetting
7200:             1             24  org.opensearch.timeseries.util.DiscoveryNodeFilterer
7201:             1             24  org.opensearch.timeseries.util.IndexUtils
7202:             1             24  org.opensearch.transport.ClusterConnectionManager$1
7203:             1             24  org.opensearch.transport.OutboundHandler
7204:             1             24  org.opensearch.transport.SharedGroupFactory$RefCountedGroup
7205:             1             24  org.opensearch.transport.StatsTracker
7206:             1             24  org.opensearch.transport.TcpTransport$$Lambda/0x00007fcd28cb1398
7207:             1             24  org.opensearch.transport.Transport$ResponseHandlers
7208:             1             24  org.opensearch.transport.TransportInfo
7209:             1             24  org.opensearch.transport.TransportService$HandshakeRequest
7210:             1             24  org.opensearch.transport.netty4.Netty4TcpServerChannel
7211:             1             24  org.opensearch.transport.netty4.Netty4Transport$ServerChannelExceptionHandler
7212:             1             24  org.reflections.vfs.Vfs$DefaultUrlTypes$1
7213:             1             24  org.reflections.vfs.Vfs$DefaultUrlTypes$2
7214:             1             24  org.reflections.vfs.Vfs$DefaultUrlTypes$3
7215:             1             24  org.reflections.vfs.Vfs$DefaultUrlTypes$4
7216:             1             24  org.reflections.vfs.Vfs$DefaultUrlTypes$5
7217:             1             24  org.reflections.vfs.Vfs$DefaultUrlTypes$6
7218:             1             24  org.reflections.vfs.Vfs$DefaultUrlTypes$7
7219:             1             24  org.slf4j.helpers.FormattingTuple
7220:             1             24  org.slf4j.helpers.SubstituteLoggerFactory
7221:             1             24  org.slf4j.helpers.SubstituteLoggerFactory
7222:             1             24  org.slf4j.helpers.SubstituteLoggerFactory
7223:             1             24  org.yaml.snakeyaml.external.com.google.gdata.util.common.base.PercentEscaper
7224:             1             24  sun.management.CompilationImpl (java.management@21.0.3)
7225:             1             24  sun.management.ManagementFactoryHelper$LoggingMXBeanAccess (java.management@21.0.3)
7226:             1             24  sun.management.ManagementFactoryHelper$PlatformLoggingImpl (java.management@21.0.3)
7227:             1             24  sun.management.MemoryImpl (java.management@21.0.3)
7228:             1             24  sun.management.RuntimeImpl (java.management@21.0.3)
7229:             1             24  sun.management.VMManagementImpl (java.management@21.0.3)
7230:             1             24  sun.net.sdp.SdpProvider (java.base@21.0.3)
7231:             1             24  sun.net.www.protocol.http.Handler (java.base@21.0.3)
7232:             1             24  sun.nio.cs.ISO_8859_1 (java.base@21.0.3)
7233:             1             24  sun.nio.cs.StandardCharsets (java.base@21.0.3)
7234:             1             24  sun.nio.cs.ThreadLocalCoders$1 (java.base@21.0.3)
7235:             1             24  sun.nio.cs.ThreadLocalCoders$2 (java.base@21.0.3)
7236:             1             24  sun.nio.cs.US_ASCII (java.base@21.0.3)
7237:             1             24  sun.nio.cs.UTF_16 (java.base@21.0.3)
7238:             1             24  sun.nio.cs.UTF_16BE (java.base@21.0.3)
7239:             1             24  sun.nio.cs.UTF_16LE (java.base@21.0.3)
7240:             1             24  sun.nio.cs.UTF_8 (java.base@21.0.3)
7241:             1             24  sun.security.util.LegacyAlgorithmConstraints (java.base@21.0.3)
7242:             1             24  sun.security.validator.CADistrustPolicy$1 (java.base@21.0.3)
7243:             1             24  sun.util.calendar.LocalGregorianCalendar (java.base@21.0.3)
7244:             1             24  sun.util.locale.BaseLocale$Cache (java.base@21.0.3)
7245:             1             24  sun.util.locale.provider.BreakIteratorProviderImpl (java.base@21.0.3)
7246:             1             24  sun.util.locale.provider.CalendarDataProviderImpl (java.base@21.0.3)
7247:             1             24  sun.util.locale.provider.CalendarProviderImpl (java.base@21.0.3)
7248:             1             24  sun.util.locale.provider.DateFormatSymbolsProviderImpl (java.base@21.0.3)
7249:             1             24  sun.util.locale.provider.DecimalFormatSymbolsProviderImpl (java.base@21.0.3)
7250:             1             24  sun.util.locale.provider.LocaleServiceProviderPool (java.base@21.0.3)
7251:             1             24  sun.util.locale.provider.NumberFormatProviderImpl (java.base@21.0.3)
7252:             1             16  [Lcom.fasterxml.jackson.databind.AbstractTypeResolver;
7253:             1             16  [Lcom.fasterxml.jackson.databind.AbstractTypeResolver;
7254:             1             16  [Lcom.fasterxml.jackson.databind.AbstractTypeResolver;
7255:             1             16  [Lcom.fasterxml.jackson.databind.deser.BeanDeserializerModifier;
7256:             1             16  [Lcom.fasterxml.jackson.databind.deser.BeanDeserializerModifier;
7257:             1             16  [Lcom.fasterxml.jackson.databind.deser.BeanDeserializerModifier;
7258:             1             16  [Lcom.fasterxml.jackson.databind.deser.ValueInstantiators;
7259:             1             16  [Lcom.fasterxml.jackson.databind.deser.ValueInstantiators;
7260:             1             16  [Lcom.fasterxml.jackson.databind.deser.ValueInstantiators;
7261:             1             16  [Lcom.fasterxml.jackson.databind.ser.BeanSerializerModifier;
7262:             1             16  [Lcom.fasterxml.jackson.databind.ser.BeanSerializerModifier;
7263:             1             16  [Lcom.fasterxml.jackson.databind.ser.BeanSerializerModifier;
7264:             1             16  [Lcom.fasterxml.jackson.databind.ser.Serializers;
7265:             1             16  [Lcom.fasterxml.jackson.databind.ser.Serializers;
7266:             1             16  [Lcom.fasterxml.jackson.databind.ser.Serializers;
7267:             1             16  [Lcom.fasterxml.jackson.databind.util.ClassUtil$Ctor;
7268:             1             16  [Lcom.fasterxml.jackson.databind.util.ClassUtil$Ctor;
7269:             1             16  [Lcom.fasterxml.jackson.databind.util.ClassUtil$Ctor;
7270:             1             16  [Lio.netty.util.AsciiString;
7271:             1             16  [Ljava.lang.ClassLoader; (java.base@21.0.3)
7272:             1             16  [Ljava.lang.management.LockInfo; (java.management@21.0.3)
7273:             1             16  [Ljava.lang.management.MonitorInfo; (java.management@21.0.3)
7274:             1             16  [Ljava.nio.file.attribute.FileAttribute; (java.base@21.0.3)
7275:             1             16  [Ljava.security.Provider; (java.base@21.0.3)
7276:             1             16  [Ljava.text.FieldPosition; (java.base@21.0.3)
7277:             1             16  [Ljava.util.logging.Handler; (java.logging@21.0.3)
7278:             1             16  [Ljavax.security.cert.X509Certificate; (java.base@21.0.3)
7279:             1             16  [Ljoptsimple.util.PathProperties;
7280:             1             16  [Lkotlin.reflect.KClass;
7281:             1             16  [Lorg.apache.commons.lang3.tuple.ImmutablePair;
7282:             1             16  [Lorg.apache.commons.lang3.tuple.ImmutablePair;
7283:             1             16  [Lorg.apache.commons.lang3.tuple.ImmutablePair;
7284:             1             16  [Lorg.apache.commons.lang3.tuple.Pair$PairAdapter;
7285:             1             16  [Lorg.apache.commons.lang3.tuple.Pair;
7286:             1             16  [Lorg.apache.commons.lang3.tuple.Pair;
7287:             1             16  [Lorg.apache.logging.log4j.Level;
7288:             1             16  [Lorg.apache.logging.log4j.core.Appender;
7289:             1             16  [Lorg.apache.logging.log4j.core.impl.ExtendedStackTraceElement;
7290:             1             16  [Lorg.apache.logging.log4j.core.impl.ThrowableProxy;
7291:             1             16  [Lorg.apache.logging.log4j.spi.LoggerContext;
7292:             1             16  [Lorg.apache.lucene.codecs.PostingsFormat;
7293:             1             16  [Lorg.apache.lucene.index.Fields;
7294:             1             16  [Lorg.apache.lucene.index.ReaderSlice;
7295:             1             16  [Lorg.apache.lucene.index.Term;
7296:             1             16  [Lorg.apache.lucene.index.Terms;
7297:             1             16  [Lorg.apache.lucene.index.TermsEnumIndex;
7298:             1             16  [Lorg.apache.lucene.search.TermStatistics;
7299:             1             16  [Lorg.bouncycastle.asn1.ASN1Encodable;
7300:             1             16  [Lorg.jcodings.CaseFoldCodeItem;
7301:             1             16  [Lorg.locationtech.jts.geom.LinearRing;
7302:             1             16  [Lorg.opensearch.action.bulk.BulkItemResponse;
7303:             1             16  [Lorg.opensearch.action.search.ShardSearchFailure;
7304:             1             16  [Lorg.opensearch.action.support.replication.ReplicationResponse$ShardInfo$Failure;
7305:             1             16  [Lorg.opensearch.common.lease.Releasables;
7306:             1             16  [Lorg.opensearch.common.recycler.Recyclers;
7307:             1             16  [Lorg.opensearch.common.unit.MemorySizeValue;
7308:             1             16  [Lorg.opensearch.core.common.text.Text;
7309:             1             16  [Lorg.opensearch.core.index.Index;
7310:             1             16  [Lorg.opensearch.index.fielddata.FieldData;
7311:             1             16  [Lorg.opensearch.index.fielddata.ordinals.GlobalOrdinalsBuilder;
7312:             1             16  [Lorg.opensearch.index.translog.Translog$Operation;
7313:             1             16  [[Lorg.locationtech.jts.geom.Coordinate;
7314:             1             16  com.amazon.randomcutforest.parkservices.state.RCFCasterMapper
7315:             1             16  com.amazon.randomcutforest.parkservices.state.ThresholdedRandomCutForestMapper
7316:             1             16  com.amazon.randomcutforest.serialize.json.v1.V1JsonToV3StateConverter
7317:             1             16  com.fasterxml.jackson.annotation.JsonIncludeProperties$Value
7318:             1             16  com.fasterxml.jackson.core.io.JsonStringEncoder
7319:             1             16  com.fasterxml.jackson.core.util.DefaultPrettyPrinter$FixedSpaceIndenter
7320:             1             16  com.fasterxml.jackson.core.util.DefaultPrettyPrinter$NopIndenter
7321:             1             16  com.fasterxml.jackson.core.util.JsonRecyclerPools$ThreadLocalPool
7322:             1             16  com.fasterxml.jackson.databind.InjectableValues$Std
7323:             1             16  com.fasterxml.jackson.databind.deser.BeanDeserializerFactory
7324:             1             16  com.fasterxml.jackson.databind.deser.BeanDeserializerFactory
7325:             1             16  com.fasterxml.jackson.databind.deser.BeanDeserializerFactory
7326:             1             16  com.fasterxml.jackson.databind.deser.impl.JDKValueInstantiators$ArrayListInstantiator
7327:             1             16  com.fasterxml.jackson.databind.deser.impl.JDKValueInstantiators$HashSetInstantiator
7328:             1             16  com.fasterxml.jackson.databind.deser.impl.JDKValueInstantiators$LinkedHashMapInstantiator
7329:             1             16  com.fasterxml.jackson.databind.deser.std.StdKeyDeserializers
7330:             1             16  com.fasterxml.jackson.databind.deser.std.StdKeyDeserializers
7331:             1             16  com.fasterxml.jackson.databind.deser.std.StdKeyDeserializers
7332:             1             16  com.fasterxml.jackson.databind.ext.Java7HandlersImpl
7333:             1             16  com.fasterxml.jackson.databind.ext.Java7SupportImpl
7334:             1             16  com.fasterxml.jackson.databind.ext.Java7SupportImpl
7335:             1             16  com.fasterxml.jackson.databind.ext.Java7SupportImpl
7336:             1             16  com.fasterxml.jackson.databind.introspect.AnnotationCollector$EmptyCollector
7337:             1             16  com.fasterxml.jackson.databind.introspect.AnnotationCollector$NoAnnotations
7338:             1             16  com.fasterxml.jackson.databind.introspect.AnnotationCollector$NoAnnotations
7339:             1             16  com.fasterxml.jackson.databind.introspect.AnnotationCollector$NoAnnotations
7340:             1             16  com.fasterxml.jackson.databind.introspect.BasicClassIntrospector
7341:             1             16  com.fasterxml.jackson.databind.jsontype.impl.LaissezFaireSubTypeValidator
7342:             1             16  com.fasterxml.jackson.databind.jsontype.impl.LaissezFaireSubTypeValidator
7343:             1             16  com.fasterxml.jackson.databind.jsontype.impl.LaissezFaireSubTypeValidator
7344:             1             16  com.fasterxml.jackson.databind.jsontype.impl.StdSubtypeResolver
7345:             1             16  com.fasterxml.jackson.databind.jsontype.impl.SubTypeValidator
7346:             1             16  com.fasterxml.jackson.databind.node.JsonNodeFactory
7347:             1             16  com.fasterxml.jackson.databind.node.JsonNodeFactory
7348:             1             16  com.fasterxml.jackson.databind.node.JsonNodeFactory
7349:             1             16  com.fasterxml.jackson.databind.node.TextNode
7350:             1             16  com.fasterxml.jackson.databind.ser.BeanSerializerFactory
7351:             1             16  com.fasterxml.jackson.databind.ser.BeanSerializerFactory
7352:             1             16  com.fasterxml.jackson.databind.ser.BeanSerializerFactory
7353:             1             16  com.fasterxml.jackson.databind.ser.impl.UnknownSerializer
7354:             1             16  com.fasterxml.jackson.databind.ser.impl.UnknownSerializer
7355:             1             16  com.fasterxml.jackson.databind.ser.impl.UnknownSerializer
7356:             1             16  com.fasterxml.jackson.databind.ser.std.NullSerializer
7357:             1             16  com.fasterxml.jackson.databind.ser.std.NullSerializer
7358:             1             16  com.fasterxml.jackson.databind.ser.std.NullSerializer
7359:             1             16  com.fasterxml.jackson.databind.ser.std.SerializableSerializer
7360:             1             16  com.fasterxml.jackson.databind.ser.std.StdKeySerializer
7361:             1             16  com.fasterxml.jackson.databind.ser.std.StdKeySerializers$StringKeySerializer
7362:             1             16  com.fasterxml.jackson.databind.ser.std.StringSerializer
7363:             1             16  com.fasterxml.jackson.databind.ser.std.StringSerializer
7364:             1             16  com.fasterxml.jackson.databind.ser.std.StringSerializer
7365:             1             16  com.fasterxml.jackson.databind.type.TypeParser
7366:             1             16  com.fasterxml.jackson.databind.type.TypeParser
7367:             1             16  com.fasterxml.jackson.databind.type.TypeParser
7368:             1             16  com.fasterxml.jackson.databind.util.RootNameLookup
7369:             1             16  com.fasterxml.jackson.dataformat.yaml.util.StringQuotingChecker$Default
7370:             1             16  com.google.common.base.Absent
7371:             1             16  com.google.common.base.Equivalence$Equals
7372:             1             16  com.google.common.base.Equivalence$Equals
7373:             1             16  com.google.common.base.Equivalence$Equals
7374:             1             16  com.google.common.base.Equivalence$Equals
7375:             1             16  com.google.common.base.Platform$JdkPatternCompiler
7376:             1             16  com.google.common.base.Suppliers$SupplierOfInstance
7377:             1             16  com.google.common.base.Suppliers$SupplierOfInstance
7378:             1             16  com.google.common.base.Suppliers$SupplierOfInstance
7379:             1             16  com.google.common.base.Suppliers$SupplierOfInstance
7380:             1             16  com.google.common.base.Ticker$1
7381:             1             16  com.google.common.base.Ticker$1
7382:             1             16  com.google.common.base.Ticker$1
7383:             1             16  com.google.common.base.Ticker$1
7384:             1             16  com.google.common.cache.CacheBuilder$$Lambda/0x00007fcd28b0c3b8
7385:             1             16  com.google.common.cache.CacheBuilder$1
7386:             1             16  com.google.common.cache.CacheBuilder$1
7387:             1             16  com.google.common.cache.CacheBuilder$1
7388:             1             16  com.google.common.cache.CacheBuilder$1
7389:             1             16  com.google.common.cache.CacheBuilder$2
7390:             1             16  com.google.common.cache.CacheBuilder$2
7391:             1             16  com.google.common.cache.CacheBuilder$2
7392:             1             16  com.google.common.cache.CacheBuilder$2
7393:             1             16  com.google.common.cache.CacheBuilder$3
7394:             1             16  com.google.common.cache.CacheBuilder$3
7395:             1             16  com.google.common.cache.CacheBuilder$3
7396:             1             16  com.google.common.cache.LocalCache$1
7397:             1             16  com.google.common.cache.LocalCache$1
7398:             1             16  com.google.common.cache.LocalCache$1
7399:             1             16  com.google.common.cache.LocalCache$1
7400:             1             16  com.google.common.cache.LocalCache$2
7401:             1             16  com.google.common.cache.LocalCache$2
7402:             1             16  com.google.common.cache.LocalCache$2
7403:             1             16  com.google.common.cache.LocalCache$2
7404:             1             16  com.google.common.cache.LocalCache$AccessQueue
7405:             1             16  com.google.common.cache.LocalCache$LocalManualCache
7406:             1             16  com.google.common.cache.LocalCache$LocalManualCache
7407:             1             16  com.google.common.cache.LongAddables$2
7408:             1             16  com.google.common.collect.CollectCollectors$$Lambda/0x00007fcd28930000
7409:             1             16  com.google.common.collect.CollectCollectors$$Lambda/0x00007fcd28930218
7410:             1             16  com.google.common.collect.CollectCollectors$$Lambda/0x00007fcd28930440
7411:             1             16  com.google.common.collect.CollectCollectors$$Lambda/0x00007fcd28930680
7412:             1             16  com.google.common.collect.CollectCollectors$$Lambda/0x00007fcd28930b28
7413:             1             16  com.google.common.collect.CollectCollectors$$Lambda/0x00007fcd28930d40
7414:             1             16  com.google.common.collect.CollectCollectors$$Lambda/0x00007fcd28930f68
7415:             1             16  com.google.common.collect.CollectCollectors$$Lambda/0x00007fcd289311a8
7416:             1             16  com.google.common.collect.CollectCollectors$$Lambda/0x00007fcd28934d08
7417:             1             16  com.google.common.collect.CollectCollectors$$Lambda/0x00007fcd289353a0
7418:             1             16  com.google.common.collect.CollectCollectors$$Lambda/0x00007fcd289355c8
7419:             1             16  com.google.common.collect.CollectCollectors$$Lambda/0x00007fcd28935808
7420:             1             16  com.google.common.collect.CollectCollectors$$Lambda/0x00007fcd28935a40
7421:             1             16  com.google.common.collect.CollectCollectors$$Lambda/0x00007fcd28935e88
7422:             1             16  com.google.common.collect.CollectCollectors$$Lambda/0x00007fcd289360c8
7423:             1             16  com.google.common.collect.CollectCollectors$$Lambda/0x00007fcd292617a0
7424:             1             16  com.google.common.collect.CollectCollectors$$Lambda/0x00007fcd29261be8
7425:             1             16  com.google.common.collect.CollectCollectors$$Lambda/0x00007fcd29261e28
7426:             1             16  com.google.common.collect.CollectCollectors$$Lambda/0x00007fcd29262060
7427:             1             16  com.google.common.collect.MultimapBuilder$HashSetSupplier
7428:             1             16  com.google.common.collect.Tables$1
7429:             1             16  com.google.common.io.ByteStreams$1
7430:             1             16  com.google.common.io.Closer$SuppressingSuppressor
7431:             1             16  com.google.gson.Gson$4
7432:             1             16  com.google.gson.Gson$5
7433:             1             16  com.google.gson.JsonParser
7434:             1             16  com.google.gson.internal.bind.ArrayTypeAdapter$1
7435:             1             16  com.google.gson.internal.bind.CollectionTypeAdapterFactory
7436:             1             16  com.google.gson.internal.bind.DateTypeAdapter$1
7437:             1             16  com.google.gson.internal.bind.DefaultDateTypeAdapter$DateType$1
7438:             1             16  com.google.gson.internal.bind.JsonAdapterAnnotationTypeAdapterFactory
7439:             1             16  com.google.gson.internal.bind.NumberTypeAdapter
7440:             1             16  com.google.gson.internal.bind.NumberTypeAdapter$1
7441:             1             16  com.google.gson.internal.bind.ObjectTypeAdapter$1
7442:             1             16  com.google.gson.internal.bind.TypeAdapters$1
7443:             1             16  com.google.gson.internal.bind.TypeAdapters$10
7444:             1             16  com.google.gson.internal.bind.TypeAdapters$11
7445:             1             16  com.google.gson.internal.bind.TypeAdapters$12
7446:             1             16  com.google.gson.internal.bind.TypeAdapters$13
7447:             1             16  com.google.gson.internal.bind.TypeAdapters$14
7448:             1             16  com.google.gson.internal.bind.TypeAdapters$15
7449:             1             16  com.google.gson.internal.bind.TypeAdapters$16
7450:             1             16  com.google.gson.internal.bind.TypeAdapters$17
7451:             1             16  com.google.gson.internal.bind.TypeAdapters$18
7452:             1             16  com.google.gson.internal.bind.TypeAdapters$19
7453:             1             16  com.google.gson.internal.bind.TypeAdapters$2
7454:             1             16  com.google.gson.internal.bind.TypeAdapters$20
7455:             1             16  com.google.gson.internal.bind.TypeAdapters$21
7456:             1             16  com.google.gson.internal.bind.TypeAdapters$22
7457:             1             16  com.google.gson.internal.bind.TypeAdapters$23
7458:             1             16  com.google.gson.internal.bind.TypeAdapters$24
7459:             1             16  com.google.gson.internal.bind.TypeAdapters$25
7460:             1             16  com.google.gson.internal.bind.TypeAdapters$26
7461:             1             16  com.google.gson.internal.bind.TypeAdapters$27
7462:             1             16  com.google.gson.internal.bind.TypeAdapters$28
7463:             1             16  com.google.gson.internal.bind.TypeAdapters$3
7464:             1             16  com.google.gson.internal.bind.TypeAdapters$4
7465:             1             16  com.google.gson.internal.bind.TypeAdapters$5
7466:             1             16  com.google.gson.internal.bind.TypeAdapters$6
7467:             1             16  com.google.gson.internal.bind.TypeAdapters$7
7468:             1             16  com.google.gson.internal.bind.TypeAdapters$8
7469:             1             16  com.google.gson.internal.bind.TypeAdapters$9
7470:             1             16  com.google.gson.internal.sql.SqlDateTypeAdapter$1
7471:             1             16  com.google.gson.internal.sql.SqlTimeTypeAdapter$1
7472:             1             16  com.google.gson.internal.sql.SqlTimestampTypeAdapter$1
7473:             1             16  com.google.gson.internal.sql.SqlTypesSupport$1
7474:             1             16  com.google.gson.internal.sql.SqlTypesSupport$2
7475:             1             16  com.sun.jmx.interceptor.DefaultMBeanServerInterceptor$ResourceContext$1 (java.management@21.0.3)
7476:             1             16  com.sun.jmx.mbeanserver.DefaultMXBeanMappingFactory (java.management@21.0.3)
7477:             1             16  com.sun.jmx.mbeanserver.DescriptorCache (java.management@21.0.3)
7478:             1             16  com.sun.jmx.mbeanserver.MBeanAnalyzer$MethodOrder (java.management@21.0.3)
7479:             1             16  com.sun.jmx.mbeanserver.MBeanInstantiator (java.management@21.0.3)
7480:             1             16  com.sun.jmx.mbeanserver.MXBeanIntrospector (java.management@21.0.3)
7481:             1             16  com.sun.jmx.mbeanserver.SecureClassLoaderRepository (java.management@21.0.3)
7482:             1             16  com.sun.jna.JNIEnv
7483:             1             16  com.sun.jna.Native$1
7484:             1             16  com.sun.jna.Native$2
7485:             1             16  com.sun.jna.Native$7
7486:             1             16  com.sun.jna.NativeLibrary$1
7487:             1             16  com.sun.jna.Structure$1
7488:             1             16  com.sun.jna.Structure$2
7489:             1             16  com.sun.jna.VarArgsChecker$RealVarArgsChecker
7490:             1             16  com.sun.management.internal.HotSpotDiagnostic (jdk.management@21.0.3)
7491:             1             16  com.sun.management.internal.PlatformMBeanProviderImpl$$Lambda/0x00007fcd2807be10 (jdk.management@21.0.3)
7492:             1             16  com.sun.management.internal.PlatformMBeanProviderImpl$1 (jdk.management@21.0.3)
7493:             1             16  com.sun.management.internal.PlatformMBeanProviderImpl$3 (jdk.management@21.0.3)
7494:             1             16  com.sun.management.internal.PlatformMBeanProviderImpl$4 (jdk.management@21.0.3)
7495:             1             16  io.github.resilience4j.core.predicate.PredicateCreator$$Lambda/0x00007fcd28b91c50
7496:             1             16  io.github.resilience4j.core.predicate.PredicateCreator$$Lambda/0x00007fcd28b91e88
7497:             1             16  io.github.resilience4j.core.predicate.PredicateCreator$$Lambda/0x00007fcd28b92778
7498:             1             16  io.github.resilience4j.retry.RetryConfig$$Lambda/0x00007fcd28b90ce0
7499:             1             16  io.github.resilience4j.retry.RetryConfig$$Lambda/0x00007fcd28b90f30
7500:             1             16  io.github.resilience4j.retry.internal.RetryImpl$$Lambda/0x00007fcd28b98ec8
7501:             1             16  io.netty.bootstrap.BootstrapConfig
7502:             1             16  io.netty.bootstrap.ChannelInitializerExtensions$EmptyExtensions
7503:             1             16  io.netty.buffer.AbstractReferenceCountedByteBuf$1
7504:             1             16  io.netty.buffer.ByteBufUtil$1
7505:             1             16  io.netty.buffer.ByteBufUtil$2
7506:             1             16  io.netty.buffer.CompositeByteBuf$1
7507:             1             16  io.netty.buffer.CompositeByteBuf$2
7508:             1             16  io.netty.buffer.PoolThreadCache$MemoryRegionCache$1
7509:             1             16  io.netty.buffer.PooledHeapByteBuf$1
7510:             1             16  io.netty.channel.AbstractChannelHandlerContext$WriteTask$1
7511:             1             16  io.netty.channel.ChannelFutureListener$1
7512:             1             16  io.netty.channel.ChannelFutureListener$2
7513:             1             16  io.netty.channel.ChannelFutureListener$3
7514:             1             16  io.netty.channel.ChannelHandlerMask$1
7515:             1             16  io.netty.channel.ChannelOutboundBuffer$1
7516:             1             16  io.netty.channel.ChannelOutboundBuffer$Entry$1
7517:             1             16  io.netty.channel.DefaultChannelPipeline$1
7518:             1             16  io.netty.channel.DefaultMessageSizeEstimator
7519:             1             16  io.netty.channel.DefaultMessageSizeEstimator$HandleImpl
7520:             1             16  io.netty.channel.DefaultSelectStrategy
7521:             1             16  io.netty.channel.DefaultSelectStrategy
7522:             1             16  io.netty.channel.DefaultSelectStrategyFactory
7523:             1             16  io.netty.channel.DefaultSelectStrategyFactory
7524:             1             16  io.netty.handler.codec.ByteToMessageDecoder$1
7525:             1             16  io.netty.handler.codec.ByteToMessageDecoder$2
7526:             1             16  io.netty.handler.codec.CodecOutputList$1
7527:             1             16  io.netty.handler.codec.CodecOutputList$2
7528:             1             16  io.netty.handler.ssl.JdkDefaultApplicationProtocolNegotiator
7529:             1             16  io.netty.handler.ssl.JdkDefaultApplicationProtocolNegotiator$1
7530:             1             16  io.netty.handler.ssl.SslCloseCompletionEvent
7531:             1             16  io.netty.handler.ssl.SslHandshakeCompletionEvent
7532:             1             16  io.netty.util.AbstractReferenceCounted$1
7533:             1             16  io.netty.util.AsciiString$1
7534:             1             16  io.netty.util.AsciiString$2
7535:             1             16  io.netty.util.NettyRuntime$AvailableProcessorsHolder
7536:             1             16  io.netty.util.NettyRuntime$AvailableProcessorsHolder
7537:             1             16  io.netty.util.Recycler$1
7538:             1             16  io.netty.util.concurrent.AbstractScheduledEventExecutor$1
7539:             1             16  io.netty.util.concurrent.AbstractScheduledEventExecutor$1
7540:             1             16  io.netty.util.concurrent.AbstractScheduledEventExecutor$2
7541:             1             16  io.netty.util.concurrent.AbstractScheduledEventExecutor$2
7542:             1             16  io.netty.util.concurrent.DefaultEventExecutorChooserFactory
7543:             1             16  io.netty.util.concurrent.DefaultEventExecutorChooserFactory
7544:             1             16  io.netty.util.concurrent.DefaultPromise$CauseHolder
7545:             1             16  io.netty.util.concurrent.DefaultPromise$CauseHolder
7546:             1             16  io.netty.util.concurrent.FastThreadLocal
7547:             1             16  io.netty.util.concurrent.FastThreadLocal
7548:             1             16  io.netty.util.concurrent.GlobalEventExecutor$1
7549:             1             16  io.netty.util.concurrent.GlobalEventExecutor$1
7550:             1             16  io.netty.util.concurrent.GlobalEventExecutor$TaskRunner
7551:             1             16  io.netty.util.concurrent.GlobalEventExecutor$TaskRunner
7552:             1             16  io.netty.util.concurrent.ImmediateExecutor
7553:             1             16  io.netty.util.concurrent.MultithreadEventExecutorGroup$1
7554:             1             16  io.netty.util.concurrent.RejectedExecutionHandlers$1
7555:             1             16  io.netty.util.concurrent.RejectedExecutionHandlers$1
7556:             1             16  io.netty.util.concurrent.SingleThreadEventExecutor$1
7557:             1             16  io.netty.util.concurrent.SingleThreadEventExecutor$1
7558:             1             16  io.netty.util.concurrent.ThreadPerTaskExecutor
7559:             1             16  io.netty.util.internal.PlatformDependent$1
7560:             1             16  io.netty.util.internal.PlatformDependent$1
7561:             1             16  io.netty.util.internal.PlatformDependent$1
7562:             1             16  io.netty.util.internal.PlatformDependent$2
7563:             1             16  io.netty.util.internal.PlatformDependent$2
7564:             1             16  io.netty.util.internal.PlatformDependent$2
7565:             1             16  io.netty.util.internal.RecyclableArrayList$1
7566:             1             16  io.netty.util.internal.TypeParameterMatcher$1
7567:             1             16  io.netty.util.internal.logging.Log4J2LoggerFactory
7568:             1             16  io.netty.util.internal.logging.Log4J2LoggerFactory
7569:             1             16  io.netty.util.internal.logging.Slf4JLoggerFactory
7570:             1             16  io.netty.util.internal.logging.Slf4JLoggerFactory
7571:             1             16  io.protostuff.runtime.ArraySchemas$1
7572:             1             16  io.protostuff.runtime.IdStrategy$10
7573:             1             16  io.protostuff.runtime.IdStrategy$12
7574:             1             16  io.protostuff.runtime.IdStrategy$14
7575:             1             16  io.protostuff.runtime.IdStrategy$16
7576:             1             16  io.protostuff.runtime.IdStrategy$18
7577:             1             16  io.protostuff.runtime.IdStrategy$20
7578:             1             16  io.protostuff.runtime.IdStrategy$22
7579:             1             16  io.protostuff.runtime.IdStrategy$24
7580:             1             16  io.protostuff.runtime.IdStrategy$8
7581:             1             16  io.protostuff.runtime.ReflectAccessor$1
7582:             1             16  io.protostuff.runtime.RuntimeFieldFactory$1
7583:             1             16  io.protostuff.runtime.RuntimeReflectionFieldFactory$1
7584:             1             16  io.protostuff.runtime.RuntimeReflectionFieldFactory$10
7585:             1             16  io.protostuff.runtime.RuntimeReflectionFieldFactory$11
7586:             1             16  io.protostuff.runtime.RuntimeReflectionFieldFactory$12
7587:             1             16  io.protostuff.runtime.RuntimeReflectionFieldFactory$13
7588:             1             16  io.protostuff.runtime.RuntimeReflectionFieldFactory$14
7589:             1             16  io.protostuff.runtime.RuntimeReflectionFieldFactory$15
7590:             1             16  io.protostuff.runtime.RuntimeReflectionFieldFactory$16
7591:             1             16  io.protostuff.runtime.RuntimeReflectionFieldFactory$17
7592:             1             16  io.protostuff.runtime.RuntimeReflectionFieldFactory$18
7593:             1             16  io.protostuff.runtime.RuntimeReflectionFieldFactory$19
7594:             1             16  io.protostuff.runtime.RuntimeReflectionFieldFactory$2
7595:             1             16  io.protostuff.runtime.RuntimeReflectionFieldFactory$3
7596:             1             16  io.protostuff.runtime.RuntimeReflectionFieldFactory$4
7597:             1             16  io.protostuff.runtime.RuntimeReflectionFieldFactory$5
7598:             1             16  io.protostuff.runtime.RuntimeReflectionFieldFactory$6
7599:             1             16  io.protostuff.runtime.RuntimeReflectionFieldFactory$7
7600:             1             16  io.protostuff.runtime.RuntimeReflectionFieldFactory$8
7601:             1             16  io.protostuff.runtime.RuntimeReflectionFieldFactory$9
7602:             1             16  io.vavr.collection.HashArrayMappedTrieModule$EmptyNode
7603:             1             16  io.vavr.collection.HashMap
7604:             1             16  java.io.Console$$Lambda/0x00007fcd28065c28 (java.base@21.0.3)
7605:             1             16  java.io.Console$$Lambda/0x00007fcd280664e0 (java.base@21.0.3)
7606:             1             16  java.io.Console$$Lambda/0x00007fcd28067868 (java.base@21.0.3)
7607:             1             16  java.io.Console$1 (java.base@21.0.3)
7608:             1             16  java.io.DeleteOnExitHook$1 (java.base@21.0.3)
7609:             1             16  java.io.FileDescriptor$1 (java.base@21.0.3)
7610:             1             16  java.io.FilePermission$1 (java.base@21.0.3)
7611:             1             16  java.io.FilePermissionCollection$$Lambda/0x00007fcd28058f00 (java.base@21.0.3)
7612:             1             16  java.io.ObjectInputFilter$Config$$Lambda/0x00007fcd29177138 (java.base@21.0.3)
7613:             1             16  java.io.ObjectInputFilter$Config$$Lambda/0x00007fcd29177350 (java.base@21.0.3)
7614:             1             16  java.io.ObjectInputFilter$Config$$Lambda/0x00007fcd291779a0 (java.base@21.0.3)
7615:             1             16  java.io.ObjectInputFilter$Config$BuiltinFilterFactory (java.base@21.0.3)
7616:             1             16  java.io.ObjectInputStream$$Lambda/0x00007fcd29175368 (java.base@21.0.3)
7617:             1             16  java.io.ObjectInputStream$$Lambda/0x00007fcd29175778 (java.base@21.0.3)
7618:             1             16  java.io.PrintStream$1 (java.base@21.0.3)
7619:             1             16  java.io.PrintWriter$1 (java.base@21.0.3)
7620:             1             16  java.io.RandomAccessFile$2 (java.base@21.0.3)
7621:             1             16  java.lang.ApplicationShutdownHooks$1 (java.base@21.0.3)
7622:             1             16  java.lang.CharacterData00 (java.base@21.0.3)
7623:             1             16  java.lang.CharacterDataLatin1 (java.base@21.0.3)
7624:             1             16  java.lang.Class$$Lambda/0x00007fcd280e4930 (java.base@21.0.3)
7625:             1             16  java.lang.Module$$Lambda/0x00007fcd28148a28 (java.base@21.0.3)
7626:             1             16  java.lang.ProcessBuilder$NullInputStream (java.base@21.0.3)
7627:             1             16  java.lang.ProcessBuilder$NullOutputStream (java.base@21.0.3)
7628:             1             16  java.lang.ProcessEnvironment$StringKeySet (java.base@21.0.3)
7629:             1             16  java.lang.ProcessHandleImpl$$Lambda/0x00007fcd28165918 (java.base@21.0.3)
7630:             1             16  java.lang.Runtime (java.base@21.0.3)
7631:             1             16  java.lang.Runtime$Version$$Lambda/0x00007fcd280795c0 (java.base@21.0.3)
7632:             1             16  java.lang.SecurityManager$$Lambda/0x00007fcd28046e18 (java.base@21.0.3)
7633:             1             16  java.lang.SecurityManager$$Lambda/0x00007fcd280472a0 (java.base@21.0.3)
7634:             1             16  java.lang.SecurityManager$$Lambda/0x00007fcd280474d8 (java.base@21.0.3)
7635:             1             16  java.lang.SecurityManager$$Lambda/0x00007fcd28047710 (java.base@21.0.3)
7636:             1             16  java.lang.SecurityManager$$Lambda/0x00007fcd28047938 (java.base@21.0.3)
7637:             1             16  java.lang.SecurityManager$$Lambda/0x00007fcd28047b80 (java.base@21.0.3)
7638:             1             16  java.lang.SecurityManager$$Lambda/0x00007fcd28047fe8 (java.base@21.0.3)
7639:             1             16  java.lang.SecurityManager$$Lambda/0x00007fcd28048230 (java.base@21.0.3)
7640:             1             16  java.lang.String$CaseInsensitiveComparator (java.base@21.0.3)
7641:             1             16  java.lang.System$2 (java.base@21.0.3)
7642:             1             16  java.lang.System$LoggerFinder$$Lambda/0x00007fcd28168d28 (java.base@21.0.3)
7643:             1             16  java.lang.Terminator$1 (java.base@21.0.3)
7644:             1             16  java.lang.invoke.ClassSpecializer$1 (java.base@21.0.3)
7645:             1             16  java.lang.invoke.MemberName$Factory (java.base@21.0.3)
7646:             1             16  java.lang.invoke.MethodHandleImpl$1 (java.base@21.0.3)
7647:             1             16  java.lang.management.DefaultPlatformMBeanProvider$1 (java.management@21.0.3)
7648:             1             16  java.lang.management.DefaultPlatformMBeanProvider$10 (java.management@21.0.3)
7649:             1             16  java.lang.management.DefaultPlatformMBeanProvider$2 (java.management@21.0.3)
7650:             1             16  java.lang.management.DefaultPlatformMBeanProvider$3 (java.management@21.0.3)
7651:             1             16  java.lang.management.DefaultPlatformMBeanProvider$5 (java.management@21.0.3)
7652:             1             16  java.lang.management.DefaultPlatformMBeanProvider$5$$Lambda/0x00007fcd284fb058 (java.management@21.0.3)
7653:             1             16  java.lang.management.DefaultPlatformMBeanProvider$6 (java.management@21.0.3)
7654:             1             16  java.lang.management.DefaultPlatformMBeanProvider$7 (java.management@21.0.3)
7655:             1             16  java.lang.management.DefaultPlatformMBeanProvider$9 (java.management@21.0.3)
7656:             1             16  java.lang.management.ManagementFactory$$Lambda/0x00007fcd2807a018 (java.management@21.0.3)
7657:             1             16  java.lang.management.ManagementFactory$$Lambda/0x00007fcd284f23e0 (java.management@21.0.3)
7658:             1             16  java.lang.management.ManagementFactory$$Lambda/0x00007fcd284f2628 (java.management@21.0.3)
7659:             1             16  java.lang.management.ManagementFactory$$Lambda/0x00007fcd284f2860 (java.management@21.0.3)
7660:             1             16  java.lang.management.ManagementFactory$PlatformMBeanFinder$$Lambda/0x00007fcd280e1030 (java.management@21.0.3)
7661:             1             16  java.lang.management.ManagementFactory$PlatformMBeanFinder$$Lambda/0x00007fcd280e1280 (java.management@21.0.3)
7662:             1             16  java.lang.module.ModuleDescriptor$1 (java.base@21.0.3)
7663:             1             16  java.lang.module.ModuleDescriptor$Builder$$Lambda/0x800000002 (java.base@21.0.3)
7664:             1             16  java.lang.ref.Cleaner (java.base@21.0.3)
7665:             1             16  java.lang.ref.Cleaner$1 (java.base@21.0.3)
7666:             1             16  java.lang.ref.Reference$1 (java.base@21.0.3)
7667:             1             16  java.lang.reflect.AccessFlag$1 (java.base@21.0.3)
7668:             1             16  java.lang.reflect.AccessFlag$10 (java.base@21.0.3)
7669:             1             16  java.lang.reflect.AccessFlag$11 (java.base@21.0.3)
7670:             1             16  java.lang.reflect.AccessFlag$12 (java.base@21.0.3)
7671:             1             16  java.lang.reflect.AccessFlag$13 (java.base@21.0.3)
7672:             1             16  java.lang.reflect.AccessFlag$14 (java.base@21.0.3)
7673:             1             16  java.lang.reflect.AccessFlag$15 (java.base@21.0.3)
7674:             1             16  java.lang.reflect.AccessFlag$16 (java.base@21.0.3)
7675:             1             16  java.lang.reflect.AccessFlag$17 (java.base@21.0.3)
7676:             1             16  java.lang.reflect.AccessFlag$18 (java.base@21.0.3)
7677:             1             16  java.lang.reflect.AccessFlag$2 (java.base@21.0.3)
7678:             1             16  java.lang.reflect.AccessFlag$3 (java.base@21.0.3)
7679:             1             16  java.lang.reflect.AccessFlag$4 (java.base@21.0.3)
7680:             1             16  java.lang.reflect.AccessFlag$5 (java.base@21.0.3)
7681:             1             16  java.lang.reflect.AccessFlag$6 (java.base@21.0.3)
7682:             1             16  java.lang.reflect.AccessFlag$7 (java.base@21.0.3)
7683:             1             16  java.lang.reflect.AccessFlag$8 (java.base@21.0.3)
7684:             1             16  java.lang.reflect.AccessFlag$9 (java.base@21.0.3)
7685:             1             16  java.lang.reflect.Proxy$$Lambda/0x00007fcd28147cc0 (java.base@21.0.3)
7686:             1             16  java.lang.reflect.Proxy$ProxyBuilder$$Lambda/0x00007fcd281480f0 (java.base@21.0.3)
7687:             1             16  java.lang.reflect.ProxyGenerator$$Lambda/0x00007fcd281497d8 (java.base@21.0.3)
7688:             1             16  java.lang.reflect.ProxyGenerator$$Lambda/0x00007fcd28149a10 (java.base@21.0.3)
7689:             1             16  java.lang.reflect.ReflectAccess (java.base@21.0.3)
7690:             1             16  java.net.InetAddress$$Lambda/0x00007fcd28156650 (java.base@21.0.3)
7691:             1             16  java.net.InetAddress$$Lambda/0x00007fcd28156a78 (java.base@21.0.3)
7692:             1             16  java.net.InetAddress$$Lambda/0x00007fcd28156cb0 (java.base@21.0.3)
7693:             1             16  java.net.InetAddress$1 (java.base@21.0.3)
7694:             1             16  java.net.InetAddress$PlatformResolver (java.base@21.0.3)
7695:             1             16  java.net.URI$1 (java.base@21.0.3)
7696:             1             16  java.net.URL$3 (java.base@21.0.3)
7697:             1             16  java.net.URL$DefaultFactory (java.base@21.0.3)
7698:             1             16  java.net.spi.InetAddressResolver$LookupPolicy (java.base@21.0.3)
7699:             1             16  java.nio.Bits$1 (java.base@21.0.3)
7700:             1             16  java.nio.Buffer$1 (java.base@21.0.3)
7701:             1             16  java.nio.Buffer$2 (java.base@21.0.3)
7702:             1             16  java.nio.channels.spi.SelectorProvider$Holder$$Lambda/0x00007fcd289edf88 (java.base@21.0.3)
7703:             1             16  java.nio.file.Files$$Lambda/0x00007fcd282f8420 (java.base@21.0.3)
7704:             1             16  java.nio.file.Files$AcceptAllFilter (java.base@21.0.3)
7705:             1             16  java.security.AllPermission (java.base@21.0.3)
7706:             1             16  java.security.KeyStore$$Lambda/0x00007fcd282d1c28 (java.base@21.0.3)
7707:             1             16  java.security.ProtectionDomain$JavaSecurityAccessImpl (java.base@21.0.3)
7708:             1             16  java.security.Security$$Lambda/0x80000000b (java.base@21.0.3)
7709:             1             16  java.security.Security$1 (java.base@21.0.3)
7710:             1             16  java.security.Signature$1 (java.base@21.0.3)
7711:             1             16  java.security.cert.CertPathHelperImpl (java.base@21.0.3)
7712:             1             16  java.security.spec.EncodedKeySpec$$Lambda/0x00007fcd28266c20 (java.base@21.0.3)
7713:             1             16  java.text.DecimalFormatSymbols$$Lambda/0x80000000d (java.base@21.0.3)
7714:             1             16  java.text.MessageFormat$Field (java.base@21.0.3)
7715:             1             16  java.time.ZoneOffset$$Lambda/0x80000000e (java.base@21.0.3)
7716:             1             16  java.time.chrono.HijrahChronology$$Lambda/0x00007fcd284cc538 (java.base@21.0.3)
7717:             1             16  java.time.chrono.HijrahChronology$$Lambda/0x00007fcd284cc750 (java.base@21.0.3)
7718:             1             16  java.time.chrono.IsoChronology (java.base@21.0.3)
7719:             1             16  java.time.chrono.JapaneseChronology (java.base@21.0.3)
7720:             1             16  java.time.chrono.MinguoChronology (java.base@21.0.3)
7721:             1             16  java.time.chrono.ThaiBuddhistChronology (java.base@21.0.3)
7722:             1             16  java.time.format.DateTimeFormatter$$Lambda/0x80000000f (java.base@21.0.3)
7723:             1             16  java.time.format.DateTimeFormatter$$Lambda/0x800000010 (java.base@21.0.3)
7724:             1             16  java.time.format.DateTimeFormatterBuilder$$Lambda/0x800000011 (java.base@21.0.3)
7725:             1             16  java.time.format.DateTimeFormatterBuilder$InstantPrinterParser (java.base@21.0.3)
7726:             1             16  java.time.format.DateTimeFormatterBuilder$LocalizedOffsetIdPrinterParser (java.base@21.0.3)
7727:             1             16  java.time.format.DateTimeTextProvider (java.base@21.0.3)
7728:             1             16  java.time.format.DateTimeTextProvider$1 (java.base@21.0.3)
7729:             1             16  java.time.temporal.TemporalQueries$1 (java.base@21.0.3)
7730:             1             16  java.time.temporal.TemporalQueries$2 (java.base@21.0.3)
7731:             1             16  java.time.temporal.TemporalQueries$3 (java.base@21.0.3)
7732:             1             16  java.time.temporal.TemporalQueries$4 (java.base@21.0.3)
7733:             1             16  java.time.temporal.TemporalQueries$5 (java.base@21.0.3)
7734:             1             16  java.time.temporal.TemporalQueries$6 (java.base@21.0.3)
7735:             1             16  java.time.temporal.TemporalQueries$7 (java.base@21.0.3)
7736:             1             16  java.util.AbstractMap$1 (java.base@21.0.3)
7737:             1             16  java.util.Collections$EmptyEnumeration (java.base@21.0.3)
7738:             1             16  java.util.Collections$EmptyIterator (java.base@21.0.3)
7739:             1             16  java.util.Collections$EmptyList (java.base@21.0.3)
7740:             1             16  java.util.Collections$EmptyListIterator (java.base@21.0.3)
7741:             1             16  java.util.Collections$EmptySet (java.base@21.0.3)
7742:             1             16  java.util.Collections$ReverseComparator (java.base@21.0.3)
7743:             1             16  java.util.EnumMap$1 (java.base@21.0.3)
7744:             1             16  java.util.ImmutableCollections$Access$1 (java.base@21.0.3)
7745:             1             16  java.util.Locale$Builder (java.base@21.0.3)
7746:             1             16  java.util.Map$Entry$$Lambda/0x00007fcd29074e50 (java.base@21.0.3)
7747:             1             16  java.util.Properties$EntrySet (java.base@21.0.3)
7748:             1             16  java.util.ResourceBundle$1 (java.base@21.0.3)
7749:             1             16  java.util.ResourceBundle$Control (java.base@21.0.3)
7750:             1             16  java.util.Spliterators$EmptySpliterator$OfDouble (java.base@21.0.3)
7751:             1             16  java.util.Spliterators$EmptySpliterator$OfInt (java.base@21.0.3)
7752:             1             16  java.util.Spliterators$EmptySpliterator$OfLong (java.base@21.0.3)
7753:             1             16  java.util.Spliterators$EmptySpliterator$OfRef (java.base@21.0.3)
7754:             1             16  java.util.concurrent.CompletableFuture$AltResult (java.base@21.0.3)
7755:             1             16  java.util.concurrent.ForkJoinPool$2 (java.base@21.0.3)
7756:             1             16  java.util.concurrent.ForkJoinPool$DefaultForkJoinWorkerThreadFactory (java.base@21.0.3)
7757:             1             16  java.util.concurrent.ThreadPoolExecutor$AbortPolicy (java.base@21.0.3)
7758:             1             16  java.util.function.Function$$Lambda/0x00007fcd28068a50 (java.base@21.0.3)
7759:             1             16  java.util.function.UnaryOperator$$Lambda/0x00007fcd289f2348 (java.base@21.0.3)
7760:             1             16  java.util.jar.JavaUtilJarAccessImpl (java.base@21.0.3)
7761:             1             16  java.util.logging.ErrorManager (java.logging@21.0.3)
7762:             1             16  java.util.logging.Level$$Lambda/0x800000013 (java.logging@21.0.3)
7763:             1             16  java.util.logging.Level$KnownLevel$$Lambda/0x800000023 (java.logging@21.0.3)
7764:             1             16  java.util.logging.Level$KnownLevel$$Lambda/0x800000024 (java.logging@21.0.3)
7765:             1             16  java.util.logging.Level$KnownLevel$$Lambda/0x800000025 (java.logging@21.0.3)
7766:             1             16  java.util.logging.LogManager$CloseOnReset (java.logging@21.0.3)
7767:             1             16  java.util.logging.LogManager$LoggingProviderAccess (java.logging@21.0.3)
7768:             1             16  java.util.logging.LogManager$VisitedLoggers (java.logging@21.0.3)
7769:             1             16  java.util.logging.Logging (java.logging@21.0.3)
7770:             1             16  java.util.logging.SimpleFormatter (java.logging@21.0.3)
7771:             1             16  java.util.logging.SimpleFormatter$$Lambda/0x00007fcd28171fb0 (java.logging@21.0.3)
7772:             1             16  java.util.regex.CharPredicates$$Lambda/0x00007fcd28078698 (java.base@21.0.3)
7773:             1             16  java.util.regex.CharPredicates$$Lambda/0x00007fcd282fa940 (java.base@21.0.3)
7774:             1             16  java.util.regex.CharPredicates$$Lambda/0x00007fcd282fadf0 (java.base@21.0.3)
7775:             1             16  java.util.regex.CharPredicates$$Lambda/0x800000026 (java.base@21.0.3)
7776:             1             16  java.util.regex.CharPredicates$$Lambda/0x800000027 (java.base@21.0.3)
7777:             1             16  java.util.regex.Pattern$$Lambda/0x00007fcd280771b0 (java.base@21.0.3)
7778:             1             16  java.util.regex.Pattern$$Lambda/0x00007fcd282fab98 (java.base@21.0.3)
7779:             1             16  java.util.regex.Pattern$$Lambda/0x00007fcd289f9b38 (java.base@21.0.3)
7780:             1             16  java.util.regex.Pattern$LastNode (java.base@21.0.3)
7781:             1             16  java.util.regex.Pattern$LookBehindEndNode (java.base@21.0.3)
7782:             1             16  java.util.regex.Pattern$Node (java.base@21.0.3)
7783:             1             16  java.util.stream.Collectors$$Lambda/0x00007fcd2806a460 (java.base@21.0.3)
7784:             1             16  java.util.stream.Collectors$$Lambda/0x00007fcd2806a8a8 (java.base@21.0.3)
7785:             1             16  java.util.stream.Collectors$$Lambda/0x00007fcd2806aae8 (java.base@21.0.3)
7786:             1             16  java.util.stream.Collectors$$Lambda/0x00007fcd2806ca08 (java.base@21.0.3)
7787:             1             16  java.util.stream.Collectors$$Lambda/0x00007fcd2806cc20 (java.base@21.0.3)
7788:             1             16  java.util.stream.Collectors$$Lambda/0x00007fcd2806ce48 (java.base@21.0.3)
7789:             1             16  java.util.stream.Collectors$$Lambda/0x00007fcd282fe858 (java.base@21.0.3)
7790:             1             16  java.util.stream.Collectors$$Lambda/0x00007fcd284c7b58 (java.base@21.0.3)
7791:             1             16  java.util.stream.Collectors$$Lambda/0x00007fcd284c7d80 (java.base@21.0.3)
7792:             1             16  java.util.stream.Collectors$$Lambda/0x00007fcd289e1850 (java.base@21.0.3)
7793:             1             16  java.util.stream.Collectors$$Lambda/0x00007fcd29164990 (java.base@21.0.3)
7794:             1             16  java.util.stream.Collectors$$Lambda/0x00007fcd2916b990 (java.base@21.0.3)
7795:             1             16  java.util.stream.Collectors$$Lambda/0x00007fcd29177bb8 (java.base@21.0.3)
7796:             1             16  java.util.stream.Collectors$$Lambda/0x00007fcd29178a88 (java.base@21.0.3)
7797:             1             16  java.util.stream.Collectors$$Lambda/0x00007fcd29178ed0 (java.base@21.0.3)
7798:             1             16  java.util.stream.Collectors$$Lambda/0x00007fcd291790e8 (java.base@21.0.3)
7799:             1             16  java.util.stream.Collectors$$Lambda/0x00007fcd29179310 (java.base@21.0.3)
7800:             1             16  java.util.stream.Collectors$$Lambda/0x00007fcd29179550 (java.base@21.0.3)
7801:             1             16  java.util.stream.Collectors$$Lambda/0x00007fcd2917b5b0 (java.base@21.0.3)
7802:             1             16  java.util.stream.Collectors$$Lambda/0x80000003a (java.base@21.0.3)
7803:             1             16  java.util.stream.Collectors$$Lambda/0x80000003f (java.base@21.0.3)
7804:             1             16  java.util.stream.Collectors$$Lambda/0x800000041 (java.base@21.0.3)
7805:             1             16  java.util.stream.Collectors$$Lambda/0x800000042 (java.base@21.0.3)
7806:             1             16  java.util.stream.Collectors$$Lambda/0x800000043 (java.base@21.0.3)
7807:             1             16  java.util.stream.Collectors$$Lambda/0x800000044 (java.base@21.0.3)
7808:             1             16  java.util.stream.Collectors$$Lambda/0x800000046 (java.base@21.0.3)
7809:             1             16  java.util.stream.FindOps$FindSink$OfInt$$Lambda/0x800000049 (java.base@21.0.3)
7810:             1             16  java.util.stream.FindOps$FindSink$OfInt$$Lambda/0x80000004a (java.base@21.0.3)
7811:             1             16  java.util.stream.FindOps$FindSink$OfInt$$Lambda/0x80000004b (java.base@21.0.3)
7812:             1             16  java.util.stream.FindOps$FindSink$OfInt$$Lambda/0x80000004c (java.base@21.0.3)
7813:             1             16  java.util.stream.FindOps$FindSink$OfRef$$Lambda/0x80000004d (java.base@21.0.3)
7814:             1             16  java.util.stream.FindOps$FindSink$OfRef$$Lambda/0x80000004e (java.base@21.0.3)
7815:             1             16  java.util.stream.FindOps$FindSink$OfRef$$Lambda/0x80000004f (java.base@21.0.3)
7816:             1             16  java.util.stream.FindOps$FindSink$OfRef$$Lambda/0x800000050 (java.base@21.0.3)
7817:             1             16  java.util.stream.IntPipeline$$Lambda/0x00007fcd28073878 (java.base@21.0.3)
7818:             1             16  java.util.stream.IntPipeline$$Lambda/0x00007fcd290758f0 (java.base@21.0.3)
7819:             1             16  java.util.stream.LongPipeline$$Lambda/0x00007fcd284c5330 (java.base@21.0.3)
7820:             1             16  java.util.stream.LongPipeline$$Lambda/0x00007fcd289f85c0 (java.base@21.0.3)
7821:             1             16  java.util.stream.LongPipeline$$Lambda/0x00007fcd290750e0 (java.base@21.0.3)
7822:             1             16  java.util.stream.LongPipeline$$Lambda/0x00007fcd292893d8 (java.base@21.0.3)
7823:             1             16  java.util.stream.Nodes$EmptyNode$OfDouble (java.base@21.0.3)
7824:             1             16  java.util.stream.Nodes$EmptyNode$OfInt (java.base@21.0.3)
7825:             1             16  java.util.stream.Nodes$EmptyNode$OfLong (java.base@21.0.3)
7826:             1             16  java.util.stream.Nodes$EmptyNode$OfRef (java.base@21.0.3)
7827:             1             16  java.util.stream.ReferencePipeline$$Lambda/0x00007fcd289e0000 (java.base@21.0.3)
7828:             1             16  java.util.zip.ZipFile$1 (java.base@21.0.3)
7829:             1             16  javax.crypto.CryptoAllPermissionCollection (java.base@21.0.3)
7830:             1             16  javax.crypto.JceSecurityManager (java.base@21.0.3)
7831:             1             16  javax.crypto.JceSecurityManager$$Lambda/0x00007fcd282c7e30 (java.base@21.0.3)
7832:             1             16  javax.crypto.JceSecurityManager$$Lambda/0x00007fcd282c8048 (java.base@21.0.3)
7833:             1             16  javax.crypto.spec.SecretKeySpec$$Lambda/0x00007fcd280fc3c8 (java.base@21.0.3)
7834:             1             16  javax.management.JMX (java.management@21.0.3)
7835:             1             16  javax.management.MBeanServerBuilder (java.management@21.0.3)
7836:             1             16  javax.management.NotificationBroadcasterSupport$1 (java.management@21.0.3)
7837:             1             16  javax.net.ssl.KeyManagerFactory$$Lambda/0x00007fcd282f5ef8 (java.base@21.0.3)
7838:             1             16  javax.net.ssl.TrustManagerFactory$$Lambda/0x00007fcd282d0750 (java.base@21.0.3)
7839:             1             16  jdk.internal.foreign.MemorySessionImpl$$Lambda/0x00007fcd2917c0d8 (java.base@21.0.3)
7840:             1             16  jdk.internal.foreign.MemorySessionImpl$$Lambda/0x00007fcd2917c548 (java.base@21.0.3)
7841:             1             16  jdk.internal.foreign.MemorySessionImpl$ResourceList$ResourceCleanup$1 (java.base@21.0.3)
7842:             1             16  jdk.internal.icu.impl.Norm2AllModes$DecomposeNormalizer2 (java.base@21.0.3)
7843:             1             16  jdk.internal.icu.impl.Norm2AllModes$NoopNormalizer2 (java.base@21.0.3)
7844:             1             16  jdk.internal.icu.impl.NormalizerImpl$IsAcceptable (java.base@21.0.3)
7845:             1             16  jdk.internal.icu.text.NormalizerBase$ModeImpl (java.base@21.0.3)
7846:             1             16  jdk.internal.icu.text.NormalizerBase$NFCMode (java.base@21.0.3)
7847:             1             16  jdk.internal.icu.text.NormalizerBase$NFDMode (java.base@21.0.3)
7848:             1             16  jdk.internal.icu.text.NormalizerBase$NFKCMode (java.base@21.0.3)
7849:             1             16  jdk.internal.icu.text.NormalizerBase$NFKDMode (java.base@21.0.3)
7850:             1             16  jdk.internal.icu.text.NormalizerBase$NONEMode (java.base@21.0.3)
7851:             1             16  jdk.internal.icu.util.CodePointTrie$Data16 (java.base@21.0.3)
7852:             1             16  jdk.internal.icu.util.VersionInfo (java.base@21.0.3)
7853:             1             16  jdk.internal.jimage.ImageBufferCache$1 (java.base@21.0.3)
7854:             1             16  jdk.internal.jimage.ImageBufferCache$2 (java.base@21.0.3)
7855:             1             16  jdk.internal.jimage.ImageReaderFactory$1 (java.base@21.0.3)
7856:             1             16  jdk.internal.jimage.ImageStringsReader (java.base@21.0.3)
7857:             1             16  jdk.internal.jimage.decompressor.Decompressor (java.base@21.0.3)
7858:             1             16  jdk.internal.jrtfs.JrtFileSystemProvider (java.base@21.0.3)
7859:             1             16  jdk.internal.logger.LazyLoggers$$Lambda/0x00007fcd28168b10 (java.base@21.0.3)
7860:             1             16  jdk.internal.logger.LazyLoggers$1 (java.base@21.0.3)
7861:             1             16  jdk.internal.logger.LazyLoggers$JdkLazyLogger (java.base@21.0.3)
7862:             1             16  jdk.internal.logger.LazyLoggers$LazyLoggerFactories (java.base@21.0.3)
7863:             1             16  jdk.internal.logger.LoggerFinderLoader$$Lambda/0x00007fcd28169140 (java.base@21.0.3)
7864:             1             16  jdk.internal.logger.LoggerFinderLoader$$Lambda/0x00007fcd28169358 (java.base@21.0.3)
7865:             1             16  jdk.internal.math.FloatingDecimal$1 (java.base@21.0.3)
7866:             1             16  jdk.internal.misc.ExtendedMapMode$$Lambda/0x00007fcd2917da28 (java.base@21.0.3)
7867:             1             16  jdk.internal.misc.ScopedMemoryAccess (java.base@21.0.3)
7868:             1             16  jdk.internal.misc.TerminatingThreadLocal$1 (java.base@21.0.3)
7869:             1             16  jdk.internal.misc.Unsafe (java.base@21.0.3)
7870:             1             16  jdk.internal.module.ArchivedBootLayer (java.base@21.0.3)
7871:             1             16  jdk.internal.module.ModuleLoaderMap$Mapper (java.base@21.0.3)
7872:             1             16  jdk.internal.module.ModulePatcher (java.base@21.0.3)
7873:             1             16  jdk.internal.module.ModuleTarget (java.base@21.0.3)
7874:             1             16  jdk.internal.perf.Perf (java.base@21.0.3)
7875:             1             16  jdk.internal.platform.CgroupMetrics (java.base@21.0.3)
7876:             1             16  jdk.internal.platform.CgroupSubsystemFactory$$Lambda/0x00007fcd281770d8 (java.base@21.0.3)
7877:             1             16  jdk.internal.platform.cgroupv2.CgroupV2Subsystem (java.base@21.0.3)
7878:             1             16  jdk.internal.platform.cgroupv2.CgroupV2Subsystem$$Lambda/0x00007fcd284de6f0 (java.base@21.0.3)
7879:             1             16  jdk.internal.platform.cgroupv2.CgroupV2SubsystemController (java.base@21.0.3)
7880:             1             16  jdk.internal.reflect.GeneratedSerializationConstructorAccessor1 (java.base@21.0.3)
7881:             1             16  jdk.internal.reflect.GeneratedSerializationConstructorAccessor10 (java.base@21.0.3)
7882:             1             16  jdk.internal.reflect.GeneratedSerializationConstructorAccessor11 (java.base@21.0.3)
7883:             1             16  jdk.internal.reflect.GeneratedSerializationConstructorAccessor12
7884:             1             16  jdk.internal.reflect.GeneratedSerializationConstructorAccessor2 (java.base@21.0.3)
7885:             1             16  jdk.internal.reflect.GeneratedSerializationConstructorAccessor3 (java.base@21.0.3)
7886:             1             16  jdk.internal.reflect.GeneratedSerializationConstructorAccessor4 (java.base@21.0.3)
7887:             1             16  jdk.internal.reflect.GeneratedSerializationConstructorAccessor5
7888:             1             16  jdk.internal.reflect.GeneratedSerializationConstructorAccessor6 (java.base@21.0.3)
7889:             1             16  jdk.internal.reflect.GeneratedSerializationConstructorAccessor7 (java.base@21.0.3)
7890:             1             16  jdk.internal.reflect.GeneratedSerializationConstructorAccessor8 (java.base@21.0.3)
7891:             1             16  jdk.internal.reflect.GeneratedSerializationConstructorAccessor9 (java.base@21.0.3)
7892:             1             16  jdk.internal.reflect.ReflectionFactory (java.base@21.0.3)
7893:             1             16  jdk.internal.util.Preconditions$1 (java.base@21.0.3)
7894:             1             16  jdk.internal.util.Preconditions$2 (java.base@21.0.3)
7895:             1             16  jdk.internal.util.Preconditions$3 (java.base@21.0.3)
7896:             1             16  jdk.jfr.internal.SecuritySupport$$Lambda/0x00007fcd289e2bd0 (jdk.jfr@21.0.3)
7897:             1             16  jdk.jfr.internal.SecuritySupport$Privileged (jdk.jfr@21.0.3)
7898:             1             16  jdk.jfr.internal.consumer.FileAccess$UnPrivileged (jdk.jfr@21.0.3)
7899:             1             16  jdk.jfr.internal.dcmd.DCmdCheck$$Lambda/0x00007fcd289ea088 (jdk.jfr@21.0.3)
7900:             1             16  jdk.jfr.internal.dcmd.DCmdDump$$Lambda/0x00007fcd289e9e70 (jdk.jfr@21.0.3)
7901:             1             16  jdk.jfr.internal.dcmd.DCmdStart$$Lambda/0x00007fcd289e3430 (jdk.jfr@21.0.3)
7902:             1             16  jdk.jfr.internal.dcmd.DCmdStart$$Lambda/0x00007fcd289e9c58 (jdk.jfr@21.0.3)
7903:             1             16  jdk.jfr.internal.dcmd.DCmdStop$$Lambda/0x00007fcd289e1438 (jdk.jfr@21.0.3)
7904:             1             16  jdk.jfr.internal.dcmd.DCmdView$$Lambda/0x00007fcd289e1220 (jdk.jfr@21.0.3)
7905:             1             16  jdk.jfr.internal.jfc.model.JFCModel$$Lambda/0x00007fcd289e97f8 (jdk.jfr@21.0.3)
7906:             1             16  jdk.jfr.internal.jfc.model.JFCModel$$Lambda/0x00007fcd289e9a20 (jdk.jfr@21.0.3)
7907:             1             16  jdk.management.jfr.SettingDescriptorInfo$1 (jdk.management.jfr@21.0.3)
7908:             1             16  jdk.net.LinuxSocketOptions (jdk.net@21.0.3)
7909:             1             16  jdk.net.LinuxSocketOptions$$Lambda/0x00007fcd289fe8d8 (jdk.net@21.0.3)
7910:             1             16  jdk.nio.zipfs.ZipFileSystem$$Lambda/0x00007fcd2903d790 (jdk.zipfs@21.0.3)
7911:             1             16  jdk.nio.zipfs.ZipFileSystemProvider (jdk.zipfs@21.0.3)
7912:             1             16  jdk.proxy2.$Proxy14 (jdk.proxy2)
7913:             1             16  jdk.proxy2.$Proxy16 (jdk.proxy2)
7914:             1             16  jdk.proxy2.$Proxy31 (jdk.proxy2)
7915:             1             16  jdk.proxy2.$Proxy33 (jdk.proxy2)
7916:             1             16  jdk.proxy2.$Proxy8 (jdk.proxy2)
7917:             1             16  jdk.proxy4.$Proxy49 (jdk.proxy4)
7918:             1             16  jdk.proxy5.$Proxy45 (jdk.proxy5)
7919:             1             16  jdk.proxy5.$Proxy46 (jdk.proxy5)
7920:             1             16  jdk.proxy7.$Proxy43 (jdk.proxy7)
7921:             1             16  jdk.proxy7.$Proxy44 (jdk.proxy7)
7922:             1             16  joptsimple.OptionParserState$2
7923:             1             16  joptsimple.util.PathConverter
7924:             1             16  kotlin.Result$Companion
7925:             1             16  kotlin.UNINITIALIZED_VALUE
7926:             1             16  kotlin.UNINITIALIZED_VALUE
7927:             1             16  kotlin.UNINITIALIZED_VALUE
7928:             1             16  kotlin.UNINITIALIZED_VALUE
7929:             1             16  kotlin.Unit
7930:             1             16  kotlin.collections.EmptyIterator
7931:             1             16  kotlin.collections.EmptyIterator
7932:             1             16  kotlin.collections.EmptyIterator
7933:             1             16  kotlin.collections.EmptyIterator
7934:             1             16  kotlin.collections.EmptyList
7935:             1             16  kotlin.collections.EmptyList
7936:             1             16  kotlin.collections.EmptyList
7937:             1             16  kotlin.collections.EmptyList
7938:             1             16  kotlin.collections.EmptyList
7939:             1             16  kotlin.collections.EmptyList
7940:             1             16  kotlin.collections.EmptyMap
7941:             1             16  kotlin.collections.EmptySet
7942:             1             16  kotlin.coroutines.ContinuationInterceptor$Key
7943:             1             16  kotlin.coroutines.ContinuationInterceptor$Key
7944:             1             16  kotlin.coroutines.ContinuationInterceptor$Key
7945:             1             16  kotlin.coroutines.ContinuationInterceptor$Key
7946:             1             16  kotlin.coroutines.ContinuationInterceptor$Key
7947:             1             16  kotlin.coroutines.ContinuationInterceptor$Key
7948:             1             16  kotlin.coroutines.CoroutineContext$plus$1
7949:             1             16  kotlin.coroutines.CoroutineContext$plus$1
7950:             1             16  kotlin.coroutines.CoroutineContext$plus$1
7951:             1             16  kotlin.coroutines.CoroutineContext$plus$1
7952:             1             16  kotlin.coroutines.CoroutineContext$plus$1
7953:             1             16  kotlin.coroutines.CoroutineContext$plus$1
7954:             1             16  kotlin.coroutines.EmptyCoroutineContext
7955:             1             16  kotlin.coroutines.EmptyCoroutineContext
7956:             1             16  kotlin.coroutines.EmptyCoroutineContext
7957:             1             16  kotlin.coroutines.EmptyCoroutineContext
7958:             1             16  kotlin.coroutines.EmptyCoroutineContext
7959:             1             16  kotlin.coroutines.EmptyCoroutineContext
7960:             1             16  kotlin.coroutines.jvm.internal.CompletedContinuation
7961:             1             16  kotlin.internal.jdk8.JDK8PlatformImplementations
7962:             1             16  kotlin.internal.jdk8.JDK8PlatformImplementations$ReflectSdkVersion
7963:             1             16  kotlin.jvm.internal.ClassReference$Companion
7964:             1             16  kotlin.jvm.internal.ReflectionFactory
7965:             1             16  kotlin.random.Random$Default
7966:             1             16  kotlin.random.jdk8.PlatformThreadLocalRandom
7967:             1             16  kotlin.ranges.IntProgression$Companion
7968:             1             16  kotlin.ranges.IntProgression$Companion
7969:             1             16  kotlin.ranges.IntProgression$Companion
7970:             1             16  kotlin.ranges.IntRange$Companion
7971:             1             16  kotlin.ranges.IntRange$Companion
7972:             1             16  kotlin.ranges.IntRange$Companion
7973:             1             16  kotlin.text.Charsets
7974:             1             16  kotlin.text.Charsets
7975:             1             16  kotlin.text.Charsets
7976:             1             16  kotlin.text.Charsets
7977:             1             16  kotlinx.coroutines.CoroutineDispatcher$Key$1
7978:             1             16  kotlinx.coroutines.CoroutineDispatcher$Key$1
7979:             1             16  kotlinx.coroutines.CoroutineDispatcher$Key$1
7980:             1             16  kotlinx.coroutines.CoroutineDispatcher$Key$1
7981:             1             16  kotlinx.coroutines.CoroutineDispatcher$Key$1
7982:             1             16  kotlinx.coroutines.CoroutineExceptionHandler$Key
7983:             1             16  kotlinx.coroutines.CoroutineExceptionHandler$Key
7984:             1             16  kotlinx.coroutines.CoroutineExceptionHandler$Key
7985:             1             16  kotlinx.coroutines.CoroutineExceptionHandler$Key
7986:             1             16  kotlinx.coroutines.CoroutineExceptionHandler$Key
7987:             1             16  kotlinx.coroutines.CoroutineExceptionHandler$Key
7988:             1             16  kotlinx.coroutines.CoroutineName$Key
7989:             1             16  kotlinx.coroutines.CoroutineName$Key
7990:             1             16  kotlinx.coroutines.Dispatchers
7991:             1             16  kotlinx.coroutines.Dispatchers
7992:             1             16  kotlinx.coroutines.Dispatchers
7993:             1             16  kotlinx.coroutines.Dispatchers
7994:             1             16  kotlinx.coroutines.Dispatchers
7995:             1             16  kotlinx.coroutines.ExecutorCoroutineDispatcher$Key$1
7996:             1             16  kotlinx.coroutines.ExecutorCoroutineDispatcher$Key$1
7997:             1             16  kotlinx.coroutines.ExecutorCoroutineDispatcher$Key$1
7998:             1             16  kotlinx.coroutines.ExecutorCoroutineDispatcher$Key$1
7999:             1             16  kotlinx.coroutines.ExecutorCoroutineDispatcher$Key$1
8000:             1             16  kotlinx.coroutines.GlobalScope
8001:             1             16  kotlinx.coroutines.Job$Key
8002:             1             16  kotlinx.coroutines.Job$Key
8003:             1             16  kotlinx.coroutines.Job$Key
8004:             1             16  kotlinx.coroutines.Job$Key
8005:             1             16  kotlinx.coroutines.Job$Key
8006:             1             16  kotlinx.coroutines.Job$Key
8007:             1             16  kotlinx.coroutines.NonDisposableHandle
8008:             1             16  kotlinx.coroutines.NonDisposableHandle
8009:             1             16  kotlinx.coroutines.NonDisposableHandle
8010:             1             16  kotlinx.coroutines.NonDisposableHandle
8011:             1             16  kotlinx.coroutines.NonDisposableHandle
8012:             1             16  kotlinx.coroutines.NonDisposableHandle
8013:             1             16  kotlinx.coroutines.Unconfined
8014:             1             16  kotlinx.coroutines.Unconfined
8015:             1             16  kotlinx.coroutines.Unconfined
8016:             1             16  kotlinx.coroutines.Unconfined
8017:             1             16  kotlinx.coroutines.Unconfined
8018:             1             16  kotlinx.coroutines.internal.ContextScope
8019:             1             16  kotlinx.coroutines.internal.ContextScope
8020:             1             16  kotlinx.coroutines.internal.ContextScope
8021:             1             16  kotlinx.coroutines.internal.LockFreeTaskQueueCore$Companion
8022:             1             16  kotlinx.coroutines.internal.LockFreeTaskQueueCore$Companion
8023:             1             16  kotlinx.coroutines.internal.LockFreeTaskQueueCore$Companion
8024:             1             16  kotlinx.coroutines.internal.LockFreeTaskQueueCore$Companion
8025:             1             16  kotlinx.coroutines.internal.LockFreeTaskQueueCore$Companion
8026:             1             16  kotlinx.coroutines.internal.ThreadContextKt$countAll$1
8027:             1             16  kotlinx.coroutines.internal.ThreadContextKt$findOne$1
8028:             1             16  kotlinx.coroutines.internal.ThreadContextKt$restoreState$1
8029:             1             16  kotlinx.coroutines.internal.ThreadContextKt$updateState$1
8030:             1             16  kotlinx.coroutines.scheduling.CoroutineScheduler$Companion
8031:             1             16  kotlinx.coroutines.scheduling.CoroutineScheduler$Companion
8032:             1             16  kotlinx.coroutines.scheduling.CoroutineScheduler$Companion
8033:             1             16  kotlinx.coroutines.scheduling.CoroutineScheduler$Companion
8034:             1             16  kotlinx.coroutines.scheduling.CoroutineScheduler$Companion
8035:             1             16  kotlinx.coroutines.scheduling.GlobalQueue
8036:             1             16  kotlinx.coroutines.scheduling.NanoTimeSource
8037:             1             16  kotlinx.coroutines.scheduling.NanoTimeSource
8038:             1             16  kotlinx.coroutines.scheduling.NanoTimeSource
8039:             1             16  kotlinx.coroutines.scheduling.NanoTimeSource
8040:             1             16  kotlinx.coroutines.scheduling.NanoTimeSource
8041:             1             16  kotlinx.coroutines.scheduling.NonBlockingContext
8042:             1             16  org.apache.commons.pool2.impl.BaseGenericObjectPool$StatsStore$$Lambda/0x00007fcd289c0d68
8043:             1             16  org.apache.commons.pool2.impl.DefaultEvictionPolicy
8044:             1             16  org.apache.commons.pool2.impl.EvictionTimer$EvictorThreadFactory
8045:             1             16  org.apache.commons.pool2.impl.EvictionTimer$Reaper
8046:             1             16  org.apache.commons.pool2.impl.EvictionTimer$WeakRunner
8047:             1             16  org.apache.commons.pool2.impl.InterruptibleReentrantLock
8048:             1             16  org.apache.logging.log4j.LogBuilder$1
8049:             1             16  org.apache.logging.log4j.ThreadContext$EmptyIterator
8050:             1             16  org.apache.logging.log4j.ThreadContext$EmptyThreadContextStack
8051:             1             16  org.apache.logging.log4j.core.LoggerContext$$Lambda/0x00007fcd2819afb0
8052:             1             16  org.apache.logging.log4j.core.appender.ConsoleAppender$ConsoleManagerFactory
8053:             1             16  org.apache.logging.log4j.core.appender.FileManager$FileManagerFactory
8054:             1             16  org.apache.logging.log4j.core.appender.rolling.RollingFileManager$RollingFileManagerFactory
8055:             1             16  org.apache.logging.log4j.core.config.ConfigurationFactory$Factory
8056:             1             16  org.apache.logging.log4j.core.config.composite.DefaultMergeStrategy
8057:             1             16  org.apache.logging.log4j.core.config.plugins.convert.EnumConverter
8058:             1             16  org.apache.logging.log4j.core.config.plugins.convert.TypeConverterRegistry
8059:             1             16  org.apache.logging.log4j.core.config.plugins.convert.TypeConverters$BigDecimalConverter
8060:             1             16  org.apache.logging.log4j.core.config.plugins.convert.TypeConverters$BigIntegerConverter
8061:             1             16  org.apache.logging.log4j.core.config.plugins.convert.TypeConverters$BooleanConverter
8062:             1             16  org.apache.logging.log4j.core.config.plugins.convert.TypeConverters$ByteArrayConverter
8063:             1             16  org.apache.logging.log4j.core.config.plugins.convert.TypeConverters$ByteConverter
8064:             1             16  org.apache.logging.log4j.core.config.plugins.convert.TypeConverters$CharArrayConverter
8065:             1             16  org.apache.logging.log4j.core.config.plugins.convert.TypeConverters$CharacterConverter
8066:             1             16  org.apache.logging.log4j.core.config.plugins.convert.TypeConverters$CharsetConverter
8067:             1             16  org.apache.logging.log4j.core.config.plugins.convert.TypeConverters$ClassConverter
8068:             1             16  org.apache.logging.log4j.core.config.plugins.convert.TypeConverters$CronExpressionConverter
8069:             1             16  org.apache.logging.log4j.core.config.plugins.convert.TypeConverters$DoubleConverter
8070:             1             16  org.apache.logging.log4j.core.config.plugins.convert.TypeConverters$DurationConverter
8071:             1             16  org.apache.logging.log4j.core.config.plugins.convert.TypeConverters$FileConverter
8072:             1             16  org.apache.logging.log4j.core.config.plugins.convert.TypeConverters$FloatConverter
8073:             1             16  org.apache.logging.log4j.core.config.plugins.convert.TypeConverters$InetAddressConverter
8074:             1             16  org.apache.logging.log4j.core.config.plugins.convert.TypeConverters$IntegerConverter
8075:             1             16  org.apache.logging.log4j.core.config.plugins.convert.TypeConverters$LevelConverter
8076:             1             16  org.apache.logging.log4j.core.config.plugins.convert.TypeConverters$LongConverter
8077:             1             16  org.apache.logging.log4j.core.config.plugins.convert.TypeConverters$PathConverter
8078:             1             16  org.apache.logging.log4j.core.config.plugins.convert.TypeConverters$PatternConverter
8079:             1             16  org.apache.logging.log4j.core.config.plugins.convert.TypeConverters$SecurityProviderConverter
8080:             1             16  org.apache.logging.log4j.core.config.plugins.convert.TypeConverters$ShortConverter
8081:             1             16  org.apache.logging.log4j.core.config.plugins.convert.TypeConverters$StringConverter
8082:             1             16  org.apache.logging.log4j.core.config.plugins.convert.TypeConverters$UriConverter
8083:             1             16  org.apache.logging.log4j.core.config.plugins.convert.TypeConverters$UrlConverter
8084:             1             16  org.apache.logging.log4j.core.config.plugins.convert.TypeConverters$UuidConverter
8085:             1             16  org.apache.logging.log4j.core.config.plugins.processor.PluginCache$$Lambda/0x00007fcd2810c430
8086:             1             16  org.apache.logging.log4j.core.impl.ReusableLogEventFactory
8087:             1             16  org.apache.logging.log4j.core.impl.ThreadContextDataProvider
8088:             1             16  org.apache.logging.log4j.core.lookup.StrMatcher$NoMatcher
8089:             1             16  org.apache.logging.log4j.core.lookup.StrMatcher$TrimMatcher
8090:             1             16  org.apache.logging.log4j.core.net.JndiManager$JndiManagerFactory
8091:             1             16  org.apache.logging.log4j.core.pattern.NameAbbreviator$NOPAbbreviator
8092:             1             16  org.apache.logging.log4j.core.pattern.PlainTextRenderer
8093:             1             16  org.apache.logging.log4j.core.selector.ClassLoaderContextSelector
8094:             1             16  org.apache.logging.log4j.core.util.CloseShieldOutputStream
8095:             1             16  org.apache.logging.log4j.core.util.datetime.FastDateFormat$1
8096:             1             16  org.apache.logging.log4j.core.util.datetime.FastDateParser$$Lambda/0x00007fcd281ab908
8097:             1             16  org.apache.logging.log4j.core.util.datetime.FastDateParser$1
8098:             1             16  org.apache.logging.log4j.core.util.datetime.FastDateParser$2
8099:             1             16  org.apache.logging.log4j.core.util.datetime.FastDateParser$3
8100:             1             16  org.apache.logging.log4j.core.util.datetime.FastDateParser$4
8101:             1             16  org.apache.logging.log4j.core.util.datetime.FastDateParser$5
8102:             1             16  org.apache.logging.log4j.core.util.datetime.FastDatePrinter$TwoDigitMonthField
8103:             1             16  org.apache.logging.log4j.jul.LogManager$$Lambda/0x00007fcd281c2390
8104:             1             16  org.apache.logging.log4j.message.MessageFormatMessageFactory
8105:             1             16  org.apache.logging.log4j.message.ParameterizedMessage$$Lambda/0x00007fcd2819f510
8106:             1             16  org.apache.logging.log4j.message.ParameterizedNoReferenceMessageFactory
8107:             1             16  org.apache.logging.log4j.spi.AbstractLogger$$Lambda/0x00007fcd28013250
8108:             1             16  org.apache.logging.log4j.spi.CopyOnWriteSortedArrayThreadContextMap
8109:             1             16  org.apache.logging.log4j.spi.DefaultThreadContextStack
8110:             1             16  org.apache.logging.log4j.spi.LoggerRegistry$ConcurrentMapFactory
8111:             1             16  org.apache.logging.log4j.status.SimpleLoggerFactory
8112:             1             16  org.apache.logging.log4j.util.LoaderUtil$ThreadContextClassLoaderGetter
8113:             1             16  org.apache.logging.log4j.util.PropertiesUtil$Environment$$Lambda/0x00007fcd280108c8
8114:             1             16  org.apache.logging.log4j.util.PropertiesUtil$Environment$$Lambda/0x00007fcd28011a88
8115:             1             16  org.apache.logging.log4j.util.PropertiesUtil$Environment$$Lambda/0x00007fcd28011ef0
8116:             1             16  org.apache.logging.log4j.util.ProviderUtil
8117:             1             16  org.apache.logging.log4j.util.ProviderUtil$$Lambda/0x00007fcd2813fb70
8118:             1             16  org.apache.logging.log4j.util.SortedArrayStringMap$$Lambda/0x00007fcd2813e000
8119:             1             16  org.apache.logging.log4j.util.StackLocator
8120:             1             16  org.apache.logging.log4j.util.StackLocator$$Lambda/0x00007fcd28198b30
8121:             1             16  org.apache.logging.log4j.util.StackLocator$$Lambda/0x00007fcd281c6250
8122:             1             16  org.apache.logging.log4j.util.StackLocator$$Lambda/0x00007fcd2823f300
8123:             1             16  org.apache.logging.log4j.util.StackLocator$$Lambda/0x00007fcd288bfa90
8124:             1             16  org.apache.logging.log4j.util.Strings$$Lambda/0x00007fcd28005a40
8125:             1             16  org.apache.logging.slf4j.Log4jLoggerFactory$$Lambda/0x00007fcd28281a20
8126:             1             16  org.apache.logging.slf4j.Log4jLoggerFactory$$Lambda/0x00007fcd28ac7b98
8127:             1             16  org.apache.logging.slf4j.Log4jMarkerFactory
8128:             1             16  org.apache.logging.slf4j.Log4jMarkerFactory
8129:             1             16  org.apache.lucene.analysis.Analyzer$1
8130:             1             16  org.apache.lucene.analysis.Analyzer$2
8131:             1             16  org.apache.lucene.backward_codecs.compressing.CompressionMode$1
8132:             1             16  org.apache.lucene.backward_codecs.compressing.CompressionMode$2
8133:             1             16  org.apache.lucene.backward_codecs.compressing.CompressionMode$3
8134:             1             16  org.apache.lucene.backward_codecs.compressing.CompressionMode$4
8135:             1             16  org.apache.lucene.backward_codecs.lucene50.Lucene50PostingsFormat
8136:             1             16  org.apache.lucene.backward_codecs.lucene50.Lucene50StoredFieldsFormat$1
8137:             1             16  org.apache.lucene.backward_codecs.lucene50.Lucene50StoredFieldsFormat$2
8138:             1             16  org.apache.lucene.backward_codecs.lucene70.Lucene70DocValuesFormat
8139:             1             16  org.apache.lucene.backward_codecs.lucene70.Lucene70NormsFormat
8140:             1             16  org.apache.lucene.backward_codecs.lucene87.DeflateWithPresetDictCompressionMode
8141:             1             16  org.apache.lucene.backward_codecs.lucene87.LZ4WithPresetDictCompressionMode
8142:             1             16  org.apache.lucene.codecs.KnnVectorsFormat$1
8143:             1             16  org.apache.lucene.codecs.PointsFormat$1
8144:             1             16  org.apache.lucene.codecs.compressing.CompressionMode$1
8145:             1             16  org.apache.lucene.codecs.compressing.CompressionMode$2
8146:             1             16  org.apache.lucene.codecs.compressing.CompressionMode$3
8147:             1             16  org.apache.lucene.codecs.compressing.CompressionMode$4
8148:             1             16  org.apache.lucene.codecs.lucene90.DeflateWithPresetDictCompressionMode
8149:             1             16  org.apache.lucene.codecs.lucene90.LZ4WithPresetDictCompressionMode
8150:             1             16  org.apache.lucene.codecs.lucene90.Lucene90CompoundReader$$Lambda/0x00007fcd2850d598
8151:             1             16  org.apache.lucene.codecs.lucene90.Lucene90CompoundReader$$Lambda/0x00007fcd2850d7b0
8152:             1             16  org.apache.lucene.codecs.lucene99.Lucene99FlatVectorsFormat
8153:             1             16  org.apache.lucene.codecs.perfield.PerFieldPostingsFormat$FieldsWriter$$Lambda/0x00007fcd2939fbe8
8154:             1             16  org.apache.lucene.codecs.perfield.PerFieldPostingsFormat$FieldsWriter$$Lambda/0x00007fcd293a0000
8155:             1             16  org.apache.lucene.codecs.perfield.PerFieldPostingsFormat$FieldsWriter$$Lambda/0x00007fcd293a0238
8156:             1             16  org.apache.lucene.index.ConcurrentMergeScheduler$2
8157:             1             16  org.apache.lucene.index.DocumentsWriter$$Lambda/0x00007fcd290cda90
8158:             1             16  org.apache.lucene.index.DocumentsWriterDeleteQueue$$Lambda/0x00007fcd290c9be8
8159:             1             16  org.apache.lucene.index.FrozenBufferedUpdates$$Lambda/0x00007fcd290df9a0
8160:             1             16  org.apache.lucene.index.IndexWriter$$Lambda/0x00007fcd290e8a68
8161:             1             16  org.apache.lucene.index.IndexWriter$1$$Lambda/0x00007fcd290e3d58
8162:             1             16  org.apache.lucene.index.IndexWriter$4
8163:             1             16  org.apache.lucene.index.IndexWriter$5
8164:             1             16  org.apache.lucene.index.IndexWriterEventListener$1
8165:             1             16  org.apache.lucene.index.KeepOnlyLastCommitDeletionPolicy
8166:             1             16  org.apache.lucene.index.LockableConcurrentApproximatePriorityQueue$$Lambda/0x00007fcd290d2cc0
8167:             1             16  org.apache.lucene.index.MergePolicy$OneMerge$$Lambda/0x00007fcd29392c80
8168:             1             16  org.apache.lucene.index.MultiTermsEnum$1
8169:             1             16  org.apache.lucene.index.PrefixCodedTerms$$Lambda/0x00007fcd290dfbc8
8170:             1             16  org.apache.lucene.index.SegmentReader$3
8171:             1             16  org.apache.lucene.index.SerialMergeScheduler
8172:             1             16  org.apache.lucene.index.SlowCompositeCodecReaderWrapper$$Lambda/0x00007fcd2939a1e0
8173:             1             16  org.apache.lucene.index.SlowCompositeCodecReaderWrapper$$Lambda/0x00007fcd2939a3f8
8174:             1             16  org.apache.lucene.index.SlowImpactsEnum$1
8175:             1             16  org.apache.lucene.index.StandardDirectoryReader$$Lambda/0x00007fcd2851a3a0
8176:             1             16  org.apache.lucene.index.TermStates$1
8177:             1             16  org.apache.lucene.index.Terms$2
8178:             1             16  org.apache.lucene.index.TermsEnum$1
8179:             1             16  org.apache.lucene.index.TieredMergePolicy$$Lambda/0x00007fcd290e0c08
8180:             1             16  org.apache.lucene.index.TieredMergePolicy$$Lambda/0x00007fcd290e8430
8181:             1             16  org.apache.lucene.internal.tests.TestSecrets$$Lambda/0x00007fcd285052b0
8182:             1             16  org.apache.lucene.search.Boolean2ScorerSupplier$$Lambda/0x00007fcd293ce400
8183:             1             16  org.apache.lucene.search.Boolean2ScorerSupplier$$Lambda/0x00007fcd293ce618
8184:             1             16  org.apache.lucene.search.BooleanWeight$$Lambda/0x00007fcd293d8490
8185:             1             16  org.apache.lucene.search.BooleanWeight$$Lambda/0x00007fcd293d8b38
8186:             1             16  org.apache.lucene.search.BooleanWeight$$Lambda/0x00007fcd293d8d80
8187:             1             16  org.apache.lucene.search.BooleanWeight$$Lambda/0x00007fcd293d9408
8188:             1             16  org.apache.lucene.search.ConjunctionDISI$$Lambda/0x00007fcd293da7c8
8189:             1             16  org.apache.lucene.search.ConjunctionDISI$ConjunctionTwoPhaseIterator$$Lambda/0x00007fcd293dc8d0
8190:             1             16  org.apache.lucene.search.DocValuesRewriteMethod
8191:             1             16  org.apache.lucene.search.DoubleValues$2
8192:             1             16  org.apache.lucene.search.HitsThresholdChecker$1
8193:             1             16  org.apache.lucene.search.IndexSearcher$$Lambda/0x00007fcd29047bd0
8194:             1             16  org.apache.lucene.search.IndexSearcher$$Lambda/0x00007fcd290841f0
8195:             1             16  org.apache.lucene.search.IndexSearcher$LeafSlice$$Lambda/0x00007fcd29362380
8196:             1             16  org.apache.lucene.search.MultiTermQuery$1
8197:             1             16  org.apache.lucene.search.MultiTermQuery$2
8198:             1             16  org.apache.lucene.search.QueryVisitor$2
8199:             1             16  org.apache.lucene.search.ScorerUtil$$Lambda/0x00007fcd293cf120
8200:             1             16  org.apache.lucene.search.ScoringRewrite$1
8201:             1             16  org.apache.lucene.search.ScoringRewrite$2
8202:             1             16  org.apache.lucene.search.SortField$1
8203:             1             16  org.apache.lucene.search.SortField$2
8204:             1             16  org.apache.lucene.search.TaskExecutor$$Lambda/0x00007fcd288facc0
8205:             1             16  org.apache.lucene.search.TopDocs$$Lambda/0x00007fcd2872a150
8206:             1             16  org.apache.lucene.search.TopDocs$$Lambda/0x00007fcd2872a368
8207:             1             16  org.apache.lucene.search.similarities.AfterEffectB
8208:             1             16  org.apache.lucene.search.similarities.AfterEffectL
8209:             1             16  org.apache.lucene.search.similarities.BasicModelG
8210:             1             16  org.apache.lucene.search.similarities.BasicModelIF
8211:             1             16  org.apache.lucene.search.similarities.BasicModelIn
8212:             1             16  org.apache.lucene.search.similarities.BasicModelIne
8213:             1             16  org.apache.lucene.search.similarities.DistributionLL
8214:             1             16  org.apache.lucene.search.similarities.DistributionSPL
8215:             1             16  org.apache.lucene.search.similarities.IndependenceChiSquared
8216:             1             16  org.apache.lucene.search.similarities.IndependenceSaturated
8217:             1             16  org.apache.lucene.search.similarities.IndependenceStandardized
8218:             1             16  org.apache.lucene.search.similarities.LambdaDF
8219:             1             16  org.apache.lucene.search.similarities.LambdaTTF
8220:             1             16  org.apache.lucene.store.ByteBuffersDataInput$$Lambda/0x00007fcd290dcd70
8221:             1             16  org.apache.lucene.store.ByteBuffersDataOutput$$Lambda/0x00007fcd285137d0
8222:             1             16  org.apache.lucene.store.ByteBuffersDataOutput$$Lambda/0x00007fcd285139e8
8223:             1             16  org.apache.lucene.store.MMapDirectory$$Lambda/0x00007fcd284a6268
8224:             1             16  org.apache.lucene.store.MMapDirectory$$Lambda/0x00007fcd284a64b0
8225:             1             16  org.apache.lucene.store.MMapDirectory$$Lambda/0x00007fcd284a66f8
8226:             1             16  org.apache.lucene.store.MMapDirectory$$Lambda/0x00007fcd284a6940
8227:             1             16  org.apache.lucene.store.MMapDirectory$$Lambda/0x00007fcd284a6b58
8228:             1             16  org.apache.lucene.store.MemorySegmentIndexInputProvider
8229:             1             16  org.apache.lucene.store.NativeFSLockFactory
8230:             1             16  org.apache.lucene.util.Accountable$$Lambda/0x00007fcd28504c08
8231:             1             16  org.apache.lucene.util.ArrayUtil$$Lambda/0x00007fcd29315a78
8232:             1             16  org.apache.lucene.util.ArrayUtil$$Lambda/0x00007fcd2931d2d8
8233:             1             16  org.apache.lucene.util.AttributeFactory$DefaultAttributeFactory
8234:             1             16  org.apache.lucene.util.BytesRefComparator$1
8235:             1             16  org.apache.lucene.util.CharsRef$UTF16SortedAsUTF8Comparator
8236:             1             16  org.apache.lucene.util.Constants$$Lambda/0x00007fcd280c5800
8237:             1             16  org.apache.lucene.util.Constants$$Lambda/0x00007fcd280c5c58
8238:             1             16  org.apache.lucene.util.Constants$$Lambda/0x00007fcd280c5e90
8239:             1             16  org.apache.lucene.util.Constants$$Lambda/0x00007fcd280c60c8
8240:             1             16  org.apache.lucene.util.FileDeleter$$Lambda/0x00007fcd290cef50
8241:             1             16  org.apache.lucene.util.FileDeleter$$Lambda/0x00007fcd290cf400
8242:             1             16  org.apache.lucene.util.HotspotVMOptions$$Lambda/0x00007fcd280c5388
8243:             1             16  org.apache.lucene.util.IOUtils$$Lambda/0x00007fcd2851a5b8
8244:             1             16  org.apache.lucene.util.InfoStream$NoOutput
8245:             1             16  org.apache.lucene.util.LongValues$1
8246:             1             16  org.apache.lucene.util.LongValues$2
8247:             1             16  org.apache.lucene.util.PriorityQueue$$Lambda/0x00007fcd290e3520
8248:             1             16  org.apache.lucene.util.RamUsageEstimator$$Lambda/0x00007fcd281da9e0
8249:             1             16  org.apache.lucene.util.RamUsageEstimator$$Lambda/0x00007fcd281dac18
8250:             1             16  org.apache.lucene.util.UnicodeUtil$$Lambda/0x00007fcd280a08c0
8251:             1             16  org.apache.lucene.util.fst.ByteSequenceOutputs
8252:             1             16  org.apache.lucene.util.fst.FSTCompiler$NullFSTReader
8253:             1             16  org.bouncycastle.asn1.DERNull
8254:             1             16  org.bouncycastle.crypto.CryptoServicesRegistrar$1
8255:             1             16  org.bouncycastle.crypto.CryptoServicesRegistrar$ThreadLocalSecureRandomProvider
8256:             1             16  org.bouncycastle.jcajce.provider.asymmetric.COMPOSITE$CompositeKeyInfoConverter
8257:             1             16  org.bouncycastle.jcajce.provider.asymmetric.EXTERNAL$ExternalKeyInfoConverter
8258:             1             16  org.bouncycastle.jcajce.provider.asymmetric.dsa.KeyFactorySpi
8259:             1             16  org.bouncycastle.jcajce.provider.asymmetric.elgamal.KeyFactorySpi
8260:             1             16  org.bouncycastle.jcajce.provider.asymmetric.gost.KeyFactorySpi
8261:             1             16  org.bouncycastle.jcajce.provider.asymmetric.rsa.KeyFactorySpi
8262:             1             16  org.bouncycastle.jcajce.provider.drbg.EntropyDaemon
8263:             1             16  org.bouncycastle.pqc.jcajce.provider.lms.LMSKeyFactorySpi
8264:             1             16  org.bouncycastle.pqc.jcajce.provider.newhope.NHKeyFactorySpi
8265:             1             16  org.bouncycastle.pqc.jcajce.provider.picnic.PicnicKeyFactorySpi
8266:             1             16  org.bouncycastle.pqc.jcajce.provider.sphincs.Sphincs256KeyFactorySpi
8267:             1             16  org.greenrobot.eventbus.Logger$SystemOutLogger
8268:             1             16  org.jcodings.ObjPtr
8269:             1             16  org.joda.time.UTCDateTimeZone
8270:             1             16  org.joda.time.format.DateTimeFormatterBuilder$StringLiteral
8271:             1             16  org.joni.MatcherFactory$1
8272:             1             16  org.joni.Search$1
8273:             1             16  org.joni.Search$10
8274:             1             16  org.joni.Search$11
8275:             1             16  org.joni.Search$12
8276:             1             16  org.joni.Search$13
8277:             1             16  org.joni.Search$14
8278:             1             16  org.joni.Search$15
8279:             1             16  org.joni.Search$16
8280:             1             16  org.joni.Search$17
8281:             1             16  org.joni.Search$2
8282:             1             16  org.joni.Search$3
8283:             1             16  org.joni.Search$4
8284:             1             16  org.joni.Search$5
8285:             1             16  org.joni.Search$6
8286:             1             16  org.joni.Search$7
8287:             1             16  org.joni.Search$8
8288:             1             16  org.joni.Search$9
8289:             1             16  org.joni.WarnCallback$1
8290:             1             16  org.joni.WarnCallback$2
8291:             1             16  org.locationtech.jts.geom.impl.CoordinateArraySequenceFactory
8292:             1             16  org.locationtech.spatial4j.io.BinaryCodec
8293:             1             16  org.locationtech.spatial4j.io.GeoJSONWriter
8294:             1             16  org.locationtech.spatial4j.io.PolyshapeWriter
8295:             1             16  org.locationtech.spatial4j.io.WKTWriter
8296:             1             16  org.locationtech.spatial4j.io.jts.JtsGeoJSONWriter
8297:             1             16  org.locationtech.spatial4j.io.jts.JtsPolyshapeWriter
8298:             1             16  org.locationtech.spatial4j.io.jts.JtsWKTWriter
8299:             1             16  org.opensearch.OpenSearchException$$Lambda/0x00007fcd28712208
8300:             1             16  org.opensearch.OpenSearchException$$Lambda/0x00007fcd28712620
8301:             1             16  org.opensearch.OpenSearchException$$Lambda/0x00007fcd28712838
8302:             1             16  org.opensearch.OpenSearchException$$Lambda/0x00007fcd28712a50
8303:             1             16  org.opensearch.OpenSearchException$$Lambda/0x00007fcd28712ea8
8304:             1             16  org.opensearch.OpenSearchException$$Lambda/0x00007fcd287130c0
8305:             1             16  org.opensearch.OpenSearchServerException$$Lambda/0x00007fcd28cbb328
8306:             1             16  org.opensearch.OpenSearchServerException$$Lambda/0x00007fcd28cbb540
8307:             1             16  org.opensearch.OpenSearchServerException$$Lambda/0x00007fcd28cbbae8
8308:             1             16  org.opensearch.OpenSearchServerException$$Lambda/0x00007fcd28cbbd00
8309:             1             16  org.opensearch.OpenSearchServerException$$Lambda/0x00007fcd28cbbf18
8310:             1             16  org.opensearch.OpenSearchServerException$$Lambda/0x00007fcd28cbc130
8311:             1             16  org.opensearch.OpenSearchServerException$$Lambda/0x00007fcd28cbc348
8312:             1             16  org.opensearch.OpenSearchServerException$$Lambda/0x00007fcd28cbc900
8313:             1             16  org.opensearch.OpenSearchServerException$$Lambda/0x00007fcd28cbcb18
8314:             1             16  org.opensearch.OpenSearchServerException$$Lambda/0x00007fcd28cbd0c0
8315:             1             16  org.opensearch.OpenSearchServerException$$Lambda/0x00007fcd28cbd2d8
8316:             1             16  org.opensearch.OpenSearchServerException$$Lambda/0x00007fcd28cbd4f0
8317:             1             16  org.opensearch.OpenSearchServerException$$Lambda/0x00007fcd28cbda98
8318:             1             16  org.opensearch.OpenSearchServerException$$Lambda/0x00007fcd28cbdcb0
8319:             1             16  org.opensearch.OpenSearchServerException$$Lambda/0x00007fcd28cbdec8
8320:             1             16  org.opensearch.OpenSearchServerException$$Lambda/0x00007fcd28cbe0e0
8321:             1             16  org.opensearch.OpenSearchServerException$$Lambda/0x00007fcd28cbea20
8322:             1             16  org.opensearch.OpenSearchServerException$$Lambda/0x00007fcd28cbefe0
8323:             1             16  org.opensearch.OpenSearchServerException$$Lambda/0x00007fcd28cbf1f8
8324:             1             16  org.opensearch.OpenSearchServerException$$Lambda/0x00007fcd28cbf410
8325:             1             16  org.opensearch.OpenSearchServerException$$Lambda/0x00007fcd28cbf628
8326:             1             16  org.opensearch.OpenSearchServerException$$Lambda/0x00007fcd28cbfbd8
8327:             1             16  org.opensearch.OpenSearchServerException$$Lambda/0x00007fcd28cc0000
8328:             1             16  org.opensearch.OpenSearchServerException$$Lambda/0x00007fcd28cc0218
8329:             1             16  org.opensearch.OpenSearchServerException$$Lambda/0x00007fcd28cc0430
8330:             1             16  org.opensearch.OpenSearchServerException$$Lambda/0x00007fcd28cc0648
8331:             1             16  org.opensearch.OpenSearchServerException$$Lambda/0x00007fcd28cc0860
8332:             1             16  org.opensearch.OpenSearchServerException$$Lambda/0x00007fcd28cc0a78
8333:             1             16  org.opensearch.OpenSearchServerException$$Lambda/0x00007fcd28cc0c90
8334:             1             16  org.opensearch.OpenSearchServerException$$Lambda/0x00007fcd28cc1238
8335:             1             16  org.opensearch.OpenSearchServerException$$Lambda/0x00007fcd28cc1450
8336:             1             16  org.opensearch.OpenSearchServerException$$Lambda/0x00007fcd28cc1668
8337:             1             16  org.opensearch.OpenSearchServerException$$Lambda/0x00007fcd28cc1880
8338:             1             16  org.opensearch.OpenSearchServerException$$Lambda/0x00007fcd28cc1a98
8339:             1             16  org.opensearch.OpenSearchServerException$$Lambda/0x00007fcd28cc2050
8340:             1             16  org.opensearch.OpenSearchServerException$$Lambda/0x00007fcd28cc2600
8341:             1             16  org.opensearch.OpenSearchServerException$$Lambda/0x00007fcd28cc2bd8
8342:             1             16  org.opensearch.OpenSearchServerException$$Lambda/0x00007fcd28cc2df0
8343:             1             16  org.opensearch.OpenSearchServerException$$Lambda/0x00007fcd28cc3728
8344:             1             16  org.opensearch.OpenSearchServerException$$Lambda/0x00007fcd28cc3cd8
8345:             1             16  org.opensearch.OpenSearchServerException$$Lambda/0x00007fcd28cc4298
8346:             1             16  org.opensearch.OpenSearchServerException$$Lambda/0x00007fcd28cc44b0
8347:             1             16  org.opensearch.OpenSearchServerException$$Lambda/0x00007fcd28cc46c8
8348:             1             16  org.opensearch.OpenSearchServerException$$Lambda/0x00007fcd28cc4c90
8349:             1             16  org.opensearch.OpenSearchServerException$$Lambda/0x00007fcd28cc4ea8
8350:             1             16  org.opensearch.OpenSearchServerException$$Lambda/0x00007fcd28cc50c0
8351:             1             16  org.opensearch.OpenSearchServerException$$Lambda/0x00007fcd28cc5a08
8352:             1             16  org.opensearch.OpenSearchServerException$$Lambda/0x00007fcd28cc5c20
8353:             1             16  org.opensearch.OpenSearchServerException$$Lambda/0x00007fcd28cc61d0
8354:             1             16  org.opensearch.OpenSearchServerException$$Lambda/0x00007fcd28cc67a0
8355:             1             16  org.opensearch.OpenSearchServerException$$Lambda/0x00007fcd28cc6d48
8356:             1             16  org.opensearch.OpenSearchServerException$$Lambda/0x00007fcd28cc72f0
8357:             1             16  org.opensearch.OpenSearchServerException$$Lambda/0x00007fcd28cc78a0
8358:             1             16  org.opensearch.OpenSearchServerException$$Lambda/0x00007fcd28cc7ab8
8359:             1             16  org.opensearch.OpenSearchServerException$$Lambda/0x00007fcd28cc7cd0
8360:             1             16  org.opensearch.OpenSearchServerException$$Lambda/0x00007fcd28cc8000
8361:             1             16  org.opensearch.OpenSearchServerException$$Lambda/0x00007fcd28cc85a8
8362:             1             16  org.opensearch.OpenSearchServerException$$Lambda/0x00007fcd28cc8b80
8363:             1             16  org.opensearch.OpenSearchServerException$$Lambda/0x00007fcd28cc8d98
8364:             1             16  org.opensearch.OpenSearchServerException$$Lambda/0x00007fcd28cc8fb0
8365:             1             16  org.opensearch.OpenSearchServerException$$Lambda/0x00007fcd28cc91c8
8366:             1             16  org.opensearch.OpenSearchServerException$$Lambda/0x00007fcd28cc9770
8367:             1             16  org.opensearch.OpenSearchServerException$$Lambda/0x00007fcd28cc9d20
8368:             1             16  org.opensearch.OpenSearchServerException$$Lambda/0x00007fcd28cc9f38
8369:             1             16  org.opensearch.OpenSearchServerException$$Lambda/0x00007fcd28cca4e8
8370:             1             16  org.opensearch.OpenSearchServerException$$Lambda/0x00007fcd28cca700
8371:             1             16  org.opensearch.OpenSearchServerException$$Lambda/0x00007fcd28cca918
8372:             1             16  org.opensearch.OpenSearchServerException$$Lambda/0x00007fcd28ccab30
8373:             1             16  org.opensearch.OpenSearchServerException$$Lambda/0x00007fcd28ccb0e8
8374:             1             16  org.opensearch.OpenSearchServerException$$Lambda/0x00007fcd28ccb6a8
8375:             1             16  org.opensearch.OpenSearchServerException$$Lambda/0x00007fcd28ccb8c0
8376:             1             16  org.opensearch.OpenSearchServerException$$Lambda/0x00007fcd28ccbe70
8377:             1             16  org.opensearch.OpenSearchServerException$$Lambda/0x00007fcd28ccc418
8378:             1             16  org.opensearch.OpenSearchServerException$$Lambda/0x00007fcd28ccc630
8379:             1             16  org.opensearch.OpenSearchServerException$$Lambda/0x00007fcd28cccbd8
8380:             1             16  org.opensearch.OpenSearchServerException$$Lambda/0x00007fcd28ccd180
8381:             1             16  org.opensearch.OpenSearchServerException$$Lambda/0x00007fcd28ccd398
8382:             1             16  org.opensearch.OpenSearchServerException$$Lambda/0x00007fcd28ccd5b0
8383:             1             16  org.opensearch.OpenSearchServerException$$Lambda/0x00007fcd28ccd7c8
8384:             1             16  org.opensearch.OpenSearchServerException$$Lambda/0x00007fcd28ccdd78
8385:             1             16  org.opensearch.OpenSearchServerException$$Lambda/0x00007fcd28ccdf90
8386:             1             16  org.opensearch.OpenSearchServerException$$Lambda/0x00007fcd28cce1a8
8387:             1             16  org.opensearch.OpenSearchServerException$$Lambda/0x00007fcd28cce3c0
8388:             1             16  org.opensearch.OpenSearchServerException$$Lambda/0x00007fcd28cce5d8
8389:             1             16  org.opensearch.OpenSearchServerException$$Lambda/0x00007fcd28cceb80
8390:             1             16  org.opensearch.OpenSearchServerException$$Lambda/0x00007fcd28cced98
8391:             1             16  org.opensearch.OpenSearchServerException$$Lambda/0x00007fcd28ccf340
8392:             1             16  org.opensearch.OpenSearchServerException$$Lambda/0x00007fcd28ccf558
8393:             1             16  org.opensearch.OpenSearchServerException$$Lambda/0x00007fcd28ccfb00
8394:             1             16  org.opensearch.OpenSearchServerException$$Lambda/0x00007fcd28ccfd18
8395:             1             16  org.opensearch.OpenSearchServerException$$Lambda/0x00007fcd28cd0390
8396:             1             16  org.opensearch.OpenSearchServerException$$Lambda/0x00007fcd28cd0938
8397:             1             16  org.opensearch.OpenSearchServerException$$Lambda/0x00007fcd28cd0ee8
8398:             1             16  org.opensearch.OpenSearchServerException$$Lambda/0x00007fcd28cd1100
8399:             1             16  org.opensearch.OpenSearchServerException$$Lambda/0x00007fcd28cd1318
8400:             1             16  org.opensearch.OpenSearchServerException$$Lambda/0x00007fcd28cd18c0
8401:             1             16  org.opensearch.OpenSearchServerException$$Lambda/0x00007fcd28cd1ad8
8402:             1             16  org.opensearch.OpenSearchServerException$$Lambda/0x00007fcd28cd1cf0
8403:             1             16  org.opensearch.OpenSearchServerException$$Lambda/0x00007fcd28cd1f08
8404:             1             16  org.opensearch.OpenSearchServerException$$Lambda/0x00007fcd28cd2120
8405:             1             16  org.opensearch.OpenSearchServerException$$Lambda/0x00007fcd28cd2338
8406:             1             16  org.opensearch.OpenSearchServerException$$Lambda/0x00007fcd28cd2550
8407:             1             16  org.opensearch.OpenSearchServerException$$Lambda/0x00007fcd28cd2768
8408:             1             16  org.opensearch.OpenSearchServerException$$Lambda/0x00007fcd28cd2d10
8409:             1             16  org.opensearch.OpenSearchServerException$$Lambda/0x00007fcd28cd32b8
8410:             1             16  org.opensearch.OpenSearchServerException$$Lambda/0x00007fcd28cd3860
8411:             1             16  org.opensearch.OpenSearchServerException$$Lambda/0x00007fcd28cd3e08
8412:             1             16  org.opensearch.OpenSearchServerException$$Lambda/0x00007fcd28cd4020
8413:             1             16  org.opensearch.OpenSearchServerException$$Lambda/0x00007fcd28cd45c8
8414:             1             16  org.opensearch.OpenSearchServerException$$Lambda/0x00007fcd28cd4b70
8415:             1             16  org.opensearch.OpenSearchServerException$$Lambda/0x00007fcd28cd5118
8416:             1             16  org.opensearch.OpenSearchServerException$$Lambda/0x00007fcd28cd5330
8417:             1             16  org.opensearch.OpenSearchServerException$$Lambda/0x00007fcd28cd5548
8418:             1             16  org.opensearch.OpenSearchServerException$$Lambda/0x00007fcd28cd5af0
8419:             1             16  org.opensearch.OpenSearchServerException$$Lambda/0x00007fcd28cd5d08
8420:             1             16  org.opensearch.OpenSearchServerException$$Lambda/0x00007fcd28cd5f20
8421:             1             16  org.opensearch.OpenSearchServerException$$Lambda/0x00007fcd28cd6138
8422:             1             16  org.opensearch.OpenSearchServerException$$Lambda/0x00007fcd28cd6350
8423:             1             16  org.opensearch.OpenSearchServerException$$Lambda/0x00007fcd28cd6568
8424:             1             16  org.opensearch.OpenSearchServerException$$Lambda/0x00007fcd28cd6780
8425:             1             16  org.opensearch.OpenSearchServerException$$Lambda/0x00007fcd28cd6998
8426:             1             16  org.opensearch.OpenSearchServerException$$Lambda/0x00007fcd28cd6bb0
8427:             1             16  org.opensearch.OpenSearchServerException$$Lambda/0x00007fcd28cd7158
8428:             1             16  org.opensearch.OpenSearchServerException$$Lambda/0x00007fcd28cd7700
8429:             1             16  org.opensearch.OpenSearchServerException$$Lambda/0x00007fcd28cd7cb0
8430:             1             16  org.opensearch.OpenSearchServerException$$Lambda/0x00007fcd28cd8390
8431:             1             16  org.opensearch.OpenSearchServerException$$Lambda/0x00007fcd28cd8950
8432:             1             16  org.opensearch.OpenSearchServerException$$Lambda/0x00007fcd28cd8ef8
8433:             1             16  org.opensearch.OpenSearchServerException$$Lambda/0x00007fcd28cd9110
8434:             1             16  org.opensearch.OpenSearchServerException$$Lambda/0x00007fcd28cd9328
8435:             1             16  org.opensearch.OpenSearchServerException$$Lambda/0x00007fcd28cd9540
8436:             1             16  org.opensearch.OpenSearchServerException$$Lambda/0x00007fcd28cd9af0
8437:             1             16  org.opensearch.OpenSearchServerException$$Lambda/0x00007fcd28cda0a0
8438:             1             16  org.opensearch.OpenSearchServerException$$Lambda/0x00007fcd28cda648
8439:             1             16  org.opensearch.OpenSearchServerException$$Lambda/0x00007fcd28cda860
8440:             1             16  org.opensearch.OpenSearchServerException$$Lambda/0x00007fcd28cdae18
8441:             1             16  org.opensearch.OpenSearchServerException$$Lambda/0x00007fcd28cdb3c0
8442:             1             16  org.opensearch.OpenSearchServerException$$Lambda/0x00007fcd28cdb5d8
8443:             1             16  org.opensearch.OpenSearchServerException$$Lambda/0x00007fcd28cdbb80
8444:             1             16  org.opensearch.OpenSearchServerException$$Lambda/0x00007fcd28cdc140
8445:             1             16  org.opensearch.OpenSearchServerException$$Lambda/0x00007fcd28cdc6f8
8446:             1             16  org.opensearch.OpenSearchServerException$$Lambda/0x00007fcd28cdccb0
8447:             1             16  org.opensearch.action.ActionModule$$Lambda/0x00007fcd28bfb960
8448:             1             16  org.opensearch.action.ActionModule$$Lambda/0x00007fcd28c97570
8449:             1             16  org.opensearch.action.ActionModule$$Lambda/0x00007fcd28c98230
8450:             1             16  org.opensearch.action.ActionModule$$Lambda/0x00007fcd28c98880
8451:             1             16  org.opensearch.action.ActionModule$$Lambda/0x00007fcd28c98ab8
8452:             1             16  org.opensearch.action.ActionRunnable$$Lambda/0x00007fcd291c21a8
8453:             1             16  org.opensearch.action.admin.cluster.allocation.ClusterAllocationExplainAction$$Lambda/0x00007fcd28bd2818
8454:             1             16  org.opensearch.action.admin.cluster.allocation.TransportClusterAllocationExplainAction$$Lambda/0x00007fcd28f7d920
8455:             1             16  org.opensearch.action.admin.cluster.configuration.AddVotingConfigExclusionsAction$$Lambda/0x00007fcd28bd1c98
8456:             1             16  org.opensearch.action.admin.cluster.configuration.ClearVotingConfigExclusionsAction$$Lambda/0x00007fcd28bd2138
8457:             1             16  org.opensearch.action.admin.cluster.configuration.TransportAddVotingConfigExclusionsAction$$Lambda/0x00007fcd28e77080
8458:             1             16  org.opensearch.action.admin.cluster.configuration.TransportAddVotingConfigExclusionsAction$$Lambda/0x00007fcd28e77298
8459:             1             16  org.opensearch.action.admin.cluster.configuration.TransportClearVotingConfigExclusionsAction$$Lambda/0x00007fcd28f7cea8
8460:             1             16  org.opensearch.action.admin.cluster.decommission.awareness.delete.DeleteDecommissionStateAction$$Lambda/0x00007fcd28c95e20
8461:             1             16  org.opensearch.action.admin.cluster.decommission.awareness.delete.TransportDeleteDecommissionStateAction$$Lambda/0x00007fcd28efe3b0
8462:             1             16  org.opensearch.action.admin.cluster.decommission.awareness.get.GetDecommissionStateAction$$Lambda/0x00007fcd28c956f8
8463:             1             16  org.opensearch.action.admin.cluster.decommission.awareness.get.TransportGetDecommissionStateAction$$Lambda/0x00007fcd28e0d970
8464:             1             16  org.opensearch.action.admin.cluster.decommission.awareness.put.DecommissionAction$$Lambda/0x00007fcd28c94fc0
8465:             1             16  org.opensearch.action.admin.cluster.decommission.awareness.put.TransportDecommissionAction$$Lambda/0x00007fcd28e22258
8466:             1             16  org.opensearch.action.admin.cluster.health.ClusterHealthAction$$Lambda/0x00007fcd28bd4790
8467:             1             16  org.opensearch.action.admin.cluster.health.TransportClusterHealthAction$$Lambda/0x00007fcd28edc240
8468:             1             16  org.opensearch.action.admin.cluster.node.hotthreads.NodesHotThreadsAction$$Lambda/0x00007fcd28bc9c60
8469:             1             16  org.opensearch.action.admin.cluster.node.hotthreads.TransportNodesHotThreadsAction$$Lambda/0x00007fcd28f7c860
8470:             1             16  org.opensearch.action.admin.cluster.node.hotthreads.TransportNodesHotThreadsAction$$Lambda/0x00007fcd28f7ca78
8471:             1             16  org.opensearch.action.admin.cluster.node.info.NodeInfo$$Lambda/0x00007fcd291b9000
8472:             1             16  org.opensearch.action.admin.cluster.node.info.NodeInfo$$Lambda/0x00007fcd291b9218
8473:             1             16  org.opensearch.action.admin.cluster.node.info.NodeInfo$$Lambda/0x00007fcd291b9430
8474:             1             16  org.opensearch.action.admin.cluster.node.info.NodeInfo$$Lambda/0x00007fcd291b9648
8475:             1             16  org.opensearch.action.admin.cluster.node.info.NodeInfo$$Lambda/0x00007fcd291b9860
8476:             1             16  org.opensearch.action.admin.cluster.node.info.NodeInfo$$Lambda/0x00007fcd291b9a78
8477:             1             16  org.opensearch.action.admin.cluster.node.info.NodeInfo$$Lambda/0x00007fcd291b9c90
8478:             1             16  org.opensearch.action.admin.cluster.node.info.NodeInfo$$Lambda/0x00007fcd291c0a78
8479:             1             16  org.opensearch.action.admin.cluster.node.info.NodeInfo$$Lambda/0x00007fcd291c10c0
8480:             1             16  org.opensearch.action.admin.cluster.node.info.NodeInfo$$Lambda/0x00007fcd291c1708
8481:             1             16  org.opensearch.action.admin.cluster.node.info.NodesInfoAction$$Lambda/0x00007fcd28bca000
8482:             1             16  org.opensearch.action.admin.cluster.node.info.NodesInfoRequest$Metric$$Lambda/0x00007fcd28fc4ee0
8483:             1             16  org.opensearch.action.admin.cluster.node.info.PluginsAndModules$$Lambda/0x00007fcd2845e1f0
8484:             1             16  org.opensearch.action.admin.cluster.node.info.PluginsAndModules$$Lambda/0x00007fcd2845e660
8485:             1             16  org.opensearch.action.admin.cluster.node.info.PluginsAndModules$$Lambda/0x00007fcd291c0218
8486:             1             16  org.opensearch.action.admin.cluster.node.info.PluginsAndModules$$Lambda/0x00007fcd291c0430
8487:             1             16  org.opensearch.action.admin.cluster.node.info.TransportNodesInfoAction$$Lambda/0x00007fcd28efcc90
8488:             1             16  org.opensearch.action.admin.cluster.node.info.TransportNodesInfoAction$$Lambda/0x00007fcd28efcea8
8489:             1             16  org.opensearch.action.admin.cluster.node.liveness.TransportLivenessAction
8490:             1             16  org.opensearch.action.admin.cluster.node.liveness.TransportLivenessAction$$Lambda/0x00007fcd28ddca58
8491:             1             16  org.opensearch.action.admin.cluster.node.reload.NodesReloadSecureSettingsAction$$Lambda/0x00007fcd28bf6e38
8492:             1             16  org.opensearch.action.admin.cluster.node.reload.TransportNodesReloadSecureSettingsAction$$Lambda/0x00007fcd28f7d0c0
8493:             1             16  org.opensearch.action.admin.cluster.node.reload.TransportNodesReloadSecureSettingsAction$$Lambda/0x00007fcd28f7d2d8
8494:             1             16  org.opensearch.action.admin.cluster.node.stats.NodesStatsAction$$Lambda/0x00007fcd28bcb050
8495:             1             16  org.opensearch.action.admin.cluster.node.stats.TransportNodesStatsAction$$Lambda/0x00007fcd28ede488
8496:             1             16  org.opensearch.action.admin.cluster.node.stats.TransportNodesStatsAction$$Lambda/0x00007fcd28ede6a0
8497:             1             16  org.opensearch.action.admin.cluster.node.tasks.cancel.CancelTasksAction$$Lambda/0x00007fcd28bd1820
8498:             1             16  org.opensearch.action.admin.cluster.node.tasks.cancel.TransportCancelTasksAction$$Lambda/0x00007fcd28f2cea8
8499:             1             16  org.opensearch.action.admin.cluster.node.tasks.cancel.TransportCancelTasksAction$$Lambda/0x00007fcd28f2d0c0
8500:             1             16  org.opensearch.action.admin.cluster.node.tasks.cancel.TransportCancelTasksAction$$Lambda/0x00007fcd28f2d2d8
8501:             1             16  org.opensearch.action.admin.cluster.node.tasks.get.GetTaskAction$$Lambda/0x00007fcd28bd10f8
8502:             1             16  org.opensearch.action.admin.cluster.node.tasks.get.TransportGetTaskAction$$Lambda/0x00007fcd28f5f9a0
8503:             1             16  org.opensearch.action.admin.cluster.node.tasks.list.ListTasksAction$$Lambda/0x00007fcd28bd07a8
8504:             1             16  org.opensearch.action.admin.cluster.node.tasks.list.TransportListTasksAction$$Lambda/0x00007fcd28edfbb0
8505:             1             16  org.opensearch.action.admin.cluster.node.tasks.list.TransportListTasksAction$$Lambda/0x00007fcd28edfdc8
8506:             1             16  org.opensearch.action.admin.cluster.node.tasks.list.TransportListTasksAction$$Lambda/0x00007fcd28efc000
8507:             1             16  org.opensearch.action.admin.cluster.node.tasks.list.TransportListTasksAction$$Lambda/0x00007fcd2924c240
8508:             1             16  org.opensearch.action.admin.cluster.node.usage.NodesUsageAction$$Lambda/0x00007fcd28bc9558
8509:             1             16  org.opensearch.action.admin.cluster.node.usage.TransportNodesUsageAction$$Lambda/0x00007fcd28f2ef48
8510:             1             16  org.opensearch.action.admin.cluster.node.usage.TransportNodesUsageAction$$Lambda/0x00007fcd28f2f160
8511:             1             16  org.opensearch.action.admin.cluster.remote.RemoteInfoAction$$Lambda/0x00007fcd28bca968
8512:             1             16  org.opensearch.action.admin.cluster.remote.TransportRemoteInfoAction$$Lambda/0x00007fcd28efc430
8513:             1             16  org.opensearch.action.admin.cluster.remotestore.restore.RestoreRemoteStoreAction$$Lambda/0x00007fcd28c92e98
8514:             1             16  org.opensearch.action.admin.cluster.remotestore.restore.TransportRestoreRemoteStoreAction$$Lambda/0x00007fcd28f5f788
8515:             1             16  org.opensearch.action.admin.cluster.remotestore.stats.RemoteStoreStatsAction$$Lambda/0x00007fcd28bcba70
8516:             1             16  org.opensearch.action.admin.cluster.remotestore.stats.TransportRemoteStoreStatsAction$$Lambda/0x00007fcd28edf998
8517:             1             16  org.opensearch.action.admin.cluster.repositories.cleanup.CleanupRepositoryAction$$Lambda/0x00007fcd28bd8508
8518:             1             16  org.opensearch.action.admin.cluster.repositories.cleanup.TransportCleanupRepositoryAction$$Lambda/0x00007fcd28f7e398
8519:             1             16  org.opensearch.action.admin.cluster.repositories.cleanup.TransportCleanupRepositoryAction$$Lambda/0x00007fcd28f7e5b0
8520:             1             16  org.opensearch.action.admin.cluster.repositories.delete.DeleteRepositoryAction$$Lambda/0x00007fcd28bd7540
8521:             1             16  org.opensearch.action.admin.cluster.repositories.delete.TransportDeleteRepositoryAction$$Lambda/0x00007fcd28f2cc90
8522:             1             16  org.opensearch.action.admin.cluster.repositories.get.GetRepositoriesAction$$Lambda/0x00007fcd28bd70a0
8523:             1             16  org.opensearch.action.admin.cluster.repositories.get.TransportGetRepositoriesAction$$Lambda/0x00007fcd28e74ec0
8524:             1             16  org.opensearch.action.admin.cluster.repositories.put.PutRepositoryAction$$Lambda/0x00007fcd28bd6970
8525:             1             16  org.opensearch.action.admin.cluster.repositories.put.TransportPutRepositoryAction$$Lambda/0x00007fcd28e23bb0
8526:             1             16  org.opensearch.action.admin.cluster.repositories.verify.TransportVerifyRepositoryAction$$Lambda/0x00007fcd28e76a38
8527:             1             16  org.opensearch.action.admin.cluster.repositories.verify.VerifyRepositoryAction$$Lambda/0x00007fcd28bd7c78
8528:             1             16  org.opensearch.action.admin.cluster.reroute.ClusterRerouteAction$$Lambda/0x00007fcd28bd5618
8529:             1             16  org.opensearch.action.admin.cluster.reroute.TransportClusterRerouteAction$$Lambda/0x00007fcd28f5eaf8
8530:             1             16  org.opensearch.action.admin.cluster.settings.ClusterUpdateSettingsAction$$Lambda/0x00007fcd28bd4ed0
8531:             1             16  org.opensearch.action.admin.cluster.settings.TransportClusterUpdateSettingsAction$$Lambda/0x00007fcd28edd3c8
8532:             1             16  org.opensearch.action.admin.cluster.shards.ClusterSearchShardsAction$$Lambda/0x00007fcd28bd5d58
8533:             1             16  org.opensearch.action.admin.cluster.shards.TransportClusterSearchShardsAction$$Lambda/0x00007fcd28f5ed10
8534:             1             16  org.opensearch.action.admin.cluster.shards.routing.weighted.delete.ClusterDeleteWeightedRoutingAction$$Lambda/0x00007fcd28bdc088
8535:             1             16  org.opensearch.action.admin.cluster.shards.routing.weighted.delete.TransportDeleteWeightedRoutingAction$$Lambda/0x00007fcd28e23350
8536:             1             16  org.opensearch.action.admin.cluster.shards.routing.weighted.get.ClusterGetWeightedRoutingAction$$Lambda/0x00007fcd28bdb960
8537:             1             16  org.opensearch.action.admin.cluster.shards.routing.weighted.get.TransportGetWeightedRoutingAction$$Lambda/0x00007fcd28efd2d8
8538:             1             16  org.opensearch.action.admin.cluster.shards.routing.weighted.put.ClusterAddWeightedRoutingAction$$Lambda/0x00007fcd28bdb210
8539:             1             16  org.opensearch.action.admin.cluster.shards.routing.weighted.put.TransportAddWeightedRoutingAction$$Lambda/0x00007fcd28e774c8
8540:             1             16  org.opensearch.action.admin.cluster.snapshots.clone.CloneSnapshotAction$$Lambda/0x00007fcd28bd9c98
8541:             1             16  org.opensearch.action.admin.cluster.snapshots.clone.TransportCloneSnapshotAction$$Lambda/0x00007fcd28f2d4f0
8542:             1             16  org.opensearch.action.admin.cluster.snapshots.create.CreateSnapshotAction$$Lambda/0x00007fcd28bd97f8
8543:             1             16  org.opensearch.action.admin.cluster.snapshots.create.TransportCreateSnapshotAction$$Lambda/0x00007fcd28e0cac0
8544:             1             16  org.opensearch.action.admin.cluster.snapshots.delete.DeleteSnapshotAction$$Lambda/0x00007fcd28bd90c0
8545:             1             16  org.opensearch.action.admin.cluster.snapshots.delete.TransportDeleteSnapshotAction$$Lambda/0x00007fcd28ddf170
8546:             1             16  org.opensearch.action.admin.cluster.snapshots.get.GetSnapshotsAction$$Lambda/0x00007fcd28bd8c20
8547:             1             16  org.opensearch.action.admin.cluster.snapshots.get.TransportGetSnapshotsAction$$Lambda/0x00007fcd28f5ef28
8548:             1             16  org.opensearch.action.admin.cluster.snapshots.restore.RestoreSnapshotAction$$Lambda/0x00007fcd28bda3b8
8549:             1             16  org.opensearch.action.admin.cluster.snapshots.restore.TransportRestoreSnapshotAction$$Lambda/0x00007fcd28e75530
8550:             1             16  org.opensearch.action.admin.cluster.snapshots.status.SnapshotsStatusAction$$Lambda/0x00007fcd28bdaae8
8551:             1             16  org.opensearch.action.admin.cluster.snapshots.status.TransportNodesSnapshotsStatus$$Lambda/0x00007fcd28cf28e0
8552:             1             16  org.opensearch.action.admin.cluster.snapshots.status.TransportNodesSnapshotsStatus$$Lambda/0x00007fcd28cf2dc0
8553:             1             16  org.opensearch.action.admin.cluster.snapshots.status.TransportNodesSnapshotsStatus$$Lambda/0x00007fcd28cf2fd8
8554:             1             16  org.opensearch.action.admin.cluster.snapshots.status.TransportSnapshotsStatusAction$$Lambda/0x00007fcd28e74878
8555:             1             16  org.opensearch.action.admin.cluster.state.ClusterStateAction$$Lambda/0x00007fcd28bd3438
8556:             1             16  org.opensearch.action.admin.cluster.state.ClusterStateResponse$$Lambda/0x00007fcd291d0d48
8557:             1             16  org.opensearch.action.admin.cluster.state.TransportClusterStateAction$$Lambda/0x00007fcd28e21360
8558:             1             16  org.opensearch.action.admin.cluster.stats.ClusterStatsAction$$Lambda/0x00007fcd28bd2fa8
8559:             1             16  org.opensearch.action.admin.cluster.stats.TransportClusterStatsAction$$Lambda/0x00007fcd28e0d110
8560:             1             16  org.opensearch.action.admin.cluster.stats.TransportClusterStatsAction$$Lambda/0x00007fcd28e0d328
8561:             1             16  org.opensearch.action.admin.cluster.storedscripts.DeleteStoredScriptAction$$Lambda/0x00007fcd28bf84a0
8562:             1             16  org.opensearch.action.admin.cluster.storedscripts.GetScriptContextAction$$Lambda/0x00007fcd28bf8bf0
8563:             1             16  org.opensearch.action.admin.cluster.storedscripts.GetScriptLanguageAction$$Lambda/0x00007fcd28bf92d0
8564:             1             16  org.opensearch.action.admin.cluster.storedscripts.GetStoredScriptAction$$Lambda/0x00007fcd28bf8000
8565:             1             16  org.opensearch.action.admin.cluster.storedscripts.PutStoredScriptAction$$Lambda/0x00007fcd28bf7758
8566:             1             16  org.opensearch.action.admin.cluster.storedscripts.TransportDeleteStoredScriptAction$$Lambda/0x00007fcd28f2c648
8567:             1             16  org.opensearch.action.admin.cluster.storedscripts.TransportGetScriptContextAction$$Lambda/0x00007fcd28dde430
8568:             1             16  org.opensearch.action.admin.cluster.storedscripts.TransportGetScriptLanguageAction$$Lambda/0x00007fcd28edf780
8569:             1             16  org.opensearch.action.admin.cluster.storedscripts.TransportGetStoredScriptAction$$Lambda/0x00007fcd28edd7f8
8570:             1             16  org.opensearch.action.admin.cluster.storedscripts.TransportPutStoredScriptAction$$Lambda/0x00007fcd28e77d28
8571:             1             16  org.opensearch.action.admin.cluster.tasks.PendingClusterTasksAction$$Lambda/0x00007fcd28bd64d0
8572:             1             16  org.opensearch.action.admin.cluster.tasks.TransportPendingClusterTasksAction$$Lambda/0x00007fcd28edcf98
8573:             1             16  org.opensearch.action.admin.indices.alias.IndicesAliasesAction$$Lambda/0x00007fcd28be3448
8574:             1             16  org.opensearch.action.admin.indices.alias.TransportIndicesAliasesAction$$Lambda/0x00007fcd28edde40
8575:             1             16  org.opensearch.action.admin.indices.alias.get.GetAliasesAction$$Lambda/0x00007fcd28bec1b8
8576:             1             16  org.opensearch.action.admin.indices.alias.get.TransportGetAliasesAction$$Lambda/0x00007fcd28ede270
8577:             1             16  org.opensearch.action.admin.indices.analyze.AnalyzeAction$$Lambda/0x00007fcd28be4020
8578:             1             16  org.opensearch.action.admin.indices.analyze.TransportAnalyzeAction$$Lambda/0x00007fcd28e21790
8579:             1             16  org.opensearch.action.admin.indices.cache.clear.ClearIndicesCacheAction$$Lambda/0x00007fcd28bebac8
8580:             1             16  org.opensearch.action.admin.indices.cache.clear.TransportClearIndicesCacheAction$$Lambda/0x00007fcd28f2c430
8581:             1             16  org.opensearch.action.admin.indices.close.CloseIndexAction$$Lambda/0x00007fcd28be07c0
8582:             1             16  org.opensearch.action.admin.indices.close.TransportCloseIndexAction$$Lambda/0x00007fcd28f2f7a8
8583:             1             16  org.opensearch.action.admin.indices.close.TransportCloseIndexAction$$Lambda/0x00007fcd28f2f9c0
8584:             1             16  org.opensearch.action.admin.indices.close.TransportVerifyShardBeforeCloseAction$$Lambda/0x00007fcd28db7230
8585:             1             16  org.opensearch.action.admin.indices.close.TransportVerifyShardBeforeCloseAction$$Lambda/0x00007fcd28db7448
8586:             1             16  org.opensearch.action.admin.indices.create.AutoCreateAction$$Lambda/0x00007fcd28bf72d0
8587:             1             16  org.opensearch.action.admin.indices.create.AutoCreateAction$TransportAction$$Lambda/0x00007fcd28efc218
8588:             1             16  org.opensearch.action.admin.indices.create.CreateIndexAction$$Lambda/0x00007fcd28bdde28
8589:             1             16  org.opensearch.action.admin.indices.create.TransportCreateIndexAction$$Lambda/0x00007fcd28e76820
8590:             1             16  org.opensearch.action.admin.indices.dangling.delete.DeleteDanglingIndexAction$$Lambda/0x00007fcd28c92078
8591:             1             16  org.opensearch.action.admin.indices.dangling.delete.TransportDeleteDanglingIndexAction$$Lambda/0x00007fcd28f7db38
8592:             1             16  org.opensearch.action.admin.indices.dangling.find.FindDanglingIndexAction$$Lambda/0x00007fcd28c92788
8593:             1             16  org.opensearch.action.admin.indices.dangling.find.TransportFindDanglingIndexAction$$Lambda/0x00007fcd28e23568
8594:             1             16  org.opensearch.action.admin.indices.dangling.find.TransportFindDanglingIndexAction$$Lambda/0x00007fcd28e23780
8595:             1             16  org.opensearch.action.admin.indices.dangling.import_index.ImportDanglingIndexAction$$Lambda/0x00007fcd28c91c48
8596:             1             16  org.opensearch.action.admin.indices.dangling.import_index.TransportImportDanglingIndexAction$$Lambda/0x00007fcd28f2e6e8
8597:             1             16  org.opensearch.action.admin.indices.dangling.list.ListDanglingIndicesAction$$Lambda/0x00007fcd28c917b8
8598:             1             16  org.opensearch.action.admin.indices.dangling.list.TransportListDanglingIndicesAction$$Lambda/0x00007fcd28edda10
8599:             1             16  org.opensearch.action.admin.indices.dangling.list.TransportListDanglingIndicesAction$$Lambda/0x00007fcd28eddc28
8600:             1             16  org.opensearch.action.admin.indices.datastream.CreateDataStreamAction$$Lambda/0x00007fcd28bfcb78
8601:             1             16  org.opensearch.action.admin.indices.datastream.CreateDataStreamAction$TransportAction$$Lambda/0x00007fcd28e22cd8
8602:             1             16  org.opensearch.action.admin.indices.datastream.DataStreamsStatsAction$$Lambda/0x00007fcd28bfe5a0
8603:             1             16  org.opensearch.action.admin.indices.datastream.DataStreamsStatsAction$TransportAction$$Lambda/0x00007fcd28efd0c0
8604:             1             16  org.opensearch.action.admin.indices.datastream.DeleteDataStreamAction$$Lambda/0x00007fcd28bfd018
8605:             1             16  org.opensearch.action.admin.indices.datastream.DeleteDataStreamAction$TransportAction$$Lambda/0x00007fcd28dddba0
8606:             1             16  org.opensearch.action.admin.indices.datastream.GetDataStreamAction$$Lambda/0x00007fcd28bfd748
8607:             1             16  org.opensearch.action.admin.indices.datastream.GetDataStreamAction$TransportAction$$Lambda/0x00007fcd28f2f590
8608:             1             16  org.opensearch.action.admin.indices.delete.DeleteIndexAction$$Lambda/0x00007fcd28bdf158
8609:             1             16  org.opensearch.action.admin.indices.delete.TransportDeleteIndexAction$$Lambda/0x00007fcd28f7cc90
8610:             1             16  org.opensearch.action.admin.indices.exists.indices.IndicesExistsAction$$Lambda/0x00007fcd28be0c18
8611:             1             16  org.opensearch.action.admin.indices.exists.indices.TransportIndicesExistsAction$$Lambda/0x00007fcd28edd1b0
8612:             1             16  org.opensearch.action.admin.indices.flush.FlushAction$$Lambda/0x00007fcd28be9880
8613:             1             16  org.opensearch.action.admin.indices.flush.TransportFlushAction$$Lambda/0x00007fcd28ddd988
8614:             1             16  org.opensearch.action.admin.indices.flush.TransportShardFlushAction$$Lambda/0x00007fcd28ddce88
8615:             1             16  org.opensearch.action.admin.indices.flush.TransportShardFlushAction$$Lambda/0x00007fcd28ddd0a0
8616:             1             16  org.opensearch.action.admin.indices.flush.TransportShardFlushAction$$Lambda/0x00007fcd28ddd550
8617:             1             16  org.opensearch.action.admin.indices.flush.TransportShardFlushAction$PreSyncedFlushTransportHandler
8618:             1             16  org.opensearch.action.admin.indices.forcemerge.ForceMergeAction$$Lambda/0x00007fcd28be9fa8
8619:             1             16  org.opensearch.action.admin.indices.forcemerge.TransportForceMergeAction$$Lambda/0x00007fcd28e76c50
8620:             1             16  org.opensearch.action.admin.indices.get.GetIndexAction$$Lambda/0x00007fcd28bdf8e8
8621:             1             16  org.opensearch.action.admin.indices.get.TransportGetIndexAction$$Lambda/0x00007fcd28f2eb18
8622:             1             16  org.opensearch.action.admin.indices.mapping.get.GetFieldMappingsAction$$Lambda/0x00007fcd28be21f0
8623:             1             16  org.opensearch.action.admin.indices.mapping.get.GetMappingsAction$$Lambda/0x00007fcd28be1aa8
8624:             1             16  org.opensearch.action.admin.indices.mapping.get.TransportGetFieldMappingsAction$$Lambda/0x00007fcd28f7c218
8625:             1             16  org.opensearch.action.admin.indices.mapping.get.TransportGetFieldMappingsIndexAction$$Lambda/0x00007fcd28f7c000
8626:             1             16  org.opensearch.action.admin.indices.mapping.get.TransportGetFieldMappingsIndexAction$1
8627:             1             16  org.opensearch.action.admin.indices.mapping.get.TransportGetMappingsAction$$Lambda/0x00007fcd28e0c490
8628:             1             16  org.opensearch.action.admin.indices.mapping.put.AutoPutMappingAction$$Lambda/0x00007fcd28be2fa0
8629:             1             16  org.opensearch.action.admin.indices.mapping.put.PutMappingAction$$Lambda/0x00007fcd28be2b00
8630:             1             16  org.opensearch.action.admin.indices.mapping.put.TransportAutoPutMappingAction$$Lambda/0x00007fcd28e76608
8631:             1             16  org.opensearch.action.admin.indices.mapping.put.TransportPutMappingAction$$Lambda/0x00007fcd28ddcc70
8632:             1             16  org.opensearch.action.admin.indices.open.OpenIndexAction$$Lambda/0x00007fcd28bdfd88
8633:             1             16  org.opensearch.action.admin.indices.open.TransportOpenIndexAction$$Lambda/0x00007fcd28e21578
8634:             1             16  org.opensearch.action.admin.indices.readonly.AddIndexBlockAction$$Lambda/0x00007fcd28be1360
8635:             1             16  org.opensearch.action.admin.indices.readonly.TransportAddIndexBlockAction$$Lambda/0x00007fcd28e763f0
8636:             1             16  org.opensearch.action.admin.indices.readonly.TransportVerifyShardIndexBlockAction$$Lambda/0x00007fcd28dbc680
8637:             1             16  org.opensearch.action.admin.indices.readonly.TransportVerifyShardIndexBlockAction$$Lambda/0x00007fcd28dbc898
8638:             1             16  org.opensearch.action.admin.indices.readonly.TransportVerifyShardIndexBlockAction$$Lambda/0x00007fcd28dbcab0
8639:             1             16  org.opensearch.action.admin.indices.recovery.RecoveryAction$$Lambda/0x00007fcd28bf5f50
8640:             1             16  org.opensearch.action.admin.indices.recovery.TransportRecoveryAction$$Lambda/0x00007fcd28e0d540
8641:             1             16  org.opensearch.action.admin.indices.refresh.RefreshAction$$Lambda/0x00007fcd28be8f18
8642:             1             16  org.opensearch.action.admin.indices.refresh.TransportRefreshAction$$Lambda/0x00007fcd28efca78
8643:             1             16  org.opensearch.action.admin.indices.refresh.TransportShardRefreshAction$$Lambda/0x00007fcd28efc648
8644:             1             16  org.opensearch.action.admin.indices.refresh.TransportShardRefreshAction$$Lambda/0x00007fcd28efc860
8645:             1             16  org.opensearch.action.admin.indices.replication.SegmentReplicationStatsAction$$Lambda/0x00007fcd28bf66c8
8646:             1             16  org.opensearch.action.admin.indices.replication.TransportSegmentReplicationStatsAction$$Lambda/0x00007fcd28edef18
8647:             1             16  org.opensearch.action.admin.indices.resolve.ResolveIndexAction$$Lambda/0x00007fcd28bfde88
8648:             1             16  org.opensearch.action.admin.indices.resolve.ResolveIndexAction$TransportAction$$Lambda/0x00007fcd28edf348
8649:             1             16  org.opensearch.action.admin.indices.rollover.RolloverAction$$Lambda/0x00007fcd28bdecb0
8650:             1             16  org.opensearch.action.admin.indices.rollover.RolloverInfo$$Lambda/0x00007fcd29094e88
8651:             1             16  org.opensearch.action.admin.indices.rollover.RolloverInfo$$Lambda/0x00007fcd290952a8
8652:             1             16  org.opensearch.action.admin.indices.rollover.TransportRolloverAction$$Lambda/0x00007fcd28e21148
8653:             1             16  org.opensearch.action.admin.indices.segments.IndicesSegmentsAction$$Lambda/0x00007fcd28bdcf98
8654:             1             16  org.opensearch.action.admin.indices.segments.PitSegmentsAction$$Lambda/0x00007fcd28c94128
8655:             1             16  org.opensearch.action.admin.indices.segments.TransportIndicesSegmentsAction$$Lambda/0x00007fcd28f2e4d0
8656:             1             16  org.opensearch.action.admin.indices.segments.TransportPitSegmentsAction$$Lambda/0x00007fcd28e23998
8657:             1             16  org.opensearch.action.admin.indices.settings.get.GetSettingsAction$$Lambda/0x00007fcd28bec8f8
8658:             1             16  org.opensearch.action.admin.indices.settings.get.TransportGetSettingsAction$$Lambda/0x00007fcd28ede058
8659:             1             16  org.opensearch.action.admin.indices.settings.put.TransportUpdateSettingsAction$$Lambda/0x00007fcd28ddf388
8660:             1             16  org.opensearch.action.admin.indices.settings.put.UpdateSettingsAction$$Lambda/0x00007fcd28be38e8
8661:             1             16  org.opensearch.action.admin.indices.shards.IndicesShardStoresAction$$Lambda/0x00007fcd28bdd6e0
8662:             1             16  org.opensearch.action.admin.indices.shards.TransportIndicesShardStoresAction$$Lambda/0x00007fcd28e75b78
8663:             1             16  org.opensearch.action.admin.indices.shrink.ResizeAction$$Lambda/0x00007fcd28bde570
8664:             1             16  org.opensearch.action.admin.indices.shrink.TransportResizeAction$$Lambda/0x00007fcd28f2e2b8
8665:             1             16  org.opensearch.action.admin.indices.stats.IndicesStatsAction$$Lambda/0x00007fcd28bdc820
8666:             1             16  org.opensearch.action.admin.indices.stats.TransportIndicesStatsAction$$Lambda/0x00007fcd28e23dc8
8667:             1             16  org.opensearch.action.admin.indices.template.delete.DeleteComponentTemplateAction$$Lambda/0x00007fcd28be60f0
8668:             1             16  org.opensearch.action.admin.indices.template.delete.DeleteComposableIndexTemplateAction$$Lambda/0x00007fcd28be7160
8669:             1             16  org.opensearch.action.admin.indices.template.delete.DeleteIndexTemplateAction$$Lambda/0x00007fcd28be5080
8670:             1             16  org.opensearch.action.admin.indices.template.delete.TransportDeleteComponentTemplateAction$$Lambda/0x00007fcd28e75960
8671:             1             16  org.opensearch.action.admin.indices.template.delete.TransportDeleteComposableIndexTemplateAction$$Lambda/0x00007fcd28f2c218
8672:             1             16  org.opensearch.action.admin.indices.template.delete.TransportDeleteIndexTemplateAction$$Lambda/0x00007fcd28f5f358
8673:             1             16  org.opensearch.action.admin.indices.template.get.GetComponentTemplateAction$$Lambda/0x00007fcd28be5c50
8674:             1             16  org.opensearch.action.admin.indices.template.get.GetComposableIndexTemplateAction$$Lambda/0x00007fcd28be6cc0
8675:             1             16  org.opensearch.action.admin.indices.template.get.GetIndexTemplatesAction$$Lambda/0x00007fcd28be4be0
8676:             1             16  org.opensearch.action.admin.indices.template.get.TransportGetComponentTemplateAction$$Lambda/0x00007fcd28e750d8
8677:             1             16  org.opensearch.action.admin.indices.template.get.TransportGetComposableIndexTemplateAction$$Lambda/0x00007fcd28efd4f0
8678:             1             16  org.opensearch.action.admin.indices.template.get.TransportGetIndexTemplatesAction$$Lambda/0x00007fcd28f2de60
8679:             1             16  org.opensearch.action.admin.indices.template.post.SimulateIndexTemplateAction$$Lambda/0x00007fcd28be7888
8680:             1             16  org.opensearch.action.admin.indices.template.post.SimulateTemplateAction$$Lambda/0x00007fcd28be7d28
8681:             1             16  org.opensearch.action.admin.indices.template.post.TransportSimulateIndexTemplateAction$$Lambda/0x00007fcd28e74a90
8682:             1             16  org.opensearch.action.admin.indices.template.post.TransportSimulateTemplateAction$$Lambda/0x00007fcd28f5f140
8683:             1             16  org.opensearch.action.admin.indices.template.put.PutComponentTemplateAction$$Lambda/0x00007fcd28be5520
8684:             1             16  org.opensearch.action.admin.indices.template.put.PutComposableIndexTemplateAction$$Lambda/0x00007fcd28be6590
8685:             1             16  org.opensearch.action.admin.indices.template.put.PutIndexTemplateAction$$Lambda/0x00007fcd28be44b0
8686:             1             16  org.opensearch.action.admin.indices.template.put.TransportPutComponentTemplateAction$$Lambda/0x00007fcd28e0d758
8687:             1             16  org.opensearch.action.admin.indices.template.put.TransportPutComposableIndexTemplateAction$$Lambda/0x00007fcd28f2e900
8688:             1             16  org.opensearch.action.admin.indices.template.put.TransportPutIndexTemplateAction$$Lambda/0x00007fcd28efd708
8689:             1             16  org.opensearch.action.admin.indices.upgrade.get.TransportUpgradeStatusAction$$Lambda/0x00007fcd28efe5c8
8690:             1             16  org.opensearch.action.admin.indices.upgrade.get.UpgradeStatusAction$$Lambda/0x00007fcd28beaeb8
8691:             1             16  org.opensearch.action.admin.indices.upgrade.post.TransportUpgradeAction$$Lambda/0x00007fcd28eded00
8692:             1             16  org.opensearch.action.admin.indices.upgrade.post.TransportUpgradeSettingsAction$$Lambda/0x00007fcd28f2f378
8693:             1             16  org.opensearch.action.admin.indices.upgrade.post.UpgradeAction$$Lambda/0x00007fcd28bea720
8694:             1             16  org.opensearch.action.admin.indices.upgrade.post.UpgradeSettingsAction$$Lambda/0x00007fcd28beb368
8695:             1             16  org.opensearch.action.admin.indices.validate.query.TransportValidateQueryAction$$Lambda/0x00007fcd28e74218
8696:             1             16  org.opensearch.action.admin.indices.validate.query.TransportValidateQueryAction$$Lambda/0x00007fcd28e74430
8697:             1             16  org.opensearch.action.admin.indices.validate.query.ValidateQueryAction$$Lambda/0x00007fcd28be8560
8698:             1             16  org.opensearch.action.bulk.BackoffPolicy$NoBackoff
8699:             1             16  org.opensearch.action.bulk.BulkAction$$Lambda/0x00007fcd28bf25d8
8700:             1             16  org.opensearch.action.bulk.BulkRequest$$Lambda/0x00007fcd2922af78
8701:             1             16  org.opensearch.action.bulk.BulkShardRequest$$Lambda/0x00007fcd29236f10
8702:             1             16  org.opensearch.action.bulk.BulkShardResponse$$Lambda/0x00007fcd2937efd8
8703:             1             16  org.opensearch.action.bulk.TransportBulkAction$$Lambda/0x00007fcd28eff8d8
8704:             1             16  org.opensearch.action.bulk.TransportBulkAction$$Lambda/0x00007fcd28effaf0
8705:             1             16  org.opensearch.action.bulk.TransportBulkAction$$Lambda/0x00007fcd2922bcd8
8706:             1             16  org.opensearch.action.bulk.TransportBulkAction$$Lambda/0x00007fcd29234000
8707:             1             16  org.opensearch.action.bulk.TransportBulkAction$$Lambda/0x00007fcd29234238
8708:             1             16  org.opensearch.action.bulk.TransportBulkAction$$Lambda/0x00007fcd29234470
8709:             1             16  org.opensearch.action.bulk.TransportBulkAction$BulkOperation$$Lambda/0x00007fcd292355f0
8710:             1             16  org.opensearch.action.bulk.TransportShardBulkAction$$Lambda/0x00007fcd28efe9f8
8711:             1             16  org.opensearch.action.bulk.TransportShardBulkAction$$Lambda/0x00007fcd28efec30
8712:             1             16  org.opensearch.action.bulk.TransportShardBulkAction$$Lambda/0x00007fcd28efee48
8713:             1             16  org.opensearch.action.bulk.TransportShardBulkAction$$Lambda/0x00007fcd28eff4a0
8714:             1             16  org.opensearch.action.bulk.TransportShardBulkAction$$Lambda/0x00007fcd28eff6b8
8715:             1             16  org.opensearch.action.delete.DeleteAction$$Lambda/0x00007fcd28bf0828
8716:             1             16  org.opensearch.action.delete.TransportDeleteAction$$Lambda/0x00007fcd28f2c000
8717:             1             16  org.opensearch.action.explain.ExplainAction$$Lambda/0x00007fcd28bf50e0
8718:             1             16  org.opensearch.action.explain.TransportExplainAction$$Lambda/0x00007fcd28ddddb8
8719:             1             16  org.opensearch.action.fieldcaps.FieldCapabilitiesAction$$Lambda/0x00007fcd28bf99a8
8720:             1             16  org.opensearch.action.fieldcaps.TransportFieldCapabilitiesAction$$Lambda/0x00007fcd28efe198
8721:             1             16  org.opensearch.action.fieldcaps.TransportFieldCapabilitiesIndexAction$$Lambda/0x00007fcd28efd920
8722:             1             16  org.opensearch.action.fieldcaps.TransportFieldCapabilitiesIndexAction$$Lambda/0x00007fcd28efdb38
8723:             1             16  org.opensearch.action.fieldcaps.TransportFieldCapabilitiesIndexAction$$Lambda/0x00007fcd28efdd50
8724:             1             16  org.opensearch.action.fieldcaps.TransportFieldCapabilitiesIndexAction$ShardTransportHandler
8725:             1             16  org.opensearch.action.get.GetAction$$Lambda/0x00007fcd28bee698
8726:             1             16  org.opensearch.action.get.MultiGetAction$$Lambda/0x00007fcd28bf1be8
8727:             1             16  org.opensearch.action.get.TransportGetAction$$Lambda/0x00007fcd28edf130
8728:             1             16  org.opensearch.action.get.TransportMultiGetAction$$Lambda/0x00007fcd28f2ca78
8729:             1             16  org.opensearch.action.get.TransportShardMultiGetAction$$Lambda/0x00007fcd28f2c860
8730:             1             16  org.opensearch.action.get.TransportShardMultiGetAction$$Lambda/0x00007fcd291dd288
8731:             1             16  org.opensearch.action.index.IndexAction$$Lambda/0x00007fcd28bedd10
8732:             1             16  org.opensearch.action.index.TransportIndexAction$$Lambda/0x00007fcd28f2ed30
8733:             1             16  org.opensearch.action.ingest.DeletePipelineAction$$Lambda/0x00007fcd28bfabf0
8734:             1             16  org.opensearch.action.ingest.DeletePipelineTransportAction$$Lambda/0x00007fcd28e20ad8
8735:             1             16  org.opensearch.action.ingest.GetPipelineAction$$Lambda/0x00007fcd28bfa750
8736:             1             16  org.opensearch.action.ingest.GetPipelineTransportAction$$Lambda/0x00007fcd28f7df68
8737:             1             16  org.opensearch.action.ingest.PutPipelineAction$$Lambda/0x00007fcd28bf9ff0
8738:             1             16  org.opensearch.action.ingest.PutPipelineTransportAction$$Lambda/0x00007fcd28f7d4f0
8739:             1             16  org.opensearch.action.ingest.SimulateExecutionService
8740:             1             16  org.opensearch.action.ingest.SimulatePipelineAction$$Lambda/0x00007fcd28bfb530
8741:             1             16  org.opensearch.action.ingest.SimulatePipelineTransportAction$$Lambda/0x00007fcd28ddf5a0
8742:             1             16  org.opensearch.action.main.MainAction$$Lambda/0x00007fcd28bcf828
8743:             1             16  org.opensearch.action.main.TransportMainAction$$Lambda/0x00007fcd28ede8b8
8744:             1             16  org.opensearch.action.main.TransportMainAction$$Lambda/0x00007fcd28edead0
8745:             1             16  org.opensearch.action.resync.TransportResyncReplicationAction$$Lambda/0x00007fcd28dbe610
8746:             1             16  org.opensearch.action.resync.TransportResyncReplicationAction$$Lambda/0x00007fcd28dbe848
8747:             1             16  org.opensearch.action.resync.TransportResyncReplicationAction$$Lambda/0x00007fcd28dbea60
8748:             1             16  org.opensearch.action.resync.TransportResyncReplicationAction$$Lambda/0x00007fcd293e2e20
8749:             1             16  org.opensearch.action.search.ClearScrollAction$$Lambda/0x00007fcd28bf5850
8750:             1             16  org.opensearch.action.search.CreatePitAction$$Lambda/0x00007fcd28c93610
8751:             1             16  org.opensearch.action.search.DeletePitAction$$Lambda/0x00007fcd28c93cf8
8752:             1             16  org.opensearch.action.search.DeleteSearchPipelineAction$$Lambda/0x00007fcd28c96ec0
8753:             1             16  org.opensearch.action.search.DeleteSearchPipelineTransportAction$$Lambda/0x00007fcd28e75d90
8754:             1             16  org.opensearch.action.search.GetAllPitsAction$$Lambda/0x00007fcd28c948a8
8755:             1             16  org.opensearch.action.search.GetSearchPipelineAction$$Lambda/0x00007fcd28c96a20
8756:             1             16  org.opensearch.action.search.GetSearchPipelineTransportAction$$Lambda/0x00007fcd28e74ca8
8757:             1             16  org.opensearch.action.search.MultiSearchAction$$Lambda/0x00007fcd28bf49b0
8758:             1             16  org.opensearch.action.search.PutSearchPipelineAction$$Lambda/0x00007fcd28c962c0
8759:             1             16  org.opensearch.action.search.PutSearchPipelineTransportAction$$Lambda/0x00007fcd28e75748
8760:             1             16  org.opensearch.action.search.QueryPhaseResultConsumer$$Lambda/0x00007fcd29222a98
8761:             1             16  org.opensearch.action.search.QueryPhaseResultConsumer$PendingMerges$$Lambda/0x00007fcd29227738
8762:             1             16  org.opensearch.action.search.SearchAction$$Lambda/0x00007fcd28bf4088
8763:             1             16  org.opensearch.action.search.SearchExecutionStatsCollector$$Lambda/0x00007fcd28ce2248
8764:             1             16  org.opensearch.action.search.SearchPhaseController$$Lambda/0x00007fcd29227950
8765:             1             16  org.opensearch.action.search.SearchProgressListener$$Lambda/0x00007fcd29206fa0
8766:             1             16  org.opensearch.action.search.SearchProgressListener$$Lambda/0x00007fcd29225000
8767:             1             16  org.opensearch.action.search.SearchProgressListener$$Lambda/0x00007fcd29225238
8768:             1             16  org.opensearch.action.search.SearchProgressListener$$Lambda/0x00007fcd29227da0
8769:             1             16  org.opensearch.action.search.SearchProgressListener$1
8770:             1             16  org.opensearch.action.search.SearchRequestOperationsCompositeListenerFactory
8771:             1             16  org.opensearch.action.search.SearchRequestOperationsListener$1
8772:             1             16  org.opensearch.action.search.SearchRequestSlowLog$$Lambda/0x00007fcd28700000
8773:             1             16  org.opensearch.action.search.SearchRequestSlowLog$$Lambda/0x00007fcd288bfcc8
8774:             1             16  org.opensearch.action.search.SearchRequestSlowLog$$Lambda/0x00007fcd288c0000
8775:             1             16  org.opensearch.action.search.SearchRequestSlowLog$$Lambda/0x00007fcd288c0230
8776:             1             16  org.opensearch.action.search.SearchRequestSlowLog$$Lambda/0x00007fcd288c0460
8777:             1             16  org.opensearch.action.search.SearchRequestSlowLog$$Lambda/0x00007fcd288c0690
8778:             1             16  org.opensearch.action.search.SearchRequestStats$$Lambda/0x00007fcd288bf1e0
8779:             1             16  org.opensearch.action.search.SearchScrollAction$$Lambda/0x00007fcd28bf42a0
8780:             1             16  org.opensearch.action.search.SearchShardIterator$$Lambda/0x00007fcd291e2240
8781:             1             16  org.opensearch.action.search.SearchTransportService$$Lambda/0x00007fcd28e0dda0
8782:             1             16  org.opensearch.action.search.SearchTransportService$$Lambda/0x00007fcd28e0dfb8
8783:             1             16  org.opensearch.action.search.SearchTransportService$$Lambda/0x00007fcd28e0e1d8
8784:             1             16  org.opensearch.action.search.SearchTransportService$$Lambda/0x00007fcd28e0e3f0
8785:             1             16  org.opensearch.action.search.SearchTransportService$$Lambda/0x00007fcd28e0e608
8786:             1             16  org.opensearch.action.search.SearchTransportService$$Lambda/0x00007fcd28e0e828
8787:             1             16  org.opensearch.action.search.SearchTransportService$$Lambda/0x00007fcd28e0ea40
8788:             1             16  org.opensearch.action.search.SearchTransportService$$Lambda/0x00007fcd28e0ec58
8789:             1             16  org.opensearch.action.search.SearchTransportService$$Lambda/0x00007fcd28e0ee78
8790:             1             16  org.opensearch.action.search.SearchTransportService$$Lambda/0x00007fcd28e0f090
8791:             1             16  org.opensearch.action.search.SearchTransportService$$Lambda/0x00007fcd28e0f2a8
8792:             1             16  org.opensearch.action.search.SearchTransportService$$Lambda/0x00007fcd28e0f4c8
8793:             1             16  org.opensearch.action.search.SearchTransportService$$Lambda/0x00007fcd28e0f6e0
8794:             1             16  org.opensearch.action.search.SearchTransportService$$Lambda/0x00007fcd28e0f8f8
8795:             1             16  org.opensearch.action.search.SearchTransportService$$Lambda/0x00007fcd28e1c000
8796:             1             16  org.opensearch.action.search.SearchTransportService$$Lambda/0x00007fcd28e1c218
8797:             1             16  org.opensearch.action.search.SearchTransportService$$Lambda/0x00007fcd28e1c430
8798:             1             16  org.opensearch.action.search.SearchTransportService$$Lambda/0x00007fcd28e1c650
8799:             1             16  org.opensearch.action.search.SearchTransportService$$Lambda/0x00007fcd28e1caa8
8800:             1             16  org.opensearch.action.search.SearchTransportService$$Lambda/0x00007fcd28e1ccc0
8801:             1             16  org.opensearch.action.search.SearchTransportService$$Lambda/0x00007fcd28e1cee0
8802:             1             16  org.opensearch.action.search.SearchTransportService$$Lambda/0x00007fcd28e1d0f8
8803:             1             16  org.opensearch.action.search.SearchTransportService$$Lambda/0x00007fcd28e1d310
8804:             1             16  org.opensearch.action.search.SearchTransportService$$Lambda/0x00007fcd28e1d7c8
8805:             1             16  org.opensearch.action.search.SearchTransportService$$Lambda/0x00007fcd28e1d9e0
8806:             1             16  org.opensearch.action.search.SearchTransportService$$Lambda/0x00007fcd28e1dbf8
8807:             1             16  org.opensearch.action.search.SearchTransportService$$Lambda/0x00007fcd28e1e0b0
8808:             1             16  org.opensearch.action.search.SearchTransportService$$Lambda/0x00007fcd28e1e2c8
8809:             1             16  org.opensearch.action.search.SearchTransportService$$Lambda/0x00007fcd28e1e4e0
8810:             1             16  org.opensearch.action.search.SearchTransportService$$Lambda/0x00007fcd28e1e9a0
8811:             1             16  org.opensearch.action.search.SearchTransportService$$Lambda/0x00007fcd28e1ebb8
8812:             1             16  org.opensearch.action.search.SearchTransportService$$Lambda/0x00007fcd28e1edd0
8813:             1             16  org.opensearch.action.search.SearchTransportService$$Lambda/0x00007fcd28e1eff0
8814:             1             16  org.opensearch.action.search.SearchTransportService$$Lambda/0x00007fcd28e1f208
8815:             1             16  org.opensearch.action.search.SearchTransportService$$Lambda/0x00007fcd28e1f420
8816:             1             16  org.opensearch.action.search.SearchTransportService$$Lambda/0x00007fcd28e1f640
8817:             1             16  org.opensearch.action.search.SearchTransportService$$Lambda/0x00007fcd28e1f858
8818:             1             16  org.opensearch.action.search.SearchTransportService$$Lambda/0x00007fcd28e1fa70
8819:             1             16  org.opensearch.action.search.SearchTransportService$$Lambda/0x00007fcd28e1fc90
8820:             1             16  org.opensearch.action.search.SearchTransportService$$Lambda/0x00007fcd28e20000
8821:             1             16  org.opensearch.action.search.SearchTransportService$$Lambda/0x00007fcd28e20218
8822:             1             16  org.opensearch.action.search.SearchTransportService$$Lambda/0x00007fcd28e20690
8823:             1             16  org.opensearch.action.search.SearchTransportService$$Lambda/0x00007fcd29207838
8824:             1             16  org.opensearch.action.search.SearchTransportService$ConnectionCountingHandler$$Lambda/0x00007fcd29207ce8
8825:             1             16  org.opensearch.action.search.SearchTransportService$ConnectionCountingHandler$$Lambda/0x00007fcd29226000
8826:             1             16  org.opensearch.action.search.TransportClearScrollAction$$Lambda/0x00007fcd28f7dd50
8827:             1             16  org.opensearch.action.search.TransportCreatePitAction$$Lambda/0x00007fcd28e776e0
8828:             1             16  org.opensearch.action.search.TransportDeletePitAction$$Lambda/0x00007fcd28f7d708
8829:             1             16  org.opensearch.action.search.TransportGetAllPitsAction$$Lambda/0x00007fcd28f7c430
8830:             1             16  org.opensearch.action.search.TransportGetAllPitsAction$$Lambda/0x00007fcd28f7c648
8831:             1             16  org.opensearch.action.search.TransportMultiSearchAction$$Lambda/0x00007fcd28f2da30
8832:             1             16  org.opensearch.action.search.TransportMultiSearchAction$$Lambda/0x00007fcd28f2dc48
8833:             1             16  org.opensearch.action.search.TransportSearchAction$$Lambda/0x00007fcd28e0db88
8834:             1             16  org.opensearch.action.search.TransportSearchAction$$Lambda/0x00007fcd28e208a8
8835:             1             16  org.opensearch.action.search.TransportSearchAction$$Lambda/0x00007fcd291dba70
8836:             1             16  org.opensearch.action.search.TransportSearchAction$$Lambda/0x00007fcd291e75e0
8837:             1             16  org.opensearch.action.search.TransportSearchScrollAction$$Lambda/0x00007fcd28e76e68
8838:             1             16  org.opensearch.action.support.ActionFilters
8839:             1             16  org.opensearch.action.support.AutoCreateIndex$$Lambda/0x00007fcd286e8000
8840:             1             16  org.opensearch.action.support.AutoCreateIndex$$Lambda/0x00007fcd28c97c40
8841:             1             16  org.opensearch.action.support.DestructiveOperations
8842:             1             16  org.opensearch.action.support.DestructiveOperations$$Lambda/0x00007fcd28c98000
8843:             1             16  org.opensearch.action.support.TransportAction$$Lambda/0x00007fcd291be1f8
8844:             1             16  org.opensearch.action.support.broadcast.TransportBroadcastAction$ShardTransportHandler
8845:             1             16  org.opensearch.action.support.broadcast.node.TransportBroadcastByNodeAction$$Lambda/0x00007fcd29376630
8846:             1             16  org.opensearch.action.support.clustermanager.term.GetTermVersionAction$$Lambda/0x00007fcd28bd3d90
8847:             1             16  org.opensearch.action.support.clustermanager.term.TransportGetTermVersionAction$$Lambda/0x00007fcd28e74000
8848:             1             16  org.opensearch.action.support.master.AcknowledgedResponse$$Lambda/0x00007fcd293788a0
8849:             1             16  org.opensearch.action.support.master.AcknowledgedResponse$$Lambda/0x00007fcd29378ad8
8850:             1             16  org.opensearch.action.support.nodes.BaseNodesRequest$$Lambda/0x00007fcd291a53a0
8851:             1             16  org.opensearch.action.support.nodes.BaseNodesRequest$$Lambda/0x00007fcd291a55b8
8852:             1             16  org.opensearch.action.support.nodes.TransportNodesAction$$Lambda/0x00007fcd291beef0
8853:             1             16  org.opensearch.action.support.replication.PendingReplicationActions$$Lambda/0x00007fcd293761c8
8854:             1             16  org.opensearch.action.support.replication.ReplicationRequest$$Lambda/0x00007fcd2937a728
8855:             1             16  org.opensearch.action.support.replication.TransportReplicationAction$$Lambda/0x00007fcd28eff060
8856:             1             16  org.opensearch.action.support.replication.TransportReplicationAction$$Lambda/0x00007fcd28eff280
8857:             1             16  org.opensearch.action.support.replication.TransportReplicationAction$$Lambda/0x00007fcd2937a940
8858:             1             16  org.opensearch.action.support.replication.TransportReplicationAction$$Lambda/0x00007fcd293ae930
8859:             1             16  org.opensearch.action.support.replication.TransportReplicationAction$AsyncPrimaryAction$$Lambda/0x00007fcd293b21b0
8860:             1             16  org.opensearch.action.support.replication.TransportReplicationAction$ReplicasProxy$$Lambda/0x00007fcd293b5520
8861:             1             16  org.opensearch.action.support.single.instance.TransportInstanceSingleOperationAction$ShardTransportHandler
8862:             1             16  org.opensearch.action.support.single.shard.TransportSingleShardAction$AsyncSingleAction$$Lambda/0x00007fcd291dd070
8863:             1             16  org.opensearch.action.support.tasks.TransportTasksAction$$Lambda/0x00007fcd2923fca0
8864:             1             16  org.opensearch.action.support.tasks.TransportTasksAction$NodeTransportHandler$$Lambda/0x00007fcd2923f850
8865:             1             16  org.opensearch.action.termvectors.MultiTermVectorsAction$$Lambda/0x00007fcd28befa70
8866:             1             16  org.opensearch.action.termvectors.TermVectorsAction$$Lambda/0x00007fcd28bef2f8
8867:             1             16  org.opensearch.action.termvectors.TransportMultiTermVectorsAction$$Lambda/0x00007fcd28e77b10
8868:             1             16  org.opensearch.action.termvectors.TransportShardMultiTermsVectorAction$$Lambda/0x00007fcd28e778f8
8869:             1             16  org.opensearch.action.termvectors.TransportTermVectorsAction$$Lambda/0x00007fcd28edc698
8870:             1             16  org.opensearch.action.update.TransportUpdateAction$$Lambda/0x00007fcd28e75fa8
8871:             1             16  org.opensearch.action.update.UpdateAction$$Lambda/0x00007fcd28bf1210
8872:             1             16  org.opensearch.action.update.UpdateHelper
8873:             1             16  org.opensearch.ad.caching.ADCacheProvider
8874:             1             16  org.opensearch.ad.indices.ADIndex$$Lambda/0x00007fcd289c7610
8875:             1             16  org.opensearch.ad.indices.ADIndex$$Lambda/0x00007fcd289c7828
8876:             1             16  org.opensearch.ad.indices.ADIndex$$Lambda/0x00007fcd289c7a40
8877:             1             16  org.opensearch.ad.indices.ADIndex$$Lambda/0x00007fcd289c7c58
8878:             1             16  org.opensearch.ad.indices.ADIndex$$Lambda/0x00007fcd289cc000
8879:             1             16  org.opensearch.ad.indices.ADIndex$$Lambda/0x00007fcd289cc218
8880:             1             16  org.opensearch.ad.indices.ADIndexManagement$$Lambda/0x00007fcd289cca08
8881:             1             16  org.opensearch.ad.indices.ADIndexManagement$$Lambda/0x00007fcd289ccc20
8882:             1             16  org.opensearch.ad.indices.ADIndexManagement$$Lambda/0x00007fcd289cce50
8883:             1             16  org.opensearch.ad.indices.ADIndexManagement$$Lambda/0x00007fcd289cd080
8884:             1             16  org.opensearch.ad.indices.ADIndexManagement$$Lambda/0x00007fcd289cd2b0
8885:             1             16  org.opensearch.ad.ml.ADModelManager$$Lambda/0x00007fcd28a154f8
8886:             1             16  org.opensearch.ad.ml.ADModelManager$$Lambda/0x00007fcd29016f28
8887:             1             16  org.opensearch.ad.model.AnomalyDetector$$Lambda/0x00007fcd2857a7f0
8888:             1             16  org.opensearch.ad.model.AnomalyResult$$Lambda/0x00007fcd2857b468
8889:             1             16  org.opensearch.ad.model.DetectorInternalState$$Lambda/0x00007fcd2857b8f8
8890:             1             16  org.opensearch.ad.ratelimit.ADCheckpointMaintainWorker$$Lambda/0x00007fcd28a12c28
8891:             1             16  org.opensearch.ad.ratelimit.ADCheckpointMaintainWorker$$Lambda/0x00007fcd28a12e58
8892:             1             16  org.opensearch.ad.ratelimit.ADResultWriteWorker$$Lambda/0x00007fcd28a17138
8893:             1             16  org.opensearch.ad.rest.AbstractADSearchAction$$Lambda/0x00007fcd2900f068
8894:             1             16  org.opensearch.ad.rest.RestAnomalyDetectorJobAction$$Lambda/0x00007fcd29010b20
8895:             1             16  org.opensearch.ad.rest.RestExecuteAnomalyDetectorAction$$Lambda/0x00007fcd2900fda0
8896:             1             16  org.opensearch.ad.stats.ADStats
8897:             1             16  org.opensearch.ad.stats.suppliers.ADModelsOnNodeSupplier$$Lambda/0x00007fcd28a27ba0
8898:             1             16  org.opensearch.ad.task.ADBatchTaskRunner$$Lambda/0x00007fcd28a372b0
8899:             1             16  org.opensearch.ad.task.ADBatchTaskRunner$$Lambda/0x00007fcd28a374e0
8900:             1             16  org.opensearch.ad.task.ADBatchTaskRunner$$Lambda/0x00007fcd28a37710
8901:             1             16  org.opensearch.ad.task.ADBatchTaskRunner$$Lambda/0x00007fcd28a37940
8902:             1             16  org.opensearch.ad.task.ADBatchTaskRunner$$Lambda/0x00007fcd28a37b70
8903:             1             16  org.opensearch.ad.task.ADTaskCacheManager$$Lambda/0x00007fcd28a2e2e8
8904:             1             16  org.opensearch.ad.task.ADTaskManager$$Lambda/0x00007fcd28a36548
8905:             1             16  org.opensearch.ad.task.ADTaskManager$$Lambda/0x00007fcd28a36778
8906:             1             16  org.opensearch.ad.task.ADTaskManager$$Lambda/0x00007fcd28a369a8
8907:             1             16  org.opensearch.ad.task.ADTaskManager$$Lambda/0x00007fcd28a36bd8
8908:             1             16  org.opensearch.ad.transport.ADBatchAnomalyResultAction$$Lambda/0x00007fcd28c20688
8909:             1             16  org.opensearch.ad.transport.ADBatchAnomalyResultTransportAction$$Lambda/0x00007fcd28e3c230
8910:             1             16  org.opensearch.ad.transport.ADBatchTaskRemoteExecutionAction$$Lambda/0x00007fcd28c20ab8
8911:             1             16  org.opensearch.ad.transport.ADBatchTaskRemoteExecutionTransportAction$$Lambda/0x00007fcd28f1e2d0
8912:             1             16  org.opensearch.ad.transport.ADCancelTaskAction$$Lambda/0x00007fcd28c21858
8913:             1             16  org.opensearch.ad.transport.ADCancelTaskTransportAction$$Lambda/0x00007fcd28e3d578
8914:             1             16  org.opensearch.ad.transport.ADCancelTaskTransportAction$$Lambda/0x00007fcd28e3d790
8915:             1             16  org.opensearch.ad.transport.ADEntityProfileAction$$Lambda/0x00007fcd28c1ed20
8916:             1             16  org.opensearch.ad.transport.ADProfileAction$$Lambda/0x00007fcd28a388c8
8917:             1             16  org.opensearch.ad.transport.ADResultBulkAction$$Lambda/0x00007fcd28c1dfc0
8918:             1             16  org.opensearch.ad.transport.ADResultBulkTransportAction$$Lambda/0x00007fcd28d9d6f8
8919:             1             16  org.opensearch.ad.transport.ADResultBulkTransportAction$$Lambda/0x00007fcd28d9d910
8920:             1             16  org.opensearch.ad.transport.ADResultBulkTransportAction$$Lambda/0x00007fcd28d9db40
8921:             1             16  org.opensearch.ad.transport.ADSingleStreamResultAction$$Lambda/0x00007fcd28c23550
8922:             1             16  org.opensearch.ad.transport.ADStatsNodesAction$$Lambda/0x00007fcd28c19500
8923:             1             16  org.opensearch.ad.transport.ADTaskProfileAction$$Lambda/0x00007fcd28c21158
8924:             1             16  org.opensearch.ad.transport.ADTaskProfileTransportAction$$Lambda/0x00007fcd28d9f0b8
8925:             1             16  org.opensearch.ad.transport.ADTaskProfileTransportAction$$Lambda/0x00007fcd28d9f2d0
8926:             1             16  org.opensearch.ad.transport.AnomalyDetectorJobAction$$Lambda/0x00007fcd28c1d730
8927:             1             16  org.opensearch.ad.transport.AnomalyResultAction$$Lambda/0x00007fcd28a399f0
8928:             1             16  org.opensearch.ad.transport.AnomalyResultTransportAction$$Lambda/0x00007fcd28d9f4e8
8929:             1             16  org.opensearch.ad.transport.CronAction$$Lambda/0x00007fcd28c18db0
8930:             1             16  org.opensearch.ad.transport.DeleteADModelAction$$Lambda/0x00007fcd28a430a8
8931:             1             16  org.opensearch.ad.transport.DeleteAnomalyDetectorAction$$Lambda/0x00007fcd28c1bdd0
8932:             1             16  org.opensearch.ad.transport.DeleteAnomalyResultsAction$$Lambda/0x00007fcd28c22118
8933:             1             16  org.opensearch.ad.transport.DeleteAnomalyResultsTransportAction$$Lambda/0x00007fcd28e3cac0
8934:             1             16  org.opensearch.ad.transport.DeleteAnomalyResultsTransportAction$$Lambda/0x00007fcd28e3ccd8
8935:             1             16  org.opensearch.ad.transport.EntityADResultAction$$Lambda/0x00007fcd28c1e640
8936:             1             16  org.opensearch.ad.transport.EntityADResultTransportAction$$Lambda/0x00007fcd28e3d9a8
8937:             1             16  org.opensearch.ad.transport.ForwardADTaskAction$$Lambda/0x00007fcd28c21ce8
8938:             1             16  org.opensearch.ad.transport.ForwardADTaskTransportAction$$Lambda/0x00007fcd28f1cf68
8939:             1             16  org.opensearch.ad.transport.GetAnomalyDetectorAction$$Lambda/0x00007fcd28c1c6d0
8940:             1             16  org.opensearch.ad.transport.IndexAnomalyDetectorAction$$Lambda/0x00007fcd28c1d068
8941:             1             16  org.opensearch.ad.transport.IndexAnomalyDetectorTransportAction$$Lambda/0x00007fcd28f1c690
8942:             1             16  org.opensearch.ad.transport.IndexAnomalyDetectorTransportAction$$Lambda/0x00007fcd28f1c8a8
8943:             1             16  org.opensearch.ad.transport.PreviewAnomalyDetectorAction$$Lambda/0x00007fcd28c20000
8944:             1             16  org.opensearch.ad.transport.PreviewAnomalyDetectorTransportAction$$Lambda/0x00007fcd28e3fd58
8945:             1             16  org.opensearch.ad.transport.PreviewAnomalyDetectorTransportAction$$Lambda/0x00007fcd28f1c000
8946:             1             16  org.opensearch.ad.transport.PreviewAnomalyDetectorTransportAction$$Lambda/0x00007fcd28f1c230
8947:             1             16  org.opensearch.ad.transport.PreviewAnomalyDetectorTransportAction$$Lambda/0x00007fcd28f1c460
8948:             1             16  org.opensearch.ad.transport.RCFPollingAction$$Lambda/0x00007fcd28c1a3a8
8949:             1             16  org.opensearch.ad.transport.RCFPollingTransportAction$$Lambda/0x00007fcd28f1e700
8950:             1             16  org.opensearch.ad.transport.RCFResultAction$$Lambda/0x00007fcd28a43ca0
8951:             1             16  org.opensearch.ad.transport.RCFResultTransportAction$$Lambda/0x00007fcd28d9e5e8
8952:             1             16  org.opensearch.ad.transport.SearchADTasksAction$$Lambda/0x00007fcd28c1b078
8953:             1             16  org.opensearch.ad.transport.SearchADTasksTransportAction$$Lambda/0x00007fcd28f1e0b8
8954:             1             16  org.opensearch.ad.transport.SearchAnomalyDetectorAction$$Lambda/0x00007fcd28c1a7d8
8955:             1             16  org.opensearch.ad.transport.SearchAnomalyDetectorInfoAction$$Lambda/0x00007fcd28c1f600
8956:             1             16  org.opensearch.ad.transport.SearchAnomalyDetectorTransportAction$$Lambda/0x00007fcd28e3f2c8
8957:             1             16  org.opensearch.ad.transport.SearchAnomalyResultAction$$Lambda/0x00007fcd28c1ac08
8958:             1             16  org.opensearch.ad.transport.SearchAnomalyResultTransportAction$$Lambda/0x00007fcd28f1cad8
8959:             1             16  org.opensearch.ad.transport.SearchTopAnomalyResultAction$$Lambda/0x00007fcd28c227e0
8960:             1             16  org.opensearch.ad.transport.SearchTopAnomalyResultTransportAction$$Lambda/0x00007fcd28e3e638
8961:             1             16  org.opensearch.ad.transport.StatsAnomalyDetectorAction$$Lambda/0x00007fcd28c1b738
8962:             1             16  org.opensearch.ad.transport.StopDetectorAction$$Lambda/0x00007fcd28a39e98
8963:             1             16  org.opensearch.ad.transport.StopDetectorTransportAction$$Lambda/0x00007fcd28e3f4e0
8964:             1             16  org.opensearch.ad.transport.ThresholdResultAction$$Lambda/0x00007fcd28c184b0
8965:             1             16  org.opensearch.ad.transport.ThresholdResultTransportAction$$Lambda/0x00007fcd28f1e4e8
8966:             1             16  org.opensearch.ad.transport.ValidateAnomalyDetectorAction$$Lambda/0x00007fcd28c22ea8
8967:             1             16  org.opensearch.agent.tools.PPLTool$Factory
8968:             1             16  org.opensearch.agent.tools.SearchAlertsTool$Factory
8969:             1             16  org.opensearch.agent.tools.SearchMonitorsTool$Factory
8970:             1             16  org.opensearch.alerting.AlertService$Companion
8971:             1             16  org.opensearch.alerting.AlertingPlugin$$Lambda/0x00007fcd286228c0
8972:             1             16  org.opensearch.alerting.AlertingPlugin$$Lambda/0x00007fcd28622ad8
8973:             1             16  org.opensearch.alerting.AlertingPlugin$Companion
8974:             1             16  org.opensearch.alerting.MonitorMetadataService
8975:             1             16  org.opensearch.alerting.MonitorMetadataService$$Lambda/0x00007fcd28a98420
8976:             1             16  org.opensearch.alerting.MonitorRunnerService$$Lambda/0x00007fcd28a8a600
8977:             1             16  org.opensearch.alerting.MonitorRunnerService$$Lambda/0x00007fcd28a8a828
8978:             1             16  org.opensearch.alerting.MonitorRunnerService$$Lambda/0x00007fcd28a8aa50
8979:             1             16  org.opensearch.alerting.MonitorRunnerService$$Lambda/0x00007fcd28a8ac78
8980:             1             16  org.opensearch.alerting.MonitorRunnerService$$Lambda/0x00007fcd28a8aea0
8981:             1             16  org.opensearch.alerting.MonitorRunnerService$$Lambda/0x00007fcd28a8b0c8
8982:             1             16  org.opensearch.alerting.MonitorRunnerService$$Lambda/0x00007fcd28a8b2f0
8983:             1             16  org.opensearch.alerting.MonitorRunnerService$$Lambda/0x00007fcd28a8b518
8984:             1             16  org.opensearch.alerting.MonitorRunnerService$$Lambda/0x00007fcd28a8b740
8985:             1             16  org.opensearch.alerting.MonitorRunnerService$$Lambda/0x00007fcd28a8b968
8986:             1             16  org.opensearch.alerting.MonitorRunnerService$$Lambda/0x00007fcd28a8bb90
8987:             1             16  org.opensearch.alerting.WorkflowMetadataService
8988:             1             16  org.opensearch.alerting.WorkflowMetadataService$$Lambda/0x00007fcd28a98868
8989:             1             16  org.opensearch.alerting.action.DocLevelMonitorFanOutAction$$Lambda/0x00007fcd28c35f10
8990:             1             16  org.opensearch.alerting.action.DocLevelMonitorFanOutAction$Companion
8991:             1             16  org.opensearch.alerting.action.ExecuteMonitorAction$$Lambda/0x00007fcd28c2ed10
8992:             1             16  org.opensearch.alerting.action.ExecuteMonitorAction$Companion
8993:             1             16  org.opensearch.alerting.action.ExecuteWorkflowAction$$Lambda/0x00007fcd28c34930
8994:             1             16  org.opensearch.alerting.action.ExecuteWorkflowAction$Companion
8995:             1             16  org.opensearch.alerting.action.GetDestinationsAction$$Lambda/0x00007fcd28c328b0
8996:             1             16  org.opensearch.alerting.action.GetDestinationsAction$Companion
8997:             1             16  org.opensearch.alerting.action.GetEmailAccountAction$$Lambda/0x00007fcd28c30288
8998:             1             16  org.opensearch.alerting.action.GetEmailAccountAction$Companion
8999:             1             16  org.opensearch.alerting.action.GetEmailGroupAction$$Lambda/0x00007fcd28c315a0
9000:             1             16  org.opensearch.alerting.action.GetEmailGroupAction$Companion
9001:             1             16  org.opensearch.alerting.action.GetRemoteIndexesAction$$Lambda/0x00007fcd28c353f8
9002:             1             16  org.opensearch.alerting.action.GetRemoteIndexesAction$Companion
9003:             1             16  org.opensearch.alerting.action.SearchEmailAccountAction$$Lambda/0x00007fcd28c30ad0
9004:             1             16  org.opensearch.alerting.action.SearchEmailAccountAction$Companion
9005:             1             16  org.opensearch.alerting.action.SearchEmailGroupAction$$Lambda/0x00007fcd28c31de8
9006:             1             16  org.opensearch.alerting.action.SearchEmailGroupAction$Companion
9007:             1             16  org.opensearch.alerting.alerts.AlertIndices$$Lambda/0x00007fcd288a30c8
9008:             1             16  org.opensearch.alerting.alerts.AlertIndices$$Lambda/0x00007fcd288a32f8
9009:             1             16  org.opensearch.alerting.alerts.AlertIndices$$Lambda/0x00007fcd288a3528
9010:             1             16  org.opensearch.alerting.alerts.AlertIndices$$Lambda/0x00007fcd288a3758
9011:             1             16  org.opensearch.alerting.alerts.AlertIndices$$Lambda/0x00007fcd288a3988
9012:             1             16  org.opensearch.alerting.alerts.AlertIndices$$Lambda/0x00007fcd288a3bb8
9013:             1             16  org.opensearch.alerting.alerts.AlertIndices$$Lambda/0x00007fcd28a88000
9014:             1             16  org.opensearch.alerting.alerts.AlertIndices$$Lambda/0x00007fcd28a88230
9015:             1             16  org.opensearch.alerting.alerts.AlertIndices$$Lambda/0x00007fcd28a88460
9016:             1             16  org.opensearch.alerting.alerts.AlertIndices$$Lambda/0x00007fcd28a88690
9017:             1             16  org.opensearch.alerting.alerts.AlertIndices$$Lambda/0x00007fcd28a888c0
9018:             1             16  org.opensearch.alerting.alerts.AlertIndices$Companion
9019:             1             16  org.opensearch.alerting.comments.CommentsIndices$$Lambda/0x00007fcd28a8c7e8
9020:             1             16  org.opensearch.alerting.comments.CommentsIndices$$Lambda/0x00007fcd28a8ca18
9021:             1             16  org.opensearch.alerting.comments.CommentsIndices$$Lambda/0x00007fcd28a8cc48
9022:             1             16  org.opensearch.alerting.comments.CommentsIndices$$Lambda/0x00007fcd28a8ce78
9023:             1             16  org.opensearch.alerting.comments.CommentsIndices$Companion
9024:             1             16  org.opensearch.alerting.core.JobSweeper$$Lambda/0x00007fcd28a8d568
9025:             1             16  org.opensearch.alerting.core.JobSweeper$$Lambda/0x00007fcd28a8d798
9026:             1             16  org.opensearch.alerting.core.JobSweeper$$Lambda/0x00007fcd28a8d9c8
9027:             1             16  org.opensearch.alerting.core.JobSweeper$$Lambda/0x00007fcd28a8dbf8
9028:             1             16  org.opensearch.alerting.core.JobSweeper$$Lambda/0x00007fcd28a8de28
9029:             1             16  org.opensearch.alerting.core.JobSweeper$$Lambda/0x00007fcd28a8e058
9030:             1             16  org.opensearch.alerting.core.JobSweeper$$Lambda/0x00007fcd29019560
9031:             1             16  org.opensearch.alerting.core.ScheduledJobIndices$Companion
9032:             1             16  org.opensearch.alerting.core.action.node.ScheduledJobsStatsAction$$Lambda/0x00007fcd28a99390
9033:             1             16  org.opensearch.alerting.core.action.node.ScheduledJobsStatsAction$Companion
9034:             1             16  org.opensearch.alerting.core.action.node.ScheduledJobsStatsTransportAction$$Lambda/0x00007fcd28dfc430
9035:             1             16  org.opensearch.alerting.core.action.node.ScheduledJobsStatsTransportAction$$Lambda/0x00007fcd28dfc648
9036:             1             16  org.opensearch.alerting.core.lock.LockService$Companion
9037:             1             16  org.opensearch.alerting.core.resthandler.RestScheduledJobStatsHandler$Companion
9038:             1             16  org.opensearch.alerting.core.resthandler.RestScheduledJobStatsHandler$Companion$METRICS$1
9039:             1             16  org.opensearch.alerting.core.resthandler.RestScheduledJobStatsHandler$Companion$METRICS$2
9040:             1             16  org.opensearch.alerting.core.settings.LegacyOpenDistroScheduledJobSettings$Companion
9041:             1             16  org.opensearch.alerting.core.settings.ScheduledJobSettings$Companion
9042:             1             16  org.opensearch.alerting.model.AlertContext$Companion
9043:             1             16  org.opensearch.alerting.resthandler.RestGetRemoteIndexesAction$Companion
9044:             1             16  org.opensearch.alerting.resthandler.RestSearchMonitorAction$$Lambda/0x00007fcd28f85208
9045:             1             16  org.opensearch.alerting.script.TriggerScript$Companion
9046:             1             16  org.opensearch.alerting.service.DeleteMonitorService
9047:             1             16  org.opensearch.alerting.settings.AlertingSettings$Companion
9048:             1             16  org.opensearch.alerting.settings.DestinationSettings$$Lambda/0x00007fcd2846acf0
9049:             1             16  org.opensearch.alerting.settings.DestinationSettings$$Lambda/0x00007fcd2846af28
9050:             1             16  org.opensearch.alerting.settings.DestinationSettings$Companion
9051:             1             16  org.opensearch.alerting.settings.LegacyOpenDistroAlertingSettings$Companion
9052:             1             16  org.opensearch.alerting.settings.LegacyOpenDistroDestinationSettings$$Lambda/0x00007fcd2846a880
9053:             1             16  org.opensearch.alerting.settings.LegacyOpenDistroDestinationSettings$$Lambda/0x00007fcd2846aab8
9054:             1             16  org.opensearch.alerting.settings.LegacyOpenDistroDestinationSettings$Companion
9055:             1             16  org.opensearch.alerting.transport.TransportAcknowledgeAlertAction$$Lambda/0x00007fcd28eed6d8
9056:             1             16  org.opensearch.alerting.transport.TransportAcknowledgeAlertAction$$Lambda/0x00007fcd28eed8f0
9057:             1             16  org.opensearch.alerting.transport.TransportAcknowledgeChainedAlertAction$$Lambda/0x00007fcd28dfe2b8
9058:             1             16  org.opensearch.alerting.transport.TransportAcknowledgeChainedAlertAction$$Lambda/0x00007fcd28dfe4d0
9059:             1             16  org.opensearch.alerting.transport.TransportDeleteAlertingCommentAction$$Lambda/0x00007fcd28eef888
9060:             1             16  org.opensearch.alerting.transport.TransportDeleteAlertingCommentAction$$Lambda/0x00007fcd28eefaa0
9061:             1             16  org.opensearch.alerting.transport.TransportDeleteMonitorAction$$Lambda/0x00007fcd28eef1b0
9062:             1             16  org.opensearch.alerting.transport.TransportDeleteWorkflowAction$$Lambda/0x00007fcd28eec6f0
9063:             1             16  org.opensearch.alerting.transport.TransportDocLevelMonitorFanOutAction$$Lambda/0x00007fcd28dfe918
9064:             1             16  org.opensearch.alerting.transport.TransportDocLevelMonitorFanOutAction$$Lambda/0x00007fcd28dfeb30
9065:             1             16  org.opensearch.alerting.transport.TransportDocLevelMonitorFanOutAction$$Lambda/0x00007fcd28dfed60
9066:             1             16  org.opensearch.alerting.transport.TransportDocLevelMonitorFanOutAction$$Lambda/0x00007fcd28dfef90
9067:             1             16  org.opensearch.alerting.transport.TransportDocLevelMonitorFanOutAction$$Lambda/0x00007fcd28dff1c0
9068:             1             16  org.opensearch.alerting.transport.TransportDocLevelMonitorFanOutAction$$Lambda/0x00007fcd28dff3f0
9069:             1             16  org.opensearch.alerting.transport.TransportDocLevelMonitorFanOutAction$$Lambda/0x00007fcd28dff620
9070:             1             16  org.opensearch.alerting.transport.TransportDocLevelMonitorFanOutAction$$Lambda/0x00007fcd28dff850
9071:             1             16  org.opensearch.alerting.transport.TransportDocLevelMonitorFanOutAction$$Lambda/0x00007fcd28dffa80
9072:             1             16  org.opensearch.alerting.transport.TransportExecuteMonitorAction$$Lambda/0x00007fcd28f84230
9073:             1             16  org.opensearch.alerting.transport.TransportExecuteWorkflowAction$$Lambda/0x00007fcd28eef3c8
9074:             1             16  org.opensearch.alerting.transport.TransportGetAlertsAction$$Lambda/0x00007fcd28dfcca8
9075:             1             16  org.opensearch.alerting.transport.TransportGetDestinationsAction$$Lambda/0x00007fcd28dfe700
9076:             1             16  org.opensearch.alerting.transport.TransportGetEmailAccountAction$$Lambda/0x00007fcd28d86d68
9077:             1             16  org.opensearch.alerting.transport.TransportGetEmailAccountAction$$Lambda/0x00007fcd28d86f80
9078:             1             16  org.opensearch.alerting.transport.TransportGetEmailGroupAction$$Lambda/0x00007fcd28eecb20
9079:             1             16  org.opensearch.alerting.transport.TransportGetEmailGroupAction$$Lambda/0x00007fcd28eecd38
9080:             1             16  org.opensearch.alerting.transport.TransportGetFindingsSearchAction$$Lambda/0x00007fcd28eec908
9081:             1             16  org.opensearch.alerting.transport.TransportGetMonitorAction$$Lambda/0x00007fcd28eed218
9082:             1             16  org.opensearch.alerting.transport.TransportGetRemoteIndexesAction$$Lambda/0x00007fcd28eedb20
9083:             1             16  org.opensearch.alerting.transport.TransportGetRemoteIndexesAction$$Lambda/0x00007fcd28eedd38
9084:             1             16  org.opensearch.alerting.transport.TransportGetWorkflowAction$$Lambda/0x00007fcd28eedf68
9085:             1             16  org.opensearch.alerting.transport.TransportGetWorkflowAlertsAction$$Lambda/0x00007fcd28dffcb0
9086:             1             16  org.opensearch.alerting.transport.TransportGetWorkflowAlertsAction$$Lambda/0x00007fcd28eec000
9087:             1             16  org.opensearch.alerting.transport.TransportIndexAlertingCommentAction$$Lambda/0x00007fcd28eee430
9088:             1             16  org.opensearch.alerting.transport.TransportIndexAlertingCommentAction$$Lambda/0x00007fcd28eee648
9089:             1             16  org.opensearch.alerting.transport.TransportIndexAlertingCommentAction$$Lambda/0x00007fcd28eee878
9090:             1             16  org.opensearch.alerting.transport.TransportIndexAlertingCommentAction$$Lambda/0x00007fcd28eeeaa8
9091:             1             16  org.opensearch.alerting.transport.TransportIndexAlertingCommentAction$$Lambda/0x00007fcd28eeecd8
9092:             1             16  org.opensearch.alerting.transport.TransportIndexMonitorAction$$Lambda/0x00007fcd28dfd308
9093:             1             16  org.opensearch.alerting.transport.TransportIndexMonitorAction$$Lambda/0x00007fcd28dfd520
9094:             1             16  org.opensearch.alerting.transport.TransportIndexMonitorAction$$Lambda/0x00007fcd28dfd750
9095:             1             16  org.opensearch.alerting.transport.TransportIndexMonitorAction$$Lambda/0x00007fcd28dfd980
9096:             1             16  org.opensearch.alerting.transport.TransportIndexMonitorAction$$Lambda/0x00007fcd28dfdbb0
9097:             1             16  org.opensearch.alerting.transport.TransportIndexMonitorAction$$Lambda/0x00007fcd28dfdde0
9098:             1             16  org.opensearch.alerting.transport.TransportIndexWorkflowAction$$Lambda/0x00007fcd28d871b0
9099:             1             16  org.opensearch.alerting.transport.TransportIndexWorkflowAction$$Lambda/0x00007fcd28d873c8
9100:             1             16  org.opensearch.alerting.transport.TransportIndexWorkflowAction$$Lambda/0x00007fcd28d875f8
9101:             1             16  org.opensearch.alerting.transport.TransportIndexWorkflowAction$$Lambda/0x00007fcd28d87828
9102:             1             16  org.opensearch.alerting.transport.TransportIndexWorkflowAction$$Lambda/0x00007fcd28d87a58
9103:             1             16  org.opensearch.alerting.transport.TransportIndexWorkflowAction$$Lambda/0x00007fcd28d87c88
9104:             1             16  org.opensearch.alerting.transport.TransportSearchAlertingCommentAction$$Lambda/0x00007fcd28dfcec0
9105:             1             16  org.opensearch.alerting.transport.TransportSearchAlertingCommentAction$$Lambda/0x00007fcd28dfd0d8
9106:             1             16  org.opensearch.alerting.transport.TransportSearchEmailAccountAction$$Lambda/0x00007fcd28eefcd0
9107:             1             16  org.opensearch.alerting.transport.TransportSearchEmailAccountAction$$Lambda/0x00007fcd28f84000
9108:             1             16  org.opensearch.alerting.transport.TransportSearchEmailGroupAction$$Lambda/0x00007fcd28dfc860
9109:             1             16  org.opensearch.alerting.transport.TransportSearchEmailGroupAction$$Lambda/0x00007fcd28dfca78
9110:             1             16  org.opensearch.alerting.transport.TransportSearchMonitorAction$$Lambda/0x00007fcd28eec230
9111:             1             16  org.opensearch.alerting.util.DocLevelMonitorQueries$Companion
9112:             1             16  org.opensearch.alerting.util.destinationmigration.DestinationMigrationUtilService$Companion
9113:             1             16  org.opensearch.analysis.common.CommonAnalysisPlugin
9114:             1             16  org.opensearch.analysis.common.CommonAnalysisPlugin$$Lambda/0x00007fcd2845a8c8
9115:             1             16  org.opensearch.analysis.common.CommonAnalysisPlugin$$Lambda/0x00007fcd2845ada8
9116:             1             16  org.opensearch.analysis.common.CommonAnalysisPlugin$$Lambda/0x00007fcd28658400
9117:             1             16  org.opensearch.analysis.common.CommonAnalysisPlugin$$Lambda/0x00007fcd28658ab0
9118:             1             16  org.opensearch.analysis.common.CommonAnalysisPlugin$$Lambda/0x00007fcd286592b0
9119:             1             16  org.opensearch.analysis.common.CommonAnalysisPlugin$$Lambda/0x00007fcd28659798
9120:             1             16  org.opensearch.analysis.common.CommonAnalysisPlugin$$Lambda/0x00007fcd28659ca8
9121:             1             16  org.opensearch.analysis.common.CommonAnalysisPlugin$$Lambda/0x00007fcd2865a298
9122:             1             16  org.opensearch.analysis.common.CommonAnalysisPlugin$$Lambda/0x00007fcd2865a780
9123:             1             16  org.opensearch.analysis.common.CommonAnalysisPlugin$$Lambda/0x00007fcd2865ac90
9124:             1             16  org.opensearch.analysis.common.CommonAnalysisPlugin$$Lambda/0x00007fcd2865b178
9125:             1             16  org.opensearch.analysis.common.CommonAnalysisPlugin$$Lambda/0x00007fcd2865b688
9126:             1             16  org.opensearch.analysis.common.CommonAnalysisPlugin$$Lambda/0x00007fcd2865bb98
9127:             1             16  org.opensearch.analysis.common.CommonAnalysisPlugin$$Lambda/0x00007fcd286602b8
9128:             1             16  org.opensearch.analysis.common.CommonAnalysisPlugin$$Lambda/0x00007fcd286607a8
9129:             1             16  org.opensearch.analysis.common.CommonAnalysisPlugin$$Lambda/0x00007fcd286609e0
9130:             1             16  org.opensearch.analysis.common.CommonAnalysisPlugin$$Lambda/0x00007fcd28660ef8
9131:             1             16  org.opensearch.analysis.common.CommonAnalysisPlugin$$Lambda/0x00007fcd286613e8
9132:             1             16  org.opensearch.analysis.common.CommonAnalysisPlugin$$Lambda/0x00007fcd286618d0
9133:             1             16  org.opensearch.analysis.common.CommonAnalysisPlugin$$Lambda/0x00007fcd28662078
9134:             1             16  org.opensearch.analysis.common.CommonAnalysisPlugin$$Lambda/0x00007fcd28662560
9135:             1             16  org.opensearch.analysis.common.CommonAnalysisPlugin$$Lambda/0x00007fcd28662a48
9136:             1             16  org.opensearch.analysis.common.CommonAnalysisPlugin$$Lambda/0x00007fcd28662c80
9137:             1             16  org.opensearch.analysis.common.CommonAnalysisPlugin$$Lambda/0x00007fcd28663190
9138:             1             16  org.opensearch.analysis.common.CommonAnalysisPlugin$$Lambda/0x00007fcd28663678
9139:             1             16  org.opensearch.analysis.common.CommonAnalysisPlugin$$Lambda/0x00007fcd28663b60
9140:             1             16  org.opensearch.analysis.common.CommonAnalysisPlugin$$Lambda/0x00007fcd28663d98
9141:             1             16  org.opensearch.analysis.common.CommonAnalysisPlugin$$Lambda/0x00007fcd28668588
9142:             1             16  org.opensearch.analysis.common.CommonAnalysisPlugin$$Lambda/0x00007fcd28668a70
9143:             1             16  org.opensearch.analysis.common.CommonAnalysisPlugin$$Lambda/0x00007fcd28668f80
9144:             1             16  org.opensearch.analysis.common.CommonAnalysisPlugin$$Lambda/0x00007fcd28669470
9145:             1             16  org.opensearch.analysis.common.CommonAnalysisPlugin$$Lambda/0x00007fcd28669980
9146:             1             16  org.opensearch.analysis.common.CommonAnalysisPlugin$$Lambda/0x00007fcd28669e68
9147:             1             16  org.opensearch.analysis.common.CommonAnalysisPlugin$$Lambda/0x00007fcd2866a350
9148:             1             16  org.opensearch.analysis.common.CommonAnalysisPlugin$$Lambda/0x00007fcd2866a838
9149:             1             16  org.opensearch.analysis.common.CommonAnalysisPlugin$$Lambda/0x00007fcd2866ad20
9150:             1             16  org.opensearch.analysis.common.CommonAnalysisPlugin$$Lambda/0x00007fcd2866b208
9151:             1             16  org.opensearch.analysis.common.CommonAnalysisPlugin$$Lambda/0x00007fcd2866b6f0
9152:             1             16  org.opensearch.analysis.common.CommonAnalysisPlugin$$Lambda/0x00007fcd2866bc00
9153:             1             16  org.opensearch.analysis.common.CommonAnalysisPlugin$$Lambda/0x00007fcd2866c0e8
9154:             1             16  org.opensearch.analysis.common.CommonAnalysisPlugin$$Lambda/0x00007fcd2866c5d8
9155:             1             16  org.opensearch.analysis.common.CommonAnalysisPlugin$$Lambda/0x00007fcd2866cac0
9156:             1             16  org.opensearch.analysis.common.CommonAnalysisPlugin$$Lambda/0x00007fcd2866ccf8
9157:             1             16  org.opensearch.analysis.common.CommonAnalysisPlugin$$Lambda/0x00007fcd2866d1f0
9158:             1             16  org.opensearch.analysis.common.CommonAnalysisPlugin$$Lambda/0x00007fcd2866d6e0
9159:             1             16  org.opensearch.analysis.common.CommonAnalysisPlugin$$Lambda/0x00007fcd2866dbf0
9160:             1             16  org.opensearch.analysis.common.CommonAnalysisPlugin$$Lambda/0x00007fcd2866e0d8
9161:             1             16  org.opensearch.analysis.common.CommonAnalysisPlugin$$Lambda/0x00007fcd2866e310
9162:             1             16  org.opensearch.analysis.common.CommonAnalysisPlugin$$Lambda/0x00007fcd2866e800
9163:             1             16  org.opensearch.analysis.common.CommonAnalysisPlugin$$Lambda/0x00007fcd2866ece8
9164:             1             16  org.opensearch.analysis.common.CommonAnalysisPlugin$$Lambda/0x00007fcd2866f1d0
9165:             1             16  org.opensearch.analysis.common.CommonAnalysisPlugin$$Lambda/0x00007fcd2866f6e0
9166:             1             16  org.opensearch.analysis.common.CommonAnalysisPlugin$$Lambda/0x00007fcd2866fbf0
9167:             1             16  org.opensearch.analysis.common.CommonAnalysisPlugin$$Lambda/0x00007fcd286702d8
9168:             1             16  org.opensearch.analysis.common.CommonAnalysisPlugin$$Lambda/0x00007fcd286707c0
9169:             1             16  org.opensearch.analysis.common.CommonAnalysisPlugin$$Lambda/0x00007fcd28670cd0
9170:             1             16  org.opensearch.analysis.common.CommonAnalysisPlugin$$Lambda/0x00007fcd286711b8
9171:             1             16  org.opensearch.analysis.common.CommonAnalysisPlugin$$Lambda/0x00007fcd28671920
9172:             1             16  org.opensearch.analysis.common.CommonAnalysisPlugin$$Lambda/0x00007fcd28672050
9173:             1             16  org.opensearch.analysis.common.CommonAnalysisPlugin$$Lambda/0x00007fcd28672558
9174:             1             16  org.opensearch.analysis.common.CommonAnalysisPlugin$$Lambda/0x00007fcd28672a68
9175:             1             16  org.opensearch.analysis.common.CommonAnalysisPlugin$$Lambda/0x00007fcd28672f50
9176:             1             16  org.opensearch.analysis.common.CommonAnalysisPlugin$$Lambda/0x00007fcd286736c0
9177:             1             16  org.opensearch.analysis.common.CommonAnalysisPlugin$$Lambda/0x00007fcd28673bd0
9178:             1             16  org.opensearch.analysis.common.CommonAnalysisPlugin$$Lambda/0x00007fcd286802b8
9179:             1             16  org.opensearch.analysis.common.CommonAnalysisPlugin$$Lambda/0x00007fcd286807b0
9180:             1             16  org.opensearch.analysis.common.CommonAnalysisPlugin$$Lambda/0x00007fcd28680c48
9181:             1             16  org.opensearch.analysis.common.CommonAnalysisPlugin$$Lambda/0x00007fcd286810e0
9182:             1             16  org.opensearch.analysis.common.CommonAnalysisPlugin$$Lambda/0x00007fcd28681578
9183:             1             16  org.opensearch.analysis.common.CommonAnalysisPlugin$$Lambda/0x00007fcd286817b0
9184:             1             16  org.opensearch.analysis.common.CommonAnalysisPlugin$$Lambda/0x00007fcd28681ec0
9185:             1             16  org.opensearch.analysis.common.CommonAnalysisPlugin$$Lambda/0x00007fcd286820f8
9186:             1             16  org.opensearch.analysis.common.CommonAnalysisPlugin$$Lambda/0x00007fcd28682808
9187:             1             16  org.opensearch.analysis.common.CommonAnalysisPlugin$$Lambda/0x00007fcd28682f18
9188:             1             16  org.opensearch.analysis.common.CommonAnalysisPlugin$$Lambda/0x00007fcd286833b0
9189:             1             16  org.opensearch.analysis.common.CommonAnalysisPlugin$$Lambda/0x00007fcd28683848
9190:             1             16  org.opensearch.analysis.common.CommonAnalysisPlugin$$Lambda/0x00007fcd28683f48
9191:             1             16  org.opensearch.analysis.common.CommonAnalysisPlugin$$Lambda/0x00007fcd286843e0
9192:             1             16  org.opensearch.analysis.common.CommonAnalysisPlugin$$Lambda/0x00007fcd28684618
9193:             1             16  org.opensearch.analysis.common.CommonAnalysisPlugin$$Lambda/0x00007fcd28684ab8
9194:             1             16  org.opensearch.analysis.common.CommonAnalysisPlugin$$Lambda/0x00007fcd28684f50
9195:             1             16  org.opensearch.analysis.common.CommonAnalysisPlugin$$Lambda/0x00007fcd286853e8
9196:             1             16  org.opensearch.analysis.common.CommonAnalysisPlugin$$Lambda/0x00007fcd28685880
9197:             1             16  org.opensearch.analysis.common.CommonAnalysisPlugin$$Lambda/0x00007fcd28685fc8
9198:             1             16  org.opensearch.analysis.common.CommonAnalysisPlugin$$Lambda/0x00007fcd28686490
9199:             1             16  org.opensearch.analysis.common.CommonAnalysisPlugin$$Lambda/0x00007fcd28686958
9200:             1             16  org.opensearch.analysis.common.CommonAnalysisPlugin$$Lambda/0x00007fcd28686e20
9201:             1             16  org.opensearch.analysis.common.CommonAnalysisPlugin$$Lambda/0x00007fcd286872e8
9202:             1             16  org.opensearch.analysis.common.CommonAnalysisPlugin$$Lambda/0x00007fcd286877b0
9203:             1             16  org.opensearch.analysis.common.CommonAnalysisPlugin$$Lambda/0x00007fcd28687c78
9204:             1             16  org.opensearch.analysis.common.CommonAnalysisPlugin$$Lambda/0x00007fcd2868c290
9205:             1             16  org.opensearch.analysis.common.CommonAnalysisPlugin$$Lambda/0x00007fcd2868c758
9206:             1             16  org.opensearch.analysis.common.CommonAnalysisPlugin$$Lambda/0x00007fcd2868cc20
9207:             1             16  org.opensearch.analysis.common.CommonAnalysisPlugin$$Lambda/0x00007fcd2868d0e8
9208:             1             16  org.opensearch.analysis.common.CommonAnalysisPlugin$$Lambda/0x00007fcd2868d5b0
9209:             1             16  org.opensearch.analysis.common.CommonAnalysisPlugin$$Lambda/0x00007fcd2868da78
9210:             1             16  org.opensearch.analysis.common.CommonAnalysisPlugin$$Lambda/0x00007fcd2868df40
9211:             1             16  org.opensearch.analysis.common.CommonAnalysisPlugin$$Lambda/0x00007fcd2868e408
9212:             1             16  org.opensearch.analysis.common.CommonAnalysisPlugin$$Lambda/0x00007fcd2868e8d0
9213:             1             16  org.opensearch.analysis.common.CommonAnalysisPlugin$$Lambda/0x00007fcd2868ed98
9214:             1             16  org.opensearch.analysis.common.CommonAnalysisPlugin$$Lambda/0x00007fcd2868f260
9215:             1             16  org.opensearch.analysis.common.CommonAnalysisPlugin$$Lambda/0x00007fcd2868f728
9216:             1             16  org.opensearch.analysis.common.CommonAnalysisPlugin$$Lambda/0x00007fcd2868fbf0
9217:             1             16  org.opensearch.analysis.common.CommonAnalysisPlugin$$Lambda/0x00007fcd28694290
9218:             1             16  org.opensearch.analysis.common.CommonAnalysisPlugin$$Lambda/0x00007fcd28694758
9219:             1             16  org.opensearch.analysis.common.CommonAnalysisPlugin$$Lambda/0x00007fcd28694c20
9220:             1             16  org.opensearch.analysis.common.CommonAnalysisPlugin$$Lambda/0x00007fcd286950e8
9221:             1             16  org.opensearch.analysis.common.CommonAnalysisPlugin$$Lambda/0x00007fcd286955b0
9222:             1             16  org.opensearch.analysis.common.CommonAnalysisPlugin$$Lambda/0x00007fcd28695a78
9223:             1             16  org.opensearch.analysis.common.CommonAnalysisPlugin$$Lambda/0x00007fcd28695f40
9224:             1             16  org.opensearch.analysis.common.CommonAnalysisPlugin$$Lambda/0x00007fcd28696408
9225:             1             16  org.opensearch.analysis.common.CommonAnalysisPlugin$$Lambda/0x00007fcd286968d0
9226:             1             16  org.opensearch.analysis.common.CommonAnalysisPlugin$$Lambda/0x00007fcd28696d98
9227:             1             16  org.opensearch.analysis.common.CommonAnalysisPlugin$$Lambda/0x00007fcd28697260
9228:             1             16  org.opensearch.analysis.common.CommonAnalysisPlugin$$Lambda/0x00007fcd28697728
9229:             1             16  org.opensearch.analysis.common.CommonAnalysisPlugin$$Lambda/0x00007fcd28697bf0
9230:             1             16  org.opensearch.analysis.common.CommonAnalysisPlugin$$Lambda/0x00007fcd28698290
9231:             1             16  org.opensearch.analysis.common.CommonAnalysisPlugin$$Lambda/0x00007fcd28698758
9232:             1             16  org.opensearch.analysis.common.CommonAnalysisPlugin$$Lambda/0x00007fcd28698c20
9233:             1             16  org.opensearch.analysis.common.CommonAnalysisPlugin$$Lambda/0x00007fcd286990e8
9234:             1             16  org.opensearch.analysis.common.CommonAnalysisPlugin$$Lambda/0x00007fcd286995b0
9235:             1             16  org.opensearch.analysis.common.CommonAnalysisPlugin$$Lambda/0x00007fcd28699a78
9236:             1             16  org.opensearch.analysis.common.CommonAnalysisPlugin$$Lambda/0x00007fcd28699cb0
9237:             1             16  org.opensearch.analysis.common.CommonAnalysisPlugin$$Lambda/0x00007fcd28699ee8
9238:             1             16  org.opensearch.analysis.common.CommonAnalysisPlugin$$Lambda/0x00007fcd2869a120
9239:             1             16  org.opensearch.analysis.common.CommonAnalysisPlugin$$Lambda/0x00007fcd2869a358
9240:             1             16  org.opensearch.analysis.common.CommonAnalysisPlugin$$Lambda/0x00007fcd2869a590
9241:             1             16  org.opensearch.analysis.common.CommonAnalysisPlugin$$Lambda/0x00007fcd2869a7c8
9242:             1             16  org.opensearch.analysis.common.CommonAnalysisPlugin$$Lambda/0x00007fcd2869aa00
9243:             1             16  org.opensearch.analysis.common.CommonAnalysisPlugin$$Lambda/0x00007fcd2869ac38
9244:             1             16  org.opensearch.analysis.common.CommonAnalysisPlugin$$Lambda/0x00007fcd2869ae70
9245:             1             16  org.opensearch.analysis.common.CommonAnalysisPlugin$$Lambda/0x00007fcd2869b0a8
9246:             1             16  org.opensearch.analysis.common.CommonAnalysisPlugin$$Lambda/0x00007fcd2869b2e0
9247:             1             16  org.opensearch.analysis.common.CommonAnalysisPlugin$$Lambda/0x00007fcd2869b518
9248:             1             16  org.opensearch.analysis.common.CommonAnalysisPlugin$$Lambda/0x00007fcd2869b750
9249:             1             16  org.opensearch.analysis.common.CommonAnalysisPlugin$$Lambda/0x00007fcd2869b988
9250:             1             16  org.opensearch.analysis.common.CommonAnalysisPlugin$$Lambda/0x00007fcd2869bbc0
9251:             1             16  org.opensearch.analysis.common.CommonAnalysisPlugin$$Lambda/0x00007fcd286a0000
9252:             1             16  org.opensearch.analysis.common.CommonAnalysisPlugin$$Lambda/0x00007fcd286a0238
9253:             1             16  org.opensearch.analysis.common.CommonAnalysisPlugin$$Lambda/0x00007fcd286a0470
9254:             1             16  org.opensearch.analysis.common.CommonAnalysisPlugin$$Lambda/0x00007fcd286a0698
9255:             1             16  org.opensearch.analysis.common.CommonAnalysisPlugin$$Lambda/0x00007fcd286a08d0
9256:             1             16  org.opensearch.analysis.common.CommonAnalysisPlugin$$Lambda/0x00007fcd286a0b08
9257:             1             16  org.opensearch.analysis.common.CommonAnalysisPlugin$$Lambda/0x00007fcd286a0d40
9258:             1             16  org.opensearch.analysis.common.CommonAnalysisPlugin$$Lambda/0x00007fcd286a0f78
9259:             1             16  org.opensearch.analysis.common.CommonAnalysisPlugin$$Lambda/0x00007fcd286a11b0
9260:             1             16  org.opensearch.analysis.common.CommonAnalysisPlugin$$Lambda/0x00007fcd286a13e8
9261:             1             16  org.opensearch.analysis.common.CommonAnalysisPlugin$$Lambda/0x00007fcd286a1620
9262:             1             16  org.opensearch.analysis.common.CommonAnalysisPlugin$$Lambda/0x00007fcd286a1858
9263:             1             16  org.opensearch.analysis.common.CommonAnalysisPlugin$$Lambda/0x00007fcd286a1a90
9264:             1             16  org.opensearch.analysis.common.CommonAnalysisPlugin$$Lambda/0x00007fcd286a1cc8
9265:             1             16  org.opensearch.analysis.common.CommonAnalysisPlugin$$Lambda/0x00007fcd286a1f00
9266:             1             16  org.opensearch.analysis.common.CommonAnalysisPlugin$$Lambda/0x00007fcd286a2128
9267:             1             16  org.opensearch.analysis.common.CommonAnalysisPlugin$$Lambda/0x00007fcd286a2360
9268:             1             16  org.opensearch.analysis.common.CommonAnalysisPlugin$$Lambda/0x00007fcd286a2598
9269:             1             16  org.opensearch.analysis.common.CommonAnalysisPlugin$$Lambda/0x00007fcd286a27d0
9270:             1             16  org.opensearch.analysis.common.CommonAnalysisPlugin$$Lambda/0x00007fcd286a2a08
9271:             1             16  org.opensearch.analysis.common.CommonAnalysisPlugin$$Lambda/0x00007fcd286a2c40
9272:             1             16  org.opensearch.analysis.common.CommonAnalysisPlugin$$Lambda/0x00007fcd286a2e78
9273:             1             16  org.opensearch.analysis.common.CommonAnalysisPlugin$$Lambda/0x00007fcd286a30b0
9274:             1             16  org.opensearch.analysis.common.CommonAnalysisPlugin$$Lambda/0x00007fcd286a32e8
9275:             1             16  org.opensearch.analysis.common.CommonAnalysisPlugin$$Lambda/0x00007fcd286a3520
9276:             1             16  org.opensearch.analysis.common.CommonAnalysisPlugin$$Lambda/0x00007fcd286a3758
9277:             1             16  org.opensearch.analysis.common.CommonAnalysisPlugin$$Lambda/0x00007fcd286a3990
9278:             1             16  org.opensearch.analysis.common.CommonAnalysisPlugin$$Lambda/0x00007fcd286a3bc8
9279:             1             16  org.opensearch.analysis.common.CommonAnalysisPlugin$$Lambda/0x00007fcd286a3e00
9280:             1             16  org.opensearch.analysis.common.CommonAnalysisPlugin$$Lambda/0x00007fcd286a4038
9281:             1             16  org.opensearch.analysis.common.CommonAnalysisPlugin$$Lambda/0x00007fcd286a4270
9282:             1             16  org.opensearch.analysis.common.CommonAnalysisPlugin$$Lambda/0x00007fcd286a44a8
9283:             1             16  org.opensearch.analysis.common.CommonAnalysisPlugin$$Lambda/0x00007fcd286a46e0
9284:             1             16  org.opensearch.analysis.common.CommonAnalysisPlugin$$Lambda/0x00007fcd286a4908
9285:             1             16  org.opensearch.analysis.common.CommonAnalysisPlugin$$Lambda/0x00007fcd286a4b20
9286:             1             16  org.opensearch.analysis.common.CommonAnalysisPlugin$$Lambda/0x00007fcd286a4d38
9287:             1             16  org.opensearch.analysis.common.CommonAnalysisPlugin$$Lambda/0x00007fcd286a4f50
9288:             1             16  org.opensearch.analysis.common.CommonAnalysisPlugin$$Lambda/0x00007fcd286a5168
9289:             1             16  org.opensearch.analysis.common.CommonAnalysisPlugin$$Lambda/0x00007fcd286a5380
9290:             1             16  org.opensearch.analysis.common.CommonAnalysisPlugin$$Lambda/0x00007fcd286a5598
9291:             1             16  org.opensearch.analysis.common.CommonAnalysisPlugin$$Lambda/0x00007fcd286a57b0
9292:             1             16  org.opensearch.analysis.common.CommonAnalysisPlugin$$Lambda/0x00007fcd286a59e8
9293:             1             16  org.opensearch.analysis.common.CommonAnalysisPlugin$$Lambda/0x00007fcd286a5c00
9294:             1             16  org.opensearch.analysis.common.CommonAnalysisPlugin$$Lambda/0x00007fcd286a5e18
9295:             1             16  org.opensearch.analysis.common.CommonAnalysisPlugin$$Lambda/0x00007fcd286a6030
9296:             1             16  org.opensearch.analysis.common.CommonAnalysisPlugin$$Lambda/0x00007fcd286a6268
9297:             1             16  org.opensearch.analysis.common.CommonAnalysisPlugin$$Lambda/0x00007fcd286a64a0
9298:             1             16  org.opensearch.analysis.common.CommonAnalysisPlugin$$Lambda/0x00007fcd286a66b8
9299:             1             16  org.opensearch.analysis.common.CommonAnalysisPlugin$$Lambda/0x00007fcd286a68d0
9300:             1             16  org.opensearch.analysis.common.CommonAnalysisPlugin$$Lambda/0x00007fcd286a6ae8
9301:             1             16  org.opensearch.analysis.common.CommonAnalysisPlugin$$Lambda/0x00007fcd286a6d00
9302:             1             16  org.opensearch.analysis.common.CommonAnalysisPlugin$$Lambda/0x00007fcd286a6f18
9303:             1             16  org.opensearch.analysis.common.CommonAnalysisPlugin$$Lambda/0x00007fcd286a7130
9304:             1             16  org.opensearch.analysis.common.CommonAnalysisPlugin$$Lambda/0x00007fcd286a7348
9305:             1             16  org.opensearch.analysis.common.CommonAnalysisPlugin$$Lambda/0x00007fcd286a7560
9306:             1             16  org.opensearch.analysis.common.CommonAnalysisPlugin$$Lambda/0x00007fcd286a7778
9307:             1             16  org.opensearch.analysis.common.CommonAnalysisPlugin$$Lambda/0x00007fcd286a7990
9308:             1             16  org.opensearch.analysis.common.CommonAnalysisPlugin$$Lambda/0x00007fcd286a7ba8
9309:             1             16  org.opensearch.analysis.common.CommonAnalysisPlugin$$Lambda/0x00007fcd286a7dc0
9310:             1             16  org.opensearch.analysis.common.CommonAnalysisPlugin$$Lambda/0x00007fcd286b0000
9311:             1             16  org.opensearch.analysis.common.CommonAnalysisPlugin$$Lambda/0x00007fcd286b0218
9312:             1             16  org.opensearch.analysis.common.CommonAnalysisPlugin$$Lambda/0x00007fcd286b0430
9313:             1             16  org.opensearch.analysis.common.CommonAnalysisPlugin$$Lambda/0x00007fcd286b0648
9314:             1             16  org.opensearch.analysis.common.CommonAnalysisPlugin$$Lambda/0x00007fcd286b0860
9315:             1             16  org.opensearch.analysis.common.CommonAnalysisPlugin$$Lambda/0x00007fcd286b0a78
9316:             1             16  org.opensearch.analysis.common.CommonAnalysisPlugin$$Lambda/0x00007fcd286b0c90
9317:             1             16  org.opensearch.analysis.common.CommonAnalysisPlugin$$Lambda/0x00007fcd286b0ea8
9318:             1             16  org.opensearch.analysis.common.CommonAnalysisPlugin$$Lambda/0x00007fcd286b10c0
9319:             1             16  org.opensearch.analysis.common.CommonAnalysisPlugin$$Lambda/0x00007fcd286b12d8
9320:             1             16  org.opensearch.analysis.common.CommonAnalysisPlugin$$Lambda/0x00007fcd286b14f0
9321:             1             16  org.opensearch.analysis.common.CommonAnalysisPlugin$$Lambda/0x00007fcd286b1708
9322:             1             16  org.opensearch.analysis.common.CommonAnalysisPlugin$$Lambda/0x00007fcd286b1920
9323:             1             16  org.opensearch.analysis.common.CommonAnalysisPlugin$$Lambda/0x00007fcd286b1b38
9324:             1             16  org.opensearch.analysis.common.CommonAnalysisPlugin$$Lambda/0x00007fcd286b1d50
9325:             1             16  org.opensearch.analysis.common.CommonAnalysisPlugin$$Lambda/0x00007fcd286b1f68
9326:             1             16  org.opensearch.analysis.common.CommonAnalysisPlugin$$Lambda/0x00007fcd286b2180
9327:             1             16  org.opensearch.analysis.common.CommonAnalysisPlugin$$Lambda/0x00007fcd286b2398
9328:             1             16  org.opensearch.analysis.common.CommonAnalysisPlugin$$Lambda/0x00007fcd286b25b0
9329:             1             16  org.opensearch.analysis.common.CommonAnalysisPlugin$$Lambda/0x00007fcd286b27c8
9330:             1             16  org.opensearch.analysis.common.CommonAnalysisPlugin$$Lambda/0x00007fcd286b29e0
9331:             1             16  org.opensearch.analysis.common.CommonAnalysisPlugin$$Lambda/0x00007fcd286b2bf8
9332:             1             16  org.opensearch.analysis.common.CommonAnalysisPlugin$$Lambda/0x00007fcd286b2e10
9333:             1             16  org.opensearch.analysis.common.CommonAnalysisPlugin$$Lambda/0x00007fcd286b3028
9334:             1             16  org.opensearch.analysis.common.CommonAnalysisPlugin$$Lambda/0x00007fcd286b3240
9335:             1             16  org.opensearch.analysis.common.CommonAnalysisPlugin$$Lambda/0x00007fcd286b3458
9336:             1             16  org.opensearch.bootstrap.$Proxy17
9337:             1             16  org.opensearch.bootstrap.Bootstrap$$Lambda/0x00007fcd280d6e98
9338:             1             16  org.opensearch.bootstrap.Bootstrap$1
9339:             1             16  org.opensearch.bootstrap.BootstrapCheck$BootstrapCheckResult
9340:             1             16  org.opensearch.bootstrap.BootstrapChecks$$Lambda/0x00007fcd290ecca8
9341:             1             16  org.opensearch.bootstrap.BootstrapChecks$JavaVersionCheck$$Lambda/0x00007fcd290eeda8
9342:             1             16  org.opensearch.bootstrap.BootstrapInfo$1
9343:             1             16  org.opensearch.bootstrap.JNAKernel32Library
9344:             1             16  org.opensearch.bootstrap.OpenSearch$$Lambda/0x00007fcd28013c70
9345:             1             16  org.opensearch.bootstrap.OpenSearch$1
9346:             1             16  org.opensearch.bootstrap.OpenSearchPolicy$$Lambda/0x00007fcd281dfa20
9347:             1             16  org.opensearch.bootstrap.OpenSearchPolicy$$Lambda/0x00007fcd281dfc68
9348:             1             16  org.opensearch.bootstrap.OpenSearchUncaughtExceptionHandler
9349:             1             16  org.opensearch.bootstrap.jvm.DenyJvmVersionsParser$$Lambda/0x00007fcd290ed4f0
9350:             1             16  org.opensearch.bootstrap.jvm.DenyJvmVersionsParser$$Lambda/0x00007fcd290ed728
9351:             1             16  org.opensearch.bootstrap.jvm.DenyJvmVersionsParser$$Lambda/0x00007fcd290ed970
9352:             1             16  org.opensearch.bootstrap.jvm.DenyJvmVersionsParser$$Lambda/0x00007fcd290edbb8
9353:             1             16  org.opensearch.bootstrap.jvm.DenyJvmVersionsParser$$Lambda/0x00007fcd290eddf0
9354:             1             16  org.opensearch.bootstrap.jvm.DenyJvmVersionsParser$$Lambda/0x00007fcd290ee028
9355:             1             16  org.opensearch.bootstrap.jvm.DenyJvmVersionsParser$$Lambda/0x00007fcd290ee240
9356:             1             16  org.opensearch.bootstrap.jvm.DenyJvmVersionsParser$$Lambda/0x00007fcd290ee478
9357:             1             16  org.opensearch.cache.common.tier.TieredSpilloverCache$TieredSpilloverCacheFactory
9358:             1             16  org.opensearch.cache.common.tier.TieredSpilloverCachePlugin
9359:             1             16  org.opensearch.cache.common.tier.TieredSpilloverCacheSettings$$Lambda/0x00007fcd28219cf8
9360:             1             16  org.opensearch.cache.common.tier.TieredSpilloverCacheSettings$$Lambda/0x00007fcd28541c00
9361:             1             16  org.opensearch.cache.common.tier.TieredSpilloverCacheSettings$$Lambda/0x00007fcd2854a000
9362:             1             16  org.opensearch.cache.common.tier.TieredSpilloverCacheSettings$$Lambda/0x00007fcd2854a238
9363:             1             16  org.opensearch.cli.EnvironmentAwareCommand$$Lambda/0x00007fcd28025a40
9364:             1             16  org.opensearch.client.Client$$Lambda/0x00007fcd281ea6a0
9365:             1             16  org.opensearch.cluster.AbstractDiffable$CompleteDiff
9366:             1             16  org.opensearch.cluster.ClusterChangedEvent$$Lambda/0x00007fcd291bd938
9367:             1             16  org.opensearch.cluster.ClusterModule$$Lambda/0x00007fcd28880400
9368:             1             16  org.opensearch.cluster.ClusterModule$$Lambda/0x00007fcd28880800
9369:             1             16  org.opensearch.cluster.ClusterModule$$Lambda/0x00007fcd28880a18
9370:             1             16  org.opensearch.cluster.ClusterModule$$Lambda/0x00007fcd28881000
9371:             1             16  org.opensearch.cluster.ClusterModule$$Lambda/0x00007fcd28881218
9372:             1             16  org.opensearch.cluster.ClusterModule$$Lambda/0x00007fcd28881788
9373:             1             16  org.opensearch.cluster.ClusterModule$$Lambda/0x00007fcd288819a0
9374:             1             16  org.opensearch.cluster.ClusterModule$$Lambda/0x00007fcd28882e68
9375:             1             16  org.opensearch.cluster.ClusterModule$$Lambda/0x00007fcd28883080
9376:             1             16  org.opensearch.cluster.ClusterModule$$Lambda/0x00007fcd28883658
9377:             1             16  org.opensearch.cluster.ClusterModule$$Lambda/0x00007fcd28883870
9378:             1             16  org.opensearch.cluster.ClusterModule$$Lambda/0x00007fcd28888000
9379:             1             16  org.opensearch.cluster.ClusterModule$$Lambda/0x00007fcd28888580
9380:             1             16  org.opensearch.cluster.ClusterModule$$Lambda/0x00007fcd28888798
9381:             1             16  org.opensearch.cluster.ClusterModule$$Lambda/0x00007fcd28888cd8
9382:             1             16  org.opensearch.cluster.ClusterModule$$Lambda/0x00007fcd28888ef0
9383:             1             16  org.opensearch.cluster.ClusterModule$$Lambda/0x00007fcd28889108
9384:             1             16  org.opensearch.cluster.ClusterModule$$Lambda/0x00007fcd28889320
9385:             1             16  org.opensearch.cluster.ClusterModule$$Lambda/0x00007fcd28889888
9386:             1             16  org.opensearch.cluster.ClusterModule$$Lambda/0x00007fcd28889aa0
9387:             1             16  org.opensearch.cluster.ClusterModule$$Lambda/0x00007fcd2888a020
9388:             1             16  org.opensearch.cluster.ClusterModule$$Lambda/0x00007fcd2888a238
9389:             1             16  org.opensearch.cluster.ClusterModule$$Lambda/0x00007fcd2888a7b8
9390:             1             16  org.opensearch.cluster.ClusterModule$$Lambda/0x00007fcd2888a9d0
9391:             1             16  org.opensearch.cluster.ClusterModule$$Lambda/0x00007fcd2888af50
9392:             1             16  org.opensearch.cluster.ClusterModule$$Lambda/0x00007fcd2888b168
9393:             1             16  org.opensearch.cluster.ClusterModule$$Lambda/0x00007fcd2888b700
9394:             1             16  org.opensearch.cluster.ClusterModule$$Lambda/0x00007fcd2888b918
9395:             1             16  org.opensearch.cluster.ClusterModule$$Lambda/0x00007fcd2888beb8
9396:             1             16  org.opensearch.cluster.ClusterModule$$Lambda/0x00007fcd2888c0d0
9397:             1             16  org.opensearch.cluster.ClusterModule$$Lambda/0x00007fcd2888c5a8
9398:             1             16  org.opensearch.cluster.ClusterModule$$Lambda/0x00007fcd2888de50
9399:             1             16  org.opensearch.cluster.ClusterModule$$Lambda/0x00007fcd2888e068
9400:             1             16  org.opensearch.cluster.ClusterModule$$Lambda/0x00007fcd2888e280
9401:             1             16  org.opensearch.cluster.ClusterModule$$Lambda/0x00007fcd2888e498
9402:             1             16  org.opensearch.cluster.ClusterModule$$Lambda/0x00007fcd2888e6b0
9403:             1             16  org.opensearch.cluster.ClusterModule$$Lambda/0x00007fcd2888e8c8
9404:             1             16  org.opensearch.cluster.ClusterModule$$Lambda/0x00007fcd2888eae0
9405:             1             16  org.opensearch.cluster.ClusterModule$$Lambda/0x00007fcd2888ecf8
9406:             1             16  org.opensearch.cluster.ClusterModule$$Lambda/0x00007fcd2888ef10
9407:             1             16  org.opensearch.cluster.ClusterModule$$Lambda/0x00007fcd2888f128
9408:             1             16  org.opensearch.cluster.ClusterModule$$Lambda/0x00007fcd2888f340
9409:             1             16  org.opensearch.cluster.ClusterName$$Lambda/0x00007fcd280b7670
9410:             1             16  org.opensearch.cluster.ClusterState$Builder$$Lambda/0x00007fcd29222cb0
9411:             1             16  org.opensearch.cluster.ClusterStateObserver$$Lambda/0x00007fcd290f2e30
9412:             1             16  org.opensearch.cluster.DiffableUtils$DiffableValueSerializer$1
9413:             1             16  org.opensearch.cluster.DiffableUtils$NonDiffableValueSerializer$1
9414:             1             16  org.opensearch.cluster.DiffableUtils$StringKeySerializer
9415:             1             16  org.opensearch.cluster.DiffableUtils$StringSetValueSerializer
9416:             1             16  org.opensearch.cluster.InternalClusterInfoService$$Lambda/0x00007fcd2870f400
9417:             1             16  org.opensearch.cluster.InternalClusterInfoService$$Lambda/0x00007fcd2870f630
9418:             1             16  org.opensearch.cluster.InternalClusterInfoService$$Lambda/0x00007fcd2870f860
9419:             1             16  org.opensearch.cluster.NodeConnectionsService$$Lambda/0x00007fcd291b6000
9420:             1             16  org.opensearch.cluster.NodeConnectionsService$$Lambda/0x00007fcd291bdfd0
9421:             1             16  org.opensearch.cluster.NodeConnectionsService$$Lambda/0x00007fcd293a5878
9422:             1             16  org.opensearch.cluster.NodeConnectionsService$ConnectionChecker
9423:             1             16  org.opensearch.cluster.RepositoryCleanupInProgress
9424:             1             16  org.opensearch.cluster.SnapshotDeletionsInProgress
9425:             1             16  org.opensearch.cluster.SnapshotsInProgress
9426:             1             16  org.opensearch.cluster.action.index.MappingUpdatedAction$$Lambda/0x00007fcd28dbd890
9427:             1             16  org.opensearch.cluster.action.index.MappingUpdatedAction$$Lambda/0x00007fcd28dbdac0
9428:             1             16  org.opensearch.cluster.action.index.NodeMappingRefreshAction$$Lambda/0x00007fcd28dbd1b8
9429:             1             16  org.opensearch.cluster.action.index.NodeMappingRefreshAction$NodeMappingRefreshTransportHandler
9430:             1             16  org.opensearch.cluster.action.shard.ShardStateAction$$Lambda/0x00007fcd286d1b68
9431:             1             16  org.opensearch.cluster.action.shard.ShardStateAction$$Lambda/0x00007fcd28da7dd8
9432:             1             16  org.opensearch.cluster.action.shard.ShardStateAction$$Lambda/0x00007fcd28db6000
9433:             1             16  org.opensearch.cluster.action.shard.ShardStateAction$$Lambda/0x00007fcd28db6728
9434:             1             16  org.opensearch.cluster.action.shard.ShardStateAction$$Lambda/0x00007fcd28db6948
9435:             1             16  org.opensearch.cluster.action.shard.ShardStateAction$$Lambda/0x00007fcd28db7010
9436:             1             16  org.opensearch.cluster.block.ClusterBlocks$$Lambda/0x00007fcd291a4030
9437:             1             16  org.opensearch.cluster.block.ClusterBlocks$$Lambda/0x00007fcd291a4248
9438:             1             16  org.opensearch.cluster.block.ClusterBlocks$$Lambda/0x00007fcd291a4460
9439:             1             16  org.opensearch.cluster.block.ClusterBlocks$$Lambda/0x00007fcd29219ad8
9440:             1             16  org.opensearch.cluster.coordination.CoordinationMetadata$$Lambda/0x00007fcd284b65f8
9441:             1             16  org.opensearch.cluster.coordination.CoordinationMetadata$$Lambda/0x00007fcd2919a960
9442:             1             16  org.opensearch.cluster.coordination.CoordinationMetadata$VotingConfigExclusion$$Lambda/0x00007fcd284b7bb0
9443:             1             16  org.opensearch.cluster.coordination.Coordinator$$Lambda/0x00007fcd28cf61d8
9444:             1             16  org.opensearch.cluster.coordination.Coordinator$$Lambda/0x00007fcd28cf63f8
9445:             1             16  org.opensearch.cluster.coordination.Coordinator$$Lambda/0x00007fcd28cf6618
9446:             1             16  org.opensearch.cluster.coordination.Coordinator$$Lambda/0x00007fcd28cf6aa8
9447:             1             16  org.opensearch.cluster.coordination.Coordinator$$Lambda/0x00007fcd28cf6ce8
9448:             1             16  org.opensearch.cluster.coordination.Coordinator$$Lambda/0x00007fcd28cf8af8
9449:             1             16  org.opensearch.cluster.coordination.Coordinator$$Lambda/0x00007fcd28cf8d18
9450:             1             16  org.opensearch.cluster.coordination.Coordinator$$Lambda/0x00007fcd28cfa7c0
9451:             1             16  org.opensearch.cluster.coordination.Coordinator$$Lambda/0x00007fcd28cfaf60
9452:             1             16  org.opensearch.cluster.coordination.Coordinator$$Lambda/0x00007fcd28cfc108
9453:             1             16  org.opensearch.cluster.coordination.Coordinator$$Lambda/0x00007fcd28cfd140
9454:             1             16  org.opensearch.cluster.coordination.Coordinator$$Lambda/0x00007fcd28cfd370
9455:             1             16  org.opensearch.cluster.coordination.Coordinator$$Lambda/0x00007fcd28cfe770
9456:             1             16  org.opensearch.cluster.coordination.Coordinator$$Lambda/0x00007fcd28cfebc0
9457:             1             16  org.opensearch.cluster.coordination.Coordinator$$Lambda/0x00007fcd28cfede0
9458:             1             16  org.opensearch.cluster.coordination.Coordinator$$Lambda/0x00007fcd28cff000
9459:             1             16  org.opensearch.cluster.coordination.Coordinator$$Lambda/0x00007fcd28cff480
9460:             1             16  org.opensearch.cluster.coordination.Coordinator$$Lambda/0x00007fcd28cff6b0
9461:             1             16  org.opensearch.cluster.coordination.Coordinator$$Lambda/0x00007fcd28cffae8
9462:             1             16  org.opensearch.cluster.coordination.Coordinator$$Lambda/0x00007fcd28cffd08
9463:             1             16  org.opensearch.cluster.coordination.ElectionStrategy$1
9464:             1             16  org.opensearch.cluster.coordination.FollowersChecker$$Lambda/0x00007fcd28cfd5a0
9465:             1             16  org.opensearch.cluster.coordination.FollowersChecker$$Lambda/0x00007fcd28cfde08
9466:             1             16  org.opensearch.cluster.coordination.FollowersChecker$$Lambda/0x00007fcd28cfe020
9467:             1             16  org.opensearch.cluster.coordination.FollowersChecker$1
9468:             1             16  org.opensearch.cluster.coordination.JoinHelper$$Lambda/0x00007fcd28cf7138
9469:             1             16  org.opensearch.cluster.coordination.JoinHelper$$Lambda/0x00007fcd28cf7570
9470:             1             16  org.opensearch.cluster.coordination.JoinHelper$$Lambda/0x00007fcd28cf79a8
9471:             1             16  org.opensearch.cluster.coordination.JoinHelper$$Lambda/0x00007fcd28cf7de0
9472:             1             16  org.opensearch.cluster.coordination.JoinHelper$$Lambda/0x00007fcd29196be8
9473:             1             16  org.opensearch.cluster.coordination.JoinHelper$CandidateJoinAccumulator$$Lambda/0x00007fcd291a60d0
9474:             1             16  org.opensearch.cluster.coordination.JoinHelper$FollowerJoinAccumulator
9475:             1             16  org.opensearch.cluster.coordination.JoinTaskExecutor$$Lambda/0x00007fcd28cf5fb0
9476:             1             16  org.opensearch.cluster.coordination.JoinTaskExecutor$$Lambda/0x00007fcd291a48a8
9477:             1             16  org.opensearch.cluster.coordination.LeaderChecker$$Lambda/0x00007fcd28cfc338
9478:             1             16  org.opensearch.cluster.coordination.LeaderChecker$$Lambda/0x00007fcd28cfc808
9479:             1             16  org.opensearch.cluster.coordination.LeaderChecker$$Lambda/0x00007fcd28cfca20
9480:             1             16  org.opensearch.cluster.coordination.LeaderChecker$1
9481:             1             16  org.opensearch.cluster.coordination.LeaderChecker$CheckScheduler$3
9482:             1             16  org.opensearch.cluster.coordination.NoClusterManagerBlockService
9483:             1             16  org.opensearch.cluster.coordination.NoClusterManagerBlockService$$Lambda/0x00007fcd286d3550
9484:             1             16  org.opensearch.cluster.coordination.NoClusterManagerBlockService$$Lambda/0x00007fcd286d3788
9485:             1             16  org.opensearch.cluster.coordination.NoClusterManagerBlockService$$Lambda/0x00007fcd28cf8220
9486:             1             16  org.opensearch.cluster.coordination.PeersResponse$$Lambda/0x00007fcd29195cd0
9487:             1             16  org.opensearch.cluster.coordination.PeersResponse$$Lambda/0x00007fcd29195ee8
9488:             1             16  org.opensearch.cluster.coordination.PersistedStateRegistry
9489:             1             16  org.opensearch.cluster.coordination.PreVoteCollector$$Lambda/0x00007fcd28cf91f0
9490:             1             16  org.opensearch.cluster.coordination.PreVoteCollector$$Lambda/0x00007fcd28cf9408
9491:             1             16  org.opensearch.cluster.coordination.PublicationTransportHandler$$Lambda/0x00007fcd28cfb190
9492:             1             16  org.opensearch.cluster.coordination.PublicationTransportHandler$$Lambda/0x00007fcd28cfb3a8
9493:             1             16  org.opensearch.cluster.coordination.PublicationTransportHandler$$Lambda/0x00007fcd28cfb898
9494:             1             16  org.opensearch.cluster.coordination.PublicationTransportHandler$$Lambda/0x00007fcd28cfbab0
9495:             1             16  org.opensearch.cluster.coordination.PublicationTransportHandler$$Lambda/0x00007fcd28cfbcd0
9496:             1             16  org.opensearch.cluster.coordination.Reconfigurator
9497:             1             16  org.opensearch.cluster.coordination.Reconfigurator$$Lambda/0x00007fcd28cfe990
9498:             1             16  org.opensearch.cluster.metadata.AutoExpandReplicas$$Lambda/0x00007fcd2862f028
9499:             1             16  org.opensearch.cluster.metadata.ClusterNameExpressionResolver
9500:             1             16  org.opensearch.cluster.metadata.ClusterNameExpressionResolver$WildcardExpressionResolver
9501:             1             16  org.opensearch.cluster.metadata.ComponentTemplate$$Lambda/0x00007fcd29090218
9502:             1             16  org.opensearch.cluster.metadata.ComponentTemplate$$Lambda/0x00007fcd29090ed8
9503:             1             16  org.opensearch.cluster.metadata.ComponentTemplateMetadata
9504:             1             16  org.opensearch.cluster.metadata.ComponentTemplateMetadata$$Lambda/0x00007fcd2908fc70
9505:             1             16  org.opensearch.cluster.metadata.ComponentTemplateMetadata$$Lambda/0x00007fcd29090000
9506:             1             16  org.opensearch.cluster.metadata.ComponentTemplateMetadata$$Lambda/0x00007fcd2919b2c0
9507:             1             16  org.opensearch.cluster.metadata.ComponentTemplateMetadata$$Lambda/0x00007fcd2919b4d8
9508:             1             16  org.opensearch.cluster.metadata.ComposableIndexTemplate$$Lambda/0x00007fcd29091fc0
9509:             1             16  org.opensearch.cluster.metadata.ComposableIndexTemplate$$Lambda/0x00007fcd290921f8
9510:             1             16  org.opensearch.cluster.metadata.ComposableIndexTemplate$$Lambda/0x00007fcd291a0000
9511:             1             16  org.opensearch.cluster.metadata.ComposableIndexTemplate$DataStreamTemplate$$Lambda/0x00007fcd29092698
9512:             1             16  org.opensearch.cluster.metadata.ComposableIndexTemplate$DataStreamTemplate$$Lambda/0x00007fcd291a0218
9513:             1             16  org.opensearch.cluster.metadata.ComposableIndexTemplateMetadata
9514:             1             16  org.opensearch.cluster.metadata.ComposableIndexTemplateMetadata$$Lambda/0x00007fcd29091b70
9515:             1             16  org.opensearch.cluster.metadata.ComposableIndexTemplateMetadata$$Lambda/0x00007fcd29091da8
9516:             1             16  org.opensearch.cluster.metadata.ComposableIndexTemplateMetadata$$Lambda/0x00007fcd2919d218
9517:             1             16  org.opensearch.cluster.metadata.ComposableIndexTemplateMetadata$$Lambda/0x00007fcd2919d430
9518:             1             16  org.opensearch.cluster.metadata.DataStream$TimestampField$$Lambda/0x00007fcd29092dd8
9519:             1             16  org.opensearch.cluster.metadata.DataStreamMetadata
9520:             1             16  org.opensearch.cluster.metadata.DataStreamMetadata$$Lambda/0x00007fcd29091720
9521:             1             16  org.opensearch.cluster.metadata.DataStreamMetadata$$Lambda/0x00007fcd29091958
9522:             1             16  org.opensearch.cluster.metadata.DataStreamMetadata$$Lambda/0x00007fcd2919bd68
9523:             1             16  org.opensearch.cluster.metadata.DataStreamMetadata$$Lambda/0x00007fcd2919d000
9524:             1             16  org.opensearch.cluster.metadata.DiffableStringMap$DiffableStringMapDiff$$Lambda/0x00007fcd29219490
9525:             1             16  org.opensearch.cluster.metadata.DiffableStringMap$DiffableStringMapDiff$$Lambda/0x00007fcd292198c0
9526:             1             16  org.opensearch.cluster.metadata.IndexGraveyard$$Lambda/0x00007fcd284bc928
9527:             1             16  org.opensearch.cluster.metadata.IndexGraveyard$$Lambda/0x00007fcd284bcd80
9528:             1             16  org.opensearch.cluster.metadata.IndexGraveyard$$Lambda/0x00007fcd291a0430
9529:             1             16  org.opensearch.cluster.metadata.IndexGraveyard$Tombstone$$Lambda/0x00007fcd284bd418
9530:             1             16  org.opensearch.cluster.metadata.IndexGraveyard$Tombstone$$Lambda/0x00007fcd284bd8b8
9531:             1             16  org.opensearch.cluster.metadata.IndexGraveyard$Tombstone$$Lambda/0x00007fcd284bdae0
9532:             1             16  org.opensearch.cluster.metadata.IndexGraveyard$Tombstone$$Lambda/0x00007fcd284bdf18
9533:             1             16  org.opensearch.cluster.metadata.IndexGraveyard$Tombstone$$Lambda/0x00007fcd284be140
9534:             1             16  org.opensearch.cluster.metadata.IndexGraveyard$Tombstone$$Lambda/0x00007fcd284be7e8
9535:             1             16  org.opensearch.cluster.metadata.IndexMetadata$$Lambda/0x00007fcd2862b000
9536:             1             16  org.opensearch.cluster.metadata.IndexMetadata$$Lambda/0x00007fcd2862b488
9537:             1             16  org.opensearch.cluster.metadata.IndexMetadata$$Lambda/0x00007fcd2862b910
9538:             1             16  org.opensearch.cluster.metadata.IndexMetadata$$Lambda/0x00007fcd2862bd60
9539:             1             16  org.opensearch.cluster.metadata.IndexMetadata$$Lambda/0x00007fcd2862e038
9540:             1             16  org.opensearch.cluster.metadata.IndexMetadata$$Lambda/0x00007fcd2862fb20
9541:             1             16  org.opensearch.cluster.metadata.IndexMetadata$1
9542:             1             16  org.opensearch.cluster.metadata.IndexMetadata$2
9543:             1             16  org.opensearch.cluster.metadata.IndexMetadata$3
9544:             1             16  org.opensearch.cluster.metadata.IndexMetadata$4
9545:             1             16  org.opensearch.cluster.metadata.IndexMetadata$5
9546:             1             16  org.opensearch.cluster.metadata.IndexMetadata$Builder$$Lambda/0x00007fcd29093d50
9547:             1             16  org.opensearch.cluster.metadata.IndexMetadata$IndexMetadataDiff$$Lambda/0x00007fcd29237378
9548:             1             16  org.opensearch.cluster.metadata.IndexMetadata$IndexMetadataDiff$$Lambda/0x00007fcd29237590
9549:             1             16  org.opensearch.cluster.metadata.IndexMetadata$IndexMetadataDiff$$Lambda/0x00007fcd292377a8
9550:             1             16  org.opensearch.cluster.metadata.IndexMetadata$IndexMetadataDiff$$Lambda/0x00007fcd292379c0
9551:             1             16  org.opensearch.cluster.metadata.IndexMetadata$IndexMetadataDiff$$Lambda/0x00007fcd29237bd8
9552:             1             16  org.opensearch.cluster.metadata.IndexMetadata$IndexMetadataDiff$$Lambda/0x00007fcd2923e000
9553:             1             16  org.opensearch.cluster.metadata.IndexMetadata$IndexMetadataDiff$$Lambda/0x00007fcd2923e218
9554:             1             16  org.opensearch.cluster.metadata.IndexMetadata$IndexMetadataDiff$$Lambda/0x00007fcd2923e430
9555:             1             16  org.opensearch.cluster.metadata.IndexNameExpressionResolver$$Lambda/0x00007fcd291e2890
9556:             1             16  org.opensearch.cluster.metadata.Manifest$$Lambda/0x00007fcd288b0268
9557:             1             16  org.opensearch.cluster.metadata.Manifest$$Lambda/0x00007fcd290e95a8
9558:             1             16  org.opensearch.cluster.metadata.Manifest$IndexEntry$$Lambda/0x00007fcd288b06f0
9559:             1             16  org.opensearch.cluster.metadata.Manifest$IndexEntry$$Lambda/0x00007fcd288b0928
9560:             1             16  org.opensearch.cluster.metadata.Metadata$$Lambda/0x00007fcd291d3a08
9561:             1             16  org.opensearch.cluster.metadata.Metadata$Builder$$Lambda/0x00007fcd284bec08
9562:             1             16  org.opensearch.cluster.metadata.Metadata$Builder$$Lambda/0x00007fcd284bee50
9563:             1             16  org.opensearch.cluster.metadata.Metadata$Builder$$Lambda/0x00007fcd29218400
9564:             1             16  org.opensearch.cluster.metadata.Metadata$MetadataDiff$$Lambda/0x00007fcd2921b3b0
9565:             1             16  org.opensearch.cluster.metadata.Metadata$MetadataDiff$$Lambda/0x00007fcd2921b5c8
9566:             1             16  org.opensearch.cluster.metadata.Metadata$MetadataDiff$$Lambda/0x00007fcd2921b7e0
9567:             1             16  org.opensearch.cluster.metadata.Metadata$MetadataDiff$$Lambda/0x00007fcd2921b9f8
9568:             1             16  org.opensearch.cluster.metadata.MetadataIndexUpgradeService$$Lambda/0x00007fcd290a1028
9569:             1             16  org.opensearch.cluster.metadata.MetadataIndexUpgradeService$$Lambda/0x00007fcd290a1240
9570:             1             16  org.opensearch.cluster.metadata.MetadataMappingService$PutMappingExecutor
9571:             1             16  org.opensearch.cluster.metadata.MetadataMappingService$RefreshTaskExecutor
9572:             1             16  org.opensearch.cluster.metadata.RepositoriesMetadata
9573:             1             16  org.opensearch.cluster.metadata.RepositoriesMetadata$$Lambda/0x00007fcd2919b6f0
9574:             1             16  org.opensearch.cluster.metadata.RepositoryMetadata$$Lambda/0x00007fcd2919bb50
9575:             1             16  org.opensearch.cluster.metadata.Template$$Lambda/0x00007fcd29090450
9576:             1             16  org.opensearch.cluster.metadata.Template$$Lambda/0x00007fcd29090688
9577:             1             16  org.opensearch.cluster.metadata.Template$$Lambda/0x00007fcd29090aa8
9578:             1             16  org.opensearch.cluster.metadata.Template$$Lambda/0x00007fcd29090cc0
9579:             1             16  org.opensearch.cluster.metadata.Template$$Lambda/0x00007fcd2919d860
9580:             1             16  org.opensearch.cluster.metadata.Template$$Lambda/0x00007fcd2919da78
9581:             1             16  org.opensearch.cluster.node.DiscoveryNode$$Lambda/0x00007fcd284a44f8
9582:             1             16  org.opensearch.cluster.node.DiscoveryNode$$Lambda/0x00007fcd284a4730
9583:             1             16  org.opensearch.cluster.node.DiscoveryNode$$Lambda/0x00007fcd284b0b40
9584:             1             16  org.opensearch.cluster.node.DiscoveryNode$$Lambda/0x00007fcd29046a98
9585:             1             16  org.opensearch.cluster.node.DiscoveryNode$$Lambda/0x00007fcd290c3ba0
9586:             1             16  org.opensearch.cluster.node.DiscoveryNode$$Lambda/0x00007fcd2918ec88
9587:             1             16  org.opensearch.cluster.node.DiscoveryNode$$Lambda/0x00007fcd2918f0f0
9588:             1             16  org.opensearch.cluster.node.DiscoveryNode$$Lambda/0x00007fcd2918f338
9589:             1             16  org.opensearch.cluster.node.DiscoveryNode$$Lambda/0x00007fcd2918f570
9590:             1             16  org.opensearch.cluster.node.DiscoveryNode$$Lambda/0x00007fcd291a4d10
9591:             1             16  org.opensearch.cluster.node.DiscoveryNodeFilters$$Lambda/0x00007fcd28716050
9592:             1             16  org.opensearch.cluster.node.DiscoveryNodes$$Lambda/0x00007fcd290f1ed8
9593:             1             16  org.opensearch.cluster.node.DiscoveryNodes$$Lambda/0x00007fcd290f2348
9594:             1             16  org.opensearch.cluster.node.DiscoveryNodes$$Lambda/0x00007fcd291c2818
9595:             1             16  org.opensearch.cluster.node.DiscoveryNodes$$Lambda/0x00007fcd291c2a50
9596:             1             16  org.opensearch.cluster.node.DiscoveryNodes$Delta$$Lambda/0x00007fcd291b4898
9597:             1             16  org.opensearch.cluster.routing.AllocationId$$Lambda/0x00007fcd291a2d20
9598:             1             16  org.opensearch.cluster.routing.AllocationId$$Lambda/0x00007fcd291a2f48
9599:             1             16  org.opensearch.cluster.routing.FailAwareWeightedRouting
9600:             1             16  org.opensearch.cluster.routing.IndexRoutingTable$$Lambda/0x00007fcd2921ab00
9601:             1             16  org.opensearch.cluster.routing.OperationRouting$$Lambda/0x00007fcd2870dbe0
9602:             1             16  org.opensearch.cluster.routing.OperationRouting$$Lambda/0x00007fcd2870de10
9603:             1             16  org.opensearch.cluster.routing.OperationRouting$$Lambda/0x00007fcd2870e040
9604:             1             16  org.opensearch.cluster.routing.OperationRouting$$Lambda/0x00007fcd2870e270
9605:             1             16  org.opensearch.cluster.routing.OperationRouting$$Lambda/0x00007fcd2870e4a0
9606:             1             16  org.opensearch.cluster.routing.OperationRouting$$Lambda/0x00007fcd2870e6d0
9607:             1             16  org.opensearch.cluster.routing.OperationRouting$$Lambda/0x00007fcd2870e900
9608:             1             16  org.opensearch.cluster.routing.RecoverySource$PeerRecoverySource
9609:             1             16  org.opensearch.cluster.routing.RoutingNode$$Lambda/0x00007fcd291bd4c8
9610:             1             16  org.opensearch.cluster.routing.RoutingNodes$$Lambda/0x00007fcd291bd700
9611:             1             16  org.opensearch.cluster.routing.RoutingTable$$Lambda/0x00007fcd29097660
9612:             1             16  org.opensearch.cluster.routing.RoutingTable$$Lambda/0x00007fcd290978a8
9613:             1             16  org.opensearch.cluster.routing.RoutingTable$RoutingTableDiff$$Lambda/0x00007fcd292178f0
9614:             1             16  org.opensearch.cluster.routing.RoutingTable$RoutingTableDiff$$Lambda/0x00007fcd29217b08
9615:             1             16  org.opensearch.cluster.routing.ShardRouting$$Lambda/0x00007fcd291a2448
9616:             1             16  org.opensearch.cluster.routing.ShardRouting$$Lambda/0x00007fcd291a28e8
9617:             1             16  org.opensearch.cluster.routing.UnassignedInfo$$Lambda/0x00007fcd291a3e18
9618:             1             16  org.opensearch.cluster.routing.UnassignedInfo$$Lambda/0x00007fcd293774e0
9619:             1             16  org.opensearch.cluster.routing.allocation.AllocationConstraints
9620:             1             16  org.opensearch.cluster.routing.allocation.AwarenessReplicaBalance$$Lambda/0x00007fcd288cb868
9621:             1             16  org.opensearch.cluster.routing.allocation.AwarenessReplicaBalance$$Lambda/0x00007fcd288cba98
9622:             1             16  org.opensearch.cluster.routing.allocation.AwarenessReplicaBalance$$Lambda/0x00007fcd288cbcc8
9623:             1             16  org.opensearch.cluster.routing.allocation.ConstraintTypes$$Lambda/0x00007fcd2871a800
9624:             1             16  org.opensearch.cluster.routing.allocation.ConstraintTypes$$Lambda/0x00007fcd2871aa48
9625:             1             16  org.opensearch.cluster.routing.allocation.DiskThresholdSettings$$Lambda/0x00007fcd286d0000
9626:             1             16  org.opensearch.cluster.routing.allocation.DiskThresholdSettings$$Lambda/0x00007fcd286d0470
9627:             1             16  org.opensearch.cluster.routing.allocation.DiskThresholdSettings$$Lambda/0x00007fcd286d08e0
9628:             1             16  org.opensearch.cluster.routing.allocation.DiskThresholdSettings$FloodStageValidator
9629:             1             16  org.opensearch.cluster.routing.allocation.DiskThresholdSettings$HighDiskWatermarkValidator
9630:             1             16  org.opensearch.cluster.routing.allocation.DiskThresholdSettings$LowDiskWatermarkValidator
9631:             1             16  org.opensearch.cluster.routing.allocation.RebalanceConstraints
9632:             1             16  org.opensearch.cluster.routing.allocation.allocator.BalancedShardsAllocator$$Lambda/0x00007fcd286c9238
9633:             1             16  org.opensearch.cluster.routing.allocation.allocator.BalancedShardsAllocator$$Lambda/0x00007fcd2871b0f0
9634:             1             16  org.opensearch.cluster.routing.allocation.allocator.BalancedShardsAllocator$$Lambda/0x00007fcd2871b320
9635:             1             16  org.opensearch.cluster.routing.allocation.allocator.BalancedShardsAllocator$$Lambda/0x00007fcd2871b550
9636:             1             16  org.opensearch.cluster.routing.allocation.allocator.BalancedShardsAllocator$$Lambda/0x00007fcd2871b780
9637:             1             16  org.opensearch.cluster.routing.allocation.allocator.BalancedShardsAllocator$$Lambda/0x00007fcd2871b9b0
9638:             1             16  org.opensearch.cluster.routing.allocation.allocator.BalancedShardsAllocator$$Lambda/0x00007fcd2871bbe0
9639:             1             16  org.opensearch.cluster.routing.allocation.allocator.BalancedShardsAllocator$$Lambda/0x00007fcd2871e000
9640:             1             16  org.opensearch.cluster.routing.allocation.allocator.BalancedShardsAllocator$$Lambda/0x00007fcd2871e230
9641:             1             16  org.opensearch.cluster.routing.allocation.command.AbstractAllocateAllocationCommand$$Lambda/0x00007fcd28483000
9642:             1             16  org.opensearch.cluster.routing.allocation.command.AbstractAllocateAllocationCommand$$Lambda/0x00007fcd28486a10
9643:             1             16  org.opensearch.cluster.routing.allocation.command.AbstractAllocateAllocationCommand$$Lambda/0x00007fcd28487ac8
9644:             1             16  org.opensearch.cluster.routing.allocation.command.BasePrimaryAllocationCommand$$Lambda/0x00007fcd28482c58
9645:             1             16  org.opensearch.cluster.routing.allocation.decider.AllocationDeciders
9646:             1             16  org.opensearch.cluster.routing.allocation.decider.AwarenessAllocationDecider$$Lambda/0x00007fcd28710a30
9647:             1             16  org.opensearch.cluster.routing.allocation.decider.AwarenessAllocationDecider$$Lambda/0x00007fcd28710c60
9648:             1             16  org.opensearch.cluster.routing.allocation.decider.ClusterRebalanceAllocationDecider
9649:             1             16  org.opensearch.cluster.routing.allocation.decider.ClusterRebalanceAllocationDecider$$Lambda/0x00007fcd286caa78
9650:             1             16  org.opensearch.cluster.routing.allocation.decider.ClusterRebalanceAllocationDecider$$Lambda/0x00007fcd28714f20
9651:             1             16  org.opensearch.cluster.routing.allocation.decider.ConcurrentRebalanceAllocationDecider
9652:             1             16  org.opensearch.cluster.routing.allocation.decider.ConcurrentRebalanceAllocationDecider$$Lambda/0x00007fcd28715150
9653:             1             16  org.opensearch.cluster.routing.allocation.decider.ConcurrentRecoveriesAllocationDecider
9654:             1             16  org.opensearch.cluster.routing.allocation.decider.ConcurrentRecoveriesAllocationDecider$$Lambda/0x00007fcd28715380
9655:             1             16  org.opensearch.cluster.routing.allocation.decider.EnableAllocationDecider$$Lambda/0x00007fcd286408f8
9656:             1             16  org.opensearch.cluster.routing.allocation.decider.EnableAllocationDecider$$Lambda/0x00007fcd28640b30
9657:             1             16  org.opensearch.cluster.routing.allocation.decider.EnableAllocationDecider$$Lambda/0x00007fcd28641198
9658:             1             16  org.opensearch.cluster.routing.allocation.decider.EnableAllocationDecider$$Lambda/0x00007fcd286413d0
9659:             1             16  org.opensearch.cluster.routing.allocation.decider.EnableAllocationDecider$$Lambda/0x00007fcd287155b0
9660:             1             16  org.opensearch.cluster.routing.allocation.decider.EnableAllocationDecider$$Lambda/0x00007fcd287157e0
9661:             1             16  org.opensearch.cluster.routing.allocation.decider.FilterAllocationDecider$$Lambda/0x00007fcd286cb630
9662:             1             16  org.opensearch.cluster.routing.allocation.decider.FilterAllocationDecider$$Lambda/0x00007fcd286cbab8
9663:             1             16  org.opensearch.cluster.routing.allocation.decider.FilterAllocationDecider$$Lambda/0x00007fcd286cbf40
9664:             1             16  org.opensearch.cluster.routing.allocation.decider.FilterAllocationDecider$$Lambda/0x00007fcd28716278
9665:             1             16  org.opensearch.cluster.routing.allocation.decider.FilterAllocationDecider$$Lambda/0x00007fcd287164a8
9666:             1             16  org.opensearch.cluster.routing.allocation.decider.FilterAllocationDecider$$Lambda/0x00007fcd28716948
9667:             1             16  org.opensearch.cluster.routing.allocation.decider.FilterAllocationDecider$$Lambda/0x00007fcd28716b78
9668:             1             16  org.opensearch.cluster.routing.allocation.decider.FilterAllocationDecider$$Lambda/0x00007fcd28716da0
9669:             1             16  org.opensearch.cluster.routing.allocation.decider.FilterAllocationDecider$$Lambda/0x00007fcd28716fd0
9670:             1             16  org.opensearch.cluster.routing.allocation.decider.FilterAllocationDecider$$Lambda/0x00007fcd287171f8
9671:             1             16  org.opensearch.cluster.routing.allocation.decider.FilterAllocationDecider$$Lambda/0x00007fcd28717428
9672:             1             16  org.opensearch.cluster.routing.allocation.decider.MaxRetryAllocationDecider
9673:             1             16  org.opensearch.cluster.routing.allocation.decider.NodeLoadAwareAllocationDecider$$Lambda/0x00007fcd28710400
9674:             1             16  org.opensearch.cluster.routing.allocation.decider.NodeLoadAwareAllocationDecider$$Lambda/0x00007fcd28718000
9675:             1             16  org.opensearch.cluster.routing.allocation.decider.NodeLoadAwareAllocationDecider$$Lambda/0x00007fcd28718230
9676:             1             16  org.opensearch.cluster.routing.allocation.decider.NodeLoadAwareAllocationDecider$$Lambda/0x00007fcd28718460
9677:             1             16  org.opensearch.cluster.routing.allocation.decider.NodeVersionAllocationDecider
9678:             1             16  org.opensearch.cluster.routing.allocation.decider.RebalanceOnlyWhenActiveAllocationDecider
9679:             1             16  org.opensearch.cluster.routing.allocation.decider.RemoteStoreMigrationAllocationDecider$$Lambda/0x00007fcd28718690
9680:             1             16  org.opensearch.cluster.routing.allocation.decider.RemoteStoreMigrationAllocationDecider$$Lambda/0x00007fcd287188c0
9681:             1             16  org.opensearch.cluster.routing.allocation.decider.ReplicaAfterPrimaryActiveAllocationDecider
9682:             1             16  org.opensearch.cluster.routing.allocation.decider.ResizeAllocationDecider
9683:             1             16  org.opensearch.cluster.routing.allocation.decider.RestoreInProgressAllocationDecider
9684:             1             16  org.opensearch.cluster.routing.allocation.decider.SameShardAllocationDecider
9685:             1             16  org.opensearch.cluster.routing.allocation.decider.SameShardAllocationDecider$$Lambda/0x00007fcd28717658
9686:             1             16  org.opensearch.cluster.routing.allocation.decider.ShardsLimitAllocationDecider$$Lambda/0x00007fcd28710800
9687:             1             16  org.opensearch.cluster.routing.allocation.decider.SnapshotInProgressAllocationDecider
9688:             1             16  org.opensearch.cluster.routing.allocation.decider.TargetPoolAllocationDecider
9689:             1             16  org.opensearch.cluster.routing.allocation.decider.ThrottlingAllocationDecider$$Lambda/0x00007fcd286cf2f8
9690:             1             16  org.opensearch.cluster.routing.allocation.decider.ThrottlingAllocationDecider$$Lambda/0x00007fcd286cf530
9691:             1             16  org.opensearch.cluster.routing.allocation.decider.ThrottlingAllocationDecider$$Lambda/0x00007fcd286cf768
9692:             1             16  org.opensearch.cluster.routing.allocation.decider.ThrottlingAllocationDecider$$Lambda/0x00007fcd28711690
9693:             1             16  org.opensearch.cluster.routing.allocation.decider.ThrottlingAllocationDecider$$Lambda/0x00007fcd287118c0
9694:             1             16  org.opensearch.cluster.routing.allocation.decider.ThrottlingAllocationDecider$$Lambda/0x00007fcd28711af0
9695:             1             16  org.opensearch.cluster.routing.allocation.decider.ThrottlingAllocationDecider$$Lambda/0x00007fcd28711d20
9696:             1             16  org.opensearch.cluster.routing.remote.InternalRemoteRoutingTableService$$Lambda/0x00007fcd28703e48
9697:             1             16  org.opensearch.cluster.routing.remote.InternalRemoteRoutingTableService$$Lambda/0x00007fcd28704960
9698:             1             16  org.opensearch.cluster.service.ClusterApplierService$$Lambda/0x00007fcd2870d9b0
9699:             1             16  org.opensearch.cluster.service.ClusterManagerTaskThrottler$$Lambda/0x00007fcd2870cbc0
9700:             1             16  org.opensearch.cluster.service.ClusterManagerTaskThrottler$$Lambda/0x00007fcd2870cdf0
9701:             1             16  org.opensearch.cluster.service.ClusterManagerTaskThrottler$$Lambda/0x00007fcd2870d298
9702:             1             16  org.opensearch.cluster.service.ClusterManagerTaskThrottler$$Lambda/0x00007fcd2870d4c8
9703:             1             16  org.opensearch.cluster.service.ClusterManagerThrottlingStats
9704:             1             16  org.opensearch.cluster.service.ClusterService$$Lambda/0x00007fcd286d7448
9705:             1             16  org.opensearch.cluster.service.ClusterService$$Lambda/0x00007fcd2870eb30
9706:             1             16  org.opensearch.cluster.service.ClusterService$$Lambda/0x00007fcd2870ed58
9707:             1             16  org.opensearch.cluster.service.MasterService$$Lambda/0x00007fcd2870c4c8
9708:             1             16  org.opensearch.cluster.service.MasterService$$Lambda/0x00007fcd2870c9a0
9709:             1             16  org.opensearch.common.RandomBasedUUIDGenerator
9710:             1             16  org.opensearch.common.bytes.ReleasableBytesReference$$Lambda/0x00007fcd29134570
9711:             1             16  org.opensearch.common.cache.Cache$$Lambda/0x00007fcd28627cc0
9712:             1             16  org.opensearch.common.cache.Cache$$Lambda/0x00007fcd2862c220
9713:             1             16  org.opensearch.common.cache.settings.CacheSettings$$Lambda/0x00007fcd28706a80
9714:             1             16  org.opensearch.common.cache.stats.NoopCacheStatsHolder
9715:             1             16  org.opensearch.common.cache.store.OpenSearchOnHeapCache$OpenSearchOnHeapCacheFactory
9716:             1             16  org.opensearch.common.cache.store.settings.OpenSearchOnHeapCacheSettings$$Lambda/0x00007fcd28706eb8
9717:             1             16  org.opensearch.common.cache.store.settings.OpenSearchOnHeapCacheSettings$$Lambda/0x00007fcd287070f0
9718:             1             16  org.opensearch.common.compress.DeflateCompressor
9719:             1             16  org.opensearch.common.compress.DeflateCompressor$$Lambda/0x00007fcd28530250
9720:             1             16  org.opensearch.common.compress.DeflateCompressor$$Lambda/0x00007fcd28530468
9721:             1             16  org.opensearch.common.compress.DeflateCompressor$$Lambda/0x00007fcd28530a10
9722:             1             16  org.opensearch.common.compress.DeflateCompressor$$Lambda/0x00007fcd28530c28
9723:             1             16  org.opensearch.common.compress.DeflateCompressor$$Lambda/0x00007fcd28530e40
9724:             1             16  org.opensearch.common.geo.GeoShapeType$$Lambda/0x00007fcd28868de8
9725:             1             16  org.opensearch.common.geo.GeoShapeType$$Lambda/0x00007fcd28869000
9726:             1             16  org.opensearch.common.geo.GeoShapeType$$Lambda/0x00007fcd28869218
9727:             1             16  org.opensearch.common.geo.GeoShapeType$$Lambda/0x00007fcd28869430
9728:             1             16  org.opensearch.common.geo.GeoShapeType$$Lambda/0x00007fcd28869648
9729:             1             16  org.opensearch.common.geo.GeoShapeType$$Lambda/0x00007fcd28869860
9730:             1             16  org.opensearch.common.geo.GeoShapeType$$Lambda/0x00007fcd28869e58
9731:             1             16  org.opensearch.common.geo.GeoShapeType$$Lambda/0x00007fcd2886a070
9732:             1             16  org.opensearch.common.geo.GeoShapeType$$Lambda/0x00007fcd2886a5e8
9733:             1             16  org.opensearch.common.geo.builders.ShapeBuilder$IntersectionOrder
9734:             1             16  org.opensearch.common.inject.InjectorImpl$ProviderBindingImpl$1
9735:             1             16  org.opensearch.common.inject.MembersInjectorImpl$$Lambda/0x00007fcd28b8f570
9736:             1             16  org.opensearch.common.inject.Scopes$1
9737:             1             16  org.opensearch.common.inject.Scopes$2
9738:             1             16  org.opensearch.common.inject.State$1
9739:             1             16  org.opensearch.common.inject.internal.Errors$2
9740:             1             16  org.opensearch.common.inject.internal.Errors$3
9741:             1             16  org.opensearch.common.inject.internal.Errors$4
9742:             1             16  org.opensearch.common.inject.internal.Scoping$1
9743:             1             16  org.opensearch.common.inject.internal.Scoping$2
9744:             1             16  org.opensearch.common.inject.internal.Scoping$3
9745:             1             16  org.opensearch.common.inject.internal.Scoping$4
9746:             1             16  org.opensearch.common.inject.internal.SourceProvider
9747:             1             16  org.opensearch.common.inject.matcher.Matchers$Any
9748:             1             16  org.opensearch.common.inject.spi.InjectionPoint$Factory$1
9749:             1             16  org.opensearch.common.inject.spi.InjectionPoint$Factory$2
9750:             1             16  org.opensearch.common.inject.util.Modules$1
9751:             1             16  org.opensearch.common.io.DiskIoBufferPool$$Lambda/0x00007fcd29347a98
9752:             1             16  org.opensearch.common.io.Streams$1
9753:             1             16  org.opensearch.common.io.stream.Streamables$$Lambda/0x00007fcd28cba100
9754:             1             16  org.opensearch.common.io.stream.Streamables$$Lambda/0x00007fcd28cba518
9755:             1             16  org.opensearch.common.io.stream.Streamables$$Lambda/0x00007fcd28cba730
9756:             1             16  org.opensearch.common.io.stream.Streamables$$Lambda/0x00007fcd28cba948
9757:             1             16  org.opensearch.common.io.stream.Streamables$$Lambda/0x00007fcd28cbab60
9758:             1             16  org.opensearch.common.joda.Joda$$Lambda/0x00007fcd290bd778
9759:             1             16  org.opensearch.common.joda.Joda$1
9760:             1             16  org.opensearch.common.joda.Joda$2
9761:             1             16  org.opensearch.common.lease.Releasables$$Lambda/0x00007fcd292dd430
9762:             1             16  org.opensearch.common.logging.HeaderWarning$$Lambda/0x00007fcd28394000
9763:             1             16  org.opensearch.common.logging.HeaderWarning$$Lambda/0x00007fcd28394248
9764:             1             16  org.opensearch.common.logging.LogConfigurator$$Lambda/0x00007fcd281b67a8
9765:             1             16  org.opensearch.common.logging.Loggers$$Lambda/0x00007fcd281b5a30
9766:             1             16  org.opensearch.common.logging.Loggers$$Lambda/0x00007fcd281b5c68
9767:             1             16  org.opensearch.common.logging.Loggers$$Lambda/0x00007fcd281b5ea0
9768:             1             16  org.opensearch.common.logging.NodeAndClusterIdStateListener$$Lambda/0x00007fcd290f3940
9769:             1             16  org.opensearch.common.lucene.search.Queries$$Lambda/0x00007fcd29349460
9770:             1             16  org.opensearch.common.network.NetworkModule$$Lambda/0x00007fcd2845f920
9771:             1             16  org.opensearch.common.network.NetworkModule$$Lambda/0x00007fcd2845fb38
9772:             1             16  org.opensearch.common.network.NetworkModule$$Lambda/0x00007fcd28482800
9773:             1             16  org.opensearch.common.network.NetworkModule$$Lambda/0x00007fcd28483db8
9774:             1             16  org.opensearch.common.network.NetworkModule$$Lambda/0x00007fcd28484940
9775:             1             16  org.opensearch.common.network.NetworkModule$$Lambda/0x00007fcd28484b58
9776:             1             16  org.opensearch.common.network.NetworkModule$$Lambda/0x00007fcd28485770
9777:             1             16  org.opensearch.common.network.NetworkModule$$Lambda/0x00007fcd28485988
9778:             1             16  org.opensearch.common.network.NetworkModule$$Lambda/0x00007fcd2848c7e0
9779:             1             16  org.opensearch.common.network.NetworkModule$$Lambda/0x00007fcd2848c9f8
9780:             1             16  org.opensearch.common.network.NetworkModule$$Lambda/0x00007fcd2848d0c8
9781:             1             16  org.opensearch.common.network.NetworkModule$$Lambda/0x00007fcd2848d5a8
9782:             1             16  org.opensearch.common.network.NetworkModule$$Lambda/0x00007fcd2848da80
9783:             1             16  org.opensearch.common.network.NetworkModule$$Lambda/0x00007fcd28c9f2d8
9784:             1             16  org.opensearch.common.network.NetworkModule$$Lambda/0x00007fcd28c9f718
9785:             1             16  org.opensearch.common.network.NetworkModule$$Lambda/0x00007fcd28c9fb90
9786:             1             16  org.opensearch.common.network.NetworkModule$$Lambda/0x00007fcd28ca0000
9787:             1             16  org.opensearch.common.network.NetworkModule$CompositeTransportInterceptor
9788:             1             16  org.opensearch.common.network.NetworkService
9789:             1             16  org.opensearch.common.settings.AbstractScopedSettings$$Lambda/0x00007fcd28646678
9790:             1             16  org.opensearch.common.settings.AbstractScopedSettings$$Lambda/0x00007fcd2864bfd0
9791:             1             16  org.opensearch.common.settings.AbstractScopedSettings$$Lambda/0x00007fcd2864e0b8
9792:             1             16  org.opensearch.common.settings.AbstractScopedSettings$$Lambda/0x00007fcd28872480
9793:             1             16  org.opensearch.common.settings.AbstractScopedSettings$$Lambda/0x00007fcd288726a8
9794:             1             16  org.opensearch.common.settings.AbstractScopedSettings$$Lambda/0x00007fcd288728d0
9795:             1             16  org.opensearch.common.settings.AbstractScopedSettings$$Lambda/0x00007fcd28872af8
9796:             1             16  org.opensearch.common.settings.AbstractScopedSettings$$Lambda/0x00007fcd28cdf9c8
9797:             1             16  org.opensearch.common.settings.AbstractScopedSettings$$Lambda/0x00007fcd28cdfbf0
9798:             1             16  org.opensearch.common.settings.AbstractScopedSettings$SettingUpdater$$Lambda/0x00007fcd291b2ab8
9799:             1             16  org.opensearch.common.settings.ClusterSettings$LoggingSettingUpdater$$Lambda/0x00007fcd28707cb0
9800:             1             16  org.opensearch.common.settings.IndexScopedSettings$$Lambda/0x00007fcd286372a8
9801:             1             16  org.opensearch.common.settings.IndexScopedSettings$$Lambda/0x00007fcd286374f0
9802:             1             16  org.opensearch.common.settings.IndexScopedSettings$$Lambda/0x00007fcd28646258
9803:             1             16  org.opensearch.common.settings.SecureSetting$InsecureStringSetting$$Lambda/0x00007fcd285344b0
9804:             1             16  org.opensearch.common.settings.Setting$$Lambda/0x00007fcd2802af28
9805:             1             16  org.opensearch.common.settings.Setting$$Lambda/0x00007fcd2802b580
9806:             1             16  org.opensearch.common.settings.Setting$$Lambda/0x00007fcd2802ba08
9807:             1             16  org.opensearch.common.settings.Setting$$Lambda/0x00007fcd2802c778
9808:             1             16  org.opensearch.common.settings.Setting$$Lambda/0x00007fcd280bf770
9809:             1             16  org.opensearch.common.settings.Setting$$Lambda/0x00007fcd280c3800
9810:             1             16  org.opensearch.common.settings.Setting$$Lambda/0x00007fcd280c8b18
9811:             1             16  org.opensearch.common.settings.Setting$$Lambda/0x00007fcd280ca5d8
9812:             1             16  org.opensearch.common.settings.Setting$$Lambda/0x00007fcd280ca818
9813:             1             16  org.opensearch.common.settings.Setting$$Lambda/0x00007fcd280cac80
9814:             1             16  org.opensearch.common.settings.Setting$$Lambda/0x00007fcd28216c58
9815:             1             16  org.opensearch.common.settings.Setting$$Lambda/0x00007fcd28396a08
9816:             1             16  org.opensearch.common.settings.Setting$$Lambda/0x00007fcd2848e0d0
9817:             1             16  org.opensearch.common.settings.Setting$$Lambda/0x00007fcd2854dad0
9818:             1             16  org.opensearch.common.settings.Setting$$Lambda/0x00007fcd2854dd18
9819:             1             16  org.opensearch.common.settings.Setting$$Lambda/0x00007fcd2854e3e8
9820:             1             16  org.opensearch.common.settings.Setting$$Lambda/0x00007fcd2862e990
9821:             1             16  org.opensearch.common.settings.Setting$$Lambda/0x00007fcd2862f6a8
9822:             1             16  org.opensearch.common.settings.Setting$$Lambda/0x00007fcd2862f8e8
9823:             1             16  org.opensearch.common.settings.Setting$$Lambda/0x00007fcd2864e2e0
9824:             1             16  org.opensearch.common.settings.Setting$$Lambda/0x00007fcd286e5068
9825:             1             16  org.opensearch.common.settings.Setting$$Lambda/0x00007fcd28708cc0
9826:             1             16  org.opensearch.common.settings.Setting$GroupSetting$$Lambda/0x00007fcd280c3c50
9827:             1             16  org.opensearch.common.settings.Setting$GroupSetting$$Lambda/0x00007fcd280c8000
9828:             1             16  org.opensearch.common.settings.Settings$$Lambda/0x00007fcd281e9010
9829:             1             16  org.opensearch.common.settings.Settings$Builder$$Lambda/0x00007fcd28028ca0
9830:             1             16  org.opensearch.common.settings.SettingsFilter$$Lambda/0x00007fcd292258b0
9831:             1             16  org.opensearch.common.settings.SettingsModule$$Lambda/0x00007fcd28707610
9832:             1             16  org.opensearch.common.ssl.DefaultJdkTrustConfig$$Lambda/0x00007fcd288fe8c0
9833:             1             16  org.opensearch.common.ssl.EmptyKeyConfig
9834:             1             16  org.opensearch.common.ssl.SslConfigurationLoader$$Lambda/0x00007fcd288fd440
9835:             1             16  org.opensearch.common.ssl.SslConfigurationLoader$$Lambda/0x00007fcd288fd678
9836:             1             16  org.opensearch.common.ssl.TrustEverythingConfig
9837:             1             16  org.opensearch.common.ssl.TrustEverythingConfig$1
9838:             1             16  org.opensearch.common.time.DateFormatter$$Lambda/0x00007fcd2808c708
9839:             1             16  org.opensearch.common.time.DateFormatters$$Lambda/0x00007fcd2808cd40
9840:             1             16  org.opensearch.common.time.DateFormatters$1
9841:             1             16  org.opensearch.common.time.EpochTime$$Lambda/0x00007fcd286186c8
9842:             1             16  org.opensearch.common.time.EpochTime$$Lambda/0x00007fcd286188f0
9843:             1             16  org.opensearch.common.time.FormatNames$$Lambda/0x00007fcd2808fa90
9844:             1             16  org.opensearch.common.time.IsoCalendarDataProvider
9845:             1             16  org.opensearch.common.time.JavaDateFormatter$$Lambda/0x00007fcd2808dba8
9846:             1             16  org.opensearch.common.time.JavaDateFormatter$$Lambda/0x00007fcd2808e080
9847:             1             16  org.opensearch.common.time.JavaDateFormatter$$Lambda/0x00007fcd2808e698
9848:             1             16  org.opensearch.common.time.JavaDateFormatter$$Lambda/0x00007fcd2808e8b0
9849:             1             16  org.opensearch.common.time.JavaDateFormatter$$Lambda/0x00007fcd2808eae8
9850:             1             16  org.opensearch.common.time.JavaDateFormatter$$Lambda/0x00007fcd2808ef50
9851:             1             16  org.opensearch.common.transport.PortsRange
9852:             1             16  org.opensearch.common.transport.PortsRange$$Lambda/0x00007fcd281dea38
9853:             1             16  org.opensearch.common.util.LazyInitializable$$Lambda/0x00007fcd2808cf58
9854:             1             16  org.opensearch.common.util.LazyInitializable$$Lambda/0x00007fcd2808d180
9855:             1             16  org.opensearch.common.util.PageCacheRecycler$$Lambda/0x00007fcd286ec2c0
9856:             1             16  org.opensearch.common.util.concurrent.OpenSearchExecutors$$Lambda/0x00007fcd2828a0f0
9857:             1             16  org.opensearch.common.util.concurrent.OpenSearchExecutors$DirectExecutorService
9858:             1             16  org.opensearch.common.util.concurrent.PrioritizedRunnable$$Lambda/0x00007fcd290f4940
9859:             1             16  org.opensearch.common.util.concurrent.ThreadContext$$Lambda/0x00007fcd28536f88
9860:             1             16  org.opensearch.common.util.concurrent.ThreadContext$$Lambda/0x00007fcd29131000
9861:             1             16  org.opensearch.common.util.concurrent.ThreadContext$$Lambda/0x00007fcd29131c90
9862:             1             16  org.opensearch.common.util.concurrent.ThreadContext$$Lambda/0x00007fcd291368d0
9863:             1             16  org.opensearch.common.util.concurrent.ThreadContext$$Lambda/0x00007fcd29137348
9864:             1             16  org.opensearch.common.util.concurrent.ThreadContext$$Lambda/0x00007fcd293dbb38
9865:             1             16  org.opensearch.common.util.concurrent.ThreadContext$LinkedHashSetCollector
9866:             1             16  org.opensearch.common.util.concurrent.ThreadContext$ThreadContextStruct$$Lambda/0x00007fcd2911c230
9867:             1             16  org.opensearch.common.util.concurrent.ThreadContext$ThreadContextStruct$$Lambda/0x00007fcd2911cec0
9868:             1             16  org.opensearch.common.util.io.Streams$$Lambda/0x00007fcd28a33848
9869:             1             16  org.opensearch.common.util.iterable.Iterables$FlattenedIterables$$Lambda/0x00007fcd290dd3d0
9870:             1             16  org.opensearch.common.xcontent.LoggingDeprecationHandler
9871:             1             16  org.opensearch.common.xcontent.XContentOpenSearchExtension$$Lambda/0x00007fcd28090878
9872:             1             16  org.opensearch.common.xcontent.XContentOpenSearchExtension$$Lambda/0x00007fcd28090a90
9873:             1             16  org.opensearch.common.xcontent.XContentOpenSearchExtension$$Lambda/0x00007fcd28090f48
9874:             1             16  org.opensearch.common.xcontent.XContentOpenSearchExtension$$Lambda/0x00007fcd28091160
9875:             1             16  org.opensearch.common.xcontent.XContentOpenSearchExtension$$Lambda/0x00007fcd28092ef8
9876:             1             16  org.opensearch.common.xcontent.XContentOpenSearchExtension$$Lambda/0x00007fcd28093610
9877:             1             16  org.opensearch.common.xcontent.XContentOpenSearchExtension$$Lambda/0x00007fcd28093b48
9878:             1             16  org.opensearch.common.xcontent.XContentOpenSearchExtension$$Lambda/0x00007fcd28093d60
9879:             1             16  org.opensearch.common.xcontent.XContentOpenSearchExtension$$Lambda/0x00007fcd28093f78
9880:             1             16  org.opensearch.common.xcontent.XContentOpenSearchExtension$$Lambda/0x00007fcd28094190
9881:             1             16  org.opensearch.common.xcontent.XContentOpenSearchExtension$$Lambda/0x00007fcd280943a8
9882:             1             16  org.opensearch.common.xcontent.XContentOpenSearchExtension$$Lambda/0x00007fcd280945c0
9883:             1             16  org.opensearch.common.xcontent.XContentOpenSearchExtension$$Lambda/0x00007fcd280947d8
9884:             1             16  org.opensearch.common.xcontent.XContentOpenSearchExtension$$Lambda/0x00007fcd280949f0
9885:             1             16  org.opensearch.common.xcontent.XContentOpenSearchExtension$$Lambda/0x00007fcd28094c08
9886:             1             16  org.opensearch.common.xcontent.XContentOpenSearchExtension$$Lambda/0x00007fcd28094e20
9887:             1             16  org.opensearch.common.xcontent.XContentOpenSearchExtension$$Lambda/0x00007fcd28095038
9888:             1             16  org.opensearch.common.xcontent.XContentOpenSearchExtension$$Lambda/0x00007fcd28095250
9889:             1             16  org.opensearch.common.xcontent.XContentOpenSearchExtension$$Lambda/0x00007fcd28095468
9890:             1             16  org.opensearch.common.xcontent.XContentOpenSearchExtension$$Lambda/0x00007fcd28095680
9891:             1             16  org.opensearch.common.xcontent.XContentOpenSearchExtension$$Lambda/0x00007fcd28095fe8
9892:             1             16  org.opensearch.common.xcontent.XContentOpenSearchExtension$$Lambda/0x00007fcd280963f8
9893:             1             16  org.opensearch.common.xcontent.XContentOpenSearchExtension$$Lambda/0x00007fcd28096830
9894:             1             16  org.opensearch.common.xcontent.XContentOpenSearchExtension$$Lambda/0x00007fcd28096c40
9895:             1             16  org.opensearch.common.xcontent.XContentOpenSearchExtension$$Lambda/0x00007fcd28097170
9896:             1             16  org.opensearch.common.xcontent.XContentOpenSearchExtension$$Lambda/0x00007fcd28097388
9897:             1             16  org.opensearch.common.xcontent.XContentOpenSearchExtension$$Lambda/0x00007fcd280975c0
9898:             1             16  org.opensearch.common.xcontent.XContentOpenSearchExtension$$Lambda/0x00007fcd280977f8
9899:             1             16  org.opensearch.common.xcontent.XContentOpenSearchExtension$$Lambda/0x00007fcd28097a30
9900:             1             16  org.opensearch.common.xcontent.XContentOpenSearchExtension$$Lambda/0x00007fcd28097c68
9901:             1             16  org.opensearch.common.xcontent.XContentOpenSearchExtension$$Lambda/0x00007fcd2809c000
9902:             1             16  org.opensearch.common.xcontent.XContentOpenSearchExtension$$Lambda/0x00007fcd2809c238
9903:             1             16  org.opensearch.common.xcontent.XContentOpenSearchExtension$$Lambda/0x00007fcd2809c7d8
9904:             1             16  org.opensearch.common.xcontent.XContentOpenSearchExtension$$Lambda/0x00007fcd2809ca10
9905:             1             16  org.opensearch.common.xcontent.XContentOpenSearchExtension$$Lambda/0x00007fcd2809cc48
9906:             1             16  org.opensearch.common.xcontent.XContentOpenSearchExtension$$Lambda/0x00007fcd2809ce80
9907:             1             16  org.opensearch.common.xcontent.XContentOpenSearchExtension$$Lambda/0x00007fcd2809d0b8
9908:             1             16  org.opensearch.common.xcontent.XContentOpenSearchExtension$$Lambda/0x00007fcd2809d2f0
9909:             1             16  org.opensearch.common.xcontent.XContentOpenSearchExtension$$Lambda/0x00007fcd2809d528
9910:             1             16  org.opensearch.common.xcontent.XContentOpenSearchExtension$$Lambda/0x00007fcd2809d760
9911:             1             16  org.opensearch.common.xcontent.XContentOpenSearchExtension$$Lambda/0x00007fcd2809d998
9912:             1             16  org.opensearch.common.xcontent.json.JsonXContent
9913:             1             16  org.opensearch.common.xcontent.smile.SmileXContent
9914:             1             16  org.opensearch.common.xcontent.yaml.YamlXContent
9915:             1             16  org.opensearch.commons.alerting.action.AlertingActions
9916:             1             16  org.opensearch.commons.alerting.action.AlertingActions
9917:             1             16  org.opensearch.commons.alerting.action.AlertingActions$$Lambda/0x00007fcd28a99f28
9918:             1             16  org.opensearch.commons.alerting.action.AlertingActions$$Lambda/0x00007fcd28a9a3d8
9919:             1             16  org.opensearch.commons.alerting.action.AlertingActions$$Lambda/0x00007fcd28a9a880
9920:             1             16  org.opensearch.commons.alerting.action.AlertingActions$$Lambda/0x00007fcd28a9ad28
9921:             1             16  org.opensearch.commons.alerting.action.AlertingActions$$Lambda/0x00007fcd28a9b1d8
9922:             1             16  org.opensearch.commons.alerting.action.AlertingActions$$Lambda/0x00007fcd28a9b688
9923:             1             16  org.opensearch.commons.alerting.action.AlertingActions$$Lambda/0x00007fcd28a9bb38
9924:             1             16  org.opensearch.commons.alerting.action.AlertingActions$$Lambda/0x00007fcd28c2c000
9925:             1             16  org.opensearch.commons.alerting.action.AlertingActions$$Lambda/0x00007fcd28c2c4a8
9926:             1             16  org.opensearch.commons.alerting.action.AlertingActions$$Lambda/0x00007fcd28c2c950
9927:             1             16  org.opensearch.commons.alerting.action.AlertingActions$$Lambda/0x00007fcd28c2cb68
9928:             1             16  org.opensearch.commons.alerting.action.AlertingActions$$Lambda/0x00007fcd28c2d018
9929:             1             16  org.opensearch.commons.alerting.action.AlertingActions$$Lambda/0x00007fcd28c2d230
9930:             1             16  org.opensearch.commons.alerting.action.AlertingActions$$Lambda/0x00007fcd28c2d6e0
9931:             1             16  org.opensearch.commons.alerting.action.AlertingActions$$Lambda/0x00007fcd28c2d8f8
9932:             1             16  org.opensearch.commons.alerting.action.AlertingActions$$Lambda/0x00007fcd28c2dda0
9933:             1             16  org.opensearch.commons.alerting.action.AlertingActions$$Lambda/0x00007fcd28c738f8
9934:             1             16  org.opensearch.commons.alerting.action.AlertingActions$$Lambda/0x00007fcd28c73da8
9935:             1             16  org.opensearch.commons.alerting.action.AlertingActions$$Lambda/0x00007fcd28c74250
9936:             1             16  org.opensearch.commons.alerting.action.AlertingActions$$Lambda/0x00007fcd28c746f8
9937:             1             16  org.opensearch.commons.alerting.action.AlertingActions$$Lambda/0x00007fcd28c74ba8
9938:             1             16  org.opensearch.commons.alerting.action.AlertingActions$$Lambda/0x00007fcd28c75058
9939:             1             16  org.opensearch.commons.alerting.action.AlertingActions$$Lambda/0x00007fcd28c75508
9940:             1             16  org.opensearch.commons.alerting.action.AlertingActions$$Lambda/0x00007fcd28c759b0
9941:             1             16  org.opensearch.commons.alerting.action.AlertingActions$$Lambda/0x00007fcd28c75e58
9942:             1             16  org.opensearch.commons.alerting.action.AlertingActions$$Lambda/0x00007fcd28c76300
9943:             1             16  org.opensearch.commons.alerting.action.AlertingActions$$Lambda/0x00007fcd28c76518
9944:             1             16  org.opensearch.commons.alerting.action.AlertingActions$$Lambda/0x00007fcd28c769c8
9945:             1             16  org.opensearch.commons.alerting.action.AlertingActions$$Lambda/0x00007fcd28c76be0
9946:             1             16  org.opensearch.commons.alerting.action.AlertingActions$$Lambda/0x00007fcd28c77090
9947:             1             16  org.opensearch.commons.alerting.action.AlertingActions$$Lambda/0x00007fcd28c772a8
9948:             1             16  org.opensearch.commons.alerting.action.AlertingActions$$Lambda/0x00007fcd28c77750
9949:             1             16  org.opensearch.commons.alerting.aggregation.bucketselectorext.BucketSelectorExtAggregationBuilder$Companion
9950:             1             16  org.opensearch.commons.alerting.model.Alert$Companion
9951:             1             16  org.opensearch.commons.alerting.model.BucketLevelTrigger$$Lambda/0x00007fcd288a08e8
9952:             1             16  org.opensearch.commons.alerting.model.BucketLevelTrigger$Companion
9953:             1             16  org.opensearch.commons.alerting.model.ChainedAlertTrigger$$Lambda/0x00007fcd288a1d80
9954:             1             16  org.opensearch.commons.alerting.model.ChainedAlertTrigger$Companion
9955:             1             16  org.opensearch.commons.alerting.model.ClusterMetricsInput$$Lambda/0x00007fcd288a0fb0
9956:             1             16  org.opensearch.commons.alerting.model.ClusterMetricsInput$Companion
9957:             1             16  org.opensearch.commons.alerting.model.DocLevelMonitorInput$$Lambda/0x00007fcd288a0200
9958:             1             16  org.opensearch.commons.alerting.model.DocLevelMonitorInput$Companion
9959:             1             16  org.opensearch.commons.alerting.model.DocumentLevelTrigger$$Lambda/0x00007fcd288a1698
9960:             1             16  org.opensearch.commons.alerting.model.DocumentLevelTrigger$Companion
9961:             1             16  org.opensearch.commons.alerting.model.Monitor$$Lambda/0x00007fcd2861d200
9962:             1             16  org.opensearch.commons.alerting.model.Monitor$Companion
9963:             1             16  org.opensearch.commons.alerting.model.QueryLevelTrigger$$Lambda/0x00007fcd2861dae0
9964:             1             16  org.opensearch.commons.alerting.model.QueryLevelTrigger$Companion
9965:             1             16  org.opensearch.commons.alerting.model.SearchInput$$Lambda/0x00007fcd28623a00
9966:             1             16  org.opensearch.commons.alerting.model.SearchInput$Companion
9967:             1             16  org.opensearch.commons.alerting.model.Workflow$$Lambda/0x00007fcd288a2490
9968:             1             16  org.opensearch.commons.alerting.model.Workflow$Companion
9969:             1             16  org.opensearch.commons.notifications.action.NotificationsActions
9970:             1             16  org.opensearch.commons.notifications.action.NotificationsActions$$Lambda/0x00007fcd28c88720
9971:             1             16  org.opensearch.commons.notifications.action.NotificationsActions$$Lambda/0x00007fcd28c88bc8
9972:             1             16  org.opensearch.commons.notifications.action.NotificationsActions$$Lambda/0x00007fcd28c89070
9973:             1             16  org.opensearch.commons.notifications.action.NotificationsActions$$Lambda/0x00007fcd28c89518
9974:             1             16  org.opensearch.commons.notifications.action.NotificationsActions$$Lambda/0x00007fcd28c899c0
9975:             1             16  org.opensearch.commons.notifications.action.NotificationsActions$$Lambda/0x00007fcd28c89e68
9976:             1             16  org.opensearch.commons.notifications.action.NotificationsActions$$Lambda/0x00007fcd28c8a080
9977:             1             16  org.opensearch.commons.notifications.action.NotificationsActions$$Lambda/0x00007fcd28c8a528
9978:             1             16  org.opensearch.compress.ZstdCompressor
9979:             1             16  org.opensearch.core.ParseField$$Lambda/0x00007fcd2908fa58
9980:             1             16  org.opensearch.core.common.Strings$$Lambda/0x00007fcd29093f68
9981:             1             16  org.opensearch.core.common.io.stream.NamedWriteableRegistry
9982:             1             16  org.opensearch.core.common.io.stream.NamedWriteableRegistry$$Lambda/0x00007fcd2888d340
9983:             1             16  org.opensearch.core.common.io.stream.StreamInput$$Lambda/0x00007fcd28cb5b50
9984:             1             16  org.opensearch.core.common.io.stream.StreamInput$$Lambda/0x00007fcd28cb5d68
9985:             1             16  org.opensearch.core.common.io.stream.StreamInput$$Lambda/0x00007fcd29196100
9986:             1             16  org.opensearch.core.common.io.stream.StreamInput$$Lambda/0x00007fcd2919ab78
9987:             1             16  org.opensearch.core.common.io.stream.StreamInput$$Lambda/0x00007fcd2919d648
9988:             1             16  org.opensearch.core.common.io.stream.StreamInput$$Lambda/0x00007fcd2919dc90
9989:             1             16  org.opensearch.core.common.io.stream.StreamOutput$$Lambda/0x00007fcd28cb17f0
9990:             1             16  org.opensearch.core.common.io.stream.StreamOutput$$Lambda/0x00007fcd28cb1a08
9991:             1             16  org.opensearch.core.common.io.stream.StreamOutput$$Lambda/0x00007fcd28cb1c20
9992:             1             16  org.opensearch.core.common.io.stream.StreamOutput$$Lambda/0x00007fcd28cb1e38
9993:             1             16  org.opensearch.core.common.io.stream.StreamOutput$$Lambda/0x00007fcd28cb2050
9994:             1             16  org.opensearch.core.common.io.stream.StreamOutput$$Lambda/0x00007fcd28cb2268
9995:             1             16  org.opensearch.core.common.io.stream.StreamOutput$$Lambda/0x00007fcd28cb2480
9996:             1             16  org.opensearch.core.common.io.stream.StreamOutput$$Lambda/0x00007fcd28cb2698
9997:             1             16  org.opensearch.core.common.io.stream.StreamOutput$$Lambda/0x00007fcd28cb28b0
9998:             1             16  org.opensearch.core.common.io.stream.StreamOutput$$Lambda/0x00007fcd28cb2ac8
9999:             1             16  org.opensearch.core.common.io.stream.StreamOutput$$Lambda/0x00007fcd28cb2ce0
10000:             1             16  org.opensearch.core.common.io.stream.StreamOutput$$Lambda/0x00007fcd28cb2ef8
10001:             1             16  org.opensearch.core.common.io.stream.StreamOutput$$Lambda/0x00007fcd28cb3110
10002:             1             16  org.opensearch.core.common.io.stream.StreamOutput$$Lambda/0x00007fcd28cb3328
10003:             1             16  org.opensearch.core.common.io.stream.StreamOutput$$Lambda/0x00007fcd28cb37a8
10004:             1             16  org.opensearch.core.common.io.stream.StreamOutput$$Lambda/0x00007fcd28cb39c0
10005:             1             16  org.opensearch.core.common.io.stream.StreamOutput$$Lambda/0x00007fcd28cb3bd8
10006:             1             16  org.opensearch.core.common.io.stream.StreamOutput$$Lambda/0x00007fcd28cb6000
10007:             1             16  org.opensearch.core.common.io.stream.StreamOutput$$Lambda/0x00007fcd28cb6218
10008:             1             16  org.opensearch.core.common.io.stream.StreamOutput$$Lambda/0x00007fcd28cb6430
10009:             1             16  org.opensearch.core.common.io.stream.StreamOutput$$Lambda/0x00007fcd28cb6648
10010:             1             16  org.opensearch.core.common.io.stream.StreamOutput$$Lambda/0x00007fcd28cb6860
10011:             1             16  org.opensearch.core.common.io.stream.StreamOutput$$Lambda/0x00007fcd28cb6a78
10012:             1             16  org.opensearch.core.common.io.stream.StreamOutput$$Lambda/0x00007fcd28cb6c90
10013:             1             16  org.opensearch.core.common.io.stream.StreamOutput$$Lambda/0x00007fcd28cb6ea8
10014:             1             16  org.opensearch.core.common.io.stream.StreamOutput$$Lambda/0x00007fcd29195ab8
10015:             1             16  org.opensearch.core.common.io.stream.StreamOutput$$Lambda/0x00007fcd291a5a40
10016:             1             16  org.opensearch.core.common.io.stream.StreamOutput$$Lambda/0x00007fcd291bf888
10017:             1             16  org.opensearch.core.common.io.stream.StreamOutput$$Lambda/0x00007fcd293ba218
10018:             1             16  org.opensearch.core.compress.CompressorRegistry$$Lambda/0x00007fcd2892ca50
10019:             1             16  org.opensearch.core.compress.CompressorRegistry$$Lambda/0x00007fcd2892cc88
10020:             1             16  org.opensearch.core.compress.CompressorRegistry$$Lambda/0x00007fcd2892cec0
10021:             1             16  org.opensearch.core.compress.NoneCompressor
10022:             1             16  org.opensearch.core.index.Index$$Lambda/0x00007fcd28630828
10023:             1             16  org.opensearch.core.index.Index$$Lambda/0x00007fcd28630a40
10024:             1             16  org.opensearch.core.index.Index$$Lambda/0x00007fcd28630c68
10025:             1             16  org.opensearch.core.tasks.resourcetracker.ResourceUsageInfo
10026:             1             16  org.opensearch.core.tasks.resourcetracker.TaskResourceInfo$$Lambda/0x00007fcd293db900
10027:             1             16  org.opensearch.core.tasks.resourcetracker.TaskResourceUsage$$Lambda/0x00007fcd29235aa8
10028:             1             16  org.opensearch.core.transport.TransportResponse$Empty
10029:             1             16  org.opensearch.core.xcontent.AbstractObjectParser$$Lambda/0x00007fcd28486c38
10030:             1             16  org.opensearch.core.xcontent.AbstractObjectParser$$Lambda/0x00007fcd28487cf0
10031:             1             16  org.opensearch.core.xcontent.AbstractObjectParser$$Lambda/0x00007fcd2848c000
10032:             1             16  org.opensearch.core.xcontent.AbstractObjectParser$$Lambda/0x00007fcd284b6ca0
10033:             1             16  org.opensearch.core.xcontent.AbstractObjectParser$$Lambda/0x00007fcd284b74f0
10034:             1             16  org.opensearch.core.xcontent.AbstractObjectParser$$Lambda/0x00007fcd287b7048
10035:             1             16  org.opensearch.core.xcontent.AbstractObjectParser$$Lambda/0x00007fcd287b8a30
10036:             1             16  org.opensearch.core.xcontent.AbstractObjectParser$$Lambda/0x00007fcd2880a938
10037:             1             16  org.opensearch.core.xcontent.AbstractObjectParser$$Lambda/0x00007fcd291dfb60
10038:             1             16  org.opensearch.core.xcontent.AbstractXContentParser$$Lambda/0x00007fcd280a1e88
10039:             1             16  org.opensearch.core.xcontent.AbstractXContentParser$$Lambda/0x00007fcd280a20a0
10040:             1             16  org.opensearch.core.xcontent.ConstructingObjectParser$$Lambda/0x00007fcd284b61a8
10041:             1             16  org.opensearch.core.xcontent.ConstructingObjectParser$$Lambda/0x00007fcd284b63d0
10042:             1             16  org.opensearch.core.xcontent.ConstructingObjectParser$$Lambda/0x00007fcd290954c0
10043:             1             16  org.opensearch.core.xcontent.DeprecationHandler$1
10044:             1             16  org.opensearch.core.xcontent.DeprecationHandler$2
10045:             1             16  org.opensearch.core.xcontent.MediaTypeRegistry$$Lambda/0x00007fcd2802f2d8
10046:             1             16  org.opensearch.core.xcontent.MediaTypeRegistry$$Lambda/0x00007fcd2802f510
10047:             1             16  org.opensearch.core.xcontent.MediaTypeRegistry$$Lambda/0x00007fcd2802f748
10048:             1             16  org.opensearch.core.xcontent.NamedXContentRegistry$$Lambda/0x00007fcd2888f750
10049:             1             16  org.opensearch.core.xcontent.ObjectParser$$Lambda/0x00007fcd284865c0
10050:             1             16  org.opensearch.core.xcontent.ObjectParser$$Lambda/0x00007fcd287efa30
10051:             1             16  org.opensearch.core.xcontent.ObjectParser$$Lambda/0x00007fcd28d0b7b8
10052:             1             16  org.opensearch.core.xcontent.ObjectParser$$Lambda/0x00007fcd290956e8
10053:             1             16  org.opensearch.core.xcontent.ObjectParser$$Lambda/0x00007fcd29214468
10054:             1             16  org.opensearch.core.xcontent.ObjectParser$$Lambda/0x00007fcd29214688
10055:             1             16  org.opensearch.core.xcontent.ObjectParserHelper$$Lambda/0x00007fcd2924cf50
10056:             1             16  org.opensearch.core.xcontent.ToXContent$1
10057:             1             16  org.opensearch.core.xcontent.XContentBuilder$$Lambda/0x00007fcd28082438
10058:             1             16  org.opensearch.core.xcontent.XContentBuilder$$Lambda/0x00007fcd28082650
10059:             1             16  org.opensearch.core.xcontent.XContentBuilder$$Lambda/0x00007fcd28082868
10060:             1             16  org.opensearch.core.xcontent.XContentBuilder$$Lambda/0x00007fcd28082a80
10061:             1             16  org.opensearch.core.xcontent.XContentBuilder$$Lambda/0x00007fcd28082c98
10062:             1             16  org.opensearch.core.xcontent.XContentBuilder$$Lambda/0x00007fcd28082eb0
10063:             1             16  org.opensearch.core.xcontent.XContentBuilder$$Lambda/0x00007fcd280830c8
10064:             1             16  org.opensearch.core.xcontent.XContentBuilder$$Lambda/0x00007fcd280832e0
10065:             1             16  org.opensearch.core.xcontent.XContentBuilder$$Lambda/0x00007fcd280834f8
10066:             1             16  org.opensearch.core.xcontent.XContentBuilder$$Lambda/0x00007fcd28083710
10067:             1             16  org.opensearch.core.xcontent.XContentBuilder$$Lambda/0x00007fcd28083928
10068:             1             16  org.opensearch.core.xcontent.XContentBuilder$$Lambda/0x00007fcd28083b40
10069:             1             16  org.opensearch.core.xcontent.XContentBuilder$$Lambda/0x00007fcd28083d58
10070:             1             16  org.opensearch.core.xcontent.XContentBuilder$$Lambda/0x00007fcd28086000
10071:             1             16  org.opensearch.core.xcontent.XContentBuilder$$Lambda/0x00007fcd28086218
10072:             1             16  org.opensearch.core.xcontent.XContentBuilder$$Lambda/0x00007fcd28086430
10073:             1             16  org.opensearch.core.xcontent.XContentBuilder$$Lambda/0x00007fcd28086648
10074:             1             16  org.opensearch.core.xcontent.XContentBuilder$$Lambda/0x00007fcd28086860
10075:             1             16  org.opensearch.core.xcontent.XContentBuilder$$Lambda/0x00007fcd28086a78
10076:             1             16  org.opensearch.core.xcontent.XContentBuilder$$Lambda/0x00007fcd28086c90
10077:             1             16  org.opensearch.core.xcontent.XContentBuilder$$Lambda/0x00007fcd28086ea8
10078:             1             16  org.opensearch.core.xcontent.XContentBuilder$$Lambda/0x00007fcd280870c0
10079:             1             16  org.opensearch.core.xcontent.XContentBuilder$$Lambda/0x00007fcd280872d8
10080:             1             16  org.opensearch.core.xcontent.XContentBuilder$$Lambda/0x00007fcd2809dbd0
10081:             1             16  org.opensearch.core.xcontent.XContentBuilder$$Lambda/0x00007fcd2809ddf8
10082:             1             16  org.opensearch.core.xcontent.XContentBuilder$$Lambda/0x00007fcd2809e020
10083:             1             16  org.opensearch.dashboards.OpenSearchDashboardsPlugin
10084:             1             16  org.opensearch.dashboards.OpenSearchDashboardsPlugin$$Lambda/0x00007fcd282385c8
10085:             1             16  org.opensearch.dashboards.OpenSearchDashboardsPlugin$OpenSearchDashboardsWrappedRestHandler$$Lambda/0x00007fcd28fe44b0
10086:             1             16  org.opensearch.discovery.DiscoveryModule$$Lambda/0x00007fcd28cf5540
10087:             1             16  org.opensearch.discovery.DiscoveryModule$$Lambda/0x00007fcd28cf5970
10088:             1             16  org.opensearch.discovery.DiscoveryModule$$Lambda/0x00007fcd28cf5b90
10089:             1             16  org.opensearch.discovery.PeerFinder$$Lambda/0x00007fcd28cf9d00
10090:             1             16  org.opensearch.discovery.PeerFinder$$Lambda/0x00007fcd28cf9f18
10091:             1             16  org.opensearch.discovery.PeerFinder$$Lambda/0x00007fcd290f0000
10092:             1             16  org.opensearch.discovery.PeerFinder$$Lambda/0x00007fcd290f0908
10093:             1             16  org.opensearch.discovery.PeerFinder$$Lambda/0x00007fcd290f0b40
10094:             1             16  org.opensearch.discovery.PeerFinder$Peer$2$$Lambda/0x00007fcd29196318
10095:             1             16  org.opensearch.discovery.PeerFinder$Peer$2$$Lambda/0x00007fcd29196780
10096:             1             16  org.opensearch.discovery.SettingsBasedSeedHostsProvider
10097:             1             16  org.opensearch.env.Environment$$Lambda/0x00007fcd280cb9e0
10098:             1             16  org.opensearch.env.NodeEnvironment$$Lambda/0x00007fcd284a7840
10099:             1             16  org.opensearch.env.NodeEnvironment$$Lambda/0x00007fcd284a7a88
10100:             1             16  org.opensearch.env.NodeEnvironment$$Lambda/0x00007fcd284b0d88
10101:             1             16  org.opensearch.env.NodeEnvironment$$Lambda/0x00007fcd284b0fc0
10102:             1             16  org.opensearch.env.NodeEnvironment$IndexStoreListener$1
10103:             1             16  org.opensearch.env.NodeMetadata$NodeMetadataStateFormat$$Lambda/0x00007fcd2851bfd8
10104:             1             16  org.opensearch.env.NodeMetadata$NodeMetadataStateFormat$$Lambda/0x00007fcd2851c1f0
10105:             1             16  org.opensearch.env.NodeMetadata$NodeMetadataStateFormat$$Lambda/0x00007fcd2851c418
10106:             1             16  org.opensearch.flowframework.FlowFrameworkPlugin
10107:             1             16  org.opensearch.flowframework.common.FlowFrameworkSettings$$Lambda/0x00007fcd283c1ab0
10108:             1             16  org.opensearch.flowframework.common.FlowFrameworkSettings$$Lambda/0x00007fcd283c1ce0
10109:             1             16  org.opensearch.flowframework.common.FlowFrameworkSettings$$Lambda/0x00007fcd28a45000
10110:             1             16  org.opensearch.flowframework.common.FlowFrameworkSettings$$Lambda/0x00007fcd28a45230
10111:             1             16  org.opensearch.flowframework.common.FlowFrameworkSettings$$Lambda/0x00007fcd28a45460
10112:             1             16  org.opensearch.flowframework.indices.FlowFrameworkIndex$$Lambda/0x00007fcd28a4c300
10113:             1             16  org.opensearch.flowframework.indices.FlowFrameworkIndex$$Lambda/0x00007fcd28a4cf68
10114:             1             16  org.opensearch.flowframework.indices.FlowFrameworkIndex$$Lambda/0x00007fcd28a4d180
10115:             1             16  org.opensearch.flowframework.transport.CreateWorkflowAction$$Lambda/0x00007fcd28a50b20
10116:             1             16  org.opensearch.flowframework.transport.CreateWorkflowTransportAction$$Lambda/0x00007fcd28d39710
10117:             1             16  org.opensearch.flowframework.transport.DeleteWorkflowAction$$Lambda/0x00007fcd28a50f58
10118:             1             16  org.opensearch.flowframework.transport.DeleteWorkflowTransportAction$$Lambda/0x00007fcd28d38eb0
10119:             1             16  org.opensearch.flowframework.transport.DeprovisionWorkflowAction$$Lambda/0x00007fcd28a517b8
10120:             1             16  org.opensearch.flowframework.transport.DeprovisionWorkflowTransportAction$$Lambda/0x00007fcd28d38a80
10121:             1             16  org.opensearch.flowframework.transport.GetWorkflowAction$$Lambda/0x00007fcd28a52978
10122:             1             16  org.opensearch.flowframework.transport.GetWorkflowStateAction$$Lambda/0x00007fcd28a522b8
10123:             1             16  org.opensearch.flowframework.transport.GetWorkflowStateTransportAction$$Lambda/0x00007fcd28d390c8
10124:             1             16  org.opensearch.flowframework.transport.GetWorkflowStepAction$$Lambda/0x00007fcd28a53030
10125:             1             16  org.opensearch.flowframework.transport.GetWorkflowStepTransportAction$$Lambda/0x00007fcd28d394f8
10126:             1             16  org.opensearch.flowframework.transport.GetWorkflowTransportAction$$Lambda/0x00007fcd28d39928
10127:             1             16  org.opensearch.flowframework.transport.ProvisionWorkflowAction$$Lambda/0x00007fcd28a51388
10128:             1             16  org.opensearch.flowframework.transport.ProvisionWorkflowTransportAction$$Lambda/0x00007fcd28d38c98
10129:             1             16  org.opensearch.flowframework.transport.SearchWorkflowAction$$Lambda/0x00007fcd28a51be8
10130:             1             16  org.opensearch.flowframework.transport.SearchWorkflowStateAction$$Lambda/0x00007fcd28a53460
10131:             1             16  org.opensearch.flowframework.transport.SearchWorkflowStateTransportAction$$Lambda/0x00007fcd28d38868
10132:             1             16  org.opensearch.flowframework.transport.SearchWorkflowTransportAction$$Lambda/0x00007fcd28d392e0
10133:             1             16  org.opensearch.flowframework.workflow.WorkflowStepFactory
10134:             1             16  org.opensearch.flowframework.workflow.WorkflowStepFactory$$Lambda/0x00007fcd28a4dc98
10135:             1             16  org.opensearch.flowframework.workflow.WorkflowStepFactory$$Lambda/0x00007fcd28a4eb70
10136:             1             16  org.opensearch.flowframework.workflow.WorkflowStepFactory$$Lambda/0x00007fcd28a4efb0
10137:             1             16  org.opensearch.flowframework.workflow.WorkflowStepFactory$$Lambda/0x00007fcd28a4f3f0
10138:             1             16  org.opensearch.flowframework.workflow.WorkflowStepFactory$$Lambda/0x00007fcd28a4fa68
10139:             1             16  org.opensearch.flowframework.workflow.WorkflowStepFactory$$Lambda/0x00007fcd28a50000
10140:             1             16  org.opensearch.forecast.ForecastTaskProfileRunner
10141:             1             16  org.opensearch.forecast.caching.ForecastCacheProvider
10142:             1             16  org.opensearch.forecast.indices.ForecastIndex$$Lambda/0x00007fcd28a3a2d0
10143:             1             16  org.opensearch.forecast.indices.ForecastIndex$$Lambda/0x00007fcd28a3a4e8
10144:             1             16  org.opensearch.forecast.indices.ForecastIndex$$Lambda/0x00007fcd28a3a700
10145:             1             16  org.opensearch.forecast.indices.ForecastIndex$$Lambda/0x00007fcd28a3a918
10146:             1             16  org.opensearch.forecast.indices.ForecastIndex$$Lambda/0x00007fcd28a3ab30
10147:             1             16  org.opensearch.forecast.indices.ForecastIndex$$Lambda/0x00007fcd28a3ad48
10148:             1             16  org.opensearch.forecast.indices.ForecastIndexManagement$$Lambda/0x00007fcd28a3b150
10149:             1             16  org.opensearch.forecast.indices.ForecastIndexManagement$$Lambda/0x00007fcd28a3b368
10150:             1             16  org.opensearch.forecast.indices.ForecastIndexManagement$$Lambda/0x00007fcd28a3b598
10151:             1             16  org.opensearch.forecast.indices.ForecastIndexManagement$$Lambda/0x00007fcd28a3b7c8
10152:             1             16  org.opensearch.forecast.indices.ForecastIndexManagement$$Lambda/0x00007fcd28a3b9f8
10153:             1             16  org.opensearch.forecast.model.Forecaster$$Lambda/0x00007fcd2889c698
10154:             1             16  org.opensearch.forecast.ratelimit.ForecastCheckpointMaintainWorker$$Lambda/0x00007fcd28a3ce80
10155:             1             16  org.opensearch.forecast.ratelimit.ForecastCheckpointMaintainWorker$$Lambda/0x00007fcd28a3d0b0
10156:             1             16  org.opensearch.forecast.ratelimit.ForecastResultWriteWorker$$Lambda/0x00007fcd28a3f4d8
10157:             1             16  org.opensearch.forecast.rest.AbstractForecastSearchAction$$Lambda/0x00007fcd29013dc0
10158:             1             16  org.opensearch.forecast.rest.RestForecasterSuggestAction$$Lambda/0x00007fcd29015330
10159:             1             16  org.opensearch.forecast.stats.ForecastModelsOnNodeSupplier$$Lambda/0x00007fcd28a40000
10160:             1             16  org.opensearch.forecast.stats.ForecastStats
10161:             1             16  org.opensearch.forecast.stats.suppliers.ForecastModelsOnNodeCountSupplier
10162:             1             16  org.opensearch.forecast.transport.DeleteForecastModelAction$$Lambda/0x00007fcd28c257b0
10163:             1             16  org.opensearch.forecast.transport.DeleteForecasterAction$$Lambda/0x00007fcd28c26398
10164:             1             16  org.opensearch.forecast.transport.EntityForecastResultAction$$Lambda/0x00007fcd28c244a8
10165:             1             16  org.opensearch.forecast.transport.EntityForecastResultTransportAction$$Lambda/0x00007fcd28f1f998
10166:             1             16  org.opensearch.forecast.transport.ForecastEntityProfileAction$$Lambda/0x00007fcd28c276f0
10167:             1             16  org.opensearch.forecast.transport.ForecastProfileAction$$Lambda/0x00007fcd28a41460
10168:             1             16  org.opensearch.forecast.transport.ForecastResultAction$$Lambda/0x00007fcd28a41c58
10169:             1             16  org.opensearch.forecast.transport.ForecastResultBulkAction$$Lambda/0x00007fcd28c248d8
10170:             1             16  org.opensearch.forecast.transport.ForecastResultBulkTransportAction$$Lambda/0x00007fcd28e3c448
10171:             1             16  org.opensearch.forecast.transport.ForecastResultBulkTransportAction$$Lambda/0x00007fcd28e3c660
10172:             1             16  org.opensearch.forecast.transport.ForecastResultBulkTransportAction$$Lambda/0x00007fcd28e3c890
10173:             1             16  org.opensearch.forecast.transport.ForecastResultTransportAction$$Lambda/0x00007fcd28f77460
10174:             1             16  org.opensearch.forecast.transport.ForecastRunOnceAction$$Lambda/0x00007fcd28c28b08
10175:             1             16  org.opensearch.forecast.transport.ForecastRunOnceProfileAction$$Lambda/0x00007fcd28c29200
10176:             1             16  org.opensearch.forecast.transport.ForecastRunOnceProfileTransportAction$$Lambda/0x00007fcd28f1f568
10177:             1             16  org.opensearch.forecast.transport.ForecastRunOnceProfileTransportAction$$Lambda/0x00007fcd28f1f780
10178:             1             16  org.opensearch.forecast.transport.ForecastRunOnceTransportAction$$Lambda/0x00007fcd28f1fbb0
10179:             1             16  org.opensearch.forecast.transport.ForecastRunOnceTransportAction$$Lambda/0x00007fcd28f1fdc8
10180:             1             16  org.opensearch.forecast.transport.ForecastRunOnceTransportAction$$Lambda/0x00007fcd28f77000
10181:             1             16  org.opensearch.forecast.transport.ForecastRunOnceTransportAction$$Lambda/0x00007fcd28f77230
10182:             1             16  org.opensearch.forecast.transport.ForecastSingleStreamResultAction$$Lambda/0x00007fcd28c24d28
10183:             1             16  org.opensearch.forecast.transport.ForecastStatsNodesAction$$Lambda/0x00007fcd28c28670
10184:             1             16  org.opensearch.forecast.transport.ForecasterJobAction$$Lambda/0x00007fcd28c25170
10185:             1             16  org.opensearch.forecast.transport.GetForecasterAction$$Lambda/0x00007fcd28c25f00
10186:             1             16  org.opensearch.forecast.transport.IndexForecasterAction$$Lambda/0x00007fcd28c23e58
10187:             1             16  org.opensearch.forecast.transport.IndexForecasterTransportAction$$Lambda/0x00007fcd28f1d180
10188:             1             16  org.opensearch.forecast.transport.IndexForecasterTransportAction$$Lambda/0x00007fcd28f1d398
10189:             1             16  org.opensearch.forecast.transport.SearchForecastTasksAction$$Lambda/0x00007fcd28c27da0
10190:             1             16  org.opensearch.forecast.transport.SearchForecastTasksTransportAction$$Lambda/0x00007fcd28f1d5c8
10191:             1             16  org.opensearch.forecast.transport.SearchForecasterAction$$Lambda/0x00007fcd28c267c8
10192:             1             16  org.opensearch.forecast.transport.SearchForecasterInfoAction$$Lambda/0x00007fcd28c26bf8
10193:             1             16  org.opensearch.forecast.transport.SearchForecasterTransportAction$$Lambda/0x00007fcd28d9df88
10194:             1             16  org.opensearch.forecast.transport.SearchTopForecastResultAction$$Lambda/0x00007fcd28c272b8
10195:             1             16  org.opensearch.forecast.transport.SearchTopForecastResultTransportAction$$Lambda/0x00007fcd28f1dea0
10196:             1             16  org.opensearch.forecast.transport.StatsForecasterAction$$Lambda/0x00007fcd28c28218
10197:             1             16  org.opensearch.forecast.transport.StopForecasterAction$$Lambda/0x00007fcd28a41e70
10198:             1             16  org.opensearch.forecast.transport.StopForecasterTransportAction$$Lambda/0x00007fcd28e3dff0
10199:             1             16  org.opensearch.forecast.transport.SuggestForecasterParamAction$$Lambda/0x00007fcd28c29db8
10200:             1             16  org.opensearch.forecast.transport.ValidateForecasterAction$$Lambda/0x00007fcd28c29690
10201:             1             16  org.opensearch.gateway.ClusterStateUpdaters$$Lambda/0x00007fcd290c3de8
10202:             1             16  org.opensearch.gateway.ClusterStateUpdaters$$Lambda/0x00007fcd290c4010
10203:             1             16  org.opensearch.gateway.ClusterStateUpdaters$$Lambda/0x00007fcd290c4238
10204:             1             16  org.opensearch.gateway.ClusterStateUpdaters$$Lambda/0x00007fcd290c4460
10205:             1             16  org.opensearch.gateway.GatewayMetaState
10206:             1             16  org.opensearch.gateway.GatewayMetaState$$Lambda/0x00007fcd290c3048
10207:             1             16  org.opensearch.gateway.GatewayMetaState$$Lambda/0x00007fcd290c3700
10208:             1             16  org.opensearch.gateway.LocalAllocateDangledIndices$$Lambda/0x00007fcd28dcf5f8
10209:             1             16  org.opensearch.gateway.LocalAllocateDangledIndices$AllocateDangledRequestHandler
10210:             1             16  org.opensearch.gateway.PersistedClusterStateService$$Lambda/0x00007fcd288b0d60
10211:             1             16  org.opensearch.gateway.PersistedClusterStateService$$Lambda/0x00007fcd29089b90
10212:             1             16  org.opensearch.gateway.PersistedClusterStateService$$Lambda/0x00007fcd290cd000
10213:             1             16  org.opensearch.gateway.PersistedClusterStateService$Writer$$Lambda/0x00007fcd290e8ef0
10214:             1             16  org.opensearch.gateway.PersistedClusterStateService$Writer$$Lambda/0x00007fcd290e9128
10215:             1             16  org.opensearch.gateway.PrimaryShardAllocator$$Lambda/0x00007fcd28da68a0
10216:             1             16  org.opensearch.gateway.PrimaryShardAllocator$$Lambda/0x00007fcd28da6ad8
10217:             1             16  org.opensearch.gateway.PrimaryShardAllocator$$Lambda/0x00007fcd28da6d10
10218:             1             16  org.opensearch.gateway.TransportNodesListGatewayMetaState$$Lambda/0x00007fcd28ddc1f0
10219:             1             16  org.opensearch.gateway.TransportNodesListGatewayMetaState$$Lambda/0x00007fcd28ddc408
10220:             1             16  org.opensearch.gateway.TransportNodesListGatewayMetaState$$Lambda/0x00007fcd28ddc620
10221:             1             16  org.opensearch.gateway.TransportNodesListGatewayStartedShards$$Lambda/0x00007fcd28da5298
10222:             1             16  org.opensearch.gateway.TransportNodesListGatewayStartedShards$$Lambda/0x00007fcd28da54b0
10223:             1             16  org.opensearch.gateway.TransportNodesListGatewayStartedShards$$Lambda/0x00007fcd28da56c8
10224:             1             16  org.opensearch.gateway.TransportNodesListGatewayStartedShardsBatch$$Lambda/0x00007fcd28da6f48
10225:             1             16  org.opensearch.gateway.TransportNodesListGatewayStartedShardsBatch$$Lambda/0x00007fcd28da7160
10226:             1             16  org.opensearch.gateway.TransportNodesListGatewayStartedShardsBatch$$Lambda/0x00007fcd28da7378
10227:             1             16  org.opensearch.geo.GeoModulePlugin
10228:             1             16  org.opensearch.geo.GeoModulePlugin$$Lambda/0x00007fcd28825320
10229:             1             16  org.opensearch.geo.GeoModulePlugin$$Lambda/0x00007fcd28825b80
10230:             1             16  org.opensearch.geo.GeoModulePlugin$$Lambda/0x00007fcd28825d98
10231:             1             16  org.opensearch.geo.GeoModulePlugin$$Lambda/0x00007fcd2882a8a8
10232:             1             16  org.opensearch.geo.GeoModulePlugin$$Lambda/0x00007fcd2882b4a0
10233:             1             16  org.opensearch.geo.GeoModulePlugin$$Lambda/0x00007fcd2882b6b8
10234:             1             16  org.opensearch.geo.GeoModulePlugin$$Lambda/0x00007fcd28836480
10235:             1             16  org.opensearch.geo.GeoModulePlugin$$Lambda/0x00007fcd28838a90
10236:             1             16  org.opensearch.geo.GeoModulePlugin$$Lambda/0x00007fcd28838ca8
10237:             1             16  org.opensearch.geo.GeoModulePlugin$$Lambda/0x00007fcd288395a8
10238:             1             16  org.opensearch.geo.GeoModulePlugin$$Lambda/0x00007fcd2883a368
10239:             1             16  org.opensearch.geo.GeoModulePlugin$$Lambda/0x00007fcd2883a580
10240:             1             16  org.opensearch.geo.search.aggregations.bucket.composite.GeoTileGridValuesSourceBuilder$$Lambda/0x00007fcd28825740
10241:             1             16  org.opensearch.geo.search.aggregations.bucket.composite.GeoTileGridValuesSourceBuilder$$Lambda/0x00007fcd28825968
10242:             1             16  org.opensearch.geo.search.aggregations.bucket.composite.GeoTileGridValuesSourceBuilder$$Lambda/0x00007fcd2882a000
10243:             1             16  org.opensearch.geo.search.aggregations.bucket.geogrid.GeoGridAggregationBuilder$$Lambda/0x00007fcd288370f8
10244:             1             16  org.opensearch.geo.search.aggregations.bucket.geogrid.GeoGridAggregationBuilder$$Lambda/0x00007fcd28837320
10245:             1             16  org.opensearch.geo.search.aggregations.bucket.geogrid.GeoGridAggregationBuilder$$Lambda/0x00007fcd28837548
10246:             1             16  org.opensearch.geo.search.aggregations.bucket.geogrid.GeoGridAggregationBuilder$$Lambda/0x00007fcd2883cc50
10247:             1             16  org.opensearch.geo.search.aggregations.bucket.geogrid.GeoGridAggregationBuilder$$Lambda/0x00007fcd28840000
10248:             1             16  org.opensearch.geo.search.aggregations.bucket.geogrid.GeoGridAggregationBuilder$$Lambda/0x00007fcd28840228
10249:             1             16  org.opensearch.geo.search.aggregations.bucket.geogrid.GeoGridAggregationBuilder$$Lambda/0x00007fcd28840450
10250:             1             16  org.opensearch.geo.search.aggregations.bucket.geogrid.GeoHashGridAggregationBuilder$$Lambda/0x00007fcd28836a88
10251:             1             16  org.opensearch.geo.search.aggregations.bucket.geogrid.GeoHashGridAggregationBuilder$$Lambda/0x00007fcd28836ca0
10252:             1             16  org.opensearch.geo.search.aggregations.bucket.geogrid.GeoHashGridAggregatorFactory$$Lambda/0x00007fcd2883e950
10253:             1             16  org.opensearch.geo.search.aggregations.bucket.geogrid.GeoHashGridAggregatorFactory$$Lambda/0x00007fcd2883eb68
10254:             1             16  org.opensearch.geo.search.aggregations.bucket.geogrid.GeoTileGridAggregationBuilder$$Lambda/0x00007fcd288397c0
10255:             1             16  org.opensearch.geo.search.aggregations.bucket.geogrid.GeoTileGridAggregationBuilder$$Lambda/0x00007fcd288399d8
10256:             1             16  org.opensearch.geo.search.aggregations.bucket.geogrid.GeoTileGridAggregatorFactory$$Lambda/0x00007fcd2883f450
10257:             1             16  org.opensearch.geo.search.aggregations.bucket.geogrid.GeoTileGridAggregatorFactory$$Lambda/0x00007fcd2883f668
10258:             1             16  org.opensearch.geo.search.aggregations.metrics.GeoBoundsAggregationBuilder$$Lambda/0x00007fcd2882aac0
10259:             1             16  org.opensearch.geo.search.aggregations.metrics.GeoBoundsAggregationBuilder$$Lambda/0x00007fcd2882acf8
10260:             1             16  org.opensearch.geo.search.aggregations.metrics.GeoBoundsAggregatorFactory$$Lambda/0x00007fcd2883b0d0
10261:             1             16  org.opensearch.geo.search.aggregations.metrics.GeoBoundsAggregatorFactory$$Lambda/0x00007fcd2883b8b0
10262:             1             16  org.opensearch.geospatial.action.upload.geojson.UploadGeoJSONAction$$Lambda/0x00007fcd28ae8950
10263:             1             16  org.opensearch.geospatial.action.upload.geojson.UploadGeoJSONTransportAction$$Lambda/0x00007fcd28d65c48
10264:             1             16  org.opensearch.geospatial.index.mapper.xypoint.XYPointFieldTypeParser
10265:             1             16  org.opensearch.geospatial.index.mapper.xyshape.XYShapeFieldTypeParser
10266:             1             16  org.opensearch.geospatial.ip2geo.action.DeleteDatasourceAction$$Lambda/0x00007fcd28aea420
10267:             1             16  org.opensearch.geospatial.ip2geo.action.DeleteDatasourceTransportAction$$Lambda/0x00007fcd28d65e60
10268:             1             16  org.opensearch.geospatial.ip2geo.action.GetDatasourceAction$$Lambda/0x00007fcd28ae9bb8
10269:             1             16  org.opensearch.geospatial.ip2geo.action.GetDatasourceTransportAction$$Lambda/0x00007fcd28d666c0
10270:             1             16  org.opensearch.geospatial.ip2geo.action.PutDatasourceAction$$Lambda/0x00007fcd28ae94d0
10271:             1             16  org.opensearch.geospatial.ip2geo.action.PutDatasourceTransportAction$$Lambda/0x00007fcd28d668d8
10272:             1             16  org.opensearch.geospatial.ip2geo.action.UpdateDatasourceAction$$Lambda/0x00007fcd28ae9ff0
10273:             1             16  org.opensearch.geospatial.ip2geo.action.UpdateDatasourceTransportAction$$Lambda/0x00007fcd28d664a8
10274:             1             16  org.opensearch.geospatial.ip2geo.common.Ip2GeoExecutor
10275:             1             16  org.opensearch.geospatial.ip2geo.common.Ip2GeoSettings$DatasourceEndpointValidator
10276:             1             16  org.opensearch.geospatial.ip2geo.common.ParameterValidator
10277:             1             16  org.opensearch.geospatial.ip2geo.common.URLDenyListChecker
10278:             1             16  org.opensearch.geospatial.ip2geo.dao.Ip2GeoCachedDao$$Lambda/0x00007fcd28843728
10279:             1             16  org.opensearch.geospatial.ip2geo.dao.Ip2GeoCachedDao$GeoDataCache
10280:             1             16  org.opensearch.geospatial.ip2geo.dao.Ip2GeoProcessorDao
10281:             1             16  org.opensearch.geospatial.ip2geo.jobscheduler.DatasourceExtension$$Lambda/0x00007fcd28449470
10282:             1             16  org.opensearch.geospatial.plugin.GeospatialPlugin$$Lambda/0x00007fcd28752b98
10283:             1             16  org.opensearch.geospatial.plugin.GeospatialPlugin$$Lambda/0x00007fcd28752db0
10284:             1             16  org.opensearch.geospatial.plugin.GeospatialPlugin$$Lambda/0x00007fcd28753b20
10285:             1             16  org.opensearch.geospatial.plugin.GeospatialPlugin$$Lambda/0x00007fcd288418c8
10286:             1             16  org.opensearch.geospatial.plugin.GeospatialPlugin$$Lambda/0x00007fcd28841ae0
10287:             1             16  org.opensearch.geospatial.processor.FeatureProcessor$Factory
10288:             1             16  org.opensearch.geospatial.search.aggregations.bucket.geogrid.GeoHexGridAggregationBuilder$$Lambda/0x00007fcd2883c800
10289:             1             16  org.opensearch.geospatial.search.aggregations.bucket.geogrid.GeoHexGridAggregationBuilder$$Lambda/0x00007fcd2883ca18
10290:             1             16  org.opensearch.geospatial.search.aggregations.bucket.geogrid.GeoHexGridAggregatorFactory$$Lambda/0x00007fcd288429a0
10291:             1             16  org.opensearch.geospatial.stats.upload.UploadStatsAction$$Lambda/0x00007fcd28ae9040
10292:             1             16  org.opensearch.geospatial.stats.upload.UploadStatsTransportAction$$Lambda/0x00007fcd28d66078
10293:             1             16  org.opensearch.geospatial.stats.upload.UploadStatsTransportAction$$Lambda/0x00007fcd28d66290
10294:             1             16  org.opensearch.http.AbstractHttpServerTransport$$Lambda/0x00007fcd28290258
10295:             1             16  org.opensearch.http.CorsHandler
10296:             1             16  org.opensearch.http.CorsHandler$Config$$Lambda/0x00007fcd28ca0d18
10297:             1             16  org.opensearch.http.HttpTracer$$Lambda/0x00007fcd28ca1170
10298:             1             16  org.opensearch.http.HttpTracer$$Lambda/0x00007fcd28ca13a0
10299:             1             16  org.opensearch.http.HttpTransportSettings$$Lambda/0x00007fcd281e4400
10300:             1             16  org.opensearch.http.HttpTransportSettings$$Lambda/0x00007fcd281e4638
10301:             1             16  org.opensearch.http.HttpTransportSettings$$Lambda/0x00007fcd281e4870
10302:             1             16  org.opensearch.http.HttpTransportSettings$$Lambda/0x00007fcd281e4aa8
10303:             1             16  org.opensearch.http.HttpTransportSettings$$Lambda/0x00007fcd281e4ce0
10304:             1             16  org.opensearch.http.HttpTransportSettings$$Lambda/0x00007fcd281e4f18
10305:             1             16  org.opensearch.http.netty4.Netty4HttpServerTransport$$Lambda/0x00007fcd2828e9d8
10306:             1             16  org.opensearch.http.netty4.Netty4HttpServerTransport$$Lambda/0x00007fcd2828ec10
10307:             1             16  org.opensearch.http.netty4.Netty4HttpServerTransport$$Lambda/0x00007fcd28550630
10308:             1             16  org.opensearch.http.netty4.Netty4HttpServerTransport$$Lambda/0x00007fcd28550868
10309:             1             16  org.opensearch.http.netty4.ssl.SecureNetty4HttpServerTransport$$Lambda/0x00007fcd28ca92b0
10310:             1             16  org.opensearch.http.netty4.ssl.SecureNetty4HttpServerTransport$$Lambda/0x00007fcd28ca9738
10311:             1             16  org.opensearch.http.netty4.ssl.SecureNetty4HttpServerTransport$$Lambda/0x00007fcd28ca9980
10312:             1             16  org.opensearch.http.netty4.ssl.SecureNetty4HttpServerTransport$$Lambda/0x00007fcd28cabb78
10313:             1             16  org.opensearch.http.netty4.ssl.SecureNetty4HttpServerTransport$$Lambda/0x00007fcd28cabdc0
10314:             1             16  org.opensearch.index.IndexModule$$Lambda/0x00007fcd284a0600
10315:             1             16  org.opensearch.index.IndexModule$1
10316:             1             16  org.opensearch.index.IndexModule$2
10317:             1             16  org.opensearch.index.IndexService$$Lambda/0x00007fcd2926abc0
10318:             1             16  org.opensearch.index.IndexService$$Lambda/0x00007fcd292f7000
10319:             1             16  org.opensearch.index.IndexService$$Lambda/0x00007fcd293a5f08
10320:             1             16  org.opensearch.index.IndexService$$Lambda/0x00007fcd293a6130
10321:             1             16  org.opensearch.index.IndexSettings$$Lambda/0x00007fcd28631af8
10322:             1             16  org.opensearch.index.IndexSettings$$Lambda/0x00007fcd28631d30
10323:             1             16  org.opensearch.index.IndexSettings$$Lambda/0x00007fcd28635fa8
10324:             1             16  org.opensearch.index.IndexSettings$$Lambda/0x00007fcd286361e0
10325:             1             16  org.opensearch.index.IndexSettings$$Lambda/0x00007fcd28636658
10326:             1             16  org.opensearch.index.IndexSettings$$Lambda/0x00007fcd28636a90
10327:             1             16  org.opensearch.index.IndexSortConfig$$Lambda/0x00007fcd2863a4e0
10328:             1             16  org.opensearch.index.IndexSortConfig$$Lambda/0x00007fcd2863a9f8
10329:             1             16  org.opensearch.index.IndexSortConfig$$Lambda/0x00007fcd2863ac30
10330:             1             16  org.opensearch.index.IndexSortConfig$$Lambda/0x00007fcd286475b8
10331:             1             16  org.opensearch.index.IndexSortConfig$$Lambda/0x00007fcd286479e0
10332:             1             16  org.opensearch.index.IndexingPressureService
10333:             1             16  org.opensearch.index.IndexingPressureService$$Lambda/0x00007fcd29236380
10334:             1             16  org.opensearch.index.IndexingSlowLog$$Lambda/0x00007fcd286392b8
10335:             1             16  org.opensearch.index.IndexingSlowLog$$Lambda/0x00007fcd286394f0
10336:             1             16  org.opensearch.index.LogByteSizeMergePolicyProvider$$Lambda/0x00007fcd28646020
10337:             1             16  org.opensearch.index.MergeSchedulerConfig$$Lambda/0x00007fcd28638000
10338:             1             16  org.opensearch.index.MergeSchedulerConfig$$Lambda/0x00007fcd28638238
10339:             1             16  org.opensearch.index.MergeSchedulerConfig$$Lambda/0x00007fcd28638470
10340:             1             16  org.opensearch.index.MergeSchedulerConfig$$Lambda/0x00007fcd286386a8
10341:             1             16  org.opensearch.index.SearchSlowLog$$Lambda/0x00007fcd28638e10
10342:             1             16  org.opensearch.index.SegmentReplicationPressureService$$Lambda/0x00007fcd28dcd520
10343:             1             16  org.opensearch.index.SegmentReplicationPressureService$$Lambda/0x00007fcd28dcd750
10344:             1             16  org.opensearch.index.SegmentReplicationPressureService$$Lambda/0x00007fcd28dcd980
10345:             1             16  org.opensearch.index.SegmentReplicationPressureService$$Lambda/0x00007fcd28dcdbb0
10346:             1             16  org.opensearch.index.SegmentReplicationPressureService$$Lambda/0x00007fcd28dcdde0
10347:             1             16  org.opensearch.index.ShardIndexingPressureMemoryManager$$Lambda/0x00007fcd28ce2f68
10348:             1             16  org.opensearch.index.ShardIndexingPressureMemoryManager$$Lambda/0x00007fcd28ce3198
10349:             1             16  org.opensearch.index.ShardIndexingPressureMemoryManager$$Lambda/0x00007fcd28ce33c8
10350:             1             16  org.opensearch.index.ShardIndexingPressureMemoryManager$$Lambda/0x00007fcd28ce35f8
10351:             1             16  org.opensearch.index.ShardIndexingPressureMemoryManager$$Lambda/0x00007fcd28ce3828
10352:             1             16  org.opensearch.index.ShardIndexingPressureMemoryManager$$Lambda/0x00007fcd28ce3a58
10353:             1             16  org.opensearch.index.ShardIndexingPressureMemoryManager$$Lambda/0x00007fcd28ce3c88
10354:             1             16  org.opensearch.index.ShardIndexingPressureSettings$$Lambda/0x00007fcd28ce2478
10355:             1             16  org.opensearch.index.ShardIndexingPressureSettings$$Lambda/0x00007fcd28ce26a8
10356:             1             16  org.opensearch.index.ShardIndexingPressureSettings$$Lambda/0x00007fcd28ce28d8
10357:             1             16  org.opensearch.index.ShardIndexingPressureSettings$$Lambda/0x00007fcd28ce2b08
10358:             1             16  org.opensearch.index.ShardIndexingPressureStore$$Lambda/0x00007fcd28ce2d38
10359:             1             16  org.opensearch.index.TieredMergePolicyProvider$$Lambda/0x00007fcd28639bf0
10360:             1             16  org.opensearch.index.analysis.Analysis$$Lambda/0x00007fcd29258680
10361:             1             16  org.opensearch.index.analysis.AnalysisRegistry$$Lambda/0x00007fcd2926a0e0
10362:             1             16  org.opensearch.index.analysis.AnalysisRegistry$$Lambda/0x00007fcd2926a580
10363:             1             16  org.opensearch.index.analysis.IndexAnalyzers$$Lambda/0x00007fcd290bb098
10364:             1             16  org.opensearch.index.analysis.IndexAnalyzers$$Lambda/0x00007fcd290bb2d0
10365:             1             16  org.opensearch.index.analysis.NamedAnalyzer$1
10366:             1             16  org.opensearch.index.analysis.PreConfiguredCharFilter$$Lambda/0x00007fcd2869ce48
10367:             1             16  org.opensearch.index.analysis.TokenFilterFactory$1
10368:             1             16  org.opensearch.index.codec.customcodecs.CustomCodecPlugin
10369:             1             16  org.opensearch.index.codec.customcodecs.Lucene99QatCodec$$Lambda/0x00007fcd2839ca28
10370:             1             16  org.opensearch.index.codec.customcodecs.Lucene99QatStoredFieldsFormat$$Lambda/0x00007fcd2839d4a0
10371:             1             16  org.opensearch.index.codec.fuzzy.FuzzySet$SetType$$Lambda/0x00007fcd29272e90
10372:             1             16  org.opensearch.index.engine.CombinedDeletionPolicy$$Lambda/0x00007fcd29378cf0
10373:             1             16  org.opensearch.index.engine.CombinedDeletionPolicy$$Lambda/0x00007fcd2937a070
10374:             1             16  org.opensearch.index.engine.Engine$1$$Lambda/0x00007fcd2935c790
10375:             1             16  org.opensearch.index.engine.Engine$NoOpLock
10376:             1             16  org.opensearch.index.engine.EngineConfig$$Lambda/0x00007fcd28395918
10377:             1             16  org.opensearch.index.engine.EngineConfigFactory$$Lambda/0x00007fcd2924e860
10378:             1             16  org.opensearch.index.engine.InternalEngine$$Lambda/0x00007fcd292c3358
10379:             1             16  org.opensearch.index.engine.SegmentsStats$$Lambda/0x00007fcd293ba000
10380:             1             16  org.opensearch.index.engine.SegmentsStats$$Lambda/0x00007fcd293bfdd8
10381:             1             16  org.opensearch.index.engine.SoftDeletesPolicy$$Lambda/0x00007fcd293738b8
10382:             1             16  org.opensearch.index.fielddata.IndexFieldDataService$$Lambda/0x00007fcd28641a88
10383:             1             16  org.opensearch.index.fielddata.IndexFieldDataService$$Lambda/0x00007fcd28641cc0
10384:             1             16  org.opensearch.index.fielddata.IndexFieldDataService$1
10385:             1             16  org.opensearch.index.fielddata.plain.AbstractLeafOrdinalsFieldData$$Lambda/0x00007fcd29202240
10386:             1             16  org.opensearch.index.fielddata.plain.AbstractLeafOrdinalsFieldData$$Lambda/0x00007fcd29202478
10387:             1             16  org.opensearch.index.mapper.BinaryFieldMapper$$Lambda/0x00007fcd2873e8a0
10388:             1             16  org.opensearch.index.mapper.BooleanFieldMapper$$Lambda/0x00007fcd2873e100
10389:             1             16  org.opensearch.index.mapper.BooleanFieldMapper$Builder$$Lambda/0x00007fcd290befa0
10390:             1             16  org.opensearch.index.mapper.BooleanFieldMapper$Builder$$Lambda/0x00007fcd290bf1d8
10391:             1             16  org.opensearch.index.mapper.BooleanFieldMapper$Builder$$Lambda/0x00007fcd290bf410
10392:             1             16  org.opensearch.index.mapper.BooleanFieldMapper$Builder$$Lambda/0x00007fcd290bf648
10393:             1             16  org.opensearch.index.mapper.BooleanFieldMapper$Builder$$Lambda/0x00007fcd290bf860
10394:             1             16  org.opensearch.index.mapper.BooleanFieldMapper$Builder$$Lambda/0x00007fcd290bfa78
10395:             1             16  org.opensearch.index.mapper.CompletionFieldMapper$$Lambda/0x00007fcd28743d88
10396:             1             16  org.opensearch.index.mapper.ConstantKeywordFieldMapper$TypeParser
10397:             1             16  org.opensearch.index.mapper.DataStreamFieldMapper$$Lambda/0x00007fcd28723c08
10398:             1             16  org.opensearch.index.mapper.DataStreamFieldMapper$$Lambda/0x00007fcd28723e40
10399:             1             16  org.opensearch.index.mapper.DataStreamFieldMapper$Builder$$Lambda/0x00007fcd290b66d8
10400:             1             16  org.opensearch.index.mapper.DataStreamFieldMapper$Builder$$Lambda/0x00007fcd290b6910
10401:             1             16  org.opensearch.index.mapper.DataStreamFieldMapper$Builder$$Lambda/0x00007fcd290b6b28
10402:             1             16  org.opensearch.index.mapper.DataStreamFieldMapper$Builder$$Lambda/0x00007fcd290b6d40
10403:             1             16  org.opensearch.index.mapper.DateFieldMapper$$Lambda/0x00007fcd286191a0
10404:             1             16  org.opensearch.index.mapper.DateFieldMapper$$Lambda/0x00007fcd286193c8
10405:             1             16  org.opensearch.index.mapper.DateFieldMapper$Builder$$Lambda/0x00007fcd290bb708
10406:             1             16  org.opensearch.index.mapper.DateFieldMapper$Builder$$Lambda/0x00007fcd290bb940
10407:             1             16  org.opensearch.index.mapper.DateFieldMapper$Builder$$Lambda/0x00007fcd290bbb78
10408:             1             16  org.opensearch.index.mapper.DateFieldMapper$Builder$$Lambda/0x00007fcd290bbdb0
10409:             1             16  org.opensearch.index.mapper.DateFieldMapper$Builder$$Lambda/0x00007fcd290bbfe8
10410:             1             16  org.opensearch.index.mapper.DateFieldMapper$Builder$$Lambda/0x00007fcd290bc220
10411:             1             16  org.opensearch.index.mapper.DateFieldMapper$Builder$$Lambda/0x00007fcd290bc438
10412:             1             16  org.opensearch.index.mapper.DateFieldMapper$Builder$$Lambda/0x00007fcd290bc650
10413:             1             16  org.opensearch.index.mapper.DateFieldMapper$Builder$$Lambda/0x00007fcd290bc888
10414:             1             16  org.opensearch.index.mapper.DateFieldMapper$Builder$$Lambda/0x00007fcd290bcac0
10415:             1             16  org.opensearch.index.mapper.DerivedFieldMapper$$Lambda/0x00007fcd28748000
10416:             1             16  org.opensearch.index.mapper.DocCountFieldMapper$$Lambda/0x00007fcd28731718
10417:             1             16  org.opensearch.index.mapper.DocCountFieldMapper$$Lambda/0x00007fcd28731950
10418:             1             16  org.opensearch.index.mapper.DocumentMapper$$Lambda/0x00007fcd290baa18
10419:             1             16  org.opensearch.index.mapper.DocumentMapper$$Lambda/0x00007fcd290bae80
10420:             1             16  org.opensearch.index.mapper.DynamicKeyFieldTypeLookup$$Lambda/0x00007fcd29352db0
10421:             1             16  org.opensearch.index.mapper.FieldAliasMapper$TypeParser
10422:             1             16  org.opensearch.index.mapper.FieldMapper$CopyTo
10423:             1             16  org.opensearch.index.mapper.FieldMapper$MultiFields$$Lambda/0x00007fcd290b5ba0
10424:             1             16  org.opensearch.index.mapper.FieldNamesFieldMapper$$Lambda/0x00007fcd28732488
10425:             1             16  org.opensearch.index.mapper.FieldNamesFieldMapper$$Lambda/0x00007fcd287326c0
10426:             1             16  org.opensearch.index.mapper.FieldNamesFieldMapper$Builder$$Lambda/0x00007fcd290b6f78
10427:             1             16  org.opensearch.index.mapper.FlatObjectFieldMapper$$Lambda/0x00007fcd28746d68
10428:             1             16  org.opensearch.index.mapper.FlatObjectFieldMapper$TypeParser
10429:             1             16  org.opensearch.index.mapper.GeoPointFieldMapper$TypeParser
10430:             1             16  org.opensearch.index.mapper.GeoShapeFieldMapper$TypeParser
10431:             1             16  org.opensearch.index.mapper.IdFieldMapper$$Lambda/0x00007fcd287214e0
10432:             1             16  org.opensearch.index.mapper.IgnoredFieldMapper$$Lambda/0x00007fcd28720a08
10433:             1             16  org.opensearch.index.mapper.IndexFieldMapper$$Lambda/0x00007fcd287230e8
10434:             1             16  org.opensearch.index.mapper.IpFieldMapper$$Lambda/0x00007fcd2873f670
10435:             1             16  org.opensearch.index.mapper.KeywordFieldMapper$$Lambda/0x00007fcd28742e00
10436:             1             16  org.opensearch.index.mapper.KeywordFieldMapper$Builder$$Lambda/0x00007fcd290a9000
10437:             1             16  org.opensearch.index.mapper.KeywordFieldMapper$Builder$$Lambda/0x00007fcd290a9238
10438:             1             16  org.opensearch.index.mapper.KeywordFieldMapper$Builder$$Lambda/0x00007fcd290a9470
10439:             1             16  org.opensearch.index.mapper.KeywordFieldMapper$Builder$$Lambda/0x00007fcd290a96a8
10440:             1             16  org.opensearch.index.mapper.KeywordFieldMapper$Builder$$Lambda/0x00007fcd290aaec8
10441:             1             16  org.opensearch.index.mapper.KeywordFieldMapper$Builder$$Lambda/0x00007fcd290ab100
10442:             1             16  org.opensearch.index.mapper.KeywordFieldMapper$Builder$$Lambda/0x00007fcd290ab338
10443:             1             16  org.opensearch.index.mapper.KeywordFieldMapper$Builder$$Lambda/0x00007fcd290ab570
10444:             1             16  org.opensearch.index.mapper.KeywordFieldMapper$Builder$$Lambda/0x00007fcd290ab7a8
10445:             1             16  org.opensearch.index.mapper.KeywordFieldMapper$Builder$$Lambda/0x00007fcd290ab9e0
10446:             1             16  org.opensearch.index.mapper.KeywordFieldMapper$Builder$$Lambda/0x00007fcd290abc18
10447:             1             16  org.opensearch.index.mapper.MapperExtrasPlugin
10448:             1             16  org.opensearch.index.mapper.MapperExtrasPlugin$$Lambda/0x00007fcd28751958
10449:             1             16  org.opensearch.index.mapper.MapperExtrasPlugin$$Lambda/0x00007fcd28751b70
10450:             1             16  org.opensearch.index.mapper.MapperService$$Lambda/0x00007fcd28644368
10451:             1             16  org.opensearch.index.mapper.MapperService$$Lambda/0x00007fcd286445b0
10452:             1             16  org.opensearch.index.mapper.MapperService$$Lambda/0x00007fcd290a1b10
10453:             1             16  org.opensearch.index.mapper.MapperService$$Lambda/0x00007fcd290a1d48
10454:             1             16  org.opensearch.index.mapper.MapperService$$Lambda/0x00007fcd290a1f80
10455:             1             16  org.opensearch.index.mapper.MatchOnlyTextFieldMapper$$Lambda/0x00007fcd287422c0
10456:             1             16  org.opensearch.index.mapper.MetadataFieldMapper$$Lambda/0x00007fcd290b73d0
10457:             1             16  org.opensearch.index.mapper.MetadataFieldMapper$$Lambda/0x00007fcd290b75e8
10458:             1             16  org.opensearch.index.mapper.MetadataFieldMapper$$Lambda/0x00007fcd290b7800
10459:             1             16  org.opensearch.index.mapper.NestedPathFieldMapper$$Lambda/0x00007fcd2872ca60
10460:             1             16  org.opensearch.index.mapper.NumberFieldMapper$Builder$$Lambda/0x00007fcd290a8c00
10461:             1             16  org.opensearch.index.mapper.NumberFieldMapper$Builder$$Lambda/0x00007fcd290a9ae0
10462:             1             16  org.opensearch.index.mapper.NumberFieldMapper$Builder$$Lambda/0x00007fcd290a9d18
10463:             1             16  org.opensearch.index.mapper.NumberFieldMapper$Builder$$Lambda/0x00007fcd290b0000
10464:             1             16  org.opensearch.index.mapper.NumberFieldMapper$Builder$$Lambda/0x00007fcd290b0ac0
10465:             1             16  org.opensearch.index.mapper.NumberFieldMapper$Builder$$Lambda/0x00007fcd290b0cf8
10466:             1             16  org.opensearch.index.mapper.NumberFieldMapper$Builder$$Lambda/0x00007fcd290b1130
10467:             1             16  org.opensearch.index.mapper.ObjectMapper$$Lambda/0x00007fcd290b8f50
10468:             1             16  org.opensearch.index.mapper.ObjectMapper$$Lambda/0x00007fcd290b9198
10469:             1             16  org.opensearch.index.mapper.ObjectMapper$$Lambda/0x00007fcd290b9658
10470:             1             16  org.opensearch.index.mapper.ObjectMapper$$Lambda/0x00007fcd290b98a0
10471:             1             16  org.opensearch.index.mapper.ParametrizedFieldMapper$Parameter$$Lambda/0x00007fcd290a4f48
10472:             1             16  org.opensearch.index.mapper.ParametrizedFieldMapper$Parameter$$Lambda/0x00007fcd290a5358
10473:             1             16  org.opensearch.index.mapper.ParametrizedFieldMapper$Parameter$$Lambda/0x00007fcd290a5768
10474:             1             16  org.opensearch.index.mapper.ParametrizedFieldMapper$Parameter$$Lambda/0x00007fcd290a5980
10475:             1             16  org.opensearch.index.mapper.ParametrizedFieldMapper$Parameter$$Lambda/0x00007fcd290a7148
10476:             1             16  org.opensearch.index.mapper.ParametrizedFieldMapper$Parameter$$Lambda/0x00007fcd290ac218
10477:             1             16  org.opensearch.index.mapper.ParametrizedFieldMapper$Parameter$$Lambda/0x00007fcd290ad9d0
10478:             1             16  org.opensearch.index.mapper.ParametrizedFieldMapper$Parameter$$Lambda/0x00007fcd290ade20
10479:             1             16  org.opensearch.index.mapper.ParametrizedFieldMapper$Parameter$$Lambda/0x00007fcd290ae038
10480:             1             16  org.opensearch.index.mapper.ParametrizedFieldMapper$Parameter$$Lambda/0x00007fcd290ae250
10481:             1             16  org.opensearch.index.mapper.ParametrizedFieldMapper$Parameter$$Lambda/0x00007fcd290ae468
10482:             1             16  org.opensearch.index.mapper.ParametrizedFieldMapper$Parameter$$Lambda/0x00007fcd290aed00
10483:             1             16  org.opensearch.index.mapper.ParametrizedFieldMapper$Parameter$$Lambda/0x00007fcd290aef18
10484:             1             16  org.opensearch.index.mapper.ParametrizedFieldMapper$Parameter$$Lambda/0x00007fcd290af130
10485:             1             16  org.opensearch.index.mapper.ParametrizedFieldMapper$Parameter$$Lambda/0x00007fcd290b0458
10486:             1             16  org.opensearch.index.mapper.ParametrizedFieldMapper$Parameter$$Lambda/0x00007fcd290b0670
10487:             1             16  org.opensearch.index.mapper.ParametrizedFieldMapper$Parameter$$Lambda/0x00007fcd290b0888
10488:             1             16  org.opensearch.index.mapper.ParametrizedFieldMapper$Parameter$$Lambda/0x00007fcd290b8458
10489:             1             16  org.opensearch.index.mapper.RankFeatureFieldMapper$$Lambda/0x00007fcd2874e8d8
10490:             1             16  org.opensearch.index.mapper.RankFeatureMetaFieldMapper$$Lambda/0x00007fcd287508c0
10491:             1             16  org.opensearch.index.mapper.RankFeaturesFieldMapper$$Lambda/0x00007fcd2874f3d8
10492:             1             16  org.opensearch.index.mapper.RoutingFieldMapper$$Lambda/0x00007fcd28722280
10493:             1             16  org.opensearch.index.mapper.RoutingFieldMapper$$Lambda/0x00007fcd287224b8
10494:             1             16  org.opensearch.index.mapper.RoutingFieldMapper$Builder$$Lambda/0x00007fcd290b7a38
10495:             1             16  org.opensearch.index.mapper.ScaledFloatFieldMapper$$Lambda/0x00007fcd2874d5a8
10496:             1             16  org.opensearch.index.mapper.SearchAsYouTypeFieldMapper$$Lambda/0x00007fcd28750000
10497:             1             16  org.opensearch.index.mapper.SeqNoFieldMapper$$Lambda/0x00007fcd28730bf0
10498:             1             16  org.opensearch.index.mapper.SourceFieldMapper$$Lambda/0x00007fcd28724980
10499:             1             16  org.opensearch.index.mapper.SourceFieldMapper$$Lambda/0x00007fcd28724bb8
10500:             1             16  org.opensearch.index.mapper.SourceFieldMapper$Builder$$Lambda/0x00007fcd290b7c70
10501:             1             16  org.opensearch.index.mapper.SourceFieldMapper$Builder$$Lambda/0x00007fcd290b8000
10502:             1             16  org.opensearch.index.mapper.SourceFieldMapper$Builder$$Lambda/0x00007fcd290b8670
10503:             1             16  org.opensearch.index.mapper.SourceFieldMapper$Builder$$Lambda/0x00007fcd290b88a8
10504:             1             16  org.opensearch.index.mapper.SourceFieldMapper$Builder$$Lambda/0x00007fcd290b8ae0
10505:             1             16  org.opensearch.index.mapper.SourceFieldMapper$Builder$$Lambda/0x00007fcd290b8d18
10506:             1             16  org.opensearch.index.mapper.TextFieldMapper$$Lambda/0x00007fcd287416f8
10507:             1             16  org.opensearch.index.mapper.TextFieldMapper$Builder$$Lambda/0x00007fcd290a48d8
10508:             1             16  org.opensearch.index.mapper.TextFieldMapper$Builder$$Lambda/0x00007fcd290a5e00
10509:             1             16  org.opensearch.index.mapper.TextFieldMapper$Builder$$Lambda/0x00007fcd290a6038
10510:             1             16  org.opensearch.index.mapper.TextFieldMapper$Builder$$Lambda/0x00007fcd290a6cf0
10511:             1             16  org.opensearch.index.mapper.TextFieldMapper$Builder$$Lambda/0x00007fcd290a7590
10512:             1             16  org.opensearch.index.mapper.TextFieldMapper$Builder$$Lambda/0x00007fcd290a7a10
10513:             1             16  org.opensearch.index.mapper.TextFieldMapper$Builder$$Lambda/0x00007fcd290a7c48
10514:             1             16  org.opensearch.index.mapper.TextFieldMapper$Builder$$Lambda/0x00007fcd290ac430
10515:             1             16  org.opensearch.index.mapper.TextFieldMapper$Builder$$Lambda/0x00007fcd290ac668
10516:             1             16  org.opensearch.index.mapper.TextFieldMapper$Builder$$Lambda/0x00007fcd290ac880
10517:             1             16  org.opensearch.index.mapper.TextFieldMapper$Builder$$Lambda/0x00007fcd290aca98
10518:             1             16  org.opensearch.index.mapper.TextFieldMapper$Builder$$Lambda/0x00007fcd290accd0
10519:             1             16  org.opensearch.index.mapper.TextFieldMapper$Builder$$Lambda/0x00007fcd290acf08
10520:             1             16  org.opensearch.index.mapper.TextFieldMapper$Builder$$Lambda/0x00007fcd290ad368
10521:             1             16  org.opensearch.index.mapper.TextFieldMapper$Builder$$Lambda/0x00007fcd290ad580
10522:             1             16  org.opensearch.index.mapper.TextFieldMapper$Builder$$Lambda/0x00007fcd290ad798
10523:             1             16  org.opensearch.index.mapper.TextFieldMapper$Builder$$Lambda/0x00007fcd290ba0d0
10524:             1             16  org.opensearch.index.mapper.TextParams$$Lambda/0x00007fcd290a6470
10525:             1             16  org.opensearch.index.mapper.TextParams$$Lambda/0x00007fcd290a6688
10526:             1             16  org.opensearch.index.mapper.TextParams$$Lambda/0x00007fcd290a68a0
10527:             1             16  org.opensearch.index.mapper.TextParams$$Lambda/0x00007fcd290a6ab8
10528:             1             16  org.opensearch.index.mapper.TextParams$$Lambda/0x00007fcd290a77c8
10529:             1             16  org.opensearch.index.mapper.TextParams$Analyzers$$Lambda/0x00007fcd290aa000
10530:             1             16  org.opensearch.index.mapper.TextParams$Analyzers$$Lambda/0x00007fcd290aa228
10531:             1             16  org.opensearch.index.mapper.TextParams$Analyzers$$Lambda/0x00007fcd290aa680
10532:             1             16  org.opensearch.index.mapper.TextParams$Analyzers$$Lambda/0x00007fcd290ae8a8
10533:             1             16  org.opensearch.index.mapper.TextParams$Analyzers$$Lambda/0x00007fcd290af588
10534:             1             16  org.opensearch.index.mapper.TextParams$Analyzers$$Lambda/0x00007fcd290af7b0
10535:             1             16  org.opensearch.index.mapper.TokenCountFieldMapper$$Lambda/0x00007fcd2874dd60
10536:             1             16  org.opensearch.index.mapper.VersionFieldMapper$$Lambda/0x00007fcd28730318
10537:             1             16  org.opensearch.index.mapper.WildcardFieldMapper$$Lambda/0x00007fcd28748d88
10538:             1             16  org.opensearch.index.query.BoolQueryBuilder$$Lambda/0x00007fcd291dd940
10539:             1             16  org.opensearch.index.query.BoolQueryBuilder$$Lambda/0x00007fcd291ddb58
10540:             1             16  org.opensearch.index.query.BoolQueryBuilder$$Lambda/0x00007fcd291ddd80
10541:             1             16  org.opensearch.index.query.BoolQueryBuilder$$Lambda/0x00007fcd291de3e8
10542:             1             16  org.opensearch.index.query.BoolQueryBuilder$$Lambda/0x00007fcd291de610
10543:             1             16  org.opensearch.index.query.BoolQueryBuilder$$Lambda/0x00007fcd291de828
10544:             1             16  org.opensearch.index.query.BoolQueryBuilder$$Lambda/0x00007fcd291dea50
10545:             1             16  org.opensearch.index.query.BoolQueryBuilder$$Lambda/0x00007fcd291dec68
10546:             1             16  org.opensearch.index.query.BoolQueryBuilder$$Lambda/0x00007fcd291dee90
10547:             1             16  org.opensearch.index.query.BoolQueryBuilder$$Lambda/0x00007fcd291df0a8
10548:             1             16  org.opensearch.index.query.BoolQueryBuilder$$Lambda/0x00007fcd291df2d0
10549:             1             16  org.opensearch.index.query.BoolQueryBuilder$$Lambda/0x00007fcd291df4f8
10550:             1             16  org.opensearch.index.query.BoolQueryBuilder$$Lambda/0x00007fcd291df710
10551:             1             16  org.opensearch.index.query.BoolQueryBuilder$$Lambda/0x00007fcd291df938
10552:             1             16  org.opensearch.index.query.BoolQueryBuilder$$Lambda/0x00007fcd291e6f40
10553:             1             16  org.opensearch.index.query.functionscore.ExponentialDecayFunctionBuilder$$Lambda/0x00007fcd28763000
10554:             1             16  org.opensearch.index.query.functionscore.ExponentialDecayFunctionBuilder$ExponentialDecayScoreFunction
10555:             1             16  org.opensearch.index.query.functionscore.GaussDecayFunctionBuilder$$Lambda/0x00007fcd28761d40
10556:             1             16  org.opensearch.index.query.functionscore.GaussDecayFunctionBuilder$GaussScoreFunction
10557:             1             16  org.opensearch.index.query.functionscore.LinearDecayFunctionBuilder$$Lambda/0x00007fcd287626a0
10558:             1             16  org.opensearch.index.query.functionscore.LinearDecayFunctionBuilder$LinearDecayScoreFunction
10559:             1             16  org.opensearch.index.rankeval.RankEvalAction$$Lambda/0x00007fcd28896f38
10560:             1             16  org.opensearch.index.rankeval.RankEvalNamedXContentProvider$$Lambda/0x00007fcd28893780
10561:             1             16  org.opensearch.index.rankeval.RankEvalNamedXContentProvider$$Lambda/0x00007fcd28893998
10562:             1             16  org.opensearch.index.rankeval.RankEvalNamedXContentProvider$$Lambda/0x00007fcd28893bb0
10563:             1             16  org.opensearch.index.rankeval.RankEvalNamedXContentProvider$$Lambda/0x00007fcd28893dc8
10564:             1             16  org.opensearch.index.rankeval.RankEvalNamedXContentProvider$$Lambda/0x00007fcd28896000
10565:             1             16  org.opensearch.index.rankeval.RankEvalNamedXContentProvider$$Lambda/0x00007fcd28896218
10566:             1             16  org.opensearch.index.rankeval.RankEvalNamedXContentProvider$$Lambda/0x00007fcd28896430
10567:             1             16  org.opensearch.index.rankeval.RankEvalNamedXContentProvider$$Lambda/0x00007fcd28896648
10568:             1             16  org.opensearch.index.rankeval.RankEvalNamedXContentProvider$$Lambda/0x00007fcd28896860
10569:             1             16  org.opensearch.index.rankeval.RankEvalNamedXContentProvider$$Lambda/0x00007fcd28896a78
10570:             1             16  org.opensearch.index.rankeval.RankEvalPlugin
10571:             1             16  org.opensearch.index.rankeval.RankEvalPlugin$$Lambda/0x00007fcd288904f8
10572:             1             16  org.opensearch.index.rankeval.RankEvalPlugin$$Lambda/0x00007fcd28890a08
10573:             1             16  org.opensearch.index.rankeval.RankEvalPlugin$$Lambda/0x00007fcd28890f18
10574:             1             16  org.opensearch.index.rankeval.RankEvalPlugin$$Lambda/0x00007fcd28891438
10575:             1             16  org.opensearch.index.rankeval.RankEvalPlugin$$Lambda/0x00007fcd28891960
10576:             1             16  org.opensearch.index.rankeval.RankEvalPlugin$$Lambda/0x00007fcd28892000
10577:             1             16  org.opensearch.index.rankeval.RankEvalPlugin$$Lambda/0x00007fcd288924d8
10578:             1             16  org.opensearch.index.rankeval.RankEvalPlugin$$Lambda/0x00007fcd288929a8
10579:             1             16  org.opensearch.index.rankeval.RankEvalPlugin$$Lambda/0x00007fcd28892e78
10580:             1             16  org.opensearch.index.rankeval.RankEvalPlugin$$Lambda/0x00007fcd28893348
10581:             1             16  org.opensearch.index.rankeval.TransportRankEvalAction$$Lambda/0x00007fcd288976b0
10582:             1             16  org.opensearch.index.reindex.DeleteByQueryAction$$Lambda/0x00007fcd28bfc6f0
10583:             1             16  org.opensearch.index.reindex.ReindexAction$$Lambda/0x00007fcd28bfc2c0
10584:             1             16  org.opensearch.index.reindex.ReindexPlugin
10585:             1             16  org.opensearch.index.reindex.ReindexPlugin$$Lambda/0x00007fcd28549ad8
10586:             1             16  org.opensearch.index.reindex.RethrottleAction$$Lambda/0x00007fcd289006b8
10587:             1             16  org.opensearch.index.reindex.TransportDeleteByQueryAction$$Lambda/0x00007fcd28900e10
10588:             1             16  org.opensearch.index.reindex.TransportReindexAction$$Lambda/0x00007fcd28901888
10589:             1             16  org.opensearch.index.reindex.TransportRethrottleAction$$Lambda/0x00007fcd28901028
10590:             1             16  org.opensearch.index.reindex.TransportRethrottleAction$$Lambda/0x00007fcd28901240
10591:             1             16  org.opensearch.index.reindex.TransportRethrottleAction$$Lambda/0x00007fcd28901458
10592:             1             16  org.opensearch.index.reindex.TransportUpdateByQueryAction$$Lambda/0x00007fcd28901670
10593:             1             16  org.opensearch.index.reindex.UpdateByQueryAction$$Lambda/0x00007fcd28bfc4d8
10594:             1             16  org.opensearch.index.remote.RemoteStorePressureService$BytesLagValidator
10595:             1             16  org.opensearch.index.remote.RemoteStorePressureService$ConsecutiveFailureValidator
10596:             1             16  org.opensearch.index.remote.RemoteStorePressureService$TimeLagValidator
10597:             1             16  org.opensearch.index.remote.RemoteStorePressureSettings$$Lambda/0x00007fcd28dce2b0
10598:             1             16  org.opensearch.index.remote.RemoteStorePressureSettings$$Lambda/0x00007fcd28dce4e0
10599:             1             16  org.opensearch.index.remote.RemoteStorePressureSettings$$Lambda/0x00007fcd28dce710
10600:             1             16  org.opensearch.index.remote.RemoteStorePressureSettings$$Lambda/0x00007fcd28dce940
10601:             1             16  org.opensearch.index.remote.RemoteStoreStatsTrackerFactory$$Lambda/0x00007fcd288c08c0
10602:             1             16  org.opensearch.index.search.QueryParserHelper$$Lambda/0x00007fcd292e0830
10603:             1             16  org.opensearch.index.search.stats.SearchStats$Stats$$Lambda/0x00007fcd293bf9a8
10604:             1             16  org.opensearch.index.search.stats.SearchStats$Stats$$Lambda/0x00007fcd293bfbc0
10605:             1             16  org.opensearch.index.seqno.GlobalCheckpointSyncAction$$Lambda/0x00007fcd28dbec78
10606:             1             16  org.opensearch.index.seqno.GlobalCheckpointSyncAction$$Lambda/0x00007fcd28dbee90
10607:             1             16  org.opensearch.index.seqno.GlobalCheckpointSyncAction$$Lambda/0x00007fcd293ae4e8
10608:             1             16  org.opensearch.index.seqno.LocalCheckpointTracker$$Lambda/0x00007fcd292c2228
10609:             1             16  org.opensearch.index.seqno.LocalCheckpointTracker$$Lambda/0x00007fcd292c2860
10610:             1             16  org.opensearch.index.seqno.ReplicationTracker$$Lambda/0x00007fcd293746f0
10611:             1             16  org.opensearch.index.seqno.ReplicationTracker$$Lambda/0x00007fcd29374928
10612:             1             16  org.opensearch.index.seqno.ReplicationTracker$$Lambda/0x00007fcd29375238
10613:             1             16  org.opensearch.index.seqno.ReplicationTracker$$Lambda/0x00007fcd29375480
10614:             1             16  org.opensearch.index.seqno.ReplicationTracker$$Lambda/0x00007fcd293756b8
10615:             1             16  org.opensearch.index.seqno.ReplicationTracker$$Lambda/0x00007fcd29375900
10616:             1             16  org.opensearch.index.seqno.ReplicationTracker$$Lambda/0x00007fcd2937a298
10617:             1             16  org.opensearch.index.seqno.ReplicationTracker$$Lambda/0x00007fcd293a7238
10618:             1             16  org.opensearch.index.seqno.ReplicationTracker$$Lambda/0x00007fcd293a76d0
10619:             1             16  org.opensearch.index.seqno.ReplicationTracker$$Lambda/0x00007fcd293a7b48
10620:             1             16  org.opensearch.index.seqno.RetentionLease$$Lambda/0x00007fcd2927fda0
10621:             1             16  org.opensearch.index.seqno.RetentionLeaseActions$Add$$Lambda/0x00007fcd28c90438
10622:             1             16  org.opensearch.index.seqno.RetentionLeaseActions$Add$TransportAction$$Lambda/0x00007fcd28e20cf0
10623:             1             16  org.opensearch.index.seqno.RetentionLeaseActions$Remove$$Lambda/0x00007fcd28c91020
10624:             1             16  org.opensearch.index.seqno.RetentionLeaseActions$Remove$TransportAction$$Lambda/0x00007fcd28f5f570
10625:             1             16  org.opensearch.index.seqno.RetentionLeaseActions$Renew$$Lambda/0x00007fcd28c90b70
10626:             1             16  org.opensearch.index.seqno.RetentionLeaseActions$Renew$TransportAction$$Lambda/0x00007fcd28efe7e0
10627:             1             16  org.opensearch.index.seqno.RetentionLeaseBackgroundSyncAction$$Lambda/0x00007fcd28dbf710
10628:             1             16  org.opensearch.index.seqno.RetentionLeaseBackgroundSyncAction$$Lambda/0x00007fcd28dbf928
10629:             1             16  org.opensearch.index.seqno.RetentionLeaseSyncAction$$Lambda/0x00007fcd28dbf0a8
10630:             1             16  org.opensearch.index.seqno.RetentionLeaseSyncAction$$Lambda/0x00007fcd28dbf2c0
10631:             1             16  org.opensearch.index.seqno.RetentionLeaseSyncAction$$Lambda/0x00007fcd28dbf4d8
10632:             1             16  org.opensearch.index.seqno.RetentionLeaseSyncer$$Lambda/0x00007fcd28dbfb40
10633:             1             16  org.opensearch.index.seqno.RetentionLeaseSyncer$$Lambda/0x00007fcd28dbfd58
10634:             1             16  org.opensearch.index.seqno.RetentionLeaseSyncer$$Lambda/0x00007fcd28dcc000
10635:             1             16  org.opensearch.index.seqno.RetentionLeaseSyncer$$Lambda/0x00007fcd28dcc220
10636:             1             16  org.opensearch.index.seqno.RetentionLeases$$Lambda/0x00007fcd29276788
10637:             1             16  org.opensearch.index.seqno.RetentionLeases$$Lambda/0x00007fcd292769c0
10638:             1             16  org.opensearch.index.seqno.RetentionLeases$$Lambda/0x00007fcd29276c00
10639:             1             16  org.opensearch.index.seqno.RetentionLeases$$Lambda/0x00007fcd29276e18
10640:             1             16  org.opensearch.index.seqno.RetentionLeases$$Lambda/0x00007fcd29277050
10641:             1             16  org.opensearch.index.seqno.RetentionLeases$$Lambda/0x00007fcd2932aba8
10642:             1             16  org.opensearch.index.shard.IndexShard$$Lambda/0x00007fcd29205be0
10643:             1             16  org.opensearch.index.shard.IndexShard$$Lambda/0x00007fcd293e15e0
10644:             1             16  org.opensearch.index.shard.IndexingStats
10645:             1             16  org.opensearch.index.shard.IndexingStats$Stats$DocStatusStats
10646:             1             16  org.opensearch.index.shard.IndexingStats$Stats$DocStatusStats$$Lambda/0x00007fcd293bf790
10647:             1             16  org.opensearch.index.similarity.ScriptedSimilarityProvider
10648:             1             16  org.opensearch.index.similarity.SimilarityService$$Lambda/0x00007fcd2909a000
10649:             1             16  org.opensearch.index.similarity.SimilarityService$$Lambda/0x00007fcd2909a218
10650:             1             16  org.opensearch.index.similarity.SimilarityService$$Lambda/0x00007fcd2909ec10
10651:             1             16  org.opensearch.index.similarity.SimilarityService$$Lambda/0x00007fcd2909ee48
10652:             1             16  org.opensearch.index.similarity.SimilarityService$$Lambda/0x00007fcd2909f080
10653:             1             16  org.opensearch.index.similarity.SimilarityService$$Lambda/0x00007fcd2909f2b8
10654:             1             16  org.opensearch.index.similarity.SimilarityService$$Lambda/0x00007fcd2909f4d0
10655:             1             16  org.opensearch.index.similarity.SimilarityService$$Lambda/0x00007fcd2909f6e8
10656:             1             16  org.opensearch.index.similarity.SimilarityService$$Lambda/0x00007fcd2909f900
10657:             1             16  org.opensearch.index.similarity.SimilarityService$$Lambda/0x00007fcd2909fb18
10658:             1             16  org.opensearch.index.similarity.SimilarityService$$Lambda/0x00007fcd2909fd30
10659:             1             16  org.opensearch.index.similarity.SimilarityService$$Lambda/0x00007fcd290a0640
10660:             1             16  org.opensearch.index.store.FsDirectoryFactory
10661:             1             16  org.opensearch.index.store.FsDirectoryFactory$$Lambda/0x00007fcd2848fcc8
10662:             1             16  org.opensearch.index.store.Store$$Lambda/0x00007fcd29379c10
10663:             1             16  org.opensearch.index.translog.BufferedChecksumStreamInput$$Lambda/0x00007fcd2927d228
10664:             1             16  org.opensearch.index.translog.MultiSnapshot$$Lambda/0x00007fcd2932bca0
10665:             1             16  org.opensearch.index.translog.ReplicationTranslogDeletionPolicy$Companion
10666:             1             16  org.opensearch.index.translog.Translog$$Lambda/0x00007fcd292cb1e0
10667:             1             16  org.opensearch.index.translog.Translog$$Lambda/0x00007fcd29328b28
10668:             1             16  org.opensearch.index.translog.Translog$$Lambda/0x00007fcd2932afd8
10669:             1             16  org.opensearch.index.translog.Translog$$Lambda/0x00007fcd2932b5f0
10670:             1             16  org.opensearch.index.translog.Translog$$Lambda/0x00007fcd2932b808
10671:             1             16  org.opensearch.index.translog.Translog$$Lambda/0x00007fcd29345e08
10672:             1             16  org.opensearch.index.translog.Translog$$Lambda/0x00007fcd293bef68
10673:             1             16  org.opensearch.index.translog.TranslogDeletionPolicy$$Lambda/0x00007fcd29346d70
10674:             1             16  org.opensearch.index.translog.listener.TranslogEventListener$1
10675:             1             16  org.opensearch.indexmanagement.GuiceHolder
10676:             1             16  org.opensearch.indexmanagement.GuiceHolder$Companion
10677:             1             16  org.opensearch.indexmanagement.IndexManagementIndices$$Lambda/0x00007fcd28aaa9a8
10678:             1             16  org.opensearch.indexmanagement.IndexManagementIndices$$Lambda/0x00007fcd28aaabd8
10679:             1             16  org.opensearch.indexmanagement.IndexManagementIndices$Companion
10680:             1             16  org.opensearch.indexmanagement.IndexManagementPlugin$$Lambda/0x00007fcd2847c800
10681:             1             16  org.opensearch.indexmanagement.IndexManagementPlugin$Companion
10682:             1             16  org.opensearch.indexmanagement.IndexManagementRunner
10683:             1             16  org.opensearch.indexmanagement.controlcenter.notification.ControlCenterIndices$Companion
10684:             1             16  org.opensearch.indexmanagement.controlcenter.notification.action.delete.DeleteLRONConfigAction$$Lambda/0x00007fcd28c4aea8
10685:             1             16  org.opensearch.indexmanagement.controlcenter.notification.action.delete.DeleteLRONConfigAction$Companion
10686:             1             16  org.opensearch.indexmanagement.controlcenter.notification.action.delete.TransportDeleteLRONConfigAction$$Lambda/0x00007fcd28dab5d0
10687:             1             16  org.opensearch.indexmanagement.controlcenter.notification.action.get.GetLRONConfigAction$$Lambda/0x00007fcd28c4a660
10688:             1             16  org.opensearch.indexmanagement.controlcenter.notification.action.get.GetLRONConfigAction$Companion
10689:             1             16  org.opensearch.indexmanagement.controlcenter.notification.action.get.TransportGetLRONConfigAction$$Lambda/0x00007fcd28ef7218
10690:             1             16  org.opensearch.indexmanagement.controlcenter.notification.action.index.IndexLRONConfigAction$$Lambda/0x00007fcd28c49b90
10691:             1             16  org.opensearch.indexmanagement.controlcenter.notification.action.index.IndexLRONConfigAction$Companion
10692:             1             16  org.opensearch.indexmanagement.controlcenter.notification.action.index.TransportIndexLRONConfigAction$$Lambda/0x00007fcd28da8b18
10693:             1             16  org.opensearch.indexmanagement.indexstatemanagement.DefaultIndexMetadataService
10694:             1             16  org.opensearch.indexmanagement.indexstatemanagement.DefaultIndexMetadataService$Companion
10695:             1             16  org.opensearch.indexmanagement.indexstatemanagement.ISMActionsParser$Companion
10696:             1             16  org.opensearch.indexmanagement.indexstatemanagement.ISMActionsParser$Companion$instance$2
10697:             1             16  org.opensearch.indexmanagement.indexstatemanagement.ISMActionsParser$HOLDER
10698:             1             16  org.opensearch.indexmanagement.indexstatemanagement.IndexMetadataProvider$$Lambda/0x00007fcd28aae218
10699:             1             16  org.opensearch.indexmanagement.indexstatemanagement.IndexMetadataProvider$Companion
10700:             1             16  org.opensearch.indexmanagement.indexstatemanagement.IndexStateManagementHistory$$Lambda/0x00007fcd28aab6a0
10701:             1             16  org.opensearch.indexmanagement.indexstatemanagement.IndexStateManagementHistory$$Lambda/0x00007fcd28aab8d0
10702:             1             16  org.opensearch.indexmanagement.indexstatemanagement.IndexStateManagementHistory$$Lambda/0x00007fcd28aabb00
10703:             1             16  org.opensearch.indexmanagement.indexstatemanagement.IndexStateManagementHistory$$Lambda/0x00007fcd28aabd30
10704:             1             16  org.opensearch.indexmanagement.indexstatemanagement.IndexStateManagementHistory$$Lambda/0x00007fcd28aabf60
10705:             1             16  org.opensearch.indexmanagement.indexstatemanagement.IndexStateManagementHistory$$Lambda/0x00007fcd28aac190
10706:             1             16  org.opensearch.indexmanagement.indexstatemanagement.IndexStateManagementHistory$$Lambda/0x00007fcd28aac3c0
10707:             1             16  org.opensearch.indexmanagement.indexstatemanagement.ManagedIndexCoordinator$$Lambda/0x00007fcd28aafc88
10708:             1             16  org.opensearch.indexmanagement.indexstatemanagement.ManagedIndexCoordinator$$Lambda/0x00007fcd28ab0000
10709:             1             16  org.opensearch.indexmanagement.indexstatemanagement.ManagedIndexCoordinator$$Lambda/0x00007fcd28ab0230
10710:             1             16  org.opensearch.indexmanagement.indexstatemanagement.ManagedIndexCoordinator$$Lambda/0x00007fcd28ab0460
10711:             1             16  org.opensearch.indexmanagement.indexstatemanagement.ManagedIndexCoordinator$$Lambda/0x00007fcd28ab0690
10712:             1             16  org.opensearch.indexmanagement.indexstatemanagement.ManagedIndexCoordinator$$Lambda/0x00007fcd28ab08c0
10713:             1             16  org.opensearch.indexmanagement.indexstatemanagement.ManagedIndexCoordinator$$Lambda/0x00007fcd28ab0af0
10714:             1             16  org.opensearch.indexmanagement.indexstatemanagement.ManagedIndexCoordinator$Companion
10715:             1             16  org.opensearch.indexmanagement.indexstatemanagement.ManagedIndexRunner
10716:             1             16  org.opensearch.indexmanagement.indexstatemanagement.ManagedIndexRunner$$Lambda/0x00007fcd28aae888
10717:             1             16  org.opensearch.indexmanagement.indexstatemanagement.ManagedIndexRunner$$Lambda/0x00007fcd28aaeab0
10718:             1             16  org.opensearch.indexmanagement.indexstatemanagement.ManagedIndexRunner$$Lambda/0x00007fcd28aaecd8
10719:             1             16  org.opensearch.indexmanagement.indexstatemanagement.ManagedIndexRunner$$Lambda/0x00007fcd28aaef00
10720:             1             16  org.opensearch.indexmanagement.indexstatemanagement.PluginVersionSweepCoordinator$$Lambda/0x00007fcd28ab11c0
10721:             1             16  org.opensearch.indexmanagement.indexstatemanagement.PluginVersionSweepCoordinator$$Lambda/0x00007fcd29022100
10722:             1             16  org.opensearch.indexmanagement.indexstatemanagement.action.AllocationActionParser
10723:             1             16  org.opensearch.indexmanagement.indexstatemanagement.action.CloseActionParser
10724:             1             16  org.opensearch.indexmanagement.indexstatemanagement.action.DeleteActionParser
10725:             1             16  org.opensearch.indexmanagement.indexstatemanagement.action.ForceMergeActionParser
10726:             1             16  org.opensearch.indexmanagement.indexstatemanagement.action.IndexPriorityActionParser
10727:             1             16  org.opensearch.indexmanagement.indexstatemanagement.action.NotificationActionParser
10728:             1             16  org.opensearch.indexmanagement.indexstatemanagement.action.OpenActionParser
10729:             1             16  org.opensearch.indexmanagement.indexstatemanagement.action.ReadOnlyActionParser
10730:             1             16  org.opensearch.indexmanagement.indexstatemanagement.action.ReadWriteActionParser
10731:             1             16  org.opensearch.indexmanagement.indexstatemanagement.action.ReplicaCountActionParser
10732:             1             16  org.opensearch.indexmanagement.indexstatemanagement.action.RolloverActionParser
10733:             1             16  org.opensearch.indexmanagement.indexstatemanagement.action.RollupActionParser
10734:             1             16  org.opensearch.indexmanagement.indexstatemanagement.action.ShrinkActionParser
10735:             1             16  org.opensearch.indexmanagement.indexstatemanagement.action.SnapshotActionParser
10736:             1             16  org.opensearch.indexmanagement.indexstatemanagement.action.TransformActionParser
10737:             1             16  org.opensearch.indexmanagement.indexstatemanagement.resthandler.RestAddPolicyAction$Companion
10738:             1             16  org.opensearch.indexmanagement.indexstatemanagement.resthandler.RestChangePolicyAction$Companion
10739:             1             16  org.opensearch.indexmanagement.indexstatemanagement.resthandler.RestExplainAction$Companion
10740:             1             16  org.opensearch.indexmanagement.indexstatemanagement.resthandler.RestIndexPolicyAction$$Lambda/0x00007fcd28fb5dc8
10741:             1             16  org.opensearch.indexmanagement.indexstatemanagement.resthandler.RestRemovePolicyAction$Companion
10742:             1             16  org.opensearch.indexmanagement.indexstatemanagement.resthandler.RestRetryFailedManagedIndexAction$Companion
10743:             1             16  org.opensearch.indexmanagement.indexstatemanagement.settings.LegacyOpenDistroManagedIndexSettings$Companion
10744:             1             16  org.opensearch.indexmanagement.indexstatemanagement.settings.ManagedIndexSettings$Companion
10745:             1             16  org.opensearch.indexmanagement.indexstatemanagement.transport.action.addpolicy.AddPolicyAction$$Lambda/0x00007fcd28ab3b10
10746:             1             16  org.opensearch.indexmanagement.indexstatemanagement.transport.action.addpolicy.AddPolicyAction$Companion
10747:             1             16  org.opensearch.indexmanagement.indexstatemanagement.transport.action.addpolicy.TransportAddPolicyAction$$Lambda/0x00007fcd28da95c0
10748:             1             16  org.opensearch.indexmanagement.indexstatemanagement.transport.action.addpolicy.TransportAddPolicyAction$$Lambda/0x00007fcd28da97d8
10749:             1             16  org.opensearch.indexmanagement.indexstatemanagement.transport.action.addpolicy.TransportAddPolicyAction$$Lambda/0x00007fcd28da9a08
10750:             1             16  org.opensearch.indexmanagement.indexstatemanagement.transport.action.addpolicy.TransportAddPolicyAction$$Lambda/0x00007fcd28da9c38
10751:             1             16  org.opensearch.indexmanagement.indexstatemanagement.transport.action.addpolicy.TransportAddPolicyAction$Companion
10752:             1             16  org.opensearch.indexmanagement.indexstatemanagement.transport.action.changepolicy.ChangePolicyAction$$Lambda/0x00007fcd28c38c68
10753:             1             16  org.opensearch.indexmanagement.indexstatemanagement.transport.action.changepolicy.ChangePolicyAction$Companion
10754:             1             16  org.opensearch.indexmanagement.indexstatemanagement.transport.action.changepolicy.TransportChangePolicyAction$$Lambda/0x00007fcd28daba00
10755:             1             16  org.opensearch.indexmanagement.indexstatemanagement.transport.action.changepolicy.TransportChangePolicyAction$$Lambda/0x00007fcd28dabc18
10756:             1             16  org.opensearch.indexmanagement.indexstatemanagement.transport.action.deletepolicy.DeletePolicyAction$$Lambda/0x00007fcd28c3aa58
10757:             1             16  org.opensearch.indexmanagement.indexstatemanagement.transport.action.deletepolicy.DeletePolicyAction$Companion
10758:             1             16  org.opensearch.indexmanagement.indexstatemanagement.transport.action.deletepolicy.TransportDeletePolicyAction$$Lambda/0x00007fcd28f07b98
10759:             1             16  org.opensearch.indexmanagement.indexstatemanagement.transport.action.deletepolicy.TransportDeletePolicyAction$$Lambda/0x00007fcd28f07db0
10760:             1             16  org.opensearch.indexmanagement.indexstatemanagement.transport.action.explain.ExplainAction$$Lambda/0x00007fcd28c3a210
10761:             1             16  org.opensearch.indexmanagement.indexstatemanagement.transport.action.explain.ExplainAction$Companion
10762:             1             16  org.opensearch.indexmanagement.indexstatemanagement.transport.action.explain.TransportExplainAction$$Lambda/0x00007fcd28f07768
10763:             1             16  org.opensearch.indexmanagement.indexstatemanagement.transport.action.explain.TransportExplainAction$Companion
10764:             1             16  org.opensearch.indexmanagement.indexstatemanagement.transport.action.getpolicy.GetPoliciesAction$$Lambda/0x00007fcd28c3bff8
10765:             1             16  org.opensearch.indexmanagement.indexstatemanagement.transport.action.getpolicy.GetPoliciesAction$Companion
10766:             1             16  org.opensearch.indexmanagement.indexstatemanagement.transport.action.getpolicy.GetPolicyAction$$Lambda/0x00007fcd28c3b528
10767:             1             16  org.opensearch.indexmanagement.indexstatemanagement.transport.action.getpolicy.GetPolicyAction$Companion
10768:             1             16  org.opensearch.indexmanagement.indexstatemanagement.transport.action.getpolicy.TransportGetPoliciesAction$$Lambda/0x00007fcd28daa2b0
10769:             1             16  org.opensearch.indexmanagement.indexstatemanagement.transport.action.getpolicy.TransportGetPoliciesAction$$Lambda/0x00007fcd28daa4c8
10770:             1             16  org.opensearch.indexmanagement.indexstatemanagement.transport.action.getpolicy.TransportGetPolicyAction$$Lambda/0x00007fcd28f06ef0
10771:             1             16  org.opensearch.indexmanagement.indexstatemanagement.transport.action.getpolicy.TransportGetPolicyAction$$Lambda/0x00007fcd28f07108
10772:             1             16  org.opensearch.indexmanagement.indexstatemanagement.transport.action.indexpolicy.IndexPolicyAction$$Lambda/0x00007fcd28c39738
10773:             1             16  org.opensearch.indexmanagement.indexstatemanagement.transport.action.indexpolicy.IndexPolicyAction$Companion
10774:             1             16  org.opensearch.indexmanagement.indexstatemanagement.transport.action.indexpolicy.TransportIndexPolicyAction$$Lambda/0x00007fcd28f548d0
10775:             1             16  org.opensearch.indexmanagement.indexstatemanagement.transport.action.indexpolicy.TransportIndexPolicyAction$$Lambda/0x00007fcd28f54ae8
10776:             1             16  org.opensearch.indexmanagement.indexstatemanagement.transport.action.managedIndex.ManagedIndexAction$$Lambda/0x00007fcd28c46448
10777:             1             16  org.opensearch.indexmanagement.indexstatemanagement.transport.action.managedIndex.ManagedIndexAction$Companion
10778:             1             16  org.opensearch.indexmanagement.indexstatemanagement.transport.action.managedIndex.TransportManagedIndexAction$$Lambda/0x00007fcd28f06230
10779:             1             16  org.opensearch.indexmanagement.indexstatemanagement.transport.action.removepolicy.RemovePolicyAction$$Lambda/0x00007fcd28ab2770
10780:             1             16  org.opensearch.indexmanagement.indexstatemanagement.transport.action.removepolicy.RemovePolicyAction$Companion
10781:             1             16  org.opensearch.indexmanagement.indexstatemanagement.transport.action.removepolicy.TransportRemovePolicyAction$$Lambda/0x00007fcd28f06448
10782:             1             16  org.opensearch.indexmanagement.indexstatemanagement.transport.action.retryfailedmanagedindex.RetryFailedManagedIndexAction$$Lambda/0x00007fcd28c38420
10783:             1             16  org.opensearch.indexmanagement.indexstatemanagement.transport.action.retryfailedmanagedindex.RetryFailedManagedIndexAction$Companion
10784:             1             16  org.opensearch.indexmanagement.indexstatemanagement.transport.action.retryfailedmanagedindex.TransportRetryFailedManagedIndexAction$$Lambda/0x00007fcd28f55e38
10785:             1             16  org.opensearch.indexmanagement.indexstatemanagement.transport.action.updateindexmetadata.TransportUpdateManagedIndexMetaDataAction$$Lambda/0x00007fcd28f54000
10786:             1             16  org.opensearch.indexmanagement.indexstatemanagement.transport.action.updateindexmetadata.TransportUpdateManagedIndexMetaDataAction$Companion
10787:             1             16  org.opensearch.indexmanagement.indexstatemanagement.transport.action.updateindexmetadata.TransportUpdateManagedIndexMetaDataAction$ManagedIndexMetaDataExecutor
10788:             1             16  org.opensearch.indexmanagement.indexstatemanagement.transport.action.updateindexmetadata.UpdateManagedIndexMetaDataAction$$Lambda/0x00007fcd28ab1c38
10789:             1             16  org.opensearch.indexmanagement.indexstatemanagement.transport.action.updateindexmetadata.UpdateManagedIndexMetaDataAction$Companion
10790:             1             16  org.opensearch.indexmanagement.refreshanalyzer.RefreshSearchAnalyzerAction$$Lambda/0x00007fcd28ab3278
10791:             1             16  org.opensearch.indexmanagement.refreshanalyzer.RefreshSearchAnalyzerAction$Companion
10792:             1             16  org.opensearch.indexmanagement.refreshanalyzer.RestRefreshSearchAnalyzerAction$Companion
10793:             1             16  org.opensearch.indexmanagement.refreshanalyzer.TransportRefreshSearchAnalyzerAction$$Lambda/0x00007fcd28dab7e8
10794:             1             16  org.opensearch.indexmanagement.rollup.RollupIndexer$$Lambda/0x00007fcd28aa92c8
10795:             1             16  org.opensearch.indexmanagement.rollup.RollupMapperService$Companion
10796:             1             16  org.opensearch.indexmanagement.rollup.RollupRunner
10797:             1             16  org.opensearch.indexmanagement.rollup.RollupSearchService$$Lambda/0x00007fcd28aa9700
10798:             1             16  org.opensearch.indexmanagement.rollup.RollupSearchService$$Lambda/0x00007fcd28aa9930
10799:             1             16  org.opensearch.indexmanagement.rollup.action.delete.DeleteRollupAction$$Lambda/0x00007fcd28c3c840
10800:             1             16  org.opensearch.indexmanagement.rollup.action.delete.DeleteRollupAction$Companion
10801:             1             16  org.opensearch.indexmanagement.rollup.action.delete.TransportDeleteRollupAction$$Lambda/0x00007fcd28f56498
10802:             1             16  org.opensearch.indexmanagement.rollup.action.delete.TransportDeleteRollupAction$$Lambda/0x00007fcd28f566b0
10803:             1             16  org.opensearch.indexmanagement.rollup.action.explain.ExplainRollupAction$$Lambda/0x00007fcd28c40480
10804:             1             16  org.opensearch.indexmanagement.rollup.action.explain.ExplainRollupAction$Companion
10805:             1             16  org.opensearch.indexmanagement.rollup.action.explain.TransportExplainRollupAction$$Lambda/0x00007fcd28da86d0
10806:             1             16  org.opensearch.indexmanagement.rollup.action.explain.TransportExplainRollupAction$$Lambda/0x00007fcd28da88e8
10807:             1             16  org.opensearch.indexmanagement.rollup.action.get.GetRollupAction$$Lambda/0x00007fcd28c3d310
10808:             1             16  org.opensearch.indexmanagement.rollup.action.get.GetRollupAction$Companion
10809:             1             16  org.opensearch.indexmanagement.rollup.action.get.GetRollupsAction$$Lambda/0x00007fcd28c3dde0
10810:             1             16  org.opensearch.indexmanagement.rollup.action.get.GetRollupsAction$Companion
10811:             1             16  org.opensearch.indexmanagement.rollup.action.get.TransportGetRollupAction$$Lambda/0x00007fcd28ef7cc0
10812:             1             16  org.opensearch.indexmanagement.rollup.action.get.TransportGetRollupAction$$Lambda/0x00007fcd28f06000
10813:             1             16  org.opensearch.indexmanagement.rollup.action.get.TransportGetRollupsAction$$Lambda/0x00007fcd28daad40
10814:             1             16  org.opensearch.indexmanagement.rollup.action.get.TransportGetRollupsAction$$Lambda/0x00007fcd28daaf58
10815:             1             16  org.opensearch.indexmanagement.rollup.action.index.IndexRollupAction$$Lambda/0x00007fcd28c3e8b0
10816:             1             16  org.opensearch.indexmanagement.rollup.action.index.IndexRollupAction$Companion
10817:             1             16  org.opensearch.indexmanagement.rollup.action.index.TransportIndexRollupAction$$Lambda/0x00007fcd28f55160
10818:             1             16  org.opensearch.indexmanagement.rollup.action.index.TransportIndexRollupAction$$Lambda/0x00007fcd28f55378
10819:             1             16  org.opensearch.indexmanagement.rollup.action.mapping.TransportUpdateRollupMappingAction$$Lambda/0x00007fcd28f07980
10820:             1             16  org.opensearch.indexmanagement.rollup.action.mapping.UpdateRollupMappingAction$$Lambda/0x00007fcd28c40cc8
10821:             1             16  org.opensearch.indexmanagement.rollup.action.mapping.UpdateRollupMappingAction$Companion
10822:             1             16  org.opensearch.indexmanagement.rollup.action.start.StartRollupAction$$Lambda/0x00007fcd28c3f0f8
10823:             1             16  org.opensearch.indexmanagement.rollup.action.start.StartRollupAction$Companion
10824:             1             16  org.opensearch.indexmanagement.rollup.action.start.TransportStartRollupAction$$Lambda/0x00007fcd28f56d28
10825:             1             16  org.opensearch.indexmanagement.rollup.action.start.TransportStartRollupAction$$Lambda/0x00007fcd28f56f40
10826:             1             16  org.opensearch.indexmanagement.rollup.action.stop.StopRollupAction$$Lambda/0x00007fcd28c3f940
10827:             1             16  org.opensearch.indexmanagement.rollup.action.stop.StopRollupAction$Companion
10828:             1             16  org.opensearch.indexmanagement.rollup.action.stop.TransportStopRollupAction$$Lambda/0x00007fcd28da9e68
10829:             1             16  org.opensearch.indexmanagement.rollup.action.stop.TransportStopRollupAction$$Lambda/0x00007fcd28daa080
10830:             1             16  org.opensearch.indexmanagement.rollup.actionfilter.FieldCapsFilter$$Lambda/0x00007fcd28aa7630
10831:             1             16  org.opensearch.indexmanagement.rollup.interceptor.RollupInterceptor$$Lambda/0x00007fcd28585e40
10832:             1             16  org.opensearch.indexmanagement.rollup.interceptor.RollupInterceptor$$Lambda/0x00007fcd28586070
10833:             1             16  org.opensearch.indexmanagement.rollup.settings.LegacyOpenDistroRollupSettings$Companion
10834:             1             16  org.opensearch.indexmanagement.rollup.settings.RollupSettings$Companion
10835:             1             16  org.opensearch.indexmanagement.rollup.util.QueryShardContextFactory
10836:             1             16  org.opensearch.indexmanagement.rollup.util.RollupFieldValueExpressionResolver
10837:             1             16  org.opensearch.indexmanagement.rollup.util.RollupFieldValueExpressionResolver$IndexAliasUtils
10838:             1             16  org.opensearch.indexmanagement.settings.IndexManagementSettings$Companion
10839:             1             16  org.opensearch.indexmanagement.snapshotmanagement.SMRunner
10840:             1             16  org.opensearch.indexmanagement.snapshotmanagement.api.transport.SMActions
10841:             1             16  org.opensearch.indexmanagement.snapshotmanagement.api.transport.SMActions$$Lambda/0x00007fcd28c46cf8
10842:             1             16  org.opensearch.indexmanagement.snapshotmanagement.api.transport.SMActions$$Lambda/0x00007fcd28c47198
10843:             1             16  org.opensearch.indexmanagement.snapshotmanagement.api.transport.SMActions$$Lambda/0x00007fcd28c47638
10844:             1             16  org.opensearch.indexmanagement.snapshotmanagement.api.transport.SMActions$$Lambda/0x00007fcd28c47850
10845:             1             16  org.opensearch.indexmanagement.snapshotmanagement.api.transport.SMActions$$Lambda/0x00007fcd28c47ce8
10846:             1             16  org.opensearch.indexmanagement.snapshotmanagement.api.transport.SMActions$$Lambda/0x00007fcd28c48000
10847:             1             16  org.opensearch.indexmanagement.snapshotmanagement.api.transport.SMActions$$Lambda/0x00007fcd28c48218
10848:             1             16  org.opensearch.indexmanagement.snapshotmanagement.api.transport.delete.TransportDeleteSMPolicyAction$$Lambda/0x00007fcd28f06660
10849:             1             16  org.opensearch.indexmanagement.snapshotmanagement.api.transport.delete.TransportDeleteSMPolicyAction$$Lambda/0x00007fcd28f06878
10850:             1             16  org.opensearch.indexmanagement.snapshotmanagement.api.transport.delete.TransportDeleteSMPolicyAction$Companion
10851:             1             16  org.opensearch.indexmanagement.snapshotmanagement.api.transport.explain.TransportExplainSMAction$$Lambda/0x00007fcd28f54488
10852:             1             16  org.opensearch.indexmanagement.snapshotmanagement.api.transport.explain.TransportExplainSMAction$$Lambda/0x00007fcd28f546a0
10853:             1             16  org.opensearch.indexmanagement.snapshotmanagement.api.transport.get.TransportGetSMPoliciesAction$$Lambda/0x00007fcd28f54d18
10854:             1             16  org.opensearch.indexmanagement.snapshotmanagement.api.transport.get.TransportGetSMPoliciesAction$$Lambda/0x00007fcd28f54f30
10855:             1             16  org.opensearch.indexmanagement.snapshotmanagement.api.transport.get.TransportGetSMPolicyAction$$Lambda/0x00007fcd28f06aa8
10856:             1             16  org.opensearch.indexmanagement.snapshotmanagement.api.transport.get.TransportGetSMPolicyAction$$Lambda/0x00007fcd28f06cc0
10857:             1             16  org.opensearch.indexmanagement.snapshotmanagement.api.transport.index.TransportIndexSMPolicyAction$$Lambda/0x00007fcd28daa6f8
10858:             1             16  org.opensearch.indexmanagement.snapshotmanagement.api.transport.index.TransportIndexSMPolicyAction$$Lambda/0x00007fcd28daab10
10859:             1             16  org.opensearch.indexmanagement.snapshotmanagement.api.transport.start.TransportStartSMAction$$Lambda/0x00007fcd28ef7878
10860:             1             16  org.opensearch.indexmanagement.snapshotmanagement.api.transport.start.TransportStartSMAction$$Lambda/0x00007fcd28ef7a90
10861:             1             16  org.opensearch.indexmanagement.snapshotmanagement.api.transport.start.TransportStartSMAction$Companion
10862:             1             16  org.opensearch.indexmanagement.snapshotmanagement.api.transport.stop.TransportStopSMAction$$Lambda/0x00007fcd28ef7430
10863:             1             16  org.opensearch.indexmanagement.snapshotmanagement.api.transport.stop.TransportStopSMAction$$Lambda/0x00007fcd28ef7648
10864:             1             16  org.opensearch.indexmanagement.snapshotmanagement.api.transport.stop.TransportStopSMAction$Companion
10865:             1             16  org.opensearch.indexmanagement.snapshotmanagement.settings.SnapshotManagementSettings$Companion
10866:             1             16  org.opensearch.indexmanagement.transform.TargetIndexMappingService
10867:             1             16  org.opensearch.indexmanagement.transform.TransformIndexer$$Lambda/0x00007fcd28aa6718
10868:             1             16  org.opensearch.indexmanagement.transform.TransformRunner
10869:             1             16  org.opensearch.indexmanagement.transform.TransformSearchService$$Lambda/0x00007fcd28aa59f8
10870:             1             16  org.opensearch.indexmanagement.transform.TransformSearchService$$Lambda/0x00007fcd28aa5c28
10871:             1             16  org.opensearch.indexmanagement.transform.TransformSearchService$Companion
10872:             1             16  org.opensearch.indexmanagement.transform.TransformValidator$$Lambda/0x00007fcd28aa6fa8
10873:             1             16  org.opensearch.indexmanagement.transform.TransformValidator$$Lambda/0x00007fcd28aa71d8
10874:             1             16  org.opensearch.indexmanagement.transform.TransformValidator$Companion
10875:             1             16  org.opensearch.indexmanagement.transform.action.delete.DeleteTransformsAction$$Lambda/0x00007fcd28c440a8
10876:             1             16  org.opensearch.indexmanagement.transform.action.delete.DeleteTransformsAction$Companion
10877:             1             16  org.opensearch.indexmanagement.transform.action.delete.TransportDeleteTransformsAction$$Lambda/0x00007fcd28dab188
10878:             1             16  org.opensearch.indexmanagement.transform.action.delete.TransportDeleteTransformsAction$$Lambda/0x00007fcd28dab3a0
10879:             1             16  org.opensearch.indexmanagement.transform.action.explain.ExplainTransformAction$$Lambda/0x00007fcd28c44b70
10880:             1             16  org.opensearch.indexmanagement.transform.action.explain.ExplainTransformAction$Companion
10881:             1             16  org.opensearch.indexmanagement.transform.action.explain.TransportExplainTransformAction$$Lambda/0x00007fcd28f568e0
10882:             1             16  org.opensearch.indexmanagement.transform.action.explain.TransportExplainTransformAction$$Lambda/0x00007fcd28f56af8
10883:             1             16  org.opensearch.indexmanagement.transform.action.get.GetTransformAction$$Lambda/0x00007fcd28c422c8
10884:             1             16  org.opensearch.indexmanagement.transform.action.get.GetTransformAction$Companion
10885:             1             16  org.opensearch.indexmanagement.transform.action.get.GetTransformsAction$$Lambda/0x00007fcd28c42d98
10886:             1             16  org.opensearch.indexmanagement.transform.action.get.GetTransformsAction$Companion
10887:             1             16  org.opensearch.indexmanagement.transform.action.get.TransportGetTransformAction$$Lambda/0x00007fcd28f56050
10888:             1             16  org.opensearch.indexmanagement.transform.action.get.TransportGetTransformAction$$Lambda/0x00007fcd28f56268
10889:             1             16  org.opensearch.indexmanagement.transform.action.get.TransportGetTransformsAction$$Lambda/0x00007fcd28da9178
10890:             1             16  org.opensearch.indexmanagement.transform.action.get.TransportGetTransformsAction$$Lambda/0x00007fcd28da9390
10891:             1             16  org.opensearch.indexmanagement.transform.action.index.IndexTransformAction$$Lambda/0x00007fcd28c417f8
10892:             1             16  org.opensearch.indexmanagement.transform.action.index.IndexTransformAction$Companion
10893:             1             16  org.opensearch.indexmanagement.transform.action.index.TransportIndexTransformAction$$Lambda/0x00007fcd28f555a8
10894:             1             16  org.opensearch.indexmanagement.transform.action.index.TransportIndexTransformAction$$Lambda/0x00007fcd28f557c0
10895:             1             16  org.opensearch.indexmanagement.transform.action.preview.PreviewTransformAction$$Lambda/0x00007fcd28c43860
10896:             1             16  org.opensearch.indexmanagement.transform.action.preview.PreviewTransformAction$Companion
10897:             1             16  org.opensearch.indexmanagement.transform.action.preview.TransportPreviewTransformAction$$Lambda/0x00007fcd28ef7000
10898:             1             16  org.opensearch.indexmanagement.transform.action.start.StartTransformAction$$Lambda/0x00007fcd28c453b8
10899:             1             16  org.opensearch.indexmanagement.transform.action.start.StartTransformAction$Companion
10900:             1             16  org.opensearch.indexmanagement.transform.action.start.TransportStartTransformAction$$Lambda/0x00007fcd28f559f0
10901:             1             16  org.opensearch.indexmanagement.transform.action.start.TransportStartTransformAction$$Lambda/0x00007fcd28f55c08
10902:             1             16  org.opensearch.indexmanagement.transform.action.stop.StopTransformAction$$Lambda/0x00007fcd28c45c00
10903:             1             16  org.opensearch.indexmanagement.transform.action.stop.StopTransformAction$Companion
10904:             1             16  org.opensearch.indexmanagement.transform.action.stop.TransportStopTransformAction$$Lambda/0x00007fcd28da8d30
10905:             1             16  org.opensearch.indexmanagement.transform.action.stop.TransportStopTransformAction$$Lambda/0x00007fcd28da8f48
10906:             1             16  org.opensearch.indexmanagement.transform.settings.TransformSettings$Companion
10907:             1             16  org.opensearch.indices.IndicesModule$$Lambda/0x00007fcd2874a0e8
10908:             1             16  org.opensearch.indices.IndicesModule$$Lambda/0x00007fcd2874a300
10909:             1             16  org.opensearch.indices.IndicesModule$$Lambda/0x00007fcd2874a518
10910:             1             16  org.opensearch.indices.IndicesModule$$Lambda/0x00007fcd2888d5d0
10911:             1             16  org.opensearch.indices.IndicesModule$$Lambda/0x00007fcd2888d7e8
10912:             1             16  org.opensearch.indices.IndicesModule$$Lambda/0x00007fcd2888da00
10913:             1             16  org.opensearch.indices.IndicesRequestCache$$Lambda/0x00007fcd2863ca38
10914:             1             16  org.opensearch.indices.IndicesRequestCache$$Lambda/0x00007fcd288c4140
10915:             1             16  org.opensearch.indices.IndicesRequestCache$$Lambda/0x00007fcd288c4838
10916:             1             16  org.opensearch.indices.IndicesRequestCache$$Lambda/0x00007fcd288c4f08
10917:             1             16  org.opensearch.indices.IndicesRequestCache$IndicesRequestCacheCleanupManager$$Lambda/0x00007fcd293d8900
10918:             1             16  org.opensearch.indices.IndicesRequestCache$IndicesRequestCacheCleanupManager$$Lambda/0x00007fcd293d8fb8
10919:             1             16  org.opensearch.indices.IndicesService$$Lambda/0x00007fcd2863d920
10920:             1             16  org.opensearch.indices.IndicesService$$Lambda/0x00007fcd288c38a8
10921:             1             16  org.opensearch.indices.IndicesService$$Lambda/0x00007fcd288c3ac8
10922:             1             16  org.opensearch.indices.IndicesService$$Lambda/0x00007fcd288c3ce0
10923:             1             16  org.opensearch.indices.IndicesService$$Lambda/0x00007fcd288c7868
10924:             1             16  org.opensearch.indices.IndicesService$$Lambda/0x00007fcd288c7cc8
10925:             1             16  org.opensearch.indices.IndicesService$$Lambda/0x00007fcd288c84a0
10926:             1             16  org.opensearch.indices.IndicesService$$Lambda/0x00007fcd288c8900
10927:             1             16  org.opensearch.indices.IndicesService$$Lambda/0x00007fcd2924c470
10928:             1             16  org.opensearch.indices.IndicesService$$Lambda/0x00007fcd292f8800
10929:             1             16  org.opensearch.indices.IndicesService$ClusterDefaultRefreshIntervalValidator
10930:             1             16  org.opensearch.indices.IndicesService$ClusterMinimumRefreshIntervalValidator
10931:             1             16  org.opensearch.indices.RemoteStoreSettings$$Lambda/0x00007fcd28705d50
10932:             1             16  org.opensearch.indices.RemoteStoreSettings$$Lambda/0x00007fcd28705f98
10933:             1             16  org.opensearch.indices.RemoteStoreSettings$$Lambda/0x00007fcd287061d0
10934:             1             16  org.opensearch.indices.RemoteStoreSettings$$Lambda/0x00007fcd28706408
10935:             1             16  org.opensearch.indices.RemoteStoreSettings$$Lambda/0x00007fcd288bcea8
10936:             1             16  org.opensearch.indices.RemoteStoreSettings$$Lambda/0x00007fcd288bd0d8
10937:             1             16  org.opensearch.indices.RemoteStoreSettings$$Lambda/0x00007fcd288bd308
10938:             1             16  org.opensearch.indices.RemoteStoreSettings$$Lambda/0x00007fcd288bd7a8
10939:             1             16  org.opensearch.indices.RemoteStoreSettings$$Lambda/0x00007fcd288bd9d8
10940:             1             16  org.opensearch.indices.RemoteStoreSettings$$Lambda/0x00007fcd288bdc08
10941:             1             16  org.opensearch.indices.RemoteStoreSettings$$Lambda/0x00007fcd288bde38
10942:             1             16  org.opensearch.indices.RemoteStoreSettings$$Lambda/0x00007fcd288be068
10943:             1             16  org.opensearch.indices.ShardLimitValidator$$Lambda/0x00007fcd288cb1d8
10944:             1             16  org.opensearch.indices.ShardLimitValidator$$Lambda/0x00007fcd288cb408
10945:             1             16  org.opensearch.indices.ShardLimitValidator$$Lambda/0x00007fcd288cb638
10946:             1             16  org.opensearch.indices.ShardLimitValidator$MaxShardPerClusterLimitValidator
10947:             1             16  org.opensearch.indices.ShardLimitValidator$MaxShardPerNodeLimitValidator
10948:             1             16  org.opensearch.indices.SystemIndices$$Lambda/0x00007fcd288b52a0
10949:             1             16  org.opensearch.indices.SystemIndices$$Lambda/0x00007fcd288b54d8
10950:             1             16  org.opensearch.indices.SystemIndices$$Lambda/0x00007fcd288b6af8
10951:             1             16  org.opensearch.indices.SystemIndices$$Lambda/0x00007fcd288b6d30
10952:             1             16  org.opensearch.indices.SystemIndices$$Lambda/0x00007fcd288b6f68
10953:             1             16  org.opensearch.indices.analysis.AnalysisModule$$Lambda/0x00007fcd28655540
10954:             1             16  org.opensearch.indices.analysis.AnalysisModule$$Lambda/0x00007fcd28656e08
10955:             1             16  org.opensearch.indices.analysis.AnalysisModule$$Lambda/0x00007fcd2865c000
10956:             1             16  org.opensearch.indices.analysis.AnalysisModule$$Lambda/0x00007fcd2865c740
10957:             1             16  org.opensearch.indices.analysis.AnalysisModule$$Lambda/0x00007fcd2865c978
10958:             1             16  org.opensearch.indices.analysis.AnalysisModule$$Lambda/0x00007fcd2865cbb8
10959:             1             16  org.opensearch.indices.analysis.AnalysisModule$$Lambda/0x00007fcd2867da38
10960:             1             16  org.opensearch.indices.analysis.AnalysisModule$$Lambda/0x00007fcd2867dc70
10961:             1             16  org.opensearch.indices.analysis.AnalysisModule$$Lambda/0x00007fcd28688518
10962:             1             16  org.opensearch.indices.analysis.AnalysisModule$$Lambda/0x00007fcd28688750
10963:             1             16  org.opensearch.indices.analysis.AnalysisModule$$Lambda/0x00007fcd28688e90
10964:             1             16  org.opensearch.indices.analysis.AnalysisModule$$Lambda/0x00007fcd286895d8
10965:             1             16  org.opensearch.indices.analysis.AnalysisModule$$Lambda/0x00007fcd28689d18
10966:             1             16  org.opensearch.indices.analysis.AnalysisModule$$Lambda/0x00007fcd2868a1e0
10967:             1             16  org.opensearch.indices.analysis.AnalysisModule$$Lambda/0x00007fcd2868a418
10968:             1             16  org.opensearch.indices.analysis.AnalysisModule$$Lambda/0x00007fcd2869c508
10969:             1             16  org.opensearch.indices.analysis.AnalysisModule$$Lambda/0x00007fcd2869db00
10970:             1             16  org.opensearch.indices.analysis.AnalysisModule$$Lambda/0x00007fcd2869e1c8
10971:             1             16  org.opensearch.indices.analysis.AnalysisModule$$Lambda/0x00007fcd2869f608
10972:             1             16  org.opensearch.indices.analysis.AnalysisModule$1
10973:             1             16  org.opensearch.indices.breaker.BreakerSettings$$Lambda/0x00007fcd286c9680
10974:             1             16  org.opensearch.indices.breaker.BreakerSettings$$Lambda/0x00007fcd286c98b8
10975:             1             16  org.opensearch.indices.breaker.BreakerSettings$$Lambda/0x00007fcd286c9af0
10976:             1             16  org.opensearch.indices.breaker.BreakerSettings$$Lambda/0x00007fcd286c9f68
10977:             1             16  org.opensearch.indices.breaker.BreakerSettings$$Lambda/0x00007fcd286ca1a0
10978:             1             16  org.opensearch.indices.breaker.HierarchyCircuitBreakerService$$Lambda/0x00007fcd286d55d8
10979:             1             16  org.opensearch.indices.breaker.HierarchyCircuitBreakerService$$Lambda/0x00007fcd286d5810
10980:             1             16  org.opensearch.indices.breaker.HierarchyCircuitBreakerService$$Lambda/0x00007fcd286d5a48
10981:             1             16  org.opensearch.indices.breaker.HierarchyCircuitBreakerService$$Lambda/0x00007fcd286d5c80
10982:             1             16  org.opensearch.indices.breaker.HierarchyCircuitBreakerService$$Lambda/0x00007fcd28870438
10983:             1             16  org.opensearch.indices.breaker.HierarchyCircuitBreakerService$$Lambda/0x00007fcd28871538
10984:             1             16  org.opensearch.indices.breaker.HierarchyCircuitBreakerService$$Lambda/0x00007fcd28871768
10985:             1             16  org.opensearch.indices.breaker.HierarchyCircuitBreakerService$$Lambda/0x00007fcd28871998
10986:             1             16  org.opensearch.indices.breaker.HierarchyCircuitBreakerService$$Lambda/0x00007fcd28871bc8
10987:             1             16  org.opensearch.indices.breaker.HierarchyCircuitBreakerService$$Lambda/0x00007fcd28871df8
10988:             1             16  org.opensearch.indices.breaker.HierarchyCircuitBreakerService$$Lambda/0x00007fcd28872028
10989:             1             16  org.opensearch.indices.breaker.HierarchyCircuitBreakerService$$Lambda/0x00007fcd28872258
10990:             1             16  org.opensearch.indices.breaker.HierarchyCircuitBreakerService$$Lambda/0x00007fcd288731d8
10991:             1             16  org.opensearch.indices.breaker.HierarchyCircuitBreakerService$$Lambda/0x00007fcd288733f0
10992:             1             16  org.opensearch.indices.breaker.HierarchyCircuitBreakerService$$Lambda/0x00007fcd28873838
10993:             1             16  org.opensearch.indices.breaker.HierarchyCircuitBreakerService$$Lambda/0x00007fcd28873a58
10994:             1             16  org.opensearch.indices.cluster.IndicesClusterStateService$$Lambda/0x00007fcd28dccca8
10995:             1             16  org.opensearch.indices.cluster.IndicesClusterStateService$$Lambda/0x00007fcd28dccec0
10996:             1             16  org.opensearch.indices.cluster.IndicesClusterStateService$$Lambda/0x00007fcd2923ea88
10997:             1             16  org.opensearch.indices.cluster.IndicesClusterStateService$FailedShardHandler
10998:             1             16  org.opensearch.indices.recovery.MultiChunkTransfer$$Lambda/0x00007fcd29394890
10999:             1             16  org.opensearch.indices.recovery.PeerRecoverySourceService$$Lambda/0x00007fcd28d27a10
11000:             1             16  org.opensearch.indices.recovery.PeerRecoverySourceService$$Lambda/0x00007fcd28d282b8
11001:             1             16  org.opensearch.indices.recovery.PeerRecoverySourceService$OngoingRecoveries$$Lambda/0x00007fcd293854e8
11002:             1             16  org.opensearch.indices.recovery.PeerRecoverySourceService$ReestablishRecoveryTransportRequestHandler
11003:             1             16  org.opensearch.indices.recovery.PeerRecoverySourceService$StartRecoveryTransportRequestHandler
11004:             1             16  org.opensearch.indices.recovery.PeerRecoveryTargetService$$Lambda/0x00007fcd28d299e8
11005:             1             16  org.opensearch.indices.recovery.PeerRecoveryTargetService$$Lambda/0x00007fcd28d2a0d8
11006:             1             16  org.opensearch.indices.recovery.PeerRecoveryTargetService$$Lambda/0x00007fcd28d2a7f0
11007:             1             16  org.opensearch.indices.recovery.PeerRecoveryTargetService$$Lambda/0x00007fcd28d2aef8
11008:             1             16  org.opensearch.indices.recovery.PeerRecoveryTargetService$$Lambda/0x00007fcd28d2b628
11009:             1             16  org.opensearch.indices.recovery.PeerRecoveryTargetService$$Lambda/0x00007fcd28d2bf48
11010:             1             16  org.opensearch.indices.recovery.PeerRecoveryTargetService$$Lambda/0x00007fcd28d2c648
11011:             1             16  org.opensearch.indices.recovery.PeerRecoveryTargetService$CleanFilesRequestHandler
11012:             1             16  org.opensearch.indices.recovery.PeerRecoveryTargetService$FilesInfoRequestHandler
11013:             1             16  org.opensearch.indices.recovery.PeerRecoveryTargetService$FinalizeRecoveryRequestHandler
11014:             1             16  org.opensearch.indices.recovery.PeerRecoveryTargetService$HandoffPrimaryContextRequestHandler
11015:             1             16  org.opensearch.indices.recovery.PeerRecoveryTargetService$PrepareForTranslogOperationsRequestHandler
11016:             1             16  org.opensearch.indices.recovery.PeerRecoveryTargetService$TranslogOperationsRequestHandler
11017:             1             16  org.opensearch.indices.recovery.RecoveryResponse$$Lambda/0x00007fcd29370df8
11018:             1             16  org.opensearch.indices.recovery.RecoveryResponse$$Lambda/0x00007fcd29371ca0
11019:             1             16  org.opensearch.indices.recovery.RecoveryResponse$$Lambda/0x00007fcd29393470
11020:             1             16  org.opensearch.indices.recovery.RecoveryResponse$$Lambda/0x00007fcd293938a0
11021:             1             16  org.opensearch.indices.recovery.RecoverySettings$$Lambda/0x00007fcd286ce7b8
11022:             1             16  org.opensearch.indices.recovery.RecoverySettings$$Lambda/0x00007fcd286ce9f0
11023:             1             16  org.opensearch.indices.recovery.RecoverySettings$$Lambda/0x00007fcd286cec28
11024:             1             16  org.opensearch.indices.recovery.RecoverySettings$$Lambda/0x00007fcd286cee60
11025:             1             16  org.opensearch.indices.recovery.RecoverySettings$$Lambda/0x00007fcd288bb238
11026:             1             16  org.opensearch.indices.recovery.RecoverySettings$$Lambda/0x00007fcd288bb468
11027:             1             16  org.opensearch.indices.recovery.RecoverySettings$$Lambda/0x00007fcd288bb698
11028:             1             16  org.opensearch.indices.recovery.RecoverySettings$$Lambda/0x00007fcd288bb8c8
11029:             1             16  org.opensearch.indices.recovery.RecoverySettings$$Lambda/0x00007fcd288bbaf8
11030:             1             16  org.opensearch.indices.recovery.RecoverySettings$$Lambda/0x00007fcd288bbd28
11031:             1             16  org.opensearch.indices.recovery.RecoverySettings$$Lambda/0x00007fcd288bbf58
11032:             1             16  org.opensearch.indices.recovery.RecoverySettings$$Lambda/0x00007fcd288bc188
11033:             1             16  org.opensearch.indices.recovery.RecoverySettings$$Lambda/0x00007fcd288bc3b8
11034:             1             16  org.opensearch.indices.recovery.RecoverySettings$$Lambda/0x00007fcd288bc5e8
11035:             1             16  org.opensearch.indices.recovery.RecoverySettings$$Lambda/0x00007fcd288bc818
11036:             1             16  org.opensearch.indices.recovery.RecoverySettings$$Lambda/0x00007fcd288bca48
11037:             1             16  org.opensearch.indices.recovery.RecoverySettings$$Lambda/0x00007fcd288bcc78
11038:             1             16  org.opensearch.indices.recovery.RemoteRecoveryTargetHandler$$Lambda/0x00007fcd293893b0
11039:             1             16  org.opensearch.indices.recovery.RemoteRecoveryTargetHandler$$Lambda/0x00007fcd293895c8
11040:             1             16  org.opensearch.indices.recovery.RemoteRecoveryTargetHandler$$Lambda/0x00007fcd29395c28
11041:             1             16  org.opensearch.indices.recovery.RemoteRecoveryTargetHandler$$Lambda/0x00007fcd29396058
11042:             1             16  org.opensearch.indices.recovery.RemoteRecoveryTargetHandler$$Lambda/0x00007fcd29396d78
11043:             1             16  org.opensearch.indices.recovery.RemoteRecoveryTargetHandler$$Lambda/0x00007fcd293971a8
11044:             1             16  org.opensearch.indices.replication.OngoingSegmentReplications$$Lambda/0x00007fcd29429c50
11045:             1             16  org.opensearch.indices.replication.SegmentReplicationSourceService$$Lambda/0x00007fcd28d2fc20
11046:             1             16  org.opensearch.indices.replication.SegmentReplicationSourceService$$Lambda/0x00007fcd28d30748
11047:             1             16  org.opensearch.indices.replication.SegmentReplicationSourceService$$Lambda/0x00007fcd28d30b90
11048:             1             16  org.opensearch.indices.replication.SegmentReplicationSourceService$CheckpointInfoRequestHandler
11049:             1             16  org.opensearch.indices.replication.SegmentReplicationSourceService$GetSegmentFilesRequestHandler
11050:             1             16  org.opensearch.indices.replication.SegmentReplicationSourceService$UpdateVisibleCheckpointRequestHandler
11051:             1             16  org.opensearch.indices.replication.SegmentReplicationTargetService$$Lambda/0x00007fcd28d2ddb8
11052:             1             16  org.opensearch.indices.replication.SegmentReplicationTargetService$$Lambda/0x00007fcd28d2e4b0
11053:             1             16  org.opensearch.indices.replication.SegmentReplicationTargetService$ForceSyncTransportRequestHandler
11054:             1             16  org.opensearch.indices.replication.checkpoint.PublishCheckpointAction$$Lambda/0x00007fcd28dcc440
11055:             1             16  org.opensearch.indices.replication.checkpoint.PublishCheckpointAction$$Lambda/0x00007fcd28dcc658
11056:             1             16  org.opensearch.indices.replication.checkpoint.SegmentReplicationCheckpointPublisher$$Lambda/0x00007fcd28dcc870
11057:             1             16  org.opensearch.indices.replication.checkpoint.SegmentReplicationCheckpointPublisher$$Lambda/0x00007fcd28dcca88
11058:             1             16  org.opensearch.indices.replication.common.ReplicationTarget$$Lambda/0x00007fcd292c7ac8
11059:             1             16  org.opensearch.indices.store.IndicesStore$$Lambda/0x00007fcd28dbdf88
11060:             1             16  org.opensearch.indices.store.IndicesStore$ShardActiveRequestHandler
11061:             1             16  org.opensearch.indices.store.TransportNodesListShardStoreMetadata$$Lambda/0x00007fcd28da58e0
11062:             1             16  org.opensearch.indices.store.TransportNodesListShardStoreMetadata$$Lambda/0x00007fcd28da5af8
11063:             1             16  org.opensearch.indices.store.TransportNodesListShardStoreMetadata$$Lambda/0x00007fcd28da5d10
11064:             1             16  org.opensearch.indices.store.TransportNodesListShardStoreMetadataBatch$$Lambda/0x00007fcd28da7590
11065:             1             16  org.opensearch.indices.store.TransportNodesListShardStoreMetadataBatch$$Lambda/0x00007fcd28da77a8
11066:             1             16  org.opensearch.indices.store.TransportNodesListShardStoreMetadataBatch$$Lambda/0x00007fcd28da79c0
11067:             1             16  org.opensearch.ingest.DropProcessor$Factory
11068:             1             16  org.opensearch.ingest.IngestInfo
11069:             1             16  org.opensearch.ingest.IngestService$$Lambda/0x00007fcd288c9238
11070:             1             16  org.opensearch.ingest.IngestService$$Lambda/0x00007fcd288c9458
11071:             1             16  org.opensearch.ingest.PipelineProcessor$Factory
11072:             1             16  org.opensearch.ingest.common.AppendProcessor$Factory
11073:             1             16  org.opensearch.ingest.common.BytesProcessor$Factory
11074:             1             16  org.opensearch.ingest.common.CommunityIdProcessor$Factory
11075:             1             16  org.opensearch.ingest.common.ConvertProcessor$Factory
11076:             1             16  org.opensearch.ingest.common.CopyProcessor$Factory
11077:             1             16  org.opensearch.ingest.common.CsvProcessor$Factory
11078:             1             16  org.opensearch.ingest.common.DateIndexNameProcessor$Factory
11079:             1             16  org.opensearch.ingest.common.DateProcessor$Factory
11080:             1             16  org.opensearch.ingest.common.DissectProcessor$Factory
11081:             1             16  org.opensearch.ingest.common.DotExpanderProcessor$Factory
11082:             1             16  org.opensearch.ingest.common.FailProcessor$Factory
11083:             1             16  org.opensearch.ingest.common.ForEachProcessor$Factory
11084:             1             16  org.opensearch.ingest.common.GrokProcessorGetAction$$Lambda/0x00007fcd288ef370
11085:             1             16  org.opensearch.ingest.common.GrokProcessorGetAction$TransportAction$$Lambda/0x00007fcd288efa50
11086:             1             16  org.opensearch.ingest.common.GsubProcessor$Factory
11087:             1             16  org.opensearch.ingest.common.HtmlStripProcessor$Factory
11088:             1             16  org.opensearch.ingest.common.IngestCommonPlugin
11089:             1             16  org.opensearch.ingest.common.IngestCommonPlugin$$Lambda/0x00007fcd288ec8d0
11090:             1             16  org.opensearch.ingest.common.JoinProcessor$Factory
11091:             1             16  org.opensearch.ingest.common.JsonProcessor$Factory
11092:             1             16  org.opensearch.ingest.common.KeyValueProcessor$Factory
11093:             1             16  org.opensearch.ingest.common.LowercaseProcessor$Factory
11094:             1             16  org.opensearch.ingest.common.RemoveByPatternProcessor$Factory
11095:             1             16  org.opensearch.ingest.common.RemoveProcessor$Factory
11096:             1             16  org.opensearch.ingest.common.RenameProcessor$Factory
11097:             1             16  org.opensearch.ingest.common.ScriptProcessor$Factory
11098:             1             16  org.opensearch.ingest.common.SetProcessor$Factory
11099:             1             16  org.opensearch.ingest.common.SortProcessor$Factory
11100:             1             16  org.opensearch.ingest.common.SplitProcessor$Factory
11101:             1             16  org.opensearch.ingest.common.TrimProcessor$Factory
11102:             1             16  org.opensearch.ingest.common.URLDecodeProcessor$Factory
11103:             1             16  org.opensearch.ingest.common.UppercaseProcessor$Factory
11104:             1             16  org.opensearch.ingest.geoip.IngestGeoIpPlugin
11105:             1             16  org.opensearch.ingest.geoip.IngestGeoIpPlugin$GeoIpCache
11106:             1             16  org.opensearch.ingest.useragent.IngestUserAgentPlugin
11107:             1             16  org.opensearch.ingest.useragent.UserAgentCache
11108:             1             16  org.opensearch.ingest.useragent.UserAgentProcessor$Factory
11109:             1             16  org.opensearch.jobscheduler.JobSchedulerPlugin$$Lambda/0x00007fcd285276d8
11110:             1             16  org.opensearch.jobscheduler.scheduler.ScheduledJobInfo
11111:             1             16  org.opensearch.jobscheduler.sweeper.JobSweeper$$Lambda/0x00007fcd28972c00
11112:             1             16  org.opensearch.jobscheduler.sweeper.JobSweeper$$Lambda/0x00007fcd28973468
11113:             1             16  org.opensearch.jobscheduler.sweeper.JobSweeper$$Lambda/0x00007fcd28973698
11114:             1             16  org.opensearch.jobscheduler.sweeper.JobSweeper$$Lambda/0x00007fcd289738c8
11115:             1             16  org.opensearch.jobscheduler.sweeper.JobSweeper$$Lambda/0x00007fcd28973af8
11116:             1             16  org.opensearch.jobscheduler.sweeper.JobSweeper$$Lambda/0x00007fcd28973d28
11117:             1             16  org.opensearch.jobscheduler.sweeper.JobSweeper$$Lambda/0x00007fcd29004b40
11118:             1             16  org.opensearch.jobscheduler.sweeper.JobSweeper$$Lambda/0x00007fcd29004f80
11119:             1             16  org.opensearch.jobscheduler.sweeper.JobSweeper$$Lambda/0x00007fcd290051c8
11120:             1             16  org.opensearch.jobscheduler.sweeper.JobSweeper$$Lambda/0x00007fcd29005400
11121:             1             16  org.opensearch.jobscheduler.sweeper.JobSweeper$$Lambda/0x00007fcd29005888
11122:             1             16  org.opensearch.jobscheduler.sweeper.JobSweeper$$Lambda/0x00007fcd29005ac0
11123:             1             16  org.opensearch.join.ParentJoinPlugin
11124:             1             16  org.opensearch.join.ParentJoinPlugin$$Lambda/0x00007fcd2878d230
11125:             1             16  org.opensearch.join.ParentJoinPlugin$$Lambda/0x00007fcd2878d448
11126:             1             16  org.opensearch.join.ParentJoinPlugin$$Lambda/0x00007fcd2878da28
11127:             1             16  org.opensearch.join.ParentJoinPlugin$$Lambda/0x00007fcd2878dc40
11128:             1             16  org.opensearch.join.ParentJoinPlugin$$Lambda/0x00007fcd2878e388
11129:             1             16  org.opensearch.join.ParentJoinPlugin$$Lambda/0x00007fcd2878e5a0
11130:             1             16  org.opensearch.join.ParentJoinPlugin$$Lambda/0x00007fcd2878ee38
11131:             1             16  org.opensearch.join.ParentJoinPlugin$$Lambda/0x00007fcd2878f050
11132:             1             16  org.opensearch.join.ParentJoinPlugin$$Lambda/0x00007fcd2878f860
11133:             1             16  org.opensearch.join.ParentJoinPlugin$$Lambda/0x00007fcd2883d250
11134:             1             16  org.opensearch.join.ParentJoinPlugin$$Lambda/0x00007fcd2883d468
11135:             1             16  org.opensearch.join.ParentJoinPlugin$$Lambda/0x00007fcd2883dc78
11136:             1             16  org.opensearch.join.mapper.ParentJoinFieldMapper$TypeParser
11137:             1             16  org.opensearch.knn.index.KNNClusterUtil
11138:             1             16  org.opensearch.knn.index.KNNSettings$$Lambda/0x00007fcd2848b790
11139:             1             16  org.opensearch.knn.index.KNNSettings$$Lambda/0x00007fcd28617d20
11140:             1             16  org.opensearch.knn.index.KNNSettings$$Lambda/0x00007fcd28fe6ee8
11141:             1             16  org.opensearch.knn.index.KNNSettings$1$$Lambda/0x00007fcd2848bdc0
11142:             1             16  org.opensearch.knn.index.KNNSettings$SpaceTypeValidator
11143:             1             16  org.opensearch.knn.index.MethodComponent$Builder$$Lambda/0x00007fcd28467cf0
11144:             1             16  org.opensearch.knn.index.VectorDataType$$Lambda/0x00007fcd28491618
11145:             1             16  org.opensearch.knn.index.codec.KNN920Codec.KNN920PerFieldKnnVectorsFormat$$Lambda/0x00007fcd28240678
11146:             1             16  org.opensearch.knn.index.codec.KNN920Codec.KNN920PerFieldKnnVectorsFormat$$Lambda/0x00007fcd28240890
11147:             1             16  org.opensearch.knn.index.codec.KNN940Codec.KNN940PerFieldKnnVectorsFormat$$Lambda/0x00007fcd28241130
11148:             1             16  org.opensearch.knn.index.codec.KNN940Codec.KNN940PerFieldKnnVectorsFormat$$Lambda/0x00007fcd28241348
11149:             1             16  org.opensearch.knn.index.codec.KNN950Codec.KNN950PerFieldKnnVectorsFormat$$Lambda/0x00007fcd28241be8
11150:             1             16  org.opensearch.knn.index.codec.KNN950Codec.KNN950PerFieldKnnVectorsFormat$$Lambda/0x00007fcd28241e00
11151:             1             16  org.opensearch.knn.index.codec.KNN990Codec.KNN990PerFieldKnnVectorsFormat$$Lambda/0x00007fcd282426a0
11152:             1             16  org.opensearch.knn.index.codec.KNN990Codec.KNN990PerFieldKnnVectorsFormat$$Lambda/0x00007fcd282428b8
11153:             1             16  org.opensearch.knn.index.codec.KNNCodecVersion$$Lambda/0x00007fcd28240000
11154:             1             16  org.opensearch.knn.index.codec.KNNCodecVersion$$Lambda/0x00007fcd28240238
11155:             1             16  org.opensearch.knn.index.codec.KNNCodecVersion$$Lambda/0x00007fcd28240460
11156:             1             16  org.opensearch.knn.index.codec.KNNCodecVersion$$Lambda/0x00007fcd28240ab8
11157:             1             16  org.opensearch.knn.index.codec.KNNCodecVersion$$Lambda/0x00007fcd28240cf0
11158:             1             16  org.opensearch.knn.index.codec.KNNCodecVersion$$Lambda/0x00007fcd28240f18
11159:             1             16  org.opensearch.knn.index.codec.KNNCodecVersion$$Lambda/0x00007fcd28241570
11160:             1             16  org.opensearch.knn.index.codec.KNNCodecVersion$$Lambda/0x00007fcd282417a8
11161:             1             16  org.opensearch.knn.index.codec.KNNCodecVersion$$Lambda/0x00007fcd282419d0
11162:             1             16  org.opensearch.knn.index.codec.KNNCodecVersion$$Lambda/0x00007fcd28242028
11163:             1             16  org.opensearch.knn.index.codec.KNNCodecVersion$$Lambda/0x00007fcd28242260
11164:             1             16  org.opensearch.knn.index.codec.KNNCodecVersion$$Lambda/0x00007fcd28242488
11165:             1             16  org.opensearch.knn.index.codec.KNNCodecVersion$$Lambda/0x00007fcd28242ae0
11166:             1             16  org.opensearch.knn.index.codec.KNNCodecVersion$$Lambda/0x00007fcd28242d18
11167:             1             16  org.opensearch.knn.index.codec.KNNCodecVersion$$Lambda/0x00007fcd28242f40
11168:             1             16  org.opensearch.knn.index.mapper.KNNVectorFieldMapper$TypeParser
11169:             1             16  org.opensearch.knn.index.memory.NativeMemoryCacheManager$$Lambda/0x00007fcd28907a70
11170:             1             16  org.opensearch.knn.index.memory.NativeMemoryCacheManager$$Lambda/0x00007fcd28908000
11171:             1             16  org.opensearch.knn.index.memory.NativeMemoryLoadStrategy$IndexLoadStrategy$1
11172:             1             16  org.opensearch.knn.index.util.Faiss$$Lambda/0x00007fcd28490230
11173:             1             16  org.opensearch.knn.index.util.Faiss$$Lambda/0x00007fcd284906c0
11174:             1             16  org.opensearch.knn.index.util.Faiss$$Lambda/0x00007fcd284908f8
11175:             1             16  org.opensearch.knn.index.util.Faiss$$Lambda/0x00007fcd28491850
11176:             1             16  org.opensearch.knn.index.util.Faiss$$Lambda/0x00007fcd28491aa0
11177:             1             16  org.opensearch.knn.index.util.Faiss$$Lambda/0x00007fcd28491ce8
11178:             1             16  org.opensearch.knn.index.util.Faiss$$Lambda/0x00007fcd28491f10
11179:             1             16  org.opensearch.knn.index.util.Faiss$$Lambda/0x00007fcd28492368
11180:             1             16  org.opensearch.knn.index.util.Faiss$$Lambda/0x00007fcd28492590
11181:             1             16  org.opensearch.knn.index.util.Faiss$$Lambda/0x00007fcd284927d8
11182:             1             16  org.opensearch.knn.index.util.Faiss$$Lambda/0x00007fcd28492a00
11183:             1             16  org.opensearch.knn.index.util.Faiss$$Lambda/0x00007fcd28494400
11184:             1             16  org.opensearch.knn.index.util.Faiss$$Lambda/0x00007fcd28494800
11185:             1             16  org.opensearch.knn.index.util.Faiss$$Lambda/0x00007fcd28494a28
11186:             1             16  org.opensearch.knn.index.util.Faiss$$Lambda/0x00007fcd28494c70
11187:             1             16  org.opensearch.knn.index.util.Faiss$$Lambda/0x00007fcd28495000
11188:             1             16  org.opensearch.knn.index.util.Faiss$$Lambda/0x00007fcd28495228
11189:             1             16  org.opensearch.knn.index.util.Faiss$$Lambda/0x00007fcd28495440
11190:             1             16  org.opensearch.knn.index.util.Faiss$$Lambda/0x00007fcd28495688
11191:             1             16  org.opensearch.knn.index.util.Faiss$$Lambda/0x00007fcd284958d0
11192:             1             16  org.opensearch.knn.index.util.Faiss$$Lambda/0x00007fcd28497908
11193:             1             16  org.opensearch.knn.index.util.Faiss$$Lambda/0x00007fcd28497b50
11194:             1             16  org.opensearch.knn.index.util.Faiss$$Lambda/0x00007fcd28497d78
11195:             1             16  org.opensearch.knn.index.util.Faiss$$Lambda/0x00007fcd28498000
11196:             1             16  org.opensearch.knn.index.util.Lucene$$Lambda/0x00007fcd28498830
11197:             1             16  org.opensearch.knn.index.util.Lucene$$Lambda/0x00007fcd28498a78
11198:             1             16  org.opensearch.knn.index.util.Lucene$$Lambda/0x00007fcd28498cc0
11199:             1             16  org.opensearch.knn.index.util.Lucene$$Lambda/0x00007fcd28498ef8
11200:             1             16  org.opensearch.knn.index.util.Nmslib$$Lambda/0x00007fcd28489000
11201:             1             16  org.opensearch.knn.index.util.Nmslib$$Lambda/0x00007fcd28489248
11202:             1             16  org.opensearch.knn.indices.ModelDao$OpenSearchKNNModelDao$$Lambda/0x00007fcd28904218
11203:             1             16  org.opensearch.knn.indices.ModelDao$OpenSearchKNNModelDao$$Lambda/0x00007fcd28904448
11204:             1             16  org.opensearch.knn.plugin.KNNPlugin$$Lambda/0x00007fcd28499d38
11205:             1             16  org.opensearch.knn.plugin.KNNPlugin$$Lambda/0x00007fcd28615bc0
11206:             1             16  org.opensearch.knn.plugin.KNNPlugin$$Lambda/0x00007fcd286161c8
11207:             1             16  org.opensearch.knn.plugin.KNNPlugin$$Lambda/0x00007fcd286163e0
11208:             1             16  org.opensearch.knn.plugin.KNNPlugin$$Lambda/0x00007fcd28616980
11209:             1             16  org.opensearch.knn.plugin.KNNPlugin$$Lambda/0x00007fcd28616b98
11210:             1             16  org.opensearch.knn.plugin.KNNPlugin$$Lambda/0x00007fcd28616db0
11211:             1             16  org.opensearch.knn.plugin.rest.RestKNNStatsHandler$$Lambda/0x00007fcd28fe6840
11212:             1             16  org.opensearch.knn.plugin.rest.RestKNNStatsHandler$$Lambda/0x00007fcd28fe6a78
11213:             1             16  org.opensearch.knn.plugin.rest.RestKNNStatsHandler$$Lambda/0x00007fcd28fe6cb0
11214:             1             16  org.opensearch.knn.plugin.script.KNNScoringScriptEngine
11215:             1             16  org.opensearch.knn.plugin.stats.KNNStats
11216:             1             16  org.opensearch.knn.plugin.stats.KNNStats$$Lambda/0x00007fcd289134e0
11217:             1             16  org.opensearch.knn.plugin.stats.KNNStats$$Lambda/0x00007fcd28913718
11218:             1             16  org.opensearch.knn.plugin.stats.KNNStats$$Lambda/0x00007fcd28913950
11219:             1             16  org.opensearch.knn.plugin.stats.KNNStats$$Lambda/0x00007fcd28913b88
11220:             1             16  org.opensearch.knn.plugin.stats.KNNStats$$Lambda/0x00007fcd28913dc0
11221:             1             16  org.opensearch.knn.plugin.stats.KNNStats$$Lambda/0x00007fcd28913ff8
11222:             1             16  org.opensearch.knn.plugin.stats.KNNStats$$Lambda/0x00007fcd28914458
11223:             1             16  org.opensearch.knn.plugin.stats.KNNStats$$Lambda/0x00007fcd28914690
11224:             1             16  org.opensearch.knn.plugin.stats.KNNStats$$Lambda/0x00007fcd289148c8
11225:             1             16  org.opensearch.knn.plugin.stats.KNNStats$$Lambda/0x00007fcd28914b00
11226:             1             16  org.opensearch.knn.plugin.stats.KNNStats$$Lambda/0x00007fcd289155f8
11227:             1             16  org.opensearch.knn.plugin.stats.KNNStats$$Lambda/0x00007fcd28915a58
11228:             1             16  org.opensearch.knn.plugin.stats.KNNStats$$Lambda/0x00007fcd28915c90
11229:             1             16  org.opensearch.knn.plugin.stats.KNNStats$$Lambda/0x00007fcd28915ec8
11230:             1             16  org.opensearch.knn.plugin.stats.KNNStats$1
11231:             1             16  org.opensearch.knn.plugin.stats.suppliers.KNNCircuitBreakerSupplier
11232:             1             16  org.opensearch.knn.plugin.stats.suppliers.ModelIndexStatusSupplier
11233:             1             16  org.opensearch.knn.plugin.stats.suppliers.ModelIndexingDegradingSupplier
11234:             1             16  org.opensearch.knn.plugin.transport.ClearCacheAction$$Lambda/0x00007fcd28c06910
11235:             1             16  org.opensearch.knn.plugin.transport.ClearCacheTransportAction$$Lambda/0x00007fcd28d88f50
11236:             1             16  org.opensearch.knn.plugin.transport.DeleteModelAction$$Lambda/0x00007fcd28c04748
11237:             1             16  org.opensearch.knn.plugin.transport.DeleteModelTransportAction$$Lambda/0x00007fcd28d88d38
11238:             1             16  org.opensearch.knn.plugin.transport.GetModelAction$$Lambda/0x00007fcd28917de0
11239:             1             16  org.opensearch.knn.plugin.transport.GetModelTransportAction$$Lambda/0x00007fcd28d897b0
11240:             1             16  org.opensearch.knn.plugin.transport.KNNStatsAction$$Lambda/0x00007fcd289165f0
11241:             1             16  org.opensearch.knn.plugin.transport.KNNStatsTransportAction$$Lambda/0x00007fcd28d89e50
11242:             1             16  org.opensearch.knn.plugin.transport.KNNStatsTransportAction$$Lambda/0x00007fcd28d8a068
11243:             1             16  org.opensearch.knn.plugin.transport.KNNWarmupAction$$Lambda/0x00007fcd28916d40
11244:             1             16  org.opensearch.knn.plugin.transport.KNNWarmupTransportAction$$Lambda/0x00007fcd28d8a280
11245:             1             16  org.opensearch.knn.plugin.transport.RemoveModelFromCacheAction$$Lambda/0x00007fcd28c058f0
11246:             1             16  org.opensearch.knn.plugin.transport.RemoveModelFromCacheTransportAction$$Lambda/0x00007fcd28d8a498
11247:             1             16  org.opensearch.knn.plugin.transport.RemoveModelFromCacheTransportAction$$Lambda/0x00007fcd28d8a6b0
11248:             1             16  org.opensearch.knn.plugin.transport.SearchModelAction$$Lambda/0x00007fcd28c05d80
11249:             1             16  org.opensearch.knn.plugin.transport.SearchModelTransportAction$$Lambda/0x00007fcd28d89168
11250:             1             16  org.opensearch.knn.plugin.transport.TrainingJobRouteDecisionInfoAction$$Lambda/0x00007fcd28917950
11251:             1             16  org.opensearch.knn.plugin.transport.TrainingJobRouteDecisionInfoTransportAction$$Lambda/0x00007fcd28d89380
11252:             1             16  org.opensearch.knn.plugin.transport.TrainingJobRouteDecisionInfoTransportAction$$Lambda/0x00007fcd28d89598
11253:             1             16  org.opensearch.knn.plugin.transport.TrainingJobRouterAction$$Lambda/0x00007fcd28c04e08
11254:             1             16  org.opensearch.knn.plugin.transport.TrainingJobRouterTransportAction$$Lambda/0x00007fcd28d8aae0
11255:             1             16  org.opensearch.knn.plugin.transport.TrainingModelAction$$Lambda/0x00007fcd28c05250
11256:             1             16  org.opensearch.knn.plugin.transport.TrainingModelTransportAction$$Lambda/0x00007fcd28d8a8c8
11257:             1             16  org.opensearch.knn.plugin.transport.UpdateModelGraveyardAction$$Lambda/0x00007fcd28c061b0
11258:             1             16  org.opensearch.knn.plugin.transport.UpdateModelGraveyardTransportAction$$Lambda/0x00007fcd28d899c8
11259:             1             16  org.opensearch.knn.plugin.transport.UpdateModelGraveyardTransportAction$UpdateModelGraveyardExecutor
11260:             1             16  org.opensearch.knn.plugin.transport.UpdateModelMetadataAction$$Lambda/0x00007fcd289171f0
11261:             1             16  org.opensearch.knn.plugin.transport.UpdateModelMetadataTransportAction$$Lambda/0x00007fcd28d8acf8
11262:             1             16  org.opensearch.knn.plugin.transport.UpdateModelMetadataTransportAction$UpdateModelMetadataExecutor
11263:             1             16  org.opensearch.ml.action.agents.DeleteAgentTransportAction$$Lambda/0x00007fcd28ebedd8
11264:             1             16  org.opensearch.ml.action.agents.GetAgentTransportAction$$Lambda/0x00007fcd28ebf2b0
11265:             1             16  org.opensearch.ml.action.agents.TransportRegisterAgentAction$$Lambda/0x00007fcd28f14000
11266:             1             16  org.opensearch.ml.action.agents.TransportSearchAgentAction$$Lambda/0x00007fcd28f16ba0
11267:             1             16  org.opensearch.ml.action.config.GetConfigTransportAction$$Lambda/0x00007fcd28f90de0
11268:             1             16  org.opensearch.ml.action.connector.DeleteConnectorTransportAction$$Lambda/0x00007fcd28efb000
11269:             1             16  org.opensearch.ml.action.connector.ExecuteConnectorTransportAction$$Lambda/0x00007fcd28d725d8
11270:             1             16  org.opensearch.ml.action.connector.GetConnectorTransportAction$$Lambda/0x00007fcd28e97aa8
11271:             1             16  org.opensearch.ml.action.connector.SearchConnectorTransportAction$$Lambda/0x00007fcd28d73960
11272:             1             16  org.opensearch.ml.action.connector.TransportCreateConnectorAction$$Lambda/0x00007fcd28ebe6e0
11273:             1             16  org.opensearch.ml.action.connector.TransportCreateConnectorAction$$Lambda/0x00007fcd28ebe8f8
11274:             1             16  org.opensearch.ml.action.connector.UpdateConnectorTransportAction$$Lambda/0x00007fcd28f904d0
11275:             1             16  org.opensearch.ml.action.connector.UpdateConnectorTransportAction$$Lambda/0x00007fcd28f906e8
11276:             1             16  org.opensearch.ml.action.controller.CreateControllerTransportAction$$Lambda/0x00007fcd28e7ed58
11277:             1             16  org.opensearch.ml.action.controller.DeleteControllerTransportAction$$Lambda/0x00007fcd28d73318
11278:             1             16  org.opensearch.ml.action.controller.DeployControllerTransportAction$$Lambda/0x00007fcd28e7fcc0
11279:             1             16  org.opensearch.ml.action.controller.DeployControllerTransportAction$$Lambda/0x00007fcd28e96000
11280:             1             16  org.opensearch.ml.action.controller.GetControllerTransportAction$$Lambda/0x00007fcd28e7f448
11281:             1             16  org.opensearch.ml.action.controller.UndeployControllerTransportAction$$Lambda/0x00007fcd28d727f0
11282:             1             16  org.opensearch.ml.action.controller.UndeployControllerTransportAction$$Lambda/0x00007fcd28d72a08
11283:             1             16  org.opensearch.ml.action.controller.UpdateControllerTransportAction$$Lambda/0x00007fcd28f17068
11284:             1             16  org.opensearch.ml.action.deploy.TransportDeployModelAction$$Lambda/0x00007fcd28f150f0
11285:             1             16  org.opensearch.ml.action.deploy.TransportDeployModelAction$$Lambda/0x00007fcd28f15308
11286:             1             16  org.opensearch.ml.action.deploy.TransportDeployModelOnNodeAction$$Lambda/0x00007fcd28e96b10
11287:             1             16  org.opensearch.ml.action.deploy.TransportDeployModelOnNodeAction$$Lambda/0x00007fcd28e96d28
11288:             1             16  org.opensearch.ml.action.execute.TransportExecuteTaskAction$$Lambda/0x00007fcd28f90918
11289:             1             16  org.opensearch.ml.action.forward.TransportForwardAction$$Lambda/0x00007fcd28f14648
11290:             1             16  org.opensearch.ml.action.forward.TransportForwardAction$$Lambda/0x00007fcd28f14860
11291:             1             16  org.opensearch.ml.action.model_group.DeleteModelGroupTransportAction$$Lambda/0x00007fcd28e968f8
11292:             1             16  org.opensearch.ml.action.model_group.GetModelGroupTransportAction$$Lambda/0x00007fcd28efb910
11293:             1             16  org.opensearch.ml.action.model_group.SearchModelGroupTransportAction$$Lambda/0x00007fcd28d73b78
11294:             1             16  org.opensearch.ml.action.model_group.TransportRegisterModelGroupAction$$Lambda/0x00007fcd28f17530
11295:             1             16  org.opensearch.ml.action.model_group.TransportUpdateModelGroupAction$$Lambda/0x00007fcd28f0f2b0
11296:             1             16  org.opensearch.ml.action.models.DeleteModelTransportAction$$Lambda/0x00007fcd28f90000
11297:             1             16  org.opensearch.ml.action.models.GetModelTransportAction$$Lambda/0x00007fcd28d72110
11298:             1             16  org.opensearch.ml.action.models.SearchModelTransportAction$$Lambda/0x00007fcd28e7ef70
11299:             1             16  org.opensearch.ml.action.models.UpdateModelTransportAction$$Lambda/0x00007fcd28f0f778
11300:             1             16  org.opensearch.ml.action.models.UpdateModelTransportAction$$Lambda/0x00007fcd28f0f990
11301:             1             16  org.opensearch.ml.action.prediction.TransportPredictionTaskAction$$Lambda/0x00007fcd28f16758
11302:             1             16  org.opensearch.ml.action.prediction.TransportPredictionTaskAction$$Lambda/0x00007fcd28f16970
11303:             1             16  org.opensearch.ml.action.profile.MLProfileAction$$Lambda/0x00007fcd28c4e948
11304:             1             16  org.opensearch.ml.action.profile.MLProfileTransportAction$$Lambda/0x00007fcd28e96218
11305:             1             16  org.opensearch.ml.action.profile.MLProfileTransportAction$$Lambda/0x00007fcd28e96430
11306:             1             16  org.opensearch.ml.action.register.TransportRegisterModelAction$$Lambda/0x00007fcd28e96f40
11307:             1             16  org.opensearch.ml.action.register.TransportRegisterModelAction$$Lambda/0x00007fcd28e97158
11308:             1             16  org.opensearch.ml.action.register.TransportRegisterModelAction$$Lambda/0x00007fcd28e97388
11309:             1             16  org.opensearch.ml.action.register.TransportRegisterModelAction$$Lambda/0x00007fcd28e975b8
11310:             1             16  org.opensearch.ml.action.stats.MLStatsNodesAction$$Lambda/0x00007fcd28ae6d88
11311:             1             16  org.opensearch.ml.action.stats.MLStatsNodesTransportAction$$Lambda/0x00007fcd28f17b90
11312:             1             16  org.opensearch.ml.action.stats.MLStatsNodesTransportAction$$Lambda/0x00007fcd28f17da8
11313:             1             16  org.opensearch.ml.action.syncup.TransportSyncUpOnNodeAction$$Lambda/0x00007fcd28e7f660
11314:             1             16  org.opensearch.ml.action.syncup.TransportSyncUpOnNodeAction$$Lambda/0x00007fcd28e7f878
11315:             1             16  org.opensearch.ml.action.syncup.TransportSyncUpOnNodeAction$$Lambda/0x00007fcd28e7fa90
11316:             1             16  org.opensearch.ml.action.tasks.DeleteTaskTransportAction$$Lambda/0x00007fcd28ebe000
11317:             1             16  org.opensearch.ml.action.tasks.GetTaskTransportAction$$Lambda/0x00007fcd28f914c8
11318:             1             16  org.opensearch.ml.action.tasks.SearchTaskTransportAction$$Lambda/0x00007fcd28f14430
11319:             1             16  org.opensearch.ml.action.training.TransportTrainingTaskAction$$Lambda/0x00007fcd28d73d90
11320:             1             16  org.opensearch.ml.action.trainpredict.TransportTrainAndPredictionTaskAction$$Lambda/0x00007fcd28f14218
11321:             1             16  org.opensearch.ml.action.undeploy.TransportUndeployModelAction$$Lambda/0x00007fcd28d73530
11322:             1             16  org.opensearch.ml.action.undeploy.TransportUndeployModelAction$$Lambda/0x00007fcd28d73748
11323:             1             16  org.opensearch.ml.action.undeploy.TransportUndeployModelsAction$$Lambda/0x00007fcd28e7e890
11324:             1             16  org.opensearch.ml.action.update_cache.UpdateModelCacheTransportAction$$Lambda/0x00007fcd28ebfbc8
11325:             1             16  org.opensearch.ml.action.update_cache.UpdateModelCacheTransportAction$$Lambda/0x00007fcd28ebfde0
11326:             1             16  org.opensearch.ml.action.upload_chunk.TransportRegisterModelMetaAction$$Lambda/0x00007fcd28f157e8
11327:             1             16  org.opensearch.ml.action.upload_chunk.TransportUploadModelChunkAction$$Lambda/0x00007fcd28f16540
11328:             1             16  org.opensearch.ml.autoredeploy.MLModelAutoReDeployer$$Lambda/0x00007fcd28ae54e8
11329:             1             16  org.opensearch.ml.autoredeploy.MLModelAutoReDeployer$$Lambda/0x00007fcd28ae5718
11330:             1             16  org.opensearch.ml.autoredeploy.MLModelAutoReDeployer$$Lambda/0x00007fcd28ae5948
11331:             1             16  org.opensearch.ml.autoredeploy.MLModelAutoReDeployer$$Lambda/0x00007fcd28ae5b78
11332:             1             16  org.opensearch.ml.autoredeploy.MLModelAutoReDeployer$SearchRequestBuilderFactory
11333:             1             16  org.opensearch.ml.breaker.MemoryCircuitBreaker$$Lambda/0x00007fcd28ab8488
11334:             1             16  org.opensearch.ml.client.MachineLearningNodeClient
11335:             1             16  org.opensearch.ml.client.MachineLearningNodeClient
11336:             1             16  org.opensearch.ml.cluster.DiscoveryNodeHelper$$Lambda/0x00007fcd28ab44a8
11337:             1             16  org.opensearch.ml.cluster.DiscoveryNodeHelper$$Lambda/0x00007fcd28ab46d8
11338:             1             16  org.opensearch.ml.cluster.DiscoveryNodeHelper$$Lambda/0x00007fcd28ab6218
11339:             1             16  org.opensearch.ml.cluster.DiscoveryNodeHelper$$Lambda/0x00007fcd28ab6448
11340:             1             16  org.opensearch.ml.cluster.DiscoveryNodeHelper$HotDataNodePredicate
11341:             1             16  org.opensearch.ml.cluster.MLCommonsClusterEventListener$$Lambda/0x00007fcd2902d618
11342:             1             16  org.opensearch.ml.cluster.MLCommonsClusterEventListener$$Lambda/0x00007fcd2902d850
11343:             1             16  org.opensearch.ml.cluster.MLCommonsClusterManagerEventListener$$Lambda/0x00007fcd28ae6468
11344:             1             16  org.opensearch.ml.common.input.execute.anomalylocalization.AnomalyLocalizationInput$$Lambda/0x00007fcd288a6650
11345:             1             16  org.opensearch.ml.common.input.execute.metricscorrelation.MetricsCorrelationInput$$Lambda/0x00007fcd288a6138
11346:             1             16  org.opensearch.ml.common.input.execute.samplecalculator.LocalSampleCalculatorInput$$Lambda/0x00007fcd288a5c60
11347:             1             16  org.opensearch.ml.common.input.parameter.ad.AnomalyDetectionLibSVMParams$$Lambda/0x00007fcd288a47a8
11348:             1             16  org.opensearch.ml.common.input.parameter.clustering.KMeansParams$$Lambda/0x00007fcd2853b158
11349:             1             16  org.opensearch.ml.common.input.parameter.clustering.RCFSummarizeParams$$Lambda/0x00007fcd288a6dd8
11350:             1             16  org.opensearch.ml.common.input.parameter.rcf.BatchRCFParams$$Lambda/0x00007fcd288a5778
11351:             1             16  org.opensearch.ml.common.input.parameter.rcf.FitRCFParams$$Lambda/0x00007fcd288a5228
11352:             1             16  org.opensearch.ml.common.input.parameter.regression.LinearRegressionParams$$Lambda/0x00007fcd288a4000
11353:             1             16  org.opensearch.ml.common.input.parameter.regression.LogisticRegressionParams$$Lambda/0x00007fcd288a7a70
11354:             1             16  org.opensearch.ml.common.input.parameter.sample.SampleAlgoParams$$Lambda/0x00007fcd288a4ca8
11355:             1             16  org.opensearch.ml.common.input.parameter.textembedding.AsymmetricTextEmbeddingParameters$$Lambda/0x00007fcd288a8c88
11356:             1             16  org.opensearch.ml.common.model.TextEmbeddingModelConfig$$Lambda/0x00007fcd288a8780
11357:             1             16  org.opensearch.ml.common.transport.agent.MLAgentDeleteAction$$Lambda/0x00007fcd28c5e4a8
11358:             1             16  org.opensearch.ml.common.transport.agent.MLAgentGetAction$$Lambda/0x00007fcd28c5e078
11359:             1             16  org.opensearch.ml.common.transport.agent.MLRegisterAgentAction$$Lambda/0x00007fcd28c59b28
11360:             1             16  org.opensearch.ml.common.transport.agent.MLSearchAgentAction$$Lambda/0x00007fcd28c59f50
11361:             1             16  org.opensearch.ml.common.transport.config.MLConfigGetAction$$Lambda/0x00007fcd28c60940
11362:             1             16  org.opensearch.ml.common.transport.connector.MLConnectorDeleteAction$$Lambda/0x00007fcd28c56840
11363:             1             16  org.opensearch.ml.common.transport.connector.MLConnectorGetAction$$Lambda/0x00007fcd28c56418
11364:             1             16  org.opensearch.ml.common.transport.connector.MLConnectorSearchAction$$Lambda/0x00007fcd28c56c68
11365:             1             16  org.opensearch.ml.common.transport.connector.MLCreateConnectorAction$$Lambda/0x00007fcd28c55940
11366:             1             16  org.opensearch.ml.common.transport.connector.MLExecuteConnectorAction$$Lambda/0x00007fcd28c55d68
11367:             1             16  org.opensearch.ml.common.transport.connector.MLUpdateConnectorAction$$Lambda/0x00007fcd28c59470
11368:             1             16  org.opensearch.ml.common.transport.controller.MLControllerDeleteAction$$Lambda/0x00007fcd28c5d270
11369:             1             16  org.opensearch.ml.common.transport.controller.MLControllerGetAction$$Lambda/0x00007fcd28c5c2d0
11370:             1             16  org.opensearch.ml.common.transport.controller.MLCreateControllerAction$$Lambda/0x00007fcd28c5bc18
11371:             1             16  org.opensearch.ml.common.transport.controller.MLDeployControllerAction$$Lambda/0x00007fcd28c5c9b8
11372:             1             16  org.opensearch.ml.common.transport.controller.MLUndeployControllerAction$$Lambda/0x00007fcd28c5d958
11373:             1             16  org.opensearch.ml.common.transport.controller.MLUpdateControllerAction$$Lambda/0x00007fcd28c5ce48
11374:             1             16  org.opensearch.ml.common.transport.deploy.MLDeployModelAction$$Lambda/0x00007fcd28c4f990
11375:             1             16  org.opensearch.ml.common.transport.deploy.MLDeployModelOnNodeAction$$Lambda/0x00007fcd28c4fdd8
11376:             1             16  org.opensearch.ml.common.transport.execute.MLExecuteTaskAction$$Lambda/0x00007fcd28ae74b8
11377:             1             16  org.opensearch.ml.common.transport.forward.MLForwardAction$$Lambda/0x00007fcd28c52ef0
11378:             1             16  org.opensearch.ml.common.transport.model.MLModelDeleteAction$$Lambda/0x00007fcd28c4cf10
11379:             1             16  org.opensearch.ml.common.transport.model.MLModelGetAction$$Lambda/0x00007fcd28c4cae0
11380:             1             16  org.opensearch.ml.common.transport.model.MLModelSearchAction$$Lambda/0x00007fcd28c4d348
11381:             1             16  org.opensearch.ml.common.transport.model.MLUpdateModelAction$$Lambda/0x00007fcd28c520d8
11382:             1             16  org.opensearch.ml.common.transport.model_group.MLModelGroupDeleteAction$$Lambda/0x00007fcd28c55288
11383:             1             16  org.opensearch.ml.common.transport.model_group.MLModelGroupGetAction$$Lambda/0x00007fcd28c54a30
11384:             1             16  org.opensearch.ml.common.transport.model_group.MLModelGroupSearchAction$$Lambda/0x00007fcd28c54e58
11385:             1             16  org.opensearch.ml.common.transport.model_group.MLRegisterModelGroupAction$$Lambda/0x00007fcd28c53cc0
11386:             1             16  org.opensearch.ml.common.transport.model_group.MLUpdateModelGroupAction$$Lambda/0x00007fcd28c54378
11387:             1             16  org.opensearch.ml.common.transport.prediction.MLPredictionTaskAction$$Lambda/0x00007fcd28ae7b70
11388:             1             16  org.opensearch.ml.common.transport.register.MLRegisterModelAction$$Lambda/0x00007fcd28c4f080
11389:             1             16  org.opensearch.ml.common.transport.sync.MLSyncUpAction$$Lambda/0x00007fcd28c53590
11390:             1             16  org.opensearch.ml.common.transport.task.MLTaskDeleteAction$$Lambda/0x00007fcd28c4de30
11391:             1             16  org.opensearch.ml.common.transport.task.MLTaskGetAction$$Lambda/0x00007fcd28c4da08
11392:             1             16  org.opensearch.ml.common.transport.task.MLTaskSearchAction$$Lambda/0x00007fcd28c4e258
11393:             1             16  org.opensearch.ml.common.transport.tools.MLGetToolAction$$Lambda/0x00007fcd28c60290
11394:             1             16  org.opensearch.ml.common.transport.tools.MLListToolsAction$$Lambda/0x00007fcd28c5faa0
11395:             1             16  org.opensearch.ml.common.transport.training.MLTrainingTaskAction$$Lambda/0x00007fcd28c4c000
11396:             1             16  org.opensearch.ml.common.transport.trainpredict.MLTrainAndPredictionTaskAction$$Lambda/0x00007fcd28c4c428
11397:             1             16  org.opensearch.ml.common.transport.undeploy.MLUndeployModelAction$$Lambda/0x00007fcd28c507f8
11398:             1             16  org.opensearch.ml.common.transport.undeploy.MLUndeployModelsAction$$Lambda/0x00007fcd28c50f28
11399:             1             16  org.opensearch.ml.common.transport.update_cache.MLUpdateModelCacheAction$$Lambda/0x00007fcd28c527c8
11400:             1             16  org.opensearch.ml.common.transport.upload_chunk.MLRegisterModelMetaAction$$Lambda/0x00007fcd28c515f8
11401:             1             16  org.opensearch.ml.common.transport.upload_chunk.MLUploadModelChunkAction$$Lambda/0x00007fcd28c51cb0
11402:             1             16  org.opensearch.ml.engine.MLEngineClassLoader$$Lambda/0x00007fcd28ac6320
11403:             1             16  org.opensearch.ml.engine.ModelHelper
11404:             1             16  org.opensearch.ml.engine.indices.MLInputDatasetHandler
11405:             1             16  org.opensearch.ml.engine.tools.AgentTool$Factory
11406:             1             16  org.opensearch.ml.engine.tools.ConnectorTool$Factory
11407:             1             16  org.opensearch.ml.engine.tools.IndexMappingTool$Factory
11408:             1             16  org.opensearch.ml.engine.tools.MLModelTool$Factory
11409:             1             16  org.opensearch.ml.engine.tools.VisualizationsTool$Factory
11410:             1             16  org.opensearch.ml.helper.ConnectorAccessControlHelper
11411:             1             16  org.opensearch.ml.helper.ConnectorAccessControlHelper$$Lambda/0x00007fcd28abd5f0
11412:             1             16  org.opensearch.ml.helper.ModelAccessControlHelper
11413:             1             16  org.opensearch.ml.helper.ModelAccessControlHelper$$Lambda/0x00007fcd28abd178
11414:             1             16  org.opensearch.ml.memory.action.conversation.CreateConversationAction$$Lambda/0x00007fcd28c57328
11415:             1             16  org.opensearch.ml.memory.action.conversation.CreateConversationTransportAction$$Lambda/0x00007fcd28d72c20
11416:             1             16  org.opensearch.ml.memory.action.conversation.CreateConversationTransportAction$$Lambda/0x00007fcd28d72e38
11417:             1             16  org.opensearch.ml.memory.action.conversation.CreateInteractionAction$$Lambda/0x00007fcd28c58290
11418:             1             16  org.opensearch.ml.memory.action.conversation.CreateInteractionTransportAction$$Lambda/0x00007fcd28d71cc8
11419:             1             16  org.opensearch.ml.memory.action.conversation.CreateInteractionTransportAction$$Lambda/0x00007fcd28d71ee0
11420:             1             16  org.opensearch.ml.memory.action.conversation.DeleteConversationAction$$Lambda/0x00007fcd28c59038
11421:             1             16  org.opensearch.ml.memory.action.conversation.DeleteConversationTransportAction$$Lambda/0x00007fcd28e7e000
11422:             1             16  org.opensearch.ml.memory.action.conversation.DeleteConversationTransportAction$$Lambda/0x00007fcd28e7e218
11423:             1             16  org.opensearch.ml.memory.action.conversation.GetConversationAction$$Lambda/0x00007fcd28c5ae80
11424:             1             16  org.opensearch.ml.memory.action.conversation.GetConversationTransportAction$$Lambda/0x00007fcd28f15e48
11425:             1             16  org.opensearch.ml.memory.action.conversation.GetConversationTransportAction$$Lambda/0x00007fcd28f16060
11426:             1             16  org.opensearch.ml.memory.action.conversation.GetConversationsAction$$Lambda/0x00007fcd28c57a08
11427:             1             16  org.opensearch.ml.memory.action.conversation.GetConversationsTransportAction$$Lambda/0x00007fcd28f17748
11428:             1             16  org.opensearch.ml.memory.action.conversation.GetConversationsTransportAction$$Lambda/0x00007fcd28f17960
11429:             1             16  org.opensearch.ml.memory.action.conversation.GetInteractionAction$$Lambda/0x00007fcd28c5b548
11430:             1             16  org.opensearch.ml.memory.action.conversation.GetInteractionTransportAction$$Lambda/0x00007fcd28efb218
11431:             1             16  org.opensearch.ml.memory.action.conversation.GetInteractionTransportAction$$Lambda/0x00007fcd28efb430
11432:             1             16  org.opensearch.ml.memory.action.conversation.GetInteractionsAction$$Lambda/0x00007fcd28c58970
11433:             1             16  org.opensearch.ml.memory.action.conversation.GetInteractionsTransportAction$$Lambda/0x00007fcd28e7e448
11434:             1             16  org.opensearch.ml.memory.action.conversation.GetInteractionsTransportAction$$Lambda/0x00007fcd28e7e660
11435:             1             16  org.opensearch.ml.memory.action.conversation.GetTracesAction$$Lambda/0x00007fcd28c5f3e0
11436:             1             16  org.opensearch.ml.memory.action.conversation.GetTracesTransportAction$$Lambda/0x00007fcd28f14a90
11437:             1             16  org.opensearch.ml.memory.action.conversation.SearchConversationsAction$$Lambda/0x00007fcd28c5a7b8
11438:             1             16  org.opensearch.ml.memory.action.conversation.SearchConversationsTransportAction$$Lambda/0x00007fcd28efbb28
11439:             1             16  org.opensearch.ml.memory.action.conversation.SearchConversationsTransportAction$$Lambda/0x00007fcd28efbd40
11440:             1             16  org.opensearch.ml.memory.action.conversation.SearchInteractionsAction$$Lambda/0x00007fcd28c5a380
11441:             1             16  org.opensearch.ml.memory.action.conversation.SearchInteractionsTransportAction$$Lambda/0x00007fcd28f15a00
11442:             1             16  org.opensearch.ml.memory.action.conversation.SearchInteractionsTransportAction$$Lambda/0x00007fcd28f15c18
11443:             1             16  org.opensearch.ml.memory.action.conversation.UpdateConversationAction$$Lambda/0x00007fcd28c5e8d8
11444:             1             16  org.opensearch.ml.memory.action.conversation.UpdateConversationTransportAction$$Lambda/0x00007fcd28ebf780
11445:             1             16  org.opensearch.ml.memory.action.conversation.UpdateConversationTransportAction$$Lambda/0x00007fcd28ebf998
11446:             1             16  org.opensearch.ml.memory.action.conversation.UpdateInteractionAction$$Lambda/0x00007fcd28c5ed08
11447:             1             16  org.opensearch.ml.memory.action.conversation.UpdateInteractionTransportAction$$Lambda/0x00007fcd28f14ca8
11448:             1             16  org.opensearch.ml.memory.action.conversation.UpdateInteractionTransportAction$$Lambda/0x00007fcd28f14ec0
11449:             1             16  org.opensearch.ml.model.MLModelCacheHelper$$Lambda/0x00007fcd28ab6ca0
11450:             1             16  org.opensearch.ml.model.MLModelManager$$Lambda/0x00007fcd28abf068
11451:             1             16  org.opensearch.ml.model.MLModelManager$$Lambda/0x00007fcd28abf298
11452:             1             16  org.opensearch.ml.model.MLModelManager$$Lambda/0x00007fcd28abf4c8
11453:             1             16  org.opensearch.ml.plugin.MachineLearningPlugin$$Lambda/0x00007fcd2853a3f0
11454:             1             16  org.opensearch.ml.plugin.MachineLearningPlugin$$Lambda/0x00007fcd2853a608
11455:             1             16  org.opensearch.ml.plugin.MachineLearningPlugin$$Lambda/0x00007fcd28ae6698
11456:             1             16  org.opensearch.ml.plugin.MachineLearningPlugin$$Lambda/0x00007fcd28c60f88
11457:             1             16  org.opensearch.ml.plugin.MachineLearningPlugin$$Lambda/0x00007fcd28c613c8
11458:             1             16  org.opensearch.ml.repackage.com.google.common.collect.RegularImmutableList
11459:             1             16  org.opensearch.ml.repackage.com.google.common.collect.SingletonImmutableList
11460:             1             16  org.opensearch.ml.repackage.com.google.common.collect.SingletonImmutableSet
11461:             1             16  org.opensearch.ml.rest.RestMLRegisterModelMetaAction$$Lambda/0x00007fcd29025300
11462:             1             16  org.opensearch.ml.rest.RestMLStatsAction$$Lambda/0x00007fcd28f919b0
11463:             1             16  org.opensearch.ml.rest.RestMLUndeployModelAction$$Lambda/0x00007fcd29024e08
11464:             1             16  org.opensearch.ml.rest.RestMLUploadModelChunkAction$$Lambda/0x00007fcd290257f8
11465:             1             16  org.opensearch.ml.settings.MLFeatureEnabledSetting$$Lambda/0x00007fcd28abda48
11466:             1             16  org.opensearch.ml.settings.MLFeatureEnabledSetting$$Lambda/0x00007fcd28abdc78
11467:             1             16  org.opensearch.ml.settings.MLFeatureEnabledSetting$$Lambda/0x00007fcd28abdea8
11468:             1             16  org.opensearch.ml.settings.MLFeatureEnabledSetting$$Lambda/0x00007fcd28abe0d8
11469:             1             16  org.opensearch.ml.task.MLExecuteTaskRunner$$Lambda/0x00007fcd28ac1a98
11470:             1             16  org.opensearch.ml.task.MLPredictTaskRunner$$Lambda/0x00007fcd28ac13b8
11471:             1             16  org.opensearch.ml.task.MLTaskDispatcher$$Lambda/0x00007fcd28ac0000
11472:             1             16  org.opensearch.ml.task.MLTaskDispatcher$$Lambda/0x00007fcd28ac0230
11473:             1             16  org.opensearch.ml.tools.GetToolTransportAction$$Lambda/0x00007fcd28f912b0
11474:             1             16  org.opensearch.ml.tools.ListToolsTransportAction$$Lambda/0x00007fcd28ebe4c8
11475:             1             16  org.opensearch.monitor.fs.FsHealthService$$Lambda/0x00007fcd28714000
11476:             1             16  org.opensearch.monitor.fs.FsHealthService$$Lambda/0x00007fcd28714220
11477:             1             16  org.opensearch.monitor.fs.FsHealthService$$Lambda/0x00007fcd28714450
11478:             1             16  org.opensearch.monitor.fs.FsHealthService$$Lambda/0x00007fcd28714680
11479:             1             16  org.opensearch.monitor.fs.FsService
11480:             1             16  org.opensearch.monitor.fs.FsService$$Lambda/0x00007fcd288846f8
11481:             1             16  org.opensearch.monitor.jvm.HotThreads$$Lambda/0x00007fcd29338000
11482:             1             16  org.opensearch.monitor.os.OsProbe$$Lambda/0x00007fcd28874618
11483:             1             16  org.opensearch.monitor.process.ProcessProbe
11484:             1             16  org.opensearch.neuralsearch.ml.MLCommonsClientAccessor
11485:             1             16  org.opensearch.neuralsearch.plugin.NeuralSearch$$Lambda/0x00007fcd2856c840
11486:             1             16  org.opensearch.neuralsearch.plugin.NeuralSearch$$Lambda/0x00007fcd2856ca58
11487:             1             16  org.opensearch.neuralsearch.plugin.NeuralSearch$$Lambda/0x00007fcd28790268
11488:             1             16  org.opensearch.neuralsearch.plugin.NeuralSearch$$Lambda/0x00007fcd28790480
11489:             1             16  org.opensearch.neuralsearch.plugin.NeuralSearch$$Lambda/0x00007fcd28790ad0
11490:             1             16  org.opensearch.neuralsearch.plugin.NeuralSearch$$Lambda/0x00007fcd28790ce8
11491:             1             16  org.opensearch.neuralsearch.plugin.NeuralSearch$$Lambda/0x00007fcd287911a0
11492:             1             16  org.opensearch.neuralsearch.plugin.NeuralSearch$$Lambda/0x00007fcd287913b8
11493:             1             16  org.opensearch.neuralsearch.processor.NeuralQueryEnricherProcessor$Factory
11494:             1             16  org.opensearch.neuralsearch.processor.NeuralSparseTwoPhaseProcessor$Factory
11495:             1             16  org.opensearch.neuralsearch.processor.combination.ScoreCombinationFactory
11496:             1             16  org.opensearch.neuralsearch.processor.combination.ScoreCombinationFactory$$Lambda/0x00007fcd28249640
11497:             1             16  org.opensearch.neuralsearch.processor.combination.ScoreCombinationFactory$$Lambda/0x00007fcd28249878
11498:             1             16  org.opensearch.neuralsearch.processor.combination.ScoreCombinationFactory$$Lambda/0x00007fcd28249ab0
11499:             1             16  org.opensearch.neuralsearch.processor.combination.ScoreCombinationUtil
11500:             1             16  org.opensearch.neuralsearch.processor.combination.ScoreCombiner
11501:             1             16  org.opensearch.neuralsearch.processor.normalization.L2ScoreNormalizationTechnique
11502:             1             16  org.opensearch.neuralsearch.processor.normalization.ScoreNormalizationFactory
11503:             1             16  org.opensearch.neuralsearch.processor.normalization.ScoreNormalizer
11504:             1             16  org.opensearch.neuralsearch.search.query.HybridAggregationProcessor
11505:             1             16  org.opensearch.neuralsearch.util.HybridQueryUtil$$Lambda/0x00007fcd28d06898
11506:             1             16  org.opensearch.neuralsearch.util.NeuralSearchClusterUtil
11507:             1             16  org.opensearch.node.Node$$Lambda/0x00007fcd280cb100
11508:             1             16  org.opensearch.node.Node$$Lambda/0x00007fcd280cb568
11509:             1             16  org.opensearch.node.Node$$Lambda/0x00007fcd280cb7a8
11510:             1             16  org.opensearch.node.Node$$Lambda/0x00007fcd284a29d8
11511:             1             16  org.opensearch.node.Node$$Lambda/0x00007fcd284a2c10
11512:             1             16  org.opensearch.node.Node$$Lambda/0x00007fcd2851c640
11513:             1             16  org.opensearch.node.Node$$Lambda/0x00007fcd2851c878
11514:             1             16  org.opensearch.node.Node$$Lambda/0x00007fcd285457b0
11515:             1             16  org.opensearch.node.Node$$Lambda/0x00007fcd286c7278
11516:             1             16  org.opensearch.node.Node$$Lambda/0x00007fcd286c74b0
11517:             1             16  org.opensearch.node.Node$$Lambda/0x00007fcd287148b0
11518:             1             16  org.opensearch.node.Node$$Lambda/0x00007fcd28714ad0
11519:             1             16  org.opensearch.node.Node$$Lambda/0x00007fcd28882648
11520:             1             16  org.opensearch.node.Node$$Lambda/0x00007fcd2888dc18
11521:             1             16  org.opensearch.node.Node$$Lambda/0x00007fcd288b0b40
11522:             1             16  org.opensearch.node.Node$$Lambda/0x00007fcd288b0f90
11523:             1             16  org.opensearch.node.Node$$Lambda/0x00007fcd288b1408
11524:             1             16  org.opensearch.node.Node$$Lambda/0x00007fcd288b1a40
11525:             1             16  org.opensearch.node.Node$$Lambda/0x00007fcd288b1c78
11526:             1             16  org.opensearch.node.Node$$Lambda/0x00007fcd288b1eb0
11527:             1             16  org.opensearch.node.Node$$Lambda/0x00007fcd288b20e8
11528:             1             16  org.opensearch.node.Node$$Lambda/0x00007fcd288b2550
11529:             1             16  org.opensearch.node.Node$$Lambda/0x00007fcd288b2788
11530:             1             16  org.opensearch.node.Node$$Lambda/0x00007fcd288b29c0
11531:             1             16  org.opensearch.node.Node$$Lambda/0x00007fcd288b2bf8
11532:             1             16  org.opensearch.node.Node$$Lambda/0x00007fcd288b2e30
11533:             1             16  org.opensearch.node.Node$$Lambda/0x00007fcd288bb008
11534:             1             16  org.opensearch.node.Node$$Lambda/0x00007fcd288beb90
11535:             1             16  org.opensearch.node.Node$$Lambda/0x00007fcd288c1548
11536:             1             16  org.opensearch.node.Node$$Lambda/0x00007fcd288f9708
11537:             1             16  org.opensearch.node.Node$$Lambda/0x00007fcd28ba30f8
11538:             1             16  org.opensearch.node.Node$$Lambda/0x00007fcd28ba3340
11539:             1             16  org.opensearch.node.Node$$Lambda/0x00007fcd28ba3578
11540:             1             16  org.opensearch.node.Node$$Lambda/0x00007fcd28c9ea20
11541:             1             16  org.opensearch.node.Node$$Lambda/0x00007fcd28c9ee60
11542:             1             16  org.opensearch.node.Node$$Lambda/0x00007fcd28ca1e08
11543:             1             16  org.opensearch.node.Node$$Lambda/0x00007fcd28cb4cd0
11544:             1             16  org.opensearch.node.Node$$Lambda/0x00007fcd28cf3bc0
11545:             1             16  org.opensearch.node.Node$$Lambda/0x00007fcd28cf3de0
11546:             1             16  org.opensearch.node.Node$$Lambda/0x00007fcd28cf4440
11547:             1             16  org.opensearch.node.Node$$Lambda/0x00007fcd28cf4660
11548:             1             16  org.opensearch.node.Node$$Lambda/0x00007fcd28cf4880
11549:             1             16  org.opensearch.node.Node$$Lambda/0x00007fcd28d0af28
11550:             1             16  org.opensearch.node.Node$$Lambda/0x00007fcd28d24f58
11551:             1             16  org.opensearch.node.Node$$Lambda/0x00007fcd28f7e7d0
11552:             1             16  org.opensearch.node.Node$$Lambda/0x00007fcd28f7ea18
11553:             1             16  org.opensearch.node.Node$$Lambda/0x00007fcd28f7ee90
11554:             1             16  org.opensearch.node.Node$$Lambda/0x00007fcd28f7f0b0
11555:             1             16  org.opensearch.node.Node$$Lambda/0x00007fcd28fdf268
11556:             1             16  org.opensearch.node.Node$$Lambda/0x00007fcd290451d8
11557:             1             16  org.opensearch.node.Node$$Lambda/0x00007fcd290e9bf0
11558:             1             16  org.opensearch.node.Node$$Lambda/0x00007fcd290f5260
11559:             1             16  org.opensearch.node.NodeRoleSettings$$Lambda/0x00007fcd284b0000
11560:             1             16  org.opensearch.node.NodeRoleSettings$$Lambda/0x00007fcd284b0238
11561:             1             16  org.opensearch.node.NodeRoleSettings$$Lambda/0x00007fcd284b0470
11562:             1             16  org.opensearch.node.NodeRoleSettings$$Lambda/0x00007fcd284b0908
11563:             1             16  org.opensearch.node.ResourceUsageCollectorService$$Lambda/0x00007fcd29044440
11564:             1             16  org.opensearch.node.ResponseCollectorService
11565:             1             16  org.opensearch.node.remotestore.RemoteStoreNodeService$$Lambda/0x00007fcd28544968
11566:             1             16  org.opensearch.node.remotestore.RemoteStoreNodeService$$Lambda/0x00007fcd28544fd0
11567:             1             16  org.opensearch.node.remotestore.RemoteStoreNodeService$$Lambda/0x00007fcd28545208
11568:             1             16  org.opensearch.node.resource.tracker.AverageIoUsageTracker$$Lambda/0x00007fcd29044220
11569:             1             16  org.opensearch.node.resource.tracker.NodeResourceUsageTracker$$Lambda/0x00007fcd28c9b958
11570:             1             16  org.opensearch.node.resource.tracker.NodeResourceUsageTracker$$Lambda/0x00007fcd28c9be98
11571:             1             16  org.opensearch.node.resource.tracker.NodeResourceUsageTracker$$Lambda/0x00007fcd28c9c3f0
11572:             1             16  org.opensearch.notifications.CoreProvider
11573:             1             16  org.opensearch.notifications.NotificationPlugin
11574:             1             16  org.opensearch.notifications.NotificationPlugin$Companion
11575:             1             16  org.opensearch.notifications.action.CreateNotificationConfigAction$$Lambda/0x00007fcd28e50860
11576:             1             16  org.opensearch.notifications.action.DeleteNotificationConfigAction$$Lambda/0x00007fcd28e50ea8
11577:             1             16  org.opensearch.notifications.action.GetChannelListAction$$Lambda/0x00007fcd28e50000
11578:             1             16  org.opensearch.notifications.action.GetNotificationConfigAction$$Lambda/0x00007fcd28e50648
11579:             1             16  org.opensearch.notifications.action.GetPluginFeaturesAction$$Lambda/0x00007fcd28e50218
11580:             1             16  org.opensearch.notifications.action.PluginBaseAction$Companion
11581:             1             16  org.opensearch.notifications.action.PublishNotificationAction$$Lambda/0x00007fcd28e50c90
11582:             1             16  org.opensearch.notifications.action.SendNotificationAction$$Lambda/0x00007fcd28e50a78
11583:             1             16  org.opensearch.notifications.action.SendTestNotificationAction$$Lambda/0x00007fcd28b01db0
11584:             1             16  org.opensearch.notifications.action.SendTestNotificationAction$$Lambda/0x00007fcd28e50430
11585:             1             16  org.opensearch.notifications.action.SendTestNotificationAction$Companion
11586:             1             16  org.opensearch.notifications.action.UpdateNotificationConfigAction$$Lambda/0x00007fcd28e510c0
11587:             1             16  org.opensearch.notifications.core.NotificationCoreImpl
11588:             1             16  org.opensearch.notifications.core.NotificationCorePlugin
11589:             1             16  org.opensearch.notifications.core.NotificationCorePlugin$Companion
11590:             1             16  org.opensearch.notifications.core.setting.PluginSettings
11591:             1             16  org.opensearch.notifications.core.setting.PluginSettings$$Lambda/0x00007fcd2858d148
11592:             1             16  org.opensearch.notifications.core.setting.PluginSettings$$Lambda/0x00007fcd2858d380
11593:             1             16  org.opensearch.notifications.core.setting.PluginSettings$$Lambda/0x00007fcd2858d5b8
11594:             1             16  org.opensearch.notifications.core.setting.PluginSettings$$Lambda/0x00007fcd2858da80
11595:             1             16  org.opensearch.notifications.core.setting.PluginSettings$$Lambda/0x00007fcd2858dcb8
11596:             1             16  org.opensearch.notifications.core.setting.PluginSettings$$Lambda/0x00007fcd2858def0
11597:             1             16  org.opensearch.notifications.core.setting.PluginSettings$$Lambda/0x00007fcd2858e128
11598:             1             16  org.opensearch.notifications.core.setting.PluginSettings$$Lambda/0x00007fcd2858e360
11599:             1             16  org.opensearch.notifications.core.setting.PluginSettings$$Lambda/0x00007fcd2858e7f0
11600:             1             16  org.opensearch.notifications.core.setting.PluginSettings$$Lambda/0x00007fcd2858ea18
11601:             1             16  org.opensearch.notifications.core.setting.PluginSettings$$Lambda/0x00007fcd2858ec40
11602:             1             16  org.opensearch.notifications.core.setting.PluginSettings$$Lambda/0x00007fcd2858ee68
11603:             1             16  org.opensearch.notifications.core.setting.PluginSettings$$Lambda/0x00007fcd2858f090
11604:             1             16  org.opensearch.notifications.core.setting.PluginSettings$$Lambda/0x00007fcd2858f2b8
11605:             1             16  org.opensearch.notifications.core.setting.PluginSettings$$Lambda/0x00007fcd2858f4e0
11606:             1             16  org.opensearch.notifications.core.setting.PluginSettings$$Lambda/0x00007fcd2858f708
11607:             1             16  org.opensearch.notifications.core.setting.PluginSettings$$Lambda/0x00007fcd2858f930
11608:             1             16  org.opensearch.notifications.core.setting.PluginSettings$$Lambda/0x00007fcd2858fb58
11609:             1             16  org.opensearch.notifications.index.ConfigIndexingActions
11610:             1             16  org.opensearch.notifications.index.NotificationConfigIndex
11611:             1             16  org.opensearch.notifications.index.NotificationConfigIndex$searchHitParser$1
11612:             1             16  org.opensearch.notifications.resthandler.NotificationChannelListRestHandler$Companion
11613:             1             16  org.opensearch.notifications.resthandler.NotificationConfigRestHandler$Companion
11614:             1             16  org.opensearch.notifications.resthandler.NotificationFeaturesRestHandler$Companion
11615:             1             16  org.opensearch.notifications.resthandler.SendTestMessageRestHandler$Companion
11616:             1             16  org.opensearch.notifications.security.UserAccessManager
11617:             1             16  org.opensearch.notifications.send.SendMessageActionHelper
11618:             1             16  org.opensearch.notifications.settings.PluginSettings
11619:             1             16  org.opensearch.notifications.settings.PluginSettings$$Lambda/0x00007fcd28457dc8
11620:             1             16  org.opensearch.notifications.settings.PluginSettings$$Lambda/0x00007fcd28b00000
11621:             1             16  org.opensearch.notifications.util.SecureIndexClient
11622:             1             16  org.opensearch.observability.ObservabilityPlugin
11623:             1             16  org.opensearch.observability.ObservabilityPlugin$Companion
11624:             1             16  org.opensearch.observability.action.CreateObservabilityObjectAction$$Lambda/0x00007fcd28c84ec8
11625:             1             16  org.opensearch.observability.action.CreateObservabilityObjectAction$$Lambda/0x00007fcd28d942f0
11626:             1             16  org.opensearch.observability.action.CreateObservabilityObjectAction$Companion
11627:             1             16  org.opensearch.observability.action.DeleteObservabilityObjectAction$$Lambda/0x00007fcd28c85788
11628:             1             16  org.opensearch.observability.action.DeleteObservabilityObjectAction$$Lambda/0x00007fcd28d94508
11629:             1             16  org.opensearch.observability.action.DeleteObservabilityObjectAction$Companion
11630:             1             16  org.opensearch.observability.action.GetObservabilityObjectAction$$Lambda/0x00007fcd28c86050
11631:             1             16  org.opensearch.observability.action.GetObservabilityObjectAction$$Lambda/0x00007fcd28d94720
11632:             1             16  org.opensearch.observability.action.GetObservabilityObjectAction$Companion
11633:             1             16  org.opensearch.observability.action.PluginBaseAction$Companion
11634:             1             16  org.opensearch.observability.action.UpdateObservabilityObjectAction$$Lambda/0x00007fcd28c86910
11635:             1             16  org.opensearch.observability.action.UpdateObservabilityObjectAction$$Lambda/0x00007fcd28d94938
11636:             1             16  org.opensearch.observability.action.UpdateObservabilityObjectAction$Companion
11637:             1             16  org.opensearch.observability.index.ObservabilityIndex
11638:             1             16  org.opensearch.observability.index.ObservabilityIndex$searchHitParser$1
11639:             1             16  org.opensearch.observability.resthandler.ObservabilityRestHandler$Companion
11640:             1             16  org.opensearch.observability.resthandler.ObservabilityStatsRestHandler$Companion
11641:             1             16  org.opensearch.observability.settings.PluginSettings
11642:             1             16  org.opensearch.observability.settings.PluginSettings$$Lambda/0x00007fcd28597b40
11643:             1             16  org.opensearch.observability.settings.PluginSettings$$Lambda/0x00007fcd28597d78
11644:             1             16  org.opensearch.observability.settings.PluginSettings$$Lambda/0x00007fcd28afa000
11645:             1             16  org.opensearch.observability.settings.PluginSettings$$Lambda/0x00007fcd28afa228
11646:             1             16  org.opensearch.observability.settings.PluginSettings$$Lambda/0x00007fcd28afa450
11647:             1             16  org.opensearch.observability.settings.PluginSettings$$Lambda/0x00007fcd28afa678
11648:             1             16  org.opensearch.observability.settings.PluginSettings$$Lambda/0x00007fcd28afa8a0
11649:             1             16  org.opensearch.observability.settings.PluginSettings$$Lambda/0x00007fcd28afaac8
11650:             1             16  org.opensearch.observability.settings.PluginSettings$$Lambda/0x00007fcd28afacf0
11651:             1             16  org.opensearch.observability.settings.PluginSettings$$Lambda/0x00007fcd28afaf18
11652:             1             16  org.opensearch.observability.util.SecureIndexClient
11653:             1             16  org.opensearch.painless.CompilerSettings$$Lambda/0x00007fcd28226660
11654:             1             16  org.opensearch.painless.PainlessPlugin
11655:             1             16  org.opensearch.painless.PainlessPlugin$$Lambda/0x00007fcd28225990
11656:             1             16  org.opensearch.painless.PainlessPlugin$$Lambda/0x00007fcd28225bc8
11657:             1             16  org.opensearch.painless.PainlessPlugin$$Lambda/0x00007fcd28225df0
11658:             1             16  org.opensearch.painless.action.PainlessContextAction$$Lambda/0x00007fcd2861ede8
11659:             1             16  org.opensearch.painless.action.PainlessContextAction$TransportAction$$Lambda/0x00007fcd2861f830
11660:             1             16  org.opensearch.painless.action.PainlessExecuteAction$$Lambda/0x00007fcd2861e6d0
11661:             1             16  org.opensearch.painless.action.PainlessExecuteAction$TransportAction$$Lambda/0x00007fcd2861fa48
11662:             1             16  org.opensearch.painless.lookup.PainlessLookupBuilder$$Lambda/0x00007fcd285d4470
11663:             1             16  org.opensearch.painless.lookup.PainlessLookupBuilder$$Lambda/0x00007fcd285d48b0
11664:             1             16  org.opensearch.painless.lookup.PainlessLookupBuilder$$Lambda/0x00007fcd285d4ce8
11665:             1             16  org.opensearch.painless.lookup.PainlessLookupBuilder$$Lambda/0x00007fcd285d5128
11666:             1             16  org.opensearch.painless.lookup.PainlessLookupBuilder$$Lambda/0x00007fcd2860fd60
11667:             1             16  org.opensearch.painless.lookup.PainlessLookupBuilder$$Lambda/0x00007fcd2861e208
11668:             1             16  org.opensearch.painless.spi.WhitelistClass$$Lambda/0x00007fcd28220840
11669:             1             16  org.opensearch.painless.spi.WhitelistClass$$Lambda/0x00007fcd28220a78
11670:             1             16  org.opensearch.painless.spi.WhitelistClass$$Lambda/0x00007fcd28220cb0
11671:             1             16  org.opensearch.painless.spi.WhitelistConstructor$$Lambda/0x00007fcd28224cb8
11672:             1             16  org.opensearch.painless.spi.WhitelistConstructor$$Lambda/0x00007fcd28224ef0
11673:             1             16  org.opensearch.painless.spi.WhitelistConstructor$$Lambda/0x00007fcd28225128
11674:             1             16  org.opensearch.painless.spi.WhitelistMethod$$Lambda/0x00007fcd28224408
11675:             1             16  org.opensearch.painless.spi.WhitelistMethod$$Lambda/0x00007fcd28224640
11676:             1             16  org.opensearch.painless.spi.WhitelistMethod$$Lambda/0x00007fcd28224878
11677:             1             16  org.opensearch.painless.spi.annotation.DeprecatedAnnotationParser
11678:             1             16  org.opensearch.painless.spi.annotation.InjectConstantAnnotationParser
11679:             1             16  org.opensearch.painless.spi.annotation.NoImportAnnotation
11680:             1             16  org.opensearch.painless.spi.annotation.NoImportAnnotationParser
11681:             1             16  org.opensearch.painless.spi.annotation.NonDeterministicAnnotation
11682:             1             16  org.opensearch.painless.spi.annotation.NonDeterministicAnnotationParser
11683:             1             16  org.opensearch.painless.spi.annotation.WhitelistAnnotationParser$$Lambda/0x00007fcd2821bc80
11684:             1             16  org.opensearch.painless.spi.annotation.WhitelistAnnotationParser$$Lambda/0x00007fcd28220000
11685:             1             16  org.opensearch.percolator.PercolatorFieldMapper$TypeParser
11686:             1             16  org.opensearch.percolator.PercolatorFieldMapperExt$TypeParser
11687:             1             16  org.opensearch.percolator.PercolatorHighlightSubFetchPhase
11688:             1             16  org.opensearch.percolator.PercolatorHighlightSubFetchPhase
11689:             1             16  org.opensearch.percolator.PercolatorMatchedSlotSubFetchPhase
11690:             1             16  org.opensearch.percolator.PercolatorMatchedSlotSubFetchPhase
11691:             1             16  org.opensearch.percolator.PercolatorPlugin
11692:             1             16  org.opensearch.percolator.PercolatorPlugin$$Lambda/0x00007fcd2878c798
11693:             1             16  org.opensearch.percolator.PercolatorPlugin$$Lambda/0x00007fcd2878c9b0
11694:             1             16  org.opensearch.percolator.PercolatorPluginExt$$Lambda/0x00007fcd28621f38
11695:             1             16  org.opensearch.percolator.PercolatorPluginExt$$Lambda/0x00007fcd28622150
11696:             1             16  org.opensearch.performanceanalyzer.action.PerformanceAnalyzerActionFilter
11697:             1             16  org.opensearch.performanceanalyzer.collectors.NodeStatsAllShardsMetricsCollector$1$$Lambda/0x00007fcd284454b8
11698:             1             16  org.opensearch.performanceanalyzer.collectors.NodeStatsAllShardsMetricsCollector$1$$Lambda/0x00007fcd284456d0
11699:             1             16  org.opensearch.performanceanalyzer.collectors.NodeStatsAllShardsMetricsCollector$1$$Lambda/0x00007fcd284458e8
11700:             1             16  org.opensearch.performanceanalyzer.collectors.NodeStatsAllShardsMetricsCollector$1$$Lambda/0x00007fcd28445b00
11701:             1             16  org.opensearch.performanceanalyzer.collectors.NodeStatsAllShardsMetricsCollector$1$$Lambda/0x00007fcd28445d18
11702:             1             16  org.opensearch.performanceanalyzer.collectors.NodeStatsAllShardsMetricsCollector$1$$Lambda/0x00007fcd28445f30
11703:             1             16  org.opensearch.performanceanalyzer.collectors.NodeStatsAllShardsMetricsCollector$1$$Lambda/0x00007fcd28446148
11704:             1             16  org.opensearch.performanceanalyzer.collectors.NodeStatsAllShardsMetricsCollector$1$$Lambda/0x00007fcd28446360
11705:             1             16  org.opensearch.performanceanalyzer.collectors.NodeStatsAllShardsMetricsCollector$1$$Lambda/0x00007fcd28446578
11706:             1             16  org.opensearch.performanceanalyzer.collectors.NodeStatsAllShardsMetricsCollector$1$$Lambda/0x00007fcd28446790
11707:             1             16  org.opensearch.performanceanalyzer.collectors.telemetry.RTFNodeStatsAllShardsMetricsCollector$$Lambda/0x00007fcd2843f6e0
11708:             1             16  org.opensearch.performanceanalyzer.collectors.telemetry.RTFNodeStatsAllShardsMetricsCollector$$Lambda/0x00007fcd2843f8f8
11709:             1             16  org.opensearch.performanceanalyzer.collectors.telemetry.RTFNodeStatsAllShardsMetricsCollector$$Lambda/0x00007fcd2843fb10
11710:             1             16  org.opensearch.performanceanalyzer.collectors.telemetry.RTFNodeStatsAllShardsMetricsCollector$$Lambda/0x00007fcd2843fd28
11711:             1             16  org.opensearch.performanceanalyzer.collectors.telemetry.RTFNodeStatsAllShardsMetricsCollector$$Lambda/0x00007fcd28444000
11712:             1             16  org.opensearch.performanceanalyzer.collectors.telemetry.RTFNodeStatsAllShardsMetricsCollector$$Lambda/0x00007fcd28444218
11713:             1             16  org.opensearch.performanceanalyzer.collectors.telemetry.RTFNodeStatsAllShardsMetricsCollector$$Lambda/0x00007fcd28444430
11714:             1             16  org.opensearch.performanceanalyzer.collectors.telemetry.RTFNodeStatsAllShardsMetricsCollector$$Lambda/0x00007fcd28444648
11715:             1             16  org.opensearch.performanceanalyzer.collectors.telemetry.RTFNodeStatsAllShardsMetricsCollector$$Lambda/0x00007fcd28444860
11716:             1             16  org.opensearch.performanceanalyzer.collectors.telemetry.RTFNodeStatsAllShardsMetricsCollector$$Lambda/0x00007fcd28444a78
11717:             1             16  org.opensearch.performanceanalyzer.commons.config.ConfigStatus
11718:             1             16  org.opensearch.performanceanalyzer.commons.config.PluginSettings$$Lambda/0x00007fcd283f15c8
11719:             1             16  org.opensearch.performanceanalyzer.commons.metrics_generator.linux.LinuxOSMetricsGenerator
11720:             1             16  org.opensearch.performanceanalyzer.commons.stats.ServiceMetrics$$Lambda/0x00007fcd283edeb0
11721:             1             16  org.opensearch.performanceanalyzer.config.setting.ClusterSettingsManager$ClusterSettingsResponseHandler
11722:             1             16  org.opensearch.performanceanalyzer.http_action.whoami.TransportWhoAmIAction$$Lambda/0x00007fcd28c650b8
11723:             1             16  org.opensearch.performanceanalyzer.listener.NoOpSearchListener
11724:             1             16  org.opensearch.performanceanalyzer.transport.PerformanceAnalyzerTransportInterceptor
11725:             1             16  org.opensearch.performanceanalyzer.writer.EventLogQueueProcessor$$Lambda/0x00007fcd28440a20
11726:             1             16  org.opensearch.performanceanalyzer.writer.EventLogQueueProcessor$$Lambda/0x00007fcd28440c40
11727:             1             16  org.opensearch.persistent.CompletionPersistentTaskAction$$Lambda/0x00007fcd28bff5c0
11728:             1             16  org.opensearch.persistent.CompletionPersistentTaskAction$TransportAction$$Lambda/0x00007fcd28e22ac0
11729:             1             16  org.opensearch.persistent.NodePersistentTasksExecutor
11730:             1             16  org.opensearch.persistent.PersistentTasksClusterService$$Lambda/0x00007fcd28d10540
11731:             1             16  org.opensearch.persistent.PersistentTasksExecutorRegistry
11732:             1             16  org.opensearch.persistent.RemovePersistentTaskAction$$Lambda/0x00007fcd28bffa58
11733:             1             16  org.opensearch.persistent.RemovePersistentTaskAction$TransportAction$$Lambda/0x00007fcd28edd5e0
11734:             1             16  org.opensearch.persistent.StartPersistentTaskAction$$Lambda/0x00007fcd28bfec90
11735:             1             16  org.opensearch.persistent.StartPersistentTaskAction$TransportAction$$Lambda/0x00007fcd28e22470
11736:             1             16  org.opensearch.persistent.UpdatePersistentTaskStatusAction$$Lambda/0x00007fcd28bff128
11737:             1             16  org.opensearch.persistent.UpdatePersistentTaskStatusAction$TransportAction$$Lambda/0x00007fcd28f7e180
11738:             1             16  org.opensearch.persistent.decider.EnableAssignmentDecider
11739:             1             16  org.opensearch.persistent.decider.EnableAssignmentDecider$$Lambda/0x00007fcd286f43a0
11740:             1             16  org.opensearch.persistent.decider.EnableAssignmentDecider$$Lambda/0x00007fcd28d0bbe0
11741:             1             16  org.opensearch.plugin.repository.url.URLRepositoryPlugin
11742:             1             16  org.opensearch.plugins.MapperPlugin$$Lambda/0x00007fcd28213db8
11743:             1             16  org.opensearch.plugins.MapperPlugin$$Lambda/0x00007fcd28216000
11744:             1             16  org.opensearch.plugins.MetadataUpgrader
11745:             1             16  org.opensearch.plugins.MetadataUpgrader$$Lambda/0x00007fcd28ca2248
11746:             1             16  org.opensearch.plugins.PluginsService$$Lambda/0x00007fcd281eb350
11747:             1             16  org.opensearch.plugins.PluginsService$$Lambda/0x00007fcd28443220
11748:             1             16  org.opensearch.plugins.PluginsService$$Lambda/0x00007fcd28443458
11749:             1             16  org.opensearch.plugins.PluginsService$$Lambda/0x00007fcd28443690
11750:             1             16  org.opensearch.plugins.PluginsService$$Lambda/0x00007fcd2845e428
11751:             1             16  org.opensearch.plugins.PluginsService$$Lambda/0x00007fcd284a27a0
11752:             1             16  org.opensearch.plugins.PluginsService$$Lambda/0x00007fcd28542238
11753:             1             16  org.opensearch.plugins.PluginsService$$Lambda/0x00007fcd2854ed60
11754:             1             16  org.opensearch.plugins.TransportExceptionHandler$$Lambda/0x00007fcd28ca17c8
11755:             1             16  org.opensearch.ratelimitting.admissioncontrol.AdmissionControlSettings
11756:             1             16  org.opensearch.ratelimitting.admissioncontrol.AdmissionControlSettings$$Lambda/0x00007fcd28704fe0
11757:             1             16  org.opensearch.ratelimitting.admissioncontrol.AdmissionControlSettings$$Lambda/0x00007fcd28c9d418
11758:             1             16  org.opensearch.ratelimitting.admissioncontrol.settings.CpuBasedAdmissionControllerSettings$$Lambda/0x00007fcd28705458
11759:             1             16  org.opensearch.ratelimitting.admissioncontrol.settings.CpuBasedAdmissionControllerSettings$$Lambda/0x00007fcd28c9d648
11760:             1             16  org.opensearch.ratelimitting.admissioncontrol.settings.CpuBasedAdmissionControllerSettings$$Lambda/0x00007fcd28c9d878
11761:             1             16  org.opensearch.ratelimitting.admissioncontrol.settings.CpuBasedAdmissionControllerSettings$$Lambda/0x00007fcd28c9daa8
11762:             1             16  org.opensearch.ratelimitting.admissioncontrol.settings.CpuBasedAdmissionControllerSettings$$Lambda/0x00007fcd28c9dcd8
11763:             1             16  org.opensearch.ratelimitting.admissioncontrol.settings.IoBasedAdmissionControllerSettings$$Lambda/0x00007fcd287058d0
11764:             1             16  org.opensearch.ratelimitting.admissioncontrol.settings.IoBasedAdmissionControllerSettings$$Lambda/0x00007fcd28c9df08
11765:             1             16  org.opensearch.ratelimitting.admissioncontrol.settings.IoBasedAdmissionControllerSettings$$Lambda/0x00007fcd28c9e138
11766:             1             16  org.opensearch.ratelimitting.admissioncontrol.settings.IoBasedAdmissionControllerSettings$$Lambda/0x00007fcd28c9e368
11767:             1             16  org.opensearch.ratelimitting.admissioncontrol.transport.AdmissionControlTransportInterceptor
11768:             1             16  org.opensearch.replication.ReplicationPlugin$$Lambda/0x00007fcd285224f0
11769:             1             16  org.opensearch.replication.ReplicationPlugin$$Lambda/0x00007fcd285229c8
11770:             1             16  org.opensearch.replication.ReplicationPlugin$$Lambda/0x00007fcd28894000
11771:             1             16  org.opensearch.replication.ReplicationPlugin$$Lambda/0x00007fcd288944d0
11772:             1             16  org.opensearch.replication.ReplicationPlugin$$Lambda/0x00007fcd288949d8
11773:             1             16  org.opensearch.replication.ReplicationPlugin$$Lambda/0x00007fcd28894f18
11774:             1             16  org.opensearch.replication.ReplicationPlugin$$Lambda/0x00007fcd288953b8
11775:             1             16  org.opensearch.replication.ReplicationPlugin$$Lambda/0x00007fcd28895a80
11776:             1             16  org.opensearch.replication.ReplicationPlugin$$Lambda/0x00007fcd28895c98
11777:             1             16  org.opensearch.replication.ReplicationPlugin$$Lambda/0x00007fcd28898000
11778:             1             16  org.opensearch.replication.ReplicationPlugin$$Lambda/0x00007fcd28898218
11779:             1             16  org.opensearch.replication.ReplicationPlugin$$Lambda/0x00007fcd28898430
11780:             1             16  org.opensearch.replication.ReplicationPlugin$$Lambda/0x00007fcd28898648
11781:             1             16  org.opensearch.replication.ReplicationPlugin$$Lambda/0x00007fcd28898860
11782:             1             16  org.opensearch.replication.ReplicationPlugin$$Lambda/0x00007fcd29000d80
11783:             1             16  org.opensearch.replication.ReplicationPlugin$Companion
11784:             1             16  org.opensearch.replication.ReplicationSettings$$Lambda/0x00007fcd2889a2e0
11785:             1             16  org.opensearch.replication.ReplicationSettings$$Lambda/0x00007fcd2889a510
11786:             1             16  org.opensearch.replication.ReplicationSettings$$Lambda/0x00007fcd2889a740
11787:             1             16  org.opensearch.replication.ReplicationSettings$$Lambda/0x00007fcd2889a970
11788:             1             16  org.opensearch.replication.ReplicationSettings$$Lambda/0x00007fcd2889aba0
11789:             1             16  org.opensearch.replication.ReplicationSettings$$Lambda/0x00007fcd2889add0
11790:             1             16  org.opensearch.replication.ReplicationSettings$$Lambda/0x00007fcd2889b000
11791:             1             16  org.opensearch.replication.ReplicationSettings$$Lambda/0x00007fcd2889b230
11792:             1             16  org.opensearch.replication.ReplicationSettings$$Lambda/0x00007fcd2889b460
11793:             1             16  org.opensearch.replication.ReplicationSettings$$Lambda/0x00007fcd2889b690
11794:             1             16  org.opensearch.replication.ReplicationSettings$$Lambda/0x00007fcd2889b8c0
11795:             1             16  org.opensearch.replication.ReplicationSettings$$Lambda/0x00007fcd2889baf0
11796:             1             16  org.opensearch.replication.action.autofollow.AutoFollowClusterManagerNodeAction$$Lambda/0x00007fcd28c08860
11797:             1             16  org.opensearch.replication.action.autofollow.AutoFollowClusterManagerNodeAction$Companion
11798:             1             16  org.opensearch.replication.action.autofollow.TransportAutoFollowClusterManagerNodeAction$$Lambda/0x00007fcd28da1b30
11799:             1             16  org.opensearch.replication.action.autofollow.TransportAutoFollowClusterManagerNodeAction$Companion
11800:             1             16  org.opensearch.replication.action.autofollow.TransportUpdateAutoFollowPatternAction$$Lambda/0x00007fcd28e6d440
11801:             1             16  org.opensearch.replication.action.autofollow.TransportUpdateAutoFollowPatternAction$Companion
11802:             1             16  org.opensearch.replication.action.autofollow.UpdateAutoFollowPatternAction$$Lambda/0x00007fcd28c08000
11803:             1             16  org.opensearch.replication.action.autofollow.UpdateAutoFollowPatternAction$Companion
11804:             1             16  org.opensearch.replication.action.changes.GetChangesAction$$Lambda/0x00007fcd28974f10
11805:             1             16  org.opensearch.replication.action.changes.GetChangesAction$Companion
11806:             1             16  org.opensearch.replication.action.changes.TransportGetChangesAction$$Lambda/0x00007fcd28da0a70
11807:             1             16  org.opensearch.replication.action.changes.TransportGetChangesAction$$Lambda/0x00007fcd28da0c88
11808:             1             16  org.opensearch.replication.action.changes.TransportGetChangesAction$Companion
11809:             1             16  org.opensearch.replication.action.index.ReplicateIndexAction$$Lambda/0x00007fcd28975a38
11810:             1             16  org.opensearch.replication.action.index.ReplicateIndexAction$Companion
11811:             1             16  org.opensearch.replication.action.index.ReplicateIndexClusterManagerNodeAction$$Lambda/0x00007fcd28976490
11812:             1             16  org.opensearch.replication.action.index.ReplicateIndexClusterManagerNodeAction$Companion
11813:             1             16  org.opensearch.replication.action.index.TransportReplicateIndexAction$$Lambda/0x00007fcd28e6d658
11814:             1             16  org.opensearch.replication.action.index.TransportReplicateIndexAction$Companion
11815:             1             16  org.opensearch.replication.action.index.TransportReplicateIndexClusterManagerNodeAction$$Lambda/0x00007fcd28e6f7d8
11816:             1             16  org.opensearch.replication.action.index.TransportReplicateIndexClusterManagerNodeAction$Companion
11817:             1             16  org.opensearch.replication.action.index.block.TransportUpddateIndexBlockAction$$Lambda/0x00007fcd28e6cdf8
11818:             1             16  org.opensearch.replication.action.index.block.TransportUpddateIndexBlockAction$Companion
11819:             1             16  org.opensearch.replication.action.index.block.UpdateIndexBlockAction$$Lambda/0x00007fcd28c0b420
11820:             1             16  org.opensearch.replication.action.index.block.UpdateIndexBlockAction$Companion
11821:             1             16  org.opensearch.replication.action.pause.PauseIndexReplicationAction$$Lambda/0x00007fcd28c099e0
11822:             1             16  org.opensearch.replication.action.pause.PauseIndexReplicationAction$Companion
11823:             1             16  org.opensearch.replication.action.pause.TransportPauseIndexReplicationAction$$Lambda/0x00007fcd28e6d228
11824:             1             16  org.opensearch.replication.action.pause.TransportPauseIndexReplicationAction$Companion
11825:             1             16  org.opensearch.replication.action.replay.ReplayChangesAction$$Lambda/0x00007fcd28976fb0
11826:             1             16  org.opensearch.replication.action.replay.ReplayChangesAction$Companion
11827:             1             16  org.opensearch.replication.action.replay.TransportReplayChangesAction$$Lambda/0x00007fcd28da1d48
11828:             1             16  org.opensearch.replication.action.replay.TransportReplayChangesAction$$Lambda/0x00007fcd28da1f80
11829:             1             16  org.opensearch.replication.action.replay.TransportReplayChangesAction$$Lambda/0x00007fcd28da2198
11830:             1             16  org.opensearch.replication.action.replay.TransportReplayChangesAction$Companion
11831:             1             16  org.opensearch.replication.action.replicationstatedetails.TransportUpdateReplicationStateDetails$$Lambda/0x00007fcd28e6f3a8
11832:             1             16  org.opensearch.replication.action.replicationstatedetails.UpdateReplicationStateAction$$Lambda/0x00007fcd28c0deb8
11833:             1             16  org.opensearch.replication.action.replicationstatedetails.UpdateReplicationStateAction$Companion
11834:             1             16  org.opensearch.replication.action.repository.GetFileChunkAction$$Lambda/0x00007fcd28c01660
11835:             1             16  org.opensearch.replication.action.repository.GetFileChunkAction$Companion
11836:             1             16  org.opensearch.replication.action.repository.GetStoreMetadataAction$$Lambda/0x00007fcd28977b48
11837:             1             16  org.opensearch.replication.action.repository.GetStoreMetadataAction$Companion
11838:             1             16  org.opensearch.replication.action.repository.ReleaseLeaderResourcesAction$$Lambda/0x00007fcd28c0bce0
11839:             1             16  org.opensearch.replication.action.repository.ReleaseLeaderResourcesAction$Companion
11840:             1             16  org.opensearch.replication.action.repository.TransportGetFileChunkAction$$Lambda/0x00007fcd28e6e2e8
11841:             1             16  org.opensearch.replication.action.repository.TransportGetFileChunkAction$$Lambda/0x00007fcd28e6e500
11842:             1             16  org.opensearch.replication.action.repository.TransportGetFileChunkAction$Companion
11843:             1             16  org.opensearch.replication.action.repository.TransportGetStoreMetadataAction$$Lambda/0x00007fcd28da12d0
11844:             1             16  org.opensearch.replication.action.repository.TransportGetStoreMetadataAction$$Lambda/0x00007fcd28da14e8
11845:             1             16  org.opensearch.replication.action.repository.TransportGetStoreMetadataAction$Companion
11846:             1             16  org.opensearch.replication.action.repository.TransportReleaseLeaderResourcesAction$$Lambda/0x00007fcd28da1700
11847:             1             16  org.opensearch.replication.action.repository.TransportReleaseLeaderResourcesAction$$Lambda/0x00007fcd28da1918
11848:             1             16  org.opensearch.replication.action.repository.TransportReleaseLeaderResourcesAction$Companion
11849:             1             16  org.opensearch.replication.action.resume.ResumeIndexReplicationAction$$Lambda/0x00007fcd28c0a2a0
11850:             1             16  org.opensearch.replication.action.resume.ResumeIndexReplicationAction$Companion
11851:             1             16  org.opensearch.replication.action.resume.TransportResumeIndexReplicationAction$$Lambda/0x00007fcd28da0ea0
11852:             1             16  org.opensearch.replication.action.resume.TransportResumeIndexReplicationAction$Companion
11853:             1             16  org.opensearch.replication.action.setup.SetupChecksAction$$Lambda/0x00007fcd28c0d670
11854:             1             16  org.opensearch.replication.action.setup.SetupChecksAction$Companion
11855:             1             16  org.opensearch.replication.action.setup.TransportSetupChecksAction$$Lambda/0x00007fcd28e6e718
11856:             1             16  org.opensearch.replication.action.setup.TransportSetupChecksAction$Companion
11857:             1             16  org.opensearch.replication.action.setup.TransportValidatePermissionsAction$$Lambda/0x00007fcd28e6d010
11858:             1             16  org.opensearch.replication.action.setup.TransportValidatePermissionsAction$Companion
11859:             1             16  org.opensearch.replication.action.setup.ValidatePermissionsAction$$Lambda/0x00007fcd28c0ce28
11860:             1             16  org.opensearch.replication.action.setup.ValidatePermissionsAction$Companion
11861:             1             16  org.opensearch.replication.action.stats.AutoFollowStatsAction$$Lambda/0x00007fcd28c114b0
11862:             1             16  org.opensearch.replication.action.stats.AutoFollowStatsAction$Companion
11863:             1             16  org.opensearch.replication.action.stats.FollowerStatsAction$$Lambda/0x00007fcd28c10968
11864:             1             16  org.opensearch.replication.action.stats.FollowerStatsAction$Companion
11865:             1             16  org.opensearch.replication.action.stats.LeaderStatsAction$$Lambda/0x00007fcd28c10000
11866:             1             16  org.opensearch.replication.action.stats.LeaderStatsAction$Companion
11867:             1             16  org.opensearch.replication.action.stats.TransportAutoFollowStatsAction$$Lambda/0x00007fcd28e6dca0
11868:             1             16  org.opensearch.replication.action.stats.TransportAutoFollowStatsAction$$Lambda/0x00007fcd28e6deb8
11869:             1             16  org.opensearch.replication.action.stats.TransportAutoFollowStatsAction$$Lambda/0x00007fcd28e6e0d0
11870:             1             16  org.opensearch.replication.action.stats.TransportAutoFollowStatsAction$Companion
11871:             1             16  org.opensearch.replication.action.stats.TransportFollowerStatsAction$$Lambda/0x00007fcd28e6eb48
11872:             1             16  org.opensearch.replication.action.stats.TransportFollowerStatsAction$$Lambda/0x00007fcd28e6ed60
11873:             1             16  org.opensearch.replication.action.stats.TransportFollowerStatsAction$Companion
11874:             1             16  org.opensearch.replication.action.stats.TransportLeaderStatsAction$$Lambda/0x00007fcd28e6d870
11875:             1             16  org.opensearch.replication.action.stats.TransportLeaderStatsAction$$Lambda/0x00007fcd28e6da88
11876:             1             16  org.opensearch.replication.action.stats.TransportLeaderStatsAction$Companion
11877:             1             16  org.opensearch.replication.action.status.ReplicationStatusAction$$Lambda/0x00007fcd28c0f2d8
11878:             1             16  org.opensearch.replication.action.status.ReplicationStatusAction$Companion
11879:             1             16  org.opensearch.replication.action.status.ShardsInfoAction$$Lambda/0x00007fcd28c0ea40
11880:             1             16  org.opensearch.replication.action.status.ShardsInfoAction$Companion
11881:             1             16  org.opensearch.replication.action.status.TranportShardsInfoAction$$Lambda/0x00007fcd28e6e930
11882:             1             16  org.opensearch.replication.action.status.TranportShardsInfoAction$Companion
11883:             1             16  org.opensearch.replication.action.status.TransportReplicationStatusAction$$Lambda/0x00007fcd28e6ef78
11884:             1             16  org.opensearch.replication.action.status.TransportReplicationStatusAction$Companion
11885:             1             16  org.opensearch.replication.action.stop.StopIndexReplicationAction$$Lambda/0x00007fcd28c09120
11886:             1             16  org.opensearch.replication.action.stop.StopIndexReplicationAction$Companion
11887:             1             16  org.opensearch.replication.action.stop.TransportStopIndexReplicationAction$$Lambda/0x00007fcd28e6f190
11888:             1             16  org.opensearch.replication.action.stop.TransportStopIndexReplicationAction$Companion
11889:             1             16  org.opensearch.replication.action.update.TransportUpdateIndexReplicationAction$$Lambda/0x00007fcd28e6f9f0
11890:             1             16  org.opensearch.replication.action.update.TransportUpdateIndexReplicationAction$Companion
11891:             1             16  org.opensearch.replication.action.update.UpdateIndexReplicationAction$$Lambda/0x00007fcd28c0ab60
11892:             1             16  org.opensearch.replication.action.update.UpdateIndexReplicationAction$Companion
11893:             1             16  org.opensearch.replication.metadata.ReplicationMetadataManager$Companion
11894:             1             16  org.opensearch.replication.metadata.TransportUpdateMetadataAction$$Lambda/0x00007fcd28e6f5c0
11895:             1             16  org.opensearch.replication.metadata.TransportUpdateMetadataAction$Companion
11896:             1             16  org.opensearch.replication.metadata.UpdateMetadataAction$$Lambda/0x00007fcd28c0c580
11897:             1             16  org.opensearch.replication.metadata.UpdateMetadataAction$Companion
11898:             1             16  org.opensearch.replication.metadata.store.ReplicationMetadataStore$Companion
11899:             1             16  org.opensearch.replication.repository.RemoteClusterRepositoriesService
11900:             1             16  org.opensearch.replication.repository.RemoteClusterRepositoriesService$$Lambda/0x00007fcd28974000
11901:             1             16  org.opensearch.replication.repository.RemoteClusterRepositoriesService$$Lambda/0x00007fcd28974230
11902:             1             16  org.opensearch.replication.repository.RemoteClusterRepositoriesService$$Lambda/0x00007fcd28974458
11903:             1             16  org.opensearch.replication.repository.RemoteClusterRepositoriesService$$Lambda/0x00007fcd28974688
11904:             1             16  org.opensearch.replication.rest.AutoFollowStatsHandler$Companion
11905:             1             16  org.opensearch.replication.rest.FollowerStatsHandler$Companion
11906:             1             16  org.opensearch.replication.rest.LeaderStatsHandler$Companion
11907:             1             16  org.opensearch.replication.rest.PauseIndexReplicationHandler$Companion
11908:             1             16  org.opensearch.replication.rest.ReplicationStatusHandler$Companion
11909:             1             16  org.opensearch.replication.rest.ResumeIndexReplicationHandler$Companion
11910:             1             16  org.opensearch.replication.rest.UpdateAutoFollowPatternsHandler$Companion
11911:             1             16  org.opensearch.replication.seqno.RemoteClusterTranslogService$Companion
11912:             1             16  org.opensearch.replication.task.autofollow.AutoFollowExecutor$Companion
11913:             1             16  org.opensearch.replication.task.autofollow.AutoFollowStat$Companion
11914:             1             16  org.opensearch.replication.task.index.IndexReplicationExecutor$Companion
11915:             1             16  org.opensearch.replication.task.index.IndexReplicationState$$Lambda/0x00007fcd28d0c660
11916:             1             16  org.opensearch.replication.task.index.IndexReplicationState$$Lambda/0x00007fcd28d0c878
11917:             1             16  org.opensearch.replication.task.index.IndexReplicationState$Companion
11918:             1             16  org.opensearch.replication.task.index.InitialState
11919:             1             16  org.opensearch.replication.task.shard.FollowerClusterStats
11920:             1             16  org.opensearch.replication.task.shard.ShardReplicationExecutor$Companion
11921:             1             16  org.opensearch.replication.util.ValidationUtil
11922:             1             16  org.opensearch.reportsscheduler.ReportsSchedulerPlugin
11923:             1             16  org.opensearch.reportsscheduler.ReportsSchedulerPlugin$Companion
11924:             1             16  org.opensearch.reportsscheduler.action.CreateReportDefinitionAction$$Lambda/0x00007fcd289796f8
11925:             1             16  org.opensearch.reportsscheduler.action.CreateReportDefinitionAction$$Lambda/0x00007fcd28d81cf0
11926:             1             16  org.opensearch.reportsscheduler.action.CreateReportDefinitionAction$Companion
11927:             1             16  org.opensearch.reportsscheduler.action.DeleteReportDefinitionAction$$Lambda/0x00007fcd28979fb8
11928:             1             16  org.opensearch.reportsscheduler.action.DeleteReportDefinitionAction$$Lambda/0x00007fcd28d82120
11929:             1             16  org.opensearch.reportsscheduler.action.DeleteReportDefinitionAction$Companion
11930:             1             16  org.opensearch.reportsscheduler.action.GetAllReportDefinitionsAction$$Lambda/0x00007fcd2897a880
11931:             1             16  org.opensearch.reportsscheduler.action.GetAllReportDefinitionsAction$$Lambda/0x00007fcd28d82338
11932:             1             16  org.opensearch.reportsscheduler.action.GetAllReportDefinitionsAction$Companion
11933:             1             16  org.opensearch.reportsscheduler.action.GetAllReportInstancesAction$$Lambda/0x00007fcd2897b148
11934:             1             16  org.opensearch.reportsscheduler.action.GetAllReportInstancesAction$$Lambda/0x00007fcd28d81490
11935:             1             16  org.opensearch.reportsscheduler.action.GetAllReportInstancesAction$Companion
11936:             1             16  org.opensearch.reportsscheduler.action.GetReportDefinitionAction$$Lambda/0x00007fcd2897ba10
11937:             1             16  org.opensearch.reportsscheduler.action.GetReportDefinitionAction$$Lambda/0x00007fcd28d816a8
11938:             1             16  org.opensearch.reportsscheduler.action.GetReportDefinitionAction$Companion
11939:             1             16  org.opensearch.reportsscheduler.action.GetReportInstanceAction$$Lambda/0x00007fcd28c14498
11940:             1             16  org.opensearch.reportsscheduler.action.GetReportInstanceAction$$Lambda/0x00007fcd28d81f08
11941:             1             16  org.opensearch.reportsscheduler.action.GetReportInstanceAction$Companion
11942:             1             16  org.opensearch.reportsscheduler.action.InContextReportCreateAction$$Lambda/0x00007fcd28c14d60
11943:             1             16  org.opensearch.reportsscheduler.action.InContextReportCreateAction$$Lambda/0x00007fcd28d82550
11944:             1             16  org.opensearch.reportsscheduler.action.InContextReportCreateAction$Companion
11945:             1             16  org.opensearch.reportsscheduler.action.OnDemandReportCreateAction$$Lambda/0x00007fcd28c15628
11946:             1             16  org.opensearch.reportsscheduler.action.OnDemandReportCreateAction$$Lambda/0x00007fcd28c17d48
11947:             1             16  org.opensearch.reportsscheduler.action.OnDemandReportCreateAction$Companion
11948:             1             16  org.opensearch.reportsscheduler.action.PluginBaseAction$Companion
11949:             1             16  org.opensearch.reportsscheduler.action.UpdateReportDefinitionAction$$Lambda/0x00007fcd28c15ee8
11950:             1             16  org.opensearch.reportsscheduler.action.UpdateReportDefinitionAction$$Lambda/0x00007fcd28d81ad8
11951:             1             16  org.opensearch.reportsscheduler.action.UpdateReportDefinitionAction$Companion
11952:             1             16  org.opensearch.reportsscheduler.action.UpdateReportInstanceStatusAction$$Lambda/0x00007fcd28c167a8
11953:             1             16  org.opensearch.reportsscheduler.action.UpdateReportInstanceStatusAction$$Lambda/0x00007fcd28d818c0
11954:             1             16  org.opensearch.reportsscheduler.action.UpdateReportInstanceStatusAction$Companion
11955:             1             16  org.opensearch.reportsscheduler.index.ReportDefinitionsIndex
11956:             1             16  org.opensearch.reportsscheduler.index.ReportInstancesIndex
11957:             1             16  org.opensearch.reportsscheduler.resthandler.OnDemandReportRestHandler$Companion
11958:             1             16  org.opensearch.reportsscheduler.resthandler.ReportDefinitionListRestHandler$Companion
11959:             1             16  org.opensearch.reportsscheduler.resthandler.ReportDefinitionRestHandler$Companion
11960:             1             16  org.opensearch.reportsscheduler.resthandler.ReportInstanceListRestHandler$Companion
11961:             1             16  org.opensearch.reportsscheduler.resthandler.ReportInstanceRestHandler$Companion
11962:             1             16  org.opensearch.reportsscheduler.resthandler.ReportStatsRestHandler$Companion
11963:             1             16  org.opensearch.reportsscheduler.scheduler.ReportDefinitionJobParser
11964:             1             16  org.opensearch.reportsscheduler.scheduler.ReportDefinitionJobRunner
11965:             1             16  org.opensearch.reportsscheduler.settings.PluginSettings
11966:             1             16  org.opensearch.reportsscheduler.settings.PluginSettings$$Lambda/0x00007fcd28577600
11967:             1             16  org.opensearch.reportsscheduler.settings.PluginSettings$$Lambda/0x00007fcd28577828
11968:             1             16  org.opensearch.repositories.RepositoriesService$$Lambda/0x00007fcd28cef878
11969:             1             16  org.opensearch.repositories.VerifyNodeRepositoryAction$$Lambda/0x00007fcd28cef228
11970:             1             16  org.opensearch.repositories.VerifyNodeRepositoryAction$VerifyNodeRepositoryRequestHandler
11971:             1             16  org.opensearch.repositories.blobstore.BlobStoreRepository$$Lambda/0x00007fcd28531058
11972:             1             16  org.opensearch.repositories.blobstore.BlobStoreRepository$$Lambda/0x00007fcd28532538
11973:             1             16  org.opensearch.repositories.blobstore.BlobStoreRepository$$Lambda/0x00007fcd28532d70
11974:             1             16  org.opensearch.repositories.blobstore.BlobStoreRepository$$Lambda/0x00007fcd285331e8
11975:             1             16  org.opensearch.repositories.blobstore.BlobStoreRepository$$Lambda/0x00007fcd285338b8
11976:             1             16  org.opensearch.repositories.blobstore.BlobStoreRepository$$Lambda/0x00007fcd28533dc8
11977:             1             16  org.opensearch.repositories.blobstore.BlobStoreRepository$$Lambda/0x00007fcd28534298
11978:             1             16  org.opensearch.repositories.blobstore.BlobStoreRepository$$Lambda/0x00007fcd291bc448
11979:             1             16  org.opensearch.repositories.s3.S3ClientSettings$$Lambda/0x00007fcd283c4888
11980:             1             16  org.opensearch.repositories.s3.S3ClientSettings$$Lambda/0x00007fcd283c4ac0
11981:             1             16  org.opensearch.repositories.s3.S3ClientSettings$$Lambda/0x00007fcd283c4cf8
11982:             1             16  org.opensearch.repositories.s3.S3ClientSettings$$Lambda/0x00007fcd283c4f30
11983:             1             16  org.opensearch.repositories.s3.S3ClientSettings$$Lambda/0x00007fcd283c5168
11984:             1             16  org.opensearch.repositories.s3.S3ClientSettings$$Lambda/0x00007fcd283c53a0
11985:             1             16  org.opensearch.repositories.s3.S3ClientSettings$$Lambda/0x00007fcd283c55d8
11986:             1             16  org.opensearch.repositories.s3.S3ClientSettings$$Lambda/0x00007fcd283c5810
11987:             1             16  org.opensearch.repositories.s3.S3ClientSettings$$Lambda/0x00007fcd283c5a48
11988:             1             16  org.opensearch.repositories.s3.S3ClientSettings$$Lambda/0x00007fcd283c5ec0
11989:             1             16  org.opensearch.repositories.s3.S3ClientSettings$$Lambda/0x00007fcd283c60f8
11990:             1             16  org.opensearch.repositories.s3.S3ClientSettings$$Lambda/0x00007fcd283c6570
11991:             1             16  org.opensearch.repositories.s3.S3ClientSettings$$Lambda/0x00007fcd283c67a8
11992:             1             16  org.opensearch.repositories.s3.S3ClientSettings$$Lambda/0x00007fcd283c69e0
11993:             1             16  org.opensearch.repositories.s3.S3ClientSettings$$Lambda/0x00007fcd283c6c18
11994:             1             16  org.opensearch.repositories.s3.S3ClientSettings$$Lambda/0x00007fcd283c6e50
11995:             1             16  org.opensearch.repositories.s3.S3ClientSettings$$Lambda/0x00007fcd283c7088
11996:             1             16  org.opensearch.repositories.s3.S3ClientSettings$$Lambda/0x00007fcd283c72c0
11997:             1             16  org.opensearch.repositories.s3.S3ClientSettings$$Lambda/0x00007fcd283c74f8
11998:             1             16  org.opensearch.repositories.s3.S3ClientSettings$$Lambda/0x00007fcd283c7730
11999:             1             16  org.opensearch.repositories.s3.S3ClientSettings$$Lambda/0x00007fcd283c7968
12000:             1             16  org.opensearch.repositories.s3.S3ClientSettings$$Lambda/0x00007fcd283c7ba0
12001:             1             16  org.opensearch.repositories.s3.S3ClientSettings$$Lambda/0x00007fcd283c8000
12002:             1             16  org.opensearch.repositories.s3.S3ClientSettings$$Lambda/0x00007fcd283c8238
12003:             1             16  org.opensearch.repositories.s3.S3ClientSettings$$Lambda/0x00007fcd283c8470
12004:             1             16  org.opensearch.repositories.s3.S3ClientSettings$$Lambda/0x00007fcd283c86a8
12005:             1             16  org.opensearch.repositories.s3.S3ClientSettings$$Lambda/0x00007fcd283c88e0
12006:             1             16  org.opensearch.repositories.s3.S3ClientSettings$$Lambda/0x00007fcd283c8b18
12007:             1             16  org.opensearch.repositories.s3.S3ClientSettings$$Lambda/0x00007fcd283c8d50
12008:             1             16  org.opensearch.repositories.s3.S3ClientSettings$$Lambda/0x00007fcd283c8f88
12009:             1             16  org.opensearch.repositories.s3.S3Repository$$Lambda/0x00007fcd285285f0
12010:             1             16  org.opensearch.repositories.s3.S3Repository$$Lambda/0x00007fcd28528828
12011:             1             16  org.opensearch.repositories.s3.async.TransferSemaphoresHolder$$Lambda/0x00007fcd28a85110
12012:             1             16  org.opensearch.repositories.s3.async.TransferSemaphoresHolder$$Lambda/0x00007fcd28a85340
12013:             1             16  org.opensearch.repositories.url.URLRepository$$Lambda/0x00007fcd28214af0
12014:             1             16  org.opensearch.repositories.url.URLRepository$$Lambda/0x00007fcd28214d28
12015:             1             16  org.opensearch.repositories.url.URLRepository$$Lambda/0x00007fcd285485d8
12016:             1             16  org.opensearch.repositories.url.URLRepository$$Lambda/0x00007fcd28548810
12017:             1             16  org.opensearch.rest.RestController$$Lambda/0x00007fcd28c9a520
12018:             1             16  org.opensearch.rest.RestUtils$1
12019:             1             16  org.opensearch.rest.action.admin.cluster.RestClusterRerouteAction$$Lambda/0x00007fcd28fc8240
12020:             1             16  org.opensearch.rest.action.admin.cluster.RestClusterRerouteAction$$Lambda/0x00007fcd28fc8458
12021:             1             16  org.opensearch.rest.action.admin.cluster.RestNodesStatsAction$$Lambda/0x00007fcd28fc5cf8
12022:             1             16  org.opensearch.rest.action.admin.cluster.RestReloadSecureSettingsAction$$Lambda/0x00007fcd28fd4020
12023:             1             16  org.opensearch.rest.action.admin.cluster.RestReloadSecureSettingsAction$$Lambda/0x00007fcd28fd4238
12024:             1             16  org.opensearch.script.AbstractSortScript$$Lambda/0x00007fcd285ce0d8
12025:             1             16  org.opensearch.script.AbstractSortScript$$Lambda/0x00007fcd285ce310
12026:             1             16  org.opensearch.script.AbstractSortScript$$Lambda/0x00007fcd285ce548
12027:             1             16  org.opensearch.script.AggregationScript$$Lambda/0x00007fcd285cd598
12028:             1             16  org.opensearch.script.AggregationScript$$Lambda/0x00007fcd285cd7d0
12029:             1             16  org.opensearch.script.AggregationScript$$Lambda/0x00007fcd285cda08
12030:             1             16  org.opensearch.script.DerivedFieldScript$$Lambda/0x00007fcd2822cce0
12031:             1             16  org.opensearch.script.DerivedFieldScript$$Lambda/0x00007fcd2822cf18
12032:             1             16  org.opensearch.script.FieldScript$$Lambda/0x00007fcd285cc2a8
12033:             1             16  org.opensearch.script.FieldScript$$Lambda/0x00007fcd285cc4e0
12034:             1             16  org.opensearch.script.FieldScript$$Lambda/0x00007fcd285cc718
12035:             1             16  org.opensearch.script.ScoreScript$$Lambda/0x00007fcd2821d7b8
12036:             1             16  org.opensearch.script.ScoreScript$$Lambda/0x00007fcd2821d9f0
12037:             1             16  org.opensearch.script.ScoreScript$$Lambda/0x00007fcd2821dc28
12038:             1             16  org.opensearch.script.Script$$Lambda/0x00007fcd2879ebb0
12039:             1             16  org.opensearch.script.Script$$Lambda/0x00007fcd2879edc8
12040:             1             16  org.opensearch.script.Script$$Lambda/0x00007fcd2879eff0
12041:             1             16  org.opensearch.script.Script$$Lambda/0x00007fcd2879f208
12042:             1             16  org.opensearch.script.Script$$Lambda/0x00007fcd2879f430
12043:             1             16  org.opensearch.script.Script$$Lambda/0x00007fcd2879f658
12044:             1             16  org.opensearch.script.Script$$Lambda/0x00007fcd2879f880
12045:             1             16  org.opensearch.script.Script$$Lambda/0x00007fcd2879fa98
12046:             1             16  org.opensearch.script.Script$$Lambda/0x00007fcd2879fcc0
12047:             1             16  org.opensearch.script.Script$$Lambda/0x00007fcd287a0000
12048:             1             16  org.opensearch.script.ScriptModule$$Lambda/0x00007fcd285d2e78
12049:             1             16  org.opensearch.script.ScriptService$$Lambda/0x00007fcd28626440
12050:             1             16  org.opensearch.script.ScriptService$$Lambda/0x00007fcd28626678
12051:             1             16  org.opensearch.script.ScriptService$$Lambda/0x00007fcd286268b0
12052:             1             16  org.opensearch.script.ScriptService$$Lambda/0x00007fcd28626ae8
12053:             1             16  org.opensearch.script.ScriptService$$Lambda/0x00007fcd28626d20
12054:             1             16  org.opensearch.script.ScriptService$$Lambda/0x00007fcd28708860
12055:             1             16  org.opensearch.script.ScriptService$$Lambda/0x00007fcd28709160
12056:             1             16  org.opensearch.script.ScriptService$$Lambda/0x00007fcd28709390
12057:             1             16  org.opensearch.script.ScriptedMetricAggContexts$MapScript$$Lambda/0x00007fcd2845ca58
12058:             1             16  org.opensearch.script.ScriptedMetricAggContexts$MapScript$$Lambda/0x00007fcd2845cc90
12059:             1             16  org.opensearch.script.ScriptedMetricAggContexts$MapScript$$Lambda/0x00007fcd2845cec8
12060:             1             16  org.opensearch.script.ScriptedMetricAggContexts$MapScript$$Lambda/0x00007fcd2845d100
12061:             1             16  org.opensearch.script.TermsSetQueryScript$$Lambda/0x00007fcd285cf7d0
12062:             1             16  org.opensearch.script.TermsSetQueryScript$$Lambda/0x00007fcd285cfa08
12063:             1             16  org.opensearch.script.TermsSetQueryScript$$Lambda/0x00007fcd285cfc40
12064:             1             16  org.opensearch.script.expression.ExpressionPlugin
12065:             1             16  org.opensearch.script.expression.ExpressionScriptEngine
12066:             1             16  org.opensearch.script.expression.ExpressionScriptEngine$$Lambda/0x00007fcd28628668
12067:             1             16  org.opensearch.script.expression.ExpressionScriptEngine$$Lambda/0x00007fcd286288a0
12068:             1             16  org.opensearch.script.expression.ExpressionScriptEngine$$Lambda/0x00007fcd28628ad8
12069:             1             16  org.opensearch.script.expression.ExpressionScriptEngine$$Lambda/0x00007fcd28628d10
12070:             1             16  org.opensearch.script.expression.ExpressionScriptEngine$$Lambda/0x00007fcd28628f48
12071:             1             16  org.opensearch.script.expression.ExpressionScriptEngine$$Lambda/0x00007fcd28629180
12072:             1             16  org.opensearch.script.expression.ExpressionScriptEngine$$Lambda/0x00007fcd286293b8
12073:             1             16  org.opensearch.script.expression.ExpressionScriptEngine$$Lambda/0x00007fcd286295f0
12074:             1             16  org.opensearch.script.mustache.MultiSearchTemplateAction$$Lambda/0x00007fcd28c00b40
12075:             1             16  org.opensearch.script.mustache.MustachePlugin
12076:             1             16  org.opensearch.script.mustache.MustacheScriptEngine
12077:             1             16  org.opensearch.script.mustache.RenderSearchTemplateAction$$Lambda/0x00007fcd28c00430
12078:             1             16  org.opensearch.script.mustache.SearchTemplateAction$$Lambda/0x00007fcd28c00000
12079:             1             16  org.opensearch.script.mustache.TransportMultiSearchTemplateAction$$Lambda/0x00007fcd28d846c8
12080:             1             16  org.opensearch.script.mustache.TransportSearchTemplateAction$$Lambda/0x00007fcd28d848e0
12081:             1             16  org.opensearch.script.mustache.TransportSearchTemplateAction$$Lambda/0x00007fcd28d84af8
12082:             1             16  org.opensearch.search.DefaultSearchContext$$Lambda/0x00007fcd292fc000
12083:             1             16  org.opensearch.search.DocValueFormat$1
12084:             1             16  org.opensearch.search.DocValueFormat$2
12085:             1             16  org.opensearch.search.DocValueFormat$3
12086:             1             16  org.opensearch.search.DocValueFormat$4
12087:             1             16  org.opensearch.search.DocValueFormat$5
12088:             1             16  org.opensearch.search.DocValueFormat$6
12089:             1             16  org.opensearch.search.DocValueFormat$7
12090:             1             16  org.opensearch.search.DocValueFormat$8
12091:             1             16  org.opensearch.search.RescoreDocIds
12092:             1             16  org.opensearch.search.RescoreDocIds$$Lambda/0x00007fcd29213a10
12093:             1             16  org.opensearch.search.RescoreDocIds$$Lambda/0x00007fcd29213c28
12094:             1             16  org.opensearch.search.RescoreDocIds$$Lambda/0x00007fcd293d4800
12095:             1             16  org.opensearch.search.RescoreDocIds$$Lambda/0x00007fcd293d4c30
12096:             1             16  org.opensearch.search.SearchHit$$Lambda/0x00007fcd29214038
12097:             1             16  org.opensearch.search.SearchHit$$Lambda/0x00007fcd29214250
12098:             1             16  org.opensearch.search.SearchHit$$Lambda/0x00007fcd292148c8
12099:             1             16  org.opensearch.search.SearchHit$$Lambda/0x00007fcd29214af0
12100:             1             16  org.opensearch.search.SearchHit$$Lambda/0x00007fcd29214d18
12101:             1             16  org.opensearch.search.SearchHit$$Lambda/0x00007fcd29214f40
12102:             1             16  org.opensearch.search.SearchHit$$Lambda/0x00007fcd29215168
12103:             1             16  org.opensearch.search.SearchHit$$Lambda/0x00007fcd29215380
12104:             1             16  org.opensearch.search.SearchHit$$Lambda/0x00007fcd292155a8
12105:             1             16  org.opensearch.search.SearchHit$$Lambda/0x00007fcd292157d0
12106:             1             16  org.opensearch.search.SearchHit$$Lambda/0x00007fcd292159f8
12107:             1             16  org.opensearch.search.SearchHit$$Lambda/0x00007fcd29215c20
12108:             1             16  org.opensearch.search.SearchHit$$Lambda/0x00007fcd29215e38
12109:             1             16  org.opensearch.search.SearchHit$$Lambda/0x00007fcd29216060
12110:             1             16  org.opensearch.search.SearchHit$$Lambda/0x00007fcd29216278
12111:             1             16  org.opensearch.search.SearchHit$$Lambda/0x00007fcd292164a0
12112:             1             16  org.opensearch.search.SearchHit$$Lambda/0x00007fcd292166b8
12113:             1             16  org.opensearch.search.SearchHit$$Lambda/0x00007fcd292168e0
12114:             1             16  org.opensearch.search.SearchHit$$Lambda/0x00007fcd29216af8
12115:             1             16  org.opensearch.search.SearchHit$$Lambda/0x00007fcd29216d20
12116:             1             16  org.opensearch.search.SearchHit$$Lambda/0x00007fcd29218a88
12117:             1             16  org.opensearch.search.SearchHit$$Lambda/0x00007fcd29218cb0
12118:             1             16  org.opensearch.search.SearchHit$$Lambda/0x00007fcd29219268
12119:             1             16  org.opensearch.search.SearchHit$$Lambda/0x00007fcd292196a8
12120:             1             16  org.opensearch.search.SearchHit$$Lambda/0x00007fcd29219cf0
12121:             1             16  org.opensearch.search.SearchHit$$Lambda/0x00007fcd2921b188
12122:             1             16  org.opensearch.search.SearchHit$$Lambda/0x00007fcd2921bc10
12123:             1             16  org.opensearch.search.SearchHit$$Lambda/0x00007fcd29220000
12124:             1             16  org.opensearch.search.SearchHit$$Lambda/0x00007fcd29220218
12125:             1             16  org.opensearch.search.SearchHit$$Lambda/0x00007fcd29220700
12126:             1             16  org.opensearch.search.SearchHit$$Lambda/0x00007fcd29220918
12127:             1             16  org.opensearch.search.SearchHit$$Lambda/0x00007fcd29220b30
12128:             1             16  org.opensearch.search.SearchHit$$Lambda/0x00007fcd292215a8
12129:             1             16  org.opensearch.search.SearchHits$$Lambda/0x00007fcd292217c0
12130:             1             16  org.opensearch.search.SearchHits$$Lambda/0x00007fcd292219d8
12131:             1             16  org.opensearch.search.SearchHits$$Lambda/0x00007fcd29221bf0
12132:             1             16  org.opensearch.search.SearchHits$$Lambda/0x00007fcd29221e08
12133:             1             16  org.opensearch.search.SearchModule$$Lambda/0x00007fcd2874b5e0
12134:             1             16  org.opensearch.search.SearchModule$$Lambda/0x00007fcd2874ba30
12135:             1             16  org.opensearch.search.SearchModule$$Lambda/0x00007fcd28754240
12136:             1             16  org.opensearch.search.SearchModule$$Lambda/0x00007fcd287554b0
12137:             1             16  org.opensearch.search.SearchModule$$Lambda/0x00007fcd287556c8
12138:             1             16  org.opensearch.search.SearchModule$$Lambda/0x00007fcd28756560
12139:             1             16  org.opensearch.search.SearchModule$$Lambda/0x00007fcd28756f08
12140:             1             16  org.opensearch.search.SearchModule$$Lambda/0x00007fcd28757120
12141:             1             16  org.opensearch.search.SearchModule$$Lambda/0x00007fcd28757988
12142:             1             16  org.opensearch.search.SearchModule$$Lambda/0x00007fcd28758660
12143:             1             16  org.opensearch.search.SearchModule$$Lambda/0x00007fcd28758878
12144:             1             16  org.opensearch.search.SearchModule$$Lambda/0x00007fcd287590c0
12145:             1             16  org.opensearch.search.SearchModule$$Lambda/0x00007fcd287592d8
12146:             1             16  org.opensearch.search.SearchModule$$Lambda/0x00007fcd2875b638
12147:             1             16  org.opensearch.search.SearchModule$$Lambda/0x00007fcd2875c4f0
12148:             1             16  org.opensearch.search.SearchModule$$Lambda/0x00007fcd2875c928
12149:             1             16  org.opensearch.search.SearchModule$$Lambda/0x00007fcd2875cd38
12150:             1             16  org.opensearch.search.SearchModule$$Lambda/0x00007fcd2875e078
12151:             1             16  org.opensearch.search.SearchModule$$Lambda/0x00007fcd28762488
12152:             1             16  org.opensearch.search.SearchModule$$Lambda/0x00007fcd28762de8
12153:             1             16  org.opensearch.search.SearchModule$$Lambda/0x00007fcd28763998
12154:             1             16  org.opensearch.search.SearchModule$$Lambda/0x00007fcd28763bb0
12155:             1             16  org.opensearch.search.SearchModule$$Lambda/0x00007fcd28764320
12156:             1             16  org.opensearch.search.SearchModule$$Lambda/0x00007fcd28764538
12157:             1             16  org.opensearch.search.SearchModule$$Lambda/0x00007fcd28764a20
12158:             1             16  org.opensearch.search.SearchModule$$Lambda/0x00007fcd28764c38
12159:             1             16  org.opensearch.search.SearchModule$$Lambda/0x00007fcd28765ca0
12160:             1             16  org.opensearch.search.SearchModule$$Lambda/0x00007fcd287660b0
12161:             1             16  org.opensearch.search.SearchModule$$Lambda/0x00007fcd287668b8
12162:             1             16  org.opensearch.search.SearchModule$$Lambda/0x00007fcd28766ad0
12163:             1             16  org.opensearch.search.SearchModule$$Lambda/0x00007fcd287670c8
12164:             1             16  org.opensearch.search.SearchModule$$Lambda/0x00007fcd287672e0
12165:             1             16  org.opensearch.search.SearchModule$$Lambda/0x00007fcd287679c8
12166:             1             16  org.opensearch.search.SearchModule$$Lambda/0x00007fcd28767be0
12167:             1             16  org.opensearch.search.SearchModule$$Lambda/0x00007fcd287685f8
12168:             1             16  org.opensearch.search.SearchModule$$Lambda/0x00007fcd28768810
12169:             1             16  org.opensearch.search.SearchModule$$Lambda/0x00007fcd28769040
12170:             1             16  org.opensearch.search.SearchModule$$Lambda/0x00007fcd28769258
12171:             1             16  org.opensearch.search.SearchModule$$Lambda/0x00007fcd28769808
12172:             1             16  org.opensearch.search.SearchModule$$Lambda/0x00007fcd28769a20
12173:             1             16  org.opensearch.search.SearchModule$$Lambda/0x00007fcd28769fc0
12174:             1             16  org.opensearch.search.SearchModule$$Lambda/0x00007fcd2876a1d8
12175:             1             16  org.opensearch.search.SearchModule$$Lambda/0x00007fcd2876adc8
12176:             1             16  org.opensearch.search.SearchModule$$Lambda/0x00007fcd2876afe0
12177:             1             16  org.opensearch.search.SearchModule$$Lambda/0x00007fcd2876b7d8
12178:             1             16  org.opensearch.search.SearchModule$$Lambda/0x00007fcd2876b9f0
12179:             1             16  org.opensearch.search.SearchModule$$Lambda/0x00007fcd2876f730
12180:             1             16  org.opensearch.search.SearchModule$$Lambda/0x00007fcd2876f948
12181:             1             16  org.opensearch.search.SearchModule$$Lambda/0x00007fcd287703b0
12182:             1             16  org.opensearch.search.SearchModule$$Lambda/0x00007fcd287705c8
12183:             1             16  org.opensearch.search.SearchModule$$Lambda/0x00007fcd28770b80
12184:             1             16  org.opensearch.search.SearchModule$$Lambda/0x00007fcd28770d98
12185:             1             16  org.opensearch.search.SearchModule$$Lambda/0x00007fcd287715f8
12186:             1             16  org.opensearch.search.SearchModule$$Lambda/0x00007fcd28771810
12187:             1             16  org.opensearch.search.SearchModule$$Lambda/0x00007fcd28771e70
12188:             1             16  org.opensearch.search.SearchModule$$Lambda/0x00007fcd28772088
12189:             1             16  org.opensearch.search.SearchModule$$Lambda/0x00007fcd28772750
12190:             1             16  org.opensearch.search.SearchModule$$Lambda/0x00007fcd28772968
12191:             1             16  org.opensearch.search.SearchModule$$Lambda/0x00007fcd28772fa0
12192:             1             16  org.opensearch.search.SearchModule$$Lambda/0x00007fcd287731b8
12193:             1             16  org.opensearch.search.SearchModule$$Lambda/0x00007fcd287737f0
12194:             1             16  org.opensearch.search.SearchModule$$Lambda/0x00007fcd28773a08
12195:             1             16  org.opensearch.search.SearchModule$$Lambda/0x00007fcd28773fb0
12196:             1             16  org.opensearch.search.SearchModule$$Lambda/0x00007fcd287741c8
12197:             1             16  org.opensearch.search.SearchModule$$Lambda/0x00007fcd287749d8
12198:             1             16  org.opensearch.search.SearchModule$$Lambda/0x00007fcd28774bf0
12199:             1             16  org.opensearch.search.SearchModule$$Lambda/0x00007fcd28775468
12200:             1             16  org.opensearch.search.SearchModule$$Lambda/0x00007fcd28775680
12201:             1             16  org.opensearch.search.SearchModule$$Lambda/0x00007fcd28776138
12202:             1             16  org.opensearch.search.SearchModule$$Lambda/0x00007fcd28776350
12203:             1             16  org.opensearch.search.SearchModule$$Lambda/0x00007fcd28776bb0
12204:             1             16  org.opensearch.search.SearchModule$$Lambda/0x00007fcd28776dc8
12205:             1             16  org.opensearch.search.SearchModule$$Lambda/0x00007fcd287773d0
12206:             1             16  org.opensearch.search.SearchModule$$Lambda/0x00007fcd287775e8
12207:             1             16  org.opensearch.search.SearchModule$$Lambda/0x00007fcd287784c0
12208:             1             16  org.opensearch.search.SearchModule$$Lambda/0x00007fcd287786d8
12209:             1             16  org.opensearch.search.SearchModule$$Lambda/0x00007fcd28778d00
12210:             1             16  org.opensearch.search.SearchModule$$Lambda/0x00007fcd28778f18
12211:             1             16  org.opensearch.search.SearchModule$$Lambda/0x00007fcd287794f8
12212:             1             16  org.opensearch.search.SearchModule$$Lambda/0x00007fcd28779710
12213:             1             16  org.opensearch.search.SearchModule$$Lambda/0x00007fcd28779d18
12214:             1             16  org.opensearch.search.SearchModule$$Lambda/0x00007fcd28779f30
12215:             1             16  org.opensearch.search.SearchModule$$Lambda/0x00007fcd2877acb8
12216:             1             16  org.opensearch.search.SearchModule$$Lambda/0x00007fcd2877aed0
12217:             1             16  org.opensearch.search.SearchModule$$Lambda/0x00007fcd2877b478
12218:             1             16  org.opensearch.search.SearchModule$$Lambda/0x00007fcd2877b690
12219:             1             16  org.opensearch.search.SearchModule$$Lambda/0x00007fcd2877c230
12220:             1             16  org.opensearch.search.SearchModule$$Lambda/0x00007fcd2877c448
12221:             1             16  org.opensearch.search.SearchModule$$Lambda/0x00007fcd2877d740
12222:             1             16  org.opensearch.search.SearchModule$$Lambda/0x00007fcd2877d958
12223:             1             16  org.opensearch.search.SearchModule$$Lambda/0x00007fcd2877e1a0
12224:             1             16  org.opensearch.search.SearchModule$$Lambda/0x00007fcd2877e3b8
12225:             1             16  org.opensearch.search.SearchModule$$Lambda/0x00007fcd2877eba0
12226:             1             16  org.opensearch.search.SearchModule$$Lambda/0x00007fcd2877edb8
12227:             1             16  org.opensearch.search.SearchModule$$Lambda/0x00007fcd2877f440
12228:             1             16  org.opensearch.search.SearchModule$$Lambda/0x00007fcd2877f658
12229:             1             16  org.opensearch.search.SearchModule$$Lambda/0x00007fcd28780000
12230:             1             16  org.opensearch.search.SearchModule$$Lambda/0x00007fcd28780218
12231:             1             16  org.opensearch.search.SearchModule$$Lambda/0x00007fcd28780a30
12232:             1             16  org.opensearch.search.SearchModule$$Lambda/0x00007fcd28780c48
12233:             1             16  org.opensearch.search.SearchModule$$Lambda/0x00007fcd28781278
12234:             1             16  org.opensearch.search.SearchModule$$Lambda/0x00007fcd28781490
12235:             1             16  org.opensearch.search.SearchModule$$Lambda/0x00007fcd28781a68
12236:             1             16  org.opensearch.search.SearchModule$$Lambda/0x00007fcd28781c80
12237:             1             16  org.opensearch.search.SearchModule$$Lambda/0x00007fcd28782228
12238:             1             16  org.opensearch.search.SearchModule$$Lambda/0x00007fcd28782440
12239:             1             16  org.opensearch.search.SearchModule$$Lambda/0x00007fcd287829e0
12240:             1             16  org.opensearch.search.SearchModule$$Lambda/0x00007fcd28782bf8
12241:             1             16  org.opensearch.search.SearchModule$$Lambda/0x00007fcd28783f90
12242:             1             16  org.opensearch.search.SearchModule$$Lambda/0x00007fcd287841a8
12243:             1             16  org.opensearch.search.SearchModule$$Lambda/0x00007fcd28784988
12244:             1             16  org.opensearch.search.SearchModule$$Lambda/0x00007fcd28784ba0
12245:             1             16  org.opensearch.search.SearchModule$$Lambda/0x00007fcd28785158
12246:             1             16  org.opensearch.search.SearchModule$$Lambda/0x00007fcd28785370
12247:             1             16  org.opensearch.search.SearchModule$$Lambda/0x00007fcd287859b0
12248:             1             16  org.opensearch.search.SearchModule$$Lambda/0x00007fcd28785bc8
12249:             1             16  org.opensearch.search.SearchModule$$Lambda/0x00007fcd2878a770
12250:             1             16  org.opensearch.search.SearchModule$$Lambda/0x00007fcd2878a988
12251:             1             16  org.opensearch.search.SearchModule$$Lambda/0x00007fcd2878aba0
12252:             1             16  org.opensearch.search.SearchModule$$Lambda/0x00007fcd287925d8
12253:             1             16  org.opensearch.search.SearchModule$$Lambda/0x00007fcd287927f0
12254:             1             16  org.opensearch.search.SearchModule$$Lambda/0x00007fcd287931f0
12255:             1             16  org.opensearch.search.SearchModule$$Lambda/0x00007fcd28793408
12256:             1             16  org.opensearch.search.SearchModule$$Lambda/0x00007fcd28793620
12257:             1             16  org.opensearch.search.SearchModule$$Lambda/0x00007fcd28793d80
12258:             1             16  org.opensearch.search.SearchModule$$Lambda/0x00007fcd28794888
12259:             1             16  org.opensearch.search.SearchModule$$Lambda/0x00007fcd28794aa0
12260:             1             16  org.opensearch.search.SearchModule$$Lambda/0x00007fcd28794cb8
12261:             1             16  org.opensearch.search.SearchModule$$Lambda/0x00007fcd28794ed8
12262:             1             16  org.opensearch.search.SearchModule$$Lambda/0x00007fcd287960b8
12263:             1             16  org.opensearch.search.SearchModule$$Lambda/0x00007fcd287964c8
12264:             1             16  org.opensearch.search.SearchModule$$Lambda/0x00007fcd28797a08
12265:             1             16  org.opensearch.search.SearchModule$$Lambda/0x00007fcd28797c20
12266:             1             16  org.opensearch.search.SearchModule$$Lambda/0x00007fcd28799728
12267:             1             16  org.opensearch.search.SearchModule$$Lambda/0x00007fcd28799bf0
12268:             1             16  org.opensearch.search.SearchModule$$Lambda/0x00007fcd28799e08
12269:             1             16  org.opensearch.search.SearchModule$$Lambda/0x00007fcd2879a020
12270:             1             16  org.opensearch.search.SearchModule$$Lambda/0x00007fcd2879a238
12271:             1             16  org.opensearch.search.SearchModule$$Lambda/0x00007fcd2879a450
12272:             1             16  org.opensearch.search.SearchModule$$Lambda/0x00007fcd2879a668
12273:             1             16  org.opensearch.search.SearchModule$$Lambda/0x00007fcd2879a880
12274:             1             16  org.opensearch.search.SearchModule$$Lambda/0x00007fcd2879aa98
12275:             1             16  org.opensearch.search.SearchModule$$Lambda/0x00007fcd2879b710
12276:             1             16  org.opensearch.search.SearchModule$$Lambda/0x00007fcd2879c278
12277:             1             16  org.opensearch.search.SearchModule$$Lambda/0x00007fcd2879c978
12278:             1             16  org.opensearch.search.SearchModule$$Lambda/0x00007fcd2879d078
12279:             1             16  org.opensearch.search.SearchModule$$Lambda/0x00007fcd2879d768
12280:             1             16  org.opensearch.search.SearchModule$$Lambda/0x00007fcd2879e108
12281:             1             16  org.opensearch.search.SearchModule$$Lambda/0x00007fcd287a0218
12282:             1             16  org.opensearch.search.SearchModule$$Lambda/0x00007fcd287a2788
12283:             1             16  org.opensearch.search.SearchModule$$Lambda/0x00007fcd287a6198
12284:             1             16  org.opensearch.search.SearchModule$$Lambda/0x00007fcd287a63b0
12285:             1             16  org.opensearch.search.SearchModule$$Lambda/0x00007fcd287aa528
12286:             1             16  org.opensearch.search.SearchModule$$Lambda/0x00007fcd287acc30
12287:             1             16  org.opensearch.search.SearchModule$$Lambda/0x00007fcd287adbf8
12288:             1             16  org.opensearch.search.SearchModule$$Lambda/0x00007fcd287ae428
12289:             1             16  org.opensearch.search.SearchModule$$Lambda/0x00007fcd287ae640
12290:             1             16  org.opensearch.search.SearchModule$$Lambda/0x00007fcd287aeef0
12291:             1             16  org.opensearch.search.SearchModule$$Lambda/0x00007fcd287af948
12292:             1             16  org.opensearch.search.SearchModule$$Lambda/0x00007fcd287afb60
12293:             1             16  org.opensearch.search.SearchModule$$Lambda/0x00007fcd287b0410
12294:             1             16  org.opensearch.search.SearchModule$$Lambda/0x00007fcd287b1690
12295:             1             16  org.opensearch.search.SearchModule$$Lambda/0x00007fcd287b20e8
12296:             1             16  org.opensearch.search.SearchModule$$Lambda/0x00007fcd287b2300
12297:             1             16  org.opensearch.search.SearchModule$$Lambda/0x00007fcd287b3388
12298:             1             16  org.opensearch.search.SearchModule$$Lambda/0x00007fcd287b43f0
12299:             1             16  org.opensearch.search.SearchModule$$Lambda/0x00007fcd287b4608
12300:             1             16  org.opensearch.search.SearchModule$$Lambda/0x00007fcd287b5a08
12301:             1             16  org.opensearch.search.SearchModule$$Lambda/0x00007fcd287b7260
12302:             1             16  org.opensearch.search.SearchModule$$Lambda/0x00007fcd287b7478
12303:             1             16  org.opensearch.search.SearchModule$$Lambda/0x00007fcd287baae8
12304:             1             16  org.opensearch.search.SearchModule$$Lambda/0x00007fcd287bb578
12305:             1             16  org.opensearch.search.SearchModule$$Lambda/0x00007fcd287bb790
12306:             1             16  org.opensearch.search.SearchModule$$Lambda/0x00007fcd287bc000
12307:             1             16  org.opensearch.search.SearchModule$$Lambda/0x00007fcd287bca50
12308:             1             16  org.opensearch.search.SearchModule$$Lambda/0x00007fcd287bcc68
12309:             1             16  org.opensearch.search.SearchModule$$Lambda/0x00007fcd287bee40
12310:             1             16  org.opensearch.search.SearchModule$$Lambda/0x00007fcd287bf058
12311:             1             16  org.opensearch.search.SearchModule$$Lambda/0x00007fcd287c20b8
12312:             1             16  org.opensearch.search.SearchModule$$Lambda/0x00007fcd287c22d0
12313:             1             16  org.opensearch.search.SearchModule$$Lambda/0x00007fcd287c2b68
12314:             1             16  org.opensearch.search.SearchModule$$Lambda/0x00007fcd287c3208
12315:             1             16  org.opensearch.search.SearchModule$$Lambda/0x00007fcd287c3420
12316:             1             16  org.opensearch.search.SearchModule$$Lambda/0x00007fcd287c5680
12317:             1             16  org.opensearch.search.SearchModule$$Lambda/0x00007fcd287c6440
12318:             1             16  org.opensearch.search.SearchModule$$Lambda/0x00007fcd287c72b8
12319:             1             16  org.opensearch.search.SearchModule$$Lambda/0x00007fcd287c74d0
12320:             1             16  org.opensearch.search.SearchModule$$Lambda/0x00007fcd287c8958
12321:             1             16  org.opensearch.search.SearchModule$$Lambda/0x00007fcd287c8b70
12322:             1             16  org.opensearch.search.SearchModule$$Lambda/0x00007fcd287ca958
12323:             1             16  org.opensearch.search.SearchModule$$Lambda/0x00007fcd287cab70
12324:             1             16  org.opensearch.search.SearchModule$$Lambda/0x00007fcd287cbdc8
12325:             1             16  org.opensearch.search.SearchModule$$Lambda/0x00007fcd287ce940
12326:             1             16  org.opensearch.search.SearchModule$$Lambda/0x00007fcd287cf580
12327:             1             16  org.opensearch.search.SearchModule$$Lambda/0x00007fcd287cf798
12328:             1             16  org.opensearch.search.SearchModule$$Lambda/0x00007fcd287d0000
12329:             1             16  org.opensearch.search.SearchModule$$Lambda/0x00007fcd287d0218
12330:             1             16  org.opensearch.search.SearchModule$$Lambda/0x00007fcd287d0a28
12331:             1             16  org.opensearch.search.SearchModule$$Lambda/0x00007fcd287d1260
12332:             1             16  org.opensearch.search.SearchModule$$Lambda/0x00007fcd287d1478
12333:             1             16  org.opensearch.search.SearchModule$$Lambda/0x00007fcd287d2f68
12334:             1             16  org.opensearch.search.SearchModule$$Lambda/0x00007fcd287d3778
12335:             1             16  org.opensearch.search.SearchModule$$Lambda/0x00007fcd287d3990
12336:             1             16  org.opensearch.search.SearchModule$$Lambda/0x00007fcd287d46b0
12337:             1             16  org.opensearch.search.SearchModule$$Lambda/0x00007fcd287d4eb8
12338:             1             16  org.opensearch.search.SearchModule$$Lambda/0x00007fcd287d50d0
12339:             1             16  org.opensearch.search.SearchModule$$Lambda/0x00007fcd287d58e0
12340:             1             16  org.opensearch.search.SearchModule$$Lambda/0x00007fcd287d5ef8
12341:             1             16  org.opensearch.search.SearchModule$$Lambda/0x00007fcd287d67d0
12342:             1             16  org.opensearch.search.SearchModule$$Lambda/0x00007fcd287d8660
12343:             1             16  org.opensearch.search.SearchModule$$Lambda/0x00007fcd287d9de8
12344:             1             16  org.opensearch.search.SearchModule$$Lambda/0x00007fcd287e14f8
12345:             1             16  org.opensearch.search.SearchModule$$Lambda/0x00007fcd287e1ef8
12346:             1             16  org.opensearch.search.SearchModule$$Lambda/0x00007fcd287e2908
12347:             1             16  org.opensearch.search.SearchModule$$Lambda/0x00007fcd287e3318
12348:             1             16  org.opensearch.search.SearchModule$$Lambda/0x00007fcd287e3d28
12349:             1             16  org.opensearch.search.SearchModule$$Lambda/0x00007fcd287e3f40
12350:             1             16  org.opensearch.search.SearchModule$$Lambda/0x00007fcd287e65e0
12351:             1             16  org.opensearch.search.SearchModule$$Lambda/0x00007fcd287e9140
12352:             1             16  org.opensearch.search.SearchModule$$Lambda/0x00007fcd287e9af0
12353:             1             16  org.opensearch.search.SearchModule$$Lambda/0x00007fcd287ea4d0
12354:             1             16  org.opensearch.search.SearchModule$$Lambda/0x00007fcd287ea6e8
12355:             1             16  org.opensearch.search.SearchModule$$Lambda/0x00007fcd287ebe90
12356:             1             16  org.opensearch.search.SearchModule$$Lambda/0x00007fcd287ec0a8
12357:             1             16  org.opensearch.search.SearchModule$$Lambda/0x00007fcd287edb40
12358:             1             16  org.opensearch.search.SearchModule$$Lambda/0x00007fcd287ee580
12359:             1             16  org.opensearch.search.SearchModule$$Lambda/0x00007fcd287eefb0
12360:             1             16  org.opensearch.search.SearchModule$$Lambda/0x00007fcd287ef1c8
12361:             1             16  org.opensearch.search.SearchModule$$Lambda/0x00007fcd287f26b0
12362:             1             16  org.opensearch.search.SearchModule$$Lambda/0x00007fcd287f28c8
12363:             1             16  org.opensearch.search.SearchModule$$Lambda/0x00007fcd287f3888
12364:             1             16  org.opensearch.search.SearchModule$$Lambda/0x00007fcd287f58f8
12365:             1             16  org.opensearch.search.SearchModule$$Lambda/0x00007fcd287f5b10
12366:             1             16  org.opensearch.search.SearchModule$$Lambda/0x00007fcd287f7060
12367:             1             16  org.opensearch.search.SearchModule$$Lambda/0x00007fcd287fa000
12368:             1             16  org.opensearch.search.SearchModule$$Lambda/0x00007fcd287fc3f0
12369:             1             16  org.opensearch.search.SearchModule$$Lambda/0x00007fcd287fc608
12370:             1             16  org.opensearch.search.SearchModule$$Lambda/0x00007fcd287fcec0
12371:             1             16  org.opensearch.search.SearchModule$$Lambda/0x00007fcd287fe500
12372:             1             16  org.opensearch.search.SearchModule$$Lambda/0x00007fcd287fe718
12373:             1             16  org.opensearch.search.SearchModule$$Lambda/0x00007fcd28800000
12374:             1             16  org.opensearch.search.SearchModule$$Lambda/0x00007fcd28800218
12375:             1             16  org.opensearch.search.SearchModule$$Lambda/0x00007fcd288020f8
12376:             1             16  org.opensearch.search.SearchModule$$Lambda/0x00007fcd28804400
12377:             1             16  org.opensearch.search.SearchModule$$Lambda/0x00007fcd28808000
12378:             1             16  org.opensearch.search.SearchModule$$Lambda/0x00007fcd28809ea0
12379:             1             16  org.opensearch.search.SearchModule$$Lambda/0x00007fcd2880b4f8
12380:             1             16  org.opensearch.search.SearchModule$$Lambda/0x00007fcd2880b710
12381:             1             16  org.opensearch.search.SearchModule$$Lambda/0x00007fcd2880cc00
12382:             1             16  org.opensearch.search.SearchModule$$Lambda/0x00007fcd2880f6b0
12383:             1             16  org.opensearch.search.SearchModule$$Lambda/0x00007fcd28810000
12384:             1             16  org.opensearch.search.SearchModule$$Lambda/0x00007fcd28811878
12385:             1             16  org.opensearch.search.SearchModule$$Lambda/0x00007fcd28811a90
12386:             1             16  org.opensearch.search.SearchModule$$Lambda/0x00007fcd28812098
12387:             1             16  org.opensearch.search.SearchModule$$Lambda/0x00007fcd288122b0
12388:             1             16  org.opensearch.search.SearchModule$$Lambda/0x00007fcd28814cd8
12389:             1             16  org.opensearch.search.SearchModule$$Lambda/0x00007fcd28815000
12390:             1             16  org.opensearch.search.SearchModule$$Lambda/0x00007fcd28815218
12391:             1             16  org.opensearch.search.SearchModule$$Lambda/0x00007fcd28815a28
12392:             1             16  org.opensearch.search.SearchModule$$Lambda/0x00007fcd28816c60
12393:             1             16  org.opensearch.search.SearchModule$$Lambda/0x00007fcd28816e78
12394:             1             16  org.opensearch.search.SearchModule$$Lambda/0x00007fcd28817688
12395:             1             16  org.opensearch.search.SearchModule$$Lambda/0x00007fcd28818000
12396:             1             16  org.opensearch.search.SearchModule$$Lambda/0x00007fcd288187a8
12397:             1             16  org.opensearch.search.SearchModule$$Lambda/0x00007fcd28819048
12398:             1             16  org.opensearch.search.SearchModule$$Lambda/0x00007fcd28819a28
12399:             1             16  org.opensearch.search.SearchModule$$Lambda/0x00007fcd28819c40
12400:             1             16  org.opensearch.search.SearchModule$$Lambda/0x00007fcd2881ac68
12401:             1             16  org.opensearch.search.SearchModule$$Lambda/0x00007fcd2881c0d8
12402:             1             16  org.opensearch.search.SearchModule$$Lambda/0x00007fcd2881c8f8
12403:             1             16  org.opensearch.search.SearchModule$$Lambda/0x00007fcd2881e440
12404:             1             16  org.opensearch.search.SearchModule$$Lambda/0x00007fcd2881e658
12405:             1             16  org.opensearch.search.SearchModule$$Lambda/0x00007fcd28829ca0
12406:             1             16  org.opensearch.search.SearchModule$$Lambda/0x00007fcd2882c000
12407:             1             16  org.opensearch.search.SearchModule$$Lambda/0x00007fcd28830000
12408:             1             16  org.opensearch.search.SearchModule$$Lambda/0x00007fcd28830850
12409:             1             16  org.opensearch.search.SearchModule$$Lambda/0x00007fcd28831b20
12410:             1             16  org.opensearch.search.SearchModule$$Lambda/0x00007fcd28833708
12411:             1             16  org.opensearch.search.SearchModule$$Lambda/0x00007fcd28844000
12412:             1             16  org.opensearch.search.SearchModule$$Lambda/0x00007fcd28844720
12413:             1             16  org.opensearch.search.SearchModule$$Lambda/0x00007fcd28844e48
12414:             1             16  org.opensearch.search.SearchModule$$Lambda/0x00007fcd28845578
12415:             1             16  org.opensearch.search.SearchModule$$Lambda/0x00007fcd28845bc8
12416:             1             16  org.opensearch.search.SearchModule$$Lambda/0x00007fcd28846ad0
12417:             1             16  org.opensearch.search.SearchModule$$Lambda/0x00007fcd28846ce8
12418:             1             16  org.opensearch.search.SearchModule$$Lambda/0x00007fcd28846f00
12419:             1             16  org.opensearch.search.SearchModule$$Lambda/0x00007fcd28848000
12420:             1             16  org.opensearch.search.SearchModule$$Lambda/0x00007fcd288492f0
12421:             1             16  org.opensearch.search.SearchModule$$Lambda/0x00007fcd28849b10
12422:             1             16  org.opensearch.search.SearchModule$$Lambda/0x00007fcd2884a190
12423:             1             16  org.opensearch.search.SearchModule$$Lambda/0x00007fcd2884a9d0
12424:             1             16  org.opensearch.search.SearchModule$$Lambda/0x00007fcd2884abe8
12425:             1             16  org.opensearch.search.SearchModule$$Lambda/0x00007fcd2884b658
12426:             1             16  org.opensearch.search.SearchModule$$Lambda/0x00007fcd2884b870
12427:             1             16  org.opensearch.search.SearchModule$$Lambda/0x00007fcd2884bcc0
12428:             1             16  org.opensearch.search.SearchModule$$Lambda/0x00007fcd2884c4f8
12429:             1             16  org.opensearch.search.SearchModule$$Lambda/0x00007fcd2884c710
12430:             1             16  org.opensearch.search.SearchModule$$Lambda/0x00007fcd2884d180
12431:             1             16  org.opensearch.search.SearchModule$$Lambda/0x00007fcd2884da88
12432:             1             16  org.opensearch.search.SearchModule$$Lambda/0x00007fcd2884ded8
12433:             1             16  org.opensearch.search.SearchModule$$Lambda/0x00007fcd2884e720
12434:             1             16  org.opensearch.search.SearchModule$$Lambda/0x00007fcd2884f230
12435:             1             16  org.opensearch.search.SearchModule$$Lambda/0x00007fcd2884f680
12436:             1             16  org.opensearch.search.SearchModule$$Lambda/0x00007fcd28850000
12437:             1             16  org.opensearch.search.SearchModule$$Lambda/0x00007fcd288508b0
12438:             1             16  org.opensearch.search.SearchModule$$Lambda/0x00007fcd28850d00
12439:             1             16  org.opensearch.search.SearchModule$$Lambda/0x00007fcd28851188
12440:             1             16  org.opensearch.search.SearchModule$$Lambda/0x00007fcd288513a0
12441:             1             16  org.opensearch.search.SearchModule$$Lambda/0x00007fcd288515b8
12442:             1             16  org.opensearch.search.SearchModule$$Lambda/0x00007fcd28851db0
12443:             1             16  org.opensearch.search.SearchModule$$Lambda/0x00007fcd28851fc8
12444:             1             16  org.opensearch.search.SearchModule$$Lambda/0x00007fcd28852c18
12445:             1             16  org.opensearch.search.SearchModule$$Lambda/0x00007fcd28852e30
12446:             1             16  org.opensearch.search.SearchModule$$Lambda/0x00007fcd28854320
12447:             1             16  org.opensearch.search.SearchModule$$Lambda/0x00007fcd28854538
12448:             1             16  org.opensearch.search.SearchModule$$Lambda/0x00007fcd28854750
12449:             1             16  org.opensearch.search.SearchModule$$Lambda/0x00007fcd28854f50
12450:             1             16  org.opensearch.search.SearchModule$$Lambda/0x00007fcd28855168
12451:             1             16  org.opensearch.search.SearchModule$$Lambda/0x00007fcd28855380
12452:             1             16  org.opensearch.search.SearchModule$$Lambda/0x00007fcd28855ba0
12453:             1             16  org.opensearch.search.SearchModule$$Lambda/0x00007fcd28855db8
12454:             1             16  org.opensearch.search.SearchModule$$Lambda/0x00007fcd28855fd0
12455:             1             16  org.opensearch.search.SearchModule$$Lambda/0x00007fcd288567f8
12456:             1             16  org.opensearch.search.SearchModule$$Lambda/0x00007fcd28856a10
12457:             1             16  org.opensearch.search.SearchModule$$Lambda/0x00007fcd288578f8
12458:             1             16  org.opensearch.search.SearchModule$$Lambda/0x00007fcd2885a1a8
12459:             1             16  org.opensearch.search.SearchModule$$Lambda/0x00007fcd2886c018
12460:             1             16  org.opensearch.search.SearchModule$$Lambda/0x00007fcd2886c230
12461:             1             16  org.opensearch.search.SearchModule$$Lambda/0x00007fcd2886c448
12462:             1             16  org.opensearch.search.SearchModule$$Lambda/0x00007fcd2886c660
12463:             1             16  org.opensearch.search.SearchModule$$Lambda/0x00007fcd2886c878
12464:             1             16  org.opensearch.search.SearchModule$$Lambda/0x00007fcd2886ca90
12465:             1             16  org.opensearch.search.SearchModule$$Lambda/0x00007fcd2886cca8
12466:             1             16  org.opensearch.search.SearchModule$$Lambda/0x00007fcd2886ec20
12467:             1             16  org.opensearch.search.SearchService$$Lambda/0x00007fcd28d094e0
12468:             1             16  org.opensearch.search.SearchService$$Lambda/0x00007fcd28d09710
12469:             1             16  org.opensearch.search.SearchService$$Lambda/0x00007fcd28d09940
12470:             1             16  org.opensearch.search.SearchService$$Lambda/0x00007fcd28d09b70
12471:             1             16  org.opensearch.search.SearchService$$Lambda/0x00007fcd28d09fc8
12472:             1             16  org.opensearch.search.SearchService$$Lambda/0x00007fcd28d0a1f8
12473:             1             16  org.opensearch.search.SearchService$$Lambda/0x00007fcd28d0a428
12474:             1             16  org.opensearch.search.SearchService$$Lambda/0x00007fcd28d0a658
12475:             1             16  org.opensearch.search.SearchService$$Lambda/0x00007fcd28d0a888
12476:             1             16  org.opensearch.search.SearchService$$Lambda/0x00007fcd28d0aab8
12477:             1             16  org.opensearch.search.SearchService$$Lambda/0x00007fcd29205120
12478:             1             16  org.opensearch.search.SearchService$$Lambda/0x00007fcd292f1238
12479:             1             16  org.opensearch.search.SearchService$$Lambda/0x00007fcd292f4660
12480:             1             16  org.opensearch.search.SearchService$$Lambda/0x00007fcd2933b8a0
12481:             1             16  org.opensearch.search.SearchService$$Lambda/0x00007fcd2933ed78
12482:             1             16  org.opensearch.search.SearchService$Reaper
12483:             1             16  org.opensearch.search.SearchSortValues$$Lambda/0x00007fcd29220d48
12484:             1             16  org.opensearch.search.SearchSortValues$$Lambda/0x00007fcd29220f60
12485:             1             16  org.opensearch.search.SearchSortValues$$Lambda/0x00007fcd29221178
12486:             1             16  org.opensearch.search.SearchSortValues$$Lambda/0x00007fcd29221390
12487:             1             16  org.opensearch.search.aggregations.AggregatorFactories$1
12488:             1             16  org.opensearch.search.aggregations.BucketCollector$1
12489:             1             16  org.opensearch.search.aggregations.CardinalityUpperBound$1
12490:             1             16  org.opensearch.search.aggregations.CardinalityUpperBound$2
12491:             1             16  org.opensearch.search.aggregations.CardinalityUpperBound$KnownCardinalityUpperBound
12492:             1             16  org.opensearch.search.aggregations.InternalAggregations$$Lambda/0x00007fcd293d6cc8
12493:             1             16  org.opensearch.search.aggregations.InternalOrder$$Lambda/0x00007fcd29300000
12494:             1             16  org.opensearch.search.aggregations.InternalOrder$$Lambda/0x00007fcd29300218
12495:             1             16  org.opensearch.search.aggregations.LeafBucketCollector$1
12496:             1             16  org.opensearch.search.aggregations.MultiBucketConsumerService$$Lambda/0x00007fcd28d05d58
12497:             1             16  org.opensearch.search.aggregations.NonGlobalAggCollectorManagerWithSingleCollector$$Lambda/0x00007fcd292de9f8
12498:             1             16  org.opensearch.search.aggregations.bucket.FastFilterRewriteHelper$$Lambda/0x00007fcd292cd800
12499:             1             16  org.opensearch.search.aggregations.bucket.FastFilterRewriteHelper$$Lambda/0x00007fcd292d0000
12500:             1             16  org.opensearch.search.aggregations.bucket.FastFilterRewriteHelper$$Lambda/0x00007fcd292d0c00
12501:             1             16  org.opensearch.search.aggregations.bucket.FastFilterRewriteHelper$$Lambda/0x00007fcd292d2400
12502:             1             16  org.opensearch.search.aggregations.bucket.composite.CompositeAggregationBuilder$$Lambda/0x00007fcd2881cb10
12503:             1             16  org.opensearch.search.aggregations.bucket.composite.CompositeAggregationBuilder$$Lambda/0x00007fcd2881d058
12504:             1             16  org.opensearch.search.aggregations.bucket.composite.CompositeAggregationBuilder$$Lambda/0x00007fcd2881d270
12505:             1             16  org.opensearch.search.aggregations.bucket.composite.CompositeAggregationBuilder$$Lambda/0x00007fcd2881d498
12506:             1             16  org.opensearch.search.aggregations.bucket.composite.CompositeAggregationBuilder$$Lambda/0x00007fcd2881d6c0
12507:             1             16  org.opensearch.search.aggregations.bucket.composite.CompositeAggregationBuilder$$Lambda/0x00007fcd28826430
12508:             1             16  org.opensearch.search.aggregations.bucket.composite.CompositeValuesSourceParserHelper$$Lambda/0x00007fcd28820c90
12509:             1             16  org.opensearch.search.aggregations.bucket.composite.CompositeValuesSourceParserHelper$$Lambda/0x00007fcd28820eb8
12510:             1             16  org.opensearch.search.aggregations.bucket.composite.CompositeValuesSourceParserHelper$$Lambda/0x00007fcd288210d0
12511:             1             16  org.opensearch.search.aggregations.bucket.composite.CompositeValuesSourceParserHelper$$Lambda/0x00007fcd288212f8
12512:             1             16  org.opensearch.search.aggregations.bucket.composite.CompositeValuesSourceParserHelper$$Lambda/0x00007fcd28821520
12513:             1             16  org.opensearch.search.aggregations.bucket.composite.CompositeValuesSourceParserHelper$$Lambda/0x00007fcd28821748
12514:             1             16  org.opensearch.search.aggregations.bucket.composite.CompositeValuesSourceParserHelper$$Lambda/0x00007fcd28821960
12515:             1             16  org.opensearch.search.aggregations.bucket.composite.CompositeValuesSourceParserHelper$$Lambda/0x00007fcd28821b88
12516:             1             16  org.opensearch.search.aggregations.bucket.composite.CompositeValuesSourceParserHelper$$Lambda/0x00007fcd28821da0
12517:             1             16  org.opensearch.search.aggregations.bucket.composite.CompositeValuesSourceParserHelper$$Lambda/0x00007fcd28821fc8
12518:             1             16  org.opensearch.search.aggregations.bucket.composite.DateHistogramValuesSourceBuilder$$Lambda/0x00007fcd2881f6a8
12519:             1             16  org.opensearch.search.aggregations.bucket.composite.DateHistogramValuesSourceBuilder$$Lambda/0x00007fcd2881f8e0
12520:             1             16  org.opensearch.search.aggregations.bucket.composite.DateHistogramValuesSourceBuilder$$Lambda/0x00007fcd2881fb08
12521:             1             16  org.opensearch.search.aggregations.bucket.composite.DateHistogramValuesSourceBuilder$$Lambda/0x00007fcd2881fd30
12522:             1             16  org.opensearch.search.aggregations.bucket.composite.DateHistogramValuesSourceBuilder$$Lambda/0x00007fcd28820000
12523:             1             16  org.opensearch.search.aggregations.bucket.composite.DateHistogramValuesSourceBuilder$$Lambda/0x00007fcd28820228
12524:             1             16  org.opensearch.search.aggregations.bucket.composite.DateHistogramValuesSourceBuilder$$Lambda/0x00007fcd28822698
12525:             1             16  org.opensearch.search.aggregations.bucket.composite.HistogramValuesSourceBuilder$$Lambda/0x00007fcd28823020
12526:             1             16  org.opensearch.search.aggregations.bucket.composite.HistogramValuesSourceBuilder$$Lambda/0x00007fcd28823248
12527:             1             16  org.opensearch.search.aggregations.bucket.composite.TermsValuesSourceBuilder$$Lambda/0x00007fcd28826000
12528:             1             16  org.opensearch.search.aggregations.bucket.composite.TermsValuesSourceBuilder$$Lambda/0x00007fcd28826218
12529:             1             16  org.opensearch.search.aggregations.bucket.histogram.AutoDateHistogramAggregationBuilder$$Lambda/0x00007fcd2880a2b0
12530:             1             16  org.opensearch.search.aggregations.bucket.histogram.AutoDateHistogramAggregationBuilder$$Lambda/0x00007fcd2880a4e8
12531:             1             16  org.opensearch.search.aggregations.bucket.histogram.AutoDateHistogramAggregationBuilder$$Lambda/0x00007fcd2880a710
12532:             1             16  org.opensearch.search.aggregations.bucket.histogram.AutoDateHistogramAggregatorFactory$$Lambda/0x00007fcd2880ede8
12533:             1             16  org.opensearch.search.aggregations.bucket.histogram.DateHistogramAggregationBuilder$$Lambda/0x00007fcd28805000
12534:             1             16  org.opensearch.search.aggregations.bucket.histogram.DateHistogramAggregationBuilder$$Lambda/0x00007fcd28805228
12535:             1             16  org.opensearch.search.aggregations.bucket.histogram.DateHistogramAggregationBuilder$$Lambda/0x00007fcd28805440
12536:             1             16  org.opensearch.search.aggregations.bucket.histogram.DateHistogramAggregationBuilder$$Lambda/0x00007fcd28805668
12537:             1             16  org.opensearch.search.aggregations.bucket.histogram.DateHistogramAggregationBuilder$$Lambda/0x00007fcd28805880
12538:             1             16  org.opensearch.search.aggregations.bucket.histogram.DateHistogramAggregationBuilder$$Lambda/0x00007fcd28805aa8
12539:             1             16  org.opensearch.search.aggregations.bucket.histogram.DateHistogramAggregationBuilder$$Lambda/0x00007fcd28806000
12540:             1             16  org.opensearch.search.aggregations.bucket.histogram.DateHistogramAggregationBuilder$$Lambda/0x00007fcd28807458
12541:             1             16  org.opensearch.search.aggregations.bucket.histogram.DateHistogramAggregationBuilder$$Lambda/0x00007fcd28807680
12542:             1             16  org.opensearch.search.aggregations.bucket.histogram.DateHistogramAggregationBuilder$$Lambda/0x00007fcd28807898
12543:             1             16  org.opensearch.search.aggregations.bucket.histogram.DateHistogramAggregationBuilder$$Lambda/0x00007fcd28807ac0
12544:             1             16  org.opensearch.search.aggregations.bucket.histogram.DateHistogramAggregationBuilder$$Lambda/0x00007fcd292fa000
12545:             1             16  org.opensearch.search.aggregations.bucket.histogram.DateHistogramAggregationBuilder$$Lambda/0x00007fcd29301338
12546:             1             16  org.opensearch.search.aggregations.bucket.histogram.DateHistogramAggregator$$Lambda/0x00007fcd293d3d38
12547:             1             16  org.opensearch.search.aggregations.bucket.histogram.DateHistogramAggregator$$Lambda/0x00007fcd293d61f8
12548:             1             16  org.opensearch.search.aggregations.bucket.histogram.DateHistogramAggregatorFactory$$Lambda/0x00007fcd28808df8
12549:             1             16  org.opensearch.search.aggregations.bucket.histogram.DateHistogramAggregatorFactory$$Lambda/0x00007fcd288095d8
12550:             1             16  org.opensearch.search.aggregations.bucket.histogram.DateIntervalWrapper$$Lambda/0x00007fcd28806518
12551:             1             16  org.opensearch.search.aggregations.bucket.histogram.DateIntervalWrapper$$Lambda/0x00007fcd28806740
12552:             1             16  org.opensearch.search.aggregations.bucket.histogram.DateIntervalWrapper$$Lambda/0x00007fcd28806bd8
12553:             1             16  org.opensearch.search.aggregations.bucket.histogram.DateIntervalWrapper$$Lambda/0x00007fcd28806e00
12554:             1             16  org.opensearch.search.aggregations.bucket.histogram.DateIntervalWrapper$$Lambda/0x00007fcd28807018
12555:             1             16  org.opensearch.search.aggregations.bucket.histogram.DateIntervalWrapper$$Lambda/0x00007fcd28807240
12556:             1             16  org.opensearch.search.aggregations.bucket.histogram.DateIntervalWrapper$$Lambda/0x00007fcd293006a8
12557:             1             16  org.opensearch.search.aggregations.bucket.histogram.HistogramAggregationBuilder$$Lambda/0x00007fcd287f9000
12558:             1             16  org.opensearch.search.aggregations.bucket.histogram.HistogramAggregationBuilder$$Lambda/0x00007fcd287f9228
12559:             1             16  org.opensearch.search.aggregations.bucket.histogram.HistogramAggregationBuilder$$Lambda/0x00007fcd287f9440
12560:             1             16  org.opensearch.search.aggregations.bucket.histogram.HistogramAggregationBuilder$$Lambda/0x00007fcd287f9668
12561:             1             16  org.opensearch.search.aggregations.bucket.histogram.HistogramAggregationBuilder$$Lambda/0x00007fcd287fa608
12562:             1             16  org.opensearch.search.aggregations.bucket.histogram.HistogramAggregationBuilder$$Lambda/0x00007fcd287fa820
12563:             1             16  org.opensearch.search.aggregations.bucket.histogram.HistogramAggregationBuilder$$Lambda/0x00007fcd287faa48
12564:             1             16  org.opensearch.search.aggregations.bucket.histogram.HistogramAggregationBuilder$$Lambda/0x00007fcd287fac70
12565:             1             16  org.opensearch.search.aggregations.bucket.histogram.HistogramAggregationBuilder$$Lambda/0x00007fcd287faea8
12566:             1             16  org.opensearch.search.aggregations.bucket.histogram.HistogramAggregationBuilder$$Lambda/0x00007fcd287fb0d0
12567:             1             16  org.opensearch.search.aggregations.bucket.histogram.HistogramAggregationBuilder$$Lambda/0x00007fcd287fb2f8
12568:             1             16  org.opensearch.search.aggregations.bucket.histogram.HistogramAggregationBuilder$$Lambda/0x00007fcd287fb520
12569:             1             16  org.opensearch.search.aggregations.bucket.histogram.HistogramAggregationBuilder$$Lambda/0x00007fcd287fb9d8
12570:             1             16  org.opensearch.search.aggregations.bucket.histogram.HistogramAggregationBuilder$$Lambda/0x00007fcd287fbc00
12571:             1             16  org.opensearch.search.aggregations.bucket.histogram.HistogramAggregatorFactory$$Lambda/0x00007fcd288010c8
12572:             1             16  org.opensearch.search.aggregations.bucket.histogram.HistogramAggregatorFactory$$Lambda/0x00007fcd28801548
12573:             1             16  org.opensearch.search.aggregations.bucket.histogram.LongBounds$$Lambda/0x00007fcd29301b98
12574:             1             16  org.opensearch.search.aggregations.bucket.histogram.LongBounds$$Lambda/0x00007fcd29301dd0
12575:             1             16  org.opensearch.search.aggregations.bucket.histogram.VariableWidthHistogramAggregationBuilder$$Lambda/0x00007fcd2880d000
12576:             1             16  org.opensearch.search.aggregations.bucket.histogram.VariableWidthHistogramAggregationBuilder$$Lambda/0x00007fcd2880d228
12577:             1             16  org.opensearch.search.aggregations.bucket.histogram.VariableWidthHistogramAggregationBuilder$$Lambda/0x00007fcd2880fac0
12578:             1             16  org.opensearch.search.aggregations.bucket.histogram.VariableWidthHistogramAggregationBuilder$$Lambda/0x00007fcd2880fcf8
12579:             1             16  org.opensearch.search.aggregations.bucket.histogram.VariableWidthHistogramAggregatorFactory$$Lambda/0x00007fcd28810d00
12580:             1             16  org.opensearch.search.aggregations.bucket.missing.MissingAggregationBuilder$$Lambda/0x00007fcd287ced50
12581:             1             16  org.opensearch.search.aggregations.bucket.missing.MissingAggregatorFactory$$Lambda/0x00007fcd287cc800
12582:             1             16  org.opensearch.search.aggregations.bucket.range.AbstractRangeAggregatorFactory$$Lambda/0x00007fcd287f64a8
12583:             1             16  org.opensearch.search.aggregations.bucket.range.BinaryRangeAggregatorFactory$$Lambda/0x00007fcd287ff660
12584:             1             16  org.opensearch.search.aggregations.bucket.range.DateRangeAggregationBuilder$$Lambda/0x00007fcd287f7278
12585:             1             16  org.opensearch.search.aggregations.bucket.range.DateRangeAggregationBuilder$$Lambda/0x00007fcd287f78f0
12586:             1             16  org.opensearch.search.aggregations.bucket.range.DateRangeAggregationBuilder$$Lambda/0x00007fcd287f7b18
12587:             1             16  org.opensearch.search.aggregations.bucket.range.DateRangeAggregationBuilder$$Lambda/0x00007fcd287f7d40
12588:             1             16  org.opensearch.search.aggregations.bucket.range.GeoDistanceAggregationBuilder$$Lambda/0x00007fcd288126d0
12589:             1             16  org.opensearch.search.aggregations.bucket.range.GeoDistanceAggregationBuilder$$Lambda/0x00007fcd288128f8
12590:             1             16  org.opensearch.search.aggregations.bucket.range.GeoDistanceAggregationBuilder$$Lambda/0x00007fcd28812dd0
12591:             1             16  org.opensearch.search.aggregations.bucket.range.GeoDistanceAggregationBuilder$$Lambda/0x00007fcd28813248
12592:             1             16  org.opensearch.search.aggregations.bucket.range.GeoDistanceAggregationBuilder$$Lambda/0x00007fcd28813470
12593:             1             16  org.opensearch.search.aggregations.bucket.range.GeoDistanceAggregationBuilder$$Lambda/0x00007fcd288138e0
12594:             1             16  org.opensearch.search.aggregations.bucket.range.GeoDistanceAggregationBuilder$$Lambda/0x00007fcd28813b08
12595:             1             16  org.opensearch.search.aggregations.bucket.range.GeoDistanceAggregationBuilder$$Lambda/0x00007fcd28813d20
12596:             1             16  org.opensearch.search.aggregations.bucket.range.GeoDistanceAggregationBuilder$$Lambda/0x00007fcd28816000
12597:             1             16  org.opensearch.search.aggregations.bucket.range.GeoDistanceRangeAggregatorFactory$$Lambda/0x00007fcd28816468
12598:             1             16  org.opensearch.search.aggregations.bucket.range.IpRangeAggregationBuilder$$Lambda/0x00007fcd287fd2d0
12599:             1             16  org.opensearch.search.aggregations.bucket.range.IpRangeAggregationBuilder$$Lambda/0x00007fcd287fd508
12600:             1             16  org.opensearch.search.aggregations.bucket.range.IpRangeAggregationBuilder$$Lambda/0x00007fcd287fd730
12601:             1             16  org.opensearch.search.aggregations.bucket.range.IpRangeAggregationBuilder$$Lambda/0x00007fcd287fdbd0
12602:             1             16  org.opensearch.search.aggregations.bucket.range.RangeAggregationBuilder$$Lambda/0x00007fcd287f3c98
12603:             1             16  org.opensearch.search.aggregations.bucket.range.RangeAggregationBuilder$$Lambda/0x00007fcd287f3ed0
12604:             1             16  org.opensearch.search.aggregations.bucket.range.RangeAggregationBuilder$$Lambda/0x00007fcd287f4ca8
12605:             1             16  org.opensearch.search.aggregations.bucket.range.RangeAggregationBuilder$$Lambda/0x00007fcd287f5180
12606:             1             16  org.opensearch.search.aggregations.bucket.sampler.DiversifiedAggregationBuilder$$Lambda/0x00007fcd287d6be0
12607:             1             16  org.opensearch.search.aggregations.bucket.sampler.DiversifiedAggregationBuilder$$Lambda/0x00007fcd287d6e18
12608:             1             16  org.opensearch.search.aggregations.bucket.sampler.DiversifiedAggregationBuilder$$Lambda/0x00007fcd287d8210
12609:             1             16  org.opensearch.search.aggregations.bucket.sampler.DiversifiedAggregationBuilder$$Lambda/0x00007fcd287d8438
12610:             1             16  org.opensearch.search.aggregations.bucket.sampler.DiversifiedAggregatorFactory$$Lambda/0x00007fcd287d9290
12611:             1             16  org.opensearch.search.aggregations.bucket.sampler.DiversifiedAggregatorFactory$$Lambda/0x00007fcd287d94a8
12612:             1             16  org.opensearch.search.aggregations.bucket.terms.GlobalOrdinalsStringTermsAggregator$$Lambda/0x00007fcd291f0da8
12613:             1             16  org.opensearch.search.aggregations.bucket.terms.GlobalOrdinalsStringTermsAggregator$StandardTermsResults$$Lambda/0x00007fcd293d22e8
12614:             1             16  org.opensearch.search.aggregations.bucket.terms.GlobalOrdinalsStringTermsAggregator$StandardTermsResults$$Lambda/0x00007fcd293d2970
12615:             1             16  org.opensearch.search.aggregations.bucket.terms.GlobalOrdinalsStringTermsAggregator$StandardTermsResults$$Lambda/0x00007fcd293d2b88
12616:             1             16  org.opensearch.search.aggregations.bucket.terms.LongKeyedBucketOrds$FromSingle
12617:             1             16  org.opensearch.search.aggregations.bucket.terms.MultiTermsAggregationBuilder$$Lambda/0x00007fcd28829000
12618:             1             16  org.opensearch.search.aggregations.bucket.terms.MultiTermsAggregationBuilder$$Lambda/0x00007fcd28829228
12619:             1             16  org.opensearch.search.aggregations.bucket.terms.MultiTermsAggregationBuilder$$Lambda/0x00007fcd28829450
12620:             1             16  org.opensearch.search.aggregations.bucket.terms.MultiTermsAggregationBuilder$$Lambda/0x00007fcd28829668
12621:             1             16  org.opensearch.search.aggregations.bucket.terms.MultiTermsAggregationBuilder$$Lambda/0x00007fcd28829890
12622:             1             16  org.opensearch.search.aggregations.bucket.terms.MultiTermsAggregationBuilder$$Lambda/0x00007fcd2882c218
12623:             1             16  org.opensearch.search.aggregations.bucket.terms.MultiTermsAggregationBuilder$$Lambda/0x00007fcd2882f220
12624:             1             16  org.opensearch.search.aggregations.bucket.terms.MultiTermsAggregationBuilder$$Lambda/0x00007fcd2882f448
12625:             1             16  org.opensearch.search.aggregations.bucket.terms.MultiTermsAggregationBuilder$$Lambda/0x00007fcd2882f668
12626:             1             16  org.opensearch.search.aggregations.bucket.terms.MultiTermsAggregationBuilder$$Lambda/0x00007fcd2882f890
12627:             1             16  org.opensearch.search.aggregations.bucket.terms.MultiTermsAggregationBuilder$$Lambda/0x00007fcd2882fab8
12628:             1             16  org.opensearch.search.aggregations.bucket.terms.MultiTermsAggregationBuilder$$Lambda/0x00007fcd2882fce0
12629:             1             16  org.opensearch.search.aggregations.bucket.terms.MultiTermsAggregationFactory$$Lambda/0x00007fcd28830420
12630:             1             16  org.opensearch.search.aggregations.bucket.terms.MultiTermsAggregationFactory$$Lambda/0x00007fcd28830638
12631:             1             16  org.opensearch.search.aggregations.bucket.terms.RareTermsAggregationBuilder$$Lambda/0x00007fcd287e69f0
12632:             1             16  org.opensearch.search.aggregations.bucket.terms.RareTermsAggregationBuilder$$Lambda/0x00007fcd287e6c28
12633:             1             16  org.opensearch.search.aggregations.bucket.terms.RareTermsAggregationBuilder$$Lambda/0x00007fcd287e6e50
12634:             1             16  org.opensearch.search.aggregations.bucket.terms.RareTermsAggregationBuilder$$Lambda/0x00007fcd287e7078
12635:             1             16  org.opensearch.search.aggregations.bucket.terms.RareTermsAggregationBuilder$$Lambda/0x00007fcd287e7290
12636:             1             16  org.opensearch.search.aggregations.bucket.terms.RareTermsAggregationBuilder$$Lambda/0x00007fcd287e74b8
12637:             1             16  org.opensearch.search.aggregations.bucket.terms.RareTermsAggregationBuilder$$Lambda/0x00007fcd287e76d0
12638:             1             16  org.opensearch.search.aggregations.bucket.terms.RareTermsAggregatorFactory$1
12639:             1             16  org.opensearch.search.aggregations.bucket.terms.RareTermsAggregatorFactory$2
12640:             1             16  org.opensearch.search.aggregations.bucket.terms.SignificantTermsAggregationBuilder$$Lambda/0x00007fcd287ef5e8
12641:             1             16  org.opensearch.search.aggregations.bucket.terms.SignificantTermsAggregationBuilder$$Lambda/0x00007fcd287efc70
12642:             1             16  org.opensearch.search.aggregations.bucket.terms.SignificantTermsAggregationBuilder$$Lambda/0x00007fcd287f0000
12643:             1             16  org.opensearch.search.aggregations.bucket.terms.SignificantTermsAggregationBuilder$$Lambda/0x00007fcd287f0228
12644:             1             16  org.opensearch.search.aggregations.bucket.terms.SignificantTermsAggregationBuilder$$Lambda/0x00007fcd287f0450
12645:             1             16  org.opensearch.search.aggregations.bucket.terms.SignificantTermsAggregationBuilder$$Lambda/0x00007fcd287f0678
12646:             1             16  org.opensearch.search.aggregations.bucket.terms.SignificantTermsAggregationBuilder$$Lambda/0x00007fcd287f08a0
12647:             1             16  org.opensearch.search.aggregations.bucket.terms.SignificantTermsAggregationBuilder$$Lambda/0x00007fcd287f0ac8
12648:             1             16  org.opensearch.search.aggregations.bucket.terms.SignificantTermsAggregationBuilder$$Lambda/0x00007fcd287f0ce0
12649:             1             16  org.opensearch.search.aggregations.bucket.terms.SignificantTermsAggregationBuilder$$Lambda/0x00007fcd287f0f08
12650:             1             16  org.opensearch.search.aggregations.bucket.terms.SignificantTermsAggregationBuilder$$Lambda/0x00007fcd287f1120
12651:             1             16  org.opensearch.search.aggregations.bucket.terms.SignificantTermsAggregationBuilder$$Lambda/0x00007fcd287f1348
12652:             1             16  org.opensearch.search.aggregations.bucket.terms.SignificantTermsAggregatorFactory$1
12653:             1             16  org.opensearch.search.aggregations.bucket.terms.SignificantTermsAggregatorFactory$2
12654:             1             16  org.opensearch.search.aggregations.bucket.terms.TermsAggregationBuilder$$Lambda/0x00007fcd287da4b0
12655:             1             16  org.opensearch.search.aggregations.bucket.terms.TermsAggregationBuilder$$Lambda/0x00007fcd287da6e8
12656:             1             16  org.opensearch.search.aggregations.bucket.terms.TermsAggregationBuilder$$Lambda/0x00007fcd287da910
12657:             1             16  org.opensearch.search.aggregations.bucket.terms.TermsAggregationBuilder$$Lambda/0x00007fcd287dab38
12658:             1             16  org.opensearch.search.aggregations.bucket.terms.TermsAggregationBuilder$$Lambda/0x00007fcd287dad60
12659:             1             16  org.opensearch.search.aggregations.bucket.terms.TermsAggregationBuilder$$Lambda/0x00007fcd287daf88
12660:             1             16  org.opensearch.search.aggregations.bucket.terms.TermsAggregationBuilder$$Lambda/0x00007fcd287db1b0
12661:             1             16  org.opensearch.search.aggregations.bucket.terms.TermsAggregationBuilder$$Lambda/0x00007fcd287db630
12662:             1             16  org.opensearch.search.aggregations.bucket.terms.TermsAggregationBuilder$$Lambda/0x00007fcd287db858
12663:             1             16  org.opensearch.search.aggregations.bucket.terms.TermsAggregationBuilder$$Lambda/0x00007fcd287dbc60
12664:             1             16  org.opensearch.search.aggregations.bucket.terms.TermsAggregationBuilder$$Lambda/0x00007fcd287dd420
12665:             1             16  org.opensearch.search.aggregations.bucket.terms.TermsAggregationBuilder$$Lambda/0x00007fcd287dd638
12666:             1             16  org.opensearch.search.aggregations.bucket.terms.TermsAggregationBuilder$$Lambda/0x00007fcd287dd860
12667:             1             16  org.opensearch.search.aggregations.bucket.terms.TermsAggregationBuilder$$Lambda/0x00007fcd287de288
12668:             1             16  org.opensearch.search.aggregations.bucket.terms.TermsAggregationBuilder$$Lambda/0x00007fcd287de758
12669:             1             16  org.opensearch.search.aggregations.bucket.terms.TermsAggregationBuilder$$Lambda/0x00007fcd292fae80
12670:             1             16  org.opensearch.search.aggregations.bucket.terms.TermsAggregationBuilder$$Lambda/0x00007fcd292fb8f8
12671:             1             16  org.opensearch.search.aggregations.bucket.terms.TermsAggregator$$Lambda/0x00007fcd292cc000
12672:             1             16  org.opensearch.search.aggregations.bucket.terms.TermsAggregatorFactory$1
12673:             1             16  org.opensearch.search.aggregations.bucket.terms.TermsAggregatorFactory$2
12674:             1             16  org.opensearch.search.aggregations.bucket.terms.TermsAggregatorFactory$ExecutionMode$2$$Lambda/0x00007fcd29118800
12675:             1             16  org.opensearch.search.aggregations.bucket.terms.heuristic.ChiSquare$$Lambda/0x00007fcd2879b928
12676:             1             16  org.opensearch.search.aggregations.bucket.terms.heuristic.GND$$Lambda/0x00007fcd2879c490
12677:             1             16  org.opensearch.search.aggregations.bucket.terms.heuristic.JLHScore
12678:             1             16  org.opensearch.search.aggregations.bucket.terms.heuristic.JLHScore$$Lambda/0x00007fcd2879cb90
12679:             1             16  org.opensearch.search.aggregations.bucket.terms.heuristic.MutualInformation$$Lambda/0x00007fcd2879d290
12680:             1             16  org.opensearch.search.aggregations.bucket.terms.heuristic.PercentageScore$$Lambda/0x00007fcd2879d980
12681:             1             16  org.opensearch.search.aggregations.bucket.terms.heuristic.ScriptHeuristic$$Lambda/0x00007fcd2879e320
12682:             1             16  org.opensearch.search.aggregations.matrix.MatrixAggregationPlugin
12683:             1             16  org.opensearch.search.aggregations.matrix.MatrixAggregationPlugin$$Lambda/0x00007fcd28834c98
12684:             1             16  org.opensearch.search.aggregations.matrix.MatrixAggregationPlugin$$Lambda/0x00007fcd28835b50
12685:             1             16  org.opensearch.search.aggregations.metrics.AbstractPercentilesAggregationBuilder$$Lambda/0x00007fcd287b8c48
12686:             1             16  org.opensearch.search.aggregations.metrics.AvgAggregationBuilder$$Lambda/0x00007fcd287a2da0
12687:             1             16  org.opensearch.search.aggregations.metrics.AvgAggregatorFactory$$Lambda/0x00007fcd287a8e68
12688:             1             16  org.opensearch.search.aggregations.metrics.CardinalityAggregationBuilder$$Lambda/0x00007fcd287c4800
12689:             1             16  org.opensearch.search.aggregations.metrics.CardinalityAggregationBuilder$$Lambda/0x00007fcd287c5a90
12690:             1             16  org.opensearch.search.aggregations.metrics.CardinalityAggregationBuilder$$Lambda/0x00007fcd287c5cc8
12691:             1             16  org.opensearch.search.aggregations.metrics.CardinalityAggregatorFactory$$Lambda/0x00007fcd287ca168
12692:             1             16  org.opensearch.search.aggregations.metrics.ExtendedStatsAggregationBuilder$$Lambda/0x00007fcd287b5e18
12693:             1             16  org.opensearch.search.aggregations.metrics.ExtendedStatsAggregationBuilder$$Lambda/0x00007fcd287b6050
12694:             1             16  org.opensearch.search.aggregations.metrics.ExtendedStatsAggregatorFactory$$Lambda/0x00007fcd287b76a0
12695:             1             16  org.opensearch.search.aggregations.metrics.GeoCentroidAggregationBuilder$$Lambda/0x00007fcd28819260
12696:             1             16  org.opensearch.search.aggregations.metrics.GeoCentroidAggregatorFactory$$Lambda/0x00007fcd2881a420
12697:             1             16  org.opensearch.search.aggregations.metrics.MaxAggregationBuilder$$Lambda/0x00007fcd287b18a8
12698:             1             16  org.opensearch.search.aggregations.metrics.MaxAggregatorFactory$$Lambda/0x00007fcd287b2ae8
12699:             1             16  org.opensearch.search.aggregations.metrics.MedianAbsoluteDeviationAggregationBuilder$$Lambda/0x00007fcd287c6850
12700:             1             16  org.opensearch.search.aggregations.metrics.MedianAbsoluteDeviationAggregationBuilder$$Lambda/0x00007fcd287c6a88
12701:             1             16  org.opensearch.search.aggregations.metrics.MedianAbsoluteDeviationAggregatorFactory$$Lambda/0x00007fcd287c7cc0
12702:             1             16  org.opensearch.search.aggregations.metrics.MinAggregationBuilder$$Lambda/0x00007fcd287ac800
12703:             1             16  org.opensearch.search.aggregations.metrics.MinAggregatorFactory$$Lambda/0x00007fcd287b0df0
12704:             1             16  org.opensearch.search.aggregations.metrics.PercentileRanksAggregationBuilder$$Lambda/0x00007fcd287c3648
12705:             1             16  org.opensearch.search.aggregations.metrics.PercentileRanksAggregationBuilder$$Lambda/0x00007fcd287c3860
12706:             1             16  org.opensearch.search.aggregations.metrics.PercentileRanksAggregatorFactory$$Lambda/0x00007fcd287c3a78
12707:             1             16  org.opensearch.search.aggregations.metrics.PercentilesAggregationBuilder$$Lambda/0x00007fcd287bbbb0
12708:             1             16  org.opensearch.search.aggregations.metrics.PercentilesAggregationBuilder$$Lambda/0x00007fcd287bbdc8
12709:             1             16  org.opensearch.search.aggregations.metrics.PercentilesAggregatorFactory$$Lambda/0x00007fcd287c17b0
12710:             1             16  org.opensearch.search.aggregations.metrics.PercentilesMethod$$Lambda/0x00007fcd287c04e0
12711:             1             16  org.opensearch.search.aggregations.metrics.PercentilesMethod$$Lambda/0x00007fcd287c06f8
12712:             1             16  org.opensearch.search.aggregations.metrics.PercentilesMethod$$Lambda/0x00007fcd287c1370
12713:             1             16  org.opensearch.search.aggregations.metrics.PercentilesMethod$$Lambda/0x00007fcd287c1588
12714:             1             16  org.opensearch.search.aggregations.metrics.ScriptedMetricAggregationBuilder$$Lambda/0x00007fcd2881ae80
12715:             1             16  org.opensearch.search.aggregations.metrics.ScriptedMetricAggregationBuilder$$Lambda/0x00007fcd2881b0a8
12716:             1             16  org.opensearch.search.aggregations.metrics.ScriptedMetricAggregationBuilder$$Lambda/0x00007fcd2881b2d0
12717:             1             16  org.opensearch.search.aggregations.metrics.ScriptedMetricAggregationBuilder$$Lambda/0x00007fcd2881b4f8
12718:             1             16  org.opensearch.search.aggregations.metrics.ScriptedMetricAggregationBuilder$$Lambda/0x00007fcd2881b720
12719:             1             16  org.opensearch.search.aggregations.metrics.ScriptedMetricAggregationBuilder$$Lambda/0x00007fcd2881b948
12720:             1             16  org.opensearch.search.aggregations.metrics.StatsAggregationBuilder$$Lambda/0x00007fcd287b35a0
12721:             1             16  org.opensearch.search.aggregations.metrics.StatsAggregatorFactory$$Lambda/0x00007fcd287b5158
12722:             1             16  org.opensearch.search.aggregations.metrics.SumAggregationBuilder$$Lambda/0x00007fcd287af108
12723:             1             16  org.opensearch.search.aggregations.metrics.SumAggregatorFactory$$Lambda/0x00007fcd287ad358
12724:             1             16  org.opensearch.search.aggregations.metrics.ValueCountAggregationBuilder$$Lambda/0x00007fcd287bc218
12725:             1             16  org.opensearch.search.aggregations.metrics.ValueCountAggregatorFactory$$Lambda/0x00007fcd287bd920
12726:             1             16  org.opensearch.search.aggregations.metrics.WeightedAvgAggregationBuilder$$Lambda/0x00007fcd287aa740
12727:             1             16  org.opensearch.search.aggregations.pipeline.AvgBucketPipelineAggregationBuilder$1
12728:             1             16  org.opensearch.search.aggregations.pipeline.BucketScriptPipelineAggregationBuilder$$Lambda/0x00007fcd28853048
12729:             1             16  org.opensearch.search.aggregations.pipeline.BucketScriptPipelineAggregationBuilder$$Lambda/0x00007fcd28853270
12730:             1             16  org.opensearch.search.aggregations.pipeline.BucketScriptPipelineAggregationBuilder$$Lambda/0x00007fcd28853488
12731:             1             16  org.opensearch.search.aggregations.pipeline.BucketScriptPipelineAggregationBuilder$$Lambda/0x00007fcd28853910
12732:             1             16  org.opensearch.search.aggregations.pipeline.BucketScriptPipelineAggregationBuilder$$Lambda/0x00007fcd28853b38
12733:             1             16  org.opensearch.search.aggregations.pipeline.CumulativeSumPipelineAggregationBuilder$$Lambda/0x00007fcd288521e0
12734:             1             16  org.opensearch.search.aggregations.pipeline.CumulativeSumPipelineAggregationBuilder$$Lambda/0x00007fcd28852408
12735:             1             16  org.opensearch.search.aggregations.pipeline.EwmaModel$1
12736:             1             16  org.opensearch.search.aggregations.pipeline.ExtendedStatsBucketParser
12737:             1             16  org.opensearch.search.aggregations.pipeline.HoltLinearModel$1
12738:             1             16  org.opensearch.search.aggregations.pipeline.HoltWintersModel$1
12739:             1             16  org.opensearch.search.aggregations.pipeline.LinearModel$1
12740:             1             16  org.opensearch.search.aggregations.pipeline.MaxBucketPipelineAggregationBuilder$1
12741:             1             16  org.opensearch.search.aggregations.pipeline.MinBucketPipelineAggregationBuilder$1
12742:             1             16  org.opensearch.search.aggregations.pipeline.MovFnPipelineAggregationBuilder$$Lambda/0x00007fcd28856c28
12743:             1             16  org.opensearch.search.aggregations.pipeline.MovFnPipelineAggregationBuilder$$Lambda/0x00007fcd28856e50
12744:             1             16  org.opensearch.search.aggregations.pipeline.MovFnPipelineAggregationBuilder$$Lambda/0x00007fcd28857068
12745:             1             16  org.opensearch.search.aggregations.pipeline.MovFnPipelineAggregationBuilder$$Lambda/0x00007fcd28857290
12746:             1             16  org.opensearch.search.aggregations.pipeline.MovFnPipelineAggregationBuilder$$Lambda/0x00007fcd288574b8
12747:             1             16  org.opensearch.search.aggregations.pipeline.MovFnPipelineAggregationBuilder$$Lambda/0x00007fcd288576e0
12748:             1             16  org.opensearch.search.aggregations.pipeline.PercentilesBucketPipelineAggregationBuilder$1
12749:             1             16  org.opensearch.search.aggregations.pipeline.SimpleModel$1
12750:             1             16  org.opensearch.search.aggregations.pipeline.StatsBucketPipelineAggregationBuilder$1
12751:             1             16  org.opensearch.search.aggregations.pipeline.SumBucketPipelineAggregationBuilder$1
12752:             1             16  org.opensearch.search.aggregations.support.AggregationInfo
12753:             1             16  org.opensearch.search.aggregations.support.AggregationUsageService$Builder$$Lambda/0x00007fcd287a92c0
12754:             1             16  org.opensearch.search.aggregations.support.BaseMultiValuesSourceFieldConfig$$Lambda/0x00007fcd2882cbb0
12755:             1             16  org.opensearch.search.aggregations.support.BaseMultiValuesSourceFieldConfig$$Lambda/0x00007fcd2882d678
12756:             1             16  org.opensearch.search.aggregations.support.BaseMultiValuesSourceFieldConfig$$Lambda/0x00007fcd2882d8a0
12757:             1             16  org.opensearch.search.aggregations.support.BaseMultiValuesSourceFieldConfig$$Lambda/0x00007fcd2882dac8
12758:             1             16  org.opensearch.search.aggregations.support.BaseMultiValuesSourceFieldConfig$$Lambda/0x00007fcd2882dce0
12759:             1             16  org.opensearch.search.aggregations.support.BaseMultiValuesSourceFieldConfig$$Lambda/0x00007fcd2882df08
12760:             1             16  org.opensearch.search.aggregations.support.BaseMultiValuesSourceFieldConfig$$Lambda/0x00007fcd2882e120
12761:             1             16  org.opensearch.search.aggregations.support.BaseMultiValuesSourceFieldConfig$$Lambda/0x00007fcd2882e348
12762:             1             16  org.opensearch.search.aggregations.support.MultiTermsValuesSourceConfig$$Lambda/0x00007fcd2882cfc0
12763:             1             16  org.opensearch.search.aggregations.support.MultiTermsValuesSourceConfig$$Lambda/0x00007fcd2882d460
12764:             1             16  org.opensearch.search.aggregations.support.MultiTermsValuesSourceConfig$$Lambda/0x00007fcd2882e560
12765:             1             16  org.opensearch.search.aggregations.support.MultiTermsValuesSourceConfig$$Lambda/0x00007fcd2882e788
12766:             1             16  org.opensearch.search.aggregations.support.MultiTermsValuesSourceConfig$$Lambda/0x00007fcd2882e9a0
12767:             1             16  org.opensearch.search.aggregations.support.MultiTermsValuesSourceConfig$$Lambda/0x00007fcd2882ebc8
12768:             1             16  org.opensearch.search.aggregations.support.MultiTermsValuesSourceConfig$$Lambda/0x00007fcd2882ede0
12769:             1             16  org.opensearch.search.aggregations.support.MultiTermsValuesSourceConfig$$Lambda/0x00007fcd2882f008
12770:             1             16  org.opensearch.search.aggregations.support.MultiValuesSourceParseHelper$$Lambda/0x00007fcd287aab78
12771:             1             16  org.opensearch.search.aggregations.support.MultiValuesSourceParseHelper$$Lambda/0x00007fcd287aafc0
12772:             1             16  org.opensearch.search.aggregations.support.MultiValuesSourceParseHelper$$Lambda/0x00007fcd287ab1e8
12773:             1             16  org.opensearch.search.aggregations.support.ValuesSource$Bytes$WithOrdinals$1
12774:             1             16  org.opensearch.search.aggregations.support.ValuesSource$Numeric$1
12775:             1             16  org.opensearch.search.aggregations.support.ValuesSource$Numeric$FieldData
12776:             1             16  org.opensearch.search.aggregations.support.ValuesSourceAggregationBuilder$$Lambda/0x00007fcd287a2fd8
12777:             1             16  org.opensearch.search.aggregations.support.ValuesSourceAggregationBuilder$$Lambda/0x00007fcd287a3200
12778:             1             16  org.opensearch.search.aggregations.support.ValuesSourceAggregationBuilder$$Lambda/0x00007fcd287a3618
12779:             1             16  org.opensearch.search.aggregations.support.ValuesSourceAggregationBuilder$$Lambda/0x00007fcd287a3840
12780:             1             16  org.opensearch.search.aggregations.support.ValuesSourceAggregationBuilder$$Lambda/0x00007fcd287a3cb8
12781:             1             16  org.opensearch.search.aggregations.support.ValuesSourceAggregationBuilder$$Lambda/0x00007fcd287a3ee0
12782:             1             16  org.opensearch.search.aggregations.support.ValuesSourceAggregationBuilder$$Lambda/0x00007fcd287a42e8
12783:             1             16  org.opensearch.search.aggregations.support.ValuesSourceAggregationBuilder$$Lambda/0x00007fcd287a4510
12784:             1             16  org.opensearch.search.aggregations.support.ValuesSourceAggregationBuilder$$Lambda/0x00007fcd287a4728
12785:             1             16  org.opensearch.search.aggregations.support.ValuesSourceAggregationBuilder$$Lambda/0x00007fcd287a4950
12786:             1             16  org.opensearch.search.aggregations.support.ValuesSourceAggregationBuilder$$Lambda/0x00007fcd287f74b0
12787:             1             16  org.opensearch.search.aggregations.support.ValuesSourceAggregationBuilder$$Lambda/0x00007fcd287f76d8
12788:             1             16  org.opensearch.search.aggregations.support.ValuesSourceAggregationBuilder$$Lambda/0x00007fcd292faa78
12789:             1             16  org.opensearch.search.aggregations.support.ValuesSourceConfig$$Lambda/0x00007fcd292e8658
12790:             1             16  org.opensearch.search.aggregations.support.ValuesSourceRegistry$$Lambda/0x00007fcd28832888
12791:             1             16  org.opensearch.search.aggregations.support.ValuesSourceRegistry$$Lambda/0x00007fcd28832ac0
12792:             1             16  org.opensearch.search.asynchronous.action.AsynchronousSearchStatsAction$$Lambda/0x00007fcd28af1d38
12793:             1             16  org.opensearch.search.asynchronous.action.DeleteAsynchronousSearchAction$$Lambda/0x00007fcd28c68b88
12794:             1             16  org.opensearch.search.asynchronous.action.GetAsynchronousSearchAction$$Lambda/0x00007fcd28c68278
12795:             1             16  org.opensearch.search.asynchronous.action.SubmitAsynchronousSearchAction$$Lambda/0x00007fcd28af1648
12796:             1             16  org.opensearch.search.asynchronous.context.active.AsynchronousSearchActiveStore$$Lambda/0x00007fcd28591da8
12797:             1             16  org.opensearch.search.asynchronous.management.AsynchronousSearchManagementService$$Lambda/0x00007fcd28f97c30
12798:             1             16  org.opensearch.search.asynchronous.management.AsynchronousSearchManagementService$ActiveContextReaper
12799:             1             16  org.opensearch.search.asynchronous.management.AsynchronousSearchManagementService$PersistedResponseCleanUpTransportHandler
12800:             1             16  org.opensearch.search.asynchronous.service.AsynchronousSearchService$$Lambda/0x00007fcd28aec4d8
12801:             1             16  org.opensearch.search.asynchronous.service.AsynchronousSearchService$$Lambda/0x00007fcd28aec708
12802:             1             16  org.opensearch.search.asynchronous.service.AsynchronousSearchService$$Lambda/0x00007fcd28aec938
12803:             1             16  org.opensearch.search.asynchronous.service.AsynchronousSearchService$$Lambda/0x00007fcd28aecb68
12804:             1             16  org.opensearch.search.asynchronous.service.AsynchronousSearchService$$Lambda/0x00007fcd28aecd98
12805:             1             16  org.opensearch.search.asynchronous.service.AsynchronousSearchService$$Lambda/0x00007fcd28aeda98
12806:             1             16  org.opensearch.search.asynchronous.service.AsynchronousSearchService$$Lambda/0x00007fcd28aedef8
12807:             1             16  org.opensearch.search.asynchronous.service.AsynchronousSearchService$$Lambda/0x00007fcd28aee338
12808:             1             16  org.opensearch.search.asynchronous.service.AsynchronousSearchService$$Lambda/0x00007fcd28aee560
12809:             1             16  org.opensearch.search.asynchronous.service.AsynchronousSearchService$$Lambda/0x00007fcd28aee9a0
12810:             1             16  org.opensearch.search.asynchronous.service.AsynchronousSearchService$$Lambda/0x00007fcd28aeebc8
12811:             1             16  org.opensearch.search.asynchronous.service.AsynchronousSearchService$$Lambda/0x00007fcd28aef008
12812:             1             16  org.opensearch.search.asynchronous.service.AsynchronousSearchService$$Lambda/0x00007fcd28aef238
12813:             1             16  org.opensearch.search.asynchronous.service.AsynchronousSearchService$$Lambda/0x00007fcd28aef460
12814:             1             16  org.opensearch.search.asynchronous.service.AsynchronousSearchService$$Lambda/0x00007fcd28aef690
12815:             1             16  org.opensearch.search.asynchronous.service.AsynchronousSearchService$$Lambda/0x00007fcd28aefac8
12816:             1             16  org.opensearch.search.asynchronous.service.AsynchronousSearchService$$Lambda/0x00007fcd28aefcf0
12817:             1             16  org.opensearch.search.asynchronous.service.AsynchronousSearchService$$Lambda/0x00007fcd28af0210
12818:             1             16  org.opensearch.search.asynchronous.service.AsynchronousSearchService$$Lambda/0x00007fcd28af0438
12819:             1             16  org.opensearch.search.asynchronous.service.AsynchronousSearchService$$Lambda/0x00007fcd28af0660
12820:             1             16  org.opensearch.search.asynchronous.service.AsynchronousSearchService$$Lambda/0x00007fcd28af0890
12821:             1             16  org.opensearch.search.asynchronous.service.AsynchronousSearchService$$Lambda/0x00007fcd28af0ce8
12822:             1             16  org.opensearch.search.asynchronous.service.AsynchronousSearchService$$Lambda/0x00007fcd28af1130
12823:             1             16  org.opensearch.search.asynchronous.service.AsynchronousSearchService$$Lambda/0x00007fcd28fbcf58
12824:             1             16  org.opensearch.search.asynchronous.stats.InternalAsynchronousSearchStats
12825:             1             16  org.opensearch.search.asynchronous.transport.TransportAsynchronousSearchStatsAction$$Lambda/0x00007fcd28f97800
12826:             1             16  org.opensearch.search.asynchronous.transport.TransportAsynchronousSearchStatsAction$$Lambda/0x00007fcd28f97a18
12827:             1             16  org.opensearch.search.asynchronous.transport.TransportDeleteAsynchronousSearchAction$$Lambda/0x00007fcd28c6add0
12828:             1             16  org.opensearch.search.asynchronous.transport.TransportDeleteAsynchronousSearchAction$$Lambda/0x00007fcd28c6afe8
12829:             1             16  org.opensearch.search.asynchronous.transport.TransportGetAsynchronousSearchAction$$Lambda/0x00007fcd28c6b200
12830:             1             16  org.opensearch.search.asynchronous.transport.TransportGetAsynchronousSearchAction$$Lambda/0x00007fcd28c6b418
12831:             1             16  org.opensearch.search.asynchronous.transport.TransportSubmitAsynchronousSearchAction$$Lambda/0x00007fcd28c6bc80
12832:             1             16  org.opensearch.search.backpressure.SearchBackpressureService$$Lambda/0x00007fcd28cea7f0
12833:             1             16  org.opensearch.search.backpressure.SearchBackpressureService$$Lambda/0x00007fcd28ceac18
12834:             1             16  org.opensearch.search.backpressure.SearchBackpressureService$$Lambda/0x00007fcd28ceb050
12835:             1             16  org.opensearch.search.backpressure.SearchBackpressureService$$Lambda/0x00007fcd28ceb270
12836:             1             16  org.opensearch.search.backpressure.SearchBackpressureService$$Lambda/0x00007fcd28ceb490
12837:             1             16  org.opensearch.search.backpressure.SearchBackpressureService$$Lambda/0x00007fcd28ceb6b0
12838:             1             16  org.opensearch.search.backpressure.SearchBackpressureService$$Lambda/0x00007fcd28ceb8d0
12839:             1             16  org.opensearch.search.backpressure.SearchBackpressureService$$Lambda/0x00007fcd28cec7f8
12840:             1             16  org.opensearch.search.backpressure.SearchBackpressureService$$Lambda/0x00007fcd28ceca10
12841:             1             16  org.opensearch.search.backpressure.SearchBackpressureService$$Lambda/0x00007fcd28cecc30
12842:             1             16  org.opensearch.search.backpressure.SearchBackpressureService$$Lambda/0x00007fcd28cece50
12843:             1             16  org.opensearch.search.backpressure.SearchBackpressureService$$Lambda/0x00007fcd28ced070
12844:             1             16  org.opensearch.search.backpressure.SearchBackpressureService$$Lambda/0x00007fcd29044b48
12845:             1             16  org.opensearch.search.backpressure.SearchBackpressureService$$Lambda/0x00007fcd2942e9c0
12846:             1             16  org.opensearch.search.backpressure.settings.NodeDuressSettings$$Lambda/0x00007fcd28ce1230
12847:             1             16  org.opensearch.search.backpressure.settings.NodeDuressSettings$$Lambda/0x00007fcd28ce1460
12848:             1             16  org.opensearch.search.backpressure.settings.NodeDuressSettings$$Lambda/0x00007fcd28ce1690
12849:             1             16  org.opensearch.search.backpressure.settings.SearchBackpressureSettings$$Lambda/0x00007fcd286fe490
12850:             1             16  org.opensearch.search.backpressure.settings.SearchBackpressureSettings$$Lambda/0x00007fcd28ce9a00
12851:             1             16  org.opensearch.search.backpressure.settings.SearchBackpressureSettings$$Lambda/0x00007fcd28ce9c30
12852:             1             16  org.opensearch.search.backpressure.settings.SearchBackpressureSettings$$Lambda/0x00007fcd28ce9e60
12853:             1             16  org.opensearch.search.backpressure.settings.SearchBackpressureSettings$$Lambda/0x00007fcd28cea090
12854:             1             16  org.opensearch.search.backpressure.settings.SearchShardTaskSettings$$Lambda/0x00007fcd28ce8460
12855:             1             16  org.opensearch.search.backpressure.settings.SearchShardTaskSettings$$Lambda/0x00007fcd28ce8690
12856:             1             16  org.opensearch.search.backpressure.settings.SearchShardTaskSettings$$Lambda/0x00007fcd28ce88c0
12857:             1             16  org.opensearch.search.backpressure.settings.SearchShardTaskSettings$$Lambda/0x00007fcd28ce8af0
12858:             1             16  org.opensearch.search.backpressure.settings.SearchShardTaskSettings$$Lambda/0x00007fcd28ce8d20
12859:             1             16  org.opensearch.search.backpressure.settings.SearchShardTaskSettings$$Lambda/0x00007fcd28ce8f50
12860:             1             16  org.opensearch.search.backpressure.settings.SearchShardTaskSettings$$Lambda/0x00007fcd28ce9180
12861:             1             16  org.opensearch.search.backpressure.settings.SearchShardTaskSettings$$Lambda/0x00007fcd28ce93b0
12862:             1             16  org.opensearch.search.backpressure.settings.SearchShardTaskSettings$$Lambda/0x00007fcd28ce95e0
12863:             1             16  org.opensearch.search.backpressure.settings.SearchTaskSettings$$Lambda/0x00007fcd28ce0400
12864:             1             16  org.opensearch.search.backpressure.settings.SearchTaskSettings$$Lambda/0x00007fcd28ce0800
12865:             1             16  org.opensearch.search.backpressure.settings.SearchTaskSettings$$Lambda/0x00007fcd28ce0a30
12866:             1             16  org.opensearch.search.backpressure.settings.SearchTaskSettings$$Lambda/0x00007fcd28ce0c60
12867:             1             16  org.opensearch.search.backpressure.settings.SearchTaskSettings$$Lambda/0x00007fcd28ce18c0
12868:             1             16  org.opensearch.search.backpressure.settings.SearchTaskSettings$$Lambda/0x00007fcd28ce1af0
12869:             1             16  org.opensearch.search.backpressure.settings.SearchTaskSettings$$Lambda/0x00007fcd28ce1d20
12870:             1             16  org.opensearch.search.backpressure.settings.SearchTaskSettings$$Lambda/0x00007fcd28ce8000
12871:             1             16  org.opensearch.search.backpressure.settings.SearchTaskSettings$$Lambda/0x00007fcd28ce8230
12872:             1             16  org.opensearch.search.backpressure.trackers.HeapUsageTracker$$Lambda/0x00007fcd292353d8
12873:             1             16  org.opensearch.search.builder.SearchSourceBuilder$$Lambda/0x00007fcd29209a98
12874:             1             16  org.opensearch.search.builder.SearchSourceBuilder$$Lambda/0x00007fcd2920bc78
12875:             1             16  org.opensearch.search.builder.SearchSourceBuilder$$Lambda/0x00007fcd29210000
12876:             1             16  org.opensearch.search.builder.SearchSourceBuilder$$Lambda/0x00007fcd29210eb0
12877:             1             16  org.opensearch.search.builder.SearchSourceBuilder$$Lambda/0x00007fcd29211350
12878:             1             16  org.opensearch.search.builder.SearchSourceBuilder$$Lambda/0x00007fcd29211808
12879:             1             16  org.opensearch.search.builder.SearchSourceBuilder$$Lambda/0x00007fcd29211cb0
12880:             1             16  org.opensearch.search.builder.SearchSourceBuilder$$Lambda/0x00007fcd29212840
12881:             1             16  org.opensearch.search.builder.SearchSourceBuilder$$Lambda/0x00007fcd29212d08
12882:             1             16  org.opensearch.search.builder.SearchSourceBuilder$$Lambda/0x00007fcd29213188
12883:             1             16  org.opensearch.search.dfs.DfsPhase
12884:             1             16  org.opensearch.search.fetch.FetchPhase
12885:             1             16  org.opensearch.search.fetch.subphase.ExplainPhase
12886:             1             16  org.opensearch.search.fetch.subphase.FetchDocValuesPhase
12887:             1             16  org.opensearch.search.fetch.subphase.FetchFieldsPhase
12888:             1             16  org.opensearch.search.fetch.subphase.FetchScorePhase
12889:             1             16  org.opensearch.search.fetch.subphase.FetchSourcePhase
12890:             1             16  org.opensearch.search.fetch.subphase.FetchVersionPhase
12891:             1             16  org.opensearch.search.fetch.subphase.InnerHitsPhase
12892:             1             16  org.opensearch.search.fetch.subphase.MatchedQueriesPhase
12893:             1             16  org.opensearch.search.fetch.subphase.ScriptFieldsPhase
12894:             1             16  org.opensearch.search.fetch.subphase.SeqNoPrimaryTermPhase
12895:             1             16  org.opensearch.search.fetch.subphase.highlight.FastVectorHighlighter
12896:             1             16  org.opensearch.search.fetch.subphase.highlight.PlainHighlighter
12897:             1             16  org.opensearch.search.fetch.subphase.highlight.UnifiedHighlighter
12898:             1             16  org.opensearch.search.internal.ReaderContext$$Lambda/0x00007fcd29342d80
12899:             1             16  org.opensearch.search.internal.SearchContext$1
12900:             1             16  org.opensearch.search.internal.ShardSearchRequest$$Lambda/0x00007fcd291eddc0
12901:             1             16  org.opensearch.search.internal.ShardSearchRequest$$Lambda/0x00007fcd2920b580
12902:             1             16  org.opensearch.search.internal.ShardSearchRequest$$Lambda/0x00007fcd2920b798
12903:             1             16  org.opensearch.search.internal.ShardSearchRequest$$Lambda/0x00007fcd292135e0
12904:             1             16  org.opensearch.search.internal.ShardSearchRequest$$Lambda/0x00007fcd292137f8
12905:             1             16  org.opensearch.search.internal.ShardSearchRequest$$Lambda/0x00007fcd292f37d8
12906:             1             16  org.opensearch.search.pipeline.Pipeline$$Lambda/0x00007fcd291e5160
12907:             1             16  org.opensearch.search.pipeline.SearchPipelineInfo
12908:             1             16  org.opensearch.search.pipeline.SearchPipelineService$$Lambda/0x00007fcd29225da8
12909:             1             16  org.opensearch.search.pipeline.SearchPipelineService$$Lambda/0x00007fcd2922a2a8
12910:             1             16  org.opensearch.search.pipeline.common.CollapseResponseProcessor$Factory
12911:             1             16  org.opensearch.search.pipeline.common.FilterQueryRequestProcessor$Factory
12912:             1             16  org.opensearch.search.pipeline.common.OversampleRequestProcessor$Factory
12913:             1             16  org.opensearch.search.pipeline.common.RenameFieldResponseProcessor$Factory
12914:             1             16  org.opensearch.search.pipeline.common.ScriptRequestProcessor$Factory
12915:             1             16  org.opensearch.search.pipeline.common.SearchPipelineCommonModulePlugin
12916:             1             16  org.opensearch.search.pipeline.common.TruncateHitsResponseProcessor$Factory
12917:             1             16  org.opensearch.search.query.QueryCollectorContext$1
12918:             1             16  org.opensearch.search.query.QueryCollectorContext$2
12919:             1             16  org.opensearch.search.query.QueryPhase$$Lambda/0x00007fcd2913dc00
12920:             1             16  org.opensearch.search.query.QueryPhase$$Lambda/0x00007fcd293c4000
12921:             1             16  org.opensearch.search.query.QueryPhase$$Lambda/0x00007fcd293c6660
12922:             1             16  org.opensearch.search.query.QuerySearchResult$$Lambda/0x00007fcd2920af30
12923:             1             16  org.opensearch.search.query.QuerySearchResult$$Lambda/0x00007fcd2920b148
12924:             1             16  org.opensearch.search.rescore.RescoreProcessor
12925:             1             16  org.opensearch.search.sort.FieldSortBuilder$$Lambda/0x00007fcd291ea000
12926:             1             16  org.opensearch.search.sort.FieldSortBuilder$$Lambda/0x00007fcd291ea228
12927:             1             16  org.opensearch.search.sort.FieldSortBuilder$$Lambda/0x00007fcd291ea6b8
12928:             1             16  org.opensearch.search.sort.FieldSortBuilder$$Lambda/0x00007fcd291ead98
12929:             1             16  org.opensearch.search.sort.FieldSortBuilder$$Lambda/0x00007fcd291eafc0
12930:             1             16  org.opensearch.search.sort.FieldSortBuilder$$Lambda/0x00007fcd291eb1d8
12931:             1             16  org.opensearch.search.sort.FieldSortBuilder$$Lambda/0x00007fcd291ef390
12932:             1             16  org.opensearch.search.sort.FieldSortBuilder$$Lambda/0x00007fcd291ef5b8
12933:             1             16  org.opensearch.search.sort.FieldSortBuilder$$Lambda/0x00007fcd291ef7d0
12934:             1             16  org.opensearch.search.sort.FieldSortBuilder$$Lambda/0x00007fcd291ef9f8
12935:             1             16  org.opensearch.search.sort.FieldSortBuilder$$Lambda/0x00007fcd291efc20
12936:             1             16  org.opensearch.search.sort.SortValue$$Lambda/0x00007fcd2886f858
12937:             1             16  org.opensearch.search.sort.SortValue$$Lambda/0x00007fcd2886fa70
12938:             1             16  org.opensearch.search.sort.SortValue$$Lambda/0x00007fcd2886fc88
12939:             1             16  org.opensearch.search.suggest.SuggestProcessor
12940:             1             16  org.opensearch.searchpipelines.questionanswering.generative.GenerativeQARequestProcessor$Factory
12941:             1             16  org.opensearch.security.DefaultObjectMapper$$Lambda/0x00007fcd28ff3930
12942:             1             16  org.opensearch.security.OpenSearchSecurityPlugin$$Lambda/0x00007fcd28386188
12943:             1             16  org.opensearch.security.OpenSearchSecurityPlugin$$Lambda/0x00007fcd2856f7c0
12944:             1             16  org.opensearch.security.OpenSearchSecurityPlugin$$Lambda/0x00007fcd28570f60
12945:             1             16  org.opensearch.security.OpenSearchSecurityPlugin$$Lambda/0x00007fcd285728b8
12946:             1             16  org.opensearch.security.OpenSearchSecurityPlugin$$Lambda/0x00007fcd28572e50
12947:             1             16  org.opensearch.security.OpenSearchSecurityPlugin$$Lambda/0x00007fcd28573068
12948:             1             16  org.opensearch.security.OpenSearchSecurityPlugin$$Lambda/0x00007fcd2896f2f0
12949:             1             16  org.opensearch.security.OpenSearchSecurityPlugin$$Lambda/0x00007fcd28c02b60
12950:             1             16  org.opensearch.security.OpenSearchSecurityPlugin$6
12951:             1             16  org.opensearch.security.OpenSearchSecurityPlugin$GuiceHolder
12952:             1             16  org.opensearch.security.action.configupdate.ConfigUpdateAction$$Lambda/0x00007fcd2896f7c8
12953:             1             16  org.opensearch.security.action.configupdate.TransportConfigUpdateAction$$Lambda/0x00007fcd28caf0f8
12954:             1             16  org.opensearch.security.action.configupdate.TransportConfigUpdateAction$$Lambda/0x00007fcd28caf310
12955:             1             16  org.opensearch.security.action.whoami.TransportWhoAmIAction$$Lambda/0x00007fcd28caeee0
12956:             1             16  org.opensearch.security.action.whoami.WhoAmIAction$$Lambda/0x00007fcd28c02730
12957:             1             16  org.opensearch.security.auditlog.AuditLogSslExceptionHandler
12958:             1             16  org.opensearch.security.auditlog.impl.AuditCategory$$Lambda/0x00007fcd28ff4448
12959:             1             16  org.opensearch.security.auditlog.impl.AuditCategory$$Lambda/0x00007fcd28ff4680
12960:             1             16  org.opensearch.security.auditlog.impl.AuditLogImpl$$Lambda/0x00007fcd28929398
12961:             1             16  org.opensearch.security.auditlog.routing.AuditMessageRouter$$Lambda/0x00007fcd29261110
12962:             1             16  org.opensearch.security.auditlog.routing.AuditMessageRouter$$Lambda/0x00007fcd29261348
12963:             1             16  org.opensearch.security.auth.BackendRegistry$1
12964:             1             16  org.opensearch.security.auth.BackendRegistry$2
12965:             1             16  org.opensearch.security.auth.BackendRegistry$3
12966:             1             16  org.opensearch.security.compliance.ComplianceConfig$$Lambda/0x00007fcd28ff5630
12967:             1             16  org.opensearch.security.compliance.ComplianceConfig$$Lambda/0x00007fcd28ff5868
12968:             1             16  org.opensearch.security.compliance.ComplianceConfig$$Lambda/0x00007fcd28ff5ab0
12969:             1             16  org.opensearch.security.compliance.ComplianceConfig$$Lambda/0x00007fcd28ff5ce8
12970:             1             16  org.opensearch.security.compliance.ComplianceConfig$$Lambda/0x00007fcd28ff5f20
12971:             1             16  org.opensearch.security.compliance.ComplianceConfig$$Lambda/0x00007fcd28ff6168
12972:             1             16  org.opensearch.security.compliance.ComplianceConfig$$Lambda/0x00007fcd28ff63a0
12973:             1             16  org.opensearch.security.compliance.ComplianceConfig$$Lambda/0x00007fcd28ff7030
12974:             1             16  org.opensearch.security.configuration.AdminDNs$$Lambda/0x00007fcd2892b5a0
12975:             1             16  org.opensearch.security.configuration.Salt
12976:             1             16  org.opensearch.security.configuration.SecurityFlsDlsIndexSearcherWrapper$$Lambda/0x00007fcd29262f70
12977:             1             16  org.opensearch.security.dlic.rest.api.AccountApiAction$$Lambda/0x00007fcd28ff0868
12978:             1             16  org.opensearch.security.dlic.rest.api.AccountApiAction$$Lambda/0x00007fcd28ff0a88
12979:             1             16  org.opensearch.security.dlic.rest.api.AccountApiAction$1
12980:             1             16  org.opensearch.security.dlic.rest.api.ActionGroupsApiAction$$Lambda/0x00007fcd28feba60
12981:             1             16  org.opensearch.security.dlic.rest.api.ActionGroupsApiAction$1
12982:             1             16  org.opensearch.security.dlic.rest.api.AuditApiAction$$Lambda/0x00007fcd28ff9840
12983:             1             16  org.opensearch.security.dlic.rest.api.AuditApiAction$$Lambda/0x00007fcd28ff9a60
12984:             1             16  org.opensearch.security.dlic.rest.api.AuditApiAction$$Lambda/0x00007fcd28ff9c80
12985:             1             16  org.opensearch.security.dlic.rest.api.AuditApiAction$2
12986:             1             16  org.opensearch.security.dlic.rest.api.AuthTokenProcessorAction$$Lambda/0x00007fcd28fee218
12987:             1             16  org.opensearch.security.dlic.rest.api.AuthTokenProcessorAction$$Lambda/0x00007fcd28fee440
12988:             1             16  org.opensearch.security.dlic.rest.api.CertificatesApiAction$$Lambda/0x00007fcd28ffcfd0
12989:             1             16  org.opensearch.security.dlic.rest.api.CertificatesApiAction$$Lambda/0x00007fcd28ffd220
12990:             1             16  org.opensearch.security.dlic.rest.api.ConfigUpgradeApiAction$$Lambda/0x00007fcd28ffba90
12991:             1             16  org.opensearch.security.dlic.rest.api.ConfigUpgradeApiAction$$Lambda/0x00007fcd28ffbcb0
12992:             1             16  org.opensearch.security.dlic.rest.api.ConfigUpgradeApiAction$1
12993:             1             16  org.opensearch.security.dlic.rest.api.FlushCacheApiAction$$Lambda/0x00007fcd28fec708
12994:             1             16  org.opensearch.security.dlic.rest.api.InternalUsersApiAction$$Lambda/0x00007fcd28fe8dc0
12995:             1             16  org.opensearch.security.dlic.rest.api.InternalUsersApiAction$$Lambda/0x00007fcd28fe8fe0
12996:             1             16  org.opensearch.security.dlic.rest.api.InternalUsersApiAction$$Lambda/0x00007fcd28fe9200
12997:             1             16  org.opensearch.security.dlic.rest.api.InternalUsersApiAction$$Lambda/0x00007fcd28fe9640
12998:             1             16  org.opensearch.security.dlic.rest.api.InternalUsersApiAction$1
12999:             1             16  org.opensearch.security.dlic.rest.api.MigrateApiAction$$Lambda/0x00007fcd28fef5f8
13000:             1             16  org.opensearch.security.dlic.rest.api.MultiTenancyConfigApiAction$$Lambda/0x00007fcd28ffa938
13001:             1             16  org.opensearch.security.dlic.rest.api.MultiTenancyConfigApiAction$$Lambda/0x00007fcd28ffab58
13002:             1             16  org.opensearch.security.dlic.rest.api.MultiTenancyConfigApiAction$1
13003:             1             16  org.opensearch.security.dlic.rest.api.RequestHandler$$Lambda/0x00007fcd28fc36d0
13004:             1             16  org.opensearch.security.dlic.rest.api.RequestHandler$$Lambda/0x00007fcd28fc38e8
13005:             1             16  org.opensearch.security.dlic.rest.api.RestApiAdminPrivilegesEvaluator$$Lambda/0x00007fcd2838de38
13006:             1             16  org.opensearch.security.dlic.rest.api.RestApiAdminPrivilegesEvaluator$$Lambda/0x00007fcd2838e978
13007:             1             16  org.opensearch.security.dlic.rest.api.RestApiAdminPrivilegesEvaluator$$Lambda/0x00007fcd2838eba0
13008:             1             16  org.opensearch.security.dlic.rest.api.RestApiAdminPrivilegesEvaluator$$Lambda/0x00007fcd2838edc8
13009:             1             16  org.opensearch.security.dlic.rest.api.RestApiAdminPrivilegesEvaluator$$Lambda/0x00007fcd2838eff0
13010:             1             16  org.opensearch.security.dlic.rest.api.RestApiAdminPrivilegesEvaluator$$Lambda/0x00007fcd2838f440
13011:             1             16  org.opensearch.security.dlic.rest.api.RestApiAdminPrivilegesEvaluator$$Lambda/0x00007fcd2838f668
13012:             1             16  org.opensearch.security.dlic.rest.api.RestApiAdminPrivilegesEvaluator$$Lambda/0x00007fcd2838f890
13013:             1             16  org.opensearch.security.dlic.rest.api.RestApiAdminPrivilegesEvaluator$$Lambda/0x00007fcd2838fab8
13014:             1             16  org.opensearch.security.dlic.rest.api.RolesApiAction$$Lambda/0x00007fcd28feafe8
13015:             1             16  org.opensearch.security.dlic.rest.api.RolesApiAction$1
13016:             1             16  org.opensearch.security.dlic.rest.api.RolesMappingApiAction$$Lambda/0x00007fcd28fea0c0
13017:             1             16  org.opensearch.security.dlic.rest.api.RolesMappingApiAction$1
13018:             1             16  org.opensearch.security.dlic.rest.api.SecurityConfigApiAction$$Lambda/0x00007fcd28fed188
13019:             1             16  org.opensearch.security.dlic.rest.api.SecurityConfigApiAction$$Lambda/0x00007fcd28fed828
13020:             1             16  org.opensearch.security.dlic.rest.api.SecurityConfigApiAction$$Lambda/0x00007fcd28feda48
13021:             1             16  org.opensearch.security.dlic.rest.api.SecurityConfigApiAction$1
13022:             1             16  org.opensearch.security.dlic.rest.api.SecuritySSLCertsApiAction$$Lambda/0x00007fcd28ffc418
13023:             1             16  org.opensearch.security.dlic.rest.api.SecuritySSLCertsApiAction$$Lambda/0x00007fcd28ffc668
13024:             1             16  org.opensearch.security.dlic.rest.api.SecuritySSLCertsApiAction$$Lambda/0x00007fcd28ffc888
13025:             1             16  org.opensearch.security.dlic.rest.api.TenantsApiAction$$Lambda/0x00007fcd28feeeb0
13026:             1             16  org.opensearch.security.dlic.rest.api.TenantsApiAction$1
13027:             1             16  org.opensearch.security.dlic.rest.api.ValidateApiAction$$Lambda/0x00007fcd28fefd40
13028:             1             16  org.opensearch.security.dlic.rest.api.ssl.CertificatesActionType$$Lambda/0x00007fcd28c02000
13029:             1             16  org.opensearch.security.dlic.rest.api.ssl.TransportCertificatesInfoNodesAction$$Lambda/0x00007fcd28caf768
13030:             1             16  org.opensearch.security.dlic.rest.api.ssl.TransportCertificatesInfoNodesAction$$Lambda/0x00007fcd28caf980
13031:             1             16  org.opensearch.security.hasher.BCryptPasswordHasher
13032:             1             16  org.opensearch.security.privileges.PitPrivilegesEvaluator
13033:             1             16  org.opensearch.security.privileges.TermsAggregationEvaluator
13034:             1             16  org.opensearch.security.securityconf.impl.CType$$Lambda/0x00007fcd2894db98
13035:             1             16  org.opensearch.security.securityconf.impl.CType$$Lambda/0x00007fcd2894dde0
13036:             1             16  org.opensearch.security.securityconf.impl.SecurityDynamicConfiguration$1
13037:             1             16  org.opensearch.security.setting.OpensearchDynamicSetting$$Lambda/0x00007fcd285734b0
13038:             1             16  org.opensearch.security.ssl.OpenSearchSecureSettingsFactory$1
13039:             1             16  org.opensearch.security.ssl.OpenSearchSecureSettingsFactory$1$1
13040:             1             16  org.opensearch.security.ssl.OpenSearchSecureSettingsFactory$2
13041:             1             16  org.opensearch.security.ssl.OpenSearchSecureSettingsFactory$2$1
13042:             1             16  org.opensearch.security.ssl.OpenSearchSecureSettingsFactory$2$3
13043:             1             16  org.opensearch.security.ssl.OpenSearchSecuritySSLPlugin$$Lambda/0x00007fcd28391b48
13044:             1             16  org.opensearch.security.ssl.OpenSearchSecuritySSLPlugin$$Lambda/0x00007fcd28391d90
13045:             1             16  org.opensearch.security.ssl.OpenSearchSecuritySSLPlugin$1
13046:             1             16  org.opensearch.security.ssl.SecureSSLSettings$$Lambda/0x00007fcd28391910
13047:             1             16  org.opensearch.security.ssl.SecureSSLSettings$InsecureFallbackStringSetting$$Lambda/0x00007fcd28319188
13048:             1             16  org.opensearch.security.ssl.SecureSSLSettings$SSLSetting$$Lambda/0x00007fcd283193c0
13049:             1             16  org.opensearch.security.ssl.SecureSSLSettings$SSLSetting$$Lambda/0x00007fcd28319608
13050:             1             16  org.opensearch.security.ssl.transport.DefaultPrincipalExtractor
13051:             1             16  org.opensearch.security.ssl.transport.DefaultPrincipalExtractor$$Lambda/0x00007fcd2919e000
13052:             1             16  org.opensearch.security.ssl.transport.SSLConfig$$Lambda/0x00007fcd28573280
13053:             1             16  org.opensearch.security.support.Base64JDKHelper$SafeObjectOutputStream$$Lambda/0x00007fcd2919fa90
13054:             1             16  org.opensearch.security.support.SourceFieldsContext$$Lambda/0x00007fcd293805f0
13055:             1             16  org.opensearch.security.support.SourceFieldsContext$$Lambda/0x00007fcd29380808
13056:             1             16  org.opensearch.security.support.StreamableRegistry$$Lambda/0x00007fcd2937c800
13057:             1             16  org.opensearch.security.support.StreamableRegistry$$Lambda/0x00007fcd2937dc10
13058:             1             16  org.opensearch.security.support.WildcardMatcher$$Lambda/0x00007fcd28918220
13059:             1             16  org.opensearch.security.support.WildcardMatcher$$Lambda/0x00007fcd29260000
13060:             1             16  org.opensearch.security.support.WildcardMatcher$1
13061:             1             16  org.opensearch.security.support.WildcardMatcher$2
13062:             1             16  org.opensearch.security.support.WildcardMatcher$CasefoldingMatcher
13063:             1             16  org.opensearch.securityanalytics.SecurityAnalyticsPlugin$$Lambda/0x00007fcd28454658
13064:             1             16  org.opensearch.securityanalytics.SecurityAnalyticsPlugin$$Lambda/0x00007fcd284554c8
13065:             1             16  org.opensearch.securityanalytics.SecurityAnalyticsPlugin$$Lambda/0x00007fcd284556e0
13066:             1             16  org.opensearch.securityanalytics.action.AckAlertsAction$$Lambda/0x00007fcd28af37c0
13067:             1             16  org.opensearch.securityanalytics.action.AckCorrelationAlertsAction$$Lambda/0x00007fcd28c7aa30
13068:             1             16  org.opensearch.securityanalytics.action.CorrelatedFindingAction$$Lambda/0x00007fcd28c72228
13069:             1             16  org.opensearch.securityanalytics.action.CreateIndexMappingsAction$$Lambda/0x00007fcd28c6c430
13070:             1             16  org.opensearch.securityanalytics.action.DeleteCorrelationRuleAction$$Lambda/0x00007fcd28c72da0
13071:             1             16  org.opensearch.securityanalytics.action.DeleteCustomLogTypeAction$$Lambda/0x00007fcd28c79768
13072:             1             16  org.opensearch.securityanalytics.action.DeleteDetectorAction$$Lambda/0x00007fcd28c6d918
13073:             1             16  org.opensearch.securityanalytics.action.DeleteRuleAction$$Lambda/0x00007fcd28c70d78
13074:             1             16  org.opensearch.securityanalytics.action.GetAlertsAction$$Lambda/0x00007fcd28c6fa18
13075:             1             16  org.opensearch.securityanalytics.action.GetAllRuleCategoriesAction$$Lambda/0x00007fcd28c71af0
13076:             1             16  org.opensearch.securityanalytics.action.GetCorrelationAlertsAction$$Lambda/0x00007fcd28c7a2e8
13077:             1             16  org.opensearch.securityanalytics.action.GetDetectorAction$$Lambda/0x00007fcd28c6e6d8
13078:             1             16  org.opensearch.securityanalytics.action.GetFindingsAction$$Lambda/0x00007fcd28c6f2d0
13079:             1             16  org.opensearch.securityanalytics.action.GetIndexMappingsAction$$Lambda/0x00007fcd28c6caf8
13080:             1             16  org.opensearch.securityanalytics.action.GetMappingsViewAction$$Lambda/0x00007fcd28c6e000
13081:             1             16  org.opensearch.securityanalytics.action.IndexCorrelationRuleAction$$Lambda/0x00007fcd28c72970
13082:             1             16  org.opensearch.securityanalytics.action.IndexCustomLogTypeAction$$Lambda/0x00007fcd28c78b70
13083:             1             16  org.opensearch.securityanalytics.action.IndexDetectorAction$$Lambda/0x00007fcd28c6d1d0
13084:             1             16  org.opensearch.securityanalytics.action.IndexRuleAction$$Lambda/0x00007fcd28c70290
13085:             1             16  org.opensearch.securityanalytics.action.ListCorrelationsAction$$Lambda/0x00007fcd28c78000
13086:             1             16  org.opensearch.securityanalytics.action.SearchCorrelationRuleAction$$Lambda/0x00007fcd28c784b0
13087:             1             16  org.opensearch.securityanalytics.action.SearchCustomLogTypeAction$$Lambda/0x00007fcd28c79030
13088:             1             16  org.opensearch.securityanalytics.action.SearchDetectorAction$$Lambda/0x00007fcd28c6eb88
13089:             1             16  org.opensearch.securityanalytics.action.SearchRuleAction$$Lambda/0x00007fcd28c706c0
13090:             1             16  org.opensearch.securityanalytics.action.UpdateIndexMappingsAction$$Lambda/0x00007fcd28c6c000
13091:             1             16  org.opensearch.securityanalytics.action.ValidateRulesAction$$Lambda/0x00007fcd28c71438
13092:             1             16  org.opensearch.securityanalytics.correlation.alert.notifications.NotificationService
13093:             1             16  org.opensearch.securityanalytics.correlation.index.codec.CorrelationCodecVersion$$Lambda/0x00007fcd2844f440
13094:             1             16  org.opensearch.securityanalytics.correlation.index.codec.CorrelationCodecVersion$$Lambda/0x00007fcd2844f668
13095:             1             16  org.opensearch.securityanalytics.correlation.index.codec.CorrelationCodecVersion$$Lambda/0x00007fcd2844fcc0
13096:             1             16  org.opensearch.securityanalytics.correlation.index.codec.CorrelationCodecVersion$$Lambda/0x00007fcd28450000
13097:             1             16  org.opensearch.securityanalytics.correlation.index.codec.correlation950.PerFieldCorrelationVectorsFormat950$$Lambda/0x00007fcd2844f000
13098:             1             16  org.opensearch.securityanalytics.correlation.index.codec.correlation950.PerFieldCorrelationVectorsFormat950$$Lambda/0x00007fcd2844f218
13099:             1             16  org.opensearch.securityanalytics.correlation.index.codec.correlation990.PerFieldCorrelationVectorsFormat990$$Lambda/0x00007fcd2844f880
13100:             1             16  org.opensearch.securityanalytics.correlation.index.codec.correlation990.PerFieldCorrelationVectorsFormat990$$Lambda/0x00007fcd2844fa98
13101:             1             16  org.opensearch.securityanalytics.correlation.index.mapper.CorrelationVectorFieldMapper$TypeParser
13102:             1             16  org.opensearch.securityanalytics.findings.FindingsService
13103:             1             16  org.opensearch.securityanalytics.indexmanagment.DetectorIndexManagementService$$Lambda/0x00007fcd28f83030
13104:             1             16  org.opensearch.securityanalytics.indexmanagment.DetectorIndexManagementService$$Lambda/0x00007fcd28f83260
13105:             1             16  org.opensearch.securityanalytics.indexmanagment.DetectorIndexManagementService$$Lambda/0x00007fcd28f83490
13106:             1             16  org.opensearch.securityanalytics.indexmanagment.DetectorIndexManagementService$$Lambda/0x00007fcd28f836c0
13107:             1             16  org.opensearch.securityanalytics.indexmanagment.DetectorIndexManagementService$$Lambda/0x00007fcd28f838f0
13108:             1             16  org.opensearch.securityanalytics.indexmanagment.DetectorIndexManagementService$$Lambda/0x00007fcd28f83b20
13109:             1             16  org.opensearch.securityanalytics.indexmanagment.DetectorIndexManagementService$$Lambda/0x00007fcd28f83d50
13110:             1             16  org.opensearch.securityanalytics.indexmanagment.DetectorIndexManagementService$$Lambda/0x00007fcd28fba000
13111:             1             16  org.opensearch.securityanalytics.indexmanagment.DetectorIndexManagementService$$Lambda/0x00007fcd28fba230
13112:             1             16  org.opensearch.securityanalytics.indexmanagment.DetectorIndexManagementService$$Lambda/0x00007fcd28fba460
13113:             1             16  org.opensearch.securityanalytics.indexmanagment.DetectorIndexManagementService$$Lambda/0x00007fcd28fba690
13114:             1             16  org.opensearch.securityanalytics.indexmanagment.DetectorIndexManagementService$$Lambda/0x00007fcd28fba8c0
13115:             1             16  org.opensearch.securityanalytics.indexmanagment.DetectorIndexManagementService$$Lambda/0x00007fcd28fbaaf0
13116:             1             16  org.opensearch.securityanalytics.indexmanagment.DetectorIndexManagementService$$Lambda/0x00007fcd28fbad20
13117:             1             16  org.opensearch.securityanalytics.logtype.BuiltinLogTypeLoader$$Lambda/0x00007fcd290384c0
13118:             1             16  org.opensearch.securityanalytics.logtype.BuiltinLogTypeLoader$$Lambda/0x00007fcd29039040
13119:             1             16  org.opensearch.securityanalytics.logtype.BuiltinLogTypeLoader$$Lambda/0x00007fcd2903b870
13120:             1             16  org.opensearch.securityanalytics.logtype.LogTypeService$$Lambda/0x00007fcd29039da0
13121:             1             16  org.opensearch.securityanalytics.logtype.LogTypeService$$Lambda/0x00007fcd2903af88
13122:             1             16  org.opensearch.securityanalytics.model.CustomLogType$$Lambda/0x00007fcd288aced8
13123:             1             16  org.opensearch.securityanalytics.model.Detector$$Lambda/0x00007fcd288ac000
13124:             1             16  org.opensearch.securityanalytics.model.DetectorInput$$Lambda/0x00007fcd288ac4c0
13125:             1             16  org.opensearch.securityanalytics.model.LogType$$Lambda/0x00007fcd29038948
13126:             1             16  org.opensearch.securityanalytics.model.LogType$$Lambda/0x00007fcd29038e08
13127:             1             16  org.opensearch.securityanalytics.model.Rule$$Lambda/0x00007fcd288ac9f8
13128:             1             16  org.opensearch.securityanalytics.model.ThreatIntelFeedData$$Lambda/0x00007fcd288ad388
13129:             1             16  org.opensearch.securityanalytics.threatIntel.action.PutTIFJobAction$$Lambda/0x00007fcd28c79c18
13130:             1             16  org.opensearch.securityanalytics.threatIntel.action.TransportPutTIFJobAction$$Lambda/0x00007fcd28d997d0
13131:             1             16  org.opensearch.securityanalytics.threatIntel.common.TIFMetadata$$Lambda/0x00007fcd290394c0
13132:             1             16  org.opensearch.securityanalytics.threatIntel.feedMetadata.BuiltInTIFMetadataLoader$$Lambda/0x00007fcd29039278
13133:             1             16  org.opensearch.securityanalytics.threatIntel.feedMetadata.BuiltInTIFMetadataLoader$$Lambda/0x00007fcd290396f8
13134:             1             16  org.opensearch.securityanalytics.transport.TransportAckCorrelationAlertsAction$$Lambda/0x00007fcd28ee6288
13135:             1             16  org.opensearch.securityanalytics.transport.TransportAckCorrelationAlertsAction$$Lambda/0x00007fcd28ee64a0
13136:             1             16  org.opensearch.securityanalytics.transport.TransportAcknowledgeAlertsAction$$Lambda/0x00007fcd28f82660
13137:             1             16  org.opensearch.securityanalytics.transport.TransportAcknowledgeAlertsAction$$Lambda/0x00007fcd28f82878
13138:             1             16  org.opensearch.securityanalytics.transport.TransportCorrelateFindingAction$$Lambda/0x00007fcd28d9a970
13139:             1             16  org.opensearch.securityanalytics.transport.TransportCorrelateFindingAction$$Lambda/0x00007fcd28d9ab88
13140:             1             16  org.opensearch.securityanalytics.transport.TransportCorrelateFindingAction$$Lambda/0x00007fcd28d9adb8
13141:             1             16  org.opensearch.securityanalytics.transport.TransportCorrelateFindingAction$$Lambda/0x00007fcd28d9afe8
13142:             1             16  org.opensearch.securityanalytics.transport.TransportCreateIndexMappingsAction$$Lambda/0x00007fcd28ee4890
13143:             1             16  org.opensearch.securityanalytics.transport.TransportDeleteCorrelationRuleAction$$Lambda/0x00007fcd28ee4460
13144:             1             16  org.opensearch.securityanalytics.transport.TransportDeleteCustomLogTypeAction$$Lambda/0x00007fcd28ee79f0
13145:             1             16  org.opensearch.securityanalytics.transport.TransportDeleteCustomLogTypeAction$$Lambda/0x00007fcd28ee7c08
13146:             1             16  org.opensearch.securityanalytics.transport.TransportDeleteCustomLogTypeAction$$Lambda/0x00007fcd28f67c00
13147:             1             16  org.opensearch.securityanalytics.transport.TransportDeleteDetectorAction$$Lambda/0x00007fcd28ee55b0
13148:             1             16  org.opensearch.securityanalytics.transport.TransportDeleteDetectorAction$$Lambda/0x00007fcd28ee57c8
13149:             1             16  org.opensearch.securityanalytics.transport.TransportDeleteRuleAction$$Lambda/0x00007fcd28d999e8
13150:             1             16  org.opensearch.securityanalytics.transport.TransportGetAlertsAction$$Lambda/0x00007fcd28d9a048
13151:             1             16  org.opensearch.securityanalytics.transport.TransportGetAlertsAction$$Lambda/0x00007fcd28d9a498
13152:             1             16  org.opensearch.securityanalytics.transport.TransportGetAllRuleCategoriesAction$$Lambda/0x00007fcd28d4bd88
13153:             1             16  org.opensearch.securityanalytics.transport.TransportGetCorrelationAlertsAction$$Lambda/0x00007fcd28d9b218
13154:             1             16  org.opensearch.securityanalytics.transport.TransportGetCorrelationAlertsAction$$Lambda/0x00007fcd28d9b430
13155:             1             16  org.opensearch.securityanalytics.transport.TransportGetDetectorAction$$Lambda/0x00007fcd28f82218
13156:             1             16  org.opensearch.securityanalytics.transport.TransportGetDetectorAction$$Lambda/0x00007fcd28f82430
13157:             1             16  org.opensearch.securityanalytics.transport.TransportGetFindingsAction$$Lambda/0x00007fcd28ee59f8
13158:             1             16  org.opensearch.securityanalytics.transport.TransportGetFindingsAction$$Lambda/0x00007fcd28ee5e40
13159:             1             16  org.opensearch.securityanalytics.transport.TransportGetIndexMappingsAction$$Lambda/0x00007fcd28f82000
13160:             1             16  org.opensearch.securityanalytics.transport.TransportGetMappingsViewAction$$Lambda/0x00007fcd28ee66d0
13161:             1             16  org.opensearch.securityanalytics.transport.TransportIndexCorrelationRuleAction$$Lambda/0x00007fcd28ee4678
13162:             1             16  org.opensearch.securityanalytics.transport.TransportIndexCustomLogTypeAction$$Lambda/0x00007fcd28ee6d30
13163:             1             16  org.opensearch.securityanalytics.transport.TransportIndexCustomLogTypeAction$$Lambda/0x00007fcd28ee6f48
13164:             1             16  org.opensearch.securityanalytics.transport.TransportIndexCustomLogTypeAction$$Lambda/0x00007fcd28ee7178
13165:             1             16  org.opensearch.securityanalytics.transport.TransportIndexDetectorAction$$Lambda/0x00007fcd28d9b878
13166:             1             16  org.opensearch.securityanalytics.transport.TransportIndexDetectorAction$$Lambda/0x00007fcd28ee4000
13167:             1             16  org.opensearch.securityanalytics.transport.TransportIndexDetectorAction$$Lambda/0x00007fcd28ee4230
13168:             1             16  org.opensearch.securityanalytics.transport.TransportIndexRuleAction$$Lambda/0x00007fcd28ee6070
13169:             1             16  org.opensearch.securityanalytics.transport.TransportListCorrelationAction$$Lambda/0x00007fcd28d9b660
13170:             1             16  org.opensearch.securityanalytics.transport.TransportSearchCorrelationAction$$Lambda/0x00007fcd28ee77d8
13171:             1             16  org.opensearch.securityanalytics.transport.TransportSearchCorrelationRuleAction$$Lambda/0x00007fcd28ee75c0
13172:             1             16  org.opensearch.securityanalytics.transport.TransportSearchCustomLogTypeAction$$Lambda/0x00007fcd28ee68e8
13173:             1             16  org.opensearch.securityanalytics.transport.TransportSearchCustomLogTypeAction$$Lambda/0x00007fcd28ee6b00
13174:             1             16  org.opensearch.securityanalytics.transport.TransportSearchDetectorAction$$Lambda/0x00007fcd28d99c00
13175:             1             16  org.opensearch.securityanalytics.transport.TransportSearchDetectorAction$$Lambda/0x00007fcd28d99e18
13176:             1             16  org.opensearch.securityanalytics.transport.TransportSearchRuleAction$$Lambda/0x00007fcd28f82aa8
13177:             1             16  org.opensearch.securityanalytics.transport.TransportUpdateIndexMappingsAction$$Lambda/0x00007fcd28ee73a8
13178:             1             16  org.opensearch.securityanalytics.transport.TransportValidateRulesAction$$Lambda/0x00007fcd28d993a8
13179:             1             16  org.opensearch.securityanalytics.util.ThrowableCheckingPredicates$$Lambda/0x00007fcd28ee4ce8
13180:             1             16  org.opensearch.securityanalytics.util.ThrowableCheckingPredicates$$Lambda/0x00007fcd28ee4f30
13181:             1             16  org.opensearch.securityanalytics.util.ThrowableCheckingPredicates$$Lambda/0x00007fcd28ee5178
13182:             1             16  org.opensearch.semver.expr.Caret
13183:             1             16  org.opensearch.semver.expr.Tilde
13184:             1             16  org.opensearch.snapshots.InternalSnapshotsInfoService$$Lambda/0x00007fcd286d2cf8
13185:             1             16  org.opensearch.snapshots.InternalSnapshotsInfoService$$Lambda/0x00007fcd286d2f10
13186:             1             16  org.opensearch.snapshots.InternalSnapshotsInfoService$$Lambda/0x00007fcd28714cf0
13187:             1             16  org.opensearch.snapshots.RestoreService$CleanRestoreStateTaskExecutor
13188:             1             16  org.opensearch.snapshots.SnapshotsService$$Lambda/0x00007fcd286fbb58
13189:             1             16  org.opensearch.snapshots.SnapshotsService$$Lambda/0x00007fcd28cf0640
13190:             1             16  org.opensearch.snapshots.SnapshotsService$17
13191:             1             16  org.opensearch.snapshots.SnapshotsService$UpdateSnapshotStatusAction$$Lambda/0x00007fcd28cf0fe0
13192:             1             16  org.opensearch.sql.data.model.ExprIntegerValue
13193:             1             16  org.opensearch.sql.data.model.ExprMissingValue
13194:             1             16  org.opensearch.sql.data.model.ExprNullValue
13195:             1             16  org.opensearch.sql.data.type.ExprCoreType$$Lambda/0x00007fcd28b29da0
13196:             1             16  org.opensearch.sql.data.type.ExprCoreType$$Lambda/0x00007fcd28b29fe8
13197:             1             16  org.opensearch.sql.datasource.model.DataSourceMetadata$$Lambda/0x00007fcd28b14550
13198:             1             16  org.opensearch.sql.datasources.auth.DataSourceUserAuthorizationHelperImpl
13199:             1             16  org.opensearch.sql.datasources.encryptor.EncryptorImpl
13200:             1             16  org.opensearch.sql.datasources.glue.GlueDataSourceFactory
13201:             1             16  org.opensearch.sql.datasources.service.DataSourceLoaderCacheImpl$$Lambda/0x00007fcd28b0a4b8
13202:             1             16  org.opensearch.sql.datasources.service.DataSourceLoaderCacheImpl$$Lambda/0x00007fcd28b0a6f0
13203:             1             16  org.opensearch.sql.datasources.transport.TransportCreateDataSourceAction$$Lambda/0x00007fcd28ea51e8
13204:             1             16  org.opensearch.sql.datasources.transport.TransportCreateDataSourceAction$$Lambda/0x00007fcd28ea5400
13205:             1             16  org.opensearch.sql.datasources.transport.TransportDeleteDataSourceAction$$Lambda/0x00007fcd28ea5618
13206:             1             16  org.opensearch.sql.datasources.transport.TransportDeleteDataSourceAction$$Lambda/0x00007fcd28ea5830
13207:             1             16  org.opensearch.sql.datasources.transport.TransportGetDataSourceAction$$Lambda/0x00007fcd28d6b450
13208:             1             16  org.opensearch.sql.datasources.transport.TransportGetDataSourceAction$$Lambda/0x00007fcd28d6b668
13209:             1             16  org.opensearch.sql.datasources.transport.TransportPatchDataSourceAction$$Lambda/0x00007fcd28d6b880
13210:             1             16  org.opensearch.sql.datasources.transport.TransportPatchDataSourceAction$$Lambda/0x00007fcd28d6ba98
13211:             1             16  org.opensearch.sql.datasources.transport.TransportUpdateDataSourceAction$$Lambda/0x00007fcd28d6bcb0
13212:             1             16  org.opensearch.sql.datasources.transport.TransportUpdateDataSourceAction$$Lambda/0x00007fcd28ea4000
13213:             1             16  org.opensearch.sql.executor.execution.QueryPlanFactory$1
13214:             1             16  org.opensearch.sql.expression.aggregation.AggregatorFunction$$Lambda/0x00007fcd28b3a120
13215:             1             16  org.opensearch.sql.expression.aggregation.AggregatorFunction$$Lambda/0x00007fcd28b3a338
13216:             1             16  org.opensearch.sql.expression.aggregation.AggregatorFunction$$Lambda/0x00007fcd28b3a550
13217:             1             16  org.opensearch.sql.expression.aggregation.AggregatorFunction$$Lambda/0x00007fcd28b3a768
13218:             1             16  org.opensearch.sql.expression.aggregation.AggregatorFunction$$Lambda/0x00007fcd28b3a980
13219:             1             16  org.opensearch.sql.expression.aggregation.AggregatorFunction$$Lambda/0x00007fcd28b3ab98
13220:             1             16  org.opensearch.sql.expression.aggregation.AggregatorFunction$$Lambda/0x00007fcd28b3adb0
13221:             1             16  org.opensearch.sql.expression.aggregation.AggregatorFunction$$Lambda/0x00007fcd28b3afc8
13222:             1             16  org.opensearch.sql.expression.aggregation.AggregatorFunction$$Lambda/0x00007fcd28b3b1e0
13223:             1             16  org.opensearch.sql.expression.aggregation.AggregatorFunction$$Lambda/0x00007fcd28b3b638
13224:             1             16  org.opensearch.sql.expression.aggregation.AggregatorFunction$$Lambda/0x00007fcd28b3b870
13225:             1             16  org.opensearch.sql.expression.aggregation.AggregatorFunction$$Lambda/0x00007fcd28b3ba88
13226:             1             16  org.opensearch.sql.expression.aggregation.AggregatorFunction$$Lambda/0x00007fcd28b3bca0
13227:             1             16  org.opensearch.sql.expression.aggregation.AggregatorFunction$$Lambda/0x00007fcd28b3beb8
13228:             1             16  org.opensearch.sql.expression.aggregation.AggregatorFunction$$Lambda/0x00007fcd28b3c0d0
13229:             1             16  org.opensearch.sql.expression.aggregation.AggregatorFunction$$Lambda/0x00007fcd28b3c2e8
13230:             1             16  org.opensearch.sql.expression.aggregation.AggregatorFunction$$Lambda/0x00007fcd28b3c500
13231:             1             16  org.opensearch.sql.expression.aggregation.AggregatorFunction$$Lambda/0x00007fcd28b3c718
13232:             1             16  org.opensearch.sql.expression.aggregation.AggregatorFunction$$Lambda/0x00007fcd28b3c930
13233:             1             16  org.opensearch.sql.expression.aggregation.AggregatorFunction$$Lambda/0x00007fcd28b3cb48
13234:             1             16  org.opensearch.sql.expression.aggregation.AggregatorFunction$$Lambda/0x00007fcd28b3cd60
13235:             1             16  org.opensearch.sql.expression.aggregation.AggregatorFunction$$Lambda/0x00007fcd28b3cf78
13236:             1             16  org.opensearch.sql.expression.aggregation.AggregatorFunction$$Lambda/0x00007fcd28b3d190
13237:             1             16  org.opensearch.sql.expression.aggregation.AggregatorFunction$$Lambda/0x00007fcd28b3d3a8
13238:             1             16  org.opensearch.sql.expression.aggregation.AggregatorFunction$$Lambda/0x00007fcd28b3d5c0
13239:             1             16  org.opensearch.sql.expression.aggregation.AggregatorFunction$$Lambda/0x00007fcd28b3d7d8
13240:             1             16  org.opensearch.sql.expression.aggregation.AggregatorFunction$$Lambda/0x00007fcd28b3d9f0
13241:             1             16  org.opensearch.sql.expression.aggregation.AggregatorFunction$$Lambda/0x00007fcd28b3dc08
13242:             1             16  org.opensearch.sql.expression.aggregation.AggregatorFunction$$Lambda/0x00007fcd28b3de20
13243:             1             16  org.opensearch.sql.expression.aggregation.AggregatorFunction$$Lambda/0x00007fcd28b3e038
13244:             1             16  org.opensearch.sql.expression.aggregation.AggregatorFunction$$Lambda/0x00007fcd28b3eaf8
13245:             1             16  org.opensearch.sql.expression.aggregation.AggregatorFunction$$Lambda/0x00007fcd28b3ed10
13246:             1             16  org.opensearch.sql.expression.aggregation.AggregatorFunction$$Lambda/0x00007fcd28b3ef28
13247:             1             16  org.opensearch.sql.expression.aggregation.AggregatorFunction$$Lambda/0x00007fcd28b3f140
13248:             1             16  org.opensearch.sql.expression.aggregation.AggregatorFunction$$Lambda/0x00007fcd28b3f358
13249:             1             16  org.opensearch.sql.expression.aggregation.AggregatorFunction$$Lambda/0x00007fcd28b3f570
13250:             1             16  org.opensearch.sql.expression.aggregation.AggregatorFunction$$Lambda/0x00007fcd28b3f788
13251:             1             16  org.opensearch.sql.expression.aggregation.AggregatorFunction$$Lambda/0x00007fcd28b3f9a0
13252:             1             16  org.opensearch.sql.expression.aggregation.AggregatorFunction$$Lambda/0x00007fcd28b3fbb8
13253:             1             16  org.opensearch.sql.expression.aggregation.AggregatorFunction$$Lambda/0x00007fcd28b3fdd0
13254:             1             16  org.opensearch.sql.expression.aggregation.AggregatorFunction$$Lambda/0x00007fcd28b40000
13255:             1             16  org.opensearch.sql.expression.aggregation.AggregatorFunction$$Lambda/0x00007fcd28b40218
13256:             1             16  org.opensearch.sql.expression.datetime.DateTimeFunction$$Lambda/0x00007fcd28b40630
13257:             1             16  org.opensearch.sql.expression.datetime.DateTimeFunction$$Lambda/0x00007fcd28b40a68
13258:             1             16  org.opensearch.sql.expression.datetime.DateTimeFunction$$Lambda/0x00007fcd28b40c80
13259:             1             16  org.opensearch.sql.expression.datetime.DateTimeFunction$$Lambda/0x00007fcd28b40e98
13260:             1             16  org.opensearch.sql.expression.datetime.DateTimeFunction$$Lambda/0x00007fcd28b410b0
13261:             1             16  org.opensearch.sql.expression.datetime.DateTimeFunction$$Lambda/0x00007fcd28b412c8
13262:             1             16  org.opensearch.sql.expression.datetime.DateTimeFunction$$Lambda/0x00007fcd28b414e0
13263:             1             16  org.opensearch.sql.expression.datetime.DateTimeFunction$$Lambda/0x00007fcd28b416f8
13264:             1             16  org.opensearch.sql.expression.datetime.DateTimeFunction$$Lambda/0x00007fcd28b41910
13265:             1             16  org.opensearch.sql.expression.datetime.DateTimeFunction$$Lambda/0x00007fcd28b41b28
13266:             1             16  org.opensearch.sql.expression.datetime.DateTimeFunction$$Lambda/0x00007fcd28b41d40
13267:             1             16  org.opensearch.sql.expression.datetime.DateTimeFunction$$Lambda/0x00007fcd28b41f58
13268:             1             16  org.opensearch.sql.expression.datetime.DateTimeFunction$$Lambda/0x00007fcd28b42170
13269:             1             16  org.opensearch.sql.expression.datetime.DateTimeFunction$$Lambda/0x00007fcd28b42388
13270:             1             16  org.opensearch.sql.expression.datetime.DateTimeFunction$$Lambda/0x00007fcd28b425a0
13271:             1             16  org.opensearch.sql.expression.datetime.DateTimeFunction$$Lambda/0x00007fcd28b427b8
13272:             1             16  org.opensearch.sql.expression.datetime.DateTimeFunction$$Lambda/0x00007fcd28b429d0
13273:             1             16  org.opensearch.sql.expression.datetime.DateTimeFunction$$Lambda/0x00007fcd28b42be8
13274:             1             16  org.opensearch.sql.expression.datetime.DateTimeFunction$$Lambda/0x00007fcd28b42e00
13275:             1             16  org.opensearch.sql.expression.datetime.DateTimeFunction$$Lambda/0x00007fcd28b43018
13276:             1             16  org.opensearch.sql.expression.datetime.DateTimeFunction$$Lambda/0x00007fcd28b43230
13277:             1             16  org.opensearch.sql.expression.datetime.DateTimeFunction$$Lambda/0x00007fcd28b43448
13278:             1             16  org.opensearch.sql.expression.datetime.DateTimeFunction$$Lambda/0x00007fcd28b43698
13279:             1             16  org.opensearch.sql.expression.datetime.DateTimeFunction$$Lambda/0x00007fcd28b438e8
13280:             1             16  org.opensearch.sql.expression.datetime.DateTimeFunction$$Lambda/0x00007fcd28b43b38
13281:             1             16  org.opensearch.sql.expression.datetime.DateTimeFunction$$Lambda/0x00007fcd28b43d88
13282:             1             16  org.opensearch.sql.expression.datetime.DateTimeFunction$$Lambda/0x00007fcd28b43fd8
13283:             1             16  org.opensearch.sql.expression.datetime.DateTimeFunction$$Lambda/0x00007fcd28b44228
13284:             1             16  org.opensearch.sql.expression.datetime.DateTimeFunction$$Lambda/0x00007fcd28b44478
13285:             1             16  org.opensearch.sql.expression.datetime.DateTimeFunction$$Lambda/0x00007fcd28b44690
13286:             1             16  org.opensearch.sql.expression.datetime.DateTimeFunction$$Lambda/0x00007fcd28b448a8
13287:             1             16  org.opensearch.sql.expression.datetime.DateTimeFunction$$Lambda/0x00007fcd28b44ac0
13288:             1             16  org.opensearch.sql.expression.datetime.DateTimeFunction$$Lambda/0x00007fcd28b44cd8
13289:             1             16  org.opensearch.sql.expression.datetime.DateTimeFunction$$Lambda/0x00007fcd28b44ef0
13290:             1             16  org.opensearch.sql.expression.datetime.DateTimeFunction$$Lambda/0x00007fcd28b45108
13291:             1             16  org.opensearch.sql.expression.datetime.DateTimeFunction$$Lambda/0x00007fcd28b45320
13292:             1             16  org.opensearch.sql.expression.datetime.DateTimeFunction$$Lambda/0x00007fcd28b45538
13293:             1             16  org.opensearch.sql.expression.datetime.DateTimeFunction$$Lambda/0x00007fcd28b45750
13294:             1             16  org.opensearch.sql.expression.datetime.DateTimeFunction$$Lambda/0x00007fcd28b45968
13295:             1             16  org.opensearch.sql.expression.datetime.DateTimeFunction$$Lambda/0x00007fcd28b45b80
13296:             1             16  org.opensearch.sql.expression.datetime.DateTimeFunction$$Lambda/0x00007fcd28b45d98
13297:             1             16  org.opensearch.sql.expression.datetime.DateTimeFunction$$Lambda/0x00007fcd28b45fb0
13298:             1             16  org.opensearch.sql.expression.datetime.DateTimeFunction$$Lambda/0x00007fcd28b461c8
13299:             1             16  org.opensearch.sql.expression.datetime.DateTimeFunction$$Lambda/0x00007fcd28b463e0
13300:             1             16  org.opensearch.sql.expression.datetime.DateTimeFunction$$Lambda/0x00007fcd28b465f8
13301:             1             16  org.opensearch.sql.expression.datetime.DateTimeFunction$$Lambda/0x00007fcd28b46838
13302:             1             16  org.opensearch.sql.expression.datetime.DateTimeFunction$$Lambda/0x00007fcd28b46a88
13303:             1             16  org.opensearch.sql.expression.datetime.DateTimeFunction$$Lambda/0x00007fcd28b46ca0
13304:             1             16  org.opensearch.sql.expression.datetime.DateTimeFunction$$Lambda/0x00007fcd28b470b8
13305:             1             16  org.opensearch.sql.expression.datetime.DateTimeFunction$$Lambda/0x00007fcd28b472f8
13306:             1             16  org.opensearch.sql.expression.datetime.DateTimeFunction$$Lambda/0x00007fcd28b47538
13307:             1             16  org.opensearch.sql.expression.datetime.DateTimeFunction$$Lambda/0x00007fcd28b47778
13308:             1             16  org.opensearch.sql.expression.datetime.DateTimeFunction$$Lambda/0x00007fcd28b47990
13309:             1             16  org.opensearch.sql.expression.datetime.DateTimeFunction$$Lambda/0x00007fcd28b47bd0
13310:             1             16  org.opensearch.sql.expression.datetime.DateTimeFunction$$Lambda/0x00007fcd28b47de8
13311:             1             16  org.opensearch.sql.expression.datetime.DateTimeFunction$$Lambda/0x00007fcd28b48000
13312:             1             16  org.opensearch.sql.expression.datetime.DateTimeFunction$$Lambda/0x00007fcd28b48250
13313:             1             16  org.opensearch.sql.expression.datetime.DateTimeFunction$$Lambda/0x00007fcd28b484a0
13314:             1             16  org.opensearch.sql.expression.datetime.DateTimeFunction$$Lambda/0x00007fcd28b486f0
13315:             1             16  org.opensearch.sql.expression.datetime.DateTimeFunction$$Lambda/0x00007fcd28b48940
13316:             1             16  org.opensearch.sql.expression.datetime.DateTimeFunction$$Lambda/0x00007fcd28b48b90
13317:             1             16  org.opensearch.sql.expression.datetime.DateTimeFunction$$Lambda/0x00007fcd28b48de0
13318:             1             16  org.opensearch.sql.expression.datetime.DateTimeFunction$$Lambda/0x00007fcd28b49030
13319:             1             16  org.opensearch.sql.expression.datetime.DateTimeFunction$$Lambda/0x00007fcd28b49280
13320:             1             16  org.opensearch.sql.expression.datetime.DateTimeFunction$$Lambda/0x00007fcd28b49708
13321:             1             16  org.opensearch.sql.expression.datetime.DateTimeFunction$$Lambda/0x00007fcd28b49958
13322:             1             16  org.opensearch.sql.expression.datetime.DateTimeFunction$$Lambda/0x00007fcd28b49ba8
13323:             1             16  org.opensearch.sql.expression.datetime.DateTimeFunction$$Lambda/0x00007fcd28b49df8
13324:             1             16  org.opensearch.sql.expression.datetime.DateTimeFunction$$Lambda/0x00007fcd28b4a048
13325:             1             16  org.opensearch.sql.expression.datetime.DateTimeFunction$$Lambda/0x00007fcd28b4a288
13326:             1             16  org.opensearch.sql.expression.datetime.DateTimeFunction$$Lambda/0x00007fcd28b4a4d8
13327:             1             16  org.opensearch.sql.expression.datetime.DateTimeFunction$$Lambda/0x00007fcd28b4a728
13328:             1             16  org.opensearch.sql.expression.datetime.DateTimeFunction$$Lambda/0x00007fcd28b4a978
13329:             1             16  org.opensearch.sql.expression.datetime.DateTimeFunction$$Lambda/0x00007fcd28b4abc8
13330:             1             16  org.opensearch.sql.expression.datetime.DateTimeFunction$$Lambda/0x00007fcd28b4ae08
13331:             1             16  org.opensearch.sql.expression.datetime.DateTimeFunction$$Lambda/0x00007fcd28b4b058
13332:             1             16  org.opensearch.sql.expression.datetime.DateTimeFunction$$Lambda/0x00007fcd28b4b2a8
13333:             1             16  org.opensearch.sql.expression.datetime.DateTimeFunction$$Lambda/0x00007fcd28b4b4f8
13334:             1             16  org.opensearch.sql.expression.datetime.DateTimeFunction$$Lambda/0x00007fcd28b4b748
13335:             1             16  org.opensearch.sql.expression.datetime.DateTimeFunction$$Lambda/0x00007fcd28b4b960
13336:             1             16  org.opensearch.sql.expression.datetime.DateTimeFunction$$Lambda/0x00007fcd28b4bba0
13337:             1             16  org.opensearch.sql.expression.datetime.DateTimeFunction$$Lambda/0x00007fcd28b4bde0
13338:             1             16  org.opensearch.sql.expression.datetime.DateTimeFunction$$Lambda/0x00007fcd28b4c020
13339:             1             16  org.opensearch.sql.expression.datetime.DateTimeFunction$$Lambda/0x00007fcd28b4c260
13340:             1             16  org.opensearch.sql.expression.datetime.DateTimeFunction$$Lambda/0x00007fcd28b4c4b0
13341:             1             16  org.opensearch.sql.expression.datetime.DateTimeFunction$$Lambda/0x00007fcd28b4c700
13342:             1             16  org.opensearch.sql.expression.datetime.DateTimeFunction$$Lambda/0x00007fcd28b4c940
13343:             1             16  org.opensearch.sql.expression.datetime.DateTimeFunction$$Lambda/0x00007fcd28b4cb80
13344:             1             16  org.opensearch.sql.expression.datetime.DateTimeFunction$$Lambda/0x00007fcd28b4cdd0
13345:             1             16  org.opensearch.sql.expression.datetime.DateTimeFunction$$Lambda/0x00007fcd28b4d020
13346:             1             16  org.opensearch.sql.expression.datetime.DateTimeFunction$$Lambda/0x00007fcd28b4d270
13347:             1             16  org.opensearch.sql.expression.datetime.DateTimeFunction$$Lambda/0x00007fcd28b4d4c0
13348:             1             16  org.opensearch.sql.expression.datetime.DateTimeFunction$$Lambda/0x00007fcd28b4d710
13349:             1             16  org.opensearch.sql.expression.datetime.DateTimeFunction$$Lambda/0x00007fcd28b4d960
13350:             1             16  org.opensearch.sql.expression.datetime.DateTimeFunction$$Lambda/0x00007fcd28b4dba0
13351:             1             16  org.opensearch.sql.expression.datetime.DateTimeFunction$$Lambda/0x00007fcd28b4ddf0
13352:             1             16  org.opensearch.sql.expression.datetime.DateTimeFunction$$Lambda/0x00007fcd28b4e040
13353:             1             16  org.opensearch.sql.expression.datetime.DateTimeFunction$$Lambda/0x00007fcd28b4e290
13354:             1             16  org.opensearch.sql.expression.datetime.DateTimeFunction$$Lambda/0x00007fcd28b4e4d0
13355:             1             16  org.opensearch.sql.expression.datetime.DateTimeFunction$$Lambda/0x00007fcd28b4e6e8
13356:             1             16  org.opensearch.sql.expression.datetime.DateTimeFunction$$Lambda/0x00007fcd28b4e938
13357:             1             16  org.opensearch.sql.expression.datetime.DateTimeFunction$$Lambda/0x00007fcd28b4eb88
13358:             1             16  org.opensearch.sql.expression.datetime.DateTimeFunction$$Lambda/0x00007fcd28b4edd8
13359:             1             16  org.opensearch.sql.expression.datetime.DateTimeFunction$$Lambda/0x00007fcd28b4f028
13360:             1             16  org.opensearch.sql.expression.datetime.DateTimeFunction$$Lambda/0x00007fcd28b4f278
13361:             1             16  org.opensearch.sql.expression.datetime.DateTimeFunction$$Lambda/0x00007fcd28b4f4c8
13362:             1             16  org.opensearch.sql.expression.datetime.DateTimeFunction$$Lambda/0x00007fcd28b4f718
13363:             1             16  org.opensearch.sql.expression.datetime.DateTimeFunction$$Lambda/0x00007fcd28b4f968
13364:             1             16  org.opensearch.sql.expression.datetime.DateTimeFunction$$Lambda/0x00007fcd28b4fbb8
13365:             1             16  org.opensearch.sql.expression.datetime.DateTimeFunction$$Lambda/0x00007fcd28b50000
13366:             1             16  org.opensearch.sql.expression.datetime.DateTimeFunction$$Lambda/0x00007fcd28b50250
13367:             1             16  org.opensearch.sql.expression.datetime.DateTimeFunction$$Lambda/0x00007fcd28b504a0
13368:             1             16  org.opensearch.sql.expression.datetime.DateTimeFunction$$Lambda/0x00007fcd28b506f0
13369:             1             16  org.opensearch.sql.expression.datetime.DateTimeFunction$$Lambda/0x00007fcd28b50940
13370:             1             16  org.opensearch.sql.expression.datetime.DateTimeFunction$$Lambda/0x00007fcd28b50b80
13371:             1             16  org.opensearch.sql.expression.datetime.DateTimeFunction$$Lambda/0x00007fcd28b50dd0
13372:             1             16  org.opensearch.sql.expression.datetime.DateTimeFunction$$Lambda/0x00007fcd28b51020
13373:             1             16  org.opensearch.sql.expression.datetime.DateTimeFunction$$Lambda/0x00007fcd28b51270
13374:             1             16  org.opensearch.sql.expression.datetime.DateTimeFunction$$Lambda/0x00007fcd28b514c0
13375:             1             16  org.opensearch.sql.expression.datetime.DateTimeFunction$$Lambda/0x00007fcd28b51710
13376:             1             16  org.opensearch.sql.expression.datetime.DateTimeFunction$$Lambda/0x00007fcd28b51960
13377:             1             16  org.opensearch.sql.expression.datetime.DateTimeFunction$$Lambda/0x00007fcd28b51bb0
13378:             1             16  org.opensearch.sql.expression.datetime.DateTimeFunction$$Lambda/0x00007fcd28b51e00
13379:             1             16  org.opensearch.sql.expression.datetime.DateTimeFunction$$Lambda/0x00007fcd28b52040
13380:             1             16  org.opensearch.sql.expression.datetime.DateTimeFunction$$Lambda/0x00007fcd28b52280
13381:             1             16  org.opensearch.sql.expression.datetime.DateTimeFunction$$Lambda/0x00007fcd28b524d0
13382:             1             16  org.opensearch.sql.expression.datetime.DateTimeFunction$$Lambda/0x00007fcd28b52720
13383:             1             16  org.opensearch.sql.expression.datetime.DateTimeFunction$$Lambda/0x00007fcd28b52970
13384:             1             16  org.opensearch.sql.expression.datetime.DateTimeFunction$$Lambda/0x00007fcd28b52bc0
13385:             1             16  org.opensearch.sql.expression.datetime.DateTimeFunction$$Lambda/0x00007fcd28b52e10
13386:             1             16  org.opensearch.sql.expression.datetime.DateTimeFunction$$Lambda/0x00007fcd28b53060
13387:             1             16  org.opensearch.sql.expression.datetime.DateTimeFunction$$Lambda/0x00007fcd28b532b0
13388:             1             16  org.opensearch.sql.expression.datetime.DateTimeFunction$$Lambda/0x00007fcd28b53500
13389:             1             16  org.opensearch.sql.expression.datetime.DateTimeFunction$$Lambda/0x00007fcd28b53750
13390:             1             16  org.opensearch.sql.expression.datetime.DateTimeFunction$$Lambda/0x00007fcd28b539a0
13391:             1             16  org.opensearch.sql.expression.datetime.DateTimeFunction$$Lambda/0x00007fcd28b53bf0
13392:             1             16  org.opensearch.sql.expression.datetime.DateTimeFunction$$Lambda/0x00007fcd28b54400
13393:             1             16  org.opensearch.sql.expression.datetime.DateTimeFunction$$Lambda/0x00007fcd28b54800
13394:             1             16  org.opensearch.sql.expression.datetime.DateTimeFunction$$Lambda/0x00007fcd28b54a40
13395:             1             16  org.opensearch.sql.expression.datetime.DateTimeFunction$$Lambda/0x00007fcd28b54c90
13396:             1             16  org.opensearch.sql.expression.datetime.DateTimeFunction$$Lambda/0x00007fcd28b55000
13397:             1             16  org.opensearch.sql.expression.datetime.DateTimeFunction$$Lambda/0x00007fcd28b55218
13398:             1             16  org.opensearch.sql.expression.datetime.DateTimeFunction$$Lambda/0x00007fcd28b55430
13399:             1             16  org.opensearch.sql.expression.datetime.DateTimeFunction$$Lambda/0x00007fcd28b55648
13400:             1             16  org.opensearch.sql.expression.datetime.DateTimeFunction$$Lambda/0x00007fcd28b55860
13401:             1             16  org.opensearch.sql.expression.datetime.DateTimeFunction$$Lambda/0x00007fcd28b55a78
13402:             1             16  org.opensearch.sql.expression.datetime.DateTimeFunction$$Lambda/0x00007fcd28b55c90
13403:             1             16  org.opensearch.sql.expression.datetime.DateTimeFunction$$Lambda/0x00007fcd28b56000
13404:             1             16  org.opensearch.sql.expression.datetime.DateTimeFunction$$Lambda/0x00007fcd28b56250
13405:             1             16  org.opensearch.sql.expression.datetime.DateTimeFunction$$Lambda/0x00007fcd28b56468
13406:             1             16  org.opensearch.sql.expression.datetime.DateTimeFunction$$Lambda/0x00007fcd28b56680
13407:             1             16  org.opensearch.sql.expression.datetime.DateTimeFunction$$Lambda/0x00007fcd28b56898
13408:             1             16  org.opensearch.sql.expression.datetime.DateTimeFunction$$Lambda/0x00007fcd28b56ab0
13409:             1             16  org.opensearch.sql.expression.datetime.DateTimeFunction$$Lambda/0x00007fcd28b56cc8
13410:             1             16  org.opensearch.sql.expression.datetime.DateTimeFunction$$Lambda/0x00007fcd28b56ee0
13411:             1             16  org.opensearch.sql.expression.datetime.DateTimeFunction$$Lambda/0x00007fcd28b570f8
13412:             1             16  org.opensearch.sql.expression.datetime.DateTimeFunction$$Lambda/0x00007fcd28b57310
13413:             1             16  org.opensearch.sql.expression.datetime.DateTimeFunction$$Lambda/0x00007fcd28b57528
13414:             1             16  org.opensearch.sql.expression.datetime.DateTimeFunction$$Lambda/0x00007fcd28b57740
13415:             1             16  org.opensearch.sql.expression.datetime.DateTimeFunction$$Lambda/0x00007fcd28b57958
13416:             1             16  org.opensearch.sql.expression.datetime.DateTimeFunction$$Lambda/0x00007fcd28b57b70
13417:             1             16  org.opensearch.sql.expression.datetime.DateTimeFunction$$Lambda/0x00007fcd28b57d88
13418:             1             16  org.opensearch.sql.expression.datetime.DateTimeFunction$$Lambda/0x00007fcd28b58000
13419:             1             16  org.opensearch.sql.expression.datetime.DateTimeFunction$$Lambda/0x00007fcd28b58250
13420:             1             16  org.opensearch.sql.expression.datetime.DateTimeFunction$$Lambda/0x00007fcd28b584a0
13421:             1             16  org.opensearch.sql.expression.datetime.DateTimeFunction$$Lambda/0x00007fcd28b586e0
13422:             1             16  org.opensearch.sql.expression.datetime.DateTimeFunction$$Lambda/0x00007fcd28b58920
13423:             1             16  org.opensearch.sql.expression.datetime.DateTimeFunction$$Lambda/0x00007fcd28b58b60
13424:             1             16  org.opensearch.sql.expression.datetime.DateTimeFunction$$Lambda/0x00007fcd28b58da0
13425:             1             16  org.opensearch.sql.expression.datetime.DateTimeFunction$$Lambda/0x00007fcd28b58fe0
13426:             1             16  org.opensearch.sql.expression.datetime.DateTimeFunction$$Lambda/0x00007fcd28b59230
13427:             1             16  org.opensearch.sql.expression.datetime.DateTimeFunction$$Lambda/0x00007fcd28b59480
13428:             1             16  org.opensearch.sql.expression.datetime.DateTimeFunction$$Lambda/0x00007fcd28b596d0
13429:             1             16  org.opensearch.sql.expression.datetime.DateTimeFunction$$Lambda/0x00007fcd28b59920
13430:             1             16  org.opensearch.sql.expression.datetime.DateTimeFunction$$Lambda/0x00007fcd28b59b60
13431:             1             16  org.opensearch.sql.expression.datetime.DateTimeFunction$$Lambda/0x00007fcd28b59db0
13432:             1             16  org.opensearch.sql.expression.datetime.DateTimeFunction$$Lambda/0x00007fcd28b59ff0
13433:             1             16  org.opensearch.sql.expression.datetime.DateTimeFunction$$Lambda/0x00007fcd28b5a208
13434:             1             16  org.opensearch.sql.expression.datetime.DateTimeFunction$$Lambda/0x00007fcd28b5a420
13435:             1             16  org.opensearch.sql.expression.datetime.DateTimeFunction$$Lambda/0x00007fcd28b5acd0
13436:             1             16  org.opensearch.sql.expression.datetime.DateTimeFunction$$Lambda/0x00007fcd28b5aee8
13437:             1             16  org.opensearch.sql.expression.datetime.DateTimeFunction$$Lambda/0x00007fcd28b5b100
13438:             1             16  org.opensearch.sql.expression.datetime.DateTimeFunction$$Lambda/0x00007fcd28b5b318
13439:             1             16  org.opensearch.sql.expression.datetime.DateTimeFunction$$Lambda/0x00007fcd28b5b530
13440:             1             16  org.opensearch.sql.expression.datetime.DateTimeFunction$$Lambda/0x00007fcd28b5b748
13441:             1             16  org.opensearch.sql.expression.datetime.DateTimeFunction$$Lambda/0x00007fcd28b5b998
13442:             1             16  org.opensearch.sql.expression.datetime.DateTimeFunction$$Lambda/0x00007fcd28b5bbe8
13443:             1             16  org.opensearch.sql.expression.datetime.DateTimeFunction$$Lambda/0x00007fcd28b5be38
13444:             1             16  org.opensearch.sql.expression.datetime.DateTimeFunction$$Lambda/0x00007fcd28b5c088
13445:             1             16  org.opensearch.sql.expression.datetime.DateTimeFunction$$Lambda/0x00007fcd28b5c2d8
13446:             1             16  org.opensearch.sql.expression.datetime.DateTimeFunction$$Lambda/0x00007fcd28b5c528
13447:             1             16  org.opensearch.sql.expression.datetime.DateTimeFunction$$Lambda/0x00007fcd28b5c778
13448:             1             16  org.opensearch.sql.expression.datetime.DateTimeFunction$$Lambda/0x00007fcd28b5c9c8
13449:             1             16  org.opensearch.sql.expression.datetime.DateTimeFunction$$Lambda/0x00007fcd28b5cc18
13450:             1             16  org.opensearch.sql.expression.datetime.DateTimeFunction$$Lambda/0x00007fcd28b5ce68
13451:             1             16  org.opensearch.sql.expression.datetime.DateTimeFunction$$Lambda/0x00007fcd28b5d0b8
13452:             1             16  org.opensearch.sql.expression.datetime.DateTimeFunction$$Lambda/0x00007fcd28b5d308
13453:             1             16  org.opensearch.sql.expression.datetime.DateTimeFunction$$Lambda/0x00007fcd28b5d558
13454:             1             16  org.opensearch.sql.expression.datetime.DateTimeFunction$$Lambda/0x00007fcd28b5d7a8
13455:             1             16  org.opensearch.sql.expression.datetime.DateTimeFunction$$Lambda/0x00007fcd28b5d9e8
13456:             1             16  org.opensearch.sql.expression.datetime.DateTimeFunction$$Lambda/0x00007fcd28b5dc38
13457:             1             16  org.opensearch.sql.expression.datetime.DateTimeFunction$$Lambda/0x00007fcd28b5de88
13458:             1             16  org.opensearch.sql.expression.datetime.DateTimeFunction$$Lambda/0x00007fcd28b5e0d8
13459:             1             16  org.opensearch.sql.expression.datetime.DateTimeFunction$$Lambda/0x00007fcd28b5e328
13460:             1             16  org.opensearch.sql.expression.datetime.DateTimeFunction$$Lambda/0x00007fcd28b5e540
13461:             1             16  org.opensearch.sql.expression.datetime.DateTimeFunction$$Lambda/0x00007fcd28b5e780
13462:             1             16  org.opensearch.sql.expression.datetime.DateTimeFunction$$Lambda/0x00007fcd28b5e9c0
13463:             1             16  org.opensearch.sql.expression.datetime.DateTimeFunction$$Lambda/0x00007fcd28b5ec00
13464:             1             16  org.opensearch.sql.expression.datetime.DateTimeFunction$$Lambda/0x00007fcd28b5ee40
13465:             1             16  org.opensearch.sql.expression.datetime.DateTimeFunction$$Lambda/0x00007fcd28b5f080
13466:             1             16  org.opensearch.sql.expression.datetime.DateTimeFunction$$Lambda/0x00007fcd28b5f2d0
13467:             1             16  org.opensearch.sql.expression.datetime.DateTimeFunction$$Lambda/0x00007fcd28b5f520
13468:             1             16  org.opensearch.sql.expression.datetime.DateTimeFunction$$Lambda/0x00007fcd28b5f770
13469:             1             16  org.opensearch.sql.expression.datetime.DateTimeFunction$$Lambda/0x00007fcd28b5f9c0
13470:             1             16  org.opensearch.sql.expression.datetime.DateTimeFunction$$Lambda/0x00007fcd28b5fc10
13471:             1             16  org.opensearch.sql.expression.datetime.DateTimeFunction$$Lambda/0x00007fcd28b60000
13472:             1             16  org.opensearch.sql.expression.datetime.DateTimeFunction$$Lambda/0x00007fcd28b60250
13473:             1             16  org.opensearch.sql.expression.datetime.DateTimeFunction$$Lambda/0x00007fcd28b604a0
13474:             1             16  org.opensearch.sql.expression.datetime.DateTimeFunction$$Lambda/0x00007fcd28b606e0
13475:             1             16  org.opensearch.sql.expression.datetime.DateTimeFunction$$Lambda/0x00007fcd28b60930
13476:             1             16  org.opensearch.sql.expression.datetime.DateTimeFunction$$Lambda/0x00007fcd28b60b80
13477:             1             16  org.opensearch.sql.expression.datetime.DateTimeFunction$$Lambda/0x00007fcd28b60dd0
13478:             1             16  org.opensearch.sql.expression.datetime.DateTimeFunction$$Lambda/0x00007fcd28b61020
13479:             1             16  org.opensearch.sql.expression.datetime.DateTimeFunction$$Lambda/0x00007fcd28b61238
13480:             1             16  org.opensearch.sql.expression.datetime.DateTimeFunction$$Lambda/0x00007fcd28b61478
13481:             1             16  org.opensearch.sql.expression.datetime.DateTimeFunction$$Lambda/0x00007fcd28b616b8
13482:             1             16  org.opensearch.sql.expression.datetime.DateTimeFunction$$Lambda/0x00007fcd28b618f8
13483:             1             16  org.opensearch.sql.expression.datetime.IntervalClause$$Lambda/0x00007fcd28b61d38
13484:             1             16  org.opensearch.sql.expression.datetime.IntervalClause$$Lambda/0x00007fcd28b61f78
13485:             1             16  org.opensearch.sql.expression.function.BuiltinFunctionRepository
13486:             1             16  org.opensearch.sql.expression.function.OpenSearchFunctions$1
13487:             1             16  org.opensearch.sql.expression.operator.arthmetic.ArithmeticFunction$$Lambda/0x00007fcd28b198c0
13488:             1             16  org.opensearch.sql.expression.operator.arthmetic.ArithmeticFunction$$Lambda/0x00007fcd28b1b2c0
13489:             1             16  org.opensearch.sql.expression.operator.arthmetic.ArithmeticFunction$$Lambda/0x00007fcd28b1b500
13490:             1             16  org.opensearch.sql.expression.operator.arthmetic.ArithmeticFunction$$Lambda/0x00007fcd28b1b740
13491:             1             16  org.opensearch.sql.expression.operator.arthmetic.ArithmeticFunction$$Lambda/0x00007fcd28b1b980
13492:             1             16  org.opensearch.sql.expression.operator.arthmetic.ArithmeticFunction$$Lambda/0x00007fcd28b1bbc0
13493:             1             16  org.opensearch.sql.expression.operator.arthmetic.ArithmeticFunction$$Lambda/0x00007fcd28b1d398
13494:             1             16  org.opensearch.sql.expression.operator.arthmetic.ArithmeticFunction$$Lambda/0x00007fcd28b1d5d8
13495:             1             16  org.opensearch.sql.expression.operator.arthmetic.ArithmeticFunction$$Lambda/0x00007fcd28b1d818
13496:             1             16  org.opensearch.sql.expression.operator.arthmetic.ArithmeticFunction$$Lambda/0x00007fcd28b1da58
13497:             1             16  org.opensearch.sql.expression.operator.arthmetic.ArithmeticFunction$$Lambda/0x00007fcd28b1dc98
13498:             1             16  org.opensearch.sql.expression.operator.arthmetic.ArithmeticFunction$$Lambda/0x00007fcd28b1ded8
13499:             1             16  org.opensearch.sql.expression.operator.arthmetic.ArithmeticFunction$$Lambda/0x00007fcd28b1e118
13500:             1             16  org.opensearch.sql.expression.operator.arthmetic.ArithmeticFunction$$Lambda/0x00007fcd28b1e358
13501:             1             16  org.opensearch.sql.expression.operator.arthmetic.ArithmeticFunction$$Lambda/0x00007fcd28b1e598
13502:             1             16  org.opensearch.sql.expression.operator.arthmetic.ArithmeticFunction$$Lambda/0x00007fcd28b1e7d8
13503:             1             16  org.opensearch.sql.expression.operator.arthmetic.ArithmeticFunction$$Lambda/0x00007fcd28b1ea18
13504:             1             16  org.opensearch.sql.expression.operator.arthmetic.ArithmeticFunction$$Lambda/0x00007fcd28b1ec58
13505:             1             16  org.opensearch.sql.expression.operator.arthmetic.ArithmeticFunction$$Lambda/0x00007fcd28b1ee98
13506:             1             16  org.opensearch.sql.expression.operator.arthmetic.ArithmeticFunction$$Lambda/0x00007fcd28b1f0d8
13507:             1             16  org.opensearch.sql.expression.operator.arthmetic.ArithmeticFunction$$Lambda/0x00007fcd28b1f318
13508:             1             16  org.opensearch.sql.expression.operator.arthmetic.ArithmeticFunction$$Lambda/0x00007fcd28b1f558
13509:             1             16  org.opensearch.sql.expression.operator.arthmetic.ArithmeticFunction$$Lambda/0x00007fcd28b1f798
13510:             1             16  org.opensearch.sql.expression.operator.arthmetic.ArithmeticFunction$$Lambda/0x00007fcd28b1f9d8
13511:             1             16  org.opensearch.sql.expression.operator.arthmetic.ArithmeticFunction$$Lambda/0x00007fcd28b1fc18
13512:             1             16  org.opensearch.sql.expression.operator.arthmetic.ArithmeticFunction$$Lambda/0x00007fcd28b20000
13513:             1             16  org.opensearch.sql.expression.operator.arthmetic.ArithmeticFunction$$Lambda/0x00007fcd28b20240
13514:             1             16  org.opensearch.sql.expression.operator.arthmetic.ArithmeticFunction$$Lambda/0x00007fcd28b20480
13515:             1             16  org.opensearch.sql.expression.operator.arthmetic.ArithmeticFunction$$Lambda/0x00007fcd28b206c0
13516:             1             16  org.opensearch.sql.expression.operator.arthmetic.ArithmeticFunction$$Lambda/0x00007fcd28b20900
13517:             1             16  org.opensearch.sql.expression.operator.arthmetic.MathematicalFunction$$Lambda/0x00007fcd28b2cf50
13518:             1             16  org.opensearch.sql.expression.operator.arthmetic.MathematicalFunction$$Lambda/0x00007fcd28b2d898
13519:             1             16  org.opensearch.sql.expression.operator.arthmetic.MathematicalFunction$$Lambda/0x00007fcd28b2dae8
13520:             1             16  org.opensearch.sql.expression.operator.arthmetic.MathematicalFunction$$Lambda/0x00007fcd28b2dd38
13521:             1             16  org.opensearch.sql.expression.operator.arthmetic.MathematicalFunction$$Lambda/0x00007fcd28b2df88
13522:             1             16  org.opensearch.sql.expression.operator.arthmetic.MathematicalFunction$$Lambda/0x00007fcd28b2e1d8
13523:             1             16  org.opensearch.sql.expression.operator.arthmetic.MathematicalFunction$$Lambda/0x00007fcd28b2e648
13524:             1             16  org.opensearch.sql.expression.operator.arthmetic.MathematicalFunction$$Lambda/0x00007fcd28b2e880
13525:             1             16  org.opensearch.sql.expression.operator.arthmetic.MathematicalFunction$$Lambda/0x00007fcd28b2ead0
13526:             1             16  org.opensearch.sql.expression.operator.arthmetic.MathematicalFunction$$Lambda/0x00007fcd28b2ed08
13527:             1             16  org.opensearch.sql.expression.operator.arthmetic.MathematicalFunction$$Lambda/0x00007fcd28b2ef58
13528:             1             16  org.opensearch.sql.expression.operator.arthmetic.MathematicalFunction$$Lambda/0x00007fcd28b2f1a8
13529:             1             16  org.opensearch.sql.expression.operator.arthmetic.MathematicalFunction$$Lambda/0x00007fcd28b2f3e8
13530:             1             16  org.opensearch.sql.expression.operator.arthmetic.MathematicalFunction$$Lambda/0x00007fcd28b2f628
13531:             1             16  org.opensearch.sql.expression.operator.arthmetic.MathematicalFunction$$Lambda/0x00007fcd28b2fab8
13532:             1             16  org.opensearch.sql.expression.operator.arthmetic.MathematicalFunction$$Lambda/0x00007fcd28b2fd08
13533:             1             16  org.opensearch.sql.expression.operator.arthmetic.MathematicalFunction$$Lambda/0x00007fcd28b30000
13534:             1             16  org.opensearch.sql.expression.operator.arthmetic.MathematicalFunction$$Lambda/0x00007fcd28b30690
13535:             1             16  org.opensearch.sql.expression.operator.arthmetic.MathematicalFunction$$Lambda/0x00007fcd28b30ac8
13536:             1             16  org.opensearch.sql.expression.operator.arthmetic.MathematicalFunction$$Lambda/0x00007fcd28b30d18
13537:             1             16  org.opensearch.sql.expression.operator.arthmetic.MathematicalFunction$$Lambda/0x00007fcd28b30f68
13538:             1             16  org.opensearch.sql.expression.operator.arthmetic.MathematicalFunction$$Lambda/0x00007fcd28b311a0
13539:             1             16  org.opensearch.sql.expression.operator.arthmetic.MathematicalFunction$$Lambda/0x00007fcd28b313f0
13540:             1             16  org.opensearch.sql.expression.operator.arthmetic.MathematicalFunction$$Lambda/0x00007fcd28b31640
13541:             1             16  org.opensearch.sql.expression.operator.arthmetic.MathematicalFunction$$Lambda/0x00007fcd28b31a88
13542:             1             16  org.opensearch.sql.expression.operator.arthmetic.MathematicalFunction$$Lambda/0x00007fcd28b32380
13543:             1             16  org.opensearch.sql.expression.operator.arthmetic.MathematicalFunction$$Lambda/0x00007fcd28b325d0
13544:             1             16  org.opensearch.sql.expression.operator.arthmetic.MathematicalFunction$$Lambda/0x00007fcd28b32820
13545:             1             16  org.opensearch.sql.expression.operator.arthmetic.MathematicalFunction$$Lambda/0x00007fcd28b32a70
13546:             1             16  org.opensearch.sql.expression.operator.arthmetic.MathematicalFunction$$Lambda/0x00007fcd28b32cc0
13547:             1             16  org.opensearch.sql.expression.operator.arthmetic.MathematicalFunction$$Lambda/0x00007fcd28b32f10
13548:             1             16  org.opensearch.sql.expression.operator.arthmetic.MathematicalFunction$$Lambda/0x00007fcd28b33150
13549:             1             16  org.opensearch.sql.expression.operator.arthmetic.MathematicalFunction$$Lambda/0x00007fcd28b333a0
13550:             1             16  org.opensearch.sql.expression.operator.arthmetic.MathematicalFunction$$Lambda/0x00007fcd28b335f0
13551:             1             16  org.opensearch.sql.expression.operator.arthmetic.MathematicalFunction$$Lambda/0x00007fcd28b33830
13552:             1             16  org.opensearch.sql.expression.operator.arthmetic.MathematicalFunction$$Lambda/0x00007fcd28b33a70
13553:             1             16  org.opensearch.sql.expression.operator.arthmetic.MathematicalFunction$$Lambda/0x00007fcd28b33cb0
13554:             1             16  org.opensearch.sql.expression.operator.arthmetic.MathematicalFunction$$Lambda/0x00007fcd28b33ef0
13555:             1             16  org.opensearch.sql.expression.operator.arthmetic.MathematicalFunction$$Lambda/0x00007fcd28b34130
13556:             1             16  org.opensearch.sql.expression.operator.arthmetic.MathematicalFunction$$Lambda/0x00007fcd28b34370
13557:             1             16  org.opensearch.sql.expression.operator.arthmetic.MathematicalFunction$$Lambda/0x00007fcd28b34598
13558:             1             16  org.opensearch.sql.expression.operator.arthmetic.MathematicalFunction$$Lambda/0x00007fcd28b347d8
13559:             1             16  org.opensearch.sql.expression.operator.arthmetic.MathematicalFunction$$Lambda/0x00007fcd28b34a18
13560:             1             16  org.opensearch.sql.expression.operator.arthmetic.MathematicalFunction$$Lambda/0x00007fcd28b34c58
13561:             1             16  org.opensearch.sql.expression.operator.arthmetic.MathematicalFunction$$Lambda/0x00007fcd28b34e98
13562:             1             16  org.opensearch.sql.expression.operator.arthmetic.MathematicalFunction$$Lambda/0x00007fcd28b350d8
13563:             1             16  org.opensearch.sql.expression.operator.arthmetic.MathematicalFunction$$Lambda/0x00007fcd28b35328
13564:             1             16  org.opensearch.sql.expression.operator.arthmetic.MathematicalFunction$$Lambda/0x00007fcd28b35550
13565:             1             16  org.opensearch.sql.expression.operator.arthmetic.MathematicalFunction$$Lambda/0x00007fcd28b357a0
13566:             1             16  org.opensearch.sql.expression.operator.arthmetic.MathematicalFunction$$Lambda/0x00007fcd28b359f0
13567:             1             16  org.opensearch.sql.expression.operator.arthmetic.MathematicalFunction$$Lambda/0x00007fcd28b35c40
13568:             1             16  org.opensearch.sql.expression.operator.arthmetic.MathematicalFunction$$Lambda/0x00007fcd28b35e90
13569:             1             16  org.opensearch.sql.expression.operator.arthmetic.MathematicalFunction$$Lambda/0x00007fcd28b360e0
13570:             1             16  org.opensearch.sql.expression.operator.arthmetic.MathematicalFunction$$Lambda/0x00007fcd28b36330
13571:             1             16  org.opensearch.sql.expression.operator.arthmetic.MathematicalFunction$$Lambda/0x00007fcd28b36570
13572:             1             16  org.opensearch.sql.expression.operator.arthmetic.MathematicalFunction$$Lambda/0x00007fcd28b367b0
13573:             1             16  org.opensearch.sql.expression.operator.arthmetic.MathematicalFunction$$Lambda/0x00007fcd28b369f0
13574:             1             16  org.opensearch.sql.expression.operator.arthmetic.MathematicalFunction$$Lambda/0x00007fcd28b36c30
13575:             1             16  org.opensearch.sql.expression.operator.arthmetic.MathematicalFunction$$Lambda/0x00007fcd28b36e80
13576:             1             16  org.opensearch.sql.expression.operator.arthmetic.MathematicalFunction$$Lambda/0x00007fcd28b370d0
13577:             1             16  org.opensearch.sql.expression.operator.arthmetic.MathematicalFunction$$Lambda/0x00007fcd28b37320
13578:             1             16  org.opensearch.sql.expression.operator.arthmetic.MathematicalFunction$$Lambda/0x00007fcd28b37570
13579:             1             16  org.opensearch.sql.expression.operator.arthmetic.MathematicalFunction$$Lambda/0x00007fcd28b377c0
13580:             1             16  org.opensearch.sql.expression.operator.arthmetic.MathematicalFunction$$Lambda/0x00007fcd28b37a10
13581:             1             16  org.opensearch.sql.expression.operator.arthmetic.MathematicalFunction$$Lambda/0x00007fcd28b37c50
13582:             1             16  org.opensearch.sql.expression.operator.arthmetic.MathematicalFunction$$Lambda/0x00007fcd28b38000
13583:             1             16  org.opensearch.sql.expression.operator.arthmetic.MathematicalFunction$$Lambda/0x00007fcd28b38240
13584:             1             16  org.opensearch.sql.expression.operator.convert.TypeCastOperator$$Lambda/0x00007fcd28b670d0
13585:             1             16  org.opensearch.sql.expression.operator.convert.TypeCastOperator$$Lambda/0x00007fcd28b67308
13586:             1             16  org.opensearch.sql.expression.operator.convert.TypeCastOperator$$Lambda/0x00007fcd28b67558
13587:             1             16  org.opensearch.sql.expression.operator.convert.TypeCastOperator$$Lambda/0x00007fcd28b677a8
13588:             1             16  org.opensearch.sql.expression.operator.convert.TypeCastOperator$$Lambda/0x00007fcd28b679f8
13589:             1             16  org.opensearch.sql.expression.operator.convert.TypeCastOperator$$Lambda/0x00007fcd28b67c48
13590:             1             16  org.opensearch.sql.expression.operator.convert.TypeCastOperator$$Lambda/0x00007fcd28b68000
13591:             1             16  org.opensearch.sql.expression.operator.convert.TypeCastOperator$$Lambda/0x00007fcd28b68250
13592:             1             16  org.opensearch.sql.expression.operator.convert.TypeCastOperator$$Lambda/0x00007fcd28b684a0
13593:             1             16  org.opensearch.sql.expression.operator.convert.TypeCastOperator$$Lambda/0x00007fcd28b686f0
13594:             1             16  org.opensearch.sql.expression.operator.convert.TypeCastOperator$$Lambda/0x00007fcd28b68940
13595:             1             16  org.opensearch.sql.expression.operator.convert.TypeCastOperator$$Lambda/0x00007fcd28b68b90
13596:             1             16  org.opensearch.sql.expression.operator.convert.TypeCastOperator$$Lambda/0x00007fcd28b68de0
13597:             1             16  org.opensearch.sql.expression.operator.convert.TypeCastOperator$$Lambda/0x00007fcd28b69030
13598:             1             16  org.opensearch.sql.expression.operator.convert.TypeCastOperator$$Lambda/0x00007fcd28b69280
13599:             1             16  org.opensearch.sql.expression.operator.convert.TypeCastOperator$$Lambda/0x00007fcd28b694d0
13600:             1             16  org.opensearch.sql.expression.operator.convert.TypeCastOperator$$Lambda/0x00007fcd28b69720
13601:             1             16  org.opensearch.sql.expression.operator.convert.TypeCastOperator$$Lambda/0x00007fcd28b69970
13602:             1             16  org.opensearch.sql.expression.operator.convert.TypeCastOperator$$Lambda/0x00007fcd28b69bc0
13603:             1             16  org.opensearch.sql.expression.operator.convert.TypeCastOperator$$Lambda/0x00007fcd28b69e10
13604:             1             16  org.opensearch.sql.expression.operator.convert.TypeCastOperator$$Lambda/0x00007fcd28b6a060
13605:             1             16  org.opensearch.sql.expression.operator.convert.TypeCastOperator$$Lambda/0x00007fcd28b6a2b0
13606:             1             16  org.opensearch.sql.expression.operator.convert.TypeCastOperator$$Lambda/0x00007fcd28b6a500
13607:             1             16  org.opensearch.sql.expression.operator.convert.TypeCastOperator$$Lambda/0x00007fcd28b6a750
13608:             1             16  org.opensearch.sql.expression.operator.convert.TypeCastOperator$$Lambda/0x00007fcd28b6a9a0
13609:             1             16  org.opensearch.sql.expression.operator.convert.TypeCastOperator$$Lambda/0x00007fcd28b6abf0
13610:             1             16  org.opensearch.sql.expression.operator.convert.TypeCastOperator$$Lambda/0x00007fcd28b6ae40
13611:             1             16  org.opensearch.sql.expression.operator.convert.TypeCastOperator$$Lambda/0x00007fcd28b6b090
13612:             1             16  org.opensearch.sql.expression.operator.convert.TypeCastOperator$$Lambda/0x00007fcd28b6b2e0
13613:             1             16  org.opensearch.sql.expression.operator.convert.TypeCastOperator$$Lambda/0x00007fcd28b6b530
13614:             1             16  org.opensearch.sql.expression.operator.convert.TypeCastOperator$$Lambda/0x00007fcd28b6b780
13615:             1             16  org.opensearch.sql.expression.operator.convert.TypeCastOperator$$Lambda/0x00007fcd28b6b9d0
13616:             1             16  org.opensearch.sql.expression.operator.convert.TypeCastOperator$$Lambda/0x00007fcd28b6bc20
13617:             1             16  org.opensearch.sql.expression.operator.convert.TypeCastOperator$$Lambda/0x00007fcd28b6be70
13618:             1             16  org.opensearch.sql.expression.operator.convert.TypeCastOperator$$Lambda/0x00007fcd28b6c0c0
13619:             1             16  org.opensearch.sql.expression.operator.convert.TypeCastOperator$$Lambda/0x00007fcd28b6c310
13620:             1             16  org.opensearch.sql.expression.operator.convert.TypeCastOperator$$Lambda/0x00007fcd28b6c550
13621:             1             16  org.opensearch.sql.expression.operator.convert.TypeCastOperator$$Lambda/0x00007fcd28b6c7a0
13622:             1             16  org.opensearch.sql.expression.operator.convert.TypeCastOperator$$Lambda/0x00007fcd28b6c9f0
13623:             1             16  org.opensearch.sql.expression.operator.convert.TypeCastOperator$$Lambda/0x00007fcd28b6cc40
13624:             1             16  org.opensearch.sql.expression.operator.convert.TypeCastOperator$$Lambda/0x00007fcd28b6ce90
13625:             1             16  org.opensearch.sql.expression.operator.convert.TypeCastOperator$$Lambda/0x00007fcd28b6d0d0
13626:             1             16  org.opensearch.sql.expression.operator.predicate.BinaryPredicateOperator$$Lambda/0x00007fcd28b296e0
13627:             1             16  org.opensearch.sql.expression.operator.predicate.BinaryPredicateOperator$$Lambda/0x00007fcd28b29920
13628:             1             16  org.opensearch.sql.expression.operator.predicate.BinaryPredicateOperator$$Lambda/0x00007fcd28b29b60
13629:             1             16  org.opensearch.sql.expression.operator.predicate.BinaryPredicateOperator$$Lambda/0x00007fcd28b2a230
13630:             1             16  org.opensearch.sql.expression.operator.predicate.BinaryPredicateOperator$$Lambda/0x00007fcd28b2a468
13631:             1             16  org.opensearch.sql.expression.operator.predicate.BinaryPredicateOperator$$Lambda/0x00007fcd28b2a6a8
13632:             1             16  org.opensearch.sql.expression.operator.predicate.BinaryPredicateOperator$$Lambda/0x00007fcd28b2a8e0
13633:             1             16  org.opensearch.sql.expression.operator.predicate.BinaryPredicateOperator$$Lambda/0x00007fcd28b2ab20
13634:             1             16  org.opensearch.sql.expression.operator.predicate.BinaryPredicateOperator$$Lambda/0x00007fcd28b2ad58
13635:             1             16  org.opensearch.sql.expression.operator.predicate.BinaryPredicateOperator$$Lambda/0x00007fcd28b2af98
13636:             1             16  org.opensearch.sql.expression.operator.predicate.BinaryPredicateOperator$$Lambda/0x00007fcd28b2b1d0
13637:             1             16  org.opensearch.sql.expression.operator.predicate.BinaryPredicateOperator$$Lambda/0x00007fcd28b2b410
13638:             1             16  org.opensearch.sql.expression.operator.predicate.BinaryPredicateOperator$$Lambda/0x00007fcd28b2b648
13639:             1             16  org.opensearch.sql.expression.operator.predicate.BinaryPredicateOperator$$Lambda/0x00007fcd28b2b888
13640:             1             16  org.opensearch.sql.expression.operator.predicate.BinaryPredicateOperator$$Lambda/0x00007fcd28b2bac0
13641:             1             16  org.opensearch.sql.expression.operator.predicate.BinaryPredicateOperator$$Lambda/0x00007fcd28b2bf00
13642:             1             16  org.opensearch.sql.expression.operator.predicate.BinaryPredicateOperator$$Lambda/0x00007fcd28b2c140
13643:             1             16  org.opensearch.sql.expression.operator.predicate.BinaryPredicateOperator$$Lambda/0x00007fcd28b2cb10
13644:             1             16  org.opensearch.sql.expression.operator.predicate.UnaryPredicateOperator$$Lambda/0x00007fcd28b38680
13645:             1             16  org.opensearch.sql.expression.operator.predicate.UnaryPredicateOperator$$Lambda/0x00007fcd28b388d0
13646:             1             16  org.opensearch.sql.expression.operator.predicate.UnaryPredicateOperator$$Lambda/0x00007fcd28b38b08
13647:             1             16  org.opensearch.sql.expression.operator.predicate.UnaryPredicateOperator$$Lambda/0x00007fcd28b38d58
13648:             1             16  org.opensearch.sql.expression.operator.predicate.UnaryPredicateOperator$$Lambda/0x00007fcd28b38f90
13649:             1             16  org.opensearch.sql.expression.operator.predicate.UnaryPredicateOperator$$Lambda/0x00007fcd28b391d0
13650:             1             16  org.opensearch.sql.expression.operator.predicate.UnaryPredicateOperator$$Lambda/0x00007fcd28b39408
13651:             1             16  org.opensearch.sql.expression.operator.predicate.UnaryPredicateOperator$$Lambda/0x00007fcd28b39648
13652:             1             16  org.opensearch.sql.expression.operator.predicate.UnaryPredicateOperator$$Lambda/0x00007fcd28b39880
13653:             1             16  org.opensearch.sql.expression.operator.predicate.UnaryPredicateOperator$$Lambda/0x00007fcd28b39ad0
13654:             1             16  org.opensearch.sql.expression.operator.predicate.UnaryPredicateOperator$$Lambda/0x00007fcd28b39d08
13655:             1             16  org.opensearch.sql.expression.system.SystemFunctions$1
13656:             1             16  org.opensearch.sql.expression.text.TextFunction$$Lambda/0x00007fcd28b641f8
13657:             1             16  org.opensearch.sql.expression.text.TextFunction$$Lambda/0x00007fcd28b646a0
13658:             1             16  org.opensearch.sql.expression.text.TextFunction$$Lambda/0x00007fcd28b648c0
13659:             1             16  org.opensearch.sql.expression.text.TextFunction$$Lambda/0x00007fcd28b64ad8
13660:             1             16  org.opensearch.sql.expression.text.TextFunction$$Lambda/0x00007fcd28b64d18
13661:             1             16  org.opensearch.sql.expression.text.TextFunction$$Lambda/0x00007fcd28b64f68
13662:             1             16  org.opensearch.sql.expression.text.TextFunction$$Lambda/0x00007fcd28b651a8
13663:             1             16  org.opensearch.sql.expression.text.TextFunction$$Lambda/0x00007fcd28b653c0
13664:             1             16  org.opensearch.sql.expression.text.TextFunction$$Lambda/0x00007fcd28b65610
13665:             1             16  org.opensearch.sql.expression.text.TextFunction$$Lambda/0x00007fcd28b65860
13666:             1             16  org.opensearch.sql.expression.text.TextFunction$$Lambda/0x00007fcd28b65aa0
13667:             1             16  org.opensearch.sql.expression.text.TextFunction$$Lambda/0x00007fcd28b65cb8
13668:             1             16  org.opensearch.sql.expression.text.TextFunction$$Lambda/0x00007fcd28b65f08
13669:             1             16  org.opensearch.sql.expression.text.TextFunction$$Lambda/0x00007fcd28b66148
13670:             1             16  org.opensearch.sql.expression.text.TextFunction$$Lambda/0x00007fcd28b66398
13671:             1             16  org.opensearch.sql.expression.text.TextFunction$$Lambda/0x00007fcd28b665d8
13672:             1             16  org.opensearch.sql.expression.text.TextFunction$$Lambda/0x00007fcd28b66818
13673:             1             16  org.opensearch.sql.expression.text.TextFunction$$Lambda/0x00007fcd28b66a30
13674:             1             16  org.opensearch.sql.expression.text.TextFunction$$Lambda/0x00007fcd28b66c80
13675:             1             16  org.opensearch.sql.expression.window.WindowFunctions$$Lambda/0x00007fcd28b631e0
13676:             1             16  org.opensearch.sql.expression.window.WindowFunctions$$Lambda/0x00007fcd28b638f0
13677:             1             16  org.opensearch.sql.expression.window.WindowFunctions$$Lambda/0x00007fcd28b63de0
13678:             1             16  org.opensearch.sql.legacy.metrics.Metrics
13679:             1             16  org.opensearch.sql.legacy.query.join.BackOffRetryStrategy$$Lambda/0x00007fcd28ea71b8
13680:             1             16  org.opensearch.sql.legacy.query.join.BackOffRetryStrategy$$Lambda/0x00007fcd28ea73d0
13681:             1             16  org.opensearch.sql.opensearch.client.OpenSearchNodeClient$$Lambda/0x00007fcd28b082b8
13682:             1             16  org.opensearch.sql.opensearch.setting.OpenSearchSettings$$Lambda/0x00007fcd285a1e10
13683:             1             16  org.opensearch.sql.opensearch.storage.script.ExpressionScriptEngine
13684:             1             16  org.opensearch.sql.opensearch.storage.script.ExpressionScriptEngine$$Lambda/0x00007fcd285a2718
13685:             1             16  org.opensearch.sql.opensearch.storage.script.ExpressionScriptEngine$$Lambda/0x00007fcd285a2ba0
13686:             1             16  org.opensearch.sql.opensearch.storage.serialization.DefaultExpressionSerializer
13687:             1             16  org.opensearch.sql.planner.optimizer.pattern.Patterns$$Lambda/0x00007fcd28bb1ff0
13688:             1             16  org.opensearch.sql.planner.optimizer.pattern.Patterns$$Lambda/0x00007fcd28bb2fc8
13689:             1             16  org.opensearch.sql.planner.optimizer.pattern.Patterns$$Lambda/0x00007fcd28bb3440
13690:             1             16  org.opensearch.sql.planner.optimizer.pattern.Patterns$$Lambda/0x00007fcd28bb5558
13691:             1             16  org.opensearch.sql.planner.optimizer.rule.read.TableScanPushDown$$Lambda/0x00007fcd28bb3888
13692:             1             16  org.opensearch.sql.planner.optimizer.rule.read.TableScanPushDown$$Lambda/0x00007fcd28bb3ab0
13693:             1             16  org.opensearch.sql.planner.optimizer.rule.read.TableScanPushDown$$Lambda/0x00007fcd28bb3cd8
13694:             1             16  org.opensearch.sql.planner.optimizer.rule.read.TableScanPushDown$$Lambda/0x00007fcd28bb3f00
13695:             1             16  org.opensearch.sql.planner.optimizer.rule.read.TableScanPushDown$$Lambda/0x00007fcd28bb4128
13696:             1             16  org.opensearch.sql.planner.optimizer.rule.read.TableScanPushDown$$Lambda/0x00007fcd28bb45a0
13697:             1             16  org.opensearch.sql.planner.optimizer.rule.read.TableScanPushDown$$Lambda/0x00007fcd28bb4a20
13698:             1             16  org.opensearch.sql.plugin.SQLPlugin$$Lambda/0x00007fcd28bc7880
13699:             1             16  org.opensearch.sql.plugin.SQLPlugin$$Lambda/0x00007fcd28c8c000
13700:             1             16  org.opensearch.sql.plugin.SQLPlugin$$Lambda/0x00007fcd28c8c670
13701:             1             16  org.opensearch.sql.plugin.SQLPlugin$$Lambda/0x00007fcd28c8cce0
13702:             1             16  org.opensearch.sql.plugin.SQLPlugin$$Lambda/0x00007fcd28c8d350
13703:             1             16  org.opensearch.sql.plugin.SQLPlugin$$Lambda/0x00007fcd28c8d9c0
13704:             1             16  org.opensearch.sql.plugin.SQLPlugin$$Lambda/0x00007fcd28c8e030
13705:             1             16  org.opensearch.sql.plugin.SQLPlugin$$Lambda/0x00007fcd28c8e6a0
13706:             1             16  org.opensearch.sql.plugin.SQLPlugin$$Lambda/0x00007fcd28c8ed10
13707:             1             16  org.opensearch.sql.plugin.transport.TransportPPLQueryAction$$Lambda/0x00007fcd28ea4b90
13708:             1             16  org.opensearch.sql.prometheus.storage.PrometheusStorageFactory
13709:             1             16  org.opensearch.sql.spark.cluster.ClusterManagerEventListener$$Lambda/0x00007fcd28bc6d80
13710:             1             16  org.opensearch.sql.spark.cluster.ClusterManagerEventListener$$Lambda/0x00007fcd28bc6fb0
13711:             1             16  org.opensearch.sql.spark.cluster.ClusterManagerEventListener$$Lambda/0x00007fcd28bc71e0
13712:             1             16  org.opensearch.sql.spark.cluster.ClusterManagerEventListener$$Lambda/0x00007fcd28bc7410
13713:             1             16  org.opensearch.sql.spark.flint.FlintIndexMetadataServiceImpl
13714:             1             16  org.opensearch.sql.spark.transport.TransportCancelAsyncQueryRequestAction$$Lambda/0x00007fcd28ea5a48
13715:             1             16  org.opensearch.sql.spark.transport.TransportCancelAsyncQueryRequestAction$$Lambda/0x00007fcd28ea5c60
13716:             1             16  org.opensearch.sql.spark.transport.TransportCreateAsyncQueryRequestAction$$Lambda/0x00007fcd28ea4218
13717:             1             16  org.opensearch.sql.spark.transport.TransportCreateAsyncQueryRequestAction$$Lambda/0x00007fcd28ea4430
13718:             1             16  org.opensearch.sql.spark.transport.TransportGetAsyncQueryResultAction$$Lambda/0x00007fcd28d6b020
13719:             1             16  org.opensearch.sql.spark.transport.TransportGetAsyncQueryResultAction$$Lambda/0x00007fcd28d6b238
13720:             1             16  org.opensearch.systemd.Libsystemd$$Lambda/0x00007fcd291d8800
13721:             1             16  org.opensearch.systemd.SystemdPlugin$$Lambda/0x00007fcd28218b38
13722:             1             16  org.opensearch.tasks.Task$$Lambda/0x00007fcd29226e98
13723:             1             16  org.opensearch.tasks.TaskCancellationMonitoringService$$Lambda/0x00007fcd28d02aa0
13724:             1             16  org.opensearch.tasks.TaskCancellationMonitoringService$$Lambda/0x00007fcd28d02ee0
13725:             1             16  org.opensearch.tasks.TaskCancellationMonitoringService$$Lambda/0x00007fcd29044d68
13726:             1             16  org.opensearch.tasks.TaskCancellationMonitoringService$$Lambda/0x00007fcd293de270
13727:             1             16  org.opensearch.tasks.TaskCancellationMonitoringService$$Lambda/0x00007fcd293de4b8
13728:             1             16  org.opensearch.tasks.TaskCancellationMonitoringService$$Lambda/0x00007fcd293de950
13729:             1             16  org.opensearch.tasks.TaskCancellationMonitoringService$TaskCancellationStatsHolder
13730:             1             16  org.opensearch.tasks.TaskCancellationMonitoringSettings$$Lambda/0x00007fcd28d02130
13731:             1             16  org.opensearch.tasks.TaskCancellationMonitoringSettings$$Lambda/0x00007fcd28d02360
13732:             1             16  org.opensearch.tasks.TaskCancellationService$$Lambda/0x00007fcd290458a8
13733:             1             16  org.opensearch.tasks.TaskCancellationService$$Lambda/0x00007fcd293ddc38
13734:             1             16  org.opensearch.tasks.TaskCancellationService$BanParentRequestHandler
13735:             1             16  org.opensearch.tasks.TaskCancellationService$BanParentRequestHandler$$Lambda/0x00007fcd293dda20
13736:             1             16  org.opensearch.tasks.TaskInfo$$Lambda/0x00007fcd2924cb18
13737:             1             16  org.opensearch.tasks.TaskInfo$$Lambda/0x00007fcd2924d168
13738:             1             16  org.opensearch.tasks.TaskInfo$$Lambda/0x00007fcd2924d608
13739:             1             16  org.opensearch.tasks.TaskInfo$$Lambda/0x00007fcd2924d820
13740:             1             16  org.opensearch.tasks.TaskInfo$$Lambda/0x00007fcd2924da38
13741:             1             16  org.opensearch.tasks.TaskManager$$Lambda/0x00007fcd28cdeae0
13742:             1             16  org.opensearch.tasks.TaskManager$$Lambda/0x00007fcd291bf3a8
13743:             1             16  org.opensearch.tasks.TaskManager$$Lambda/0x00007fcd292e3c08
13744:             1             16  org.opensearch.tasks.TaskManager$$Lambda/0x00007fcd293dd7e8
13745:             1             16  org.opensearch.tasks.TaskManager$CancellableTaskHolder$$Lambda/0x00007fcd2920a000
13746:             1             16  org.opensearch.tasks.TaskManager$CancellableTaskHolder$$Lambda/0x00007fcd29222020
13747:             1             16  org.opensearch.tasks.TaskManager$CancellableTaskHolder$$Lambda/0x00007fcd293dde50
13748:             1             16  org.opensearch.tasks.TaskResourceTrackingService$$Lambda/0x00007fcd28ce1000
13749:             1             16  org.opensearch.tasks.TaskResourceTrackingService$$Lambda/0x00007fcd29198e20
13750:             1             16  org.opensearch.tasks.TaskThreadContextStatePropagator
13751:             1             16  org.opensearch.tasks.consumer.TopNSearchTasksLogger$$Lambda/0x00007fcd28ce4f40
13752:             1             16  org.opensearch.tasks.consumer.TopNSearchTasksLogger$$Lambda/0x00007fcd28ce5158
13753:             1             16  org.opensearch.tasks.consumer.TopNSearchTasksLogger$$Lambda/0x00007fcd28ce5388
13754:             1             16  org.opensearch.telemetry.metrics.MetricsRegistryFactory$$Lambda/0x00007fcd2870aef0
13755:             1             16  org.opensearch.telemetry.metrics.noop.NoopCounter
13756:             1             16  org.opensearch.telemetry.metrics.noop.NoopHistogram
13757:             1             16  org.opensearch.telemetry.metrics.noop.NoopMetricsRegistry
13758:             1             16  org.opensearch.telemetry.metrics.tags.Tags
13759:             1             16  org.opensearch.telemetry.tracing.TracerFactory$$Lambda/0x00007fcd2870a190
13760:             1             16  org.opensearch.telemetry.tracing.attributes.Attributes
13761:             1             16  org.opensearch.telemetry.tracing.noop.NoopSpan
13762:             1             16  org.opensearch.telemetry.tracing.noop.NoopSpanScope
13763:             1             16  org.opensearch.telemetry.tracing.noop.NoopTracer
13764:             1             16  org.opensearch.threadpool.ThreadPool$$Lambda/0x00007fcd2853f840
13765:             1             16  org.opensearch.threadpool.ThreadPool$$Lambda/0x00007fcd2853fa88
13766:             1             16  org.opensearch.threadpool.ThreadPoolInfo
13767:             1             16  org.opensearch.timeseries.JobRunner
13768:             1             16  org.opensearch.timeseries.Name$$Lambda/0x00007fcd28f1ef10
13769:             1             16  org.opensearch.timeseries.NodeStateManager$$Lambda/0x00007fcd289c3488
13770:             1             16  org.opensearch.timeseries.NodeStateManager$$Lambda/0x00007fcd289c36b8
13771:             1             16  org.opensearch.timeseries.TimeSeriesAnalyticsPlugin$$Lambda/0x00007fcd283adb40
13772:             1             16  org.opensearch.timeseries.TimeSeriesAnalyticsPlugin$$Lambda/0x00007fcd283beb90
13773:             1             16  org.opensearch.timeseries.TimeSeriesAnalyticsPlugin$$Lambda/0x00007fcd28578bf8
13774:             1             16  org.opensearch.timeseries.TimeSeriesAnalyticsPlugin$$Lambda/0x00007fcd28578e38
13775:             1             16  org.opensearch.timeseries.TimeSeriesAnalyticsPlugin$$Lambda/0x00007fcd289ce8f0
13776:             1             16  org.opensearch.timeseries.TimeSeriesAnalyticsPlugin$$Lambda/0x00007fcd28a129e8
13777:             1             16  org.opensearch.timeseries.TimeSeriesAnalyticsPlugin$$Lambda/0x00007fcd28a3be78
13778:             1             16  org.opensearch.timeseries.TimeSeriesAnalyticsPlugin$$Lambda/0x00007fcd28a3cc40
13779:             1             16  org.opensearch.timeseries.TimeSeriesAnalyticsPlugin$1
13780:             1             16  org.opensearch.timeseries.TimeSeriesAnalyticsPlugin$1$1
13781:             1             16  org.opensearch.timeseries.cluster.ClusterEventListener$$Lambda/0x00007fcd290157e8
13782:             1             16  org.opensearch.timeseries.cluster.ClusterEventListener$$Lambda/0x00007fcd29015a00
13783:             1             16  org.opensearch.timeseries.cluster.ClusterEventListener$$Lambda/0x00007fcd29016078
13784:             1             16  org.opensearch.timeseries.cluster.ClusterEventListener$$Lambda/0x00007fcd29016290
13785:             1             16  org.opensearch.timeseries.cluster.HashRing$$Lambda/0x00007fcd28a2f250
13786:             1             16  org.opensearch.timeseries.cluster.HashRing$$Lambda/0x00007fcd29016ad8
13787:             1             16  org.opensearch.timeseries.cluster.HashRing$$Lambda/0x00007fcd29017160
13788:             1             16  org.opensearch.timeseries.cluster.HashRing$$Lambda/0x00007fcd29017398
13789:             1             16  org.opensearch.timeseries.cluster.HashRing$$Lambda/0x00007fcd29318d10
13790:             1             16  org.opensearch.timeseries.dataprocessor.LinearUniformImputer
13791:             1             16  org.opensearch.timeseries.feature.SearchFeatureDao$$Lambda/0x00007fcd289c6000
13792:             1             16  org.opensearch.timeseries.feature.SearchFeatureDao$$Lambda/0x00007fcd289c6230
13793:             1             16  org.opensearch.timeseries.model.Job$$Lambda/0x00007fcd2889c480
13794:             1             16  org.opensearch.timeseries.transport.AbstractSingleStreamResultTransportAction$$Lambda/0x00007fcd28e3fb40
13795:             1             16  org.opensearch.timeseries.transport.BaseDeleteConfigTransportAction$$Lambda/0x00007fcd28d9fda0
13796:             1             16  org.opensearch.timeseries.transport.BaseDeleteModelTransportAction$$Lambda/0x00007fcd28e3dbc0
13797:             1             16  org.opensearch.timeseries.transport.BaseDeleteModelTransportAction$$Lambda/0x00007fcd28e3ddd8
13798:             1             16  org.opensearch.timeseries.transport.BaseEntityProfileTransportAction$$Lambda/0x00007fcd28e3d360
13799:             1             16  org.opensearch.timeseries.transport.BaseGetConfigTransportAction$$Lambda/0x00007fcd28f1e918
13800:             1             16  org.opensearch.timeseries.transport.BaseJobTransportAction$$Lambda/0x00007fcd28d9e1a0
13801:             1             16  org.opensearch.timeseries.transport.BaseProfileTransportAction$$Lambda/0x00007fcd28d9ea58
13802:             1             16  org.opensearch.timeseries.transport.BaseProfileTransportAction$$Lambda/0x00007fcd28d9ec70
13803:             1             16  org.opensearch.timeseries.transport.BaseSearchConfigInfoTransportAction$$Lambda/0x00007fcd28d9dd70
13804:             1             16  org.opensearch.timeseries.transport.BaseStatsNodesTransportAction$$Lambda/0x00007fcd28e3e850
13805:             1             16  org.opensearch.timeseries.transport.BaseStatsNodesTransportAction$$Lambda/0x00007fcd28e3ea68
13806:             1             16  org.opensearch.timeseries.transport.BaseStatsTransportAction$$Lambda/0x00007fcd28e3f0b0
13807:             1             16  org.opensearch.timeseries.transport.BaseSuggestConfigParamTransportAction$$Lambda/0x00007fcd28f77678
13808:             1             16  org.opensearch.timeseries.transport.BaseSuggestConfigParamTransportAction$$Lambda/0x00007fcd28f77890
13809:             1             16  org.opensearch.timeseries.transport.BaseValidateConfigTransportAction$$Lambda/0x00007fcd28e3f6f8
13810:             1             16  org.opensearch.timeseries.transport.CronTransportAction$$Lambda/0x00007fcd28e3ec80
13811:             1             16  org.opensearch.timeseries.transport.CronTransportAction$$Lambda/0x00007fcd28e3ee98
13812:             1             16  org.opensearch.timeseries.transport.ResultProcessor$$Lambda/0x00007fcd28d9f940
13813:             1             16  org.opensearch.timeseries.transport.ResultProcessor$$Lambda/0x00007fcd28d9fb70
13814:             1             16  org.opensearch.timeseries.util.ClientUtil
13815:             1             16  org.opensearch.timeseries.util.DiscoveryNodeFilterer$HotDataNodePredicate
13816:             1             16  org.opensearch.transport.ConnectionManager$DelegatingNodeConnectionListener
13817:             1             16  org.opensearch.transport.CopyBytesSocketChannel$$Lambda/0x00007fcd290f8c18
13818:             1             16  org.opensearch.transport.EmptyTransportResponseHandler
13819:             1             16  org.opensearch.transport.NativeMessageHandler$$Lambda/0x00007fcd29198000
13820:             1             16  org.opensearch.transport.NativeMessageHandler$$Lambda/0x00007fcd29198238
13821:             1             16  org.opensearch.transport.Netty4Plugin
13822:             1             16  org.opensearch.transport.NettyAllocator$NoDirectBuffers
13823:             1             16  org.opensearch.transport.ProxyConnectionStrategy$$Lambda/0x00007fcd286e2b28
13824:             1             16  org.opensearch.transport.ProxyConnectionStrategy$$Lambda/0x00007fcd286e2d50
13825:             1             16  org.opensearch.transport.ProxyConnectionStrategy$$Lambda/0x00007fcd286e2f78
13826:             1             16  org.opensearch.transport.ProxyConnectionStrategy$$Lambda/0x00007fcd286e31a0
13827:             1             16  org.opensearch.transport.RemoteClusterAware$$Lambda/0x00007fcd28cdf798
13828:             1             16  org.opensearch.transport.RemoteClusterService$$Lambda/0x00007fcd280bd200
13829:             1             16  org.opensearch.transport.RemoteClusterService$$Lambda/0x00007fcd280be830
13830:             1             16  org.opensearch.transport.RemoteClusterService$$Lambda/0x00007fcd280caa58
13831:             1             16  org.opensearch.transport.RemoteClusterService$$Lambda/0x00007fcd28ce4278
13832:             1             16  org.opensearch.transport.RemoteClusterService$$Lambda/0x00007fcd28ce44a8
13833:             1             16  org.opensearch.transport.RemoteConnectionStrategy$$Lambda/0x00007fcd286dfd78
13834:             1             16  org.opensearch.transport.RemoteConnectionStrategy$$Lambda/0x00007fcd286e1500
13835:             1             16  org.opensearch.transport.RemoteConnectionStrategy$$Lambda/0x00007fcd29047120
13836:             1             16  org.opensearch.transport.RemoteConnectionStrategy$ConnectionStrategy$$Lambda/0x00007fcd286e0ab0
13837:             1             16  org.opensearch.transport.RemoteConnectionStrategy$ConnectionStrategy$$Lambda/0x00007fcd286e0cc8
13838:             1             16  org.opensearch.transport.RemoteConnectionStrategy$ConnectionStrategy$$Lambda/0x00007fcd286e0ee0
13839:             1             16  org.opensearch.transport.RemoteConnectionStrategy$ConnectionStrategy$$Lambda/0x00007fcd286e10f8
13840:             1             16  org.opensearch.transport.RemoteConnectionStrategy$StrategyValidator$$Lambda/0x00007fcd286e1df0
13841:             1             16  org.opensearch.transport.SniffConnectionStrategy$$Lambda/0x00007fcd286e1738
13842:             1             16  org.opensearch.transport.SniffConnectionStrategy$$Lambda/0x00007fcd286e1960
13843:             1             16  org.opensearch.transport.SniffConnectionStrategy$$Lambda/0x00007fcd286e2018
13844:             1             16  org.opensearch.transport.SniffConnectionStrategy$$Lambda/0x00007fcd286e2240
13845:             1             16  org.opensearch.transport.SniffConnectionStrategy$$Lambda/0x00007fcd286e2490
13846:             1             16  org.opensearch.transport.SniffConnectionStrategy$$Lambda/0x00007fcd286e26b8
13847:             1             16  org.opensearch.transport.SniffConnectionStrategy$$Lambda/0x00007fcd286e28e0
13848:             1             16  org.opensearch.transport.TcpTransport$$Lambda/0x00007fcd28cb7900
13849:             1             16  org.opensearch.transport.TcpTransport$$Lambda/0x00007fcd29046370
13850:             1             16  org.opensearch.transport.TcpTransport$$Lambda/0x00007fcd290f3728
13851:             1             16  org.opensearch.transport.Transport$RequestHandlers
13852:             1             16  org.opensearch.transport.TransportActionProxy$$Lambda/0x00007fcd28e1c888
13853:             1             16  org.opensearch.transport.TransportMessageListener$1
13854:             1             16  org.opensearch.transport.TransportService$$Lambda/0x00007fcd28cded10
13855:             1             16  org.opensearch.transport.TransportService$$Lambda/0x00007fcd28cdf338
13856:             1             16  org.opensearch.transport.TransportService$$Lambda/0x00007fcd28cdf568
13857:             1             16  org.opensearch.transport.TransportService$$Lambda/0x00007fcd28ce46d0
13858:             1             16  org.opensearch.transport.TransportService$$Lambda/0x00007fcd28ce4900
13859:             1             16  org.opensearch.transport.TransportService$$Lambda/0x00007fcd28ce4b18
13860:             1             16  org.opensearch.transport.TransportService$$Lambda/0x00007fcd29046ce0
13861:             1             16  org.opensearch.transport.TransportService$$Lambda/0x00007fcd29046ef8
13862:             1             16  org.opensearch.transport.TransportService$$Lambda/0x00007fcd2913f4a0
13863:             1             16  org.opensearch.transport.TransportService$$Lambda/0x00007fcd291806f0
13864:             1             16  org.opensearch.transport.TransportService$$Lambda/0x00007fcd29194460
13865:             1             16  org.opensearch.transport.TransportService$2
13866:             1             16  org.opensearch.transport.TransportService$3
13867:             1             16  org.opensearch.transport.TransportService$DelegatingTransportMessageListener
13868:             1             16  org.opensearch.transport.TransportService$HandshakeResponse$$Lambda/0x00007fcd29182638
13869:             1             16  org.opensearch.transport.TransportSettings$$Lambda/0x00007fcd280bee98
13870:             1             16  org.opensearch.transport.TransportSettings$$Lambda/0x00007fcd280bf300
13871:             1             16  org.opensearch.transport.TransportSettings$$Lambda/0x00007fcd280bf538
13872:             1             16  org.opensearch.transport.TransportSettings$$Lambda/0x00007fcd280bfc48
13873:             1             16  org.opensearch.transport.TransportSettings$$Lambda/0x00007fcd280c8238
13874:             1             16  org.opensearch.transport.TransportSettings$$Lambda/0x00007fcd280c8470
13875:             1             16  org.opensearch.transport.TransportSettings$$Lambda/0x00007fcd280c86a8
13876:             1             16  org.opensearch.transport.TransportSettings$$Lambda/0x00007fcd280c88e0
13877:             1             16  org.opensearch.transport.TransportSettings$$Lambda/0x00007fcd280c91e0
13878:             1             16  org.opensearch.transport.TransportSettings$$Lambda/0x00007fcd280c9418
13879:             1             16  org.opensearch.transport.TransportSettings$$Lambda/0x00007fcd280c9650
13880:             1             16  org.opensearch.transport.TransportSettings$$Lambda/0x00007fcd280c9888
13881:             1             16  org.opensearch.transport.TransportSettings$$Lambda/0x00007fcd280c9ac0
13882:             1             16  org.opensearch.transport.TransportSettings$$Lambda/0x00007fcd280c9cf8
13883:             1             16  org.opensearch.transport.TransportSettings$$Lambda/0x00007fcd280c9f30
13884:             1             16  org.opensearch.transport.TransportSettings$$Lambda/0x00007fcd280ca168
13885:             1             16  org.opensearch.transport.TransportSettings$$Lambda/0x00007fcd280ca3a0
13886:             1             16  org.opensearch.transport.nativeprotocol.NativeInboundBytesHandler$$Lambda/0x00007fcd29105d90
13887:             1             16  org.opensearch.transport.netty4.Netty4Transport$$Lambda/0x00007fcd2828c648
13888:             1             16  org.opensearch.transport.netty4.Netty4Transport$$Lambda/0x00007fcd2828c880
13889:             1             16  org.opensearch.transport.netty4.Netty4Transport$$Lambda/0x00007fcd28568870
13890:             1             16  org.opensearch.transport.netty4.Netty4Transport$$Lambda/0x00007fcd28568aa8
13891:             1             16  org.opensearch.transport.netty4.ssl.SecureNetty4Transport$SSLServerChannelInitializer$$Lambda/0x00007fcd2918ae28
13892:             1             16  org.opensearch.usage.UsageService
13893:             1             16  org.reflections.ReflectionUtils$$Lambda/0x00007fcd28adf1a8
13894:             1             16  org.reflections.ReflectionUtils$$Lambda/0x00007fcd28adf3f0
13895:             1             16  org.reflections.Store$$Lambda/0x00007fcd28adb9c0
13896:             1             16  org.reflections.Store$$Lambda/0x00007fcd28adbbf8
13897:             1             16  org.reflections.Store$$Lambda/0x00007fcd28adcb88
13898:             1             16  org.reflections.adapters.JavassistAdapter$$Lambda/0x00007fcd28ad83e0
13899:             1             16  org.reflections.adapters.JavassistAdapter$$Lambda/0x00007fcd28ad8628
13900:             1             16  org.reflections.adapters.JavassistAdapter$$Lambda/0x00007fcd28adaa88
13901:             1             16  org.reflections.scanners.AbstractScanner$$Lambda/0x00007fcd28acafd8
13902:             1             16  org.reflections.vfs.ZipDir$$Lambda/0x00007fcd28ace6a0
13903:             1             16  org.slf4j.helpers.NOPLoggerFactory
13904:             1             16  org.slf4j.helpers.NOPLoggerFactory
13905:             1             16  org.slf4j.helpers.NOPLoggerFactory
13906:             1             16  org.slf4j.impl.StaticLoggerBinder
13907:             1             16  org.slf4j.impl.StaticLoggerBinder
13908:             1             16  org.slf4j.impl.StaticMarkerBinder
13909:             1             16  org.slf4j.impl.StaticMarkerBinder
13910:             1             16  org.yaml.snakeyaml.external.com.google.gdata.util.common.base.UnicodeEscaper$2
13911:             1             16  org.yaml.snakeyaml.inspector.UnTrustedTagInspector
13912:             1             16  sun.management.ClassLoadingImpl (java.management@21.0.3)
13913:             1             16  sun.management.ManagementFactoryHelper$$Lambda/0x00007fcd284df888 (java.management@21.0.3)
13914:             1             16  sun.management.ThreadImpl$$Lambda/0x00007fcd2928a600 (java.management@21.0.3)
13915:             1             16  sun.management.spi.PlatformMBeanProvider$PlatformComponent$$Lambda/0x00007fcd280e1f80 (java.management@21.0.3)
13916:             1             16  sun.management.spi.PlatformMBeanProvider$PlatformComponent$$Lambda/0x00007fcd280e21d0 (java.management@21.0.3)
13917:             1             16  sun.misc.Unsafe (jdk.unsupported@21.0.3)
13918:             1             16  sun.net.www.protocol.file.Handler (java.base@21.0.3)
13919:             1             16  sun.net.www.protocol.jar.JarFileFactory (java.base@21.0.3)
13920:             1             16  sun.net.www.protocol.jrt.Handler (java.base@21.0.3)
13921:             1             16  sun.net.www.protocol.jrt.JavaRuntimeURLConnection$$Lambda/0x00007fcd28272730 (java.base@21.0.3)
13922:             1             16  sun.nio.ch.DefaultSelectorProvider$$Lambda/0x00007fcd289ee840 (java.base@21.0.3)
13923:             1             16  sun.nio.ch.EPollSelectorProvider (java.base@21.0.3)
13924:             1             16  sun.nio.ch.ExtendedSocketOption$1 (java.base@21.0.3)
13925:             1             16  sun.nio.ch.FileChannelImpl$2 (java.base@21.0.3)
13926:             1             16  sun.nio.ch.FileChannelImpl$3 (java.base@21.0.3)
13927:             1             16  sun.nio.ch.FileDispatcherImpl (java.base@21.0.3)
13928:             1             16  sun.nio.ch.Net$1 (java.base@21.0.3)
13929:             1             16  sun.nio.ch.Util$1 (java.base@21.0.3)
13930:             1             16  sun.nio.fs.LinuxFileSystemProvider (java.base@21.0.3)
13931:             1             16  sun.nio.fs.NativeBuffers$1 (java.base@21.0.3)
13932:             1             16  sun.nio.fs.UnixFileSystem$$Lambda/0x00007fcd29284db8 (java.base@21.0.3)
13933:             1             16  sun.nio.fs.UnixFileSystem$$Lambda/0x00007fcd29285f78 (java.base@21.0.3)
13934:             1             16  sun.reflect.generics.tree.BooleanSignature (java.base@21.0.3)
13935:             1             16  sun.reflect.generics.tree.BottomSignature (java.base@21.0.3)
13936:             1             16  sun.reflect.generics.tree.ByteSignature (java.base@21.0.3)
13937:             1             16  sun.reflect.generics.tree.CharSignature (java.base@21.0.3)
13938:             1             16  sun.reflect.generics.tree.DoubleSignature (java.base@21.0.3)
13939:             1             16  sun.reflect.generics.tree.IntSignature (java.base@21.0.3)
13940:             1             16  sun.reflect.generics.tree.LongSignature (java.base@21.0.3)
13941:             1             16  sun.reflect.generics.tree.VoidDescriptor (java.base@21.0.3)
13942:             1             16  sun.security.ec.ECOperations$PointMultiplier$Secp256R1GeneratorMultiplier (jdk.crypto.ec@21.0.3)
13943:             1             16  sun.security.ec.ECPrivateKeyImpl$$Lambda/0x00007fcd29042bb0 (jdk.crypto.ec@21.0.3)
13944:             1             16  sun.security.ec.XDHKeyAgreement$$Lambda/0x00007fcd291269c0 (jdk.crypto.ec@21.0.3)
13945:             1             16  sun.security.ec.XDHKeyAgreement$$Lambda/0x00007fcd291272a0 (jdk.crypto.ec@21.0.3)
13946:             1             16  sun.security.ec.XDHKeyAgreement$$Lambda/0x00007fcd29127d98 (jdk.crypto.ec@21.0.3)
13947:             1             16  sun.security.ec.XDHKeyAgreement$$Lambda/0x00007fcd2912c430 (jdk.crypto.ec@21.0.3)
13948:             1             16  sun.security.ec.XDHKeyFactory$$Lambda/0x00007fcd29125a38 (jdk.crypto.ec@21.0.3)
13949:             1             16  sun.security.ec.XDHKeyFactory$$Lambda/0x00007fcd29125ea8 (jdk.crypto.ec@21.0.3)
13950:             1             16  sun.security.ec.XDHKeyPairGenerator$$Lambda/0x00007fcd29040e60 (jdk.crypto.ec@21.0.3)
13951:             1             16  sun.security.ec.ed.EdDSAParameters$$Lambda/0x00007fcd28320978 (jdk.crypto.ec@21.0.3)
13952:             1             16  sun.security.ec.ed.EdDSAParameters$$Lambda/0x00007fcd28321320 (jdk.crypto.ec@21.0.3)
13953:             1             16  sun.security.ec.ed.EdDSAParameters$SHA512DigesterFactory (jdk.crypto.ec@21.0.3)
13954:             1             16  sun.security.ec.ed.EdDSAParameters$SHAKE256DigesterFactory (jdk.crypto.ec@21.0.3)
13955:             1             16  sun.security.ec.ed.EdDSASignature$$Lambda/0x00007fcd2831f668 (jdk.crypto.ec@21.0.3)
13956:             1             16  sun.security.jca.ProviderConfig$ProviderLoader (java.base@21.0.3)
13957:             1             16  sun.security.pkcs11.SunPKCS11$$Lambda/0x00007fcd2831e740 (jdk.crypto.cryptoki@21.0.3)
13958:             1             16  sun.security.rsa.RSACore$$Lambda/0x00007fcd2916b348 (java.base@21.0.3)
13959:             1             16  sun.security.ssl.Alert$AlertConsumer (java.base@21.0.3)
13960:             1             16  sun.security.ssl.AlpnExtension$$Lambda/0x00007fcd291414d8 (java.base@21.0.3)
13961:             1             16  sun.security.ssl.AlpnExtension$AlpnStringizer (java.base@21.0.3)
13962:             1             16  sun.security.ssl.AlpnExtension$CHAlpnAbsence (java.base@21.0.3)
13963:             1             16  sun.security.ssl.AlpnExtension$CHAlpnConsumer (java.base@21.0.3)
13964:             1             16  sun.security.ssl.AlpnExtension$CHAlpnProducer (java.base@21.0.3)
13965:             1             16  sun.security.ssl.CertSignAlgsExtension$CHCertSignatureSchemesConsumer (java.base@21.0.3)
13966:             1             16  sun.security.ssl.CertSignAlgsExtension$CHCertSignatureSchemesProducer (java.base@21.0.3)
13967:             1             16  sun.security.ssl.CertSignAlgsExtension$CHCertSignatureSchemesUpdate (java.base@21.0.3)
13968:             1             16  sun.security.ssl.CertSignAlgsExtension$CRCertSignatureSchemesConsumer (java.base@21.0.3)
13969:             1             16  sun.security.ssl.CertSignAlgsExtension$CRCertSignatureSchemesProducer (java.base@21.0.3)
13970:             1             16  sun.security.ssl.CertSignAlgsExtension$CRCertSignatureSchemesUpdate (java.base@21.0.3)
13971:             1             16  sun.security.ssl.CertSignAlgsExtension$CertSignatureSchemesStringizer (java.base@21.0.3)
13972:             1             16  sun.security.ssl.CertStatusExtension$CHCertStatusReqConsumer (java.base@21.0.3)
13973:             1             16  sun.security.ssl.CertStatusExtension$CHCertStatusReqProducer (java.base@21.0.3)
13974:             1             16  sun.security.ssl.CertStatusExtension$CHCertStatusReqV2Consumer (java.base@21.0.3)
13975:             1             16  sun.security.ssl.CertStatusExtension$CHCertStatusReqV2Producer (java.base@21.0.3)
13976:             1             16  sun.security.ssl.CertStatusExtension$CTCertStatusResponseConsumer (java.base@21.0.3)
13977:             1             16  sun.security.ssl.CertStatusExtension$CTCertStatusResponseProducer (java.base@21.0.3)
13978:             1             16  sun.security.ssl.CertStatusExtension$CertStatusRequestSpec (java.base@21.0.3)
13979:             1             16  sun.security.ssl.CertStatusExtension$CertStatusRequestStringizer (java.base@21.0.3)
13980:             1             16  sun.security.ssl.CertStatusExtension$CertStatusRequestV2Spec (java.base@21.0.3)
13981:             1             16  sun.security.ssl.CertStatusExtension$CertStatusRequestsStringizer (java.base@21.0.3)
13982:             1             16  sun.security.ssl.CertStatusExtension$CertStatusRespStringizer (java.base@21.0.3)
13983:             1             16  sun.security.ssl.CertStatusExtension$SHCertStatusReqConsumer (java.base@21.0.3)
13984:             1             16  sun.security.ssl.CertStatusExtension$SHCertStatusReqProducer (java.base@21.0.3)
13985:             1             16  sun.security.ssl.CertStatusExtension$SHCertStatusReqV2Consumer (java.base@21.0.3)
13986:             1             16  sun.security.ssl.CertStatusExtension$SHCertStatusReqV2Producer (java.base@21.0.3)
13987:             1             16  sun.security.ssl.CertificateAuthoritiesExtension$CHCertificateAuthoritiesConsumer (java.base@21.0.3)
13988:             1             16  sun.security.ssl.CertificateAuthoritiesExtension$CHCertificateAuthoritiesProducer (java.base@21.0.3)
13989:             1             16  sun.security.ssl.CertificateAuthoritiesExtension$CRCertificateAuthoritiesConsumer (java.base@21.0.3)
13990:             1             16  sun.security.ssl.CertificateAuthoritiesExtension$CRCertificateAuthoritiesProducer (java.base@21.0.3)
13991:             1             16  sun.security.ssl.CertificateAuthoritiesExtension$CertificateAuthoritiesStringizer (java.base@21.0.3)
13992:             1             16  sun.security.ssl.CertificateMessage$T12CertificateConsumer (java.base@21.0.3)
13993:             1             16  sun.security.ssl.CertificateMessage$T12CertificateProducer (java.base@21.0.3)
13994:             1             16  sun.security.ssl.CertificateMessage$T13CertificateConsumer (java.base@21.0.3)
13995:             1             16  sun.security.ssl.CertificateMessage$T13CertificateProducer (java.base@21.0.3)
13996:             1             16  sun.security.ssl.CertificateMessage$T13CertificateProducer$$Lambda/0x00007fcd29167c40 (java.base@21.0.3)
13997:             1             16  sun.security.ssl.CertificateMessage$T13CertificateProducer$$Lambda/0x00007fcd291690b0 (java.base@21.0.3)
13998:             1             16  sun.security.ssl.CertificateMessage$T13CertificateProducer$$Lambda/0x00007fcd29169c18 (java.base@21.0.3)
13999:             1             16  sun.security.ssl.CertificateRequest$T10CertificateRequestConsumer (java.base@21.0.3)
14000:             1             16  sun.security.ssl.CertificateRequest$T10CertificateRequestProducer (java.base@21.0.3)
14001:             1             16  sun.security.ssl.CertificateRequest$T12CertificateRequestConsumer (java.base@21.0.3)
14002:             1             16  sun.security.ssl.CertificateRequest$T12CertificateRequestProducer (java.base@21.0.3)
14003:             1             16  sun.security.ssl.CertificateRequest$T13CertificateRequestConsumer (java.base@21.0.3)
14004:             1             16  sun.security.ssl.CertificateRequest$T13CertificateRequestProducer (java.base@21.0.3)
14005:             1             16  sun.security.ssl.CertificateStatus$CertificateStatusAbsence (java.base@21.0.3)
14006:             1             16  sun.security.ssl.CertificateStatus$CertificateStatusConsumer (java.base@21.0.3)
14007:             1             16  sun.security.ssl.CertificateStatus$CertificateStatusProducer (java.base@21.0.3)
14008:             1             16  sun.security.ssl.CertificateVerify$S30CertificateVerifyConsumer (java.base@21.0.3)
14009:             1             16  sun.security.ssl.CertificateVerify$S30CertificateVerifyProducer (java.base@21.0.3)
14010:             1             16  sun.security.ssl.CertificateVerify$T10CertificateVerifyConsumer (java.base@21.0.3)
14011:             1             16  sun.security.ssl.CertificateVerify$T10CertificateVerifyProducer (java.base@21.0.3)
14012:             1             16  sun.security.ssl.CertificateVerify$T12CertificateVerifyConsumer (java.base@21.0.3)
14013:             1             16  sun.security.ssl.CertificateVerify$T12CertificateVerifyProducer (java.base@21.0.3)
14014:             1             16  sun.security.ssl.CertificateVerify$T13CertificateVerifyConsumer (java.base@21.0.3)
14015:             1             16  sun.security.ssl.CertificateVerify$T13CertificateVerifyProducer (java.base@21.0.3)
14016:             1             16  sun.security.ssl.ChangeCipherSpec$T10ChangeCipherSpecConsumer (java.base@21.0.3)
14017:             1             16  sun.security.ssl.ChangeCipherSpec$T10ChangeCipherSpecProducer (java.base@21.0.3)
14018:             1             16  sun.security.ssl.ChangeCipherSpec$T13ChangeCipherSpecConsumer (java.base@21.0.3)
14019:             1             16  sun.security.ssl.ClientHello$ClientHelloConsumer (java.base@21.0.3)
14020:             1             16  sun.security.ssl.ClientHello$ClientHelloKickstartProducer (java.base@21.0.3)
14021:             1             16  sun.security.ssl.ClientHello$ClientHelloProducer (java.base@21.0.3)
14022:             1             16  sun.security.ssl.ClientHello$D12ClientHelloConsumer (java.base@21.0.3)
14023:             1             16  sun.security.ssl.ClientHello$D13ClientHelloConsumer (java.base@21.0.3)
14024:             1             16  sun.security.ssl.ClientHello$T12ClientHelloConsumer (java.base@21.0.3)
14025:             1             16  sun.security.ssl.ClientHello$T13ClientHelloConsumer (java.base@21.0.3)
14026:             1             16  sun.security.ssl.ClientKeyExchange$ClientKeyExchangeConsumer (java.base@21.0.3)
14027:             1             16  sun.security.ssl.ClientKeyExchange$ClientKeyExchangeProducer (java.base@21.0.3)
14028:             1             16  sun.security.ssl.CookieExtension$CHCookieConsumer (java.base@21.0.3)
14029:             1             16  sun.security.ssl.CookieExtension$CHCookieProducer (java.base@21.0.3)
14030:             1             16  sun.security.ssl.CookieExtension$CHCookieUpdate (java.base@21.0.3)
14031:             1             16  sun.security.ssl.CookieExtension$CookieStringizer (java.base@21.0.3)
14032:             1             16  sun.security.ssl.CookieExtension$HRRCookieConsumer (java.base@21.0.3)
14033:             1             16  sun.security.ssl.CookieExtension$HRRCookieProducer (java.base@21.0.3)
14034:             1             16  sun.security.ssl.CookieExtension$HRRCookieReproducer (java.base@21.0.3)
14035:             1             16  sun.security.ssl.DummyX509KeyManager (java.base@21.0.3)
14036:             1             16  sun.security.ssl.DummyX509TrustManager (java.base@21.0.3)
14037:             1             16  sun.security.ssl.ECDHKeyExchange$ECDHEKAGenerator (java.base@21.0.3)
14038:             1             16  sun.security.ssl.ECDHKeyExchange$ECDHEPossessionGenerator (java.base@21.0.3)
14039:             1             16  sun.security.ssl.ECDHKeyExchange$ECDHEXDHKAGenerator (java.base@21.0.3)
14040:             1             16  sun.security.ssl.ECDHKeyExchange$ECDHKAGenerator (java.base@21.0.3)
14041:             1             16  sun.security.ssl.ECPointFormatsExtension$CHECPointFormatsConsumer (java.base@21.0.3)
14042:             1             16  sun.security.ssl.ECPointFormatsExtension$CHECPointFormatsProducer (java.base@21.0.3)
14043:             1             16  sun.security.ssl.ECPointFormatsExtension$ECPointFormatsSpec (java.base@21.0.3)
14044:             1             16  sun.security.ssl.ECPointFormatsExtension$ECPointFormatsStringizer (java.base@21.0.3)
14045:             1             16  sun.security.ssl.ECPointFormatsExtension$SHECPointFormatsConsumer (java.base@21.0.3)
14046:             1             16  sun.security.ssl.EncryptedExtensions$EncryptedExtensionsConsumer (java.base@21.0.3)
14047:             1             16  sun.security.ssl.EncryptedExtensions$EncryptedExtensionsProducer (java.base@21.0.3)
14048:             1             16  sun.security.ssl.ExtendedMasterSecretExtension$CHExtendedMasterSecretAbsence (java.base@21.0.3)
14049:             1             16  sun.security.ssl.ExtendedMasterSecretExtension$CHExtendedMasterSecretConsumer (java.base@21.0.3)
14050:             1             16  sun.security.ssl.ExtendedMasterSecretExtension$CHExtendedMasterSecretProducer (java.base@21.0.3)
14051:             1             16  sun.security.ssl.ExtendedMasterSecretExtension$ExtendedMasterSecretSpec (java.base@21.0.3)
14052:             1             16  sun.security.ssl.ExtendedMasterSecretExtension$ExtendedMasterSecretStringizer (java.base@21.0.3)
14053:             1             16  sun.security.ssl.ExtendedMasterSecretExtension$SHExtendedMasterSecretAbsence (java.base@21.0.3)
14054:             1             16  sun.security.ssl.ExtendedMasterSecretExtension$SHExtendedMasterSecretConsumer (java.base@21.0.3)
14055:             1             16  sun.security.ssl.ExtendedMasterSecretExtension$SHExtendedMasterSecretProducer (java.base@21.0.3)
14056:             1             16  sun.security.ssl.Finished$S30VerifyDataGenerator (java.base@21.0.3)
14057:             1             16  sun.security.ssl.Finished$T10VerifyDataGenerator (java.base@21.0.3)
14058:             1             16  sun.security.ssl.Finished$T12FinishedConsumer (java.base@21.0.3)
14059:             1             16  sun.security.ssl.Finished$T12FinishedProducer (java.base@21.0.3)
14060:             1             16  sun.security.ssl.Finished$T12VerifyDataGenerator (java.base@21.0.3)
14061:             1             16  sun.security.ssl.Finished$T13FinishedConsumer (java.base@21.0.3)
14062:             1             16  sun.security.ssl.Finished$T13FinishedProducer (java.base@21.0.3)
14063:             1             16  sun.security.ssl.Finished$T13VerifyDataGenerator (java.base@21.0.3)
14064:             1             16  sun.security.ssl.HelloRequest$HelloRequestConsumer (java.base@21.0.3)
14065:             1             16  sun.security.ssl.HelloRequest$HelloRequestKickstartProducer (java.base@21.0.3)
14066:             1             16  sun.security.ssl.HelloRequest$HelloRequestProducer (java.base@21.0.3)
14067:             1             16  sun.security.ssl.HelloVerifyRequest$HelloVerifyRequestConsumer (java.base@21.0.3)
14068:             1             16  sun.security.ssl.HelloVerifyRequest$HelloVerifyRequestProducer (java.base@21.0.3)
14069:             1             16  sun.security.ssl.KeyShareExtension$CHKeyShareConsumer (java.base@21.0.3)
14070:             1             16  sun.security.ssl.KeyShareExtension$CHKeyShareOnTradeAbsence (java.base@21.0.3)
14071:             1             16  sun.security.ssl.KeyShareExtension$CHKeyShareProducer (java.base@21.0.3)
14072:             1             16  sun.security.ssl.KeyShareExtension$CHKeyShareStringizer (java.base@21.0.3)
14073:             1             16  sun.security.ssl.KeyShareExtension$HRRKeyShareConsumer (java.base@21.0.3)
14074:             1             16  sun.security.ssl.KeyShareExtension$HRRKeyShareProducer (java.base@21.0.3)
14075:             1             16  sun.security.ssl.KeyShareExtension$HRRKeyShareReproducer (java.base@21.0.3)
14076:             1             16  sun.security.ssl.KeyShareExtension$HRRKeyShareStringizer (java.base@21.0.3)
14077:             1             16  sun.security.ssl.KeyShareExtension$SHKeyShareAbsence (java.base@21.0.3)
14078:             1             16  sun.security.ssl.KeyShareExtension$SHKeyShareConsumer (java.base@21.0.3)
14079:             1             16  sun.security.ssl.KeyShareExtension$SHKeyShareProducer (java.base@21.0.3)
14080:             1             16  sun.security.ssl.KeyShareExtension$SHKeyShareStringizer (java.base@21.0.3)
14081:             1             16  sun.security.ssl.KeyUpdate$KeyUpdateConsumer (java.base@21.0.3)
14082:             1             16  sun.security.ssl.KeyUpdate$KeyUpdateKickstartProducer (java.base@21.0.3)
14083:             1             16  sun.security.ssl.KeyUpdate$KeyUpdateProducer (java.base@21.0.3)
14084:             1             16  sun.security.ssl.MaxFragExtension$CHMaxFragmentLengthConsumer (java.base@21.0.3)
14085:             1             16  sun.security.ssl.MaxFragExtension$CHMaxFragmentLengthProducer (java.base@21.0.3)
14086:             1             16  sun.security.ssl.MaxFragExtension$EEMaxFragmentLengthConsumer (java.base@21.0.3)
14087:             1             16  sun.security.ssl.MaxFragExtension$EEMaxFragmentLengthProducer (java.base@21.0.3)
14088:             1             16  sun.security.ssl.MaxFragExtension$EEMaxFragmentLengthUpdate (java.base@21.0.3)
14089:             1             16  sun.security.ssl.MaxFragExtension$MaxFragLenStringizer (java.base@21.0.3)
14090:             1             16  sun.security.ssl.MaxFragExtension$SHMaxFragmentLengthConsumer (java.base@21.0.3)
14091:             1             16  sun.security.ssl.MaxFragExtension$SHMaxFragmentLengthProducer (java.base@21.0.3)
14092:             1             16  sun.security.ssl.MaxFragExtension$SHMaxFragmentLengthUpdate (java.base@21.0.3)
14093:             1             16  sun.security.ssl.NamedGroup$ECDHEScheme (java.base@21.0.3)
14094:             1             16  sun.security.ssl.NamedGroup$FFDHEScheme (java.base@21.0.3)
14095:             1             16  sun.security.ssl.NamedGroup$XDHScheme (java.base@21.0.3)
14096:             1             16  sun.security.ssl.NewSessionTicket$T12NewSessionTicketConsumer (java.base@21.0.3)
14097:             1             16  sun.security.ssl.NewSessionTicket$T12NewSessionTicketProducer (java.base@21.0.3)
14098:             1             16  sun.security.ssl.NewSessionTicket$T13NewSessionTicketConsumer (java.base@21.0.3)
14099:             1             16  sun.security.ssl.NewSessionTicket$T13NewSessionTicketProducer (java.base@21.0.3)
14100:             1             16  sun.security.ssl.PreSharedKeyExtension$CHPreSharedKeyConsumer (java.base@21.0.3)
14101:             1             16  sun.security.ssl.PreSharedKeyExtension$CHPreSharedKeyOnLoadAbsence (java.base@21.0.3)
14102:             1             16  sun.security.ssl.PreSharedKeyExtension$CHPreSharedKeyOnTradeAbsence (java.base@21.0.3)
14103:             1             16  sun.security.ssl.PreSharedKeyExtension$CHPreSharedKeyProducer (java.base@21.0.3)
14104:             1             16  sun.security.ssl.PreSharedKeyExtension$CHPreSharedKeyStringizer (java.base@21.0.3)
14105:             1             16  sun.security.ssl.PreSharedKeyExtension$CHPreSharedKeyUpdate (java.base@21.0.3)
14106:             1             16  sun.security.ssl.PreSharedKeyExtension$SHPreSharedKeyAbsence (java.base@21.0.3)
14107:             1             16  sun.security.ssl.PreSharedKeyExtension$SHPreSharedKeyConsumer (java.base@21.0.3)
14108:             1             16  sun.security.ssl.PreSharedKeyExtension$SHPreSharedKeyProducer (java.base@21.0.3)
14109:             1             16  sun.security.ssl.PreSharedKeyExtension$SHPreSharedKeyStringizer (java.base@21.0.3)
14110:             1             16  sun.security.ssl.PskKeyExchangeModesExtension$PskKeyExchangeModesConsumer (java.base@21.0.3)
14111:             1             16  sun.security.ssl.PskKeyExchangeModesExtension$PskKeyExchangeModesOnLoadAbsence (java.base@21.0.3)
14112:             1             16  sun.security.ssl.PskKeyExchangeModesExtension$PskKeyExchangeModesOnTradeAbsence (java.base@21.0.3)
14113:             1             16  sun.security.ssl.PskKeyExchangeModesExtension$PskKeyExchangeModesProducer (java.base@21.0.3)
14114:             1             16  sun.security.ssl.PskKeyExchangeModesExtension$PskKeyExchangeModesSpec (java.base@21.0.3)
14115:             1             16  sun.security.ssl.PskKeyExchangeModesExtension$PskKeyExchangeModesStringizer (java.base@21.0.3)
14116:             1             16  sun.security.ssl.RSAKeyExchange$EphemeralRSAPossessionGenerator (java.base@21.0.3)
14117:             1             16  sun.security.ssl.RSAKeyExchange$RSAKAGenerator (java.base@21.0.3)
14118:             1             16  sun.security.ssl.RandomCookie (java.base@21.0.3)
14119:             1             16  sun.security.ssl.RenegoInfoExtension$CHRenegotiationInfoAbsence (java.base@21.0.3)
14120:             1             16  sun.security.ssl.RenegoInfoExtension$CHRenegotiationInfoConsumer (java.base@21.0.3)
14121:             1             16  sun.security.ssl.RenegoInfoExtension$CHRenegotiationInfoProducer (java.base@21.0.3)
14122:             1             16  sun.security.ssl.RenegoInfoExtension$RenegotiationInfoSpec (java.base@21.0.3)
14123:             1             16  sun.security.ssl.RenegoInfoExtension$RenegotiationInfoStringizer (java.base@21.0.3)
14124:             1             16  sun.security.ssl.RenegoInfoExtension$SHRenegotiationInfoAbsence (java.base@21.0.3)
14125:             1             16  sun.security.ssl.RenegoInfoExtension$SHRenegotiationInfoConsumer (java.base@21.0.3)
14126:             1             16  sun.security.ssl.RenegoInfoExtension$SHRenegotiationInfoProducer (java.base@21.0.3)
14127:             1             16  sun.security.ssl.SSLCipher$T12CC20P1305ReadCipherGenerator (java.base@21.0.3)
14128:             1             16  sun.security.ssl.SSLCipher$T12CC20P1305WriteCipherGenerator (java.base@21.0.3)
14129:             1             16  sun.security.ssl.SSLCipher$T13CC20P1305ReadCipherGenerator (java.base@21.0.3)
14130:             1             16  sun.security.ssl.SSLCipher$T13CC20P1305WriteCipherGenerator (java.base@21.0.3)
14131:             1             16  sun.security.ssl.SSLContextImpl$$Lambda/0x00007fcd282d5d38 (java.base@21.0.3)
14132:             1             16  sun.security.ssl.SSLTrafficKeyDerivation$S30TrafficKeyDerivationGenerator (java.base@21.0.3)
14133:             1             16  sun.security.ssl.SSLTrafficKeyDerivation$T10TrafficKeyDerivationGenerator (java.base@21.0.3)
14134:             1             16  sun.security.ssl.SSLTrafficKeyDerivation$T12TrafficKeyDerivationGenerator (java.base@21.0.3)
14135:             1             16  sun.security.ssl.SSLTrafficKeyDerivation$T13TrafficKeyDerivationGenerator (java.base@21.0.3)
14136:             1             16  sun.security.ssl.ServerHello$ServerHelloConsumer (java.base@21.0.3)
14137:             1             16  sun.security.ssl.ServerHello$T12ServerHelloProducer (java.base@21.0.3)
14138:             1             16  sun.security.ssl.ServerHello$T13HelloRetryRequestProducer (java.base@21.0.3)
14139:             1             16  sun.security.ssl.ServerHello$T13HelloRetryRequestReproducer (java.base@21.0.3)
14140:             1             16  sun.security.ssl.ServerHello$T13ServerHelloProducer (java.base@21.0.3)
14141:             1             16  sun.security.ssl.ServerHelloDone$ServerHelloDoneConsumer (java.base@21.0.3)
14142:             1             16  sun.security.ssl.ServerHelloDone$ServerHelloDoneProducer (java.base@21.0.3)
14143:             1             16  sun.security.ssl.ServerKeyExchange$ServerKeyExchangeConsumer (java.base@21.0.3)
14144:             1             16  sun.security.ssl.ServerKeyExchange$ServerKeyExchangeProducer (java.base@21.0.3)
14145:             1             16  sun.security.ssl.ServerNameExtension$CHServerNameConsumer (java.base@21.0.3)
14146:             1             16  sun.security.ssl.ServerNameExtension$CHServerNameProducer (java.base@21.0.3)
14147:             1             16  sun.security.ssl.ServerNameExtension$CHServerNamesStringizer (java.base@21.0.3)
14148:             1             16  sun.security.ssl.ServerNameExtension$EEServerNameConsumer (java.base@21.0.3)
14149:             1             16  sun.security.ssl.ServerNameExtension$EEServerNameProducer (java.base@21.0.3)
14150:             1             16  sun.security.ssl.ServerNameExtension$SHServerNameConsumer (java.base@21.0.3)
14151:             1             16  sun.security.ssl.ServerNameExtension$SHServerNameProducer (java.base@21.0.3)
14152:             1             16  sun.security.ssl.ServerNameExtension$SHServerNamesStringizer (java.base@21.0.3)
14153:             1             16  sun.security.ssl.SessionTicketExtension$SessionTicketStringizer (java.base@21.0.3)
14154:             1             16  sun.security.ssl.SessionTicketExtension$T12CHSessionTicketConsumer (java.base@21.0.3)
14155:             1             16  sun.security.ssl.SessionTicketExtension$T12CHSessionTicketProducer (java.base@21.0.3)
14156:             1             16  sun.security.ssl.SessionTicketExtension$T12SHSessionTicketConsumer (java.base@21.0.3)
14157:             1             16  sun.security.ssl.SessionTicketExtension$T12SHSessionTicketProducer (java.base@21.0.3)
14158:             1             16  sun.security.ssl.SignatureAlgorithmsExtension$CHSignatureSchemesConsumer (java.base@21.0.3)
14159:             1             16  sun.security.ssl.SignatureAlgorithmsExtension$CHSignatureSchemesOnLoadAbsence (java.base@21.0.3)
14160:             1             16  sun.security.ssl.SignatureAlgorithmsExtension$CHSignatureSchemesOnTradeAbsence (java.base@21.0.3)
14161:             1             16  sun.security.ssl.SignatureAlgorithmsExtension$CHSignatureSchemesProducer (java.base@21.0.3)
14162:             1             16  sun.security.ssl.SignatureAlgorithmsExtension$CHSignatureSchemesUpdate (java.base@21.0.3)
14163:             1             16  sun.security.ssl.SignatureAlgorithmsExtension$CRSignatureSchemesAbsence (java.base@21.0.3)
14164:             1             16  sun.security.ssl.SignatureAlgorithmsExtension$CRSignatureSchemesConsumer (java.base@21.0.3)
14165:             1             16  sun.security.ssl.SignatureAlgorithmsExtension$CRSignatureSchemesProducer (java.base@21.0.3)
14166:             1             16  sun.security.ssl.SignatureAlgorithmsExtension$CRSignatureSchemesUpdate (java.base@21.0.3)
14167:             1             16  sun.security.ssl.SignatureAlgorithmsExtension$SignatureSchemesStringizer (java.base@21.0.3)
14168:             1             16  sun.security.ssl.SupportedGroupsExtension$CHSupportedGroupsConsumer (java.base@21.0.3)
14169:             1             16  sun.security.ssl.SupportedGroupsExtension$CHSupportedGroupsOnTradeAbsence (java.base@21.0.3)
14170:             1             16  sun.security.ssl.SupportedGroupsExtension$CHSupportedGroupsProducer (java.base@21.0.3)
14171:             1             16  sun.security.ssl.SupportedGroupsExtension$EESupportedGroupsConsumer (java.base@21.0.3)
14172:             1             16  sun.security.ssl.SupportedGroupsExtension$EESupportedGroupsProducer (java.base@21.0.3)
14173:             1             16  sun.security.ssl.SupportedGroupsExtension$SupportedGroupsStringizer (java.base@21.0.3)
14174:             1             16  sun.security.ssl.SupportedVersionsExtension$CHSupportedVersionsConsumer (java.base@21.0.3)
14175:             1             16  sun.security.ssl.SupportedVersionsExtension$CHSupportedVersionsProducer (java.base@21.0.3)
14176:             1             16  sun.security.ssl.SupportedVersionsExtension$CHSupportedVersionsStringizer (java.base@21.0.3)
14177:             1             16  sun.security.ssl.SupportedVersionsExtension$HRRSupportedVersionsConsumer (java.base@21.0.3)
14178:             1             16  sun.security.ssl.SupportedVersionsExtension$HRRSupportedVersionsProducer (java.base@21.0.3)
14179:             1             16  sun.security.ssl.SupportedVersionsExtension$HRRSupportedVersionsReproducer (java.base@21.0.3)
14180:             1             16  sun.security.ssl.SupportedVersionsExtension$SHSupportedVersionsConsumer (java.base@21.0.3)
14181:             1             16  sun.security.ssl.SupportedVersionsExtension$SHSupportedVersionsProducer (java.base@21.0.3)
14182:             1             16  sun.security.ssl.XDHKeyExchange$XDHEKAGenerator (java.base@21.0.3)
14183:             1             16  sun.security.util.ByteArrayLexOrder (java.base@21.0.3)
14184:             1             16  sun.security.util.ByteArrayTagOrder (java.base@21.0.3)
14185:             1             16  sun.security.util.KeyStoreDelegator$$Lambda/0x00007fcd282d2ef8 (java.base@21.0.3)
14186:             1             16  sun.security.util.ManifestDigester$$Lambda/0x00007fcd28260430 (java.base@21.0.3)
14187:             1             16  sun.security.util.math.IntegerModuloP$MultiplicativeInverser$Secp256R1 (java.base@21.0.3)
14188:             1             16  sun.security.x509.X500Name$$Lambda/0x00007fcd28264700 (java.base@21.0.3)
14189:             1             16  sun.util.calendar.Gregorian (java.base@21.0.3)
14190:             1             16  sun.util.locale.InternalLocaleBuilder$CaseInsensitiveChar (java.base@21.0.3)
14191:             1             16  sun.util.locale.provider.AuxLocaleProviderAdapter$$Lambda/0x00007fcd281520f0 (java.base@21.0.3)
14192:             1             16  sun.util.locale.provider.AuxLocaleProviderAdapter$NullProvider (java.base@21.0.3)
14193:             1             16  sun.util.locale.provider.CalendarDataUtility$CalendarWeekParameterGetter (java.base@21.0.3)
14194:             1             16  sun.util.locale.provider.LocaleProviderAdapter$$Lambda/0x80000006d (java.base@21.0.3)
14195:             1             16  sun.util.locale.provider.LocaleProviderAdapter$$Lambda/0x80000006e (java.base@21.0.3)
14196:             1             16  sun.util.locale.provider.SPILocaleProviderAdapter (java.base@21.0.3)
14197:             1             16  sun.util.locale.provider.SPILocaleProviderAdapter$CalendarDataProviderDelegate (java.base@21.0.3)
14198:             1             16  sun.util.logging.internal.LoggingProviderImpl (java.logging@21.0.3)
14199:             1             16  sun.util.resources.LocaleData (java.base@21.0.3)
14200:             1             16  sun.util.resources.LocaleData$LocaleDataStrategy (java.base@21.0.3)
Total      33292899    29206942288
