 num     #instances         #bytes  class name (module)
-------------------------------------------------------
   1:        167833     6981996128  [Ljava.lang.Object; (java.base@21.0.3)
   2:         12871      755382848  [Ljdk.internal.vm.FillerElement; (java.base@21.0.3)
   3:       5479445      284616768  [B (java.base@21.0.3)
   4:        632048      148155480  [J (java.base@21.0.3)
   5:       3581650       85959600  java.lang.String (java.base@21.0.3)
   6:       2520646       80660672  java.util.HashMap$Node (java.base@21.0.3)
   7:       1997093       79883720  org.opensearch.search.aggregations.metrics.InternalMax
   8:       1648756       65950240  java.util.TreeMap$Entry (java.base@21.0.3)
   9:       1997093       63906976  org.opensearch.search.aggregations.bucket.BucketsAggregator$1
  10:       1997094       47930256  org.opensearch.search.aggregations.InternalAggregations
  11:        471167       33924024  org.apache.lucene.index.FieldInfo
  12:        526932       33723648  org.apache.lucene.store.MemorySegmentIndexInput$SingleSegmentImpl
  13:       1179770       28314480  org.apache.lucene.util.BytesRef
  14:        182509       26727160  [Ljava.util.HashMap$Node; (java.base@21.0.3)
  15:        526932       21077280  jdk.internal.foreign.MappedMemorySegmentImpl (java.base@21.0.3)
  16:        291050       20955600  org.apache.lucene.codecs.lucene90.blocktree.FieldReader
  17:        407708       19569984  java.util.HashMap (java.base@21.0.3)
  18:        156862       17568544  org.apache.lucene.codecs.lucene90.Lucene90DocValuesProducer$SortedNumericEntry
  19:        345382       16578336  java.util.TreeMap (java.base@21.0.3)
  20:        144417       15019368  org.apache.lucene.codecs.lucene90.Lucene90DocValuesProducer$TermsDictEntry
  21:        162456       14296128  org.apache.lucene.codecs.lucene90.Lucene90DocValuesProducer$NumericEntry
  22:        291053       13970544  org.apache.lucene.util.fst.FST$FSTMetadata
  23:        423122       13539904  java.util.Collections$UnmodifiableMap (java.base@21.0.3)
  24:        407031       13024992  java.util.concurrent.atomic.LongAdder (java.base@21.0.3)
  25:        526932       12646368  [Ljava.lang.foreign.MemorySegment; (java.base@21.0.3)
  26:        301461       12058440  org.apache.lucene.util.packed.DirectMonotonicReader$Meta
  27:        160524       10273536  org.apache.lucene.util.bkd.BKDReader
  28:        291050        9313600  org.apache.lucene.util.fst.OffHeapFSTStore
  29:             2        8032936  [Lorg.opensearch.search.aggregations.InternalAggregation;
  30:             1        7988392  [Lorg.opensearch.search.aggregations.InternalAggregations;
  31:         26770        7650288  [I (java.base@21.0.3)
  32:        301472        7574864  [F (java.base@21.0.3)
  33:        291053        6985272  org.apache.lucene.util.fst.FST
  34:        138927        6668496  org.apache.lucene.codecs.lucene90.Lucene90NormsProducer$NormsEntry
  35:        160524        6420960  org.apache.lucene.util.bkd.BKDConfig
  36:        253618        6086832  org.opensearch.common.util.concurrent.ReleasableLock
  37:        126558        6074784  java.util.concurrent.locks.ReentrantReadWriteLock$NonfairSync (java.base@21.0.3)
  38:        114925        4597000  org.opensearch.search.aggregations.bucket.histogram.InternalDateHistogram$Bucket
  39:         52136        4189056  [Ljava.util.WeakHashMap$Entry; (java.base@21.0.3)
  40:        125184        4005888  org.opensearch.common.cache.Cache$CacheSegment
  41:         12252        3995632  [Lorg.apache.lucene.index.FieldInfo;
  42:         36774        3824496  org.apache.lucene.index.SegmentCommitInfo
  43:         32338        3821272  java.lang.Class (java.base@21.0.3)
  44:        144417        3466008  org.apache.lucene.codecs.lucene90.Lucene90DocValuesProducer$SortedSetEntry
  45:        144000        3456000  org.apache.lucene.codecs.lucene90.Lucene90DocValuesProducer$SortedEntry
  46:        105518        3376576  java.util.concurrent.ConcurrentHashMap$Node (java.base@21.0.3)
  47:         15960        3307848  [C (java.base@21.0.3)
  48:        126105        3026520  java.util.concurrent.locks.ReentrantReadWriteLock (java.base@21.0.3)
  49:        125184        3004416  org.opensearch.common.cache.Cache$CacheSegment$SegmentStats
  50:         87341        2794912  org.apache.lucene.codecs.lucene90.Lucene90CompoundReader$FileEntry
  51:         47409        2654904  org.apache.lucene.document.FieldType
  52:         78650        2516800  java.util.concurrent.locks.ReentrantLock$NonfairSync (java.base@21.0.3)
  53:         52086        2500128  java.util.WeakHashMap (java.base@21.0.3)
  54:         58475        2339000  java.util.LinkedHashMap$Entry (java.base@21.0.3)
  55:        126562        2024992  java.util.concurrent.locks.ReentrantReadWriteLock$ReadLock (java.base@21.0.3)
  56:        126562        2024992  java.util.concurrent.locks.ReentrantReadWriteLock$Sync$ThreadLocalHoldCounter (java.base@21.0.3)
  57:        126562        2024992  java.util.concurrent.locks.ReentrantReadWriteLock$WriteLock (java.base@21.0.3)
  58:        122055        1952880  java.lang.ThreadLocal (java.base@21.0.3)
  59:         26862        1719168  java.util.LinkedHashMap (java.base@21.0.3)
  60:         52180        1669760  java.lang.ref.ReferenceQueue (java.base@21.0.3)
  61:        100669        1610704  java.lang.Object (java.base@21.0.3)
  62:         64295        1543080  java.util.ArrayList (java.base@21.0.3)
  63:         16970        1493360  java.lang.reflect.Method (java.base@21.0.3)
  64:         86652        1386432  java.util.concurrent.atomic.AtomicInteger (java.base@21.0.3)
  65:         53229        1277496  java.util.concurrent.locks.AbstractQueuedSynchronizer$ConditionObject (java.base@21.0.3)
  66:         39402        1260864  org.apache.lucene.util.Version
  67:         78606        1257696  java.util.concurrent.locks.ReentrantLock (java.base@21.0.3)
  68:         39258        1256256  org.opensearch.common.settings.Setting$Updater
  69:         18310        1171840  org.apache.lucene.index.SegmentInfo
  70:         27088        1083520  java.util.WeakHashMap$Entry (java.base@21.0.3)
  71:         67291        1076656  java.util.HashSet (java.base@21.0.3)
  72:         22068        1059264  java.lang.invoke.MemberName (java.base@21.0.3)
  73:          2660        1035232  [Ljava.util.concurrent.ConcurrentHashMap$Node; (java.base@21.0.3)
  74:         18947         909456  org.apache.lucene.index.LeafReaderContext
  75:         28070         898240  java.lang.invoke.LambdaForm$Name (java.base@21.0.3)
  76:         37279         894696  org.apache.lucene.util.packed.DirectReader$DirectPackedReader8
  77:         55388         886208  java.util.HashMap$Values (java.base@21.0.3)
  78:         22060         882400  org.opensearch.index.analysis.NamedAnalyzer
  79:         36292         871008  java.util.Collections$UnmodifiableRandomAccessList (java.base@21.0.3)
  80:         51483         823728  java.util.Collections$UnmodifiableCollection (java.base@21.0.3)
  81:         33655         807720  org.apache.lucene.util.packed.DirectReader$DirectPackedReader20
  82:         49701         795216  java.util.HashMap$KeySet (java.base@21.0.3)
  83:         10566         760752  io.netty.buffer.PoolSubpage
  84:         12553         702968  org.opensearch.search.aggregations.bucket.terms.StringTerms$Bucket
  85:         28132         675168  org.apache.logging.log4j.message.ReusableMessageFactory
  86:         27606         662544  org.apache.lucene.util.FileDeleter$RefCount
  87:         27544         661056  org.apache.lucene.index.FieldInfos$FieldDimensions
  88:         27544         661056  org.apache.lucene.index.FieldInfos$FieldVectorProperties
  89:         41216         659456  java.util.TreeMap$EntrySet (java.base@21.0.3)
  90:         20136         644352  java.util.ImmutableCollections$Map1 (java.base@21.0.3)
  91:         23557         630392  [Ljava.lang.Class; (java.base@21.0.3)
  92:         12283         629752  [Lorg.apache.lucene.util.LongValues;
  93:         25390         609360  org.apache.lucene.util.CloseableThreadLocal
  94:          8455         608760  org.opensearch.index.mapper.TextFieldMapper
  95:         12268         588864  org.apache.lucene.util.packed.DirectMonotonicReader
  96:         18353         587296  java.util.ImmutableCollections$MapN (java.base@21.0.3)
  97:         24345         584280  org.apache.lucene.analysis.DelegatingAnalyzerWrapper$DelegatingReuseStrategy
  98:         14248         569920  java.io.FileDescriptor (java.base@21.0.3)
  99:          8655         553920  org.opensearch.index.mapper.KeywordFieldMapper
 100:         17113         547616  org.opensearch.index.mapper.TextSearchInfo
 101:          8431         539584  java.util.concurrent.ConcurrentHashMap (java.base@21.0.3)
 102:          6105         537240  org.apache.lucene.codecs.lucene90.compressing.FieldsIndexReader
 103:          6105         537240  org.apache.lucene.codecs.lucene90.compressing.Lucene90CompressingStoredFieldsReader
 104:           544         532224  [Ljava.nio.ByteBuffer; (java.base@21.0.3)
 105:         13069         522760  java.lang.invoke.MethodType (java.base@21.0.3)
 106:         21518         516432  org.opensearch.common.Explicit
 107:         21430         514320  java.util.concurrent.atomic.AtomicLong (java.base@21.0.3)
 108:           489         508560  [Lorg.opensearch.common.cache.Cache$CacheSegment;
 109:         15825         506400  org.opensearch.common.collect.CopyOnWriteHashMap$InnerNode
 110:          6253         500240  org.apache.lucene.index.SegmentReader
 111:         30287         484592  org.opensearch.index.mapper.FieldMapper$MultiFields
 112:         19763         474312  java.util.Collections$SynchronizedSet (java.base@21.0.3)
 113:          9881         474288  sun.nio.ch.FileChannelImpl$DefaultUnmapper (java.base@21.0.3)
 114:         19703         472872  java.util.Collections$SingletonList (java.base@21.0.3)
 115:          9468         454464  org.opensearch.painless.lookup.PainlessClass
 116:          7976         446656  org.opensearch.index.mapper.NumberFieldMapper
 117:          6105         439560  org.apache.lucene.index.SegmentCoreReaders
 118:         13464         430848  java.lang.invoke.MethodType$ConcurrentWeakInternSet$WeakEntry (java.base@21.0.3)
 119:         26366         421856  java.util.HashMap$EntrySet (java.base@21.0.3)
 120:          8655         415440  org.opensearch.index.mapper.KeywordFieldMapper$KeywordFieldType
 121:          7049         410776  [Ljava.lang.String; (java.base@21.0.3)
 122:          6412         410368  org.opensearch.cluster.routing.ShardRouting
 123:          8455         405840  org.opensearch.index.mapper.TextFieldMapper$TextFieldType
 124:         12344         395008  org.opensearch.common.logging.PrefixLogger
 125:         16385         393240  java.util.Collections$SetFromMap (java.base@21.0.3)
 126:          7976         382848  org.opensearch.index.mapper.NumberFieldMapper$NumberFieldType
 127:          2750         374000  org.opensearch.cluster.metadata.IndexMetadata
 128:         15334         368016  java.lang.invoke.ResolvedMethodName (java.base@21.0.3)
 129:         14722         353328  org.apache.lucene.util.packed.DirectReader$DirectPackedReader16
 130:           640         348160  io.netty.util.internal.shaded.org.jctools.queues.atomic.MpscAtomicArrayQueue
 131:          6105         341880  org.apache.lucene.codecs.lucene90.compressing.Lucene90CompressingStoredFieldsReader$BlockState
 132:          6105         341880  org.apache.lucene.index.ReadersAndUpdates
 133:         14105         338520  org.apache.logging.log4j.message.DefaultFlowMessageFactory
 134:          1404         334968  [Z (java.base@21.0.3)
 135:         13907         333768  java.util.Arrays$ArrayList (java.base@21.0.3)
 136:          4339         312408  java.lang.reflect.Field (java.base@21.0.3)
 137:          6126         294048  org.apache.lucene.index.FieldInfos
 138:          6111         293328  org.apache.lucene.codecs.lucene90.Lucene90DocValuesProducer
 139:          6101         292848  org.apache.lucene.index.PendingSoftDeletes
 140:         17076         273216  org.opensearch.common.metrics.CounterMetric
 141:         16755         268080  java.util.LinkedHashSet (java.base@21.0.3)
 142:          3200         256000  org.opensearch.cluster.routing.IndexShardRoutingTable
 143:          7986         255552  java.lang.ThreadLocal$ThreadLocalMap$Entry (java.base@21.0.3)
 144:          3500         252000  java.util.concurrent.ScheduledThreadPoolExecutor$ScheduledFutureTask (java.base@21.0.3)
 145:          6293         251720  java.lang.invoke.DirectMethodHandle (java.base@21.0.3)
 146:           855         251200  [[C (java.base@21.0.3)
 147:          6106         244240  org.apache.lucene.codecs.lucene90.blocktree.Lucene90BlockTreeTermsReader
 148:          6101         244040  org.opensearch.common.lucene.index.OpenSearchLeafReader
 149:          6018         240720  org.apache.lucene.codecs.lucene90.Lucene90NormsProducer
 150:          9881         237144  jdk.internal.foreign.SharedSession (java.base@21.0.3)
 151:          9881         237144  sun.nio.ch.FileChannelImpl$1 (java.base@21.0.3)
 152:            65         236656  [S (java.base@21.0.3)
 153:          2786         235296  [Ljava.lang.invoke.LambdaForm$Name; (java.base@21.0.3)
 154:         14672         234752  java.util.Collections$UnmodifiableSet (java.base@21.0.3)
 155:          4881         234288  jdk.internal.ref.CleanerImpl$PhantomCleanableRef (java.base@21.0.3)
 156:         14358         229728  java.util.WeakHashMap$KeySet (java.base@21.0.3)
 157:          4732         227136  java.lang.invoke.DirectMethodHandle$Constructor (java.base@21.0.3)
 158:          9302         223248  java.util.concurrent.CopyOnWriteArrayList (java.base@21.0.3)
 159:          3299         211136  sun.nio.ch.FileChannelImpl (java.base@21.0.3)
 160:          8686         208464  org.apache.lucene.util.packed.DirectReader$DirectPackedReader12
 161:          3247         207808  java.lang.Class$ReflectionData (java.base@21.0.3)
 162:          3246         207744  java.security.Provider$Service (java.base@21.0.3)
 163:         12815         205040  org.apache.lucene.index.IndexReader$CacheKey
 164:         12240         195840  java.util.concurrent.atomic.AtomicReference (java.base@21.0.3)
 165:          6111         195552  org.apache.lucene.index.SegmentDocValues$1
 166:          6105         195360  org.apache.lucene.index.LeafMetaData
 167:          6105         195360  org.apache.lucene.index.PendingDeletes
 168:          6105         195360  org.apache.lucene.index.SegmentCoreReaders$1
 169:          6105         195360  org.apache.lucene.index.SegmentCoreReaders$2
 170:          6101         195232  org.apache.lucene.codecs.lucene90.Lucene90PointsReader
 171:          6101         195232  org.apache.lucene.index.SegmentReadState
 172:          4838         193520  java.lang.invoke.BoundMethodHandle$Species_LL (java.base@21.0.3)
 173:          6042         193344  org.apache.lucene.backward_codecs.lucene90.Lucene90PostingsReader
 174:          4606         184240  java.lang.invoke.BoundMethodHandle$Species_L (java.base@21.0.3)
 175:          2475         178200  java.lang.reflect.Constructor (java.base@21.0.3)
 176:          3178         177968  org.apache.lucene.store.NIOFSDirectory$NIOFSIndexInput
 177:          4439         177560  java.lang.ref.SoftReference (java.base@21.0.3)
 178:          7366         176784  org.opensearch.core.index.Index
 179:          7328         175872  org.apache.lucene.index.ApproximatePriorityQueue
 180:          5474         175168  org.apache.lucene.codecs.lucene90.Lucene90CompoundReader
 181:          3648         175104  org.apache.logging.log4j.message.ReusableParameterizedMessage
 182:          3087         172872  java.nio.HeapByteBuffer (java.base@21.0.3)
 183:          7124         170976  java.util.LinkedList$Node (java.base@21.0.3)
 184:          5276         168832  java.util.Hashtable$Entry (java.base@21.0.3)
 185:          6997         167928  java.security.Provider$ServiceKey (java.base@21.0.3)
 186:          2910         167736  [Ljava.lang.reflect.Method; (java.base@21.0.3)
 187:         10303         164848  java.util.concurrent.atomic.AtomicBoolean (java.base@21.0.3)
 188:          6865         164760  org.opensearch.common.metrics.MeanMetric
 189:          5065         162080  sun.nio.fs.UnixPath (java.base@21.0.3)
 190:          1828         160864  org.opensearch.index.codec.PerFieldMappingPostingFormatCodec
 191:          9881         158096  jdk.internal.foreign.MemorySessionImpl$1 (java.base@21.0.3)
 192:          9881         158096  jdk.internal.foreign.SharedSession$SharedResourceList (java.base@21.0.3)
 193:          9589         153424  org.opensearch.cluster.routing.RotationShardShuffler
 194:          6253         150072  org.apache.lucene.index.SegmentReader$1
 195:          6111         146664  org.apache.lucene.codecs.perfield.PerFieldDocValuesFormat$FieldsReader
 196:          6105         146520  org.apache.lucene.codecs.lucene90.LZ4WithPresetDictCompressionMode$LZ4WithPresetDictDecompressor
 197:          6105         146520  org.apache.lucene.codecs.perfield.PerFieldPostingsFormat$FieldsReader
 198:          6105         146520  org.apache.lucene.index.SegmentCoreReaders$3
 199:          5995         143880  org.opensearch.common.recycler.DequeRecycler$DV
 200:          5995         143880  org.opensearch.common.recycler.Recyclers$1$1
 201:          5954         142896  org.opensearch.cluster.routing.AllocationId
 202:          8850         141600  org.opensearch.common.SetOnce
 203:          2199         140736  java.net.URL (java.base@21.0.3)
 204:           459         139536  org.opensearch.index.IndexSettings
 205:           457         135272  org.opensearch.index.shard.IndexShard
 206:          2781         133488  java.lang.invoke.LambdaForm (java.base@21.0.3)
 207:          1830         131760  org.apache.lucene.index.SegmentInfos
 208:          5462         131088  org.opensearch.cluster.metadata.IndexAbstraction$Index
 209:          1715         130296  [Ljava.lang.ref.SoftReference; (java.base@21.0.3)
 210:          5417         130008  org.opensearch.common.unit.TimeValue
 211:          3043         121720  jdk.nio.zipfs.ZipFileSystem$IndexNode (jdk.zipfs@21.0.3)
 212:          1374         120912  java.util.regex.Pattern (java.base@21.0.3)
 213:          3719         119008  java.util.Collections$UnmodifiableSortedMap (java.base@21.0.3)
 214:          3715         118880  org.opensearch.common.settings.Settings
 215:          4911         117864  org.opensearch.common.inject.Key
 216:          2818         112720  org.opensearch.painless.lookup.PainlessMethod
 217:          2811         112440  org.opensearch.painless.spi.WhitelistMethod
 218:          3510         112320  org.opensearch.common.util.concurrent.ThreadContext$$Lambda/0x00007fcd285478f8
 219:          2742         109680  [Lorg.opensearch.index.mapper.MetadataFieldMapper;
 220:          6714         107424  java.util.concurrent.CopyOnWriteArraySet (java.base@21.0.3)
 221:          6555         104880  java.util.Collections$UnmodifiableMap$UnmodifiableEntrySet (java.base@21.0.3)
 222:          3260         104320  org.opensearch.common.inject.spi.Dependency
 223:          3189         102048  org.opensearch.cluster.routing.IndexRoutingTable
 224:          4183         100392  java.lang.invoke.LambdaForm$NamedFunction (java.base@21.0.3)
 225:          6253         100048  org.apache.lucene.index.SegmentReader$2
 226:          4168         100032  java.util.regex.Pattern$Slice (java.base@21.0.3)
 227:           458          98928  org.apache.lucene.index.IndexWriter
 228:           457          98712  org.opensearch.index.engine.InternalEngine
 229:          6105          97680  org.apache.lucene.index.SegmentDocValues
 230:          4063          97512  org.opensearch.common.inject.TypeLiteral
 231:          3040          97280  java.util.LinkedList (java.base@21.0.3)
 232:          1979          94992  java.lang.invoke.LambdaFormEditor$Transform (java.base@21.0.3)
 233:           615          93480  sun.security.ssl.SSLSessionImpl (java.base@21.0.3)
 234:          2913          93216  org.tartarus.snowball.Among
 235:           457          91400  org.opensearch.index.IndexService
 236:          2821          90272  org.opensearch.common.collect.CopyOnWriteHashMap
 237:           656          89216  sun.nio.fs.UnixFileAttributes (java.base@21.0.3)
 238:          3671          88104  org.opensearch.core.index.shard.ShardId
 239:          3662          87888  org.opensearch.common.compress.CompressedXContent
 240:          5477          87632  java.util.jar.Attributes (java.base@21.0.3)
 241:          3648          87552  org.apache.logging.log4j.message.ParameterFormatter$MessagePatternAnalysis
 242:          3526          84624  java.util.regex.Pattern$GroupTail (java.base@21.0.3)
 243:          3519          84456  java.util.regex.Pattern$GroupHead (java.base@21.0.3)
 244:          3476          83424  java.util.concurrent.Executors$RunnableAdapter (java.base@21.0.3)
 245:          3437          82488  java.util.ArrayDeque (java.base@21.0.3)
 246:           210          82336  [Ljava.lang.ThreadLocal$ThreadLocalMap$Entry; (java.base@21.0.3)
 247:          3415          81960  org.opensearch.threadpool.ThreadPool$ThreadedRunnable
 248:          3299          79176  sun.nio.ch.NativeThreadSet (java.base@21.0.3)
 249:          1641          78768  org.opensearch.common.inject.internal.InstanceBindingImpl
 250:          1396          78176  io.netty.channel.DefaultChannelHandlerContext
 251:          1423          76552  [Lorg.opensearch.search.aggregations.bucket.terms.StringTerms$Bucket;
 252:          3167          76008  sun.reflect.generics.tree.SimpleClassTypeSignature (java.base@21.0.3)
 253:          3140          75360  java.util.regex.Pattern$BmpCharProperty (java.base@21.0.3)
 254:          1848          73920  org.apache.lucene.codecs.lucene90.Lucene90TermVectorsFormat
 255:          4619          73904  org.opensearch.common.SetOnce$Wrapper
 256:          1536          73728  io.netty.buffer.PoolChunkList
 257:          3001          72024  org.opensearch.common.util.concurrent.ThreadContext$ContextPreservingRunnable
 258:          1771          70840  java.io.FilePermission (java.base@21.0.3)
 259:           679          70616  java.util.jar.JarFile$JarFileEntry (java.base@21.0.3)
 260:          2884          69216  org.apache.lucene.util.packed.DirectReader$DirectPackedReader4
 261:          4318          69088  java.lang.Integer (java.base@21.0.3)
 262:          1710          68400  org.apache.logging.log4j.core.Logger$PrivateConfig
 263:           474          68256  org.opensearch.index.translog.TranslogWriter
 264:          2827          67848  org.opensearch.common.inject.SingleParameterInjector
 265:           919          66168  org.apache.lucene.index.TieredMergePolicy
 266:          2732          65568  org.opensearch.cluster.metadata.MappingMetadata
 267:          1983          63456  sun.security.util.ObjectIdentifier (java.base@21.0.3)
 268:           458          62288  org.apache.lucene.index.DocumentsWriterFlushControl
 269:           457          62152  org.opensearch.index.seqno.ReplicationTracker
 270:          3167          61256  [Lsun.reflect.generics.tree.TypeArgument; (java.base@21.0.3)
 271:          1907          61024  org.apache.lucene.search.TermQuery
 272:          3787          60592  java.util.TreeMap$KeySet (java.base@21.0.3)
 273:           284          59840  [Lio.netty.buffer.PoolSubpage;
 274:          1476          59040  org.opensearch.common.settings.Setting
 275:          2457          58968  org.opensearch.core.common.unit.ByteSizeValue
 276:          3677          58832  org.apache.lucene.codecs.lucene90.Lucene90DocValuesFormat
 277:          1835          58720  org.apache.lucene.codecs.lucene99.Lucene99HnswVectorsFormat
 278:           457          58496  org.opensearch.index.engine.EngineConfig
 279:           914          58496  org.opensearch.index.mapper.RootObjectMapper
 280:          1820          58240  java.util.RegularEnumSet (java.base@21.0.3)
 281:          1800          57600  java.lang.Package (java.base@21.0.3)
 282:           871          55744  org.opensearch.search.aggregations.bucket.histogram.InternalDateHistogram
 283:          2090          55168  [Ljava.lang.reflect.Field; (java.base@21.0.3)
 284:           458          54960  org.apache.lucene.index.IndexWriterConfig
 285:           457          54840  org.opensearch.index.engine.InternalEngine$EngineMergeScheduler
 286:          1710          54720  org.apache.logging.log4j.core.Logger
 287:          1135          54480  java.lang.StackTraceElement (java.base@21.0.3)
 288:          1339          53560  java.lang.Package$VersionInfo (java.base@21.0.3)
 289:          2228          53472  java.util.jar.Attributes$Name (java.base@21.0.3)
 290:          2212          53088  javax.crypto.spec.SecretKeySpec (java.base@21.0.3)
 291:          3299          52784  sun.nio.ch.FileChannelImpl$Closer (java.base@21.0.3)
 292:           656          52480  java.util.zip.ZipFile$Source (java.base@21.0.3)
 293:           798          51072  javax.crypto.Cipher (java.base@21.0.3)
 294:           905          50680  java.lang.invoke.DirectMethodHandle$StaticAccessor (java.base@21.0.3)
 295:          3154          50464  sun.reflect.generics.tree.ClassTypeSignature (java.base@21.0.3)
 296:          1219          48760  java.math.BigInteger (java.base@21.0.3)
 297:          1218          48720  java.security.CodeSource (java.base@21.0.3)
 298:          1002          48096  org.apache.lucene.analysis.tokenattributes.PackedTokenAttributeImpl
 299:          1201          48040  sun.security.util.DerInputStream (java.base@21.0.3)
 300:           993          47664  org.opensearch.index.mapper.ObjectMapper
 301:          2959          47344  org.opensearch.threadpool.ScheduledCancellableAdapter
 302:          1965          47160  java.util.regex.Pattern$BmpCharPropertyGreedy (java.base@21.0.3)
 303:          1173          46920  io.netty.buffer.PoolThreadCache$MemoryRegionCache$Entry
 304:          1450          46400  java.lang.ref.WeakReference (java.base@21.0.3)
 305:          1925          46200  org.apache.lucene.index.Term
 306:          2855          45680  org.opensearch.common.logging.DeprecationLogger
 307:           711          45504  java.util.zip.Inflater (java.base@21.0.3)
 308:          2842          45472  java.nio.channels.spi.AbstractInterruptibleChannel$1 (java.base@21.0.3)
 309:           399          44688  io.netty.handler.ssl.SslHandler
 310:           399          44688  org.opensearch.transport.CopyBytesSocketChannel
 311:           399          44688  sun.nio.ch.SocketChannelImpl (java.base@21.0.3)
 312:          1393          44576  java.util.concurrent.Semaphore$NonfairSync (java.base@21.0.3)
 313:          1106          44240  java.util.IdentityHashMap (java.base@21.0.3)
 314:          1103          44120  org.opensearch.ingest.useragent.UserAgentParser$UserAgentSubpattern
 315:           919          44112  org.opensearch.common.util.MovingAverage
 316:          1836          44064  org.apache.lucene.codecs.lucene99.Lucene99PostingsFormat
 317:          1835          44040  org.apache.lucene.codecs.lucene99.Lucene99Codec$1
 318:          1835          44040  org.apache.lucene.codecs.lucene99.Lucene99Codec$2
 319:          1835          44040  org.apache.lucene.codecs.lucene99.Lucene99Codec$3
 320:          1372          43904  java.util.regex.Pattern$Branch (java.base@21.0.3)
 321:          1828          43872  org.opensearch.index.codec.fuzzy.FuzzySetParameters
 322:           914          43872  org.opensearch.index.mapper.DocumentMapper
 323:          1371          43872  org.opensearch.index.mapper.MapperService$MapperAnalyzerWrapper
 324:          1802          43248  java.util.LinkedHashMap$LinkedValues (java.base@21.0.3)
 325:          1372          42888  [Ljava.util.regex.Pattern$Node; (java.base@21.0.3)
 326:          2677          42832  java.util.regex.Pattern$$Lambda/0x80000002a (java.base@21.0.3)
 327:          1725          41400  java.security.Provider$UString (java.base@21.0.3)
 328:           194          41184  [Ljava.lang.invoke.MethodHandle; (java.base@21.0.3)
 329:           457          40216  org.opensearch.index.SearchSlowLog
 330:           457          40216  org.opensearch.security.configuration.SecurityFlsDlsIndexSearcherWrapper
 331:          1636          39264  java.lang.RuntimePermission (java.base@21.0.3)
 332:           489          39120  org.opensearch.common.cache.Cache
 333:          1201          38432  sun.security.util.DerValue (java.base@21.0.3)
 334:           531          38232  org.apache.lucene.analysis.standard.StandardTokenizerImpl
 335:           948          37920  org.opensearch.index.seqno.RetentionLease
 336:           663          37128  java.io.FileCleanable (java.base@21.0.3)
 337:          1546          37104  org.apache.logging.log4j.MarkerManager$Log4jMarker
 338:          1540          36960  java.util.concurrent.ConcurrentHashMap$KeySetView (java.base@21.0.3)
 339:           656          36736  java.util.jar.JarFile (java.base@21.0.3)
 340:           458          36640  [Ljava.util.concurrent.locks.Lock; (java.base@21.0.3)
 341:           458          36640  [Lorg.apache.lucene.index.ApproximatePriorityQueue;
 342:           914          36560  org.opensearch.index.mapper.Mapping
 343:           914          36560  org.opensearch.index.mapper.MappingLookup
 344:           457          36560  org.opensearch.index.translog.LocalTranslog
 345:            24          36352  [Ljava.util.Hashtable$Entry; (java.base@21.0.3)
 346:          1511          36264  java.util.concurrent.ConcurrentLinkedQueue$Node (java.base@21.0.3)
 347:           399          35112  sun.security.ssl.TransportContext (java.base@21.0.3)
 348:           871          34840  com.fasterxml.jackson.databind.introspect.AnnotatedMethod
 349:           859          34360  org.jcodings.unicode.UnicodeCodeRange
 350:           857          34280  org.opensearch.common.path.PathTrie$TrieNode
 351:          1068          34176  java.lang.invoke.MethodTypeForm (java.base@21.0.3)
 352:           474          34128  org.opensearch.index.translog.Checkpoint
 353:           531          33984  org.apache.lucene.analysis.standard.StandardTokenizer
 354:          1054          33728  io.netty.util.internal.LongAdderCounter
 355:           462          33664  [Lorg.apache.lucene.index.LeafReader;
 356:           461          33544  [Lorg.apache.lucene.index.IndexReaderContext;
 357:           459          33048  org.apache.lucene.index.DocumentsWriterDeleteQueue
 358:           457          32952  [Lorg.apache.lucene.index.SegmentReader;
 359:           457          32904  org.apache.lucene.analysis.miscellaneous.FingerprintFilter
 360:           457          32904  org.apache.lucene.index.StandardDirectoryReader
 361:           457          32904  org.opensearch.common.lucene.index.OpenSearchDirectoryReader
 362:           457          32904  org.opensearch.index.IndexModule
 363:           457          32904  org.opensearch.index.search.stats.ShardSearchStats$StatsHolder
 364:             1          32792  [Lkotlinx.coroutines.scheduling.CoroutineScheduler$Worker;
 365:           810          32400  org.opensearch.indices.replication.common.ReplicationLuceneIndex$FileMetadata
 366:           802          32080  java.lang.invoke.DirectMethodHandle$Special (java.base@21.0.3)
 367:           798          31920  io.netty.handler.ssl.SslHandler$LazyChannelPromise
 368:           399          31920  sun.security.ssl.SSLConfiguration (java.base@21.0.3)
 369:           656          31488  jdk.internal.loader.URLClassPath$JarLoader (java.base@21.0.3)
 370:          1311          31464  java.util.concurrent.CompletableFuture (java.base@21.0.3)
 371:           704          31032  [Ljava.security.ProtectionDomain; (java.base@21.0.3)
 372:          1911          30576  java.util.AbstractMap$2 (java.base@21.0.3)
 373:          1274          30576  org.opensearch.cluster.node.DiscoveryNodeFilters
 374:           626          30048  com.sun.crypto.provider.GaloisCounterMode$AESGCM (java.base@21.0.3)
 375:           932          29824  org.opensearch.index.engine.LiveVersionMap$VersionLookup
 376:          1849          29584  java.util.concurrent.Semaphore (java.base@21.0.3)
 377:          1848          29568  org.apache.lucene.codecs.lucene90.Lucene90CompoundFormat
 378:          1848          29568  org.apache.lucene.codecs.lucene90.Lucene90LiveDocsFormat
 379:          1848          29568  org.apache.lucene.codecs.lucene90.Lucene90NormsFormat
 380:          1848          29568  org.apache.lucene.codecs.lucene90.Lucene90StoredFieldsFormat
 381:          1843          29488  org.apache.lucene.codecs.lucene94.Lucene94FieldInfosFormat
 382:           459          29376  org.apache.lucene.index.LogByteSizeMergePolicy
 383:          1835          29360  org.apache.lucene.codecs.lucene99.Lucene99SegmentInfoFormat
 384:           458          29312  org.apache.lucene.index.FieldInfos$FieldNumbers
 385:           457          29248  org.opensearch.index.IndexingSlowLog
 386:          1828          29248  org.opensearch.index.codec.PerFieldMappingPostingFormatCodec$$Lambda/0x00007fcd29272448
 387:          1828          29248  org.opensearch.index.codec.fuzzy.FuzzySetFactory
 388:           914          29248  org.opensearch.index.mapper.FieldTypeLookup
 389:           457          29248  org.opensearch.index.mapper.MapperService
 390:           457          29248  org.opensearch.index.mapper.SourceFieldMapper
 391:           457          29248  org.opensearch.index.shard.RefreshListeners
 392:           457          29248  org.opensearch.index.translog.ReplicationTranslogDeletionPolicy
 393:           914          29248  org.opensearch.index.translog.Translog$Location
 394:           457          29248  org.opensearch.indices.recovery.RecoveryState$Translog
 395:           457          29248  org.opensearch.indices.replication.common.ReplicationLuceneIndex
 396:          1201          28824  [Lsun.security.x509.AVA; (java.base@21.0.3)
 397:          1201          28824  sun.security.x509.AVA (java.base@21.0.3)
 398:          1201          28824  sun.security.x509.RDN (java.base@21.0.3)
 399:           399          28728  sun.security.ssl.SSLEngineOutputRecord (java.base@21.0.3)
 400:           239          28680  java.lang.Thread (java.base@21.0.3)
 401:           714          28560  java.security.AccessControlContext (java.base@21.0.3)
 402:          1080          28464  [Ljava.lang.reflect.Type; (java.base@21.0.3)
 403:          1143          28120  [Ljava.lang.reflect.Constructor; (java.base@21.0.3)
 404:           583          27984  sun.security.util.MemoryCache$SoftCacheEntry (java.base@21.0.3)
 405:          1154          27696  java.util.concurrent.ConcurrentLinkedQueue (java.base@21.0.3)
 406:          1148          27552  sun.reflect.annotation.AnnotationInvocationHandler (java.base@21.0.3)
 407:           464          27320  [[B (java.base@21.0.3)
 408:           256          26624  io.netty.buffer.PoolArena$HeapArena
 409:          1642          26272  org.opensearch.common.inject.util.Providers$1
 410:          1641          26256  org.opensearch.common.inject.internal.InternalFactory$Instance
 411:            13          26240  [[J (java.base@21.0.3)
 412:           656          26240  java.io.RandomAccessFile (java.base@21.0.3)
 413:             9          26136  [Lorg.opensearch.common.recycler.Recycler$V;
 414:           542          26016  org.apache.lucene.analysis.StopFilter
 415:           648          25920  java.lang.invoke.DirectMethodHandle$Interface (java.base@21.0.3)
 416:          1070          25680  org.opensearch.security.filter.SecurityRestFilter$AuthczRestHandler
 417:           401          25664  io.netty.channel.ChannelOutboundBuffer
 418:           401          25664  io.netty.channel.DefaultChannelPipeline$HeadContext
 419:           458          25648  org.apache.lucene.index.DocumentsWriter
 420:           458          25648  org.apache.lucene.index.IndexFileDeleter
 421:           458          25648  org.apache.lucene.index.ReaderPool
 422:           458          25648  org.opensearch.cluster.routing.UnassignedInfo
 423:          1068          25632  org.apache.lucene.util.AttributeSource$State
 424:           457          25592  org.apache.lucene.analysis.miscellaneous.ASCIIFoldingFilter
 425:           457          25592  org.opensearch.index.engine.CombinedDeletionPolicy
 426:           457          25592  org.opensearch.index.store.Store
 427:           457          25592  org.opensearch.indices.recovery.RecoveryState
 428:           457          25592  org.opensearch.indices.recovery.RecoveryState$VerifyIndex
 429:           399          25536  io.netty.channel.socket.nio.NioSocketChannel$NioSocketChannelConfig
 430:          1582          25312  com.fasterxml.jackson.databind.introspect.AnnotationMap
 431:           790          25280  org.opensearch.painless.lookup.PainlessField
 432:           790          25280  org.opensearch.painless.spi.WhitelistField
 433:          1042          25008  org.bouncycastle.asn1.ASN1ObjectIdentifier
 434:          1040          24960  java.lang.Long (java.base@21.0.3)
 435:           623          24920  org.opensearch.transport.RequestHandlerRegistry
 436:           518          24864  org.apache.lucene.analysis.CharArrayMap
 437:           310          24800  org.apache.logging.log4j.core.util.datetime.FixedDateFormat
 438:          1521          24336  org.opensearch.common.settings.Setting$SimpleKey
 439:           993          23832  jdk.internal.reflect.DirectConstructorHandleAccessor (java.base@21.0.3)
 440:          1479          23664  org.opensearch.security.support.WildcardMatcher$Exact
 441:          1424          22784  org.opensearch.security.support.WildcardMatcher$SimpleMatcher
 442:           704          22528  java.net.InetAddress$InetAddressHolder (java.base@21.0.3)
 443:           704          22528  javax.crypto.Cipher$Transform (java.base@21.0.3)
 444:           401          22456  io.netty.channel.DefaultChannelPipeline$TailContext
 445:           400          22400  io.netty.channel.FixedRecvByteBufAllocator$HandleImpl
 446:           931          22344  org.opensearch.index.engine.LiveVersionMap$Maps
 447:           399          22344  org.opensearch.transport.InboundPipeline
 448:           399          22344  sun.security.ssl.SSLCipher$T13GcmReadCipherGenerator$GcmReadCipher (java.base@21.0.3)
 449:           399          22344  sun.security.ssl.SSLCipher$T13GcmWriteCipherGenerator$GcmWriteCipher (java.base@21.0.3)
 450:           461          22128  org.apache.lucene.index.CompositeReaderContext
 451:           461          22128  org.opensearch.common.settings.IndexScopedSettings
 452:           459          22032  java.util.concurrent.ArrayBlockingQueue (java.base@21.0.3)
 453:           459          22032  org.apache.lucene.index.BufferedUpdates
 454:           459          22032  org.apache.lucene.index.IndexFileDeleter$CommitPoint
 455:           458          21984  org.apache.lucene.index.DocumentsWriter$$Lambda/0x00007fcd290cac10
 456:           916          21984  org.opensearch.core.common.text.Text
 457:          1372          21952  java.util.regex.Pattern$BranchConn (java.base@21.0.3)
 458:           457          21936  org.apache.lucene.index.SoftDeletesRetentionMergePolicy
 459:           457          21936  org.apache.lucene.store.MMapDirectory
 460:           914          21936  org.opensearch.common.util.concurrent.KeyedLock
 461:           457          21936  org.opensearch.index.IndexService$AsyncGlobalCheckpointTask
 462:           457          21936  org.opensearch.index.IndexService$AsyncRefreshTask
 463:           457          21936  org.opensearch.index.IndexService$AsyncRetentionLeaseSyncTask
 464:           457          21936  org.opensearch.index.IndexService$AsyncTrimTranslogTask
 465:           914          21936  org.opensearch.index.analysis.FieldNameAnalyzer
 466:           457          21936  org.opensearch.index.engine.SoftDeletesPolicy
 467:           457          21936  org.opensearch.index.fielddata.IndexFieldDataService
 468:           457          21936  org.opensearch.index.get.ShardGetService
 469:           457          21936  org.opensearch.index.mapper.DocumentMapperParser
 470:           914          21936  org.opensearch.index.mapper.DocumentParser
 471:           914          21936  org.opensearch.index.mapper.DynamicKeyFieldTypeLookup
 472:           457          21936  org.opensearch.index.store.DirectoryFileTransferTracker
 473:           457          21936  org.opensearch.index.store.FsDirectoryFactory$HybridDirectory
 474:           457          21936  org.opensearch.index.translog.InternalTranslogManager
 475:           457          21936  org.opensearch.indices.replication.common.ReplicationTimer
 476:           455          21840  java.lang.invoke.DirectMethodHandle$Accessor (java.base@21.0.3)
 477:           679          21728  java.util.zip.ZipFile$CleanableResource (java.base@21.0.3)
 478:           905          21720  org.opensearch.sql.expression.function.FunctionSignature
 479:           338          21632  sun.security.ssl.CipherSuite (java.base@21.0.3)
 480:           536          21440  org.apache.lucene.analysis.LowerCaseFilter
 481:           890          21360  org.opensearch.common.inject.InternalFactoryToProviderAdapter
 482:           890          21360  org.opensearch.common.inject.ProviderToInternalFactoryAdapter
 483:           890          21360  org.opensearch.common.inject.Scopes$1$1
 484:           667          21344  java.io.File (java.base@21.0.3)
 485:           879          21096  java.util.regex.Pattern$SliceI (java.base@21.0.3)
 486:           876          21024  sun.security.provider.PolicyFile$PolicyEntry (java.base@21.0.3)
 487:           653          20896  sun.reflect.generics.repository.ClassRepository (java.base@21.0.3)
 488:           652          20864  java.util.PropertyPermission (java.base@21.0.3)
 489:           869          20856  java.lang.Class$AnnotationData (java.base@21.0.3)
 490:           866          20784  org.opensearch.common.inject.multibindings.RealElement
 491:           849          20376  org.apache.lucene.util.packed.DirectReader$DirectPackedReader24
 492:           849          20376  sun.reflect.generics.factory.CoreReflectionFactory (java.base@21.0.3)
 493:           636          20352  org.opensearch.core.ParseField
 494:           843          20216  [Ljava.security.cert.X509Certificate; (java.base@21.0.3)
 495:           626          20032  com.sun.crypto.provider.AESCrypt (java.base@21.0.3)
 496:           624          19968  io.netty.buffer.PoolThreadCache$SubPageMemoryRegionCache
 497:           831          19944  sun.reflect.generics.reflectiveObjects.ParameterizedTypeImpl (java.base@21.0.3)
 498:           475          19800  [Lorg.opensearch.common.inject.SingleParameterInjector;
 499:           492          19680  org.opensearch.common.util.concurrent.BaseFuture$Sync
 500:          1210          19360  java.util.regex.Pattern$BitClass (java.base@21.0.3)
 501:           401          19248  io.netty.channel.AbstractChannel$CloseFuture
 502:           401          19248  io.netty.channel.DefaultChannelPipeline
 503:           802          19248  io.netty.channel.VoidChannelPromise
 504:           401          19248  sun.nio.ch.SelectionKeyImpl (java.base@21.0.3)
 505:           798          19152  io.netty.handler.ssl.SslHandler$SslTasksRunner
 506:           399          19152  sun.nio.ch.SocketAdaptor (java.base@21.0.3)
 507:           399          19152  sun.security.ssl.SSLEngineInputRecord (java.base@21.0.3)
 508:           472          18880  java.util.concurrent.CompletableFuture$UniWhenComplete (java.base@21.0.3)
 509:           472          18880  org.opensearch.common.settings.Setting$1
 510:            32          18432  io.netty.util.internal.shaded.org.jctools.queues.atomic.MpscUnboundedAtomicArrayQueue
 511:           328          18368  sun.util.calendar.ZoneInfo (java.base@21.0.3)
 512:           459          18360  org.apache.lucene.util.ByteBlockPool
 513:           459          18360  org.opensearch.index.OpenSearchTieredMergePolicy
 514:           459          18360  sun.nio.ch.FileLockImpl (java.base@21.0.3)
 515:           458          18320  org.apache.lucene.index.BufferedUpdatesStream
 516:           457          18280  org.opensearch.index.cache.bitset.BitsetFilterCache
 517:           457          18280  org.opensearch.index.engine.InternalEngine$ExternalReaderManager
 518:           457          18280  org.opensearch.index.engine.PrunePostingsMergePolicy
 519:           457          18280  org.opensearch.index.engine.RecoverySourcePruneMergePolicy
 520:           457          18280  org.opensearch.index.mapper.DataStreamFieldMapper
 521:           457          18280  org.opensearch.index.mapper.FieldNamesFieldMapper
 522:           457          18280  org.opensearch.index.mapper.FieldNamesFieldMapper$FieldNamesFieldType
 523:           457          18280  org.opensearch.index.mapper.IdFieldMapper$IdFieldType
 524:           457          18280  org.opensearch.index.mapper.Mapper$TypeParser$ParserContext
 525:           457          18280  org.opensearch.index.mapper.RoutingFieldMapper
 526:           457          18280  org.opensearch.index.mapper.SourceFieldMapper$SourceFieldType
 527:           457          18280  org.opensearch.index.shard.GlobalCheckpointListeners
 528:           457          18280  org.opensearch.index.shard.IndexShard$7
 529:           457          18280  org.opensearch.index.shard.IndexShardOperationPermits
 530:           457          18280  org.opensearch.index.shard.InternalIndexingStats$StatsHolder
 531:           457          18280  org.opensearch.index.shard.OpenSearchMergePolicy
 532:           457          18280  org.opensearch.index.store.ByteSizeCachingDirectory
 533:           457          18280  org.opensearch.index.store.ByteSizeCachingDirectory$1
 534:           457          18280  org.opensearch.index.translog.TranslogConfig
 535:           441          17640  org.opensearch.indices.replication.common.ReplicationCollection$ReplicationMonitor
 536:           545          17440  org.apache.lucene.analysis.ReusableStringReader
 537:           165          17160  java.lang.management.ThreadInfo (java.management@21.0.3)
 538:           715          17160  java.time.format.DateTimeFormatterBuilder$DefaultValueParser (java.base@21.0.3)
 539:           714          17136  java.util.regex.Pattern$Start (java.base@21.0.3)
 540:           713          17112  java.util.zip.Inflater$InflaterZStreamRef (java.base@21.0.3)
 541:          1066          17056  org.opensearch.common.inject.Initializables$1
 542:           710          17040  sun.reflect.generics.scope.ClassScope (java.base@21.0.3)
 543:           304          17024  java.nio.HeapCharBuffer (java.base@21.0.3)
 544:           709          17016  sun.security.jca.ServiceId (java.base@21.0.3)
 545:           419          16760  org.apache.lucene.util.packed.Packed64
 546:          1041          16656  org.apache.logging.log4j.message.ReusableSimpleMessage
 547:           691          16584  java.net.InetSocketAddress$InetSocketAddressHolder (java.base@21.0.3)
 548:           688          16512  java.net.Inet4Address (java.base@21.0.3)
 549:           685          16440  com.fasterxml.jackson.databind.introspect.MemberKey
 550:          1026          16416  org.apache.lucene.util.BytesRefBuilder
 551:           683          16392  org.opensearch.rest.RestMethodHandlers
 552:           338          16224  sun.security.x509.X500Name (java.base@21.0.3)
 553:           505          16160  java.nio.file.attribute.FileTime (java.base@21.0.3)
 554:           672          16128  io.netty.buffer.IntPriorityQueue
 555:           251          16064  java.lang.invoke.BoundMethodHandle$Species_LLLLLLL (java.base@21.0.3)
 556:           399          15960  io.netty.channel.socket.nio.NioSocketChannel$NioSocketChannelUnsafe
 557:           399          15960  org.opensearch.transport.InboundAggregator
 558:           399          15960  org.opensearch.transport.InboundDecoder
 559:           399          15960  org.opensearch.transport.netty4.Netty4TcpChannel
 560:           152          15808  org.apache.logging.log4j.core.impl.MutableLogEvent
 561:           987          15792  java.util.concurrent.atomic.AtomicReferenceArray (java.base@21.0.3)
 562:           656          15744  java.util.zip.ZipFile$Source$Key (java.base@21.0.3)
 563:           653          15672  sun.reflect.generics.tree.ClassSignature (java.base@21.0.3)
 564:           487          15584  com.google.common.collect.RegularImmutableSet
 565:           487          15584  java.util.concurrent.CountDownLatch$Sync (java.base@21.0.3)
 566:           630          15552  [[I (java.base@21.0.3)
 567:           486          15552  org.opensearch.common.inject.ConstructorInjector
 568:           486          15552  org.opensearch.common.inject.MembersInjectorImpl
 569:           275          15400  java.lang.invoke.BoundMethodHandle$Species_LLLLL (java.base@21.0.3)
 570:           481          15392  org.opensearch.common.util.concurrent.ThreadContext$ContextPreservingAbstractRunnable
 571:           634          15216  java.util.ImmutableCollections$SetN (java.base@21.0.3)
 572:           475          15200  org.opensearch.index.seqno.RetentionLeases
 573:           474          15168  org.opensearch.index.translog.TranslogHeader
 574:           825          14960  [Lsun.reflect.generics.tree.FormalTypeParameter; (java.base@21.0.3)
 575:           623          14952  org.opensearch.indexmanagement.rollup.interceptor.RollupInterceptor$interceptHandler$1
 576:           623          14952  org.opensearch.performanceanalyzer.transport.PerformanceAnalyzerTransportRequestHandler
 577:           623          14952  org.opensearch.security.OpenSearchSecurityPlugin$6$1
 578:           311          14928  sun.nio.cs.UTF_8$Encoder (java.base@21.0.3)
 579:           417          14816  [Ljava.time.format.DateTimeFormatterBuilder$DateTimePrinterParser; (java.base@21.0.3)
 580:           308          14784  java.lang.invoke.MethodHandleImpl$AsVarargsCollector (java.base@21.0.3)
 581:           461          14752  com.fasterxml.jackson.databind.introspect.AnnotatedField
 582:           914          14696  [Lorg.opensearch.index.mapper.DynamicTemplate;
 583:           459          14688  java.util.concurrent.Semaphore$FairSync (java.base@21.0.3)
 584:           459          14688  org.apache.lucene.index.BufferedUpdates$DeletedTerms
 585:           459          14688  org.apache.lucene.store.NativeFSLockFactory$NativeFSLock
 586:           918          14688  org.apache.lucene.util.Counter$AtomicCounter
 587:           459          14688  sun.nio.ch.FileKey (java.base@21.0.3)
 588:           459          14688  sun.nio.ch.FileLockTable$FileLockReference (java.base@21.0.3)
 589:           141          14664  org.opensearch.security.configuration.DlsFlsFilterLeafReader
 590:           458          14656  org.apache.lucene.index.BufferedUpdatesStream$FinishedSegments
 591:           458          14656  org.apache.lucene.index.DocumentsWriterPerThreadPool
 592:           458          14656  org.apache.lucene.index.IndexWriter$EventQueue
 593:           458          14656  org.apache.lucene.util.FrequencyTrackingRingBuffer
 594:           457          14624  org.apache.lucene.document.NumericDocValuesField
 595:           457          14624  org.apache.lucene.index.ShuffleForcedMergePolicy
 596:           457          14624  org.opensearch.action.support.replication.PendingReplicationActions
 597:           457          14624  org.opensearch.analysis.common.FingerprintAnalyzer
 598:           457          14624  org.opensearch.env.NodeEnvironment$1
 599:           457          14624  org.opensearch.env.NodeEnvironment$InternalShardLock
 600:           457          14624  org.opensearch.index.cache.IndexCache
 601:           457          14624  org.opensearch.index.cache.bitset.ShardBitsetFilterCache
 602:           457          14624  org.opensearch.index.cache.request.ShardRequestCache
 603:           457          14624  org.opensearch.index.engine.Engine$IndexThrottle
 604:           457          14624  org.opensearch.index.engine.LiveVersionMap
 605:           457          14624  org.opensearch.index.mapper.DocCountFieldMapper
 606:           457          14624  org.opensearch.index.mapper.IdFieldMapper
 607:           457          14624  org.opensearch.index.mapper.IgnoredFieldMapper
 608:           457          14624  org.opensearch.index.mapper.IndexFieldMapper
 609:           457          14624  org.opensearch.index.mapper.RankFeatureMetaFieldMapper
 610:           457          14624  org.opensearch.index.mapper.SeqNoFieldMapper
 611:           457          14624  org.opensearch.index.mapper.VersionFieldMapper
 612:           457          14624  org.opensearch.index.seqno.LocalCheckpointTracker
 613:           457          14624  org.opensearch.index.shard.IndexShard$RefreshMetricUpdater
 614:           457          14624  org.opensearch.index.shard.ShardPath
 615:           457          14624  org.opensearch.index.similarity.SimilarityService
 616:           457          14624  org.opensearch.index.store.ByteSizeCachingDirectory$SizeAndModCount
 617:           457          14624  org.opensearch.index.warmer.ShardIndexWarmerService
 618:           365          14600  org.opensearch.painless.spi.WhitelistClass
 619:           352          14080  java.time.format.DateTimeFormatter (java.base@21.0.3)
 620:           586          14064  java.util.regex.Pattern$CharPropertyGreedy (java.base@21.0.3)
 621:           351          14040  java.security.ProtectionDomain (java.base@21.0.3)
 622:           561          13904  [Ljava.security.cert.Certificate; (java.base@21.0.3)
 623:           579          13896  org.apache.lucene.util.packed.DirectReader$DirectPackedReader2
 624:           433          13856  org.opensearch.common.inject.FactoryProxy
 625:           866          13856  org.opensearch.common.inject.Key$AnnotationInstanceStrategy
 626:           433          13856  org.opensearch.core.xcontent.ObjectParser$FieldParser
 627:           577          13848  java.util.LinkedHashMap$LinkedEntrySet (java.base@21.0.3)
 628:           118          13704  [Lorg.tartarus.snowball.Among;
 629:           567          13608  java.lang.StringBuilder (java.base@21.0.3)
 630:           567          13608  org.opensearch.common.collect.Tuple
 631:           560          13440  java.security.BasicPermissionCollection (java.base@21.0.3)
 632:           559          13416  java.util.ImmutableCollections$List12 (java.base@21.0.3)
 633:           557          13368  java.security.SecurityPermission (java.base@21.0.3)
 634:           165          13200  sun.security.x509.X509CertImpl (java.base@21.0.3)
 635:           205          13120  io.netty.util.concurrent.ScheduledFutureTask
 636:           164          13120  java.net.URI (java.base@21.0.3)
 637:           545          13080  [Lorg.apache.lucene.util.AttributeSource$State;
 638:           545          13080  org.apache.lucene.analysis.Analyzer$TokenStreamComponents
 639:           817          13072  org.opensearch.common.concurrent.CompletableContext
 640:           401          12832  io.netty.channel.DefaultChannelId
 641:           401          12832  sun.nio.ch.DummySocketImpl (java.base@21.0.3)
 642:           399          12768  io.netty.handler.ssl.SslHandler$SslHandlerCoalescingBufferQueue
 643:           798          12768  io.netty.handler.ssl.SslHandler$SslTasksRunner$1
 644:           399          12768  java.util.regex.Pattern$Curly (java.base@21.0.3)
 645:           399          12768  org.opensearch.transport.nativeprotocol.NativeInboundBytesHandler
 646:           399          12768  org.opensearch.transport.netty4.Netty4MessageChannelHandler
 647:           399          12768  org.opensearch.transport.netty4.OpenSearchLoggingHandler
 648:           798          12768  sun.security.ssl.Authenticator$TLS13Authenticator (java.base@21.0.3)
 649:           399          12768  sun.security.ssl.SSLEngineImpl (java.base@21.0.3)
 650:           526          12624  org.opensearch.core.action.ActionListener$1
 651:             3          12496  [Ljava.util.concurrent.RunnableScheduledFuture; (java.base@21.0.3)
 652:           310          12400  org.apache.logging.log4j.core.pattern.DatePatternConverter$FixedFormatter
 653:           500          12000  org.opensearch.cluster.metadata.IndexGraveyard$Tombstone
 654:           249          11952  java.lang.invoke.BoundMethodHandle$Species_LLL (java.base@21.0.3)
 655:           498          11952  sun.security.x509.AlgorithmId (java.base@21.0.3)
 656:           488          11712  org.opensearch.securityanalytics.model.LogType$Mapping
 657:           292          11680  java.lang.Thread$FieldHolder (java.base@21.0.3)
 658:           486          11664  org.opensearch.common.inject.DefaultConstructionProxyFactory$1
 659:           486          11664  org.opensearch.common.inject.spi.InjectionPoint
 660:           653          11576  [Lsun.reflect.generics.tree.ClassTypeSignature; (java.base@21.0.3)
 661:           481          11544  java.util.regex.Pattern$$Lambda/0x80000002b (java.base@21.0.3)
 662:           476          11424  org.opensearch.security.support.WildcardMatcher$MatcherCombiner
 663:           531          11360  [Lsun.reflect.generics.tree.FieldTypeSignature; (java.base@21.0.3)
 664:           338          11216  [Lsun.security.x509.RDN; (java.base@21.0.3)
 665:           691          11056  java.net.InetSocketAddress (java.base@21.0.3)
 666:           459          11016  org.apache.lucene.index.DocumentsWriterDeleteQueue$DeleteSlice
 667:           459          11016  org.apache.lucene.index.DocumentsWriterDeleteQueue$Node
 668:           459          11016  org.apache.lucene.search.similarities.BM25Similarity
 669:           459          11016  org.apache.lucene.util.ByteBlockPool$DirectTrackingAllocator
 670:           459          11016  org.apache.lucene.util.Counter$SerialCounter
 671:           459          11016  org.opensearch.index.LogByteSizeMergePolicyProvider
 672:           459          11016  org.opensearch.index.MergeSchedulerConfig
 673:           459          11016  org.opensearch.index.TieredMergePolicyProvider
 674:           459          11016  org.opensearch.index.remote.RemoteStorePathStrategy
 675:           459          11016  sun.nio.ch.FileLockTable (java.base@21.0.3)
 676:           458          10992  org.apache.lucene.index.ConcurrentApproximatePriorityQueue
 677:           458          10992  org.apache.lucene.index.DocumentsWriterFlushQueue
 678:           458          10992  org.apache.lucene.index.DocumentsWriterStallControl
 679:           458          10992  org.apache.lucene.index.FlushByRamOrCountsPolicy
 680:           458          10992  org.apache.lucene.index.IndexWriter$AddIndexesMergeSource
 681:           458          10992  org.apache.lucene.index.IndexWriter$Merges
 682:           458          10992  org.apache.lucene.index.LockableConcurrentApproximatePriorityQueue
 683:           458          10992  org.apache.lucene.store.LockValidatingDirectoryWrapper
 684:           458          10992  org.apache.lucene.util.FileDeleter
 685:           458          10992  org.apache.lucene.util.FrequencyTrackingRingBuffer$IntBag
 686:           458          10992  org.opensearch.index.engine.SafeCommitInfo
 687:           458          10992  org.opensearch.index.recovery.RecoveryStats
 688:           343          10976  com.fasterxml.jackson.databind.util.internal.PrivateMaxEntriesMap$Node
 689:           457          10968  [Ljava.io.Closeable; (java.base@21.0.3)
 690:           457          10968  [Lorg.apache.lucene.search.ReferenceManager$RefreshListener;
 691:           457          10968  org.apache.lucene.index.SoftDeletesRetentionMergePolicy$$Lambda/0x00007fcd2930d820
 692:           457          10968  org.apache.lucene.index.StandardDirectoryReader$3
 693:           457          10968  org.opensearch.common.lucene.LoggerInfoStream
 694:           457          10968  org.opensearch.common.lucene.index.OpenSearchDirectoryReader$DelegatingCacheHelper
 695:           457          10968  org.opensearch.common.lucene.index.OpenSearchDirectoryReader$DelegatingCacheKey
 696:           457          10968  org.opensearch.index.CompositeIndexEventListener
 697:           457          10968  org.opensearch.index.IndexService$$Lambda/0x00007fcd2926e4d8
 698:           457          10968  org.opensearch.index.IndexService$$Lambda/0x00007fcd2926efb8
 699:           457          10968  org.opensearch.index.IndexService$$Lambda/0x00007fcd29271518
 700:           457          10968  org.opensearch.index.IndexService$FieldDataCacheListener
 701:           457          10968  org.opensearch.index.IndexService$StoreCloseListener
 702:           457          10968  org.opensearch.index.IndexWarmer$FieldDataWarmer
 703:           457          10968  org.opensearch.index.analysis.IndexAnalyzers
 704:           457          10968  org.opensearch.index.analysis.LowercaseNormalizer
 705:           457          10968  org.opensearch.index.cache.bitset.BitsetFilterCache$BitSetProducerWarmer
 706:           457          10968  org.opensearch.index.engine.CompletionStatsCache
 707:           457          10968  org.opensearch.index.engine.EngineConfigFactory
 708:           457          10968  org.opensearch.index.engine.InternalEngine$LastRefreshedCheckpointListener
 709:           457          10968  org.opensearch.index.engine.InternalEngine$RefreshWarmerListener
 710:           457          10968  org.opensearch.index.engine.OpenSearchReaderManager
 711:           457          10968  org.opensearch.index.engine.RecoverySourcePruneMergePolicy$$Lambda/0x00007fcd29310000
 712:           457          10968  org.opensearch.index.fielddata.ShardFieldData
 713:           457          10968  org.opensearch.index.search.stats.ShardSearchStats
 714:           457          10968  org.opensearch.index.shard.IndexShard$$Lambda/0x00007fcd292736d8
 715:           457          10968  org.opensearch.index.shard.IndexShard$$Lambda/0x00007fcd29275c68
 716:           457          10968  org.opensearch.index.shard.IndexShard$10
 717:           457          10968  org.opensearch.index.shard.IndexShard$RefreshPendingLocationListener
 718:           457          10968  org.opensearch.index.shard.IndexShard$ShardEventListener
 719:           457          10968  org.opensearch.index.shard.IndexingOperationListener$CompositeListener
 720:           457          10968  org.opensearch.index.shard.SearchOperationListener$CompositeListener
 721:           457          10968  org.opensearch.index.similarity.SimilarityService$PerFieldSimilarity
 722:           457          10968  org.opensearch.index.store.RemoteStoreFileDownloader
 723:           457          10968  org.opensearch.index.store.Store$1
 724:           457          10968  org.opensearch.index.store.Store$StoreDirectory
 725:           457          10968  org.opensearch.index.translog.InternalTranslogManager$$Lambda/0x00007fcd292ca1c8
 726:           457          10968  org.opensearch.index.translog.ReplicationTranslogDeletionPolicy$$Lambda/0x00007fcd29001410
 727:           457          10968  org.opensearch.index.translog.ReplicationTranslogDeletionPolicy$$Lambda/0x00007fcd29002590
 728:           457          10968  org.opensearch.index.translog.listener.CompositeTranslogEventListener
 729:           457          10968  org.opensearch.indices.IndicesService$$Lambda/0x00007fcd2926cd10
 730:           457          10968  org.opensearch.indices.replication.common.ReplicationLuceneIndex$FilesDetails
 731:           457          10968  org.opensearch.search.suggest.completion.CompletionStats
 732:           457          10968  org.opensearch.security.OpenSearchSecurityPlugin$$Lambda/0x00007fcd2924b720
 733:           457          10968  org.opensearch.security.OpenSearchSecurityPlugin$4
 734:           457          10968  org.opensearch.security.OpenSearchSecurityPlugin$5
 735:           457          10968  org.opensearch.security.compliance.ComplianceIndexingOperationListenerImpl
 736:           274          10960  java.lang.ref.Finalizer (java.base@21.0.3)
 737:           341          10912  jdk.internal.math.FDBigInteger (java.base@21.0.3)
 738:           341          10912  org.opensearch.common.settings.Setting$IntegerParser
 739:           194          10864  java.lang.invoke.BoundMethodHandle$Species_LLLLLL (java.base@21.0.3)
 740:           672          10752  org.apache.lucene.analysis.CharArraySet
 741:           446          10704  io.netty.util.internal.logging.LocationAwareSlf4JLogger
 742:           446          10704  java.util.concurrent.ConcurrentSkipListMap$Node (java.base@21.0.3)
 743:           165          10560  org.opensearch.monitor.jvm.HotThreads$MyThreadInfo
 744:           264          10560  sun.security.util.KnownOIDs (java.base@21.0.3)
 745:           656          10496  sun.nio.fs.UnixFileAttributes$UnixAsBasicFileAttributes (java.base@21.0.3)
 746:           327          10464  sun.reflect.generics.reflectiveObjects.TypeVariableImpl (java.base@21.0.3)
 747:           433          10392  org.opensearch.common.inject.InjectorImpl$4
 748:           433          10392  org.opensearch.common.inject.multibindings.MapBinder$RealMapBinder$MapEntry
 749:           433          10392  org.opensearch.common.inject.spi.ProviderLookup
 750:           433          10392  org.opensearch.plugins.ActionPlugin$ActionHandler
 751:           416          10248  [Lorg.opensearch.sql.data.type.ExprType;
 752:           423          10152  org.opensearch.core.xcontent.ObjectParser$$Lambda/0x00007fcd28487698
 753:           423          10152  org.opensearch.index.fielddata.plain.SortedSetBytesLeafFieldData
 754:           181          10136  java.lang.Module (java.base@21.0.3)
 755:           408          10120  [Lorg.opensearch.common.settings.Setting$Property;
 756:           417          10008  java.time.format.DateTimeFormatterBuilder$CompositePrinterParser (java.base@21.0.3)
 757:           416           9984  [Lio.netty.util.concurrent.GenericFutureListener;
 758:           416           9984  io.netty.util.concurrent.DefaultFutureListeners
 759:           414           9936  org.opensearch.sql.expression.function.FunctionDSL$$Lambda/0x00007fcd28b2e428
 760:           413           9912  java.io.ByteArrayOutputStream (java.base@21.0.3)
 761:           176           9856  sun.security.jca.ProviderList$ServiceList (java.base@21.0.3)
 762:           615           9840  java.util.IdentityHashMap$KeySet (java.base@21.0.3)
 763:           615           9840  sun.security.ssl.SessionId (java.base@21.0.3)
 764:           402           9640  [Lio.netty.util.DefaultAttributeMap$DefaultAttribute;
 765:           401           9624  [Ljava.nio.channels.SelectionKey; (java.base@21.0.3)
 766:           401           9624  io.netty.channel.SucceededChannelFuture
 767:           401           9624  io.netty.util.DefaultAttributeMap$DefaultAttribute
 768:           401           9624  java.util.regex.Pattern$$Lambda/0x800000033 (java.base@21.0.3)
 769:           399           9576  io.netty.channel.PendingBytesTracker$DefaultChannelPipelinePendingBytesTracker
 770:           399           9576  org.opensearch.transport.CopyBytesSocketChannel$WriteConfig
 771:           399           9576  org.opensearch.transport.TcpChannel$ChannelStats
 772:           399           9576  sun.security.ssl.HandshakeHash (java.base@21.0.3)
 773:           399           9576  sun.security.ssl.SSLEngineOutputRecord$HandshakeFragment (java.base@21.0.3)
 774:           397           9528  java.security.Permissions (java.base@21.0.3)
 775:           391           9384  java.util.concurrent.locks.ReentrantReadWriteLock$Sync$HoldCounter (java.base@21.0.3)
 776:           194           9312  java.util.concurrent.ThreadPoolExecutor$Worker (java.base@21.0.3)
 777:           387           9288  org.apache.lucene.index.OrdinalMap$1
 778:           165           9240  sun.security.x509.X509CertInfo (java.base@21.0.3)
 779:            16           9216  io.netty.util.internal.shaded.org.jctools.queues.atomic.MpscUnboundedAtomicArrayQueue
 780:           383           9192  org.opensearch.sql.expression.function.FunctionDSL$$Lambda/0x00007fcd28b1c690
 781:           287           9184  java.util.regex.Pattern$BnM (java.base@21.0.3)
 782:           104           9152  com.fasterxml.jackson.databind.ser.BeanPropertyWriter
 783:           190           9120  org.jcodings.util.CaseInsensitiveBytesHash$CaseInsensitiveBytesHashEntry
 784:           284           9088  jdk.internal.reflect.DirectMethodHandleAccessor (java.base@21.0.3)
 785:           377           9048  java.lang.module.ModuleDescriptor$Exports (java.base@21.0.3)
 786:           141           9024  java.nio.DirectByteBuffer (java.base@21.0.3)
 787:           542           8672  sun.reflect.generics.tree.TypeVariableSignature (java.base@21.0.3)
 788:           536           8576  org.apache.lucene.analysis.Analyzer$TokenStreamComponents$$Lambda/0x00007fcd29264450
 789:           267           8544  java.time.format.DateTimeFormatterBuilder$NumberPrinterParser (java.base@21.0.3)
 790:           353           8472  java.io.FilePermissionCollection (java.base@21.0.3)
 791:           208           8320  sun.security.pkcs11.SunPKCS11$Descriptor (jdk.crypto.cryptoki@21.0.3)
 792:           343           8232  com.fasterxml.jackson.databind.util.internal.PrivateMaxEntriesMap$WeightedValue
 793:           256           8192  io.netty.handler.codec.CodecOutputList
 794:           341           8184  java.util.regex.Pattern$Ques (java.base@21.0.3)
 795:           339           8136  java.util.Date (java.base@21.0.3)
 796:           127           8128  java.lang.invoke.BoundMethodHandle$Species_LLLLLLLL (java.base@21.0.3)
 797:           252           8064  java.util.Collections$SynchronizedMap (java.base@21.0.3)
 798:           332           7968  sun.reflect.generics.tree.FormalTypeParameter (java.base@21.0.3)
 799:           496           7936  jdk.proxy2.$Proxy32 (jdk.proxy2)
 800:           489           7824  org.opensearch.common.cache.Cache$$Lambda/0x00007fcd2862cce8
 801:           488           7808  java.util.regex.Pattern$$Lambda/0x800000032 (java.base@21.0.3)
 802:           487           7792  java.util.concurrent.ConcurrentHashMap$EntrySetView (java.base@21.0.3)
 803:           487           7792  java.util.concurrent.CountDownLatch (java.base@21.0.3)
 804:           486           7776  org.opensearch.common.inject.ConstructorBindingImpl$Factory
 805:           486           7776  org.opensearch.common.inject.DefaultConstructionProxyFactory
 806:           322           7728  java.util.regex.Pattern$CharProperty (java.base@21.0.3)
 807:           160           7680  java.net.URLPermission (java.base@21.0.3)
 808:           318           7632  java.util.ImmutableCollections$Set12 (java.base@21.0.3)
 809:           474           7584  org.opensearch.index.translog.Translog$$Lambda/0x00007fcd29305590
 810:           472           7552  org.opensearch.common.concurrent.CompletableContext$$Lambda/0x00007fcd290fde28
 811:           472           7552  org.opensearch.core.action.ActionListener$$Lambda/0x00007fcd290fd108
 812:           470           7520  org.opensearch.common.settings.Setting$$Lambda/0x00007fcd280be090
 813:           233           7456  org.apache.logging.log4j.core.config.plugins.processor.PluginEntry
 814:           186           7440  java.io.ObjectStreamField (java.base@21.0.3)
 815:           154           7392  org.apache.lucene.analysis.CharArrayMap$UnmodifiableCharArrayMap
 816:           459           7344  [Lorg.opensearch.index.IndexSortConfig$FieldSortSpec;
 817:           459           7344  org.apache.lucene.index.DocumentsWriterDeleteQueue$$Lambda/0x00007fcd290dd608
 818:           459           7344  org.opensearch.index.IndexSettings$$Lambda/0x00007fcd2864bda0
 819:           459           7344  org.opensearch.index.IndexSettings$$Lambda/0x00007fcd2864c448
 820:           459           7344  org.opensearch.index.IndexSettings$$Lambda/0x00007fcd2864c678
 821:           459           7344  org.opensearch.index.IndexSettings$$Lambda/0x00007fcd2864c8a8
 822:           459           7344  org.opensearch.index.IndexSettings$$Lambda/0x00007fcd2864cad8
 823:           459           7344  org.opensearch.index.IndexSettings$$Lambda/0x00007fcd2864cd08
 824:           459           7344  org.opensearch.index.IndexSettings$$Lambda/0x00007fcd2864cf38
 825:           459           7344  org.opensearch.index.IndexSettings$$Lambda/0x00007fcd2864d168
 826:           459           7344  org.opensearch.index.IndexSettings$$Lambda/0x00007fcd2864d398
 827:           459           7344  org.opensearch.index.IndexSettings$$Lambda/0x00007fcd2864d5c8
 828:           459           7344  org.opensearch.index.IndexSettings$$Lambda/0x00007fcd2864d7f8
 829:           459           7344  org.opensearch.index.IndexSettings$$Lambda/0x00007fcd2864da28
 830:           459           7344  org.opensearch.index.IndexSettings$$Lambda/0x00007fcd2864dc58
 831:           459           7344  org.opensearch.index.IndexSettings$$Lambda/0x00007fcd2864de88
 832:           459           7344  org.opensearch.index.IndexSettings$$Lambda/0x00007fcd2864e780
 833:           459           7344  org.opensearch.index.IndexSettings$$Lambda/0x00007fcd2864e9b0
 834:           459           7344  org.opensearch.index.IndexSettings$$Lambda/0x00007fcd2864ebe0
 835:           459           7344  org.opensearch.index.IndexSettings$$Lambda/0x00007fcd2864ee10
 836:           459           7344  org.opensearch.index.IndexSettings$$Lambda/0x00007fcd2864f040
 837:           459           7344  org.opensearch.index.IndexSettings$$Lambda/0x00007fcd2864f270
 838:           459           7344  org.opensearch.index.IndexSettings$$Lambda/0x00007fcd2864f4a0
 839:           459           7344  org.opensearch.index.IndexSettings$$Lambda/0x00007fcd2864f6d0
 840:           459           7344  org.opensearch.index.IndexSettings$$Lambda/0x00007fcd2864f900
 841:           459           7344  org.opensearch.index.IndexSettings$$Lambda/0x00007fcd2864fb30
 842:           459           7344  org.opensearch.index.IndexSettings$$Lambda/0x00007fcd2864fd60
 843:           459           7344  org.opensearch.index.IndexSettings$$Lambda/0x00007fcd28650000
 844:           459           7344  org.opensearch.index.IndexSettings$$Lambda/0x00007fcd28650230
 845:           459           7344  org.opensearch.index.IndexSettings$$Lambda/0x00007fcd28650460
 846:           459           7344  org.opensearch.index.IndexSettings$$Lambda/0x00007fcd28650690
 847:           459           7344  org.opensearch.index.IndexSettings$$Lambda/0x00007fcd286508c0
 848:           459           7344  org.opensearch.index.IndexSettings$$Lambda/0x00007fcd28650af0
 849:           459           7344  org.opensearch.index.IndexSettings$$Lambda/0x00007fcd28650d20
 850:           459           7344  org.opensearch.index.IndexSettings$$Lambda/0x00007fcd28650f50
 851:           459           7344  org.opensearch.index.IndexSettings$$Lambda/0x00007fcd28651180
 852:           459           7344  org.opensearch.index.IndexSettings$$Lambda/0x00007fcd286513b0
 853:           459           7344  org.opensearch.index.IndexSettings$$Lambda/0x00007fcd286515e0
 854:           459           7344  org.opensearch.index.IndexSettings$$Lambda/0x00007fcd28651810
 855:           459           7344  org.opensearch.index.IndexSettings$$Lambda/0x00007fcd28651a40
 856:           459           7344  org.opensearch.index.IndexSettings$$Lambda/0x00007fcd28651c70
 857:           459           7344  org.opensearch.index.IndexSettings$$Lambda/0x00007fcd28651ea0
 858:           459           7344  org.opensearch.index.IndexSettings$$Lambda/0x00007fcd286520d0
 859:           459           7344  org.opensearch.index.IndexSettings$$Lambda/0x00007fcd28652300
 860:           459           7344  org.opensearch.index.IndexSettings$$Lambda/0x00007fcd28652530
 861:           459           7344  org.opensearch.index.IndexSettings$$Lambda/0x00007fcd28652760
 862:           459           7344  org.opensearch.index.IndexSettings$$Lambda/0x00007fcd28652990
 863:           459           7344  org.opensearch.index.IndexSettings$$Lambda/0x00007fcd28652bc0
 864:           459           7344  org.opensearch.index.IndexSettings$$Lambda/0x00007fcd28652df0
 865:           459           7344  org.opensearch.index.IndexSettings$$Lambda/0x00007fcd28653020
 866:           459           7344  org.opensearch.index.IndexSettings$$Lambda/0x00007fcd28653250
 867:           459           7344  org.opensearch.index.IndexSettings$$Lambda/0x00007fcd28653480
 868:           459           7344  org.opensearch.index.IndexSettings$$Lambda/0x00007fcd286536b0
 869:           459           7344  org.opensearch.index.IndexSettings$$Lambda/0x00007fcd286538e0
 870:           459           7344  org.opensearch.index.IndexSettings$$Lambda/0x00007fcd28653b10
 871:           459           7344  org.opensearch.index.IndexSettings$$Lambda/0x00007fcd28653d40
 872:           459           7344  org.opensearch.index.IndexSettings$$Lambda/0x00007fcd28653f70
 873:           459           7344  org.opensearch.index.IndexSettings$$Lambda/0x00007fcd286541a0
 874:           459           7344  org.opensearch.index.IndexSettings$$Lambda/0x00007fcd286543d0
 875:           459           7344  org.opensearch.index.IndexSettings$$Lambda/0x00007fcd28654600
 876:           459           7344  org.opensearch.index.IndexSettings$$Lambda/0x00007fcd28654830
 877:           459           7344  org.opensearch.index.IndexSettings$$Lambda/0x00007fcd28654a60
 878:           459           7344  org.opensearch.index.IndexSettings$$Lambda/0x00007fcd28654c90
 879:           459           7344  org.opensearch.index.IndexSettings$$Lambda/0x00007fcd28654ec0
 880:           459           7344  org.opensearch.index.IndexSettings$$Lambda/0x00007fcd286550f0
 881:           459           7344  org.opensearch.index.IndexSortConfig
 882:           458           7328  org.apache.lucene.index.IndexFileDeleter$$Lambda/0x00007fcd290ced20
 883:           458           7328  org.apache.lucene.index.IndexWriter$$Lambda/0x00007fcd290c88d0
 884:           458           7328  org.apache.lucene.index.IndexWriter$$Lambda/0x00007fcd290ce278
 885:           458           7328  org.apache.lucene.index.IndexWriter$1
 886:           458           7328  org.apache.lucene.index.IndexWriter$IndexWriterMergeSource
 887:           458           7328  org.apache.lucene.search.UsageTrackingQueryCachingPolicy
 888:           458           7328  org.apache.lucene.util.SetOnce
 889:           458           7328  org.apache.lucene.util.SetOnce$Wrapper
 890:           458           7328  org.opensearch.security.configuration.DlsQueryParser
 891:             2           7320  [Ljava.lang.Character$UnicodeScript; (java.base@21.0.3)
 892:           457           7312  org.apache.lucene.misc.search.similarity.LegacyBM25Similarity
 893:           457           7312  org.apache.lucene.search.similarities.BooleanSimilarity
 894:           457           7312  org.opensearch.action.support.PlainActionFuture
 895:           457           7312  org.opensearch.common.FieldMemoryStats
 896:           457           7312  org.opensearch.common.lucene.index.OpenSearchDirectoryReader$SubReaderWrapper
 897:           457           7312  org.opensearch.core.action.ActionListener$$Lambda/0x00007fcd28290668
 898:           457           7312  org.opensearch.core.action.ActionListener$$Lambda/0x00007fcd28290888
 899:           457           7312  org.opensearch.index.IndexService$$Lambda/0x00007fcd2926a798
 900:           457           7312  org.opensearch.index.IndexService$BitsetCacheListener
 901:           457           7312  org.opensearch.index.IndexWarmer
 902:           457           7312  org.opensearch.index.IndexingSlowLog$$Lambda/0x00007fcd29254230
 903:           457           7312  org.opensearch.index.IndexingSlowLog$$Lambda/0x00007fcd29254460
 904:           457           7312  org.opensearch.index.IndexingSlowLog$$Lambda/0x00007fcd29254690
 905:           457           7312  org.opensearch.index.IndexingSlowLog$$Lambda/0x00007fcd292548c0
 906:           457           7312  org.opensearch.index.IndexingSlowLog$$Lambda/0x00007fcd29254af0
 907:           457           7312  org.opensearch.index.IndexingSlowLog$$Lambda/0x00007fcd29254d20
 908:           457           7312  org.opensearch.index.IndexingSlowLog$$Lambda/0x00007fcd29254f50
 909:           457           7312  org.opensearch.index.SearchSlowLog$$Lambda/0x00007fcd2924ec98
 910:           457           7312  org.opensearch.index.SearchSlowLog$$Lambda/0x00007fcd2924eec8
 911:           457           7312  org.opensearch.index.SearchSlowLog$$Lambda/0x00007fcd2924f0f8
 912:           457           7312  org.opensearch.index.SearchSlowLog$$Lambda/0x00007fcd2924f328
 913:           457           7312  org.opensearch.index.SearchSlowLog$$Lambda/0x00007fcd2924f558
 914:           457           7312  org.opensearch.index.SearchSlowLog$$Lambda/0x00007fcd2924f788
 915:           457           7312  org.opensearch.index.SearchSlowLog$$Lambda/0x00007fcd2924f9b8
 916:           457           7312  org.opensearch.index.SearchSlowLog$$Lambda/0x00007fcd2924fbe8
 917:           457           7312  org.opensearch.index.SearchSlowLog$$Lambda/0x00007fcd29254000
 918:           457           7312  org.opensearch.index.codec.CodecService
 919:           457           7312  org.opensearch.index.engine.InternalEngine$$Lambda/0x00007fcd292c8cb8
 920:           457           7312  org.opensearch.index.engine.InternalEngine$$Lambda/0x00007fcd292c9938
 921:           457           7312  org.opensearch.index.engine.InternalEngine$$Lambda/0x00007fcd29303000
 922:           457           7312  org.opensearch.index.engine.InternalEngine$$Lambda/0x00007fcd29303660
 923:           457           7312  org.opensearch.index.engine.InternalEngine$$Lambda/0x00007fcd29308858
 924:           457           7312  org.opensearch.index.engine.InternalEngine$$Lambda/0x00007fcd29309e30
 925:           457           7312  org.opensearch.index.engine.InternalEngine$$Lambda/0x00007fcd29329198
 926:           457           7312  org.opensearch.index.engine.InternalEngine$1
 927:           457           7312  org.opensearch.index.engine.InternalEngineFactory
 928:           457           7312  org.opensearch.index.engine.PrunePostingsMergePolicy$$Lambda/0x00007fcd2930bc00
 929:           457           7312  org.opensearch.index.mapper.DocumentMapperParser$$Lambda/0x00007fcd290a2870
 930:           457           7312  org.opensearch.index.mapper.DocumentMapperParser$$Lambda/0x00007fcd290a2ab0
 931:           457           7312  org.opensearch.index.mapper.IdFieldMapper$$Lambda/0x00007fcd290b3268
 932:           457           7312  org.opensearch.index.mapper.RootObjectMapper$TypeParser
 933:           457           7312  org.opensearch.index.shard.IndexShard$$Lambda/0x00007fcd29271df8
 934:           457           7312  org.opensearch.index.shard.IndexShard$$Lambda/0x00007fcd29273298
 935:           457           7312  org.opensearch.index.shard.IndexShard$$Lambda/0x00007fcd29275818
 936:           457           7312  org.opensearch.index.shard.IndexShard$$Lambda/0x00007fcd29275a48
 937:           457           7312  org.opensearch.index.shard.IndexShard$$Lambda/0x00007fcd29276098
 938:           457           7312  org.opensearch.index.shard.IndexShard$$Lambda/0x00007fcd292778f0
 939:           457           7312  org.opensearch.index.shard.IndexShard$$Lambda/0x00007fcd29277b10
 940:           457           7312  org.opensearch.index.shard.IndexShard$$Lambda/0x00007fcd2927d440
 941:           457           7312  org.opensearch.index.shard.IndexShard$$Lambda/0x00007fcd2927dcb0
 942:           457           7312  org.opensearch.index.shard.IndexShard$$Lambda/0x00007fcd2927e0f0
 943:           457           7312  org.opensearch.index.shard.IndexShard$$Lambda/0x00007fcd2927e768
 944:           457           7312  org.opensearch.index.shard.IndexShard$$Lambda/0x00007fcd29329a18
 945:           457           7312  org.opensearch.index.shard.InternalIndexingStats
 946:           457           7312  org.opensearch.index.similarity.SimilarityService$$Lambda/0x00007fcd290a0420
 947:           457           7312  org.opensearch.index.similarity.SimilarityService$$Lambda/0x00007fcd290a0a68
 948:           457           7312  org.opensearch.index.translog.InternalTranslogFactory
 949:           457           7312  org.opensearch.index.translog.ReplicationTranslogDeletionPolicy$$Lambda/0x00007fcd29001cd0
 950:           457           7312  org.opensearch.index.translog.TragicExceptionHolder
 951:           457           7312  org.opensearch.indices.IndicesService$$Lambda/0x00007fcd2924ea78
 952:           457           7312  org.opensearch.indices.IndicesService$$Lambda/0x00007fcd29255180
 953:           457           7312  org.opensearch.indices.IndicesService$$Lambda/0x00007fcd292553a0
 954:           457           7312  org.opensearch.indices.IndicesService$3
 955:           457           7312  org.opensearch.performanceanalyzer.listener.PerformanceAnalyzerSearchListener
 956:           457           7312  org.opensearch.security.OpenSearchSecurityPlugin$$Lambda/0x00007fcd2924b960
 957:           457           7312  org.opensearch.security.support.GuardedSearchOperationWrapper$InnerSearchOperationListener
 958:           297           7128  javax.management.ImmutableDescriptor (java.management@21.0.3)
 959:           295           7080  java.util.regex.Pattern$StartS (java.base@21.0.3)
 960:           433           6928  org.opensearch.common.inject.spi.ProviderLookup$ProviderImpl
 961:             2           6912  [Lorg.jcodings.unicode.UnicodeCodeRange;
 962:           123           6888  java.net.SocketPermission (java.base@21.0.3)
 963:           172           6880  org.opensearch.common.time.JavaDateFormatter
 964:           172           6880  org.opensearch.common.time.JavaDateFormatter$RoundUpFormatter
 965:           215           6880  sun.nio.fs.UnixFileKey (java.base@21.0.3)
 966:           428           6848  org.opensearch.action.support.HandledTransportAction$TransportHandler
 967:            57           6840  java.io.ObjectStreamClass (java.base@21.0.3)
 968:           213           6816  java.util.concurrent.LinkedTransferQueue$DualNode (java.base@21.0.3)
 969:            48           6792  [Ljava.lang.ClassValue$Entry; (java.base@21.0.3)
 970:           283           6792  org.opensearch.common.settings.Setting$$Lambda/0x00007fcd28090238
 971:           277           6752  [Lcom.fasterxml.jackson.databind.JavaType;
 972:           204           6528  org.opensearch.sql.expression.function.BuiltinFunctionName
 973:           401           6416  io.netty.channel.VoidChannelPromise$1
 974:           401           6416  io.netty.channel.nio.AbstractNioChannel$1
 975:           401           6416  org.opensearch.transport.netty4.Netty4TcpChannel$$Lambda/0x00007fcd29083b58
 976:           400           6400  io.netty.channel.DefaultMaxMessagesRecvByteBufAllocator$MaxMessageHandle$1
 977:           399           6384  io.netty.channel.nio.AbstractNioByteChannel$1
 978:           266           6384  org.opensearch.core.common.io.stream.NamedWriteableRegistry$Entry
 979:           399           6384  org.opensearch.transport.InboundAggregator$$Lambda/0x00007fcd29104d90
 980:           399           6384  org.opensearch.transport.TcpTransport$$Lambda/0x00007fcd290ff840
 981:           399           6384  org.opensearch.transport.netty4.Netty4MessageChannelHandler$$Lambda/0x00007fcd291009a0
 982:           399           6384  org.opensearch.transport.netty4.Netty4MessageChannelHandler$$Lambda/0x00007fcd29101660
 983:           399           6384  org.opensearch.transport.netty4.Netty4MessageChannelHandler$$Lambda/0x00007fcd291023e0
 984:           399           6384  org.opensearch.transport.netty4.Netty4Transport$$Lambda/0x00007fcd290fa388
 985:           399           6384  sun.security.ssl.HandshakeHash$CacheOnlyHash (java.base@21.0.3)
 986:           397           6352  org.opensearch.sql.expression.function.FunctionDSL$$Lambda/0x00007fcd28b2d3f8
 987:           158           6320  sun.reflect.generics.repository.MethodRepository (java.base@21.0.3)
 988:           263           6312  com.google.common.collect.ImmutableMapEntry
 989:           196           6272  jdk.internal.reflect.MethodHandleObjectFieldAccessorImpl (java.base@21.0.3)
 990:           195           6240  com.sun.jmx.mbeanserver.ConvertingMethod (java.management@21.0.3)
 991:           181           6016  [Ljava.lang.invoke.LambdaFormEditor$Transform; (java.base@21.0.3)
 992:           185           5920  org.opensearch.painless.lookup.PainlessConstructor
 993:            41           5904  org.opensearch.repositories.s3.async.SizeBasedBlockingQ$Consumer
 994:           121           5808  sun.security.rsa.RSAPublicKeyImpl (java.base@21.0.3)
 995:             3           5744  [[Lorg.opensearch.search.aggregations.bucket.terms.StringTerms$Bucket;
 996:           143           5720  org.opensearch.common.util.concurrent.ThreadContext$ThreadContextStruct
 997:           141           5640  org.opensearch.search.internal.ExitableDirectoryReader$ExitableLeafReader
 998:           351           5616  [Ljava.security.Principal; (java.base@21.0.3)
 999:           351           5616  java.security.ProtectionDomain$Key (java.base@21.0.3)
1000:           100           5600  java.util.stream.ReferencePipeline$Head (java.base@21.0.3)
1001:           233           5592  org.apache.logging.log4j.core.config.plugins.util.PluginType
1002:           345           5520  org.opensearch.sql.expression.function.FunctionDSL$$Lambda/0x00007fcd28b2d1a0
1003:           172           5504  sun.reflect.generics.tree.MethodTypeSignature (java.base@21.0.3)
1004:           226           5424  java.util.jar.Manifest (java.base@21.0.3)
1005:            75           5400  java.lang.invoke.BoundMethodHandle$Species_LLLLLLLLL (java.base@21.0.3)
1006:            75           5400  org.opensearch.index.mapper.DateFieldMapper
1007:            96           5376  java.util.concurrent.ConcurrentHashMap$ValueIterator (java.base@21.0.3)
1008:           134           5360  jdk.internal.ref.Cleaner (java.base@21.0.3)
1009:           134           5360  org.apache.logging.log4j.status.StatusData
1010:           328           5248  java.lang.Character$UnicodeBlock (java.base@21.0.3)
1011:           163           5216  com.fasterxml.jackson.core.io.SerializedString
1012:           163           5216  sun.security.x509.SubjectKeyIdentifierExtension (java.base@21.0.3)
1013:            65           5200  com.fasterxml.jackson.databind.deser.impl.FieldProperty
1014:           108           5184  com.fasterxml.jackson.databind.type.SimpleType
1015:           323           5168  org.opensearch.core.xcontent.AbstractObjectParser$$Lambda/0x00007fcd28487280
1016:           160           5120  java.net.HostPortrange (java.base@21.0.3)
1017:           320           5120  org.opensearch.common.time.OpenSearchDateTimeFormatter
1018:           160           5120  sun.security.x509.KeyUsageExtension (java.base@21.0.3)
1019:            53           5088  org.opensearch.common.util.concurrent.OpenSearchThreadPoolExecutor
1020:           210           5040  org.apache.lucene.analysis.pt.RSLPStemmerBase$Rule
1021:           210           5040  org.opensearch.core.xcontent.NamedXContentRegistry$Entry
1022:           157           5024  sun.security.x509.BasicConstraintsExtension (java.base@21.0.3)
1023:           208           4992  java.lang.ThreadLocal$ThreadLocalMap (java.base@21.0.3)
1024:            62           4960  com.fasterxml.jackson.databind.deser.impl.MethodProperty
1025:           155           4960  com.fasterxml.jackson.databind.type.TypeBindings
1026:            68           4896  com.fasterxml.jackson.databind.introspect.AnnotatedClass
1027:           304           4864  org.opensearch.sql.expression.function.FunctionDSL$$Lambda/0x00007fcd28b1abc0
1028:           148           4736  org.opensearch.OpenSearchException$OpenSearchExceptionHandle
1029:           148           4736  sun.nio.fs.NativeBuffer (java.base@21.0.3)
1030:           147           4704  java.lang.module.ModuleDescriptor$Requires (java.base@21.0.3)
1031:           195           4680  java.util.concurrent.ConcurrentSkipListMap$Index (java.base@21.0.3)
1032:           195           4680  org.opensearch.transport.TcpTransport$$Lambda/0x00007fcd291974d0
1033:           195           4680  sun.security.util.math.intpoly.IntegerPolynomial$ImmutableElement (java.base@21.0.3)
1034:           172           4624  [Lsun.reflect.generics.tree.TypeSignature; (java.base@21.0.3)
1035:            72           4608  java.lang.module.ModuleDescriptor (java.base@21.0.3)
1036:           190           4560  jdk.internal.module.ServicesCatalog$ServiceProvider (java.base@21.0.3)
1037:           283           4528  org.opensearch.common.settings.Setting$$Lambda/0x00007fcd28090000
1038:           141           4512  org.opensearch.security.configuration.DlsFlsFilterLeafReader$DlsGetEvaluator
1039:           187           4488  org.opensearch.common.settings.Setting$MinTimeValueParser
1040:            16           4480  java.util.concurrent.ConcurrentHashMap$CounterCell (java.base@21.0.3)
1041:           185           4440  org.opensearch.painless.spi.WhitelistConstructor
1042:           136           4352  java.util.HashMap$EntryIterator (java.base@21.0.3)
1043:           181           4344  org.opensearch.sql.expression.function.DefaultFunctionResolver
1044:           271           4336  org.opensearch.sql.expression.function.FunctionDSL$$Lambda/0x00007fcd28b19ef8
1045:           134           4288  java.nio.DirectByteBuffer$Deallocator (java.base@21.0.3)
1046:            67           4288  sun.security.ssl.SSLExtension (java.base@21.0.3)
1047:           107           4280  sun.util.locale.LocaleObjectCache$CacheEntry (java.base@21.0.3)
1048:           176           4224  sun.security.jca.ProviderList$ServiceList$1 (java.base@21.0.3)
1049:           151           4216  [Ljava.lang.reflect.TypeVariable; (java.base@21.0.3)
1050:            75           4200  org.opensearch.index.mapper.DateFieldMapper$DateFieldType
1051:           103           4120  org.jcodings.EncodingDB$Entry
1052:           256           4096  java.lang.Byte (java.base@21.0.3)
1053:           256           4096  java.lang.Short (java.base@21.0.3)
1054:            85           4080  org.opensearch.common.settings.Setting$AffixSetting
1055:            84           4032  java.lang.invoke.BoundMethodHandle$Species_LLLL (java.base@21.0.3)
1056:            42           4032  java.net.FactoryURLClassLoader (java.base@21.0.3)
1057:           207           4024  [Lcom.sun.jmx.mbeanserver.MXBeanMapping; (java.management@21.0.3)
1058:           165           3960  org.opensearch.rest.RestHandler$Route
1059:           165           3960  sun.security.util.BitArray (java.base@21.0.3)
1060:           165           3960  sun.security.util.Cache$EqualByteArray (java.base@21.0.3)
1061:           165           3960  sun.security.x509.CertificateValidity (java.base@21.0.3)
1062:           164           3936  java.lang.Character$UnicodeScript (java.base@21.0.3)
1063:            82           3936  org.opensearch.cluster.node.DiscoveryNode
1064:           164           3936  sun.security.x509.CertificateExtensions (java.base@21.0.3)
1065:            97           3880  org.opensearch.index.mapper.BooleanFieldMapper
1066:            97           3880  org.opensearch.index.mapper.BooleanFieldMapper$BooleanFieldType
1067:           241           3856  java.security.SecureClassLoader$CodeSourceKey (java.base@21.0.3)
1068:            33           3824  [Lcom.google.common.collect.ImmutableMapEntry;
1069:           158           3792  sun.reflect.generics.scope.MethodScope (java.base@21.0.3)
1070:            94           3760  java.lang.invoke.VarHandle$AccessDescriptor (java.base@21.0.3)
1071:            39           3744  com.fasterxml.jackson.databind.deser.BeanDeserializer
1072:            93           3720  com.sun.management.internal.DiagnosticCommandArgumentInfo (jdk.management@21.0.3)
1073:            77           3696  java.lang.invoke.BoundMethodHandle$Species_LJ (java.base@21.0.3)
1074:            42           3696  org.opensearch.plugins.ExtendedPluginsClassLoader
1075:           152           3648  org.apache.logging.log4j.core.time.MutableInstant
1076:           151           3624  com.fasterxml.jackson.databind.PropertyName
1077:           113           3616  [Lsun.nio.fs.NativeBuffer; (java.base@21.0.3)
1078:            75           3600  java.lang.invoke.BoundMethodHandle$Species_LLJ (java.base@21.0.3)
1079:           149           3576  org.apache.lucene.util.FixedBits
1080:           149           3576  org.opensearch.rest.DeprecationRestHandler
1081:           148           3552  sun.nio.fs.NativeBuffer$Deallocator (java.base@21.0.3)
1082:            88           3520  org.opensearch.common.settings.Setting$ListSetting
1083:            62           3472  com.fasterxml.jackson.databind.type.CollectionType
1084:            62           3472  jdk.internal.module.ModuleReferenceImpl (java.base@21.0.3)
1085:           102           3440  [Lcom.fasterxml.jackson.databind.introspect.AnnotationMap;
1086:            86           3440  org.opensearch.core.xcontent.ObjectParser
1087:            39           3432  com.fasterxml.jackson.databind.deser.std.StdValueInstantiator
1088:           143           3432  java.net.SocketPermissionCollection (java.base@21.0.3)
1089:           107           3424  jdk.internal.loader.NativeLibraries (java.base@21.0.3)
1090:           213           3408  sun.security.x509.KeyIdentifier (java.base@21.0.3)
1091:           141           3384  org.opensearch.common.lucene.ShardCoreKeyMap$$Lambda/0x00007fcd293c3c98
1092:           210           3360  java.time.format.DateTimeFormatterBuilder$CharLiteralPrinterParser (java.base@21.0.3)
1093:            59           3352  [Ljavax.management.MBeanAttributeInfo; (java.management@21.0.3)
1094:           139           3336  java.lang.management.LockInfo (java.management@21.0.3)
1095:            51           3264  javax.management.openmbean.OpenMBeanAttributeInfoSupport (java.management@21.0.3)
1096:           204           3264  org.opensearch.sql.expression.function.FunctionName
1097:           204           3264  org.opensearch.transport.TcpTransport$ChannelsConnectedListener$$Lambda/0x00007fcd29139920
1098:           202           3232  java.util.concurrent.ConcurrentHashMap$ValuesView (java.base@21.0.3)
1099:           101           3232  javax.management.MBeanAttributeInfo (java.management@21.0.3)
1100:           134           3216  java.lang.invoke.Invokers (java.base@21.0.3)
1101:            32           3200  [Lio.netty.buffer.PoolThreadCache$MemoryRegionCache;
1102:            22           3168  [Ljava.lang.invoke.MemberName; (java.base@21.0.3)
1103:           122           3168  [Ljava.util.Map$Entry; (java.base@21.0.3)
1104:            66           3168  org.opensearch.index.seqno.ReplicationTracker$CheckpointState
1105:            79           3160  org.opensearch.common.lucene.Lucene$DirectoryReaderWithAllLiveDocs$LeafReaderWithLiveDocs
1106:            28           3136  [Lio.netty.buffer.IntPriorityQueue;
1107:            98           3136  com.fasterxml.jackson.databind.introspect.AnnotatedConstructor
1108:            87           3128  [Lorg.joda.time.format.InternalParser;
1109:            11           3080  java.util.concurrent.atomic.Striped64$Cell (java.base@21.0.3)
1110:            77           3080  jdk.internal.vm.SharedThreadContainer (java.base@21.0.3)
1111:            24           3072  io.netty.util.internal.InternalThreadLocalMap
1112:            47           3008  java.lang.ClassValue$ClassValueMap (java.base@21.0.3)
1113:           187           2992  org.opensearch.common.settings.Setting$$Lambda/0x00007fcd280bcd38
1114:           184           2944  org.opensearch.common.settings.Setting$$Lambda/0x00007fcd280bcaf8
1115:           122           2928  org.opensearch.common.util.concurrent.ThreadContext$$Lambda/0x00007fcd28fdf490
1116:            36           2880  com.google.common.cache.LocalCache$Segment
1117:            60           2880  org.joda.time.format.DateTimeFormatter
1118:            72           2880  org.opensearch.cluster.metadata.AliasMetadata
1119:           176           2816  org.opensearch.common.inject.ConstantFactory
1120:            58           2784  javax.management.MBeanInfo (java.management@21.0.3)
1121:           115           2760  java.util.AbstractMap$SimpleImmutableEntry (java.base@21.0.3)
1122:           115           2760  java.util.PropertyPermissionCollection (java.base@21.0.3)
1123:           100           2744  [Ljavax.management.ObjectName$Property; (java.management@21.0.3)
1124:           170           2720  sun.security.x509.SerialNumber (java.base@21.0.3)
1125:           113           2712  com.fasterxml.jackson.databind.type.TypeBindings$AsKey
1126:           113           2712  com.google.common.collect.ImmutableMapEntry$NonTerminalImmutableMapEntry
1127:           111           2664  sun.nio.ch.Util$BufferCache (java.base@21.0.3)
1128:           110           2640  jdk.internal.loader.AbstractClassLoaderValue$Sub (java.base@21.0.3)
1129:           165           2640  sun.security.x509.CertificateAlgorithmId (java.base@21.0.3)
1130:           165           2640  sun.security.x509.CertificateSerialNumber (java.base@21.0.3)
1131:           165           2640  sun.security.x509.CertificateVersion (java.base@21.0.3)
1132:           165           2640  sun.security.x509.CertificateX509Key (java.base@21.0.3)
1133:            82           2624  com.fasterxml.jackson.databind.ser.impl.ReadOnlyClassToSerializerMap$Bucket
1134:            82           2624  com.fasterxml.jackson.databind.util.TypeKey
1135:            82           2624  org.opensearch.common.time.FormatNames
1136:            80           2560  java.lang.ClassValue$Entry (java.base@21.0.3)
1137:            32           2560  java.lang.invoke.BoundMethodHandle$Species_LLLLLLLLLLL (java.base@21.0.3)
1138:           160           2560  java.net.URLPermission$Authority (java.base@21.0.3)
1139:           160           2560  org.opensearch.common.settings.Setting$$Lambda/0x00007fcd2802c2f8
1140:            29           2552  org.apache.lucene.codecs.lucene90.Lucene90DocValuesProducer$TermsDict
1141:            14           2528  [Lcom.fasterxml.jackson.core.sym.CharsToNameCanonicalizer$Bucket;
1142:            79           2528  java.util.concurrent.locks.AbstractQueuedSynchronizer$ConditionNode (java.base@21.0.3)
1143:            79           2528  org.opensearch.performanceanalyzer.commons.stats.metrics.StatExceptionCode
1144:            63           2520  java.util.Collections$SingletonMap (java.base@21.0.3)
1145:           157           2512  java.util.Collections$UnmodifiableMap$UnmodifiableEntrySet$UnmodifiableEntry (java.base@21.0.3)
1146:            77           2464  java.security.AlgorithmParameters (java.base@21.0.3)
1147:           102           2448  com.fasterxml.jackson.core.util.BufferRecycler
1148:            16           2432  io.netty.channel.nio.NioEventLoop
1149:            76           2432  org.apache.lucene.analysis.pt.RSLPStemmerBase$RuleWithSuffixExceptions
1150:            74           2368  java.util.Locale (java.base@21.0.3)
1151:            95           2280  java.security.UnresolvedPermissionCollection (java.base@21.0.3)
1152:            95           2280  java.security.spec.ECPoint (java.base@21.0.3)
1153:            71           2272  sun.util.locale.BaseLocale (java.base@21.0.3)
1154:            47           2256  com.sun.management.internal.DiagnosticCommandInfo (jdk.management@21.0.3)
1155:           141           2256  org.opensearch.security.configuration.DlsFlsFilterLeafReader$HashingCallback
1156:           141           2256  org.opensearch.security.configuration.DlsFlsFilterLeafReader$MaskedFieldsMap
1157:            28           2240  io.netty.buffer.PoolChunk
1158:           140           2240  java.util.TreeSet (java.base@21.0.3)
1159:            70           2240  sun.security.x509.URIName (java.base@21.0.3)
1160:            92           2208  org.opensearch.core.xcontent.ConstructingObjectParser$ConstructorArgInfo
1161:            68           2176  java.lang.invoke.LambdaForm$Kind (java.base@21.0.3)
1162:            68           2176  org.opensearch.common.settings.Setting$$Lambda/0x00007fcd280c8fa0
1163:            54           2160  org.opensearch.threadpool.ThreadPool$Info
1164:            89           2136  java.util.ImmutableCollections$ListN (java.base@21.0.3)
1165:            89           2136  org.apache.logging.log4j.message.ParameterizedNoReferenceMessageFactory$StatusMessage
1166:            53           2120  sun.security.util.NamedCurve (java.base@21.0.3)
1167:            66           2112  org.joda.time.format.DateTimeFormatterBuilder$Composite
1168:            88           2112  org.opensearch.common.settings.Setting$ListKey
1169:            87           2088  java.time.LocalDateTime (java.base@21.0.3)
1170:            87           2088  org.opensearch.action.ActionType
1171:            47           2064  [Lorg.joda.time.format.InternalPrinter;
1172:           128           2048  java.lang.Character (java.base@21.0.3)
1173:            64           2048  org.apache.lucene.codecs.lucene99.Lucene99PostingsReader
1174:            64           2048  org.opensearch.Version
1175:            85           2040  java.util.Collections$UnmodifiableSortedSet (java.base@21.0.3)
1176:            85           2040  org.opensearch.common.settings.Setting$AffixKey
1177:            28           2016  java.lang.invoke.BoundMethodHandle$Species_LLLLLLLLLL (java.base@21.0.3)
1178:            42           2016  java.time.temporal.ValueRange (java.base@21.0.3)
1179:            84           2016  org.apache.logging.log4j.core.pattern.PatternFormatter
1180:            42           2016  org.opensearch.plugins.PluginInfo
1181:            50           2000  sun.security.x509.AuthorityKeyIdentifierExtension (java.base@21.0.3)
1182:            61           1952  jdk.internal.loader.BuiltinClassLoader$LoadedModule (java.base@21.0.3)
1183:            15           1944  [Lorg.opensearch.index.fielddata.LeafOrdinalsFieldData;
1184:           121           1936  org.opensearch.index.analysis.PreBuiltAnalyzerProvider
1185:             4           1928  [Lorg.jcodings.util.Hash$HashEntry;
1186:            40           1920  org.apache.lucene.util.packed.BulkOperationPacked
1187:            48           1920  org.opensearch.common.settings.Setting$LongParser
1188:            24           1920  sun.nio.ch.EPollSelectorImpl (java.base@21.0.3)
1189:            34           1904  sun.security.ssl.NamedGroup (java.base@21.0.3)
1190:            79           1896  java.util.Currency$OtherCurrencyEntry (java.base@21.0.3)
1191:            39           1872  com.fasterxml.jackson.databind.deser.impl.BeanPropertyMap
1192:            78           1872  org.opensearch.common.time.JavaDateMathParser
1193:            39           1872  org.opensearch.index.shard.ReplicationGroup
1194:            62           1864  [Ljava.io.ObjectStreamField; (java.base@21.0.3)
1195:            77           1848  javax.management.ObjectName$Property (java.management@21.0.3)
1196:            46           1840  org.opensearch.common.settings.Setting$DoubleParser
1197:            28           1792  java.util.zip.Deflater (java.base@21.0.3)
1198:            56           1792  joptsimple.internal.AbbreviationMap
1199:            28           1792  org.apache.logging.log4j.jul.CoreLogger
1200:            56           1792  org.opensearch.common.compress.DeflateCompressor$ReleasableReference
1201:            37           1776  java.util.concurrent.ConcurrentSkipListMap (java.base@21.0.3)
1202:            73           1752  com.google.common.collect.ImmutableMapEntry
1203:            54           1728  sun.reflect.annotation.AnnotationType (java.base@21.0.3)
1204:            43           1720  jdk.internal.loader.URLClassPath (java.base@21.0.3)
1205:            53           1696  java.security.spec.EllipticCurve (java.base@21.0.3)
1206:            42           1680  java.lang.WeakPairMap$Pair$Weak (java.base@21.0.3)
1207:           104           1664  org.opensearch.core.common.transport.TransportAddress
1208:            52           1664  sun.util.locale.BaseLocale$Key (java.base@21.0.3)
1209:            23           1656  sun.net.www.protocol.jar.URLJarFile (java.base@21.0.3)
1210:            41           1640  sun.security.ec.ECPublicKeyImpl (jdk.crypto.ec@21.0.3)
1211:            68           1632  org.opensearch.common.settings.Setting$$Lambda/0x00007fcd2853ec48
1212:            29           1624  com.fasterxml.jackson.databind.type.MapType
1213:            40           1600  java.util.EnumMap (java.base@21.0.3)
1214:            33           1584  java.lang.management.MemoryUsage (java.management@21.0.3)
1215:            66           1584  sun.security.ec.point.ProjectivePoint$Immutable (jdk.crypto.ec@21.0.3)
1216:            49           1568  java.util.TreeMap$KeyIterator (java.base@21.0.3)
1217:            49           1568  org.apache.logging.slf4j.Log4jLogger
1218:            49           1568  org.opensearch.index.analysis.PreConfiguredTokenFilter
1219:            39           1560  javax.management.MBeanOperationInfo (java.management@21.0.3)
1220:            65           1560  org.opensearch.common.util.concurrent.OpenSearchExecutors$OpenSearchThreadFactory
1221:            65           1560  org.opensearch.performanceanalyzer.commons.stats.eval.impl.Sum
1222:            64           1536  com.fasterxml.jackson.databind.introspect.AnnotatedClass$Creators
1223:            32           1536  java.util.logging.LogManager$LoggerWeakRef (java.logging@21.0.3)
1224:            96           1536  java.util.regex.Pattern$Begin (java.base@21.0.3)
1225:            48           1536  javax.management.MBeanParameterInfo (java.management@21.0.3)
1226:            32           1536  org.apache.lucene.analysis.snowball.SnowballFilter
1227:            64           1536  org.objectweb.asm.commons.Method
1228:            64           1536  org.opensearch.common.recycler.DequeRecycler
1229:            64           1536  org.opensearch.common.recycler.Recyclers$1
1230:            24           1536  sun.security.ec.SunEC$ProviderServiceA (jdk.crypto.ec@21.0.3)
1231:             1           1528  [Ljava.lang.Character$UnicodeBlock; (java.base@21.0.3)
1232:            63           1520  [Lorg.opensearch.common.time.OpenSearchDateTimeFormatter;
1233:            38           1520  java.math.BigDecimal (java.base@21.0.3)
1234:            27           1512  org.opensearch.monitor.jvm.JvmStats$MemoryPool
1235:            47           1504  com.sun.management.internal.DiagnosticCommandImpl$Wrapper (jdk.management@21.0.3)
1236:            47           1504  java.util.HashMap$ValueIterator (java.base@21.0.3)
1237:            47           1504  org.opensearch.core.rest.RestStatus
1238:            62           1488  com.facebook.presto.matching.pattern.TypeOfPattern
1239:            62           1488  java.lang.module.ModuleDescriptor$Provides (java.base@21.0.3)
1240:            62           1488  java.lang.module.ResolvedModule (java.base@21.0.3)
1241:            62           1488  jdk.internal.module.SystemModuleFinders$2 (java.base@21.0.3)
1242:            62           1488  jdk.internal.module.SystemModuleFinders$SystemModuleReader (java.base@21.0.3)
1243:            37           1480  java.time.format.DateTimeFormatterBuilder$NanosPrinterParser (java.base@21.0.3)
1244:            37           1480  org.opensearch.search.aggregations.bucket.terms.LongKeyedBucketOrds$FromMany$1
1245:            91           1456  org.opensearch.common.settings.Setting$$Lambda/0x00007fcd2802bc50
1246:            91           1456  org.opensearch.common.settings.Setting$ListSetting$$Lambda/0x00007fcd2802c0b8
1247:            91           1456  org.opensearch.core.xcontent.ConstructingObjectParser$$Lambda/0x00007fcd284b72c8
1248:            16           1448  [Ljava.lang.Byte; (java.base@21.0.3)
1249:             7           1448  [Lorg.apache.lucene.analysis.pt.RSLPStemmerBase$Rule;
1250:            30           1440  java.lang.invoke.VarHandleReferences$FieldInstanceReadWrite (java.base@21.0.3)
1251:            30           1440  java.time.temporal.ChronoField (java.base@21.0.3)
1252:            36           1440  java.util.regex.Pattern$Loop (java.base@21.0.3)
1253:            45           1440  javax.management.ObjectName (java.management@21.0.3)
1254:            45           1440  org.apache.logging.log4j.core.config.builder.api.Component
1255:            45           1440  org.opensearch.index.analysis.PreBuiltAnalyzerProviderFactory
1256:            45           1440  org.opensearch.plugins.SearchPlugin$AggregationSpec
1257:            42           1424  [Ljava.math.BigInteger; (java.base@21.0.3)
1258:            44           1408  org.apache.lucene.analysis.pt.RSLPStemmerBase$RuleWithSetExceptions
1259:            22           1408  sun.security.ssl.SignatureScheme (java.base@21.0.3)
1260:            48           1400  [Ljavax.management.MBeanOperationInfo; (java.management@21.0.3)
1261:            35           1400  org.opensearch.performanceanalyzer.commons.stats.metrics.StatMetrics
1262:            58           1392  java.time.LocalDate (java.base@21.0.3)
1263:            58           1392  org.opensearch.plugins.SearchPlugin$QuerySpec
1264:            87           1392  sun.security.x509.GeneralName (java.base@21.0.3)
1265:             1           1376  [Ljdk.internal.math.FDBigInteger; (java.base@21.0.3)
1266:            43           1376  java.security.UnresolvedPermission (java.base@21.0.3)
1267:             1           1368  [Lsun.security.ssl.CipherSuite; (java.base@21.0.3)
1268:            57           1368  com.fasterxml.jackson.core.sym.CharsToNameCanonicalizer$Bucket
1269:            34           1360  com.fasterxml.jackson.databind.MapperFeature
1270:            34           1360  com.fasterxml.jackson.databind.MapperFeature
1271:            34           1360  com.fasterxml.jackson.databind.MapperFeature
1272:            17           1360  com.fasterxml.jackson.databind.util.internal.PrivateMaxEntriesMap
1273:            17           1360  io.netty.buffer.PooledHeapByteBuf
1274:            42           1344  java.lang.WeakPairMap$Pair$Weak$1 (java.base@21.0.3)
1275:            21           1344  org.apache.logging.log4j.core.util.datetime.FixedDateFormat$FixedFormat
1276:            56           1344  org.apache.lucene.util.packed.DirectReader$DirectPackedReader1
1277:            55           1320  java.util.Collections$UnmodifiableCollection$1 (java.base@21.0.3)
1278:            33           1320  java.util.logging.Logger$ConfigurationData (java.logging@21.0.3)
1279:            55           1320  java.util.regex.Pattern$Bound (java.base@21.0.3)
1280:            41           1312  java.util.concurrent.FutureTask (java.base@21.0.3)
1281:            41           1312  java.util.concurrent.locks.AbstractQueuedSynchronizer$ExclusiveNode (java.base@21.0.3)
1282:            27           1296  com.fasterxml.jackson.databind.deser.std.StringCollectionDeserializer
1283:            54           1296  java.net.NetPermission (java.base@21.0.3)
1284:            27           1296  org.opensearch.script.ScriptCache
1285:            54           1296  org.opensearch.threadpool.ThreadPool$ExecutorHolder
1286:             4           1288  [Ljava.util.concurrent.atomic.AtomicLong; (java.base@21.0.3)
1287:            16           1280  [Lio.netty.handler.codec.CodecOutputList;
1288:            53           1272  java.util.regex.Pattern$Dollar (java.base@21.0.3)
1289:            53           1272  org.bouncycastle.asn1.ASN1ObjectIdentifier$OidHandle
1290:            79           1264  org.opensearch.sql.expression.function.FunctionDSL$$Lambda/0x00007fcd28b40848
1291:            40           1248  [Lcom.fasterxml.jackson.databind.deser.SettableBeanProperty;
1292:            22           1232  com.sun.crypto.provider.GCTR (java.base@21.0.3)
1293:            77           1232  org.opensearch.core.xcontent.NamedXContentRegistry$Entry$$Lambda/0x00007fcd28484208
1294:             8           1216  io.netty.channel.nio.NioEventLoop
1295:            15           1200  java.util.concurrent.ThreadPoolExecutor (java.base@21.0.3)
1296:            47           1184  [Lcom.sun.management.internal.DiagnosticCommandArgumentInfo; (jdk.management@21.0.3)
1297:            37           1184  org.opensearch.knn.plugin.stats.StatNames
1298:            21           1176  java.lang.invoke.BoundMethodHandle$Species_LLLJ (java.base@21.0.3)
1299:            73           1168  org.opensearch.common.settings.Setting$$Lambda/0x00007fcd2802c538
1300:            18           1152  [Lio.netty.util.internal.PriorityQueueNode;
1301:            24           1152  com.fasterxml.jackson.databind.ser.BeanSerializer
1302:            16           1152  com.fasterxml.jackson.databind.ser.std.MapSerializer
1303:             9           1152  com.google.common.cache.LocalCache
1304:            24           1152  java.lang.invoke.BoundMethodHandle$SpeciesData (java.base@21.0.3)
1305:            24           1152  java.util.Hashtable (java.base@21.0.3)
1306:            72           1152  java.util.concurrent.atomic.AtomicLongArray (java.base@21.0.3)
1307:            36           1152  org.apache.lucene.util.CollectionUtil$ListIntroSorter
1308:            48           1152  org.opensearch.common.settings.Setting$ByteSizeValueParser
1309:            36           1152  org.opensearch.sql.legacy.metrics.MetricName
1310:            18           1152  sun.security.ec.SunEC$ProviderService (jdk.crypto.ec@21.0.3)
1311:             2           1144  [Lsun.security.util.KnownOIDs; (java.base@21.0.3)
1312:            71           1136  org.opensearch.common.settings.Setting$$Lambda/0x00007fcd2802b7c8
1313:            28           1128  [Lorg.opensearch.common.settings.Setting;
1314:            47           1128  com.fasterxml.jackson.databind.ser.impl.PropertySerializerMap$Single
1315:            47           1128  sun.security.util.LazyCodeSourcePermissionCollection (java.base@21.0.3)
1316:            14           1120  com.fasterxml.jackson.databind.util.internal.PrivateMaxEntriesMap
1317:            28           1120  io.netty.buffer.LongLongHashMap
1318:            35           1120  java.util.ArrayList$Itr (java.base@21.0.3)
1319:            35           1120  org.opensearch.LegacyESVersion
1320:            46           1104  com.fasterxml.jackson.databind.introspect.TypeResolutionContext$Basic
1321:            46           1104  java.util.Arrays$ArrayItr (java.base@21.0.3)
1322:            46           1104  org.apache.logging.log4j.message.SimpleMessage
1323:            34           1088  java.util.concurrent.atomic.AtomicReferenceFieldUpdater$AtomicReferenceFieldUpdaterImpl (java.base@21.0.3)
1324:            68           1088  org.opensearch.common.settings.Setting$$Lambda/0x00007fcd280c8d60
1325:            34           1088  sun.security.ssl.Alert (java.base@21.0.3)
1326:            15           1080  com.fasterxml.jackson.databind.deser.std.MapDeserializer
1327:            27           1080  org.opensearch.monitor.jvm.JvmStats$BufferPool
1328:            27           1080  org.opensearch.painless.lookup.PainlessLookup
1329:            27           1080  org.opensearch.script.ScriptContext
1330:            15           1080  sun.security.ssl.SSLCipher (java.base@21.0.3)
1331:            15           1072  [Ljava.lang.StackTraceElement; (java.base@21.0.3)
1332:            26           1072  [Ljava.lang.invoke.MethodType; (java.base@21.0.3)
1333:             2           1056  [Lio.netty.buffer.PoolArena;
1334:            22           1056  io.netty.channel.DefaultChannelPromise
1335:            22           1056  java.io.ClassCache$CacheRef (java.base@21.0.3)
1336:            44           1056  java.lang.management.ManagementPermission (java.management@21.0.3)
1337:            33           1056  java.util.HashMap$KeyIterator (java.base@21.0.3)
1338:            66           1056  java.util.TreeMap$Values (java.base@21.0.3)
1339:            66           1056  org.apache.lucene.analysis.tokenattributes.KeywordAttributeImpl
1340:            33           1056  org.objectweb.asm.Type
1341:            66           1056  org.opensearch.common.settings.Setting$$Lambda/0x00007fcd2854d890
1342:            66           1056  sun.security.util.ECParameters (java.base@21.0.3)
1343:            11           1056  sun.util.calendar.Gregorian$Date (java.base@21.0.3)
1344:            12           1048  [D (java.base@21.0.3)
1345:             1           1040  [Ljava.lang.Integer; (java.base@21.0.3)
1346:             1           1040  [Ljava.lang.Long; (java.base@21.0.3)
1347:             1           1040  [Ljava.lang.Short; (java.base@21.0.3)
1348:            26           1040  com.sun.jmx.mbeanserver.MXBeanSupport (java.management@21.0.3)
1349:            13           1040  com.sun.jna.Structure$FFIType
1350:            65           1040  java.util.Collections$SingletonSet (java.base@21.0.3)
1351:            43           1032  com.sun.jmx.mbeanserver.PerInterface$MethodAndSig (java.management@21.0.3)
1352:            43           1032  org.apache.lucene.util.CharsRef
1353:            10           1024  [Ljava.io.ObjectInputStream$HandleTable$HandleList; (java.base@21.0.3)
1354:            32           1024  org.opensearch.core.xcontent.ConstructingObjectParser
1355:            32           1024  org.opensearch.security.securityconf.impl.v7.RoleV7
1356:            32           1024  sun.security.provider.PolicyFile (java.base@21.0.3)
1357:            32           1024  sun.security.provider.PolicyFile$PolicyInfo (java.base@21.0.3)
1358:            32           1024  sun.security.x509.DistributionPoint (java.base@21.0.3)
1359:            41           1008  [Ljavax.management.MBeanParameterInfo; (java.management@21.0.3)
1360:            14           1008  com.fasterxml.jackson.core.sym.ByteQuadsCanonicalizer
1361:            63           1008  com.fasterxml.jackson.databind.introspect.AnnotatedMethodMap
1362:            42           1008  java.time.format.DateTimeFormatterBuilder$OffsetIdPrinterParser (java.base@21.0.3)
1363:            42           1008  org.opensearch.semver.SemverRange
1364:            21           1008  org.opensearch.sql.legacy.metrics.RollingCounter
1365:            21           1008  sun.security.ssl.SSLHandshake (java.base@21.0.3)
1366:            63           1008  sun.security.x509.DNSName (java.base@21.0.3)
1367:            25           1000  org.opensearch.ratelimitting.admissioncontrol.transport.AdmissionControlTransportHandler
1368:            31            992  io.netty.channel.ChannelOption
1369:            31            992  java.lang.invoke.VarHandle$AccessMode (java.base@21.0.3)
1370:            31            992  java.security.Policy$PolicyDelegate (java.base@21.0.3)
1371:            31            992  java.util.stream.Collectors$CollectorImpl (java.base@21.0.3)
1372:            62            992  jdk.proxy2.$Proxy1 (jdk.proxy2)
1373:            31            992  org.opensearch.core.common.bytes.BytesArray
1374:            41            984  org.opensearch.common.settings.Setting$$Lambda/0x00007fcd280c4000
1375:            42            968  [Lsun.security.ssl.ProtocolVersion; (java.base@21.0.3)
1376:            24            960  [Ljava.lang.invoke.BoundMethodHandle$SpeciesData; (java.base@21.0.3)
1377:            12            960  java.lang.invoke.BoundMethodHandle$Species_LLLLLLLLLLLL (java.base@21.0.3)
1378:            24            960  java.nio.channels.ClosedChannelException (java.base@21.0.3)
1379:            24            960  java.util.Spliterators$ArraySpliterator (java.base@21.0.3)
1380:            20            960  javax.management.openmbean.ArrayType (java.management@21.0.3)
1381:            60            960  jdk.internal.module.SystemModuleFinders$3 (java.base@21.0.3)
1382:            12            960  jdk.internal.reflect.DelegatingClassLoader (java.base@21.0.3)
1383:            40            960  org.apache.logging.log4j.core.pattern.SimpleLiteralPatternConverter$StringValue
1384:            30            960  org.opensearch.core.xcontent.ObjectParser$ValueType
1385:            60            960  org.opensearch.indices.analysis.PreBuiltCacheFactory$PreBuiltCacheStrategyOne
1386:            30            960  org.opensearch.security.securityconf.ConfigModelV7$IndexPattern
1387:            24            960  org.opensearch.security.ssl.SecureSSLSettings$InsecureFallbackStringSetting
1388:            24            960  org.opensearch.securityanalytics.model.LogType
1389:            40            960  org.opensearch.sql.opensearch.setting.OpenSearchSettings$Updater
1390:            30            960  org.opensearch.timeseries.stats.StatNames
1391:            59            944  org.opensearch.common.settings.Setting$$Lambda/0x00007fcd280bf0d0
1392:            29            928  com.fasterxml.jackson.databind.DeserializationFeature
1393:            29            928  com.fasterxml.jackson.databind.DeserializationFeature
1394:            29            928  jdk.internal.reflect.MethodHandleBooleanFieldAccessorImpl (java.base@21.0.3)
1395:            58            928  org.opensearch.search.SearchModule$$Lambda/0x00007fcd287662c8
1396:            23            920  java.lang.reflect.AccessFlag (java.base@21.0.3)
1397:            23            920  org.opensearch.cluster.routing.RoutingNode
1398:            23            920  org.opensearch.security.support.ModuleType
1399:            38            912  java.time.format.DateTimeFormatterBuilder$ZoneIdPrinterParser (java.base@21.0.3)
1400:            38            912  org.apache.lucene.analysis.lv.LatvianStemmer$Affix
1401:            19            912  org.apache.lucene.util.automaton.Automaton
1402:            38            912  org.bouncycastle.jce.provider.BouncyCastleProvider$JcaCryptoService
1403:            19            912  org.opensearch.common.cache.Cache$Entry
1404:            38            912  org.opensearch.index.analysis.PreConfiguredTokenFilter$2
1405:            19            912  org.opensearch.security.securityconf.impl.SecurityDynamicConfiguration
1406:            14            896  com.fasterxml.jackson.core.sym.CharsToNameCanonicalizer
1407:            28            896  com.fasterxml.jackson.databind.DeserializationFeature
1408:            16            896  io.netty.buffer.PoolThreadCache
1409:            16            896  java.util.logging.Logger (java.logging@21.0.3)
1410:            16            896  javax.management.openmbean.OpenMBeanParameterInfoSupport (java.management@21.0.3)
1411:            28            896  org.apache.logging.log4j.jul.WrappedLogger
1412:            28            896  org.opensearch.common.util.concurrent.OpenSearchExecutors$ExecutorScalingQueue
1413:            37            888  java.time.Duration (java.base@21.0.3)
1414:            22            880  com.google.common.collect.RegularImmutableMap
1415:            22            880  org.opensearch.threadpool.Scheduler$ReschedulingRunnable
1416:            27            864  com.sun.jmx.mbeanserver.WeakIdentityHashMap$IdentityWeakReference (java.management@21.0.3)
1417:            27            864  java.util.logging.LogManager$LogNode (java.logging@21.0.3)
1418:            36            864  java.util.regex.Pattern$Prolog (java.base@21.0.3)
1419:            54            864  org.opensearch.common.settings.Setting$$Lambda/0x00007fcd280c4240
1420:            54            864  org.opensearch.common.settings.Setting$$Lambda/0x00007fcd280c4480
1421:            27            864  org.opensearch.monitor.jvm.JvmStats$GarbageCollector
1422:            27            864  org.opensearch.monitor.jvm.JvmStats$MemoryPoolGcStats
1423:            27            864  org.opensearch.script.ScriptCache$TokenBucketState
1424:            35            840  com.google.common.collect.ImmutableMapEntry$NonTerminalImmutableMapEntry
1425:            21            840  org.opensearch.cluster.metadata.ComposableIndexTemplate
1426:            35            840  org.opensearch.cluster.service.ClusterManagerTaskThrottler$ThrottlingKey
1427:            35            840  org.opensearch.knn.plugin.stats.KNNStat
1428:            35            840  org.opensearch.search.aggregations.support.ValuesSourceRegistry$RegistryKey
1429:            35            840  org.opensearch.sql.legacy.metrics.NumericMetric
1430:            23            832  [Lcom.fasterxml.jackson.databind.ser.BeanPropertyWriter;
1431:             1            832  [Lorg.opensearch.sql.expression.function.BuiltinFunctionName;
1432:            26            832  com.fasterxml.jackson.databind.SerializationFeature
1433:            26            832  com.fasterxml.jackson.databind.SerializationFeature
1434:            26            832  com.fasterxml.jackson.databind.SerializationFeature
1435:            26            832  java.io.ObjectInputStream$FieldValues (java.base@21.0.3)
1436:            26            832  java.util.stream.ReduceOps$3ReducingSink (java.base@21.0.3)
1437:            13            832  org.jcp.xml.dsig.internal.dom.XMLDSigRI$ProviderService (java.xml.crypto@21.0.3)
1438:            26            832  org.opensearch.action.admin.cluster.node.stats.NodesStatsRequest$Metric
1439:            52            832  org.opensearch.common.lifecycle.Lifecycle
1440:            26            832  org.opensearch.security.securityconf.impl.v7.ActionGroupsV7
1441:            26            832  org.opensearch.threadpool.ScalingExecutorBuilder
1442:            51            816  jdk.proxy2.$Proxy7 (jdk.proxy2)
1443:            34            816  org.opensearch.timeseries.stats.TimeSeriesStat
1444:            17            816  org.opensearch.transport.TcpTransport$NodeChannels
1445:            25            800  java.util.concurrent.atomic.AtomicLongFieldUpdater$CASUpdater (java.base@21.0.3)
1446:            25            800  org.opensearch.indices.fielddata.cache.IndicesFieldDataCache$IndexFieldCache
1447:            11            792  org.apache.logging.log4j.core.config.LoggerConfig
1448:            11            792  org.opensearch.action.support.replication.ReplicationTask
1449:            14            784  java.util.stream.ReferencePipeline$2 (java.base@21.0.3)
1450:            14            784  javax.management.openmbean.CompositeType (java.management@21.0.3)
1451:            32            768  [Ljdk.internal.access.JavaSecurityAccess$ProtectionDomainCache; (java.base@21.0.3)
1452:            16            768  com.fasterxml.jackson.databind.ser.impl.IndexedListSerializer
1453:            32            768  com.sun.jmx.mbeanserver.DefaultMXBeanMappingFactory$IdentityMapping (java.management@21.0.3)
1454:            12            768  io.github.resilience4j.retry.internal.RetryImpl
1455:            24            768  org.opensearch.threadpool.FixedExecutorBuilder$$Lambda/0x00007fcd2851d548
1456:            32            768  sun.security.x509.AccessDescription (java.base@21.0.3)
1457:            24            768  sun.security.x509.CRLDistributionPointsExtension (java.base@21.0.3)
1458:            48            768  sun.security.x509.GeneralNames (java.base@21.0.3)
1459:            24            768  sun.security.x509.OIDMap$OIDInfo (java.base@21.0.3)
1460:            31            744  com.facebook.presto.matching.Property
1461:            31            744  com.facebook.presto.matching.PropertyPattern
1462:            31            744  com.facebook.presto.matching.pattern.CapturePattern
1463:            31            744  com.facebook.presto.matching.pattern.WithPattern
1464:            31            744  java.io.ObjectStreamClass$FieldReflectorKey (java.base@21.0.3)
1465:            31            744  java.security.Provider$EngineDescription (java.base@21.0.3)
1466:            31            744  java.util.regex.Pattern$$Lambda/0x00007fcd2815f490 (java.base@21.0.3)
1467:            31            744  org.opensearch.sql.expression.function.FunctionDSL$$Lambda/0x00007fcd28b308a8
1468:            23            736  org.joda.time.DateTimeFieldType$StandardDateTimeFieldType
1469:            23            736  org.opensearch.performanceanalyzer.commons.metrics.AllMetrics$ShardStatsValue
1470:            23            736  org.opensearch.security.securityconf.impl.v7.RoleV7$Index
1471:            23            736  org.yaml.snakeyaml.tokens.Token$ID
1472:            23            728  [Ljava.lang.annotation.ElementType; (java.base@21.0.3)
1473:            13            728  com.fasterxml.jackson.databind.deser.std.CollectionDeserializer
1474:            13            728  java.util.stream.ReferencePipeline$3 (java.base@21.0.3)
1475:            30            720  com.google.common.collect.ImmutableMapEntry
1476:            15            720  java.util.Currency$SpecialCaseEntry (java.base@21.0.3)
1477:            15            720  java.util.concurrent.LinkedBlockingQueue (java.base@21.0.3)
1478:            30            720  java.util.zip.Deflater$DeflaterZStreamRef (java.base@21.0.3)
1479:            15            720  org.apache.lucene.index.OrdinalMap
1480:            18            720  org.apache.lucene.util.automaton.CharacterRunAutomaton
1481:            45            720  org.bouncycastle.pqc.jcajce.provider.sphincsplus.SPHINCSPlusKeyFactorySpi
1482:            18            720  org.opensearch.cluster.NodeConnectionsService$ConnectionTarget
1483:            30            720  org.opensearch.common.inject.internal.MatcherAndConverter
1484:            30            720  org.opensearch.script.ScriptCache$CompilationRate
1485:            45            720  org.opensearch.search.SearchModule$$Lambda/0x00007fcd287a65d8
1486:            18            720  org.opensearch.security.securityconf.impl.v7.RoleMappingsV7
1487:            18            720  sun.security.util.MemoryCache (java.base@21.0.3)
1488:            22            704  java.lang.invoke.VarForm (java.base@21.0.3)
1489:            22            704  java.lang.reflect.ClassFileFormatVersion (java.base@21.0.3)
1490:            11            704  java.security.SecureRandom (java.base@21.0.3)
1491:            22            704  java.util.concurrent.atomic.AtomicIntegerFieldUpdater$AtomicIntegerFieldUpdaterImpl (java.base@21.0.3)
1492:            22            704  org.opensearch.common.settings.Setting$FloatParser
1493:            22            704  org.opensearch.sql.common.setting.Settings$Key
1494:            29            696  java.lang.ProcessEnvironment$Value (java.base@21.0.3)
1495:            29            696  java.lang.ProcessEnvironment$Variable (java.base@21.0.3)
1496:            29            696  java.util.BitSet (java.base@21.0.3)
1497:            29            696  org.opensearch.common.settings.Setting$2
1498:            29            696  sun.security.x509.PolicyInformation (java.base@21.0.3)
1499:            43            688  org.opensearch.action.support.nodes.TransportNodesAction$NodeTransportHandler
1500:            17            680  org.opensearch.common.settings.SecureSetting$SecureStringSetting
1501:            17            680  org.opensearch.transport.ClusterConnectionManager$$Lambda/0x00007fcd2918df98
1502:            17            680  org.opensearch.transport.TcpTransport$ChannelCloseLogger
1503:            17            680  org.opensearch.transport.TcpTransport$ChannelsConnectedListener
1504:            17            680  org.opensearch.transport.TransportHandshaker$HandshakeResponseHandler
1505:            17            680  sun.security.ssl.CipherSuite$KeyExchange (java.base@21.0.3)
1506:            14            672  com.fasterxml.jackson.databind.type.SimpleType
1507:            14            672  com.fasterxml.jackson.databind.type.SimpleType
1508:            28            672  com.sun.jmx.mbeanserver.NamedObject (java.management@21.0.3)
1509:            21            672  java.lang.invoke.MethodHandles$Lookup (java.base@21.0.3)
1510:             6            672  java.util.GregorianCalendar (java.base@21.0.3)
1511:            28            672  java.util.concurrent.LinkedTransferQueue (java.base@21.0.3)
1512:            28            672  java.util.regex.Pattern$$Lambda/0x00007fcd2815f238 (java.base@21.0.3)
1513:            42            672  jdk.proxy4.$Proxy23 (jdk.proxy4)
1514:            21            672  sun.security.x509.CertificatePoliciesExtension (java.base@21.0.3)
1515:            41            656  jdk.proxy5.$Proxy36 (jdk.proxy5)
1516:            27            648  com.google.common.collect.ImmutableMapEntry
1517:            27            648  java.time.LocalTime (java.base@21.0.3)
1518:            27            648  javax.naming.ldap.Rdn$RdnEntry (java.naming@21.0.3)
1519:            27            648  org.joni.constants.internal.TokenType
1520:            27            648  org.opensearch.common.inject.TypeConverterBindingProcessor$6
1521:            27            648  org.opensearch.painless.Compiler
1522:            27            648  org.opensearch.script.ScriptMetrics
1523:            27            648  org.opensearch.script.ScriptService$$Lambda/0x00007fcd28708a90
1524:            20            640  java.lang.invoke.SimpleMethodHandle (java.base@21.0.3)
1525:            40            640  jdk.proxy2.$Proxy12 (jdk.proxy2)
1526:            40            640  org.opensearch.indices.analysis.PreBuiltCacheFactory$PreBuiltCacheStrategyLucene
1527:            40            640  org.opensearch.ingest.ProcessorInfo
1528:            16            640  org.opensearch.painless.spi.WhitelistClassBinding
1529:             3            624  [Ljava.lang.invoke.LambdaForm; (java.base@21.0.3)
1530:            13            624  com.fasterxml.jackson.core.JsonToken
1531:            26            624  java.security.spec.ECFieldF2m (java.base@21.0.3)
1532:            13            624  org.opensearch.common.settings.Setting$GroupSetting
1533:            39            624  org.opensearch.index.analysis.PreConfiguredTokenFilter$$Lambda/0x00007fcd2869df98
1534:             7            616  org.opensearch.painless.lookup.PainlessLookupBuilder$BridgeLoader
1535:            19            608  com.fasterxml.jackson.core.JsonParser$Feature
1536:            19            608  com.fasterxml.jackson.databind.BeanProperty$Std
1537:            38            608  org.opensearch.index.analysis.PreBuiltAnalyzerProviderFactory$$Lambda/0x00007fcd286a8510
1538:            19            608  org.opensearch.rest.RestHandler$ReplacedRoute
1539:            25            600  [Lorg.opensearch.index.fielddata.IndexFieldDataCache$Listener;
1540:            15            600  com.fasterxml.jackson.databind.deser.SettableAnyProperty$MethodAnyProperty
1541:            25            600  java.lang.ThreadLocal$SuppliedThreadLocal (java.base@21.0.3)
1542:            25            600  org.opensearch.common.unit.SizeValue
1543:            15            600  org.opensearch.index.fielddata.ordinals.GlobalOrdinalsIndexFieldData
1544:            25            600  sun.reflect.generics.repository.FieldRepository (java.base@21.0.3)
1545:            25            600  sun.security.x509.Extension (java.base@21.0.3)
1546:            21            576  [Lcom.google.common.collect.ImmutableMapEntry;
1547:             2            576  [Ljava.lang.Character; (java.base@21.0.3)
1548:            24            576  io.netty.channel.ChannelOutboundBuffer$2
1549:            24            576  java.io.ObjectStreamClass$ClassDataSlot (java.base@21.0.3)
1550:            24            576  java.lang.NamedPackage (java.base@21.0.3)
1551:            18            576  java.security.cert.PolicyQualifierInfo (java.base@21.0.3)
1552:             4            576  java.text.DecimalFormat (java.base@21.0.3)
1553:            36            576  javax.security.auth.x500.X500Principal (java.base@21.0.3)
1554:            24            576  org.opensearch.core.xcontent.ConstructingObjectParser$$Lambda/0x00007fcd287b8800
1555:            18            576  org.opensearch.security.dlic.rest.api.RequestHandler$RequestHandlersBuilder
1556:            24            576  org.opensearch.threadpool.FixedExecutorBuilder
1557:            24            576  sun.security.ssl.SSLEngineOutputRecord$RecordMemo (java.base@21.0.3)
1558:             6            560  [Lcom.google.common.collect.ImmutableMapEntry;
1559:            14            560  com.fasterxml.jackson.core.sym.ByteQuadsCanonicalizer$TableInfo
1560:            14            560  com.sun.jmx.mbeanserver.PerInterface (java.management@21.0.3)
1561:             7            560  java.util.concurrent.TimeUnit (java.base@21.0.3)
1562:            14            560  javax.management.openmbean.SimpleType (java.management@21.0.3)
1563:            35            560  jdk.proxy4.$Proxy19 (jdk.proxy4)
1564:             5            560  org.apache.logging.log4j.core.appender.rolling.RollingFileManager
1565:            14            560  org.greenrobot.eventbus.SubscriberMethod
1566:            14            560  org.opensearch.cluster.block.ClusterBlock
1567:            14            560  org.opensearch.performanceanalyzer.commons.stats.metrics.CollectorMetrics
1568:            10            560  org.opensearch.security.transport.SecurityRequestHandler
1569:            10            560  sun.invoke.util.Wrapper (java.base@21.0.3)
1570:            14            560  sun.util.locale.provider.LocaleResources$ResourceReference (java.base@21.0.3)
1571:            23            552  java.util.stream.MatchOps$1MatchSink (java.base@21.0.3)
1572:            23            552  org.opensearch.common.util.concurrent.SizeBlockingQueue
1573:            17            544  io.netty.util.concurrent.DefaultPromise
1574:            17            544  org.opensearch.action.support.ThreadedActionListener
1575:            34            544  org.opensearch.core.xcontent.ObjectParser$$Lambda/0x00007fcd284b6a60
1576:            17            544  org.opensearch.sql.data.type.ExprCoreType
1577:            17            544  org.opensearch.transport.ClusterConnectionManager$$Lambda/0x00007fcd2918e5f8
1578:            17            544  org.opensearch.transport.ClusterConnectionManager$$Lambda/0x00007fcd29194f50
1579:             1            528  [Lcom.fasterxml.jackson.databind.ser.impl.ReadOnlyClassToSerializerMap$Bucket;
1580:            10            528  [Lcom.google.common.collect.ImmutableMapEntry;
1581:             1            528  [Ljava.util.concurrent.ForkJoinPool$WorkQueue; (java.base@21.0.3)
1582:            22            528  com.google.common.collect.ImmutableMapEntry
1583:            11            528  io.protostuff.runtime.RuntimeReflectionFieldFactory$13$1
1584:            22            528  org.opensearch.cluster.metadata.Template
1585:            11            528  org.opensearch.search.aggregations.support.ValueType
1586:            22            528  org.opensearch.threadpool.ThreadPool$$Lambda/0x00007fcd28546bb8
1587:            22            528  org.opensearch.threadpool.ThreadPool$$Lambda/0x00007fcd28546de8
1588:            13            520  com.fasterxml.jackson.core.json.JsonReadFeature
1589:            13            520  org.opensearch.common.util.BigArrays$ByteArrayWrapper
1590:             5            520  sun.util.calendar.ImmutableGregorianDate (java.base@21.0.3)
1591:            23            512  [Ljavax.management.MBeanNotificationInfo; (java.management@21.0.3)
1592:             8            512  com.sun.security.sasl.Provider$ProviderService (java.security.sasl@21.0.3)
1593:            16            512  io.netty.buffer.PoolThreadCache$NormalMemoryRegionCache
1594:            16            512  io.netty.handler.codec.CodecOutputList$CodecOutputLists
1595:            16            512  java.io.ByteArrayInputStream (java.base@21.0.3)
1596:            16            512  java.net.Inet6Address$Inet6AddressHolder (java.base@21.0.3)
1597:            32            512  java.security.ProtectionDomain$JavaSecurityAccessImpl$1 (java.base@21.0.3)
1598:            16            512  java.time.temporal.ChronoUnit (java.base@21.0.3)
1599:            16            512  org.bouncycastle.jcajce.provider.asymmetric.compositesignatures.CompositeSignaturesConstants$CompositeName
1600:            16            512  org.opensearch.action.admin.indices.stats.CommonStatsFlags$Flag
1601:            16            512  org.opensearch.knn.plugin.stats.KNNCounter
1602:            16            512  org.opensearch.painless.lookup.PainlessClassBinding
1603:            16            512  org.opensearch.plugins.SearchPlugin$PipelineAggregationSpec
1604:             7            504  org.apache.lucene.codecs.lucene99.Lucene99Codec
1605:            21            504  org.apache.lucene.search.BooleanClause
1606:            21            504  org.joda.time.format.DateTimeFormatterBuilder$MatchingParser
1607:            21            504  org.opensearch.SpecialPermission
1608:            21            504  org.opensearch.common.inject.TypeConverterBindingProcessor$5
1609:            21            504  org.opensearch.core.action.ActionListener$4
1610:            21            504  org.opensearch.index.analysis.PreConfiguredTokenizer$$Lambda/0x00007fcd29256e08
1611:            21            504  org.opensearch.index.analysis.TokenizerFactory$1
1612:             9            504  org.opensearch.monitor.jvm.JvmStats$Mem
1613:            21            504  sun.security.x509.AVAKeyword (java.base@21.0.3)
1614:            31            496  com.facebook.presto.matching.Capture
1615:            31            496  com.google.common.collect.RegularImmutableList
1616:            31            496  java.security.URIParameter (java.base@21.0.3)
1617:            31            496  org.opensearch.common.util.concurrent.OpenSearchAbortPolicy
1618:            31            496  org.opensearch.core.xcontent.AbstractObjectParser$$Lambda/0x00007fcd284bdcf8
1619:            31            496  sun.security.provider.PolicySpiFile (java.base@21.0.3)
1620:            19            488  [Lsun.security.ssl.NamedGroup$NamedGroupSpec; (java.base@21.0.3)
1621:             3            480  [Lorg.opensearch.performanceanalyzer.commons.stats.metrics.StatMetrics;
1622:             5            480  com.fasterxml.jackson.databind.DeserializationConfig
1623:            20            480  com.google.common.cache.LocalCache$AccessQueue$1
1624:            20            480  com.google.common.cache.LocalCache$WriteQueue$1
1625:            12            480  com.google.common.collect.RegularImmutableMap
1626:            12            480  com.sun.jmx.mbeanserver.DefaultMXBeanMappingFactory$CompositeMapping (java.management@21.0.3)
1627:            12            480  io.github.resilience4j.core.IntervalFunction$$Lambda/0x00007fcd28b91800
1628:            12            480  io.github.resilience4j.retry.RetryConfig
1629:            15            480  io.netty.util.internal.logging.Log4J2Logger
1630:            12            480  java.lang.OutOfMemoryError (java.base@21.0.3)
1631:            12            480  org.apache.lucene.analysis.core.DecimalDigitFilter
1632:            20            480  org.apache.lucene.index.SegmentDocValuesProducer
1633:            20            480  org.apache.lucene.util.FixedBitSet
1634:            12            480  org.joni.Syntax
1635:            15            480  org.opensearch.common.settings.Setting$AffixSetting$2
1636:            30            480  org.opensearch.index.mapper.ParametrizedFieldMapper$TypeParser
1637:            15            480  org.opensearch.indices.fielddata.cache.IndicesFieldDataCache$Key
1638:            20            480  org.opensearch.security.securityconf.ConfigModelV7$SecurityRole
1639:            12            480  org.opensearch.security.securityconf.impl.v7.InternalUserV7
1640:            12            480  org.opensearch.security.ssl.SecureSSLSettings$SSLSetting
1641:            15            480  org.opensearch.sql.common.setting.LegacySettings$Key
1642:            20            480  org.opensearch.sql.legacy.esdomain.LocalClusterState$$Lambda/0x00007fcd28b16740
1643:            29            464  sun.security.x509.CertificatePolicyId (java.base@21.0.3)
1644:            19            456  java.util.LinkedHashMap$LinkedKeySet (java.base@21.0.3)
1645:            19            456  kotlin.coroutines.CombinedContext
1646:            19            456  org.apache.lucene.util.automaton.Automaton$1
1647:            19            456  org.apache.lucene.util.automaton.Automaton$2
1648:            19            456  org.opensearch.dashboards.OpenSearchDashboardsPlugin$OpenSearchDashboardsWrappedRestHandler
1649:            19            456  org.opensearch.index.analysis.PreConfiguredTokenFilter$1
1650:            19            456  org.opensearch.ml.common.FunctionName
1651:             3            456  org.opensearch.search.aggregations.bucket.terms.GlobalOrdinalsStringTermsAggregator
1652:            19            456  org.opensearch.security.securityconf.impl.Meta
1653:             7            448  [Lorg.apache.logging.log4j.core.pattern.PatternFormatter;
1654:            14            448  com.fasterxml.jackson.core.sym.CharsToNameCanonicalizer$TableInfo
1655:            14            448  com.sun.jna.Structure$FFIType$size_t
1656:            14            448  io.protostuff.WireFormat$FieldType
1657:             8            448  java.util.Properties (java.base@21.0.3)
1658:            14            448  java.util.Vector (java.base@21.0.3)
1659:             7            448  java.util.jar.JarVerifier (java.base@21.0.3)
1660:            28            448  jdk.proxy2.$Proxy29 (jdk.proxy2)
1661:            28            448  jdk.proxy7.$Proxy38 (jdk.proxy7)
1662:            14            448  org.apache.lucene.util.packed.BulkOperationPackedSingleBlock
1663:            28            448  org.joda.time.format.InternalParserDateTimeParser
1664:            28            448  org.opensearch.common.compress.DeflateCompressor$$Lambda/0x00007fcd29093b00
1665:            28            448  org.opensearch.common.compress.DeflateCompressor$$Lambda/0x00007fcd290b6250
1666:             8            448  org.opensearch.common.util.BigLongArray
1667:            28            448  org.opensearch.common.util.concurrent.OpenSearchExecutors$ForceQueuePolicy
1668:            14            448  org.opensearch.search.asynchronous.context.state.AsynchronousSearchTransition
1669:             8            448  sun.management.MemoryPoolImpl (java.management@21.0.3)
1670:            14            448  sun.reflect.generics.repository.ConstructorRepository (java.base@21.0.3)
1671:            14            448  sun.security.x509.AuthorityInfoAccessExtension (java.base@21.0.3)
1672:             5            440  com.fasterxml.jackson.databind.SerializationConfig
1673:             5            440  java.text.DecimalFormatSymbols (java.base@21.0.3)
1674:            11            440  java.util.HashMap$ValueSpliterator (java.base@21.0.3)
1675:            11            440  javax.net.ssl.SSLEngineResult (java.base@21.0.3)
1676:            11            440  org.joni.Syntax$MetaCharTable
1677:            11            440  org.opensearch.common.inject.ConstructorBindingImpl
1678:            11            440  org.opensearch.index.fielddata.IndexNumericFieldData$NumericType
1679:            11            440  sun.security.ssl.Plaintext (java.base@21.0.3)
1680:            11            440  sun.util.resources.Bundles$BundleReference (java.base@21.0.3)
1681:             1            432  [[[C (java.base@21.0.3)
1682:            18            432  com.fasterxml.jackson.databind.ser.impl.PropertySerializerMap$TypeAndSerializer
1683:             6            432  com.sun.crypto.provider.GaloisCounterMode$GCMEncrypt (java.base@21.0.3)
1684:             9            432  java.lang.invoke.MethodHandleImpl$IntrinsicMethodHandle (java.base@21.0.3)
1685:            27            432  java.security.spec.ECFieldFp (java.base@21.0.3)
1686:            18            432  java.text.DateFormat$Field (java.base@21.0.3)
1687:            18            432  javax.management.StandardMBean (java.management@21.0.3)
1688:            27            432  javax.naming.ldap.Rdn (java.naming@21.0.3)
1689:            18            432  org.apache.logging.log4j.core.pattern.FormattingInfo
1690:             6            432  org.apache.lucene.backward_codecs.lucene95.Lucene95Codec
1691:            18            432  org.opensearch.action.support.PlainListenableActionFuture
1692:            18            432  org.opensearch.cluster.NodeConnectionsService$ConnectionTarget$1
1693:             3            432  org.opensearch.common.util.concurrent.QueueResizingOpenSearchThreadPoolExecutor
1694:             9            432  org.opensearch.index.mapper.DynamicTemplate
1695:             9            432  org.opensearch.monitor.jvm.JvmStats
1696:            27            432  org.opensearch.script.ScriptCache$ScriptCacheRemovalListener
1697:            18            432  org.opensearch.security.dlic.rest.api.Endpoint
1698:            18            432  org.opensearch.timeseries.cluster.TimeSeriesNodeInfo
1699:            18            432  org.opensearch.transport.TransportActionProxy$ProxyRequestHandler
1700:             2            416  [Lorg.apache.lucene.util.packed.BulkOperation;
1701:            13            416  com.fasterxml.jackson.core.JsonGenerator$Feature
1702:            13            416  java.util.ArrayList$ArrayListSpliterator (java.base@21.0.3)
1703:            13            416  javax.management.MBeanServerPermission (java.management@21.0.3)
1704:            26            416  jdk.proxy1.$Proxy10 (jdk.proxy1)
1705:            13            416  org.opensearch.knn.index.Parameter$IntegerParameter
1706:            26            416  org.opensearch.rest.action.admin.cluster.RestNodesStatsAction$$Lambda/0x00007fcd28fc5ac8
1707:            13            416  sun.security.jca.ProviderConfig (java.base@21.0.3)
1708:            17            408  [Ljava.io.ObjectStreamClass$ClassDataSlot; (java.base@21.0.3)
1709:            17            408  com.fasterxml.jackson.databind.util.LRUMap
1710:            17            408  com.fasterxml.jackson.databind.util.internal.LinkedDeque
1711:            17            408  com.google.common.collect.ImmutableMapEntry$NonTerminalImmutableMapEntry
1712:            17            408  com.google.gson.internal.bind.TypeAdapters$30
1713:            17            408  io.netty.util.internal.DefaultPriorityQueue
1714:            17            408  java.util.concurrent.LinkedBlockingQueue$Node (java.base@21.0.3)
1715:            17            408  org.apache.lucene.index.DocumentsWriterDeleteQueue$TermNode
1716:            17            408  org.opensearch.common.util.concurrent.CountDown
1717:            17            408  org.opensearch.common.util.concurrent.ListenableFuture
1718:            17            408  org.opensearch.common.util.concurrent.RunOnce
1719:            17            408  org.opensearch.transport.ClusterConnectionManager$$Lambda/0x00007fcd290f6f00
1720:            17            408  org.opensearch.transport.ClusterConnectionManager$$Lambda/0x00007fcd2913b148
1721:            17            408  org.opensearch.transport.TransportService$$Lambda/0x00007fcd29183de0
1722:            17            408  sun.nio.ch.OptionKey (java.base@21.0.3)
1723:            17            408  sun.nio.ch.SocketOptionRegistry$RegistryKey (java.base@21.0.3)
1724:            17            408  sun.security.util.DisabledAlgorithmConstraints$DisabledConstraint (java.base@21.0.3)
1725:             5            400  com.fasterxml.jackson.databind.util.internal.PrivateMaxEntriesMap
1726:            25            400  io.netty.util.concurrent.DefaultPromise$CauseHolder
1727:            25            400  jdk.proxy6.$Proxy37 (jdk.proxy6)
1728:            10            400  org.opensearch.security.securityconf.impl.CType
1729:             7            392  org.opensearch.transport.TcpTransportChannel
1730:             7            392  sun.nio.cs.StreamEncoder (java.base@21.0.3)
1731:             6            384  [Lorg.opensearch.sql.planner.optimizer.Rule;
1732:             4            384  com.fasterxml.jackson.databind.DeserializationConfig
1733:             6            384  com.fasterxml.jackson.databind.cfg.BaseSettings
1734:            12            384  com.fasterxml.jackson.dataformat.yaml.YAMLGenerator$Feature
1735:             8            384  com.google.common.collect.SingletonImmutableBiMap
1736:             8            384  com.sun.jna.Structure$StructField
1737:            24            384  io.github.resilience4j.core.predicate.PredicateCreator$$Lambda/0x00007fcd28b920c8
1738:            12            384  io.github.resilience4j.retry.internal.RetryImpl$RetryEventProcessor
1739:             6            384  io.netty.channel.ChannelOutboundBuffer$Entry
1740:            16            384  io.netty.resolver.AddressResolverGroup$1
1741:            16            384  io.netty.resolver.DefaultNameResolver
1742:            16            384  io.netty.resolver.InetSocketAddressResolver
1743:            16            384  io.netty.util.internal.ThreadExecutorMap$1
1744:            16            384  io.netty.util.internal.ThreadExecutorMap$2
1745:             8            384  java.lang.reflect.ProxyGenerator$PrimitiveTypeInfo (java.base@21.0.3)
1746:            16            384  java.net.Inet6Address (java.base@21.0.3)
1747:            16            384  java.time.Instant (java.base@21.0.3)
1748:            12            384  jdk.internal.reflect.MethodHandleLongFieldAccessorImpl (java.base@21.0.3)
1749:             6            384  org.apache.logging.log4j.core.layout.PatternLayout
1750:            16            384  org.apache.lucene.search.Multiset
1751:            12            384  org.joda.time.format.DateTimeFormatterBuilder$PaddedNumber
1752:            12            384  org.opensearch.action.admin.cluster.node.info.NodesInfoRequest$Metric
1753:             4            384  org.opensearch.cluster.metadata.Metadata
1754:            16            384  org.opensearch.cluster.routing.UnassignedInfo$Reason
1755:            24            384  org.opensearch.common.inject.matcher.Matchers$IdenticalTo
1756:            16            384  org.opensearch.core.tasks.TaskId
1757:            24            384  org.opensearch.core.xcontent.ConstructingObjectParser$$Lambda/0x00007fcd284b6830
1758:            16            384  org.opensearch.indices.SystemIndexDescriptor
1759:             2            384  org.opensearch.repositories.s3.S3Repository
1760:            16            384  org.opensearch.sql.expression.function.FunctionDSL$$Lambda/0x00007fcd28b32160
1761:            24            384  org.opensearch.threadpool.FixedExecutorBuilder$$Lambda/0x00007fcd2851d310
1762:            24            384  sun.nio.ch.EventFD (java.base@21.0.3)
1763:            24            384  sun.nio.ch.Util$2 (java.base@21.0.3)
1764:            12            384  sun.security.x509.ExtendedKeyUsageExtension (java.base@21.0.3)
1765:             6            384  sun.text.RuleBasedBreakIterator (java.base@21.0.3)
1766:            19            368  [Ljavax.management.MBeanConstructorInfo; (java.management@21.0.3)
1767:            12            368  [Lorg.apache.lucene.util.packed.PackedInts$Reader;
1768:            23            368  java.time.Clock$SystemClock (java.base@21.0.3)
1769:            23            368  org.opensearch.cluster.routing.RoutingNode$BucketedShards
1770:            23            368  org.opensearch.sql.opensearch.client.OpenSearchNodeClient
1771:             5            360  [Lorg.opensearch.security.auditlog.impl.AuditCategory;
1772:             5            360  com.fasterxml.jackson.databind.ObjectMapper
1773:             5            360  com.fasterxml.jackson.databind.deser.DefaultDeserializationContext$Impl
1774:             5            360  com.fasterxml.jackson.databind.introspect.AnnotatedClass
1775:             5            360  com.fasterxml.jackson.databind.introspect.AnnotatedClass
1776:             5            360  com.fasterxml.jackson.databind.ser.DefaultSerializerProvider$Impl
1777:             5            360  com.sun.crypto.provider.GaloisCounterMode$GCMDecrypt (java.base@21.0.3)
1778:             9            360  io.protostuff.runtime.RuntimeReflectionFieldFactory$9$1
1779:             9            360  java.io.ObjectStreamClass$FieldReflector (java.base@21.0.3)
1780:             9            360  java.lang.invoke.VarHandleInts$FieldInstanceReadWrite (java.base@21.0.3)
1781:             1            360  java.util.concurrent.ForkJoinPool (java.base@21.0.3)
1782:            15            360  kotlin.annotation.AnnotationTarget
1783:            15            360  kotlin.annotation.AnnotationTarget
1784:             9            360  org.apache.logging.log4j.core.pattern.DatePatternConverter
1785:            15            360  org.apache.lucene.index.OrdinalMap$SegmentMap
1786:            15            360  org.opensearch.action.support.IndicesOptions
1787:            15            360  org.opensearch.common.bytes.ReleasableBytesReference
1788:            15            360  org.opensearch.index.analysis.PreConfiguredTokenizer
1789:            15            360  org.opensearch.ml.common.model.MLModelState
1790:             9            360  org.opensearch.ml.engine.indices.MLIndex
1791:             9            360  org.opensearch.monitor.jvm.JvmStats$Classes
1792:             9            360  org.opensearch.securityanalytics.logtype.LogTypeService
1793:            15            360  org.yaml.snakeyaml.nodes.Tag
1794:             9            360  sun.security.ssl.ProtocolVersion (java.base@21.0.3)
1795:             2            352  [Ljava.time.LocalDateTime; (java.base@21.0.3)
1796:             4            352  com.fasterxml.jackson.databind.SerializationConfig
1797:            22            352  io.netty.channel.$Proxy53
1798:            11            352  io.netty.util.concurrent.DefaultPromise
1799:            11            352  io.protostuff.runtime.ArraySchemas$PojoArray
1800:             4            352  java.lang.invoke.BoundMethodHandle$Species_LLLLLLLLLLLLLL (java.base@21.0.3)
1801:            11            352  javax.management.MBeanNotificationInfo (java.management@21.0.3)
1802:            22            352  jdk.proxy1.$Proxy0 (jdk.proxy1)
1803:            11            352  org.joda.time.format.DateTimeFormatterBuilder$FixedNumber
1804:             4            352  org.opensearch.action.support.replication.ReplicationOperation
1805:            11            352  org.opensearch.common.settings.Setting$MinMaxTimeValueParser
1806:            22            352  org.opensearch.core.xcontent.AbstractObjectParser$$Lambda/0x00007fcd284b7708
1807:            11            352  org.opensearch.security.auditlog.config.AuditConfig$Filter$FilterEntries
1808:            11            352  sun.security.ssl.SSLSecretDerivation$SecretSchedule (java.base@21.0.3)
1809:            11            352  sun.security.x509.SubjectAlternativeNameExtension (java.base@21.0.3)
1810:            11            352  sun.util.resources.Bundles$CacheKey (java.base@21.0.3)
1811:             1            344  [Lorg.opensearch.common.time.FormatNames;
1812:             4            336  [Lcom.google.common.collect.ImmutableMapEntry;
1813:            14            336  [Ljava.io.ObjectInputStream$FieldValues; (java.base@21.0.3)
1814:            14            336  [Lorg.opensearch.common.lease.Releasable;
1815:             1            336  [Lorg.opensearch.performanceanalyzer.commons.stats.metrics.StatExceptionCode;
1816:             5            336  [Lsun.invoke.util.Wrapper; (java.base@21.0.3)
1817:             6            336  com.fasterxml.jackson.databind.type.IterationType
1818:            14            336  com.fasterxml.jackson.databind.util.LRUMap
1819:            14            336  com.fasterxml.jackson.databind.util.internal.LinkedDeque
1820:            21            336  io.netty.util.internal.TypeParameterMatcher$ReflectiveMatcher
1821:            14            336  java.lang.Double (java.base@21.0.3)
1822:             6            336  java.nio.DirectLongBufferU (java.base@21.0.3)
1823:             7            336  java.util.regex.Pattern$GroupCurly (java.base@21.0.3)
1824:            14            336  java.util.stream.ReferencePipeline$2$1 (java.base@21.0.3)
1825:            21            336  jdk.proxy1.$Proxy5 (jdk.proxy1)
1826:             2            336  kotlinx.coroutines.scheduling.CoroutineScheduler$Worker
1827:            14            336  org.greenrobot.eventbus.Subscription
1828:            14            336  org.opensearch.sql.spark.client.EMRServerlessClientFactoryImpl
1829:            14            336  sun.reflect.generics.scope.ConstructorScope (java.base@21.0.3)
1830:             6            320  [Lcom.fasterxml.jackson.core.SerializableString;
1831:             4            320  [Lcom.google.common.collect.HashBiMap$BiEntry;
1832:             4            320  [Lorg.opensearch.common.recycler.Recycler;
1833:             4            320  [Lsun.security.ec.point.ProjectivePoint$Immutable; (jdk.crypto.ec@21.0.3)
1834:             4            320  com.fasterxml.jackson.databind.MappingJsonFactory
1835:             4            320  com.fasterxml.jackson.databind.MappingJsonFactory
1836:             5            320  com.fasterxml.jackson.databind.cfg.BaseSettings
1837:            20            320  com.google.common.cache.LocalCache$AccessQueue
1838:             4            320  com.google.common.cache.LocalCache$Segment
1839:            10            320  com.google.common.cache.LocalCache$StrongEntry
1840:            20            320  com.google.common.cache.LocalCache$WriteQueue
1841:             8            320  com.sun.jna.Function
1842:             8            320  io.protostuff.runtime.RuntimeReflectionFieldFactory$4$1
1843:             8            320  io.protostuff.runtime.RuntimeReflectionFieldFactory$7$1
1844:            10            320  java.time.temporal.WeekFields$ComputedDayOfField (java.base@21.0.3)
1845:             8            320  jdk.internal.loader.NativeLibraries$NativeLibraryImpl (java.base@21.0.3)
1846:            20            320  jdk.internal.misc.InternalLock (java.base@21.0.3)
1847:             5            320  org.apache.logging.log4j.core.appender.RollingFileAppender
1848:             5            320  org.apache.logging.log4j.core.appender.rolling.PatternProcessor
1849:             8            320  org.apache.lucene.analysis.util.ElisionFilter
1850:             8            320  org.apache.lucene.search.BooleanQuery
1851:            10            320  org.opensearch.cluster.metadata.IndexAbstraction$Alias
1852:             8            320  org.opensearch.common.io.stream.BytesStreamOutput
1853:            10            320  org.opensearch.core.common.io.stream.InputStreamStreamInput
1854:            10            320  org.opensearch.performanceanalyzer.commons.metrics.RTFMetrics$ShardStatsValue
1855:             8            320  org.opensearch.search.aggregations.bucket.terms.TermsAggregator$BucketCountThresholds
1856:            10            320  org.opensearch.timeseries.model.ProfileName
1857:            10            320  org.opensearch.timeseries.model.TaskState
1858:             8            320  sun.management.MemoryPoolImpl$CollectionSensor (java.management@21.0.3)
1859:             8            320  sun.management.MemoryPoolImpl$PoolSensor (java.management@21.0.3)
1860:             8            320  sun.security.ssl.SSLSessionContextImpl (java.base@21.0.3)
1861:            10            320  sun.security.util.DisabledAlgorithmConstraints$KeySizeConstraint (java.base@21.0.3)
1862:             4            320  sun.text.DictionaryBasedBreakIterator (java.base@21.0.3)
1863:             6            312  [Lcom.fasterxml.jackson.databind.cfg.CoercionAction;
1864:            13            312  com.fasterxml.jackson.databind.type.LogicalType
1865:            13            312  com.fasterxml.jackson.databind.type.LogicalType
1866:            13            312  com.fasterxml.jackson.databind.type.LogicalType
1867:            13            312  com.sun.jna.Pointer
1868:             3            312  java.lang.invoke.BoundMethodHandle$Species_LLLLLLLLLLLLLLLLL (java.base@21.0.3)
1869:            13            312  java.lang.reflect.ReflectPermission (java.base@21.0.3)
1870:            13            312  java.util.stream.ReferencePipeline$3$1 (java.base@21.0.3)
1871:            13            312  org.opensearch.action.bulk.BackoffPolicy$ExponentialBackoff
1872:            13            312  org.opensearch.performanceanalyzer.commons.stats.eval.impl.NamedCounter
1873:            13            312  org.opensearch.security.auditlog.impl.AuditCategory
1874:            13            312  sun.reflect.generics.tree.Wildcard (java.base@21.0.3)
1875:            19            304  jdk.proxy4.$Proxy25 (jdk.proxy4)
1876:            19            304  org.opensearch.common.settings.Setting$$Lambda/0x00007fcd280c7718
1877:             2            304  org.opensearch.monitor.fs.FsInfo$DeviceStats
1878:            19            304  org.opensearch.sql.expression.function.RelevanceFunctionResolver
1879:             9            288  [Lcom.google.common.cache.LocalCache$Segment;
1880:             1            288  [Ljava.lang.invoke.LambdaForm$Kind; (java.base@21.0.3)
1881:             9            288  [Lorg.opensearch.monitor.jvm.JvmStats$GarbageCollector;
1882:             1            288  [Lsun.security.ssl.SSLExtension; (java.base@21.0.3)
1883:             4            288  com.fasterxml.jackson.databind.ObjectMapper
1884:             4            288  com.fasterxml.jackson.databind.deser.DefaultDeserializationContext$Impl
1885:             4            288  com.fasterxml.jackson.databind.ser.DefaultSerializerProvider$Impl
1886:            12            288  com.google.common.cache.LongAddables$PureJavaLongAddable
1887:             6            288  com.google.common.collect.ArrayListMultimap
1888:            12            288  com.google.common.collect.ImmutableMapEntry$NonTerminalImmutableMapEntry
1889:             6            288  io.netty.buffer.UnpooledHeapByteBuf
1890:             9            288  io.netty.util.AttributeKey
1891:             9            288  io.protostuff.WireFormat$JavaType
1892:             9            288  io.protostuff.runtime.DefaultIdStrategy$Lazy
1893:             6            288  io.protostuff.runtime.RuntimeReflectionFieldFactory$15$1
1894:            12            288  java.io.SerialCallbackContext (java.base@21.0.3)
1895:            12            288  java.lang.ClassValue$Version (java.base@21.0.3)
1896:            12            288  java.lang.annotation.ElementType (java.base@21.0.3)
1897:             3            288  java.lang.invoke.BoundMethodHandle$Species_LLLLLLLLLLLLLLLL (java.base@21.0.3)
1898:             9            288  java.lang.invoke.VarHandleByteArrayAsLongs$ArrayHandle (java.base@21.0.3)
1899:            12            288  java.net.StandardSocketOptions$StdSocketOption (java.base@21.0.3)
1900:            12            288  java.time.Month (java.base@21.0.3)
1901:            12            288  java.util.function.Predicate$$Lambda/0x00007fcd289f1800 (java.base@21.0.3)
1902:             9            288  java.util.logging.Level (java.logging@21.0.3)
1903:             9            288  java.util.logging.Level$KnownLevel (java.logging@21.0.3)
1904:             6            288  java.util.stream.StreamOpFlag (java.base@21.0.3)
1905:             9            288  jdk.internal.org.objectweb.asm.Type (java.base@21.0.3)
1906:             6            288  org.apache.logging.log4j.core.config.AppenderControl
1907:             9            288  org.apache.logging.log4j.core.pattern.DatePatternConverter$CachedTime
1908:             4            288  org.apache.lucene.analysis.core.LetterTokenizer
1909:             6            288  org.apache.lucene.util.packed.MonotonicLongValues
1910:            12            288  org.bouncycastle.asn1.x509.AlgorithmIdentifier
1911:            12            288  org.joda.time.DurationFieldType$StandardDurationFieldType
1912:            18            288  org.joda.time.format.DateTimeFormatterBuilder$CharacterLiteral
1913:             9            288  org.opensearch.cluster.ClusterState$Metric
1914:            18            288  org.opensearch.cluster.NodeConnectionsService$ConnectionTarget$2
1915:             9            288  org.opensearch.cluster.routing.Preference
1916:            12            288  org.opensearch.ingest.geoip.GeoIpProcessor$Property
1917:            12            288  org.opensearch.ml.stats.MLStat
1918:             9            288  org.opensearch.painless.spi.Whitelist
1919:            18            288  org.opensearch.plugins.AnalysisPlugin$1
1920:            18            288  org.opensearch.security.dlic.rest.api.AbstractApiAction$$Lambda/0x00007fcd28fe5230
1921:            12            288  org.opensearch.security.dlic.rest.api.RequestHandler$RequestHandlersBuilder$$Lambda/0x00007fcd28fed608
1922:             9            288  org.opensearch.security.securityconf.impl.HttpRequestMethods
1923:            12            288  org.opensearch.sql.opensearch.monitor.OpenSearchMemoryHealthy
1924:            12            288  org.opensearch.sql.opensearch.monitor.OpenSearchResourceMonitor
1925:            12            288  org.opensearch.sql.opensearch.storage.OpenSearchStorageEngine
1926:            12            288  sun.reflect.generics.reflectiveObjects.WildcardTypeImpl (java.base@21.0.3)
1927:             9            288  sun.util.logging.PlatformLogger$Level (java.base@21.0.3)
1928:             7            280  [Lorg.joni.ast.QuantifierNode$ReduceType;
1929:             5            280  [Lorg.opensearch.security.securityconf.impl.HttpRequestMethods;
1930:             7            280  com.fasterxml.jackson.core.StreamWriteFeature
1931:             7            280  com.google.common.collect.RegularImmutableMap
1932:             7            280  com.google.common.collect.RegularImmutableMap
1933:             7            280  java.util.HashMap$EntrySpliterator (java.base@21.0.3)
1934:             7            280  org.apache.lucene.search.LRUQueryCache$CachingWrapperWeight
1935:             5            280  org.opensearch.cluster.ClusterStateObserver
1936:             5            280  org.opensearch.indices.IndicesQueryCache$Stats
1937:             7            280  org.opensearch.security.support.ModuleInfo
1938:             2            272  [Lcom.fasterxml.jackson.databind.DeserializationFeature;
1939:             2            272  [Lcom.fasterxml.jackson.databind.DeserializationFeature;
1940:            17            272  jdk.proxy3.$Proxy26 (jdk.proxy3)
1941:            17            272  org.opensearch.transport.ClusterConnectionManager$$Lambda/0x00007fcd2918db58
1942:            17            272  org.opensearch.transport.TcpTransport$ChannelsConnectedListener$$Lambda/0x00007fcd29105fa8
1943:            17            272  org.opensearch.transport.TcpTransport$ChannelsConnectedListener$$Lambda/0x00007fcd29106c68
1944:            17            272  org.opensearch.transport.TransportActionProxy$$Lambda/0x00007fcd28ddeae0
1945:            17            272  org.opensearch.transport.TransportActionProxy$$Lambda/0x00007fcd28ddef30
1946:            17            272  org.opensearch.transport.TransportHandshaker$$Lambda/0x00007fcd29107c38
1947:            11            264  com.fasterxml.jackson.annotation.JsonFormat$Feature
1948:            11            264  com.fasterxml.jackson.annotation.JsonFormat$Shape
1949:            11            264  com.fasterxml.jackson.annotation.JsonFormat$Shape
1950:            11            264  com.fasterxml.jackson.annotation.JsonFormat$Shape
1951:            11            264  com.sun.crypto.provider.GHASH (java.base@21.0.3)
1952:            11            264  io.protostuff.runtime.ArraySchemas$PojoArray$1
1953:            11            264  java.lang.invoke.MethodHandleImpl$Intrinsic (java.base@21.0.3)
1954:            11            264  java.util.regex.Pattern$$Lambda/0x00007fcd282ee200 (java.base@21.0.3)
1955:            11            264  javax.crypto.spec.GCMParameterSpec (java.base@21.0.3)
1956:            11            264  org.apache.logging.log4j.Level
1957:            11            264  org.apache.logging.log4j.core.util.datetime.FastDateParser$StrategyAndWidth
1958:            11            264  org.apache.lucene.search.ConstantScoreQuery
1959:            11            264  org.bouncycastle.jcajce.provider.asymmetric.ec.KeyFactorySpi$EC
1960:            11            264  org.opensearch.common.inject.internal.MoreTypes$ParameterizedTypeImpl
1961:            11            264  org.opensearch.common.settings.Setting$Property
1962:            11            264  org.opensearch.core.action.ActionListener$3
1963:            11            264  org.opensearch.index.shard.IndexShardOperationPermits$$Lambda/0x00007fcd2937b470
1964:            11            264  org.opensearch.timeseries.util.SecurityClientUtil
1965:            11            264  org.opensearch.transport.RequestHandlerRegistry$$Lambda/0x00007fcd29199060
1966:            11            264  org.opensearch.transport.TaskTransportChannel
1967:            11            264  org.yaml.snakeyaml.events.Event$ID
1968:             2            256  [Lcom.fasterxml.jackson.databind.DeserializationFeature;
1969:             5            256  [Lcom.fasterxml.jackson.databind.cfg.CoercionAction;
1970:             2            256  [Lio.protostuff.runtime.Field;
1971:             2            256  com.google.common.cache.LocalCache
1972:            16            256  io.netty.buffer.PoolThreadCache$FreeOnFinalize
1973:            16            256  io.netty.channel.nio.NioEventLoop$1
1974:            16            256  io.netty.util.concurrent.SingleThreadEventExecutor$4
1975:             1            256  io.protostuff.runtime.DefaultIdStrategy
1976:             8            256  java.math.RoundingMode (java.base@21.0.3)
1977:            16            256  java.nio.channels.spi.AbstractSelector$1 (java.base@21.0.3)
1978:             4            256  java.text.DateFormatSymbols (java.base@21.0.3)
1979:             8            256  java.util.Random (java.base@21.0.3)
1980:             8            256  joptsimple.OptionSpecBuilder
1981:             8            256  org.apache.logging.log4j.spi.StandardLevel
1982:            16            256  org.bouncycastle.jcajce.provider.asymmetric.compositesignatures.KeyFactorySpi
1983:             4            256  org.opensearch.cluster.ClusterState
1984:            16            256  org.opensearch.common.settings.Setting$$Lambda/0x00007fcd280bec58
1985:            16            256  org.opensearch.common.settings.Setting$$Lambda/0x00007fcd283967c8
1986:             8            256  org.opensearch.common.settings.Setting$GroupSetting$1
1987:            16            256  org.opensearch.common.settings.Setting$MemorySizeValueParser
1988:             4            256  org.opensearch.index.engine.Engine$Searcher
1989:             8            256  org.opensearch.knn.index.MethodComponent
1990:            16            256  org.opensearch.knn.plugin.stats.suppliers.KNNCounterSupplier
1991:             4            256  org.opensearch.monitor.fs.FsInfo$Path
1992:            16            256  org.opensearch.rest.action.admin.cluster.RestNodesStatsAction$$Lambda/0x00007fcd28fc5f20
1993:            16            256  org.opensearch.rest.action.admin.indices.RestIndicesStatsAction$$Lambda/0x00007fcd28fcaef0
1994:            16            256  org.opensearch.search.SearchModule$$Lambda/0x00007fcd28848218
1995:             8            256  org.opensearch.security.securityconf.impl.v7.ConfigV7$AuthcDomain
1996:             4            256  org.opensearch.security.support.Base64JDKHelper$SafeObjectInputStream
1997:            16            256  org.opensearch.sql.expression.function.FunctionDSL$$Lambda/0x00007fcd28b30218
1998:            16            256  org.opensearch.sql.expression.function.FunctionDSL$$Lambda/0x00007fcd28b494c0
1999:            16            256  org.opensearch.sql.spark.config.SparkExecutionEngineConfigSupplierImpl
2000:             8            256  sun.security.ssl.EphemeralKeyManager$EphemeralKeyPair (java.base@21.0.3)
2001:             1            248  org.opensearch.search.DefaultSearchContext
2002:             2            240  [Lcom.fasterxml.jackson.databind.SerializationFeature;
2003:             2            240  [Lcom.fasterxml.jackson.databind.SerializationFeature;
2004:             2            240  [Lcom.fasterxml.jackson.databind.SerializationFeature;
2005:             5            240  [Ljava.lang.invoke.LambdaForm$NamedFunction; (java.base@21.0.3)
2006:             3            240  [Ljava.time.ZoneOffset; (java.base@21.0.3)
2007:             6            240  com.fasterxml.jackson.core.StreamReadFeature
2008:             6            240  com.fasterxml.jackson.core.json.JsonWriteFeature
2009:            10            240  com.fasterxml.jackson.databind.cfg.CoercionInputShape
2010:            10            240  com.fasterxml.jackson.databind.cfg.CoercionInputShape
2011:            10            240  com.fasterxml.jackson.databind.cfg.CoercionInputShape
2012:             5            240  com.fasterxml.jackson.databind.introspect.BasicBeanDescription
2013:             5            240  com.fasterxml.jackson.databind.introspect.BasicBeanDescription
2014:             5            240  com.fasterxml.jackson.databind.introspect.BasicBeanDescription
2015:             5            240  com.google.common.collect.HashBiMap$BiEntry
2016:            15            240  com.google.common.collect.SingletonImmutableSet
2017:             5            240  com.google.common.io.BaseEncoding$Alphabet
2018:             5            240  com.sun.jna.internal.Cleaner$CleanerRef
2019:             6            240  io.netty.buffer.UnpooledSlicedByteBuf
2020:             6            240  io.protostuff.runtime.RuntimeReflectionFieldFactory$8$1
2021:             6            240  java.io.BufferedWriter (java.base@21.0.3)
2022:             6            240  java.lang.invoke.LambdaForm$BasicType (java.base@21.0.3)
2023:            10            240  java.nio.charset.CoderResult (java.base@21.0.3)
2024:            10            240  java.nio.file.StandardOpenOption (java.base@21.0.3)
2025:            10            240  java.security.CryptoPrimitive (java.base@21.0.3)
2026:            10            240  java.security.PermissionsHash (java.base@21.0.3)
2027:            10            240  java.util.Collections$SynchronizedCollection (java.base@21.0.3)
2028:             3            240  java.util.regex.Matcher (java.base@21.0.3)
2029:            10            240  javax.management.MBeanServerPermissionCollection (java.management@21.0.3)
2030:            10            240  kotlin.SynchronizedLazyImpl
2031:             5            240  org.apache.logging.log4j.core.appender.rolling.RollingFileManager$EmptyQueue
2032:             6            240  org.apache.logging.log4j.core.pattern.ExtendedThrowablePatternConverter
2033:             6            240  org.apache.lucene.backward_codecs.lucene50.Lucene50TermVectorsFormat
2034:            10            240  org.apache.lucene.search.DocValuesFieldExistsQuery
2035:            10            240  org.apache.lucene.search.SortField$Type
2036:             6            240  org.apache.lucene.util.packed.PackedLongValues
2037:             5            240  org.jcodings.util.BytesHash$BytesHashEntry
2038:            15            240  org.opensearch.action.support.broadcast.node.TransportBroadcastByNodeAction$$Lambda/0x00007fcd28ddfcb8
2039:            15            240  org.opensearch.action.support.broadcast.node.TransportBroadcastByNodeAction$BroadcastByNodeTransportRequestHandler
2040:            15            240  org.opensearch.action.support.single.shard.TransportSingleShardAction$ShardTransportHandler
2041:             6            240  org.opensearch.ad.indices.ADIndex
2042:            15            240  org.opensearch.alerting.transport.SecureTransportAction$DefaultImpls$$Lambda/0x00007fcd28dfc200
2043:             6            240  org.opensearch.forecast.indices.ForecastIndex
2044:             6            240  org.opensearch.index.query.MultiMatchQueryBuilder$Type
2045:             5            240  org.opensearch.index.seqno.RetentionLeaseBackgroundSyncAction$Request
2046:             5            240  org.opensearch.knn.index.codec.KNNCodecVersion
2047:            10            240  org.opensearch.performanceanalyzer.commons.stats.eval.impl.Count
2048:             3            240  org.opensearch.search.aggregations.bucket.terms.TermsAggregationBuilder
2049:             5            240  org.opensearch.search.aggregations.support.ValuesSourceConfig
2050:            15            240  org.opensearch.security.dlic.rest.api.AbstractApiAction$$Lambda/0x00007fcd28fc3d30
2051:            10            240  org.opensearch.security.dlic.rest.api.RequestHandler$RequestHandlersBuilder$$Lambda/0x00007fcd28fe8440
2052:             6            240  org.opensearch.security.user.User
2053:            10            240  org.opensearch.timeseries.settings.DynamicNumericSetting$$Lambda/0x00007fcd289c6ba8
2054:            10            240  org.opensearch.timeseries.stats.suppliers.IndexStatusSupplier
2055:             5            240  org.opensearch.transport.Header
2056:             5            240  org.opensearch.transport.OutboundHandler$SendContext
2057:             6            240  org.opensearch.transport.nativeprotocol.NativeInboundMessage
2058:            15            240  sun.invoke.util.ValueConversions$WrapperCache (java.base@21.0.3)
2059:             6            240  sun.security.ssl.SSLKeyExchange$T12KeyAgreement (java.base@21.0.3)
2060:             8            224  [Lorg.apache.lucene.search.BooleanClause;
2061:             4            224  com.google.common.collect.DenseImmutableTable
2062:             7            224  com.sun.jmx.mbeanserver.DefaultMXBeanMappingFactory$CollectionMapping (java.management@21.0.3)
2063:             7            224  java.io.FileOutputStream (java.base@21.0.3)
2064:             4            224  java.io.ObjectInputStream$BlockDataInputStream (java.base@21.0.3)
2065:             7            224  java.lang.System$Logger$Level (java.base@21.0.3)
2066:            14            224  java.security.spec.MGF1ParameterSpec (java.base@21.0.3)
2067:             4            224  javax.management.openmbean.OpenMBeanOperationInfoSupport (java.management@21.0.3)
2068:            14            224  jdk.proxy2.$Proxy3 (jdk.proxy2)
2069:             7            224  org.apache.lucene.analysis.pt.RSLPStemmerBase$Step
2070:             7            224  org.apache.lucene.analysis.standard.StandardAnalyzer
2071:            14            224  org.apache.lucene.backward_codecs.lucene90.Lucene90PostingsFormat
2072:             4            224  org.opensearch.action.support.replication.ReplicationProxyRequest
2073:             4            224  org.opensearch.action.support.replication.ReplicationProxyRequest$Builder
2074:             4            224  org.opensearch.cluster.node.DiscoveryNodes
2075:            14            224  org.opensearch.common.settings.Setting$$Lambda/0x00007fcd281e5150
2076:            14            224  org.opensearch.common.settings.Setting$$Lambda/0x00007fcd28442b50
2077:            14            224  org.opensearch.core.xcontent.AbstractObjectParser$$Lambda/0x00007fcd284bc000
2078:            14            224  org.opensearch.security.support.SafeSerializationUtils$$Lambda/0x00007fcd2922c630
2079:            14            224  org.opensearch.sql.legacy.metrics.BasicCounter
2080:            14            224  org.opensearch.timeseries.stats.suppliers.CounterSupplier
2081:             7            224  sun.security.rsa.RSACore$BlindingParameters (java.base@21.0.3)
2082:             9            216  java.lang.reflect.AccessFlag$Location (java.base@21.0.3)
2083:             9            216  java.nio.file.attribute.PosixFilePermission (java.base@21.0.3)
2084:             9            216  java.time.ZoneOffset (java.base@21.0.3)
2085:             9            216  java.util.concurrent.CopyOnWriteArrayList$COWIterator (java.base@21.0.3)
2086:             9            216  java.util.concurrent.Executors$DefaultThreadFactory (java.base@21.0.3)
2087:             9            216  org.apache.lucene.analysis.in.IndicNormalizer$ScriptData
2088:             9            216  org.opensearch.action.bulk.BackoffPolicy$ConstantBackoff
2089:             9            216  org.opensearch.knn.index.codec.KNN80Codec.KNN80DocValuesFormat
2090:             9            216  org.opensearch.monitor.jvm.JvmStats$Threads
2091:             9            216  org.opensearch.rest.RestRequest$Method
2092:             9            216  org.opensearch.search.asynchronous.context.state.AsynchronousSearchState
2093:             3            216  org.opensearch.security.compliance.ComplianceConfig
2094:             9            216  org.opensearch.security.dlic.rest.api.RequestHandler$RequestHandlersBuilder$$Lambda/0x00007fcd28fe9420
2095:             3            216  org.opensearch.tasks.Task
2096:             3            216  org.opensearch.tasks.TaskInfo
2097:             9            216  org.opensearch.transport.TransportRequestOptions
2098:             3            216  sun.security.provider.NativePRNG$RandomIO (java.base@21.0.3)
2099:             9            216  sun.security.util.SafeDHParameterSpec (java.base@21.0.3)
2100:             1            208  [Lorg.opensearch.core.rest.RestStatus;
2101:             2            208  com.fasterxml.jackson.dataformat.yaml.YAMLFactory
2102:            13            208  java.text.NumberFormat$Field (java.base@21.0.3)
2103:            13            208  kotlinx.coroutines.internal.ContextScope
2104:             2            208  org.apache.lucene.analysis.cjk.CJKBigramFilter
2105:            13            208  org.apache.lucene.backward_codecs.lucene90.Lucene90SegmentInfoFormat
2106:             2            208  org.bouncycastle.jce.provider.BouncyCastleProvider
2107:            13            208  org.opensearch.action.support.single.shard.TransportSingleShardAction$TransportHandler
2108:            13            208  org.opensearch.common.settings.Setting$GroupKey
2109:             2            208  org.opensearch.common.util.concurrent.PrioritizedOpenSearchThreadPoolExecutor
2110:            13            208  org.opensearch.plugins.SearchPlugin$AggregationSpec$$Lambda/0x00007fcd287bf270
2111:             2            208  org.opensearch.transport.CopyBytesServerSocketChannel
2112:             2            208  sun.security.provider.Sun (java.base@21.0.3)
2113:             2            200  [Ljava.text.DateFormat$Field; (java.base@21.0.3)
2114:             3            200  [Lorg.opensearch.cluster.node.DiscoveryNode;
2115:             5            200  com.fasterxml.jackson.core.JsonEncoding
2116:             5            200  com.fasterxml.jackson.databind.cfg.ConfigOverrides
2117:             5            200  io.netty.util.internal.ObjectPool$RecyclerObjectPool$1
2118:             5            200  java.lang.ExceptionInInitializerError (java.base@21.0.3)
2119:             5            200  java.lang.UnsupportedOperationException (java.base@21.0.3)
2120:             5            200  javax.management.MBeanPermission (java.management@21.0.3)
2121:             5            200  org.apache.logging.log4j.core.appender.rolling.DefaultRolloverStrategy
2122:             5            200  org.opensearch.client.OriginSettingClient
2123:             5            200  org.opensearch.cluster.metadata.IndexMetadata$APIBlock
2124:             5            200  org.opensearch.common.io.stream.ReleasableBytesStreamOutput
2125:             5            200  org.opensearch.common.settings.Setting$$Lambda/0x00007fcd2854e1a0
2126:             5            200  org.opensearch.common.settings.Setting$$Lambda/0x00007fcd2854e870
2127:             5            200  org.opensearch.common.util.BigArrays$LongArrayWrapper
2128:             1            200  org.opensearch.indices.IndicesService
2129:             5            200  org.opensearch.transport.nativeprotocol.CompressibleBytesOutputStream
2130:             5            200  org.opensearch.transport.nativeprotocol.NativeOutboundMessage$Response
2131:             5            200  sun.security.ssl.CipherSuite$MacAlg (java.base@21.0.3)
2132:             5            200  sun.security.ssl.ContentType (java.base@21.0.3)
2133:             5            200  sun.util.calendar.Era (java.base@21.0.3)
2134:             5            200  sun.util.locale.provider.LocaleProviderAdapter$Type (java.base@21.0.3)
2135:             8            192  [Ljava.util.concurrent.ConcurrentHashMap$CounterCell; (java.base@21.0.3)
2136:             2            192  [Lorg.opensearch.ml.common.FunctionName;
2137:            12            192  com.fasterxml.jackson.databind.node.IntNode
2138:             6            192  com.fasterxml.jackson.databind.util.EnumValues
2139:             6            192  com.fasterxml.jackson.dataformat.smile.SmileGenerator$Feature
2140:             4            192  com.google.common.collect.Maps$FilteredKeyMap
2141:            12            192  com.google.common.collect.RegularImmutableList
2142:             4            192  com.google.common.collect.SingletonImmutableBiMap
2143:             8            192  com.google.gson.internal.bind.TypeAdapters$31
2144:             8            192  com.sun.management.VMOption$Origin (jdk.management@21.0.3)
2145:            12            192  io.github.resilience4j.retry.internal.RetryImpl$RetryMetrics
2146:             8            192  io.netty.util.internal.ThreadExecutorMap$1
2147:             6            192  io.protostuff.runtime.ArraySchemas$DoubleArray
2148:             4            192  java.io.PrintStream (java.base@21.0.3)
2149:            12            192  java.lang.ClassValue$Identity (java.base@21.0.3)
2150:             2            192  java.lang.invoke.BoundMethodHandle$Species_LLLLLLLLLLLLLLL (java.base@21.0.3)
2151:             6            192  java.lang.invoke.MethodHandleNatives$CallSiteContext (java.base@21.0.3)
2152:             6            192  java.lang.invoke.VarHandleByteArrayAsInts$ArrayHandle (java.base@21.0.3)
2153:             3            192  java.nio.DirectByteBufferR (java.base@21.0.3)
2154:             3            192  java.text.SimpleDateFormat (java.base@21.0.3)
2155:             6            192  java.time.format.TextStyle (java.base@21.0.3)
2156:             4            192  java.util.concurrent.locks.ReentrantReadWriteLock$FairSync (java.base@21.0.3)
2157:            12            192  java.util.function.Predicate$$Lambda/0x00007fcd284e8820 (java.base@21.0.3)
2158:             6            192  javax.management.MBeanConstructorInfo (java.management@21.0.3)
2159:             6            192  javax.management.StandardEmitterMBean (java.management@21.0.3)
2160:            12            192  jdk.proxy4.$Proxy47 (jdk.proxy4)
2161:             6            192  org.apache.logging.log4j.core.appender.DefaultErrorHandler
2162:             8            192  org.apache.logging.log4j.core.appender.rolling.RolloverFrequency
2163:             6            192  org.apache.logging.log4j.core.config.AwaitCompletionReliabilityStrategy
2164:             6            192  org.apache.logging.log4j.core.layout.StringBuilderEncoder
2165:             4            192  org.apache.logging.log4j.core.lookup.ConfigurationStrSubstitutor
2166:             6            192  org.apache.lucene.analysis.CharacterUtils$CharacterBuffer
2167:             3            192  org.apache.lucene.analysis.pattern.PatternTokenizer
2168:             8            192  org.apache.lucene.index.MergeTrigger
2169:            12            192  org.apache.lucene.util.packed.PackedInts$NullReader
2170:             6            192  org.bouncycastle.jcajce.provider.config.ProviderConfigurationPermission
2171:             6            192  org.opensearch.Build$Type
2172:             6            192  org.opensearch.action.search.SearchPhaseName
2173:             8            192  org.opensearch.action.support.ChannelActionListener
2174:             1            192  org.opensearch.cluster.coordination.Coordinator
2175:             6            192  org.opensearch.cluster.routing.UnassignedInfo$AllocationStatus
2176:             6            192  org.opensearch.common.Priority
2177:             6            192  org.opensearch.common.util.BigArrays
2178:            12            192  org.opensearch.core.xcontent.ObjectParser$$Lambda/0x00007fcd284bcb40
2179:             6            192  org.opensearch.index.IndexModule$Type
2180:            12            192  org.opensearch.index.analysis.PreConfiguredTokenizer$$Lambda/0x00007fcd2869fa80
2181:             6            192  org.opensearch.indices.recovery.RecoveryState$Stage
2182:             6            192  org.opensearch.repositories.blobstore.ChecksumBlobStoreFormat
2183:             3            192  org.opensearch.search.aggregations.bucket.terms.TermsAggregatorFactory
2184:             3            192  org.opensearch.security.auditlog.config.AuditConfig$Filter
2185:             8            192  org.opensearch.security.securityconf.impl.v7.ConfigV7$AuthcBackend
2186:             8            192  org.opensearch.security.securityconf.impl.v7.ConfigV7$HttpAuthenticator
2187:             6            192  org.opensearch.sql.analysis.Analyzer
2188:             8            192  org.opensearch.sql.opensearch.executor.OpenSearchExecutionEngine
2189:            12            192  org.opensearch.sql.opensearch.monitor.OpenSearchMemoryHealthy$MemoryUsage
2190:            12            192  org.opensearch.sql.opensearch.monitor.OpenSearchMemoryHealthy$RandomFail
2191:             6            192  org.opensearch.sql.spark.execution.session.SessionManager
2192:            12            192  org.opensearch.timeseries.ratelimit.RateLimitedRequestWorker$$Lambda/0x00007fcd28a113f8
2193:             3            192  sun.security.rsa.RSAPrivateCrtKeyImpl (java.base@21.0.3)
2194:             6            192  sun.security.ssl.Ciphertext (java.base@21.0.3)
2195:             6            192  sun.security.ssl.X509Authentication (java.base@21.0.3)
2196:            12            192  sun.util.logging.internal.LoggingProviderImpl$JULWrapper (java.logging@21.0.3)
2197:             3            184  [Lkotlin.annotation.AnnotationTarget;
2198:             3            184  [Lkotlin.annotation.AnnotationTarget;
2199:             6            176  [Lorg.apache.logging.log4j.core.pattern.FormattingInfo;
2200:             5            176  [[Ljava.lang.Object; (java.base@21.0.3)
2201:             2            176  java.lang.invoke.BoundMethodHandle$Species_LLLLLLLLLLLLL (java.base@21.0.3)
2202:            11            176  jdk.proxy9.$Proxy40 (jdk.proxy9)
2203:             1            176  org.apache.commons.pool2.impl.GenericObjectPool
2204:            11            176  org.apache.logging.log4j.core.config.AppenderControlArraySet
2205:             1            176  org.apache.logging.log4j.core.config.properties.PropertiesConfiguration
2206:            11            176  org.apache.logging.log4j.core.util.datetime.FastDateParser$NumberStrategy
2207:             2            176  org.apache.lucene.analysis.th.ThaiTokenizer
2208:            11            176  org.opensearch.action.support.replication.TransportReplicationAction$$Lambda/0x00007fcd28db7660
2209:            11            176  org.opensearch.action.support.replication.TransportReplicationAction$$Lambda/0x00007fcd28db7cc0
2210:            11            176  org.opensearch.action.support.replication.TransportReplicationAction$$Lambda/0x00007fcd28dbc000
2211:            11            176  org.opensearch.action.support.replication.TransportReplicationAction$$Lambda/0x00007fcd28dbc220
2212:            11            176  org.opensearch.action.support.replication.TransportReplicationAction$$Lambda/0x00007fcd28dbc450
2213:            11            176  org.opensearch.common.settings.Setting$$Lambda/0x00007fcd283948c8
2214:            11            176  org.opensearch.core.xcontent.ToXContent$MapParams
2215:             1            176  org.opensearch.index.search.stats.SearchStats$Stats
2216:             2            176  org.opensearch.monitor.fs.FsInfo$IoStats
2217:            11            176  org.opensearch.plugins.SearchPlugin$PipelineAggregationSpec$$Lambda/0x00007fcd28847118
2218:            11            176  org.opensearch.search.pipeline.ProcessorInfo
2219:             2            176  sun.nio.ch.ServerSocketChannelImpl (java.base@21.0.3)
2220:            11            176  sun.security.provider.NativePRNG (java.base@21.0.3)
2221:             5            168  [Lcom.fasterxml.jackson.databind.ser.impl.PropertySerializerMap$TypeAndSerializer;
2222:             1            168  [Lorg.apache.lucene.analysis.lv.LatvianStemmer$Affix;
2223:             1            168  [Lorg.bouncycastle.crypto.CryptoServiceProperties;
2224:             1            168  [Lorg.opensearch.knn.plugin.stats.StatNames;
2225:             1            168  [[Ljava.math.BigInteger; (java.base@21.0.3)
2226:             7            168  com.fasterxml.jackson.annotation.JsonInclude$Include
2227:             7            168  com.fasterxml.jackson.annotation.JsonInclude$Include
2228:             7            168  com.fasterxml.jackson.annotation.JsonInclude$Include
2229:             7            168  com.fasterxml.jackson.annotation.PropertyAccessor
2230:             7            168  com.fasterxml.jackson.annotation.PropertyAccessor
2231:             3            168  com.fasterxml.jackson.core.util.DefaultPrettyPrinter
2232:             3            168  com.fasterxml.jackson.databind.deser.std.EnumDeserializer
2233:             3            168  com.fasterxml.jackson.databind.type.ResolvedRecursiveType
2234:             7            168  com.fasterxml.jackson.databind.util.CompactStringObjectMap
2235:             3            168  com.sun.jna.NativeLibrary
2236:             7            168  io.protostuff.runtime.ArraySchemas$DoubleArray$1
2237:             7            168  java.io.OutputStreamWriter (java.base@21.0.3)
2238:             7            168  java.security.cert.CertPathValidatorException$BasicReason (java.base@21.0.3)
2239:             7            168  java.time.DayOfWeek (java.base@21.0.3)
2240:             7            168  java.util.Collections$UnmodifiableMap$UnmodifiableEntrySet$1 (java.base@21.0.3)
2241:             3            168  java.util.stream.ReferencePipeline$7 (java.base@21.0.3)
2242:             7            168  jdk.net.ExtendedSocketOptions$ExtSocketOption (jdk.net@21.0.3)
2243:             7            168  kotlinx.coroutines.JobImpl
2244:             3            168  org.apache.lucene.store.ByteBuffersDataOutput
2245:             7            168  org.bouncycastle.asn1.ASN1Tag
2246:             1            168  org.joni.Regex
2247:             3            168  org.opensearch.action.support.replication.TransportReplicationAction$ConcreteReplicaRequest
2248:             7            168  org.opensearch.cluster.ClusterStateObserver$StoredState
2249:             7            168  org.opensearch.cluster.DiffableUtils$DiffableValueReader
2250:             7            168  org.opensearch.common.ExponentiallyWeightedMovingAverage
2251:             3            168  org.opensearch.common.util.LongLongHash
2252:             7            168  org.opensearch.core.action.ActionListener$6
2253:             7            168  org.opensearch.index.analysis.PreBuiltAnalyzerProviderFactory$PreBuiltAnalyzersDelegateCache
2254:             7            168  org.opensearch.indices.IndicesQueryCache$CachingWeightWrapper
2255:             7            168  org.opensearch.ml.stats.MLClusterLevelStat
2256:             7            168  org.opensearch.performanceanalyzer.commons.stats.eval.Statistics
2257:             7            168  org.opensearch.replication.task.ReplicationState
2258:             7            168  org.opensearch.securityanalytics.model.LogType$IocFields
2259:             7            168  org.opensearch.sql.planner.optimizer.rule.read.TableScanPushDown
2260:             7            168  org.opensearch.sql.spark.execution.statestore.OpenSearchSessionStorageService
2261:             7            168  org.opensearch.sql.spark.execution.statestore.OpenSearchStatementStorageService
2262:             7            168  org.opensearch.transport.InboundAggregator$BreakerControl
2263:             7            168  org.yaml.snakeyaml.scanner.Constant
2264:             3            168  sun.security.ssl.SSLContextImpl$TLSContext (java.base@21.0.3)
2265:             7            168  sun.security.x509.NetscapeCertTypeExtension$MapEntry (java.base@21.0.3)
2266:             3            160  [Ljava.util.logging.Level; (java.logging@21.0.3)
2267:             5            160  [Lorg.apache.logging.log4j.core.pattern.ArrayPatternConverter;
2268:             2            160  [Lorg.opensearch.action.admin.indices.stats.CommonStatsFlags$Flag;
2269:             5            160  [Lorg.opensearch.security.securityconf.impl.DashboardSignInOption;
2270:             1            160  [Lorg.opensearch.sql.legacy.metrics.MetricName;
2271:             4            160  com.fasterxml.jackson.core.Base64Variant
2272:             2            160  com.fasterxml.jackson.core.JsonFactory
2273:             5            160  com.fasterxml.jackson.core.JsonFactory$Feature
2274:             4            160  com.fasterxml.jackson.core.StreamReadConstraints
2275:             5            160  com.fasterxml.jackson.databind.cfg.CoercionConfigs
2276:             4            160  com.fasterxml.jackson.databind.cfg.ConfigOverrides
2277:             5            160  com.fasterxml.jackson.databind.cfg.JsonNodeFeature
2278:             5            160  com.fasterxml.jackson.databind.cfg.JsonNodeFeature
2279:             5            160  com.fasterxml.jackson.databind.ser.impl.PropertySerializerMap$Double
2280:             2            160  com.google.common.cache.LocalCache$Segment
2281:            10            160  com.google.common.cache.LocalCache$StrongValueReference
2282:             4            160  com.google.common.collect.DenseImmutableTable$ColumnMap
2283:             4            160  com.google.common.collect.DenseImmutableTable$RowMap
2284:             5            160  io.netty.channel.AbstractChannelHandlerContext$WriteTask
2285:             5            160  io.netty.handler.logging.LogLevel
2286:             4            160  io.protostuff.runtime.RuntimeReflectionFieldFactory$5$1
2287:             4            160  java.lang.StackWalker (java.base@21.0.3)
2288:             5            160  java.lang.invoke.VarHandle$AccessType (java.base@21.0.3)
2289:             4            160  java.text.DigitList (java.base@21.0.3)
2290:             5            160  java.time.format.DateTimeFormatterBuilder$TextPrinterParser (java.base@21.0.3)
2291:             4            160  java.util.Spliterators$IteratorSpliterator (java.base@21.0.3)
2292:             5            160  java.util.TreeMap$EntryIterator (java.base@21.0.3)
2293:             2            160  java.util.concurrent.ScheduledThreadPoolExecutor (java.base@21.0.3)
2294:             5            160  javax.naming.ldap.Rfc2253Parser (java.naming@21.0.3)
2295:            10            160  jdk.proxy10.$Proxy41 (jdk.proxy10)
2296:            10            160  jdk.proxy2.$Proxy34 (jdk.proxy2)
2297:            10            160  kotlinx.coroutines.internal.Symbol
2298:             5            160  org.apache.logging.log4j.core.appender.rolling.SizeBasedTriggeringPolicy
2299:             4            160  org.apache.logging.log4j.core.config.Node
2300:             5            160  org.apache.logging.log4j.core.lookup.Interpolator
2301:            10            160  org.apache.logging.log4j.core.lookup.SystemPropertiesLookup
2302:             5            160  org.apache.logging.log4j.core.util.Log4jThreadFactory
2303:             4            160  org.apache.lucene.analysis.ar.ArabicNormalizationFilter
2304:             4            160  org.apache.lucene.analysis.en.EnglishPossessiveFilter
2305:             4            160  org.apache.lucene.analysis.in.IndicNormalizationFilter
2306:             5            160  org.apache.lucene.search.ScoreMode
2307:             4            160  org.apache.lucene.search.SortField
2308:             5            160  org.apache.lucene.store.IOContext
2309:             4            160  org.apache.lucene.store.RateLimiter$SimpleRateLimiter
2310:             2            160  org.apache.lucene.util.fst.FST$Arc
2311:             4            160  org.bouncycastle.crypto.params.DHParameters
2312:             4            160  org.joni.NameEntry
2313:             5            160  org.ldaptive.ReturnAttributes
2314:             5            160  org.opensearch.action.DocWriteResponse$Result
2315:            10            160  org.opensearch.action.support.replication.TransportReplicationAction$$Lambda/0x00007fcd28db7880
2316:            10            160  org.opensearch.action.support.replication.TransportReplicationAction$$Lambda/0x00007fcd28db7aa0
2317:             4            160  org.opensearch.action.support.replication.TransportReplicationAction$ConcreteShardRequest
2318:             1            160  org.opensearch.ad.ratelimit.ADCheckpointReadWorker
2319:             5            160  org.opensearch.alerting.util.DestinationType
2320:             4            160  org.opensearch.bootstrap.SystemCallFilter$Arch
2321:             5            160  org.opensearch.common.concurrent.RefCountedReleasable
2322:            10            160  org.opensearch.common.settings.Setting$$Lambda/0x00007fcd280cb338
2323:             4            160  org.opensearch.common.util.TokenBucket
2324:             5            160  org.opensearch.core.common.io.stream.NamedWriteableAwareStreamInput
2325:             1            160  org.opensearch.forecast.ratelimit.ForecastCheckpointReadWorker
2326:             5            160  org.opensearch.index.shard.IndexShardState
2327:             5            160  org.opensearch.indices.IndicesRequestCache$Key
2328:            10            160  org.opensearch.indices.analysis.PreBuiltCacheFactory$PreBuiltCacheStrategyOpenSearch
2329:             5            160  org.opensearch.jobscheduler.ScheduledJobProvider
2330:             5            160  org.opensearch.ml.model.MLModelGroupManager
2331:             4            160  org.opensearch.performanceanalyzer.commons.stats.metrics.ExceptionsAndErrors
2332:             5            160  org.opensearch.security.dlic.rest.validation.PasswordValidator$ScoreStrength
2333:            10            160  org.opensearch.sql.executor.pagination.PlanSerializer
2334:            10            160  org.opensearch.sql.opensearch.executor.protector.OpenSearchExecutionProtector
2335:             5            160  org.opensearch.transport.ConnectionProfile$ConnectionTypeHandle
2336:             4            160  org.opensearch.transport.TransportService$7
2337:             4            160  org.opensearch.transport.TransportService$DirectResponseChannel
2338:            10            160  org.opensearch.transport.nativeprotocol.NativeInboundBytesHandler$$Lambda/0x00007fcd29135950
2339:             5            160  org.opensearch.transport.nativeprotocol.NativeOutboundHandler$$Lambda/0x00007fcd29198bf8
2340:             5            160  org.yaml.snakeyaml.DumperOptions$ScalarStyle
2341:             5            160  sun.security.ssl.NamedGroup$NamedGroupSpec (java.base@21.0.3)
2342:             5            160  sun.text.CompactByteArray (java.base@21.0.3)
2343:             1            152  [Lcom.fasterxml.jackson.databind.MapperFeature;
2344:             1            152  [Lcom.fasterxml.jackson.databind.MapperFeature;
2345:             1            152  [Lcom.fasterxml.jackson.databind.MapperFeature;
2346:             1            152  [Lsun.security.ssl.Alert; (java.base@21.0.3)
2347:             1            152  [Lsun.security.ssl.NamedGroup; (java.base@21.0.3)
2348:             2            152  [[Ljava.lang.String; (java.base@21.0.3)
2349:             1            152  org.opensearch.alerting.transport.TransportDocLevelMonitorFanOutAction
2350:             1            152  org.opensearch.http.netty4.ssl.SecureNetty4HttpServerTransport
2351:             1            144  [Ljava.lang.invoke.VarHandle$AccessMode; (java.base@21.0.3)
2352:             2            144  [Ljava.math.BigDecimal; (java.base@21.0.3)
2353:             6            144  [Ljava.security.CodeSigner; (java.base@21.0.3)
2354:             6            144  [Ljava.util.concurrent.atomic.Striped64$Cell; (java.base@21.0.3)
2355:             3            144  [Lorg.bouncycastle.asn1.ASN1ObjectIdentifier;
2356:             2            144  [Lorg.opensearch.performanceanalyzer.commons.stats.metrics.CollectorMetrics;
2357:             6            144  com.fasterxml.jackson.annotation.JsonAutoDetect$Visibility
2358:             6            144  com.fasterxml.jackson.annotation.JsonAutoDetect$Visibility
2359:             6            144  com.fasterxml.jackson.annotation.JsonAutoDetect$Visibility
2360:             6            144  com.fasterxml.jackson.core.JsonParser$NumberType
2361:             3            144  com.fasterxml.jackson.databind.ser.std.CollectionSerializer
2362:             9            144  com.google.common.collect.RegularImmutableList
2363:             6            144  com.sun.crypto.provider.GaloisCounterMode$EncryptOp (java.base@21.0.3)
2364:             3            144  com.sun.management.internal.GarbageCollectorExtImpl (jdk.management@21.0.3)
2365:             6            144  io.netty.channel.DelegatingChannelPromiseNotifier
2366:             6            144  java.lang.Thread$State (java.base@21.0.3)
2367:             3            144  java.lang.ThreadGroup (java.base@21.0.3)
2368:             6            144  java.lang.invoke.MethodHandleImpl$BindCaller$InjectedInvokerHolder (java.base@21.0.3)
2369:             3            144  java.time.temporal.JulianFields$Field (java.base@21.0.3)
2370:             9            144  java.util.Optional (java.base@21.0.3)
2371:             6            144  java.util.stream.ForEachOps$ForEachOp$OfRef (java.base@21.0.3)
2372:             6            144  javax.net.ssl.SSLEngineResult$HandshakeStatus (java.base@21.0.3)
2373:             3            144  jdk.internal.foreign.layout.ValueLayouts$OfFloatImpl (java.base@21.0.3)
2374:             3            144  jdk.internal.foreign.layout.ValueLayouts$OfIntImpl (java.base@21.0.3)
2375:             3            144  jdk.internal.foreign.layout.ValueLayouts$OfLongImpl (java.base@21.0.3)
2376:             3            144  jdk.internal.foreign.layout.ValueLayouts$OfShortImpl (java.base@21.0.3)
2377:             6            144  jdk.internal.perf.PerfCounter (java.base@21.0.3)
2378:             6            144  jdk.net.NetworkPermission (jdk.net@21.0.3)
2379:             9            144  jdk.proxy1.$Proxy4 (jdk.proxy1)
2380:             6            144  kotlin.coroutines.CombinedContext
2381:             6            144  kotlinx.coroutines.CoroutineName
2382:             6            144  kotlinx.coroutines.SupervisorJobImpl
2383:             6            144  org.apache.logging.log4j.core.LifeCycle$State
2384:             6            144  org.apache.logging.log4j.core.config.AppenderRef
2385:             1            144  org.apache.logging.log4j.core.config.composite.CompositeConfiguration
2386:             3            144  org.apache.logging.log4j.core.lookup.RuntimeStrSubstitutor
2387:             6            144  org.apache.logging.log4j.core.pattern.MarkerPatternConverter
2388:             3            144  org.apache.logging.log4j.simple.SimpleLogger
2389:             2            144  org.apache.lucene.analysis.classic.ClassicTokenizerImpl
2390:             2            144  org.apache.lucene.analysis.core.WhitespaceTokenizer
2391:             9            144  org.apache.lucene.backward_codecs.lucene50.Lucene50CompoundFormat
2392:             6            144  org.apache.lucene.backward_codecs.lucene80.Lucene80DocValuesFormat
2393:             2            144  org.apache.lucene.backward_codecs.lucene91.Lucene91Codec
2394:             2            144  org.apache.lucene.backward_codecs.lucene92.Lucene92Codec
2395:             2            144  org.apache.lucene.backward_codecs.lucene94.Lucene94Codec
2396:             6            144  org.apache.lucene.backward_codecs.lucene95.Lucene95Codec$1
2397:             6            144  org.apache.lucene.backward_codecs.lucene95.Lucene95Codec$2
2398:             6            144  org.apache.lucene.backward_codecs.lucene95.Lucene95Codec$3
2399:             6            144  org.apache.lucene.backward_codecs.lucene95.Lucene95HnswVectorsFormat
2400:             6            144  org.apache.lucene.document.StoredValue$Type
2401:             6            144  org.apache.lucene.index.DocValuesType
2402:             6            144  org.apache.lucene.search.BooleanWeight$WeightedBooleanClause
2403:             3            144  org.apache.lucene.util.fst.ReadWriteDataOutput
2404:             6            144  org.bouncycastle.pqc.jcajce.provider.dilithium.DilithiumKeyFactorySpi
2405:             6            144  org.bouncycastle.pqc.jcajce.provider.kyber.KyberKeyFactorySpi
2406:             6            144  org.joda.time.format.DateTimeFormatterBuilder$Fraction
2407:             6            144  org.joni.ast.QuantifierNode$ReduceType
2408:             6            144  org.opensearch.action.search.SearchRequestStats$StatsHolder
2409:             6            144  org.opensearch.action.support.ActiveShardsObserver
2410:             6            144  org.opensearch.action.support.IndicesOptions$Option
2411:             6            144  org.opensearch.ad.model.ADTaskType
2412:             1            144  org.opensearch.alerting.MonitorRunnerExecutionContext
2413:             6            144  org.opensearch.client.support.AbstractClient$Admin
2414:             9            144  org.opensearch.cluster.coordination.CoordinationMetadata$VotingConfiguration
2415:             6            144  org.opensearch.cluster.routing.RecoverySource$Type
2416:             3            144  org.opensearch.common.inject.InheritingState
2417:             3            144  org.opensearch.common.inject.InjectorImpl
2418:             6            144  org.opensearch.common.logging.NodeNamePatternConverter
2419:             6            144  org.opensearch.commons.utils.HelpersKt$logger$1
2420:             2            144  org.opensearch.index.IndexingPressure
2421:             9            144  org.opensearch.knn.index.codec.KNN80Codec.KNN80CompoundFormat
2422:             6            144  org.opensearch.ml.common.MLTaskState
2423:             6            144  org.opensearch.ml.stats.MLNodeLevelStat
2424:             6            144  org.opensearch.monitor.jvm.JvmService
2425:             9            144  org.opensearch.monitor.jvm.JvmStats$GarbageCollectors
2426:             1            144  org.opensearch.performanceanalyzer.commons.collectors.ScheduledMetricCollectorsExecutor
2427:             6            144  org.opensearch.plugins.SearchPlugin$ScoreFunctionSpec
2428:             6            144  org.opensearch.plugins.SearchPlugin$SignificanceHeuristicSpec
2429:             6            144  org.opensearch.rest.RestHandler$DeprecatedRoute
2430:             6            144  org.opensearch.search.aggregations.AggregatorFactories$Builder
2431:             9            144  org.opensearch.search.aggregations.bucket.histogram.DateHistogramInterval
2432:             1            144  org.opensearch.search.builder.SearchSourceBuilder
2433:             1            144  org.opensearch.security.OpenSearchSecurityPlugin
2434:             9            144  org.opensearch.security.dlic.rest.api.RequestHandler$RequestHandlersBuilder$$Lambda/0x00007fcd28fe58a8
2435:             9            144  org.opensearch.securityanalytics.logtype.LogTypeService$$Lambda/0x00007fcd288ade40
2436:             6            144  org.opensearch.sql.analysis.SelectExpressionAnalyzer
2437:             6            144  org.opensearch.sql.executor.QueryService
2438:             6            144  org.opensearch.sql.planner.optimizer.rule.MergeFilterAndFilter
2439:             6            144  org.opensearch.sql.planner.optimizer.rule.PushFilterUnderSort
2440:             6            144  org.opensearch.sql.planner.optimizer.rule.read.CreateTableScanBuilder
2441:             6            144  org.opensearch.sql.planner.optimizer.rule.write.CreateTableWriteBuilder
2442:             3            144  org.opensearch.threadpool.AutoQueueAdjustingExecutorBuilder
2443:             1            144  org.opensearch.threadpool.ThreadPool$CachedTimeThread
2444:             3            144  org.opensearch.timeseries.transport.handler.ResultBulkIndexingHandler
2445:             6            144  org.opensearch.transport.NativeMessageHandler$RequestHandler
2446:             1            144  org.opensearch.transport.netty4.ssl.SecureNetty4Transport
2447:             1            144  sun.security.pkcs11.SunPKCS11 (jdk.crypto.cryptoki@21.0.3)
2448:             6            144  sun.security.provider.certpath.X509CertPath (java.base@21.0.3)
2449:             6            144  sun.security.util.DisabledAlgorithmConstraints$Constraint$Operator (java.base@21.0.3)
2450:             4            136  [Ljava.lang.CharSequence; (java.base@21.0.3)
2451:             1            136  [Ljava.time.temporal.ChronoField; (java.base@21.0.3)
2452:             6            136  [Lorg.apache.logging.log4j.core.config.AppenderControl;
2453:             6            136  [Lorg.apache.logging.log4j.core.config.AppenderRef;
2454:             1            136  [Lorg.opensearch.core.xcontent.ObjectParser$ValueType;
2455:             6            136  [Lorg.opensearch.search.aggregations.AggregatorFactory;
2456:             3            136  [Lorg.opensearch.search.aggregations.support.ValueType;
2457:             1            136  [Lorg.opensearch.timeseries.stats.StatNames;
2458:             1            136  org.apache.logging.log4j.core.config.NullConfiguration
2459:             1            136  org.opensearch.ad.task.ADTaskManager
2460:             1            136  org.opensearch.search.SearchService
2461:             5            128  [Ljava.net.InetAddress; (java.base@21.0.3)
2462:             2            128  [Ljava.time.Month; (java.base@21.0.3)
2463:             1            128  [Lorg.joni.constants.internal.TokenType;
2464:             2            128  [Lorg.opensearch.action.admin.cluster.node.info.NodesInfoRequest$Metric;
2465:             2            128  [Lorg.opensearch.ingest.geoip.GeoIpProcessor$Property;
2466:             2            128  [Lsun.security.ssl.SSLSecretDerivation$SecretSchedule; (java.base@21.0.3)
2467:             4            128  com.fasterxml.jackson.annotation.JsonInclude$Value
2468:             4            128  com.fasterxml.jackson.core.StreamReadCapability
2469:             4            128  com.fasterxml.jackson.core.util.Separators$Spacing
2470:             2            128  com.fasterxml.jackson.databind.cfg.BaseSettings
2471:             4            128  com.fasterxml.jackson.databind.cfg.CoercionConfigs
2472:             4            128  com.fasterxml.jackson.databind.cfg.JsonNodeFeature
2473:             4            128  com.fasterxml.jackson.databind.ser.AnyGetterWriter
2474:             1            128  com.google.common.cache.LocalCache
2475:             1            128  com.google.common.cache.LocalCache
2476:             4            128  com.google.common.collect.RegularImmutableSet
2477:             8            128  com.google.gson.TypeAdapter$1
2478:             4            128  com.sun.jmx.mbeanserver.DefaultMXBeanMappingFactory$ArrayMapping (java.management@21.0.3)
2479:             4            128  com.sun.jmx.mbeanserver.DefaultMXBeanMappingFactory$EnumMapping (java.management@21.0.3)
2480:             2            128  com.sun.security.sasl.gsskerb.JdkSASL$ProviderService (jdk.security.jgss@21.0.3)
2481:             2            128  io.netty.bootstrap.ServerBootstrap
2482:             2            128  io.netty.buffer.PooledByteBufAllocator
2483:             2            128  io.netty.buffer.SizeClasses
2484:             8            128  io.netty.channel.nio.NioEventLoop$1
2485:             2            128  io.netty.channel.socket.nio.NioServerSocketChannel$NioServerSocketChannelConfig
2486:             4            128  io.netty.util.AttributeKey
2487:             4            128  io.netty.util.internal.logging.Log4J2Logger
2488:             4            128  java.io.DataInputStream (java.base@21.0.3)
2489:             4            128  java.io.FileInputStream (java.base@21.0.3)
2490:             4            128  java.io.ObjectInputStream$HandleTable (java.base@21.0.3)
2491:             4            128  java.io.ObjectInputStream$PeekInputStream (java.base@21.0.3)
2492:             8            128  java.lang.Float (java.base@21.0.3)
2493:             4            128  java.lang.invoke.VarHandleByteArrayAsDoubles$ArrayHandle (java.base@21.0.3)
2494:             4            128  java.lang.invoke.VarHandleByteArrayAsFloats$ArrayHandle (java.base@21.0.3)
2495:             4            128  java.lang.invoke.VarHandleByteArrayAsShorts$ArrayHandle (java.base@21.0.3)
2496:             4            128  java.lang.module.ModuleDescriptor$Modifier (java.base@21.0.3)
2497:             4            128  java.lang.module.ModuleDescriptor$Requires$Modifier (java.base@21.0.3)
2498:             4            128  java.security.spec.PSSParameterSpec (java.base@21.0.3)
2499:             8            128  java.time.format.DateTimeFormatterBuilder$StringLiteralPrinterParser (java.base@21.0.3)
2500:             4            128  java.util.HexFormat (java.base@21.0.3)
2501:             4            128  java.util.stream.FindOps$FindOp (java.base@21.0.3)
2502:             4            128  jdk.internal.logger.BootstrapLogger$LoggingBackend (java.base@21.0.3)
2503:             1            128  jdk.nio.zipfs.ZipFileSystem (jdk.zipfs@21.0.3)
2504:             8            128  jdk.proxy3.$Proxy18 (jdk.proxy3)
2505:             8            128  jdk.proxy4.$Proxy20 (jdk.proxy4)
2506:             2            128  org.apache.lucene.analysis.classic.ClassicTokenizer
2507:             2            128  org.apache.lucene.backward_codecs.lucene87.Lucene87Codec
2508:             4            128  org.bouncycastle.crypto.params.DSAParameters
2509:             4            128  org.objectweb.asm.Handle
2510:             4            128  org.opensearch.action.DocWriteRequest$OpType
2511:             4            128  org.opensearch.action.search.PitService
2512:             4            128  org.opensearch.action.search.ShardStatsFieldNames
2513:             4            128  org.opensearch.action.support.replication.TransportReplicationAction$AsyncPrimaryAction
2514:             1            128  org.opensearch.ad.ratelimit.ADCheckpointWriteWorker
2515:             1            128  org.opensearch.ad.ratelimit.ADColdStartWorker
2516:             1            128  org.opensearch.ad.ratelimit.ADResultWriteWorker
2517:             4            128  org.opensearch.analysis.common.PatternAnalyzer
2518:             8            128  org.opensearch.cluster.ClusterName
2519:             4            128  org.opensearch.cluster.coordination.CoordinationMetadata
2520:             2            128  org.opensearch.cluster.routing.RoutingNodes
2521:             4            128  org.opensearch.cluster.routing.ShardRoutingState
2522:             4            128  org.opensearch.common.geo.ShapeRelation
2523:             4            128  org.opensearch.common.logging.SlowLogLevel
2524:             2            128  org.opensearch.common.lucene.Lucene$DirectoryReaderWithAllLiveDocs
2525:             4            128  org.opensearch.common.util.TokenBucket$State
2526:             2            128  org.opensearch.env.Environment
2527:             1            128  org.opensearch.forecast.ratelimit.ForecastCheckpointWriteWorker
2528:             1            128  org.opensearch.forecast.ratelimit.ForecastColdStartWorker
2529:             1            128  org.opensearch.forecast.ratelimit.ForecastResultWriteWorker
2530:             8            128  org.opensearch.index.mapper.NumberFieldMapper$NumberType$$Lambda/0x00007fcd287397e8
2531:             4            128  org.opensearch.index.search.MatchQuery$Type
2532:             8            128  org.opensearch.index.shard.IndexShard$$Lambda/0x00007fcd29388478
2533:             4            128  org.opensearch.index.translog.Translog$Operation$Type
2534:             2            128  org.opensearch.indexmanagement.IndexManagementPlugin
2535:             1            128  org.opensearch.ml.plugin.MachineLearningPlugin
2536:             1            128  org.opensearch.monitor.jvm.JvmInfo
2537:             4            128  org.opensearch.performanceanalyzer.commons.stats.collectors.SampleAggregator
2538:             4            128  org.opensearch.repositories.s3.ProxySettings$ProxyType
2539:             4            128  org.opensearch.search.aggregations.InternalOrder$SimpleOrder
2540:             2            128  org.opensearch.search.backpressure.SearchBackpressureState
2541:             4            128  org.opensearch.security.auth.AuthDomain
2542:             2            128  org.opensearch.security.dlic.rest.api.RestApiPrivilegesEvaluator
2543:             4            128  org.opensearch.security.securityconf.impl.DashboardSignInOption
2544:             2            128  org.opensearch.security.securityconf.impl.v7.ConfigV7$Dynamic
2545:             1            128  org.opensearch.securityanalytics.indexmanagment.DetectorIndexManagementService
2546:             4            128  org.opensearch.semver.SemverRange$RangeOperator
2547:             4            128  org.opensearch.sql.datasource.model.DataSourceType
2548:             4            128  org.opensearch.sql.spark.flint.operation.FlintIndexOpFactory
2549:             4            128  org.opensearch.telemetry.tracing.SpanCreationContext
2550:             4            128  org.opensearch.threadpool.ThreadPool$ThreadPoolType
2551:             2            128  org.opensearch.timeseries.MemoryTracker
2552:             4            128  org.opensearch.timeseries.model.EntityProfileName
2553:             8            128  org.opensearch.timeseries.ratelimit.ConcurrentWorker$$Lambda/0x00007fcd28a11628
2554:             4            128  org.opensearch.transport.TransportService$9
2555:             2            128  sun.security.jgss.SunProvider$ProviderService (java.security.jgss@21.0.3)
2556:             4            128  sun.security.ssl.Finished$VerifyDataScheme (java.base@21.0.3)
2557:             4            128  sun.security.ssl.SSLTrafficKeyDerivation (java.base@21.0.3)
2558:             4            128  sun.security.util.DisabledAlgorithmConstraints (java.base@21.0.3)
2559:             3            120  [Ljava.lang.invoke.LambdaForm$BasicType; (java.base@21.0.3)
2560:             3            120  [Ljava.nio.charset.Charset; (java.base@21.0.3)
2561:             5            120  [Lorg.apache.logging.log4j.core.appender.rolling.TriggeringPolicy;
2562:             1            120  [Lorg.apache.lucene.index.TermsEnum;
2563:             1            120  [Lorg.opensearch.action.admin.cluster.node.stats.NodesStatsRequest$Metric;
2564:             3            120  [Lorg.opensearch.index.shard.IndexShardState;
2565:             3            120  [Lorg.opensearch.rest.RestHandler$ReplacedRoute;
2566:             5            120  [Lsun.security.ssl.Plaintext; (java.base@21.0.3)
2567:             2            120  [Lsun.security.util.ObjectIdentifier; (java.base@21.0.3)
2568:             5            120  com.fasterxml.jackson.annotation.Nulls
2569:             5            120  com.fasterxml.jackson.annotation.Nulls
2570:             5            120  com.fasterxml.jackson.annotation.Nulls
2571:             3            120  com.fasterxml.jackson.databind.PropertyMetadata
2572:             5            120  com.fasterxml.jackson.databind.cfg.MutableCoercionConfig
2573:             5            120  com.fasterxml.jackson.databind.deser.DeserializerCache
2574:             5            120  com.fasterxml.jackson.databind.introspect.SimpleMixInResolver
2575:             5            120  com.fasterxml.jackson.databind.ser.SerializerCache
2576:             5            120  com.fasterxml.jackson.databind.ser.impl.PropertySerializerMap$Multi
2577:             5            120  com.fasterxml.jackson.databind.util.LRUMap
2578:             5            120  com.fasterxml.jackson.databind.util.internal.LinkedDeque
2579:             3            120  com.google.common.collect.RegularImmutableMap
2580:             5            120  com.sun.crypto.provider.DHParameters (java.base@21.0.3)
2581:             3            120  com.sun.jna.Structure$LayoutInfo
2582:             1            120  com.sun.jna.internal.Cleaner$1
2583:             3            120  io.netty.handler.codec.base64.Base64Dialect
2584:             5            120  io.netty.util.Recycler$2
2585:             5            120  io.netty.util.internal.logging.InternalLogLevel
2586:             3            120  java.lang.invoke.VarHandleBooleans$FieldInstanceReadWrite (java.base@21.0.3)
2587:             1            120  java.lang.ref.Finalizer$FinalizerThread (java.base@21.0.3)
2588:             1            120  java.lang.ref.Reference$ReferenceHandler (java.base@21.0.3)
2589:             3            120  java.lang.reflect.ProxyGenerator$ProxyMethod (java.base@21.0.3)
2590:             3            120  java.net.InetAddress$CachedLookup (java.base@21.0.3)
2591:             5            120  java.net.InterfaceAddress (java.base@21.0.3)
2592:             5            120  java.time.ZoneRegion (java.base@21.0.3)
2593:             5            120  java.time.chrono.JapaneseEra (java.base@21.0.3)
2594:             5            120  java.time.format.SignStyle (java.base@21.0.3)
2595:             5            120  java.util.Locale$FilteringMode (java.base@21.0.3)
2596:             5            120  java.util.concurrent.Executors$AutoShutdownDelegatedExecutorService (java.base@21.0.3)
2597:             1            120  java.util.logging.LogManager$Cleaner (java.logging@21.0.3)
2598:             5            120  java.util.stream.Collectors$$Lambda/0x00007fcd2806a678 (java.base@21.0.3)
2599:             5            120  java.util.stream.StreamOpFlag$Type (java.base@21.0.3)
2600:             5            120  jdk.internal.math.FloatingDecimal$PreparedASCIIToBinaryBuffer (java.base@21.0.3)
2601:             1            120  jdk.internal.misc.InnocuousThread (java.base@21.0.3)
2602:             5            120  kotlinx.coroutines.scheduling.CoroutineScheduler$WorkerState
2603:             5            120  org.apache.logging.log4j.core.appender.rolling.CompositeTriggeringPolicy
2604:             3            120  org.apache.logging.log4j.core.config.ConfigurationSource
2605:             5            120  org.apache.logging.log4j.core.lookup.PropertiesLookup
2606:             5            120  org.apache.logging.log4j.core.pattern.LoggerPatternConverter
2607:             5            120  org.apache.logging.log4j.core.pattern.PatternParser$ParserState
2608:             3            120  org.apache.logging.log4j.core.util.WatchManager
2609:             3            120  org.apache.logging.log4j.core.util.datetime.FixedDateFormat$FixedTimeZoneFormat
2610:             3            120  org.apache.lucene.codecs.lucene90.Lucene90DocValuesProducer$20
2611:             5            120  org.apache.lucene.index.IndexOptions
2612:             5            120  org.apache.lucene.search.IndexSearcher$CachingLeafSlicesSupplier
2613:             5            120  org.apache.lucene.store.ByteArrayDataInput
2614:             5            120  org.bouncycastle.jcajce.provider.asymmetric.ec.KeyFactorySpi$ECMQV
2615:             5            120  org.greenrobot.eventbus.ThreadMode
2616:             3            120  org.opensearch.action.admin.indices.stats.CommonStatsFlags
2617:             3            120  org.opensearch.action.support.replication.TransportReplicationAction$AsyncReplicaAction
2618:             3            120  org.opensearch.action.support.tasks.TransportTasksAction$1
2619:             1            120  org.opensearch.ad.ratelimit.ADCheckpointMaintainWorker
2620:             1            120  org.opensearch.ad.ratelimit.ADColdEntityWorker
2621:             1            120  org.opensearch.ad.transport.GetAnomalyDetectorTransportAction
2622:             1            120  org.opensearch.bootstrap.Bootstrap$2
2623:             1            120  org.opensearch.bootstrap.Bootstrap$4
2624:             5            120  org.opensearch.cluster.block.ClusterBlockLevel
2625:             5            120  org.opensearch.cluster.block.ClusterBlocks$ImmutableLevelHolder
2626:             5            120  org.opensearch.cluster.routing.allocation.Constraint
2627:             1            120  org.opensearch.common.PidFile$1
2628:             3            120  org.opensearch.common.breaker.ChildMemoryCircuitBreaker
2629:             5            120  org.opensearch.common.cache.ICacheKey
2630:             5            120  org.opensearch.common.unit.Fuzziness
2631:             5            120  org.opensearch.common.util.concurrent.ThreadContext$$Lambda/0x00007fcd29111390
2632:             3            120  org.opensearch.flowframework.indices.FlowFrameworkIndex
2633:             1            120  org.opensearch.forecast.ratelimit.ForecastCheckpointMaintainWorker
2634:             1            120  org.opensearch.forecast.ratelimit.ForecastColdEntityWorker
2635:             1            120  org.opensearch.forecast.transport.GetForecasterTransportAction
2636:             5            120  org.opensearch.index.engine.Engine$Operation$Origin
2637:             5            120  org.opensearch.index.mapper.MetadataFieldMapper$ConfigurableTypeParser
2638:             3            120  org.opensearch.index.shard.IndexShard$$Lambda/0x00007fcd2937b240
2639:             1            120  org.opensearch.indexmanagement.indexstatemanagement.ManagedIndexCoordinator
2640:             5            120  org.opensearch.knn.index.codec.KNNFormatFacade
2641:             5            120  org.opensearch.ml.stats.suppliers.IndexStatusSupplier
2642:             3            120  org.opensearch.monitor.jvm.JvmGcMonitorService$GcThreshold
2643:             1            120  org.opensearch.node.NodeService
2644:             5            120  org.opensearch.performanceanalyzer.config.setting.PerformanceAnalyzerClusterSettings$PerformanceAnalyzerFeatureBits
2645:             1            120  org.opensearch.search.aggregations.bucket.histogram.DateHistogramAggregator
2646:             5            120  org.opensearch.search.aggregations.bucket.histogram.DateIntervalWrapper$IntervalTypeEnum
2647:             5            120  org.opensearch.search.aggregations.support.FieldContext
2648:             5            120  org.opensearch.security.dlic.rest.api.RequestHandler$RequestHandlersBuilder$$Lambda/0x00007fcd28fe8000
2649:             3            120  org.opensearch.sql.spark.dispatcher.QueryHandlerFactory
2650:             5            120  org.opensearch.sql.spark.flint.OpenSearchFlintIndexStateModelService
2651:             5            120  org.opensearch.tasks.TaskManager$$Lambda/0x00007fcd292e3168
2652:             5            120  org.opensearch.tasks.TaskManager$ChannelPendingTaskTracker
2653:             5            120  org.opensearch.transport.OutboundHandler$SendContext$$Lambda/0x00007fcd2911ea10
2654:             5            120  org.opensearch.transport.TransportRequestOptions$Type
2655:             5            120  org.opensearch.transport.nativeprotocol.NativeOutboundHandler$MessageSerializer
2656:             5            120  org.opensearch.transport.netty4.Netty4MessageChannelHandler$$Lambda/0x00007fcd2910fd40
2657:             5            120  org.opensearch.transport.netty4.Netty4MessageChannelHandler$WriteOperation
2658:             3            120  sun.security.provider.DSAPublicKeyImpl (java.base@21.0.3)
2659:             3            120  sun.security.ssl.CipherSuite$HashAlg (java.base@21.0.3)
2660:             3            120  sun.security.ssl.SignatureScheme$SigAlgParamSpec (java.base@21.0.3)
2661:             3            120  sun.security.ssl.X509TrustManagerImpl (java.base@21.0.3)
2662:             3            120  sun.util.locale.provider.LocaleResources (java.base@21.0.3)
2663:             7            112  [Ljava.lang.annotation.Annotation; (java.base@21.0.3)
2664:             1            112  [Ljava.lang.reflect.AccessFlag; (java.base@21.0.3)
2665:             2            112  [Ljava.nio.file.attribute.PosixFilePermission; (java.base@21.0.3)
2666:             2            112  [Ljava.security.CryptoPrimitive; (java.base@21.0.3)
2667:             1            112  [Ljava.time.LocalTime; (java.base@21.0.3)
2668:             7            112  [Lorg.apache.logging.log4j.core.config.Property;
2669:             5            112  [Lorg.apache.logging.log4j.core.pattern.NameAbbreviator$PatternAbbreviatorFragment;
2670:             2            112  [Lorg.apache.lucene.search.SortField$Type;
2671:             2            112  [Lorg.opensearch.cluster.ClusterState$Metric;
2672:             2            112  [Lorg.opensearch.core.xcontent.XContentParser$Token;
2673:             1            112  [Lorg.opensearch.performanceanalyzer.commons.metrics.AllMetrics$ShardStatsValue;
2674:             5            112  [Lorg.opensearch.search.aggregations.Aggregator;
2675:             2            112  [Lorg.opensearch.search.asynchronous.context.state.AsynchronousSearchState;
2676:             2            112  [Lorg.opensearch.security.securityconf.impl.CType;
2677:             1            112  [Lorg.opensearch.security.support.ModuleType;
2678:             2            112  [Lorg.opensearch.timeseries.model.ProfileName;
2679:             1            112  [Lorg.yaml.snakeyaml.tokens.Token$ID;
2680:             3            112  [Lsun.invoke.util.ValueConversions$WrapperCache; (java.base@21.0.3)
2681:             2            112  com.google.common.collect.HashBiMap
2682:             1            112  java.lang.invoke.BoundMethodHandle$Species_LLLLLLLLLLLLLLLLLLL (java.base@21.0.3)
2683:             2            112  java.nio.DirectIntBufferRU (java.base@21.0.3)
2684:             2            112  java.security.cert.PKIXBuilderParameters (java.base@21.0.3)
2685:             7            112  jdk.proxy4.$Proxy24 (jdk.proxy4)
2686:             7            112  kotlinx.coroutines.internal.Symbol
2687:             7            112  kotlinx.coroutines.internal.Symbol
2688:             7            112  kotlinx.coroutines.internal.Symbol
2689:             7            112  org.apache.logging.log4j.core.impl.ThreadContextDataInjector$ForCopyOnWriteThreadContextMap
2690:             2            112  org.apache.lucene.analysis.miscellaneous.StemmerOverrideFilter
2691:             1            112  org.opensearch.action.bulk.TransportShardBulkAction
2692:             1            112  org.opensearch.ad.ml.ADColdStart
2693:             1            112  org.opensearch.ad.transport.ADResultProcessor
2694:             2            112  org.opensearch.cluster.routing.allocation.DiskThresholdSettings
2695:             7            112  org.opensearch.common.settings.Setting$$Lambda/0x00007fcd2854d468
2696:             2            112  org.opensearch.common.util.BigByteArray
2697:             2            112  org.opensearch.common.util.BigDoubleArray
2698:             1            112  org.opensearch.forecast.ml.ForecastColdStart
2699:             1            112  org.opensearch.forecast.transport.ForecastRunOnceTransportAction
2700:             7            112  org.opensearch.index.analysis.PreBuiltAnalyzerProviderFactory$$Lambda/0x00007fcd286c7038
2701:             7            112  org.opensearch.index.mapper.MetadataFieldMapper$FixedTypeParser
2702:             1            112  org.opensearch.index.query.QueryShardContext
2703:             1            112  org.opensearch.index.query.QueryStringQueryBuilder
2704:             7            112  org.opensearch.ml.stats.suppliers.CounterSupplier
2705:             1            112  org.opensearch.performanceanalyzer.collectors.telemetry.RTFNodeStatsAllShardsMetricsCollector
2706:             1            112  org.opensearch.replication.action.replay.TransportReplayChangesAction
2707:             7            112  org.opensearch.search.aggregations.BucketCollectorProcessor
2708:             1            112  org.opensearch.search.internal.ShardSearchRequest
2709:             7            112  org.opensearch.security.dlic.rest.api.AbstractApiAction$$Lambda/0x00007fcd28fe5688
2710:             7            112  org.opensearch.sql.spark.execution.session.OpenSearchSessionConfigSupplier
2711:             7            112  org.opensearch.sql.spark.execution.xcontent.SessionModelXContentSerializer
2712:             7            112  org.opensearch.sql.spark.execution.xcontent.StatementModelXContentSerializer
2713:             2            112  org.tartarus.snowball.ext.FinnishStemmer
2714:             2            112  org.tartarus.snowball.ext.RomanianStemmer
2715:             2            112  sun.security.ec.ed.EdDSAParameters (jdk.crypto.ec@21.0.3)
2716:             1            104  [Ljava.lang.reflect.ClassFileFormatVersion; (java.base@21.0.3)
2717:             1            104  [Lorg.apache.logging.log4j.core.util.datetime.FixedDateFormat$FixedFormat;
2718:             1            104  [Lorg.opensearch.sql.common.setting.Settings$Key;
2719:             1            104  [Lsun.security.ssl.SSLHandshake; (java.base@21.0.3)
2720:             1            104  [Lsun.security.ssl.SignatureScheme; (java.base@21.0.3)
2721:             2            104  [Lsun.util.logging.PlatformLogger$Level; (java.base@21.0.3)
2722:             1            104  com.sun.crypto.provider.SunJCE (java.base@21.0.3)
2723:             1            104  com.sun.security.sasl.Provider (java.security.sasl@21.0.3)
2724:             1            104  com.sun.security.sasl.gsskerb.JdkSASL (jdk.security.jgss@21.0.3)
2725:             1            104  java.lang.invoke.BoundMethodHandle$Species_LLLLLLLLLLLLLLLLLL (java.base@21.0.3)
2726:             1            104  jdk.internal.loader.ClassLoaders$AppClassLoader (java.base@21.0.3)
2727:             1            104  jdk.internal.loader.ClassLoaders$BootClassLoader (java.base@21.0.3)
2728:             1            104  jdk.internal.loader.ClassLoaders$PlatformClassLoader (java.base@21.0.3)
2729:             1            104  org.jcp.xml.dsig.internal.dom.XMLDSigRI (java.xml.crypto@21.0.3)
2730:             1            104  org.opensearch.ad.indices.ADIndexManagement
2731:             1            104  org.opensearch.ad.task.ADBatchTaskRunner
2732:             1            104  org.opensearch.forecast.indices.ForecastIndexManagement
2733:             1            104  org.opensearch.index.merge.MergeStats
2734:             1            104  org.opensearch.ml.action.register.TransportRegisterModelAction
2735:             1            104  org.opensearch.securityanalytics.transport.TransportIndexDetectorAction
2736:             1            104  org.opensearch.transport.TransportService
2737:             1            104  sun.security.ec.SunEC (jdk.crypto.ec@21.0.3)
2738:             1            104  sun.security.jca.ProviderList$1 (java.base@21.0.3)
2739:             1            104  sun.security.jgss.SunProvider (java.security.jgss@21.0.3)
2740:             1            104  sun.security.provider.certpath.ldap.JdkLDAP (java.naming@21.0.3)
2741:             1            104  sun.security.rsa.SunRsaSign (java.base@21.0.3)
2742:             1            104  sun.security.smartcardio.SunPCSC (java.smartcardio@21.0.3)
2743:             1            104  sun.security.ssl.SunJSSE (java.base@21.0.3)
2744:             2             96  [Lcom.fasterxml.jackson.annotation.JsonInclude$Include;
2745:             1             96  [Lcom.fasterxml.jackson.core.JsonParser$Feature;
2746:             2             96  [Lcom.google.common.cache.LocalCache$EntryFactory;
2747:             2             96  [Lcom.google.common.cache.LocalCache$EntryFactory;
2748:             2             96  [Lcom.google.common.cache.LocalCache$EntryFactory;
2749:             2             96  [Lcom.google.common.cache.LocalCache$EntryFactory;
2750:             2             96  [Ljava.lang.System$Logger$Level; (java.base@21.0.3)
2751:             2             96  [Ljava.time.DayOfWeek; (java.base@21.0.3)
2752:             2             96  [Ljava.util.concurrent.TimeUnit; (java.base@21.0.3)
2753:             4             96  [Lorg.apache.logging.log4j.Marker;
2754:             3             96  [Lorg.apache.logging.log4j.core.util.datetime.FastDatePrinter$Rule;
2755:             2             96  [Lorg.apache.logging.log4j.spi.StandardLevel;
2756:             2             96  [Lorg.opensearch.search.aggregations.support.CoreValuesSourceType;
2757:             4             96  [Lorg.opensearch.sql.spark.leasemanager.DefaultLeaseManager$Rule;
2758:             4             96  [Lsun.security.ssl.EphemeralKeyManager$EphemeralKeyPair; (java.base@21.0.3)
2759:             1             96  [Lsun.util.locale.BaseLocale; (java.base@21.0.3)
2760:             1             96  [[Ljava.lang.Byte; (java.base@21.0.3)
2761:             4             96  [[Lorg.opensearch.search.aggregations.InternalAggregation;
2762:             4             96  com.fasterxml.jackson.annotation.JsonCreator$Mode
2763:             4             96  com.fasterxml.jackson.annotation.JsonProperty$Access
2764:             1             96  com.fasterxml.jackson.databind.DeserializationConfig
2765:             4             96  com.fasterxml.jackson.databind.cfg.CoercionAction
2766:             4             96  com.fasterxml.jackson.databind.cfg.CoercionAction
2767:             4             96  com.fasterxml.jackson.databind.cfg.CoercionAction
2768:             4             96  com.fasterxml.jackson.databind.cfg.ConstructorDetector
2769:             4             96  com.fasterxml.jackson.databind.cfg.ConstructorDetector$SingleArgConstructor
2770:             4             96  com.fasterxml.jackson.databind.cfg.MutableCoercionConfig
2771:             4             96  com.fasterxml.jackson.databind.deser.DeserializerCache
2772:             4             96  com.fasterxml.jackson.databind.introspect.AnnotationCollector$OneAnnotation
2773:             4             96  com.fasterxml.jackson.databind.introspect.SimpleMixInResolver
2774:             3             96  com.fasterxml.jackson.databind.introspect.VisibilityChecker$Std
2775:             4             96  com.fasterxml.jackson.databind.ser.SerializerCache
2776:             3             96  com.fasterxml.jackson.databind.ser.std.EnumSerializer
2777:             6             96  com.fasterxml.jackson.databind.ser.std.ToStringSerializer
2778:             6             96  com.fasterxml.jackson.databind.ser.std.ToStringSerializer
2779:             6             96  com.fasterxml.jackson.databind.ser.std.ToStringSerializer
2780:             4             96  com.google.common.base.Predicates$CompositionPredicate
2781:             4             96  com.google.common.cache.LocalCache$AccessQueue$1
2782:             6             96  com.google.common.cache.LocalCache$LocalManualCache
2783:             4             96  com.google.common.collect.AbstractIterator$State
2784:             4             96  com.google.common.collect.AbstractIterator$State
2785:             3             96  com.google.common.collect.RegularImmutableSet
2786:             3             96  com.google.common.collect.RegularImmutableSet
2787:             4             96  com.google.common.collect.Sets$FilteredSet
2788:             2             96  com.google.common.collect.SingletonImmutableBiMap
2789:             6             96  com.google.common.collect.SingletonImmutableList
2790:             4             96  com.password4j.types.Bcrypt
2791:             3             96  com.sun.jna.NativeLong
2792:             3             96  io.netty.buffer.EmptyByteBuf
2793:             3             96  io.netty.channel.nio.NioEventLoopGroup
2794:             4             96  io.netty.handler.ssl.ApplicationProtocolConfig$Protocol
2795:             2             96  io.netty.handler.ssl.JdkSslServerContext
2796:             4             96  io.netty.util.ResourceLeakDetector$Level
2797:             4             96  java.io.ObjectStreamClass$ExceptionInfo (java.base@21.0.3)
2798:             3             96  java.io.SerializablePermission (java.base@21.0.3)
2799:             3             96  java.lang.Runtime$Version (java.base@21.0.3)
2800:             2             96  java.lang.invoke.MethodHandleImpl$WrappedMember (java.base@21.0.3)
2801:             2             96  java.lang.invoke.VarHandleReferences$FieldStaticReadWrite (java.base@21.0.3)
2802:             4             96  java.lang.module.ModuleDescriptor$Opens (java.base@21.0.3)
2803:             4             96  java.math.MathContext (java.base@21.0.3)
2804:             2             96  java.net.NetworkInterface (java.base@21.0.3)
2805:             4             96  java.nio.file.FileVisitResult (java.base@21.0.3)
2806:             4             96  java.text.Normalizer$Form (java.base@21.0.3)
2807:             3             96  java.text.StringCharacterIterator (java.base@21.0.3)
2808:             2             96  java.time.format.DateTimeFormatterBuilder$FractionPrinterParser (java.base@21.0.3)
2809:             4             96  java.time.format.DateTimeFormatterBuilder$SettingsParser (java.base@21.0.3)
2810:             4             96  java.time.format.FormatStyle (java.base@21.0.3)
2811:             2             96  java.time.zone.ZoneOffsetTransitionRule (java.base@21.0.3)
2812:             4             96  java.util.Collections$SynchronizedRandomAccessList (java.base@21.0.3)
2813:             2             96  java.util.Locale$Category (java.base@21.0.3)
2814:             3             96  java.util.UUID (java.base@21.0.3)
2815:             3             96  java.util.concurrent.ScheduledThreadPoolExecutor$DelayedWorkQueue (java.base@21.0.3)
2816:             4             96  java.util.regex.Pattern$Qtype (java.base@21.0.3)
2817:             4             96  java.util.stream.MatchOps$$Lambda/0x00007fcd284c32f8 (java.base@21.0.3)
2818:             3             96  java.util.stream.MatchOps$MatchKind (java.base@21.0.3)
2819:             4             96  java.util.stream.MatchOps$MatchOp (java.base@21.0.3)
2820:             4             96  java.util.stream.StreamShape (java.base@21.0.3)
2821:             4             96  javax.management.MBeanTrustPermission (java.management@21.0.3)
2822:             2             96  javax.management.openmbean.TabularType (java.management@21.0.3)
2823:             4             96  javax.net.ssl.SSLContext (java.base@21.0.3)
2824:             4             96  javax.net.ssl.SSLEngineResult$Status (java.base@21.0.3)
2825:             2             96  jdk.internal.foreign.layout.ValueLayouts$OfAddressImpl (java.base@21.0.3)
2826:             2             96  jdk.internal.foreign.layout.ValueLayouts$OfCharImpl (java.base@21.0.3)
2827:             2             96  jdk.internal.foreign.layout.ValueLayouts$OfDoubleImpl (java.base@21.0.3)
2828:             1             96  jdk.internal.jimage.ImageReader$SharedImageReader (java.base@21.0.3)
2829:             6             96  jdk.internal.loader.ClassLoaderValue (java.base@21.0.3)
2830:             4             96  jdk.internal.math.DoubleToDecimal (java.base@21.0.3)
2831:             3             96  jdk.internal.reflect.MethodHandleShortFieldAccessorImpl (java.base@21.0.3)
2832:             3             96  jdk.internal.util.ClassFileDumper (java.base@21.0.3)
2833:             4             96  jdk.internal.util.OperatingSystem (java.base@21.0.3)
2834:             4             96  jdk.jfr.internal.SecuritySupport$SafePath (jdk.jfr@21.0.3)
2835:             6             96  jdk.proxy2.$Proxy11 (jdk.proxy2)
2836:             6             96  jdk.proxy2.$Proxy30 (jdk.proxy2)
2837:             6             96  jdk.proxy4.$Proxy22 (jdk.proxy4)
2838:             6             96  jdk.proxy5.$Proxy35 (jdk.proxy5)
2839:             4             96  kotlin.SynchronizedLazyImpl
2840:             4             96  kotlinx.coroutines.CoroutineStart
2841:             4             96  kotlinx.coroutines.SupervisorJobImpl
2842:             4             96  org.apache.commons.lang3.tuple.ImmutablePair
2843:             3             96  org.apache.logging.log4j.core.config.ConfigurationScheduler
2844:             6             96  org.apache.logging.log4j.core.layout.PatternLayout$PatternFormatterPatternSerializer
2845:             6             96  org.apache.logging.log4j.core.lookup.JmxRuntimeInputArgumentsLookup
2846:             6             96  org.apache.logging.log4j.core.lookup.MapLookup
2847:             3             96  org.apache.logging.log4j.core.pattern.DatePatternConverter$PatternFormatter
2848:             4             96  org.apache.logging.log4j.core.pattern.NameAbbreviator$PatternAbbreviatorFragment
2849:             3             96  org.apache.lucene.analysis.ar.ArabicAnalyzer
2850:             2             96  org.apache.lucene.analysis.ar.ArabicStemFilter
2851:             3             96  org.apache.lucene.analysis.bg.BulgarianAnalyzer
2852:             2             96  org.apache.lucene.analysis.bg.BulgarianStemFilter
2853:             3             96  org.apache.lucene.analysis.bn.BengaliAnalyzer
2854:             2             96  org.apache.lucene.analysis.bn.BengaliNormalizationFilter
2855:             2             96  org.apache.lucene.analysis.bn.BengaliStemFilter
2856:             3             96  org.apache.lucene.analysis.br.BrazilianAnalyzer
2857:             2             96  org.apache.lucene.analysis.br.BrazilianStemFilter
2858:             3             96  org.apache.lucene.analysis.ca.CatalanAnalyzer
2859:             3             96  org.apache.lucene.analysis.ckb.SoraniAnalyzer
2860:             2             96  org.apache.lucene.analysis.ckb.SoraniStemFilter
2861:             3             96  org.apache.lucene.analysis.cz.CzechAnalyzer
2862:             2             96  org.apache.lucene.analysis.cz.CzechStemFilter
2863:             3             96  org.apache.lucene.analysis.da.DanishAnalyzer
2864:             3             96  org.apache.lucene.analysis.de.GermanAnalyzer
2865:             2             96  org.apache.lucene.analysis.de.GermanLightStemFilter
2866:             2             96  org.apache.lucene.analysis.el.GreekStemFilter
2867:             3             96  org.apache.lucene.analysis.en.EnglishAnalyzer
2868:             2             96  org.apache.lucene.analysis.en.PorterStemFilter
2869:             3             96  org.apache.lucene.analysis.es.SpanishAnalyzer
2870:             2             96  org.apache.lucene.analysis.es.SpanishLightStemFilter
2871:             3             96  org.apache.lucene.analysis.et.EstonianAnalyzer
2872:             3             96  org.apache.lucene.analysis.eu.BasqueAnalyzer
2873:             3             96  org.apache.lucene.analysis.fi.FinnishAnalyzer
2874:             3             96  org.apache.lucene.analysis.fr.FrenchAnalyzer
2875:             2             96  org.apache.lucene.analysis.fr.FrenchLightStemFilter
2876:             3             96  org.apache.lucene.analysis.ga.IrishAnalyzer
2877:             3             96  org.apache.lucene.analysis.gl.GalicianAnalyzer
2878:             2             96  org.apache.lucene.analysis.gl.GalicianStemFilter
2879:             3             96  org.apache.lucene.analysis.hi.HindiAnalyzer
2880:             2             96  org.apache.lucene.analysis.hi.HindiNormalizationFilter
2881:             2             96  org.apache.lucene.analysis.hi.HindiStemFilter
2882:             3             96  org.apache.lucene.analysis.hu.HungarianAnalyzer
2883:             3             96  org.apache.lucene.analysis.hy.ArmenianAnalyzer
2884:             3             96  org.apache.lucene.analysis.id.IndonesianAnalyzer
2885:             2             96  org.apache.lucene.analysis.id.IndonesianStemFilter
2886:             3             96  org.apache.lucene.analysis.it.ItalianAnalyzer
2887:             2             96  org.apache.lucene.analysis.it.ItalianLightStemFilter
2888:             3             96  org.apache.lucene.analysis.lt.LithuanianAnalyzer
2889:             3             96  org.apache.lucene.analysis.lv.LatvianAnalyzer
2890:             2             96  org.apache.lucene.analysis.lv.LatvianStemFilter
2891:             2             96  org.apache.lucene.analysis.miscellaneous.SetKeywordMarkerFilter
2892:             3             96  org.apache.lucene.analysis.nl.DutchAnalyzer
2893:             3             96  org.apache.lucene.analysis.no.NorwegianAnalyzer
2894:             3             96  org.apache.lucene.analysis.pt.PortugueseAnalyzer
2895:             2             96  org.apache.lucene.analysis.pt.PortugueseLightStemFilter
2896:             3             96  org.apache.lucene.analysis.ro.RomanianAnalyzer
2897:             3             96  org.apache.lucene.analysis.ru.RussianAnalyzer
2898:             4             96  org.apache.lucene.analysis.standard.StandardAnalyzer$$Lambda/0x00007fcd2925b7e8
2899:             3             96  org.apache.lucene.analysis.sv.SwedishAnalyzer
2900:             3             96  org.apache.lucene.analysis.tr.TurkishAnalyzer
2901:             6             96  org.apache.lucene.backward_codecs.lucene50.Lucene50LiveDocsFormat
2902:             6             96  org.apache.lucene.backward_codecs.lucene60.Lucene60FieldInfosFormat
2903:             3             96  org.apache.lucene.search.BooleanWeight
2904:             6             96  org.apache.lucene.search.TaskExecutor
2905:             4             96  org.apache.lucene.store.IOContext$Context
2906:             4             96  org.apache.lucene.util.automaton.CompiledAutomaton$AUTOMATON_TYPE
2907:             4             96  org.bouncycastle.crypto.CryptoServicesPermission
2908:             4             96  org.bouncycastle.crypto.params.DHValidationParameters
2909:             4             96  org.bouncycastle.crypto.params.DSAValidationParameters
2910:             3             96  org.joda.time.format.DateTimeFormatterBuilder$TimeZoneOffset
2911:             4             96  org.joni.ast.CClassNode$CCSTATE
2912:             4             96  org.locationtech.spatial4j.context.jts.ValidationRule
2913:             2             96  org.locationtech.spatial4j.shape.impl.RectangleImpl
2914:             1             96  org.opensearch.action.resync.TransportResyncReplicationAction
2915:             1             96  org.opensearch.action.search.TransportSearchAction
2916:             3             96  org.opensearch.action.support.WriteRequest$RefreshPolicy
2917:             4             96  org.opensearch.action.support.replication.ReplicationResponse
2918:             4             96  org.opensearch.action.support.replication.ReplicationResponse$ShardInfo
2919:             4             96  org.opensearch.action.support.replication.TransportReplicationAction$1
2920:             4             96  org.opensearch.action.support.replication.TransportReplicationAction$AsyncPrimaryAction$$Lambda/0x00007fcd293afa78
2921:             4             96  org.opensearch.action.support.replication.TransportReplicationAction$AsyncPrimaryAction$$Lambda/0x00007fcd293b0000
2922:             4             96  org.opensearch.action.support.replication.TransportReplicationAction$AsyncPrimaryAction$$Lambda/0x00007fcd293b0780
2923:             4             96  org.opensearch.action.support.replication.TransportReplicationAction$AsyncPrimaryAction$$Lambda/0x00007fcd293b1000
2924:             4             96  org.opensearch.action.support.replication.TransportReplicationAction$PrimaryResult
2925:             4             96  org.opensearch.action.support.replication.TransportReplicationAction$PrimaryShardReference
2926:             3             96  org.opensearch.action.support.replication.TransportReplicationAction$ReplicaResponse
2927:             1             96  org.opensearch.ad.caching.ADPriorityCache
2928:             1             96  org.opensearch.alerting.core.JobSweeper
2929:             3             96  org.opensearch.analysis.common.SnowballAnalyzer
2930:             6             96  org.opensearch.client.support.AbstractClient$ClusterAdmin
2931:             6             96  org.opensearch.client.support.AbstractClient$IndicesAdmin
2932:             4             96  org.opensearch.cluster.metadata.DiffableStringMap
2933:             3             96  org.opensearch.cluster.metadata.IndexAbstraction$Type
2934:             2             96  org.opensearch.cluster.metadata.RepositoryMetadata
2935:             6             96  org.opensearch.cluster.metadata.TemplatesMetadata
2936:             3             96  org.opensearch.cluster.routing.WeightedRoutingService
2937:             4             96  org.opensearch.cluster.routing.allocation.decider.EnableAllocationDecider$Allocation
2938:             4             96  org.opensearch.cluster.routing.allocation.decider.EnableAllocationDecider$Rebalance
2939:             3             96  org.opensearch.common.breaker.ChildMemoryCircuitBreaker$LimitAndOverhead
2940:             3             96  org.opensearch.common.inject.internal.Errors
2941:             4             96  org.opensearch.common.lifecycle.Lifecycle$State
2942:             4             96  org.opensearch.common.path.PathTrie$TrieMatchingMode
2943:             4             96  org.opensearch.common.recycler.Recyclers$$Lambda/0x00007fcd28885010
2944:             4             96  org.opensearch.common.recycler.Recyclers$2
2945:             2             96  org.opensearch.common.settings.SecureSetting$InsecureStringSetting
2946:             3             96  org.opensearch.common.settings.Setting$AffixSetting$3
2947:             6             96  org.opensearch.common.util.concurrent.ConcurrentHashMapLong
2948:             3             96  org.opensearch.common.util.concurrent.ResizableBlockingQueue
2949:             4             96  org.opensearch.common.util.concurrent.ThreadContext$$Lambda/0x00007fcd290f3db8
2950:             4             96  org.opensearch.common.util.concurrent.ThreadContext$ThreadContextStruct$$Lambda/0x00007fcd291a7548
2951:             4             96  org.opensearch.core.common.bytes.AbstractBytesReference$1
2952:             1             96  org.opensearch.forecast.caching.ForecastPriorityCache
2953:             4             96  org.opensearch.forecast.model.ForecastTaskType
2954:             1             96  org.opensearch.forecast.task.ForecastTaskManager
2955:             1             96  org.opensearch.forecast.transport.ForecastResultTransportAction
2956:             3             96  org.opensearch.forecast.transport.SuggestName
2957:             4             96  org.opensearch.index.IndexService$$Lambda/0x00007fcd293a6558
2958:             4             96  org.opensearch.index.IndexService$$Lambda/0x00007fcd293a6998
2959:             3             96  org.opensearch.index.IndexSettings$IndexMergePolicy
2960:             6             96  org.opensearch.index.analysis.PreConfiguredTokenFilter$$Lambda/0x00007fcd2869e638
2961:             3             96  org.opensearch.index.codec.customcodecs.backward_codecs.Lucene95CustomCodec$Mode
2962:             3             96  org.opensearch.index.codec.customcodecs.backward_codecs.Lucene95CustomStoredFieldsFormat
2963:             3             96  org.opensearch.index.fielddata.plain.SortedSetOrdinalsIndexFieldData
2964:             4             96  org.opensearch.index.mapper.MapperService$MergeReason
2965:             6             96  org.opensearch.index.mapper.RangeType$$Lambda/0x00007fcd2873d5e8
2966:             3             96  org.opensearch.index.search.MatchQuery$ZeroTermsQuery
2967:             2             96  org.opensearch.index.seqno.GlobalCheckpointSyncAction$Request
2968:             2             96  org.opensearch.index.seqno.ReplicationTracker$$Lambda/0x00007fcd293a7908
2969:             1             96  org.opensearch.index.seqno.RetentionLeaseSyncAction
2970:             4             96  org.opensearch.index.shard.IndexShard$ShardMigrationState
2971:             1             96  org.opensearch.index.shard.IndexingStats$Stats
2972:             1             96  org.opensearch.indices.IndicesQueryCache$OpenSearchLRUQueryCache
2973:             4             96  org.opensearch.indices.IndicesRequestCache$CleanupKey
2974:             4             96  org.opensearch.indices.IndicesService$ShardDeletionCheckResult
2975:             1             96  org.opensearch.indices.cluster.IndicesClusterStateService
2976:             3             96  org.opensearch.ingest.geoip.DatabaseReaderLazyLoader
2977:             1             96  org.opensearch.jobscheduler.sweeper.JobSweeper
2978:             4             96  org.opensearch.knn.index.KNNMethod
2979:             3             96  org.opensearch.knn.index.util.KNNEngine
2980:             6             96  org.opensearch.knn.plugin.stats.suppliers.KNNInnerCacheStatsSupplier
2981:             6             96  org.opensearch.knn.plugin.stats.suppliers.NativeMemoryCacheManagerSupplier
2982:             1             96  org.opensearch.ml.action.deploy.TransportDeployModelOnNodeAction
2983:             1             96  org.opensearch.ml.action.syncup.TransportSyncUpOnNodeAction
2984:             2             96  org.opensearch.monitor.os.OsInfo
2985:             3             96  org.opensearch.node.remotestore.RemoteStoreNodeService$Direction
2986:             4             96  org.opensearch.observability.settings.PluginSettings$FilterBy
2987:             3             96  org.opensearch.painless.CompilerSettings$RegexEnabled
2988:             4             96  org.opensearch.performanceanalyzer.commons.metrics.MetricsConfiguration$MetricConfig
2989:             3             96  org.opensearch.performanceanalyzer.commons.stats.metrics.StatsType
2990:             3             96  org.opensearch.performanceanalyzer.commons.util.Util$CollectorMode
2991:             4             96  org.opensearch.plugins.SearchPlugin$SortSpec
2992:             3             96  org.opensearch.ratelimitting.admissioncontrol.enums.AdmissionControlActionType
2993:             3             96  org.opensearch.ratelimitting.admissioncontrol.enums.AdmissionControlMode
2994:             4             96  org.opensearch.reportsscheduler.util.HelpersKt$logger$1
2995:             2             96  org.opensearch.repositories.s3.async.AsyncTransferManager
2996:             6             96  org.opensearch.search.SearchModule$$Lambda/0x00007fcd2875cf50
2997:             6             96  org.opensearch.search.SearchModule$$Lambda/0x00007fcd2879bd90
2998:             6             96  org.opensearch.search.aggregations.AggregatorFactories
2999:             1             96  org.opensearch.search.asynchronous.service.AsynchronousSearchService
3000:             6             96  org.opensearch.search.asynchronous.service.AsynchronousSearchService$$Lambda/0x00007fcd28af0ab8
3001:             3             96  org.opensearch.search.backpressure.settings.SearchBackpressureMode
3002:             1             96  org.opensearch.search.query.QuerySearchResult
3003:             1             96  org.opensearch.security.configuration.DlsFlsFilterLeafReader$DlsFlsDirectoryReader
3004:             6             96  org.opensearch.security.dlic.rest.api.AbstractApiAction$1
3005:             1             96  org.opensearch.security.ssl.DefaultSecurityKeyStore
3006:             3             96  org.opensearch.security.support.Base64CustomHelper$CustomSerializationFormat
3007:             4             96  org.opensearch.security.transport.SecurityInterceptor$$Lambda/0x00007fcd29187298
3008:             4             96  org.opensearch.security.transport.SecurityInterceptor$RestoringTransportResponseHandler
3009:             2             96  org.opensearch.securityanalytics.correlation.index.codec.CorrelationCodecVersion
3010:             1             96  org.opensearch.securityanalytics.transport.TransportCorrelateFindingAction
3011:             3             96  org.opensearch.securityanalytics.util.ThrowableCheckingPredicates
3012:             1             96  org.opensearch.snapshots.SnapshotsService
3013:             6             96  org.opensearch.sql.analysis.ExpressionAnalyzer
3014:             6             96  org.opensearch.sql.analysis.NamedExpressionAnalyzer
3015:             6             96  org.opensearch.sql.executor.execution.QueryPlanFactory
3016:             6             96  org.opensearch.sql.planner.Planner
3017:             6             96  org.opensearch.sql.planner.optimizer.LogicalPlanOptimizer
3018:             6             96  org.opensearch.sql.planner.optimizer.PushDownPageSize
3019:             6             96  org.opensearch.sql.spark.execution.session.DatasourceEmbeddedSessionIdProvider
3020:             4             96  org.opensearch.sql.spark.flint.OpenSearchIndexDMLResultStorageService
3021:             4             96  org.opensearch.sql.spark.leasemanager.DefaultLeaseManager
3022:             4             96  org.opensearch.sql.spark.leasemanager.DefaultLeaseManager$ConcurrentRefreshJobRule
3023:             4             96  org.opensearch.sql.spark.leasemanager.DefaultLeaseManager$ConcurrentSessionRule
3024:             3             96  org.opensearch.threadpool.AutoQueueAdjustingExecutorBuilder$$Lambda/0x00007fcd28535f90
3025:             1             96  org.opensearch.timeseries.TimeSeriesAnalyticsPlugin
3026:             6             96  org.opensearch.timeseries.ratelimit.BatchWorker$$Lambda/0x00007fcd28a11858
3027:             6             96  org.opensearch.timeseries.stats.suppliers.SettableSupplier
3028:             1             96  org.opensearch.timeseries.transport.CronTransportAction
3029:             6             96  org.opensearch.transport.InboundMessage
3030:             4             96  org.opensearch.transport.Transport$ResponseContext
3031:             4             96  org.opensearch.transport.TransportService$ContextRestoreResponseHandler
3032:             2             96  org.opensearch.transport.nativeprotocol.NativeOutboundHandler
3033:             3             96  org.opensearch.watcher.ResourceWatcherService$Frequency
3034:             2             96  org.tartarus.snowball.ext.ArmenianStemmer
3035:             2             96  org.tartarus.snowball.ext.BasqueStemmer
3036:             2             96  org.tartarus.snowball.ext.CatalanStemmer
3037:             2             96  org.tartarus.snowball.ext.DanishStemmer
3038:             2             96  org.tartarus.snowball.ext.DutchStemmer
3039:             2             96  org.tartarus.snowball.ext.EnglishStemmer
3040:             2             96  org.tartarus.snowball.ext.EstonianStemmer
3041:             2             96  org.tartarus.snowball.ext.IrishStemmer
3042:             2             96  org.tartarus.snowball.ext.NorwegianStemmer
3043:             2             96  org.tartarus.snowball.ext.RussianStemmer
3044:             2             96  org.tartarus.snowball.ext.SwedishStemmer
3045:             3             96  org.yaml.snakeyaml.DumperOptions$FlowStyle
3046:             4             96  org.yaml.snakeyaml.nodes.NodeId
3047:             4             96  sun.security.ssl.CipherType (java.base@21.0.3)
3048:             3             96  sun.security.ssl.ECPointFormatsExtension$ECPointFormat (java.base@21.0.3)
3049:             4             96  sun.security.ssl.EphemeralKeyManager (java.base@21.0.3)
3050:             3             96  sun.security.ssl.SSLTrafficKeyDerivation$KeySchedule (java.base@21.0.3)
3051:             3             96  sun.security.util.DisabledAlgorithmConstraints$DenyAfterConstraint (java.base@21.0.3)
3052:             4             96  sun.security.util.DisabledAlgorithmConstraints$UsageConstraint (java.base@21.0.3)
3053:             6             96  sun.security.util.math.intpoly.IntegerPolynomial$Limb (java.base@21.0.3)
3054:             2             96  sun.security.validator.PKIXValidator (java.base@21.0.3)
3055:             3             96  sun.security.x509.NetscapeCertTypeExtension (java.base@21.0.3)
3056:             3             96  sun.util.locale.UnicodeLocaleExtension (java.base@21.0.3)
3057:             2             88  [Lcom.fasterxml.jackson.databind.cfg.CoercionAction;
3058:             1             88  [Lio.protostuff.WireFormat$FieldType;
3059:             4             88  [Ljava.nio.file.Path; (java.base@21.0.3)
3060:             1             88  [Ljava.util.concurrent.ConcurrentMap; (java.base@21.0.3)
3061:             1             88  [Lorg.opensearch.security.dlic.rest.api.Endpoint;
3062:             1             88  [Lorg.opensearch.sql.data.type.ExprCoreType;
3063:             2             88  [Lsun.security.jca.ProviderConfig; (java.base@21.0.3)
3064:             1             88  [Lsun.security.ssl.CipherSuite$KeyExchange; (java.base@21.0.3)
3065:             1             88  com.fasterxml.jackson.databind.SerializationConfig
3066:             1             88  com.fasterxml.jackson.databind.deser.CreatorProperty
3067:             1             88  com.fasterxml.jackson.dataformat.smile.SmileFactory
3068:             1             88  com.google.gson.Gson
3069:             1             88  org.apache.lucene.codecs.lucene99.Lucene99PostingsFormat$IntBlockTermState
3070:             1             88  org.apache.lucene.search.LRUQueryCache
3071:             1             88  org.opensearch.ad.ml.ADCheckpointDao
3072:             1             88  org.opensearch.alerting.alerts.AlertIndices
3073:             1             88  org.opensearch.bootstrap.Bootstrap$5
3074:             1             88  org.opensearch.index.ShardIndexingPressureMemoryManager
3075:             1             88  org.opensearch.ml.action.deploy.TransportDeployModelAction
3076:             1             88  org.opensearch.performanceanalyzer.collectors.ClusterManagerServiceEventMetrics
3077:             1             88  org.opensearch.performanceanalyzer.collectors.telemetry.RTFThreadPoolMetricsCollector
3078:             1             88  org.opensearch.search.aggregations.bucket.histogram.DateHistogramAggregationBuilder
3079:             1             88  org.opensearch.search.backpressure.settings.SearchShardTaskSettings
3080:             1             88  org.opensearch.search.backpressure.settings.SearchTaskSettings
3081:             1             88  org.opensearch.security.auth.BackendRegistry
3082:             2             80  [Lcom.fasterxml.jackson.annotation.JsonAutoDetect$Visibility;
3083:             3             80  [Lio.netty.util.concurrent.EventExecutor;
3084:             1             80  [Lio.netty.util.concurrent.EventExecutor;
3085:             2             80  [Lio.netty.util.internal.PriorityQueueNode;
3086:             2             80  [Ljava.lang.OutOfMemoryError; (java.base@21.0.3)
3087:             1             80  [Ljava.time.temporal.ChronoUnit; (java.base@21.0.3)
3088:             2             80  [Ljava.util.stream.StreamOpFlag$Type; (java.base@21.0.3)
3089:             5             80  [Lorg.apache.logging.log4j.core.appender.rolling.action.Action;
3090:             1             80  [Lorg.bouncycastle.jcajce.provider.asymmetric.compositesignatures.CompositeSignaturesConstants$CompositeName;
3091:             2             80  [Lorg.greenrobot.eventbus.ThreadMode;
3092:             2             80  [Lorg.opensearch.action.search.SearchPhaseName;
3093:             2             80  [Lorg.opensearch.action.support.IndicesOptions$Option;
3094:             2             80  [Lorg.opensearch.ad.indices.ADIndex;
3095:             2             80  [Lorg.opensearch.cluster.block.ClusterBlockLevel;
3096:             2             80  [Lorg.opensearch.cluster.routing.Preference;
3097:             1             80  [Lorg.opensearch.cluster.routing.UnassignedInfo$Reason;
3098:             2             80  [Lorg.opensearch.common.Priority;
3099:             2             80  [Lorg.opensearch.forecast.indices.ForecastIndex;
3100:             2             80  [Lorg.opensearch.indices.recovery.RecoveryState$Stage;
3101:             1             80  [Lorg.opensearch.knn.plugin.stats.KNNCounter;
3102:             1             80  [Lorg.opensearch.ml.common.model.MLModelState;
3103:             2             80  [Lorg.opensearch.ml.stats.MLNodeLevelStat;
3104:             2             80  [Lorg.opensearch.search.aggregations.bucket.histogram.DateIntervalWrapper$IntervalTypeEnum;
3105:             1             80  [Lorg.opensearch.search.fetch.FetchSubPhase;
3106:             1             80  [Lorg.opensearch.sql.common.setting.LegacySettings$Key;
3107:             2             80  [Lorg.opensearch.transport.TransportRequestOptions$Type;
3108:             1             80  [Lsun.security.ssl.SSLCipher; (java.base@21.0.3)
3109:             2             80  [Lsun.util.calendar.Era; (java.base@21.0.3)
3110:             2             80  [Lsun.util.locale.provider.LocaleProviderAdapter$Type; (java.base@21.0.3)
3111:             2             80  [[Ljava.lang.invoke.MethodHandle; (java.base@21.0.3)
3112:             1             80  com.amazon.dlic.auth.http.jwt.keybyoidc.SelfRefreshingKeySet
3113:             5             80  com.fasterxml.jackson.core.util.JacksonFeatureSet
3114:             1             80  com.fasterxml.jackson.databind.MappingJsonFactory
3115:             2             80  com.fasterxml.jackson.databind.deser.std.NumberDeserializers$BooleanDeserializer
3116:             2             80  com.fasterxml.jackson.databind.deser.std.NumberDeserializers$IntegerDeserializer
3117:             5             80  com.fasterxml.jackson.databind.introspect.BasicClassIntrospector
3118:             5             80  com.fasterxml.jackson.databind.jsontype.impl.StdSubtypeResolver
3119:             5             80  com.fasterxml.jackson.databind.util.RootNameLookup
3120:             2             80  com.google.common.cache.AbstractCache$SimpleStatsCounter
3121:             1             80  com.google.common.cache.LocalCache$Segment
3122:             2             80  com.google.common.collect.Multimaps$UnmodifiableMultimap
3123:             5             80  com.google.common.collect.RegularImmutableList
3124:             5             80  com.google.common.collect.SingletonImmutableList
3125:             2             80  com.sun.jmx.mbeanserver.DefaultMXBeanMappingFactory$TabularMapping (java.management@21.0.3)
3126:             2             80  com.sun.jna.Library$Handler$FunctionInfo
3127:             2             80  io.netty.bootstrap.ServerBootstrap$ServerBootstrapAcceptor
3128:             2             80  io.netty.buffer.CompositeByteBuf$Component
3129:             2             80  io.netty.channel.nio.AbstractNioMessageChannel$NioMessageUnsafe
3130:             5             80  io.netty.util.internal.ObjectPool$RecyclerObjectPool
3131:             2             80  java.io.BufferedOutputStream (java.base@21.0.3)
3132:             2             80  java.io.FileNotFoundException (java.base@21.0.3)
3133:             2             80  java.io.PrintWriter (java.base@21.0.3)
3134:             2             80  java.lang.ModuleLayer (java.base@21.0.3)
3135:             2             80  java.lang.UnsatisfiedLinkError (java.base@21.0.3)
3136:             2             80  java.lang.invoke.BoundMethodHandle$Species_LI (java.base@21.0.3)
3137:             2             80  java.lang.invoke.VarHandleLongs$FieldInstanceReadWrite (java.base@21.0.3)
3138:             2             80  java.lang.module.Configuration (java.base@21.0.3)
3139:             2             80  java.lang.ref.NativeReferenceQueue (java.base@21.0.3)
3140:             5             80  java.nio.channels.FileChannel$MapMode (java.base@21.0.3)
3141:             2             80  java.security.AccessControlException (java.base@21.0.3)
3142:             2             80  java.security.cert.TrustAnchor (java.base@21.0.3)
3143:             2             80  java.time.temporal.WeekFields (java.base@21.0.3)
3144:             2             80  java.time.zone.ZoneRules (java.base@21.0.3)
3145:             2             80  java.util.HashMap$KeySpliterator (java.base@21.0.3)
3146:             5             80  java.util.IdentityHashMap$Values (java.base@21.0.3)
3147:             5             80  java.util.concurrent.Executors$AutoShutdownDelegatedExecutorService$$Lambda/0x00007fcd284e5660 (java.base@21.0.3)
3148:             2             80  java.util.concurrent.PriorityBlockingQueue (java.base@21.0.3)
3149:             5             80  java.util.stream.Collectors$$Lambda/0x00007fcd282feca0 (java.base@21.0.3)
3150:             1             80  jdk.internal.event.X509CertificateEvent (java.base@21.0.3)
3151:             1             80  jdk.internal.icu.impl.NormalizerImpl (java.base@21.0.3)
3152:             2             80  jdk.internal.math.FloatingDecimal$BinaryToASCIIBuffer (java.base@21.0.3)
3153:             2             80  jdk.internal.misc.ScopedMemoryAccess$ScopedAccessError (java.base@21.0.3)
3154:             5             80  jdk.internal.module.ServicesCatalog (java.base@21.0.3)
3155:             5             80  jdk.proxy2.$Proxy13 (jdk.proxy2)
3156:             5             80  jdk.proxy2.$Proxy15 (jdk.proxy2)
3157:             5             80  jdk.proxy2.$Proxy2 (jdk.proxy2)
3158:             5             80  jdk.proxy4.$Proxy52 (jdk.proxy4)
3159:             5             80  jdk.proxy8.$Proxy39 (jdk.proxy8)
3160:             2             80  joptsimple.RequiredArgumentOptionSpec
3161:             2             80  kotlinx.coroutines.internal.LockFreeTaskQueueCore
3162:             2             80  kotlinx.coroutines.internal.LockFreeTaskQueueCore
3163:             2             80  kotlinx.coroutines.internal.LockFreeTaskQueueCore
3164:             2             80  kotlinx.coroutines.internal.LockFreeTaskQueueCore
3165:             5             80  kotlinx.coroutines.internal.Symbol
3166:             5             80  org.apache.logging.log4j.core.config.DefaultReliabilityStrategy
3167:             5             80  org.apache.logging.log4j.core.lookup.ContextMapLookup
3168:             5             80  org.apache.logging.log4j.core.lookup.DateLookup
3169:             5             80  org.apache.logging.log4j.core.lookup.EnvironmentLookup
3170:             5             80  org.apache.logging.log4j.core.lookup.EventLookup
3171:             5             80  org.apache.logging.log4j.core.lookup.JavaLookup
3172:             5             80  org.apache.logging.log4j.core.lookup.Log4jLookup
3173:             5             80  org.apache.logging.log4j.core.lookup.LowerLookup
3174:             5             80  org.apache.logging.log4j.core.lookup.MainMapLookup
3175:             5             80  org.apache.logging.log4j.core.lookup.MarkerLookup
3176:             5             80  org.apache.logging.log4j.core.lookup.ResourceBundleLookup
3177:             5             80  org.apache.logging.log4j.core.lookup.StrMatcher$CharMatcher
3178:             5             80  org.apache.logging.log4j.core.lookup.StructuredDataLookup
3179:             5             80  org.apache.logging.log4j.core.lookup.UpperLookup
3180:             2             80  org.apache.logging.log4j.core.util.datetime.FastDateParser
3181:             5             80  org.apache.logging.log4j.core.util.datetime.FastDateParser$CopyQuotedStrategy
3182:             5             80  org.apache.logging.log4j.core.util.datetime.FastDatePrinter$CharacterLiteral
3183:             2             80  org.apache.lucene.analysis.cjk.CJKWidthFilter
3184:             2             80  org.apache.lucene.analysis.ckb.SoraniNormalizationFilter
3185:             2             80  org.apache.lucene.analysis.classic.ClassicFilter
3186:             2             80  org.apache.lucene.analysis.de.GermanNormalizationFilter
3187:             2             80  org.apache.lucene.analysis.el.GreekLowerCaseFilter
3188:             2             80  org.apache.lucene.analysis.en.PorterStemmer
3189:             2             80  org.apache.lucene.analysis.fa.PersianNormalizationFilter
3190:             2             80  org.apache.lucene.analysis.ga.IrishLowerCaseFilter
3191:             2             80  org.apache.lucene.analysis.tr.ApostropheFilter
3192:             2             80  org.apache.lucene.analysis.tr.TurkishLowerCaseFilter
3193:             5             80  org.apache.lucene.backward_codecs.lucene80.Lucene80NormsFormat
3194:             5             80  org.apache.lucene.backward_codecs.lucene84.Lucene84PostingsFormat
3195:             5             80  org.apache.lucene.backward_codecs.lucene90.Lucene90FieldInfosFormat
3196:             5             80  org.bouncycastle.pqc.jcajce.provider.cmce.CMCEKeyFactorySpi
3197:             5             80  org.bouncycastle.pqc.jcajce.provider.ntru.NTRUKeyFactorySpi
3198:             2             80  org.greenrobot.eventbus.EventBusBuilder
3199:             2             80  org.locationtech.spatial4j.io.SupportedFormats
3200:             1             80  org.opensearch.action.ActionModule
3201:             1             80  org.opensearch.action.admin.indices.close.TransportVerifyShardBeforeCloseAction
3202:             1             80  org.opensearch.action.admin.indices.flush.TransportShardFlushAction
3203:             1             80  org.opensearch.action.admin.indices.readonly.TransportVerifyShardIndexBlockAction
3204:             1             80  org.opensearch.action.admin.indices.refresh.TransportShardRefreshAction
3205:             1             80  org.opensearch.action.bulk.TransportBulkAction
3206:             1             80  org.opensearch.action.search.SearchShardTask
3207:             2             80  org.opensearch.action.support.replication.TransportReplicationAction$ReroutePhase
3208:             1             80  org.opensearch.ad.ml.ADModelManager
3209:             1             80  org.opensearch.ad.transport.ADSingleStreamResultTransportAction
3210:             1             80  org.opensearch.ad.transport.AnomalyDetectorJobTransportAction
3211:             1             80  org.opensearch.ad.transport.DeleteADModelTransportAction
3212:             1             80  org.opensearch.ad.transport.EntityADResultTransportAction
3213:             1             80  org.opensearch.alerting.transport.TransportIndexMonitorAction
3214:             1             80  org.opensearch.alerting.transport.TransportIndexWorkflowAction
3215:             5             80  org.opensearch.cluster.ClusterStateObserver$ObserverClusterStateListener
3216:             2             80  org.opensearch.cluster.coordination.PreVoteResponse
3217:             2             80  org.opensearch.cluster.decommission.DecommissionService
3218:             1             80  org.opensearch.cluster.metadata.MetadataCreateIndexService
3219:             5             80  org.opensearch.common.bytes.ReleasableBytesReference$$Lambda/0x00007fcd29134a60
3220:             5             80  org.opensearch.common.settings.Setting$$Lambda/0x00007fcd2848de90
3221:             5             80  org.opensearch.common.settings.Setting$$Lambda/0x00007fcd2854df60
3222:             5             80  org.opensearch.common.settings.Setting$$Lambda/0x00007fcd2854e630
3223:             1             80  org.opensearch.forecast.transport.EntityForecastResultTransportAction
3224:             1             80  org.opensearch.forecast.transport.ForecastSingleStreamResultTransportAction
3225:             1             80  org.opensearch.forecast.transport.ForecasterJobTransportAction
3226:             1             80  org.opensearch.index.ShardIndexingPressure
3227:             2             80  org.opensearch.index.engine.Engine$1
3228:             2             80  org.opensearch.index.mapper.NestedPathFieldMapper$NestedPathFieldType
3229:             1             80  org.opensearch.index.seqno.GlobalCheckpointSyncAction
3230:             1             80  org.opensearch.index.seqno.RetentionLeaseBackgroundSyncAction
3231:             2             80  org.opensearch.index.seqno.SeqNoStats
3232:             1             80  org.opensearch.indexmanagement.indexstatemanagement.migration.ISMTemplateService
3233:             5             80  org.opensearch.indices.IndicesService$IndexShardCacheEntity
3234:             1             80  org.opensearch.indices.replication.checkpoint.PublishCheckpointAction
3235:             1             80  org.opensearch.ml.action.controller.DeployControllerTransportAction
3236:             1             80  org.opensearch.ml.action.controller.UndeployControllerTransportAction
3237:             1             80  org.opensearch.ml.action.undeploy.TransportUndeployModelsAction
3238:             1             80  org.opensearch.ml.action.update_cache.UpdateModelCacheTransportAction
3239:             1             80  org.opensearch.ml.model.MLModelManager
3240:             2             80  org.opensearch.monitor.os.OsService$OsStatsCache
3241:             2             80  org.opensearch.monitor.os.OsStats
3242:             1             80  org.opensearch.performanceanalyzer.collectors.telemetry.RTFDisksCollector
3243:             1             80  org.opensearch.performanceanalyzer.collectors.telemetry.RTFHeapMetricsCollector
3244:             2             80  org.opensearch.replication.repository.RemoteClusterRestoreLeaderService
3245:             1             80  org.opensearch.repositories.s3.S3ClientSettings
3246:             5             80  org.opensearch.search.aggregations.DefaultAggregationProcessor
3247:             1             80  org.opensearch.search.aggregations.metrics.MaxAggregator
3248:             5             80  org.opensearch.search.internal.ContextIndexSearcher$MutableQueryTimeout
3249:             1             80  org.opensearch.security.configuration.ConfigurationRepository
3250:             5             80  org.opensearch.security.dlic.rest.api.AbstractApiAction$$Lambda/0x00007fcd28fe5ac8
3251:             1             80  org.opensearch.security.privileges.PrivilegesEvaluator
3252:             2             80  org.opensearch.security.securityconf.impl.v7.ConfigV7$Kibana
3253:             1             80  org.opensearch.securityanalytics.transport.TransportDeleteDetectorAction
3254:             5             80  org.opensearch.sql.spark.execution.xcontent.FlintIndexStateModelXContentSerializer
3255:             5             80  org.opensearch.telemetry.tracing.attributes.Attributes
3256:             1             80  org.opensearch.threadpool.Scheduler$SafeScheduledThreadPoolExecutor
3257:             1             80  org.opensearch.timeseries.cluster.HashRing
3258:             2             80  org.opensearch.timeseries.rest.RestValidateAction
3259:             5             80  org.opensearch.transport.OutboundHandler$SendContext$$Lambda/0x00007fcd2911f290
3260:             5             80  org.opensearch.transport.netty4.Netty4MessageChannelHandler$$Lambda/0x00007fcd2912bba0
3261:             5             80  org.opensearch.transport.netty4.Netty4TcpChannel$$Lambda/0x00007fcd2910e528
3262:             2             80  org.tartarus.snowball.ext.HungarianStemmer
3263:             2             80  org.tartarus.snowball.ext.LithuanianStemmer
3264:             2             80  org.tartarus.snowball.ext.TurkishStemmer
3265:             2             80  sun.management.MemoryManagerImpl (java.management@21.0.3)
3266:             2             80  sun.nio.ch.ServerSocketAdaptor (java.base@21.0.3)
3267:             2             80  sun.security.ec.XECParameters (jdk.crypto.ec@21.0.3)
3268:             2             80  sun.security.rsa.RSAUtil$KeyType (java.base@21.0.3)
3269:             5             80  sun.security.ssl.SSLCipher$T10BlockReadCipherGenerator (java.base@21.0.3)
3270:             5             80  sun.security.ssl.SSLCipher$T10BlockWriteCipherGenerator (java.base@21.0.3)
3271:             5             80  sun.text.SupplementaryCharacterData (java.base@21.0.3)
3272:             1             80  sun.util.locale.provider.JRELocaleProviderAdapter (java.base@21.0.3)
3273:             1             72  [Lcom.fasterxml.jackson.core.JsonGenerator$Feature;
3274:             1             72  [Lcom.fasterxml.jackson.core.JsonToken;
3275:             1             72  [Lcom.fasterxml.jackson.core.json.JsonReadFeature;
3276:             1             72  [Lcom.fasterxml.jackson.databind.type.LogicalType;
3277:             1             72  [Lcom.fasterxml.jackson.databind.type.LogicalType;
3278:             1             72  [Lcom.fasterxml.jackson.databind.type.LogicalType;
3279:             1             72  [Ljavax.management.openmbean.SimpleType; (java.management@21.0.3)
3280:             3             72  [Lorg.opensearch.tasks.Task;
3281:             1             72  com.amazon.dlic.auth.http.jwt.keybyoidc.KeySetRetriever
3282:             3             72  com.fasterxml.jackson.annotation.OptBoolean
3283:             3             72  com.fasterxml.jackson.core.Base64Variant$PaddingReadBehaviour
3284:             1             72  com.fasterxml.jackson.core.util.InternCache
3285:             1             72  com.fasterxml.jackson.databind.ObjectMapper
3286:             3             72  com.fasterxml.jackson.databind.PropertyName
3287:             3             72  com.fasterxml.jackson.databind.PropertyName
3288:             3             72  com.fasterxml.jackson.databind.annotation.JsonSerialize$Typing
3289:             1             72  com.fasterxml.jackson.databind.deser.DefaultDeserializationContext$Impl
3290:             1             72  com.fasterxml.jackson.databind.ser.DefaultSerializerProvider$Impl
3291:             3             72  com.fasterxml.jackson.databind.ser.std.NumberSerializer
3292:             3             72  com.fasterxml.jackson.databind.ser.std.NumberSerializer
3293:             3             72  com.fasterxml.jackson.databind.ser.std.NumberSerializer
3294:             3             72  com.fasterxml.jackson.databind.util.AccessPattern
3295:             3             72  com.google.common.collect.AbstractMapBasedMultimap$KeySet
3296:             3             72  com.google.common.collect.ImmutableMapEntry$NonTerminalImmutableMapEntry
3297:             3             72  com.sun.jna.NativeLibrary$NativeLibraryDisposer
3298:             3             72  com.sun.jna.StructureReadContext
3299:             3             72  io.netty.handler.ssl.ApplicationProtocolConfig$SelectedListenerFailureBehavior
3300:             3             72  io.netty.handler.ssl.ApplicationProtocolConfig$SelectorFailureBehavior
3301:             3             72  io.netty.handler.ssl.ClientAuth
3302:             3             72  io.netty.handler.ssl.SslProvider
3303:             3             72  io.netty.util.concurrent.DefaultEventExecutorChooserFactory$PowerOfTwoEventExecutorChooser
3304:             3             72  io.protostuff.runtime.ArraySchemas$BoolArray$1
3305:             3             72  io.protostuff.runtime.ArraySchemas$CharArray$1
3306:             3             72  io.protostuff.runtime.ArraySchemas$FloatArray$1
3307:             3             72  io.protostuff.runtime.ArraySchemas$Int32Array$1
3308:             3             72  io.protostuff.runtime.ArraySchemas$Int64Array$1
3309:             3             72  io.protostuff.runtime.ArraySchemas$ShortArray$1
3310:             3             72  java.lang.ProcessImpl$LaunchMechanism (java.base@21.0.3)
3311:             3             72  java.lang.StackStreamFactory$WalkerState (java.base@21.0.3)
3312:             3             72  java.lang.StackWalker$Option (java.base@21.0.3)
3313:             3             72  java.lang.WeakPairMap (java.base@21.0.3)
3314:             3             72  java.lang.annotation.RetentionPolicy (java.base@21.0.3)
3315:             3             72  java.lang.invoke.MethodHandleImpl$ArrayAccess (java.base@21.0.3)
3316:             3             72  java.net.StandardProtocolFamily (java.base@21.0.3)
3317:             3             72  java.nio.file.AccessMode (java.base@21.0.3)
3318:             3             72  java.nio.file.FileTreeWalker$EventType (java.base@21.0.3)
3319:             3             72  java.nio.file.StandardCopyOption (java.base@21.0.3)
3320:             3             72  java.security.CodeSigner (java.base@21.0.3)
3321:             3             72  java.security.Timestamp (java.base@21.0.3)
3322:             3             72  java.security.cert.CertificateFactory (java.base@21.0.3)
3323:             3             72  java.time.ZonedDateTime (java.base@21.0.3)
3324:             3             72  java.time.format.DateTimeTextProvider$LocaleStore (java.base@21.0.3)
3325:             3             72  java.time.format.ResolverStyle (java.base@21.0.3)
3326:             3             72  java.time.zone.ZoneOffsetTransitionRule$TimeDefinition (java.base@21.0.3)
3327:             3             72  java.util.Base64$Encoder (java.base@21.0.3)
3328:             3             72  java.util.concurrent.ConcurrentLinkedDeque$Node (java.base@21.0.3)
3329:             3             72  java.util.concurrent.atomic.AtomicMarkableReference$Pair (java.base@21.0.3)
3330:             3             72  java.util.logging.LoggingPermission (java.logging@21.0.3)
3331:             3             72  java.util.stream.Collector$Characteristics (java.base@21.0.3)
3332:             3             72  java.util.stream.Collectors$$Lambda/0x00007fcd29178ca0 (java.base@21.0.3)
3333:             3             72  java.util.stream.FindOps$FindSink$OfRef (java.base@21.0.3)
3334:             3             72  java.util.stream.ReferencePipeline$7$1 (java.base@21.0.3)
3335:             3             72  java.util.zip.ZipCoder$Comparison (java.base@21.0.3)
3336:             3             72  jdk.internal.icu.util.CodePointTrie$ValueWidth (java.base@21.0.3)
3337:             3             72  jdk.internal.math.FloatingDecimal$ExceptionalBinaryToASCIIBuffer (java.base@21.0.3)
3338:             3             72  jdk.internal.misc.Signal (java.base@21.0.3)
3339:             3             72  kotlin.SynchronizedLazyImpl
3340:             3             72  kotlin.annotation.AnnotationRetention
3341:             3             72  kotlin.annotation.AnnotationRetention
3342:             3             72  kotlin.coroutines.intrinsics.CoroutineSingletons
3343:             3             72  kotlinx.coroutines.CoroutineName
3344:             1             72  kotlinx.coroutines.scheduling.CoroutineScheduler
3345:             3             72  org.apache.commons.lang3.tuple.ImmutablePair
3346:             3             72  org.apache.commons.pool2.impl.BaseGenericObjectPool$StatsStore
3347:             3             72  org.apache.logging.log4j.core.util.DummyNanoClock
3348:             3             72  org.apache.lucene.analysis.cjk.CJKAnalyzer
3349:             3             72  org.apache.lucene.analysis.core.KeywordAnalyzer
3350:             3             72  org.apache.lucene.analysis.core.WhitespaceAnalyzer
3351:             3             72  org.apache.lucene.analysis.el.GreekAnalyzer
3352:             3             72  org.apache.lucene.analysis.fa.PersianAnalyzer
3353:             3             72  org.apache.lucene.analysis.miscellaneous.StemmerOverrideFilter$StemmerOverrideMap
3354:             3             72  org.apache.lucene.analysis.th.ThaiAnalyzer
3355:             1             72  org.apache.lucene.backward_codecs.lucene90.Lucene90Codec
3356:             3             72  org.apache.lucene.codecs.lucene90.compressing.Lucene90CompressingStoredFieldsWriter$MergeStrategy
3357:             3             72  org.apache.lucene.index.IndexWriterConfig$OpenMode
3358:             3             72  org.apache.lucene.index.MergePolicy$OneMergeProgress$PauseReason
3359:             3             72  org.apache.lucene.index.PointValues$Relation
3360:             3             72  org.apache.lucene.index.SingletonSortedSetDocValues
3361:             3             72  org.apache.lucene.index.StoredFieldVisitor$Status
3362:             3             72  org.apache.lucene.index.TermsEnum$SeekStatus
3363:             3             72  org.apache.lucene.index.TieredMergePolicy$MERGE_TYPE
3364:             3             72  org.apache.lucene.search.Pruning
3365:             3             72  org.apache.lucene.search.TotalHits
3366:             3             72  org.apache.lucene.search.suggest.document.CompletionPostingsFormat$FSTLoadMode
3367:             3             72  org.apache.lucene.util.NamedSPILoader
3368:             3             72  org.apache.lucene.util.fst.FST$INPUT_TYPE
3369:             3             72  org.bouncycastle.crypto.CryptoServicesRegistrar$Property
3370:             1             72  org.greenrobot.eventbus.EventBus
3371:             3             72  org.jcodings.util.CaseInsensitiveBytesHash
3372:             3             72  org.joni.ast.CClassNode$CCVALTYPE
3373:             3             72  org.locationtech.spatial4j.context.jts.DatelineRule
3374:             1             72  org.opensearch.action.admin.cluster.allocation.TransportClusterAllocationExplainAction
3375:             1             72  org.opensearch.action.admin.cluster.node.info.NodeInfo$Builder
3376:             1             72  org.opensearch.action.admin.cluster.node.usage.TransportNodesUsageAction
3377:             1             72  org.opensearch.action.admin.indices.segments.TransportPitSegmentsAction
3378:             3             72  org.opensearch.action.support.IndicesOptions$WildcardStates
3379:             3             72  org.opensearch.action.support.replication.ReplicationMode
3380:             3             72  org.opensearch.action.support.replication.TransportReplicationAction$AsyncReplicaAction$$Lambda/0x00007fcd2937b6c0
3381:             3             72  org.opensearch.action.support.replication.TransportReplicationAction$AsyncReplicaAction$$Lambda/0x00007fcd2937b8e0
3382:             3             72  org.opensearch.action.support.replication.TransportReplicationAction$AsyncReplicaAction$$Lambda/0x00007fcd2937bd30
3383:             3             72  org.opensearch.action.support.replication.TransportReplicationAction$AsyncReplicaAction$$Lambda/0x00007fcd2937e000
3384:             1             72  org.opensearch.action.update.TransportUpdateAction
3385:             1             72  org.opensearch.ad.task.ADTaskCacheManager
3386:             1             72  org.opensearch.ad.transport.DeleteAnomalyDetectorTransportAction
3387:             1             72  org.opensearch.ad.transport.IndexAnomalyDetectorTransportAction
3388:             1             72  org.opensearch.alerting.transport.TransportIndexAlertingCommentAction
3389:             1             72  org.opensearch.bootstrap.JNACLibrary$Rlimit
3390:             3             72  org.opensearch.cli.Terminal$Verbosity
3391:             3             72  org.opensearch.cluster.NodeConnectionsService$ActivityType
3392:             1             72  org.opensearch.cluster.coordination.Coordinator$CoordinatorPeerFinder
3393:             3             72  org.opensearch.cluster.coordination.Coordinator$Mode
3394:             3             72  org.opensearch.cluster.coordination.NodeRemovalClusterStateTaskExecutor
3395:             3             72  org.opensearch.cluster.metadata.Metadata$XContentContext
3396:             3             72  org.opensearch.cluster.routing.RoutingTable
3397:             3             72  org.opensearch.cluster.routing.ShardMovementStrategy
3398:             3             72  org.opensearch.cluster.routing.allocation.decider.ClusterRebalanceAllocationDecider$ClusterRebalanceType
3399:             1             72  org.opensearch.cluster.service.ClusterApplierService
3400:             3             72  org.opensearch.common.cache.Cache$State
3401:             3             72  org.opensearch.common.inject.ConstructorInjectorStore
3402:             3             72  org.opensearch.common.inject.ConstructorInjectorStore$1
3403:             3             72  org.opensearch.common.inject.Initializer
3404:             3             72  org.opensearch.common.inject.MembersInjectorStore
3405:             3             72  org.opensearch.common.inject.MembersInjectorStore$1
3406:             3             72  org.opensearch.common.inject.Stage
3407:             3             72  org.opensearch.common.inject.TypeConverterBindingProcessor
3408:             3             72  org.opensearch.common.metrics.OperationMetrics
3409:             3             72  org.opensearch.common.settings.KeyStoreWrapper$Entry
3410:             3             72  org.opensearch.common.util.concurrent.OpenSearchExecutors$$Lambda/0x00007fcd2853f3e8
3411:             3             72  org.opensearch.core.common.breaker.CircuitBreaker$Type
3412:             1             72  org.opensearch.forecast.transport.DeleteForecastModelTransportAction
3413:             1             72  org.opensearch.forecast.transport.DeleteForecasterTransportAction
3414:             1             72  org.opensearch.forecast.transport.IndexForecasterTransportAction
3415:             1             72  org.opensearch.gateway.GatewayService
3416:             1             72  org.opensearch.gateway.TransportNodesListGatewayStartedShards
3417:             1             72  org.opensearch.gateway.TransportNodesListGatewayStartedShardsBatch
3418:             3             72  org.opensearch.index.analysis.AnalyzerScope
3419:             3             72  org.opensearch.index.codec.customcodecs.backward_codecs.Lucene95CustomStoredFieldsFormat$1
3420:             3             72  org.opensearch.index.codec.customcodecs.backward_codecs.Lucene95CustomStoredFieldsFormat$2
3421:             3             72  org.opensearch.index.engine.Engine$Result$Type
3422:             3             72  org.opensearch.index.engine.InternalEngine$$Lambda/0x00007fcd29346b38
3423:             3             72  org.opensearch.index.mapper.MappedFieldType$Relation
3424:             3             72  org.opensearch.index.mapper.ObjectMapper$Dynamic
3425:             3             72  org.opensearch.index.seqno.RetentionLeaseBackgroundSyncAction$$Lambda/0x00007fcd2937bb10
3426:             3             72  org.opensearch.indexmanagement.indexstatemanagement.util.MetadataCheck
3427:             3             72  org.opensearch.indices.analysis.PreBuiltCacheFactory$CachingStrategy
3428:             1             72  org.opensearch.indices.breaker.HierarchyCircuitBreakerService$G1OverLimitStrategy
3429:             3             72  org.opensearch.indices.recovery.MultiChunkTransfer$Status
3430:             1             72  org.opensearch.indices.recovery.RecoverySettings
3431:             3             72  org.opensearch.ingest.geoip.IngestGeoIpPlugin$$Lambda/0x00007fcd288cc778
3432:             3             72  org.opensearch.jobscheduler.spi.utils.LockService
3433:             1             72  org.opensearch.ml.action.prediction.TransportPredictionTaskAction
3434:             1             72  org.opensearch.ml.action.profile.MLProfileTransportAction
3435:             1             72  org.opensearch.ml.action.stats.MLStatsNodesTransportAction
3436:             1             72  org.opensearch.ml.action.undeploy.TransportUndeployModelAction
3437:             3             72  org.opensearch.ml.breaker.BreakerName
3438:             1             72  org.opensearch.ml.task.MLPredictTaskRunner
3439:             3             72  org.opensearch.monitor.jvm.JvmGcMonitorService$JvmMonitor$Threshold
3440:             1             72  org.opensearch.performanceanalyzer.collectors.NodeStatsAllShardsMetricsCollector
3441:             3             72  org.opensearch.performanceanalyzer.commons.collectors.PerformanceAnalyzerMetricsCollector$State
3442:             1             72  org.opensearch.performanceanalyzer.commons.collectors.StatsCollector
3443:             3             72  org.opensearch.performanceanalyzer.config.setting.ClusterSettingsManager$$Lambda/0x00007fcd291cc000
3444:             1             72  org.opensearch.replication.action.index.TransportReplicateIndexClusterManagerNodeAction
3445:             1             72  org.opensearch.replication.action.stats.TransportFollowerStatsAction
3446:             1             72  org.opensearch.replication.action.stats.TransportLeaderStatsAction
3447:             3             72  org.opensearch.repositories.s3.async.AsyncExecutorContainer
3448:             3             72  org.opensearch.repositories.s3.async.AsyncTransferEventLoopGroup
3449:             3             72  org.opensearch.search.aggregations.bucket.LocalBucketCountThresholds
3450:             3             72  org.opensearch.search.aggregations.bucket.terms.GlobalOrdinalsStringTermsAggregator$RemapGlobalOrds
3451:             3             72  org.opensearch.search.aggregations.bucket.terms.GlobalOrdinalsStringTermsAggregator$StandardTermsResults
3452:             1             72  org.opensearch.search.internal.ContextIndexSearcher
3453:             1             72  org.opensearch.search.pipeline.SearchPipelineService
3454:             1             72  org.opensearch.security.action.configupdate.TransportConfigUpdateAction
3455:             3             72  org.opensearch.security.auditlog.AuditLog$Origin
3456:             1             72  org.opensearch.security.auditlog.impl.AuditLogImpl
3457:             3             72  org.opensearch.security.configuration.DlsFlsValveImpl$Mode
3458:             3             72  org.opensearch.security.privileges.PrivilegesInterceptor$ReplaceResult
3459:             1             72  org.opensearch.security.securityconf.DynamicConfigModelV7
3460:             3             72  org.opensearch.security.securityconf.impl.WhitelistingSettings
3461:             3             72  org.opensearch.security.support.ConfigConstants$RolesMappingResolution
3462:             1             72  org.opensearch.securityanalytics.transport.TransportIndexCustomLogTypeAction
3463:             3             72  org.opensearch.sql.legacy.metrics.GaugeMetric
3464:             1             72  org.opensearch.tasks.TaskManager
3465:             3             72  org.opensearch.telemetry.tracing.SpanKind
3466:             3             72  org.opensearch.threadpool.AutoQueueAdjustingExecutorBuilder$1
3467:             3             72  org.opensearch.threadpool.AutoQueueAdjustingExecutorBuilder$2
3468:             3             72  org.opensearch.timeseries.MemoryTracker$Origin
3469:             1             72  org.opensearch.timeseries.ml.MemoryAwareConcurrentHashmap
3470:             3             72  org.opensearch.timeseries.stats.StatType
3471:             3             72  org.opensearch.transport.netty4.ssl.SecureConnectionTestUtil$SSLConnectionTestResult
3472:             3             72  org.opensearch.watcher.ResourceWatcherService$ResourceMonitor
3473:             3             72  org.yaml.snakeyaml.comments.CommentType
3474:             3             72  sun.management.ManagementFactoryHelper$1 (java.management@21.0.3)
3475:             3             72  sun.security.provider.DSAParameters (java.base@21.0.3)
3476:             3             72  sun.security.provider.NativePRNG$Variant (java.base@21.0.3)
3477:             3             72  sun.security.ssl.ClientAuthType (java.base@21.0.3)
3478:             3             72  sun.security.ssl.SunX509KeyManagerImpl (java.base@21.0.3)
3479:             3             72  sun.security.ssl.SunX509KeyManagerImpl$X509Credentials (java.base@21.0.3)
3480:             3             72  sun.util.locale.LocaleExtensions (java.base@21.0.3)
3481:             3             72  sun.util.resources.ParallelListResourceBundle$KeySet (java.base@21.0.3)
3482:             2             64  [Lcom.fasterxml.jackson.annotation.JsonCreator$Mode;
3483:             1             64  [Lcom.fasterxml.jackson.annotation.JsonFormat$Feature;
3484:             1             64  [Lcom.fasterxml.jackson.annotation.JsonFormat$Shape;
3485:             1             64  [Lcom.fasterxml.jackson.annotation.JsonFormat$Shape;
3486:             1             64  [Lcom.fasterxml.jackson.annotation.JsonFormat$Shape;
3487:             2             64  [Lcom.fasterxml.jackson.annotation.JsonProperty$Access;
3488:             2             64  [Lcom.fasterxml.jackson.annotation.OptBoolean;
3489:             1             64  [Lcom.fasterxml.jackson.databind.node.IntNode;
3490:             1             64  [Lcom.fasterxml.jackson.dataformat.yaml.YAMLGenerator$Feature;
3491:             2             64  [Lio.netty.handler.ssl.ClientAuth;
3492:             1             64  [Lio.protostuff.runtime.PolymorphicSchemaFactories;
3493:             2             64  [Ljava.lang.StackWalker$Option; (java.base@21.0.3)
3494:             2             64  [Ljava.lang.annotation.RetentionPolicy; (java.base@21.0.3)
3495:             1             64  [Ljava.lang.invoke.MethodHandleImpl$Intrinsic; (java.base@21.0.3)
3496:             2             64  [Ljava.nio.charset.CoderResult; (java.base@21.0.3)
3497:             2             64  [Ljava.util.stream.Collector$Characteristics; (java.base@21.0.3)
3498:             2             64  [Ljdk.internal.util.OperatingSystem; (java.base@21.0.3)
3499:             2             64  [Lkotlin.annotation.AnnotationRetention;
3500:             2             64  [Lkotlin.annotation.AnnotationRetention;
3501:             2             64  [Lorg.apache.lucene.codecs.lucene90.blocktree.CompressionAlgorithm;
3502:             2             64  [Lorg.apache.lucene.index.MergePolicy$OneMergeProgress$PauseReason;
3503:             2             64  [Lorg.apache.lucene.search.BooleanClause$Occur;
3504:             4             64  [Lorg.apache.lucene.search.ScoreDoc;
3505:             2             64  [Lorg.opensearch.action.search.ShardStatsFieldNames;
3506:             2             64  [Lorg.opensearch.action.support.IndicesOptions$WildcardStates;
3507:             2             64  [Lorg.opensearch.cluster.metadata.Metadata$XContentContext;
3508:             2             64  [Lorg.opensearch.cluster.routing.ShardMovementStrategy;
3509:             2             64  [Lorg.opensearch.cluster.routing.allocation.decider.EnableAllocationDecider$Allocation;
3510:             2             64  [Lorg.opensearch.cluster.routing.allocation.decider.EnableAllocationDecider$Rebalance;
3511:             2             64  [Lorg.opensearch.common.logging.SlowLogLevel;
3512:             2             64  [Lorg.opensearch.common.path.PathTrie$TrieMatchingMode;
3513:             2             64  [Lorg.opensearch.common.util.PageCacheRecycler$Type;
3514:             1             64  [Lorg.opensearch.index.fielddata.IndexNumericFieldData$NumericType;
3515:             2             64  [Lorg.opensearch.index.remote.RemoteStoreEnums$PathType;
3516:             2             64  [Lorg.opensearch.node.remotestore.RemoteStoreNodeService$Direction;
3517:             2             64  [Lorg.opensearch.observability.settings.PluginSettings$FilterBy;
3518:             2             64  [Lorg.opensearch.performanceanalyzer.commons.stats.metrics.ExceptionsAndErrors;
3519:             2             64  [Lorg.opensearch.repositories.s3.ProxySettings$ProxyType;
3520:             1             64  [Lorg.opensearch.security.auditlog.config.AuditConfig$Filter$FilterEntries;
3521:             1             64  [Lorg.opensearch.security.ssl.SecureSSLSettings$SSLSetting;
3522:             2             64  [Lorg.opensearch.security.support.ConfigConstants$RolesMappingResolution;
3523:             2             64  [Lorg.opensearch.timeseries.MemoryTracker$Origin;
3524:             2             64  [Lorg.opensearch.timeseries.model.EntityProfileName;
3525:             1             64  [Lorg.yaml.snakeyaml.events.Event$ID;
3526:             2             64  [Lsun.security.ssl.SSLTrafficKeyDerivation$KeySchedule; (java.base@21.0.3)
3527:             2             64  com.fasterxml.jackson.core.StreamWriteCapability
3528:             4             64  com.fasterxml.jackson.core.StreamWriteConstraints
3529:             2             64  com.fasterxml.jackson.core.io.ContentReference
3530:             2             64  com.fasterxml.jackson.databind.cfg.EnumFeature
3531:             2             64  com.fasterxml.jackson.databind.cfg.EnumFeature
3532:             2             64  com.fasterxml.jackson.databind.cfg.EnumFeature
3533:             2             64  com.fasterxml.jackson.databind.introspect.AnnotationCollector$TwoAnnotations
3534:             4             64  com.fasterxml.jackson.databind.introspect.BasicClassIntrospector
3535:             2             64  com.fasterxml.jackson.databind.introspect.VisibilityChecker$Std
3536:             2             64  com.fasterxml.jackson.databind.introspect.VisibilityChecker$Std
3537:             4             64  com.fasterxml.jackson.databind.jsontype.impl.StdSubtypeResolver
3538:             2             64  com.fasterxml.jackson.databind.ser.std.NumberSerializers$DoubleSerializer
3539:             2             64  com.fasterxml.jackson.databind.ser.std.NumberSerializers$DoubleSerializer
3540:             2             64  com.fasterxml.jackson.databind.ser.std.NumberSerializers$DoubleSerializer
3541:             2             64  com.fasterxml.jackson.databind.ser.std.NumberSerializers$IntegerSerializer
3542:             2             64  com.fasterxml.jackson.databind.ser.std.NumberSerializers$IntegerSerializer
3543:             2             64  com.fasterxml.jackson.databind.ser.std.NumberSerializers$IntegerSerializer
3544:             2             64  com.fasterxml.jackson.databind.ser.std.NumberSerializers$LongSerializer
3545:             2             64  com.fasterxml.jackson.databind.ser.std.NumberSerializers$LongSerializer
3546:             2             64  com.fasterxml.jackson.databind.ser.std.NumberSerializers$LongSerializer
3547:             4             64  com.fasterxml.jackson.databind.util.RootNameLookup
3548:             2             64  com.fasterxml.jackson.dataformat.yaml.YAMLParser$Feature
3549:             1             64  com.google.common.cache.CacheStats
3550:             1             64  com.google.common.cache.CacheStats
3551:             1             64  com.google.common.cache.CacheStats
3552:             1             64  com.google.common.cache.CacheStats
3553:             4             64  com.google.common.cache.LocalCache$AccessQueue
3554:             4             64  com.google.common.collect.$Proxy54
3555:             2             64  com.google.common.collect.RegularImmutableSet
3556:             2             64  com.google.common.collect.RegularImmutableSet
3557:             4             64  com.google.common.collect.SingletonImmutableList
3558:             2             64  com.google.common.io.BaseEncoding$Base64Encoding
3559:             2             64  com.google.common.io.BaseEncoding$StandardBaseEncoding
3560:             4             64  com.sun.proxy.jdk.proxy1.$Proxy28 (jdk.proxy1)
3561:             1             64  io.netty.buffer.CompositeByteBuf
3562:             1             64  io.netty.util.concurrent.GlobalEventExecutor
3563:             1             64  io.netty.util.concurrent.GlobalEventExecutor
3564:             1             64  io.netty.util.concurrent.ScheduledFutureTask
3565:             2             64  io.protostuff.runtime.ArraySchemas$BoolArray
3566:             2             64  io.protostuff.runtime.ArraySchemas$CharArray
3567:             2             64  io.protostuff.runtime.ArraySchemas$FloatArray
3568:             2             64  io.protostuff.runtime.ArraySchemas$Int32Array
3569:             2             64  io.protostuff.runtime.ArraySchemas$Int64Array
3570:             2             64  io.protostuff.runtime.ArraySchemas$ShortArray
3571:             2             64  io.protostuff.runtime.RuntimeSchema
3572:             2             64  java.io.ClassCache$1 (java.base@21.0.3)
3573:             4             64  java.io.ObjectInputStream$ValidationList (java.base@21.0.3)
3574:             2             64  java.lang.invoke.MethodHandles$Lookup$ClassOption (java.base@21.0.3)
3575:             2             64  java.lang.ref.ReferenceQueue$Null (java.base@21.0.3)
3576:             4             64  java.security.spec.NamedParameterSpec (java.base@21.0.3)
3577:             2             64  java.time.temporal.IsoFields$Unit (java.base@21.0.3)
3578:             2             64  java.time.zone.ZoneOffsetTransition (java.base@21.0.3)
3579:             4             64  java.util.Collections$ReverseComparator2 (java.base@21.0.3)
3580:             2             64  java.util.LinkedHashMap$LinkedEntryIterator (java.base@21.0.3)
3581:             2             64  java.util.LinkedHashMap$LinkedValueIterator (java.base@21.0.3)
3582:             4             64  java.util.concurrent.ConcurrentSkipListSet (java.base@21.0.3)
3583:             2             64  java.util.concurrent.SynchronousQueue (java.base@21.0.3)
3584:             1             64  java.util.logging.LogManager$RootLogger (java.logging@21.0.3)
3585:             4             64  java.util.stream.Collectors$$Lambda/0x00007fcd282feee8 (java.base@21.0.3)
3586:             2             64  javax.crypto.JceSecurity$WeakIdentityWrapper (java.base@21.0.3)
3587:             2             64  jdk.internal.foreign.GlobalSession (java.base@21.0.3)
3588:             2             64  jdk.internal.reflect.MethodHandleIntegerFieldAccessorImpl (java.base@21.0.3)
3589:             4             64  jdk.internal.util.Preconditions$4 (java.base@21.0.3)
3590:             2             64  jdk.jfr.internal.jfc.JFC$KnownConfiguration (jdk.jfr@21.0.3)
3591:             4             64  jdk.proxy2.$Proxy6 (jdk.proxy2)
3592:             4             64  jdk.proxy4.$Proxy21 (jdk.proxy4)
3593:             2             64  joptsimple.internal.Rows
3594:             1             64  kotlinx.coroutines.scheduling.CoroutineScheduler
3595:             1             64  kotlinx.coroutines.scheduling.CoroutineScheduler
3596:             1             64  kotlinx.coroutines.scheduling.CoroutineScheduler
3597:             1             64  kotlinx.coroutines.scheduling.CoroutineScheduler
3598:             2             64  kotlinx.coroutines.scheduling.WorkQueue
3599:             4             64  org.apache.logging.log4j.core.lookup.StrMatcher$StringMatcher
3600:             4             64  org.apache.logging.log4j.core.pattern.NameAbbreviator$PatternAbbreviator
3601:             2             64  org.apache.logging.log4j.core.util.datetime.FastDatePrinter
3602:             1             64  org.apache.logging.log4j.jul.LogManager
3603:             2             64  org.apache.logging.log4j.util.SortedArrayStringMap
3604:             4             64  org.apache.lucene.analysis.ar.ArabicNormalizer
3605:             2             64  org.apache.lucene.analysis.br.BrazilianStemmer
3606:             2             64  org.apache.lucene.analysis.classic.ClassicAnalyzer
3607:             4             64  org.apache.lucene.analysis.in.IndicNormalizer
3608:             2             64  org.apache.lucene.analysis.util.CharArrayIterator$2
3609:             2             64  org.apache.lucene.analysis.util.CharArrayIterator$4
3610:             4             64  org.apache.lucene.backward_codecs.lucene50.Lucene50StoredFieldsFormat
3611:             1             64  org.apache.lucene.backward_codecs.lucene84.Lucene84Codec
3612:             1             64  org.apache.lucene.backward_codecs.lucene86.Lucene86Codec
3613:             2             64  org.apache.lucene.backward_codecs.lucene87.Lucene87Codec$Mode
3614:             2             64  org.apache.lucene.backward_codecs.lucene90.Lucene90Codec$Mode
3615:             2             64  org.apache.lucene.backward_codecs.lucene91.Lucene91Codec$Mode
3616:             2             64  org.apache.lucene.backward_codecs.lucene92.Lucene92Codec$Mode
3617:             2             64  org.apache.lucene.backward_codecs.lucene94.Lucene94Codec$Mode
3618:             2             64  org.apache.lucene.backward_codecs.lucene95.Lucene95Codec$Mode
3619:             2             64  org.apache.lucene.codecs.lucene99.Lucene99Codec$Mode
3620:             4             64  org.apache.lucene.index.DocValues$2
3621:             2             64  org.apache.lucene.index.VectorEncoding
3622:             2             64  org.apache.lucene.search.FieldExistsQuery$1
3623:             2             64  org.apache.lucene.util.VirtualMethod
3624:             2             64  org.apache.lucene.util.VirtualMethod$1
3625:             4             64  org.bouncycastle.asn1.x9.X962Parameters
3626:             4             64  org.bouncycastle.jcajce.provider.asymmetric.ecgost12.KeyFactorySpi
3627:             1             64  org.jcodings.specific.UTF8Encoding
3628:             1             64  org.jooq.tools.json.Yylex
3629:             1             64  org.opensearch.action.admin.cluster.node.reload.TransportNodesReloadSecureSettingsAction
3630:             1             64  org.opensearch.action.admin.cluster.repositories.cleanup.TransportCleanupRepositoryAction
3631:             1             64  org.opensearch.action.admin.cluster.settings.TransportClusterUpdateSettingsAction
3632:             1             64  org.opensearch.action.admin.cluster.stats.TransportClusterStatsAction
3633:             1             64  org.opensearch.action.admin.indices.analyze.TransportAnalyzeAction
3634:             1             64  org.opensearch.action.admin.indices.close.TransportCloseIndexAction
3635:             1             64  org.opensearch.action.admin.indices.create.AutoCreateAction$TransportAction
3636:             1             64  org.opensearch.action.admin.indices.dangling.delete.TransportDeleteDanglingIndexAction
3637:             1             64  org.opensearch.action.admin.indices.dangling.find.TransportFindDanglingIndexAction
3638:             1             64  org.opensearch.action.admin.indices.dangling.list.TransportListDanglingIndicesAction
3639:             1             64  org.opensearch.action.admin.indices.get.TransportGetIndexAction
3640:             1             64  org.opensearch.action.admin.indices.mapping.get.TransportGetFieldMappingsIndexAction
3641:             1             64  org.opensearch.action.admin.indices.rollover.TransportRolloverAction
3642:             1             64  org.opensearch.action.admin.indices.template.post.TransportSimulateIndexTemplateAction
3643:             1             64  org.opensearch.action.admin.indices.template.post.TransportSimulateTemplateAction
3644:             1             64  org.opensearch.action.search.SearchResponse
3645:             2             64  org.opensearch.action.search.SearchType
3646:             4             64  org.opensearch.action.support.ActiveShardCount
3647:             2             64  org.opensearch.action.support.TransportAction$1
3648:             4             64  org.opensearch.action.support.replication.FanoutReplicationProxy
3649:             4             64  org.opensearch.action.support.replication.ReplicationOperation$$Lambda/0x00007fcd293b2a10
3650:             4             64  org.opensearch.action.support.replication.ReplicationOperation$$Lambda/0x00007fcd293b3290
3651:             4             64  org.opensearch.action.support.replication.ReplicationOperation$$Lambda/0x00007fcd293b4830
3652:             4             64  org.opensearch.action.support.replication.ReplicationOperation$$Lambda/0x00007fcd2942a928
3653:             4             64  org.opensearch.action.support.replication.ReplicationOperation$$Lambda/0x00007fcd2942cd58
3654:             4             64  org.opensearch.action.support.replication.ReplicationOperation$1
3655:             4             64  org.opensearch.action.support.replication.ReplicationOperation$1$$Lambda/0x00007fcd293b61e0
3656:             4             64  org.opensearch.action.support.replication.ReplicationOperation$1$$Lambda/0x00007fcd293b6840
3657:             4             64  org.opensearch.action.support.replication.TransportReplicationAction$$Lambda/0x00007fcd293aeb78
3658:             4             64  org.opensearch.action.support.replication.TransportReplicationAction$ReplicasProxy
3659:             2             64  org.opensearch.action.support.replication.TransportReplicationAction$ReroutePhase$1
3660:             4             64  org.opensearch.action.support.tasks.TransportTasksAction$$Lambda/0x00007fcd28edcb48
3661:             4             64  org.opensearch.action.support.tasks.TransportTasksAction$NodeTransportHandler
3662:             1             64  org.opensearch.ad.ADJobProcessor
3663:             1             64  org.opensearch.ad.ExecuteADResultResponseRecorder
3664:             1             64  org.opensearch.ad.rest.handler.ADIndexJobActionHandler
3665:             1             64  org.opensearch.ad.transport.ADCancelTaskTransportAction
3666:             1             64  org.opensearch.ad.transport.ADProfileTransportAction
3667:             1             64  org.opensearch.ad.transport.ADResultBulkTransportAction
3668:             1             64  org.opensearch.ad.transport.ADStatsNodesTransportAction
3669:             1             64  org.opensearch.ad.transport.ADTaskProfileTransportAction
3670:             1             64  org.opensearch.ad.transport.PreviewAnomalyDetectorTransportAction
3671:             2             64  org.opensearch.ad.transport.SearchTopAnomalyResultTransportAction$OrderType
3672:             1             64  org.opensearch.ad.transport.ValidateAnomalyDetectorTransportAction
3673:             1             64  org.opensearch.alerting.core.action.node.ScheduledJobsStatsTransportAction
3674:             1             64  org.opensearch.alerting.transport.TransportExecuteMonitorAction
3675:             1             64  org.opensearch.bootstrap.OpenSearch
3676:             1             64  org.opensearch.cluster.coordination.FollowersChecker
3677:             2             64  org.opensearch.cluster.decommission.DecommissionController
3678:             2             64  org.opensearch.cluster.metadata.IndexMetadata$State
3679:             2             64  org.opensearch.cluster.metadata.IndexNameExpressionResolver
3680:             1             64  org.opensearch.cluster.metadata.MetadataIndexTemplateService
3681:             2             64  org.opensearch.cluster.routing.RoutingNodes$UnassignedShards
3682:             1             64  org.opensearch.cluster.service.ClusterManagerService
3683:             4             64  org.opensearch.common.recycler.NoneRecycler
3684:             4             64  org.opensearch.common.settings.Setting$$Lambda/0x00007fcd280c7be0
3685:             2             64  org.opensearch.common.util.LazyInitializable
3686:             2             64  org.opensearch.common.util.PageCacheRecycler
3687:             1             64  org.opensearch.common.util.ReorganizingLongHash
3688:             2             64  org.opensearch.core.tasks.resourcetracker.ResourceStats
3689:             4             64  org.opensearch.core.xcontent.AbstractObjectParser$$Lambda/0x00007fcd291ddf98
3690:             4             64  org.opensearch.core.xcontent.AbstractObjectParser$$Lambda/0x00007fcd291de1c8
3691:             1             64  org.opensearch.extensions.NoopExtensionsManager
3692:             1             64  org.opensearch.forecast.ExecuteForecastResultResponseRecorder
3693:             1             64  org.opensearch.forecast.ForecastJobProcessor
3694:             1             64  org.opensearch.forecast.rest.handler.ForecastIndexJobActionHandler
3695:             1             64  org.opensearch.forecast.transport.ForecastProfileTransportAction
3696:             1             64  org.opensearch.forecast.transport.ForecastResultBulkTransportAction
3697:             1             64  org.opensearch.forecast.transport.ForecastRunOnceProfileTransportAction
3698:             1             64  org.opensearch.forecast.transport.ValidateForecasterTransportAction
3699:             2             64  org.opensearch.geometry.utils.WellKnownText
3700:             1             64  org.opensearch.geospatial.stats.upload.UploadStatsTransportAction
3701:             2             64  org.opensearch.index.codec.customcodecs.Lucene99CustomCodec$Mode
3702:             2             64  org.opensearch.index.codec.customcodecs.Lucene99CustomStoredFieldsFormat
3703:             2             64  org.opensearch.index.codec.customcodecs.Lucene99QatCodec$Mode
3704:             2             64  org.opensearch.index.mapper.NestedPathFieldMapper
3705:             4             64  org.opensearch.index.shard.IndexShard$$Lambda/0x00007fcd293a6df8
3706:             1             64  org.opensearch.index.shard.IndexShard$NonClosingReaderWrapper
3707:             1             64  org.opensearch.indexmanagement.indexstatemanagement.IndexStateManagementHistory
3708:             1             64  org.opensearch.indexmanagement.indexstatemanagement.MetadataService
3709:             4             64  org.opensearch.indexmanagement.indexstatemanagement.PluginVersionSweepCoordinator$$Lambda/0x00007fcd29022100
3710:             1             64  org.opensearch.indexmanagement.indexstatemanagement.transport.action.addpolicy.TransportAddPolicyAction
3711:             1             64  org.opensearch.indexmanagement.indexstatemanagement.transport.action.updateindexmetadata.TransportUpdateManagedIndexMetaDataAction
3712:             1             64  org.opensearch.indexmanagement.snapshotmanagement.api.transport.index.TransportIndexSMPolicyAction
3713:             1             64  org.opensearch.indexmanagement.transform.action.index.TransportIndexTransformAction
3714:             1             64  org.opensearch.indices.store.TransportNodesListShardStoreMetadata
3715:             1             64  org.opensearch.indices.store.TransportNodesListShardStoreMetadataBatch
3716:             2             64  org.opensearch.knn.index.Parameter$MethodComponentContextParameter
3717:             1             64  org.opensearch.ml.action.forward.TransportForwardAction
3718:             1             64  org.opensearch.ml.action.model_group.TransportRegisterModelGroupAction
3719:             1             64  org.opensearch.ml.action.models.UpdateModelTransportAction
3720:             1             64  org.opensearch.ml.task.MLExecuteTaskRunner
3721:             1             64  org.opensearch.ml.task.MLTrainAndPredictTaskRunner
3722:             1             64  org.opensearch.ml.task.MLTrainingTaskRunner
3723:             1             64  org.opensearch.monitor.fs.FsHealthService
3724:             2             64  org.opensearch.monitor.fs.FsInfo
3725:             2             64  org.opensearch.monitor.os.OsStats$Mem
3726:             2             64  org.opensearch.monitor.os.OsStats$Swap
3727:             4             64  org.opensearch.node.Node$$Lambda/0x00007fcd288b11c8
3728:             2             64  org.opensearch.node.ResponseCollectorService$NodeStatistics
3729:             2             64  org.opensearch.node.remotestore.RemoteStoreNodeService$CompatibilityMode
3730:             1             64  org.opensearch.node.resource.tracker.AverageIoUsageTracker
3731:             1             64  org.opensearch.painless.action.PainlessExecuteAction$TransportAction
3732:             4             64  org.opensearch.painless.spi.annotation.InjectConstantAnnotation
3733:             1             64  org.opensearch.performanceanalyzer.collectors.AdmissionControlMetricsCollector
3734:             1             64  org.opensearch.performanceanalyzer.collectors.ClusterApplierServiceStatsCollector
3735:             1             64  org.opensearch.performanceanalyzer.collectors.ElectionTermCollector
3736:             1             64  org.opensearch.performanceanalyzer.collectors.FaultDetectionMetricsCollector
3737:             1             64  org.opensearch.performanceanalyzer.collectors.ShardIndexingPressureMetricsCollector
3738:             1             64  org.opensearch.performanceanalyzer.collectors.ShardStateCollector
3739:             1             64  org.opensearch.performanceanalyzer.collectors.ThreadPoolMetricsCollector
3740:             1             64  org.opensearch.performanceanalyzer.commons.collectors.OSMetricsCollector
3741:             2             64  org.opensearch.performanceanalyzer.commons.config.overrides.ConfigOverrides$Overrides
3742:             1             64  org.opensearch.performanceanalyzer.writer.EventLogQueueProcessor
3743:             1             64  org.opensearch.replication.ReplicationSettings
3744:             1             64  org.opensearch.replication.action.autofollow.TransportAutoFollowClusterManagerNodeAction
3745:             1             64  org.opensearch.replication.action.changes.TransportGetChangesAction
3746:             1             64  org.opensearch.replication.action.pause.TransportPauseIndexReplicationAction
3747:             1             64  org.opensearch.replication.action.repository.TransportGetFileChunkAction
3748:             1             64  org.opensearch.replication.action.resume.TransportResumeIndexReplicationAction
3749:             1             64  org.opensearch.replication.action.stop.TransportStopIndexReplicationAction
3750:             1             64  org.opensearch.replication.action.update.TransportUpdateIndexReplicationAction
3751:             1             64  org.opensearch.replication.metadata.TransportUpdateMetadataAction
3752:             1             64  org.opensearch.repositories.RepositoriesService
3753:             1             64  org.opensearch.repositories.s3.S3RepositoryPlugin
3754:             1             64  org.opensearch.repositories.s3.S3RepositoryPlugin$LowPrioritySizeBasedBlockingQ
3755:             1             64  org.opensearch.repositories.s3.async.SizeBasedBlockingQ
3756:             2             64  org.opensearch.repositories.s3.utils.Protocol
3757:             2             64  org.opensearch.rest.NamedRoute
3758:             2             64  org.opensearch.script.Script
3759:             2             64  org.opensearch.script.ScriptType
3760:             2             64  org.opensearch.search.DocValueFormat$DateTime
3761:             4             64  org.opensearch.search.SearchModule$$Lambda/0x00007fcd287966e0
3762:             2             64  org.opensearch.search.aggregations.Aggregator$SubAggCollectionMode
3763:             4             64  org.opensearch.search.aggregations.bucket.DocCountProvider
3764:             1             64  org.opensearch.search.aggregations.bucket.histogram.DateHistogramAggregatorFactory
3765:             2             64  org.opensearch.search.aggregations.bucket.histogram.LongBounds
3766:             2             64  org.opensearch.search.aggregations.pipeline.HoltWintersModel$SeasonalityType
3767:             1             64  org.opensearch.search.asynchronous.transport.TransportDeleteAsynchronousSearchAction
3768:             1             64  org.opensearch.search.asynchronous.transport.TransportGetAsynchronousSearchAction
3769:             2             64  org.opensearch.search.backpressure.trackers.HeapUsageTracker
3770:             2             64  org.opensearch.search.fetch.subphase.FetchSourceContext
3771:             1             64  org.opensearch.search.internal.ExitableDirectoryReader
3772:             1             64  org.opensearch.search.internal.ReaderContext
3773:             1             64  org.opensearch.security.auditlog.sink.Log4JSink
3774:             2             64  org.opensearch.security.auth.UserInjector
3775:             4             64  org.opensearch.security.dlic.rest.api.AbstractApiAction$$Lambda/0x00007fcd28fe8220
3776:             1             64  org.opensearch.security.dlic.rest.api.ssl.TransportCertificatesInfoNodesAction
3777:             1             64  org.opensearch.security.filter.SecurityFilter
3778:             1             64  org.opensearch.security.transport.SecurityInterceptor
3779:             4             64  org.opensearch.security.transport.SecurityInterceptor$$Lambda/0x00007fcd29132e48
3780:             4             64  org.opensearch.security.transport.SecurityInterceptor$$Lambda/0x00007fcd291864b8
3781:             1             64  org.opensearch.securityanalytics.transport.TransportDeleteCustomLogTypeAction
3782:             1             64  org.opensearch.securityanalytics.transport.TransportGetFindingsAction
3783:             1             64  org.opensearch.securityanalytics.transport.TransportIndexRuleAction
3784:             1             64  org.opensearch.securityanalytics.transport.TransportSearchDetectorAction
3785:             2             64  org.opensearch.sql.datasource.model.DataSourceStatus
3786:             2             64  org.opensearch.sql.ppl.PPLService
3787:             1             64  org.opensearch.sql.spark.cluster.ClusterManagerEventListener
3788:             2             64  org.opensearch.sql.spark.dispatcher.SparkQueryDispatcher
3789:             4             64  org.opensearch.sql.spark.response.OpenSearchJobExecutionResponseReader
3790:             2             64  org.opensearch.timeseries.breaker.BreakerName
3791:             2             64  org.opensearch.timeseries.indices.IndexManagement$IndexState
3792:             2             64  org.opensearch.timeseries.ratelimit.CheckPointMaintainRequestAdapter
3793:             1             64  org.opensearch.transport.TransportService$1
3794:             4             64  sun.reflect.generics.tree.ArrayTypeSignature (java.base@21.0.3)
3795:             2             64  sun.security.provider.FileInputStreamPool$StreamRef (java.base@21.0.3)
3796:             1             64  sun.security.provider.certpath.ldap.JdkLDAP$ProviderService (java.naming@21.0.3)
3797:             1             64  sun.security.smartcardio.SunPCSC$ProviderService (java.smartcardio@21.0.3)
3798:             2             64  sun.security.ssl.Alert$Level (java.base@21.0.3)
3799:             2             64  sun.security.ssl.CertStatusExtension$CertStatusRequestType (java.base@21.0.3)
3800:             2             64  sun.security.ssl.CertStatusExtension$OCSPStatusRequest (java.base@21.0.3)
3801:             2             64  sun.security.ssl.PskKeyExchangeModesExtension$PskKeyExchangeMode (java.base@21.0.3)
3802:             4             64  sun.security.ssl.SSLCipher$T11BlockReadCipherGenerator (java.base@21.0.3)
3803:             4             64  sun.security.ssl.SSLCipher$T11BlockWriteCipherGenerator (java.base@21.0.3)
3804:             4             64  sun.security.util.DisabledAlgorithmConstraints$Constraints (java.base@21.0.3)
3805:             4             64  sun.security.x509.RFC822Name (java.base@21.0.3)
3806:             1             56  [Lcom.fasterxml.jackson.databind.cfg.CoercionInputShape;
3807:             1             56  [Lcom.fasterxml.jackson.databind.cfg.CoercionInputShape;
3808:             1             56  [Lcom.fasterxml.jackson.databind.cfg.CoercionInputShape;
3809:             1             56  [Lio.protostuff.WireFormat$JavaType;
3810:             1             56  [Ljava.lang.Runnable; (java.base@21.0.3)
3811:             1             56  [Ljava.lang.reflect.AccessFlag$Location; (java.base@21.0.3)
3812:             2             56  [Ljava.net.InterfaceAddress; (java.base@21.0.3)
3813:             1             56  [Ljava.nio.file.StandardOpenOption; (java.base@21.0.3)
3814:             1             56  [Lorg.opensearch.common.geo.GeoShapeType;
3815:             1             56  [Lorg.opensearch.common.settings.Setting$AffixSetting;
3816:             1             56  [Lorg.opensearch.ml.engine.indices.MLIndex;
3817:             1             56  [Lorg.opensearch.performanceanalyzer.commons.metrics.RTFMetrics$ShardStatsValue;
3818:             1             56  [Lorg.opensearch.rest.RestRequest$Method;
3819:             1             56  [Lorg.opensearch.timeseries.model.TaskState;
3820:             1             56  com.amazon.dlic.auth.http.jwt.keybyoidc.HTTPJwtKeyByOpenIdConnectAuthenticator
3821:             1             56  com.fasterxml.jackson.databind.type.ArrayType
3822:             1             56  io.netty.bootstrap.Bootstrap
3823:             1             56  java.lang.invoke.BoundMethodHandle$Specializer (java.base@21.0.3)
3824:             1             56  java.time.chrono.HijrahChronology (java.base@21.0.3)
3825:             1             56  java.util.ServiceLoader (java.base@21.0.3)
3826:             1             56  java.util.concurrent.ConcurrentHashMap$EntryIterator (java.base@21.0.3)
3827:             1             56  java.util.logging.ConsoleHandler (java.logging@21.0.3)
3828:             1             56  jdk.internal.org.objectweb.asm.Label (java.base@21.0.3)
3829:             1             56  org.apache.logging.log4j.core.LoggerContext
3830:             1             56  org.apache.lucene.analysis.core.KeywordTokenizer
3831:             1             56  org.apache.lucene.backward_codecs.lucene70.Lucene70Codec
3832:             1             56  org.apache.lucene.backward_codecs.lucene80.Lucene80Codec
3833:             1             56  org.objectweb.asm.Label
3834:             1             56  org.opensearch.action.admin.cluster.configuration.TransportAddVotingConfigExclusionsAction
3835:             1             56  org.opensearch.action.admin.cluster.decommission.awareness.delete.TransportDeleteDecommissionStateAction
3836:             1             56  org.opensearch.action.admin.cluster.decommission.awareness.put.TransportDecommissionAction
3837:             1             56  org.opensearch.action.admin.cluster.health.TransportClusterHealthAction
3838:             1             56  org.opensearch.action.admin.cluster.node.hotthreads.NodesHotThreadsRequest
3839:             1             56  org.opensearch.action.admin.cluster.node.hotthreads.TransportNodesHotThreadsAction
3840:             1             56  org.opensearch.action.admin.cluster.node.info.TransportNodesInfoAction
3841:             1             56  org.opensearch.action.admin.cluster.node.stats.TransportNodesStatsAction
3842:             1             56  org.opensearch.action.admin.cluster.node.tasks.cancel.TransportCancelTasksAction
3843:             1             56  org.opensearch.action.admin.cluster.node.tasks.get.TransportGetTaskAction
3844:             1             56  org.opensearch.action.admin.cluster.node.tasks.list.TransportListTasksAction
3845:             1             56  org.opensearch.action.admin.cluster.remotestore.restore.TransportRestoreRemoteStoreAction
3846:             1             56  org.opensearch.action.admin.cluster.remotestore.stats.TransportRemoteStoreStatsAction
3847:             1             56  org.opensearch.action.admin.cluster.repositories.delete.TransportDeleteRepositoryAction
3848:             1             56  org.opensearch.action.admin.cluster.repositories.put.TransportPutRepositoryAction
3849:             1             56  org.opensearch.action.admin.cluster.repositories.verify.TransportVerifyRepositoryAction
3850:             1             56  org.opensearch.action.admin.cluster.reroute.TransportClusterRerouteAction
3851:             1             56  org.opensearch.action.admin.cluster.shards.TransportClusterSearchShardsAction
3852:             1             56  org.opensearch.action.admin.cluster.shards.routing.weighted.delete.TransportDeleteWeightedRoutingAction
3853:             1             56  org.opensearch.action.admin.cluster.shards.routing.weighted.get.TransportGetWeightedRoutingAction
3854:             1             56  org.opensearch.action.admin.cluster.shards.routing.weighted.put.TransportAddWeightedRoutingAction
3855:             1             56  org.opensearch.action.admin.cluster.snapshots.clone.TransportCloneSnapshotAction
3856:             1             56  org.opensearch.action.admin.cluster.snapshots.create.TransportCreateSnapshotAction
3857:             1             56  org.opensearch.action.admin.cluster.snapshots.delete.TransportDeleteSnapshotAction
3858:             1             56  org.opensearch.action.admin.cluster.snapshots.get.TransportGetSnapshotsAction
3859:             1             56  org.opensearch.action.admin.cluster.snapshots.restore.TransportRestoreSnapshotAction
3860:             1             56  org.opensearch.action.admin.cluster.snapshots.status.TransportNodesSnapshotsStatus
3861:             1             56  org.opensearch.action.admin.cluster.snapshots.status.TransportSnapshotsStatusAction
3862:             1             56  org.opensearch.action.admin.cluster.state.TransportClusterStateAction
3863:             1             56  org.opensearch.action.admin.cluster.storedscripts.TransportDeleteStoredScriptAction
3864:             1             56  org.opensearch.action.admin.cluster.storedscripts.TransportGetStoredScriptAction
3865:             1             56  org.opensearch.action.admin.cluster.storedscripts.TransportPutStoredScriptAction
3866:             1             56  org.opensearch.action.admin.cluster.tasks.TransportPendingClusterTasksAction
3867:             1             56  org.opensearch.action.admin.indices.alias.TransportIndicesAliasesAction
3868:             1             56  org.opensearch.action.admin.indices.alias.get.TransportGetAliasesAction
3869:             1             56  org.opensearch.action.admin.indices.cache.clear.TransportClearIndicesCacheAction
3870:             1             56  org.opensearch.action.admin.indices.create.TransportCreateIndexAction
3871:             1             56  org.opensearch.action.admin.indices.datastream.CreateDataStreamAction$TransportAction
3872:             1             56  org.opensearch.action.admin.indices.datastream.DataStreamsStatsAction$TransportAction
3873:             1             56  org.opensearch.action.admin.indices.datastream.DeleteDataStreamAction$TransportAction
3874:             1             56  org.opensearch.action.admin.indices.delete.TransportDeleteIndexAction
3875:             1             56  org.opensearch.action.admin.indices.mapping.get.TransportGetMappingsAction
3876:             1             56  org.opensearch.action.admin.indices.mapping.put.TransportAutoPutMappingAction
3877:             1             56  org.opensearch.action.admin.indices.mapping.put.TransportPutMappingAction
3878:             1             56  org.opensearch.action.admin.indices.open.TransportOpenIndexAction
3879:             1             56  org.opensearch.action.admin.indices.readonly.TransportAddIndexBlockAction
3880:             1             56  org.opensearch.action.admin.indices.replication.TransportSegmentReplicationStatsAction
3881:             1             56  org.opensearch.action.admin.indices.settings.get.TransportGetSettingsAction
3882:             1             56  org.opensearch.action.admin.indices.settings.put.TransportUpdateSettingsAction
3883:             1             56  org.opensearch.action.admin.indices.shards.TransportIndicesShardStoresAction
3884:             1             56  org.opensearch.action.admin.indices.shrink.TransportResizeAction
3885:             1             56  org.opensearch.action.admin.indices.template.delete.TransportDeleteComponentTemplateAction
3886:             1             56  org.opensearch.action.admin.indices.template.delete.TransportDeleteComposableIndexTemplateAction
3887:             1             56  org.opensearch.action.admin.indices.template.delete.TransportDeleteIndexTemplateAction
3888:             1             56  org.opensearch.action.admin.indices.template.put.TransportPutComponentTemplateAction
3889:             1             56  org.opensearch.action.admin.indices.template.put.TransportPutComposableIndexTemplateAction
3890:             1             56  org.opensearch.action.admin.indices.template.put.TransportPutIndexTemplateAction
3891:             1             56  org.opensearch.action.admin.indices.upgrade.post.TransportUpgradeAction
3892:             1             56  org.opensearch.action.admin.indices.upgrade.post.TransportUpgradeSettingsAction
3893:             1             56  org.opensearch.action.admin.indices.validate.query.TransportValidateQueryAction
3894:             1             56  org.opensearch.action.explain.TransportExplainAction
3895:             1             56  org.opensearch.action.get.TransportGetAction
3896:             1             56  org.opensearch.action.get.TransportShardMultiGetAction
3897:             1             56  org.opensearch.action.ingest.DeletePipelineTransportAction
3898:             1             56  org.opensearch.action.ingest.PutPipelineTransportAction
3899:             1             56  org.opensearch.action.search.DeleteSearchPipelineTransportAction
3900:             1             56  org.opensearch.action.search.PutSearchPipelineTransportAction
3901:             1             56  org.opensearch.action.search.SearchRequestSlowLog
3902:             1             56  org.opensearch.action.search.TransportCreatePitAction
3903:             1             56  org.opensearch.action.search.TransportGetAllPitsAction
3904:             1             56  org.opensearch.action.support.clustermanager.term.TransportGetTermVersionAction
3905:             1             56  org.opensearch.action.termvectors.TransportShardMultiTermsVectorAction
3906:             1             56  org.opensearch.action.termvectors.TransportTermVectorsAction
3907:             1             56  org.opensearch.ad.rest.RestIndexAnomalyDetectorAction
3908:             1             56  org.opensearch.ad.rest.RestSearchADTasksAction
3909:             1             56  org.opensearch.ad.rest.RestSearchAnomalyDetectorAction
3910:             1             56  org.opensearch.ad.rest.RestSearchAnomalyResultAction
3911:             1             56  org.opensearch.ad.rest.RestValidateAnomalyDetectorAction
3912:             1             56  org.opensearch.ad.transport.ADEntityProfileTransportAction
3913:             1             56  org.opensearch.ad.transport.AnomalyResultTransportAction
3914:             1             56  org.opensearch.ad.transport.ForwardADTaskTransportAction
3915:             1             56  org.opensearch.alerting.AlertingPlugin
3916:             1             56  org.opensearch.alerting.comments.CommentsIndices
3917:             1             56  org.opensearch.alerting.transport.TransportDeleteWorkflowAction
3918:             1             56  org.opensearch.alerting.transport.TransportGetRemoteIndexesAction
3919:             1             56  org.opensearch.cluster.InternalClusterInfoService
3920:             1             56  org.opensearch.cluster.coordination.JoinHelper
3921:             1             56  org.opensearch.cluster.coordination.LeaderChecker
3922:             1             56  org.opensearch.cluster.coordination.PublicationTransportHandler
3923:             1             56  org.opensearch.cluster.routing.allocation.DiskThresholdMonitor
3924:             1             56  org.opensearch.cluster.service.ClusterService
3925:             1             56  org.opensearch.common.Rounding$DateTimeUnit$1
3926:             1             56  org.opensearch.common.Rounding$DateTimeUnit$2
3927:             1             56  org.opensearch.common.Rounding$DateTimeUnit$3
3928:             1             56  org.opensearch.common.Rounding$DateTimeUnit$4
3929:             1             56  org.opensearch.common.cache.stats.ImmutableCacheStats
3930:             1             56  org.opensearch.discovery.SeedHostsResolver
3931:             1             56  org.opensearch.env.NodeEnvironment
3932:             1             56  org.opensearch.flowframework.transport.CreateWorkflowTransportAction
3933:             1             56  org.opensearch.flowframework.transport.DeprovisionWorkflowTransportAction
3934:             1             56  org.opensearch.flowframework.transport.ProvisionWorkflowTransportAction
3935:             1             56  org.opensearch.forecast.ml.ForecastCheckpointDao
3936:             1             56  org.opensearch.forecast.rest.RestIndexForecasterAction
3937:             1             56  org.opensearch.forecast.rest.RestSearchForecastTasksAction
3938:             1             56  org.opensearch.forecast.rest.RestSearchForecasterAction
3939:             1             56  org.opensearch.forecast.rest.RestValidateForecasterAction
3940:             1             56  org.opensearch.forecast.transport.ForecastEntityProfileTransportAction
3941:             1             56  org.opensearch.forecast.transport.ForecastStatsNodesTransportAction
3942:             1             56  org.opensearch.forecast.transport.StatsForecasterTransportAction
3943:             1             56  org.opensearch.forecast.transport.SuggestForecasterParamTransportAction
3944:             1             56  org.opensearch.gateway.ShardsBatchGatewayAllocator
3945:             1             56  org.opensearch.gateway.TransportNodesListGatewayMetaState
3946:             1             56  org.opensearch.geospatial.ip2geo.action.DeleteDatasourceTransportAction
3947:             1             56  org.opensearch.index.SegmentReplicationPressureService
3948:             1             56  org.opensearch.index.ShardIndexingPressureSettings
3949:             1             56  org.opensearch.index.get.GetStats
3950:             1             56  org.opensearch.index.reindex.TransportRethrottleAction
3951:             1             56  org.opensearch.index.seqno.RetentionLeaseActions$Add$TransportAction
3952:             1             56  org.opensearch.index.seqno.RetentionLeaseActions$Remove$TransportAction
3953:             1             56  org.opensearch.index.seqno.RetentionLeaseActions$Renew$TransportAction
3954:             1             56  org.opensearch.indexmanagement.indexstatemanagement.transport.action.changepolicy.TransportChangePolicyAction
3955:             1             56  org.opensearch.indexmanagement.indexstatemanagement.transport.action.getpolicy.TransportGetPolicyAction
3956:             1             56  org.opensearch.indexmanagement.indexstatemanagement.transport.action.indexpolicy.TransportIndexPolicyAction
3957:             1             56  org.opensearch.indexmanagement.refreshanalyzer.TransportRefreshSearchAnalyzerAction
3958:             1             56  org.opensearch.indexmanagement.rollup.action.delete.TransportDeleteRollupAction
3959:             1             56  org.opensearch.indexmanagement.rollup.action.get.TransportGetRollupAction
3960:             1             56  org.opensearch.indexmanagement.rollup.action.get.TransportGetRollupsAction
3961:             1             56  org.opensearch.indexmanagement.rollup.action.index.TransportIndexRollupAction
3962:             1             56  org.opensearch.indexmanagement.rollup.action.mapping.TransportUpdateRollupMappingAction
3963:             1             56  org.opensearch.indexmanagement.rollup.action.start.TransportStartRollupAction
3964:             1             56  org.opensearch.indexmanagement.rollup.action.stop.TransportStopRollupAction
3965:             1             56  org.opensearch.indexmanagement.snapshotmanagement.api.transport.delete.TransportDeleteSMPolicyAction
3966:             1             56  org.opensearch.indexmanagement.snapshotmanagement.api.transport.explain.TransportExplainSMAction
3967:             1             56  org.opensearch.indexmanagement.snapshotmanagement.api.transport.get.TransportGetSMPoliciesAction
3968:             1             56  org.opensearch.indexmanagement.snapshotmanagement.api.transport.get.TransportGetSMPolicyAction
3969:             1             56  org.opensearch.indexmanagement.snapshotmanagement.api.transport.start.TransportStartSMAction
3970:             1             56  org.opensearch.indexmanagement.snapshotmanagement.api.transport.stop.TransportStopSMAction
3971:             1             56  org.opensearch.indexmanagement.transform.action.delete.TransportDeleteTransformsAction
3972:             1             56  org.opensearch.indexmanagement.transform.action.explain.TransportExplainTransformAction
3973:             1             56  org.opensearch.indexmanagement.transform.action.get.TransportGetTransformAction
3974:             1             56  org.opensearch.indexmanagement.transform.action.get.TransportGetTransformsAction
3975:             1             56  org.opensearch.indexmanagement.transform.action.start.TransportStartTransformAction
3976:             1             56  org.opensearch.indexmanagement.transform.action.stop.TransportStopTransformAction
3977:             1             56  org.opensearch.indices.replication.SegmentReplicationTargetService
3978:             1             56  org.opensearch.ingest.IngestService
3979:             1             56  org.opensearch.knn.plugin.transport.KNNStatsTransportAction
3980:             1             56  org.opensearch.knn.plugin.transport.RemoveModelFromCacheTransportAction
3981:             1             56  org.opensearch.knn.plugin.transport.TrainingJobRouteDecisionInfoTransportAction
3982:             1             56  org.opensearch.knn.plugin.transport.UpdateModelGraveyardTransportAction
3983:             1             56  org.opensearch.knn.plugin.transport.UpdateModelMetadataTransportAction
3984:             1             56  org.opensearch.ml.action.connector.ExecuteConnectorTransportAction
3985:             1             56  org.opensearch.ml.action.connector.TransportCreateConnectorAction
3986:             1             56  org.opensearch.ml.action.controller.CreateControllerTransportAction
3987:             1             56  org.opensearch.ml.action.controller.DeleteControllerTransportAction
3988:             1             56  org.opensearch.ml.action.model_group.TransportUpdateModelGroupAction
3989:             1             56  org.opensearch.ml.action.upload_chunk.TransportRegisterModelMetaAction
3990:             1             56  org.opensearch.ml.engine.algorithms.metrics_correlation.MetricsCorrelation
3991:             1             56  org.opensearch.monitor.jvm.JvmInfo$Mem
3992:             1             56  org.opensearch.performanceanalyzer.OpenSearchResources
3993:             1             56  org.opensearch.performanceanalyzer.collectors.CacheConfigMetricsCollector
3994:             1             56  org.opensearch.performanceanalyzer.collectors.CircuitBreakerCollector
3995:             1             56  org.opensearch.performanceanalyzer.collectors.ClusterManagerServiceMetrics
3996:             1             56  org.opensearch.performanceanalyzer.collectors.NodeDetailsCollector
3997:             1             56  org.opensearch.performanceanalyzer.commons.collectors.DisksCollector
3998:             1             56  org.opensearch.performanceanalyzer.commons.collectors.GCInfoCollector
3999:             1             56  org.opensearch.performanceanalyzer.commons.collectors.HeapMetricsCollector
4000:             1             56  org.opensearch.performanceanalyzer.commons.collectors.NetworkInterfaceCollector
4001:             1             56  org.opensearch.performanceanalyzer.commons.config.PluginSettings
4002:             1             56  org.opensearch.persistent.CompletionPersistentTaskAction$TransportAction
4003:             1             56  org.opensearch.persistent.RemovePersistentTaskAction$TransportAction
4004:             1             56  org.opensearch.persistent.StartPersistentTaskAction$TransportAction
4005:             1             56  org.opensearch.persistent.UpdatePersistentTaskStatusAction$TransportAction
4006:             1             56  org.opensearch.replication.action.index.TransportReplicateIndexAction
4007:             1             56  org.opensearch.replication.action.index.block.TransportUpddateIndexBlockAction
4008:             1             56  org.opensearch.replication.action.replicationstatedetails.TransportUpdateReplicationStateDetails
4009:             1             56  org.opensearch.replication.action.repository.TransportGetStoreMetadataAction
4010:             1             56  org.opensearch.replication.action.repository.TransportReleaseLeaderResourcesAction
4011:             1             56  org.opensearch.replication.action.stats.TransportAutoFollowStatsAction
4012:             1             56  org.opensearch.repositories.s3.GenericStatsMetricPublisher
4013:             1             56  org.opensearch.search.aggregations.metrics.MaxAggregationBuilder
4014:             1             56  org.opensearch.search.asynchronous.management.AsynchronousSearchManagementService
4015:             1             56  org.opensearch.search.asynchronous.transport.TransportAsynchronousSearchStatsAction
4016:             1             56  org.opensearch.search.backpressure.SearchBackpressureService
4017:             1             56  org.opensearch.search.dfs.DfsSearchResult
4018:             1             56  org.opensearch.security.dlic.rest.api.AccountApiAction
4019:             1             56  org.opensearch.security.dlic.rest.api.AuditApiAction
4020:             1             56  org.opensearch.security.dlic.rest.api.InternalUsersApiAction
4021:             1             56  org.opensearch.security.dlic.rest.api.SecurityConfigApiAction
4022:             1             56  org.opensearch.security.dlic.rest.api.SecuritySSLCertsApiAction
4023:             1             56  org.opensearch.security.filter.SecurityRestFilter
4024:             1             56  org.opensearch.securityanalytics.SecurityAnalyticsPlugin
4025:             1             56  org.opensearch.securityanalytics.transport.TransportAckCorrelationAlertsAction
4026:             1             56  org.opensearch.securityanalytics.transport.TransportAcknowledgeAlertsAction
4027:             1             56  org.opensearch.securityanalytics.transport.TransportGetAlertsAction
4028:             1             56  org.opensearch.securityanalytics.transport.TransportGetCorrelationAlertsAction
4029:             1             56  org.opensearch.securityanalytics.transport.TransportGetDetectorAction
4030:             1             56  org.opensearch.securityanalytics.transport.TransportSearchCustomLogTypeAction
4031:             1             56  org.opensearch.securityanalytics.transport.TransportSearchRuleAction
4032:             1             56  org.opensearch.snapshots.InternalSnapshotsInfoService
4033:             1             56  org.opensearch.snapshots.RestoreService
4034:             1             56  org.opensearch.snapshots.SnapshotsService$UpdateSnapshotStatusAction
4035:             1             56  org.opensearch.timeseries.cluster.ClusterManagerEventListener
4036:             1             56  org.opensearch.timeseries.feature.FeatureManager
4037:             1             56  org.opensearch.transport.TcpTransport$ProfileSettings
4038:             1             56  sun.security.provider.SHA (java.base@21.0.3)
4039:             1             56  sun.security.ssl.SSLContextImpl$TLS13Context (java.base@21.0.3)
4040:             1             48  [Lcom.fasterxml.jackson.annotation.JsonInclude$Include;
4041:             1             48  [Lcom.fasterxml.jackson.annotation.JsonInclude$Include;
4042:             1             48  [Lcom.fasterxml.jackson.annotation.PropertyAccessor;
4043:             1             48  [Lcom.fasterxml.jackson.annotation.PropertyAccessor;
4044:             1             48  [Lcom.fasterxml.jackson.core.StreamWriteFeature;
4045:             3             48  [Lcom.fasterxml.jackson.databind.JavaType;
4046:             3             48  [Lcom.fasterxml.jackson.databind.JavaType;
4047:             2             48  [Lcom.google.common.cache.LocalCache$Segment;
4048:             1             48  [Lcom.sun.management.VMOption$Origin; (jdk.management@21.0.3)
4049:             1             48  [Ljava.lang.management.MemoryPoolMXBean; (java.management@21.0.3)
4050:             1             48  [Ljava.lang.reflect.ProxyGenerator$PrimitiveTypeInfo; (java.base@21.0.3)
4051:             1             48  [Ljava.math.RoundingMode; (java.base@21.0.3)
4052:             2             48  [Ljava.nio.file.FileVisitOption; (java.base@21.0.3)
4053:             1             48  [Ljava.security.cert.CertPathValidatorException$BasicReason; (java.base@21.0.3)
4054:             3             48  [Ljava.util.regex.IntHashSet; (java.base@21.0.3)
4055:             1             48  [Lorg.apache.logging.log4j.core.appender.rolling.FileExtension;
4056:             1             48  [Lorg.apache.logging.log4j.core.appender.rolling.RolloverFrequency;
4057:             2             48  [Lorg.apache.lucene.codecs.lucene90.Lucene90StoredFieldsFormat$Mode;
4058:             1             48  [Lorg.apache.lucene.index.MergeTrigger;
4059:             2             48  [Lorg.apache.lucene.search.SortField;
4060:             2             48  [Lorg.apache.lucene.search.TotalHits$Relation;
4061:             2             48  [Lorg.opensearch.action.search.SearchType;
4062:             1             48  [Lorg.opensearch.common.Rounding$DateTimeUnit;
4063:             2             48  [Lorg.opensearch.common.cache.CacheType;
4064:             2             48  [Lorg.opensearch.core.common.transport.TransportAddress;
4065:             2             48  [Lorg.opensearch.core.tasks.resourcetracker.ResourceStats;
4066:             1             48  [Lorg.opensearch.index.mapper.DynamicTemplate$XContentFieldType;
4067:             1             48  [Lorg.opensearch.index.mapper.NumberFieldMapper$NumberType;
4068:             2             48  [Lorg.opensearch.index.query.Operator;
4069:             2             48  [Lorg.opensearch.index.remote.RemoteStoreEnums$PathHashAlgorithm;
4070:             2             48  [Lorg.opensearch.index.translog.Translog$Durability;
4071:             1             48  [Lorg.opensearch.indices.analysis.PreBuiltAnalyzers;
4072:             2             48  [Lorg.opensearch.indices.replication.common.ReplicationType;
4073:             1             48  [Lorg.opensearch.ml.stats.MLClusterLevelStat;
4074:             2             48  [Lorg.opensearch.monitor.fs.FsInfo$DeviceStats;
4075:             2             48  [Lorg.opensearch.monitor.fs.FsInfo$Path;
4076:             2             48  [Lorg.opensearch.node.remotestore.RemoteStoreNodeService$CompatibilityMode;
4077:             2             48  [Lorg.opensearch.observability.settings.PluginSettings$AdminAccess;
4078:             1             48  [Lorg.opensearch.performanceanalyzer.commons.stats.eval.Statistics;
4079:             2             48  [Lorg.opensearch.persistent.decider.EnableAssignmentDecider$Allocation;
4080:             1             48  [Lorg.opensearch.replication.task.ReplicationState;
4081:             2             48  [Lorg.opensearch.repositories.s3.utils.Protocol;
4082:             2             48  [Lorg.opensearch.rest.RestHandler$Route;
4083:             1             48  [Lorg.reflections.vfs.Vfs$DefaultUrlTypes;
4084:             2             48  [Lsun.security.validator.CADistrustPolicy; (java.base@21.0.3)
4085:             1             48  [Lsun.security.x509.NetscapeCertTypeExtension$MapEntry; (java.base@21.0.3)
4086:             1             48  com.amazon.dlic.auth.ldap.backend.LDAPAuthorizationBackend
4087:             2             48  com.fasterxml.jackson.annotation.JacksonInject$Value
4088:             1             48  com.fasterxml.jackson.core.JsonLocation
4089:             2             48  com.fasterxml.jackson.core.util.DefaultIndenter
4090:             1             48  com.fasterxml.jackson.core.util.Separators
4091:             2             48  com.fasterxml.jackson.databind.AnnotationIntrospector$ReferenceProperty$Type
4092:             1             48  com.fasterxml.jackson.databind.cfg.ConfigOverride$Empty
4093:             1             48  com.fasterxml.jackson.databind.cfg.ConfigOverride$Empty
4094:             1             48  com.fasterxml.jackson.databind.cfg.ConfigOverride$Empty
4095:             2             48  com.fasterxml.jackson.databind.deser.impl.NullsConstantProvider
4096:             2             48  com.fasterxml.jackson.databind.deser.std.StdKeyDeserializer$StringKD
4097:             1             48  com.fasterxml.jackson.databind.deser.std.UntypedObjectDeserializer
4098:             2             48  com.fasterxml.jackson.databind.ser.std.BooleanSerializer
4099:             2             48  com.fasterxml.jackson.databind.ser.std.BooleanSerializer
4100:             2             48  com.fasterxml.jackson.databind.ser.std.BooleanSerializer
4101:             1             48  com.fasterxml.jackson.databind.util.StdDateFormat
4102:             1             48  com.fasterxml.jackson.databind.util.StdDateFormat
4103:             1             48  com.fasterxml.jackson.databind.util.StdDateFormat
4104:             2             48  com.google.common.cache.LocalCache$AccessQueue$1
4105:             3             48  com.google.common.cache.LocalCache$LocalLoadingCache
4106:             1             48  com.google.common.collect.Multimaps$CustomSetMultimap
4107:             2             48  com.google.common.collect.Sets$1
4108:             2             48  com.google.gson.internal.bind.TypeAdapters$33
4109:             2             48  com.intel.qat.QatZipper$Algorithm
4110:             2             48  com.intel.qat.QatZipper$Mode
4111:             2             48  com.sun.jmx.mbeanserver.ClassLoaderRepositorySupport$LoaderEntry (java.management@21.0.3)
4112:             1             48  com.sun.jmx.mbeanserver.DefaultMXBeanMappingFactory$Mappings (java.management@21.0.3)
4113:             1             48  com.sun.jmx.mbeanserver.MBeanIntrospector$MBeanInfoMap (java.management@21.0.3)
4114:             1             48  com.sun.jmx.mbeanserver.MBeanIntrospector$PerInterfaceMap (java.management@21.0.3)
4115:             2             48  com.sun.jmx.mbeanserver.WeakIdentityHashMap (java.management@21.0.3)
4116:             2             48  com.sun.jna.Memory$MemoryDisposer
4117:             2             48  com.sun.jna.NativeMappedConverter
4118:             2             48  io.netty.bootstrap.ServerBootstrap$ServerBootstrapAcceptor$1
4119:             2             48  io.netty.buffer.PoolArena$SizeClass
4120:             2             48  io.netty.buffer.PooledByteBufAllocator$PoolThreadLocalCache
4121:             2             48  io.netty.channel.ChannelMetadata
4122:             2             48  io.netty.channel.FixedRecvByteBufAllocator
4123:             3             48  io.netty.channel.ReflectiveChannelFactory
4124:             2             48  io.netty.handler.logging.ByteBufFormat
4125:             1             48  io.netty.handler.ssl.JdkSslClientContext
4126:             3             48  io.netty.util.DefaultAttributeMap
4127:             1             48  io.netty.util.ResourceLeakDetector$TraceRecord$1
4128:             3             48  io.netty.util.concurrent.MultithreadEventExecutorGroup$1
4129:             3             48  io.netty.util.concurrent.PromiseTask$SentinelRunnable
4130:             3             48  io.netty.util.concurrent.PromiseTask$SentinelRunnable
4131:             3             48  io.netty.util.concurrent.ThreadPerTaskExecutor
4132:             2             48  io.protostuff.runtime.ArrayFieldMap
4133:             2             48  io.protostuff.runtime.RuntimePipeSchema
4134:             1             48  java.io.BufferedInputStream (java.base@21.0.3)
4135:             2             48  java.io.File$PathStatus (java.base@21.0.3)
4136:             1             48  java.lang.NullPointerException (java.base@21.0.3)
4137:             1             48  java.lang.invoke.BoundMethodHandle$Specializer$Factory (java.base@21.0.3)
4138:             1             48  java.lang.invoke.VarHandleReferences$Array (java.base@21.0.3)
4139:             1             48  java.lang.invoke.VarHandleSegmentAsBytes (java.base@21.0.3)
4140:             1             48  java.lang.invoke.VarHandleSegmentAsInts (java.base@21.0.3)
4141:             1             48  java.lang.invoke.VarHandleSegmentAsLongs (java.base@21.0.3)
4142:             1             48  java.lang.invoke.VarHandleSegmentAsShorts (java.base@21.0.3)
4143:             3             48  java.lang.management.ManagementFactory$$Lambda/0x00007fcd281627b0 (java.management@21.0.3)
4144:             3             48  java.lang.management.ManagementFactory$PlatformMBeanFinder$$Lambda/0x00007fcd28162560 (java.management@21.0.3)
4145:             3             48  java.nio.charset.CodingErrorAction (java.base@21.0.3)
4146:             3             48  java.security.AllPermissionCollection (java.base@21.0.3)
4147:             2             48  java.security.Provider$OPType (java.base@21.0.3)
4148:             3             48  java.text.AttributedCharacterIterator$Attribute (java.base@21.0.3)
4149:             2             48  java.text.BreakIterator$BreakIteratorCache (java.base@21.0.3)
4150:             2             48  java.time.OffsetDateTime (java.base@21.0.3)
4151:             2             48  java.time.OffsetTime (java.base@21.0.3)
4152:             2             48  java.time.chrono.IsoEra (java.base@21.0.3)
4153:             2             48  java.time.chrono.MinguoEra (java.base@21.0.3)
4154:             2             48  java.time.chrono.ThaiBuddhistEra (java.base@21.0.3)
4155:             3             48  java.time.format.DateTimeFormatterBuilder$1 (java.base@21.0.3)
4156:             3             48  java.util.Base64$Decoder (java.base@21.0.3)
4157:             2             48  java.util.Collections$UnmodifiableList (java.base@21.0.3)
4158:             3             48  java.util.Comparator$$Lambda/0x00007fcd289f2cc8 (java.base@21.0.3)
4159:             3             48  java.util.EnumMap$KeySet (java.base@21.0.3)
4160:             3             48  java.util.EnumMap$Values (java.base@21.0.3)
4161:             2             48  java.util.Formatter$BigDecimalLayoutForm (java.base@21.0.3)
4162:             2             48  java.util.KeyValueHolder (java.base@21.0.3)
4163:             3             48  java.util.ResourceBundle$NoFallbackControl (java.base@21.0.3)
4164:             2             48  java.util.concurrent.ConcurrentHashMap$MapEntry (java.base@21.0.3)
4165:             3             48  java.util.concurrent.ConcurrentSkipListMap$KeySet (java.base@21.0.3)
4166:             2             48  java.util.concurrent.SynchronousQueue$Transferer (java.base@21.0.3)
4167:             3             48  java.util.concurrent.atomic.AtomicMarkableReference (java.base@21.0.3)
4168:             2             48  java.util.logging.Logger$LoggerBundle (java.logging@21.0.3)
4169:             2             48  java.util.stream.Collectors$$Lambda/0x00007fcd282fea70 (java.base@21.0.3)
4170:             2             48  javax.crypto.CryptoPermissions (java.base@21.0.3)
4171:             2             48  javax.management.NotificationBroadcasterSupport (java.management@21.0.3)
4172:             2             48  javax.security.auth.AuthPermission (java.base@21.0.3)
4173:             1             48  jdk.internal.foreign.layout.ValueLayouts$OfBooleanImpl (java.base@21.0.3)
4174:             1             48  jdk.internal.foreign.layout.ValueLayouts$OfByteImpl (java.base@21.0.3)
4175:             1             48  jdk.internal.icu.util.CodePointTrie$Fast16 (java.base@21.0.3)
4176:             2             48  jdk.internal.icu.util.CodePointTrie$Type (java.base@21.0.3)
4177:             1             48  jdk.internal.jimage.ImageHeader (java.base@21.0.3)
4178:             2             48  jdk.internal.misc.Signal$NativeHandler (java.base@21.0.3)
4179:             2             48  jdk.internal.reflect.ReflectionFactory$Config (java.base@21.0.3)
4180:             1             48  jdk.management.jfr.FlightRecorderMXBeanImpl (jdk.management.jfr@21.0.3)
4181:             3             48  jdk.proxy1.$Proxy42 (jdk.proxy1)
4182:             1             48  joptsimple.OptionParser
4183:             2             48  kotlin.coroutines.CombinedContext
4184:             2             48  kotlinx.coroutines.JobImpl
4185:             3             48  kotlinx.coroutines.internal.ContextScope
4186:             3             48  kotlinx.coroutines.internal.Symbol
4187:             2             48  kotlinx.coroutines.scheduling.TaskMode
4188:             1             48  org.apache.logging.log4j.core.appender.ConsoleAppender
4189:             3             48  org.apache.logging.log4j.core.config.DefaultAdvertiser
4190:             2             48  org.apache.logging.log4j.core.config.plugins.util.PluginManager
4191:             2             48  org.apache.logging.log4j.core.config.status.StatusConfiguration$Verbosity
4192:             1             48  org.apache.logging.log4j.core.impl.Log4jProvider
4193:             2             48  org.apache.logging.log4j.core.util.datetime.FastDateFormat
4194:             2             48  org.apache.logging.log4j.core.util.datetime.FastDatePrinter$PaddedNumberField
4195:             2             48  org.apache.logging.log4j.core.util.datetime.FormatCache$MultipartKey
4196:             1             48  org.apache.logging.log4j.status.StatusLogger
4197:             2             48  org.apache.logging.log4j.util.PropertiesUtil$Environment
4198:             2             48  org.apache.logging.log4j.util.PropertyFilePropertySource
4199:             3             48  org.apache.lucene.analysis.Analyzer$TokenStreamComponents$$Lambda/0x00007fcd29266150
4200:             1             48  org.apache.lucene.analysis.CharArrayMap$EmptyCharArrayMap
4201:             2             48  org.apache.lucene.analysis.classic.ClassicAnalyzer$$Lambda/0x00007fcd29268420
4202:             2             48  org.apache.lucene.analysis.core.SimpleAnalyzer
4203:             2             48  org.apache.lucene.analysis.core.StopAnalyzer
4204:             2             48  org.apache.lucene.analysis.id.IndonesianStemmer
4205:             2             48  org.apache.lucene.backward_codecs.lucene50.Lucene50StoredFieldsFormat$Mode
4206:             3             48  org.apache.lucene.backward_codecs.lucene70.Lucene70SegmentInfoFormat
4207:             2             48  org.apache.lucene.backward_codecs.lucene80.Lucene80DocValuesFormat$Mode
4208:             3             48  org.apache.lucene.backward_codecs.lucene86.Lucene86PointsFormat
4209:             3             48  org.apache.lucene.backward_codecs.lucene86.Lucene86SegmentInfoFormat
4210:             2             48  org.apache.lucene.backward_codecs.lucene87.Lucene87Codec$1
4211:             2             48  org.apache.lucene.backward_codecs.lucene87.Lucene87Codec$2
4212:             2             48  org.apache.lucene.backward_codecs.lucene87.Lucene87StoredFieldsFormat$Mode
4213:             2             48  org.apache.lucene.backward_codecs.lucene91.Lucene91Codec$1
4214:             2             48  org.apache.lucene.backward_codecs.lucene91.Lucene91Codec$2
4215:             2             48  org.apache.lucene.backward_codecs.lucene91.Lucene91Codec$3
4216:             2             48  org.apache.lucene.backward_codecs.lucene91.Lucene91HnswVectorsFormat
4217:             2             48  org.apache.lucene.backward_codecs.lucene92.Lucene92Codec$1
4218:             2             48  org.apache.lucene.backward_codecs.lucene92.Lucene92Codec$2
4219:             2             48  org.apache.lucene.backward_codecs.lucene92.Lucene92Codec$3
4220:             2             48  org.apache.lucene.backward_codecs.lucene92.Lucene92HnswVectorsFormat
4221:             2             48  org.apache.lucene.backward_codecs.lucene94.Lucene94Codec$1
4222:             2             48  org.apache.lucene.backward_codecs.lucene94.Lucene94Codec$2
4223:             2             48  org.apache.lucene.backward_codecs.lucene94.Lucene94Codec$3
4224:             2             48  org.apache.lucene.backward_codecs.lucene94.Lucene94HnswVectorsFormat
4225:             2             48  org.apache.lucene.codecs.lucene90.Lucene90StoredFieldsFormat$Mode
4226:             2             48  org.apache.lucene.document.Field$Store
4227:             2             48  org.apache.lucene.document.InvertableType
4228:             2             48  org.apache.lucene.queryparser.classic.QueryParser$Operator
4229:             2             48  org.apache.lucene.search.MatchAllDocsQuery
4230:             1             48  org.apache.lucene.search.PrefixQuery
4231:             2             48  org.apache.lucene.search.TopDocs
4232:             2             48  org.apache.lucene.search.TotalHits$Relation
4233:             2             48  org.apache.lucene.util.FileDeleter$MsgType
4234:             1             48  org.apache.lucene.util.automaton.CompiledAutomaton
4235:             2             48  org.apache.lucene.util.fst.ReverseBytesReader
4236:             1             48  org.apache.lucene.util.packed.BulkOperationPacked1
4237:             1             48  org.apache.lucene.util.packed.BulkOperationPacked10
4238:             1             48  org.apache.lucene.util.packed.BulkOperationPacked11
4239:             1             48  org.apache.lucene.util.packed.BulkOperationPacked12
4240:             1             48  org.apache.lucene.util.packed.BulkOperationPacked13
4241:             1             48  org.apache.lucene.util.packed.BulkOperationPacked14
4242:             1             48  org.apache.lucene.util.packed.BulkOperationPacked15
4243:             1             48  org.apache.lucene.util.packed.BulkOperationPacked16
4244:             1             48  org.apache.lucene.util.packed.BulkOperationPacked17
4245:             1             48  org.apache.lucene.util.packed.BulkOperationPacked18
4246:             1             48  org.apache.lucene.util.packed.BulkOperationPacked19
4247:             1             48  org.apache.lucene.util.packed.BulkOperationPacked2
4248:             1             48  org.apache.lucene.util.packed.BulkOperationPacked20
4249:             1             48  org.apache.lucene.util.packed.BulkOperationPacked21
4250:             1             48  org.apache.lucene.util.packed.BulkOperationPacked22
4251:             1             48  org.apache.lucene.util.packed.BulkOperationPacked23
4252:             1             48  org.apache.lucene.util.packed.BulkOperationPacked24
4253:             1             48  org.apache.lucene.util.packed.BulkOperationPacked3
4254:             1             48  org.apache.lucene.util.packed.BulkOperationPacked4
4255:             1             48  org.apache.lucene.util.packed.BulkOperationPacked5
4256:             1             48  org.apache.lucene.util.packed.BulkOperationPacked6
4257:             1             48  org.apache.lucene.util.packed.BulkOperationPacked7
4258:             1             48  org.apache.lucene.util.packed.BulkOperationPacked8
4259:             1             48  org.apache.lucene.util.packed.BulkOperationPacked9
4260:             3             48  org.bouncycastle.pqc.jcajce.provider.bike.BIKEKeyFactorySpi
4261:             2             48  org.bouncycastle.pqc.jcajce.provider.falcon.FalconKeyFactorySpi
4262:             3             48  org.bouncycastle.pqc.jcajce.provider.hqc.HQCKeyFactorySpi
4263:             2             48  org.greenrobot.eventbus.PendingPostQueue
4264:             1             48  org.greenrobot.eventbus.SubscriberMethodFinder$FindState
4265:             2             48  org.ietf.jgss.Oid (java.security.jgss@21.0.3)
4266:             3             48  org.locationtech.jts.geom.PrecisionModel$Type
4267:             2             48  org.locationtech.spatial4j.io.PolyshapeReader
4268:             2             48  org.locationtech.spatial4j.io.WKTReader
4269:             2             48  org.opensearch.action.OriginalIndices
4270:             1             48  org.opensearch.action.admin.cluster.configuration.TransportClearVotingConfigExclusionsAction
4271:             1             48  org.opensearch.action.admin.cluster.decommission.awareness.get.TransportGetDecommissionStateAction
4272:             1             48  org.opensearch.action.admin.cluster.node.tasks.list.ListTasksRequest
4273:             1             48  org.opensearch.action.admin.cluster.repositories.get.TransportGetRepositoriesAction
4274:             1             48  org.opensearch.action.admin.indices.datastream.GetDataStreamAction$TransportAction
4275:             1             48  org.opensearch.action.admin.indices.exists.indices.TransportIndicesExistsAction
4276:             1             48  org.opensearch.action.admin.indices.forcemerge.TransportForceMergeAction
4277:             1             48  org.opensearch.action.admin.indices.recovery.TransportRecoveryAction
4278:             1             48  org.opensearch.action.admin.indices.resolve.ResolveIndexAction$TransportAction
4279:             1             48  org.opensearch.action.admin.indices.segments.TransportIndicesSegmentsAction
4280:             1             48  org.opensearch.action.admin.indices.stats.TransportIndicesStatsAction
4281:             1             48  org.opensearch.action.admin.indices.template.get.TransportGetComponentTemplateAction
4282:             1             48  org.opensearch.action.admin.indices.template.get.TransportGetComposableIndexTemplateAction
4283:             1             48  org.opensearch.action.admin.indices.template.get.TransportGetIndexTemplatesAction
4284:             1             48  org.opensearch.action.admin.indices.upgrade.get.TransportUpgradeStatusAction
4285:             1             48  org.opensearch.action.fieldcaps.TransportFieldCapabilitiesAction
4286:             1             48  org.opensearch.action.fieldcaps.TransportFieldCapabilitiesIndexAction
4287:             1             48  org.opensearch.action.ingest.GetPipelineTransportAction
4288:             1             48  org.opensearch.action.search.GetSearchPipelineTransportAction
4289:             1             48  org.opensearch.action.search.TransportMultiSearchAction
4290:             2             48  org.opensearch.action.support.TransportAction$1$$Lambda/0x00007fcd291c23c8
4291:             2             48  org.opensearch.action.support.TransportAction$RequestFilterChain
4292:             3             48  org.opensearch.action.support.replication.TransportReplicationAction$$Lambda/0x00007fcd2937ab88
4293:             3             48  org.opensearch.action.support.replication.TransportReplicationAction$ReplicaResult
4294:             2             48  org.opensearch.ad.ADTaskProfileRunner
4295:             2             48  org.opensearch.ad.client.AnomalyDetectionNodeClient
4296:             1             48  org.opensearch.ad.settings.ADEnabledSetting$1
4297:             1             48  org.opensearch.ad.settings.ADNumericSetting$1
4298:             1             48  org.opensearch.ad.transport.RCFPollingTransportAction
4299:             1             48  org.opensearch.ad.transport.RCFResultTransportAction
4300:             1             48  org.opensearch.ad.transport.SearchAnomalyResultTransportAction
4301:             1             48  org.opensearch.ad.transport.StatsAnomalyDetectorTransportAction
4302:             1             48  org.opensearch.alerting.transport.TransportAcknowledgeAlertAction
4303:             1             48  org.opensearch.alerting.transport.TransportAcknowledgeChainedAlertAction
4304:             1             48  org.opensearch.alerting.transport.TransportDeleteAlertingCommentAction
4305:             1             48  org.opensearch.alerting.transport.TransportDeleteMonitorAction
4306:             1             48  org.opensearch.alerting.transport.TransportExecuteWorkflowAction
4307:             1             48  org.opensearch.alerting.transport.TransportGetAlertsAction
4308:             1             48  org.opensearch.alerting.transport.TransportGetDestinationsAction
4309:             1             48  org.opensearch.alerting.transport.TransportGetEmailAccountAction
4310:             1             48  org.opensearch.alerting.transport.TransportGetEmailGroupAction
4311:             1             48  org.opensearch.alerting.transport.TransportGetFindingsSearchAction
4312:             1             48  org.opensearch.alerting.transport.TransportGetMonitorAction
4313:             1             48  org.opensearch.alerting.transport.TransportGetWorkflowAction
4314:             1             48  org.opensearch.alerting.transport.TransportGetWorkflowAlertsAction
4315:             1             48  org.opensearch.alerting.transport.TransportSearchAlertingCommentAction
4316:             1             48  org.opensearch.alerting.transport.TransportSearchMonitorAction
4317:             2             48  org.opensearch.alerting.util.DocLevelMonitorQueries
4318:             2             48  org.opensearch.bootstrap.OpenSearchPolicy$BadDefaultPermission
4319:             1             48  org.opensearch.client.node.NodeClient
4320:             1             48  org.opensearch.cluster.NodeConnectionsService
4321:             1             48  org.opensearch.cluster.coordination.CoordinationState
4322:             2             48  org.opensearch.cluster.coordination.CoordinationState$VoteCollection
4323:             2             48  org.opensearch.cluster.coordination.FollowersChecker$FastResponseState
4324:             2             48  org.opensearch.cluster.coordination.PersistedStateRegistry$PersistedStateType
4325:             3             48  org.opensearch.cluster.metadata.AliasValidator
4326:             2             48  org.opensearch.cluster.metadata.ComponentTemplate
4327:             3             48  org.opensearch.cluster.metadata.DataStream$TimestampField
4328:             1             48  org.opensearch.cluster.metadata.MetadataIndexStateService
4329:             1             48  org.opensearch.cluster.metadata.MetadataUpdateSettingsService
4330:             2             48  org.opensearch.cluster.node.DiscoveryNodeFilters$OpType
4331:             3             48  org.opensearch.cluster.routing.WeightedRoutingService$$Lambda/0x00007fcd28e22ef0
4332:             3             48  org.opensearch.cluster.routing.WeightedRoutingService$$Lambda/0x00007fcd28e23120
4333:             1             48  org.opensearch.common.Rounding$DateTimeUnit$5
4334:             1             48  org.opensearch.common.Rounding$DateTimeUnit$6
4335:             1             48  org.opensearch.common.Rounding$DateTimeUnit$7
4336:             1             48  org.opensearch.common.Rounding$DateTimeUnit$8
4337:             3             48  org.opensearch.common.hash.MessageDigests$$Lambda/0x00007fcd280d6c78
4338:             3             48  org.opensearch.common.inject.InjectorImpl$BindingsMultimap
4339:             3             48  org.opensearch.common.inject.TypeConverterBindingProcessor$1
4340:             3             48  org.opensearch.common.inject.TypeConverterBindingProcessor$2
4341:             3             48  org.opensearch.common.inject.TypeConverterBindingProcessor$3
4342:             3             48  org.opensearch.common.inject.TypeConverterBindingProcessor$4
4343:             3             48  org.opensearch.common.inject.WeakKeySet
4344:             3             48  org.opensearch.common.inject.matcher.Matchers$SubclassesOf
4345:             2             48  org.opensearch.common.logging.LoggingOutputStream
4346:             1             48  org.opensearch.common.settings.ClusterSettings
4347:             2             48  org.opensearch.common.settings.Setting$$Lambda/0x00007fcd280bde50
4348:             3             48  org.opensearch.common.settings.Setting$$Lambda/0x00007fcd284a0a78
4349:             1             48  org.opensearch.common.settings.SettingsModule
4350:             1             48  org.opensearch.common.time.EpochTime$6
4351:             1             48  org.opensearch.common.util.concurrent.TimedRunnable
4352:             2             48  org.opensearch.core.common.breaker.CircuitBreaker$Durability
4353:             2             48  org.opensearch.core.common.transport.BoundTransportAddress
4354:             2             48  org.opensearch.core.tasks.resourcetracker.ResourceUsageInfo$ResourceStatsInfo
4355:             2             48  org.opensearch.core.tasks.resourcetracker.ResourceUsageMetric
4356:             1             48  org.opensearch.flowframework.transport.GetWorkflowTransportAction
4357:             1             48  org.opensearch.forecast.ml.ForecastModelManager
4358:             1             48  org.opensearch.forecast.settings.ForecastEnabledSetting$1
4359:             1             48  org.opensearch.forecast.settings.ForecastNumericSetting$1
4360:             1             48  org.opensearch.gateway.PersistedClusterStateService$Writer
4361:             1             48  org.opensearch.geospatial.ip2geo.action.PutDatasourceTransportAction
4362:             1             48  org.opensearch.geospatial.ip2geo.action.UpdateDatasourceTransportAction
4363:             1             48  org.opensearch.grok.MatcherWatchdog$Default
4364:             1             48  org.opensearch.http.HttpHandlingSettings
4365:             1             48  org.opensearch.http.netty4.ssl.SecureNetty4HttpServerTransport$SslHttpChannelHandler
4366:             2             48  org.opensearch.identity.IdentityService
4367:             2             48  org.opensearch.index.IndexService$IndexCreationContext
4368:             1             48  org.opensearch.index.SegmentReplicationPressureService$AsyncFailStaleReplicaTask
4369:             1             48  org.opensearch.index.analysis.AnalysisRegistry
4370:             2             48  org.opensearch.index.codec.customcodecs.Lucene99QatStoredFieldsFormat
4371:             2             48  org.opensearch.index.codec.customcodecs.QatCompressionMode
4372:             2             48  org.opensearch.index.engine.Engine$SearcherScope
4373:             2             48  org.opensearch.index.fielddata.plain.SortedNumericIndexFieldData
4374:             1             48  org.opensearch.index.query.BoolQueryBuilder
4375:             2             48  org.opensearch.index.query.Operator
4376:             1             48  org.opensearch.index.query.RangeQueryBuilder
4377:             3             48  org.opensearch.index.query.functionscore.DecayFunctionParser
4378:             1             48  org.opensearch.index.refresh.RefreshStats
4379:             1             48  org.opensearch.index.reindex.TransportDeleteByQueryAction
4380:             1             48  org.opensearch.index.reindex.TransportUpdateByQueryAction
4381:             1             48  org.opensearch.index.remote.RemoteStorePressureSettings
4382:             2             48  org.opensearch.index.seqno.GlobalCheckpointSyncAction$$Lambda/0x00007fcd293ae700
4383:             2             48  org.opensearch.index.seqno.GlobalCheckpointSyncAction$$Lambda/0x00007fcd293b41b0
4384:             2             48  org.opensearch.index.seqno.ReplicationTracker$$Lambda/0x00007fcd293a7480
4385:             2             48  org.opensearch.index.seqno.RetentionLeaseBackgroundSyncAction$$Lambda/0x00007fcd293b3b50
4386:             2             48  org.opensearch.index.seqno.RetentionLeaseBackgroundSyncAction$1
4387:             2             48  org.opensearch.index.seqno.RetentionLeaseSyncer
4388:             2             48  org.opensearch.index.shard.IndexShard$$Lambda/0x00007fcd293ae000
4389:             2             48  org.opensearch.index.shard.ShardStateMetadata$IndexDataLocation
4390:             2             48  org.opensearch.index.store.remote.filecache.FileCacheSettings
4391:             2             48  org.opensearch.index.translog.Translog$Durability
4392:             1             48  org.opensearch.indexmanagement.controlcenter.notification.action.index.TransportIndexLRONConfigAction
4393:             1             48  org.opensearch.indexmanagement.indexstatemanagement.transport.action.deletepolicy.TransportDeletePolicyAction
4394:             1             48  org.opensearch.indexmanagement.indexstatemanagement.transport.action.explain.TransportExplainAction
4395:             1             48  org.opensearch.indexmanagement.indexstatemanagement.transport.action.getpolicy.TransportGetPoliciesAction
4396:             1             48  org.opensearch.indexmanagement.rollup.action.explain.TransportExplainRollupAction
4397:             1             48  org.opensearch.indexmanagement.transform.action.preview.TransportPreviewTransformAction
4398:             1             48  org.opensearch.indices.IndexingMemoryController
4399:             1             48  org.opensearch.indices.RemoteStoreSettings
4400:             1             48  org.opensearch.indices.recovery.RecoverySourceHandler$SendFileResult
4401:             2             48  org.opensearch.indices.replication.common.ReplicationCollection
4402:             2             48  org.opensearch.indices.replication.common.ReplicationType
4403:             1             48  org.opensearch.knn.index.KNNSettings$1
4404:             2             48  org.opensearch.knn.index.MethodComponentContext
4405:             3             48  org.opensearch.knn.plugin.stats.suppliers.LibraryInitializedSupplier
4406:             1             48  org.opensearch.knn.plugin.transport.ClearCacheTransportAction
4407:             1             48  org.opensearch.knn.plugin.transport.KNNWarmupTransportAction
4408:             1             48  org.opensearch.ml.action.connector.UpdateConnectorTransportAction
4409:             1             48  org.opensearch.ml.action.controller.GetControllerTransportAction
4410:             1             48  org.opensearch.ml.action.controller.UpdateControllerTransportAction
4411:             1             48  org.opensearch.ml.action.model_group.DeleteModelGroupTransportAction
4412:             1             48  org.opensearch.ml.action.model_group.GetModelGroupTransportAction
4413:             1             48  org.opensearch.ml.action.models.DeleteModelTransportAction
4414:             1             48  org.opensearch.ml.action.models.GetModelTransportAction
4415:             1             48  org.opensearch.ml.autoredeploy.MLModelAutoReDeployer
4416:             1             48  org.opensearch.ml.cluster.MLCommonsClusterManagerEventListener
4417:             2             48  org.opensearch.ml.memory.index.ConversationMetaIndex
4418:             1             48  org.opensearch.ml.task.MLTaskDispatcher
4419:             2             48  org.opensearch.monitor.StatusInfo$Status
4420:             1             48  org.opensearch.monitor.jvm.JvmGcMonitorService
4421:             1             48  org.opensearch.monitor.jvm.JvmGcMonitorService$1
4422:             2             48  org.opensearch.monitor.os.OsService
4423:             2             48  org.opensearch.monitor.os.OsStats$Cpu
4424:             1             48  org.opensearch.monitor.process.ProcessStats
4425:             1             48  org.opensearch.node.NodeResourceUsageStats
4426:             1             48  org.opensearch.node.resource.tracker.NodeResourceUsageTracker
4427:             2             48  org.opensearch.observability.settings.PluginSettings$AdminAccess
4428:             1             48  org.opensearch.painless.CompilerSettings
4429:             1             48  org.opensearch.performanceanalyzer.PerformanceAnalyzerPlugin
4430:             1             48  org.opensearch.performanceanalyzer.collectors.ClusterApplierServiceStatsCollector$ClusterApplierServiceStats
4431:             1             48  org.opensearch.performanceanalyzer.collectors.NodeStatsAllShardsMetricsCollector$1
4432:             1             48  org.opensearch.persistent.PersistentTasksClusterService
4433:             1             48  org.opensearch.persistent.PersistentTasksClusterService$PeriodicRechecker
4434:             2             48  org.opensearch.persistent.PersistentTasksCustomMetadata$Assignment
4435:             2             48  org.opensearch.persistent.decider.EnableAssignmentDecider$Allocation
4436:             1             48  org.opensearch.replication.action.status.TranportShardsInfoAction
4437:             1             48  org.opensearch.replication.action.status.TransportReplicationStatusAction
4438:             2             48  org.opensearch.replication.seqno.RemoteClusterStats
4439:             2             48  org.opensearch.replication.seqno.RemoteClusterTranslogService
4440:             1             48  org.opensearch.replication.task.index.IndexReplicationExecutor
4441:             1             48  org.opensearch.replication.task.shard.ShardReplicationExecutor
4442:             2             48  org.opensearch.repositories.RepositoryInfo
4443:             2             48  org.opensearch.repositories.s3.async.SizeBasedBlockingQ$QueueEventType
4444:             2             48  org.opensearch.repositories.s3.async.TransferSemaphoresHolder$TypeSemaphore
4445:             2             48  org.opensearch.repositories.s3.async.TransferSemaphoresHolder$TypeSemaphore$PermitType
4446:             2             48  org.opensearch.rest.action.admin.indices.RestCreateIndexAction
4447:             2             48  org.opensearch.rest.action.admin.indices.RestGetAliasesAction
4448:             2             48  org.opensearch.rest.action.admin.indices.RestGetIndicesAction
4449:             2             48  org.opensearch.rest.action.admin.indices.RestIndexPutAliasAction
4450:             2             48  org.opensearch.rest.action.admin.indices.RestRefreshAction
4451:             2             48  org.opensearch.rest.action.admin.indices.RestUpdateSettingsAction
4452:             2             48  org.opensearch.rest.action.document.RestBulkAction
4453:             2             48  org.opensearch.rest.action.document.RestBulkStreamingAction
4454:             2             48  org.opensearch.rest.action.document.RestDeleteAction
4455:             2             48  org.opensearch.rest.action.document.RestGetAction
4456:             2             48  org.opensearch.rest.action.document.RestIndexAction
4457:             2             48  org.opensearch.rest.action.document.RestIndexAction$AutoIdHandler
4458:             2             48  org.opensearch.rest.action.document.RestIndexAction$CreateHandler
4459:             2             48  org.opensearch.rest.action.document.RestMultiGetAction
4460:             2             48  org.opensearch.rest.action.document.RestUpdateAction
4461:             2             48  org.opensearch.rest.action.search.RestClearScrollAction
4462:             2             48  org.opensearch.rest.action.search.RestSearchAction
4463:             2             48  org.opensearch.rest.action.search.RestSearchScrollAction
4464:             1             48  org.opensearch.search.SearchModule
4465:             3             48  org.opensearch.search.aggregations.InternalOrder$SimpleOrder$$Lambda/0x00007fcd292f9400
4466:             1             48  org.opensearch.search.aggregations.bucket.FastFilterRewriteHelper$FastFilterContext
4467:             3             48  org.opensearch.search.aggregations.bucket.terms.LongKeyedBucketOrds$FromMany
4468:             2             48  org.opensearch.search.aggregations.metrics.AbstractPercentilesAggregationBuilder$$Lambda/0x00007fcd287b9cc0
4469:             3             48  org.opensearch.search.aggregations.support.ValuesSource$Bytes$WithOrdinals$FieldData
4470:             1             48  org.opensearch.search.asynchronous.stats.InternalAsynchronousSearchStats$CountStatsHolder
4471:             1             48  org.opensearch.search.asynchronous.transport.TransportSubmitAsynchronousSearchAction
4472:             2             48  org.opensearch.search.backpressure.trackers.CpuUsageTracker
4473:             2             48  org.opensearch.search.backpressure.trackers.ElapsedTimeTracker
4474:             2             48  org.opensearch.search.backpressure.trackers.NodeDuressTracker
4475:             1             48  org.opensearch.search.fetch.FetchSearchResult
4476:             3             48  org.opensearch.search.fetch.subphase.highlight.HighlightPhase
4477:             2             48  org.opensearch.search.internal.AliasFilter
4478:             1             48  org.opensearch.search.internal.InternalSearchResponse
4479:             1             48  org.opensearch.search.pipeline.Pipeline
4480:             2             48  org.opensearch.search.sort.SortFieldAndFormat
4481:             2             48  org.opensearch.secure_sm.ThreadPermission
4482:             1             48  org.opensearch.security.auditlog.sink.DebugSink
4483:             1             48  org.opensearch.security.auditlog.sink.SinkProvider
4484:             3             48  org.opensearch.security.compliance.ComplianceConfig$1
4485:             1             48  org.opensearch.security.dlic.rest.api.ActionGroupsApiAction
4486:             1             48  org.opensearch.security.dlic.rest.api.AllowlistApiAction
4487:             1             48  org.opensearch.security.dlic.rest.api.AuthTokenProcessorAction
4488:             1             48  org.opensearch.security.dlic.rest.api.CertificatesApiAction
4489:             1             48  org.opensearch.security.dlic.rest.api.ConfigUpgradeApiAction
4490:             1             48  org.opensearch.security.dlic.rest.api.FlushCacheApiAction
4491:             1             48  org.opensearch.security.dlic.rest.api.MigrateApiAction
4492:             1             48  org.opensearch.security.dlic.rest.api.MultiTenancyConfigApiAction
4493:             1             48  org.opensearch.security.dlic.rest.api.RolesApiAction
4494:             1             48  org.opensearch.security.dlic.rest.api.RolesMappingApiAction
4495:             1             48  org.opensearch.security.dlic.rest.api.TenantsApiAction
4496:             1             48  org.opensearch.security.dlic.rest.api.ValidateApiAction
4497:             1             48  org.opensearch.security.dlic.rest.api.WhitelistApiAction
4498:             1             48  org.opensearch.security.privileges.SecurityIndexAccessEvaluator
4499:             1             48  org.opensearch.security.rest.SecurityWhoAmIAction
4500:             1             48  org.opensearch.security.rest.TenantInfoAction
4501:             1             48  org.opensearch.security.securityconf.ConfigModelV7
4502:             1             48  org.opensearch.security.securityconf.ConfigModelV7$RoleMappingHolder
4503:             1             48  org.opensearch.security.securityconf.DynamicConfigFactory
4504:             2             48  org.opensearch.security.securityconf.impl.v7.ConfigV7$AuthzBackend
4505:             2             48  org.opensearch.security.securityconf.impl.v7.ConfigV7$AuthzDomain
4506:             2             48  org.opensearch.security.securityconf.impl.v7.ConfigV7$Http
4507:             2             48  org.opensearch.security.securityconf.impl.v7.ConfigV7$OnBehalfOfSettings
4508:             2             48  org.opensearch.security.securityconf.impl.v7.ConfigV7$Xff
4509:             2             48  org.opensearch.security.ssl.transport.PrincipalExtractor$Type
4510:             2             48  org.opensearch.security.support.SerializationFormat
4511:             1             48  org.opensearch.securityanalytics.threatIntel.common.TIFMetadata
4512:             1             48  org.opensearch.securityanalytics.transport.TransportDeleteRuleAction
4513:             1             48  org.opensearch.securityanalytics.transport.TransportListCorrelationAction
4514:             1             48  org.opensearch.securityanalytics.transport.TransportSearchCorrelationAction
4515:             1             48  org.opensearch.securityanalytics.transport.TransportSearchCorrelationRuleAction
4516:             2             48  org.opensearch.securityanalytics.util.WorkflowService
4517:             1             48  org.opensearch.snapshots.SnapshotShardsService
4518:             3             48  org.opensearch.sql.expression.function.FunctionDSL$$Lambda/0x00007fcd28b31cb0
4519:             2             48  org.opensearch.sql.expression.function.FunctionDSL$$Lambda/0x00007fcd28b5aab0
4520:             3             48  org.opensearch.sql.expression.window.WindowFunctions$$Lambda/0x00007fcd28b633f8
4521:             2             48  org.opensearch.sql.opensearch.setting.OpenSearchSettings
4522:             2             48  org.opensearch.sql.spark.asyncquery.OpenSearchAsyncQueryJobMetadataStorageService
4523:             3             48  org.opensearch.sql.spark.dispatcher.DatasourceEmbeddedQueryIdProvider
4524:             2             48  org.opensearch.sql.sql.SQLService
4525:             1             48  org.opensearch.tasks.TaskCancellationMonitoringService
4526:             3             48  org.opensearch.threadpool.AutoQueueAdjustingExecutorBuilder$$Lambda/0x00007fcd28535d58
4527:             3             48  org.opensearch.threadpool.AutoQueueAdjustingExecutorBuilder$$Lambda/0x00007fcd285361d0
4528:             3             48  org.opensearch.threadpool.AutoQueueAdjustingExecutorBuilder$$Lambda/0x00007fcd28536678
4529:             2             48  org.opensearch.timeseries.AnalysisType
4530:             1             48  org.opensearch.timeseries.NodeStateManager
4531:             2             48  org.opensearch.timeseries.caching.PriorityCache$$Lambda/0x00007fcd28a146b8
4532:             1             48  org.opensearch.timeseries.feature.SearchFeatureDao
4533:             1             48  org.opensearch.timeseries.settings.TimeSeriesEnabledSetting$1
4534:             1             48  org.opensearch.transport.ClusterConnectionManager
4535:             1             48  org.opensearch.transport.NativeMessageHandler
4536:             2             48  org.opensearch.transport.NettyByteBufSizer
4537:             2             48  org.opensearch.transport.SharedGroupFactory$SharedGroup
4538:             2             48  software.amazon.awssdk.auth.credentials.AwsBasicCredentials
4539:             3             48  sun.management.spi.PlatformMBeanProvider$PlatformComponent$$Lambda/0x00007fcd280e1f80 (java.management@21.0.3)
4540:             3             48  sun.management.spi.PlatformMBeanProvider$PlatformComponent$$Lambda/0x00007fcd280e21d0 (java.management@21.0.3)
4541:             3             48  sun.nio.ch.SocketDispatcher (java.base@21.0.3)
4542:             1             48  sun.nio.fs.UnixMountEntry (java.base@21.0.3)
4543:             2             48  sun.security.ec.ParametersMap (jdk.crypto.ec@21.0.3)
4544:             2             48  sun.security.jca.ProviderList (java.base@21.0.3)
4545:             2             48  sun.security.jca.ProviderList$3 (java.base@21.0.3)
4546:             3             48  sun.security.provider.X509Factory (java.base@21.0.3)
4547:             3             48  sun.security.rsa.PSSParameters (java.base@21.0.3)
4548:             2             48  sun.security.ssl.SSLAlgorithmConstraints (java.base@21.0.3)
4549:             3             48  sun.security.ssl.SSLAlgorithmDecomposer (java.base@21.0.3)
4550:             3             48  sun.security.ssl.SSLCipher$StreamReadCipherGenerator (java.base@21.0.3)
4551:             3             48  sun.security.ssl.SSLCipher$StreamWriteCipherGenerator (java.base@21.0.3)
4552:             2             48  sun.security.util.DisabledAlgorithmConstraints$jdkCAConstraint (java.base@21.0.3)
4553:             2             48  sun.security.validator.EndEntityChecker (java.base@21.0.3)
4554:             1             48  sun.text.BreakDictionary (java.base@21.0.3)
4555:             1             48  sun.text.resources.FormatData (java.base@21.0.3)
4556:             1             48  sun.text.resources.FormatData_en (java.base@21.0.3)
4557:             1             48  sun.text.resources.FormatData_en_US (java.base@21.0.3)
4558:             1             48  sun.util.resources.CalendarData (java.base@21.0.3)
4559:             1             48  sun.util.resources.CalendarData_en (java.base@21.0.3)
4560:             1             40  [Lcom.fasterxml.jackson.annotation.JsonAutoDetect$Visibility;
4561:             1             40  [Lcom.fasterxml.jackson.annotation.JsonAutoDetect$Visibility;
4562:             1             40  [Lcom.fasterxml.jackson.annotation.Nulls;
4563:             1             40  [Lcom.fasterxml.jackson.annotation.Nulls;
4564:             1             40  [Lcom.fasterxml.jackson.annotation.Nulls;
4565:             1             40  [Lcom.fasterxml.jackson.core.JsonEncoding;
4566:             1             40  [Lcom.fasterxml.jackson.core.JsonFactory$Feature;
4567:             1             40  [Lcom.fasterxml.jackson.core.JsonParser$NumberType;
4568:             1             40  [Lcom.fasterxml.jackson.core.StreamReadFeature;
4569:             1             40  [Lcom.fasterxml.jackson.core.json.JsonWriteFeature;
4570:             1             40  [Lcom.fasterxml.jackson.databind.cfg.JsonNodeFeature;
4571:             1             40  [Lcom.fasterxml.jackson.databind.cfg.JsonNodeFeature;
4572:             1             40  [Lcom.fasterxml.jackson.dataformat.smile.SmileGenerator$Feature;
4573:             1             40  [Lcom.google.gson.FieldNamingPolicy;
4574:             2             40  [Lcom.sun.jmx.mbeanserver.ClassLoaderRepositorySupport$LoaderEntry; (java.management@21.0.3)
4575:             1             40  [Lio.netty.handler.logging.LogLevel;
4576:             1             40  [Lio.netty.util.internal.logging.InternalLogLevel;
4577:             1             40  [Ljava.lang.Thread$State; (java.base@21.0.3)
4578:             1             40  [Ljava.lang.invoke.VarHandle$AccessType; (java.base@21.0.3)
4579:             1             40  [Ljava.lang.management.MemoryManagerMXBean; (java.management@21.0.3)
4580:             1             40  [Ljava.time.chrono.JapaneseEra; (java.base@21.0.3)
4581:             1             40  [Ljava.time.format.SignStyle; (java.base@21.0.3)
4582:             1             40  [Ljava.time.format.TextStyle; (java.base@21.0.3)
4583:             2             40  [Ljava.time.zone.ZoneOffsetTransitionRule; (java.base@21.0.3)
4584:             1             40  [Ljava.util.Locale$FilteringMode; (java.base@21.0.3)
4585:             1             40  [Ljava.util.stream.StreamOpFlag; (java.base@21.0.3)
4586:             1             40  [Ljavax.net.ssl.SSLEngineResult$HandshakeStatus; (java.base@21.0.3)
4587:             1             40  [Lkotlinx.coroutines.scheduling.CoroutineScheduler$WorkerState;
4588:             1             40  [Lorg.apache.logging.log4j.core.LifeCycle$State;
4589:             1             40  [Lorg.apache.logging.log4j.core.pattern.PatternParser$ParserState;
4590:             1             40  [Lorg.apache.lucene.document.StoredValue$Type;
4591:             1             40  [Lorg.apache.lucene.index.DocValuesType;
4592:             1             40  [Lorg.apache.lucene.index.IndexOptions;
4593:             1             40  [Lorg.apache.lucene.search.ScoreMode;
4594:             1             40  [Lorg.ldaptive.ReturnAttributes;
4595:             1             40  [Lorg.opensearch.Build$Type;
4596:             1             40  [Lorg.opensearch.action.DocWriteResponse$Result;
4597:             1             40  [Lorg.opensearch.ad.model.ADTaskType;
4598:             1             40  [Lorg.opensearch.alerting.util.DestinationType;
4599:             1             40  [Lorg.opensearch.cluster.metadata.IndexMetadata$APIBlock;
4600:             1             40  [Lorg.opensearch.cluster.routing.RecoverySource$Type;
4601:             1             40  [Lorg.opensearch.cluster.routing.UnassignedInfo$AllocationStatus;
4602:             1             40  [Lorg.opensearch.common.unit.SizeUnit;
4603:             1             40  [Lorg.opensearch.core.common.unit.ByteSizeUnit;
4604:             1             40  [Lorg.opensearch.index.IndexModule$Type;
4605:             1             40  [Lorg.opensearch.index.analysis.AnalysisRegistry$Component;
4606:             1             40  [Lorg.opensearch.index.engine.Engine$Operation$Origin;
4607:             1             40  [Lorg.opensearch.index.mapper.RangeType;
4608:             1             40  [Lorg.opensearch.index.query.MultiMatchQueryBuilder$Type;
4609:             1             40  [Lorg.opensearch.knn.index.SpaceType;
4610:             1             40  [Lorg.opensearch.knn.index.codec.KNNCodecVersion;
4611:             1             40  [Lorg.opensearch.ml.common.MLTaskState;
4612:             1             40  [Lorg.opensearch.performanceanalyzer.config.setting.PerformanceAnalyzerClusterSettings$PerformanceAnalyzerFeatureBits;
4613:             1             40  [Lorg.opensearch.search.MultiValueMode;
4614:             1             40  [Lorg.opensearch.security.dlic.rest.validation.PasswordValidator$ScoreStrength;
4615:             1             40  [Lorg.yaml.snakeyaml.DumperOptions$ScalarStyle;
4616:             1             40  [Lsun.security.ssl.CipherSuite$MacAlg; (java.base@21.0.3)
4617:             1             40  [Lsun.security.ssl.ContentType; (java.base@21.0.3)
4618:             1             40  [Lsun.security.ssl.SSLKeyExchange$T12KeyAgreement; (java.base@21.0.3)
4619:             1             40  [Lsun.security.ssl.X509Authentication; (java.base@21.0.3)
4620:             1             40  [Lsun.security.util.DisabledAlgorithmConstraints$Constraint$Operator; (java.base@21.0.3)
4621:             1             40  [[Ljava.lang.invoke.LambdaForm$Name; (java.base@21.0.3)
4622:             1             40  [[Lorg.joni.ast.QuantifierNode$ReduceType;
4623:             1             40  com.amazon.dlic.auth.ldap.backend.LDAPAuthenticationBackend
4624:             1             40  com.fasterxml.jackson.annotation.JsonFormat$Value
4625:             1             40  com.fasterxml.jackson.annotation.JsonFormat$Value
4626:             1             40  com.fasterxml.jackson.annotation.JsonFormat$Value
4627:             1             40  com.fasterxml.jackson.databind.cfg.ConfigOverrides
4628:             1             40  com.google.common.io.BaseEncoding$Base16Encoding
4629:             1             40  com.google.common.util.concurrent.ThreadFactoryBuilder$1
4630:             1             40  com.google.gson.internal.Excluder
4631:             1             40  com.sun.jmx.interceptor.DefaultMBeanServerInterceptor (java.management@21.0.3)
4632:             1             40  com.sun.jmx.mbeanserver.JmxMBeanServer (java.management@21.0.3)
4633:             1             40  com.sun.jmx.mbeanserver.MBeanServerDelegateImpl (java.management@21.0.3)
4634:             1             40  com.sun.management.internal.DiagnosticCommandImpl (jdk.management@21.0.3)
4635:             1             40  com.sun.management.internal.OperatingSystemImpl$ProcessCpuTicks (jdk.management@21.0.3)
4636:             1             40  com.sun.management.internal.OperatingSystemImpl$SystemCpuTicks (jdk.management@21.0.3)
4637:             1             40  io.netty.channel.AdaptiveRecvByteBufAllocator
4638:             1             40  io.netty.util.ResourceLeakDetector
4639:             1             40  io.netty.util.concurrent.DefaultPromise$StacklessCancellationException
4640:             1             40  io.netty.util.concurrent.DefaultPromise$StacklessCancellationException
4641:             1             40  java.io.IOException (java.base@21.0.3)
4642:             1             40  java.lang.ArithmeticException (java.base@21.0.3)
4643:             1             40  java.lang.ClassNotFoundException (java.base@21.0.3)
4644:             1             40  java.lang.VirtualMachineError (java.base@21.0.3)
4645:             1             40  java.lang.invoke.VarHandleLongs$Array (java.base@21.0.3)
4646:             1             40  java.util.ResourceBundle$2 (java.base@21.0.3)
4647:             1             40  java.util.ServiceLoader$LazyClassPathLookupIterator (java.base@21.0.3)
4648:             1             40  java.util.concurrent.CompletableFuture$UniHandle (java.base@21.0.3)
4649:             1             40  javax.crypto.CryptoAllPermission (java.base@21.0.3)
4650:             1             40  jdk.internal.event.SecurityProviderServiceEvent (java.base@21.0.3)
4651:             1             40  jdk.internal.event.ThreadSleepEvent (java.base@21.0.3)
4652:             1             40  jdk.internal.foreign.NativeMemorySegmentImpl (java.base@21.0.3)
4653:             1             40  jdk.internal.logger.LazyLoggers$LazyLoggerAccessor (java.base@21.0.3)
4654:             1             40  jdk.internal.ref.CleanerImpl$CleanerCleanable (java.base@21.0.3)
4655:             1             40  jdk.nio.zipfs.ZipFileSystem$END (jdk.zipfs@21.0.3)
4656:             1             40  kotlinx.coroutines.internal.LockFreeTaskQueueCore
4657:             1             40  kotlinx.coroutines.scheduling.DefaultScheduler
4658:             1             40  kotlinx.coroutines.scheduling.DefaultScheduler
4659:             1             40  kotlinx.coroutines.scheduling.DefaultScheduler
4660:             1             40  kotlinx.coroutines.scheduling.DefaultScheduler
4661:             1             40  kotlinx.coroutines.scheduling.DefaultScheduler
4662:             1             40  kotlinx.coroutines.scheduling.LimitingDispatcher
4663:             1             40  kotlinx.coroutines.scheduling.LimitingDispatcher
4664:             1             40  kotlinx.coroutines.scheduling.LimitingDispatcher
4665:             1             40  kotlinx.coroutines.scheduling.LimitingDispatcher
4666:             1             40  kotlinx.coroutines.scheduling.LimitingDispatcher
4667:             1             40  org.apache.commons.pool2.impl.LinkedBlockingDeque
4668:             1             40  org.apache.logging.log4j.core.appender.OutputStreamManager
4669:             1             40  org.apache.logging.log4j.core.config.status.StatusConfiguration
4670:             1             40  org.apache.lucene.document.LongPoint$1
4671:             1             40  org.apache.lucene.document.SortedNumericDocValuesRangeQuery
4672:             1             40  org.apache.lucene.queryparser.classic.QueryParser$LookaheadSuccess
4673:             1             40  org.apache.lucene.store.NIOFSDirectory
4674:             1             40  org.apache.lucene.util.automaton.ByteRunAutomaton
4675:             1             40  org.bouncycastle.jce.provider.BouncyCastleProviderConfiguration
4676:             1             40  org.joni.ast.StringNode
4677:             1             40  org.locationtech.jts.geom.Coordinate
4678:             1             40  org.locationtech.spatial4j.context.SpatialContext
4679:             1             40  org.locationtech.spatial4j.context.jts.JtsSpatialContext
4680:             1             40  org.locationtech.spatial4j.shape.jts.JtsShapeFactory
4681:             1             40  org.opensearch.Build
4682:             1             40  org.opensearch.action.admin.cluster.node.info.NodeInfo
4683:             1             40  org.opensearch.action.admin.cluster.node.info.NodesInfoRequest
4684:             1             40  org.opensearch.action.admin.indices.dangling.import_index.TransportImportDanglingIndexAction
4685:             1             40  org.opensearch.action.admin.indices.flush.TransportFlushAction
4686:             1             40  org.opensearch.action.admin.indices.mapping.get.TransportGetFieldMappingsAction
4687:             1             40  org.opensearch.action.admin.indices.refresh.TransportRefreshAction
4688:             1             40  org.opensearch.action.bulk.BulkResponse
4689:             1             40  org.opensearch.action.get.TransportMultiGetAction
4690:             1             40  org.opensearch.action.ingest.SimulatePipelineTransportAction
4691:             1             40  org.opensearch.action.main.TransportMainAction
4692:             1             40  org.opensearch.action.search.TransportClearScrollAction
4693:             1             40  org.opensearch.action.search.TransportDeletePitAction
4694:             1             40  org.opensearch.action.search.TransportSearchScrollAction
4695:             1             40  org.opensearch.action.termvectors.TransportMultiTermVectorsAction
4696:             1             40  org.opensearch.ad.transport.ADBatchAnomalyResultTransportAction
4697:             1             40  org.opensearch.ad.transport.ADBatchTaskRemoteExecutionTransportAction
4698:             1             40  org.opensearch.ad.transport.DeleteAnomalyResultsTransportAction
4699:             1             40  org.opensearch.ad.transport.SearchTopAnomalyResultTransportAction
4700:             1             40  org.opensearch.ad.transport.StopDetectorTransportAction
4701:             1             40  org.opensearch.alerting.InputService
4702:             1             40  org.opensearch.alerting.transport.TransportSearchEmailAccountAction
4703:             1             40  org.opensearch.alerting.transport.TransportSearchEmailGroupAction
4704:             1             40  org.opensearch.alerting.util.destinationmigration.DestinationMigrationCoordinator
4705:             1             40  org.opensearch.bootstrap.OpenSearchPolicy
4706:             1             40  org.opensearch.cluster.ClusterManagerMetrics
4707:             1             40  org.opensearch.cluster.coordination.ClusterBootstrapService
4708:             1             40  org.opensearch.cluster.coordination.ElectionSchedulerFactory
4709:             1             40  org.opensearch.cluster.coordination.JoinHelper$$Lambda/0x00007fcd28cf6f18
4710:             1             40  org.opensearch.cluster.coordination.PreVoteCollector
4711:             1             40  org.opensearch.cluster.metadata.MetadataIndexAliasesService
4712:             1             40  org.opensearch.cluster.metadata.MetadataIndexUpgradeService
4713:             1             40  org.opensearch.cluster.routing.DelayedAllocationService
4714:             1             40  org.opensearch.cluster.routing.allocation.AllocationService
4715:             1             40  org.opensearch.cluster.routing.allocation.allocator.BalancedShardsAllocator
4716:             1             40  org.opensearch.cluster.routing.allocation.allocator.BalancedShardsAllocator$WeightFunction
4717:             1             40  org.opensearch.cluster.service.ClusterManagerTaskThrottler
4718:             1             40  org.opensearch.cluster.service.MasterService$Batcher
4719:             1             40  org.opensearch.common.cache.store.OpenSearchOnHeapCache
4720:             1             40  org.opensearch.common.settings.AbstractScopedSettings$1
4721:             1             40  org.opensearch.common.settings.SecureSetting$SecureFileSetting
4722:             1             40  org.opensearch.common.ssl.SslConfiguration
4723:             1             40  org.opensearch.common.util.concurrent.ThreadContext
4724:             1             40  org.opensearch.core.common.bytes.PagedBytesReference$1
4725:             1             40  org.opensearch.env.NodeEnvironment$NodePath
4726:             1             40  org.opensearch.flowframework.rest.RestSearchWorkflowAction
4727:             1             40  org.opensearch.flowframework.rest.RestSearchWorkflowStateAction
4728:             1             40  org.opensearch.flowframework.transport.DeleteWorkflowTransportAction
4729:             1             40  org.opensearch.flowframework.transport.GetWorkflowStateTransportAction
4730:             1             40  org.opensearch.flowframework.transport.GetWorkflowStepTransportAction
4731:             1             40  org.opensearch.flowframework.transport.SearchWorkflowStateTransportAction
4732:             1             40  org.opensearch.flowframework.transport.SearchWorkflowTransportAction
4733:             1             40  org.opensearch.forecast.transport.SearchTopForecastResultTransportAction
4734:             1             40  org.opensearch.forecast.transport.StopForecasterTransportAction
4735:             1             40  org.opensearch.gateway.DanglingIndicesState
4736:             1             40  org.opensearch.gateway.GatewayAllocator
4737:             1             40  org.opensearch.gateway.GatewayMetaState$AsyncLucenePersistedState
4738:             1             40  org.opensearch.gateway.GatewayMetaState$LucenePersistedState
4739:             1             40  org.opensearch.gateway.PersistedClusterStateService
4740:             1             40  org.opensearch.gateway.PersistedClusterStateService$OnDiskState
4741:             1             40  org.opensearch.geospatial.action.upload.geojson.UploadGeoJSONTransportAction
4742:             1             40  org.opensearch.geospatial.ip2geo.jobscheduler.DatasourceRunner
4743:             1             40  org.opensearch.geospatial.ip2geo.listener.Ip2GeoListener
4744:             1             40  org.opensearch.http.CorsHandler$Config
4745:             1             40  org.opensearch.index.engine.EngineConfig$1
4746:             1             40  org.opensearch.index.flush.FlushStats
4747:             1             40  org.opensearch.index.mapper.DataStreamFieldMapper$DataStreamFieldType
4748:             1             40  org.opensearch.index.mapper.DocCountFieldMapper$DocCountFieldType
4749:             1             40  org.opensearch.index.mapper.IgnoredFieldMapper$IgnoredFieldType
4750:             1             40  org.opensearch.index.mapper.IndexFieldMapper$IndexFieldType
4751:             1             40  org.opensearch.index.mapper.NumberFieldMapper$NumberType$1
4752:             1             40  org.opensearch.index.mapper.NumberFieldMapper$NumberType$2
4753:             1             40  org.opensearch.index.mapper.NumberFieldMapper$NumberType$3
4754:             1             40  org.opensearch.index.mapper.NumberFieldMapper$NumberType$4
4755:             1             40  org.opensearch.index.mapper.NumberFieldMapper$NumberType$5
4756:             1             40  org.opensearch.index.mapper.NumberFieldMapper$NumberType$6
4757:             1             40  org.opensearch.index.mapper.NumberFieldMapper$NumberType$7
4758:             1             40  org.opensearch.index.mapper.NumberFieldMapper$NumberType$8
4759:             1             40  org.opensearch.index.mapper.RangeType$1
4760:             1             40  org.opensearch.index.mapper.RangeType$2
4761:             1             40  org.opensearch.index.mapper.RangeType$3
4762:             1             40  org.opensearch.index.mapper.RangeType$4
4763:             1             40  org.opensearch.index.mapper.RangeType$5
4764:             1             40  org.opensearch.index.mapper.RangeType$6
4765:             1             40  org.opensearch.index.mapper.RankFeatureMetaFieldMapper$RankFeatureMetaFieldType
4766:             1             40  org.opensearch.index.mapper.RoutingFieldMapper$RoutingFieldType
4767:             1             40  org.opensearch.index.mapper.SeqNoFieldMapper$SeqNoFieldType
4768:             1             40  org.opensearch.index.mapper.VersionFieldMapper$VersionFieldType
4769:             1             40  org.opensearch.index.rankeval.TransportRankEvalAction
4770:             1             40  org.opensearch.index.recovery.RemoteStoreRestoreService
4771:             1             40  org.opensearch.index.reindex.Reindexer
4772:             1             40  org.opensearch.index.reindex.TransportReindexAction
4773:             1             40  org.opensearch.indexmanagement.controlcenter.notification.action.delete.TransportDeleteLRONConfigAction
4774:             1             40  org.opensearch.indexmanagement.controlcenter.notification.action.get.TransportGetLRONConfigAction
4775:             1             40  org.opensearch.indexmanagement.indexstatemanagement.PluginVersionSweepCoordinator
4776:             1             40  org.opensearch.indexmanagement.indexstatemanagement.transport.action.removepolicy.TransportRemovePolicyAction
4777:             1             40  org.opensearch.indexmanagement.indexstatemanagement.transport.action.retryfailedmanagedindex.TransportRetryFailedManagedIndexAction
4778:             1             40  org.opensearch.indexmanagement.rollup.interceptor.RollupInterceptor
4779:             1             40  org.opensearch.indexmanagement.transform.TransformSearchService
4780:             1             40  org.opensearch.indexmanagement.transform.TransformValidator
4781:             1             40  org.opensearch.indices.IndicesQueryCache
4782:             1             40  org.opensearch.indices.IndicesRequestCache
4783:             1             40  org.opensearch.indices.IndicesRequestCache$IndicesRequestCacheCleanupManager
4784:             1             40  org.opensearch.indices.IndicesService$OldShardsStats
4785:             1             40  org.opensearch.indices.breaker.BreakerSettings
4786:             1             40  org.opensearch.indices.breaker.HierarchyCircuitBreakerService
4787:             1             40  org.opensearch.indices.recovery.PeerRecoverySourceService
4788:             1             40  org.opensearch.indices.replication.SegmentReplicationSourceService
4789:             1             40  org.opensearch.indices.store.IndicesStore
4790:             1             40  org.opensearch.ingest.common.GrokProcessorGetAction$TransportAction
4791:             1             40  org.opensearch.jobscheduler.JobSchedulerPlugin
4792:             1             40  org.opensearch.knn.index.codec.KNN86Codec.KNN86Codec
4793:             1             40  org.opensearch.knn.index.codec.KNN920Codec.KNN920PerFieldKnnVectorsFormat
4794:             1             40  org.opensearch.knn.index.codec.KNN940Codec.KNN940PerFieldKnnVectorsFormat
4795:             1             40  org.opensearch.knn.index.codec.KNN950Codec.KNN950PerFieldKnnVectorsFormat
4796:             1             40  org.opensearch.knn.index.codec.KNN990Codec.KNN990PerFieldKnnVectorsFormat
4797:             1             40  org.opensearch.knn.index.util.Faiss
4798:             1             40  org.opensearch.knn.plugin.transport.TrainingJobRouterTransportAction
4799:             1             40  org.opensearch.ml.action.agents.DeleteAgentTransportAction
4800:             1             40  org.opensearch.ml.action.agents.GetAgentTransportAction
4801:             1             40  org.opensearch.ml.action.agents.TransportRegisterAgentAction
4802:             1             40  org.opensearch.ml.action.config.GetConfigTransportAction
4803:             1             40  org.opensearch.ml.action.connector.DeleteConnectorTransportAction
4804:             1             40  org.opensearch.ml.action.connector.GetConnectorTransportAction
4805:             1             40  org.opensearch.ml.action.connector.SearchConnectorTransportAction
4806:             1             40  org.opensearch.ml.action.execute.TransportExecuteTaskAction
4807:             1             40  org.opensearch.ml.action.model_group.SearchModelGroupTransportAction
4808:             1             40  org.opensearch.ml.action.tasks.DeleteTaskTransportAction
4809:             1             40  org.opensearch.ml.action.tasks.GetTaskTransportAction
4810:             1             40  org.opensearch.ml.action.training.TransportTrainingTaskAction
4811:             1             40  org.opensearch.ml.action.trainpredict.TransportTrainAndPredictionTaskAction
4812:             1             40  org.opensearch.ml.action.upload_chunk.TransportUploadModelChunkAction
4813:             1             40  org.opensearch.ml.cluster.DiscoveryNodeHelper
4814:             1             40  org.opensearch.ml.engine.algorithms.agent.MLAgentExecutor
4815:             1             40  org.opensearch.ml.memory.action.conversation.CreateConversationTransportAction
4816:             1             40  org.opensearch.ml.memory.action.conversation.CreateInteractionTransportAction
4817:             1             40  org.opensearch.ml.memory.action.conversation.DeleteConversationTransportAction
4818:             1             40  org.opensearch.ml.memory.action.conversation.GetConversationTransportAction
4819:             1             40  org.opensearch.ml.memory.action.conversation.GetConversationsTransportAction
4820:             1             40  org.opensearch.ml.memory.action.conversation.GetInteractionTransportAction
4821:             1             40  org.opensearch.ml.memory.action.conversation.GetInteractionsTransportAction
4822:             1             40  org.opensearch.ml.memory.action.conversation.GetTracesTransportAction
4823:             1             40  org.opensearch.ml.memory.action.conversation.SearchConversationsTransportAction
4824:             1             40  org.opensearch.ml.memory.action.conversation.SearchInteractionsTransportAction
4825:             1             40  org.opensearch.ml.memory.action.conversation.UpdateConversationTransportAction
4826:             1             40  org.opensearch.ml.memory.action.conversation.UpdateInteractionTransportAction
4827:             1             40  org.opensearch.ml.rest.RestMLSearchAgentAction
4828:             1             40  org.opensearch.ml.rest.RestMLSearchConnectorAction
4829:             1             40  org.opensearch.ml.rest.RestMLSearchModelAction
4830:             1             40  org.opensearch.ml.rest.RestMLSearchModelGroupAction
4831:             1             40  org.opensearch.ml.rest.RestMLSearchTaskAction
4832:             1             40  org.opensearch.ml.rest.RestMLStatsAction
4833:             1             40  org.opensearch.ml.rest.RestMemorySearchConversationsAction
4834:             1             40  org.opensearch.monitor.MonitorService
4835:             1             40  org.opensearch.monitor.fs.FsService$FsInfoCache
4836:             1             40  org.opensearch.monitor.jvm.HotThreads
4837:             1             40  org.opensearch.monitor.process.ProcessService$ProcessStatsCache
4838:             1             40  org.opensearch.node.ResourceUsageCollectorService
4839:             1             40  org.opensearch.node.resource.tracker.AverageCpuUsageTracker
4840:             1             40  org.opensearch.node.resource.tracker.AverageMemoryUsageTracker
4841:             1             40  org.opensearch.node.resource.tracker.ResourceTrackerSettings
4842:             1             40  org.opensearch.notifications.action.CreateNotificationConfigAction
4843:             1             40  org.opensearch.notifications.action.DeleteNotificationConfigAction
4844:             1             40  org.opensearch.notifications.action.GetChannelListAction
4845:             1             40  org.opensearch.notifications.action.GetNotificationConfigAction
4846:             1             40  org.opensearch.notifications.action.GetPluginFeaturesAction
4847:             1             40  org.opensearch.notifications.action.PublishNotificationAction
4848:             1             40  org.opensearch.notifications.action.SendNotificationAction
4849:             1             40  org.opensearch.notifications.action.SendTestNotificationAction
4850:             1             40  org.opensearch.notifications.action.UpdateNotificationConfigAction
4851:             1             40  org.opensearch.observability.action.CreateObservabilityObjectAction
4852:             1             40  org.opensearch.observability.action.DeleteObservabilityObjectAction
4853:             1             40  org.opensearch.observability.action.GetObservabilityObjectAction
4854:             1             40  org.opensearch.observability.action.UpdateObservabilityObjectAction
4855:             1             40  org.opensearch.performanceanalyzer.config.setting.ClusterSettingsManager
4856:             1             40  org.opensearch.ratelimitting.admissioncontrol.AdmissionControlService
4857:             1             40  org.opensearch.replication.ReplicationPlugin
4858:             1             40  org.opensearch.replication.action.autofollow.TransportUpdateAutoFollowPatternAction
4859:             1             40  org.opensearch.replication.action.setup.TransportSetupChecksAction
4860:             1             40  org.opensearch.replication.action.setup.TransportValidatePermissionsAction
4861:             1             40  org.opensearch.replication.task.autofollow.AutoFollowExecutor
4862:             1             40  org.opensearch.reportsscheduler.action.CreateReportDefinitionAction
4863:             1             40  org.opensearch.reportsscheduler.action.DeleteReportDefinitionAction
4864:             1             40  org.opensearch.reportsscheduler.action.GetAllReportDefinitionsAction
4865:             1             40  org.opensearch.reportsscheduler.action.GetAllReportInstancesAction
4866:             1             40  org.opensearch.reportsscheduler.action.GetReportDefinitionAction
4867:             1             40  org.opensearch.reportsscheduler.action.GetReportInstanceAction
4868:             1             40  org.opensearch.reportsscheduler.action.InContextReportCreateAction
4869:             1             40  org.opensearch.reportsscheduler.action.OnDemandReportCreateAction
4870:             1             40  org.opensearch.reportsscheduler.action.UpdateReportDefinitionAction
4871:             1             40  org.opensearch.reportsscheduler.action.UpdateReportInstanceStatusAction
4872:             1             40  org.opensearch.repositories.s3.async.TransferSemaphoresHolder
4873:             1             40  org.opensearch.rest.RestController
4874:             1             40  org.opensearch.script.ScriptService
4875:             1             40  org.opensearch.script.mustache.TransportMultiSearchTemplateAction
4876:             1             40  org.opensearch.script.mustache.TransportRenderSearchTemplateAction
4877:             1             40  org.opensearch.script.mustache.TransportSearchTemplateAction
4878:             1             40  org.opensearch.search.SearchHits
4879:             1             40  org.opensearch.search.SearchService$SearchOperationListenerExecutor
4880:             1             40  org.opensearch.search.aggregations.MultiBucketConsumerService$MultiBucketConsumer
4881:             1             40  org.opensearch.search.aggregations.metrics.MaxAggregatorFactory
4882:             1             40  org.opensearch.search.backpressure.settings.SearchBackpressureSettings
4883:             1             40  org.opensearch.search.query.TopDocsCollectorContext$EmptyTopDocsCollectorContext
4884:             1             40  org.opensearch.security.action.whoami.TransportWhoAmIAction
4885:             1             40  org.opensearch.security.configuration.AdminDNs
4886:             1             40  org.opensearch.security.configuration.ClusterInfoHolder
4887:             1             40  org.opensearch.security.configuration.ConfigurationLoaderSecurity7
4888:             1             40  org.opensearch.security.configuration.DlsFlsValveImpl
4889:             1             40  org.opensearch.security.dlic.rest.api.PermissionsInfoAction
4890:             1             40  org.opensearch.security.dlic.rest.api.SecurityApiDependencies
4891:             1             40  org.opensearch.security.privileges.ProtectedIndexAccessEvaluator
4892:             1             40  org.opensearch.security.rest.SecurityConfigUpdateAction
4893:             1             40  org.opensearch.security.ssl.rest.SecuritySSLInfoAction
4894:             1             40  org.opensearch.security.user.UserService
4895:             1             40  org.opensearch.securityanalytics.correlation.index.codec.correlation950.PerFieldCorrelationVectorsFormat950
4896:             1             40  org.opensearch.securityanalytics.correlation.index.codec.correlation990.PerFieldCorrelationVectorsFormat990
4897:             1             40  org.opensearch.securityanalytics.threatIntel.action.TransportPutTIFJobAction
4898:             1             40  org.opensearch.securityanalytics.threatIntel.jobscheduler.TIFJobRunner
4899:             1             40  org.opensearch.securityanalytics.transport.TransportCreateIndexMappingsAction
4900:             1             40  org.opensearch.securityanalytics.transport.TransportDeleteCorrelationRuleAction
4901:             1             40  org.opensearch.securityanalytics.transport.TransportGetAllRuleCategoriesAction
4902:             1             40  org.opensearch.securityanalytics.transport.TransportGetIndexMappingsAction
4903:             1             40  org.opensearch.securityanalytics.transport.TransportGetMappingsViewAction
4904:             1             40  org.opensearch.securityanalytics.transport.TransportIndexCorrelationRuleAction
4905:             1             40  org.opensearch.securityanalytics.transport.TransportUpdateIndexMappingsAction
4906:             1             40  org.opensearch.securityanalytics.transport.TransportValidateRulesAction
4907:             1             40  org.opensearch.sql.datasources.transport.TransportCreateDataSourceAction
4908:             1             40  org.opensearch.sql.plugin.transport.TransportPPLQueryAction
4909:             1             40  org.opensearch.sql.spark.transport.TransportCreateAsyncQueryRequestAction
4910:             1             40  org.opensearch.tasks.consumer.TopNSearchTasksLogger
4911:             1             40  org.opensearch.threadpool.ThreadPool
4912:             1             40  org.opensearch.timeseries.cluster.ADDataMigrator
4913:             1             40  org.opensearch.timeseries.cluster.ClusterManagerEventListener$$Lambda/0x00007fcd28a42990
4914:             1             40  org.opensearch.transport.ConnectionProfile
4915:             1             40  org.opensearch.transport.RemoteClusterService
4916:             1             40  org.opensearch.transport.RemoteConnectionStrategy$ConnectionStrategy$1
4917:             1             40  org.opensearch.transport.RemoteConnectionStrategy$ConnectionStrategy$2
4918:             1             40  org.opensearch.transport.TransportKeepAlive
4919:             1             40  org.opensearch.transport.netty4.ssl.SecureNetty4Transport$SSLServerChannelInitializer
4920:             1             40  org.opensearch.watcher.ResourceWatcherService
4921:             1             40  org.yaml.snakeyaml.LoaderOptions
4922:             1             40  sun.nio.cs.StandardCharsets$Aliases (java.base@21.0.3)
4923:             1             40  sun.nio.cs.StandardCharsets$Cache (java.base@21.0.3)
4924:             1             40  sun.nio.cs.UTF_8$Decoder (java.base@21.0.3)
4925:             1             40  sun.security.ec.ECOperations (jdk.crypto.ec@21.0.3)
4926:             1             40  sun.security.ssl.TrustStoreManager$TrustStoreDescriptor (java.base@21.0.3)
4927:             1             40  sun.security.util.KnownOIDs$1 (java.base@21.0.3)
4928:             1             40  sun.security.util.KnownOIDs$10 (java.base@21.0.3)
4929:             1             40  sun.security.util.KnownOIDs$2 (java.base@21.0.3)
4930:             1             40  sun.security.util.KnownOIDs$3 (java.base@21.0.3)
4931:             1             40  sun.security.util.KnownOIDs$4 (java.base@21.0.3)
4932:             1             40  sun.security.util.KnownOIDs$5 (java.base@21.0.3)
4933:             1             40  sun.security.util.KnownOIDs$6 (java.base@21.0.3)
4934:             1             40  sun.security.util.KnownOIDs$7 (java.base@21.0.3)
4935:             1             40  sun.security.util.KnownOIDs$8 (java.base@21.0.3)
4936:             1             40  sun.security.util.KnownOIDs$9 (java.base@21.0.3)
4937:             1             40  sun.text.resources.BreakIteratorInfo (java.base@21.0.3)
4938:             1             40  sun.text.resources.BreakIteratorResources (java.base@21.0.3)
4939:             1             40  sun.text.resources.ext.BreakIteratorInfo_th (jdk.localedata@21.0.3)
4940:             1             40  sun.text.resources.ext.BreakIteratorResources_th (jdk.localedata@21.0.3)
4941:             1             40  sun.util.locale.InternalLocaleBuilder (java.base@21.0.3)
4942:             1             40  sun.util.resources.Bundles$1 (java.base@21.0.3)
4943:             1             32  [Lcom.fasterxml.jackson.core.Base64Variant$PaddingReadBehaviour;
4944:             1             32  [Lcom.fasterxml.jackson.core.StreamReadCapability;
4945:             1             32  [Lcom.fasterxml.jackson.core.util.Separators$Spacing;
4946:             1             32  [Lcom.fasterxml.jackson.databind.annotation.JsonSerialize$Typing;
4947:             1             32  [Lcom.fasterxml.jackson.databind.cfg.ConstructorDetector$SingleArgConstructor;
4948:             1             32  [Lcom.fasterxml.jackson.databind.cfg.JsonNodeFeature;
4949:             2             32  [Lcom.fasterxml.jackson.databind.deser.Deserializers;
4950:             2             32  [Lcom.fasterxml.jackson.databind.deser.Deserializers;
4951:             2             32  [Lcom.fasterxml.jackson.databind.deser.Deserializers;
4952:             1             32  [Lcom.fasterxml.jackson.databind.util.AccessPattern;
4953:             1             32  [Lcom.fasterxml.jackson.databind.util.internal.PrivateMaxEntriesMap$DrainStatus;
4954:             1             32  [Lcom.fasterxml.jackson.databind.util.internal.PrivateMaxEntriesMap$DrainStatus;
4955:             1             32  [Lcom.fasterxml.jackson.databind.util.internal.PrivateMaxEntriesMap$DrainStatus;
4956:             1             32  [Lcom.google.common.cache.LocalCache$Segment;
4957:             1             32  [Lcom.google.common.cache.LocalCache$Strength;
4958:             1             32  [Lcom.google.common.cache.LocalCache$Strength;
4959:             1             32  [Lcom.google.common.cache.LocalCache$Strength;
4960:             1             32  [Lcom.google.common.cache.LocalCache$Strength;
4961:             1             32  [Lcom.google.common.collect.AbstractIterator$State;
4962:             1             32  [Lcom.google.common.collect.AbstractIterator$State;
4963:             1             32  [Lcom.google.gson.ToNumberPolicy;
4964:             1             32  [Lcom.password4j.types.Bcrypt;
4965:             1             32  [Lio.netty.handler.codec.base64.Base64Dialect;
4966:             1             32  [Lio.netty.handler.ssl.ApplicationProtocolConfig$Protocol;
4967:             1             32  [Lio.netty.handler.ssl.ApplicationProtocolConfig$SelectedListenerFailureBehavior;
4968:             1             32  [Lio.netty.handler.ssl.ApplicationProtocolConfig$SelectorFailureBehavior;
4969:             1             32  [Lio.netty.handler.ssl.SslHandler$SslEngineType;
4970:             1             32  [Lio.netty.handler.ssl.SslProvider;
4971:             1             32  [Lio.netty.util.ResourceLeakDetector$Level;
4972:             1             32  [Ljava.lang.ProcessImpl$LaunchMechanism; (java.base@21.0.3)
4973:             1             32  [Ljava.lang.StackStreamFactory$WalkerState; (java.base@21.0.3)
4974:             1             32  [Ljava.lang.ThreadGroup; (java.base@21.0.3)
4975:             2             32  [Ljava.lang.Throwable; (java.base@21.0.3)
4976:             1             32  [Ljava.lang.invoke.MethodHandleImpl$ArrayAccess; (java.base@21.0.3)
4977:             1             32  [Ljava.lang.module.ModuleDescriptor$Modifier; (java.base@21.0.3)
4978:             1             32  [Ljava.lang.module.ModuleDescriptor$Requires$Modifier; (java.base@21.0.3)
4979:             1             32  [Ljava.lang.ref.WeakReference; (java.base@21.0.3)
4980:             2             32  [Ljava.net.NetworkInterface; (java.base@21.0.3)
4981:             1             32  [Ljava.net.StandardProtocolFamily; (java.base@21.0.3)
4982:             1             32  [Ljava.nio.file.AccessMode; (java.base@21.0.3)
4983:             1             32  [Ljava.nio.file.FileTreeWalker$EventType; (java.base@21.0.3)
4984:             1             32  [Ljava.nio.file.FileVisitResult; (java.base@21.0.3)
4985:             1             32  [Ljava.nio.file.StandardCopyOption; (java.base@21.0.3)
4986:             1             32  [Ljava.text.Normalizer$Form; (java.base@21.0.3)
4987:             1             32  [Ljava.time.format.DateTimeFormatterBuilder$SettingsParser; (java.base@21.0.3)
4988:             1             32  [Ljava.time.format.FormatStyle; (java.base@21.0.3)
4989:             1             32  [Ljava.time.format.ResolverStyle; (java.base@21.0.3)
4990:             1             32  [Ljava.time.temporal.IsoFields$Field; (java.base@21.0.3)
4991:             1             32  [Ljava.time.temporal.JulianFields$Field; (java.base@21.0.3)
4992:             1             32  [Ljava.time.zone.ZoneOffsetTransitionRule$TimeDefinition; (java.base@21.0.3)
4993:             1             32  [Ljava.util.regex.Pattern$Qtype; (java.base@21.0.3)
4994:             1             32  [Ljava.util.stream.MatchOps$MatchKind; (java.base@21.0.3)
4995:             1             32  [Ljava.util.stream.StreamShape; (java.base@21.0.3)
4996:             1             32  [Ljava.util.zip.ZipCoder$Comparison; (java.base@21.0.3)
4997:             1             32  [Ljavax.net.ssl.SSLEngineResult$Status; (java.base@21.0.3)
4998:             1             32  [Ljdk.internal.icu.util.CodePointTrie$ValueWidth; (java.base@21.0.3)
4999:             1             32  [Ljdk.internal.logger.BootstrapLogger$LoggingBackend; (java.base@21.0.3)
5000:             1             32  [Ljdk.internal.module.ServicesCatalog; (java.base@21.0.3)
5001:             1             32  [Lkotlin.coroutines.intrinsics.CoroutineSingletons;
5002:             1             32  [Lkotlinx.coroutines.CoroutineStart;
5003:             1             32  [Lorg.apache.logging.log4j.core.config.LoggerConfig$LoggerConfigPredicate;
5004:             1             32  [Lorg.apache.logging.log4j.core.util.datetime.FixedDateFormat$FixedTimeZoneFormat;
5005:             1             32  [Lorg.apache.lucene.codecs.lucene90.IndexedDISI$Method;
5006:             1             32  [Lorg.apache.lucene.codecs.lucene90.compressing.Lucene90CompressingStoredFieldsWriter$MergeStrategy;
5007:             1             32  [Lorg.apache.lucene.index.IndexWriterConfig$OpenMode;
5008:             1             32  [Lorg.apache.lucene.index.PointValues$Relation;
5009:             1             32  [Lorg.apache.lucene.index.StoredFieldVisitor$Status;
5010:             1             32  [Lorg.apache.lucene.index.TermsEnum$SeekStatus;
5011:             1             32  [Lorg.apache.lucene.index.TieredMergePolicy$MERGE_TYPE;
5012:             1             32  [Lorg.apache.lucene.index.VectorSimilarityFunction;
5013:             1             32  [Lorg.apache.lucene.search.Pruning;
5014:             1             32  [Lorg.apache.lucene.search.suggest.document.CompletionPostingsFormat$FSTLoadMode;
5015:             1             32  [Lorg.apache.lucene.store.IOContext$Context;
5016:             1             32  [Lorg.apache.lucene.util.automaton.CompiledAutomaton$AUTOMATON_TYPE;
5017:             1             32  [Lorg.apache.lucene.util.fst.FST$INPUT_TYPE;
5018:             1             32  [Lorg.bouncycastle.crypto.params.DHParameters;
5019:             1             32  [Lorg.bouncycastle.crypto.params.DSAParameters;
5020:             1             32  [Lorg.greenrobot.eventbus.SubscriberMethodFinder$FindState;
5021:             1             32  [Lorg.joni.ast.CClassNode$CCSTATE;
5022:             1             32  [Lorg.joni.ast.CClassNode$CCVALTYPE;
5023:             1             32  [Lorg.locationtech.spatial4j.context.jts.DatelineRule;
5024:             1             32  [Lorg.locationtech.spatial4j.context.jts.ValidationRule;
5025:             1             32  [Lorg.opensearch.action.DocWriteRequest$OpType;
5026:             1             32  [Lorg.opensearch.action.support.ActionFilter;
5027:             1             32  [Lorg.opensearch.action.support.WriteRequest$RefreshPolicy;
5028:             1             32  [Lorg.opensearch.action.support.replication.ReplicationMode;
5029:             1             32  [Lorg.opensearch.cli.Terminal$Verbosity;
5030:             1             32  [Lorg.opensearch.cluster.NodeConnectionsService$ActivityType;
5031:             1             32  [Lorg.opensearch.cluster.coordination.Coordinator$Mode;
5032:             1             32  [Lorg.opensearch.cluster.metadata.IndexAbstraction$Type;
5033:             1             32  [Lorg.opensearch.cluster.routing.ShardRoutingState;
5034:             1             32  [Lorg.opensearch.cluster.routing.allocation.decider.ClusterRebalanceAllocationDecider$ClusterRebalanceType;
5035:             1             32  [Lorg.opensearch.common.cache.Cache$State;
5036:             1             32  [Lorg.opensearch.common.geo.ShapeRelation;
5037:             1             32  [Lorg.opensearch.common.inject.Stage;
5038:             1             32  [Lorg.opensearch.common.inject.internal.Errors$Converter;
5039:             1             32  [Lorg.opensearch.common.lifecycle.Lifecycle$State;
5040:             1             32  [Lorg.opensearch.common.ssl.SslClientAuthenticationMode;
5041:             1             32  [Lorg.opensearch.common.ssl.SslVerificationMode;
5042:             1             32  [Lorg.opensearch.common.xcontent.XContentType;
5043:             1             32  [Lorg.opensearch.core.common.breaker.CircuitBreaker$Type;
5044:             1             32  [Lorg.opensearch.flowframework.indices.FlowFrameworkIndex;
5045:             1             32  [Lorg.opensearch.forecast.model.ForecastTaskType;
5046:             1             32  [Lorg.opensearch.forecast.transport.SuggestName;
5047:             1             32  [Lorg.opensearch.index.IndexSettings$IndexMergePolicy;
5048:             1             32  [Lorg.opensearch.index.VersionType;
5049:             1             32  [Lorg.opensearch.index.analysis.AnalysisMode;
5050:             1             32  [Lorg.opensearch.index.analysis.AnalyzerScope;
5051:             1             32  [Lorg.opensearch.index.codec.customcodecs.backward_codecs.Lucene95CustomCodec$Mode;
5052:             1             32  [Lorg.opensearch.index.engine.Engine$Result$Type;
5053:             1             32  [Lorg.opensearch.index.mapper.MappedFieldType$Relation;
5054:             1             32  [Lorg.opensearch.index.mapper.MapperService$MergeReason;
5055:             1             32  [Lorg.opensearch.index.mapper.ObjectMapper$Dynamic;
5056:             1             32  [Lorg.opensearch.index.mapper.RangeType$LengthType;
5057:             1             32  [Lorg.opensearch.index.remote.RemoteStorePressureService$LagValidator;
5058:             1             32  [Lorg.opensearch.index.search.MatchQuery$Type;
5059:             1             32  [Lorg.opensearch.index.search.MatchQuery$ZeroTermsQuery;
5060:             1             32  [Lorg.opensearch.index.shard.IndexShard$ShardMigrationState;
5061:             1             32  [Lorg.opensearch.index.translog.Translog$Operation$Type;
5062:             1             32  [Lorg.opensearch.indexmanagement.indexstatemanagement.util.MetadataCheck;
5063:             1             32  [Lorg.opensearch.indices.IndicesService$ShardDeletionCheckResult;
5064:             1             32  [Lorg.opensearch.indices.analysis.PreBuiltCacheFactory$CachingStrategy;
5065:             1             32  [Lorg.opensearch.indices.recovery.MultiChunkTransfer$Status;
5066:             1             32  [Lorg.opensearch.knn.index.util.KNNEngine;
5067:             1             32  [Lorg.opensearch.ml.breaker.BreakerName;
5068:             1             32  [Lorg.opensearch.monitor.jvm.JvmGcMonitorService$JvmMonitor$Threshold;
5069:             1             32  [Lorg.opensearch.painless.CompilerSettings$RegexEnabled;
5070:             1             32  [Lorg.opensearch.performanceanalyzer.commons.collectors.PerformanceAnalyzerMetricsCollector$State;
5071:             1             32  [Lorg.opensearch.performanceanalyzer.commons.stats.metrics.StatsType;
5072:             1             32  [Lorg.opensearch.performanceanalyzer.commons.util.Util$CollectorMode;
5073:             1             32  [Lorg.opensearch.ratelimitting.admissioncontrol.enums.AdmissionControlActionType;
5074:             1             32  [Lorg.opensearch.ratelimitting.admissioncontrol.enums.AdmissionControlMode;
5075:             2             32  [Lorg.opensearch.search.SearchHit;
5076:             1             32  [Lorg.opensearch.search.backpressure.settings.SearchBackpressureMode;
5077:             1             32  [Lorg.opensearch.security.auditlog.AuditLog$Origin;
5078:             1             32  [Lorg.opensearch.security.configuration.DlsFlsValveImpl$Mode;
5079:             1             32  [Lorg.opensearch.security.support.Base64CustomHelper$CustomSerializationFormat;
5080:             1             32  [Lorg.opensearch.securityanalytics.util.ThrowableCheckingPredicates;
5081:             1             32  [Lorg.opensearch.semver.SemverRange$RangeOperator;
5082:             1             32  [Lorg.opensearch.sql.datasource.model.DataSourceType;
5083:             1             32  [Lorg.opensearch.telemetry.tracing.SpanKind;
5084:             1             32  [Lorg.opensearch.threadpool.ThreadPool$ThreadPoolType;
5085:             1             32  [Lorg.opensearch.timeseries.stats.StatType;
5086:             1             32  [Lorg.opensearch.transport.netty4.ssl.SecureConnectionTestUtil$SSLConnectionTestResult;
5087:             1             32  [Lorg.opensearch.watcher.ResourceWatcherService$Frequency;
5088:             1             32  [Lorg.yaml.snakeyaml.DumperOptions$FlowStyle;
5089:             1             32  [Lorg.yaml.snakeyaml.comments.CommentType;
5090:             1             32  [Lorg.yaml.snakeyaml.nodes.NodeId;
5091:             1             32  [Lsun.security.provider.NativePRNG$Variant; (java.base@21.0.3)
5092:             1             32  [Lsun.security.ssl.CipherSuite$HashAlg; (java.base@21.0.3)
5093:             1             32  [Lsun.security.ssl.CipherType; (java.base@21.0.3)
5094:             1             32  [Lsun.security.ssl.ClientAuthType; (java.base@21.0.3)
5095:             1             32  [Lsun.security.ssl.ECPointFormatsExtension$ECPointFormat; (java.base@21.0.3)
5096:             1             32  [Lsun.security.ssl.Finished$VerifyDataScheme; (java.base@21.0.3)
5097:             1             32  [Lsun.security.ssl.SSLTrafficKeyDerivation; (java.base@21.0.3)
5098:             1             32  [Lsun.security.ssl.SignatureScheme$SigAlgParamSpec; (java.base@21.0.3)
5099:             1             32  [[Lsun.security.ec.point.ProjectivePoint$Immutable; (jdk.crypto.ec@21.0.3)
5100:             1             32  com.amazon.dlic.auth.http.jwt.keybyoidc.JwtVerifier
5101:             1             32  com.amazon.dlic.auth.http.kerberos.HTTPSpnegoAuthenticator
5102:             1             32  com.fasterxml.jackson.annotation.JsonInclude$Value
5103:             1             32  com.fasterxml.jackson.annotation.JsonInclude$Value
5104:             1             32  com.fasterxml.jackson.databind.cfg.CoercionConfigs
5105:             1             32  com.fasterxml.jackson.databind.cfg.DatatypeFeatures
5106:             1             32  com.fasterxml.jackson.databind.cfg.DatatypeFeatures
5107:             1             32  com.fasterxml.jackson.databind.cfg.DatatypeFeatures
5108:             1             32  com.fasterxml.jackson.databind.cfg.DeserializerFactoryConfig
5109:             1             32  com.fasterxml.jackson.databind.cfg.DeserializerFactoryConfig
5110:             1             32  com.fasterxml.jackson.databind.cfg.DeserializerFactoryConfig
5111:             1             32  com.fasterxml.jackson.databind.deser.std.JsonNodeDeserializer
5112:             1             32  com.fasterxml.jackson.databind.introspect.AnnotatedParameter
5113:             1             32  com.fasterxml.jackson.databind.introspect.DefaultAccessorNamingStrategy$Provider
5114:             1             32  com.fasterxml.jackson.databind.introspect.DefaultAccessorNamingStrategy$Provider
5115:             1             32  com.fasterxml.jackson.databind.introspect.DefaultAccessorNamingStrategy$Provider
5116:             2             32  com.fasterxml.jackson.databind.node.BooleanNode
5117:             2             32  com.fasterxml.jackson.databind.ser.impl.PropertySerializerMap$Empty
5118:             1             32  com.fasterxml.jackson.databind.ser.std.CalendarSerializer
5119:             1             32  com.fasterxml.jackson.databind.ser.std.CalendarSerializer
5120:             1             32  com.fasterxml.jackson.databind.ser.std.CalendarSerializer
5121:             1             32  com.fasterxml.jackson.databind.ser.std.DateSerializer
5122:             1             32  com.fasterxml.jackson.databind.ser.std.DateSerializer
5123:             1             32  com.fasterxml.jackson.databind.ser.std.DateSerializer
5124:             1             32  com.fasterxml.jackson.databind.ser.std.NumberSerializers$FloatSerializer
5125:             1             32  com.fasterxml.jackson.databind.ser.std.NumberSerializers$FloatSerializer
5126:             1             32  com.fasterxml.jackson.databind.ser.std.NumberSerializers$FloatSerializer
5127:             1             32  com.fasterxml.jackson.databind.ser.std.NumberSerializers$IntLikeSerializer
5128:             1             32  com.fasterxml.jackson.databind.ser.std.NumberSerializers$IntLikeSerializer
5129:             1             32  com.fasterxml.jackson.databind.ser.std.NumberSerializers$IntLikeSerializer
5130:             1             32  com.fasterxml.jackson.databind.ser.std.NumberSerializers$ShortSerializer
5131:             1             32  com.fasterxml.jackson.databind.ser.std.NumberSerializers$ShortSerializer
5132:             1             32  com.fasterxml.jackson.databind.ser.std.NumberSerializers$ShortSerializer
5133:             1             32  com.fasterxml.jackson.databind.type.TypeBindings
5134:             1             32  com.fasterxml.jackson.databind.type.TypeBindings
5135:             1             32  com.fasterxml.jackson.databind.type.TypeFactory
5136:             1             32  com.fasterxml.jackson.databind.type.TypeFactory
5137:             1             32  com.fasterxml.jackson.databind.type.TypeFactory
5138:             1             32  com.fasterxml.jackson.dataformat.smile.SmileParser$Feature
5139:             2             32  com.google.common.cache.LocalCache$AccessQueue
5140:             2             32  com.google.common.cache.LocalCache$LocalManualCache
5141:             2             32  com.google.common.cache.LocalCache$Values
5142:             1             32  com.google.common.collect.Iterators$ArrayItr
5143:             1             32  com.google.common.collect.Iterators$ArrayItr
5144:             1             32  com.google.common.collect.Iterators$ArrayItr
5145:             1             32  com.google.common.collect.Iterators$ArrayItr
5146:             1             32  com.google.common.collect.Iterators$ArrayItr
5147:             2             32  com.google.common.collect.RegularImmutableList
5148:             2             32  com.google.gson.internal.$Gson$Types$GenericArrayTypeImpl
5149:             1             32  com.google.gson.internal.bind.ReflectiveTypeAdapterFactory
5150:             1             32  com.sun.jmx.mbeanserver.Repository (java.management@21.0.3)
5151:             1             32  com.sun.jna.Library$Handler
5152:             1             32  com.sun.jna.Memory
5153:             1             32  com.sun.jna.Structure$AutoAllocated
5154:             1             32  com.sun.management.internal.OperatingSystemImpl (jdk.management@21.0.3)
5155:             2             32  io.netty.bootstrap.ServerBootstrapConfig
5156:             2             32  io.netty.buffer.PooledByteBufAllocator$1
5157:             2             32  io.netty.buffer.PooledByteBufAllocatorMetric
5158:             1             32  io.netty.channel.nio.NioEventLoopGroup
5159:             1             32  io.netty.handler.ssl.ApplicationProtocolConfig
5160:             2             32  io.netty.handler.ssl.EnhancingX509ExtendedTrustManager
5161:             2             32  io.netty.handler.ssl.IdentityCipherSuiteFilter
5162:             1             32  io.netty.handler.ssl.SslHandler$SslEngineType$1
5163:             1             32  io.netty.handler.ssl.SslHandler$SslEngineType$2
5164:             1             32  io.netty.handler.ssl.SslHandler$SslEngineType$3
5165:             1             32  io.netty.util.AsciiString
5166:             1             32  io.netty.util.concurrent.DefaultThreadFactory
5167:             1             32  io.netty.util.concurrent.DefaultThreadFactory
5168:             1             32  io.netty.util.internal.RecyclableArrayList
5169:             2             32  io.netty.util.internal.logging.Slf4JLoggerFactory
5170:             1             32  io.protostuff.WireFormat$FieldType$1
5171:             1             32  io.protostuff.WireFormat$FieldType$2
5172:             1             32  io.protostuff.WireFormat$FieldType$3
5173:             1             32  io.protostuff.WireFormat$FieldType$4
5174:             1             32  io.protostuff.runtime.IdStrategy$26
5175:             1             32  io.protostuff.runtime.IdStrategy$27
5176:             1             32  io.protostuff.runtime.IdStrategy$28
5177:             1             32  io.protostuff.runtime.IdStrategy$29
5178:             1             32  io.protostuff.runtime.IdStrategy$30
5179:             1             32  io.protostuff.runtime.IdStrategy$31
5180:             1             32  io.protostuff.runtime.IdStrategy$32
5181:             1             32  io.protostuff.runtime.IdStrategy$33
5182:             1             32  io.protostuff.runtime.IdStrategy$34
5183:             1             32  io.protostuff.runtime.IdStrategy$35
5184:             1             32  io.protostuff.runtime.IdStrategy$36
5185:             1             32  io.protostuff.runtime.IdStrategy$37
5186:             1             32  io.protostuff.runtime.IdStrategy$38
5187:             2             32  io.protostuff.runtime.RuntimeEnv$DefaultInstantiator
5188:             2             32  java.io.ObjectStreamClass$$Lambda/0x00007fcd29178028 (java.base@21.0.3)
5189:             2             32  java.lang.Boolean (java.base@21.0.3)
5190:             1             32  java.lang.Module$ArchivedData (java.base@21.0.3)
5191:             1             32  java.lang.ProcessHandleImpl (java.base@21.0.3)
5192:             2             32  java.lang.Shutdown$Lock (java.base@21.0.3)
5193:             1             32  java.lang.StringBuffer (java.base@21.0.3)
5194:             1             32  java.lang.invoke.VarHandleByteArrayAsChars$ArrayHandle (java.base@21.0.3)
5195:             1             32  java.lang.module.ModuleDescriptor$Version (java.base@21.0.3)
5196:             2             32  java.lang.ref.NativeReferenceQueue$Lock (java.base@21.0.3)
5197:             1             32  java.net.InetAddress$CachedLocalHost (java.base@21.0.3)
5198:             2             32  java.nio.ByteOrder (java.base@21.0.3)
5199:             2             32  java.nio.file.attribute.PosixFilePermissions$1 (java.base@21.0.3)
5200:             1             32  java.security.MessageDigest$Delegate$CloneableDelegate (java.base@21.0.3)
5201:             2             32  java.util.Comparator$$Lambda/0x00007fcd282ff128 (java.base@21.0.3)
5202:             2             32  java.util.Comparator$$Lambda/0x00007fcd284ddd48 (java.base@21.0.3)
5203:             2             32  java.util.ImmutableCollections$MapN$1 (java.base@21.0.3)
5204:             1             32  java.util.PriorityQueue (java.base@21.0.3)
5205:             2             32  java.util.ResourceBundle$SingleFormatControl (java.base@21.0.3)
5206:             1             32  java.util.ServiceLoader$ModuleServicesLookupIterator (java.base@21.0.3)
5207:             1             32  java.util.concurrent.ConcurrentHashMap$ForwardingNode (java.base@21.0.3)
5208:             1             32  java.util.concurrent.ThreadLocalRandom (java.base@21.0.3)
5209:             1             32  java.util.concurrent.locks.AbstractQueuedSynchronizer$SharedNode (java.base@21.0.3)
5210:             2             32  java.util.regex.CharPredicates$$Lambda/0x00007fcd282f9580 (java.base@21.0.3)
5211:             1             32  java.util.regex.Pattern$NotBehind (java.base@21.0.3)
5212:             1             32  java.util.zip.ZipCoder$UTF8ZipCoder (java.base@21.0.3)
5213:             1             32  jdk.internal.loader.ArchivedClassLoaders (java.base@21.0.3)
5214:             2             32  jdk.internal.misc.ThreadTracker (java.base@21.0.3)
5215:             1             32  jdk.internal.module.ArchivedModuleGraph (java.base@21.0.3)
5216:             1             32  jdk.internal.org.objectweb.asm.ConstantDynamic (java.base@21.0.3)
5217:             1             32  jdk.internal.org.objectweb.asm.Handle (java.base@21.0.3)
5218:             1             32  jdk.net.ExtendedSocketOptions$1 (jdk.net@21.0.3)
5219:             1             32  jdk.nio.zipfs.ZipPath (jdk.zipfs@21.0.3)
5220:             2             32  jdk.proxy3.$Proxy27 (jdk.proxy3)
5221:             2             32  jdk.proxy4.$Proxy48 (jdk.proxy4)
5222:             2             32  jdk.proxy4.$Proxy50 (jdk.proxy4)
5223:             1             32  joptsimple.NonOptionArgumentSpec
5224:             2             32  kotlinx.coroutines.Empty
5225:             2             32  kotlinx.coroutines.Empty
5226:             2             32  kotlinx.coroutines.Empty
5227:             2             32  kotlinx.coroutines.Empty
5228:             2             32  kotlinx.coroutines.Empty
5229:             2             32  kotlinx.coroutines.Empty
5230:             2             32  kotlinx.coroutines.internal.ContextScope
5231:             2             32  kotlinx.coroutines.scheduling.GlobalQueue
5232:             2             32  kotlinx.coroutines.scheduling.GlobalQueue
5233:             2             32  kotlinx.coroutines.scheduling.GlobalQueue
5234:             2             32  kotlinx.coroutines.scheduling.GlobalQueue
5235:             1             32  org.apache.logging.log4j.core.appender.rolling.FileExtension$1
5236:             1             32  org.apache.logging.log4j.core.appender.rolling.FileExtension$2
5237:             1             32  org.apache.logging.log4j.core.appender.rolling.FileExtension$3
5238:             1             32  org.apache.logging.log4j.core.appender.rolling.FileExtension$4
5239:             1             32  org.apache.logging.log4j.core.appender.rolling.FileExtension$5
5240:             1             32  org.apache.logging.log4j.core.appender.rolling.FileExtension$6
5241:             1             32  org.apache.logging.log4j.core.appender.rolling.FileExtension$7
5242:             1             32  org.apache.logging.log4j.core.impl.ThrowableFormatOptions
5243:             2             32  org.apache.logging.log4j.core.lookup.StrMatcher$CharSetMatcher
5244:             1             32  org.apache.logging.log4j.core.pattern.NameAbbreviator$MaxElementAbbreviator$Strategy$1
5245:             1             32  org.apache.logging.log4j.core.pattern.NameAbbreviator$MaxElementAbbreviator$Strategy$2
5246:             1             32  org.apache.logging.log4j.core.util.DefaultShutdownCallbackRegistry
5247:             2             32  org.apache.logging.log4j.core.util.SystemClock
5248:             2             32  org.apache.logging.log4j.core.util.datetime.FastDatePrinter$TwoDigitNumberField
5249:             1             32  org.apache.logging.log4j.status.StatusConsoleListener
5250:             1             32  org.apache.logging.log4j.status.StatusLogger$BoundedQueue
5251:             2             32  org.apache.logging.log4j.util.EnvironmentPropertySource
5252:             2             32  org.apache.logging.log4j.util.PropertiesUtil
5253:             2             32  org.apache.logging.log4j.util.PropertySource$Comparator
5254:             2             32  org.apache.logging.log4j.util.SystemPropertiesPropertySource
5255:             1             32  org.apache.logging.slf4j.Log4jLogger
5256:             2             32  org.apache.lucene.analysis.ar.ArabicStemmer
5257:             2             32  org.apache.lucene.analysis.bg.BulgarianStemmer
5258:             2             32  org.apache.lucene.analysis.bn.BengaliNormalizer
5259:             2             32  org.apache.lucene.analysis.bn.BengaliStemmer
5260:             2             32  org.apache.lucene.analysis.ckb.SoraniNormalizer
5261:             2             32  org.apache.lucene.analysis.ckb.SoraniStemmer
5262:             2             32  org.apache.lucene.analysis.cz.CzechStemmer
5263:             2             32  org.apache.lucene.analysis.de.GermanLightStemmer
5264:             2             32  org.apache.lucene.analysis.el.GreekStemmer
5265:             2             32  org.apache.lucene.analysis.es.SpanishLightStemmer
5266:             2             32  org.apache.lucene.analysis.fa.PersianNormalizer
5267:             2             32  org.apache.lucene.analysis.fr.FrenchLightStemmer
5268:             2             32  org.apache.lucene.analysis.gl.GalicianStemmer
5269:             2             32  org.apache.lucene.analysis.hi.HindiNormalizer
5270:             2             32  org.apache.lucene.analysis.hi.HindiStemmer
5271:             2             32  org.apache.lucene.analysis.it.ItalianLightStemmer
5272:             2             32  org.apache.lucene.analysis.lv.LatvianStemmer
5273:             2             32  org.apache.lucene.analysis.pt.PortugueseLightStemmer
5274:             2             32  org.apache.lucene.backward_codecs.lucene87.Lucene87StoredFieldsFormat
5275:             1             32  org.apache.lucene.codecs.lucene90.blocktree.CompressionAlgorithm$1
5276:             1             32  org.apache.lucene.codecs.lucene90.blocktree.CompressionAlgorithm$2
5277:             1             32  org.apache.lucene.codecs.lucene90.blocktree.CompressionAlgorithm$3
5278:             1             32  org.apache.lucene.document.SortedNumericDocValuesRangeQuery$1
5279:             1             32  org.apache.lucene.search.IndexOrDocValuesQuery
5280:             1             32  org.apache.lucene.search.IndexOrDocValuesQuery$1
5281:             2             32  org.apache.lucene.search.LRUQueryCache$MinSegmentSizePredicate
5282:             1             32  org.apache.lucene.search.MatchAllDocsQuery$1
5283:             1             32  org.apache.lucene.search.PointRangeQuery$1
5284:             2             32  org.apache.lucene.search.Sort
5285:             2             32  org.apache.lucene.search.vectorhighlight.BreakIteratorBoundaryScanner
5286:             1             32  org.apache.lucene.util.AttributeFactory$DefaultAttributeFactory$1
5287:             1             32  org.apache.lucene.util.automaton.Transition
5288:             1             32  org.apache.lucene.util.packed.PackedInts$Format$1
5289:             1             32  org.apache.lucene.util.packed.PackedInts$Format$2
5290:             2             32  org.bouncycastle.jcajce.provider.asymmetric.dh.KeyFactorySpi
5291:             2             32  org.bouncycastle.jcajce.provider.asymmetric.dstu.KeyFactorySpi
5292:             2             32  org.bouncycastle.jcajce.provider.asymmetric.ecgost.KeyFactorySpi
5293:             2             32  org.bouncycastle.pqc.jcajce.provider.xmss.XMSSKeyFactorySpi
5294:             2             32  org.bouncycastle.pqc.jcajce.provider.xmss.XMSSMTKeyFactorySpi
5295:             1             32  org.jooq.tools.json.JSONParser
5296:             2             32  org.locationtech.spatial4j.distance.GeodesicSphereDistCalc$Haversine
5297:             2             32  org.locationtech.spatial4j.io.LegacyShapeReader
5298:             2             32  org.locationtech.spatial4j.io.LegacyShapeWriter
5299:             1             32  org.opensearch.action.ActionModule$1
5300:             1             32  org.opensearch.action.ActionModule$2
5301:             1             32  org.opensearch.action.ActionModule$DynamicActionRegistry
5302:             2             32  org.opensearch.action.RequestValidators
5303:             1             32  org.opensearch.action.admin.cluster.remote.TransportRemoteInfoAction
5304:             1             32  org.opensearch.action.admin.cluster.storedscripts.TransportGetScriptContextAction
5305:             1             32  org.opensearch.action.admin.cluster.storedscripts.TransportGetScriptLanguageAction
5306:             1             32  org.opensearch.action.admin.indices.rollover.MetadataRolloverService
5307:             1             32  org.opensearch.action.admin.indices.rollover.RolloverInfo
5308:             1             32  org.opensearch.action.delete.TransportDeleteAction
5309:             1             32  org.opensearch.action.index.TransportIndexAction
5310:             1             32  org.opensearch.action.search.CreatePitController
5311:             1             32  org.opensearch.action.search.SearchPhaseController$SortedTopDocs
5312:             1             32  org.opensearch.action.support.tasks.TransportTasksAction$NodeTaskRequest
5313:             1             32  org.opensearch.action.support.tasks.TransportTasksAction$NodeTasksResponse
5314:             1             32  org.opensearch.ad.AnomalyDetectorRunner
5315:             2             32  org.opensearch.ad.rest.AbstractAnomalyDetectorAction$$Lambda/0x00007fcd2900cf80
5316:             2             32  org.opensearch.ad.rest.AbstractAnomalyDetectorAction$$Lambda/0x00007fcd2900d1b0
5317:             2             32  org.opensearch.ad.rest.AbstractAnomalyDetectorAction$$Lambda/0x00007fcd2900d3e0
5318:             2             32  org.opensearch.ad.rest.AbstractAnomalyDetectorAction$$Lambda/0x00007fcd2900d610
5319:             2             32  org.opensearch.ad.rest.AbstractAnomalyDetectorAction$$Lambda/0x00007fcd2900d840
5320:             2             32  org.opensearch.ad.rest.AbstractAnomalyDetectorAction$$Lambda/0x00007fcd2900da70
5321:             1             32  org.opensearch.ad.rest.RestExecuteAnomalyDetectorAction
5322:             1             32  org.opensearch.ad.rest.RestStatsAnomalyDetectorAction
5323:             1             32  org.opensearch.ad.transport.SearchADTasksTransportAction
5324:             1             32  org.opensearch.ad.transport.SearchAnomalyDetectorInfoTransportAction
5325:             1             32  org.opensearch.ad.transport.SearchAnomalyDetectorTransportAction
5326:             1             32  org.opensearch.ad.transport.ThresholdResultTransportAction
5327:             1             32  org.opensearch.alerting.AlertService
5328:             1             32  org.opensearch.alerting.TriggerService
5329:             1             32  org.opensearch.alerting.core.schedule.JobScheduler
5330:             1             32  org.opensearch.alerting.resthandler.RestSearchMonitorAction
5331:             1             32  org.opensearch.bootstrap.Bootstrap
5332:             2             32  org.opensearch.cluster.DiffableUtils$IntKeySerializer
5333:             2             32  org.opensearch.cluster.NamedDiffableValueSerializer
5334:             2             32  org.opensearch.cluster.RestoreInProgress
5335:             1             32  org.opensearch.cluster.action.index.MappingUpdatedAction
5336:             1             32  org.opensearch.cluster.action.shard.ShardStateAction
5337:             1             32  org.opensearch.cluster.action.shard.ShardStateAction$ShardFailedClusterStateTaskExecutor
5338:             1             32  org.opensearch.cluster.action.shard.ShardStateAction$ShardStartedClusterStateTaskExecutor
5339:             1             32  org.opensearch.cluster.coordination.ClusterFormationFailureHelper
5340:             1             32  org.opensearch.cluster.coordination.LagDetector
5341:             1             32  org.opensearch.cluster.coordination.LeaderChecker$CheckScheduler
5342:             2             32  org.opensearch.cluster.decommission.DecommissionService$$Lambda/0x00007fcd28e21bc8
5343:             2             32  org.opensearch.cluster.decommission.DecommissionService$$Lambda/0x00007fcd28e21df8
5344:             2             32  org.opensearch.cluster.decommission.DecommissionService$$Lambda/0x00007fcd28e22028
5345:             2             32  org.opensearch.cluster.metadata.ComposableIndexTemplate$DataStreamTemplate
5346:             2             32  org.opensearch.cluster.metadata.IndexAbstractionResolver
5347:             2             32  org.opensearch.cluster.metadata.IndexGraveyard
5348:             2             32  org.opensearch.cluster.metadata.IndexNameExpressionResolver$DateMathExpressionResolver
5349:             2             32  org.opensearch.cluster.metadata.IndexNameExpressionResolver$WildcardExpressionResolver
5350:             1             32  org.opensearch.cluster.metadata.MetadataCreateDataStreamService
5351:             1             32  org.opensearch.cluster.metadata.MetadataDeleteIndexService
5352:             1             32  org.opensearch.cluster.metadata.MetadataMappingService
5353:             1             32  org.opensearch.cluster.routing.BatchedRerouteService
5354:             1             32  org.opensearch.cluster.routing.OperationRouting
5355:             2             32  org.opensearch.cluster.routing.RecoverySource$ExistingStoreRecoverySource
5356:             2             32  org.opensearch.cluster.routing.allocation.ConstraintTypes$$Lambda/0x00007fcd2871ac90
5357:             2             32  org.opensearch.cluster.routing.allocation.DiskThresholdSettings$$Lambda/0x00007fcd28711000
5358:             2             32  org.opensearch.cluster.routing.allocation.DiskThresholdSettings$$Lambda/0x00007fcd28711230
5359:             2             32  org.opensearch.cluster.routing.allocation.DiskThresholdSettings$$Lambda/0x00007fcd287134d8
5360:             2             32  org.opensearch.cluster.routing.allocation.DiskThresholdSettings$$Lambda/0x00007fcd28713708
5361:             2             32  org.opensearch.cluster.routing.allocation.DiskThresholdSettings$$Lambda/0x00007fcd28713938
5362:             2             32  org.opensearch.cluster.routing.allocation.DiskThresholdSettings$$Lambda/0x00007fcd28713b68
5363:             2             32  org.opensearch.cluster.routing.allocation.DiskThresholdSettings$$Lambda/0x00007fcd28713d98
5364:             1             32  org.opensearch.cluster.routing.allocation.decider.FilterAllocationDecider
5365:             1             32  org.opensearch.cluster.routing.allocation.decider.NodeLoadAwareAllocationDecider
5366:             1             32  org.opensearch.cluster.routing.allocation.decider.ThrottlingAllocationDecider
5367:             1             32  org.opensearch.cluster.service.ClusterStateStats
5368:             2             32  org.opensearch.common.blobstore.BlobPath
5369:             1             32  org.opensearch.common.cache.Cache$$Lambda/0x00007fcd292e9ca0
5370:             1             32  org.opensearch.common.cache.CacheType
5371:             1             32  org.opensearch.common.geo.GeoShapeType$1
5372:             1             32  org.opensearch.common.geo.GeoShapeType$2
5373:             1             32  org.opensearch.common.geo.GeoShapeType$3
5374:             1             32  org.opensearch.common.geo.GeoShapeType$4
5375:             1             32  org.opensearch.common.geo.GeoShapeType$5
5376:             1             32  org.opensearch.common.geo.GeoShapeType$6
5377:             1             32  org.opensearch.common.geo.GeoShapeType$7
5378:             1             32  org.opensearch.common.geo.GeoShapeType$8
5379:             1             32  org.opensearch.common.geo.GeoShapeType$9
5380:             1             32  org.opensearch.common.logging.LogConfigurator$1
5381:             2             32  org.opensearch.common.logging.LoggingOutputStream$$Lambda/0x00007fcd281bf678
5382:             2             32  org.opensearch.common.lucene.LoggerInfoStream$$Lambda/0x00007fcd293117d0
5383:             1             32  org.opensearch.common.settings.AbstractScopedSettings$2
5384:             1             32  org.opensearch.common.settings.KeyStoreWrapper
5385:             2             32  org.opensearch.common.settings.Setting$$Lambda/0x00007fcd2863dd90
5386:             1             32  org.opensearch.common.util.CancellableThreads
5387:             2             32  org.opensearch.common.util.PageCacheRecycler$1
5388:             2             32  org.opensearch.common.util.PageCacheRecycler$2
5389:             2             32  org.opensearch.common.util.PageCacheRecycler$3
5390:             2             32  org.opensearch.common.util.PageCacheRecycler$4
5391:             2             32  org.opensearch.common.util.Streak
5392:             2             32  org.opensearch.common.util.concurrent.OpenSearchExecutors$$Lambda/0x00007fcd2828a328
5393:             1             32  org.opensearch.common.xcontent.XContentType$1
5394:             1             32  org.opensearch.common.xcontent.XContentType$2
5395:             1             32  org.opensearch.common.xcontent.XContentType$3
5396:             1             32  org.opensearch.common.xcontent.XContentType$4
5397:             1             32  org.opensearch.core.common.bytes.PagedBytesReference
5398:             1             32  org.opensearch.core.tasks.resourcetracker.ResourceStatsType
5399:             1             32  org.opensearch.core.tasks.resourcetracker.ThreadResourceInfo
5400:             2             32  org.opensearch.core.xcontent.NamedXContentRegistry
5401:             1             32  org.opensearch.core.xcontent.ObjectParser$$Lambda/0x00007fcd29095b48
5402:             1             32  org.opensearch.flowframework.common.FlowFrameworkSettings
5403:             1             32  org.opensearch.flowframework.indices.FlowFrameworkIndicesHandler
5404:             1             32  org.opensearch.flowframework.util.EncryptorUtils
5405:             1             32  org.opensearch.flowframework.workflow.WorkflowProcessSorter
5406:             1             32  org.opensearch.flowframework.workflow.WorkflowStepFactory$$Lambda/0x00007fcd28a4e2f0
5407:             1             32  org.opensearch.flowframework.workflow.WorkflowStepFactory$$Lambda/0x00007fcd28a4e510
5408:             1             32  org.opensearch.flowframework.workflow.WorkflowStepFactory$$Lambda/0x00007fcd28a4e730
5409:             1             32  org.opensearch.flowframework.workflow.WorkflowStepFactory$$Lambda/0x00007fcd28a4ed90
5410:             2             32  org.opensearch.forecast.rest.AbstractForecasterAction$$Lambda/0x00007fcd290124e8
5411:             2             32  org.opensearch.forecast.rest.AbstractForecasterAction$$Lambda/0x00007fcd29012718
5412:             2             32  org.opensearch.forecast.rest.AbstractForecasterAction$$Lambda/0x00007fcd29012948
5413:             2             32  org.opensearch.forecast.rest.AbstractForecasterAction$$Lambda/0x00007fcd29012b78
5414:             2             32  org.opensearch.forecast.rest.AbstractForecasterAction$$Lambda/0x00007fcd29012da8
5415:             1             32  org.opensearch.forecast.rest.RestStatsForecasterAction
5416:             1             32  org.opensearch.forecast.transport.SearchForecastTasksTransportAction
5417:             1             32  org.opensearch.forecast.transport.SearchForecasterInfoTransportAction
5418:             1             32  org.opensearch.forecast.transport.SearchForecasterTransportAction
5419:             1             32  org.opensearch.gateway.LocalAllocateDangledIndices
5420:             1             32  org.opensearch.gateway.MetaStateService
5421:             2             32  org.opensearch.geo.search.aggregations.bucket.geogrid.GeoGridAggregationBuilder$$Lambda/0x00007fcd28836ed8
5422:             2             32  org.opensearch.geometry.utils.StandardValidator
5423:             1             32  org.opensearch.geospatial.ip2geo.action.GetDatasourceTransportAction
5424:             1             32  org.opensearch.geospatial.ip2geo.action.RestPutDatasourceHandler
5425:             1             32  org.opensearch.geospatial.ip2geo.dao.GeoIpDataDao
5426:             1             32  org.opensearch.geospatial.ip2geo.dao.Ip2GeoCachedDao
5427:             1             32  org.opensearch.geospatial.ip2geo.jobscheduler.DatasourceUpdateService
5428:             1             32  org.opensearch.geospatial.ip2geo.processor.Ip2GeoProcessor$Factory
5429:             1             32  org.opensearch.geospatial.plugin.GeospatialPlugin
5430:             2             32  org.opensearch.identity.noop.NoopIdentityPlugin
5431:             1             32  org.opensearch.index.ShardIndexingPressureStore
5432:             1             32  org.opensearch.index.VersionType$1
5433:             1             32  org.opensearch.index.VersionType$2
5434:             1             32  org.opensearch.index.VersionType$3
5435:             1             32  org.opensearch.index.analysis.AnalysisMode$1
5436:             1             32  org.opensearch.index.analysis.AnalysisMode$2
5437:             1             32  org.opensearch.index.analysis.AnalysisMode$3
5438:             1             32  org.opensearch.index.analysis.AnalysisRegistry$PrebuiltAnalysis
5439:             1             32  org.opensearch.index.analysis.PreConfiguredCharFilter
5440:             2             32  org.opensearch.index.codec.customcodecs.ZstdCompressionMode
5441:             2             32  org.opensearch.index.codec.customcodecs.ZstdNoDictCompressionMode
5442:             1             32  org.opensearch.index.codec.fuzzy.FuzzySet$SetType
5443:             1             32  org.opensearch.index.fielddata.ordinals.GlobalOrdinalMapping
5444:             1             32  org.opensearch.index.mapper.DateFieldMapper$Resolution$1
5445:             1             32  org.opensearch.index.mapper.DateFieldMapper$Resolution$2
5446:             1             32  org.opensearch.index.mapper.FieldTypeInference
5447:             2             32  org.opensearch.index.mapper.ObjectMapper$TypeParser
5448:             1             32  org.opensearch.index.mapper.TextFieldMapper$FielddataFrequencyFilter
5449:             1             32  org.opensearch.index.query.SearchIndexNameMatcher
5450:             1             32  org.opensearch.index.reindex.ReindexValidator
5451:             1             32  org.opensearch.index.remote.RemoteStoreEnums$PathHashAlgorithm$1
5452:             1             32  org.opensearch.index.remote.RemoteStoreEnums$PathHashAlgorithm$2
5453:             1             32  org.opensearch.index.remote.RemoteStoreEnums$PathType$1
5454:             1             32  org.opensearch.index.remote.RemoteStoreEnums$PathType$2
5455:             1             32  org.opensearch.index.remote.RemoteStoreEnums$PathType$3
5456:             1             32  org.opensearch.index.search.stats.SearchStats
5457:             2             32  org.opensearch.index.seqno.ReplicationTracker$$Lambda/0x00007fcd293a7d90
5458:             1             32  org.opensearch.index.store.Store$MetadataSnapshot
5459:             2             32  org.opensearch.index.store.lockmanager.RemoteStoreLockManagerFactory
5460:             2             32  org.opensearch.index.store.remote.filecache.FileCacheSettings$$Lambda/0x00007fcd28711460
5461:             1             32  org.opensearch.indexmanagement.IndexManagementIndices
5462:             1             32  org.opensearch.indexmanagement.controlcenter.notification.filter.IndexOperationActionFilter
5463:             1             32  org.opensearch.indexmanagement.indexstatemanagement.IndexMetadataProvider
5464:             1             32  org.opensearch.indexmanagement.indexstatemanagement.resthandler.RestIndexPolicyAction
5465:             1             32  org.opensearch.indexmanagement.indexstatemanagement.transport.action.managedIndex.TransportManagedIndexAction
5466:             1             32  org.opensearch.indexmanagement.rollup.RollupMapperService
5467:             1             32  org.opensearch.indexmanagement.rollup.RollupSearchService
5468:             1             32  org.opensearch.indexmanagement.rollup.actionfilter.FieldCapsFilter
5469:             1             32  org.opensearch.indexmanagement.transform.TransformIndexer
5470:             1             32  org.opensearch.indices.IndicesRequestCache$IndicesRequestCacheCleanupManager$IndicesRequestCacheCleaner
5471:             1             32  org.opensearch.indices.IndicesService$$Lambda/0x00007fcd288c86d0
5472:             1             32  org.opensearch.indices.IndicesService$2
5473:             1             32  org.opensearch.indices.IndicesService$CacheCleaner
5474:             1             32  org.opensearch.indices.ShardLimitValidator
5475:             1             32  org.opensearch.indices.analysis.HunspellService
5476:             1             32  org.opensearch.indices.analysis.PreBuiltAnalyzers$1
5477:             1             32  org.opensearch.indices.analysis.PreBuiltAnalyzers$2
5478:             1             32  org.opensearch.indices.analysis.PreBuiltAnalyzers$3
5479:             1             32  org.opensearch.indices.analysis.PreBuiltAnalyzers$4
5480:             1             32  org.opensearch.indices.analysis.PreBuiltAnalyzers$5
5481:             1             32  org.opensearch.indices.analysis.PreBuiltAnalyzers$6
5482:             1             32  org.opensearch.indices.analysis.PreBuiltAnalyzers$7
5483:             1             32  org.opensearch.indices.analysis.PreBuiltTokenizers$1
5484:             1             32  org.opensearch.indices.mapper.MapperRegistry
5485:             1             32  org.opensearch.indices.recovery.PeerRecoverySourceService$OngoingRecoveries
5486:             1             32  org.opensearch.indices.recovery.PeerRecoveryTargetService
5487:             2             32  org.opensearch.indices.replication.checkpoint.SegmentReplicationCheckpointPublisher
5488:             1             32  org.opensearch.ingest.useragent.UserAgentParser
5489:             1             32  org.opensearch.jobscheduler.rest.action.RestGetJobDetailsAction
5490:             1             32  org.opensearch.jobscheduler.rest.action.RestGetLockAction
5491:             1             32  org.opensearch.jobscheduler.rest.action.RestReleaseLockAction
5492:             1             32  org.opensearch.jobscheduler.scheduler.JobScheduler
5493:             1             32  org.opensearch.jobscheduler.utils.JobDetailsService
5494:             1             32  org.opensearch.knn.index.Parameter$BooleanParameter
5495:             2             32  org.opensearch.knn.index.Parameter$MethodComponentContextParameter$$Lambda/0x00007fcd28495b18
5496:             2             32  org.opensearch.knn.index.Parameter$MethodComponentContextParameter$$Lambda/0x00007fcd28495d68
5497:             1             32  org.opensearch.knn.index.Parameter$StringParameter
5498:             1             32  org.opensearch.knn.index.SpaceType$1
5499:             1             32  org.opensearch.knn.index.SpaceType$2
5500:             1             32  org.opensearch.knn.index.SpaceType$3
5501:             1             32  org.opensearch.knn.index.SpaceType$4
5502:             1             32  org.opensearch.knn.index.SpaceType$5
5503:             1             32  org.opensearch.knn.index.SpaceType$6
5504:             1             32  org.opensearch.knn.index.VectorDataType$1
5505:             1             32  org.opensearch.knn.index.VectorDataType$2
5506:             1             32  org.opensearch.knn.index.codec.KNN80Codec.KNN80Codec
5507:             1             32  org.opensearch.knn.index.codec.KNN84Codec.KNN84Codec
5508:             1             32  org.opensearch.knn.index.codec.KNN87Codec.KNN87Codec
5509:             1             32  org.opensearch.knn.index.codec.KNN920Codec.KNN920Codec
5510:             1             32  org.opensearch.knn.index.codec.KNN940Codec.KNN940Codec
5511:             1             32  org.opensearch.knn.index.codec.KNN950Codec.KNN950Codec
5512:             1             32  org.opensearch.knn.index.codec.KNN990Codec.KNN990Codec
5513:             1             32  org.opensearch.knn.index.memory.NativeMemoryCacheManager
5514:             1             32  org.opensearch.knn.index.util.Lucene
5515:             1             32  org.opensearch.knn.index.util.Nmslib
5516:             1             32  org.opensearch.knn.plugin.rest.RestClearCacheHandler
5517:             1             32  org.opensearch.knn.plugin.rest.RestKNNWarmupHandler
5518:             1             32  org.opensearch.knn.plugin.stats.suppliers.EventOccurredWithinThresholdSupplier
5519:             1             32  org.opensearch.knn.plugin.transport.DeleteModelTransportAction
5520:             1             32  org.opensearch.knn.plugin.transport.GetModelTransportAction
5521:             1             32  org.opensearch.knn.plugin.transport.SearchModelTransportAction
5522:             1             32  org.opensearch.knn.plugin.transport.TrainingModelTransportAction
5523:             1             32  org.opensearch.ml.action.agents.TransportSearchAgentAction
5524:             1             32  org.opensearch.ml.action.handler.MLSearchHandler
5525:             1             32  org.opensearch.ml.action.models.SearchModelTransportAction
5526:             1             32  org.opensearch.ml.action.tasks.SearchTaskTransportAction
5527:             1             32  org.opensearch.ml.action.upload_chunk.MLModelChunkUploader
5528:             1             32  org.opensearch.ml.breaker.MLCircuitBreakerService
5529:             1             32  org.opensearch.ml.cluster.MLCommonsClusterEventListener
5530:             1             32  org.opensearch.ml.engine.MLEngine
5531:             1             32  org.opensearch.ml.engine.algorithms.anomalylocalization.AnomalyLocalizerImpl
5532:             1             32  org.opensearch.ml.engine.encryptor.EncryptorImpl
5533:             1             32  org.opensearch.ml.engine.memory.ConversationIndexMemory$Factory
5534:             1             32  org.opensearch.ml.memory.index.InteractionsIndex
5535:             1             32  org.opensearch.ml.repackage.com.google.common.collect.Iterators$ArrayItr
5536:             1             32  org.opensearch.ml.rest.RestMLPredictionAction
5537:             1             32  org.opensearch.ml.rest.RestMLUndeployModelAction
5538:             1             32  org.opensearch.ml.settings.MLFeatureEnabledSetting
5539:             1             32  org.opensearch.ml.task.MLTaskManager
5540:             1             32  org.opensearch.ml.tools.GetToolTransportAction
5541:             1             32  org.opensearch.ml.tools.ListToolsTransportAction
5542:             1             32  org.opensearch.monitor.process.ProcessInfo
5543:             1             32  org.opensearch.neuralsearch.plugin.NeuralSearch
5544:             2             32  org.opensearch.neuralsearch.processor.normalization.MinMaxScoreNormalizationTechnique
5545:             1             32  org.opensearch.neuralsearch.search.query.HybridQueryPhaseSearcher
5546:             1             32  org.opensearch.node.Node$LocalNodeFactory
5547:             2             32  org.opensearch.node.resource.tracker.AbstractAverageUsageTracker$$Lambda/0x00007fcd29044000
5548:             1             32  org.opensearch.painless.action.PainlessContextAction$TransportAction
5549:             1             32  org.opensearch.performanceanalyzer.commons.config.overrides.ConfigOverridesWrapper
5550:             1             32  org.opensearch.performanceanalyzer.commons.event_process.EventLogFileHandler
5551:             1             32  org.opensearch.performanceanalyzer.config.PerformanceAnalyzerController
5552:             1             32  org.opensearch.performanceanalyzer.http_action.config.PerformanceAnalyzerClusterConfigAction
5553:             1             32  org.opensearch.performanceanalyzer.http_action.config.PerformanceAnalyzerOverridesClusterConfigAction
5554:             1             32  org.opensearch.performanceanalyzer.http_action.config.PerformanceAnalyzerResourceProvider
5555:             1             32  org.opensearch.performanceanalyzer.http_action.whoami.TransportWhoAmIAction
5556:             1             32  org.opensearch.persistent.PersistentTasksNodeService
5557:             1             32  org.opensearch.plugin.repository.url.URLRepositoryPlugin$$Lambda/0x00007fcd28548a48
5558:             1             32  org.opensearch.plugins.PluginsService
5559:             1             32  org.opensearch.ratelimitting.admissioncontrol.controllers.CpuBasedAdmissionController
5560:             1             32  org.opensearch.ratelimitting.admissioncontrol.controllers.IoBasedAdmissionController
5561:             1             32  org.opensearch.ratelimitting.admissioncontrol.settings.CpuBasedAdmissionControllerSettings
5562:             1             32  org.opensearch.ratelimitting.admissioncontrol.settings.IoBasedAdmissionControllerSettings
5563:             1             32  org.opensearch.replication.metadata.store.ReplicationMetadataStore
5564:             2             32  org.opensearch.reportsscheduler.util.SecureIndexClient
5565:             1             32  org.opensearch.repositories.RepositoriesModule$$Lambda/0x00007fcd28cee920
5566:             1             32  org.opensearch.repositories.RepositoriesModule$$Lambda/0x00007fcd28ceeb50
5567:             1             32  org.opensearch.repositories.RepositoriesStatsArchive
5568:             1             32  org.opensearch.repositories.s3.ProxySettings
5569:             1             32  org.opensearch.repositories.s3.S3RepositoryPlugin$$Lambda/0x00007fcd28a85570
5570:             1             32  org.opensearch.rest.action.admin.cluster.RestClusterGetSettingsAction
5571:             1             32  org.opensearch.search.SearchService$2
5572:             1             32  org.opensearch.search.SearchService$2$$Lambda/0x00007fcd29204ce0
5573:             1             32  org.opensearch.search.SearchShardTarget
5574:             2             32  org.opensearch.search.aggregations.ConcurrentAggregationProcessor
5575:             1             32  org.opensearch.search.aggregations.NonGlobalAggCollectorManagerWithSingleCollector
5576:             1             32  org.opensearch.search.aggregations.bucket.histogram.DateHistogramAggregator$DateHistogramAggregationType
5577:             1             32  org.opensearch.search.aggregations.bucket.terms.TermsAggregatorFactory$ExecutionMode$1
5578:             1             32  org.opensearch.search.aggregations.bucket.terms.TermsAggregatorFactory$ExecutionMode$2
5579:             2             32  org.opensearch.search.aggregations.bucket.terms.heuristic.NXYSignificanceHeuristic$$Lambda/0x00007fcd2879bb50
5580:             1             32  org.opensearch.search.aggregations.metrics.PercentilesMethod$1
5581:             1             32  org.opensearch.search.aggregations.metrics.PercentilesMethod$2
5582:             2             32  org.opensearch.search.aggregations.support.MultiValuesSourceParseHelper$$Lambda/0x00007fcd287ab8b0
5583:             2             32  org.opensearch.search.aggregations.support.MultiValuesSourceParseHelper$$Lambda/0x00007fcd287abae0
5584:             1             32  org.opensearch.search.asynchronous.context.state.AsynchronousSearchStateMachine
5585:             1             32  org.opensearch.search.asynchronous.processor.AsynchronousSearchPostProcessor
5586:             2             32  org.opensearch.search.backpressure.SearchBackpressureState$$Lambda/0x00007fcd28cedb38
5587:             1             32  org.opensearch.search.backpressure.settings.NodeDuressSettings
5588:             2             32  org.opensearch.search.backpressure.trackers.HeapUsageTracker$$Lambda/0x00007fcd28cec390
5589:             1             32  org.opensearch.search.query.EarlyTerminatingCollector
5590:             2             32  org.opensearch.search.query.QueryPhase$DefaultQueryPhaseSearcher
5591:             1             32  org.opensearch.security.auditlog.routing.AuditMessageRouter
5592:             2             32  org.opensearch.security.auth.internal.NoOpAuthenticationBackend
5593:             1             32  org.opensearch.security.configuration.CompatConfig
5594:             1             32  org.opensearch.security.configuration.PrivilegesInterceptorImpl
5595:             2             32  org.opensearch.security.dlic.rest.api.AllowlistApiAction$$Lambda/0x00007fcd28ff2908
5596:             2             32  org.opensearch.security.dlic.rest.api.AllowlistApiAction$$Lambda/0x00007fcd28ff2b28
5597:             2             32  org.opensearch.security.dlic.rest.api.AllowlistApiAction$1
5598:             1             32  org.opensearch.security.dlic.rest.api.RestApiAdminPrivilegesEvaluator
5599:             2             32  org.opensearch.security.http.HTTPBasicAuthenticator
5600:             1             32  org.opensearch.security.http.XFFResolver
5601:             1             32  org.opensearch.security.identity.SecurityTokenManager
5602:             1             32  org.opensearch.security.privileges.RestLayerPrivilegesEvaluator
5603:             1             32  org.opensearch.security.privileges.SnapshotRestoreEvaluator
5604:             1             32  org.opensearch.security.resolver.IndexResolverReplacer
5605:             1             32  org.opensearch.security.rest.DashboardsInfoAction
5606:             1             32  org.opensearch.security.rest.SecurityInfoAction
5607:             2             32  org.opensearch.security.securityconf.impl.v7.ConfigV7
5608:             2             32  org.opensearch.security.securityconf.impl.v7.ConfigV7$AuthFailureListeners
5609:             2             32  org.opensearch.security.securityconf.impl.v7.ConfigV7$Authc
5610:             2             32  org.opensearch.security.securityconf.impl.v7.ConfigV7$Authz
5611:             1             32  org.opensearch.security.ssl.OpenSearchSecureSettingsFactory
5612:             1             32  org.opensearch.security.ssl.http.netty.Netty4HttpRequestHeaderVerifier
5613:             1             32  org.opensearch.security.ssl.http.netty.ValidatingDispatcher
5614:             2             32  org.opensearch.security.ssl.transport.SSLConfig
5615:             1             32  org.opensearch.security.transport.DefaultInterClusterRequestEvaluator
5616:             2             32  org.opensearch.securityanalytics.alerts.AlertsService
5617:             1             32  org.opensearch.securityanalytics.logtype.BuiltinLogTypeLoader
5618:             1             32  org.opensearch.securityanalytics.mapper.IndexTemplateManager
5619:             1             32  org.opensearch.securityanalytics.mapper.MapperService
5620:             1             32  org.opensearch.securityanalytics.threatIntel.ThreatIntelFeedDataService
5621:             1             32  org.opensearch.securityanalytics.threatIntel.feedMetadata.BuiltInTIFMetadataLoader
5622:             1             32  org.opensearch.securityanalytics.threatIntel.jobscheduler.TIFJobUpdateService
5623:             2             32  org.opensearch.securityanalytics.util.ExceptionChecker
5624:             2             32  org.opensearch.securityanalytics.util.MonitorService
5625:             1             32  org.opensearch.securityanalytics.util.RuleIndices
5626:             2             32  org.opensearch.semver.expr.Equal
5627:             2             32  org.opensearch.sql.data.model.ExprBooleanValue
5628:             1             32  org.opensearch.sql.datasources.transport.TransportDeleteDataSourceAction
5629:             1             32  org.opensearch.sql.datasources.transport.TransportGetDataSourceAction
5630:             1             32  org.opensearch.sql.datasources.transport.TransportPatchDataSourceAction
5631:             1             32  org.opensearch.sql.datasources.transport.TransportUpdateDataSourceAction
5632:             2             32  org.opensearch.sql.expression.function.FunctionDSL$$Lambda/0x00007fcd28b5a638
5633:             1             32  org.opensearch.sql.legacy.esdomain.LocalClusterState
5634:             1             32  org.opensearch.sql.legacy.plugin.RestSqlAction
5635:             2             32  org.opensearch.sql.opensearch.executor.OpenSearchQueryManager
5636:             1             32  org.opensearch.sql.plugin.SQLPlugin
5637:             2             32  org.opensearch.sql.ppl.antlr.PPLSyntaxParser
5638:             2             32  org.opensearch.sql.ppl.utils.PPLQueryDataAnonymizer
5639:             2             32  org.opensearch.sql.ppl.utils.PPLQueryDataAnonymizer$AnonymizerExpressionAnalyzer
5640:             2             32  org.opensearch.sql.spark.execution.xcontent.AsyncQueryJobMetadataXContentSerializer
5641:             1             32  org.opensearch.sql.spark.transport.TransportCancelAsyncQueryRequestAction
5642:             1             32  org.opensearch.sql.spark.transport.TransportGetAsyncQueryResultAction
5643:             2             32  org.opensearch.sql.sql.antlr.SQLSyntaxParser
5644:             1             32  org.opensearch.tasks.TaskCancellationMonitoringSettings
5645:             1             32  org.opensearch.tasks.TaskManager$CancellableTaskHolder
5646:             1             32  org.opensearch.tasks.TaskResourceTrackingService
5647:             2             32  org.opensearch.timeseries.MemoryTracker$$Lambda/0x00007fcd289cde08
5648:             2             32  org.opensearch.timeseries.caching.PriorityCache$$Lambda/0x00007fcd28a14028
5649:             2             32  org.opensearch.timeseries.caching.PriorityCache$$Lambda/0x00007fcd28a14258
5650:             2             32  org.opensearch.timeseries.caching.PriorityCache$$Lambda/0x00007fcd28a14488
5651:             2             32  org.opensearch.timeseries.caching.PriorityCache$$Lambda/0x00007fcd28a148e8
5652:             2             32  org.opensearch.timeseries.ratelimit.CheckPointMaintainRequestAdapter$$Lambda/0x00007fcd28a10880
5653:             2             32  org.opensearch.timeseries.ratelimit.ColdEntityWorker$$Lambda/0x00007fcd28a2cc80
5654:             2             32  org.opensearch.timeseries.ratelimit.ColdEntityWorker$$Lambda/0x00007fcd28a2ceb0
5655:             1             32  org.opensearch.timeseries.task.TaskCacheManager
5656:             2             32  org.opensearch.timeseries.task.TaskCacheManager$$Lambda/0x00007fcd28a2e0b8
5657:             2             32  org.opensearch.timeseries.task.TaskManager$$Lambda/0x00007fcd28a35ee8
5658:             2             32  org.opensearch.timeseries.task.TaskManager$$Lambda/0x00007fcd28a36118
5659:             2             32  org.opensearch.timeseries.transport.BaseDeleteConfigTransportAction$$Lambda/0x00007fcd28e3c000
5660:             2             32  org.opensearch.timeseries.transport.BaseGetConfigTransportAction$$Lambda/0x00007fcd28f1f338
5661:             2             32  org.opensearch.timeseries.transport.BaseJobTransportAction$$Lambda/0x00007fcd28d9e3b8
5662:             2             32  org.opensearch.timeseries.transport.BaseProfileTransportAction$$Lambda/0x00007fcd28d9ee88
5663:             2             32  org.opensearch.timeseries.transport.BaseValidateConfigTransportAction$$Lambda/0x00007fcd28e3f910
5664:             2             32  org.opensearch.timeseries.transport.handler.SearchHandler$$Lambda/0x00007fcd28a2eda0
5665:             1             32  org.opensearch.transport.InboundHandler
5666:             1             32  org.opensearch.transport.SharedGroupFactory
5667:             1             32  org.opensearch.transport.TransportHandshaker
5668:             2             32  org.opensearch.transport.TransportRequestDeduplicator
5669:             1             32  sun.net.www.protocol.https.Handler (java.base@21.0.3)
5670:             2             32  sun.net.www.protocol.jar.Handler (java.base@21.0.3)
5671:             1             32  sun.nio.fs.LinuxFileStore (java.base@21.0.3)
5672:             1             32  sun.nio.fs.LinuxFileSystem (java.base@21.0.3)
5673:             1             32  sun.security.ec.ed.Ed25519Operations (jdk.crypto.ec@21.0.3)
5674:             1             32  sun.security.ec.ed.Ed448Operations (jdk.crypto.ec@21.0.3)
5675:             1             32  sun.security.ec.point.ExtendedHomogeneousPoint$Immutable (jdk.crypto.ec@21.0.3)
5676:             2             32  sun.security.provider.FileInputStreamPool$UnclosableInputStream (java.base@21.0.3)
5677:             1             32  sun.security.provider.SecureRandom (java.base@21.0.3)
5678:             2             32  sun.security.ssl.AlpnExtension$SHAlpnAbsence (java.base@21.0.3)
5679:             2             32  sun.security.ssl.AlpnExtension$SHAlpnConsumer (java.base@21.0.3)
5680:             2             32  sun.security.ssl.AlpnExtension$SHAlpnProducer (java.base@21.0.3)
5681:             2             32  sun.security.ssl.DHKeyExchange$DHEKAGenerator (java.base@21.0.3)
5682:             2             32  sun.security.ssl.DHKeyExchange$DHEPossessionGenerator (java.base@21.0.3)
5683:             2             32  sun.security.ssl.SSLCipher$NullReadCipherGenerator (java.base@21.0.3)
5684:             2             32  sun.security.ssl.SSLCipher$NullWriteCipherGenerator (java.base@21.0.3)
5685:             2             32  sun.security.ssl.SSLCipher$T12GcmReadCipherGenerator (java.base@21.0.3)
5686:             2             32  sun.security.ssl.SSLCipher$T12GcmWriteCipherGenerator (java.base@21.0.3)
5687:             2             32  sun.security.ssl.SSLCipher$T13GcmReadCipherGenerator (java.base@21.0.3)
5688:             2             32  sun.security.ssl.SSLCipher$T13GcmWriteCipherGenerator (java.base@21.0.3)
5689:             2             32  sun.security.ssl.ServerHello$T12ServerHelloConsumer (java.base@21.0.3)
5690:             2             32  sun.security.ssl.ServerHello$T13HelloRetryRequestConsumer (java.base@21.0.3)
5691:             2             32  sun.security.ssl.ServerHello$T13ServerHelloConsumer (java.base@21.0.3)
5692:             1             32  sun.security.ssl.SessionTicketExtension$StatelessKey (java.base@21.0.3)
5693:             2             32  sun.security.ssl.SupportedVersionsExtension$SHSupportedVersionsStringizer (java.base@21.0.3)
5694:             1             32  sun.security.ssl.TrustStoreManager$TrustAnchorManager (java.base@21.0.3)
5695:             2             32  sun.security.util.AlgorithmDecomposer (java.base@21.0.3)
5696:             1             32  sun.security.util.math.intpoly.Curve25519OrderField (java.base@21.0.3)
5697:             1             32  sun.security.util.math.intpoly.Curve448OrderField (java.base@21.0.3)
5698:             1             32  sun.security.util.math.intpoly.IntegerPolynomial25519 (java.base@21.0.3)
5699:             1             32  sun.security.util.math.intpoly.IntegerPolynomial448 (java.base@21.0.3)
5700:             1             32  sun.security.util.math.intpoly.IntegerPolynomialP256 (java.base@21.0.3)
5701:             1             32  sun.security.util.math.intpoly.IntegerPolynomialP384 (java.base@21.0.3)
5702:             1             32  sun.security.util.math.intpoly.IntegerPolynomialP521 (java.base@21.0.3)
5703:             1             32  sun.security.util.math.intpoly.P256OrderField (java.base@21.0.3)
5704:             1             32  sun.security.util.math.intpoly.P384OrderField (java.base@21.0.3)
5705:             1             32  sun.security.util.math.intpoly.P521OrderField (java.base@21.0.3)
5706:             1             32  sun.security.x509.PrivateKeyUsageExtension (java.base@21.0.3)
5707:             1             24  [Lcom.fasterxml.jackson.core.StreamWriteCapability;
5708:             1             24  [Lcom.fasterxml.jackson.databind.AnnotationIntrospector$ReferenceProperty$Type;
5709:             1             24  [Lcom.fasterxml.jackson.databind.cfg.EnumFeature;
5710:             1             24  [Lcom.fasterxml.jackson.databind.cfg.EnumFeature;
5711:             1             24  [Lcom.fasterxml.jackson.databind.cfg.EnumFeature;
5712:             1             24  [Lcom.fasterxml.jackson.databind.deser.KeyDeserializers;
5713:             1             24  [Lcom.fasterxml.jackson.databind.deser.KeyDeserializers;
5714:             1             24  [Lcom.fasterxml.jackson.databind.deser.KeyDeserializers;
5715:             1             24  [Lcom.fasterxml.jackson.dataformat.smile.SmileParser$Feature;
5716:             1             24  [Lcom.fasterxml.jackson.dataformat.yaml.YAMLParser$Feature;
5717:             1             24  [Lcom.google.common.cache.CacheBuilder$NullListener;
5718:             1             24  [Lcom.google.common.cache.CacheBuilder$NullListener;
5719:             1             24  [Lcom.google.common.cache.CacheBuilder$NullListener;
5720:             1             24  [Lcom.google.common.cache.CacheBuilder$NullListener;
5721:             1             24  [Lcom.google.common.cache.CacheBuilder$OneWeigher;
5722:             1             24  [Lcom.google.common.cache.CacheBuilder$OneWeigher;
5723:             1             24  [Lcom.google.common.cache.CacheBuilder$OneWeigher;
5724:             1             24  [Lcom.google.common.cache.CacheBuilder$OneWeigher;
5725:             1             24  [Lcom.google.common.cache.LocalCache$Segment;
5726:             1             24  [Lcom.google.common.collect.Maps$EntryFunction;
5727:             1             24  [Lcom.google.gson.LongSerializationPolicy;
5728:             1             24  [Lcom.intel.qat.QatZipper$Algorithm;
5729:             1             24  [Lcom.intel.qat.QatZipper$Mode;
5730:             1             24  [Lio.netty.buffer.CompositeByteBuf$Component;
5731:             1             24  [Lio.netty.buffer.PoolArena$SizeClass;
5732:             1             24  [Lio.netty.handler.logging.ByteBufFormat;
5733:             1             24  [Ljava.io.File$PathStatus; (java.base@21.0.3)
5734:             1             24  [Ljava.lang.StackWalker$ExtendedOption; (java.base@21.0.3)
5735:             1             24  [Ljava.lang.invoke.MethodHandles$Lookup$ClassOption; (java.base@21.0.3)
5736:             1             24  [Ljava.net.URL; (java.base@21.0.3)
5737:             1             24  [Ljava.nio.file.LinkOption; (java.base@21.0.3)
5738:             1             24  [Ljava.security.Provider$OPType; (java.base@21.0.3)
5739:             1             24  [Ljava.time.chrono.HijrahEra; (java.base@21.0.3)
5740:             1             24  [Ljava.time.chrono.IsoEra; (java.base@21.0.3)
5741:             1             24  [Ljava.time.chrono.MinguoEra; (java.base@21.0.3)
5742:             1             24  [Ljava.time.chrono.ThaiBuddhistEra; (java.base@21.0.3)
5743:             1             24  [Ljava.time.temporal.IsoFields$Unit; (java.base@21.0.3)
5744:             1             24  [Ljava.time.zone.ZoneOffsetTransition; (java.base@21.0.3)
5745:             1             24  [Ljava.util.Comparators$NaturalOrderComparator; (java.base@21.0.3)
5746:             1             24  [Ljava.util.Formatter$BigDecimalLayoutForm; (java.base@21.0.3)
5747:             1             24  [Ljava.util.Locale$Category; (java.base@21.0.3)
5748:             1             24  [Ljava.util.jar.Manifest; (java.base@21.0.3)
5749:             1             24  [Ljdk.internal.icu.util.CodePointTrie$Type; (java.base@21.0.3)
5750:             1             24  [Lkotlinx.coroutines.scheduling.TaskMode;
5751:             1             24  [Lorg.apache.logging.log4j.core.appender.ConsoleAppender$Target;
5752:             1             24  [Lorg.apache.logging.log4j.core.async.ThreadNameCachingStrategy;
5753:             1             24  [Lorg.apache.logging.log4j.core.config.status.StatusConfiguration$Verbosity;
5754:             1             24  [Lorg.apache.logging.log4j.core.pattern.NameAbbreviator$MaxElementAbbreviator$Strategy;
5755:             1             24  [Lorg.apache.lucene.backward_codecs.lucene50.Lucene50StoredFieldsFormat$Mode;
5756:             1             24  [Lorg.apache.lucene.backward_codecs.lucene80.Lucene80DocValuesFormat$Mode;
5757:             1             24  [Lorg.apache.lucene.backward_codecs.lucene87.Lucene87Codec$Mode;
5758:             1             24  [Lorg.apache.lucene.backward_codecs.lucene87.Lucene87StoredFieldsFormat$Mode;
5759:             1             24  [Lorg.apache.lucene.backward_codecs.lucene90.Lucene90Codec$Mode;
5760:             1             24  [Lorg.apache.lucene.backward_codecs.lucene91.Lucene91Codec$Mode;
5761:             1             24  [Lorg.apache.lucene.backward_codecs.lucene92.Lucene92Codec$Mode;
5762:             1             24  [Lorg.apache.lucene.backward_codecs.lucene94.Lucene94Codec$Mode;
5763:             1             24  [Lorg.apache.lucene.backward_codecs.lucene95.Lucene95Codec$Mode;
5764:             1             24  [Lorg.apache.lucene.codecs.lucene99.Lucene99Codec$Mode;
5765:             1             24  [Lorg.apache.lucene.document.Field$Store;
5766:             1             24  [Lorg.apache.lucene.document.InvertableType;
5767:             1             24  [Lorg.apache.lucene.index.VectorEncoding;
5768:             1             24  [Lorg.apache.lucene.queryparser.classic.QueryParser$Operator;
5769:             1             24  [Lorg.apache.lucene.search.Collector;
5770:             1             24  [Lorg.apache.lucene.store.Lock;
5771:             1             24  [Lorg.apache.lucene.util.FileDeleter$MsgType;
5772:             1             24  [Lorg.apache.lucene.util.packed.PackedInts$Format;
5773:             1             24  [Lorg.ietf.jgss.Oid; (java.security.jgss@21.0.3)
5774:             1             24  [Lorg.opensearch.ad.transport.SearchTopAnomalyResultTransportAction$OrderType;
5775:             1             24  [Lorg.opensearch.cluster.coordination.PersistedStateRegistry$PersistedStateType;
5776:             1             24  [Lorg.opensearch.cluster.metadata.IndexMetadata$State;
5777:             1             24  [Lorg.opensearch.cluster.node.DiscoveryNodeFilters$OpType;
5778:             1             24  [Lorg.opensearch.common.inject.Key$NullAnnotationStrategy;
5779:             1             24  [Lorg.opensearch.common.time.DateFormatter;
5780:             1             24  [Lorg.opensearch.core.common.breaker.CircuitBreaker$Durability;
5781:             1             24  [Lorg.opensearch.core.tasks.resourcetracker.ResourceStatsType;
5782:             1             24  [Lorg.opensearch.core.tasks.resourcetracker.ResourceUsageMetric;
5783:             1             24  [Lorg.opensearch.env.NodeEnvironment$NodePath;
5784:             1             24  [Lorg.opensearch.index.IndexService$IndexCreationContext;
5785:             1             24  [Lorg.opensearch.index.codec.customcodecs.Lucene99CustomCodec$Mode;
5786:             1             24  [Lorg.opensearch.index.codec.customcodecs.Lucene99QatCodec$Mode;
5787:             1             24  [Lorg.opensearch.index.codec.fuzzy.FuzzySet$SetType;
5788:             1             24  [Lorg.opensearch.index.engine.Engine$SearcherScope;
5789:             1             24  [Lorg.opensearch.index.mapper.DateFieldMapper$Resolution;
5790:             1             24  [Lorg.opensearch.index.mapper.DynamicTemplate$MatchType;
5791:             1             24  [Lorg.opensearch.index.shard.ShardStateMetadata$IndexDataLocation;
5792:             1             24  [Lorg.opensearch.indices.analysis.PreBuiltTokenizers;
5793:             1             24  [Lorg.opensearch.knn.index.VectorDataType;
5794:             1             24  [Lorg.opensearch.monitor.StatusInfo$Status;
5795:             1             24  [Lorg.opensearch.repositories.s3.async.SizeBasedBlockingQ$QueueEventType;
5796:             1             24  [Lorg.opensearch.repositories.s3.async.TransferSemaphoresHolder$TypeSemaphore$PermitType;
5797:             1             24  [Lorg.opensearch.script.ScriptType;
5798:             1             24  [Lorg.opensearch.search.aggregations.Aggregator$SubAggCollectionMode;
5799:             1             24  [Lorg.opensearch.search.aggregations.bucket.terms.TermsAggregatorFactory$ExecutionMode;
5800:             1             24  [Lorg.opensearch.search.aggregations.metrics.PercentilesMethod;
5801:             1             24  [Lorg.opensearch.search.aggregations.pipeline.HoltWintersModel$SeasonalityType;
5802:             1             24  [Lorg.opensearch.search.sort.SortOrder;
5803:             1             24  [Lorg.opensearch.security.ssl.transport.PrincipalExtractor$Type;
5804:             1             24  [Lorg.opensearch.security.support.SerializationFormat;
5805:             1             24  [Lorg.opensearch.securityanalytics.correlation.index.codec.CorrelationCodecVersion;
5806:             1             24  [Lorg.opensearch.sql.datasource.model.DataSourceStatus;
5807:             1             24  [Lorg.opensearch.timeseries.AnalysisType;
5808:             1             24  [Lorg.opensearch.timeseries.breaker.BreakerName;
5809:             1             24  [Lorg.opensearch.transport.RemoteConnectionStrategy$ConnectionStrategy;
5810:             1             24  [Lsun.security.rsa.RSAUtil$KeyType; (java.base@21.0.3)
5811:             1             24  [Lsun.security.ssl.Alert$Level; (java.base@21.0.3)
5812:             1             24  [Lsun.security.ssl.CertStatusExtension$CertStatusRequest; (java.base@21.0.3)
5813:             1             24  [Lsun.security.ssl.CertStatusExtension$CertStatusRequestType; (java.base@21.0.3)
5814:             1             24  [Lsun.security.ssl.PskKeyExchangeModesExtension$PskKeyExchangeMode; (java.base@21.0.3)
5815:             1             24  com.amazon.randomcutforest.state.RandomCutForestMapper
5816:             1             24  com.fasterxml.jackson.annotation.JsonFormat$Features
5817:             1             24  com.fasterxml.jackson.annotation.JsonFormat$Features
5818:             1             24  com.fasterxml.jackson.annotation.JsonFormat$Features
5819:             1             24  com.fasterxml.jackson.annotation.JsonIgnoreProperties$Value
5820:             1             24  com.fasterxml.jackson.annotation.JsonSetter$Value
5821:             1             24  com.fasterxml.jackson.annotation.JsonSetter$Value
5822:             1             24  com.fasterxml.jackson.annotation.JsonSetter$Value
5823:             1             24  com.fasterxml.jackson.core.ErrorReportConfiguration
5824:             1             24  com.fasterxml.jackson.databind.AnnotationIntrospector$ReferenceProperty
5825:             1             24  com.fasterxml.jackson.databind.cfg.ContextAttributes$Impl
5826:             1             24  com.fasterxml.jackson.databind.cfg.ContextAttributes$Impl
5827:             1             24  com.fasterxml.jackson.databind.cfg.ContextAttributes$Impl
5828:             1             24  com.fasterxml.jackson.databind.cfg.DefaultCacheProvider
5829:             1             24  com.fasterxml.jackson.databind.cfg.DefaultCacheProvider
5830:             1             24  com.fasterxml.jackson.databind.cfg.DefaultCacheProvider
5831:             1             24  com.fasterxml.jackson.databind.cfg.MutableCoercionConfig
5832:             1             24  com.fasterxml.jackson.databind.cfg.SerializerFactoryConfig
5833:             1             24  com.fasterxml.jackson.databind.cfg.SerializerFactoryConfig
5834:             1             24  com.fasterxml.jackson.databind.cfg.SerializerFactoryConfig
5835:             1             24  com.fasterxml.jackson.databind.deser.DeserializerCache
5836:             1             24  com.fasterxml.jackson.databind.deser.impl.FailingDeserializer
5837:             1             24  com.fasterxml.jackson.databind.deser.std.NumberDeserializers$NumberDeserializer
5838:             1             24  com.fasterxml.jackson.databind.deser.std.StringDeserializer
5839:             1             24  com.fasterxml.jackson.databind.deser.std.UntypedObjectDeserializerNR
5840:             1             24  com.fasterxml.jackson.databind.ext.OptionalHandlerFactory
5841:             1             24  com.fasterxml.jackson.databind.introspect.AnnotatedClass$Creators
5842:             1             24  com.fasterxml.jackson.databind.introspect.AnnotatedClass$Creators
5843:             1             24  com.fasterxml.jackson.databind.introspect.JacksonAnnotationIntrospector
5844:             1             24  com.fasterxml.jackson.databind.introspect.JacksonAnnotationIntrospector
5845:             1             24  com.fasterxml.jackson.databind.introspect.JacksonAnnotationIntrospector
5846:             1             24  com.fasterxml.jackson.databind.introspect.SimpleMixInResolver
5847:             1             24  com.fasterxml.jackson.databind.ser.SerializerCache
5848:             1             24  com.fasterxml.jackson.databind.ser.impl.FailingSerializer
5849:             1             24  com.fasterxml.jackson.databind.ser.impl.FailingSerializer
5850:             1             24  com.fasterxml.jackson.databind.ser.impl.FailingSerializer
5851:             1             24  com.fasterxml.jackson.databind.ser.impl.IndexedStringListSerializer
5852:             1             24  com.fasterxml.jackson.databind.ser.impl.ReadOnlyClassToSerializerMap
5853:             1             24  com.fasterxml.jackson.databind.ser.impl.StringCollectionSerializer
5854:             1             24  com.fasterxml.jackson.databind.ser.std.StdKeySerializers$Dynamic
5855:             1             24  com.fasterxml.jackson.databind.ser.std.UUIDSerializer
5856:             1             24  com.fasterxml.jackson.databind.ser.std.UUIDSerializer
5857:             1             24  com.fasterxml.jackson.databind.ser.std.UUIDSerializer
5858:             1             24  com.fasterxml.jackson.databind.util.internal.PrivateMaxEntriesMap$DrainStatus$1
5859:             1             24  com.fasterxml.jackson.databind.util.internal.PrivateMaxEntriesMap$DrainStatus$1
5860:             1             24  com.fasterxml.jackson.databind.util.internal.PrivateMaxEntriesMap$DrainStatus$1
5861:             1             24  com.fasterxml.jackson.databind.util.internal.PrivateMaxEntriesMap$DrainStatus$2
5862:             1             24  com.fasterxml.jackson.databind.util.internal.PrivateMaxEntriesMap$DrainStatus$2
5863:             1             24  com.fasterxml.jackson.databind.util.internal.PrivateMaxEntriesMap$DrainStatus$2
5864:             1             24  com.fasterxml.jackson.databind.util.internal.PrivateMaxEntriesMap$DrainStatus$3
5865:             1             24  com.fasterxml.jackson.databind.util.internal.PrivateMaxEntriesMap$DrainStatus$3
5866:             1             24  com.fasterxml.jackson.databind.util.internal.PrivateMaxEntriesMap$DrainStatus$3
5867:             1             24  com.fasterxml.jackson.databind.util.internal.PrivateMaxEntriesMap$EntrySet
5868:             1             24  com.google.common.cache.CacheBuilder$NullListener
5869:             1             24  com.google.common.cache.CacheBuilder$NullListener
5870:             1             24  com.google.common.cache.CacheBuilder$NullListener
5871:             1             24  com.google.common.cache.CacheBuilder$NullListener
5872:             1             24  com.google.common.cache.CacheBuilder$OneWeigher
5873:             1             24  com.google.common.cache.CacheBuilder$OneWeigher
5874:             1             24  com.google.common.cache.CacheBuilder$OneWeigher
5875:             1             24  com.google.common.cache.CacheBuilder$OneWeigher
5876:             1             24  com.google.common.cache.LocalCache$AccessQueue$1
5877:             1             24  com.google.common.cache.LocalCache$EntryFactory$1
5878:             1             24  com.google.common.cache.LocalCache$EntryFactory$1
5879:             1             24  com.google.common.cache.LocalCache$EntryFactory$1
5880:             1             24  com.google.common.cache.LocalCache$EntryFactory$1
5881:             1             24  com.google.common.cache.LocalCache$EntryFactory$2
5882:             1             24  com.google.common.cache.LocalCache$EntryFactory$2
5883:             1             24  com.google.common.cache.LocalCache$EntryFactory$2
5884:             1             24  com.google.common.cache.LocalCache$EntryFactory$2
5885:             1             24  com.google.common.cache.LocalCache$EntryFactory$3
5886:             1             24  com.google.common.cache.LocalCache$EntryFactory$3
5887:             1             24  com.google.common.cache.LocalCache$EntryFactory$3
5888:             1             24  com.google.common.cache.LocalCache$EntryFactory$3
5889:             1             24  com.google.common.cache.LocalCache$EntryFactory$4
5890:             1             24  com.google.common.cache.LocalCache$EntryFactory$4
5891:             1             24  com.google.common.cache.LocalCache$EntryFactory$4
5892:             1             24  com.google.common.cache.LocalCache$EntryFactory$4
5893:             1             24  com.google.common.cache.LocalCache$EntryFactory$5
5894:             1             24  com.google.common.cache.LocalCache$EntryFactory$5
5895:             1             24  com.google.common.cache.LocalCache$EntryFactory$5
5896:             1             24  com.google.common.cache.LocalCache$EntryFactory$5
5897:             1             24  com.google.common.cache.LocalCache$EntryFactory$6
5898:             1             24  com.google.common.cache.LocalCache$EntryFactory$6
5899:             1             24  com.google.common.cache.LocalCache$EntryFactory$6
5900:             1             24  com.google.common.cache.LocalCache$EntryFactory$6
5901:             1             24  com.google.common.cache.LocalCache$EntryFactory$7
5902:             1             24  com.google.common.cache.LocalCache$EntryFactory$7
5903:             1             24  com.google.common.cache.LocalCache$EntryFactory$7
5904:             1             24  com.google.common.cache.LocalCache$EntryFactory$7
5905:             1             24  com.google.common.cache.LocalCache$EntryFactory$8
5906:             1             24  com.google.common.cache.LocalCache$EntryFactory$8
5907:             1             24  com.google.common.cache.LocalCache$EntryFactory$8
5908:             1             24  com.google.common.cache.LocalCache$EntryFactory$8
5909:             1             24  com.google.common.cache.LocalCache$Strength$1
5910:             1             24  com.google.common.cache.LocalCache$Strength$1
5911:             1             24  com.google.common.cache.LocalCache$Strength$1
5912:             1             24  com.google.common.cache.LocalCache$Strength$1
5913:             1             24  com.google.common.cache.LocalCache$Strength$2
5914:             1             24  com.google.common.cache.LocalCache$Strength$2
5915:             1             24  com.google.common.cache.LocalCache$Strength$2
5916:             1             24  com.google.common.cache.LocalCache$Strength$2
5917:             1             24  com.google.common.cache.LocalCache$Strength$3
5918:             1             24  com.google.common.cache.LocalCache$Strength$3
5919:             1             24  com.google.common.cache.LocalCache$Strength$3
5920:             1             24  com.google.common.cache.LocalCache$Strength$3
5921:             1             24  com.google.common.collect.HashBiMap$Inverse
5922:             1             24  com.google.common.collect.ImmutableEntry
5923:             1             24  com.google.common.collect.ImmutableMapEntrySet$RegularEntrySet
5924:             1             24  com.google.common.collect.ImmutableMapEntrySet$RegularEntrySet
5925:             1             24  com.google.common.collect.ImmutableSet$EmptySetBuilderImpl
5926:             1             24  com.google.common.collect.ImmutableSet$EmptySetBuilderImpl
5927:             1             24  com.google.common.collect.Maps$EntryFunction$1
5928:             1             24  com.google.common.collect.Maps$EntryFunction$2
5929:             1             24  com.google.gson.FieldNamingPolicy$1
5930:             1             24  com.google.gson.FieldNamingPolicy$2
5931:             1             24  com.google.gson.FieldNamingPolicy$3
5932:             1             24  com.google.gson.FieldNamingPolicy$4
5933:             1             24  com.google.gson.FieldNamingPolicy$5
5934:             1             24  com.google.gson.FieldNamingPolicy$6
5935:             1             24  com.google.gson.LongSerializationPolicy$1
5936:             1             24  com.google.gson.LongSerializationPolicy$2
5937:             1             24  com.google.gson.ToNumberPolicy$1
5938:             1             24  com.google.gson.ToNumberPolicy$2
5939:             1             24  com.google.gson.ToNumberPolicy$3
5940:             1             24  com.google.gson.ToNumberPolicy$4
5941:             1             24  com.google.gson.internal.ConstructorConstructor
5942:             1             24  com.google.gson.internal.bind.MapTypeAdapterFactory
5943:             1             24  com.google.gson.internal.bind.TypeAdapters$32
5944:             1             24  com.google.gson.internal.reflect.UnsafeReflectionAccessor
5945:             1             24  com.google.gson.reflect.TypeToken
5946:             1             24  com.nimbusds.jose.jwk.JWKSet
5947:             1             24  com.password4j.BcryptFunction
5948:             1             24  com.sun.jmx.mbeanserver.ClassLoaderRepositorySupport (java.management@21.0.3)
5949:             1             24  com.sun.jmx.mbeanserver.MXBeanLookup (java.management@21.0.3)
5950:             1             24  com.sun.jmx.remote.util.ClassLogger (java.management@21.0.3)
5951:             1             24  com.sun.jna.Structure$3
5952:             1             24  com.sun.jna.WeakMemoryHolder
5953:             1             24  com.sun.jna.internal.Cleaner
5954:             1             24  com.sun.management.internal.HotSpotThreadImpl (jdk.management@21.0.3)
5955:             1             24  com.sun.management.internal.PlatformMBeanProviderImpl$2 (jdk.management@21.0.3)
5956:             1             24  com.sun.management.internal.PlatformMBeanProviderImpl$5 (jdk.management@21.0.3)
5957:             1             24  io.netty.buffer.UnpooledByteBufAllocator
5958:             1             24  io.netty.buffer.UnpooledByteBufAllocator$UnpooledByteBufAllocatorMetric
5959:             1             24  io.netty.channel.ChannelOption$1
5960:             1             24  io.netty.channel.WriteBufferWaterMark
5961:             1             24  io.netty.resolver.DefaultAddressResolverGroup
5962:             1             24  io.netty.util.AttributeKey$1
5963:             1             24  io.netty.util.AttributeKey$1
5964:             1             24  io.netty.util.ResourceLeakDetectorFactory$DefaultResourceLeakDetectorFactory
5965:             1             24  io.netty.util.concurrent.DefaultEventExecutorChooserFactory$PowerOfTwoEventExecutorChooser
5966:             1             24  io.netty.util.concurrent.FailedFuture
5967:             1             24  io.netty.util.concurrent.FailedFuture
5968:             1             24  io.netty.util.internal.DefaultPriorityQueue
5969:             1             24  io.netty.util.internal.ThreadExecutorMap$3
5970:             1             24  io.netty.util.internal.ThreadExecutorMap$3
5971:             1             24  io.protostuff.ByteString
5972:             1             24  io.protostuff.runtime.ArraySchema$1
5973:             1             24  io.protostuff.runtime.ArraySchemas$BigDecimalArray$1
5974:             1             24  io.protostuff.runtime.ArraySchemas$BigIntegerArray$1
5975:             1             24  io.protostuff.runtime.ArraySchemas$ByteArrayArray$1
5976:             1             24  io.protostuff.runtime.ArraySchemas$ByteStringArray$1
5977:             1             24  io.protostuff.runtime.ArraySchemas$DateArray$1
5978:             1             24  io.protostuff.runtime.ArraySchemas$StringArray$1
5979:             1             24  io.protostuff.runtime.ClassSchema$1
5980:             1             24  io.protostuff.runtime.DerivativeSchema$1
5981:             1             24  io.protostuff.runtime.IdStrategy$1
5982:             1             24  io.protostuff.runtime.IdStrategy$11
5983:             1             24  io.protostuff.runtime.IdStrategy$13
5984:             1             24  io.protostuff.runtime.IdStrategy$15
5985:             1             24  io.protostuff.runtime.IdStrategy$17
5986:             1             24  io.protostuff.runtime.IdStrategy$19
5987:             1             24  io.protostuff.runtime.IdStrategy$2
5988:             1             24  io.protostuff.runtime.IdStrategy$21
5989:             1             24  io.protostuff.runtime.IdStrategy$23
5990:             1             24  io.protostuff.runtime.IdStrategy$25
5991:             1             24  io.protostuff.runtime.IdStrategy$3
5992:             1             24  io.protostuff.runtime.IdStrategy$4
5993:             1             24  io.protostuff.runtime.IdStrategy$5
5994:             1             24  io.protostuff.runtime.IdStrategy$6
5995:             1             24  io.protostuff.runtime.IdStrategy$7
5996:             1             24  io.protostuff.runtime.IdStrategy$9
5997:             1             24  io.protostuff.runtime.NumberSchema$1
5998:             1             24  io.protostuff.runtime.ObjectSchema$1
5999:             1             24  io.protostuff.runtime.PolymorphicEnumSchema$1
6000:             1             24  io.protostuff.runtime.PolymorphicSchemaFactories$1
6001:             1             24  io.protostuff.runtime.PolymorphicSchemaFactories$10
6002:             1             24  io.protostuff.runtime.PolymorphicSchemaFactories$11
6003:             1             24  io.protostuff.runtime.PolymorphicSchemaFactories$2
6004:             1             24  io.protostuff.runtime.PolymorphicSchemaFactories$3
6005:             1             24  io.protostuff.runtime.PolymorphicSchemaFactories$4
6006:             1             24  io.protostuff.runtime.PolymorphicSchemaFactories$5
6007:             1             24  io.protostuff.runtime.PolymorphicSchemaFactories$6
6008:             1             24  io.protostuff.runtime.PolymorphicSchemaFactories$7
6009:             1             24  io.protostuff.runtime.PolymorphicSchemaFactories$8
6010:             1             24  io.protostuff.runtime.PolymorphicSchemaFactories$9
6011:             1             24  io.protostuff.runtime.PolymorphicThrowableSchema$1
6012:             1             24  java.io.ObjectInputStream$Caches$1 (java.base@21.0.3)
6013:             1             24  java.io.ObjectStreamClass$Caches$1 (java.base@21.0.3)
6014:             1             24  java.io.ObjectStreamClass$Caches$2 (java.base@21.0.3)
6015:             1             24  java.io.UnixFileSystem (java.base@21.0.3)
6016:             1             24  java.lang.ProcessEnvironment$StringEnvironment (java.base@21.0.3)
6017:             1             24  java.lang.ProcessHandleImpl$$Lambda/0x00007fcd28165b30 (java.base@21.0.3)
6018:             1             24  java.lang.StackWalker$ExtendedOption (java.base@21.0.3)
6019:             1             24  java.lang.Thread$Caches$1 (java.base@21.0.3)
6020:             1             24  java.lang.invoke.MethodHandleImpl$ArrayAccessor$1 (java.base@21.0.3)
6021:             1             24  java.lang.invoke.MethodHandleImpl$BindCaller$1 (java.base@21.0.3)
6022:             1             24  java.lang.invoke.MethodType$ConcurrentWeakInternSet (java.base@21.0.3)
6023:             1             24  java.lang.invoke.VarHandles$1 (java.base@21.0.3)
6024:             1             24  java.lang.reflect.Proxy$1 (java.base@21.0.3)
6025:             1             24  java.math.MutableBigInteger (java.base@21.0.3)
6026:             1             24  java.net.Inet6AddressImpl (java.base@21.0.3)
6027:             1             24  java.nio.file.FileVisitOption (java.base@21.0.3)
6028:             1             24  java.nio.file.LinkOption (java.base@21.0.3)
6029:             1             24  java.nio.file.LinkPermission (java.base@21.0.3)
6030:             1             24  java.security.Policy$PolicyInfo (java.base@21.0.3)
6031:             1             24  java.security.Policy$UnsupportedEmptyCollection (java.base@21.0.3)
6032:             1             24  java.time.Period (java.base@21.0.3)
6033:             1             24  java.time.chrono.HijrahEra (java.base@21.0.3)
6034:             1             24  java.time.format.DecimalStyle (java.base@21.0.3)
6035:             1             24  java.time.temporal.IsoFields$Field$1 (java.base@21.0.3)
6036:             1             24  java.time.temporal.IsoFields$Field$2 (java.base@21.0.3)
6037:             1             24  java.time.temporal.IsoFields$Field$3 (java.base@21.0.3)
6038:             1             24  java.time.temporal.IsoFields$Field$4 (java.base@21.0.3)
6039:             1             24  java.time.zone.TzdbZoneRulesProvider (java.base@21.0.3)
6040:             1             24  java.util.Collections$3 (java.base@21.0.3)
6041:             1             24  java.util.Collections$EmptyMap (java.base@21.0.3)
6042:             1             24  java.util.Collections$UnmodifiableNavigableSet$EmptyNavigableSet (java.base@21.0.3)
6043:             1             24  java.util.Comparator$$Lambda/0x00007fcd284ddfe0 (java.base@21.0.3)
6044:             1             24  java.util.Comparator$$Lambda/0x00007fcd289f3bc8 (java.base@21.0.3)
6045:             1             24  java.util.Comparators$NaturalOrderComparator (java.base@21.0.3)
6046:             1             24  java.util.Comparators$NullComparator (java.base@21.0.3)
6047:             1             24  java.util.Formatter (java.base@21.0.3)
6048:             1             24  java.util.ImmutableCollections$MapN$MapNIterator (java.base@21.0.3)
6049:             1             24  java.util.Locale$Cache (java.base@21.0.3)
6050:             1             24  java.util.Locale$LocaleKey (java.base@21.0.3)
6051:             1             24  java.util.OptionalDouble (java.base@21.0.3)
6052:             1             24  java.util.OptionalInt (java.base@21.0.3)
6053:             1             24  java.util.OptionalLong (java.base@21.0.3)
6054:             1             24  java.util.ResourceBundle$Control$CandidateListCache (java.base@21.0.3)
6055:             1             24  java.util.ServiceLoader$2 (java.base@21.0.3)
6056:             1             24  java.util.concurrent.ConcurrentLinkedDeque (java.base@21.0.3)
6057:             1             24  java.util.concurrent.FutureTask$WaitNode (java.base@21.0.3)
6058:             1             24  java.util.function.Consumer$$Lambda/0x00007fcd29179e90 (java.base@21.0.3)
6059:             1             24  java.util.function.Function$$Lambda/0x00007fcd2806ad20 (java.base@21.0.3)
6060:             1             24  java.util.logging.LogManager$LoggerContext (java.logging@21.0.3)
6061:             1             24  java.util.logging.LogManager$SystemLoggerContext (java.logging@21.0.3)
6062:             1             24  java.util.regex.Pattern$$Lambda/0x00007fcd282fb048 (java.base@21.0.3)
6063:             1             24  java.util.regex.Pattern$Pos (java.base@21.0.3)
6064:             1             24  javax.naming.ldap.LdapName (java.naming@21.0.3)
6065:             1             24  jdk.internal.icu.impl.Norm2AllModes (java.base@21.0.3)
6066:             1             24  jdk.internal.icu.impl.Norm2AllModes$ComposeNormalizer2 (java.base@21.0.3)
6067:             1             24  jdk.internal.icu.impl.Norm2AllModes$Norm2AllModesSingleton (java.base@21.0.3)
6068:             1             24  jdk.internal.jimage.ImageReader (java.base@21.0.3)
6069:             1             24  jdk.internal.logger.BootstrapLogger$RedirectedLoggers (java.base@21.0.3)
6070:             1             24  jdk.internal.module.ModuleHashes (java.base@21.0.3)
6071:             1             24  jdk.internal.module.SystemModuleFinders$SystemModuleFinder (java.base@21.0.3)
6072:             1             24  jdk.internal.ref.CleanerImpl (java.base@21.0.3)
6073:             1             24  jdk.internal.vm.ThreadContainers$RootContainer$TrackingRootContainer (java.base@21.0.3)
6074:             1             24  jdk.jfr.internal.management.StreamManager (jdk.jfr@21.0.3)
6075:             1             24  jdk.management.jfr.internal.FlightRecorderMXBeanProvider$SingleMBeanComponent (jdk.management.jfr@21.0.3)
6076:             1             24  jdk.nio.zipfs.ZipCoder$UTF8 (jdk.zipfs@21.0.3)
6077:             1             24  joptsimple.BuiltinHelpFormatter
6078:             1             24  joptsimple.internal.MethodInvokingValueConverter
6079:             1             24  kotlin.SynchronizedLazyImpl
6080:             1             24  kotlin.coroutines.CombinedContext
6081:             1             24  kotlin.coroutines.CombinedContext
6082:             1             24  kotlin.coroutines.CombinedContext
6083:             1             24  kotlin.ranges.IntRange
6084:             1             24  kotlin.ranges.IntRange
6085:             1             24  kotlin.ranges.IntRange
6086:             1             24  kotlinx.coroutines.CoroutineDispatcher$Key
6087:             1             24  kotlinx.coroutines.CoroutineDispatcher$Key
6088:             1             24  kotlinx.coroutines.CoroutineDispatcher$Key
6089:             1             24  kotlinx.coroutines.CoroutineDispatcher$Key
6090:             1             24  kotlinx.coroutines.CoroutineDispatcher$Key
6091:             1             24  kotlinx.coroutines.ExecutorCoroutineDispatcher$Key
6092:             1             24  kotlinx.coroutines.ExecutorCoroutineDispatcher$Key
6093:             1             24  kotlinx.coroutines.ExecutorCoroutineDispatcher$Key
6094:             1             24  kotlinx.coroutines.ExecutorCoroutineDispatcher$Key
6095:             1             24  kotlinx.coroutines.ExecutorCoroutineDispatcher$Key
6096:             1             24  kotlinx.coroutines.ExecutorCoroutineDispatcherImpl
6097:             1             24  kotlinx.coroutines.JobImpl
6098:             1             24  kotlinx.coroutines.JobImpl
6099:             1             24  kotlinx.coroutines.SupervisorJobImpl
6100:             1             24  org.apache.commons.lang3.tuple.ImmutablePair
6101:             1             24  org.apache.commons.pool2.impl.BaseGenericObjectPool$Evictor
6102:             1             24  org.apache.logging.log4j.core.appender.ConsoleAppender$Target$1
6103:             1             24  org.apache.logging.log4j.core.appender.ConsoleAppender$Target$2
6104:             1             24  org.apache.logging.log4j.core.async.ThreadNameCachingStrategy$1
6105:             1             24  org.apache.logging.log4j.core.async.ThreadNameCachingStrategy$2
6106:             1             24  org.apache.logging.log4j.core.config.LoggerConfig$LoggerConfigPredicate$1
6107:             1             24  org.apache.logging.log4j.core.config.LoggerConfig$LoggerConfigPredicate$2
6108:             1             24  org.apache.logging.log4j.core.config.LoggerConfig$LoggerConfigPredicate$3
6109:             1             24  org.apache.logging.log4j.core.config.Loggers
6110:             1             24  org.apache.logging.log4j.core.config.plugins.util.PluginRegistry
6111:             1             24  org.apache.logging.log4j.core.impl.Log4jContextFactory
6112:             1             24  org.apache.logging.log4j.core.pattern.IntegerPatternConverter
6113:             1             24  org.apache.logging.log4j.core.pattern.LevelPatternConverter$SimpleLevelPatternConverter
6114:             1             24  org.apache.logging.log4j.core.pattern.LineSeparatorPatternConverter
6115:             1             24  org.apache.logging.log4j.core.pattern.MessagePatternConverter$SimpleMessagePatternConverter
6116:             1             24  org.apache.logging.log4j.core.pattern.PatternParser
6117:             1             24  org.apache.logging.log4j.core.pattern.SimpleLiteralPatternConverter$Space
6118:             1             24  org.apache.logging.log4j.core.pattern.ThreadNamePatternConverter
6119:             1             24  org.apache.logging.log4j.core.util.Source
6120:             1             24  org.apache.logging.log4j.jul.CoreLoggerAdapter
6121:             1             24  org.apache.logging.log4j.jul.DefaultLevelConverter
6122:             1             24  org.apache.logging.log4j.spi.LoggerRegistry
6123:             1             24  org.apache.logging.slf4j.Log4jLoggerFactory
6124:             1             24  org.apache.logging.slf4j.Log4jLoggerFactory
6125:             1             24  org.apache.logging.slf4j.Log4jMarker
6126:             1             24  org.apache.logging.slf4j.Log4jMarker
6127:             1             24  org.apache.lucene.analysis.CharArrayMap$EntrySet
6128:             1             24  org.apache.lucene.analysis.Tokenizer$1
6129:             1             24  org.apache.lucene.backward_codecs.lucene70.Lucene70Codec$1
6130:             1             24  org.apache.lucene.backward_codecs.lucene70.Lucene70Codec$2
6131:             1             24  org.apache.lucene.backward_codecs.lucene80.Lucene80Codec$1
6132:             1             24  org.apache.lucene.backward_codecs.lucene80.Lucene80Codec$2
6133:             1             24  org.apache.lucene.backward_codecs.lucene84.Lucene84Codec$1
6134:             1             24  org.apache.lucene.backward_codecs.lucene84.Lucene84Codec$2
6135:             1             24  org.apache.lucene.backward_codecs.lucene86.Lucene86Codec$1
6136:             1             24  org.apache.lucene.backward_codecs.lucene86.Lucene86Codec$2
6137:             1             24  org.apache.lucene.backward_codecs.lucene90.Lucene90Codec$1
6138:             1             24  org.apache.lucene.backward_codecs.lucene90.Lucene90Codec$2
6139:             1             24  org.apache.lucene.backward_codecs.lucene90.Lucene90Codec$3
6140:             1             24  org.apache.lucene.backward_codecs.lucene90.Lucene90HnswVectorsFormat
6141:             1             24  org.apache.lucene.codecs.lucene90.IndexedDISI$Method$1
6142:             1             24  org.apache.lucene.codecs.lucene90.IndexedDISI$Method$2
6143:             1             24  org.apache.lucene.codecs.lucene90.IndexedDISI$Method$3
6144:             1             24  org.apache.lucene.index.Impact
6145:             1             24  org.apache.lucene.index.VectorSimilarityFunction$1
6146:             1             24  org.apache.lucene.index.VectorSimilarityFunction$2
6147:             1             24  org.apache.lucene.index.VectorSimilarityFunction$3
6148:             1             24  org.apache.lucene.index.VectorSimilarityFunction$4
6149:             1             24  org.apache.lucene.sandbox.codecs.idversion.IDVersionPostingsFormat
6150:             1             24  org.apache.lucene.search.BooleanClause$Occur$1
6151:             1             24  org.apache.lucene.search.BooleanClause$Occur$2
6152:             1             24  org.apache.lucene.search.BooleanClause$Occur$3
6153:             1             24  org.apache.lucene.search.BooleanClause$Occur$4
6154:             1             24  org.apache.lucene.search.MultiCollector
6155:             1             24  org.apache.lucene.search.TotalHitCountCollector
6156:             1             24  org.apache.lucene.search.suggest.document.Completion50PostingsFormat
6157:             1             24  org.apache.lucene.search.suggest.document.Completion84PostingsFormat
6158:             1             24  org.apache.lucene.search.suggest.document.Completion90PostingsFormat
6159:             1             24  org.apache.lucene.search.suggest.document.Completion99PostingsFormat
6160:             1             24  org.apache.lucene.search.vectorhighlight.SimpleBoundaryScanner
6161:             1             24  org.apache.lucene.util.AttributeFactory$1
6162:             1             24  org.apache.lucene.util.AttributeSource$2
6163:             1             24  org.apache.lucene.util.HotspotVMOptions$$Lambda/0x00007fcd280c55c0
6164:             1             24  org.bouncycastle.asn1.ASN1Integer$1
6165:             1             24  org.bouncycastle.asn1.ASN1Null$1
6166:             1             24  org.bouncycastle.asn1.ASN1ObjectIdentifier$1
6167:             1             24  org.bouncycastle.asn1.ASN1OctetString$1
6168:             1             24  org.bouncycastle.asn1.ASN1RelativeOID$1
6169:             1             24  org.bouncycastle.asn1.ASN1Sequence$1
6170:             1             24  org.bouncycastle.asn1.ASN1Set$1
6171:             1             24  org.bouncycastle.asn1.DLSequence
6172:             1             24  org.bouncycastle.asn1.DLSet
6173:             1             24  org.bouncycastle.jcajce.provider.asymmetric.edec.KeyFactorySpi$Ed25519
6174:             1             24  org.bouncycastle.jcajce.provider.asymmetric.edec.KeyFactorySpi$Ed448
6175:             1             24  org.bouncycastle.jcajce.provider.asymmetric.edec.KeyFactorySpi$X25519
6176:             1             24  org.bouncycastle.jcajce.provider.asymmetric.edec.KeyFactorySpi$X448
6177:             1             24  org.bouncycastle.util.BigIntegers$Cache
6178:             1             24  org.bouncycastle.util.encoders.Base64Encoder
6179:             1             24  org.bouncycastle.util.encoders.HexEncoder
6180:             1             24  org.greenrobot.eventbus.AsyncPoster
6181:             1             24  org.greenrobot.eventbus.BackgroundPoster
6182:             1             24  org.greenrobot.eventbus.EventBus$1
6183:             1             24  org.greenrobot.eventbus.SubscriberMethodFinder
6184:             1             24  org.jcodings.util.BytesHash
6185:             1             24  org.joda.time.format.DateTimeFormatterBuilder$UnpaddedNumber
6186:             1             24  org.locationtech.jts.geom.GeometryFactory
6187:             1             24  org.locationtech.jts.geom.PrecisionModel
6188:             1             24  org.locationtech.spatial4j.io.jts.JtsBinaryCodec
6189:             1             24  org.locationtech.spatial4j.shape.impl.ShapeFactoryImpl
6190:             1             24  org.opensearch.action.ActionRunnable$2
6191:             1             24  org.opensearch.action.admin.cluster.allocation.ClusterAllocationExplainAction
6192:             1             24  org.opensearch.action.admin.cluster.configuration.AddVotingConfigExclusionsAction
6193:             1             24  org.opensearch.action.admin.cluster.configuration.ClearVotingConfigExclusionsAction
6194:             1             24  org.opensearch.action.admin.cluster.decommission.awareness.delete.DeleteDecommissionStateAction
6195:             1             24  org.opensearch.action.admin.cluster.decommission.awareness.get.GetDecommissionStateAction
6196:             1             24  org.opensearch.action.admin.cluster.decommission.awareness.put.DecommissionAction
6197:             1             24  org.opensearch.action.admin.cluster.health.ClusterHealthAction
6198:             1             24  org.opensearch.action.admin.cluster.node.hotthreads.NodeHotThreads
6199:             1             24  org.opensearch.action.admin.cluster.node.hotthreads.NodesHotThreadsAction
6200:             1             24  org.opensearch.action.admin.cluster.node.hotthreads.TransportNodesHotThreadsAction$NodeRequest
6201:             1             24  org.opensearch.action.admin.cluster.node.info.NodesInfoAction
6202:             1             24  org.opensearch.action.admin.cluster.node.info.PluginsAndModules
6203:             1             24  org.opensearch.action.admin.cluster.node.info.TransportNodesInfoAction$NodeInfoRequest
6204:             1             24  org.opensearch.action.admin.cluster.node.reload.NodesReloadSecureSettingsAction
6205:             1             24  org.opensearch.action.admin.cluster.node.stats.NodesStatsAction
6206:             1             24  org.opensearch.action.admin.cluster.node.tasks.cancel.CancelTasksAction
6207:             1             24  org.opensearch.action.admin.cluster.node.tasks.get.GetTaskAction
6208:             1             24  org.opensearch.action.admin.cluster.node.tasks.list.ListTasksAction
6209:             1             24  org.opensearch.action.admin.cluster.node.usage.NodesUsageAction
6210:             1             24  org.opensearch.action.admin.cluster.remote.RemoteInfoAction
6211:             1             24  org.opensearch.action.admin.cluster.remotestore.restore.RestoreRemoteStoreAction
6212:             1             24  org.opensearch.action.admin.cluster.remotestore.stats.RemoteStoreStatsAction
6213:             1             24  org.opensearch.action.admin.cluster.repositories.cleanup.CleanupRepositoryAction
6214:             1             24  org.opensearch.action.admin.cluster.repositories.delete.DeleteRepositoryAction
6215:             1             24  org.opensearch.action.admin.cluster.repositories.get.GetRepositoriesAction
6216:             1             24  org.opensearch.action.admin.cluster.repositories.put.PutRepositoryAction
6217:             1             24  org.opensearch.action.admin.cluster.repositories.verify.VerifyRepositoryAction
6218:             1             24  org.opensearch.action.admin.cluster.reroute.ClusterRerouteAction
6219:             1             24  org.opensearch.action.admin.cluster.settings.ClusterUpdateSettingsAction
6220:             1             24  org.opensearch.action.admin.cluster.shards.ClusterSearchShardsAction
6221:             1             24  org.opensearch.action.admin.cluster.shards.routing.weighted.delete.ClusterDeleteWeightedRoutingAction
6222:             1             24  org.opensearch.action.admin.cluster.shards.routing.weighted.get.ClusterGetWeightedRoutingAction
6223:             1             24  org.opensearch.action.admin.cluster.shards.routing.weighted.put.ClusterAddWeightedRoutingAction
6224:             1             24  org.opensearch.action.admin.cluster.snapshots.clone.CloneSnapshotAction
6225:             1             24  org.opensearch.action.admin.cluster.snapshots.create.CreateSnapshotAction
6226:             1             24  org.opensearch.action.admin.cluster.snapshots.delete.DeleteSnapshotAction
6227:             1             24  org.opensearch.action.admin.cluster.snapshots.get.GetSnapshotsAction
6228:             1             24  org.opensearch.action.admin.cluster.snapshots.restore.RestoreSnapshotAction
6229:             1             24  org.opensearch.action.admin.cluster.snapshots.status.SnapshotsStatusAction
6230:             1             24  org.opensearch.action.admin.cluster.state.ClusterStateAction
6231:             1             24  org.opensearch.action.admin.cluster.stats.ClusterStatsAction
6232:             1             24  org.opensearch.action.admin.cluster.storedscripts.DeleteStoredScriptAction
6233:             1             24  org.opensearch.action.admin.cluster.storedscripts.GetScriptContextAction
6234:             1             24  org.opensearch.action.admin.cluster.storedscripts.GetScriptLanguageAction
6235:             1             24  org.opensearch.action.admin.cluster.storedscripts.GetStoredScriptAction
6236:             1             24  org.opensearch.action.admin.cluster.storedscripts.PutStoredScriptAction
6237:             1             24  org.opensearch.action.admin.cluster.tasks.PendingClusterTasksAction
6238:             1             24  org.opensearch.action.admin.indices.alias.IndicesAliasesAction
6239:             1             24  org.opensearch.action.admin.indices.alias.get.GetAliasesAction
6240:             1             24  org.opensearch.action.admin.indices.analyze.AnalyzeAction
6241:             1             24  org.opensearch.action.admin.indices.cache.clear.ClearIndicesCacheAction
6242:             1             24  org.opensearch.action.admin.indices.close.CloseIndexAction
6243:             1             24  org.opensearch.action.admin.indices.create.AutoCreateAction
6244:             1             24  org.opensearch.action.admin.indices.create.CreateIndexAction
6245:             1             24  org.opensearch.action.admin.indices.dangling.delete.DeleteDanglingIndexAction
6246:             1             24  org.opensearch.action.admin.indices.dangling.find.FindDanglingIndexAction
6247:             1             24  org.opensearch.action.admin.indices.dangling.import_index.ImportDanglingIndexAction
6248:             1             24  org.opensearch.action.admin.indices.dangling.list.ListDanglingIndicesAction
6249:             1             24  org.opensearch.action.admin.indices.datastream.CreateDataStreamAction
6250:             1             24  org.opensearch.action.admin.indices.datastream.DataStreamsStatsAction
6251:             1             24  org.opensearch.action.admin.indices.datastream.DeleteDataStreamAction
6252:             1             24  org.opensearch.action.admin.indices.datastream.GetDataStreamAction
6253:             1             24  org.opensearch.action.admin.indices.delete.DeleteIndexAction
6254:             1             24  org.opensearch.action.admin.indices.exists.indices.IndicesExistsAction
6255:             1             24  org.opensearch.action.admin.indices.flush.FlushAction
6256:             1             24  org.opensearch.action.admin.indices.forcemerge.ForceMergeAction
6257:             1             24  org.opensearch.action.admin.indices.get.GetIndexAction
6258:             1             24  org.opensearch.action.admin.indices.mapping.get.GetFieldMappingsAction
6259:             1             24  org.opensearch.action.admin.indices.mapping.get.GetMappingsAction
6260:             1             24  org.opensearch.action.admin.indices.mapping.put.AutoPutMappingAction
6261:             1             24  org.opensearch.action.admin.indices.mapping.put.PutMappingAction
6262:             1             24  org.opensearch.action.admin.indices.open.OpenIndexAction
6263:             1             24  org.opensearch.action.admin.indices.readonly.AddIndexBlockAction
6264:             1             24  org.opensearch.action.admin.indices.recovery.RecoveryAction
6265:             1             24  org.opensearch.action.admin.indices.refresh.RefreshAction
6266:             1             24  org.opensearch.action.admin.indices.replication.SegmentReplicationStatsAction
6267:             1             24  org.opensearch.action.admin.indices.resolve.ResolveIndexAction
6268:             1             24  org.opensearch.action.admin.indices.rollover.MaxAgeCondition
6269:             1             24  org.opensearch.action.admin.indices.rollover.RolloverAction
6270:             1             24  org.opensearch.action.admin.indices.segments.IndicesSegmentsAction
6271:             1             24  org.opensearch.action.admin.indices.segments.PitSegmentsAction
6272:             1             24  org.opensearch.action.admin.indices.settings.get.GetSettingsAction
6273:             1             24  org.opensearch.action.admin.indices.settings.put.UpdateSettingsAction
6274:             1             24  org.opensearch.action.admin.indices.shards.IndicesShardStoresAction
6275:             1             24  org.opensearch.action.admin.indices.shrink.ResizeAction
6276:             1             24  org.opensearch.action.admin.indices.stats.IndicesStatsAction
6277:             1             24  org.opensearch.action.admin.indices.template.delete.DeleteComponentTemplateAction
6278:             1             24  org.opensearch.action.admin.indices.template.delete.DeleteComposableIndexTemplateAction
6279:             1             24  org.opensearch.action.admin.indices.template.delete.DeleteIndexTemplateAction
6280:             1             24  org.opensearch.action.admin.indices.template.get.GetComponentTemplateAction
6281:             1             24  org.opensearch.action.admin.indices.template.get.GetComposableIndexTemplateAction
6282:             1             24  org.opensearch.action.admin.indices.template.get.GetIndexTemplatesAction
6283:             1             24  org.opensearch.action.admin.indices.template.post.SimulateIndexTemplateAction
6284:             1             24  org.opensearch.action.admin.indices.template.post.SimulateTemplateAction
6285:             1             24  org.opensearch.action.admin.indices.template.put.PutComponentTemplateAction
6286:             1             24  org.opensearch.action.admin.indices.template.put.PutComposableIndexTemplateAction
6287:             1             24  org.opensearch.action.admin.indices.template.put.PutIndexTemplateAction
6288:             1             24  org.opensearch.action.admin.indices.upgrade.get.UpgradeStatusAction
6289:             1             24  org.opensearch.action.admin.indices.upgrade.post.UpgradeAction
6290:             1             24  org.opensearch.action.admin.indices.upgrade.post.UpgradeSettingsAction
6291:             1             24  org.opensearch.action.admin.indices.validate.query.ValidateQueryAction
6292:             1             24  org.opensearch.action.bulk.BulkAction
6293:             1             24  org.opensearch.action.delete.DeleteAction
6294:             1             24  org.opensearch.action.explain.ExplainAction
6295:             1             24  org.opensearch.action.fieldcaps.FieldCapabilitiesAction
6296:             1             24  org.opensearch.action.get.GetAction
6297:             1             24  org.opensearch.action.get.MultiGetAction
6298:             1             24  org.opensearch.action.index.IndexAction
6299:             1             24  org.opensearch.action.ingest.DeletePipelineAction
6300:             1             24  org.opensearch.action.ingest.GetPipelineAction
6301:             1             24  org.opensearch.action.ingest.IngestActionForwarder
6302:             1             24  org.opensearch.action.ingest.PutPipelineAction
6303:             1             24  org.opensearch.action.ingest.SimulatePipelineAction
6304:             1             24  org.opensearch.action.main.MainAction
6305:             1             24  org.opensearch.action.search.ClearScrollAction
6306:             1             24  org.opensearch.action.search.CreatePitAction
6307:             1             24  org.opensearch.action.search.DeletePitAction
6308:             1             24  org.opensearch.action.search.DeleteSearchPipelineAction
6309:             1             24  org.opensearch.action.search.GetAllPitsAction
6310:             1             24  org.opensearch.action.search.GetSearchPipelineAction
6311:             1             24  org.opensearch.action.search.MultiSearchAction
6312:             1             24  org.opensearch.action.search.PutSearchPipelineAction
6313:             1             24  org.opensearch.action.search.SearchAction
6314:             1             24  org.opensearch.action.search.SearchPhaseController
6315:             1             24  org.opensearch.action.search.SearchRequestStats
6316:             1             24  org.opensearch.action.search.SearchResponse$Clusters
6317:             1             24  org.opensearch.action.search.SearchScrollAction
6318:             1             24  org.opensearch.action.search.SearchShard
6319:             1             24  org.opensearch.action.search.SearchTransportService
6320:             1             24  org.opensearch.action.support.AutoCreateIndex
6321:             1             24  org.opensearch.action.support.AutoCreateIndex$AutoCreate
6322:             1             24  org.opensearch.action.support.clustermanager.term.GetTermVersionAction
6323:             1             24  org.opensearch.action.support.tasks.TransportTasksAction$NodeTransportHandler$$Lambda/0x00007fcd2923fa70
6324:             1             24  org.opensearch.action.termvectors.MultiTermVectorsAction
6325:             1             24  org.opensearch.action.termvectors.TermVectorsAction
6326:             1             24  org.opensearch.action.update.UpdateAction
6327:             1             24  org.opensearch.ad.ratelimit.ADSaveResultStrategy
6328:             1             24  org.opensearch.ad.rest.RestAnomalyDetectorJobAction
6329:             1             24  org.opensearch.ad.rest.RestDeleteAnomalyDetectorAction
6330:             1             24  org.opensearch.ad.rest.RestDeleteAnomalyResultsAction
6331:             1             24  org.opensearch.ad.rest.RestGetAnomalyDetectorAction
6332:             1             24  org.opensearch.ad.rest.RestPreviewAnomalyDetectorAction
6333:             1             24  org.opensearch.ad.rest.RestSearchAnomalyDetectorInfoAction
6334:             1             24  org.opensearch.ad.rest.RestSearchTopAnomalyResultAction
6335:             1             24  org.opensearch.ad.settings.ADEnabledSetting
6336:             1             24  org.opensearch.ad.settings.ADNumericSetting
6337:             1             24  org.opensearch.ad.stats.suppliers.ADModelsOnNodeCountSupplier
6338:             1             24  org.opensearch.ad.stats.suppliers.ADModelsOnNodeSupplier
6339:             1             24  org.opensearch.ad.transport.ADBatchAnomalyResultAction
6340:             1             24  org.opensearch.ad.transport.ADBatchTaskRemoteExecutionAction
6341:             1             24  org.opensearch.ad.transport.ADCancelTaskAction
6342:             1             24  org.opensearch.ad.transport.ADEntityProfileAction
6343:             1             24  org.opensearch.ad.transport.ADProfileAction
6344:             1             24  org.opensearch.ad.transport.ADResultBulkAction
6345:             1             24  org.opensearch.ad.transport.ADSingleStreamResultAction
6346:             1             24  org.opensearch.ad.transport.ADStatsNodesAction
6347:             1             24  org.opensearch.ad.transport.ADTaskProfileAction
6348:             1             24  org.opensearch.ad.transport.AnomalyDetectorJobAction
6349:             1             24  org.opensearch.ad.transport.AnomalyResultAction
6350:             1             24  org.opensearch.ad.transport.CronAction
6351:             1             24  org.opensearch.ad.transport.DeleteADModelAction
6352:             1             24  org.opensearch.ad.transport.DeleteAnomalyDetectorAction
6353:             1             24  org.opensearch.ad.transport.DeleteAnomalyResultsAction
6354:             1             24  org.opensearch.ad.transport.EntityADResultAction
6355:             1             24  org.opensearch.ad.transport.ForwardADTaskAction
6356:             1             24  org.opensearch.ad.transport.GetAnomalyDetectorAction
6357:             1             24  org.opensearch.ad.transport.IndexAnomalyDetectorAction
6358:             1             24  org.opensearch.ad.transport.PreviewAnomalyDetectorAction
6359:             1             24  org.opensearch.ad.transport.RCFPollingAction
6360:             1             24  org.opensearch.ad.transport.RCFResultAction
6361:             1             24  org.opensearch.ad.transport.SearchADTasksAction
6362:             1             24  org.opensearch.ad.transport.SearchAnomalyDetectorAction
6363:             1             24  org.opensearch.ad.transport.SearchAnomalyDetectorInfoAction
6364:             1             24  org.opensearch.ad.transport.SearchAnomalyResultAction
6365:             1             24  org.opensearch.ad.transport.SearchTopAnomalyResultAction
6366:             1             24  org.opensearch.ad.transport.StatsAnomalyDetectorAction
6367:             1             24  org.opensearch.ad.transport.StopDetectorAction
6368:             1             24  org.opensearch.ad.transport.ThresholdResultAction
6369:             1             24  org.opensearch.ad.transport.ValidateAnomalyDetectorAction
6370:             1             24  org.opensearch.ad.transport.handler.ADIndexMemoryPressureAwareResultHandler
6371:             1             24  org.opensearch.ad.transport.handler.ADSearchHandler
6372:             1             24  org.opensearch.agent.ToolPlugin
6373:             1             24  org.opensearch.agent.tools.NeuralSparseSearchTool$Factory
6374:             1             24  org.opensearch.agent.tools.RAGTool$Factory
6375:             1             24  org.opensearch.agent.tools.SearchAnomalyDetectorsTool$Factory
6376:             1             24  org.opensearch.agent.tools.SearchAnomalyResultsTool$Factory
6377:             1             24  org.opensearch.agent.tools.VectorDBTool$Factory
6378:             1             24  org.opensearch.alerting.MonitorRunnerService
6379:             1             24  org.opensearch.alerting.WorkflowService
6380:             1             24  org.opensearch.alerting.action.DocLevelMonitorFanOutAction
6381:             1             24  org.opensearch.alerting.action.ExecuteMonitorAction
6382:             1             24  org.opensearch.alerting.action.ExecuteWorkflowAction
6383:             1             24  org.opensearch.alerting.action.GetDestinationsAction
6384:             1             24  org.opensearch.alerting.action.GetEmailAccountAction
6385:             1             24  org.opensearch.alerting.action.GetEmailGroupAction
6386:             1             24  org.opensearch.alerting.action.GetRemoteIndexesAction
6387:             1             24  org.opensearch.alerting.action.SearchEmailAccountAction
6388:             1             24  org.opensearch.alerting.action.SearchEmailGroupAction
6389:             1             24  org.opensearch.alerting.core.ScheduledJobIndices
6390:             1             24  org.opensearch.alerting.core.action.node.ScheduledJobsStatsAction
6391:             1             24  org.opensearch.alerting.core.lock.LockService
6392:             1             24  org.opensearch.alerting.core.resthandler.RestScheduledJobStatsHandler
6393:             1             24  org.opensearch.alerting.model.destination.DestinationContextFactory
6394:             1             24  org.opensearch.alerting.resthandler.RestAcknowledgeAlertAction
6395:             1             24  org.opensearch.alerting.resthandler.RestAcknowledgeChainedAlertAction
6396:             1             24  org.opensearch.alerting.resthandler.RestDeleteAlertingCommentAction
6397:             1             24  org.opensearch.alerting.resthandler.RestDeleteMonitorAction
6398:             1             24  org.opensearch.alerting.resthandler.RestDeleteWorkflowAction
6399:             1             24  org.opensearch.alerting.resthandler.RestExecuteMonitorAction
6400:             1             24  org.opensearch.alerting.resthandler.RestExecuteWorkflowAction
6401:             1             24  org.opensearch.alerting.resthandler.RestGetAlertsAction
6402:             1             24  org.opensearch.alerting.resthandler.RestGetDestinationsAction
6403:             1             24  org.opensearch.alerting.resthandler.RestGetEmailAccountAction
6404:             1             24  org.opensearch.alerting.resthandler.RestGetEmailGroupAction
6405:             1             24  org.opensearch.alerting.resthandler.RestGetFindingsAction
6406:             1             24  org.opensearch.alerting.resthandler.RestGetMonitorAction
6407:             1             24  org.opensearch.alerting.resthandler.RestGetRemoteIndexesAction
6408:             1             24  org.opensearch.alerting.resthandler.RestGetWorkflowAction
6409:             1             24  org.opensearch.alerting.resthandler.RestGetWorkflowAlertsAction
6410:             1             24  org.opensearch.alerting.resthandler.RestIndexAlertingCommentAction
6411:             1             24  org.opensearch.alerting.resthandler.RestIndexMonitorAction
6412:             1             24  org.opensearch.alerting.resthandler.RestIndexWorkflowAction
6413:             1             24  org.opensearch.alerting.resthandler.RestSearchAlertingCommentAction
6414:             1             24  org.opensearch.alerting.resthandler.RestSearchEmailAccountAction
6415:             1             24  org.opensearch.alerting.resthandler.RestSearchEmailGroupAction
6416:             1             24  org.opensearch.bootstrap.OpenSearchPolicy$SystemPolicy
6417:             1             24  org.opensearch.bootstrap.Spawner
6418:             1             24  org.opensearch.cli.Command$$Lambda/0x00007fcd280261f0
6419:             1             24  org.opensearch.cli.Terminal$SystemTerminal
6420:             1             24  org.opensearch.cluster.InternalClusterInfoService$IndicesStatsSummary
6421:             1             24  org.opensearch.cluster.action.index.MappingUpdatedAction$AdjustableSemaphore
6422:             1             24  org.opensearch.cluster.action.index.NodeMappingRefreshAction
6423:             1             24  org.opensearch.cluster.action.shard.ShardStateAction$ShardFailedTransportHandler
6424:             1             24  org.opensearch.cluster.action.shard.ShardStateAction$ShardStartedTransportHandler
6425:             1             24  org.opensearch.cluster.block.ClusterBlocks
6426:             1             24  org.opensearch.cluster.coordination.JoinHelper$$Lambda/0x00007fcd28cf7350
6427:             1             24  org.opensearch.cluster.coordination.JoinHelper$$Lambda/0x00007fcd28cf7788
6428:             1             24  org.opensearch.cluster.coordination.JoinHelper$$Lambda/0x00007fcd28cf7bc0
6429:             1             24  org.opensearch.cluster.coordination.JoinHelper$$Lambda/0x00007fcd28cf8000
6430:             1             24  org.opensearch.cluster.coordination.PublicationTransportHandler$$Lambda/0x00007fcd28cfbee8
6431:             1             24  org.opensearch.cluster.metadata.AutoExpandReplicas
6432:             1             24  org.opensearch.cluster.metadata.DiffableStringMap$DiffableStringMapDiff
6433:             1             24  org.opensearch.cluster.metadata.IndexMetadata$6
6434:             1             24  org.opensearch.cluster.metadata.Manifest$1
6435:             1             24  org.opensearch.cluster.metadata.Metadata$1
6436:             1             24  org.opensearch.cluster.node.DiscoveryNodeRole$1
6437:             1             24  org.opensearch.cluster.node.DiscoveryNodeRole$2
6438:             1             24  org.opensearch.cluster.node.DiscoveryNodeRole$3
6439:             1             24  org.opensearch.cluster.node.DiscoveryNodeRole$4
6440:             1             24  org.opensearch.cluster.node.DiscoveryNodeRole$5
6441:             1             24  org.opensearch.cluster.node.DiscoveryNodeRole$6
6442:             1             24  org.opensearch.cluster.routing.RoutingNodes$Recoveries
6443:             1             24  org.opensearch.cluster.routing.allocation.AwarenessReplicaBalance
6444:             1             24  org.opensearch.cluster.routing.allocation.decider.AwarenessAllocationDecider
6445:             1             24  org.opensearch.cluster.routing.allocation.decider.DiskThresholdDecider
6446:             1             24  org.opensearch.cluster.routing.allocation.decider.EnableAllocationDecider
6447:             1             24  org.opensearch.cluster.routing.allocation.decider.RemoteStoreMigrationAllocationDecider
6448:             1             24  org.opensearch.cluster.routing.allocation.decider.ShardsLimitAllocationDecider
6449:             1             24  org.opensearch.common.LocalTimeOffset$NoPrevious
6450:             1             24  org.opensearch.common.MemoizedSupplier
6451:             1             24  org.opensearch.common.Rounding$TimeIntervalRounding
6452:             1             24  org.opensearch.common.Rounding$TimeIntervalRounding$FixedRounding
6453:             1             24  org.opensearch.common.TimeBasedUUIDGenerator
6454:             1             24  org.opensearch.common.cache.service.CacheService
6455:             1             24  org.opensearch.common.cache.stats.ImmutableCacheStatsHolder
6456:             1             24  org.opensearch.common.cache.stats.ImmutableCacheStatsHolder$Node
6457:             1             24  org.opensearch.common.cache.store.OpenSearchOnHeapCache$$Lambda/0x00007fcd292f0a50
6458:             1             24  org.opensearch.common.inject.Key$NullAnnotationStrategy
6459:             1             24  org.opensearch.common.lease.Releasables$$Lambda/0x00007fcd2920a480
6460:             1             24  org.opensearch.common.lucene.ShardCoreKeyMap
6461:             1             24  org.opensearch.common.path.PathTrie
6462:             1             24  org.opensearch.common.settings.ClusterSettings$LoggingSettingUpdater
6463:             1             24  org.opensearch.common.settings.Setting$$Lambda/0x00007fcd280caec0
6464:             1             24  org.opensearch.common.settings.Settings$Builder
6465:             1             24  org.opensearch.common.settings.SettingsFilter
6466:             1             24  org.opensearch.common.ssl.SslClientAuthenticationMode$1
6467:             1             24  org.opensearch.common.ssl.SslClientAuthenticationMode$2
6468:             1             24  org.opensearch.common.ssl.SslClientAuthenticationMode$3
6469:             1             24  org.opensearch.common.ssl.SslVerificationMode$1
6470:             1             24  org.opensearch.common.ssl.SslVerificationMode$2
6471:             1             24  org.opensearch.common.ssl.SslVerificationMode$3
6472:             1             24  org.opensearch.common.time.EpochTime$1
6473:             1             24  org.opensearch.common.time.EpochTime$2
6474:             1             24  org.opensearch.common.time.EpochTime$3
6475:             1             24  org.opensearch.common.time.EpochTime$4
6476:             1             24  org.opensearch.common.time.EpochTime$5
6477:             1             24  org.opensearch.common.time.RFC3339CompatibleDateTimeFormatter
6478:             1             24  org.opensearch.common.unit.SizeUnit$1
6479:             1             24  org.opensearch.common.unit.SizeUnit$2
6480:             1             24  org.opensearch.common.unit.SizeUnit$3
6481:             1             24  org.opensearch.common.unit.SizeUnit$4
6482:             1             24  org.opensearch.common.unit.SizeUnit$5
6483:             1             24  org.opensearch.common.unit.SizeUnit$6
6484:             1             24  org.opensearch.common.util.PageCacheRecycler$Type$1
6485:             1             24  org.opensearch.common.util.PageCacheRecycler$Type$2
6486:             1             24  org.opensearch.common.util.PageCacheRecycler$Type$3
6487:             1             24  org.opensearch.common.util.concurrent.AtomicArray
6488:             1             24  org.opensearch.common.xcontent.ParseFieldRegistry
6489:             1             24  org.opensearch.commons.utils.HelpersKt$logger$1
6490:             1             24  org.opensearch.core.common.io.stream.ByteBufferStreamInput
6491:             1             24  org.opensearch.core.common.unit.ByteSizeUnit$1
6492:             1             24  org.opensearch.core.common.unit.ByteSizeUnit$2
6493:             1             24  org.opensearch.core.common.unit.ByteSizeUnit$3
6494:             1             24  org.opensearch.core.common.unit.ByteSizeUnit$4
6495:             1             24  org.opensearch.core.common.unit.ByteSizeUnit$5
6496:             1             24  org.opensearch.core.common.unit.ByteSizeUnit$6
6497:             1             24  org.opensearch.core.xcontent.ObjectParser$$Lambda/0x00007fcd287ef810
6498:             1             24  org.opensearch.core.xcontent.ObjectParser$$Lambda/0x00007fcd29095918
6499:             1             24  org.opensearch.core.xcontent.XContentLocation
6500:             1             24  org.opensearch.core.xcontent.XContentParser$Token$1
6501:             1             24  org.opensearch.core.xcontent.XContentParser$Token$10
6502:             1             24  org.opensearch.core.xcontent.XContentParser$Token$2
6503:             1             24  org.opensearch.core.xcontent.XContentParser$Token$3
6504:             1             24  org.opensearch.core.xcontent.XContentParser$Token$4
6505:             1             24  org.opensearch.core.xcontent.XContentParser$Token$5
6506:             1             24  org.opensearch.core.xcontent.XContentParser$Token$6
6507:             1             24  org.opensearch.core.xcontent.XContentParser$Token$7
6508:             1             24  org.opensearch.core.xcontent.XContentParser$Token$8
6509:             1             24  org.opensearch.core.xcontent.XContentParser$Token$9
6510:             1             24  org.opensearch.crypto.CryptoHandlerRegistry
6511:             1             24  org.opensearch.discovery.HandshakingTransportAddressConnector
6512:             1             24  org.opensearch.env.NodeMetadata
6513:             1             24  org.opensearch.env.NodeMetadata$NodeMetadataStateFormat
6514:             1             24  org.opensearch.env.OpenSearchFileStore
6515:             1             24  org.opensearch.flowframework.rest.RestCreateWorkflowAction
6516:             1             24  org.opensearch.flowframework.rest.RestDeleteWorkflowAction
6517:             1             24  org.opensearch.flowframework.rest.RestDeprovisionWorkflowAction
6518:             1             24  org.opensearch.flowframework.rest.RestGetWorkflowAction
6519:             1             24  org.opensearch.flowframework.rest.RestGetWorkflowStateAction
6520:             1             24  org.opensearch.flowframework.rest.RestGetWorkflowStepAction
6521:             1             24  org.opensearch.flowframework.rest.RestProvisionWorkflowAction
6522:             1             24  org.opensearch.flowframework.transport.CreateWorkflowAction
6523:             1             24  org.opensearch.flowframework.transport.DeleteWorkflowAction
6524:             1             24  org.opensearch.flowframework.transport.DeprovisionWorkflowAction
6525:             1             24  org.opensearch.flowframework.transport.GetWorkflowAction
6526:             1             24  org.opensearch.flowframework.transport.GetWorkflowStateAction
6527:             1             24  org.opensearch.flowframework.transport.GetWorkflowStepAction
6528:             1             24  org.opensearch.flowframework.transport.ProvisionWorkflowAction
6529:             1             24  org.opensearch.flowframework.transport.SearchWorkflowAction
6530:             1             24  org.opensearch.flowframework.transport.SearchWorkflowStateAction
6531:             1             24  org.opensearch.flowframework.workflow.WorkflowStepFactory$$Lambda/0x00007fcd28a4deb0
6532:             1             24  org.opensearch.flowframework.workflow.WorkflowStepFactory$$Lambda/0x00007fcd28a4e0d0
6533:             1             24  org.opensearch.flowframework.workflow.WorkflowStepFactory$$Lambda/0x00007fcd28a4e950
6534:             1             24  org.opensearch.flowframework.workflow.WorkflowStepFactory$$Lambda/0x00007fcd28a4f1d0
6535:             1             24  org.opensearch.flowframework.workflow.WorkflowStepFactory$$Lambda/0x00007fcd28a4f610
6536:             1             24  org.opensearch.flowframework.workflow.WorkflowStepFactory$$Lambda/0x00007fcd28a4fc80
6537:             1             24  org.opensearch.flowframework.workflow.WorkflowStepFactory$$Lambda/0x00007fcd28a50220
6538:             1             24  org.opensearch.flowframework.workflow.WorkflowStepFactory$$Lambda/0x00007fcd28a50440
6539:             1             24  org.opensearch.forecast.ratelimit.ForecastSaveResultStrategy
6540:             1             24  org.opensearch.forecast.rest.RestDeleteForecasterAction
6541:             1             24  org.opensearch.forecast.rest.RestForecasterJobAction
6542:             1             24  org.opensearch.forecast.rest.RestForecasterSuggestAction
6543:             1             24  org.opensearch.forecast.rest.RestGetForecasterAction
6544:             1             24  org.opensearch.forecast.rest.RestRunOnceForecasterAction
6545:             1             24  org.opensearch.forecast.rest.RestSearchForecasterInfoAction
6546:             1             24  org.opensearch.forecast.rest.RestSearchTopForecastResultAction
6547:             1             24  org.opensearch.forecast.settings.ForecastEnabledSetting
6548:             1             24  org.opensearch.forecast.settings.ForecastNumericSetting
6549:             1             24  org.opensearch.forecast.stats.ForecastModelsOnNodeSupplier
6550:             1             24  org.opensearch.forecast.transport.DeleteForecastModelAction
6551:             1             24  org.opensearch.forecast.transport.DeleteForecasterAction
6552:             1             24  org.opensearch.forecast.transport.EntityForecastResultAction
6553:             1             24  org.opensearch.forecast.transport.ForecastEntityProfileAction
6554:             1             24  org.opensearch.forecast.transport.ForecastProfileAction
6555:             1             24  org.opensearch.forecast.transport.ForecastResultAction
6556:             1             24  org.opensearch.forecast.transport.ForecastResultBulkAction
6557:             1             24  org.opensearch.forecast.transport.ForecastRunOnceAction
6558:             1             24  org.opensearch.forecast.transport.ForecastRunOnceProfileAction
6559:             1             24  org.opensearch.forecast.transport.ForecastSingleStreamResultAction
6560:             1             24  org.opensearch.forecast.transport.ForecastStatsNodesAction
6561:             1             24  org.opensearch.forecast.transport.ForecasterJobAction
6562:             1             24  org.opensearch.forecast.transport.GetForecasterAction
6563:             1             24  org.opensearch.forecast.transport.IndexForecasterAction
6564:             1             24  org.opensearch.forecast.transport.SearchForecastTasksAction
6565:             1             24  org.opensearch.forecast.transport.SearchForecasterAction
6566:             1             24  org.opensearch.forecast.transport.SearchForecasterInfoAction
6567:             1             24  org.opensearch.forecast.transport.SearchTopForecastResultAction
6568:             1             24  org.opensearch.forecast.transport.StatsForecasterAction
6569:             1             24  org.opensearch.forecast.transport.StopForecasterAction
6570:             1             24  org.opensearch.forecast.transport.SuggestForecasterParamAction
6571:             1             24  org.opensearch.forecast.transport.ValidateForecasterAction
6572:             1             24  org.opensearch.forecast.transport.handler.ForecastIndexMemoryPressureAwareResultHandler
6573:             1             24  org.opensearch.forecast.transport.handler.ForecastSearchHandler
6574:             1             24  org.opensearch.gateway.GatewayAllocator$InternalPrimaryShardAllocator
6575:             1             24  org.opensearch.gateway.GatewayAllocator$InternalReplicaShardAllocator
6576:             1             24  org.opensearch.gateway.GatewayService$$Lambda/0x00007fcd28ddc838
6577:             1             24  org.opensearch.gateway.PersistedClusterStateService$MetadataIndexWriter
6578:             1             24  org.opensearch.gateway.ShardsBatchGatewayAllocator$InternalPrimaryBatchShardAllocator
6579:             1             24  org.opensearch.gateway.ShardsBatchGatewayAllocator$InternalReplicaBatchShardAllocator
6580:             1             24  org.opensearch.geospatial.action.upload.geojson.UploadGeoJSONAction
6581:             1             24  org.opensearch.geospatial.ip2geo.action.DeleteDatasourceAction
6582:             1             24  org.opensearch.geospatial.ip2geo.action.GetDatasourceAction
6583:             1             24  org.opensearch.geospatial.ip2geo.action.PutDatasourceAction
6584:             1             24  org.opensearch.geospatial.ip2geo.action.RestDeleteDatasourceHandler
6585:             1             24  org.opensearch.geospatial.ip2geo.action.RestGetDatasourceHandler
6586:             1             24  org.opensearch.geospatial.ip2geo.action.RestUpdateDatasourceHandler
6587:             1             24  org.opensearch.geospatial.ip2geo.action.UpdateDatasourceAction
6588:             1             24  org.opensearch.geospatial.ip2geo.common.Ip2GeoLockService
6589:             1             24  org.opensearch.geospatial.ip2geo.dao.DatasourceDao
6590:             1             24  org.opensearch.geospatial.rest.action.upload.geojson.RestUploadGeoJSONAction
6591:             1             24  org.opensearch.geospatial.stats.upload.RestUploadStatsAction
6592:             1             24  org.opensearch.geospatial.stats.upload.UploadStats
6593:             1             24  org.opensearch.geospatial.stats.upload.UploadStatsAction
6594:             1             24  org.opensearch.http.HttpInfo
6595:             1             24  org.opensearch.http.HttpTracer
6596:             1             24  org.opensearch.http.netty4.Netty4HttpRequestCreator
6597:             1             24  org.opensearch.http.netty4.Netty4HttpRequestHandler
6598:             1             24  org.opensearch.http.netty4.Netty4HttpResponseCreator
6599:             1             24  org.opensearch.http.netty4.Netty4HttpServerChannel
6600:             1             24  org.opensearch.http.netty4.Netty4HttpServerTransport$ServerChannelExceptionHandler
6601:             1             24  org.opensearch.index.SegmentReplicationStatsTracker
6602:             1             24  org.opensearch.index.analysis.AnalysisRegistry$Component$1
6603:             1             24  org.opensearch.index.analysis.AnalysisRegistry$Component$2
6604:             1             24  org.opensearch.index.analysis.AnalysisRegistry$Component$3
6605:             1             24  org.opensearch.index.analysis.AnalysisRegistry$Component$4
6606:             1             24  org.opensearch.index.analysis.AnalysisRegistry$Component$5
6607:             1             24  org.opensearch.index.analysis.PreConfiguredCharFilter$2
6608:             1             24  org.opensearch.index.codec.customcodecs.QatDeflate99Codec
6609:             1             24  org.opensearch.index.codec.customcodecs.QatLz499Codec
6610:             1             24  org.opensearch.index.codec.customcodecs.Zstd99Codec
6611:             1             24  org.opensearch.index.codec.customcodecs.ZstdNoDict99Codec
6612:             1             24  org.opensearch.index.codec.customcodecs.backward_codecs.Zstd95Codec
6613:             1             24  org.opensearch.index.codec.customcodecs.backward_codecs.Zstd95DeprecatedCodec
6614:             1             24  org.opensearch.index.codec.customcodecs.backward_codecs.ZstdNoDict95Codec
6615:             1             24  org.opensearch.index.codec.fuzzy.FuzzyFilterPostingsFormat
6616:             1             24  org.opensearch.index.engine.Engine$$Lambda/0x00007fcd2935ecc8
6617:             1             24  org.opensearch.index.mapper.DefaultDerivedFieldResolver
6618:             1             24  org.opensearch.index.mapper.DynamicTemplate$MatchType$1
6619:             1             24  org.opensearch.index.mapper.DynamicTemplate$MatchType$2
6620:             1             24  org.opensearch.index.mapper.DynamicTemplate$XContentFieldType$1
6621:             1             24  org.opensearch.index.mapper.DynamicTemplate$XContentFieldType$2
6622:             1             24  org.opensearch.index.mapper.DynamicTemplate$XContentFieldType$3
6623:             1             24  org.opensearch.index.mapper.DynamicTemplate$XContentFieldType$4
6624:             1             24  org.opensearch.index.mapper.DynamicTemplate$XContentFieldType$5
6625:             1             24  org.opensearch.index.mapper.DynamicTemplate$XContentFieldType$6
6626:             1             24  org.opensearch.index.mapper.DynamicTemplate$XContentFieldType$7
6627:             1             24  org.opensearch.index.mapper.ObjectMapper$Nested
6628:             1             24  org.opensearch.index.mapper.RangeType$LengthType$1
6629:             1             24  org.opensearch.index.mapper.RangeType$LengthType$2
6630:             1             24  org.opensearch.index.mapper.RangeType$LengthType$3
6631:             1             24  org.opensearch.index.mapper.RangeType$LengthType$4
6632:             1             24  org.opensearch.index.query.MatchNoneQueryBuilder
6633:             1             24  org.opensearch.index.query.ParsedQuery
6634:             1             24  org.opensearch.index.query.support.NestedScope
6635:             1             24  org.opensearch.index.rankeval.RankEvalAction
6636:             1             24  org.opensearch.index.rankeval.RestRankEvalAction
6637:             1             24  org.opensearch.index.reindex.DeleteByQueryAction
6638:             1             24  org.opensearch.index.reindex.ReindexAction
6639:             1             24  org.opensearch.index.reindex.ReindexSslConfig
6640:             1             24  org.opensearch.index.reindex.RestDeleteByQueryAction
6641:             1             24  org.opensearch.index.reindex.RestDeleteByQueryAction
6642:             1             24  org.opensearch.index.reindex.RestReindexAction
6643:             1             24  org.opensearch.index.reindex.RestRethrottleAction
6644:             1             24  org.opensearch.index.reindex.RestUpdateByQueryAction
6645:             1             24  org.opensearch.index.reindex.RethrottleAction
6646:             1             24  org.opensearch.index.reindex.UpdateByQueryAction
6647:             1             24  org.opensearch.index.remote.RemoteStorePressureService
6648:             1             24  org.opensearch.index.remote.RemoteStoreStatsTrackerFactory
6649:             1             24  org.opensearch.index.seqno.RetentionLeaseActions$Add
6650:             1             24  org.opensearch.index.seqno.RetentionLeaseActions$Remove
6651:             1             24  org.opensearch.index.seqno.RetentionLeaseActions$Renew
6652:             1             24  org.opensearch.index.seqno.RetentionLeases$1
6653:             1             24  org.opensearch.index.shard.IndexShard$$Lambda/0x00007fcd29302238
6654:             1             24  org.opensearch.index.shard.PrimaryReplicaSyncer
6655:             1             24  org.opensearch.index.shard.ShardStateMetadata$1
6656:             1             24  org.opensearch.index.store.RemoteSegmentStoreDirectoryFactory
6657:             1             24  org.opensearch.index.store.remote.directory.RemoteSnapshotDirectoryFactory
6658:             1             24  org.opensearch.indexmanagement.controlcenter.notification.ControlCenterIndices
6659:             1             24  org.opensearch.indexmanagement.controlcenter.notification.action.delete.DeleteLRONConfigAction
6660:             1             24  org.opensearch.indexmanagement.controlcenter.notification.action.get.GetLRONConfigAction
6661:             1             24  org.opensearch.indexmanagement.controlcenter.notification.action.index.IndexLRONConfigAction
6662:             1             24  org.opensearch.indexmanagement.controlcenter.notification.resthandler.RestDeleteLRONConfigAction
6663:             1             24  org.opensearch.indexmanagement.controlcenter.notification.resthandler.RestGetLRONConfigAction
6664:             1             24  org.opensearch.indexmanagement.controlcenter.notification.resthandler.RestIndexLRONConfigAction
6665:             1             24  org.opensearch.indexmanagement.indexstatemanagement.ExtensionStatusChecker
6666:             1             24  org.opensearch.indexmanagement.indexstatemanagement.ISMActionsParser
6667:             1             24  org.opensearch.indexmanagement.indexstatemanagement.SkipExecution
6668:             1             24  org.opensearch.indexmanagement.indexstatemanagement.action.AliasActionParser
6669:             1             24  org.opensearch.indexmanagement.indexstatemanagement.resthandler.RestAddPolicyAction
6670:             1             24  org.opensearch.indexmanagement.indexstatemanagement.resthandler.RestChangePolicyAction
6671:             1             24  org.opensearch.indexmanagement.indexstatemanagement.resthandler.RestDeletePolicyAction
6672:             1             24  org.opensearch.indexmanagement.indexstatemanagement.resthandler.RestExplainAction
6673:             1             24  org.opensearch.indexmanagement.indexstatemanagement.resthandler.RestGetPolicyAction
6674:             1             24  org.opensearch.indexmanagement.indexstatemanagement.resthandler.RestRemovePolicyAction
6675:             1             24  org.opensearch.indexmanagement.indexstatemanagement.resthandler.RestRetryFailedManagedIndexAction
6676:             1             24  org.opensearch.indexmanagement.indexstatemanagement.transport.action.addpolicy.AddPolicyAction
6677:             1             24  org.opensearch.indexmanagement.indexstatemanagement.transport.action.changepolicy.ChangePolicyAction
6678:             1             24  org.opensearch.indexmanagement.indexstatemanagement.transport.action.deletepolicy.DeletePolicyAction
6679:             1             24  org.opensearch.indexmanagement.indexstatemanagement.transport.action.explain.ExplainAction
6680:             1             24  org.opensearch.indexmanagement.indexstatemanagement.transport.action.getpolicy.GetPoliciesAction
6681:             1             24  org.opensearch.indexmanagement.indexstatemanagement.transport.action.getpolicy.GetPolicyAction
6682:             1             24  org.opensearch.indexmanagement.indexstatemanagement.transport.action.indexpolicy.IndexPolicyAction
6683:             1             24  org.opensearch.indexmanagement.indexstatemanagement.transport.action.managedIndex.ManagedIndexAction
6684:             1             24  org.opensearch.indexmanagement.indexstatemanagement.transport.action.removepolicy.RemovePolicyAction
6685:             1             24  org.opensearch.indexmanagement.indexstatemanagement.transport.action.retryfailedmanagedindex.RetryFailedManagedIndexAction
6686:             1             24  org.opensearch.indexmanagement.indexstatemanagement.transport.action.updateindexmetadata.UpdateManagedIndexMetaDataAction
6687:             1             24  org.opensearch.indexmanagement.indexstatemanagement.validation.ActionValidation
6688:             1             24  org.opensearch.indexmanagement.refreshanalyzer.RefreshSearchAnalyzerAction
6689:             1             24  org.opensearch.indexmanagement.refreshanalyzer.RestRefreshSearchAnalyzerAction
6690:             1             24  org.opensearch.indexmanagement.rollup.RollupIndexer
6691:             1             24  org.opensearch.indexmanagement.rollup.RollupMetadataService
6692:             1             24  org.opensearch.indexmanagement.rollup.action.delete.DeleteRollupAction
6693:             1             24  org.opensearch.indexmanagement.rollup.action.explain.ExplainRollupAction
6694:             1             24  org.opensearch.indexmanagement.rollup.action.get.GetRollupAction
6695:             1             24  org.opensearch.indexmanagement.rollup.action.get.GetRollupsAction
6696:             1             24  org.opensearch.indexmanagement.rollup.action.index.IndexRollupAction
6697:             1             24  org.opensearch.indexmanagement.rollup.action.mapping.UpdateRollupMappingAction
6698:             1             24  org.opensearch.indexmanagement.rollup.action.start.StartRollupAction
6699:             1             24  org.opensearch.indexmanagement.rollup.action.stop.StopRollupAction
6700:             1             24  org.opensearch.indexmanagement.rollup.resthandler.RestDeleteRollupAction
6701:             1             24  org.opensearch.indexmanagement.rollup.resthandler.RestExplainRollupAction
6702:             1             24  org.opensearch.indexmanagement.rollup.resthandler.RestGetRollupAction
6703:             1             24  org.opensearch.indexmanagement.rollup.resthandler.RestIndexRollupAction
6704:             1             24  org.opensearch.indexmanagement.rollup.resthandler.RestStartRollupAction
6705:             1             24  org.opensearch.indexmanagement.rollup.resthandler.RestStopRollupAction
6706:             1             24  org.opensearch.indexmanagement.snapshotmanagement.api.resthandler.RestCreateSMPolicyHandler
6707:             1             24  org.opensearch.indexmanagement.snapshotmanagement.api.resthandler.RestDeleteSMPolicyHandler
6708:             1             24  org.opensearch.indexmanagement.snapshotmanagement.api.resthandler.RestExplainSMPolicyHandler
6709:             1             24  org.opensearch.indexmanagement.snapshotmanagement.api.resthandler.RestGetSMPolicyHandler
6710:             1             24  org.opensearch.indexmanagement.snapshotmanagement.api.resthandler.RestStartSMPolicyHandler
6711:             1             24  org.opensearch.indexmanagement.snapshotmanagement.api.resthandler.RestStopSMPolicyHandler
6712:             1             24  org.opensearch.indexmanagement.snapshotmanagement.api.resthandler.RestUpdateSMPolicyHandler
6713:             1             24  org.opensearch.indexmanagement.transform.TransformMetadataService
6714:             1             24  org.opensearch.indexmanagement.transform.action.delete.DeleteTransformsAction
6715:             1             24  org.opensearch.indexmanagement.transform.action.explain.ExplainTransformAction
6716:             1             24  org.opensearch.indexmanagement.transform.action.get.GetTransformAction
6717:             1             24  org.opensearch.indexmanagement.transform.action.get.GetTransformsAction
6718:             1             24  org.opensearch.indexmanagement.transform.action.index.IndexTransformAction
6719:             1             24  org.opensearch.indexmanagement.transform.action.preview.PreviewTransformAction
6720:             1             24  org.opensearch.indexmanagement.transform.action.start.StartTransformAction
6721:             1             24  org.opensearch.indexmanagement.transform.action.stop.StopTransformAction
6722:             1             24  org.opensearch.indexmanagement.transform.resthandler.RestDeleteTransformAction
6723:             1             24  org.opensearch.indexmanagement.transform.resthandler.RestExplainTransformAction
6724:             1             24  org.opensearch.indexmanagement.transform.resthandler.RestGetTransformAction
6725:             1             24  org.opensearch.indexmanagement.transform.resthandler.RestIndexTransformAction
6726:             1             24  org.opensearch.indexmanagement.transform.resthandler.RestPreviewTransformAction
6727:             1             24  org.opensearch.indexmanagement.transform.resthandler.RestStartTransformAction
6728:             1             24  org.opensearch.indexmanagement.transform.resthandler.RestStopTransformAction
6729:             1             24  org.opensearch.indices.IndexingMemoryController$ShardsIndicesStatusChecker
6730:             1             24  org.opensearch.indices.IndicesRequestCache$Loader
6731:             1             24  org.opensearch.indices.IndicesService$$Lambda/0x00007fcd292fd460
6732:             1             24  org.opensearch.indices.IndicesService$1
6733:             1             24  org.opensearch.indices.SystemIndices
6734:             1             24  org.opensearch.indices.analysis.AnalysisModule
6735:             1             24  org.opensearch.indices.analysis.HunspellService$$Lambda/0x00007fcd28657528
6736:             1             24  org.opensearch.indices.fielddata.cache.IndicesFieldDataCache
6737:             1             24  org.opensearch.indices.recovery.PeerRecoveryTargetService$FileChunkTransportRequestHandler
6738:             1             24  org.opensearch.indices.replication.OngoingSegmentReplications
6739:             1             24  org.opensearch.indices.replication.SegmentReplicationSourceFactory
6740:             1             24  org.opensearch.indices.replication.SegmentReplicationTargetService$FileChunkTransportRequestHandler
6741:             1             24  org.opensearch.ingest.common.GrokProcessor$Factory
6742:             1             24  org.opensearch.ingest.common.GrokProcessorGetAction
6743:             1             24  org.opensearch.ingest.common.GrokProcessorGetAction$RestAction
6744:             1             24  org.opensearch.ingest.geoip.GeoIpProcessor$Factory
6745:             1             24  org.opensearch.knn.index.KNNCircuitBreaker
6746:             1             24  org.opensearch.knn.index.KNNCircuitBreaker$$Lambda/0x00007fcd2890fd68
6747:             1             24  org.opensearch.knn.index.KNNSettings
6748:             1             24  org.opensearch.knn.index.codec.KNN80Codec.KNN80Codec$1
6749:             1             24  org.opensearch.knn.index.codec.KNN84Codec.KNN84Codec$1
6750:             1             24  org.opensearch.knn.index.codec.KNN86Codec.KNN86Codec$1
6751:             1             24  org.opensearch.knn.index.codec.KNN910Codec.KNN910Codec
6752:             1             24  org.opensearch.knn.index.memory.NativeMemoryLoadStrategy$IndexLoadStrategy
6753:             1             24  org.opensearch.knn.index.memory.NativeMemoryLoadStrategy$TrainingLoadStrategy
6754:             1             24  org.opensearch.knn.indices.ModelDao$OpenSearchKNNModelDao
6755:             1             24  org.opensearch.knn.plugin.KNNPlugin
6756:             1             24  org.opensearch.knn.plugin.rest.RestDeleteModelHandler
6757:             1             24  org.opensearch.knn.plugin.rest.RestGetModelHandler
6758:             1             24  org.opensearch.knn.plugin.rest.RestKNNStatsHandler
6759:             1             24  org.opensearch.knn.plugin.rest.RestSearchModelHandler
6760:             1             24  org.opensearch.knn.plugin.rest.RestTrainModelHandler
6761:             1             24  org.opensearch.knn.plugin.transport.ClearCacheAction
6762:             1             24  org.opensearch.knn.plugin.transport.DeleteModelAction
6763:             1             24  org.opensearch.knn.plugin.transport.GetModelAction
6764:             1             24  org.opensearch.knn.plugin.transport.KNNStatsAction
6765:             1             24  org.opensearch.knn.plugin.transport.KNNWarmupAction
6766:             1             24  org.opensearch.knn.plugin.transport.RemoveModelFromCacheAction
6767:             1             24  org.opensearch.knn.plugin.transport.SearchModelAction
6768:             1             24  org.opensearch.knn.plugin.transport.TrainingJobRouteDecisionInfoAction
6769:             1             24  org.opensearch.knn.plugin.transport.TrainingJobRouterAction
6770:             1             24  org.opensearch.knn.plugin.transport.TrainingModelAction
6771:             1             24  org.opensearch.knn.plugin.transport.UpdateModelGraveyardAction
6772:             1             24  org.opensearch.knn.plugin.transport.UpdateModelMetadataAction
6773:             1             24  org.opensearch.knn.training.TrainingJobClusterStateListener
6774:             1             24  org.opensearch.knn.training.VectorReader
6775:             1             24  org.opensearch.ml.action.profile.MLProfileAction
6776:             1             24  org.opensearch.ml.action.stats.MLStatsNodesAction
6777:             1             24  org.opensearch.ml.breaker.DiskCircuitBreaker
6778:             1             24  org.opensearch.ml.breaker.MemoryCircuitBreaker
6779:             1             24  org.opensearch.ml.common.transport.agent.MLAgentDeleteAction
6780:             1             24  org.opensearch.ml.common.transport.agent.MLAgentGetAction
6781:             1             24  org.opensearch.ml.common.transport.agent.MLRegisterAgentAction
6782:             1             24  org.opensearch.ml.common.transport.agent.MLSearchAgentAction
6783:             1             24  org.opensearch.ml.common.transport.config.MLConfigGetAction
6784:             1             24  org.opensearch.ml.common.transport.connector.MLConnectorDeleteAction
6785:             1             24  org.opensearch.ml.common.transport.connector.MLConnectorGetAction
6786:             1             24  org.opensearch.ml.common.transport.connector.MLConnectorSearchAction
6787:             1             24  org.opensearch.ml.common.transport.connector.MLCreateConnectorAction
6788:             1             24  org.opensearch.ml.common.transport.connector.MLExecuteConnectorAction
6789:             1             24  org.opensearch.ml.common.transport.connector.MLUpdateConnectorAction
6790:             1             24  org.opensearch.ml.common.transport.controller.MLControllerDeleteAction
6791:             1             24  org.opensearch.ml.common.transport.controller.MLControllerGetAction
6792:             1             24  org.opensearch.ml.common.transport.controller.MLCreateControllerAction
6793:             1             24  org.opensearch.ml.common.transport.controller.MLDeployControllerAction
6794:             1             24  org.opensearch.ml.common.transport.controller.MLUndeployControllerAction
6795:             1             24  org.opensearch.ml.common.transport.controller.MLUpdateControllerAction
6796:             1             24  org.opensearch.ml.common.transport.deploy.MLDeployModelAction
6797:             1             24  org.opensearch.ml.common.transport.deploy.MLDeployModelOnNodeAction
6798:             1             24  org.opensearch.ml.common.transport.execute.MLExecuteTaskAction
6799:             1             24  org.opensearch.ml.common.transport.forward.MLForwardAction
6800:             1             24  org.opensearch.ml.common.transport.model.MLModelDeleteAction
6801:             1             24  org.opensearch.ml.common.transport.model.MLModelGetAction
6802:             1             24  org.opensearch.ml.common.transport.model.MLModelSearchAction
6803:             1             24  org.opensearch.ml.common.transport.model.MLUpdateModelAction
6804:             1             24  org.opensearch.ml.common.transport.model_group.MLModelGroupDeleteAction
6805:             1             24  org.opensearch.ml.common.transport.model_group.MLModelGroupGetAction
6806:             1             24  org.opensearch.ml.common.transport.model_group.MLModelGroupSearchAction
6807:             1             24  org.opensearch.ml.common.transport.model_group.MLRegisterModelGroupAction
6808:             1             24  org.opensearch.ml.common.transport.model_group.MLUpdateModelGroupAction
6809:             1             24  org.opensearch.ml.common.transport.prediction.MLPredictionTaskAction
6810:             1             24  org.opensearch.ml.common.transport.register.MLRegisterModelAction
6811:             1             24  org.opensearch.ml.common.transport.sync.MLSyncUpAction
6812:             1             24  org.opensearch.ml.common.transport.task.MLTaskDeleteAction
6813:             1             24  org.opensearch.ml.common.transport.task.MLTaskGetAction
6814:             1             24  org.opensearch.ml.common.transport.task.MLTaskSearchAction
6815:             1             24  org.opensearch.ml.common.transport.tools.MLGetToolAction
6816:             1             24  org.opensearch.ml.common.transport.tools.MLListToolsAction
6817:             1             24  org.opensearch.ml.common.transport.training.MLTrainingTaskAction
6818:             1             24  org.opensearch.ml.common.transport.trainpredict.MLTrainAndPredictionTaskAction
6819:             1             24  org.opensearch.ml.common.transport.undeploy.MLUndeployModelAction
6820:             1             24  org.opensearch.ml.common.transport.undeploy.MLUndeployModelsAction
6821:             1             24  org.opensearch.ml.common.transport.update_cache.MLUpdateModelCacheAction
6822:             1             24  org.opensearch.ml.common.transport.upload_chunk.MLRegisterModelMetaAction
6823:             1             24  org.opensearch.ml.common.transport.upload_chunk.MLUploadModelChunkAction
6824:             1             24  org.opensearch.ml.engine.algorithms.sample.LocalSampleCalculator
6825:             1             24  org.opensearch.ml.engine.indices.MLIndicesHandler
6826:             1             24  org.opensearch.ml.engine.memory.MLMemoryManager
6827:             1             24  org.opensearch.ml.engine.tools.CatIndexTool$Factory
6828:             1             24  org.opensearch.ml.engine.tools.SearchIndexTool$Factory
6829:             1             24  org.opensearch.ml.memory.action.conversation.CreateConversationAction
6830:             1             24  org.opensearch.ml.memory.action.conversation.CreateInteractionAction
6831:             1             24  org.opensearch.ml.memory.action.conversation.DeleteConversationAction
6832:             1             24  org.opensearch.ml.memory.action.conversation.GetConversationAction
6833:             1             24  org.opensearch.ml.memory.action.conversation.GetConversationsAction
6834:             1             24  org.opensearch.ml.memory.action.conversation.GetInteractionAction
6835:             1             24  org.opensearch.ml.memory.action.conversation.GetInteractionsAction
6836:             1             24  org.opensearch.ml.memory.action.conversation.GetTracesAction
6837:             1             24  org.opensearch.ml.memory.action.conversation.SearchConversationsAction
6838:             1             24  org.opensearch.ml.memory.action.conversation.SearchInteractionsAction
6839:             1             24  org.opensearch.ml.memory.action.conversation.UpdateConversationAction
6840:             1             24  org.opensearch.ml.memory.action.conversation.UpdateInteractionAction
6841:             1             24  org.opensearch.ml.memory.index.OpenSearchConversationalMemoryHandler
6842:             1             24  org.opensearch.ml.model.MLModelCacheHelper
6843:             1             24  org.opensearch.ml.processor.MLInferenceIngestProcessor$Factory
6844:             1             24  org.opensearch.ml.rest.RestMLCreateConnectorAction
6845:             1             24  org.opensearch.ml.rest.RestMLCreateControllerAction
6846:             1             24  org.opensearch.ml.rest.RestMLDeleteAgentAction
6847:             1             24  org.opensearch.ml.rest.RestMLDeleteConnectorAction
6848:             1             24  org.opensearch.ml.rest.RestMLDeleteControllerAction
6849:             1             24  org.opensearch.ml.rest.RestMLDeleteModelAction
6850:             1             24  org.opensearch.ml.rest.RestMLDeleteModelGroupAction
6851:             1             24  org.opensearch.ml.rest.RestMLDeleteTaskAction
6852:             1             24  org.opensearch.ml.rest.RestMLDeployModelAction
6853:             1             24  org.opensearch.ml.rest.RestMLExecuteAction
6854:             1             24  org.opensearch.ml.rest.RestMLGetAgentAction
6855:             1             24  org.opensearch.ml.rest.RestMLGetConfigAction
6856:             1             24  org.opensearch.ml.rest.RestMLGetConnectorAction
6857:             1             24  org.opensearch.ml.rest.RestMLGetControllerAction
6858:             1             24  org.opensearch.ml.rest.RestMLGetModelAction
6859:             1             24  org.opensearch.ml.rest.RestMLGetModelGroupAction
6860:             1             24  org.opensearch.ml.rest.RestMLGetTaskAction
6861:             1             24  org.opensearch.ml.rest.RestMLGetToolAction
6862:             1             24  org.opensearch.ml.rest.RestMLListToolsAction
6863:             1             24  org.opensearch.ml.rest.RestMLProfileAction
6864:             1             24  org.opensearch.ml.rest.RestMLRegisterAgentAction
6865:             1             24  org.opensearch.ml.rest.RestMLRegisterModelAction
6866:             1             24  org.opensearch.ml.rest.RestMLRegisterModelGroupAction
6867:             1             24  org.opensearch.ml.rest.RestMLRegisterModelMetaAction
6868:             1             24  org.opensearch.ml.rest.RestMLTrainAndPredictAction
6869:             1             24  org.opensearch.ml.rest.RestMLTrainingAction
6870:             1             24  org.opensearch.ml.rest.RestMLUpdateConnectorAction
6871:             1             24  org.opensearch.ml.rest.RestMLUpdateControllerAction
6872:             1             24  org.opensearch.ml.rest.RestMLUpdateModelAction
6873:             1             24  org.opensearch.ml.rest.RestMLUpdateModelGroupAction
6874:             1             24  org.opensearch.ml.rest.RestMLUploadModelChunkAction
6875:             1             24  org.opensearch.ml.rest.RestMemoryCreateConversationAction
6876:             1             24  org.opensearch.ml.rest.RestMemoryCreateInteractionAction
6877:             1             24  org.opensearch.ml.rest.RestMemoryDeleteConversationAction
6878:             1             24  org.opensearch.ml.rest.RestMemoryGetConversationAction
6879:             1             24  org.opensearch.ml.rest.RestMemoryGetConversationsAction
6880:             1             24  org.opensearch.ml.rest.RestMemoryGetInteractionAction
6881:             1             24  org.opensearch.ml.rest.RestMemoryGetInteractionsAction
6882:             1             24  org.opensearch.ml.rest.RestMemoryGetTracesAction
6883:             1             24  org.opensearch.ml.rest.RestMemorySearchInteractionsAction
6884:             1             24  org.opensearch.ml.rest.RestMemoryUpdateConversationAction
6885:             1             24  org.opensearch.ml.rest.RestMemoryUpdateInteractionAction
6886:             1             24  org.opensearch.ml.stats.MLStats
6887:             1             24  org.opensearch.ml.utils.IndexUtils
6888:             1             24  org.opensearch.monitor.fs.FsHealthService$FsHealthMonitor
6889:             1             24  org.opensearch.monitor.fs.FsProbe
6890:             1             24  org.opensearch.monitor.jvm.JvmGcMonitorService$GcOverheadThreshold
6891:             1             24  org.opensearch.monitor.os.OsProbe
6892:             1             24  org.opensearch.monitor.process.ProcessService
6893:             1             24  org.opensearch.monitor.process.ProcessStats$Cpu
6894:             1             24  org.opensearch.monitor.process.ProcessStats$Mem
6895:             1             24  org.opensearch.neuralsearch.processor.NormalizationProcessorWorkflow
6896:             1             24  org.opensearch.neuralsearch.processor.combination.ArithmeticMeanScoreCombinationTechnique
6897:             1             24  org.opensearch.neuralsearch.processor.factory.NormalizationProcessorFactory
6898:             1             24  org.opensearch.neuralsearch.processor.factory.RerankProcessorFactory
6899:             1             24  org.opensearch.neuralsearch.processor.factory.SparseEncodingProcessorFactory
6900:             1             24  org.opensearch.neuralsearch.processor.factory.TextChunkingProcessorFactory
6901:             1             24  org.opensearch.neuralsearch.processor.factory.TextEmbeddingProcessorFactory
6902:             1             24  org.opensearch.neuralsearch.processor.factory.TextImageEmbeddingProcessorFactory
6903:             1             24  org.opensearch.neuralsearch.search.query.HybridQueryPhaseSearcher$ConcurrentQueryPhaseSearcherWithEmptyQueryCollectorContext
6904:             1             24  org.opensearch.neuralsearch.search.query.HybridQueryPhaseSearcher$DefaultQueryPhaseSearcherWithEmptyQueryCollectorContext
6905:             1             24  org.opensearch.node.IoUsageStats
6906:             1             24  org.opensearch.node.remotestore.RemoteStoreNodeService
6907:             1             24  org.opensearch.notifications.resthandler.NotificationChannelListRestHandler
6908:             1             24  org.opensearch.notifications.resthandler.NotificationConfigRestHandler
6909:             1             24  org.opensearch.notifications.resthandler.NotificationFeaturesRestHandler
6910:             1             24  org.opensearch.notifications.resthandler.SendTestMessageRestHandler
6911:             1             24  org.opensearch.observability.resthandler.ObservabilityRestHandler
6912:             1             24  org.opensearch.observability.resthandler.ObservabilityStatsRestHandler
6913:             1             24  org.opensearch.observability.util.HelpersKt$logger$1
6914:             1             24  org.opensearch.painless.PainlessScriptEngine
6915:             1             24  org.opensearch.painless.action.PainlessContextAction
6916:             1             24  org.opensearch.painless.action.PainlessContextAction$RestAction
6917:             1             24  org.opensearch.painless.action.PainlessExecuteAction
6918:             1             24  org.opensearch.painless.action.PainlessExecuteAction$RestAction
6919:             1             24  org.opensearch.performanceanalyzer.commons.config.overrides.ConfigOverrides
6920:             1             24  org.opensearch.performanceanalyzer.commons.event_process.EventLog
6921:             1             24  org.opensearch.performanceanalyzer.commons.stats.StatsReporter
6922:             1             24  org.opensearch.performanceanalyzer.config.setting.ClusterSettingsManager$$Lambda/0x00007fcd291cc230
6923:             1             24  org.opensearch.performanceanalyzer.config.setting.handler.ConfigOverridesClusterSettingHandler
6924:             1             24  org.opensearch.performanceanalyzer.config.setting.handler.NodeStatsSettingHandler
6925:             1             24  org.opensearch.performanceanalyzer.config.setting.handler.PerformanceAnalyzerClusterSettingHandler
6926:             1             24  org.opensearch.performanceanalyzer.config.setting.handler.PerformanceAnalyzerCollectorsSettingHandler
6927:             1             24  org.opensearch.performanceanalyzer.http_action.config.PerformanceAnalyzerConfigAction
6928:             1             24  org.opensearch.performanceanalyzer.http_action.whoami.WhoAmIAction
6929:             1             24  org.opensearch.persistent.CompletionPersistentTaskAction
6930:             1             24  org.opensearch.persistent.PersistentTasksService
6931:             1             24  org.opensearch.persistent.RemovePersistentTaskAction
6932:             1             24  org.opensearch.persistent.StartPersistentTaskAction
6933:             1             24  org.opensearch.persistent.UpdatePersistentTaskStatusAction
6934:             1             24  org.opensearch.plugins.SearchPlugin$RescorerSpec
6935:             1             24  org.opensearch.replication.ReplicationPlugin$$Lambda/0x00007fcd28c11928
6936:             1             24  org.opensearch.replication.action.autofollow.AutoFollowClusterManagerNodeAction
6937:             1             24  org.opensearch.replication.action.autofollow.UpdateAutoFollowPatternAction
6938:             1             24  org.opensearch.replication.action.changes.GetChangesAction
6939:             1             24  org.opensearch.replication.action.index.ReplicateIndexAction
6940:             1             24  org.opensearch.replication.action.index.ReplicateIndexClusterManagerNodeAction
6941:             1             24  org.opensearch.replication.action.index.block.UpdateIndexBlockAction
6942:             1             24  org.opensearch.replication.action.pause.PauseIndexReplicationAction
6943:             1             24  org.opensearch.replication.action.replay.ReplayChangesAction
6944:             1             24  org.opensearch.replication.action.replicationstatedetails.UpdateReplicationStateAction
6945:             1             24  org.opensearch.replication.action.repository.GetFileChunkAction
6946:             1             24  org.opensearch.replication.action.repository.GetStoreMetadataAction
6947:             1             24  org.opensearch.replication.action.repository.ReleaseLeaderResourcesAction
6948:             1             24  org.opensearch.replication.action.resume.ResumeIndexReplicationAction
6949:             1             24  org.opensearch.replication.action.setup.SetupChecksAction
6950:             1             24  org.opensearch.replication.action.setup.ValidatePermissionsAction
6951:             1             24  org.opensearch.replication.action.stats.AutoFollowStatsAction
6952:             1             24  org.opensearch.replication.action.stats.FollowerStatsAction
6953:             1             24  org.opensearch.replication.action.stats.LeaderStatsAction
6954:             1             24  org.opensearch.replication.action.status.ReplicationStatusAction
6955:             1             24  org.opensearch.replication.action.status.ShardsInfoAction
6956:             1             24  org.opensearch.replication.action.stop.StopIndexReplicationAction
6957:             1             24  org.opensearch.replication.action.update.UpdateIndexReplicationAction
6958:             1             24  org.opensearch.replication.metadata.ReplicationMetadataManager
6959:             1             24  org.opensearch.replication.metadata.UpdateMetadataAction
6960:             1             24  org.opensearch.replication.rest.AutoFollowStatsHandler
6961:             1             24  org.opensearch.replication.rest.FollowerStatsHandler
6962:             1             24  org.opensearch.replication.rest.LeaderStatsHandler
6963:             1             24  org.opensearch.replication.rest.PauseIndexReplicationHandler
6964:             1             24  org.opensearch.replication.rest.ReplicateIndexHandler
6965:             1             24  org.opensearch.replication.rest.ReplicationStatusHandler
6966:             1             24  org.opensearch.replication.rest.ResumeIndexReplicationHandler
6967:             1             24  org.opensearch.replication.rest.StopIndexReplicationHandler
6968:             1             24  org.opensearch.replication.rest.UpdateAutoFollowPatternsHandler
6969:             1             24  org.opensearch.replication.rest.UpdateIndexHandler
6970:             1             24  org.opensearch.replication.util.Injectables
6971:             1             24  org.opensearch.reportsscheduler.resthandler.OnDemandReportRestHandler
6972:             1             24  org.opensearch.reportsscheduler.resthandler.ReportDefinitionListRestHandler
6973:             1             24  org.opensearch.reportsscheduler.resthandler.ReportDefinitionRestHandler
6974:             1             24  org.opensearch.reportsscheduler.resthandler.ReportInstanceListRestHandler
6975:             1             24  org.opensearch.reportsscheduler.resthandler.ReportInstanceRestHandler
6976:             1             24  org.opensearch.reportsscheduler.resthandler.ReportStatsRestHandler
6977:             1             24  org.opensearch.repositories.VerifyNodeRepositoryAction
6978:             1             24  org.opensearch.repositories.s3.S3AsyncService
6979:             1             24  org.opensearch.repositories.s3.S3Service
6980:             1             24  org.opensearch.rest.RestHeaderDefinition
6981:             1             24  org.opensearch.rest.action.RestFieldCapabilitiesAction
6982:             1             24  org.opensearch.rest.action.RestMainAction
6983:             1             24  org.opensearch.rest.action.admin.cluster.RestAddVotingConfigExclusionAction
6984:             1             24  org.opensearch.rest.action.admin.cluster.RestCancelTasksAction
6985:             1             24  org.opensearch.rest.action.admin.cluster.RestCleanupRepositoryAction
6986:             1             24  org.opensearch.rest.action.admin.cluster.RestClearVotingConfigExclusionsAction
6987:             1             24  org.opensearch.rest.action.admin.cluster.RestCloneSnapshotAction
6988:             1             24  org.opensearch.rest.action.admin.cluster.RestClusterAllocationExplainAction
6989:             1             24  org.opensearch.rest.action.admin.cluster.RestClusterDeleteWeightedRoutingAction
6990:             1             24  org.opensearch.rest.action.admin.cluster.RestClusterGetWeightedRoutingAction
6991:             1             24  org.opensearch.rest.action.admin.cluster.RestClusterHealthAction
6992:             1             24  org.opensearch.rest.action.admin.cluster.RestClusterPutWeightedRoutingAction
6993:             1             24  org.opensearch.rest.action.admin.cluster.RestClusterRerouteAction
6994:             1             24  org.opensearch.rest.action.admin.cluster.RestClusterSearchShardsAction
6995:             1             24  org.opensearch.rest.action.admin.cluster.RestClusterStateAction
6996:             1             24  org.opensearch.rest.action.admin.cluster.RestClusterStatsAction
6997:             1             24  org.opensearch.rest.action.admin.cluster.RestClusterUpdateSettingsAction
6998:             1             24  org.opensearch.rest.action.admin.cluster.RestCreateSnapshotAction
6999:             1             24  org.opensearch.rest.action.admin.cluster.RestDecommissionAction
7000:             1             24  org.opensearch.rest.action.admin.cluster.RestDeleteDecommissionStateAction
7001:             1             24  org.opensearch.rest.action.admin.cluster.RestDeleteRepositoryAction
7002:             1             24  org.opensearch.rest.action.admin.cluster.RestDeleteSnapshotAction
7003:             1             24  org.opensearch.rest.action.admin.cluster.RestDeleteStoredScriptAction
7004:             1             24  org.opensearch.rest.action.admin.cluster.RestGetDecommissionStateAction
7005:             1             24  org.opensearch.rest.action.admin.cluster.RestGetRepositoriesAction
7006:             1             24  org.opensearch.rest.action.admin.cluster.RestGetScriptContextAction
7007:             1             24  org.opensearch.rest.action.admin.cluster.RestGetScriptLanguageAction
7008:             1             24  org.opensearch.rest.action.admin.cluster.RestGetSnapshotsAction
7009:             1             24  org.opensearch.rest.action.admin.cluster.RestGetStoredScriptAction
7010:             1             24  org.opensearch.rest.action.admin.cluster.RestGetTaskAction
7011:             1             24  org.opensearch.rest.action.admin.cluster.RestListTasksAction
7012:             1             24  org.opensearch.rest.action.admin.cluster.RestNodesHotThreadsAction
7013:             1             24  org.opensearch.rest.action.admin.cluster.RestNodesInfoAction
7014:             1             24  org.opensearch.rest.action.admin.cluster.RestNodesStatsAction
7015:             1             24  org.opensearch.rest.action.admin.cluster.RestNodesUsageAction
7016:             1             24  org.opensearch.rest.action.admin.cluster.RestPendingClusterTasksAction
7017:             1             24  org.opensearch.rest.action.admin.cluster.RestPutRepositoryAction
7018:             1             24  org.opensearch.rest.action.admin.cluster.RestPutStoredScriptAction
7019:             1             24  org.opensearch.rest.action.admin.cluster.RestReloadSecureSettingsAction
7020:             1             24  org.opensearch.rest.action.admin.cluster.RestRemoteClusterInfoAction
7021:             1             24  org.opensearch.rest.action.admin.cluster.RestRemoteStoreStatsAction
7022:             1             24  org.opensearch.rest.action.admin.cluster.RestRestoreRemoteStoreAction
7023:             1             24  org.opensearch.rest.action.admin.cluster.RestRestoreSnapshotAction
7024:             1             24  org.opensearch.rest.action.admin.cluster.RestSnapshotsStatusAction
7025:             1             24  org.opensearch.rest.action.admin.cluster.RestVerifyRepositoryAction
7026:             1             24  org.opensearch.rest.action.admin.cluster.dangling.RestDeleteDanglingIndexAction
7027:             1             24  org.opensearch.rest.action.admin.cluster.dangling.RestImportDanglingIndexAction
7028:             1             24  org.opensearch.rest.action.admin.cluster.dangling.RestListDanglingIndicesAction
7029:             1             24  org.opensearch.rest.action.admin.indices.RestAddIndexBlockAction
7030:             1             24  org.opensearch.rest.action.admin.indices.RestAnalyzeAction
7031:             1             24  org.opensearch.rest.action.admin.indices.RestClearIndicesCacheAction
7032:             1             24  org.opensearch.rest.action.admin.indices.RestCloseIndexAction
7033:             1             24  org.opensearch.rest.action.admin.indices.RestCreateDataStreamAction
7034:             1             24  org.opensearch.rest.action.admin.indices.RestDataStreamsStatsAction
7035:             1             24  org.opensearch.rest.action.admin.indices.RestDeleteComponentTemplateAction
7036:             1             24  org.opensearch.rest.action.admin.indices.RestDeleteComposableIndexTemplateAction
7037:             1             24  org.opensearch.rest.action.admin.indices.RestDeleteDataStreamAction
7038:             1             24  org.opensearch.rest.action.admin.indices.RestDeleteIndexAction
7039:             1             24  org.opensearch.rest.action.admin.indices.RestDeleteIndexTemplateAction
7040:             1             24  org.opensearch.rest.action.admin.indices.RestFlushAction
7041:             1             24  org.opensearch.rest.action.admin.indices.RestForceMergeAction
7042:             1             24  org.opensearch.rest.action.admin.indices.RestGetComponentTemplateAction
7043:             1             24  org.opensearch.rest.action.admin.indices.RestGetComposableIndexTemplateAction
7044:             1             24  org.opensearch.rest.action.admin.indices.RestGetDataStreamsAction
7045:             1             24  org.opensearch.rest.action.admin.indices.RestGetFieldMappingAction
7046:             1             24  org.opensearch.rest.action.admin.indices.RestGetIndexTemplateAction
7047:             1             24  org.opensearch.rest.action.admin.indices.RestGetMappingAction
7048:             1             24  org.opensearch.rest.action.admin.indices.RestGetSettingsAction
7049:             1             24  org.opensearch.rest.action.admin.indices.RestIndexDeleteAliasesAction
7050:             1             24  org.opensearch.rest.action.admin.indices.RestIndicesAliasesAction
7051:             1             24  org.opensearch.rest.action.admin.indices.RestIndicesSegmentsAction
7052:             1             24  org.opensearch.rest.action.admin.indices.RestIndicesShardStoresAction
7053:             1             24  org.opensearch.rest.action.admin.indices.RestIndicesStatsAction
7054:             1             24  org.opensearch.rest.action.admin.indices.RestOpenIndexAction
7055:             1             24  org.opensearch.rest.action.admin.indices.RestPutComponentTemplateAction
7056:             1             24  org.opensearch.rest.action.admin.indices.RestPutComposableIndexTemplateAction
7057:             1             24  org.opensearch.rest.action.admin.indices.RestPutIndexTemplateAction
7058:             1             24  org.opensearch.rest.action.admin.indices.RestPutMappingAction
7059:             1             24  org.opensearch.rest.action.admin.indices.RestRecoveryAction
7060:             1             24  org.opensearch.rest.action.admin.indices.RestResizeHandler$RestCloneIndexAction
7061:             1             24  org.opensearch.rest.action.admin.indices.RestResizeHandler$RestShrinkIndexAction
7062:             1             24  org.opensearch.rest.action.admin.indices.RestResizeHandler$RestSplitIndexAction
7063:             1             24  org.opensearch.rest.action.admin.indices.RestResolveIndexAction
7064:             1             24  org.opensearch.rest.action.admin.indices.RestRolloverIndexAction
7065:             1             24  org.opensearch.rest.action.admin.indices.RestSimulateIndexTemplateAction
7066:             1             24  org.opensearch.rest.action.admin.indices.RestSimulateTemplateAction
7067:             1             24  org.opensearch.rest.action.admin.indices.RestSyncedFlushAction
7068:             1             24  org.opensearch.rest.action.admin.indices.RestUpgradeAction
7069:             1             24  org.opensearch.rest.action.admin.indices.RestUpgradeStatusAction
7070:             1             24  org.opensearch.rest.action.admin.indices.RestValidateQueryAction
7071:             1             24  org.opensearch.rest.action.cat.RestAliasAction
7072:             1             24  org.opensearch.rest.action.cat.RestAllocationAction
7073:             1             24  org.opensearch.rest.action.cat.RestCatAction
7074:             1             24  org.opensearch.rest.action.cat.RestCatRecoveryAction
7075:             1             24  org.opensearch.rest.action.cat.RestCatSegmentReplicationAction
7076:             1             24  org.opensearch.rest.action.cat.RestClusterManagerAction
7077:             1             24  org.opensearch.rest.action.cat.RestCountAction
7078:             1             24  org.opensearch.rest.action.cat.RestFielddataAction
7079:             1             24  org.opensearch.rest.action.cat.RestHealthAction
7080:             1             24  org.opensearch.rest.action.cat.RestIndicesAction
7081:             1             24  org.opensearch.rest.action.cat.RestNodeAttrsAction
7082:             1             24  org.opensearch.rest.action.cat.RestNodesAction
7083:             1             24  org.opensearch.rest.action.cat.RestPendingClusterTasksAction
7084:             1             24  org.opensearch.rest.action.cat.RestPitSegmentsAction
7085:             1             24  org.opensearch.rest.action.cat.RestPluginsAction
7086:             1             24  org.opensearch.rest.action.cat.RestRepositoriesAction
7087:             1             24  org.opensearch.rest.action.cat.RestSegmentsAction
7088:             1             24  org.opensearch.rest.action.cat.RestShardsAction
7089:             1             24  org.opensearch.rest.action.cat.RestSnapshotAction
7090:             1             24  org.opensearch.rest.action.cat.RestTasksAction
7091:             1             24  org.opensearch.rest.action.cat.RestTemplatesAction
7092:             1             24  org.opensearch.rest.action.cat.RestThreadPoolAction
7093:             1             24  org.opensearch.rest.action.document.RestGetSourceAction
7094:             1             24  org.opensearch.rest.action.document.RestMultiTermVectorsAction
7095:             1             24  org.opensearch.rest.action.document.RestTermVectorsAction
7096:             1             24  org.opensearch.rest.action.ingest.RestDeletePipelineAction
7097:             1             24  org.opensearch.rest.action.ingest.RestGetPipelineAction
7098:             1             24  org.opensearch.rest.action.ingest.RestPutPipelineAction
7099:             1             24  org.opensearch.rest.action.ingest.RestSimulatePipelineAction
7100:             1             24  org.opensearch.rest.action.search.RestCountAction
7101:             1             24  org.opensearch.rest.action.search.RestCreatePitAction
7102:             1             24  org.opensearch.rest.action.search.RestDeletePitAction
7103:             1             24  org.opensearch.rest.action.search.RestDeleteSearchPipelineAction
7104:             1             24  org.opensearch.rest.action.search.RestExplainAction
7105:             1             24  org.opensearch.rest.action.search.RestGetAllPitsAction
7106:             1             24  org.opensearch.rest.action.search.RestGetSearchPipelineAction
7107:             1             24  org.opensearch.rest.action.search.RestMultiSearchAction
7108:             1             24  org.opensearch.rest.action.search.RestPutSearchPipelineAction
7109:             1             24  org.opensearch.script.ScriptService$CacheHolder
7110:             1             24  org.opensearch.script.mustache.MultiSearchTemplateAction
7111:             1             24  org.opensearch.script.mustache.RenderSearchTemplateAction
7112:             1             24  org.opensearch.script.mustache.RestMultiSearchTemplateAction
7113:             1             24  org.opensearch.script.mustache.RestRenderSearchTemplateAction
7114:             1             24  org.opensearch.script.mustache.RestSearchTemplateAction
7115:             1             24  org.opensearch.script.mustache.SearchTemplateAction
7116:             1             24  org.opensearch.search.MultiValueMode$1
7117:             1             24  org.opensearch.search.MultiValueMode$2
7118:             1             24  org.opensearch.search.MultiValueMode$3
7119:             1             24  org.opensearch.search.MultiValueMode$4
7120:             1             24  org.opensearch.search.MultiValueMode$5
7121:             1             24  org.opensearch.search.SearchService$$Lambda/0x00007fcd2934e6d0
7122:             1             24  org.opensearch.search.SearchSortValues
7123:             1             24  org.opensearch.search.aggregations.MultiBucketConsumerService
7124:             1             24  org.opensearch.search.aggregations.SearchContextAggregations
7125:             1             24  org.opensearch.search.aggregations.bucket.histogram.DateIntervalWrapper
7126:             1             24  org.opensearch.search.aggregations.matrix.stats.MatrixStatsParser
7127:             1             24  org.opensearch.search.aggregations.support.AggregationUsageService
7128:             1             24  org.opensearch.search.aggregations.support.CoreValuesSourceType$1
7129:             1             24  org.opensearch.search.aggregations.support.CoreValuesSourceType$2
7130:             1             24  org.opensearch.search.aggregations.support.CoreValuesSourceType$3
7131:             1             24  org.opensearch.search.aggregations.support.CoreValuesSourceType$4
7132:             1             24  org.opensearch.search.aggregations.support.CoreValuesSourceType$5
7133:             1             24  org.opensearch.search.aggregations.support.CoreValuesSourceType$6
7134:             1             24  org.opensearch.search.aggregations.support.CoreValuesSourceType$7
7135:             1             24  org.opensearch.search.aggregations.support.CoreValuesSourceType$7$1
7136:             1             24  org.opensearch.search.aggregations.support.CoreValuesSourceType$8
7137:             1             24  org.opensearch.search.aggregations.support.MultiValuesSourceParseHelper$$Lambda/0x00007fcd287aada0
7138:             1             24  org.opensearch.search.aggregations.support.ValuesSourceRegistry
7139:             1             24  org.opensearch.search.asynchronous.action.AsynchronousSearchStatsAction
7140:             1             24  org.opensearch.search.asynchronous.action.DeleteAsynchronousSearchAction
7141:             1             24  org.opensearch.search.asynchronous.action.GetAsynchronousSearchAction
7142:             1             24  org.opensearch.search.asynchronous.action.SubmitAsynchronousSearchAction
7143:             1             24  org.opensearch.search.asynchronous.context.active.AsynchronousSearchActiveStore
7144:             1             24  org.opensearch.search.asynchronous.plugin.AsynchronousSearchPlugin
7145:             1             24  org.opensearch.search.asynchronous.rest.RestAsynchronousSearchStatsAction
7146:             1             24  org.opensearch.search.asynchronous.rest.RestDeleteAsynchronousSearchAction
7147:             1             24  org.opensearch.search.asynchronous.rest.RestGetAsynchronousSearchAction
7148:             1             24  org.opensearch.search.asynchronous.rest.RestSubmitAsynchronousSearchAction
7149:             1             24  org.opensearch.search.asynchronous.service.AsynchronousSearchPersistenceService
7150:             1             24  org.opensearch.search.internal.ContextIndexSearcher$1
7151:             1             24  org.opensearch.search.internal.ReaderContext$1
7152:             1             24  org.opensearch.search.internal.ShardSearchContextId
7153:             1             24  org.opensearch.search.query.ConcurrentQueryPhaseSearcher
7154:             1             24  org.opensearch.search.query.QueryCollectorContext$5
7155:             1             24  org.opensearch.search.query.QueryPhase
7156:             1             24  org.opensearch.search.query.QueryPhase$$Lambda/0x00007fcd293c5de0
7157:             1             24  org.opensearch.search.query.TopDocsCollectorContext$EmptyTopDocsCollectorContext$$Lambda/0x00007fcd293c2258
7158:             1             24  org.opensearch.search.sort.SortOrder$1
7159:             1             24  org.opensearch.search.sort.SortOrder$2
7160:             1             24  org.opensearch.searchpipelines.questionanswering.generative.GenerativeQAResponseProcessor$Factory
7161:             1             24  org.opensearch.secure_sm.SecureSM
7162:             1             24  org.opensearch.security.OpenSearchSecurityPlugin$6$2
7163:             1             24  org.opensearch.security.action.configupdate.ConfigUpdateAction
7164:             1             24  org.opensearch.security.action.onbehalf.CreateOnBehalfOfTokenAction
7165:             1             24  org.opensearch.security.action.whoami.WhoAmIAction
7166:             1             24  org.opensearch.security.auditlog.config.AuditConfig
7167:             1             24  org.opensearch.security.auditlog.config.ThreadPoolConfig
7168:             1             24  org.opensearch.security.auditlog.routing.AsyncStoragePool
7169:             1             24  org.opensearch.security.auth.RolesInjector
7170:             1             24  org.opensearch.security.auth.internal.InternalAuthenticationBackend
7171:             1             24  org.opensearch.security.dlic.rest.api.ssl.CertificatesActionType
7172:             1             24  org.opensearch.security.rest.SecurityHealthAction
7173:             1             24  org.opensearch.security.securityconf.ConfigModelV7$1
7174:             1             24  org.opensearch.security.securityconf.ConfigModelV7$SecurityRoles
7175:             1             24  org.opensearch.security.securityconf.ConfigModelV7$TenantHolder
7176:             1             24  org.opensearch.security.securityconf.DynamicConfigFactory$InternalUsersModelV7
7177:             1             24  org.opensearch.security.securityconf.impl.AllowlistingSettings
7178:             1             24  org.opensearch.security.securityconf.impl.v7.RoleV7$Tenant
7179:             1             24  org.opensearch.security.securityconf.impl.v7.TenantV7
7180:             1             24  org.opensearch.security.setting.TransportPassiveAuthSetting
7181:             1             24  org.opensearch.security.support.SecurityIndexHandler
7182:             1             24  org.opensearch.security.support.StreamableRegistry
7183:             1             24  org.opensearch.security.support.StreamableRegistry$Entry
7184:             1             24  org.opensearch.securityanalytics.action.AckAlertsAction
7185:             1             24  org.opensearch.securityanalytics.action.AckCorrelationAlertsAction
7186:             1             24  org.opensearch.securityanalytics.action.CorrelatedFindingAction
7187:             1             24  org.opensearch.securityanalytics.action.CreateIndexMappingsAction
7188:             1             24  org.opensearch.securityanalytics.action.DeleteCorrelationRuleAction
7189:             1             24  org.opensearch.securityanalytics.action.DeleteCustomLogTypeAction
7190:             1             24  org.opensearch.securityanalytics.action.DeleteDetectorAction
7191:             1             24  org.opensearch.securityanalytics.action.DeleteRuleAction
7192:             1             24  org.opensearch.securityanalytics.action.GetAlertsAction
7193:             1             24  org.opensearch.securityanalytics.action.GetAllRuleCategoriesAction
7194:             1             24  org.opensearch.securityanalytics.action.GetCorrelationAlertsAction
7195:             1             24  org.opensearch.securityanalytics.action.GetDetectorAction
7196:             1             24  org.opensearch.securityanalytics.action.GetFindingsAction
7197:             1             24  org.opensearch.securityanalytics.action.GetIndexMappingsAction
7198:             1             24  org.opensearch.securityanalytics.action.GetMappingsViewAction
7199:             1             24  org.opensearch.securityanalytics.action.IndexCorrelationRuleAction
7200:             1             24  org.opensearch.securityanalytics.action.IndexCustomLogTypeAction
7201:             1             24  org.opensearch.securityanalytics.action.IndexDetectorAction
7202:             1             24  org.opensearch.securityanalytics.action.IndexRuleAction
7203:             1             24  org.opensearch.securityanalytics.action.ListCorrelationsAction
7204:             1             24  org.opensearch.securityanalytics.action.SearchCorrelationRuleAction
7205:             1             24  org.opensearch.securityanalytics.action.SearchCustomLogTypeAction
7206:             1             24  org.opensearch.securityanalytics.action.SearchDetectorAction
7207:             1             24  org.opensearch.securityanalytics.action.SearchRuleAction
7208:             1             24  org.opensearch.securityanalytics.action.UpdateIndexMappingsAction
7209:             1             24  org.opensearch.securityanalytics.action.ValidateRulesAction
7210:             1             24  org.opensearch.securityanalytics.correlation.alert.CorrelationAlertService
7211:             1             24  org.opensearch.securityanalytics.correlation.index.codec.correlation950.CorrelationCodec950
7212:             1             24  org.opensearch.securityanalytics.correlation.index.codec.correlation990.CorrelationCodec990
7213:             1             24  org.opensearch.securityanalytics.resthandler.RestAcknowledgeAlertsAction
7214:             1             24  org.opensearch.securityanalytics.resthandler.RestAcknowledgeCorrelationAlertsAction
7215:             1             24  org.opensearch.securityanalytics.resthandler.RestCreateIndexMappingsAction
7216:             1             24  org.opensearch.securityanalytics.resthandler.RestDeleteCorrelationRuleAction
7217:             1             24  org.opensearch.securityanalytics.resthandler.RestDeleteCustomLogTypeAction
7218:             1             24  org.opensearch.securityanalytics.resthandler.RestDeleteDetectorAction
7219:             1             24  org.opensearch.securityanalytics.resthandler.RestDeleteRuleAction
7220:             1             24  org.opensearch.securityanalytics.resthandler.RestGetAlertsAction
7221:             1             24  org.opensearch.securityanalytics.resthandler.RestGetAllRuleCategoriesAction
7222:             1             24  org.opensearch.securityanalytics.resthandler.RestGetCorrelationsAlertsAction
7223:             1             24  org.opensearch.securityanalytics.resthandler.RestGetDetectorAction
7224:             1             24  org.opensearch.securityanalytics.resthandler.RestGetFindingsAction
7225:             1             24  org.opensearch.securityanalytics.resthandler.RestGetIndexMappingsAction
7226:             1             24  org.opensearch.securityanalytics.resthandler.RestGetMappingsViewAction
7227:             1             24  org.opensearch.securityanalytics.resthandler.RestIndexCorrelationRuleAction
7228:             1             24  org.opensearch.securityanalytics.resthandler.RestIndexCustomLogTypeAction
7229:             1             24  org.opensearch.securityanalytics.resthandler.RestIndexDetectorAction
7230:             1             24  org.opensearch.securityanalytics.resthandler.RestIndexRuleAction
7231:             1             24  org.opensearch.securityanalytics.resthandler.RestListCorrelationAction
7232:             1             24  org.opensearch.securityanalytics.resthandler.RestSearchCorrelationAction
7233:             1             24  org.opensearch.securityanalytics.resthandler.RestSearchCorrelationRuleAction
7234:             1             24  org.opensearch.securityanalytics.resthandler.RestSearchCustomLogTypeAction
7235:             1             24  org.opensearch.securityanalytics.resthandler.RestSearchDetectorAction
7236:             1             24  org.opensearch.securityanalytics.resthandler.RestSearchRuleAction
7237:             1             24  org.opensearch.securityanalytics.resthandler.RestUpdateIndexMappingsAction
7238:             1             24  org.opensearch.securityanalytics.resthandler.RestValidateRulesAction
7239:             1             24  org.opensearch.securityanalytics.threatIntel.DetectorThreatIntelService
7240:             1             24  org.opensearch.securityanalytics.threatIntel.action.PutTIFJobAction
7241:             1             24  org.opensearch.securityanalytics.threatIntel.common.TIFLockService
7242:             1             24  org.opensearch.securityanalytics.threatIntel.jobscheduler.TIFJobParameterService
7243:             1             24  org.opensearch.securityanalytics.util.CorrelationIndices
7244:             1             24  org.opensearch.securityanalytics.util.CorrelationRuleIndices
7245:             1             24  org.opensearch.securityanalytics.util.CustomLogTypeIndices
7246:             1             24  org.opensearch.securityanalytics.util.DetectorIndices
7247:             1             24  org.opensearch.securityanalytics.util.RuleTopicIndices
7248:             1             24  org.opensearch.securityanalytics.util.RuleValidator
7249:             1             24  org.opensearch.snapshots.SnapshotsService$OngoingRepositoryOperations
7250:             1             24  org.opensearch.sql.datasources.rest.RestDataSourceQueryAction
7251:             1             24  org.opensearch.sql.datasources.service.DataSourceLoaderCacheImpl
7252:             1             24  org.opensearch.sql.datasources.service.DataSourceServiceImpl
7253:             1             24  org.opensearch.sql.datasources.storage.OpenSearchDataSourceMetadataStorage
7254:             1             24  org.opensearch.sql.legacy.plugin.RestSQLQueryAction
7255:             1             24  org.opensearch.sql.legacy.plugin.RestSqlStatsAction
7256:             1             24  org.opensearch.sql.opensearch.storage.OpenSearchDataSourceFactory
7257:             1             24  org.opensearch.sql.plugin.rest.RestPPLQueryAction
7258:             1             24  org.opensearch.sql.plugin.rest.RestPPLStatsAction
7259:             1             24  org.opensearch.sql.plugin.rest.RestQuerySettingsAction
7260:             1             24  org.opensearch.sql.plugin.transport.TransportPPLQueryAction$$Lambda/0x00007fcd28ea4fc8
7261:             1             24  org.opensearch.sql.spark.asyncquery.AsyncQueryExecutorServiceImpl
7262:             1             24  org.opensearch.sql.spark.execution.statestore.StateStore
7263:             1             24  org.opensearch.sql.spark.execution.statestore.StateStore$$Lambda/0x00007fcd28bb9cd8
7264:             1             24  org.opensearch.sql.spark.execution.statestore.StateStore$$Lambda/0x00007fcd28bb9ef8
7265:             1             24  org.opensearch.sql.spark.rest.RestAsyncQueryManagementAction
7266:             1             24  org.opensearch.sql.spark.storage.SparkStorageFactory
7267:             1             24  org.opensearch.systemd.SystemdPlugin
7268:             1             24  org.opensearch.tasks.CancellableTask$CancelledInfo
7269:             1             24  org.opensearch.tasks.TaskCancellationService
7270:             1             24  org.opensearch.tasks.TaskManager$$Lambda/0x00007fcd292dc8a0
7271:             1             24  org.opensearch.tasks.TaskManager$1
7272:             1             24  org.opensearch.tasks.TaskResourceTrackingService$$Lambda/0x00007fcd292351a8
7273:             1             24  org.opensearch.tasks.TaskResultsService
7274:             1             24  org.opensearch.threadpool.TaskAwareRunnable
7275:             1             24  org.opensearch.timeseries.breaker.CircuitBreakerService
7276:             1             24  org.opensearch.timeseries.breaker.MemoryCircuitBreaker
7277:             1             24  org.opensearch.timeseries.cluster.ClusterEventListener
7278:             1             24  org.opensearch.timeseries.settings.TimeSeriesEnabledSetting
7279:             1             24  org.opensearch.timeseries.util.DiscoveryNodeFilterer
7280:             1             24  org.opensearch.timeseries.util.IndexUtils
7281:             1             24  org.opensearch.transport.ClusterConnectionManager$1
7282:             1             24  org.opensearch.transport.OutboundHandler
7283:             1             24  org.opensearch.transport.SharedGroupFactory$RefCountedGroup
7284:             1             24  org.opensearch.transport.StatsTracker
7285:             1             24  org.opensearch.transport.TcpTransport$$Lambda/0x00007fcd28cb1398
7286:             1             24  org.opensearch.transport.Transport$ResponseHandlers
7287:             1             24  org.opensearch.transport.TransportInfo
7288:             1             24  org.opensearch.transport.TransportService$HandshakeRequest
7289:             1             24  org.opensearch.transport.netty4.Netty4TcpServerChannel
7290:             1             24  org.opensearch.transport.netty4.Netty4Transport$ServerChannelExceptionHandler
7291:             1             24  org.reflections.vfs.Vfs$DefaultUrlTypes$1
7292:             1             24  org.reflections.vfs.Vfs$DefaultUrlTypes$2
7293:             1             24  org.reflections.vfs.Vfs$DefaultUrlTypes$3
7294:             1             24  org.reflections.vfs.Vfs$DefaultUrlTypes$4
7295:             1             24  org.reflections.vfs.Vfs$DefaultUrlTypes$5
7296:             1             24  org.reflections.vfs.Vfs$DefaultUrlTypes$6
7297:             1             24  org.reflections.vfs.Vfs$DefaultUrlTypes$7
7298:             1             24  org.slf4j.helpers.FormattingTuple
7299:             1             24  org.slf4j.helpers.SubstituteLoggerFactory
7300:             1             24  org.slf4j.helpers.SubstituteLoggerFactory
7301:             1             24  org.slf4j.helpers.SubstituteLoggerFactory
7302:             1             24  org.yaml.snakeyaml.external.com.google.gdata.util.common.base.PercentEscaper
7303:             1             24  sun.management.CompilationImpl (java.management@21.0.3)
7304:             1             24  sun.management.ManagementFactoryHelper$LoggingMXBeanAccess (java.management@21.0.3)
7305:             1             24  sun.management.ManagementFactoryHelper$PlatformLoggingImpl (java.management@21.0.3)
7306:             1             24  sun.management.MemoryImpl (java.management@21.0.3)
7307:             1             24  sun.management.RuntimeImpl (java.management@21.0.3)
7308:             1             24  sun.management.VMManagementImpl (java.management@21.0.3)
7309:             1             24  sun.net.sdp.SdpProvider (java.base@21.0.3)
7310:             1             24  sun.net.www.protocol.http.Handler (java.base@21.0.3)
7311:             1             24  sun.nio.cs.ISO_8859_1 (java.base@21.0.3)
7312:             1             24  sun.nio.cs.StandardCharsets (java.base@21.0.3)
7313:             1             24  sun.nio.cs.ThreadLocalCoders$1 (java.base@21.0.3)
7314:             1             24  sun.nio.cs.ThreadLocalCoders$2 (java.base@21.0.3)
7315:             1             24  sun.nio.cs.US_ASCII (java.base@21.0.3)
7316:             1             24  sun.nio.cs.UTF_16 (java.base@21.0.3)
7317:             1             24  sun.nio.cs.UTF_16BE (java.base@21.0.3)
7318:             1             24  sun.nio.cs.UTF_16LE (java.base@21.0.3)
7319:             1             24  sun.nio.cs.UTF_8 (java.base@21.0.3)
7320:             1             24  sun.security.util.LegacyAlgorithmConstraints (java.base@21.0.3)
7321:             1             24  sun.security.validator.CADistrustPolicy$1 (java.base@21.0.3)
7322:             1             24  sun.util.calendar.LocalGregorianCalendar (java.base@21.0.3)
7323:             1             24  sun.util.locale.BaseLocale$Cache (java.base@21.0.3)
7324:             1             24  sun.util.locale.provider.BreakIteratorProviderImpl (java.base@21.0.3)
7325:             1             24  sun.util.locale.provider.CalendarDataProviderImpl (java.base@21.0.3)
7326:             1             24  sun.util.locale.provider.CalendarProviderImpl (java.base@21.0.3)
7327:             1             24  sun.util.locale.provider.DateFormatSymbolsProviderImpl (java.base@21.0.3)
7328:             1             24  sun.util.locale.provider.DecimalFormatSymbolsProviderImpl (java.base@21.0.3)
7329:             1             24  sun.util.locale.provider.LocaleServiceProviderPool (java.base@21.0.3)
7330:             1             24  sun.util.locale.provider.NumberFormatProviderImpl (java.base@21.0.3)
7331:             1             16  [Lcom.fasterxml.jackson.databind.AbstractTypeResolver;
7332:             1             16  [Lcom.fasterxml.jackson.databind.AbstractTypeResolver;
7333:             1             16  [Lcom.fasterxml.jackson.databind.AbstractTypeResolver;
7334:             1             16  [Lcom.fasterxml.jackson.databind.deser.BeanDeserializerModifier;
7335:             1             16  [Lcom.fasterxml.jackson.databind.deser.BeanDeserializerModifier;
7336:             1             16  [Lcom.fasterxml.jackson.databind.deser.BeanDeserializerModifier;
7337:             1             16  [Lcom.fasterxml.jackson.databind.deser.ValueInstantiators;
7338:             1             16  [Lcom.fasterxml.jackson.databind.deser.ValueInstantiators;
7339:             1             16  [Lcom.fasterxml.jackson.databind.deser.ValueInstantiators;
7340:             1             16  [Lcom.fasterxml.jackson.databind.ser.BeanSerializerModifier;
7341:             1             16  [Lcom.fasterxml.jackson.databind.ser.BeanSerializerModifier;
7342:             1             16  [Lcom.fasterxml.jackson.databind.ser.BeanSerializerModifier;
7343:             1             16  [Lcom.fasterxml.jackson.databind.ser.Serializers;
7344:             1             16  [Lcom.fasterxml.jackson.databind.ser.Serializers;
7345:             1             16  [Lcom.fasterxml.jackson.databind.ser.Serializers;
7346:             1             16  [Lcom.fasterxml.jackson.databind.util.ClassUtil$Ctor;
7347:             1             16  [Lcom.fasterxml.jackson.databind.util.ClassUtil$Ctor;
7348:             1             16  [Lcom.fasterxml.jackson.databind.util.ClassUtil$Ctor;
7349:             1             16  [Lio.netty.util.AsciiString;
7350:             1             16  [Ljava.lang.ClassLoader; (java.base@21.0.3)
7351:             1             16  [Ljava.lang.management.LockInfo; (java.management@21.0.3)
7352:             1             16  [Ljava.lang.management.MonitorInfo; (java.management@21.0.3)
7353:             1             16  [Ljava.nio.file.attribute.FileAttribute; (java.base@21.0.3)
7354:             1             16  [Ljava.security.Provider; (java.base@21.0.3)
7355:             1             16  [Ljava.text.FieldPosition; (java.base@21.0.3)
7356:             1             16  [Ljava.util.logging.Handler; (java.logging@21.0.3)
7357:             1             16  [Ljavax.security.cert.X509Certificate; (java.base@21.0.3)
7358:             1             16  [Ljoptsimple.util.PathProperties;
7359:             1             16  [Lkotlin.reflect.KClass;
7360:             1             16  [Lorg.apache.commons.lang3.tuple.ImmutablePair;
7361:             1             16  [Lorg.apache.commons.lang3.tuple.ImmutablePair;
7362:             1             16  [Lorg.apache.commons.lang3.tuple.ImmutablePair;
7363:             1             16  [Lorg.apache.commons.lang3.tuple.Pair$PairAdapter;
7364:             1             16  [Lorg.apache.commons.lang3.tuple.Pair;
7365:             1             16  [Lorg.apache.commons.lang3.tuple.Pair;
7366:             1             16  [Lorg.apache.logging.log4j.Level;
7367:             1             16  [Lorg.apache.logging.log4j.core.Appender;
7368:             1             16  [Lorg.apache.logging.log4j.core.impl.ExtendedStackTraceElement;
7369:             1             16  [Lorg.apache.logging.log4j.core.impl.ThrowableProxy;
7370:             1             16  [Lorg.apache.logging.log4j.spi.LoggerContext;
7371:             1             16  [Lorg.apache.lucene.codecs.PostingsFormat;
7372:             1             16  [Lorg.apache.lucene.index.Fields;
7373:             1             16  [Lorg.apache.lucene.index.ReaderSlice;
7374:             1             16  [Lorg.apache.lucene.index.Term;
7375:             1             16  [Lorg.apache.lucene.index.Terms;
7376:             1             16  [Lorg.apache.lucene.index.TermsEnumIndex;
7377:             1             16  [Lorg.apache.lucene.search.TermStatistics;
7378:             1             16  [Lorg.bouncycastle.asn1.ASN1Encodable;
7379:             1             16  [Lorg.jcodings.CaseFoldCodeItem;
7380:             1             16  [Lorg.locationtech.jts.geom.LinearRing;
7381:             1             16  [Lorg.opensearch.action.bulk.BulkItemResponse;
7382:             1             16  [Lorg.opensearch.action.search.ShardSearchFailure;
7383:             1             16  [Lorg.opensearch.action.support.replication.ReplicationResponse$ShardInfo$Failure;
7384:             1             16  [Lorg.opensearch.common.lease.Releasables;
7385:             1             16  [Lorg.opensearch.common.recycler.Recyclers;
7386:             1             16  [Lorg.opensearch.common.unit.MemorySizeValue;
7387:             1             16  [Lorg.opensearch.core.common.text.Text;
7388:             1             16  [Lorg.opensearch.core.index.Index;
7389:             1             16  [Lorg.opensearch.index.fielddata.FieldData;
7390:             1             16  [Lorg.opensearch.index.fielddata.ordinals.GlobalOrdinalsBuilder;
7391:             1             16  [Lorg.opensearch.index.translog.Translog$Operation;
7392:             1             16  [[Lorg.locationtech.jts.geom.Coordinate;
7393:             1             16  com.amazon.randomcutforest.parkservices.state.RCFCasterMapper
7394:             1             16  com.amazon.randomcutforest.parkservices.state.ThresholdedRandomCutForestMapper
7395:             1             16  com.amazon.randomcutforest.serialize.json.v1.V1JsonToV3StateConverter
7396:             1             16  com.fasterxml.jackson.annotation.JsonIncludeProperties$Value
7397:             1             16  com.fasterxml.jackson.core.io.JsonStringEncoder
7398:             1             16  com.fasterxml.jackson.core.util.DefaultPrettyPrinter$FixedSpaceIndenter
7399:             1             16  com.fasterxml.jackson.core.util.DefaultPrettyPrinter$NopIndenter
7400:             1             16  com.fasterxml.jackson.core.util.JsonRecyclerPools$ThreadLocalPool
7401:             1             16  com.fasterxml.jackson.databind.InjectableValues$Std
7402:             1             16  com.fasterxml.jackson.databind.deser.BeanDeserializerFactory
7403:             1             16  com.fasterxml.jackson.databind.deser.BeanDeserializerFactory
7404:             1             16  com.fasterxml.jackson.databind.deser.BeanDeserializerFactory
7405:             1             16  com.fasterxml.jackson.databind.deser.impl.JDKValueInstantiators$ArrayListInstantiator
7406:             1             16  com.fasterxml.jackson.databind.deser.impl.JDKValueInstantiators$HashSetInstantiator
7407:             1             16  com.fasterxml.jackson.databind.deser.impl.JDKValueInstantiators$LinkedHashMapInstantiator
7408:             1             16  com.fasterxml.jackson.databind.deser.std.StdKeyDeserializers
7409:             1             16  com.fasterxml.jackson.databind.deser.std.StdKeyDeserializers
7410:             1             16  com.fasterxml.jackson.databind.deser.std.StdKeyDeserializers
7411:             1             16  com.fasterxml.jackson.databind.ext.Java7HandlersImpl
7412:             1             16  com.fasterxml.jackson.databind.ext.Java7SupportImpl
7413:             1             16  com.fasterxml.jackson.databind.ext.Java7SupportImpl
7414:             1             16  com.fasterxml.jackson.databind.ext.Java7SupportImpl
7415:             1             16  com.fasterxml.jackson.databind.introspect.AnnotationCollector$EmptyCollector
7416:             1             16  com.fasterxml.jackson.databind.introspect.AnnotationCollector$NoAnnotations
7417:             1             16  com.fasterxml.jackson.databind.introspect.AnnotationCollector$NoAnnotations
7418:             1             16  com.fasterxml.jackson.databind.introspect.AnnotationCollector$NoAnnotations
7419:             1             16  com.fasterxml.jackson.databind.introspect.BasicClassIntrospector
7420:             1             16  com.fasterxml.jackson.databind.jsontype.impl.LaissezFaireSubTypeValidator
7421:             1             16  com.fasterxml.jackson.databind.jsontype.impl.LaissezFaireSubTypeValidator
7422:             1             16  com.fasterxml.jackson.databind.jsontype.impl.LaissezFaireSubTypeValidator
7423:             1             16  com.fasterxml.jackson.databind.jsontype.impl.StdSubtypeResolver
7424:             1             16  com.fasterxml.jackson.databind.jsontype.impl.SubTypeValidator
7425:             1             16  com.fasterxml.jackson.databind.node.JsonNodeFactory
7426:             1             16  com.fasterxml.jackson.databind.node.JsonNodeFactory
7427:             1             16  com.fasterxml.jackson.databind.node.JsonNodeFactory
7428:             1             16  com.fasterxml.jackson.databind.node.TextNode
7429:             1             16  com.fasterxml.jackson.databind.ser.BeanSerializerFactory
7430:             1             16  com.fasterxml.jackson.databind.ser.BeanSerializerFactory
7431:             1             16  com.fasterxml.jackson.databind.ser.BeanSerializerFactory
7432:             1             16  com.fasterxml.jackson.databind.ser.impl.UnknownSerializer
7433:             1             16  com.fasterxml.jackson.databind.ser.impl.UnknownSerializer
7434:             1             16  com.fasterxml.jackson.databind.ser.impl.UnknownSerializer
7435:             1             16  com.fasterxml.jackson.databind.ser.std.NullSerializer
7436:             1             16  com.fasterxml.jackson.databind.ser.std.NullSerializer
7437:             1             16  com.fasterxml.jackson.databind.ser.std.NullSerializer
7438:             1             16  com.fasterxml.jackson.databind.ser.std.SerializableSerializer
7439:             1             16  com.fasterxml.jackson.databind.ser.std.StdKeySerializer
7440:             1             16  com.fasterxml.jackson.databind.ser.std.StdKeySerializers$StringKeySerializer
7441:             1             16  com.fasterxml.jackson.databind.ser.std.StringSerializer
7442:             1             16  com.fasterxml.jackson.databind.ser.std.StringSerializer
7443:             1             16  com.fasterxml.jackson.databind.ser.std.StringSerializer
7444:             1             16  com.fasterxml.jackson.databind.type.TypeParser
7445:             1             16  com.fasterxml.jackson.databind.type.TypeParser
7446:             1             16  com.fasterxml.jackson.databind.type.TypeParser
7447:             1             16  com.fasterxml.jackson.databind.util.RootNameLookup
7448:             1             16  com.fasterxml.jackson.dataformat.yaml.util.StringQuotingChecker$Default
7449:             1             16  com.google.common.base.Absent
7450:             1             16  com.google.common.base.Equivalence$Equals
7451:             1             16  com.google.common.base.Equivalence$Equals
7452:             1             16  com.google.common.base.Equivalence$Equals
7453:             1             16  com.google.common.base.Equivalence$Equals
7454:             1             16  com.google.common.base.Platform$JdkPatternCompiler
7455:             1             16  com.google.common.base.Suppliers$SupplierOfInstance
7456:             1             16  com.google.common.base.Suppliers$SupplierOfInstance
7457:             1             16  com.google.common.base.Suppliers$SupplierOfInstance
7458:             1             16  com.google.common.base.Suppliers$SupplierOfInstance
7459:             1             16  com.google.common.base.Ticker$1
7460:             1             16  com.google.common.base.Ticker$1
7461:             1             16  com.google.common.base.Ticker$1
7462:             1             16  com.google.common.base.Ticker$1
7463:             1             16  com.google.common.cache.CacheBuilder$$Lambda/0x00007fcd28b0c3b8
7464:             1             16  com.google.common.cache.CacheBuilder$1
7465:             1             16  com.google.common.cache.CacheBuilder$1
7466:             1             16  com.google.common.cache.CacheBuilder$1
7467:             1             16  com.google.common.cache.CacheBuilder$1
7468:             1             16  com.google.common.cache.CacheBuilder$2
7469:             1             16  com.google.common.cache.CacheBuilder$2
7470:             1             16  com.google.common.cache.CacheBuilder$2
7471:             1             16  com.google.common.cache.CacheBuilder$2
7472:             1             16  com.google.common.cache.CacheBuilder$3
7473:             1             16  com.google.common.cache.CacheBuilder$3
7474:             1             16  com.google.common.cache.CacheBuilder$3
7475:             1             16  com.google.common.cache.LocalCache$1
7476:             1             16  com.google.common.cache.LocalCache$1
7477:             1             16  com.google.common.cache.LocalCache$1
7478:             1             16  com.google.common.cache.LocalCache$1
7479:             1             16  com.google.common.cache.LocalCache$2
7480:             1             16  com.google.common.cache.LocalCache$2
7481:             1             16  com.google.common.cache.LocalCache$2
7482:             1             16  com.google.common.cache.LocalCache$2
7483:             1             16  com.google.common.cache.LocalCache$AccessQueue
7484:             1             16  com.google.common.cache.LocalCache$LocalManualCache
7485:             1             16  com.google.common.cache.LocalCache$LocalManualCache
7486:             1             16  com.google.common.cache.LongAddables$2
7487:             1             16  com.google.common.collect.CollectCollectors$$Lambda/0x00007fcd28930000
7488:             1             16  com.google.common.collect.CollectCollectors$$Lambda/0x00007fcd28930218
7489:             1             16  com.google.common.collect.CollectCollectors$$Lambda/0x00007fcd28930440
7490:             1             16  com.google.common.collect.CollectCollectors$$Lambda/0x00007fcd28930680
7491:             1             16  com.google.common.collect.CollectCollectors$$Lambda/0x00007fcd28930b28
7492:             1             16  com.google.common.collect.CollectCollectors$$Lambda/0x00007fcd28930d40
7493:             1             16  com.google.common.collect.CollectCollectors$$Lambda/0x00007fcd28930f68
7494:             1             16  com.google.common.collect.CollectCollectors$$Lambda/0x00007fcd289311a8
7495:             1             16  com.google.common.collect.CollectCollectors$$Lambda/0x00007fcd28934d08
7496:             1             16  com.google.common.collect.CollectCollectors$$Lambda/0x00007fcd289353a0
7497:             1             16  com.google.common.collect.CollectCollectors$$Lambda/0x00007fcd289355c8
7498:             1             16  com.google.common.collect.CollectCollectors$$Lambda/0x00007fcd28935808
7499:             1             16  com.google.common.collect.CollectCollectors$$Lambda/0x00007fcd28935a40
7500:             1             16  com.google.common.collect.CollectCollectors$$Lambda/0x00007fcd28935e88
7501:             1             16  com.google.common.collect.CollectCollectors$$Lambda/0x00007fcd289360c8
7502:             1             16  com.google.common.collect.CollectCollectors$$Lambda/0x00007fcd292617a0
7503:             1             16  com.google.common.collect.CollectCollectors$$Lambda/0x00007fcd29261be8
7504:             1             16  com.google.common.collect.CollectCollectors$$Lambda/0x00007fcd29261e28
7505:             1             16  com.google.common.collect.CollectCollectors$$Lambda/0x00007fcd29262060
7506:             1             16  com.google.common.collect.MultimapBuilder$HashSetSupplier
7507:             1             16  com.google.common.collect.Tables$1
7508:             1             16  com.google.common.io.ByteStreams$1
7509:             1             16  com.google.common.io.Closer$SuppressingSuppressor
7510:             1             16  com.google.gson.Gson$4
7511:             1             16  com.google.gson.Gson$5
7512:             1             16  com.google.gson.JsonParser
7513:             1             16  com.google.gson.internal.bind.ArrayTypeAdapter$1
7514:             1             16  com.google.gson.internal.bind.CollectionTypeAdapterFactory
7515:             1             16  com.google.gson.internal.bind.DateTypeAdapter$1
7516:             1             16  com.google.gson.internal.bind.DefaultDateTypeAdapter$DateType$1
7517:             1             16  com.google.gson.internal.bind.JsonAdapterAnnotationTypeAdapterFactory
7518:             1             16  com.google.gson.internal.bind.NumberTypeAdapter
7519:             1             16  com.google.gson.internal.bind.NumberTypeAdapter$1
7520:             1             16  com.google.gson.internal.bind.ObjectTypeAdapter$1
7521:             1             16  com.google.gson.internal.bind.TypeAdapters$1
7522:             1             16  com.google.gson.internal.bind.TypeAdapters$10
7523:             1             16  com.google.gson.internal.bind.TypeAdapters$11
7524:             1             16  com.google.gson.internal.bind.TypeAdapters$12
7525:             1             16  com.google.gson.internal.bind.TypeAdapters$13
7526:             1             16  com.google.gson.internal.bind.TypeAdapters$14
7527:             1             16  com.google.gson.internal.bind.TypeAdapters$15
7528:             1             16  com.google.gson.internal.bind.TypeAdapters$16
7529:             1             16  com.google.gson.internal.bind.TypeAdapters$17
7530:             1             16  com.google.gson.internal.bind.TypeAdapters$18
7531:             1             16  com.google.gson.internal.bind.TypeAdapters$19
7532:             1             16  com.google.gson.internal.bind.TypeAdapters$2
7533:             1             16  com.google.gson.internal.bind.TypeAdapters$20
7534:             1             16  com.google.gson.internal.bind.TypeAdapters$21
7535:             1             16  com.google.gson.internal.bind.TypeAdapters$22
7536:             1             16  com.google.gson.internal.bind.TypeAdapters$23
7537:             1             16  com.google.gson.internal.bind.TypeAdapters$24
7538:             1             16  com.google.gson.internal.bind.TypeAdapters$25
7539:             1             16  com.google.gson.internal.bind.TypeAdapters$26
7540:             1             16  com.google.gson.internal.bind.TypeAdapters$27
7541:             1             16  com.google.gson.internal.bind.TypeAdapters$28
7542:             1             16  com.google.gson.internal.bind.TypeAdapters$3
7543:             1             16  com.google.gson.internal.bind.TypeAdapters$4
7544:             1             16  com.google.gson.internal.bind.TypeAdapters$5
7545:             1             16  com.google.gson.internal.bind.TypeAdapters$6
7546:             1             16  com.google.gson.internal.bind.TypeAdapters$7
7547:             1             16  com.google.gson.internal.bind.TypeAdapters$8
7548:             1             16  com.google.gson.internal.bind.TypeAdapters$9
7549:             1             16  com.google.gson.internal.sql.SqlDateTypeAdapter$1
7550:             1             16  com.google.gson.internal.sql.SqlTimeTypeAdapter$1
7551:             1             16  com.google.gson.internal.sql.SqlTimestampTypeAdapter$1
7552:             1             16  com.google.gson.internal.sql.SqlTypesSupport$1
7553:             1             16  com.google.gson.internal.sql.SqlTypesSupport$2
7554:             1             16  com.sun.jmx.interceptor.DefaultMBeanServerInterceptor$ResourceContext$1 (java.management@21.0.3)
7555:             1             16  com.sun.jmx.mbeanserver.DefaultMXBeanMappingFactory (java.management@21.0.3)
7556:             1             16  com.sun.jmx.mbeanserver.DescriptorCache (java.management@21.0.3)
7557:             1             16  com.sun.jmx.mbeanserver.MBeanAnalyzer$MethodOrder (java.management@21.0.3)
7558:             1             16  com.sun.jmx.mbeanserver.MBeanInstantiator (java.management@21.0.3)
7559:             1             16  com.sun.jmx.mbeanserver.MXBeanIntrospector (java.management@21.0.3)
7560:             1             16  com.sun.jmx.mbeanserver.SecureClassLoaderRepository (java.management@21.0.3)
7561:             1             16  com.sun.jna.JNIEnv
7562:             1             16  com.sun.jna.Native$1
7563:             1             16  com.sun.jna.Native$2
7564:             1             16  com.sun.jna.Native$7
7565:             1             16  com.sun.jna.NativeLibrary$1
7566:             1             16  com.sun.jna.Structure$1
7567:             1             16  com.sun.jna.Structure$2
7568:             1             16  com.sun.jna.VarArgsChecker$RealVarArgsChecker
7569:             1             16  com.sun.management.internal.HotSpotDiagnostic (jdk.management@21.0.3)
7570:             1             16  com.sun.management.internal.PlatformMBeanProviderImpl$$Lambda/0x00007fcd2807be10 (jdk.management@21.0.3)
7571:             1             16  com.sun.management.internal.PlatformMBeanProviderImpl$1 (jdk.management@21.0.3)
7572:             1             16  com.sun.management.internal.PlatformMBeanProviderImpl$3 (jdk.management@21.0.3)
7573:             1             16  com.sun.management.internal.PlatformMBeanProviderImpl$4 (jdk.management@21.0.3)
7574:             1             16  io.github.resilience4j.core.predicate.PredicateCreator$$Lambda/0x00007fcd28b91c50
7575:             1             16  io.github.resilience4j.core.predicate.PredicateCreator$$Lambda/0x00007fcd28b91e88
7576:             1             16  io.github.resilience4j.core.predicate.PredicateCreator$$Lambda/0x00007fcd28b92778
7577:             1             16  io.github.resilience4j.retry.RetryConfig$$Lambda/0x00007fcd28b90ce0
7578:             1             16  io.github.resilience4j.retry.RetryConfig$$Lambda/0x00007fcd28b90f30
7579:             1             16  io.github.resilience4j.retry.internal.RetryImpl$$Lambda/0x00007fcd28b98ec8
7580:             1             16  io.netty.bootstrap.BootstrapConfig
7581:             1             16  io.netty.bootstrap.ChannelInitializerExtensions$EmptyExtensions
7582:             1             16  io.netty.buffer.AbstractReferenceCountedByteBuf$1
7583:             1             16  io.netty.buffer.ByteBufUtil$1
7584:             1             16  io.netty.buffer.ByteBufUtil$2
7585:             1             16  io.netty.buffer.CompositeByteBuf$1
7586:             1             16  io.netty.buffer.CompositeByteBuf$2
7587:             1             16  io.netty.buffer.PoolThreadCache$MemoryRegionCache$1
7588:             1             16  io.netty.buffer.PooledHeapByteBuf$1
7589:             1             16  io.netty.channel.AbstractChannelHandlerContext$WriteTask$1
7590:             1             16  io.netty.channel.ChannelFutureListener$1
7591:             1             16  io.netty.channel.ChannelFutureListener$2
7592:             1             16  io.netty.channel.ChannelFutureListener$3
7593:             1             16  io.netty.channel.ChannelHandlerMask$1
7594:             1             16  io.netty.channel.ChannelOutboundBuffer$1
7595:             1             16  io.netty.channel.ChannelOutboundBuffer$Entry$1
7596:             1             16  io.netty.channel.DefaultChannelPipeline$1
7597:             1             16  io.netty.channel.DefaultMessageSizeEstimator
7598:             1             16  io.netty.channel.DefaultMessageSizeEstimator$HandleImpl
7599:             1             16  io.netty.channel.DefaultSelectStrategy
7600:             1             16  io.netty.channel.DefaultSelectStrategy
7601:             1             16  io.netty.channel.DefaultSelectStrategyFactory
7602:             1             16  io.netty.channel.DefaultSelectStrategyFactory
7603:             1             16  io.netty.handler.codec.ByteToMessageDecoder$1
7604:             1             16  io.netty.handler.codec.ByteToMessageDecoder$2
7605:             1             16  io.netty.handler.codec.CodecOutputList$1
7606:             1             16  io.netty.handler.codec.CodecOutputList$2
7607:             1             16  io.netty.handler.ssl.JdkDefaultApplicationProtocolNegotiator
7608:             1             16  io.netty.handler.ssl.JdkDefaultApplicationProtocolNegotiator$1
7609:             1             16  io.netty.handler.ssl.SslCloseCompletionEvent
7610:             1             16  io.netty.handler.ssl.SslHandshakeCompletionEvent
7611:             1             16  io.netty.util.AbstractReferenceCounted$1
7612:             1             16  io.netty.util.AsciiString$1
7613:             1             16  io.netty.util.AsciiString$2
7614:             1             16  io.netty.util.NettyRuntime$AvailableProcessorsHolder
7615:             1             16  io.netty.util.NettyRuntime$AvailableProcessorsHolder
7616:             1             16  io.netty.util.Recycler$1
7617:             1             16  io.netty.util.concurrent.AbstractScheduledEventExecutor$1
7618:             1             16  io.netty.util.concurrent.AbstractScheduledEventExecutor$1
7619:             1             16  io.netty.util.concurrent.AbstractScheduledEventExecutor$2
7620:             1             16  io.netty.util.concurrent.AbstractScheduledEventExecutor$2
7621:             1             16  io.netty.util.concurrent.DefaultEventExecutorChooserFactory
7622:             1             16  io.netty.util.concurrent.DefaultEventExecutorChooserFactory
7623:             1             16  io.netty.util.concurrent.DefaultPromise$CauseHolder
7624:             1             16  io.netty.util.concurrent.FastThreadLocal
7625:             1             16  io.netty.util.concurrent.FastThreadLocal
7626:             1             16  io.netty.util.concurrent.GlobalEventExecutor$1
7627:             1             16  io.netty.util.concurrent.GlobalEventExecutor$1
7628:             1             16  io.netty.util.concurrent.GlobalEventExecutor$TaskRunner
7629:             1             16  io.netty.util.concurrent.GlobalEventExecutor$TaskRunner
7630:             1             16  io.netty.util.concurrent.ImmediateExecutor
7631:             1             16  io.netty.util.concurrent.MultithreadEventExecutorGroup$1
7632:             1             16  io.netty.util.concurrent.RejectedExecutionHandlers$1
7633:             1             16  io.netty.util.concurrent.RejectedExecutionHandlers$1
7634:             1             16  io.netty.util.concurrent.SingleThreadEventExecutor$1
7635:             1             16  io.netty.util.concurrent.SingleThreadEventExecutor$1
7636:             1             16  io.netty.util.concurrent.ThreadPerTaskExecutor
7637:             1             16  io.netty.util.internal.PlatformDependent$1
7638:             1             16  io.netty.util.internal.PlatformDependent$1
7639:             1             16  io.netty.util.internal.PlatformDependent$1
7640:             1             16  io.netty.util.internal.PlatformDependent$2
7641:             1             16  io.netty.util.internal.PlatformDependent$2
7642:             1             16  io.netty.util.internal.PlatformDependent$2
7643:             1             16  io.netty.util.internal.RecyclableArrayList$1
7644:             1             16  io.netty.util.internal.TypeParameterMatcher$1
7645:             1             16  io.netty.util.internal.logging.Log4J2LoggerFactory
7646:             1             16  io.netty.util.internal.logging.Log4J2LoggerFactory
7647:             1             16  io.netty.util.internal.logging.Slf4JLoggerFactory
7648:             1             16  io.netty.util.internal.logging.Slf4JLoggerFactory
7649:             1             16  io.protostuff.runtime.ArraySchemas$1
7650:             1             16  io.protostuff.runtime.IdStrategy$10
7651:             1             16  io.protostuff.runtime.IdStrategy$12
7652:             1             16  io.protostuff.runtime.IdStrategy$14
7653:             1             16  io.protostuff.runtime.IdStrategy$16
7654:             1             16  io.protostuff.runtime.IdStrategy$18
7655:             1             16  io.protostuff.runtime.IdStrategy$20
7656:             1             16  io.protostuff.runtime.IdStrategy$22
7657:             1             16  io.protostuff.runtime.IdStrategy$24
7658:             1             16  io.protostuff.runtime.IdStrategy$8
7659:             1             16  io.protostuff.runtime.ReflectAccessor$1
7660:             1             16  io.protostuff.runtime.RuntimeFieldFactory$1
7661:             1             16  io.protostuff.runtime.RuntimeReflectionFieldFactory$1
7662:             1             16  io.protostuff.runtime.RuntimeReflectionFieldFactory$10
7663:             1             16  io.protostuff.runtime.RuntimeReflectionFieldFactory$11
7664:             1             16  io.protostuff.runtime.RuntimeReflectionFieldFactory$12
7665:             1             16  io.protostuff.runtime.RuntimeReflectionFieldFactory$13
7666:             1             16  io.protostuff.runtime.RuntimeReflectionFieldFactory$14
7667:             1             16  io.protostuff.runtime.RuntimeReflectionFieldFactory$15
7668:             1             16  io.protostuff.runtime.RuntimeReflectionFieldFactory$16
7669:             1             16  io.protostuff.runtime.RuntimeReflectionFieldFactory$17
7670:             1             16  io.protostuff.runtime.RuntimeReflectionFieldFactory$18
7671:             1             16  io.protostuff.runtime.RuntimeReflectionFieldFactory$19
7672:             1             16  io.protostuff.runtime.RuntimeReflectionFieldFactory$2
7673:             1             16  io.protostuff.runtime.RuntimeReflectionFieldFactory$3
7674:             1             16  io.protostuff.runtime.RuntimeReflectionFieldFactory$4
7675:             1             16  io.protostuff.runtime.RuntimeReflectionFieldFactory$5
7676:             1             16  io.protostuff.runtime.RuntimeReflectionFieldFactory$6
7677:             1             16  io.protostuff.runtime.RuntimeReflectionFieldFactory$7
7678:             1             16  io.protostuff.runtime.RuntimeReflectionFieldFactory$8
7679:             1             16  io.protostuff.runtime.RuntimeReflectionFieldFactory$9
7680:             1             16  io.vavr.collection.HashArrayMappedTrieModule$EmptyNode
7681:             1             16  io.vavr.collection.HashMap
7682:             1             16  java.io.Console$$Lambda/0x00007fcd28065c28 (java.base@21.0.3)
7683:             1             16  java.io.Console$$Lambda/0x00007fcd280664e0 (java.base@21.0.3)
7684:             1             16  java.io.Console$$Lambda/0x00007fcd28067868 (java.base@21.0.3)
7685:             1             16  java.io.Console$1 (java.base@21.0.3)
7686:             1             16  java.io.DeleteOnExitHook$1 (java.base@21.0.3)
7687:             1             16  java.io.FileDescriptor$1 (java.base@21.0.3)
7688:             1             16  java.io.FilePermission$1 (java.base@21.0.3)
7689:             1             16  java.io.FilePermissionCollection$$Lambda/0x00007fcd28058f00 (java.base@21.0.3)
7690:             1             16  java.io.ObjectInputFilter$Config$$Lambda/0x00007fcd29177138 (java.base@21.0.3)
7691:             1             16  java.io.ObjectInputFilter$Config$$Lambda/0x00007fcd29177350 (java.base@21.0.3)
7692:             1             16  java.io.ObjectInputFilter$Config$$Lambda/0x00007fcd291779a0 (java.base@21.0.3)
7693:             1             16  java.io.ObjectInputFilter$Config$BuiltinFilterFactory (java.base@21.0.3)
7694:             1             16  java.io.ObjectInputStream$$Lambda/0x00007fcd29175368 (java.base@21.0.3)
7695:             1             16  java.io.ObjectInputStream$$Lambda/0x00007fcd29175778 (java.base@21.0.3)
7696:             1             16  java.io.PrintStream$1 (java.base@21.0.3)
7697:             1             16  java.io.PrintWriter$1 (java.base@21.0.3)
7698:             1             16  java.io.RandomAccessFile$2 (java.base@21.0.3)
7699:             1             16  java.lang.ApplicationShutdownHooks$1 (java.base@21.0.3)
7700:             1             16  java.lang.CharacterData00 (java.base@21.0.3)
7701:             1             16  java.lang.CharacterDataLatin1 (java.base@21.0.3)
7702:             1             16  java.lang.Class$$Lambda/0x00007fcd280e4930 (java.base@21.0.3)
7703:             1             16  java.lang.Module$$Lambda/0x00007fcd28148a28 (java.base@21.0.3)
7704:             1             16  java.lang.ProcessBuilder$NullInputStream (java.base@21.0.3)
7705:             1             16  java.lang.ProcessBuilder$NullOutputStream (java.base@21.0.3)
7706:             1             16  java.lang.ProcessEnvironment$StringKeySet (java.base@21.0.3)
7707:             1             16  java.lang.ProcessHandleImpl$$Lambda/0x00007fcd28165918 (java.base@21.0.3)
7708:             1             16  java.lang.Runtime (java.base@21.0.3)
7709:             1             16  java.lang.Runtime$Version$$Lambda/0x00007fcd280795c0 (java.base@21.0.3)
7710:             1             16  java.lang.SecurityManager$$Lambda/0x00007fcd28046e18 (java.base@21.0.3)
7711:             1             16  java.lang.SecurityManager$$Lambda/0x00007fcd280472a0 (java.base@21.0.3)
7712:             1             16  java.lang.SecurityManager$$Lambda/0x00007fcd280474d8 (java.base@21.0.3)
7713:             1             16  java.lang.SecurityManager$$Lambda/0x00007fcd28047710 (java.base@21.0.3)
7714:             1             16  java.lang.SecurityManager$$Lambda/0x00007fcd28047938 (java.base@21.0.3)
7715:             1             16  java.lang.SecurityManager$$Lambda/0x00007fcd28047b80 (java.base@21.0.3)
7716:             1             16  java.lang.SecurityManager$$Lambda/0x00007fcd28047fe8 (java.base@21.0.3)
7717:             1             16  java.lang.SecurityManager$$Lambda/0x00007fcd28048230 (java.base@21.0.3)
7718:             1             16  java.lang.String$CaseInsensitiveComparator (java.base@21.0.3)
7719:             1             16  java.lang.System$2 (java.base@21.0.3)
7720:             1             16  java.lang.System$LoggerFinder$$Lambda/0x00007fcd28168d28 (java.base@21.0.3)
7721:             1             16  java.lang.Terminator$1 (java.base@21.0.3)
7722:             1             16  java.lang.invoke.ClassSpecializer$1 (java.base@21.0.3)
7723:             1             16  java.lang.invoke.MemberName$Factory (java.base@21.0.3)
7724:             1             16  java.lang.invoke.MethodHandleImpl$1 (java.base@21.0.3)
7725:             1             16  java.lang.management.DefaultPlatformMBeanProvider$1 (java.management@21.0.3)
7726:             1             16  java.lang.management.DefaultPlatformMBeanProvider$10 (java.management@21.0.3)
7727:             1             16  java.lang.management.DefaultPlatformMBeanProvider$10$$Lambda/0x00007fcd284dfd38 (java.management@21.0.3)
7728:             1             16  java.lang.management.DefaultPlatformMBeanProvider$2 (java.management@21.0.3)
7729:             1             16  java.lang.management.DefaultPlatformMBeanProvider$3 (java.management@21.0.3)
7730:             1             16  java.lang.management.DefaultPlatformMBeanProvider$5 (java.management@21.0.3)
7731:             1             16  java.lang.management.DefaultPlatformMBeanProvider$5$$Lambda/0x00007fcd284fb058 (java.management@21.0.3)
7732:             1             16  java.lang.management.DefaultPlatformMBeanProvider$6 (java.management@21.0.3)
7733:             1             16  java.lang.management.DefaultPlatformMBeanProvider$7 (java.management@21.0.3)
7734:             1             16  java.lang.management.DefaultPlatformMBeanProvider$9 (java.management@21.0.3)
7735:             1             16  java.lang.management.ManagementFactory$$Lambda/0x00007fcd2807a018 (java.management@21.0.3)
7736:             1             16  java.lang.management.ManagementFactory$$Lambda/0x00007fcd284f23e0 (java.management@21.0.3)
7737:             1             16  java.lang.management.ManagementFactory$$Lambda/0x00007fcd284f2628 (java.management@21.0.3)
7738:             1             16  java.lang.management.ManagementFactory$$Lambda/0x00007fcd284f2860 (java.management@21.0.3)
7739:             1             16  java.lang.module.ModuleDescriptor$1 (java.base@21.0.3)
7740:             1             16  java.lang.module.ModuleDescriptor$Builder$$Lambda/0x800000002 (java.base@21.0.3)
7741:             1             16  java.lang.ref.Cleaner (java.base@21.0.3)
7742:             1             16  java.lang.ref.Cleaner$1 (java.base@21.0.3)
7743:             1             16  java.lang.ref.Reference$1 (java.base@21.0.3)
7744:             1             16  java.lang.reflect.AccessFlag$1 (java.base@21.0.3)
7745:             1             16  java.lang.reflect.AccessFlag$10 (java.base@21.0.3)
7746:             1             16  java.lang.reflect.AccessFlag$11 (java.base@21.0.3)
7747:             1             16  java.lang.reflect.AccessFlag$12 (java.base@21.0.3)
7748:             1             16  java.lang.reflect.AccessFlag$13 (java.base@21.0.3)
7749:             1             16  java.lang.reflect.AccessFlag$14 (java.base@21.0.3)
7750:             1             16  java.lang.reflect.AccessFlag$15 (java.base@21.0.3)
7751:             1             16  java.lang.reflect.AccessFlag$16 (java.base@21.0.3)
7752:             1             16  java.lang.reflect.AccessFlag$17 (java.base@21.0.3)
7753:             1             16  java.lang.reflect.AccessFlag$18 (java.base@21.0.3)
7754:             1             16  java.lang.reflect.AccessFlag$2 (java.base@21.0.3)
7755:             1             16  java.lang.reflect.AccessFlag$3 (java.base@21.0.3)
7756:             1             16  java.lang.reflect.AccessFlag$4 (java.base@21.0.3)
7757:             1             16  java.lang.reflect.AccessFlag$5 (java.base@21.0.3)
7758:             1             16  java.lang.reflect.AccessFlag$6 (java.base@21.0.3)
7759:             1             16  java.lang.reflect.AccessFlag$7 (java.base@21.0.3)
7760:             1             16  java.lang.reflect.AccessFlag$8 (java.base@21.0.3)
7761:             1             16  java.lang.reflect.AccessFlag$9 (java.base@21.0.3)
7762:             1             16  java.lang.reflect.Proxy$$Lambda/0x00007fcd28147cc0 (java.base@21.0.3)
7763:             1             16  java.lang.reflect.Proxy$ProxyBuilder$$Lambda/0x00007fcd281480f0 (java.base@21.0.3)
7764:             1             16  java.lang.reflect.ProxyGenerator$$Lambda/0x00007fcd281497d8 (java.base@21.0.3)
7765:             1             16  java.lang.reflect.ProxyGenerator$$Lambda/0x00007fcd28149a10 (java.base@21.0.3)
7766:             1             16  java.lang.reflect.ReflectAccess (java.base@21.0.3)
7767:             1             16  java.net.InetAddress$$Lambda/0x00007fcd28156650 (java.base@21.0.3)
7768:             1             16  java.net.InetAddress$$Lambda/0x00007fcd28156a78 (java.base@21.0.3)
7769:             1             16  java.net.InetAddress$$Lambda/0x00007fcd28156cb0 (java.base@21.0.3)
7770:             1             16  java.net.InetAddress$1 (java.base@21.0.3)
7771:             1             16  java.net.InetAddress$PlatformResolver (java.base@21.0.3)
7772:             1             16  java.net.URI$1 (java.base@21.0.3)
7773:             1             16  java.net.URL$3 (java.base@21.0.3)
7774:             1             16  java.net.URL$DefaultFactory (java.base@21.0.3)
7775:             1             16  java.net.spi.InetAddressResolver$LookupPolicy (java.base@21.0.3)
7776:             1             16  java.nio.Bits$1 (java.base@21.0.3)
7777:             1             16  java.nio.Buffer$1 (java.base@21.0.3)
7778:             1             16  java.nio.Buffer$2 (java.base@21.0.3)
7779:             1             16  java.nio.channels.spi.SelectorProvider$Holder$$Lambda/0x00007fcd289edf88 (java.base@21.0.3)
7780:             1             16  java.nio.file.Files$$Lambda/0x00007fcd282f8420 (java.base@21.0.3)
7781:             1             16  java.nio.file.Files$AcceptAllFilter (java.base@21.0.3)
7782:             1             16  java.security.AllPermission (java.base@21.0.3)
7783:             1             16  java.security.KeyStore$$Lambda/0x00007fcd282d1c28 (java.base@21.0.3)
7784:             1             16  java.security.ProtectionDomain$JavaSecurityAccessImpl (java.base@21.0.3)
7785:             1             16  java.security.Security$$Lambda/0x80000000b (java.base@21.0.3)
7786:             1             16  java.security.Security$1 (java.base@21.0.3)
7787:             1             16  java.security.Signature$1 (java.base@21.0.3)
7788:             1             16  java.security.cert.CertPathHelperImpl (java.base@21.0.3)
7789:             1             16  java.security.spec.EncodedKeySpec$$Lambda/0x00007fcd28266c20 (java.base@21.0.3)
7790:             1             16  java.text.DecimalFormatSymbols$$Lambda/0x80000000d (java.base@21.0.3)
7791:             1             16  java.text.MessageFormat$Field (java.base@21.0.3)
7792:             1             16  java.time.ZoneOffset$$Lambda/0x80000000e (java.base@21.0.3)
7793:             1             16  java.time.chrono.HijrahChronology$$Lambda/0x00007fcd284cc538 (java.base@21.0.3)
7794:             1             16  java.time.chrono.HijrahChronology$$Lambda/0x00007fcd284cc750 (java.base@21.0.3)
7795:             1             16  java.time.chrono.IsoChronology (java.base@21.0.3)
7796:             1             16  java.time.chrono.JapaneseChronology (java.base@21.0.3)
7797:             1             16  java.time.chrono.MinguoChronology (java.base@21.0.3)
7798:             1             16  java.time.chrono.ThaiBuddhistChronology (java.base@21.0.3)
7799:             1             16  java.time.format.DateTimeFormatter$$Lambda/0x80000000f (java.base@21.0.3)
7800:             1             16  java.time.format.DateTimeFormatter$$Lambda/0x800000010 (java.base@21.0.3)
7801:             1             16  java.time.format.DateTimeFormatterBuilder$$Lambda/0x800000011 (java.base@21.0.3)
7802:             1             16  java.time.format.DateTimeFormatterBuilder$InstantPrinterParser (java.base@21.0.3)
7803:             1             16  java.time.format.DateTimeFormatterBuilder$LocalizedOffsetIdPrinterParser (java.base@21.0.3)
7804:             1             16  java.time.format.DateTimeTextProvider (java.base@21.0.3)
7805:             1             16  java.time.format.DateTimeTextProvider$1 (java.base@21.0.3)
7806:             1             16  java.time.temporal.TemporalQueries$1 (java.base@21.0.3)
7807:             1             16  java.time.temporal.TemporalQueries$2 (java.base@21.0.3)
7808:             1             16  java.time.temporal.TemporalQueries$3 (java.base@21.0.3)
7809:             1             16  java.time.temporal.TemporalQueries$4 (java.base@21.0.3)
7810:             1             16  java.time.temporal.TemporalQueries$5 (java.base@21.0.3)
7811:             1             16  java.time.temporal.TemporalQueries$6 (java.base@21.0.3)
7812:             1             16  java.time.temporal.TemporalQueries$7 (java.base@21.0.3)
7813:             1             16  java.util.AbstractMap$1 (java.base@21.0.3)
7814:             1             16  java.util.Collections$EmptyEnumeration (java.base@21.0.3)
7815:             1             16  java.util.Collections$EmptyIterator (java.base@21.0.3)
7816:             1             16  java.util.Collections$EmptyList (java.base@21.0.3)
7817:             1             16  java.util.Collections$EmptyListIterator (java.base@21.0.3)
7818:             1             16  java.util.Collections$EmptySet (java.base@21.0.3)
7819:             1             16  java.util.Collections$ReverseComparator (java.base@21.0.3)
7820:             1             16  java.util.EnumMap$1 (java.base@21.0.3)
7821:             1             16  java.util.ImmutableCollections$Access$1 (java.base@21.0.3)
7822:             1             16  java.util.Locale$Builder (java.base@21.0.3)
7823:             1             16  java.util.Map$Entry$$Lambda/0x00007fcd29074e50 (java.base@21.0.3)
7824:             1             16  java.util.Properties$EntrySet (java.base@21.0.3)
7825:             1             16  java.util.ResourceBundle$1 (java.base@21.0.3)
7826:             1             16  java.util.ResourceBundle$Control (java.base@21.0.3)
7827:             1             16  java.util.Spliterators$EmptySpliterator$OfDouble (java.base@21.0.3)
7828:             1             16  java.util.Spliterators$EmptySpliterator$OfInt (java.base@21.0.3)
7829:             1             16  java.util.Spliterators$EmptySpliterator$OfLong (java.base@21.0.3)
7830:             1             16  java.util.Spliterators$EmptySpliterator$OfRef (java.base@21.0.3)
7831:             1             16  java.util.concurrent.CompletableFuture$AltResult (java.base@21.0.3)
7832:             1             16  java.util.concurrent.ForkJoinPool$2 (java.base@21.0.3)
7833:             1             16  java.util.concurrent.ForkJoinPool$DefaultForkJoinWorkerThreadFactory (java.base@21.0.3)
7834:             1             16  java.util.concurrent.ThreadPoolExecutor$AbortPolicy (java.base@21.0.3)
7835:             1             16  java.util.function.Function$$Lambda/0x00007fcd28068a50 (java.base@21.0.3)
7836:             1             16  java.util.function.UnaryOperator$$Lambda/0x00007fcd289f2348 (java.base@21.0.3)
7837:             1             16  java.util.jar.JavaUtilJarAccessImpl (java.base@21.0.3)
7838:             1             16  java.util.logging.ErrorManager (java.logging@21.0.3)
7839:             1             16  java.util.logging.Level$$Lambda/0x800000013 (java.logging@21.0.3)
7840:             1             16  java.util.logging.Level$KnownLevel$$Lambda/0x800000023 (java.logging@21.0.3)
7841:             1             16  java.util.logging.Level$KnownLevel$$Lambda/0x800000024 (java.logging@21.0.3)
7842:             1             16  java.util.logging.Level$KnownLevel$$Lambda/0x800000025 (java.logging@21.0.3)
7843:             1             16  java.util.logging.LogManager$CloseOnReset (java.logging@21.0.3)
7844:             1             16  java.util.logging.LogManager$LoggingProviderAccess (java.logging@21.0.3)
7845:             1             16  java.util.logging.LogManager$VisitedLoggers (java.logging@21.0.3)
7846:             1             16  java.util.logging.Logging (java.logging@21.0.3)
7847:             1             16  java.util.logging.SimpleFormatter (java.logging@21.0.3)
7848:             1             16  java.util.logging.SimpleFormatter$$Lambda/0x00007fcd28171fb0 (java.logging@21.0.3)
7849:             1             16  java.util.regex.CharPredicates$$Lambda/0x00007fcd28078698 (java.base@21.0.3)
7850:             1             16  java.util.regex.CharPredicates$$Lambda/0x00007fcd282fa940 (java.base@21.0.3)
7851:             1             16  java.util.regex.CharPredicates$$Lambda/0x00007fcd282fadf0 (java.base@21.0.3)
7852:             1             16  java.util.regex.CharPredicates$$Lambda/0x800000026 (java.base@21.0.3)
7853:             1             16  java.util.regex.CharPredicates$$Lambda/0x800000027 (java.base@21.0.3)
7854:             1             16  java.util.regex.Pattern$$Lambda/0x00007fcd280771b0 (java.base@21.0.3)
7855:             1             16  java.util.regex.Pattern$$Lambda/0x00007fcd282fab98 (java.base@21.0.3)
7856:             1             16  java.util.regex.Pattern$$Lambda/0x00007fcd289f9b38 (java.base@21.0.3)
7857:             1             16  java.util.regex.Pattern$LastNode (java.base@21.0.3)
7858:             1             16  java.util.regex.Pattern$LookBehindEndNode (java.base@21.0.3)
7859:             1             16  java.util.regex.Pattern$Node (java.base@21.0.3)
7860:             1             16  java.util.stream.Collectors$$Lambda/0x00007fcd2806a460 (java.base@21.0.3)
7861:             1             16  java.util.stream.Collectors$$Lambda/0x00007fcd2806a8a8 (java.base@21.0.3)
7862:             1             16  java.util.stream.Collectors$$Lambda/0x00007fcd2806aae8 (java.base@21.0.3)
7863:             1             16  java.util.stream.Collectors$$Lambda/0x00007fcd2806ca08 (java.base@21.0.3)
7864:             1             16  java.util.stream.Collectors$$Lambda/0x00007fcd2806cc20 (java.base@21.0.3)
7865:             1             16  java.util.stream.Collectors$$Lambda/0x00007fcd2806ce48 (java.base@21.0.3)
7866:             1             16  java.util.stream.Collectors$$Lambda/0x00007fcd282fe858 (java.base@21.0.3)
7867:             1             16  java.util.stream.Collectors$$Lambda/0x00007fcd284c7b58 (java.base@21.0.3)
7868:             1             16  java.util.stream.Collectors$$Lambda/0x00007fcd284c7d80 (java.base@21.0.3)
7869:             1             16  java.util.stream.Collectors$$Lambda/0x00007fcd289e1850 (java.base@21.0.3)
7870:             1             16  java.util.stream.Collectors$$Lambda/0x00007fcd29164990 (java.base@21.0.3)
7871:             1             16  java.util.stream.Collectors$$Lambda/0x00007fcd2916b990 (java.base@21.0.3)
7872:             1             16  java.util.stream.Collectors$$Lambda/0x00007fcd29177bb8 (java.base@21.0.3)
7873:             1             16  java.util.stream.Collectors$$Lambda/0x00007fcd29178a88 (java.base@21.0.3)
7874:             1             16  java.util.stream.Collectors$$Lambda/0x00007fcd29178ed0 (java.base@21.0.3)
7875:             1             16  java.util.stream.Collectors$$Lambda/0x00007fcd291790e8 (java.base@21.0.3)
7876:             1             16  java.util.stream.Collectors$$Lambda/0x00007fcd29179310 (java.base@21.0.3)
7877:             1             16  java.util.stream.Collectors$$Lambda/0x00007fcd29179550 (java.base@21.0.3)
7878:             1             16  java.util.stream.Collectors$$Lambda/0x00007fcd2917b5b0 (java.base@21.0.3)
7879:             1             16  java.util.stream.Collectors$$Lambda/0x80000003a (java.base@21.0.3)
7880:             1             16  java.util.stream.Collectors$$Lambda/0x80000003f (java.base@21.0.3)
7881:             1             16  java.util.stream.Collectors$$Lambda/0x800000041 (java.base@21.0.3)
7882:             1             16  java.util.stream.Collectors$$Lambda/0x800000042 (java.base@21.0.3)
7883:             1             16  java.util.stream.Collectors$$Lambda/0x800000043 (java.base@21.0.3)
7884:             1             16  java.util.stream.Collectors$$Lambda/0x800000044 (java.base@21.0.3)
7885:             1             16  java.util.stream.Collectors$$Lambda/0x800000046 (java.base@21.0.3)
7886:             1             16  java.util.stream.FindOps$FindSink$OfInt$$Lambda/0x800000049 (java.base@21.0.3)
7887:             1             16  java.util.stream.FindOps$FindSink$OfInt$$Lambda/0x80000004a (java.base@21.0.3)
7888:             1             16  java.util.stream.FindOps$FindSink$OfInt$$Lambda/0x80000004b (java.base@21.0.3)
7889:             1             16  java.util.stream.FindOps$FindSink$OfInt$$Lambda/0x80000004c (java.base@21.0.3)
7890:             1             16  java.util.stream.FindOps$FindSink$OfRef$$Lambda/0x80000004d (java.base@21.0.3)
7891:             1             16  java.util.stream.FindOps$FindSink$OfRef$$Lambda/0x80000004e (java.base@21.0.3)
7892:             1             16  java.util.stream.FindOps$FindSink$OfRef$$Lambda/0x80000004f (java.base@21.0.3)
7893:             1             16  java.util.stream.FindOps$FindSink$OfRef$$Lambda/0x800000050 (java.base@21.0.3)
7894:             1             16  java.util.stream.IntPipeline$$Lambda/0x00007fcd28073878 (java.base@21.0.3)
7895:             1             16  java.util.stream.IntPipeline$$Lambda/0x00007fcd290758f0 (java.base@21.0.3)
7896:             1             16  java.util.stream.LongPipeline$$Lambda/0x00007fcd284c5330 (java.base@21.0.3)
7897:             1             16  java.util.stream.LongPipeline$$Lambda/0x00007fcd289f85c0 (java.base@21.0.3)
7898:             1             16  java.util.stream.LongPipeline$$Lambda/0x00007fcd290750e0 (java.base@21.0.3)
7899:             1             16  java.util.stream.LongPipeline$$Lambda/0x00007fcd292893d8 (java.base@21.0.3)
7900:             1             16  java.util.stream.Nodes$EmptyNode$OfDouble (java.base@21.0.3)
7901:             1             16  java.util.stream.Nodes$EmptyNode$OfInt (java.base@21.0.3)
7902:             1             16  java.util.stream.Nodes$EmptyNode$OfLong (java.base@21.0.3)
7903:             1             16  java.util.stream.Nodes$EmptyNode$OfRef (java.base@21.0.3)
7904:             1             16  java.util.stream.ReferencePipeline$$Lambda/0x00007fcd289e0000 (java.base@21.0.3)
7905:             1             16  java.util.zip.ZipFile$1 (java.base@21.0.3)
7906:             1             16  javax.crypto.CryptoAllPermissionCollection (java.base@21.0.3)
7907:             1             16  javax.crypto.JceSecurityManager (java.base@21.0.3)
7908:             1             16  javax.crypto.JceSecurityManager$$Lambda/0x00007fcd282c7e30 (java.base@21.0.3)
7909:             1             16  javax.crypto.JceSecurityManager$$Lambda/0x00007fcd282c8048 (java.base@21.0.3)
7910:             1             16  javax.crypto.spec.SecretKeySpec$$Lambda/0x00007fcd280fc3c8 (java.base@21.0.3)
7911:             1             16  javax.management.JMX (java.management@21.0.3)
7912:             1             16  javax.management.MBeanServerBuilder (java.management@21.0.3)
7913:             1             16  javax.management.NotificationBroadcasterSupport$1 (java.management@21.0.3)
7914:             1             16  javax.net.ssl.KeyManagerFactory$$Lambda/0x00007fcd282f5ef8 (java.base@21.0.3)
7915:             1             16  javax.net.ssl.TrustManagerFactory$$Lambda/0x00007fcd282d0750 (java.base@21.0.3)
7916:             1             16  jdk.internal.foreign.MemorySessionImpl$$Lambda/0x00007fcd2917c0d8 (java.base@21.0.3)
7917:             1             16  jdk.internal.foreign.MemorySessionImpl$$Lambda/0x00007fcd2917c548 (java.base@21.0.3)
7918:             1             16  jdk.internal.foreign.MemorySessionImpl$ResourceList$ResourceCleanup$1 (java.base@21.0.3)
7919:             1             16  jdk.internal.icu.impl.Norm2AllModes$DecomposeNormalizer2 (java.base@21.0.3)
7920:             1             16  jdk.internal.icu.impl.Norm2AllModes$NoopNormalizer2 (java.base@21.0.3)
7921:             1             16  jdk.internal.icu.impl.NormalizerImpl$IsAcceptable (java.base@21.0.3)
7922:             1             16  jdk.internal.icu.text.NormalizerBase$ModeImpl (java.base@21.0.3)
7923:             1             16  jdk.internal.icu.text.NormalizerBase$NFCMode (java.base@21.0.3)
7924:             1             16  jdk.internal.icu.text.NormalizerBase$NFDMode (java.base@21.0.3)
7925:             1             16  jdk.internal.icu.text.NormalizerBase$NFKCMode (java.base@21.0.3)
7926:             1             16  jdk.internal.icu.text.NormalizerBase$NFKDMode (java.base@21.0.3)
7927:             1             16  jdk.internal.icu.text.NormalizerBase$NONEMode (java.base@21.0.3)
7928:             1             16  jdk.internal.icu.util.CodePointTrie$Data16 (java.base@21.0.3)
7929:             1             16  jdk.internal.icu.util.VersionInfo (java.base@21.0.3)
7930:             1             16  jdk.internal.jimage.ImageBufferCache$1 (java.base@21.0.3)
7931:             1             16  jdk.internal.jimage.ImageBufferCache$2 (java.base@21.0.3)
7932:             1             16  jdk.internal.jimage.ImageReaderFactory$1 (java.base@21.0.3)
7933:             1             16  jdk.internal.jimage.ImageStringsReader (java.base@21.0.3)
7934:             1             16  jdk.internal.jimage.decompressor.Decompressor (java.base@21.0.3)
7935:             1             16  jdk.internal.jrtfs.JrtFileSystemProvider (java.base@21.0.3)
7936:             1             16  jdk.internal.logger.LazyLoggers$$Lambda/0x00007fcd28168b10 (java.base@21.0.3)
7937:             1             16  jdk.internal.logger.LazyLoggers$1 (java.base@21.0.3)
7938:             1             16  jdk.internal.logger.LazyLoggers$JdkLazyLogger (java.base@21.0.3)
7939:             1             16  jdk.internal.logger.LazyLoggers$LazyLoggerFactories (java.base@21.0.3)
7940:             1             16  jdk.internal.logger.LoggerFinderLoader$$Lambda/0x00007fcd28169140 (java.base@21.0.3)
7941:             1             16  jdk.internal.logger.LoggerFinderLoader$$Lambda/0x00007fcd28169358 (java.base@21.0.3)
7942:             1             16  jdk.internal.math.FloatingDecimal$1 (java.base@21.0.3)
7943:             1             16  jdk.internal.misc.ExtendedMapMode$$Lambda/0x00007fcd2917da28 (java.base@21.0.3)
7944:             1             16  jdk.internal.misc.ScopedMemoryAccess (java.base@21.0.3)
7945:             1             16  jdk.internal.misc.TerminatingThreadLocal$1 (java.base@21.0.3)
7946:             1             16  jdk.internal.misc.Unsafe (java.base@21.0.3)
7947:             1             16  jdk.internal.module.ArchivedBootLayer (java.base@21.0.3)
7948:             1             16  jdk.internal.module.ModuleLoaderMap$Mapper (java.base@21.0.3)
7949:             1             16  jdk.internal.module.ModulePatcher (java.base@21.0.3)
7950:             1             16  jdk.internal.module.ModuleTarget (java.base@21.0.3)
7951:             1             16  jdk.internal.perf.Perf (java.base@21.0.3)
7952:             1             16  jdk.internal.platform.CgroupMetrics (java.base@21.0.3)
7953:             1             16  jdk.internal.platform.CgroupSubsystemFactory$$Lambda/0x00007fcd281770d8 (java.base@21.0.3)
7954:             1             16  jdk.internal.platform.cgroupv2.CgroupV2Subsystem (java.base@21.0.3)
7955:             1             16  jdk.internal.platform.cgroupv2.CgroupV2Subsystem$$Lambda/0x00007fcd284de6f0 (java.base@21.0.3)
7956:             1             16  jdk.internal.platform.cgroupv2.CgroupV2SubsystemController (java.base@21.0.3)
7957:             1             16  jdk.internal.reflect.GeneratedSerializationConstructorAccessor1 (java.base@21.0.3)
7958:             1             16  jdk.internal.reflect.GeneratedSerializationConstructorAccessor10 (java.base@21.0.3)
7959:             1             16  jdk.internal.reflect.GeneratedSerializationConstructorAccessor11 (java.base@21.0.3)
7960:             1             16  jdk.internal.reflect.GeneratedSerializationConstructorAccessor12
7961:             1             16  jdk.internal.reflect.GeneratedSerializationConstructorAccessor2 (java.base@21.0.3)
7962:             1             16  jdk.internal.reflect.GeneratedSerializationConstructorAccessor3 (java.base@21.0.3)
7963:             1             16  jdk.internal.reflect.GeneratedSerializationConstructorAccessor4 (java.base@21.0.3)
7964:             1             16  jdk.internal.reflect.GeneratedSerializationConstructorAccessor5
7965:             1             16  jdk.internal.reflect.GeneratedSerializationConstructorAccessor6 (java.base@21.0.3)
7966:             1             16  jdk.internal.reflect.GeneratedSerializationConstructorAccessor7 (java.base@21.0.3)
7967:             1             16  jdk.internal.reflect.GeneratedSerializationConstructorAccessor8 (java.base@21.0.3)
7968:             1             16  jdk.internal.reflect.GeneratedSerializationConstructorAccessor9 (java.base@21.0.3)
7969:             1             16  jdk.internal.reflect.ReflectionFactory (java.base@21.0.3)
7970:             1             16  jdk.internal.util.Preconditions$1 (java.base@21.0.3)
7971:             1             16  jdk.internal.util.Preconditions$2 (java.base@21.0.3)
7972:             1             16  jdk.internal.util.Preconditions$3 (java.base@21.0.3)
7973:             1             16  jdk.jfr.internal.SecuritySupport$$Lambda/0x00007fcd289e2bd0 (jdk.jfr@21.0.3)
7974:             1             16  jdk.jfr.internal.SecuritySupport$Privileged (jdk.jfr@21.0.3)
7975:             1             16  jdk.jfr.internal.consumer.FileAccess$UnPrivileged (jdk.jfr@21.0.3)
7976:             1             16  jdk.jfr.internal.dcmd.DCmdCheck$$Lambda/0x00007fcd289ea088 (jdk.jfr@21.0.3)
7977:             1             16  jdk.jfr.internal.dcmd.DCmdDump$$Lambda/0x00007fcd289e9e70 (jdk.jfr@21.0.3)
7978:             1             16  jdk.jfr.internal.dcmd.DCmdStart$$Lambda/0x00007fcd289e3430 (jdk.jfr@21.0.3)
7979:             1             16  jdk.jfr.internal.dcmd.DCmdStart$$Lambda/0x00007fcd289e9c58 (jdk.jfr@21.0.3)
7980:             1             16  jdk.jfr.internal.dcmd.DCmdStop$$Lambda/0x00007fcd289e1438 (jdk.jfr@21.0.3)
7981:             1             16  jdk.jfr.internal.dcmd.DCmdView$$Lambda/0x00007fcd289e1220 (jdk.jfr@21.0.3)
7982:             1             16  jdk.jfr.internal.jfc.model.JFCModel$$Lambda/0x00007fcd289e97f8 (jdk.jfr@21.0.3)
7983:             1             16  jdk.jfr.internal.jfc.model.JFCModel$$Lambda/0x00007fcd289e9a20 (jdk.jfr@21.0.3)
7984:             1             16  jdk.management.jfr.SettingDescriptorInfo$1 (jdk.management.jfr@21.0.3)
7985:             1             16  jdk.net.LinuxSocketOptions (jdk.net@21.0.3)
7986:             1             16  jdk.net.LinuxSocketOptions$$Lambda/0x00007fcd289fe8d8 (jdk.net@21.0.3)
7987:             1             16  jdk.nio.zipfs.ZipFileSystem$$Lambda/0x00007fcd2903d790 (jdk.zipfs@21.0.3)
7988:             1             16  jdk.nio.zipfs.ZipFileSystemProvider (jdk.zipfs@21.0.3)
7989:             1             16  jdk.proxy2.$Proxy14 (jdk.proxy2)
7990:             1             16  jdk.proxy2.$Proxy16 (jdk.proxy2)
7991:             1             16  jdk.proxy2.$Proxy31 (jdk.proxy2)
7992:             1             16  jdk.proxy2.$Proxy33 (jdk.proxy2)
7993:             1             16  jdk.proxy2.$Proxy8 (jdk.proxy2)
7994:             1             16  jdk.proxy4.$Proxy49 (jdk.proxy4)
7995:             1             16  jdk.proxy5.$Proxy45 (jdk.proxy5)
7996:             1             16  jdk.proxy5.$Proxy46 (jdk.proxy5)
7997:             1             16  jdk.proxy7.$Proxy43 (jdk.proxy7)
7998:             1             16  jdk.proxy7.$Proxy44 (jdk.proxy7)
7999:             1             16  joptsimple.OptionParserState$2
8000:             1             16  joptsimple.util.PathConverter
8001:             1             16  kotlin.Result$Companion
8002:             1             16  kotlin.UNINITIALIZED_VALUE
8003:             1             16  kotlin.UNINITIALIZED_VALUE
8004:             1             16  kotlin.UNINITIALIZED_VALUE
8005:             1             16  kotlin.UNINITIALIZED_VALUE
8006:             1             16  kotlin.Unit
8007:             1             16  kotlin.collections.EmptyIterator
8008:             1             16  kotlin.collections.EmptyIterator
8009:             1             16  kotlin.collections.EmptyIterator
8010:             1             16  kotlin.collections.EmptyIterator
8011:             1             16  kotlin.collections.EmptyList
8012:             1             16  kotlin.collections.EmptyList
8013:             1             16  kotlin.collections.EmptyList
8014:             1             16  kotlin.collections.EmptyList
8015:             1             16  kotlin.collections.EmptyList
8016:             1             16  kotlin.collections.EmptyList
8017:             1             16  kotlin.collections.EmptyMap
8018:             1             16  kotlin.collections.EmptySet
8019:             1             16  kotlin.coroutines.ContinuationInterceptor$Key
8020:             1             16  kotlin.coroutines.ContinuationInterceptor$Key
8021:             1             16  kotlin.coroutines.ContinuationInterceptor$Key
8022:             1             16  kotlin.coroutines.ContinuationInterceptor$Key
8023:             1             16  kotlin.coroutines.ContinuationInterceptor$Key
8024:             1             16  kotlin.coroutines.ContinuationInterceptor$Key
8025:             1             16  kotlin.coroutines.CoroutineContext$plus$1
8026:             1             16  kotlin.coroutines.CoroutineContext$plus$1
8027:             1             16  kotlin.coroutines.CoroutineContext$plus$1
8028:             1             16  kotlin.coroutines.CoroutineContext$plus$1
8029:             1             16  kotlin.coroutines.CoroutineContext$plus$1
8030:             1             16  kotlin.coroutines.CoroutineContext$plus$1
8031:             1             16  kotlin.coroutines.EmptyCoroutineContext
8032:             1             16  kotlin.coroutines.EmptyCoroutineContext
8033:             1             16  kotlin.coroutines.EmptyCoroutineContext
8034:             1             16  kotlin.coroutines.EmptyCoroutineContext
8035:             1             16  kotlin.coroutines.EmptyCoroutineContext
8036:             1             16  kotlin.coroutines.EmptyCoroutineContext
8037:             1             16  kotlin.coroutines.jvm.internal.CompletedContinuation
8038:             1             16  kotlin.internal.jdk8.JDK8PlatformImplementations
8039:             1             16  kotlin.internal.jdk8.JDK8PlatformImplementations$ReflectSdkVersion
8040:             1             16  kotlin.jvm.internal.ClassReference$Companion
8041:             1             16  kotlin.jvm.internal.ReflectionFactory
8042:             1             16  kotlin.random.Random$Default
8043:             1             16  kotlin.random.jdk8.PlatformThreadLocalRandom
8044:             1             16  kotlin.ranges.IntProgression$Companion
8045:             1             16  kotlin.ranges.IntProgression$Companion
8046:             1             16  kotlin.ranges.IntProgression$Companion
8047:             1             16  kotlin.ranges.IntRange$Companion
8048:             1             16  kotlin.ranges.IntRange$Companion
8049:             1             16  kotlin.ranges.IntRange$Companion
8050:             1             16  kotlin.text.Charsets
8051:             1             16  kotlin.text.Charsets
8052:             1             16  kotlin.text.Charsets
8053:             1             16  kotlin.text.Charsets
8054:             1             16  kotlinx.coroutines.CoroutineDispatcher$Key$1
8055:             1             16  kotlinx.coroutines.CoroutineDispatcher$Key$1
8056:             1             16  kotlinx.coroutines.CoroutineDispatcher$Key$1
8057:             1             16  kotlinx.coroutines.CoroutineDispatcher$Key$1
8058:             1             16  kotlinx.coroutines.CoroutineDispatcher$Key$1
8059:             1             16  kotlinx.coroutines.CoroutineExceptionHandler$Key
8060:             1             16  kotlinx.coroutines.CoroutineExceptionHandler$Key
8061:             1             16  kotlinx.coroutines.CoroutineExceptionHandler$Key
8062:             1             16  kotlinx.coroutines.CoroutineExceptionHandler$Key
8063:             1             16  kotlinx.coroutines.CoroutineExceptionHandler$Key
8064:             1             16  kotlinx.coroutines.CoroutineExceptionHandler$Key
8065:             1             16  kotlinx.coroutines.CoroutineName$Key
8066:             1             16  kotlinx.coroutines.CoroutineName$Key
8067:             1             16  kotlinx.coroutines.Dispatchers
8068:             1             16  kotlinx.coroutines.Dispatchers
8069:             1             16  kotlinx.coroutines.Dispatchers
8070:             1             16  kotlinx.coroutines.Dispatchers
8071:             1             16  kotlinx.coroutines.Dispatchers
8072:             1             16  kotlinx.coroutines.ExecutorCoroutineDispatcher$Key$1
8073:             1             16  kotlinx.coroutines.ExecutorCoroutineDispatcher$Key$1
8074:             1             16  kotlinx.coroutines.ExecutorCoroutineDispatcher$Key$1
8075:             1             16  kotlinx.coroutines.ExecutorCoroutineDispatcher$Key$1
8076:             1             16  kotlinx.coroutines.ExecutorCoroutineDispatcher$Key$1
8077:             1             16  kotlinx.coroutines.GlobalScope
8078:             1             16  kotlinx.coroutines.Job$Key
8079:             1             16  kotlinx.coroutines.Job$Key
8080:             1             16  kotlinx.coroutines.Job$Key
8081:             1             16  kotlinx.coroutines.Job$Key
8082:             1             16  kotlinx.coroutines.Job$Key
8083:             1             16  kotlinx.coroutines.Job$Key
8084:             1             16  kotlinx.coroutines.NonDisposableHandle
8085:             1             16  kotlinx.coroutines.NonDisposableHandle
8086:             1             16  kotlinx.coroutines.NonDisposableHandle
8087:             1             16  kotlinx.coroutines.NonDisposableHandle
8088:             1             16  kotlinx.coroutines.NonDisposableHandle
8089:             1             16  kotlinx.coroutines.NonDisposableHandle
8090:             1             16  kotlinx.coroutines.Unconfined
8091:             1             16  kotlinx.coroutines.Unconfined
8092:             1             16  kotlinx.coroutines.Unconfined
8093:             1             16  kotlinx.coroutines.Unconfined
8094:             1             16  kotlinx.coroutines.Unconfined
8095:             1             16  kotlinx.coroutines.internal.ContextScope
8096:             1             16  kotlinx.coroutines.internal.ContextScope
8097:             1             16  kotlinx.coroutines.internal.ContextScope
8098:             1             16  kotlinx.coroutines.internal.LockFreeTaskQueueCore$Companion
8099:             1             16  kotlinx.coroutines.internal.LockFreeTaskQueueCore$Companion
8100:             1             16  kotlinx.coroutines.internal.LockFreeTaskQueueCore$Companion
8101:             1             16  kotlinx.coroutines.internal.LockFreeTaskQueueCore$Companion
8102:             1             16  kotlinx.coroutines.internal.LockFreeTaskQueueCore$Companion
8103:             1             16  kotlinx.coroutines.internal.ThreadContextKt$countAll$1
8104:             1             16  kotlinx.coroutines.internal.ThreadContextKt$findOne$1
8105:             1             16  kotlinx.coroutines.internal.ThreadContextKt$restoreState$1
8106:             1             16  kotlinx.coroutines.internal.ThreadContextKt$updateState$1
8107:             1             16  kotlinx.coroutines.scheduling.CoroutineScheduler$Companion
8108:             1             16  kotlinx.coroutines.scheduling.CoroutineScheduler$Companion
8109:             1             16  kotlinx.coroutines.scheduling.CoroutineScheduler$Companion
8110:             1             16  kotlinx.coroutines.scheduling.CoroutineScheduler$Companion
8111:             1             16  kotlinx.coroutines.scheduling.CoroutineScheduler$Companion
8112:             1             16  kotlinx.coroutines.scheduling.GlobalQueue
8113:             1             16  kotlinx.coroutines.scheduling.NanoTimeSource
8114:             1             16  kotlinx.coroutines.scheduling.NanoTimeSource
8115:             1             16  kotlinx.coroutines.scheduling.NanoTimeSource
8116:             1             16  kotlinx.coroutines.scheduling.NanoTimeSource
8117:             1             16  kotlinx.coroutines.scheduling.NanoTimeSource
8118:             1             16  kotlinx.coroutines.scheduling.NonBlockingContext
8119:             1             16  org.apache.commons.pool2.impl.BaseGenericObjectPool$StatsStore$$Lambda/0x00007fcd289c0d68
8120:             1             16  org.apache.commons.pool2.impl.DefaultEvictionPolicy
8121:             1             16  org.apache.commons.pool2.impl.EvictionTimer$EvictorThreadFactory
8122:             1             16  org.apache.commons.pool2.impl.EvictionTimer$Reaper
8123:             1             16  org.apache.commons.pool2.impl.EvictionTimer$WeakRunner
8124:             1             16  org.apache.commons.pool2.impl.InterruptibleReentrantLock
8125:             1             16  org.apache.logging.log4j.LogBuilder$1
8126:             1             16  org.apache.logging.log4j.ThreadContext$EmptyIterator
8127:             1             16  org.apache.logging.log4j.ThreadContext$EmptyThreadContextStack
8128:             1             16  org.apache.logging.log4j.core.LoggerContext$$Lambda/0x00007fcd2819afb0
8129:             1             16  org.apache.logging.log4j.core.appender.ConsoleAppender$ConsoleManagerFactory
8130:             1             16  org.apache.logging.log4j.core.appender.FileManager$FileManagerFactory
8131:             1             16  org.apache.logging.log4j.core.appender.rolling.RollingFileManager$RollingFileManagerFactory
8132:             1             16  org.apache.logging.log4j.core.config.ConfigurationFactory$Factory
8133:             1             16  org.apache.logging.log4j.core.config.composite.DefaultMergeStrategy
8134:             1             16  org.apache.logging.log4j.core.config.plugins.convert.EnumConverter
8135:             1             16  org.apache.logging.log4j.core.config.plugins.convert.TypeConverterRegistry
8136:             1             16  org.apache.logging.log4j.core.config.plugins.convert.TypeConverters$BigDecimalConverter
8137:             1             16  org.apache.logging.log4j.core.config.plugins.convert.TypeConverters$BigIntegerConverter
8138:             1             16  org.apache.logging.log4j.core.config.plugins.convert.TypeConverters$BooleanConverter
8139:             1             16  org.apache.logging.log4j.core.config.plugins.convert.TypeConverters$ByteArrayConverter
8140:             1             16  org.apache.logging.log4j.core.config.plugins.convert.TypeConverters$ByteConverter
8141:             1             16  org.apache.logging.log4j.core.config.plugins.convert.TypeConverters$CharArrayConverter
8142:             1             16  org.apache.logging.log4j.core.config.plugins.convert.TypeConverters$CharacterConverter
8143:             1             16  org.apache.logging.log4j.core.config.plugins.convert.TypeConverters$CharsetConverter
8144:             1             16  org.apache.logging.log4j.core.config.plugins.convert.TypeConverters$ClassConverter
8145:             1             16  org.apache.logging.log4j.core.config.plugins.convert.TypeConverters$CronExpressionConverter
8146:             1             16  org.apache.logging.log4j.core.config.plugins.convert.TypeConverters$DoubleConverter
8147:             1             16  org.apache.logging.log4j.core.config.plugins.convert.TypeConverters$DurationConverter
8148:             1             16  org.apache.logging.log4j.core.config.plugins.convert.TypeConverters$FileConverter
8149:             1             16  org.apache.logging.log4j.core.config.plugins.convert.TypeConverters$FloatConverter
8150:             1             16  org.apache.logging.log4j.core.config.plugins.convert.TypeConverters$InetAddressConverter
8151:             1             16  org.apache.logging.log4j.core.config.plugins.convert.TypeConverters$IntegerConverter
8152:             1             16  org.apache.logging.log4j.core.config.plugins.convert.TypeConverters$LevelConverter
8153:             1             16  org.apache.logging.log4j.core.config.plugins.convert.TypeConverters$LongConverter
8154:             1             16  org.apache.logging.log4j.core.config.plugins.convert.TypeConverters$PathConverter
8155:             1             16  org.apache.logging.log4j.core.config.plugins.convert.TypeConverters$PatternConverter
8156:             1             16  org.apache.logging.log4j.core.config.plugins.convert.TypeConverters$SecurityProviderConverter
8157:             1             16  org.apache.logging.log4j.core.config.plugins.convert.TypeConverters$ShortConverter
8158:             1             16  org.apache.logging.log4j.core.config.plugins.convert.TypeConverters$StringConverter
8159:             1             16  org.apache.logging.log4j.core.config.plugins.convert.TypeConverters$UriConverter
8160:             1             16  org.apache.logging.log4j.core.config.plugins.convert.TypeConverters$UrlConverter
8161:             1             16  org.apache.logging.log4j.core.config.plugins.convert.TypeConverters$UuidConverter
8162:             1             16  org.apache.logging.log4j.core.config.plugins.processor.PluginCache$$Lambda/0x00007fcd2810c430
8163:             1             16  org.apache.logging.log4j.core.impl.ReusableLogEventFactory
8164:             1             16  org.apache.logging.log4j.core.impl.ThreadContextDataProvider
8165:             1             16  org.apache.logging.log4j.core.lookup.StrMatcher$NoMatcher
8166:             1             16  org.apache.logging.log4j.core.lookup.StrMatcher$TrimMatcher
8167:             1             16  org.apache.logging.log4j.core.net.JndiManager$JndiManagerFactory
8168:             1             16  org.apache.logging.log4j.core.pattern.NameAbbreviator$NOPAbbreviator
8169:             1             16  org.apache.logging.log4j.core.pattern.PlainTextRenderer
8170:             1             16  org.apache.logging.log4j.core.selector.ClassLoaderContextSelector
8171:             1             16  org.apache.logging.log4j.core.util.CloseShieldOutputStream
8172:             1             16  org.apache.logging.log4j.core.util.datetime.FastDateFormat$1
8173:             1             16  org.apache.logging.log4j.core.util.datetime.FastDateParser$$Lambda/0x00007fcd281ab908
8174:             1             16  org.apache.logging.log4j.core.util.datetime.FastDateParser$1
8175:             1             16  org.apache.logging.log4j.core.util.datetime.FastDateParser$2
8176:             1             16  org.apache.logging.log4j.core.util.datetime.FastDateParser$3
8177:             1             16  org.apache.logging.log4j.core.util.datetime.FastDateParser$4
8178:             1             16  org.apache.logging.log4j.core.util.datetime.FastDateParser$5
8179:             1             16  org.apache.logging.log4j.core.util.datetime.FastDatePrinter$TwoDigitMonthField
8180:             1             16  org.apache.logging.log4j.jul.LogManager$$Lambda/0x00007fcd281c2390
8181:             1             16  org.apache.logging.log4j.message.MessageFormatMessageFactory
8182:             1             16  org.apache.logging.log4j.message.ParameterizedMessage$$Lambda/0x00007fcd2819f510
8183:             1             16  org.apache.logging.log4j.message.ParameterizedNoReferenceMessageFactory
8184:             1             16  org.apache.logging.log4j.spi.AbstractLogger$$Lambda/0x00007fcd28013250
8185:             1             16  org.apache.logging.log4j.spi.CopyOnWriteSortedArrayThreadContextMap
8186:             1             16  org.apache.logging.log4j.spi.DefaultThreadContextStack
8187:             1             16  org.apache.logging.log4j.spi.LoggerRegistry$ConcurrentMapFactory
8188:             1             16  org.apache.logging.log4j.status.SimpleLoggerFactory
8189:             1             16  org.apache.logging.log4j.util.LoaderUtil$ThreadContextClassLoaderGetter
8190:             1             16  org.apache.logging.log4j.util.PropertiesUtil$Environment$$Lambda/0x00007fcd280108c8
8191:             1             16  org.apache.logging.log4j.util.PropertiesUtil$Environment$$Lambda/0x00007fcd28011a88
8192:             1             16  org.apache.logging.log4j.util.PropertiesUtil$Environment$$Lambda/0x00007fcd28011ef0
8193:             1             16  org.apache.logging.log4j.util.ProviderUtil
8194:             1             16  org.apache.logging.log4j.util.ProviderUtil$$Lambda/0x00007fcd2813fb70
8195:             1             16  org.apache.logging.log4j.util.SortedArrayStringMap$$Lambda/0x00007fcd2813e000
8196:             1             16  org.apache.logging.log4j.util.StackLocator
8197:             1             16  org.apache.logging.log4j.util.StackLocator$$Lambda/0x00007fcd28198b30
8198:             1             16  org.apache.logging.log4j.util.StackLocator$$Lambda/0x00007fcd281c6250
8199:             1             16  org.apache.logging.log4j.util.StackLocator$$Lambda/0x00007fcd2823f300
8200:             1             16  org.apache.logging.log4j.util.StackLocator$$Lambda/0x00007fcd288bfa90
8201:             1             16  org.apache.logging.log4j.util.Strings$$Lambda/0x00007fcd28005a40
8202:             1             16  org.apache.logging.slf4j.Log4jLoggerFactory$$Lambda/0x00007fcd28281a20
8203:             1             16  org.apache.logging.slf4j.Log4jLoggerFactory$$Lambda/0x00007fcd28ac7b98
8204:             1             16  org.apache.logging.slf4j.Log4jMarkerFactory
8205:             1             16  org.apache.logging.slf4j.Log4jMarkerFactory
8206:             1             16  org.apache.lucene.analysis.Analyzer$1
8207:             1             16  org.apache.lucene.analysis.Analyzer$2
8208:             1             16  org.apache.lucene.backward_codecs.compressing.CompressionMode$1
8209:             1             16  org.apache.lucene.backward_codecs.compressing.CompressionMode$2
8210:             1             16  org.apache.lucene.backward_codecs.compressing.CompressionMode$3
8211:             1             16  org.apache.lucene.backward_codecs.compressing.CompressionMode$4
8212:             1             16  org.apache.lucene.backward_codecs.lucene50.Lucene50PostingsFormat
8213:             1             16  org.apache.lucene.backward_codecs.lucene50.Lucene50StoredFieldsFormat$1
8214:             1             16  org.apache.lucene.backward_codecs.lucene50.Lucene50StoredFieldsFormat$2
8215:             1             16  org.apache.lucene.backward_codecs.lucene70.Lucene70DocValuesFormat
8216:             1             16  org.apache.lucene.backward_codecs.lucene70.Lucene70NormsFormat
8217:             1             16  org.apache.lucene.backward_codecs.lucene87.DeflateWithPresetDictCompressionMode
8218:             1             16  org.apache.lucene.backward_codecs.lucene87.LZ4WithPresetDictCompressionMode
8219:             1             16  org.apache.lucene.codecs.KnnVectorsFormat$1
8220:             1             16  org.apache.lucene.codecs.PointsFormat$1
8221:             1             16  org.apache.lucene.codecs.compressing.CompressionMode$1
8222:             1             16  org.apache.lucene.codecs.compressing.CompressionMode$2
8223:             1             16  org.apache.lucene.codecs.compressing.CompressionMode$3
8224:             1             16  org.apache.lucene.codecs.compressing.CompressionMode$4
8225:             1             16  org.apache.lucene.codecs.lucene90.DeflateWithPresetDictCompressionMode
8226:             1             16  org.apache.lucene.codecs.lucene90.LZ4WithPresetDictCompressionMode
8227:             1             16  org.apache.lucene.codecs.lucene90.Lucene90CompoundReader$$Lambda/0x00007fcd2850d598
8228:             1             16  org.apache.lucene.codecs.lucene90.Lucene90CompoundReader$$Lambda/0x00007fcd2850d7b0
8229:             1             16  org.apache.lucene.codecs.lucene99.Lucene99FlatVectorsFormat
8230:             1             16  org.apache.lucene.codecs.perfield.PerFieldPostingsFormat$FieldsWriter$$Lambda/0x00007fcd2939fbe8
8231:             1             16  org.apache.lucene.codecs.perfield.PerFieldPostingsFormat$FieldsWriter$$Lambda/0x00007fcd293a0000
8232:             1             16  org.apache.lucene.codecs.perfield.PerFieldPostingsFormat$FieldsWriter$$Lambda/0x00007fcd293a0238
8233:             1             16  org.apache.lucene.index.ConcurrentMergeScheduler$2
8234:             1             16  org.apache.lucene.index.DocumentsWriter$$Lambda/0x00007fcd290cda90
8235:             1             16  org.apache.lucene.index.DocumentsWriterDeleteQueue$$Lambda/0x00007fcd290c9be8
8236:             1             16  org.apache.lucene.index.FrozenBufferedUpdates$$Lambda/0x00007fcd290df9a0
8237:             1             16  org.apache.lucene.index.IndexWriter$$Lambda/0x00007fcd290e8a68
8238:             1             16  org.apache.lucene.index.IndexWriter$1$$Lambda/0x00007fcd290e3d58
8239:             1             16  org.apache.lucene.index.IndexWriter$4
8240:             1             16  org.apache.lucene.index.IndexWriter$5
8241:             1             16  org.apache.lucene.index.IndexWriterEventListener$1
8242:             1             16  org.apache.lucene.index.KeepOnlyLastCommitDeletionPolicy
8243:             1             16  org.apache.lucene.index.LockableConcurrentApproximatePriorityQueue$$Lambda/0x00007fcd290d2cc0
8244:             1             16  org.apache.lucene.index.MergePolicy$OneMerge$$Lambda/0x00007fcd29392c80
8245:             1             16  org.apache.lucene.index.MultiTermsEnum$1
8246:             1             16  org.apache.lucene.index.PrefixCodedTerms$$Lambda/0x00007fcd290dfbc8
8247:             1             16  org.apache.lucene.index.SegmentReader$3
8248:             1             16  org.apache.lucene.index.SerialMergeScheduler
8249:             1             16  org.apache.lucene.index.SlowCompositeCodecReaderWrapper$$Lambda/0x00007fcd2939a1e0
8250:             1             16  org.apache.lucene.index.SlowCompositeCodecReaderWrapper$$Lambda/0x00007fcd2939a3f8
8251:             1             16  org.apache.lucene.index.SlowImpactsEnum$1
8252:             1             16  org.apache.lucene.index.StandardDirectoryReader$$Lambda/0x00007fcd2851a3a0
8253:             1             16  org.apache.lucene.index.TermStates$1
8254:             1             16  org.apache.lucene.index.Terms$2
8255:             1             16  org.apache.lucene.index.TermsEnum$1
8256:             1             16  org.apache.lucene.index.TieredMergePolicy$$Lambda/0x00007fcd290e0c08
8257:             1             16  org.apache.lucene.index.TieredMergePolicy$$Lambda/0x00007fcd290e8430
8258:             1             16  org.apache.lucene.internal.tests.TestSecrets$$Lambda/0x00007fcd285052b0
8259:             1             16  org.apache.lucene.search.Boolean2ScorerSupplier$$Lambda/0x00007fcd293ce400
8260:             1             16  org.apache.lucene.search.Boolean2ScorerSupplier$$Lambda/0x00007fcd293ce618
8261:             1             16  org.apache.lucene.search.BooleanWeight$$Lambda/0x00007fcd293d8490
8262:             1             16  org.apache.lucene.search.BooleanWeight$$Lambda/0x00007fcd293d8b38
8263:             1             16  org.apache.lucene.search.BooleanWeight$$Lambda/0x00007fcd293d8d80
8264:             1             16  org.apache.lucene.search.BooleanWeight$$Lambda/0x00007fcd293d9408
8265:             1             16  org.apache.lucene.search.ConjunctionDISI$$Lambda/0x00007fcd293da7c8
8266:             1             16  org.apache.lucene.search.ConjunctionDISI$ConjunctionTwoPhaseIterator$$Lambda/0x00007fcd293dc8d0
8267:             1             16  org.apache.lucene.search.DocValuesRewriteMethod
8268:             1             16  org.apache.lucene.search.DoubleValues$2
8269:             1             16  org.apache.lucene.search.HitsThresholdChecker$1
8270:             1             16  org.apache.lucene.search.IndexSearcher$$Lambda/0x00007fcd29047bd0
8271:             1             16  org.apache.lucene.search.IndexSearcher$$Lambda/0x00007fcd290841f0
8272:             1             16  org.apache.lucene.search.IndexSearcher$LeafSlice$$Lambda/0x00007fcd29362380
8273:             1             16  org.apache.lucene.search.MultiTermQuery$1
8274:             1             16  org.apache.lucene.search.MultiTermQuery$2
8275:             1             16  org.apache.lucene.search.QueryVisitor$2
8276:             1             16  org.apache.lucene.search.ScorerUtil$$Lambda/0x00007fcd293cf120
8277:             1             16  org.apache.lucene.search.ScoringRewrite$1
8278:             1             16  org.apache.lucene.search.ScoringRewrite$2
8279:             1             16  org.apache.lucene.search.SortField$1
8280:             1             16  org.apache.lucene.search.SortField$2
8281:             1             16  org.apache.lucene.search.TaskExecutor$$Lambda/0x00007fcd288facc0
8282:             1             16  org.apache.lucene.search.TopDocs$$Lambda/0x00007fcd2872a150
8283:             1             16  org.apache.lucene.search.TopDocs$$Lambda/0x00007fcd2872a368
8284:             1             16  org.apache.lucene.search.similarities.AfterEffectB
8285:             1             16  org.apache.lucene.search.similarities.AfterEffectL
8286:             1             16  org.apache.lucene.search.similarities.BasicModelG
8287:             1             16  org.apache.lucene.search.similarities.BasicModelIF
8288:             1             16  org.apache.lucene.search.similarities.BasicModelIn
8289:             1             16  org.apache.lucene.search.similarities.BasicModelIne
8290:             1             16  org.apache.lucene.search.similarities.DistributionLL
8291:             1             16  org.apache.lucene.search.similarities.DistributionSPL
8292:             1             16  org.apache.lucene.search.similarities.IndependenceChiSquared
8293:             1             16  org.apache.lucene.search.similarities.IndependenceSaturated
8294:             1             16  org.apache.lucene.search.similarities.IndependenceStandardized
8295:             1             16  org.apache.lucene.search.similarities.LambdaDF
8296:             1             16  org.apache.lucene.search.similarities.LambdaTTF
8297:             1             16  org.apache.lucene.store.ByteBuffersDataInput$$Lambda/0x00007fcd290dcd70
8298:             1             16  org.apache.lucene.store.ByteBuffersDataOutput$$Lambda/0x00007fcd285137d0
8299:             1             16  org.apache.lucene.store.ByteBuffersDataOutput$$Lambda/0x00007fcd285139e8
8300:             1             16  org.apache.lucene.store.MMapDirectory$$Lambda/0x00007fcd284a6268
8301:             1             16  org.apache.lucene.store.MMapDirectory$$Lambda/0x00007fcd284a64b0
8302:             1             16  org.apache.lucene.store.MMapDirectory$$Lambda/0x00007fcd284a66f8
8303:             1             16  org.apache.lucene.store.MMapDirectory$$Lambda/0x00007fcd284a6940
8304:             1             16  org.apache.lucene.store.MMapDirectory$$Lambda/0x00007fcd284a6b58
8305:             1             16  org.apache.lucene.store.MemorySegmentIndexInputProvider
8306:             1             16  org.apache.lucene.store.NativeFSLockFactory
8307:             1             16  org.apache.lucene.util.Accountable$$Lambda/0x00007fcd28504c08
8308:             1             16  org.apache.lucene.util.ArrayUtil$$Lambda/0x00007fcd29315a78
8309:             1             16  org.apache.lucene.util.ArrayUtil$$Lambda/0x00007fcd2931d2d8
8310:             1             16  org.apache.lucene.util.AttributeFactory$DefaultAttributeFactory
8311:             1             16  org.apache.lucene.util.BytesRefComparator$1
8312:             1             16  org.apache.lucene.util.CharsRef$UTF16SortedAsUTF8Comparator
8313:             1             16  org.apache.lucene.util.Constants$$Lambda/0x00007fcd280c5800
8314:             1             16  org.apache.lucene.util.Constants$$Lambda/0x00007fcd280c5c58
8315:             1             16  org.apache.lucene.util.Constants$$Lambda/0x00007fcd280c5e90
8316:             1             16  org.apache.lucene.util.Constants$$Lambda/0x00007fcd280c60c8
8317:             1             16  org.apache.lucene.util.FileDeleter$$Lambda/0x00007fcd290cef50
8318:             1             16  org.apache.lucene.util.FileDeleter$$Lambda/0x00007fcd290cf400
8319:             1             16  org.apache.lucene.util.HotspotVMOptions$$Lambda/0x00007fcd280c5388
8320:             1             16  org.apache.lucene.util.IOUtils$$Lambda/0x00007fcd2851a5b8
8321:             1             16  org.apache.lucene.util.InfoStream$NoOutput
8322:             1             16  org.apache.lucene.util.LongValues$1
8323:             1             16  org.apache.lucene.util.LongValues$2
8324:             1             16  org.apache.lucene.util.PriorityQueue$$Lambda/0x00007fcd290e3520
8325:             1             16  org.apache.lucene.util.RamUsageEstimator$$Lambda/0x00007fcd281da9e0
8326:             1             16  org.apache.lucene.util.RamUsageEstimator$$Lambda/0x00007fcd281dac18
8327:             1             16  org.apache.lucene.util.UnicodeUtil$$Lambda/0x00007fcd280a08c0
8328:             1             16  org.apache.lucene.util.fst.ByteSequenceOutputs
8329:             1             16  org.apache.lucene.util.fst.FSTCompiler$NullFSTReader
8330:             1             16  org.bouncycastle.asn1.DERNull
8331:             1             16  org.bouncycastle.crypto.CryptoServicesRegistrar$1
8332:             1             16  org.bouncycastle.crypto.CryptoServicesRegistrar$ThreadLocalSecureRandomProvider
8333:             1             16  org.bouncycastle.jcajce.provider.asymmetric.COMPOSITE$CompositeKeyInfoConverter
8334:             1             16  org.bouncycastle.jcajce.provider.asymmetric.EXTERNAL$ExternalKeyInfoConverter
8335:             1             16  org.bouncycastle.jcajce.provider.asymmetric.dsa.KeyFactorySpi
8336:             1             16  org.bouncycastle.jcajce.provider.asymmetric.elgamal.KeyFactorySpi
8337:             1             16  org.bouncycastle.jcajce.provider.asymmetric.gost.KeyFactorySpi
8338:             1             16  org.bouncycastle.jcajce.provider.asymmetric.rsa.KeyFactorySpi
8339:             1             16  org.bouncycastle.jcajce.provider.drbg.EntropyDaemon
8340:             1             16  org.bouncycastle.pqc.jcajce.provider.lms.LMSKeyFactorySpi
8341:             1             16  org.bouncycastle.pqc.jcajce.provider.newhope.NHKeyFactorySpi
8342:             1             16  org.bouncycastle.pqc.jcajce.provider.picnic.PicnicKeyFactorySpi
8343:             1             16  org.bouncycastle.pqc.jcajce.provider.sphincs.Sphincs256KeyFactorySpi
8344:             1             16  org.greenrobot.eventbus.Logger$SystemOutLogger
8345:             1             16  org.jcodings.ObjPtr
8346:             1             16  org.joda.time.UTCDateTimeZone
8347:             1             16  org.joda.time.format.DateTimeFormatterBuilder$StringLiteral
8348:             1             16  org.joni.MatcherFactory$1
8349:             1             16  org.joni.Search$1
8350:             1             16  org.joni.Search$10
8351:             1             16  org.joni.Search$11
8352:             1             16  org.joni.Search$12
8353:             1             16  org.joni.Search$13
8354:             1             16  org.joni.Search$14
8355:             1             16  org.joni.Search$15
8356:             1             16  org.joni.Search$16
8357:             1             16  org.joni.Search$17
8358:             1             16  org.joni.Search$2
8359:             1             16  org.joni.Search$3
8360:             1             16  org.joni.Search$4
8361:             1             16  org.joni.Search$5
8362:             1             16  org.joni.Search$6
8363:             1             16  org.joni.Search$7
8364:             1             16  org.joni.Search$8
8365:             1             16  org.joni.Search$9
8366:             1             16  org.joni.WarnCallback$1
8367:             1             16  org.joni.WarnCallback$2
8368:             1             16  org.locationtech.jts.geom.impl.CoordinateArraySequenceFactory
8369:             1             16  org.locationtech.spatial4j.io.BinaryCodec
8370:             1             16  org.locationtech.spatial4j.io.GeoJSONWriter
8371:             1             16  org.locationtech.spatial4j.io.PolyshapeWriter
8372:             1             16  org.locationtech.spatial4j.io.WKTWriter
8373:             1             16  org.locationtech.spatial4j.io.jts.JtsGeoJSONWriter
8374:             1             16  org.locationtech.spatial4j.io.jts.JtsPolyshapeWriter
8375:             1             16  org.locationtech.spatial4j.io.jts.JtsWKTWriter
8376:             1             16  org.opensearch.OpenSearchException$$Lambda/0x00007fcd28712208
8377:             1             16  org.opensearch.OpenSearchException$$Lambda/0x00007fcd28712620
8378:             1             16  org.opensearch.OpenSearchException$$Lambda/0x00007fcd28712838
8379:             1             16  org.opensearch.OpenSearchException$$Lambda/0x00007fcd28712a50
8380:             1             16  org.opensearch.OpenSearchException$$Lambda/0x00007fcd28712ea8
8381:             1             16  org.opensearch.OpenSearchException$$Lambda/0x00007fcd287130c0
8382:             1             16  org.opensearch.OpenSearchServerException$$Lambda/0x00007fcd28cbb328
8383:             1             16  org.opensearch.OpenSearchServerException$$Lambda/0x00007fcd28cbb540
8384:             1             16  org.opensearch.OpenSearchServerException$$Lambda/0x00007fcd28cbbae8
8385:             1             16  org.opensearch.OpenSearchServerException$$Lambda/0x00007fcd28cbbd00
8386:             1             16  org.opensearch.OpenSearchServerException$$Lambda/0x00007fcd28cbbf18
8387:             1             16  org.opensearch.OpenSearchServerException$$Lambda/0x00007fcd28cbc130
8388:             1             16  org.opensearch.OpenSearchServerException$$Lambda/0x00007fcd28cbc348
8389:             1             16  org.opensearch.OpenSearchServerException$$Lambda/0x00007fcd28cbc900
8390:             1             16  org.opensearch.OpenSearchServerException$$Lambda/0x00007fcd28cbcb18
8391:             1             16  org.opensearch.OpenSearchServerException$$Lambda/0x00007fcd28cbd0c0
8392:             1             16  org.opensearch.OpenSearchServerException$$Lambda/0x00007fcd28cbd2d8
8393:             1             16  org.opensearch.OpenSearchServerException$$Lambda/0x00007fcd28cbd4f0
8394:             1             16  org.opensearch.OpenSearchServerException$$Lambda/0x00007fcd28cbda98
8395:             1             16  org.opensearch.OpenSearchServerException$$Lambda/0x00007fcd28cbdcb0
8396:             1             16  org.opensearch.OpenSearchServerException$$Lambda/0x00007fcd28cbdec8
8397:             1             16  org.opensearch.OpenSearchServerException$$Lambda/0x00007fcd28cbe0e0
8398:             1             16  org.opensearch.OpenSearchServerException$$Lambda/0x00007fcd28cbea20
8399:             1             16  org.opensearch.OpenSearchServerException$$Lambda/0x00007fcd28cbefe0
8400:             1             16  org.opensearch.OpenSearchServerException$$Lambda/0x00007fcd28cbf1f8
8401:             1             16  org.opensearch.OpenSearchServerException$$Lambda/0x00007fcd28cbf410
8402:             1             16  org.opensearch.OpenSearchServerException$$Lambda/0x00007fcd28cbf628
8403:             1             16  org.opensearch.OpenSearchServerException$$Lambda/0x00007fcd28cbfbd8
8404:             1             16  org.opensearch.OpenSearchServerException$$Lambda/0x00007fcd28cc0000
8405:             1             16  org.opensearch.OpenSearchServerException$$Lambda/0x00007fcd28cc0218
8406:             1             16  org.opensearch.OpenSearchServerException$$Lambda/0x00007fcd28cc0430
8407:             1             16  org.opensearch.OpenSearchServerException$$Lambda/0x00007fcd28cc0648
8408:             1             16  org.opensearch.OpenSearchServerException$$Lambda/0x00007fcd28cc0860
8409:             1             16  org.opensearch.OpenSearchServerException$$Lambda/0x00007fcd28cc0a78
8410:             1             16  org.opensearch.OpenSearchServerException$$Lambda/0x00007fcd28cc0c90
8411:             1             16  org.opensearch.OpenSearchServerException$$Lambda/0x00007fcd28cc1238
8412:             1             16  org.opensearch.OpenSearchServerException$$Lambda/0x00007fcd28cc1450
8413:             1             16  org.opensearch.OpenSearchServerException$$Lambda/0x00007fcd28cc1668
8414:             1             16  org.opensearch.OpenSearchServerException$$Lambda/0x00007fcd28cc1880
8415:             1             16  org.opensearch.OpenSearchServerException$$Lambda/0x00007fcd28cc1a98
8416:             1             16  org.opensearch.OpenSearchServerException$$Lambda/0x00007fcd28cc2050
8417:             1             16  org.opensearch.OpenSearchServerException$$Lambda/0x00007fcd28cc2600
8418:             1             16  org.opensearch.OpenSearchServerException$$Lambda/0x00007fcd28cc2bd8
8419:             1             16  org.opensearch.OpenSearchServerException$$Lambda/0x00007fcd28cc2df0
8420:             1             16  org.opensearch.OpenSearchServerException$$Lambda/0x00007fcd28cc3728
8421:             1             16  org.opensearch.OpenSearchServerException$$Lambda/0x00007fcd28cc3cd8
8422:             1             16  org.opensearch.OpenSearchServerException$$Lambda/0x00007fcd28cc4298
8423:             1             16  org.opensearch.OpenSearchServerException$$Lambda/0x00007fcd28cc44b0
8424:             1             16  org.opensearch.OpenSearchServerException$$Lambda/0x00007fcd28cc46c8
8425:             1             16  org.opensearch.OpenSearchServerException$$Lambda/0x00007fcd28cc4c90
8426:             1             16  org.opensearch.OpenSearchServerException$$Lambda/0x00007fcd28cc4ea8
8427:             1             16  org.opensearch.OpenSearchServerException$$Lambda/0x00007fcd28cc50c0
8428:             1             16  org.opensearch.OpenSearchServerException$$Lambda/0x00007fcd28cc5a08
8429:             1             16  org.opensearch.OpenSearchServerException$$Lambda/0x00007fcd28cc5c20
8430:             1             16  org.opensearch.OpenSearchServerException$$Lambda/0x00007fcd28cc61d0
8431:             1             16  org.opensearch.OpenSearchServerException$$Lambda/0x00007fcd28cc67a0
8432:             1             16  org.opensearch.OpenSearchServerException$$Lambda/0x00007fcd28cc6d48
8433:             1             16  org.opensearch.OpenSearchServerException$$Lambda/0x00007fcd28cc72f0
8434:             1             16  org.opensearch.OpenSearchServerException$$Lambda/0x00007fcd28cc78a0
8435:             1             16  org.opensearch.OpenSearchServerException$$Lambda/0x00007fcd28cc7ab8
8436:             1             16  org.opensearch.OpenSearchServerException$$Lambda/0x00007fcd28cc7cd0
8437:             1             16  org.opensearch.OpenSearchServerException$$Lambda/0x00007fcd28cc8000
8438:             1             16  org.opensearch.OpenSearchServerException$$Lambda/0x00007fcd28cc85a8
8439:             1             16  org.opensearch.OpenSearchServerException$$Lambda/0x00007fcd28cc8b80
8440:             1             16  org.opensearch.OpenSearchServerException$$Lambda/0x00007fcd28cc8d98
8441:             1             16  org.opensearch.OpenSearchServerException$$Lambda/0x00007fcd28cc8fb0
8442:             1             16  org.opensearch.OpenSearchServerException$$Lambda/0x00007fcd28cc91c8
8443:             1             16  org.opensearch.OpenSearchServerException$$Lambda/0x00007fcd28cc9770
8444:             1             16  org.opensearch.OpenSearchServerException$$Lambda/0x00007fcd28cc9d20
8445:             1             16  org.opensearch.OpenSearchServerException$$Lambda/0x00007fcd28cc9f38
8446:             1             16  org.opensearch.OpenSearchServerException$$Lambda/0x00007fcd28cca4e8
8447:             1             16  org.opensearch.OpenSearchServerException$$Lambda/0x00007fcd28cca700
8448:             1             16  org.opensearch.OpenSearchServerException$$Lambda/0x00007fcd28cca918
8449:             1             16  org.opensearch.OpenSearchServerException$$Lambda/0x00007fcd28ccab30
8450:             1             16  org.opensearch.OpenSearchServerException$$Lambda/0x00007fcd28ccb0e8
8451:             1             16  org.opensearch.OpenSearchServerException$$Lambda/0x00007fcd28ccb6a8
8452:             1             16  org.opensearch.OpenSearchServerException$$Lambda/0x00007fcd28ccb8c0
8453:             1             16  org.opensearch.OpenSearchServerException$$Lambda/0x00007fcd28ccbe70
8454:             1             16  org.opensearch.OpenSearchServerException$$Lambda/0x00007fcd28ccc418
8455:             1             16  org.opensearch.OpenSearchServerException$$Lambda/0x00007fcd28ccc630
8456:             1             16  org.opensearch.OpenSearchServerException$$Lambda/0x00007fcd28cccbd8
8457:             1             16  org.opensearch.OpenSearchServerException$$Lambda/0x00007fcd28ccd180
8458:             1             16  org.opensearch.OpenSearchServerException$$Lambda/0x00007fcd28ccd398
8459:             1             16  org.opensearch.OpenSearchServerException$$Lambda/0x00007fcd28ccd5b0
8460:             1             16  org.opensearch.OpenSearchServerException$$Lambda/0x00007fcd28ccd7c8
8461:             1             16  org.opensearch.OpenSearchServerException$$Lambda/0x00007fcd28ccdd78
8462:             1             16  org.opensearch.OpenSearchServerException$$Lambda/0x00007fcd28ccdf90
8463:             1             16  org.opensearch.OpenSearchServerException$$Lambda/0x00007fcd28cce1a8
8464:             1             16  org.opensearch.OpenSearchServerException$$Lambda/0x00007fcd28cce3c0
8465:             1             16  org.opensearch.OpenSearchServerException$$Lambda/0x00007fcd28cce5d8
8466:             1             16  org.opensearch.OpenSearchServerException$$Lambda/0x00007fcd28cceb80
8467:             1             16  org.opensearch.OpenSearchServerException$$Lambda/0x00007fcd28cced98
8468:             1             16  org.opensearch.OpenSearchServerException$$Lambda/0x00007fcd28ccf340
8469:             1             16  org.opensearch.OpenSearchServerException$$Lambda/0x00007fcd28ccf558
8470:             1             16  org.opensearch.OpenSearchServerException$$Lambda/0x00007fcd28ccfb00
8471:             1             16  org.opensearch.OpenSearchServerException$$Lambda/0x00007fcd28ccfd18
8472:             1             16  org.opensearch.OpenSearchServerException$$Lambda/0x00007fcd28cd0390
8473:             1             16  org.opensearch.OpenSearchServerException$$Lambda/0x00007fcd28cd0938
8474:             1             16  org.opensearch.OpenSearchServerException$$Lambda/0x00007fcd28cd0ee8
8475:             1             16  org.opensearch.OpenSearchServerException$$Lambda/0x00007fcd28cd1100
8476:             1             16  org.opensearch.OpenSearchServerException$$Lambda/0x00007fcd28cd1318
8477:             1             16  org.opensearch.OpenSearchServerException$$Lambda/0x00007fcd28cd18c0
8478:             1             16  org.opensearch.OpenSearchServerException$$Lambda/0x00007fcd28cd1ad8
8479:             1             16  org.opensearch.OpenSearchServerException$$Lambda/0x00007fcd28cd1cf0
8480:             1             16  org.opensearch.OpenSearchServerException$$Lambda/0x00007fcd28cd1f08
8481:             1             16  org.opensearch.OpenSearchServerException$$Lambda/0x00007fcd28cd2120
8482:             1             16  org.opensearch.OpenSearchServerException$$Lambda/0x00007fcd28cd2338
8483:             1             16  org.opensearch.OpenSearchServerException$$Lambda/0x00007fcd28cd2550
8484:             1             16  org.opensearch.OpenSearchServerException$$Lambda/0x00007fcd28cd2768
8485:             1             16  org.opensearch.OpenSearchServerException$$Lambda/0x00007fcd28cd2d10
8486:             1             16  org.opensearch.OpenSearchServerException$$Lambda/0x00007fcd28cd32b8
8487:             1             16  org.opensearch.OpenSearchServerException$$Lambda/0x00007fcd28cd3860
8488:             1             16  org.opensearch.OpenSearchServerException$$Lambda/0x00007fcd28cd3e08
8489:             1             16  org.opensearch.OpenSearchServerException$$Lambda/0x00007fcd28cd4020
8490:             1             16  org.opensearch.OpenSearchServerException$$Lambda/0x00007fcd28cd45c8
8491:             1             16  org.opensearch.OpenSearchServerException$$Lambda/0x00007fcd28cd4b70
8492:             1             16  org.opensearch.OpenSearchServerException$$Lambda/0x00007fcd28cd5118
8493:             1             16  org.opensearch.OpenSearchServerException$$Lambda/0x00007fcd28cd5330
8494:             1             16  org.opensearch.OpenSearchServerException$$Lambda/0x00007fcd28cd5548
8495:             1             16  org.opensearch.OpenSearchServerException$$Lambda/0x00007fcd28cd5af0
8496:             1             16  org.opensearch.OpenSearchServerException$$Lambda/0x00007fcd28cd5d08
8497:             1             16  org.opensearch.OpenSearchServerException$$Lambda/0x00007fcd28cd5f20
8498:             1             16  org.opensearch.OpenSearchServerException$$Lambda/0x00007fcd28cd6138
8499:             1             16  org.opensearch.OpenSearchServerException$$Lambda/0x00007fcd28cd6350
8500:             1             16  org.opensearch.OpenSearchServerException$$Lambda/0x00007fcd28cd6568
8501:             1             16  org.opensearch.OpenSearchServerException$$Lambda/0x00007fcd28cd6780
8502:             1             16  org.opensearch.OpenSearchServerException$$Lambda/0x00007fcd28cd6998
8503:             1             16  org.opensearch.OpenSearchServerException$$Lambda/0x00007fcd28cd6bb0
8504:             1             16  org.opensearch.OpenSearchServerException$$Lambda/0x00007fcd28cd7158
8505:             1             16  org.opensearch.OpenSearchServerException$$Lambda/0x00007fcd28cd7700
8506:             1             16  org.opensearch.OpenSearchServerException$$Lambda/0x00007fcd28cd7cb0
8507:             1             16  org.opensearch.OpenSearchServerException$$Lambda/0x00007fcd28cd8390
8508:             1             16  org.opensearch.OpenSearchServerException$$Lambda/0x00007fcd28cd8950
8509:             1             16  org.opensearch.OpenSearchServerException$$Lambda/0x00007fcd28cd8ef8
8510:             1             16  org.opensearch.OpenSearchServerException$$Lambda/0x00007fcd28cd9110
8511:             1             16  org.opensearch.OpenSearchServerException$$Lambda/0x00007fcd28cd9328
8512:             1             16  org.opensearch.OpenSearchServerException$$Lambda/0x00007fcd28cd9540
8513:             1             16  org.opensearch.OpenSearchServerException$$Lambda/0x00007fcd28cd9af0
8514:             1             16  org.opensearch.OpenSearchServerException$$Lambda/0x00007fcd28cda0a0
8515:             1             16  org.opensearch.OpenSearchServerException$$Lambda/0x00007fcd28cda648
8516:             1             16  org.opensearch.OpenSearchServerException$$Lambda/0x00007fcd28cda860
8517:             1             16  org.opensearch.OpenSearchServerException$$Lambda/0x00007fcd28cdae18
8518:             1             16  org.opensearch.OpenSearchServerException$$Lambda/0x00007fcd28cdb3c0
8519:             1             16  org.opensearch.OpenSearchServerException$$Lambda/0x00007fcd28cdb5d8
8520:             1             16  org.opensearch.OpenSearchServerException$$Lambda/0x00007fcd28cdbb80
8521:             1             16  org.opensearch.OpenSearchServerException$$Lambda/0x00007fcd28cdc140
8522:             1             16  org.opensearch.OpenSearchServerException$$Lambda/0x00007fcd28cdc6f8
8523:             1             16  org.opensearch.OpenSearchServerException$$Lambda/0x00007fcd28cdccb0
8524:             1             16  org.opensearch.action.ActionModule$$Lambda/0x00007fcd28bfb960
8525:             1             16  org.opensearch.action.ActionModule$$Lambda/0x00007fcd28c97570
8526:             1             16  org.opensearch.action.ActionModule$$Lambda/0x00007fcd28c98230
8527:             1             16  org.opensearch.action.ActionModule$$Lambda/0x00007fcd28c98880
8528:             1             16  org.opensearch.action.ActionModule$$Lambda/0x00007fcd28c98ab8
8529:             1             16  org.opensearch.action.ActionRunnable$$Lambda/0x00007fcd291c21a8
8530:             1             16  org.opensearch.action.admin.cluster.allocation.ClusterAllocationExplainAction$$Lambda/0x00007fcd28bd2818
8531:             1             16  org.opensearch.action.admin.cluster.allocation.TransportClusterAllocationExplainAction$$Lambda/0x00007fcd28f7d920
8532:             1             16  org.opensearch.action.admin.cluster.configuration.AddVotingConfigExclusionsAction$$Lambda/0x00007fcd28bd1c98
8533:             1             16  org.opensearch.action.admin.cluster.configuration.ClearVotingConfigExclusionsAction$$Lambda/0x00007fcd28bd2138
8534:             1             16  org.opensearch.action.admin.cluster.configuration.TransportAddVotingConfigExclusionsAction$$Lambda/0x00007fcd28e77080
8535:             1             16  org.opensearch.action.admin.cluster.configuration.TransportAddVotingConfigExclusionsAction$$Lambda/0x00007fcd28e77298
8536:             1             16  org.opensearch.action.admin.cluster.configuration.TransportClearVotingConfigExclusionsAction$$Lambda/0x00007fcd28f7cea8
8537:             1             16  org.opensearch.action.admin.cluster.decommission.awareness.delete.DeleteDecommissionStateAction$$Lambda/0x00007fcd28c95e20
8538:             1             16  org.opensearch.action.admin.cluster.decommission.awareness.delete.TransportDeleteDecommissionStateAction$$Lambda/0x00007fcd28efe3b0
8539:             1             16  org.opensearch.action.admin.cluster.decommission.awareness.get.GetDecommissionStateAction$$Lambda/0x00007fcd28c956f8
8540:             1             16  org.opensearch.action.admin.cluster.decommission.awareness.get.TransportGetDecommissionStateAction$$Lambda/0x00007fcd28e0d970
8541:             1             16  org.opensearch.action.admin.cluster.decommission.awareness.put.DecommissionAction$$Lambda/0x00007fcd28c94fc0
8542:             1             16  org.opensearch.action.admin.cluster.decommission.awareness.put.TransportDecommissionAction$$Lambda/0x00007fcd28e22258
8543:             1             16  org.opensearch.action.admin.cluster.health.ClusterHealthAction$$Lambda/0x00007fcd28bd4790
8544:             1             16  org.opensearch.action.admin.cluster.health.TransportClusterHealthAction$$Lambda/0x00007fcd28edc240
8545:             1             16  org.opensearch.action.admin.cluster.node.hotthreads.NodesHotThreadsAction$$Lambda/0x00007fcd28bc9c60
8546:             1             16  org.opensearch.action.admin.cluster.node.hotthreads.TransportNodesHotThreadsAction$$Lambda/0x00007fcd28f7c860
8547:             1             16  org.opensearch.action.admin.cluster.node.hotthreads.TransportNodesHotThreadsAction$$Lambda/0x00007fcd28f7ca78
8548:             1             16  org.opensearch.action.admin.cluster.node.info.NodeInfo$$Lambda/0x00007fcd291b9000
8549:             1             16  org.opensearch.action.admin.cluster.node.info.NodeInfo$$Lambda/0x00007fcd291b9218
8550:             1             16  org.opensearch.action.admin.cluster.node.info.NodeInfo$$Lambda/0x00007fcd291b9430
8551:             1             16  org.opensearch.action.admin.cluster.node.info.NodeInfo$$Lambda/0x00007fcd291b9648
8552:             1             16  org.opensearch.action.admin.cluster.node.info.NodeInfo$$Lambda/0x00007fcd291b9860
8553:             1             16  org.opensearch.action.admin.cluster.node.info.NodeInfo$$Lambda/0x00007fcd291b9a78
8554:             1             16  org.opensearch.action.admin.cluster.node.info.NodeInfo$$Lambda/0x00007fcd291b9c90
8555:             1             16  org.opensearch.action.admin.cluster.node.info.NodeInfo$$Lambda/0x00007fcd291c0a78
8556:             1             16  org.opensearch.action.admin.cluster.node.info.NodeInfo$$Lambda/0x00007fcd291c10c0
8557:             1             16  org.opensearch.action.admin.cluster.node.info.NodeInfo$$Lambda/0x00007fcd291c1708
8558:             1             16  org.opensearch.action.admin.cluster.node.info.NodesInfoAction$$Lambda/0x00007fcd28bca000
8559:             1             16  org.opensearch.action.admin.cluster.node.info.NodesInfoRequest$Metric$$Lambda/0x00007fcd28fc4ee0
8560:             1             16  org.opensearch.action.admin.cluster.node.info.PluginsAndModules$$Lambda/0x00007fcd2845e1f0
8561:             1             16  org.opensearch.action.admin.cluster.node.info.PluginsAndModules$$Lambda/0x00007fcd2845e660
8562:             1             16  org.opensearch.action.admin.cluster.node.info.PluginsAndModules$$Lambda/0x00007fcd291c0218
8563:             1             16  org.opensearch.action.admin.cluster.node.info.PluginsAndModules$$Lambda/0x00007fcd291c0430
8564:             1             16  org.opensearch.action.admin.cluster.node.info.TransportNodesInfoAction$$Lambda/0x00007fcd28efcc90
8565:             1             16  org.opensearch.action.admin.cluster.node.info.TransportNodesInfoAction$$Lambda/0x00007fcd28efcea8
8566:             1             16  org.opensearch.action.admin.cluster.node.liveness.TransportLivenessAction
8567:             1             16  org.opensearch.action.admin.cluster.node.liveness.TransportLivenessAction$$Lambda/0x00007fcd28ddca58
8568:             1             16  org.opensearch.action.admin.cluster.node.reload.NodesReloadSecureSettingsAction$$Lambda/0x00007fcd28bf6e38
8569:             1             16  org.opensearch.action.admin.cluster.node.reload.TransportNodesReloadSecureSettingsAction$$Lambda/0x00007fcd28f7d0c0
8570:             1             16  org.opensearch.action.admin.cluster.node.reload.TransportNodesReloadSecureSettingsAction$$Lambda/0x00007fcd28f7d2d8
8571:             1             16  org.opensearch.action.admin.cluster.node.stats.NodesStatsAction$$Lambda/0x00007fcd28bcb050
8572:             1             16  org.opensearch.action.admin.cluster.node.stats.TransportNodesStatsAction$$Lambda/0x00007fcd28ede488
8573:             1             16  org.opensearch.action.admin.cluster.node.stats.TransportNodesStatsAction$$Lambda/0x00007fcd28ede6a0
8574:             1             16  org.opensearch.action.admin.cluster.node.tasks.cancel.CancelTasksAction$$Lambda/0x00007fcd28bd1820
8575:             1             16  org.opensearch.action.admin.cluster.node.tasks.cancel.TransportCancelTasksAction$$Lambda/0x00007fcd28f2cea8
8576:             1             16  org.opensearch.action.admin.cluster.node.tasks.cancel.TransportCancelTasksAction$$Lambda/0x00007fcd28f2d0c0
8577:             1             16  org.opensearch.action.admin.cluster.node.tasks.cancel.TransportCancelTasksAction$$Lambda/0x00007fcd28f2d2d8
8578:             1             16  org.opensearch.action.admin.cluster.node.tasks.get.GetTaskAction$$Lambda/0x00007fcd28bd10f8
8579:             1             16  org.opensearch.action.admin.cluster.node.tasks.get.TransportGetTaskAction$$Lambda/0x00007fcd28f5f9a0
8580:             1             16  org.opensearch.action.admin.cluster.node.tasks.list.ListTasksAction$$Lambda/0x00007fcd28bd07a8
8581:             1             16  org.opensearch.action.admin.cluster.node.tasks.list.TransportListTasksAction$$Lambda/0x00007fcd28edfbb0
8582:             1             16  org.opensearch.action.admin.cluster.node.tasks.list.TransportListTasksAction$$Lambda/0x00007fcd28edfdc8
8583:             1             16  org.opensearch.action.admin.cluster.node.tasks.list.TransportListTasksAction$$Lambda/0x00007fcd28efc000
8584:             1             16  org.opensearch.action.admin.cluster.node.tasks.list.TransportListTasksAction$$Lambda/0x00007fcd2924c240
8585:             1             16  org.opensearch.action.admin.cluster.node.usage.NodesUsageAction$$Lambda/0x00007fcd28bc9558
8586:             1             16  org.opensearch.action.admin.cluster.node.usage.TransportNodesUsageAction$$Lambda/0x00007fcd28f2ef48
8587:             1             16  org.opensearch.action.admin.cluster.node.usage.TransportNodesUsageAction$$Lambda/0x00007fcd28f2f160
8588:             1             16  org.opensearch.action.admin.cluster.remote.RemoteInfoAction$$Lambda/0x00007fcd28bca968
8589:             1             16  org.opensearch.action.admin.cluster.remote.TransportRemoteInfoAction$$Lambda/0x00007fcd28efc430
8590:             1             16  org.opensearch.action.admin.cluster.remotestore.restore.RestoreRemoteStoreAction$$Lambda/0x00007fcd28c92e98
8591:             1             16  org.opensearch.action.admin.cluster.remotestore.restore.TransportRestoreRemoteStoreAction$$Lambda/0x00007fcd28f5f788
8592:             1             16  org.opensearch.action.admin.cluster.remotestore.stats.RemoteStoreStatsAction$$Lambda/0x00007fcd28bcba70
8593:             1             16  org.opensearch.action.admin.cluster.remotestore.stats.TransportRemoteStoreStatsAction$$Lambda/0x00007fcd28edf998
8594:             1             16  org.opensearch.action.admin.cluster.repositories.cleanup.CleanupRepositoryAction$$Lambda/0x00007fcd28bd8508
8595:             1             16  org.opensearch.action.admin.cluster.repositories.cleanup.TransportCleanupRepositoryAction$$Lambda/0x00007fcd28f7e398
8596:             1             16  org.opensearch.action.admin.cluster.repositories.cleanup.TransportCleanupRepositoryAction$$Lambda/0x00007fcd28f7e5b0
8597:             1             16  org.opensearch.action.admin.cluster.repositories.delete.DeleteRepositoryAction$$Lambda/0x00007fcd28bd7540
8598:             1             16  org.opensearch.action.admin.cluster.repositories.delete.TransportDeleteRepositoryAction$$Lambda/0x00007fcd28f2cc90
8599:             1             16  org.opensearch.action.admin.cluster.repositories.get.GetRepositoriesAction$$Lambda/0x00007fcd28bd70a0
8600:             1             16  org.opensearch.action.admin.cluster.repositories.get.TransportGetRepositoriesAction$$Lambda/0x00007fcd28e74ec0
8601:             1             16  org.opensearch.action.admin.cluster.repositories.put.PutRepositoryAction$$Lambda/0x00007fcd28bd6970
8602:             1             16  org.opensearch.action.admin.cluster.repositories.put.TransportPutRepositoryAction$$Lambda/0x00007fcd28e23bb0
8603:             1             16  org.opensearch.action.admin.cluster.repositories.verify.TransportVerifyRepositoryAction$$Lambda/0x00007fcd28e76a38
8604:             1             16  org.opensearch.action.admin.cluster.repositories.verify.VerifyRepositoryAction$$Lambda/0x00007fcd28bd7c78
8605:             1             16  org.opensearch.action.admin.cluster.reroute.ClusterRerouteAction$$Lambda/0x00007fcd28bd5618
8606:             1             16  org.opensearch.action.admin.cluster.reroute.TransportClusterRerouteAction$$Lambda/0x00007fcd28f5eaf8
8607:             1             16  org.opensearch.action.admin.cluster.settings.ClusterUpdateSettingsAction$$Lambda/0x00007fcd28bd4ed0
8608:             1             16  org.opensearch.action.admin.cluster.settings.TransportClusterUpdateSettingsAction$$Lambda/0x00007fcd28edd3c8
8609:             1             16  org.opensearch.action.admin.cluster.shards.ClusterSearchShardsAction$$Lambda/0x00007fcd28bd5d58
8610:             1             16  org.opensearch.action.admin.cluster.shards.TransportClusterSearchShardsAction$$Lambda/0x00007fcd28f5ed10
8611:             1             16  org.opensearch.action.admin.cluster.shards.routing.weighted.delete.ClusterDeleteWeightedRoutingAction$$Lambda/0x00007fcd28bdc088
8612:             1             16  org.opensearch.action.admin.cluster.shards.routing.weighted.delete.TransportDeleteWeightedRoutingAction$$Lambda/0x00007fcd28e23350
8613:             1             16  org.opensearch.action.admin.cluster.shards.routing.weighted.get.ClusterGetWeightedRoutingAction$$Lambda/0x00007fcd28bdb960
8614:             1             16  org.opensearch.action.admin.cluster.shards.routing.weighted.get.TransportGetWeightedRoutingAction$$Lambda/0x00007fcd28efd2d8
8615:             1             16  org.opensearch.action.admin.cluster.shards.routing.weighted.put.ClusterAddWeightedRoutingAction$$Lambda/0x00007fcd28bdb210
8616:             1             16  org.opensearch.action.admin.cluster.shards.routing.weighted.put.TransportAddWeightedRoutingAction$$Lambda/0x00007fcd28e774c8
8617:             1             16  org.opensearch.action.admin.cluster.snapshots.clone.CloneSnapshotAction$$Lambda/0x00007fcd28bd9c98
8618:             1             16  org.opensearch.action.admin.cluster.snapshots.clone.TransportCloneSnapshotAction$$Lambda/0x00007fcd28f2d4f0
8619:             1             16  org.opensearch.action.admin.cluster.snapshots.create.CreateSnapshotAction$$Lambda/0x00007fcd28bd97f8
8620:             1             16  org.opensearch.action.admin.cluster.snapshots.create.TransportCreateSnapshotAction$$Lambda/0x00007fcd28e0cac0
8621:             1             16  org.opensearch.action.admin.cluster.snapshots.delete.DeleteSnapshotAction$$Lambda/0x00007fcd28bd90c0
8622:             1             16  org.opensearch.action.admin.cluster.snapshots.delete.TransportDeleteSnapshotAction$$Lambda/0x00007fcd28ddf170
8623:             1             16  org.opensearch.action.admin.cluster.snapshots.get.GetSnapshotsAction$$Lambda/0x00007fcd28bd8c20
8624:             1             16  org.opensearch.action.admin.cluster.snapshots.get.TransportGetSnapshotsAction$$Lambda/0x00007fcd28f5ef28
8625:             1             16  org.opensearch.action.admin.cluster.snapshots.restore.RestoreSnapshotAction$$Lambda/0x00007fcd28bda3b8
8626:             1             16  org.opensearch.action.admin.cluster.snapshots.restore.TransportRestoreSnapshotAction$$Lambda/0x00007fcd28e75530
8627:             1             16  org.opensearch.action.admin.cluster.snapshots.status.SnapshotsStatusAction$$Lambda/0x00007fcd28bdaae8
8628:             1             16  org.opensearch.action.admin.cluster.snapshots.status.TransportNodesSnapshotsStatus$$Lambda/0x00007fcd28cf28e0
8629:             1             16  org.opensearch.action.admin.cluster.snapshots.status.TransportNodesSnapshotsStatus$$Lambda/0x00007fcd28cf2dc0
8630:             1             16  org.opensearch.action.admin.cluster.snapshots.status.TransportNodesSnapshotsStatus$$Lambda/0x00007fcd28cf2fd8
8631:             1             16  org.opensearch.action.admin.cluster.snapshots.status.TransportSnapshotsStatusAction$$Lambda/0x00007fcd28e74878
8632:             1             16  org.opensearch.action.admin.cluster.state.ClusterStateAction$$Lambda/0x00007fcd28bd3438
8633:             1             16  org.opensearch.action.admin.cluster.state.ClusterStateResponse$$Lambda/0x00007fcd291d0d48
8634:             1             16  org.opensearch.action.admin.cluster.state.TransportClusterStateAction$$Lambda/0x00007fcd28e21360
8635:             1             16  org.opensearch.action.admin.cluster.stats.ClusterStatsAction$$Lambda/0x00007fcd28bd2fa8
8636:             1             16  org.opensearch.action.admin.cluster.stats.TransportClusterStatsAction$$Lambda/0x00007fcd28e0d110
8637:             1             16  org.opensearch.action.admin.cluster.stats.TransportClusterStatsAction$$Lambda/0x00007fcd28e0d328
8638:             1             16  org.opensearch.action.admin.cluster.storedscripts.DeleteStoredScriptAction$$Lambda/0x00007fcd28bf84a0
8639:             1             16  org.opensearch.action.admin.cluster.storedscripts.GetScriptContextAction$$Lambda/0x00007fcd28bf8bf0
8640:             1             16  org.opensearch.action.admin.cluster.storedscripts.GetScriptLanguageAction$$Lambda/0x00007fcd28bf92d0
8641:             1             16  org.opensearch.action.admin.cluster.storedscripts.GetStoredScriptAction$$Lambda/0x00007fcd28bf8000
8642:             1             16  org.opensearch.action.admin.cluster.storedscripts.PutStoredScriptAction$$Lambda/0x00007fcd28bf7758
8643:             1             16  org.opensearch.action.admin.cluster.storedscripts.TransportDeleteStoredScriptAction$$Lambda/0x00007fcd28f2c648
8644:             1             16  org.opensearch.action.admin.cluster.storedscripts.TransportGetScriptContextAction$$Lambda/0x00007fcd28dde430
8645:             1             16  org.opensearch.action.admin.cluster.storedscripts.TransportGetScriptLanguageAction$$Lambda/0x00007fcd28edf780
8646:             1             16  org.opensearch.action.admin.cluster.storedscripts.TransportGetStoredScriptAction$$Lambda/0x00007fcd28edd7f8
8647:             1             16  org.opensearch.action.admin.cluster.storedscripts.TransportPutStoredScriptAction$$Lambda/0x00007fcd28e77d28
8648:             1             16  org.opensearch.action.admin.cluster.tasks.PendingClusterTasksAction$$Lambda/0x00007fcd28bd64d0
8649:             1             16  org.opensearch.action.admin.cluster.tasks.TransportPendingClusterTasksAction$$Lambda/0x00007fcd28edcf98
8650:             1             16  org.opensearch.action.admin.indices.alias.IndicesAliasesAction$$Lambda/0x00007fcd28be3448
8651:             1             16  org.opensearch.action.admin.indices.alias.TransportIndicesAliasesAction$$Lambda/0x00007fcd28edde40
8652:             1             16  org.opensearch.action.admin.indices.alias.get.GetAliasesAction$$Lambda/0x00007fcd28bec1b8
8653:             1             16  org.opensearch.action.admin.indices.alias.get.TransportGetAliasesAction$$Lambda/0x00007fcd28ede270
8654:             1             16  org.opensearch.action.admin.indices.analyze.AnalyzeAction$$Lambda/0x00007fcd28be4020
8655:             1             16  org.opensearch.action.admin.indices.analyze.TransportAnalyzeAction$$Lambda/0x00007fcd28e21790
8656:             1             16  org.opensearch.action.admin.indices.cache.clear.ClearIndicesCacheAction$$Lambda/0x00007fcd28bebac8
8657:             1             16  org.opensearch.action.admin.indices.cache.clear.TransportClearIndicesCacheAction$$Lambda/0x00007fcd28f2c430
8658:             1             16  org.opensearch.action.admin.indices.close.CloseIndexAction$$Lambda/0x00007fcd28be07c0
8659:             1             16  org.opensearch.action.admin.indices.close.TransportCloseIndexAction$$Lambda/0x00007fcd28f2f7a8
8660:             1             16  org.opensearch.action.admin.indices.close.TransportCloseIndexAction$$Lambda/0x00007fcd28f2f9c0
8661:             1             16  org.opensearch.action.admin.indices.close.TransportVerifyShardBeforeCloseAction$$Lambda/0x00007fcd28db7230
8662:             1             16  org.opensearch.action.admin.indices.close.TransportVerifyShardBeforeCloseAction$$Lambda/0x00007fcd28db7448
8663:             1             16  org.opensearch.action.admin.indices.create.AutoCreateAction$$Lambda/0x00007fcd28bf72d0
8664:             1             16  org.opensearch.action.admin.indices.create.AutoCreateAction$TransportAction$$Lambda/0x00007fcd28efc218
8665:             1             16  org.opensearch.action.admin.indices.create.CreateIndexAction$$Lambda/0x00007fcd28bdde28
8666:             1             16  org.opensearch.action.admin.indices.create.TransportCreateIndexAction$$Lambda/0x00007fcd28e76820
8667:             1             16  org.opensearch.action.admin.indices.dangling.delete.DeleteDanglingIndexAction$$Lambda/0x00007fcd28c92078
8668:             1             16  org.opensearch.action.admin.indices.dangling.delete.TransportDeleteDanglingIndexAction$$Lambda/0x00007fcd28f7db38
8669:             1             16  org.opensearch.action.admin.indices.dangling.find.FindDanglingIndexAction$$Lambda/0x00007fcd28c92788
8670:             1             16  org.opensearch.action.admin.indices.dangling.find.TransportFindDanglingIndexAction$$Lambda/0x00007fcd28e23568
8671:             1             16  org.opensearch.action.admin.indices.dangling.find.TransportFindDanglingIndexAction$$Lambda/0x00007fcd28e23780
8672:             1             16  org.opensearch.action.admin.indices.dangling.import_index.ImportDanglingIndexAction$$Lambda/0x00007fcd28c91c48
8673:             1             16  org.opensearch.action.admin.indices.dangling.import_index.TransportImportDanglingIndexAction$$Lambda/0x00007fcd28f2e6e8
8674:             1             16  org.opensearch.action.admin.indices.dangling.list.ListDanglingIndicesAction$$Lambda/0x00007fcd28c917b8
8675:             1             16  org.opensearch.action.admin.indices.dangling.list.TransportListDanglingIndicesAction$$Lambda/0x00007fcd28edda10
8676:             1             16  org.opensearch.action.admin.indices.dangling.list.TransportListDanglingIndicesAction$$Lambda/0x00007fcd28eddc28
8677:             1             16  org.opensearch.action.admin.indices.datastream.CreateDataStreamAction$$Lambda/0x00007fcd28bfcb78
8678:             1             16  org.opensearch.action.admin.indices.datastream.CreateDataStreamAction$TransportAction$$Lambda/0x00007fcd28e22cd8
8679:             1             16  org.opensearch.action.admin.indices.datastream.DataStreamsStatsAction$$Lambda/0x00007fcd28bfe5a0
8680:             1             16  org.opensearch.action.admin.indices.datastream.DataStreamsStatsAction$TransportAction$$Lambda/0x00007fcd28efd0c0
8681:             1             16  org.opensearch.action.admin.indices.datastream.DeleteDataStreamAction$$Lambda/0x00007fcd28bfd018
8682:             1             16  org.opensearch.action.admin.indices.datastream.DeleteDataStreamAction$TransportAction$$Lambda/0x00007fcd28dddba0
8683:             1             16  org.opensearch.action.admin.indices.datastream.GetDataStreamAction$$Lambda/0x00007fcd28bfd748
8684:             1             16  org.opensearch.action.admin.indices.datastream.GetDataStreamAction$TransportAction$$Lambda/0x00007fcd28f2f590
8685:             1             16  org.opensearch.action.admin.indices.delete.DeleteIndexAction$$Lambda/0x00007fcd28bdf158
8686:             1             16  org.opensearch.action.admin.indices.delete.TransportDeleteIndexAction$$Lambda/0x00007fcd28f7cc90
8687:             1             16  org.opensearch.action.admin.indices.exists.indices.IndicesExistsAction$$Lambda/0x00007fcd28be0c18
8688:             1             16  org.opensearch.action.admin.indices.exists.indices.TransportIndicesExistsAction$$Lambda/0x00007fcd28edd1b0
8689:             1             16  org.opensearch.action.admin.indices.flush.FlushAction$$Lambda/0x00007fcd28be9880
8690:             1             16  org.opensearch.action.admin.indices.flush.TransportFlushAction$$Lambda/0x00007fcd28ddd988
8691:             1             16  org.opensearch.action.admin.indices.flush.TransportShardFlushAction$$Lambda/0x00007fcd28ddce88
8692:             1             16  org.opensearch.action.admin.indices.flush.TransportShardFlushAction$$Lambda/0x00007fcd28ddd0a0
8693:             1             16  org.opensearch.action.admin.indices.flush.TransportShardFlushAction$$Lambda/0x00007fcd28ddd550
8694:             1             16  org.opensearch.action.admin.indices.flush.TransportShardFlushAction$PreSyncedFlushTransportHandler
8695:             1             16  org.opensearch.action.admin.indices.forcemerge.ForceMergeAction$$Lambda/0x00007fcd28be9fa8
8696:             1             16  org.opensearch.action.admin.indices.forcemerge.TransportForceMergeAction$$Lambda/0x00007fcd28e76c50
8697:             1             16  org.opensearch.action.admin.indices.get.GetIndexAction$$Lambda/0x00007fcd28bdf8e8
8698:             1             16  org.opensearch.action.admin.indices.get.TransportGetIndexAction$$Lambda/0x00007fcd28f2eb18
8699:             1             16  org.opensearch.action.admin.indices.mapping.get.GetFieldMappingsAction$$Lambda/0x00007fcd28be21f0
8700:             1             16  org.opensearch.action.admin.indices.mapping.get.GetMappingsAction$$Lambda/0x00007fcd28be1aa8
8701:             1             16  org.opensearch.action.admin.indices.mapping.get.TransportGetFieldMappingsAction$$Lambda/0x00007fcd28f7c218
8702:             1             16  org.opensearch.action.admin.indices.mapping.get.TransportGetFieldMappingsIndexAction$$Lambda/0x00007fcd28f7c000
8703:             1             16  org.opensearch.action.admin.indices.mapping.get.TransportGetFieldMappingsIndexAction$1
8704:             1             16  org.opensearch.action.admin.indices.mapping.get.TransportGetMappingsAction$$Lambda/0x00007fcd28e0c490
8705:             1             16  org.opensearch.action.admin.indices.mapping.put.AutoPutMappingAction$$Lambda/0x00007fcd28be2fa0
8706:             1             16  org.opensearch.action.admin.indices.mapping.put.PutMappingAction$$Lambda/0x00007fcd28be2b00
8707:             1             16  org.opensearch.action.admin.indices.mapping.put.TransportAutoPutMappingAction$$Lambda/0x00007fcd28e76608
8708:             1             16  org.opensearch.action.admin.indices.mapping.put.TransportPutMappingAction$$Lambda/0x00007fcd28ddcc70
8709:             1             16  org.opensearch.action.admin.indices.open.OpenIndexAction$$Lambda/0x00007fcd28bdfd88
8710:             1             16  org.opensearch.action.admin.indices.open.TransportOpenIndexAction$$Lambda/0x00007fcd28e21578
8711:             1             16  org.opensearch.action.admin.indices.readonly.AddIndexBlockAction$$Lambda/0x00007fcd28be1360
8712:             1             16  org.opensearch.action.admin.indices.readonly.TransportAddIndexBlockAction$$Lambda/0x00007fcd28e763f0
8713:             1             16  org.opensearch.action.admin.indices.readonly.TransportVerifyShardIndexBlockAction$$Lambda/0x00007fcd28dbc680
8714:             1             16  org.opensearch.action.admin.indices.readonly.TransportVerifyShardIndexBlockAction$$Lambda/0x00007fcd28dbc898
8715:             1             16  org.opensearch.action.admin.indices.readonly.TransportVerifyShardIndexBlockAction$$Lambda/0x00007fcd28dbcab0
8716:             1             16  org.opensearch.action.admin.indices.recovery.RecoveryAction$$Lambda/0x00007fcd28bf5f50
8717:             1             16  org.opensearch.action.admin.indices.recovery.TransportRecoveryAction$$Lambda/0x00007fcd28e0d540
8718:             1             16  org.opensearch.action.admin.indices.refresh.RefreshAction$$Lambda/0x00007fcd28be8f18
8719:             1             16  org.opensearch.action.admin.indices.refresh.TransportRefreshAction$$Lambda/0x00007fcd28efca78
8720:             1             16  org.opensearch.action.admin.indices.refresh.TransportShardRefreshAction$$Lambda/0x00007fcd28efc648
8721:             1             16  org.opensearch.action.admin.indices.refresh.TransportShardRefreshAction$$Lambda/0x00007fcd28efc860
8722:             1             16  org.opensearch.action.admin.indices.replication.SegmentReplicationStatsAction$$Lambda/0x00007fcd28bf66c8
8723:             1             16  org.opensearch.action.admin.indices.replication.TransportSegmentReplicationStatsAction$$Lambda/0x00007fcd28edef18
8724:             1             16  org.opensearch.action.admin.indices.resolve.ResolveIndexAction$$Lambda/0x00007fcd28bfde88
8725:             1             16  org.opensearch.action.admin.indices.resolve.ResolveIndexAction$TransportAction$$Lambda/0x00007fcd28edf348
8726:             1             16  org.opensearch.action.admin.indices.rollover.RolloverAction$$Lambda/0x00007fcd28bdecb0
8727:             1             16  org.opensearch.action.admin.indices.rollover.RolloverInfo$$Lambda/0x00007fcd29094e88
8728:             1             16  org.opensearch.action.admin.indices.rollover.RolloverInfo$$Lambda/0x00007fcd290952a8
8729:             1             16  org.opensearch.action.admin.indices.rollover.TransportRolloverAction$$Lambda/0x00007fcd28e21148
8730:             1             16  org.opensearch.action.admin.indices.segments.IndicesSegmentsAction$$Lambda/0x00007fcd28bdcf98
8731:             1             16  org.opensearch.action.admin.indices.segments.PitSegmentsAction$$Lambda/0x00007fcd28c94128
8732:             1             16  org.opensearch.action.admin.indices.segments.TransportIndicesSegmentsAction$$Lambda/0x00007fcd28f2e4d0
8733:             1             16  org.opensearch.action.admin.indices.segments.TransportPitSegmentsAction$$Lambda/0x00007fcd28e23998
8734:             1             16  org.opensearch.action.admin.indices.settings.get.GetSettingsAction$$Lambda/0x00007fcd28bec8f8
8735:             1             16  org.opensearch.action.admin.indices.settings.get.TransportGetSettingsAction$$Lambda/0x00007fcd28ede058
8736:             1             16  org.opensearch.action.admin.indices.settings.put.TransportUpdateSettingsAction$$Lambda/0x00007fcd28ddf388
8737:             1             16  org.opensearch.action.admin.indices.settings.put.UpdateSettingsAction$$Lambda/0x00007fcd28be38e8
8738:             1             16  org.opensearch.action.admin.indices.shards.IndicesShardStoresAction$$Lambda/0x00007fcd28bdd6e0
8739:             1             16  org.opensearch.action.admin.indices.shards.TransportIndicesShardStoresAction$$Lambda/0x00007fcd28e75b78
8740:             1             16  org.opensearch.action.admin.indices.shrink.ResizeAction$$Lambda/0x00007fcd28bde570
8741:             1             16  org.opensearch.action.admin.indices.shrink.TransportResizeAction$$Lambda/0x00007fcd28f2e2b8
8742:             1             16  org.opensearch.action.admin.indices.stats.IndicesStatsAction$$Lambda/0x00007fcd28bdc820
8743:             1             16  org.opensearch.action.admin.indices.stats.TransportIndicesStatsAction$$Lambda/0x00007fcd28e23dc8
8744:             1             16  org.opensearch.action.admin.indices.template.delete.DeleteComponentTemplateAction$$Lambda/0x00007fcd28be60f0
8745:             1             16  org.opensearch.action.admin.indices.template.delete.DeleteComposableIndexTemplateAction$$Lambda/0x00007fcd28be7160
8746:             1             16  org.opensearch.action.admin.indices.template.delete.DeleteIndexTemplateAction$$Lambda/0x00007fcd28be5080
8747:             1             16  org.opensearch.action.admin.indices.template.delete.TransportDeleteComponentTemplateAction$$Lambda/0x00007fcd28e75960
8748:             1             16  org.opensearch.action.admin.indices.template.delete.TransportDeleteComposableIndexTemplateAction$$Lambda/0x00007fcd28f2c218
8749:             1             16  org.opensearch.action.admin.indices.template.delete.TransportDeleteIndexTemplateAction$$Lambda/0x00007fcd28f5f358
8750:             1             16  org.opensearch.action.admin.indices.template.get.GetComponentTemplateAction$$Lambda/0x00007fcd28be5c50
8751:             1             16  org.opensearch.action.admin.indices.template.get.GetComposableIndexTemplateAction$$Lambda/0x00007fcd28be6cc0
8752:             1             16  org.opensearch.action.admin.indices.template.get.GetIndexTemplatesAction$$Lambda/0x00007fcd28be4be0
8753:             1             16  org.opensearch.action.admin.indices.template.get.TransportGetComponentTemplateAction$$Lambda/0x00007fcd28e750d8
8754:             1             16  org.opensearch.action.admin.indices.template.get.TransportGetComposableIndexTemplateAction$$Lambda/0x00007fcd28efd4f0
8755:             1             16  org.opensearch.action.admin.indices.template.get.TransportGetIndexTemplatesAction$$Lambda/0x00007fcd28f2de60
8756:             1             16  org.opensearch.action.admin.indices.template.post.SimulateIndexTemplateAction$$Lambda/0x00007fcd28be7888
8757:             1             16  org.opensearch.action.admin.indices.template.post.SimulateTemplateAction$$Lambda/0x00007fcd28be7d28
8758:             1             16  org.opensearch.action.admin.indices.template.post.TransportSimulateIndexTemplateAction$$Lambda/0x00007fcd28e74a90
8759:             1             16  org.opensearch.action.admin.indices.template.post.TransportSimulateTemplateAction$$Lambda/0x00007fcd28f5f140
8760:             1             16  org.opensearch.action.admin.indices.template.put.PutComponentTemplateAction$$Lambda/0x00007fcd28be5520
8761:             1             16  org.opensearch.action.admin.indices.template.put.PutComposableIndexTemplateAction$$Lambda/0x00007fcd28be6590
8762:             1             16  org.opensearch.action.admin.indices.template.put.PutIndexTemplateAction$$Lambda/0x00007fcd28be44b0
8763:             1             16  org.opensearch.action.admin.indices.template.put.TransportPutComponentTemplateAction$$Lambda/0x00007fcd28e0d758
8764:             1             16  org.opensearch.action.admin.indices.template.put.TransportPutComposableIndexTemplateAction$$Lambda/0x00007fcd28f2e900
8765:             1             16  org.opensearch.action.admin.indices.template.put.TransportPutIndexTemplateAction$$Lambda/0x00007fcd28efd708
8766:             1             16  org.opensearch.action.admin.indices.upgrade.get.TransportUpgradeStatusAction$$Lambda/0x00007fcd28efe5c8
8767:             1             16  org.opensearch.action.admin.indices.upgrade.get.UpgradeStatusAction$$Lambda/0x00007fcd28beaeb8
8768:             1             16  org.opensearch.action.admin.indices.upgrade.post.TransportUpgradeAction$$Lambda/0x00007fcd28eded00
8769:             1             16  org.opensearch.action.admin.indices.upgrade.post.TransportUpgradeSettingsAction$$Lambda/0x00007fcd28f2f378
8770:             1             16  org.opensearch.action.admin.indices.upgrade.post.UpgradeAction$$Lambda/0x00007fcd28bea720
8771:             1             16  org.opensearch.action.admin.indices.upgrade.post.UpgradeSettingsAction$$Lambda/0x00007fcd28beb368
8772:             1             16  org.opensearch.action.admin.indices.validate.query.TransportValidateQueryAction$$Lambda/0x00007fcd28e74218
8773:             1             16  org.opensearch.action.admin.indices.validate.query.TransportValidateQueryAction$$Lambda/0x00007fcd28e74430
8774:             1             16  org.opensearch.action.admin.indices.validate.query.ValidateQueryAction$$Lambda/0x00007fcd28be8560
8775:             1             16  org.opensearch.action.bulk.BackoffPolicy$NoBackoff
8776:             1             16  org.opensearch.action.bulk.BulkAction$$Lambda/0x00007fcd28bf25d8
8777:             1             16  org.opensearch.action.bulk.BulkRequest$$Lambda/0x00007fcd2922af78
8778:             1             16  org.opensearch.action.bulk.BulkShardRequest$$Lambda/0x00007fcd29236f10
8779:             1             16  org.opensearch.action.bulk.BulkShardResponse$$Lambda/0x00007fcd2937efd8
8780:             1             16  org.opensearch.action.bulk.TransportBulkAction$$Lambda/0x00007fcd28eff8d8
8781:             1             16  org.opensearch.action.bulk.TransportBulkAction$$Lambda/0x00007fcd28effaf0
8782:             1             16  org.opensearch.action.bulk.TransportBulkAction$$Lambda/0x00007fcd2922bcd8
8783:             1             16  org.opensearch.action.bulk.TransportBulkAction$$Lambda/0x00007fcd29234000
8784:             1             16  org.opensearch.action.bulk.TransportBulkAction$$Lambda/0x00007fcd29234238
8785:             1             16  org.opensearch.action.bulk.TransportBulkAction$$Lambda/0x00007fcd29234470
8786:             1             16  org.opensearch.action.bulk.TransportBulkAction$BulkOperation$$Lambda/0x00007fcd292355f0
8787:             1             16  org.opensearch.action.bulk.TransportShardBulkAction$$Lambda/0x00007fcd28efe9f8
8788:             1             16  org.opensearch.action.bulk.TransportShardBulkAction$$Lambda/0x00007fcd28efec30
8789:             1             16  org.opensearch.action.bulk.TransportShardBulkAction$$Lambda/0x00007fcd28efee48
8790:             1             16  org.opensearch.action.bulk.TransportShardBulkAction$$Lambda/0x00007fcd28eff4a0
8791:             1             16  org.opensearch.action.bulk.TransportShardBulkAction$$Lambda/0x00007fcd28eff6b8
8792:             1             16  org.opensearch.action.delete.DeleteAction$$Lambda/0x00007fcd28bf0828
8793:             1             16  org.opensearch.action.delete.TransportDeleteAction$$Lambda/0x00007fcd28f2c000
8794:             1             16  org.opensearch.action.explain.ExplainAction$$Lambda/0x00007fcd28bf50e0
8795:             1             16  org.opensearch.action.explain.TransportExplainAction$$Lambda/0x00007fcd28ddddb8
8796:             1             16  org.opensearch.action.fieldcaps.FieldCapabilitiesAction$$Lambda/0x00007fcd28bf99a8
8797:             1             16  org.opensearch.action.fieldcaps.TransportFieldCapabilitiesAction$$Lambda/0x00007fcd28efe198
8798:             1             16  org.opensearch.action.fieldcaps.TransportFieldCapabilitiesIndexAction$$Lambda/0x00007fcd28efd920
8799:             1             16  org.opensearch.action.fieldcaps.TransportFieldCapabilitiesIndexAction$$Lambda/0x00007fcd28efdb38
8800:             1             16  org.opensearch.action.fieldcaps.TransportFieldCapabilitiesIndexAction$$Lambda/0x00007fcd28efdd50
8801:             1             16  org.opensearch.action.fieldcaps.TransportFieldCapabilitiesIndexAction$ShardTransportHandler
8802:             1             16  org.opensearch.action.get.GetAction$$Lambda/0x00007fcd28bee698
8803:             1             16  org.opensearch.action.get.MultiGetAction$$Lambda/0x00007fcd28bf1be8
8804:             1             16  org.opensearch.action.get.TransportGetAction$$Lambda/0x00007fcd28edf130
8805:             1             16  org.opensearch.action.get.TransportMultiGetAction$$Lambda/0x00007fcd28f2ca78
8806:             1             16  org.opensearch.action.get.TransportShardMultiGetAction$$Lambda/0x00007fcd28f2c860
8807:             1             16  org.opensearch.action.get.TransportShardMultiGetAction$$Lambda/0x00007fcd291dd288
8808:             1             16  org.opensearch.action.index.IndexAction$$Lambda/0x00007fcd28bedd10
8809:             1             16  org.opensearch.action.index.TransportIndexAction$$Lambda/0x00007fcd28f2ed30
8810:             1             16  org.opensearch.action.ingest.DeletePipelineAction$$Lambda/0x00007fcd28bfabf0
8811:             1             16  org.opensearch.action.ingest.DeletePipelineTransportAction$$Lambda/0x00007fcd28e20ad8
8812:             1             16  org.opensearch.action.ingest.GetPipelineAction$$Lambda/0x00007fcd28bfa750
8813:             1             16  org.opensearch.action.ingest.GetPipelineTransportAction$$Lambda/0x00007fcd28f7df68
8814:             1             16  org.opensearch.action.ingest.PutPipelineAction$$Lambda/0x00007fcd28bf9ff0
8815:             1             16  org.opensearch.action.ingest.PutPipelineTransportAction$$Lambda/0x00007fcd28f7d4f0
8816:             1             16  org.opensearch.action.ingest.SimulateExecutionService
8817:             1             16  org.opensearch.action.ingest.SimulatePipelineAction$$Lambda/0x00007fcd28bfb530
8818:             1             16  org.opensearch.action.ingest.SimulatePipelineTransportAction$$Lambda/0x00007fcd28ddf5a0
8819:             1             16  org.opensearch.action.main.MainAction$$Lambda/0x00007fcd28bcf828
8820:             1             16  org.opensearch.action.main.TransportMainAction$$Lambda/0x00007fcd28ede8b8
8821:             1             16  org.opensearch.action.main.TransportMainAction$$Lambda/0x00007fcd28edead0
8822:             1             16  org.opensearch.action.resync.TransportResyncReplicationAction$$Lambda/0x00007fcd28dbe610
8823:             1             16  org.opensearch.action.resync.TransportResyncReplicationAction$$Lambda/0x00007fcd28dbe848
8824:             1             16  org.opensearch.action.resync.TransportResyncReplicationAction$$Lambda/0x00007fcd28dbea60
8825:             1             16  org.opensearch.action.resync.TransportResyncReplicationAction$$Lambda/0x00007fcd293e2e20
8826:             1             16  org.opensearch.action.search.ClearScrollAction$$Lambda/0x00007fcd28bf5850
8827:             1             16  org.opensearch.action.search.CreatePitAction$$Lambda/0x00007fcd28c93610
8828:             1             16  org.opensearch.action.search.DeletePitAction$$Lambda/0x00007fcd28c93cf8
8829:             1             16  org.opensearch.action.search.DeleteSearchPipelineAction$$Lambda/0x00007fcd28c96ec0
8830:             1             16  org.opensearch.action.search.DeleteSearchPipelineTransportAction$$Lambda/0x00007fcd28e75d90
8831:             1             16  org.opensearch.action.search.GetAllPitsAction$$Lambda/0x00007fcd28c948a8
8832:             1             16  org.opensearch.action.search.GetSearchPipelineAction$$Lambda/0x00007fcd28c96a20
8833:             1             16  org.opensearch.action.search.GetSearchPipelineTransportAction$$Lambda/0x00007fcd28e74ca8
8834:             1             16  org.opensearch.action.search.MultiSearchAction$$Lambda/0x00007fcd28bf49b0
8835:             1             16  org.opensearch.action.search.PutSearchPipelineAction$$Lambda/0x00007fcd28c962c0
8836:             1             16  org.opensearch.action.search.PutSearchPipelineTransportAction$$Lambda/0x00007fcd28e75748
8837:             1             16  org.opensearch.action.search.QueryPhaseResultConsumer$$Lambda/0x00007fcd29222a98
8838:             1             16  org.opensearch.action.search.QueryPhaseResultConsumer$PendingMerges$$Lambda/0x00007fcd29227738
8839:             1             16  org.opensearch.action.search.SearchAction$$Lambda/0x00007fcd28bf4088
8840:             1             16  org.opensearch.action.search.SearchExecutionStatsCollector$$Lambda/0x00007fcd28ce2248
8841:             1             16  org.opensearch.action.search.SearchPhaseController$$Lambda/0x00007fcd29227950
8842:             1             16  org.opensearch.action.search.SearchProgressListener$$Lambda/0x00007fcd29206fa0
8843:             1             16  org.opensearch.action.search.SearchProgressListener$$Lambda/0x00007fcd29225000
8844:             1             16  org.opensearch.action.search.SearchProgressListener$$Lambda/0x00007fcd29225238
8845:             1             16  org.opensearch.action.search.SearchProgressListener$$Lambda/0x00007fcd29227da0
8846:             1             16  org.opensearch.action.search.SearchProgressListener$1
8847:             1             16  org.opensearch.action.search.SearchRequestOperationsCompositeListenerFactory
8848:             1             16  org.opensearch.action.search.SearchRequestOperationsListener$1
8849:             1             16  org.opensearch.action.search.SearchRequestSlowLog$$Lambda/0x00007fcd28700000
8850:             1             16  org.opensearch.action.search.SearchRequestSlowLog$$Lambda/0x00007fcd288bfcc8
8851:             1             16  org.opensearch.action.search.SearchRequestSlowLog$$Lambda/0x00007fcd288c0000
8852:             1             16  org.opensearch.action.search.SearchRequestSlowLog$$Lambda/0x00007fcd288c0230
8853:             1             16  org.opensearch.action.search.SearchRequestSlowLog$$Lambda/0x00007fcd288c0460
8854:             1             16  org.opensearch.action.search.SearchRequestSlowLog$$Lambda/0x00007fcd288c0690
8855:             1             16  org.opensearch.action.search.SearchRequestStats$$Lambda/0x00007fcd288bf1e0
8856:             1             16  org.opensearch.action.search.SearchScrollAction$$Lambda/0x00007fcd28bf42a0
8857:             1             16  org.opensearch.action.search.SearchShardIterator$$Lambda/0x00007fcd291e2240
8858:             1             16  org.opensearch.action.search.SearchTransportService$$Lambda/0x00007fcd28e0dda0
8859:             1             16  org.opensearch.action.search.SearchTransportService$$Lambda/0x00007fcd28e0dfb8
8860:             1             16  org.opensearch.action.search.SearchTransportService$$Lambda/0x00007fcd28e0e1d8
8861:             1             16  org.opensearch.action.search.SearchTransportService$$Lambda/0x00007fcd28e0e3f0
8862:             1             16  org.opensearch.action.search.SearchTransportService$$Lambda/0x00007fcd28e0e608
8863:             1             16  org.opensearch.action.search.SearchTransportService$$Lambda/0x00007fcd28e0e828
8864:             1             16  org.opensearch.action.search.SearchTransportService$$Lambda/0x00007fcd28e0ea40
8865:             1             16  org.opensearch.action.search.SearchTransportService$$Lambda/0x00007fcd28e0ec58
8866:             1             16  org.opensearch.action.search.SearchTransportService$$Lambda/0x00007fcd28e0ee78
8867:             1             16  org.opensearch.action.search.SearchTransportService$$Lambda/0x00007fcd28e0f090
8868:             1             16  org.opensearch.action.search.SearchTransportService$$Lambda/0x00007fcd28e0f2a8
8869:             1             16  org.opensearch.action.search.SearchTransportService$$Lambda/0x00007fcd28e0f4c8
8870:             1             16  org.opensearch.action.search.SearchTransportService$$Lambda/0x00007fcd28e0f6e0
8871:             1             16  org.opensearch.action.search.SearchTransportService$$Lambda/0x00007fcd28e0f8f8
8872:             1             16  org.opensearch.action.search.SearchTransportService$$Lambda/0x00007fcd28e1c000
8873:             1             16  org.opensearch.action.search.SearchTransportService$$Lambda/0x00007fcd28e1c218
8874:             1             16  org.opensearch.action.search.SearchTransportService$$Lambda/0x00007fcd28e1c430
8875:             1             16  org.opensearch.action.search.SearchTransportService$$Lambda/0x00007fcd28e1c650
8876:             1             16  org.opensearch.action.search.SearchTransportService$$Lambda/0x00007fcd28e1caa8
8877:             1             16  org.opensearch.action.search.SearchTransportService$$Lambda/0x00007fcd28e1ccc0
8878:             1             16  org.opensearch.action.search.SearchTransportService$$Lambda/0x00007fcd28e1cee0
8879:             1             16  org.opensearch.action.search.SearchTransportService$$Lambda/0x00007fcd28e1d0f8
8880:             1             16  org.opensearch.action.search.SearchTransportService$$Lambda/0x00007fcd28e1d310
8881:             1             16  org.opensearch.action.search.SearchTransportService$$Lambda/0x00007fcd28e1d7c8
8882:             1             16  org.opensearch.action.search.SearchTransportService$$Lambda/0x00007fcd28e1d9e0
8883:             1             16  org.opensearch.action.search.SearchTransportService$$Lambda/0x00007fcd28e1dbf8
8884:             1             16  org.opensearch.action.search.SearchTransportService$$Lambda/0x00007fcd28e1e0b0
8885:             1             16  org.opensearch.action.search.SearchTransportService$$Lambda/0x00007fcd28e1e2c8
8886:             1             16  org.opensearch.action.search.SearchTransportService$$Lambda/0x00007fcd28e1e4e0
8887:             1             16  org.opensearch.action.search.SearchTransportService$$Lambda/0x00007fcd28e1e9a0
8888:             1             16  org.opensearch.action.search.SearchTransportService$$Lambda/0x00007fcd28e1ebb8
8889:             1             16  org.opensearch.action.search.SearchTransportService$$Lambda/0x00007fcd28e1edd0
8890:             1             16  org.opensearch.action.search.SearchTransportService$$Lambda/0x00007fcd28e1eff0
8891:             1             16  org.opensearch.action.search.SearchTransportService$$Lambda/0x00007fcd28e1f208
8892:             1             16  org.opensearch.action.search.SearchTransportService$$Lambda/0x00007fcd28e1f420
8893:             1             16  org.opensearch.action.search.SearchTransportService$$Lambda/0x00007fcd28e1f640
8894:             1             16  org.opensearch.action.search.SearchTransportService$$Lambda/0x00007fcd28e1f858
8895:             1             16  org.opensearch.action.search.SearchTransportService$$Lambda/0x00007fcd28e1fa70
8896:             1             16  org.opensearch.action.search.SearchTransportService$$Lambda/0x00007fcd28e1fc90
8897:             1             16  org.opensearch.action.search.SearchTransportService$$Lambda/0x00007fcd28e20000
8898:             1             16  org.opensearch.action.search.SearchTransportService$$Lambda/0x00007fcd28e20218
8899:             1             16  org.opensearch.action.search.SearchTransportService$$Lambda/0x00007fcd28e20690
8900:             1             16  org.opensearch.action.search.SearchTransportService$$Lambda/0x00007fcd29207838
8901:             1             16  org.opensearch.action.search.SearchTransportService$ConnectionCountingHandler$$Lambda/0x00007fcd29207ce8
8902:             1             16  org.opensearch.action.search.SearchTransportService$ConnectionCountingHandler$$Lambda/0x00007fcd29226000
8903:             1             16  org.opensearch.action.search.TransportClearScrollAction$$Lambda/0x00007fcd28f7dd50
8904:             1             16  org.opensearch.action.search.TransportCreatePitAction$$Lambda/0x00007fcd28e776e0
8905:             1             16  org.opensearch.action.search.TransportDeletePitAction$$Lambda/0x00007fcd28f7d708
8906:             1             16  org.opensearch.action.search.TransportGetAllPitsAction$$Lambda/0x00007fcd28f7c430
8907:             1             16  org.opensearch.action.search.TransportGetAllPitsAction$$Lambda/0x00007fcd28f7c648
8908:             1             16  org.opensearch.action.search.TransportMultiSearchAction$$Lambda/0x00007fcd28f2da30
8909:             1             16  org.opensearch.action.search.TransportMultiSearchAction$$Lambda/0x00007fcd28f2dc48
8910:             1             16  org.opensearch.action.search.TransportSearchAction$$Lambda/0x00007fcd28e0db88
8911:             1             16  org.opensearch.action.search.TransportSearchAction$$Lambda/0x00007fcd28e208a8
8912:             1             16  org.opensearch.action.search.TransportSearchAction$$Lambda/0x00007fcd291dba70
8913:             1             16  org.opensearch.action.search.TransportSearchAction$$Lambda/0x00007fcd291e75e0
8914:             1             16  org.opensearch.action.search.TransportSearchScrollAction$$Lambda/0x00007fcd28e76e68
8915:             1             16  org.opensearch.action.support.ActionFilters
8916:             1             16  org.opensearch.action.support.AutoCreateIndex$$Lambda/0x00007fcd286e8000
8917:             1             16  org.opensearch.action.support.AutoCreateIndex$$Lambda/0x00007fcd28c97c40
8918:             1             16  org.opensearch.action.support.DestructiveOperations
8919:             1             16  org.opensearch.action.support.DestructiveOperations$$Lambda/0x00007fcd28c98000
8920:             1             16  org.opensearch.action.support.TransportAction$$Lambda/0x00007fcd291be1f8
8921:             1             16  org.opensearch.action.support.broadcast.TransportBroadcastAction$ShardTransportHandler
8922:             1             16  org.opensearch.action.support.broadcast.node.TransportBroadcastByNodeAction$$Lambda/0x00007fcd29376630
8923:             1             16  org.opensearch.action.support.clustermanager.term.GetTermVersionAction$$Lambda/0x00007fcd28bd3d90
8924:             1             16  org.opensearch.action.support.clustermanager.term.TransportGetTermVersionAction$$Lambda/0x00007fcd28e74000
8925:             1             16  org.opensearch.action.support.master.AcknowledgedResponse$$Lambda/0x00007fcd293788a0
8926:             1             16  org.opensearch.action.support.master.AcknowledgedResponse$$Lambda/0x00007fcd29378ad8
8927:             1             16  org.opensearch.action.support.nodes.BaseNodesRequest$$Lambda/0x00007fcd291a53a0
8928:             1             16  org.opensearch.action.support.nodes.BaseNodesRequest$$Lambda/0x00007fcd291a55b8
8929:             1             16  org.opensearch.action.support.nodes.TransportNodesAction$$Lambda/0x00007fcd291beef0
8930:             1             16  org.opensearch.action.support.replication.PendingReplicationActions$$Lambda/0x00007fcd293761c8
8931:             1             16  org.opensearch.action.support.replication.ReplicationRequest$$Lambda/0x00007fcd2937a728
8932:             1             16  org.opensearch.action.support.replication.TransportReplicationAction$$Lambda/0x00007fcd28eff060
8933:             1             16  org.opensearch.action.support.replication.TransportReplicationAction$$Lambda/0x00007fcd28eff280
8934:             1             16  org.opensearch.action.support.replication.TransportReplicationAction$$Lambda/0x00007fcd2937a940
8935:             1             16  org.opensearch.action.support.replication.TransportReplicationAction$$Lambda/0x00007fcd293ae930
8936:             1             16  org.opensearch.action.support.replication.TransportReplicationAction$AsyncPrimaryAction$$Lambda/0x00007fcd293b21b0
8937:             1             16  org.opensearch.action.support.replication.TransportReplicationAction$ReplicasProxy$$Lambda/0x00007fcd293b5520
8938:             1             16  org.opensearch.action.support.single.instance.TransportInstanceSingleOperationAction$ShardTransportHandler
8939:             1             16  org.opensearch.action.support.single.shard.TransportSingleShardAction$AsyncSingleAction$$Lambda/0x00007fcd291dd070
8940:             1             16  org.opensearch.action.support.tasks.TransportTasksAction$$Lambda/0x00007fcd2923fca0
8941:             1             16  org.opensearch.action.support.tasks.TransportTasksAction$NodeTransportHandler$$Lambda/0x00007fcd2923f850
8942:             1             16  org.opensearch.action.termvectors.MultiTermVectorsAction$$Lambda/0x00007fcd28befa70
8943:             1             16  org.opensearch.action.termvectors.TermVectorsAction$$Lambda/0x00007fcd28bef2f8
8944:             1             16  org.opensearch.action.termvectors.TransportMultiTermVectorsAction$$Lambda/0x00007fcd28e77b10
8945:             1             16  org.opensearch.action.termvectors.TransportShardMultiTermsVectorAction$$Lambda/0x00007fcd28e778f8
8946:             1             16  org.opensearch.action.termvectors.TransportTermVectorsAction$$Lambda/0x00007fcd28edc698
8947:             1             16  org.opensearch.action.update.TransportUpdateAction$$Lambda/0x00007fcd28e75fa8
8948:             1             16  org.opensearch.action.update.UpdateAction$$Lambda/0x00007fcd28bf1210
8949:             1             16  org.opensearch.action.update.UpdateHelper
8950:             1             16  org.opensearch.ad.caching.ADCacheProvider
8951:             1             16  org.opensearch.ad.indices.ADIndex$$Lambda/0x00007fcd289c7610
8952:             1             16  org.opensearch.ad.indices.ADIndex$$Lambda/0x00007fcd289c7828
8953:             1             16  org.opensearch.ad.indices.ADIndex$$Lambda/0x00007fcd289c7a40
8954:             1             16  org.opensearch.ad.indices.ADIndex$$Lambda/0x00007fcd289c7c58
8955:             1             16  org.opensearch.ad.indices.ADIndex$$Lambda/0x00007fcd289cc000
8956:             1             16  org.opensearch.ad.indices.ADIndex$$Lambda/0x00007fcd289cc218
8957:             1             16  org.opensearch.ad.indices.ADIndexManagement$$Lambda/0x00007fcd289cca08
8958:             1             16  org.opensearch.ad.indices.ADIndexManagement$$Lambda/0x00007fcd289ccc20
8959:             1             16  org.opensearch.ad.indices.ADIndexManagement$$Lambda/0x00007fcd289cce50
8960:             1             16  org.opensearch.ad.indices.ADIndexManagement$$Lambda/0x00007fcd289cd080
8961:             1             16  org.opensearch.ad.indices.ADIndexManagement$$Lambda/0x00007fcd289cd2b0
8962:             1             16  org.opensearch.ad.ml.ADModelManager$$Lambda/0x00007fcd28a154f8
8963:             1             16  org.opensearch.ad.ml.ADModelManager$$Lambda/0x00007fcd29016f28
8964:             1             16  org.opensearch.ad.model.AnomalyDetector$$Lambda/0x00007fcd2857a7f0
8965:             1             16  org.opensearch.ad.model.AnomalyResult$$Lambda/0x00007fcd2857b468
8966:             1             16  org.opensearch.ad.model.DetectorInternalState$$Lambda/0x00007fcd2857b8f8
8967:             1             16  org.opensearch.ad.ratelimit.ADCheckpointMaintainWorker$$Lambda/0x00007fcd28a12c28
8968:             1             16  org.opensearch.ad.ratelimit.ADCheckpointMaintainWorker$$Lambda/0x00007fcd28a12e58
8969:             1             16  org.opensearch.ad.ratelimit.ADResultWriteWorker$$Lambda/0x00007fcd28a17138
8970:             1             16  org.opensearch.ad.rest.AbstractADSearchAction$$Lambda/0x00007fcd2900f068
8971:             1             16  org.opensearch.ad.rest.RestAnomalyDetectorJobAction$$Lambda/0x00007fcd29010b20
8972:             1             16  org.opensearch.ad.rest.RestExecuteAnomalyDetectorAction$$Lambda/0x00007fcd2900fda0
8973:             1             16  org.opensearch.ad.stats.ADStats
8974:             1             16  org.opensearch.ad.stats.suppliers.ADModelsOnNodeSupplier$$Lambda/0x00007fcd28a27ba0
8975:             1             16  org.opensearch.ad.task.ADBatchTaskRunner$$Lambda/0x00007fcd28a372b0
8976:             1             16  org.opensearch.ad.task.ADBatchTaskRunner$$Lambda/0x00007fcd28a374e0
8977:             1             16  org.opensearch.ad.task.ADBatchTaskRunner$$Lambda/0x00007fcd28a37710
8978:             1             16  org.opensearch.ad.task.ADBatchTaskRunner$$Lambda/0x00007fcd28a37940
8979:             1             16  org.opensearch.ad.task.ADBatchTaskRunner$$Lambda/0x00007fcd28a37b70
8980:             1             16  org.opensearch.ad.task.ADTaskCacheManager$$Lambda/0x00007fcd28a2e2e8
8981:             1             16  org.opensearch.ad.task.ADTaskManager$$Lambda/0x00007fcd28a36548
8982:             1             16  org.opensearch.ad.task.ADTaskManager$$Lambda/0x00007fcd28a36778
8983:             1             16  org.opensearch.ad.task.ADTaskManager$$Lambda/0x00007fcd28a369a8
8984:             1             16  org.opensearch.ad.task.ADTaskManager$$Lambda/0x00007fcd28a36bd8
8985:             1             16  org.opensearch.ad.transport.ADBatchAnomalyResultAction$$Lambda/0x00007fcd28c20688
8986:             1             16  org.opensearch.ad.transport.ADBatchAnomalyResultTransportAction$$Lambda/0x00007fcd28e3c230
8987:             1             16  org.opensearch.ad.transport.ADBatchTaskRemoteExecutionAction$$Lambda/0x00007fcd28c20ab8
8988:             1             16  org.opensearch.ad.transport.ADBatchTaskRemoteExecutionTransportAction$$Lambda/0x00007fcd28f1e2d0
8989:             1             16  org.opensearch.ad.transport.ADCancelTaskAction$$Lambda/0x00007fcd28c21858
8990:             1             16  org.opensearch.ad.transport.ADCancelTaskTransportAction$$Lambda/0x00007fcd28e3d578
8991:             1             16  org.opensearch.ad.transport.ADCancelTaskTransportAction$$Lambda/0x00007fcd28e3d790
8992:             1             16  org.opensearch.ad.transport.ADEntityProfileAction$$Lambda/0x00007fcd28c1ed20
8993:             1             16  org.opensearch.ad.transport.ADProfileAction$$Lambda/0x00007fcd28a388c8
8994:             1             16  org.opensearch.ad.transport.ADResultBulkAction$$Lambda/0x00007fcd28c1dfc0
8995:             1             16  org.opensearch.ad.transport.ADResultBulkTransportAction$$Lambda/0x00007fcd28d9d6f8
8996:             1             16  org.opensearch.ad.transport.ADResultBulkTransportAction$$Lambda/0x00007fcd28d9d910
8997:             1             16  org.opensearch.ad.transport.ADResultBulkTransportAction$$Lambda/0x00007fcd28d9db40
8998:             1             16  org.opensearch.ad.transport.ADSingleStreamResultAction$$Lambda/0x00007fcd28c23550
8999:             1             16  org.opensearch.ad.transport.ADStatsNodesAction$$Lambda/0x00007fcd28c19500
9000:             1             16  org.opensearch.ad.transport.ADTaskProfileAction$$Lambda/0x00007fcd28c21158
9001:             1             16  org.opensearch.ad.transport.ADTaskProfileTransportAction$$Lambda/0x00007fcd28d9f0b8
9002:             1             16  org.opensearch.ad.transport.ADTaskProfileTransportAction$$Lambda/0x00007fcd28d9f2d0
9003:             1             16  org.opensearch.ad.transport.AnomalyDetectorJobAction$$Lambda/0x00007fcd28c1d730
9004:             1             16  org.opensearch.ad.transport.AnomalyResultAction$$Lambda/0x00007fcd28a399f0
9005:             1             16  org.opensearch.ad.transport.AnomalyResultTransportAction$$Lambda/0x00007fcd28d9f4e8
9006:             1             16  org.opensearch.ad.transport.CronAction$$Lambda/0x00007fcd28c18db0
9007:             1             16  org.opensearch.ad.transport.DeleteADModelAction$$Lambda/0x00007fcd28a430a8
9008:             1             16  org.opensearch.ad.transport.DeleteAnomalyDetectorAction$$Lambda/0x00007fcd28c1bdd0
9009:             1             16  org.opensearch.ad.transport.DeleteAnomalyResultsAction$$Lambda/0x00007fcd28c22118
9010:             1             16  org.opensearch.ad.transport.DeleteAnomalyResultsTransportAction$$Lambda/0x00007fcd28e3cac0
9011:             1             16  org.opensearch.ad.transport.DeleteAnomalyResultsTransportAction$$Lambda/0x00007fcd28e3ccd8
9012:             1             16  org.opensearch.ad.transport.EntityADResultAction$$Lambda/0x00007fcd28c1e640
9013:             1             16  org.opensearch.ad.transport.EntityADResultTransportAction$$Lambda/0x00007fcd28e3d9a8
9014:             1             16  org.opensearch.ad.transport.ForwardADTaskAction$$Lambda/0x00007fcd28c21ce8
9015:             1             16  org.opensearch.ad.transport.ForwardADTaskTransportAction$$Lambda/0x00007fcd28f1cf68
9016:             1             16  org.opensearch.ad.transport.GetAnomalyDetectorAction$$Lambda/0x00007fcd28c1c6d0
9017:             1             16  org.opensearch.ad.transport.IndexAnomalyDetectorAction$$Lambda/0x00007fcd28c1d068
9018:             1             16  org.opensearch.ad.transport.IndexAnomalyDetectorTransportAction$$Lambda/0x00007fcd28f1c690
9019:             1             16  org.opensearch.ad.transport.IndexAnomalyDetectorTransportAction$$Lambda/0x00007fcd28f1c8a8
9020:             1             16  org.opensearch.ad.transport.PreviewAnomalyDetectorAction$$Lambda/0x00007fcd28c20000
9021:             1             16  org.opensearch.ad.transport.PreviewAnomalyDetectorTransportAction$$Lambda/0x00007fcd28e3fd58
9022:             1             16  org.opensearch.ad.transport.PreviewAnomalyDetectorTransportAction$$Lambda/0x00007fcd28f1c000
9023:             1             16  org.opensearch.ad.transport.PreviewAnomalyDetectorTransportAction$$Lambda/0x00007fcd28f1c230
9024:             1             16  org.opensearch.ad.transport.PreviewAnomalyDetectorTransportAction$$Lambda/0x00007fcd28f1c460
9025:             1             16  org.opensearch.ad.transport.RCFPollingAction$$Lambda/0x00007fcd28c1a3a8
9026:             1             16  org.opensearch.ad.transport.RCFPollingTransportAction$$Lambda/0x00007fcd28f1e700
9027:             1             16  org.opensearch.ad.transport.RCFResultAction$$Lambda/0x00007fcd28a43ca0
9028:             1             16  org.opensearch.ad.transport.RCFResultTransportAction$$Lambda/0x00007fcd28d9e5e8
9029:             1             16  org.opensearch.ad.transport.SearchADTasksAction$$Lambda/0x00007fcd28c1b078
9030:             1             16  org.opensearch.ad.transport.SearchADTasksTransportAction$$Lambda/0x00007fcd28f1e0b8
9031:             1             16  org.opensearch.ad.transport.SearchAnomalyDetectorAction$$Lambda/0x00007fcd28c1a7d8
9032:             1             16  org.opensearch.ad.transport.SearchAnomalyDetectorInfoAction$$Lambda/0x00007fcd28c1f600
9033:             1             16  org.opensearch.ad.transport.SearchAnomalyDetectorTransportAction$$Lambda/0x00007fcd28e3f2c8
9034:             1             16  org.opensearch.ad.transport.SearchAnomalyResultAction$$Lambda/0x00007fcd28c1ac08
9035:             1             16  org.opensearch.ad.transport.SearchAnomalyResultTransportAction$$Lambda/0x00007fcd28f1cad8
9036:             1             16  org.opensearch.ad.transport.SearchTopAnomalyResultAction$$Lambda/0x00007fcd28c227e0
9037:             1             16  org.opensearch.ad.transport.SearchTopAnomalyResultTransportAction$$Lambda/0x00007fcd28e3e638
9038:             1             16  org.opensearch.ad.transport.StatsAnomalyDetectorAction$$Lambda/0x00007fcd28c1b738
9039:             1             16  org.opensearch.ad.transport.StopDetectorAction$$Lambda/0x00007fcd28a39e98
9040:             1             16  org.opensearch.ad.transport.StopDetectorTransportAction$$Lambda/0x00007fcd28e3f4e0
9041:             1             16  org.opensearch.ad.transport.ThresholdResultAction$$Lambda/0x00007fcd28c184b0
9042:             1             16  org.opensearch.ad.transport.ThresholdResultTransportAction$$Lambda/0x00007fcd28f1e4e8
9043:             1             16  org.opensearch.ad.transport.ValidateAnomalyDetectorAction$$Lambda/0x00007fcd28c22ea8
9044:             1             16  org.opensearch.agent.tools.PPLTool$Factory
9045:             1             16  org.opensearch.agent.tools.SearchAlertsTool$Factory
9046:             1             16  org.opensearch.agent.tools.SearchMonitorsTool$Factory
9047:             1             16  org.opensearch.alerting.AlertService$Companion
9048:             1             16  org.opensearch.alerting.AlertingPlugin$$Lambda/0x00007fcd286228c0
9049:             1             16  org.opensearch.alerting.AlertingPlugin$$Lambda/0x00007fcd28622ad8
9050:             1             16  org.opensearch.alerting.AlertingPlugin$Companion
9051:             1             16  org.opensearch.alerting.MonitorMetadataService
9052:             1             16  org.opensearch.alerting.MonitorMetadataService$$Lambda/0x00007fcd28a98420
9053:             1             16  org.opensearch.alerting.MonitorRunnerService$$Lambda/0x00007fcd28a8a600
9054:             1             16  org.opensearch.alerting.MonitorRunnerService$$Lambda/0x00007fcd28a8a828
9055:             1             16  org.opensearch.alerting.MonitorRunnerService$$Lambda/0x00007fcd28a8aa50
9056:             1             16  org.opensearch.alerting.MonitorRunnerService$$Lambda/0x00007fcd28a8ac78
9057:             1             16  org.opensearch.alerting.MonitorRunnerService$$Lambda/0x00007fcd28a8aea0
9058:             1             16  org.opensearch.alerting.MonitorRunnerService$$Lambda/0x00007fcd28a8b0c8
9059:             1             16  org.opensearch.alerting.MonitorRunnerService$$Lambda/0x00007fcd28a8b2f0
9060:             1             16  org.opensearch.alerting.MonitorRunnerService$$Lambda/0x00007fcd28a8b518
9061:             1             16  org.opensearch.alerting.MonitorRunnerService$$Lambda/0x00007fcd28a8b740
9062:             1             16  org.opensearch.alerting.MonitorRunnerService$$Lambda/0x00007fcd28a8b968
9063:             1             16  org.opensearch.alerting.MonitorRunnerService$$Lambda/0x00007fcd28a8bb90
9064:             1             16  org.opensearch.alerting.WorkflowMetadataService
9065:             1             16  org.opensearch.alerting.WorkflowMetadataService$$Lambda/0x00007fcd28a98868
9066:             1             16  org.opensearch.alerting.action.DocLevelMonitorFanOutAction$$Lambda/0x00007fcd28c35f10
9067:             1             16  org.opensearch.alerting.action.DocLevelMonitorFanOutAction$Companion
9068:             1             16  org.opensearch.alerting.action.ExecuteMonitorAction$$Lambda/0x00007fcd28c2ed10
9069:             1             16  org.opensearch.alerting.action.ExecuteMonitorAction$Companion
9070:             1             16  org.opensearch.alerting.action.ExecuteWorkflowAction$$Lambda/0x00007fcd28c34930
9071:             1             16  org.opensearch.alerting.action.ExecuteWorkflowAction$Companion
9072:             1             16  org.opensearch.alerting.action.GetDestinationsAction$$Lambda/0x00007fcd28c328b0
9073:             1             16  org.opensearch.alerting.action.GetDestinationsAction$Companion
9074:             1             16  org.opensearch.alerting.action.GetEmailAccountAction$$Lambda/0x00007fcd28c30288
9075:             1             16  org.opensearch.alerting.action.GetEmailAccountAction$Companion
9076:             1             16  org.opensearch.alerting.action.GetEmailGroupAction$$Lambda/0x00007fcd28c315a0
9077:             1             16  org.opensearch.alerting.action.GetEmailGroupAction$Companion
9078:             1             16  org.opensearch.alerting.action.GetRemoteIndexesAction$$Lambda/0x00007fcd28c353f8
9079:             1             16  org.opensearch.alerting.action.GetRemoteIndexesAction$Companion
9080:             1             16  org.opensearch.alerting.action.SearchEmailAccountAction$$Lambda/0x00007fcd28c30ad0
9081:             1             16  org.opensearch.alerting.action.SearchEmailAccountAction$Companion
9082:             1             16  org.opensearch.alerting.action.SearchEmailGroupAction$$Lambda/0x00007fcd28c31de8
9083:             1             16  org.opensearch.alerting.action.SearchEmailGroupAction$Companion
9084:             1             16  org.opensearch.alerting.alerts.AlertIndices$$Lambda/0x00007fcd288a30c8
9085:             1             16  org.opensearch.alerting.alerts.AlertIndices$$Lambda/0x00007fcd288a32f8
9086:             1             16  org.opensearch.alerting.alerts.AlertIndices$$Lambda/0x00007fcd288a3528
9087:             1             16  org.opensearch.alerting.alerts.AlertIndices$$Lambda/0x00007fcd288a3758
9088:             1             16  org.opensearch.alerting.alerts.AlertIndices$$Lambda/0x00007fcd288a3988
9089:             1             16  org.opensearch.alerting.alerts.AlertIndices$$Lambda/0x00007fcd288a3bb8
9090:             1             16  org.opensearch.alerting.alerts.AlertIndices$$Lambda/0x00007fcd28a88000
9091:             1             16  org.opensearch.alerting.alerts.AlertIndices$$Lambda/0x00007fcd28a88230
9092:             1             16  org.opensearch.alerting.alerts.AlertIndices$$Lambda/0x00007fcd28a88460
9093:             1             16  org.opensearch.alerting.alerts.AlertIndices$$Lambda/0x00007fcd28a88690
9094:             1             16  org.opensearch.alerting.alerts.AlertIndices$$Lambda/0x00007fcd28a888c0
9095:             1             16  org.opensearch.alerting.alerts.AlertIndices$Companion
9096:             1             16  org.opensearch.alerting.comments.CommentsIndices$$Lambda/0x00007fcd28a8c7e8
9097:             1             16  org.opensearch.alerting.comments.CommentsIndices$$Lambda/0x00007fcd28a8ca18
9098:             1             16  org.opensearch.alerting.comments.CommentsIndices$$Lambda/0x00007fcd28a8cc48
9099:             1             16  org.opensearch.alerting.comments.CommentsIndices$$Lambda/0x00007fcd28a8ce78
9100:             1             16  org.opensearch.alerting.comments.CommentsIndices$Companion
9101:             1             16  org.opensearch.alerting.core.JobSweeper$$Lambda/0x00007fcd28a8d568
9102:             1             16  org.opensearch.alerting.core.JobSweeper$$Lambda/0x00007fcd28a8d798
9103:             1             16  org.opensearch.alerting.core.JobSweeper$$Lambda/0x00007fcd28a8d9c8
9104:             1             16  org.opensearch.alerting.core.JobSweeper$$Lambda/0x00007fcd28a8dbf8
9105:             1             16  org.opensearch.alerting.core.JobSweeper$$Lambda/0x00007fcd28a8de28
9106:             1             16  org.opensearch.alerting.core.JobSweeper$$Lambda/0x00007fcd28a8e058
9107:             1             16  org.opensearch.alerting.core.JobSweeper$$Lambda/0x00007fcd29019560
9108:             1             16  org.opensearch.alerting.core.ScheduledJobIndices$Companion
9109:             1             16  org.opensearch.alerting.core.action.node.ScheduledJobsStatsAction$$Lambda/0x00007fcd28a99390
9110:             1             16  org.opensearch.alerting.core.action.node.ScheduledJobsStatsAction$Companion
9111:             1             16  org.opensearch.alerting.core.action.node.ScheduledJobsStatsTransportAction$$Lambda/0x00007fcd28dfc430
9112:             1             16  org.opensearch.alerting.core.action.node.ScheduledJobsStatsTransportAction$$Lambda/0x00007fcd28dfc648
9113:             1             16  org.opensearch.alerting.core.lock.LockService$Companion
9114:             1             16  org.opensearch.alerting.core.resthandler.RestScheduledJobStatsHandler$Companion
9115:             1             16  org.opensearch.alerting.core.resthandler.RestScheduledJobStatsHandler$Companion$METRICS$1
9116:             1             16  org.opensearch.alerting.core.resthandler.RestScheduledJobStatsHandler$Companion$METRICS$2
9117:             1             16  org.opensearch.alerting.core.settings.LegacyOpenDistroScheduledJobSettings$Companion
9118:             1             16  org.opensearch.alerting.core.settings.ScheduledJobSettings$Companion
9119:             1             16  org.opensearch.alerting.model.AlertContext$Companion
9120:             1             16  org.opensearch.alerting.resthandler.RestGetRemoteIndexesAction$Companion
9121:             1             16  org.opensearch.alerting.resthandler.RestSearchMonitorAction$$Lambda/0x00007fcd28f85208
9122:             1             16  org.opensearch.alerting.script.TriggerScript$Companion
9123:             1             16  org.opensearch.alerting.service.DeleteMonitorService
9124:             1             16  org.opensearch.alerting.settings.AlertingSettings$Companion
9125:             1             16  org.opensearch.alerting.settings.DestinationSettings$$Lambda/0x00007fcd2846acf0
9126:             1             16  org.opensearch.alerting.settings.DestinationSettings$$Lambda/0x00007fcd2846af28
9127:             1             16  org.opensearch.alerting.settings.DestinationSettings$Companion
9128:             1             16  org.opensearch.alerting.settings.LegacyOpenDistroAlertingSettings$Companion
9129:             1             16  org.opensearch.alerting.settings.LegacyOpenDistroDestinationSettings$$Lambda/0x00007fcd2846a880
9130:             1             16  org.opensearch.alerting.settings.LegacyOpenDistroDestinationSettings$$Lambda/0x00007fcd2846aab8
9131:             1             16  org.opensearch.alerting.settings.LegacyOpenDistroDestinationSettings$Companion
9132:             1             16  org.opensearch.alerting.transport.TransportAcknowledgeAlertAction$$Lambda/0x00007fcd28eed6d8
9133:             1             16  org.opensearch.alerting.transport.TransportAcknowledgeAlertAction$$Lambda/0x00007fcd28eed8f0
9134:             1             16  org.opensearch.alerting.transport.TransportAcknowledgeChainedAlertAction$$Lambda/0x00007fcd28dfe2b8
9135:             1             16  org.opensearch.alerting.transport.TransportAcknowledgeChainedAlertAction$$Lambda/0x00007fcd28dfe4d0
9136:             1             16  org.opensearch.alerting.transport.TransportDeleteAlertingCommentAction$$Lambda/0x00007fcd28eef888
9137:             1             16  org.opensearch.alerting.transport.TransportDeleteAlertingCommentAction$$Lambda/0x00007fcd28eefaa0
9138:             1             16  org.opensearch.alerting.transport.TransportDeleteMonitorAction$$Lambda/0x00007fcd28eef1b0
9139:             1             16  org.opensearch.alerting.transport.TransportDeleteWorkflowAction$$Lambda/0x00007fcd28eec6f0
9140:             1             16  org.opensearch.alerting.transport.TransportDocLevelMonitorFanOutAction$$Lambda/0x00007fcd28dfe918
9141:             1             16  org.opensearch.alerting.transport.TransportDocLevelMonitorFanOutAction$$Lambda/0x00007fcd28dfeb30
9142:             1             16  org.opensearch.alerting.transport.TransportDocLevelMonitorFanOutAction$$Lambda/0x00007fcd28dfed60
9143:             1             16  org.opensearch.alerting.transport.TransportDocLevelMonitorFanOutAction$$Lambda/0x00007fcd28dfef90
9144:             1             16  org.opensearch.alerting.transport.TransportDocLevelMonitorFanOutAction$$Lambda/0x00007fcd28dff1c0
9145:             1             16  org.opensearch.alerting.transport.TransportDocLevelMonitorFanOutAction$$Lambda/0x00007fcd28dff3f0
9146:             1             16  org.opensearch.alerting.transport.TransportDocLevelMonitorFanOutAction$$Lambda/0x00007fcd28dff620
9147:             1             16  org.opensearch.alerting.transport.TransportDocLevelMonitorFanOutAction$$Lambda/0x00007fcd28dff850
9148:             1             16  org.opensearch.alerting.transport.TransportDocLevelMonitorFanOutAction$$Lambda/0x00007fcd28dffa80
9149:             1             16  org.opensearch.alerting.transport.TransportExecuteMonitorAction$$Lambda/0x00007fcd28f84230
9150:             1             16  org.opensearch.alerting.transport.TransportExecuteWorkflowAction$$Lambda/0x00007fcd28eef3c8
9151:             1             16  org.opensearch.alerting.transport.TransportGetAlertsAction$$Lambda/0x00007fcd28dfcca8
9152:             1             16  org.opensearch.alerting.transport.TransportGetDestinationsAction$$Lambda/0x00007fcd28dfe700
9153:             1             16  org.opensearch.alerting.transport.TransportGetEmailAccountAction$$Lambda/0x00007fcd28d86d68
9154:             1             16  org.opensearch.alerting.transport.TransportGetEmailAccountAction$$Lambda/0x00007fcd28d86f80
9155:             1             16  org.opensearch.alerting.transport.TransportGetEmailGroupAction$$Lambda/0x00007fcd28eecb20
9156:             1             16  org.opensearch.alerting.transport.TransportGetEmailGroupAction$$Lambda/0x00007fcd28eecd38
9157:             1             16  org.opensearch.alerting.transport.TransportGetFindingsSearchAction$$Lambda/0x00007fcd28eec908
9158:             1             16  org.opensearch.alerting.transport.TransportGetMonitorAction$$Lambda/0x00007fcd28eed218
9159:             1             16  org.opensearch.alerting.transport.TransportGetRemoteIndexesAction$$Lambda/0x00007fcd28eedb20
9160:             1             16  org.opensearch.alerting.transport.TransportGetRemoteIndexesAction$$Lambda/0x00007fcd28eedd38
9161:             1             16  org.opensearch.alerting.transport.TransportGetWorkflowAction$$Lambda/0x00007fcd28eedf68
9162:             1             16  org.opensearch.alerting.transport.TransportGetWorkflowAlertsAction$$Lambda/0x00007fcd28dffcb0
9163:             1             16  org.opensearch.alerting.transport.TransportGetWorkflowAlertsAction$$Lambda/0x00007fcd28eec000
9164:             1             16  org.opensearch.alerting.transport.TransportIndexAlertingCommentAction$$Lambda/0x00007fcd28eee430
9165:             1             16  org.opensearch.alerting.transport.TransportIndexAlertingCommentAction$$Lambda/0x00007fcd28eee648
9166:             1             16  org.opensearch.alerting.transport.TransportIndexAlertingCommentAction$$Lambda/0x00007fcd28eee878
9167:             1             16  org.opensearch.alerting.transport.TransportIndexAlertingCommentAction$$Lambda/0x00007fcd28eeeaa8
9168:             1             16  org.opensearch.alerting.transport.TransportIndexAlertingCommentAction$$Lambda/0x00007fcd28eeecd8
9169:             1             16  org.opensearch.alerting.transport.TransportIndexMonitorAction$$Lambda/0x00007fcd28dfd308
9170:             1             16  org.opensearch.alerting.transport.TransportIndexMonitorAction$$Lambda/0x00007fcd28dfd520
9171:             1             16  org.opensearch.alerting.transport.TransportIndexMonitorAction$$Lambda/0x00007fcd28dfd750
9172:             1             16  org.opensearch.alerting.transport.TransportIndexMonitorAction$$Lambda/0x00007fcd28dfd980
9173:             1             16  org.opensearch.alerting.transport.TransportIndexMonitorAction$$Lambda/0x00007fcd28dfdbb0
9174:             1             16  org.opensearch.alerting.transport.TransportIndexMonitorAction$$Lambda/0x00007fcd28dfdde0
9175:             1             16  org.opensearch.alerting.transport.TransportIndexWorkflowAction$$Lambda/0x00007fcd28d871b0
9176:             1             16  org.opensearch.alerting.transport.TransportIndexWorkflowAction$$Lambda/0x00007fcd28d873c8
9177:             1             16  org.opensearch.alerting.transport.TransportIndexWorkflowAction$$Lambda/0x00007fcd28d875f8
9178:             1             16  org.opensearch.alerting.transport.TransportIndexWorkflowAction$$Lambda/0x00007fcd28d87828
9179:             1             16  org.opensearch.alerting.transport.TransportIndexWorkflowAction$$Lambda/0x00007fcd28d87a58
9180:             1             16  org.opensearch.alerting.transport.TransportIndexWorkflowAction$$Lambda/0x00007fcd28d87c88
9181:             1             16  org.opensearch.alerting.transport.TransportSearchAlertingCommentAction$$Lambda/0x00007fcd28dfcec0
9182:             1             16  org.opensearch.alerting.transport.TransportSearchAlertingCommentAction$$Lambda/0x00007fcd28dfd0d8
9183:             1             16  org.opensearch.alerting.transport.TransportSearchEmailAccountAction$$Lambda/0x00007fcd28eefcd0
9184:             1             16  org.opensearch.alerting.transport.TransportSearchEmailAccountAction$$Lambda/0x00007fcd28f84000
9185:             1             16  org.opensearch.alerting.transport.TransportSearchEmailGroupAction$$Lambda/0x00007fcd28dfc860
9186:             1             16  org.opensearch.alerting.transport.TransportSearchEmailGroupAction$$Lambda/0x00007fcd28dfca78
9187:             1             16  org.opensearch.alerting.transport.TransportSearchMonitorAction$$Lambda/0x00007fcd28eec230
9188:             1             16  org.opensearch.alerting.util.DocLevelMonitorQueries$Companion
9189:             1             16  org.opensearch.alerting.util.destinationmigration.DestinationMigrationUtilService$Companion
9190:             1             16  org.opensearch.analysis.common.CommonAnalysisPlugin
9191:             1             16  org.opensearch.analysis.common.CommonAnalysisPlugin$$Lambda/0x00007fcd2845a8c8
9192:             1             16  org.opensearch.analysis.common.CommonAnalysisPlugin$$Lambda/0x00007fcd2845ada8
9193:             1             16  org.opensearch.analysis.common.CommonAnalysisPlugin$$Lambda/0x00007fcd28658400
9194:             1             16  org.opensearch.analysis.common.CommonAnalysisPlugin$$Lambda/0x00007fcd28658ab0
9195:             1             16  org.opensearch.analysis.common.CommonAnalysisPlugin$$Lambda/0x00007fcd286592b0
9196:             1             16  org.opensearch.analysis.common.CommonAnalysisPlugin$$Lambda/0x00007fcd28659798
9197:             1             16  org.opensearch.analysis.common.CommonAnalysisPlugin$$Lambda/0x00007fcd28659ca8
9198:             1             16  org.opensearch.analysis.common.CommonAnalysisPlugin$$Lambda/0x00007fcd2865a298
9199:             1             16  org.opensearch.analysis.common.CommonAnalysisPlugin$$Lambda/0x00007fcd2865a780
9200:             1             16  org.opensearch.analysis.common.CommonAnalysisPlugin$$Lambda/0x00007fcd2865ac90
9201:             1             16  org.opensearch.analysis.common.CommonAnalysisPlugin$$Lambda/0x00007fcd2865b178
9202:             1             16  org.opensearch.analysis.common.CommonAnalysisPlugin$$Lambda/0x00007fcd2865b688
9203:             1             16  org.opensearch.analysis.common.CommonAnalysisPlugin$$Lambda/0x00007fcd2865bb98
9204:             1             16  org.opensearch.analysis.common.CommonAnalysisPlugin$$Lambda/0x00007fcd286602b8
9205:             1             16  org.opensearch.analysis.common.CommonAnalysisPlugin$$Lambda/0x00007fcd286607a8
9206:             1             16  org.opensearch.analysis.common.CommonAnalysisPlugin$$Lambda/0x00007fcd286609e0
9207:             1             16  org.opensearch.analysis.common.CommonAnalysisPlugin$$Lambda/0x00007fcd28660ef8
9208:             1             16  org.opensearch.analysis.common.CommonAnalysisPlugin$$Lambda/0x00007fcd286613e8
9209:             1             16  org.opensearch.analysis.common.CommonAnalysisPlugin$$Lambda/0x00007fcd286618d0
9210:             1             16  org.opensearch.analysis.common.CommonAnalysisPlugin$$Lambda/0x00007fcd28662078
9211:             1             16  org.opensearch.analysis.common.CommonAnalysisPlugin$$Lambda/0x00007fcd28662560
9212:             1             16  org.opensearch.analysis.common.CommonAnalysisPlugin$$Lambda/0x00007fcd28662a48
9213:             1             16  org.opensearch.analysis.common.CommonAnalysisPlugin$$Lambda/0x00007fcd28662c80
9214:             1             16  org.opensearch.analysis.common.CommonAnalysisPlugin$$Lambda/0x00007fcd28663190
9215:             1             16  org.opensearch.analysis.common.CommonAnalysisPlugin$$Lambda/0x00007fcd28663678
9216:             1             16  org.opensearch.analysis.common.CommonAnalysisPlugin$$Lambda/0x00007fcd28663b60
9217:             1             16  org.opensearch.analysis.common.CommonAnalysisPlugin$$Lambda/0x00007fcd28663d98
9218:             1             16  org.opensearch.analysis.common.CommonAnalysisPlugin$$Lambda/0x00007fcd28668588
9219:             1             16  org.opensearch.analysis.common.CommonAnalysisPlugin$$Lambda/0x00007fcd28668a70
9220:             1             16  org.opensearch.analysis.common.CommonAnalysisPlugin$$Lambda/0x00007fcd28668f80
9221:             1             16  org.opensearch.analysis.common.CommonAnalysisPlugin$$Lambda/0x00007fcd28669470
9222:             1             16  org.opensearch.analysis.common.CommonAnalysisPlugin$$Lambda/0x00007fcd28669980
9223:             1             16  org.opensearch.analysis.common.CommonAnalysisPlugin$$Lambda/0x00007fcd28669e68
9224:             1             16  org.opensearch.analysis.common.CommonAnalysisPlugin$$Lambda/0x00007fcd2866a350
9225:             1             16  org.opensearch.analysis.common.CommonAnalysisPlugin$$Lambda/0x00007fcd2866a838
9226:             1             16  org.opensearch.analysis.common.CommonAnalysisPlugin$$Lambda/0x00007fcd2866ad20
9227:             1             16  org.opensearch.analysis.common.CommonAnalysisPlugin$$Lambda/0x00007fcd2866b208
9228:             1             16  org.opensearch.analysis.common.CommonAnalysisPlugin$$Lambda/0x00007fcd2866b6f0
9229:             1             16  org.opensearch.analysis.common.CommonAnalysisPlugin$$Lambda/0x00007fcd2866bc00
9230:             1             16  org.opensearch.analysis.common.CommonAnalysisPlugin$$Lambda/0x00007fcd2866c0e8
9231:             1             16  org.opensearch.analysis.common.CommonAnalysisPlugin$$Lambda/0x00007fcd2866c5d8
9232:             1             16  org.opensearch.analysis.common.CommonAnalysisPlugin$$Lambda/0x00007fcd2866cac0
9233:             1             16  org.opensearch.analysis.common.CommonAnalysisPlugin$$Lambda/0x00007fcd2866ccf8
9234:             1             16  org.opensearch.analysis.common.CommonAnalysisPlugin$$Lambda/0x00007fcd2866d1f0
9235:             1             16  org.opensearch.analysis.common.CommonAnalysisPlugin$$Lambda/0x00007fcd2866d6e0
9236:             1             16  org.opensearch.analysis.common.CommonAnalysisPlugin$$Lambda/0x00007fcd2866dbf0
9237:             1             16  org.opensearch.analysis.common.CommonAnalysisPlugin$$Lambda/0x00007fcd2866e0d8
9238:             1             16  org.opensearch.analysis.common.CommonAnalysisPlugin$$Lambda/0x00007fcd2866e310
9239:             1             16  org.opensearch.analysis.common.CommonAnalysisPlugin$$Lambda/0x00007fcd2866e800
9240:             1             16  org.opensearch.analysis.common.CommonAnalysisPlugin$$Lambda/0x00007fcd2866ece8
9241:             1             16  org.opensearch.analysis.common.CommonAnalysisPlugin$$Lambda/0x00007fcd2866f1d0
9242:             1             16  org.opensearch.analysis.common.CommonAnalysisPlugin$$Lambda/0x00007fcd2866f6e0
9243:             1             16  org.opensearch.analysis.common.CommonAnalysisPlugin$$Lambda/0x00007fcd2866fbf0
9244:             1             16  org.opensearch.analysis.common.CommonAnalysisPlugin$$Lambda/0x00007fcd286702d8
9245:             1             16  org.opensearch.analysis.common.CommonAnalysisPlugin$$Lambda/0x00007fcd286707c0
9246:             1             16  org.opensearch.analysis.common.CommonAnalysisPlugin$$Lambda/0x00007fcd28670cd0
9247:             1             16  org.opensearch.analysis.common.CommonAnalysisPlugin$$Lambda/0x00007fcd286711b8
9248:             1             16  org.opensearch.analysis.common.CommonAnalysisPlugin$$Lambda/0x00007fcd28671920
9249:             1             16  org.opensearch.analysis.common.CommonAnalysisPlugin$$Lambda/0x00007fcd28672050
9250:             1             16  org.opensearch.analysis.common.CommonAnalysisPlugin$$Lambda/0x00007fcd28672558
9251:             1             16  org.opensearch.analysis.common.CommonAnalysisPlugin$$Lambda/0x00007fcd28672a68
9252:             1             16  org.opensearch.analysis.common.CommonAnalysisPlugin$$Lambda/0x00007fcd28672f50
9253:             1             16  org.opensearch.analysis.common.CommonAnalysisPlugin$$Lambda/0x00007fcd286736c0
9254:             1             16  org.opensearch.analysis.common.CommonAnalysisPlugin$$Lambda/0x00007fcd28673bd0
9255:             1             16  org.opensearch.analysis.common.CommonAnalysisPlugin$$Lambda/0x00007fcd286802b8
9256:             1             16  org.opensearch.analysis.common.CommonAnalysisPlugin$$Lambda/0x00007fcd286807b0
9257:             1             16  org.opensearch.analysis.common.CommonAnalysisPlugin$$Lambda/0x00007fcd28680c48
9258:             1             16  org.opensearch.analysis.common.CommonAnalysisPlugin$$Lambda/0x00007fcd286810e0
9259:             1             16  org.opensearch.analysis.common.CommonAnalysisPlugin$$Lambda/0x00007fcd28681578
9260:             1             16  org.opensearch.analysis.common.CommonAnalysisPlugin$$Lambda/0x00007fcd286817b0
9261:             1             16  org.opensearch.analysis.common.CommonAnalysisPlugin$$Lambda/0x00007fcd28681ec0
9262:             1             16  org.opensearch.analysis.common.CommonAnalysisPlugin$$Lambda/0x00007fcd286820f8
9263:             1             16  org.opensearch.analysis.common.CommonAnalysisPlugin$$Lambda/0x00007fcd28682808
9264:             1             16  org.opensearch.analysis.common.CommonAnalysisPlugin$$Lambda/0x00007fcd28682f18
9265:             1             16  org.opensearch.analysis.common.CommonAnalysisPlugin$$Lambda/0x00007fcd286833b0
9266:             1             16  org.opensearch.analysis.common.CommonAnalysisPlugin$$Lambda/0x00007fcd28683848
9267:             1             16  org.opensearch.analysis.common.CommonAnalysisPlugin$$Lambda/0x00007fcd28683f48
9268:             1             16  org.opensearch.analysis.common.CommonAnalysisPlugin$$Lambda/0x00007fcd286843e0
9269:             1             16  org.opensearch.analysis.common.CommonAnalysisPlugin$$Lambda/0x00007fcd28684618
9270:             1             16  org.opensearch.analysis.common.CommonAnalysisPlugin$$Lambda/0x00007fcd28684ab8
9271:             1             16  org.opensearch.analysis.common.CommonAnalysisPlugin$$Lambda/0x00007fcd28684f50
9272:             1             16  org.opensearch.analysis.common.CommonAnalysisPlugin$$Lambda/0x00007fcd286853e8
9273:             1             16  org.opensearch.analysis.common.CommonAnalysisPlugin$$Lambda/0x00007fcd28685880
9274:             1             16  org.opensearch.analysis.common.CommonAnalysisPlugin$$Lambda/0x00007fcd28685fc8
9275:             1             16  org.opensearch.analysis.common.CommonAnalysisPlugin$$Lambda/0x00007fcd28686490
9276:             1             16  org.opensearch.analysis.common.CommonAnalysisPlugin$$Lambda/0x00007fcd28686958
9277:             1             16  org.opensearch.analysis.common.CommonAnalysisPlugin$$Lambda/0x00007fcd28686e20
9278:             1             16  org.opensearch.analysis.common.CommonAnalysisPlugin$$Lambda/0x00007fcd286872e8
9279:             1             16  org.opensearch.analysis.common.CommonAnalysisPlugin$$Lambda/0x00007fcd286877b0
9280:             1             16  org.opensearch.analysis.common.CommonAnalysisPlugin$$Lambda/0x00007fcd28687c78
9281:             1             16  org.opensearch.analysis.common.CommonAnalysisPlugin$$Lambda/0x00007fcd2868c290
9282:             1             16  org.opensearch.analysis.common.CommonAnalysisPlugin$$Lambda/0x00007fcd2868c758
9283:             1             16  org.opensearch.analysis.common.CommonAnalysisPlugin$$Lambda/0x00007fcd2868cc20
9284:             1             16  org.opensearch.analysis.common.CommonAnalysisPlugin$$Lambda/0x00007fcd2868d0e8
9285:             1             16  org.opensearch.analysis.common.CommonAnalysisPlugin$$Lambda/0x00007fcd2868d5b0
9286:             1             16  org.opensearch.analysis.common.CommonAnalysisPlugin$$Lambda/0x00007fcd2868da78
9287:             1             16  org.opensearch.analysis.common.CommonAnalysisPlugin$$Lambda/0x00007fcd2868df40
9288:             1             16  org.opensearch.analysis.common.CommonAnalysisPlugin$$Lambda/0x00007fcd2868e408
9289:             1             16  org.opensearch.analysis.common.CommonAnalysisPlugin$$Lambda/0x00007fcd2868e8d0
9290:             1             16  org.opensearch.analysis.common.CommonAnalysisPlugin$$Lambda/0x00007fcd2868ed98
9291:             1             16  org.opensearch.analysis.common.CommonAnalysisPlugin$$Lambda/0x00007fcd2868f260
9292:             1             16  org.opensearch.analysis.common.CommonAnalysisPlugin$$Lambda/0x00007fcd2868f728
9293:             1             16  org.opensearch.analysis.common.CommonAnalysisPlugin$$Lambda/0x00007fcd2868fbf0
9294:             1             16  org.opensearch.analysis.common.CommonAnalysisPlugin$$Lambda/0x00007fcd28694290
9295:             1             16  org.opensearch.analysis.common.CommonAnalysisPlugin$$Lambda/0x00007fcd28694758
9296:             1             16  org.opensearch.analysis.common.CommonAnalysisPlugin$$Lambda/0x00007fcd28694c20
9297:             1             16  org.opensearch.analysis.common.CommonAnalysisPlugin$$Lambda/0x00007fcd286950e8
9298:             1             16  org.opensearch.analysis.common.CommonAnalysisPlugin$$Lambda/0x00007fcd286955b0
9299:             1             16  org.opensearch.analysis.common.CommonAnalysisPlugin$$Lambda/0x00007fcd28695a78
9300:             1             16  org.opensearch.analysis.common.CommonAnalysisPlugin$$Lambda/0x00007fcd28695f40
9301:             1             16  org.opensearch.analysis.common.CommonAnalysisPlugin$$Lambda/0x00007fcd28696408
9302:             1             16  org.opensearch.analysis.common.CommonAnalysisPlugin$$Lambda/0x00007fcd286968d0
9303:             1             16  org.opensearch.analysis.common.CommonAnalysisPlugin$$Lambda/0x00007fcd28696d98
9304:             1             16  org.opensearch.analysis.common.CommonAnalysisPlugin$$Lambda/0x00007fcd28697260
9305:             1             16  org.opensearch.analysis.common.CommonAnalysisPlugin$$Lambda/0x00007fcd28697728
9306:             1             16  org.opensearch.analysis.common.CommonAnalysisPlugin$$Lambda/0x00007fcd28697bf0
9307:             1             16  org.opensearch.analysis.common.CommonAnalysisPlugin$$Lambda/0x00007fcd28698290
9308:             1             16  org.opensearch.analysis.common.CommonAnalysisPlugin$$Lambda/0x00007fcd28698758
9309:             1             16  org.opensearch.analysis.common.CommonAnalysisPlugin$$Lambda/0x00007fcd28698c20
9310:             1             16  org.opensearch.analysis.common.CommonAnalysisPlugin$$Lambda/0x00007fcd286990e8
9311:             1             16  org.opensearch.analysis.common.CommonAnalysisPlugin$$Lambda/0x00007fcd286995b0
9312:             1             16  org.opensearch.analysis.common.CommonAnalysisPlugin$$Lambda/0x00007fcd28699a78
9313:             1             16  org.opensearch.analysis.common.CommonAnalysisPlugin$$Lambda/0x00007fcd28699cb0
9314:             1             16  org.opensearch.analysis.common.CommonAnalysisPlugin$$Lambda/0x00007fcd28699ee8
9315:             1             16  org.opensearch.analysis.common.CommonAnalysisPlugin$$Lambda/0x00007fcd2869a120
9316:             1             16  org.opensearch.analysis.common.CommonAnalysisPlugin$$Lambda/0x00007fcd2869a358
9317:             1             16  org.opensearch.analysis.common.CommonAnalysisPlugin$$Lambda/0x00007fcd2869a590
9318:             1             16  org.opensearch.analysis.common.CommonAnalysisPlugin$$Lambda/0x00007fcd2869a7c8
9319:             1             16  org.opensearch.analysis.common.CommonAnalysisPlugin$$Lambda/0x00007fcd2869aa00
9320:             1             16  org.opensearch.analysis.common.CommonAnalysisPlugin$$Lambda/0x00007fcd2869ac38
9321:             1             16  org.opensearch.analysis.common.CommonAnalysisPlugin$$Lambda/0x00007fcd2869ae70
9322:             1             16  org.opensearch.analysis.common.CommonAnalysisPlugin$$Lambda/0x00007fcd2869b0a8
9323:             1             16  org.opensearch.analysis.common.CommonAnalysisPlugin$$Lambda/0x00007fcd2869b2e0
9324:             1             16  org.opensearch.analysis.common.CommonAnalysisPlugin$$Lambda/0x00007fcd2869b518
9325:             1             16  org.opensearch.analysis.common.CommonAnalysisPlugin$$Lambda/0x00007fcd2869b750
9326:             1             16  org.opensearch.analysis.common.CommonAnalysisPlugin$$Lambda/0x00007fcd2869b988
9327:             1             16  org.opensearch.analysis.common.CommonAnalysisPlugin$$Lambda/0x00007fcd2869bbc0
9328:             1             16  org.opensearch.analysis.common.CommonAnalysisPlugin$$Lambda/0x00007fcd286a0000
9329:             1             16  org.opensearch.analysis.common.CommonAnalysisPlugin$$Lambda/0x00007fcd286a0238
9330:             1             16  org.opensearch.analysis.common.CommonAnalysisPlugin$$Lambda/0x00007fcd286a0470
9331:             1             16  org.opensearch.analysis.common.CommonAnalysisPlugin$$Lambda/0x00007fcd286a0698
9332:             1             16  org.opensearch.analysis.common.CommonAnalysisPlugin$$Lambda/0x00007fcd286a08d0
9333:             1             16  org.opensearch.analysis.common.CommonAnalysisPlugin$$Lambda/0x00007fcd286a0b08
9334:             1             16  org.opensearch.analysis.common.CommonAnalysisPlugin$$Lambda/0x00007fcd286a0d40
9335:             1             16  org.opensearch.analysis.common.CommonAnalysisPlugin$$Lambda/0x00007fcd286a0f78
9336:             1             16  org.opensearch.analysis.common.CommonAnalysisPlugin$$Lambda/0x00007fcd286a11b0
9337:             1             16  org.opensearch.analysis.common.CommonAnalysisPlugin$$Lambda/0x00007fcd286a13e8
9338:             1             16  org.opensearch.analysis.common.CommonAnalysisPlugin$$Lambda/0x00007fcd286a1620
9339:             1             16  org.opensearch.analysis.common.CommonAnalysisPlugin$$Lambda/0x00007fcd286a1858
9340:             1             16  org.opensearch.analysis.common.CommonAnalysisPlugin$$Lambda/0x00007fcd286a1a90
9341:             1             16  org.opensearch.analysis.common.CommonAnalysisPlugin$$Lambda/0x00007fcd286a1cc8
9342:             1             16  org.opensearch.analysis.common.CommonAnalysisPlugin$$Lambda/0x00007fcd286a1f00
9343:             1             16  org.opensearch.analysis.common.CommonAnalysisPlugin$$Lambda/0x00007fcd286a2128
9344:             1             16  org.opensearch.analysis.common.CommonAnalysisPlugin$$Lambda/0x00007fcd286a2360
9345:             1             16  org.opensearch.analysis.common.CommonAnalysisPlugin$$Lambda/0x00007fcd286a2598
9346:             1             16  org.opensearch.analysis.common.CommonAnalysisPlugin$$Lambda/0x00007fcd286a27d0
9347:             1             16  org.opensearch.analysis.common.CommonAnalysisPlugin$$Lambda/0x00007fcd286a2a08
9348:             1             16  org.opensearch.analysis.common.CommonAnalysisPlugin$$Lambda/0x00007fcd286a2c40
9349:             1             16  org.opensearch.analysis.common.CommonAnalysisPlugin$$Lambda/0x00007fcd286a2e78
9350:             1             16  org.opensearch.analysis.common.CommonAnalysisPlugin$$Lambda/0x00007fcd286a30b0
9351:             1             16  org.opensearch.analysis.common.CommonAnalysisPlugin$$Lambda/0x00007fcd286a32e8
9352:             1             16  org.opensearch.analysis.common.CommonAnalysisPlugin$$Lambda/0x00007fcd286a3520
9353:             1             16  org.opensearch.analysis.common.CommonAnalysisPlugin$$Lambda/0x00007fcd286a3758
9354:             1             16  org.opensearch.analysis.common.CommonAnalysisPlugin$$Lambda/0x00007fcd286a3990
9355:             1             16  org.opensearch.analysis.common.CommonAnalysisPlugin$$Lambda/0x00007fcd286a3bc8
9356:             1             16  org.opensearch.analysis.common.CommonAnalysisPlugin$$Lambda/0x00007fcd286a3e00
9357:             1             16  org.opensearch.analysis.common.CommonAnalysisPlugin$$Lambda/0x00007fcd286a4038
9358:             1             16  org.opensearch.analysis.common.CommonAnalysisPlugin$$Lambda/0x00007fcd286a4270
9359:             1             16  org.opensearch.analysis.common.CommonAnalysisPlugin$$Lambda/0x00007fcd286a44a8
9360:             1             16  org.opensearch.analysis.common.CommonAnalysisPlugin$$Lambda/0x00007fcd286a46e0
9361:             1             16  org.opensearch.analysis.common.CommonAnalysisPlugin$$Lambda/0x00007fcd286a4908
9362:             1             16  org.opensearch.analysis.common.CommonAnalysisPlugin$$Lambda/0x00007fcd286a4b20
9363:             1             16  org.opensearch.analysis.common.CommonAnalysisPlugin$$Lambda/0x00007fcd286a4d38
9364:             1             16  org.opensearch.analysis.common.CommonAnalysisPlugin$$Lambda/0x00007fcd286a4f50
9365:             1             16  org.opensearch.analysis.common.CommonAnalysisPlugin$$Lambda/0x00007fcd286a5168
9366:             1             16  org.opensearch.analysis.common.CommonAnalysisPlugin$$Lambda/0x00007fcd286a5380
9367:             1             16  org.opensearch.analysis.common.CommonAnalysisPlugin$$Lambda/0x00007fcd286a5598
9368:             1             16  org.opensearch.analysis.common.CommonAnalysisPlugin$$Lambda/0x00007fcd286a57b0
9369:             1             16  org.opensearch.analysis.common.CommonAnalysisPlugin$$Lambda/0x00007fcd286a59e8
9370:             1             16  org.opensearch.analysis.common.CommonAnalysisPlugin$$Lambda/0x00007fcd286a5c00
9371:             1             16  org.opensearch.analysis.common.CommonAnalysisPlugin$$Lambda/0x00007fcd286a5e18
9372:             1             16  org.opensearch.analysis.common.CommonAnalysisPlugin$$Lambda/0x00007fcd286a6030
9373:             1             16  org.opensearch.analysis.common.CommonAnalysisPlugin$$Lambda/0x00007fcd286a6268
9374:             1             16  org.opensearch.analysis.common.CommonAnalysisPlugin$$Lambda/0x00007fcd286a64a0
9375:             1             16  org.opensearch.analysis.common.CommonAnalysisPlugin$$Lambda/0x00007fcd286a66b8
9376:             1             16  org.opensearch.analysis.common.CommonAnalysisPlugin$$Lambda/0x00007fcd286a68d0
9377:             1             16  org.opensearch.analysis.common.CommonAnalysisPlugin$$Lambda/0x00007fcd286a6ae8
9378:             1             16  org.opensearch.analysis.common.CommonAnalysisPlugin$$Lambda/0x00007fcd286a6d00
9379:             1             16  org.opensearch.analysis.common.CommonAnalysisPlugin$$Lambda/0x00007fcd286a6f18
9380:             1             16  org.opensearch.analysis.common.CommonAnalysisPlugin$$Lambda/0x00007fcd286a7130
9381:             1             16  org.opensearch.analysis.common.CommonAnalysisPlugin$$Lambda/0x00007fcd286a7348
9382:             1             16  org.opensearch.analysis.common.CommonAnalysisPlugin$$Lambda/0x00007fcd286a7560
9383:             1             16  org.opensearch.analysis.common.CommonAnalysisPlugin$$Lambda/0x00007fcd286a7778
9384:             1             16  org.opensearch.analysis.common.CommonAnalysisPlugin$$Lambda/0x00007fcd286a7990
9385:             1             16  org.opensearch.analysis.common.CommonAnalysisPlugin$$Lambda/0x00007fcd286a7ba8
9386:             1             16  org.opensearch.analysis.common.CommonAnalysisPlugin$$Lambda/0x00007fcd286a7dc0
9387:             1             16  org.opensearch.analysis.common.CommonAnalysisPlugin$$Lambda/0x00007fcd286b0000
9388:             1             16  org.opensearch.analysis.common.CommonAnalysisPlugin$$Lambda/0x00007fcd286b0218
9389:             1             16  org.opensearch.analysis.common.CommonAnalysisPlugin$$Lambda/0x00007fcd286b0430
9390:             1             16  org.opensearch.analysis.common.CommonAnalysisPlugin$$Lambda/0x00007fcd286b0648
9391:             1             16  org.opensearch.analysis.common.CommonAnalysisPlugin$$Lambda/0x00007fcd286b0860
9392:             1             16  org.opensearch.analysis.common.CommonAnalysisPlugin$$Lambda/0x00007fcd286b0a78
9393:             1             16  org.opensearch.analysis.common.CommonAnalysisPlugin$$Lambda/0x00007fcd286b0c90
9394:             1             16  org.opensearch.analysis.common.CommonAnalysisPlugin$$Lambda/0x00007fcd286b0ea8
9395:             1             16  org.opensearch.analysis.common.CommonAnalysisPlugin$$Lambda/0x00007fcd286b10c0
9396:             1             16  org.opensearch.analysis.common.CommonAnalysisPlugin$$Lambda/0x00007fcd286b12d8
9397:             1             16  org.opensearch.analysis.common.CommonAnalysisPlugin$$Lambda/0x00007fcd286b14f0
9398:             1             16  org.opensearch.analysis.common.CommonAnalysisPlugin$$Lambda/0x00007fcd286b1708
9399:             1             16  org.opensearch.analysis.common.CommonAnalysisPlugin$$Lambda/0x00007fcd286b1920
9400:             1             16  org.opensearch.analysis.common.CommonAnalysisPlugin$$Lambda/0x00007fcd286b1b38
9401:             1             16  org.opensearch.analysis.common.CommonAnalysisPlugin$$Lambda/0x00007fcd286b1d50
9402:             1             16  org.opensearch.analysis.common.CommonAnalysisPlugin$$Lambda/0x00007fcd286b1f68
9403:             1             16  org.opensearch.analysis.common.CommonAnalysisPlugin$$Lambda/0x00007fcd286b2180
9404:             1             16  org.opensearch.analysis.common.CommonAnalysisPlugin$$Lambda/0x00007fcd286b2398
9405:             1             16  org.opensearch.analysis.common.CommonAnalysisPlugin$$Lambda/0x00007fcd286b25b0
9406:             1             16  org.opensearch.analysis.common.CommonAnalysisPlugin$$Lambda/0x00007fcd286b27c8
9407:             1             16  org.opensearch.analysis.common.CommonAnalysisPlugin$$Lambda/0x00007fcd286b29e0
9408:             1             16  org.opensearch.analysis.common.CommonAnalysisPlugin$$Lambda/0x00007fcd286b2bf8
9409:             1             16  org.opensearch.analysis.common.CommonAnalysisPlugin$$Lambda/0x00007fcd286b2e10
9410:             1             16  org.opensearch.analysis.common.CommonAnalysisPlugin$$Lambda/0x00007fcd286b3028
9411:             1             16  org.opensearch.analysis.common.CommonAnalysisPlugin$$Lambda/0x00007fcd286b3240
9412:             1             16  org.opensearch.analysis.common.CommonAnalysisPlugin$$Lambda/0x00007fcd286b3458
9413:             1             16  org.opensearch.bootstrap.$Proxy17
9414:             1             16  org.opensearch.bootstrap.Bootstrap$$Lambda/0x00007fcd280d6e98
9415:             1             16  org.opensearch.bootstrap.Bootstrap$1
9416:             1             16  org.opensearch.bootstrap.BootstrapCheck$BootstrapCheckResult
9417:             1             16  org.opensearch.bootstrap.BootstrapChecks$$Lambda/0x00007fcd290ecca8
9418:             1             16  org.opensearch.bootstrap.BootstrapChecks$JavaVersionCheck$$Lambda/0x00007fcd290eeda8
9419:             1             16  org.opensearch.bootstrap.BootstrapInfo$1
9420:             1             16  org.opensearch.bootstrap.JNAKernel32Library
9421:             1             16  org.opensearch.bootstrap.OpenSearch$$Lambda/0x00007fcd28013c70
9422:             1             16  org.opensearch.bootstrap.OpenSearch$1
9423:             1             16  org.opensearch.bootstrap.OpenSearchPolicy$$Lambda/0x00007fcd281dfa20
9424:             1             16  org.opensearch.bootstrap.OpenSearchPolicy$$Lambda/0x00007fcd281dfc68
9425:             1             16  org.opensearch.bootstrap.OpenSearchUncaughtExceptionHandler
9426:             1             16  org.opensearch.bootstrap.jvm.DenyJvmVersionsParser$$Lambda/0x00007fcd290ed4f0
9427:             1             16  org.opensearch.bootstrap.jvm.DenyJvmVersionsParser$$Lambda/0x00007fcd290ed728
9428:             1             16  org.opensearch.bootstrap.jvm.DenyJvmVersionsParser$$Lambda/0x00007fcd290ed970
9429:             1             16  org.opensearch.bootstrap.jvm.DenyJvmVersionsParser$$Lambda/0x00007fcd290edbb8
9430:             1             16  org.opensearch.bootstrap.jvm.DenyJvmVersionsParser$$Lambda/0x00007fcd290eddf0
9431:             1             16  org.opensearch.bootstrap.jvm.DenyJvmVersionsParser$$Lambda/0x00007fcd290ee028
9432:             1             16  org.opensearch.bootstrap.jvm.DenyJvmVersionsParser$$Lambda/0x00007fcd290ee240
9433:             1             16  org.opensearch.bootstrap.jvm.DenyJvmVersionsParser$$Lambda/0x00007fcd290ee478
9434:             1             16  org.opensearch.cache.common.tier.TieredSpilloverCache$TieredSpilloverCacheFactory
9435:             1             16  org.opensearch.cache.common.tier.TieredSpilloverCachePlugin
9436:             1             16  org.opensearch.cache.common.tier.TieredSpilloverCacheSettings$$Lambda/0x00007fcd28219cf8
9437:             1             16  org.opensearch.cache.common.tier.TieredSpilloverCacheSettings$$Lambda/0x00007fcd28541c00
9438:             1             16  org.opensearch.cache.common.tier.TieredSpilloverCacheSettings$$Lambda/0x00007fcd2854a000
9439:             1             16  org.opensearch.cache.common.tier.TieredSpilloverCacheSettings$$Lambda/0x00007fcd2854a238
9440:             1             16  org.opensearch.cli.EnvironmentAwareCommand$$Lambda/0x00007fcd28025a40
9441:             1             16  org.opensearch.client.Client$$Lambda/0x00007fcd281ea6a0
9442:             1             16  org.opensearch.cluster.AbstractDiffable$CompleteDiff
9443:             1             16  org.opensearch.cluster.ClusterChangedEvent$$Lambda/0x00007fcd291bd938
9444:             1             16  org.opensearch.cluster.ClusterModule$$Lambda/0x00007fcd28880400
9445:             1             16  org.opensearch.cluster.ClusterModule$$Lambda/0x00007fcd28880800
9446:             1             16  org.opensearch.cluster.ClusterModule$$Lambda/0x00007fcd28880a18
9447:             1             16  org.opensearch.cluster.ClusterModule$$Lambda/0x00007fcd28881000
9448:             1             16  org.opensearch.cluster.ClusterModule$$Lambda/0x00007fcd28881218
9449:             1             16  org.opensearch.cluster.ClusterModule$$Lambda/0x00007fcd28881788
9450:             1             16  org.opensearch.cluster.ClusterModule$$Lambda/0x00007fcd288819a0
9451:             1             16  org.opensearch.cluster.ClusterModule$$Lambda/0x00007fcd28882e68
9452:             1             16  org.opensearch.cluster.ClusterModule$$Lambda/0x00007fcd28883080
9453:             1             16  org.opensearch.cluster.ClusterModule$$Lambda/0x00007fcd28883658
9454:             1             16  org.opensearch.cluster.ClusterModule$$Lambda/0x00007fcd28883870
9455:             1             16  org.opensearch.cluster.ClusterModule$$Lambda/0x00007fcd28888000
9456:             1             16  org.opensearch.cluster.ClusterModule$$Lambda/0x00007fcd28888580
9457:             1             16  org.opensearch.cluster.ClusterModule$$Lambda/0x00007fcd28888798
9458:             1             16  org.opensearch.cluster.ClusterModule$$Lambda/0x00007fcd28888cd8
9459:             1             16  org.opensearch.cluster.ClusterModule$$Lambda/0x00007fcd28888ef0
9460:             1             16  org.opensearch.cluster.ClusterModule$$Lambda/0x00007fcd28889108
9461:             1             16  org.opensearch.cluster.ClusterModule$$Lambda/0x00007fcd28889320
9462:             1             16  org.opensearch.cluster.ClusterModule$$Lambda/0x00007fcd28889888
9463:             1             16  org.opensearch.cluster.ClusterModule$$Lambda/0x00007fcd28889aa0
9464:             1             16  org.opensearch.cluster.ClusterModule$$Lambda/0x00007fcd2888a020
9465:             1             16  org.opensearch.cluster.ClusterModule$$Lambda/0x00007fcd2888a238
9466:             1             16  org.opensearch.cluster.ClusterModule$$Lambda/0x00007fcd2888a7b8
9467:             1             16  org.opensearch.cluster.ClusterModule$$Lambda/0x00007fcd2888a9d0
9468:             1             16  org.opensearch.cluster.ClusterModule$$Lambda/0x00007fcd2888af50
9469:             1             16  org.opensearch.cluster.ClusterModule$$Lambda/0x00007fcd2888b168
9470:             1             16  org.opensearch.cluster.ClusterModule$$Lambda/0x00007fcd2888b700
9471:             1             16  org.opensearch.cluster.ClusterModule$$Lambda/0x00007fcd2888b918
9472:             1             16  org.opensearch.cluster.ClusterModule$$Lambda/0x00007fcd2888beb8
9473:             1             16  org.opensearch.cluster.ClusterModule$$Lambda/0x00007fcd2888c0d0
9474:             1             16  org.opensearch.cluster.ClusterModule$$Lambda/0x00007fcd2888c5a8
9475:             1             16  org.opensearch.cluster.ClusterModule$$Lambda/0x00007fcd2888de50
9476:             1             16  org.opensearch.cluster.ClusterModule$$Lambda/0x00007fcd2888e068
9477:             1             16  org.opensearch.cluster.ClusterModule$$Lambda/0x00007fcd2888e280
9478:             1             16  org.opensearch.cluster.ClusterModule$$Lambda/0x00007fcd2888e498
9479:             1             16  org.opensearch.cluster.ClusterModule$$Lambda/0x00007fcd2888e6b0
9480:             1             16  org.opensearch.cluster.ClusterModule$$Lambda/0x00007fcd2888e8c8
9481:             1             16  org.opensearch.cluster.ClusterModule$$Lambda/0x00007fcd2888eae0
9482:             1             16  org.opensearch.cluster.ClusterModule$$Lambda/0x00007fcd2888ecf8
9483:             1             16  org.opensearch.cluster.ClusterModule$$Lambda/0x00007fcd2888ef10
9484:             1             16  org.opensearch.cluster.ClusterModule$$Lambda/0x00007fcd2888f128
9485:             1             16  org.opensearch.cluster.ClusterModule$$Lambda/0x00007fcd2888f340
9486:             1             16  org.opensearch.cluster.ClusterName$$Lambda/0x00007fcd280b7670
9487:             1             16  org.opensearch.cluster.ClusterState$Builder$$Lambda/0x00007fcd29222cb0
9488:             1             16  org.opensearch.cluster.ClusterStateObserver$$Lambda/0x00007fcd290f2e30
9489:             1             16  org.opensearch.cluster.DiffableUtils$DiffableValueSerializer$1
9490:             1             16  org.opensearch.cluster.DiffableUtils$NonDiffableValueSerializer$1
9491:             1             16  org.opensearch.cluster.DiffableUtils$StringKeySerializer
9492:             1             16  org.opensearch.cluster.DiffableUtils$StringSetValueSerializer
9493:             1             16  org.opensearch.cluster.InternalClusterInfoService$$Lambda/0x00007fcd2870f400
9494:             1             16  org.opensearch.cluster.InternalClusterInfoService$$Lambda/0x00007fcd2870f630
9495:             1             16  org.opensearch.cluster.InternalClusterInfoService$$Lambda/0x00007fcd2870f860
9496:             1             16  org.opensearch.cluster.NodeConnectionsService$$Lambda/0x00007fcd291b6000
9497:             1             16  org.opensearch.cluster.NodeConnectionsService$$Lambda/0x00007fcd291bdfd0
9498:             1             16  org.opensearch.cluster.NodeConnectionsService$$Lambda/0x00007fcd293a5878
9499:             1             16  org.opensearch.cluster.NodeConnectionsService$ConnectionChecker
9500:             1             16  org.opensearch.cluster.RepositoryCleanupInProgress
9501:             1             16  org.opensearch.cluster.SnapshotDeletionsInProgress
9502:             1             16  org.opensearch.cluster.SnapshotsInProgress
9503:             1             16  org.opensearch.cluster.action.index.MappingUpdatedAction$$Lambda/0x00007fcd28dbd890
9504:             1             16  org.opensearch.cluster.action.index.MappingUpdatedAction$$Lambda/0x00007fcd28dbdac0
9505:             1             16  org.opensearch.cluster.action.index.NodeMappingRefreshAction$$Lambda/0x00007fcd28dbd1b8
9506:             1             16  org.opensearch.cluster.action.index.NodeMappingRefreshAction$NodeMappingRefreshTransportHandler
9507:             1             16  org.opensearch.cluster.action.shard.ShardStateAction$$Lambda/0x00007fcd286d1b68
9508:             1             16  org.opensearch.cluster.action.shard.ShardStateAction$$Lambda/0x00007fcd28da7dd8
9509:             1             16  org.opensearch.cluster.action.shard.ShardStateAction$$Lambda/0x00007fcd28db6000
9510:             1             16  org.opensearch.cluster.action.shard.ShardStateAction$$Lambda/0x00007fcd28db6728
9511:             1             16  org.opensearch.cluster.action.shard.ShardStateAction$$Lambda/0x00007fcd28db6948
9512:             1             16  org.opensearch.cluster.action.shard.ShardStateAction$$Lambda/0x00007fcd28db7010
9513:             1             16  org.opensearch.cluster.block.ClusterBlocks$$Lambda/0x00007fcd291a4030
9514:             1             16  org.opensearch.cluster.block.ClusterBlocks$$Lambda/0x00007fcd291a4248
9515:             1             16  org.opensearch.cluster.block.ClusterBlocks$$Lambda/0x00007fcd291a4460
9516:             1             16  org.opensearch.cluster.block.ClusterBlocks$$Lambda/0x00007fcd29219ad8
9517:             1             16  org.opensearch.cluster.coordination.CoordinationMetadata$$Lambda/0x00007fcd284b65f8
9518:             1             16  org.opensearch.cluster.coordination.CoordinationMetadata$$Lambda/0x00007fcd2919a960
9519:             1             16  org.opensearch.cluster.coordination.CoordinationMetadata$VotingConfigExclusion$$Lambda/0x00007fcd284b7bb0
9520:             1             16  org.opensearch.cluster.coordination.Coordinator$$Lambda/0x00007fcd28cf61d8
9521:             1             16  org.opensearch.cluster.coordination.Coordinator$$Lambda/0x00007fcd28cf63f8
9522:             1             16  org.opensearch.cluster.coordination.Coordinator$$Lambda/0x00007fcd28cf6618
9523:             1             16  org.opensearch.cluster.coordination.Coordinator$$Lambda/0x00007fcd28cf6aa8
9524:             1             16  org.opensearch.cluster.coordination.Coordinator$$Lambda/0x00007fcd28cf6ce8
9525:             1             16  org.opensearch.cluster.coordination.Coordinator$$Lambda/0x00007fcd28cf8af8
9526:             1             16  org.opensearch.cluster.coordination.Coordinator$$Lambda/0x00007fcd28cf8d18
9527:             1             16  org.opensearch.cluster.coordination.Coordinator$$Lambda/0x00007fcd28cfa7c0
9528:             1             16  org.opensearch.cluster.coordination.Coordinator$$Lambda/0x00007fcd28cfaf60
9529:             1             16  org.opensearch.cluster.coordination.Coordinator$$Lambda/0x00007fcd28cfc108
9530:             1             16  org.opensearch.cluster.coordination.Coordinator$$Lambda/0x00007fcd28cfd140
9531:             1             16  org.opensearch.cluster.coordination.Coordinator$$Lambda/0x00007fcd28cfd370
9532:             1             16  org.opensearch.cluster.coordination.Coordinator$$Lambda/0x00007fcd28cfe770
9533:             1             16  org.opensearch.cluster.coordination.Coordinator$$Lambda/0x00007fcd28cfebc0
9534:             1             16  org.opensearch.cluster.coordination.Coordinator$$Lambda/0x00007fcd28cfede0
9535:             1             16  org.opensearch.cluster.coordination.Coordinator$$Lambda/0x00007fcd28cff000
9536:             1             16  org.opensearch.cluster.coordination.Coordinator$$Lambda/0x00007fcd28cff480
9537:             1             16  org.opensearch.cluster.coordination.Coordinator$$Lambda/0x00007fcd28cff6b0
9538:             1             16  org.opensearch.cluster.coordination.Coordinator$$Lambda/0x00007fcd28cffae8
9539:             1             16  org.opensearch.cluster.coordination.Coordinator$$Lambda/0x00007fcd28cffd08
9540:             1             16  org.opensearch.cluster.coordination.ElectionStrategy$1
9541:             1             16  org.opensearch.cluster.coordination.FollowersChecker$$Lambda/0x00007fcd28cfd5a0
9542:             1             16  org.opensearch.cluster.coordination.FollowersChecker$$Lambda/0x00007fcd28cfde08
9543:             1             16  org.opensearch.cluster.coordination.FollowersChecker$$Lambda/0x00007fcd28cfe020
9544:             1             16  org.opensearch.cluster.coordination.FollowersChecker$1
9545:             1             16  org.opensearch.cluster.coordination.JoinHelper$$Lambda/0x00007fcd28cf7138
9546:             1             16  org.opensearch.cluster.coordination.JoinHelper$$Lambda/0x00007fcd28cf7570
9547:             1             16  org.opensearch.cluster.coordination.JoinHelper$$Lambda/0x00007fcd28cf79a8
9548:             1             16  org.opensearch.cluster.coordination.JoinHelper$$Lambda/0x00007fcd28cf7de0
9549:             1             16  org.opensearch.cluster.coordination.JoinHelper$$Lambda/0x00007fcd29196be8
9550:             1             16  org.opensearch.cluster.coordination.JoinHelper$CandidateJoinAccumulator$$Lambda/0x00007fcd291a60d0
9551:             1             16  org.opensearch.cluster.coordination.JoinHelper$FollowerJoinAccumulator
9552:             1             16  org.opensearch.cluster.coordination.JoinTaskExecutor$$Lambda/0x00007fcd28cf5fb0
9553:             1             16  org.opensearch.cluster.coordination.JoinTaskExecutor$$Lambda/0x00007fcd291a48a8
9554:             1             16  org.opensearch.cluster.coordination.LeaderChecker$$Lambda/0x00007fcd28cfc338
9555:             1             16  org.opensearch.cluster.coordination.LeaderChecker$$Lambda/0x00007fcd28cfc808
9556:             1             16  org.opensearch.cluster.coordination.LeaderChecker$$Lambda/0x00007fcd28cfca20
9557:             1             16  org.opensearch.cluster.coordination.LeaderChecker$1
9558:             1             16  org.opensearch.cluster.coordination.LeaderChecker$CheckScheduler$3
9559:             1             16  org.opensearch.cluster.coordination.NoClusterManagerBlockService
9560:             1             16  org.opensearch.cluster.coordination.NoClusterManagerBlockService$$Lambda/0x00007fcd286d3550
9561:             1             16  org.opensearch.cluster.coordination.NoClusterManagerBlockService$$Lambda/0x00007fcd286d3788
9562:             1             16  org.opensearch.cluster.coordination.NoClusterManagerBlockService$$Lambda/0x00007fcd28cf8220
9563:             1             16  org.opensearch.cluster.coordination.PeersResponse$$Lambda/0x00007fcd29195cd0
9564:             1             16  org.opensearch.cluster.coordination.PeersResponse$$Lambda/0x00007fcd29195ee8
9565:             1             16  org.opensearch.cluster.coordination.PersistedStateRegistry
9566:             1             16  org.opensearch.cluster.coordination.PreVoteCollector$$Lambda/0x00007fcd28cf91f0
9567:             1             16  org.opensearch.cluster.coordination.PreVoteCollector$$Lambda/0x00007fcd28cf9408
9568:             1             16  org.opensearch.cluster.coordination.PublicationTransportHandler$$Lambda/0x00007fcd28cfb190
9569:             1             16  org.opensearch.cluster.coordination.PublicationTransportHandler$$Lambda/0x00007fcd28cfb3a8
9570:             1             16  org.opensearch.cluster.coordination.PublicationTransportHandler$$Lambda/0x00007fcd28cfb898
9571:             1             16  org.opensearch.cluster.coordination.PublicationTransportHandler$$Lambda/0x00007fcd28cfbab0
9572:             1             16  org.opensearch.cluster.coordination.PublicationTransportHandler$$Lambda/0x00007fcd28cfbcd0
9573:             1             16  org.opensearch.cluster.coordination.Reconfigurator
9574:             1             16  org.opensearch.cluster.coordination.Reconfigurator$$Lambda/0x00007fcd28cfe990
9575:             1             16  org.opensearch.cluster.metadata.AutoExpandReplicas$$Lambda/0x00007fcd2862f028
9576:             1             16  org.opensearch.cluster.metadata.ClusterNameExpressionResolver
9577:             1             16  org.opensearch.cluster.metadata.ClusterNameExpressionResolver$WildcardExpressionResolver
9578:             1             16  org.opensearch.cluster.metadata.ComponentTemplate$$Lambda/0x00007fcd29090218
9579:             1             16  org.opensearch.cluster.metadata.ComponentTemplate$$Lambda/0x00007fcd29090ed8
9580:             1             16  org.opensearch.cluster.metadata.ComponentTemplateMetadata
9581:             1             16  org.opensearch.cluster.metadata.ComponentTemplateMetadata$$Lambda/0x00007fcd2908fc70
9582:             1             16  org.opensearch.cluster.metadata.ComponentTemplateMetadata$$Lambda/0x00007fcd29090000
9583:             1             16  org.opensearch.cluster.metadata.ComponentTemplateMetadata$$Lambda/0x00007fcd2919b2c0
9584:             1             16  org.opensearch.cluster.metadata.ComponentTemplateMetadata$$Lambda/0x00007fcd2919b4d8
9585:             1             16  org.opensearch.cluster.metadata.ComposableIndexTemplate$$Lambda/0x00007fcd29091fc0
9586:             1             16  org.opensearch.cluster.metadata.ComposableIndexTemplate$$Lambda/0x00007fcd290921f8
9587:             1             16  org.opensearch.cluster.metadata.ComposableIndexTemplate$$Lambda/0x00007fcd291a0000
9588:             1             16  org.opensearch.cluster.metadata.ComposableIndexTemplate$DataStreamTemplate$$Lambda/0x00007fcd29092698
9589:             1             16  org.opensearch.cluster.metadata.ComposableIndexTemplate$DataStreamTemplate$$Lambda/0x00007fcd291a0218
9590:             1             16  org.opensearch.cluster.metadata.ComposableIndexTemplateMetadata
9591:             1             16  org.opensearch.cluster.metadata.ComposableIndexTemplateMetadata$$Lambda/0x00007fcd29091b70
9592:             1             16  org.opensearch.cluster.metadata.ComposableIndexTemplateMetadata$$Lambda/0x00007fcd29091da8
9593:             1             16  org.opensearch.cluster.metadata.ComposableIndexTemplateMetadata$$Lambda/0x00007fcd2919d218
9594:             1             16  org.opensearch.cluster.metadata.ComposableIndexTemplateMetadata$$Lambda/0x00007fcd2919d430
9595:             1             16  org.opensearch.cluster.metadata.DataStream$TimestampField$$Lambda/0x00007fcd29092dd8
9596:             1             16  org.opensearch.cluster.metadata.DataStreamMetadata
9597:             1             16  org.opensearch.cluster.metadata.DataStreamMetadata$$Lambda/0x00007fcd29091720
9598:             1             16  org.opensearch.cluster.metadata.DataStreamMetadata$$Lambda/0x00007fcd29091958
9599:             1             16  org.opensearch.cluster.metadata.DataStreamMetadata$$Lambda/0x00007fcd2919bd68
9600:             1             16  org.opensearch.cluster.metadata.DataStreamMetadata$$Lambda/0x00007fcd2919d000
9601:             1             16  org.opensearch.cluster.metadata.DiffableStringMap$DiffableStringMapDiff$$Lambda/0x00007fcd29219490
9602:             1             16  org.opensearch.cluster.metadata.DiffableStringMap$DiffableStringMapDiff$$Lambda/0x00007fcd292198c0
9603:             1             16  org.opensearch.cluster.metadata.IndexGraveyard$$Lambda/0x00007fcd284bc928
9604:             1             16  org.opensearch.cluster.metadata.IndexGraveyard$$Lambda/0x00007fcd284bcd80
9605:             1             16  org.opensearch.cluster.metadata.IndexGraveyard$$Lambda/0x00007fcd291a0430
9606:             1             16  org.opensearch.cluster.metadata.IndexGraveyard$Tombstone$$Lambda/0x00007fcd284bd418
9607:             1             16  org.opensearch.cluster.metadata.IndexGraveyard$Tombstone$$Lambda/0x00007fcd284bd8b8
9608:             1             16  org.opensearch.cluster.metadata.IndexGraveyard$Tombstone$$Lambda/0x00007fcd284bdae0
9609:             1             16  org.opensearch.cluster.metadata.IndexGraveyard$Tombstone$$Lambda/0x00007fcd284bdf18
9610:             1             16  org.opensearch.cluster.metadata.IndexGraveyard$Tombstone$$Lambda/0x00007fcd284be140
9611:             1             16  org.opensearch.cluster.metadata.IndexGraveyard$Tombstone$$Lambda/0x00007fcd284be7e8
9612:             1             16  org.opensearch.cluster.metadata.IndexMetadata$$Lambda/0x00007fcd2862b000
9613:             1             16  org.opensearch.cluster.metadata.IndexMetadata$$Lambda/0x00007fcd2862b488
9614:             1             16  org.opensearch.cluster.metadata.IndexMetadata$$Lambda/0x00007fcd2862b910
9615:             1             16  org.opensearch.cluster.metadata.IndexMetadata$$Lambda/0x00007fcd2862bd60
9616:             1             16  org.opensearch.cluster.metadata.IndexMetadata$$Lambda/0x00007fcd2862e038
9617:             1             16  org.opensearch.cluster.metadata.IndexMetadata$$Lambda/0x00007fcd2862fb20
9618:             1             16  org.opensearch.cluster.metadata.IndexMetadata$1
9619:             1             16  org.opensearch.cluster.metadata.IndexMetadata$2
9620:             1             16  org.opensearch.cluster.metadata.IndexMetadata$3
9621:             1             16  org.opensearch.cluster.metadata.IndexMetadata$4
9622:             1             16  org.opensearch.cluster.metadata.IndexMetadata$5
9623:             1             16  org.opensearch.cluster.metadata.IndexMetadata$Builder$$Lambda/0x00007fcd29093d50
9624:             1             16  org.opensearch.cluster.metadata.IndexMetadata$IndexMetadataDiff$$Lambda/0x00007fcd29237378
9625:             1             16  org.opensearch.cluster.metadata.IndexMetadata$IndexMetadataDiff$$Lambda/0x00007fcd29237590
9626:             1             16  org.opensearch.cluster.metadata.IndexMetadata$IndexMetadataDiff$$Lambda/0x00007fcd292377a8
9627:             1             16  org.opensearch.cluster.metadata.IndexMetadata$IndexMetadataDiff$$Lambda/0x00007fcd292379c0
9628:             1             16  org.opensearch.cluster.metadata.IndexMetadata$IndexMetadataDiff$$Lambda/0x00007fcd29237bd8
9629:             1             16  org.opensearch.cluster.metadata.IndexMetadata$IndexMetadataDiff$$Lambda/0x00007fcd2923e000
9630:             1             16  org.opensearch.cluster.metadata.IndexMetadata$IndexMetadataDiff$$Lambda/0x00007fcd2923e218
9631:             1             16  org.opensearch.cluster.metadata.IndexMetadata$IndexMetadataDiff$$Lambda/0x00007fcd2923e430
9632:             1             16  org.opensearch.cluster.metadata.IndexNameExpressionResolver$$Lambda/0x00007fcd291e2890
9633:             1             16  org.opensearch.cluster.metadata.Manifest$$Lambda/0x00007fcd288b0268
9634:             1             16  org.opensearch.cluster.metadata.Manifest$$Lambda/0x00007fcd290e95a8
9635:             1             16  org.opensearch.cluster.metadata.Manifest$IndexEntry$$Lambda/0x00007fcd288b06f0
9636:             1             16  org.opensearch.cluster.metadata.Manifest$IndexEntry$$Lambda/0x00007fcd288b0928
9637:             1             16  org.opensearch.cluster.metadata.Metadata$$Lambda/0x00007fcd291d3a08
9638:             1             16  org.opensearch.cluster.metadata.Metadata$Builder$$Lambda/0x00007fcd284bec08
9639:             1             16  org.opensearch.cluster.metadata.Metadata$Builder$$Lambda/0x00007fcd284bee50
9640:             1             16  org.opensearch.cluster.metadata.Metadata$Builder$$Lambda/0x00007fcd29218400
9641:             1             16  org.opensearch.cluster.metadata.Metadata$MetadataDiff$$Lambda/0x00007fcd2921b3b0
9642:             1             16  org.opensearch.cluster.metadata.Metadata$MetadataDiff$$Lambda/0x00007fcd2921b5c8
9643:             1             16  org.opensearch.cluster.metadata.Metadata$MetadataDiff$$Lambda/0x00007fcd2921b7e0
9644:             1             16  org.opensearch.cluster.metadata.Metadata$MetadataDiff$$Lambda/0x00007fcd2921b9f8
9645:             1             16  org.opensearch.cluster.metadata.MetadataIndexUpgradeService$$Lambda/0x00007fcd290a1028
9646:             1             16  org.opensearch.cluster.metadata.MetadataIndexUpgradeService$$Lambda/0x00007fcd290a1240
9647:             1             16  org.opensearch.cluster.metadata.MetadataMappingService$PutMappingExecutor
9648:             1             16  org.opensearch.cluster.metadata.MetadataMappingService$RefreshTaskExecutor
9649:             1             16  org.opensearch.cluster.metadata.RepositoriesMetadata
9650:             1             16  org.opensearch.cluster.metadata.RepositoriesMetadata$$Lambda/0x00007fcd2919b6f0
9651:             1             16  org.opensearch.cluster.metadata.RepositoryMetadata$$Lambda/0x00007fcd2919bb50
9652:             1             16  org.opensearch.cluster.metadata.Template$$Lambda/0x00007fcd29090450
9653:             1             16  org.opensearch.cluster.metadata.Template$$Lambda/0x00007fcd29090688
9654:             1             16  org.opensearch.cluster.metadata.Template$$Lambda/0x00007fcd29090aa8
9655:             1             16  org.opensearch.cluster.metadata.Template$$Lambda/0x00007fcd29090cc0
9656:             1             16  org.opensearch.cluster.metadata.Template$$Lambda/0x00007fcd2919d860
9657:             1             16  org.opensearch.cluster.metadata.Template$$Lambda/0x00007fcd2919da78
9658:             1             16  org.opensearch.cluster.node.DiscoveryNode$$Lambda/0x00007fcd284a44f8
9659:             1             16  org.opensearch.cluster.node.DiscoveryNode$$Lambda/0x00007fcd284a4730
9660:             1             16  org.opensearch.cluster.node.DiscoveryNode$$Lambda/0x00007fcd284b0b40
9661:             1             16  org.opensearch.cluster.node.DiscoveryNode$$Lambda/0x00007fcd29046a98
9662:             1             16  org.opensearch.cluster.node.DiscoveryNode$$Lambda/0x00007fcd290c3ba0
9663:             1             16  org.opensearch.cluster.node.DiscoveryNode$$Lambda/0x00007fcd2918ec88
9664:             1             16  org.opensearch.cluster.node.DiscoveryNode$$Lambda/0x00007fcd2918f0f0
9665:             1             16  org.opensearch.cluster.node.DiscoveryNode$$Lambda/0x00007fcd2918f338
9666:             1             16  org.opensearch.cluster.node.DiscoveryNode$$Lambda/0x00007fcd2918f570
9667:             1             16  org.opensearch.cluster.node.DiscoveryNode$$Lambda/0x00007fcd291a4d10
9668:             1             16  org.opensearch.cluster.node.DiscoveryNodeFilters$$Lambda/0x00007fcd28716050
9669:             1             16  org.opensearch.cluster.node.DiscoveryNodes$$Lambda/0x00007fcd290f1ed8
9670:             1             16  org.opensearch.cluster.node.DiscoveryNodes$$Lambda/0x00007fcd290f2348
9671:             1             16  org.opensearch.cluster.node.DiscoveryNodes$$Lambda/0x00007fcd291c2818
9672:             1             16  org.opensearch.cluster.node.DiscoveryNodes$$Lambda/0x00007fcd291c2a50
9673:             1             16  org.opensearch.cluster.node.DiscoveryNodes$Delta$$Lambda/0x00007fcd291b4898
9674:             1             16  org.opensearch.cluster.routing.AllocationId$$Lambda/0x00007fcd291a2d20
9675:             1             16  org.opensearch.cluster.routing.AllocationId$$Lambda/0x00007fcd291a2f48
9676:             1             16  org.opensearch.cluster.routing.FailAwareWeightedRouting
9677:             1             16  org.opensearch.cluster.routing.IndexRoutingTable$$Lambda/0x00007fcd2921ab00
9678:             1             16  org.opensearch.cluster.routing.OperationRouting$$Lambda/0x00007fcd2870dbe0
9679:             1             16  org.opensearch.cluster.routing.OperationRouting$$Lambda/0x00007fcd2870de10
9680:             1             16  org.opensearch.cluster.routing.OperationRouting$$Lambda/0x00007fcd2870e040
9681:             1             16  org.opensearch.cluster.routing.OperationRouting$$Lambda/0x00007fcd2870e270
9682:             1             16  org.opensearch.cluster.routing.OperationRouting$$Lambda/0x00007fcd2870e4a0
9683:             1             16  org.opensearch.cluster.routing.OperationRouting$$Lambda/0x00007fcd2870e6d0
9684:             1             16  org.opensearch.cluster.routing.OperationRouting$$Lambda/0x00007fcd2870e900
9685:             1             16  org.opensearch.cluster.routing.RecoverySource$PeerRecoverySource
9686:             1             16  org.opensearch.cluster.routing.RoutingNode$$Lambda/0x00007fcd291bd4c8
9687:             1             16  org.opensearch.cluster.routing.RoutingNodes$$Lambda/0x00007fcd291bd700
9688:             1             16  org.opensearch.cluster.routing.RoutingTable$$Lambda/0x00007fcd29097660
9689:             1             16  org.opensearch.cluster.routing.RoutingTable$$Lambda/0x00007fcd290978a8
9690:             1             16  org.opensearch.cluster.routing.RoutingTable$RoutingTableDiff$$Lambda/0x00007fcd292178f0
9691:             1             16  org.opensearch.cluster.routing.RoutingTable$RoutingTableDiff$$Lambda/0x00007fcd29217b08
9692:             1             16  org.opensearch.cluster.routing.ShardRouting$$Lambda/0x00007fcd291a2448
9693:             1             16  org.opensearch.cluster.routing.ShardRouting$$Lambda/0x00007fcd291a28e8
9694:             1             16  org.opensearch.cluster.routing.UnassignedInfo$$Lambda/0x00007fcd291a3e18
9695:             1             16  org.opensearch.cluster.routing.UnassignedInfo$$Lambda/0x00007fcd293774e0
9696:             1             16  org.opensearch.cluster.routing.allocation.AllocationConstraints
9697:             1             16  org.opensearch.cluster.routing.allocation.AwarenessReplicaBalance$$Lambda/0x00007fcd288cb868
9698:             1             16  org.opensearch.cluster.routing.allocation.AwarenessReplicaBalance$$Lambda/0x00007fcd288cba98
9699:             1             16  org.opensearch.cluster.routing.allocation.AwarenessReplicaBalance$$Lambda/0x00007fcd288cbcc8
9700:             1             16  org.opensearch.cluster.routing.allocation.ConstraintTypes$$Lambda/0x00007fcd2871a800
9701:             1             16  org.opensearch.cluster.routing.allocation.ConstraintTypes$$Lambda/0x00007fcd2871aa48
9702:             1             16  org.opensearch.cluster.routing.allocation.DiskThresholdSettings$$Lambda/0x00007fcd286d0000
9703:             1             16  org.opensearch.cluster.routing.allocation.DiskThresholdSettings$$Lambda/0x00007fcd286d0470
9704:             1             16  org.opensearch.cluster.routing.allocation.DiskThresholdSettings$$Lambda/0x00007fcd286d08e0
9705:             1             16  org.opensearch.cluster.routing.allocation.DiskThresholdSettings$FloodStageValidator
9706:             1             16  org.opensearch.cluster.routing.allocation.DiskThresholdSettings$HighDiskWatermarkValidator
9707:             1             16  org.opensearch.cluster.routing.allocation.DiskThresholdSettings$LowDiskWatermarkValidator
9708:             1             16  org.opensearch.cluster.routing.allocation.RebalanceConstraints
9709:             1             16  org.opensearch.cluster.routing.allocation.allocator.BalancedShardsAllocator$$Lambda/0x00007fcd286c9238
9710:             1             16  org.opensearch.cluster.routing.allocation.allocator.BalancedShardsAllocator$$Lambda/0x00007fcd2871b0f0
9711:             1             16  org.opensearch.cluster.routing.allocation.allocator.BalancedShardsAllocator$$Lambda/0x00007fcd2871b320
9712:             1             16  org.opensearch.cluster.routing.allocation.allocator.BalancedShardsAllocator$$Lambda/0x00007fcd2871b550
9713:             1             16  org.opensearch.cluster.routing.allocation.allocator.BalancedShardsAllocator$$Lambda/0x00007fcd2871b780
9714:             1             16  org.opensearch.cluster.routing.allocation.allocator.BalancedShardsAllocator$$Lambda/0x00007fcd2871b9b0
9715:             1             16  org.opensearch.cluster.routing.allocation.allocator.BalancedShardsAllocator$$Lambda/0x00007fcd2871bbe0
9716:             1             16  org.opensearch.cluster.routing.allocation.allocator.BalancedShardsAllocator$$Lambda/0x00007fcd2871e000
9717:             1             16  org.opensearch.cluster.routing.allocation.allocator.BalancedShardsAllocator$$Lambda/0x00007fcd2871e230
9718:             1             16  org.opensearch.cluster.routing.allocation.command.AbstractAllocateAllocationCommand$$Lambda/0x00007fcd28483000
9719:             1             16  org.opensearch.cluster.routing.allocation.command.AbstractAllocateAllocationCommand$$Lambda/0x00007fcd28486a10
9720:             1             16  org.opensearch.cluster.routing.allocation.command.AbstractAllocateAllocationCommand$$Lambda/0x00007fcd28487ac8
9721:             1             16  org.opensearch.cluster.routing.allocation.command.BasePrimaryAllocationCommand$$Lambda/0x00007fcd28482c58
9722:             1             16  org.opensearch.cluster.routing.allocation.decider.AllocationDeciders
9723:             1             16  org.opensearch.cluster.routing.allocation.decider.AwarenessAllocationDecider$$Lambda/0x00007fcd28710a30
9724:             1             16  org.opensearch.cluster.routing.allocation.decider.AwarenessAllocationDecider$$Lambda/0x00007fcd28710c60
9725:             1             16  org.opensearch.cluster.routing.allocation.decider.ClusterRebalanceAllocationDecider
9726:             1             16  org.opensearch.cluster.routing.allocation.decider.ClusterRebalanceAllocationDecider$$Lambda/0x00007fcd286caa78
9727:             1             16  org.opensearch.cluster.routing.allocation.decider.ClusterRebalanceAllocationDecider$$Lambda/0x00007fcd28714f20
9728:             1             16  org.opensearch.cluster.routing.allocation.decider.ConcurrentRebalanceAllocationDecider
9729:             1             16  org.opensearch.cluster.routing.allocation.decider.ConcurrentRebalanceAllocationDecider$$Lambda/0x00007fcd28715150
9730:             1             16  org.opensearch.cluster.routing.allocation.decider.ConcurrentRecoveriesAllocationDecider
9731:             1             16  org.opensearch.cluster.routing.allocation.decider.ConcurrentRecoveriesAllocationDecider$$Lambda/0x00007fcd28715380
9732:             1             16  org.opensearch.cluster.routing.allocation.decider.EnableAllocationDecider$$Lambda/0x00007fcd286408f8
9733:             1             16  org.opensearch.cluster.routing.allocation.decider.EnableAllocationDecider$$Lambda/0x00007fcd28640b30
9734:             1             16  org.opensearch.cluster.routing.allocation.decider.EnableAllocationDecider$$Lambda/0x00007fcd28641198
9735:             1             16  org.opensearch.cluster.routing.allocation.decider.EnableAllocationDecider$$Lambda/0x00007fcd286413d0
9736:             1             16  org.opensearch.cluster.routing.allocation.decider.EnableAllocationDecider$$Lambda/0x00007fcd287155b0
9737:             1             16  org.opensearch.cluster.routing.allocation.decider.EnableAllocationDecider$$Lambda/0x00007fcd287157e0
9738:             1             16  org.opensearch.cluster.routing.allocation.decider.FilterAllocationDecider$$Lambda/0x00007fcd286cb630
9739:             1             16  org.opensearch.cluster.routing.allocation.decider.FilterAllocationDecider$$Lambda/0x00007fcd286cbab8
9740:             1             16  org.opensearch.cluster.routing.allocation.decider.FilterAllocationDecider$$Lambda/0x00007fcd286cbf40
9741:             1             16  org.opensearch.cluster.routing.allocation.decider.FilterAllocationDecider$$Lambda/0x00007fcd28716278
9742:             1             16  org.opensearch.cluster.routing.allocation.decider.FilterAllocationDecider$$Lambda/0x00007fcd287164a8
9743:             1             16  org.opensearch.cluster.routing.allocation.decider.FilterAllocationDecider$$Lambda/0x00007fcd28716948
9744:             1             16  org.opensearch.cluster.routing.allocation.decider.FilterAllocationDecider$$Lambda/0x00007fcd28716b78
9745:             1             16  org.opensearch.cluster.routing.allocation.decider.FilterAllocationDecider$$Lambda/0x00007fcd28716da0
9746:             1             16  org.opensearch.cluster.routing.allocation.decider.FilterAllocationDecider$$Lambda/0x00007fcd28716fd0
9747:             1             16  org.opensearch.cluster.routing.allocation.decider.FilterAllocationDecider$$Lambda/0x00007fcd287171f8
9748:             1             16  org.opensearch.cluster.routing.allocation.decider.FilterAllocationDecider$$Lambda/0x00007fcd28717428
9749:             1             16  org.opensearch.cluster.routing.allocation.decider.MaxRetryAllocationDecider
9750:             1             16  org.opensearch.cluster.routing.allocation.decider.NodeLoadAwareAllocationDecider$$Lambda/0x00007fcd28710400
9751:             1             16  org.opensearch.cluster.routing.allocation.decider.NodeLoadAwareAllocationDecider$$Lambda/0x00007fcd28718000
9752:             1             16  org.opensearch.cluster.routing.allocation.decider.NodeLoadAwareAllocationDecider$$Lambda/0x00007fcd28718230
9753:             1             16  org.opensearch.cluster.routing.allocation.decider.NodeLoadAwareAllocationDecider$$Lambda/0x00007fcd28718460
9754:             1             16  org.opensearch.cluster.routing.allocation.decider.NodeVersionAllocationDecider
9755:             1             16  org.opensearch.cluster.routing.allocation.decider.RebalanceOnlyWhenActiveAllocationDecider
9756:             1             16  org.opensearch.cluster.routing.allocation.decider.RemoteStoreMigrationAllocationDecider$$Lambda/0x00007fcd28718690
9757:             1             16  org.opensearch.cluster.routing.allocation.decider.RemoteStoreMigrationAllocationDecider$$Lambda/0x00007fcd287188c0
9758:             1             16  org.opensearch.cluster.routing.allocation.decider.ReplicaAfterPrimaryActiveAllocationDecider
9759:             1             16  org.opensearch.cluster.routing.allocation.decider.ResizeAllocationDecider
9760:             1             16  org.opensearch.cluster.routing.allocation.decider.RestoreInProgressAllocationDecider
9761:             1             16  org.opensearch.cluster.routing.allocation.decider.SameShardAllocationDecider
9762:             1             16  org.opensearch.cluster.routing.allocation.decider.SameShardAllocationDecider$$Lambda/0x00007fcd28717658
9763:             1             16  org.opensearch.cluster.routing.allocation.decider.ShardsLimitAllocationDecider$$Lambda/0x00007fcd28710800
9764:             1             16  org.opensearch.cluster.routing.allocation.decider.SnapshotInProgressAllocationDecider
9765:             1             16  org.opensearch.cluster.routing.allocation.decider.TargetPoolAllocationDecider
9766:             1             16  org.opensearch.cluster.routing.allocation.decider.ThrottlingAllocationDecider$$Lambda/0x00007fcd286cf2f8
9767:             1             16  org.opensearch.cluster.routing.allocation.decider.ThrottlingAllocationDecider$$Lambda/0x00007fcd286cf530
9768:             1             16  org.opensearch.cluster.routing.allocation.decider.ThrottlingAllocationDecider$$Lambda/0x00007fcd286cf768
9769:             1             16  org.opensearch.cluster.routing.allocation.decider.ThrottlingAllocationDecider$$Lambda/0x00007fcd28711690
9770:             1             16  org.opensearch.cluster.routing.allocation.decider.ThrottlingAllocationDecider$$Lambda/0x00007fcd287118c0
9771:             1             16  org.opensearch.cluster.routing.allocation.decider.ThrottlingAllocationDecider$$Lambda/0x00007fcd28711af0
9772:             1             16  org.opensearch.cluster.routing.allocation.decider.ThrottlingAllocationDecider$$Lambda/0x00007fcd28711d20
9773:             1             16  org.opensearch.cluster.routing.remote.InternalRemoteRoutingTableService$$Lambda/0x00007fcd28703e48
9774:             1             16  org.opensearch.cluster.routing.remote.InternalRemoteRoutingTableService$$Lambda/0x00007fcd28704960
9775:             1             16  org.opensearch.cluster.service.ClusterApplierService$$Lambda/0x00007fcd2870d9b0
9776:             1             16  org.opensearch.cluster.service.ClusterManagerTaskThrottler$$Lambda/0x00007fcd2870cbc0
9777:             1             16  org.opensearch.cluster.service.ClusterManagerTaskThrottler$$Lambda/0x00007fcd2870cdf0
9778:             1             16  org.opensearch.cluster.service.ClusterManagerTaskThrottler$$Lambda/0x00007fcd2870d298
9779:             1             16  org.opensearch.cluster.service.ClusterManagerTaskThrottler$$Lambda/0x00007fcd2870d4c8
9780:             1             16  org.opensearch.cluster.service.ClusterManagerThrottlingStats
9781:             1             16  org.opensearch.cluster.service.ClusterService$$Lambda/0x00007fcd286d7448
9782:             1             16  org.opensearch.cluster.service.ClusterService$$Lambda/0x00007fcd2870eb30
9783:             1             16  org.opensearch.cluster.service.ClusterService$$Lambda/0x00007fcd2870ed58
9784:             1             16  org.opensearch.cluster.service.MasterService$$Lambda/0x00007fcd2870c4c8
9785:             1             16  org.opensearch.cluster.service.MasterService$$Lambda/0x00007fcd2870c9a0
9786:             1             16  org.opensearch.common.RandomBasedUUIDGenerator
9787:             1             16  org.opensearch.common.bytes.ReleasableBytesReference$$Lambda/0x00007fcd29134570
9788:             1             16  org.opensearch.common.cache.Cache$$Lambda/0x00007fcd28627cc0
9789:             1             16  org.opensearch.common.cache.Cache$$Lambda/0x00007fcd2862c220
9790:             1             16  org.opensearch.common.cache.settings.CacheSettings$$Lambda/0x00007fcd28706a80
9791:             1             16  org.opensearch.common.cache.stats.NoopCacheStatsHolder
9792:             1             16  org.opensearch.common.cache.store.OpenSearchOnHeapCache$OpenSearchOnHeapCacheFactory
9793:             1             16  org.opensearch.common.cache.store.settings.OpenSearchOnHeapCacheSettings$$Lambda/0x00007fcd28706eb8
9794:             1             16  org.opensearch.common.cache.store.settings.OpenSearchOnHeapCacheSettings$$Lambda/0x00007fcd287070f0
9795:             1             16  org.opensearch.common.compress.DeflateCompressor
9796:             1             16  org.opensearch.common.compress.DeflateCompressor$$Lambda/0x00007fcd28530250
9797:             1             16  org.opensearch.common.compress.DeflateCompressor$$Lambda/0x00007fcd28530468
9798:             1             16  org.opensearch.common.compress.DeflateCompressor$$Lambda/0x00007fcd28530a10
9799:             1             16  org.opensearch.common.compress.DeflateCompressor$$Lambda/0x00007fcd28530c28
9800:             1             16  org.opensearch.common.compress.DeflateCompressor$$Lambda/0x00007fcd28530e40
9801:             1             16  org.opensearch.common.geo.GeoShapeType$$Lambda/0x00007fcd28868de8
9802:             1             16  org.opensearch.common.geo.GeoShapeType$$Lambda/0x00007fcd28869000
9803:             1             16  org.opensearch.common.geo.GeoShapeType$$Lambda/0x00007fcd28869218
9804:             1             16  org.opensearch.common.geo.GeoShapeType$$Lambda/0x00007fcd28869430
9805:             1             16  org.opensearch.common.geo.GeoShapeType$$Lambda/0x00007fcd28869648
9806:             1             16  org.opensearch.common.geo.GeoShapeType$$Lambda/0x00007fcd28869860
9807:             1             16  org.opensearch.common.geo.GeoShapeType$$Lambda/0x00007fcd28869e58
9808:             1             16  org.opensearch.common.geo.GeoShapeType$$Lambda/0x00007fcd2886a070
9809:             1             16  org.opensearch.common.geo.GeoShapeType$$Lambda/0x00007fcd2886a5e8
9810:             1             16  org.opensearch.common.geo.builders.ShapeBuilder$IntersectionOrder
9811:             1             16  org.opensearch.common.inject.InjectorImpl$ProviderBindingImpl$1
9812:             1             16  org.opensearch.common.inject.MembersInjectorImpl$$Lambda/0x00007fcd28b8f570
9813:             1             16  org.opensearch.common.inject.Scopes$1
9814:             1             16  org.opensearch.common.inject.Scopes$2
9815:             1             16  org.opensearch.common.inject.State$1
9816:             1             16  org.opensearch.common.inject.internal.Errors$2
9817:             1             16  org.opensearch.common.inject.internal.Errors$3
9818:             1             16  org.opensearch.common.inject.internal.Errors$4
9819:             1             16  org.opensearch.common.inject.internal.Scoping$1
9820:             1             16  org.opensearch.common.inject.internal.Scoping$2
9821:             1             16  org.opensearch.common.inject.internal.Scoping$3
9822:             1             16  org.opensearch.common.inject.internal.Scoping$4
9823:             1             16  org.opensearch.common.inject.internal.SourceProvider
9824:             1             16  org.opensearch.common.inject.matcher.Matchers$Any
9825:             1             16  org.opensearch.common.inject.spi.InjectionPoint$Factory$1
9826:             1             16  org.opensearch.common.inject.spi.InjectionPoint$Factory$2
9827:             1             16  org.opensearch.common.inject.util.Modules$1
9828:             1             16  org.opensearch.common.io.DiskIoBufferPool$$Lambda/0x00007fcd29347a98
9829:             1             16  org.opensearch.common.io.Streams$1
9830:             1             16  org.opensearch.common.io.stream.Streamables$$Lambda/0x00007fcd28cba100
9831:             1             16  org.opensearch.common.io.stream.Streamables$$Lambda/0x00007fcd28cba518
9832:             1             16  org.opensearch.common.io.stream.Streamables$$Lambda/0x00007fcd28cba730
9833:             1             16  org.opensearch.common.io.stream.Streamables$$Lambda/0x00007fcd28cba948
9834:             1             16  org.opensearch.common.io.stream.Streamables$$Lambda/0x00007fcd28cbab60
9835:             1             16  org.opensearch.common.joda.Joda$$Lambda/0x00007fcd290bd778
9836:             1             16  org.opensearch.common.joda.Joda$1
9837:             1             16  org.opensearch.common.joda.Joda$2
9838:             1             16  org.opensearch.common.lease.Releasables$$Lambda/0x00007fcd292dd430
9839:             1             16  org.opensearch.common.logging.HeaderWarning$$Lambda/0x00007fcd28394000
9840:             1             16  org.opensearch.common.logging.HeaderWarning$$Lambda/0x00007fcd28394248
9841:             1             16  org.opensearch.common.logging.LogConfigurator$$Lambda/0x00007fcd281b67a8
9842:             1             16  org.opensearch.common.logging.Loggers$$Lambda/0x00007fcd281b5a30
9843:             1             16  org.opensearch.common.logging.Loggers$$Lambda/0x00007fcd281b5c68
9844:             1             16  org.opensearch.common.logging.Loggers$$Lambda/0x00007fcd281b5ea0
9845:             1             16  org.opensearch.common.logging.NodeAndClusterIdStateListener$$Lambda/0x00007fcd290f3940
9846:             1             16  org.opensearch.common.lucene.search.Queries$$Lambda/0x00007fcd29349460
9847:             1             16  org.opensearch.common.network.NetworkModule$$Lambda/0x00007fcd2845f920
9848:             1             16  org.opensearch.common.network.NetworkModule$$Lambda/0x00007fcd2845fb38
9849:             1             16  org.opensearch.common.network.NetworkModule$$Lambda/0x00007fcd28482800
9850:             1             16  org.opensearch.common.network.NetworkModule$$Lambda/0x00007fcd28483db8
9851:             1             16  org.opensearch.common.network.NetworkModule$$Lambda/0x00007fcd28484940
9852:             1             16  org.opensearch.common.network.NetworkModule$$Lambda/0x00007fcd28484b58
9853:             1             16  org.opensearch.common.network.NetworkModule$$Lambda/0x00007fcd28485770
9854:             1             16  org.opensearch.common.network.NetworkModule$$Lambda/0x00007fcd28485988
9855:             1             16  org.opensearch.common.network.NetworkModule$$Lambda/0x00007fcd2848c7e0
9856:             1             16  org.opensearch.common.network.NetworkModule$$Lambda/0x00007fcd2848c9f8
9857:             1             16  org.opensearch.common.network.NetworkModule$$Lambda/0x00007fcd2848d0c8
9858:             1             16  org.opensearch.common.network.NetworkModule$$Lambda/0x00007fcd2848d5a8
9859:             1             16  org.opensearch.common.network.NetworkModule$$Lambda/0x00007fcd2848da80
9860:             1             16  org.opensearch.common.network.NetworkModule$$Lambda/0x00007fcd28c9f2d8
9861:             1             16  org.opensearch.common.network.NetworkModule$$Lambda/0x00007fcd28c9f718
9862:             1             16  org.opensearch.common.network.NetworkModule$$Lambda/0x00007fcd28c9fb90
9863:             1             16  org.opensearch.common.network.NetworkModule$$Lambda/0x00007fcd28ca0000
9864:             1             16  org.opensearch.common.network.NetworkModule$CompositeTransportInterceptor
9865:             1             16  org.opensearch.common.network.NetworkService
9866:             1             16  org.opensearch.common.settings.AbstractScopedSettings$$Lambda/0x00007fcd28646678
9867:             1             16  org.opensearch.common.settings.AbstractScopedSettings$$Lambda/0x00007fcd2864bfd0
9868:             1             16  org.opensearch.common.settings.AbstractScopedSettings$$Lambda/0x00007fcd2864e0b8
9869:             1             16  org.opensearch.common.settings.AbstractScopedSettings$$Lambda/0x00007fcd28872480
9870:             1             16  org.opensearch.common.settings.AbstractScopedSettings$$Lambda/0x00007fcd288726a8
9871:             1             16  org.opensearch.common.settings.AbstractScopedSettings$$Lambda/0x00007fcd288728d0
9872:             1             16  org.opensearch.common.settings.AbstractScopedSettings$$Lambda/0x00007fcd28872af8
9873:             1             16  org.opensearch.common.settings.AbstractScopedSettings$$Lambda/0x00007fcd28cdf9c8
9874:             1             16  org.opensearch.common.settings.AbstractScopedSettings$$Lambda/0x00007fcd28cdfbf0
9875:             1             16  org.opensearch.common.settings.AbstractScopedSettings$SettingUpdater$$Lambda/0x00007fcd291b2ab8
9876:             1             16  org.opensearch.common.settings.ClusterSettings$LoggingSettingUpdater$$Lambda/0x00007fcd28707cb0
9877:             1             16  org.opensearch.common.settings.IndexScopedSettings$$Lambda/0x00007fcd286372a8
9878:             1             16  org.opensearch.common.settings.IndexScopedSettings$$Lambda/0x00007fcd286374f0
9879:             1             16  org.opensearch.common.settings.IndexScopedSettings$$Lambda/0x00007fcd28646258
9880:             1             16  org.opensearch.common.settings.SecureSetting$InsecureStringSetting$$Lambda/0x00007fcd285344b0
9881:             1             16  org.opensearch.common.settings.Setting$$Lambda/0x00007fcd2802af28
9882:             1             16  org.opensearch.common.settings.Setting$$Lambda/0x00007fcd2802b580
9883:             1             16  org.opensearch.common.settings.Setting$$Lambda/0x00007fcd2802ba08
9884:             1             16  org.opensearch.common.settings.Setting$$Lambda/0x00007fcd2802c778
9885:             1             16  org.opensearch.common.settings.Setting$$Lambda/0x00007fcd280bf770
9886:             1             16  org.opensearch.common.settings.Setting$$Lambda/0x00007fcd280c3800
9887:             1             16  org.opensearch.common.settings.Setting$$Lambda/0x00007fcd280c8b18
9888:             1             16  org.opensearch.common.settings.Setting$$Lambda/0x00007fcd280ca5d8
9889:             1             16  org.opensearch.common.settings.Setting$$Lambda/0x00007fcd280ca818
9890:             1             16  org.opensearch.common.settings.Setting$$Lambda/0x00007fcd280cac80
9891:             1             16  org.opensearch.common.settings.Setting$$Lambda/0x00007fcd28216c58
9892:             1             16  org.opensearch.common.settings.Setting$$Lambda/0x00007fcd28396a08
9893:             1             16  org.opensearch.common.settings.Setting$$Lambda/0x00007fcd2848e0d0
9894:             1             16  org.opensearch.common.settings.Setting$$Lambda/0x00007fcd2854dad0
9895:             1             16  org.opensearch.common.settings.Setting$$Lambda/0x00007fcd2854dd18
9896:             1             16  org.opensearch.common.settings.Setting$$Lambda/0x00007fcd2854e3e8
9897:             1             16  org.opensearch.common.settings.Setting$$Lambda/0x00007fcd2862e990
9898:             1             16  org.opensearch.common.settings.Setting$$Lambda/0x00007fcd2862f6a8
9899:             1             16  org.opensearch.common.settings.Setting$$Lambda/0x00007fcd2862f8e8
9900:             1             16  org.opensearch.common.settings.Setting$$Lambda/0x00007fcd2864e2e0
9901:             1             16  org.opensearch.common.settings.Setting$$Lambda/0x00007fcd286e5068
9902:             1             16  org.opensearch.common.settings.Setting$$Lambda/0x00007fcd28708cc0
9903:             1             16  org.opensearch.common.settings.Setting$GroupSetting$$Lambda/0x00007fcd280c3c50
9904:             1             16  org.opensearch.common.settings.Setting$GroupSetting$$Lambda/0x00007fcd280c8000
9905:             1             16  org.opensearch.common.settings.Settings$$Lambda/0x00007fcd281e9010
9906:             1             16  org.opensearch.common.settings.Settings$Builder$$Lambda/0x00007fcd28028ca0
9907:             1             16  org.opensearch.common.settings.SettingsFilter$$Lambda/0x00007fcd292258b0
9908:             1             16  org.opensearch.common.settings.SettingsModule$$Lambda/0x00007fcd28707610
9909:             1             16  org.opensearch.common.ssl.DefaultJdkTrustConfig$$Lambda/0x00007fcd288fe8c0
9910:             1             16  org.opensearch.common.ssl.EmptyKeyConfig
9911:             1             16  org.opensearch.common.ssl.SslConfigurationLoader$$Lambda/0x00007fcd288fd440
9912:             1             16  org.opensearch.common.ssl.SslConfigurationLoader$$Lambda/0x00007fcd288fd678
9913:             1             16  org.opensearch.common.ssl.TrustEverythingConfig
9914:             1             16  org.opensearch.common.ssl.TrustEverythingConfig$1
9915:             1             16  org.opensearch.common.time.DateFormatter$$Lambda/0x00007fcd2808c708
9916:             1             16  org.opensearch.common.time.DateFormatters$$Lambda/0x00007fcd2808cd40
9917:             1             16  org.opensearch.common.time.DateFormatters$1
9918:             1             16  org.opensearch.common.time.EpochTime$$Lambda/0x00007fcd286186c8
9919:             1             16  org.opensearch.common.time.EpochTime$$Lambda/0x00007fcd286188f0
9920:             1             16  org.opensearch.common.time.FormatNames$$Lambda/0x00007fcd2808fa90
9921:             1             16  org.opensearch.common.time.IsoCalendarDataProvider
9922:             1             16  org.opensearch.common.time.JavaDateFormatter$$Lambda/0x00007fcd2808dba8
9923:             1             16  org.opensearch.common.time.JavaDateFormatter$$Lambda/0x00007fcd2808e080
9924:             1             16  org.opensearch.common.time.JavaDateFormatter$$Lambda/0x00007fcd2808e698
9925:             1             16  org.opensearch.common.time.JavaDateFormatter$$Lambda/0x00007fcd2808e8b0
9926:             1             16  org.opensearch.common.time.JavaDateFormatter$$Lambda/0x00007fcd2808eae8
9927:             1             16  org.opensearch.common.time.JavaDateFormatter$$Lambda/0x00007fcd2808ef50
9928:             1             16  org.opensearch.common.transport.PortsRange
9929:             1             16  org.opensearch.common.transport.PortsRange$$Lambda/0x00007fcd281dea38
9930:             1             16  org.opensearch.common.util.LazyInitializable$$Lambda/0x00007fcd2808cf58
9931:             1             16  org.opensearch.common.util.LazyInitializable$$Lambda/0x00007fcd2808d180
9932:             1             16  org.opensearch.common.util.PageCacheRecycler$$Lambda/0x00007fcd286ec2c0
9933:             1             16  org.opensearch.common.util.concurrent.OpenSearchExecutors$$Lambda/0x00007fcd2828a0f0
9934:             1             16  org.opensearch.common.util.concurrent.OpenSearchExecutors$DirectExecutorService
9935:             1             16  org.opensearch.common.util.concurrent.PrioritizedRunnable$$Lambda/0x00007fcd290f4940
9936:             1             16  org.opensearch.common.util.concurrent.ThreadContext$$Lambda/0x00007fcd28536f88
9937:             1             16  org.opensearch.common.util.concurrent.ThreadContext$$Lambda/0x00007fcd29131000
9938:             1             16  org.opensearch.common.util.concurrent.ThreadContext$$Lambda/0x00007fcd29131c90
9939:             1             16  org.opensearch.common.util.concurrent.ThreadContext$$Lambda/0x00007fcd291368d0
9940:             1             16  org.opensearch.common.util.concurrent.ThreadContext$$Lambda/0x00007fcd29137348
9941:             1             16  org.opensearch.common.util.concurrent.ThreadContext$$Lambda/0x00007fcd293dbb38
9942:             1             16  org.opensearch.common.util.concurrent.ThreadContext$LinkedHashSetCollector
9943:             1             16  org.opensearch.common.util.concurrent.ThreadContext$ThreadContextStruct$$Lambda/0x00007fcd2911c230
9944:             1             16  org.opensearch.common.util.concurrent.ThreadContext$ThreadContextStruct$$Lambda/0x00007fcd2911cec0
9945:             1             16  org.opensearch.common.util.io.Streams$$Lambda/0x00007fcd28a33848
9946:             1             16  org.opensearch.common.util.iterable.Iterables$FlattenedIterables$$Lambda/0x00007fcd290dd3d0
9947:             1             16  org.opensearch.common.xcontent.LoggingDeprecationHandler
9948:             1             16  org.opensearch.common.xcontent.XContentOpenSearchExtension$$Lambda/0x00007fcd28090878
9949:             1             16  org.opensearch.common.xcontent.XContentOpenSearchExtension$$Lambda/0x00007fcd28090a90
9950:             1             16  org.opensearch.common.xcontent.XContentOpenSearchExtension$$Lambda/0x00007fcd28090f48
9951:             1             16  org.opensearch.common.xcontent.XContentOpenSearchExtension$$Lambda/0x00007fcd28091160
9952:             1             16  org.opensearch.common.xcontent.XContentOpenSearchExtension$$Lambda/0x00007fcd28092ef8
9953:             1             16  org.opensearch.common.xcontent.XContentOpenSearchExtension$$Lambda/0x00007fcd28093610
9954:             1             16  org.opensearch.common.xcontent.XContentOpenSearchExtension$$Lambda/0x00007fcd28093b48
9955:             1             16  org.opensearch.common.xcontent.XContentOpenSearchExtension$$Lambda/0x00007fcd28093d60
9956:             1             16  org.opensearch.common.xcontent.XContentOpenSearchExtension$$Lambda/0x00007fcd28093f78
9957:             1             16  org.opensearch.common.xcontent.XContentOpenSearchExtension$$Lambda/0x00007fcd28094190
9958:             1             16  org.opensearch.common.xcontent.XContentOpenSearchExtension$$Lambda/0x00007fcd280943a8
9959:             1             16  org.opensearch.common.xcontent.XContentOpenSearchExtension$$Lambda/0x00007fcd280945c0
9960:             1             16  org.opensearch.common.xcontent.XContentOpenSearchExtension$$Lambda/0x00007fcd280947d8
9961:             1             16  org.opensearch.common.xcontent.XContentOpenSearchExtension$$Lambda/0x00007fcd280949f0
9962:             1             16  org.opensearch.common.xcontent.XContentOpenSearchExtension$$Lambda/0x00007fcd28094c08
9963:             1             16  org.opensearch.common.xcontent.XContentOpenSearchExtension$$Lambda/0x00007fcd28094e20
9964:             1             16  org.opensearch.common.xcontent.XContentOpenSearchExtension$$Lambda/0x00007fcd28095038
9965:             1             16  org.opensearch.common.xcontent.XContentOpenSearchExtension$$Lambda/0x00007fcd28095250
9966:             1             16  org.opensearch.common.xcontent.XContentOpenSearchExtension$$Lambda/0x00007fcd28095468
9967:             1             16  org.opensearch.common.xcontent.XContentOpenSearchExtension$$Lambda/0x00007fcd28095680
9968:             1             16  org.opensearch.common.xcontent.XContentOpenSearchExtension$$Lambda/0x00007fcd28095fe8
9969:             1             16  org.opensearch.common.xcontent.XContentOpenSearchExtension$$Lambda/0x00007fcd280963f8
9970:             1             16  org.opensearch.common.xcontent.XContentOpenSearchExtension$$Lambda/0x00007fcd28096830
9971:             1             16  org.opensearch.common.xcontent.XContentOpenSearchExtension$$Lambda/0x00007fcd28096c40
9972:             1             16  org.opensearch.common.xcontent.XContentOpenSearchExtension$$Lambda/0x00007fcd28097170
9973:             1             16  org.opensearch.common.xcontent.XContentOpenSearchExtension$$Lambda/0x00007fcd28097388
9974:             1             16  org.opensearch.common.xcontent.XContentOpenSearchExtension$$Lambda/0x00007fcd280975c0
9975:             1             16  org.opensearch.common.xcontent.XContentOpenSearchExtension$$Lambda/0x00007fcd280977f8
9976:             1             16  org.opensearch.common.xcontent.XContentOpenSearchExtension$$Lambda/0x00007fcd28097a30
9977:             1             16  org.opensearch.common.xcontent.XContentOpenSearchExtension$$Lambda/0x00007fcd28097c68
9978:             1             16  org.opensearch.common.xcontent.XContentOpenSearchExtension$$Lambda/0x00007fcd2809c000
9979:             1             16  org.opensearch.common.xcontent.XContentOpenSearchExtension$$Lambda/0x00007fcd2809c238
9980:             1             16  org.opensearch.common.xcontent.XContentOpenSearchExtension$$Lambda/0x00007fcd2809c7d8
9981:             1             16  org.opensearch.common.xcontent.XContentOpenSearchExtension$$Lambda/0x00007fcd2809ca10
9982:             1             16  org.opensearch.common.xcontent.XContentOpenSearchExtension$$Lambda/0x00007fcd2809cc48
9983:             1             16  org.opensearch.common.xcontent.XContentOpenSearchExtension$$Lambda/0x00007fcd2809ce80
9984:             1             16  org.opensearch.common.xcontent.XContentOpenSearchExtension$$Lambda/0x00007fcd2809d0b8
9985:             1             16  org.opensearch.common.xcontent.XContentOpenSearchExtension$$Lambda/0x00007fcd2809d2f0
9986:             1             16  org.opensearch.common.xcontent.XContentOpenSearchExtension$$Lambda/0x00007fcd2809d528
9987:             1             16  org.opensearch.common.xcontent.XContentOpenSearchExtension$$Lambda/0x00007fcd2809d760
9988:             1             16  org.opensearch.common.xcontent.XContentOpenSearchExtension$$Lambda/0x00007fcd2809d998
9989:             1             16  org.opensearch.common.xcontent.json.JsonXContent
9990:             1             16  org.opensearch.common.xcontent.smile.SmileXContent
9991:             1             16  org.opensearch.common.xcontent.yaml.YamlXContent
9992:             1             16  org.opensearch.commons.alerting.action.AlertingActions
9993:             1             16  org.opensearch.commons.alerting.action.AlertingActions
9994:             1             16  org.opensearch.commons.alerting.action.AlertingActions$$Lambda/0x00007fcd28a99f28
9995:             1             16  org.opensearch.commons.alerting.action.AlertingActions$$Lambda/0x00007fcd28a9a3d8
9996:             1             16  org.opensearch.commons.alerting.action.AlertingActions$$Lambda/0x00007fcd28a9a880
9997:             1             16  org.opensearch.commons.alerting.action.AlertingActions$$Lambda/0x00007fcd28a9ad28
9998:             1             16  org.opensearch.commons.alerting.action.AlertingActions$$Lambda/0x00007fcd28a9b1d8
9999:             1             16  org.opensearch.commons.alerting.action.AlertingActions$$Lambda/0x00007fcd28a9b688
10000:             1             16  org.opensearch.commons.alerting.action.AlertingActions$$Lambda/0x00007fcd28a9bb38
10001:             1             16  org.opensearch.commons.alerting.action.AlertingActions$$Lambda/0x00007fcd28c2c000
10002:             1             16  org.opensearch.commons.alerting.action.AlertingActions$$Lambda/0x00007fcd28c2c4a8
10003:             1             16  org.opensearch.commons.alerting.action.AlertingActions$$Lambda/0x00007fcd28c2c950
10004:             1             16  org.opensearch.commons.alerting.action.AlertingActions$$Lambda/0x00007fcd28c2cb68
10005:             1             16  org.opensearch.commons.alerting.action.AlertingActions$$Lambda/0x00007fcd28c2d018
10006:             1             16  org.opensearch.commons.alerting.action.AlertingActions$$Lambda/0x00007fcd28c2d230
10007:             1             16  org.opensearch.commons.alerting.action.AlertingActions$$Lambda/0x00007fcd28c2d6e0
10008:             1             16  org.opensearch.commons.alerting.action.AlertingActions$$Lambda/0x00007fcd28c2d8f8
10009:             1             16  org.opensearch.commons.alerting.action.AlertingActions$$Lambda/0x00007fcd28c2dda0
10010:             1             16  org.opensearch.commons.alerting.action.AlertingActions$$Lambda/0x00007fcd28c738f8
10011:             1             16  org.opensearch.commons.alerting.action.AlertingActions$$Lambda/0x00007fcd28c73da8
10012:             1             16  org.opensearch.commons.alerting.action.AlertingActions$$Lambda/0x00007fcd28c74250
10013:             1             16  org.opensearch.commons.alerting.action.AlertingActions$$Lambda/0x00007fcd28c746f8
10014:             1             16  org.opensearch.commons.alerting.action.AlertingActions$$Lambda/0x00007fcd28c74ba8
10015:             1             16  org.opensearch.commons.alerting.action.AlertingActions$$Lambda/0x00007fcd28c75058
10016:             1             16  org.opensearch.commons.alerting.action.AlertingActions$$Lambda/0x00007fcd28c75508
10017:             1             16  org.opensearch.commons.alerting.action.AlertingActions$$Lambda/0x00007fcd28c759b0
10018:             1             16  org.opensearch.commons.alerting.action.AlertingActions$$Lambda/0x00007fcd28c75e58
10019:             1             16  org.opensearch.commons.alerting.action.AlertingActions$$Lambda/0x00007fcd28c76300
10020:             1             16  org.opensearch.commons.alerting.action.AlertingActions$$Lambda/0x00007fcd28c76518
10021:             1             16  org.opensearch.commons.alerting.action.AlertingActions$$Lambda/0x00007fcd28c769c8
10022:             1             16  org.opensearch.commons.alerting.action.AlertingActions$$Lambda/0x00007fcd28c76be0
10023:             1             16  org.opensearch.commons.alerting.action.AlertingActions$$Lambda/0x00007fcd28c77090
10024:             1             16  org.opensearch.commons.alerting.action.AlertingActions$$Lambda/0x00007fcd28c772a8
10025:             1             16  org.opensearch.commons.alerting.action.AlertingActions$$Lambda/0x00007fcd28c77750
10026:             1             16  org.opensearch.commons.alerting.aggregation.bucketselectorext.BucketSelectorExtAggregationBuilder$Companion
10027:             1             16  org.opensearch.commons.alerting.model.Alert$Companion
10028:             1             16  org.opensearch.commons.alerting.model.BucketLevelTrigger$$Lambda/0x00007fcd288a08e8
10029:             1             16  org.opensearch.commons.alerting.model.BucketLevelTrigger$Companion
10030:             1             16  org.opensearch.commons.alerting.model.ChainedAlertTrigger$$Lambda/0x00007fcd288a1d80
10031:             1             16  org.opensearch.commons.alerting.model.ChainedAlertTrigger$Companion
10032:             1             16  org.opensearch.commons.alerting.model.ClusterMetricsInput$$Lambda/0x00007fcd288a0fb0
10033:             1             16  org.opensearch.commons.alerting.model.ClusterMetricsInput$Companion
10034:             1             16  org.opensearch.commons.alerting.model.DocLevelMonitorInput$$Lambda/0x00007fcd288a0200
10035:             1             16  org.opensearch.commons.alerting.model.DocLevelMonitorInput$Companion
10036:             1             16  org.opensearch.commons.alerting.model.DocumentLevelTrigger$$Lambda/0x00007fcd288a1698
10037:             1             16  org.opensearch.commons.alerting.model.DocumentLevelTrigger$Companion
10038:             1             16  org.opensearch.commons.alerting.model.Monitor$$Lambda/0x00007fcd2861d200
10039:             1             16  org.opensearch.commons.alerting.model.Monitor$Companion
10040:             1             16  org.opensearch.commons.alerting.model.QueryLevelTrigger$$Lambda/0x00007fcd2861dae0
10041:             1             16  org.opensearch.commons.alerting.model.QueryLevelTrigger$Companion
10042:             1             16  org.opensearch.commons.alerting.model.SearchInput$$Lambda/0x00007fcd28623a00
10043:             1             16  org.opensearch.commons.alerting.model.SearchInput$Companion
10044:             1             16  org.opensearch.commons.alerting.model.Workflow$$Lambda/0x00007fcd288a2490
10045:             1             16  org.opensearch.commons.alerting.model.Workflow$Companion
10046:             1             16  org.opensearch.commons.notifications.action.NotificationsActions
10047:             1             16  org.opensearch.commons.notifications.action.NotificationsActions$$Lambda/0x00007fcd28c88720
10048:             1             16  org.opensearch.commons.notifications.action.NotificationsActions$$Lambda/0x00007fcd28c88bc8
10049:             1             16  org.opensearch.commons.notifications.action.NotificationsActions$$Lambda/0x00007fcd28c89070
10050:             1             16  org.opensearch.commons.notifications.action.NotificationsActions$$Lambda/0x00007fcd28c89518
10051:             1             16  org.opensearch.commons.notifications.action.NotificationsActions$$Lambda/0x00007fcd28c899c0
10052:             1             16  org.opensearch.commons.notifications.action.NotificationsActions$$Lambda/0x00007fcd28c89e68
10053:             1             16  org.opensearch.commons.notifications.action.NotificationsActions$$Lambda/0x00007fcd28c8a080
10054:             1             16  org.opensearch.commons.notifications.action.NotificationsActions$$Lambda/0x00007fcd28c8a528
10055:             1             16  org.opensearch.compress.ZstdCompressor
10056:             1             16  org.opensearch.core.ParseField$$Lambda/0x00007fcd2908fa58
10057:             1             16  org.opensearch.core.common.Strings$$Lambda/0x00007fcd29093f68
10058:             1             16  org.opensearch.core.common.io.stream.NamedWriteableRegistry
10059:             1             16  org.opensearch.core.common.io.stream.NamedWriteableRegistry$$Lambda/0x00007fcd2888d340
10060:             1             16  org.opensearch.core.common.io.stream.StreamInput$$Lambda/0x00007fcd28cb5b50
10061:             1             16  org.opensearch.core.common.io.stream.StreamInput$$Lambda/0x00007fcd28cb5d68
10062:             1             16  org.opensearch.core.common.io.stream.StreamInput$$Lambda/0x00007fcd29196100
10063:             1             16  org.opensearch.core.common.io.stream.StreamInput$$Lambda/0x00007fcd2919ab78
10064:             1             16  org.opensearch.core.common.io.stream.StreamInput$$Lambda/0x00007fcd2919d648
10065:             1             16  org.opensearch.core.common.io.stream.StreamInput$$Lambda/0x00007fcd2919dc90
10066:             1             16  org.opensearch.core.common.io.stream.StreamOutput$$Lambda/0x00007fcd28cb17f0
10067:             1             16  org.opensearch.core.common.io.stream.StreamOutput$$Lambda/0x00007fcd28cb1a08
10068:             1             16  org.opensearch.core.common.io.stream.StreamOutput$$Lambda/0x00007fcd28cb1c20
10069:             1             16  org.opensearch.core.common.io.stream.StreamOutput$$Lambda/0x00007fcd28cb1e38
10070:             1             16  org.opensearch.core.common.io.stream.StreamOutput$$Lambda/0x00007fcd28cb2050
10071:             1             16  org.opensearch.core.common.io.stream.StreamOutput$$Lambda/0x00007fcd28cb2268
10072:             1             16  org.opensearch.core.common.io.stream.StreamOutput$$Lambda/0x00007fcd28cb2480
10073:             1             16  org.opensearch.core.common.io.stream.StreamOutput$$Lambda/0x00007fcd28cb2698
10074:             1             16  org.opensearch.core.common.io.stream.StreamOutput$$Lambda/0x00007fcd28cb28b0
10075:             1             16  org.opensearch.core.common.io.stream.StreamOutput$$Lambda/0x00007fcd28cb2ac8
10076:             1             16  org.opensearch.core.common.io.stream.StreamOutput$$Lambda/0x00007fcd28cb2ce0
10077:             1             16  org.opensearch.core.common.io.stream.StreamOutput$$Lambda/0x00007fcd28cb2ef8
10078:             1             16  org.opensearch.core.common.io.stream.StreamOutput$$Lambda/0x00007fcd28cb3110
10079:             1             16  org.opensearch.core.common.io.stream.StreamOutput$$Lambda/0x00007fcd28cb3328
10080:             1             16  org.opensearch.core.common.io.stream.StreamOutput$$Lambda/0x00007fcd28cb37a8
10081:             1             16  org.opensearch.core.common.io.stream.StreamOutput$$Lambda/0x00007fcd28cb39c0
10082:             1             16  org.opensearch.core.common.io.stream.StreamOutput$$Lambda/0x00007fcd28cb3bd8
10083:             1             16  org.opensearch.core.common.io.stream.StreamOutput$$Lambda/0x00007fcd28cb6000
10084:             1             16  org.opensearch.core.common.io.stream.StreamOutput$$Lambda/0x00007fcd28cb6218
10085:             1             16  org.opensearch.core.common.io.stream.StreamOutput$$Lambda/0x00007fcd28cb6430
10086:             1             16  org.opensearch.core.common.io.stream.StreamOutput$$Lambda/0x00007fcd28cb6648
10087:             1             16  org.opensearch.core.common.io.stream.StreamOutput$$Lambda/0x00007fcd28cb6860
10088:             1             16  org.opensearch.core.common.io.stream.StreamOutput$$Lambda/0x00007fcd28cb6a78
10089:             1             16  org.opensearch.core.common.io.stream.StreamOutput$$Lambda/0x00007fcd28cb6c90
10090:             1             16  org.opensearch.core.common.io.stream.StreamOutput$$Lambda/0x00007fcd28cb6ea8
10091:             1             16  org.opensearch.core.common.io.stream.StreamOutput$$Lambda/0x00007fcd29195ab8
10092:             1             16  org.opensearch.core.common.io.stream.StreamOutput$$Lambda/0x00007fcd291a5a40
10093:             1             16  org.opensearch.core.common.io.stream.StreamOutput$$Lambda/0x00007fcd291bf888
10094:             1             16  org.opensearch.core.common.io.stream.StreamOutput$$Lambda/0x00007fcd293ba218
10095:             1             16  org.opensearch.core.compress.CompressorRegistry$$Lambda/0x00007fcd2892ca50
10096:             1             16  org.opensearch.core.compress.CompressorRegistry$$Lambda/0x00007fcd2892cc88
10097:             1             16  org.opensearch.core.compress.CompressorRegistry$$Lambda/0x00007fcd2892cec0
10098:             1             16  org.opensearch.core.compress.NoneCompressor
10099:             1             16  org.opensearch.core.index.Index$$Lambda/0x00007fcd28630828
10100:             1             16  org.opensearch.core.index.Index$$Lambda/0x00007fcd28630a40
10101:             1             16  org.opensearch.core.index.Index$$Lambda/0x00007fcd28630c68
10102:             1             16  org.opensearch.core.tasks.resourcetracker.ResourceUsageInfo
10103:             1             16  org.opensearch.core.tasks.resourcetracker.TaskResourceInfo$$Lambda/0x00007fcd293db900
10104:             1             16  org.opensearch.core.tasks.resourcetracker.TaskResourceUsage$$Lambda/0x00007fcd29235aa8
10105:             1             16  org.opensearch.core.transport.TransportResponse$Empty
10106:             1             16  org.opensearch.core.xcontent.AbstractObjectParser$$Lambda/0x00007fcd28486c38
10107:             1             16  org.opensearch.core.xcontent.AbstractObjectParser$$Lambda/0x00007fcd28487cf0
10108:             1             16  org.opensearch.core.xcontent.AbstractObjectParser$$Lambda/0x00007fcd2848c000
10109:             1             16  org.opensearch.core.xcontent.AbstractObjectParser$$Lambda/0x00007fcd284b6ca0
10110:             1             16  org.opensearch.core.xcontent.AbstractObjectParser$$Lambda/0x00007fcd284b74f0
10111:             1             16  org.opensearch.core.xcontent.AbstractObjectParser$$Lambda/0x00007fcd287b7048
10112:             1             16  org.opensearch.core.xcontent.AbstractObjectParser$$Lambda/0x00007fcd287b8a30
10113:             1             16  org.opensearch.core.xcontent.AbstractObjectParser$$Lambda/0x00007fcd2880a938
10114:             1             16  org.opensearch.core.xcontent.AbstractObjectParser$$Lambda/0x00007fcd291dfb60
10115:             1             16  org.opensearch.core.xcontent.AbstractXContentParser$$Lambda/0x00007fcd280a1e88
10116:             1             16  org.opensearch.core.xcontent.AbstractXContentParser$$Lambda/0x00007fcd280a20a0
10117:             1             16  org.opensearch.core.xcontent.ConstructingObjectParser$$Lambda/0x00007fcd284b61a8
10118:             1             16  org.opensearch.core.xcontent.ConstructingObjectParser$$Lambda/0x00007fcd284b63d0
10119:             1             16  org.opensearch.core.xcontent.ConstructingObjectParser$$Lambda/0x00007fcd290954c0
10120:             1             16  org.opensearch.core.xcontent.DeprecationHandler$1
10121:             1             16  org.opensearch.core.xcontent.DeprecationHandler$2
10122:             1             16  org.opensearch.core.xcontent.MediaTypeRegistry$$Lambda/0x00007fcd2802f2d8
10123:             1             16  org.opensearch.core.xcontent.MediaTypeRegistry$$Lambda/0x00007fcd2802f510
10124:             1             16  org.opensearch.core.xcontent.MediaTypeRegistry$$Lambda/0x00007fcd2802f748
10125:             1             16  org.opensearch.core.xcontent.NamedXContentRegistry$$Lambda/0x00007fcd2888f750
10126:             1             16  org.opensearch.core.xcontent.ObjectParser$$Lambda/0x00007fcd284865c0
10127:             1             16  org.opensearch.core.xcontent.ObjectParser$$Lambda/0x00007fcd287efa30
10128:             1             16  org.opensearch.core.xcontent.ObjectParser$$Lambda/0x00007fcd28d0b7b8
10129:             1             16  org.opensearch.core.xcontent.ObjectParser$$Lambda/0x00007fcd290956e8
10130:             1             16  org.opensearch.core.xcontent.ObjectParser$$Lambda/0x00007fcd29214468
10131:             1             16  org.opensearch.core.xcontent.ObjectParser$$Lambda/0x00007fcd29214688
10132:             1             16  org.opensearch.core.xcontent.ObjectParserHelper$$Lambda/0x00007fcd2924cf50
10133:             1             16  org.opensearch.core.xcontent.ToXContent$1
10134:             1             16  org.opensearch.core.xcontent.XContentBuilder$$Lambda/0x00007fcd28082438
10135:             1             16  org.opensearch.core.xcontent.XContentBuilder$$Lambda/0x00007fcd28082650
10136:             1             16  org.opensearch.core.xcontent.XContentBuilder$$Lambda/0x00007fcd28082868
10137:             1             16  org.opensearch.core.xcontent.XContentBuilder$$Lambda/0x00007fcd28082a80
10138:             1             16  org.opensearch.core.xcontent.XContentBuilder$$Lambda/0x00007fcd28082c98
10139:             1             16  org.opensearch.core.xcontent.XContentBuilder$$Lambda/0x00007fcd28082eb0
10140:             1             16  org.opensearch.core.xcontent.XContentBuilder$$Lambda/0x00007fcd280830c8
10141:             1             16  org.opensearch.core.xcontent.XContentBuilder$$Lambda/0x00007fcd280832e0
10142:             1             16  org.opensearch.core.xcontent.XContentBuilder$$Lambda/0x00007fcd280834f8
10143:             1             16  org.opensearch.core.xcontent.XContentBuilder$$Lambda/0x00007fcd28083710
10144:             1             16  org.opensearch.core.xcontent.XContentBuilder$$Lambda/0x00007fcd28083928
10145:             1             16  org.opensearch.core.xcontent.XContentBuilder$$Lambda/0x00007fcd28083b40
10146:             1             16  org.opensearch.core.xcontent.XContentBuilder$$Lambda/0x00007fcd28083d58
10147:             1             16  org.opensearch.core.xcontent.XContentBuilder$$Lambda/0x00007fcd28086000
10148:             1             16  org.opensearch.core.xcontent.XContentBuilder$$Lambda/0x00007fcd28086218
10149:             1             16  org.opensearch.core.xcontent.XContentBuilder$$Lambda/0x00007fcd28086430
10150:             1             16  org.opensearch.core.xcontent.XContentBuilder$$Lambda/0x00007fcd28086648
10151:             1             16  org.opensearch.core.xcontent.XContentBuilder$$Lambda/0x00007fcd28086860
10152:             1             16  org.opensearch.core.xcontent.XContentBuilder$$Lambda/0x00007fcd28086a78
10153:             1             16  org.opensearch.core.xcontent.XContentBuilder$$Lambda/0x00007fcd28086c90
10154:             1             16  org.opensearch.core.xcontent.XContentBuilder$$Lambda/0x00007fcd28086ea8
10155:             1             16  org.opensearch.core.xcontent.XContentBuilder$$Lambda/0x00007fcd280870c0
10156:             1             16  org.opensearch.core.xcontent.XContentBuilder$$Lambda/0x00007fcd280872d8
10157:             1             16  org.opensearch.core.xcontent.XContentBuilder$$Lambda/0x00007fcd2809dbd0
10158:             1             16  org.opensearch.core.xcontent.XContentBuilder$$Lambda/0x00007fcd2809ddf8
10159:             1             16  org.opensearch.core.xcontent.XContentBuilder$$Lambda/0x00007fcd2809e020
10160:             1             16  org.opensearch.dashboards.OpenSearchDashboardsPlugin
10161:             1             16  org.opensearch.dashboards.OpenSearchDashboardsPlugin$$Lambda/0x00007fcd282385c8
10162:             1             16  org.opensearch.dashboards.OpenSearchDashboardsPlugin$OpenSearchDashboardsWrappedRestHandler$$Lambda/0x00007fcd28fe44b0
10163:             1             16  org.opensearch.discovery.DiscoveryModule$$Lambda/0x00007fcd28cf5540
10164:             1             16  org.opensearch.discovery.DiscoveryModule$$Lambda/0x00007fcd28cf5970
10165:             1             16  org.opensearch.discovery.DiscoveryModule$$Lambda/0x00007fcd28cf5b90
10166:             1             16  org.opensearch.discovery.PeerFinder$$Lambda/0x00007fcd28cf9d00
10167:             1             16  org.opensearch.discovery.PeerFinder$$Lambda/0x00007fcd28cf9f18
10168:             1             16  org.opensearch.discovery.PeerFinder$$Lambda/0x00007fcd290f0000
10169:             1             16  org.opensearch.discovery.PeerFinder$$Lambda/0x00007fcd290f0908
10170:             1             16  org.opensearch.discovery.PeerFinder$$Lambda/0x00007fcd290f0b40
10171:             1             16  org.opensearch.discovery.PeerFinder$Peer$2$$Lambda/0x00007fcd29196318
10172:             1             16  org.opensearch.discovery.PeerFinder$Peer$2$$Lambda/0x00007fcd29196780
10173:             1             16  org.opensearch.discovery.SettingsBasedSeedHostsProvider
10174:             1             16  org.opensearch.env.Environment$$Lambda/0x00007fcd280cb9e0
10175:             1             16  org.opensearch.env.NodeEnvironment$$Lambda/0x00007fcd284a7840
10176:             1             16  org.opensearch.env.NodeEnvironment$$Lambda/0x00007fcd284a7a88
10177:             1             16  org.opensearch.env.NodeEnvironment$$Lambda/0x00007fcd284b0d88
10178:             1             16  org.opensearch.env.NodeEnvironment$$Lambda/0x00007fcd284b0fc0
10179:             1             16  org.opensearch.env.NodeEnvironment$IndexStoreListener$1
10180:             1             16  org.opensearch.env.NodeMetadata$NodeMetadataStateFormat$$Lambda/0x00007fcd2851bfd8
10181:             1             16  org.opensearch.env.NodeMetadata$NodeMetadataStateFormat$$Lambda/0x00007fcd2851c1f0
10182:             1             16  org.opensearch.env.NodeMetadata$NodeMetadataStateFormat$$Lambda/0x00007fcd2851c418
10183:             1             16  org.opensearch.flowframework.FlowFrameworkPlugin
10184:             1             16  org.opensearch.flowframework.common.FlowFrameworkSettings$$Lambda/0x00007fcd283c1ab0
10185:             1             16  org.opensearch.flowframework.common.FlowFrameworkSettings$$Lambda/0x00007fcd283c1ce0
10186:             1             16  org.opensearch.flowframework.common.FlowFrameworkSettings$$Lambda/0x00007fcd28a45000
10187:             1             16  org.opensearch.flowframework.common.FlowFrameworkSettings$$Lambda/0x00007fcd28a45230
10188:             1             16  org.opensearch.flowframework.common.FlowFrameworkSettings$$Lambda/0x00007fcd28a45460
10189:             1             16  org.opensearch.flowframework.indices.FlowFrameworkIndex$$Lambda/0x00007fcd28a4c300
10190:             1             16  org.opensearch.flowframework.indices.FlowFrameworkIndex$$Lambda/0x00007fcd28a4cf68
10191:             1             16  org.opensearch.flowframework.indices.FlowFrameworkIndex$$Lambda/0x00007fcd28a4d180
10192:             1             16  org.opensearch.flowframework.transport.CreateWorkflowAction$$Lambda/0x00007fcd28a50b20
10193:             1             16  org.opensearch.flowframework.transport.CreateWorkflowTransportAction$$Lambda/0x00007fcd28d39710
10194:             1             16  org.opensearch.flowframework.transport.DeleteWorkflowAction$$Lambda/0x00007fcd28a50f58
10195:             1             16  org.opensearch.flowframework.transport.DeleteWorkflowTransportAction$$Lambda/0x00007fcd28d38eb0
10196:             1             16  org.opensearch.flowframework.transport.DeprovisionWorkflowAction$$Lambda/0x00007fcd28a517b8
10197:             1             16  org.opensearch.flowframework.transport.DeprovisionWorkflowTransportAction$$Lambda/0x00007fcd28d38a80
10198:             1             16  org.opensearch.flowframework.transport.GetWorkflowAction$$Lambda/0x00007fcd28a52978
10199:             1             16  org.opensearch.flowframework.transport.GetWorkflowStateAction$$Lambda/0x00007fcd28a522b8
10200:             1             16  org.opensearch.flowframework.transport.GetWorkflowStateTransportAction$$Lambda/0x00007fcd28d390c8
10201:             1             16  org.opensearch.flowframework.transport.GetWorkflowStepAction$$Lambda/0x00007fcd28a53030
10202:             1             16  org.opensearch.flowframework.transport.GetWorkflowStepTransportAction$$Lambda/0x00007fcd28d394f8
10203:             1             16  org.opensearch.flowframework.transport.GetWorkflowTransportAction$$Lambda/0x00007fcd28d39928
10204:             1             16  org.opensearch.flowframework.transport.ProvisionWorkflowAction$$Lambda/0x00007fcd28a51388
10205:             1             16  org.opensearch.flowframework.transport.ProvisionWorkflowTransportAction$$Lambda/0x00007fcd28d38c98
10206:             1             16  org.opensearch.flowframework.transport.SearchWorkflowAction$$Lambda/0x00007fcd28a51be8
10207:             1             16  org.opensearch.flowframework.transport.SearchWorkflowStateAction$$Lambda/0x00007fcd28a53460
10208:             1             16  org.opensearch.flowframework.transport.SearchWorkflowStateTransportAction$$Lambda/0x00007fcd28d38868
10209:             1             16  org.opensearch.flowframework.transport.SearchWorkflowTransportAction$$Lambda/0x00007fcd28d392e0
10210:             1             16  org.opensearch.flowframework.workflow.WorkflowStepFactory
10211:             1             16  org.opensearch.flowframework.workflow.WorkflowStepFactory$$Lambda/0x00007fcd28a4dc98
10212:             1             16  org.opensearch.flowframework.workflow.WorkflowStepFactory$$Lambda/0x00007fcd28a4eb70
10213:             1             16  org.opensearch.flowframework.workflow.WorkflowStepFactory$$Lambda/0x00007fcd28a4efb0
10214:             1             16  org.opensearch.flowframework.workflow.WorkflowStepFactory$$Lambda/0x00007fcd28a4f3f0
10215:             1             16  org.opensearch.flowframework.workflow.WorkflowStepFactory$$Lambda/0x00007fcd28a4fa68
10216:             1             16  org.opensearch.flowframework.workflow.WorkflowStepFactory$$Lambda/0x00007fcd28a50000
10217:             1             16  org.opensearch.forecast.ForecastTaskProfileRunner
10218:             1             16  org.opensearch.forecast.caching.ForecastCacheProvider
10219:             1             16  org.opensearch.forecast.indices.ForecastIndex$$Lambda/0x00007fcd28a3a2d0
10220:             1             16  org.opensearch.forecast.indices.ForecastIndex$$Lambda/0x00007fcd28a3a4e8
10221:             1             16  org.opensearch.forecast.indices.ForecastIndex$$Lambda/0x00007fcd28a3a700
10222:             1             16  org.opensearch.forecast.indices.ForecastIndex$$Lambda/0x00007fcd28a3a918
10223:             1             16  org.opensearch.forecast.indices.ForecastIndex$$Lambda/0x00007fcd28a3ab30
10224:             1             16  org.opensearch.forecast.indices.ForecastIndex$$Lambda/0x00007fcd28a3ad48
10225:             1             16  org.opensearch.forecast.indices.ForecastIndexManagement$$Lambda/0x00007fcd28a3b150
10226:             1             16  org.opensearch.forecast.indices.ForecastIndexManagement$$Lambda/0x00007fcd28a3b368
10227:             1             16  org.opensearch.forecast.indices.ForecastIndexManagement$$Lambda/0x00007fcd28a3b598
10228:             1             16  org.opensearch.forecast.indices.ForecastIndexManagement$$Lambda/0x00007fcd28a3b7c8
10229:             1             16  org.opensearch.forecast.indices.ForecastIndexManagement$$Lambda/0x00007fcd28a3b9f8
10230:             1             16  org.opensearch.forecast.model.Forecaster$$Lambda/0x00007fcd2889c698
10231:             1             16  org.opensearch.forecast.ratelimit.ForecastCheckpointMaintainWorker$$Lambda/0x00007fcd28a3ce80
10232:             1             16  org.opensearch.forecast.ratelimit.ForecastCheckpointMaintainWorker$$Lambda/0x00007fcd28a3d0b0
10233:             1             16  org.opensearch.forecast.ratelimit.ForecastResultWriteWorker$$Lambda/0x00007fcd28a3f4d8
10234:             1             16  org.opensearch.forecast.rest.AbstractForecastSearchAction$$Lambda/0x00007fcd29013dc0
10235:             1             16  org.opensearch.forecast.rest.RestForecasterSuggestAction$$Lambda/0x00007fcd29015330
10236:             1             16  org.opensearch.forecast.stats.ForecastModelsOnNodeSupplier$$Lambda/0x00007fcd28a40000
10237:             1             16  org.opensearch.forecast.stats.ForecastStats
10238:             1             16  org.opensearch.forecast.stats.suppliers.ForecastModelsOnNodeCountSupplier
10239:             1             16  org.opensearch.forecast.transport.DeleteForecastModelAction$$Lambda/0x00007fcd28c257b0
10240:             1             16  org.opensearch.forecast.transport.DeleteForecasterAction$$Lambda/0x00007fcd28c26398
10241:             1             16  org.opensearch.forecast.transport.EntityForecastResultAction$$Lambda/0x00007fcd28c244a8
10242:             1             16  org.opensearch.forecast.transport.EntityForecastResultTransportAction$$Lambda/0x00007fcd28f1f998
10243:             1             16  org.opensearch.forecast.transport.ForecastEntityProfileAction$$Lambda/0x00007fcd28c276f0
10244:             1             16  org.opensearch.forecast.transport.ForecastProfileAction$$Lambda/0x00007fcd28a41460
10245:             1             16  org.opensearch.forecast.transport.ForecastResultAction$$Lambda/0x00007fcd28a41c58
10246:             1             16  org.opensearch.forecast.transport.ForecastResultBulkAction$$Lambda/0x00007fcd28c248d8
10247:             1             16  org.opensearch.forecast.transport.ForecastResultBulkTransportAction$$Lambda/0x00007fcd28e3c448
10248:             1             16  org.opensearch.forecast.transport.ForecastResultBulkTransportAction$$Lambda/0x00007fcd28e3c660
10249:             1             16  org.opensearch.forecast.transport.ForecastResultBulkTransportAction$$Lambda/0x00007fcd28e3c890
10250:             1             16  org.opensearch.forecast.transport.ForecastResultTransportAction$$Lambda/0x00007fcd28f77460
10251:             1             16  org.opensearch.forecast.transport.ForecastRunOnceAction$$Lambda/0x00007fcd28c28b08
10252:             1             16  org.opensearch.forecast.transport.ForecastRunOnceProfileAction$$Lambda/0x00007fcd28c29200
10253:             1             16  org.opensearch.forecast.transport.ForecastRunOnceProfileTransportAction$$Lambda/0x00007fcd28f1f568
10254:             1             16  org.opensearch.forecast.transport.ForecastRunOnceProfileTransportAction$$Lambda/0x00007fcd28f1f780
10255:             1             16  org.opensearch.forecast.transport.ForecastRunOnceTransportAction$$Lambda/0x00007fcd28f1fbb0
10256:             1             16  org.opensearch.forecast.transport.ForecastRunOnceTransportAction$$Lambda/0x00007fcd28f1fdc8
10257:             1             16  org.opensearch.forecast.transport.ForecastRunOnceTransportAction$$Lambda/0x00007fcd28f77000
10258:             1             16  org.opensearch.forecast.transport.ForecastRunOnceTransportAction$$Lambda/0x00007fcd28f77230
10259:             1             16  org.opensearch.forecast.transport.ForecastSingleStreamResultAction$$Lambda/0x00007fcd28c24d28
10260:             1             16  org.opensearch.forecast.transport.ForecastStatsNodesAction$$Lambda/0x00007fcd28c28670
10261:             1             16  org.opensearch.forecast.transport.ForecasterJobAction$$Lambda/0x00007fcd28c25170
10262:             1             16  org.opensearch.forecast.transport.GetForecasterAction$$Lambda/0x00007fcd28c25f00
10263:             1             16  org.opensearch.forecast.transport.IndexForecasterAction$$Lambda/0x00007fcd28c23e58
10264:             1             16  org.opensearch.forecast.transport.IndexForecasterTransportAction$$Lambda/0x00007fcd28f1d180
10265:             1             16  org.opensearch.forecast.transport.IndexForecasterTransportAction$$Lambda/0x00007fcd28f1d398
10266:             1             16  org.opensearch.forecast.transport.SearchForecastTasksAction$$Lambda/0x00007fcd28c27da0
10267:             1             16  org.opensearch.forecast.transport.SearchForecastTasksTransportAction$$Lambda/0x00007fcd28f1d5c8
10268:             1             16  org.opensearch.forecast.transport.SearchForecasterAction$$Lambda/0x00007fcd28c267c8
10269:             1             16  org.opensearch.forecast.transport.SearchForecasterInfoAction$$Lambda/0x00007fcd28c26bf8
10270:             1             16  org.opensearch.forecast.transport.SearchForecasterTransportAction$$Lambda/0x00007fcd28d9df88
10271:             1             16  org.opensearch.forecast.transport.SearchTopForecastResultAction$$Lambda/0x00007fcd28c272b8
10272:             1             16  org.opensearch.forecast.transport.SearchTopForecastResultTransportAction$$Lambda/0x00007fcd28f1dea0
10273:             1             16  org.opensearch.forecast.transport.StatsForecasterAction$$Lambda/0x00007fcd28c28218
10274:             1             16  org.opensearch.forecast.transport.StopForecasterAction$$Lambda/0x00007fcd28a41e70
10275:             1             16  org.opensearch.forecast.transport.StopForecasterTransportAction$$Lambda/0x00007fcd28e3dff0
10276:             1             16  org.opensearch.forecast.transport.SuggestForecasterParamAction$$Lambda/0x00007fcd28c29db8
10277:             1             16  org.opensearch.forecast.transport.ValidateForecasterAction$$Lambda/0x00007fcd28c29690
10278:             1             16  org.opensearch.gateway.ClusterStateUpdaters$$Lambda/0x00007fcd290c3de8
10279:             1             16  org.opensearch.gateway.ClusterStateUpdaters$$Lambda/0x00007fcd290c4010
10280:             1             16  org.opensearch.gateway.ClusterStateUpdaters$$Lambda/0x00007fcd290c4238
10281:             1             16  org.opensearch.gateway.ClusterStateUpdaters$$Lambda/0x00007fcd290c4460
10282:             1             16  org.opensearch.gateway.GatewayMetaState
10283:             1             16  org.opensearch.gateway.GatewayMetaState$$Lambda/0x00007fcd290c3048
10284:             1             16  org.opensearch.gateway.GatewayMetaState$$Lambda/0x00007fcd290c3700
10285:             1             16  org.opensearch.gateway.LocalAllocateDangledIndices$$Lambda/0x00007fcd28dcf5f8
10286:             1             16  org.opensearch.gateway.LocalAllocateDangledIndices$AllocateDangledRequestHandler
10287:             1             16  org.opensearch.gateway.PersistedClusterStateService$$Lambda/0x00007fcd288b0d60
10288:             1             16  org.opensearch.gateway.PersistedClusterStateService$$Lambda/0x00007fcd29089b90
10289:             1             16  org.opensearch.gateway.PersistedClusterStateService$$Lambda/0x00007fcd290cd000
10290:             1             16  org.opensearch.gateway.PersistedClusterStateService$Writer$$Lambda/0x00007fcd290e8ef0
10291:             1             16  org.opensearch.gateway.PersistedClusterStateService$Writer$$Lambda/0x00007fcd290e9128
10292:             1             16  org.opensearch.gateway.PrimaryShardAllocator$$Lambda/0x00007fcd28da68a0
10293:             1             16  org.opensearch.gateway.PrimaryShardAllocator$$Lambda/0x00007fcd28da6ad8
10294:             1             16  org.opensearch.gateway.PrimaryShardAllocator$$Lambda/0x00007fcd28da6d10
10295:             1             16  org.opensearch.gateway.TransportNodesListGatewayMetaState$$Lambda/0x00007fcd28ddc1f0
10296:             1             16  org.opensearch.gateway.TransportNodesListGatewayMetaState$$Lambda/0x00007fcd28ddc408
10297:             1             16  org.opensearch.gateway.TransportNodesListGatewayMetaState$$Lambda/0x00007fcd28ddc620
10298:             1             16  org.opensearch.gateway.TransportNodesListGatewayStartedShards$$Lambda/0x00007fcd28da5298
10299:             1             16  org.opensearch.gateway.TransportNodesListGatewayStartedShards$$Lambda/0x00007fcd28da54b0
10300:             1             16  org.opensearch.gateway.TransportNodesListGatewayStartedShards$$Lambda/0x00007fcd28da56c8
10301:             1             16  org.opensearch.gateway.TransportNodesListGatewayStartedShardsBatch$$Lambda/0x00007fcd28da6f48
10302:             1             16  org.opensearch.gateway.TransportNodesListGatewayStartedShardsBatch$$Lambda/0x00007fcd28da7160
10303:             1             16  org.opensearch.gateway.TransportNodesListGatewayStartedShardsBatch$$Lambda/0x00007fcd28da7378
10304:             1             16  org.opensearch.geo.GeoModulePlugin
10305:             1             16  org.opensearch.geo.GeoModulePlugin$$Lambda/0x00007fcd28825320
10306:             1             16  org.opensearch.geo.GeoModulePlugin$$Lambda/0x00007fcd28825b80
10307:             1             16  org.opensearch.geo.GeoModulePlugin$$Lambda/0x00007fcd28825d98
10308:             1             16  org.opensearch.geo.GeoModulePlugin$$Lambda/0x00007fcd2882a8a8
10309:             1             16  org.opensearch.geo.GeoModulePlugin$$Lambda/0x00007fcd2882b4a0
10310:             1             16  org.opensearch.geo.GeoModulePlugin$$Lambda/0x00007fcd2882b6b8
10311:             1             16  org.opensearch.geo.GeoModulePlugin$$Lambda/0x00007fcd28836480
10312:             1             16  org.opensearch.geo.GeoModulePlugin$$Lambda/0x00007fcd28838a90
10313:             1             16  org.opensearch.geo.GeoModulePlugin$$Lambda/0x00007fcd28838ca8
10314:             1             16  org.opensearch.geo.GeoModulePlugin$$Lambda/0x00007fcd288395a8
10315:             1             16  org.opensearch.geo.GeoModulePlugin$$Lambda/0x00007fcd2883a368
10316:             1             16  org.opensearch.geo.GeoModulePlugin$$Lambda/0x00007fcd2883a580
10317:             1             16  org.opensearch.geo.search.aggregations.bucket.composite.GeoTileGridValuesSourceBuilder$$Lambda/0x00007fcd28825740
10318:             1             16  org.opensearch.geo.search.aggregations.bucket.composite.GeoTileGridValuesSourceBuilder$$Lambda/0x00007fcd28825968
10319:             1             16  org.opensearch.geo.search.aggregations.bucket.composite.GeoTileGridValuesSourceBuilder$$Lambda/0x00007fcd2882a000
10320:             1             16  org.opensearch.geo.search.aggregations.bucket.geogrid.GeoGridAggregationBuilder$$Lambda/0x00007fcd288370f8
10321:             1             16  org.opensearch.geo.search.aggregations.bucket.geogrid.GeoGridAggregationBuilder$$Lambda/0x00007fcd28837320
10322:             1             16  org.opensearch.geo.search.aggregations.bucket.geogrid.GeoGridAggregationBuilder$$Lambda/0x00007fcd28837548
10323:             1             16  org.opensearch.geo.search.aggregations.bucket.geogrid.GeoGridAggregationBuilder$$Lambda/0x00007fcd2883cc50
10324:             1             16  org.opensearch.geo.search.aggregations.bucket.geogrid.GeoGridAggregationBuilder$$Lambda/0x00007fcd28840000
10325:             1             16  org.opensearch.geo.search.aggregations.bucket.geogrid.GeoGridAggregationBuilder$$Lambda/0x00007fcd28840228
10326:             1             16  org.opensearch.geo.search.aggregations.bucket.geogrid.GeoGridAggregationBuilder$$Lambda/0x00007fcd28840450
10327:             1             16  org.opensearch.geo.search.aggregations.bucket.geogrid.GeoHashGridAggregationBuilder$$Lambda/0x00007fcd28836a88
10328:             1             16  org.opensearch.geo.search.aggregations.bucket.geogrid.GeoHashGridAggregationBuilder$$Lambda/0x00007fcd28836ca0
10329:             1             16  org.opensearch.geo.search.aggregations.bucket.geogrid.GeoHashGridAggregatorFactory$$Lambda/0x00007fcd2883e950
10330:             1             16  org.opensearch.geo.search.aggregations.bucket.geogrid.GeoHashGridAggregatorFactory$$Lambda/0x00007fcd2883eb68
10331:             1             16  org.opensearch.geo.search.aggregations.bucket.geogrid.GeoTileGridAggregationBuilder$$Lambda/0x00007fcd288397c0
10332:             1             16  org.opensearch.geo.search.aggregations.bucket.geogrid.GeoTileGridAggregationBuilder$$Lambda/0x00007fcd288399d8
10333:             1             16  org.opensearch.geo.search.aggregations.bucket.geogrid.GeoTileGridAggregatorFactory$$Lambda/0x00007fcd2883f450
10334:             1             16  org.opensearch.geo.search.aggregations.bucket.geogrid.GeoTileGridAggregatorFactory$$Lambda/0x00007fcd2883f668
10335:             1             16  org.opensearch.geo.search.aggregations.metrics.GeoBoundsAggregationBuilder$$Lambda/0x00007fcd2882aac0
10336:             1             16  org.opensearch.geo.search.aggregations.metrics.GeoBoundsAggregationBuilder$$Lambda/0x00007fcd2882acf8
10337:             1             16  org.opensearch.geo.search.aggregations.metrics.GeoBoundsAggregatorFactory$$Lambda/0x00007fcd2883b0d0
10338:             1             16  org.opensearch.geo.search.aggregations.metrics.GeoBoundsAggregatorFactory$$Lambda/0x00007fcd2883b8b0
10339:             1             16  org.opensearch.geospatial.action.upload.geojson.UploadGeoJSONAction$$Lambda/0x00007fcd28ae8950
10340:             1             16  org.opensearch.geospatial.action.upload.geojson.UploadGeoJSONTransportAction$$Lambda/0x00007fcd28d65c48
10341:             1             16  org.opensearch.geospatial.index.mapper.xypoint.XYPointFieldTypeParser
10342:             1             16  org.opensearch.geospatial.index.mapper.xyshape.XYShapeFieldTypeParser
10343:             1             16  org.opensearch.geospatial.ip2geo.action.DeleteDatasourceAction$$Lambda/0x00007fcd28aea420
10344:             1             16  org.opensearch.geospatial.ip2geo.action.DeleteDatasourceTransportAction$$Lambda/0x00007fcd28d65e60
10345:             1             16  org.opensearch.geospatial.ip2geo.action.GetDatasourceAction$$Lambda/0x00007fcd28ae9bb8
10346:             1             16  org.opensearch.geospatial.ip2geo.action.GetDatasourceTransportAction$$Lambda/0x00007fcd28d666c0
10347:             1             16  org.opensearch.geospatial.ip2geo.action.PutDatasourceAction$$Lambda/0x00007fcd28ae94d0
10348:             1             16  org.opensearch.geospatial.ip2geo.action.PutDatasourceTransportAction$$Lambda/0x00007fcd28d668d8
10349:             1             16  org.opensearch.geospatial.ip2geo.action.UpdateDatasourceAction$$Lambda/0x00007fcd28ae9ff0
10350:             1             16  org.opensearch.geospatial.ip2geo.action.UpdateDatasourceTransportAction$$Lambda/0x00007fcd28d664a8
10351:             1             16  org.opensearch.geospatial.ip2geo.common.Ip2GeoExecutor
10352:             1             16  org.opensearch.geospatial.ip2geo.common.Ip2GeoSettings$DatasourceEndpointValidator
10353:             1             16  org.opensearch.geospatial.ip2geo.common.ParameterValidator
10354:             1             16  org.opensearch.geospatial.ip2geo.common.URLDenyListChecker
10355:             1             16  org.opensearch.geospatial.ip2geo.dao.Ip2GeoCachedDao$$Lambda/0x00007fcd28843728
10356:             1             16  org.opensearch.geospatial.ip2geo.dao.Ip2GeoCachedDao$GeoDataCache
10357:             1             16  org.opensearch.geospatial.ip2geo.dao.Ip2GeoProcessorDao
10358:             1             16  org.opensearch.geospatial.ip2geo.jobscheduler.DatasourceExtension$$Lambda/0x00007fcd28449470
10359:             1             16  org.opensearch.geospatial.plugin.GeospatialPlugin$$Lambda/0x00007fcd28752b98
10360:             1             16  org.opensearch.geospatial.plugin.GeospatialPlugin$$Lambda/0x00007fcd28752db0
10361:             1             16  org.opensearch.geospatial.plugin.GeospatialPlugin$$Lambda/0x00007fcd28753b20
10362:             1             16  org.opensearch.geospatial.plugin.GeospatialPlugin$$Lambda/0x00007fcd288418c8
10363:             1             16  org.opensearch.geospatial.plugin.GeospatialPlugin$$Lambda/0x00007fcd28841ae0
10364:             1             16  org.opensearch.geospatial.processor.FeatureProcessor$Factory
10365:             1             16  org.opensearch.geospatial.search.aggregations.bucket.geogrid.GeoHexGridAggregationBuilder$$Lambda/0x00007fcd2883c800
10366:             1             16  org.opensearch.geospatial.search.aggregations.bucket.geogrid.GeoHexGridAggregationBuilder$$Lambda/0x00007fcd2883ca18
10367:             1             16  org.opensearch.geospatial.search.aggregations.bucket.geogrid.GeoHexGridAggregatorFactory$$Lambda/0x00007fcd288429a0
10368:             1             16  org.opensearch.geospatial.stats.upload.UploadStatsAction$$Lambda/0x00007fcd28ae9040
10369:             1             16  org.opensearch.geospatial.stats.upload.UploadStatsTransportAction$$Lambda/0x00007fcd28d66078
10370:             1             16  org.opensearch.geospatial.stats.upload.UploadStatsTransportAction$$Lambda/0x00007fcd28d66290
10371:             1             16  org.opensearch.http.AbstractHttpServerTransport$$Lambda/0x00007fcd28290258
10372:             1             16  org.opensearch.http.CorsHandler
10373:             1             16  org.opensearch.http.CorsHandler$Config$$Lambda/0x00007fcd28ca0d18
10374:             1             16  org.opensearch.http.HttpTracer$$Lambda/0x00007fcd28ca1170
10375:             1             16  org.opensearch.http.HttpTracer$$Lambda/0x00007fcd28ca13a0
10376:             1             16  org.opensearch.http.HttpTransportSettings$$Lambda/0x00007fcd281e4400
10377:             1             16  org.opensearch.http.HttpTransportSettings$$Lambda/0x00007fcd281e4638
10378:             1             16  org.opensearch.http.HttpTransportSettings$$Lambda/0x00007fcd281e4870
10379:             1             16  org.opensearch.http.HttpTransportSettings$$Lambda/0x00007fcd281e4aa8
10380:             1             16  org.opensearch.http.HttpTransportSettings$$Lambda/0x00007fcd281e4ce0
10381:             1             16  org.opensearch.http.HttpTransportSettings$$Lambda/0x00007fcd281e4f18
10382:             1             16  org.opensearch.http.netty4.Netty4HttpServerTransport$$Lambda/0x00007fcd2828e9d8
10383:             1             16  org.opensearch.http.netty4.Netty4HttpServerTransport$$Lambda/0x00007fcd2828ec10
10384:             1             16  org.opensearch.http.netty4.Netty4HttpServerTransport$$Lambda/0x00007fcd28550630
10385:             1             16  org.opensearch.http.netty4.Netty4HttpServerTransport$$Lambda/0x00007fcd28550868
10386:             1             16  org.opensearch.http.netty4.ssl.SecureNetty4HttpServerTransport$$Lambda/0x00007fcd28ca92b0
10387:             1             16  org.opensearch.http.netty4.ssl.SecureNetty4HttpServerTransport$$Lambda/0x00007fcd28ca9738
10388:             1             16  org.opensearch.http.netty4.ssl.SecureNetty4HttpServerTransport$$Lambda/0x00007fcd28ca9980
10389:             1             16  org.opensearch.http.netty4.ssl.SecureNetty4HttpServerTransport$$Lambda/0x00007fcd28cabb78
10390:             1             16  org.opensearch.http.netty4.ssl.SecureNetty4HttpServerTransport$$Lambda/0x00007fcd28cabdc0
10391:             1             16  org.opensearch.index.IndexModule$$Lambda/0x00007fcd284a0600
10392:             1             16  org.opensearch.index.IndexModule$1
10393:             1             16  org.opensearch.index.IndexModule$2
10394:             1             16  org.opensearch.index.IndexService$$Lambda/0x00007fcd2926abc0
10395:             1             16  org.opensearch.index.IndexService$$Lambda/0x00007fcd292f7000
10396:             1             16  org.opensearch.index.IndexService$$Lambda/0x00007fcd293a5f08
10397:             1             16  org.opensearch.index.IndexService$$Lambda/0x00007fcd293a6130
10398:             1             16  org.opensearch.index.IndexSettings$$Lambda/0x00007fcd28631af8
10399:             1             16  org.opensearch.index.IndexSettings$$Lambda/0x00007fcd28631d30
10400:             1             16  org.opensearch.index.IndexSettings$$Lambda/0x00007fcd28635fa8
10401:             1             16  org.opensearch.index.IndexSettings$$Lambda/0x00007fcd286361e0
10402:             1             16  org.opensearch.index.IndexSettings$$Lambda/0x00007fcd28636658
10403:             1             16  org.opensearch.index.IndexSettings$$Lambda/0x00007fcd28636a90
10404:             1             16  org.opensearch.index.IndexSortConfig$$Lambda/0x00007fcd2863a4e0
10405:             1             16  org.opensearch.index.IndexSortConfig$$Lambda/0x00007fcd2863a9f8
10406:             1             16  org.opensearch.index.IndexSortConfig$$Lambda/0x00007fcd2863ac30
10407:             1             16  org.opensearch.index.IndexSortConfig$$Lambda/0x00007fcd286475b8
10408:             1             16  org.opensearch.index.IndexSortConfig$$Lambda/0x00007fcd286479e0
10409:             1             16  org.opensearch.index.IndexingPressureService
10410:             1             16  org.opensearch.index.IndexingPressureService$$Lambda/0x00007fcd29236380
10411:             1             16  org.opensearch.index.IndexingSlowLog$$Lambda/0x00007fcd286392b8
10412:             1             16  org.opensearch.index.IndexingSlowLog$$Lambda/0x00007fcd286394f0
10413:             1             16  org.opensearch.index.LogByteSizeMergePolicyProvider$$Lambda/0x00007fcd28646020
10414:             1             16  org.opensearch.index.MergeSchedulerConfig$$Lambda/0x00007fcd28638000
10415:             1             16  org.opensearch.index.MergeSchedulerConfig$$Lambda/0x00007fcd28638238
10416:             1             16  org.opensearch.index.MergeSchedulerConfig$$Lambda/0x00007fcd28638470
10417:             1             16  org.opensearch.index.MergeSchedulerConfig$$Lambda/0x00007fcd286386a8
10418:             1             16  org.opensearch.index.SearchSlowLog$$Lambda/0x00007fcd28638e10
10419:             1             16  org.opensearch.index.SegmentReplicationPressureService$$Lambda/0x00007fcd28dcd520
10420:             1             16  org.opensearch.index.SegmentReplicationPressureService$$Lambda/0x00007fcd28dcd750
10421:             1             16  org.opensearch.index.SegmentReplicationPressureService$$Lambda/0x00007fcd28dcd980
10422:             1             16  org.opensearch.index.SegmentReplicationPressureService$$Lambda/0x00007fcd28dcdbb0
10423:             1             16  org.opensearch.index.SegmentReplicationPressureService$$Lambda/0x00007fcd28dcdde0
10424:             1             16  org.opensearch.index.ShardIndexingPressureMemoryManager$$Lambda/0x00007fcd28ce2f68
10425:             1             16  org.opensearch.index.ShardIndexingPressureMemoryManager$$Lambda/0x00007fcd28ce3198
10426:             1             16  org.opensearch.index.ShardIndexingPressureMemoryManager$$Lambda/0x00007fcd28ce33c8
10427:             1             16  org.opensearch.index.ShardIndexingPressureMemoryManager$$Lambda/0x00007fcd28ce35f8
10428:             1             16  org.opensearch.index.ShardIndexingPressureMemoryManager$$Lambda/0x00007fcd28ce3828
10429:             1             16  org.opensearch.index.ShardIndexingPressureMemoryManager$$Lambda/0x00007fcd28ce3a58
10430:             1             16  org.opensearch.index.ShardIndexingPressureMemoryManager$$Lambda/0x00007fcd28ce3c88
10431:             1             16  org.opensearch.index.ShardIndexingPressureSettings$$Lambda/0x00007fcd28ce2478
10432:             1             16  org.opensearch.index.ShardIndexingPressureSettings$$Lambda/0x00007fcd28ce26a8
10433:             1             16  org.opensearch.index.ShardIndexingPressureSettings$$Lambda/0x00007fcd28ce28d8
10434:             1             16  org.opensearch.index.ShardIndexingPressureSettings$$Lambda/0x00007fcd28ce2b08
10435:             1             16  org.opensearch.index.ShardIndexingPressureStore$$Lambda/0x00007fcd28ce2d38
10436:             1             16  org.opensearch.index.TieredMergePolicyProvider$$Lambda/0x00007fcd28639bf0
10437:             1             16  org.opensearch.index.analysis.Analysis$$Lambda/0x00007fcd29258680
10438:             1             16  org.opensearch.index.analysis.AnalysisRegistry$$Lambda/0x00007fcd2926a0e0
10439:             1             16  org.opensearch.index.analysis.AnalysisRegistry$$Lambda/0x00007fcd2926a580
10440:             1             16  org.opensearch.index.analysis.IndexAnalyzers$$Lambda/0x00007fcd290bb098
10441:             1             16  org.opensearch.index.analysis.IndexAnalyzers$$Lambda/0x00007fcd290bb2d0
10442:             1             16  org.opensearch.index.analysis.NamedAnalyzer$1
10443:             1             16  org.opensearch.index.analysis.PreConfiguredCharFilter$$Lambda/0x00007fcd2869ce48
10444:             1             16  org.opensearch.index.analysis.TokenFilterFactory$1
10445:             1             16  org.opensearch.index.codec.customcodecs.CustomCodecPlugin
10446:             1             16  org.opensearch.index.codec.customcodecs.Lucene99QatCodec$$Lambda/0x00007fcd2839ca28
10447:             1             16  org.opensearch.index.codec.customcodecs.Lucene99QatStoredFieldsFormat$$Lambda/0x00007fcd2839d4a0
10448:             1             16  org.opensearch.index.codec.fuzzy.FuzzySet$SetType$$Lambda/0x00007fcd29272e90
10449:             1             16  org.opensearch.index.engine.CombinedDeletionPolicy$$Lambda/0x00007fcd29378cf0
10450:             1             16  org.opensearch.index.engine.CombinedDeletionPolicy$$Lambda/0x00007fcd2937a070
10451:             1             16  org.opensearch.index.engine.Engine$$Lambda/0x00007fcd29355908
10452:             1             16  org.opensearch.index.engine.Engine$1$$Lambda/0x00007fcd2935c790
10453:             1             16  org.opensearch.index.engine.Engine$NoOpLock
10454:             1             16  org.opensearch.index.engine.EngineConfig$$Lambda/0x00007fcd28395918
10455:             1             16  org.opensearch.index.engine.EngineConfigFactory$$Lambda/0x00007fcd2924e860
10456:             1             16  org.opensearch.index.engine.InternalEngine$$Lambda/0x00007fcd292c3358
10457:             1             16  org.opensearch.index.engine.SegmentsStats$$Lambda/0x00007fcd293ba000
10458:             1             16  org.opensearch.index.engine.SegmentsStats$$Lambda/0x00007fcd293bfdd8
10459:             1             16  org.opensearch.index.engine.SoftDeletesPolicy$$Lambda/0x00007fcd293738b8
10460:             1             16  org.opensearch.index.fielddata.IndexFieldDataService$$Lambda/0x00007fcd28641a88
10461:             1             16  org.opensearch.index.fielddata.IndexFieldDataService$$Lambda/0x00007fcd28641cc0
10462:             1             16  org.opensearch.index.fielddata.IndexFieldDataService$1
10463:             1             16  org.opensearch.index.fielddata.plain.AbstractLeafOrdinalsFieldData$$Lambda/0x00007fcd29202240
10464:             1             16  org.opensearch.index.fielddata.plain.AbstractLeafOrdinalsFieldData$$Lambda/0x00007fcd29202478
10465:             1             16  org.opensearch.index.mapper.BinaryFieldMapper$$Lambda/0x00007fcd2873e8a0
10466:             1             16  org.opensearch.index.mapper.BooleanFieldMapper$$Lambda/0x00007fcd2873e100
10467:             1             16  org.opensearch.index.mapper.BooleanFieldMapper$Builder$$Lambda/0x00007fcd290befa0
10468:             1             16  org.opensearch.index.mapper.BooleanFieldMapper$Builder$$Lambda/0x00007fcd290bf1d8
10469:             1             16  org.opensearch.index.mapper.BooleanFieldMapper$Builder$$Lambda/0x00007fcd290bf410
10470:             1             16  org.opensearch.index.mapper.BooleanFieldMapper$Builder$$Lambda/0x00007fcd290bf648
10471:             1             16  org.opensearch.index.mapper.BooleanFieldMapper$Builder$$Lambda/0x00007fcd290bf860
10472:             1             16  org.opensearch.index.mapper.BooleanFieldMapper$Builder$$Lambda/0x00007fcd290bfa78
10473:             1             16  org.opensearch.index.mapper.CompletionFieldMapper$$Lambda/0x00007fcd28743d88
10474:             1             16  org.opensearch.index.mapper.ConstantKeywordFieldMapper$TypeParser
10475:             1             16  org.opensearch.index.mapper.DataStreamFieldMapper$$Lambda/0x00007fcd28723c08
10476:             1             16  org.opensearch.index.mapper.DataStreamFieldMapper$$Lambda/0x00007fcd28723e40
10477:             1             16  org.opensearch.index.mapper.DataStreamFieldMapper$Builder$$Lambda/0x00007fcd290b66d8
10478:             1             16  org.opensearch.index.mapper.DataStreamFieldMapper$Builder$$Lambda/0x00007fcd290b6910
10479:             1             16  org.opensearch.index.mapper.DataStreamFieldMapper$Builder$$Lambda/0x00007fcd290b6b28
10480:             1             16  org.opensearch.index.mapper.DataStreamFieldMapper$Builder$$Lambda/0x00007fcd290b6d40
10481:             1             16  org.opensearch.index.mapper.DateFieldMapper$$Lambda/0x00007fcd286191a0
10482:             1             16  org.opensearch.index.mapper.DateFieldMapper$$Lambda/0x00007fcd286193c8
10483:             1             16  org.opensearch.index.mapper.DateFieldMapper$Builder$$Lambda/0x00007fcd290bb708
10484:             1             16  org.opensearch.index.mapper.DateFieldMapper$Builder$$Lambda/0x00007fcd290bb940
10485:             1             16  org.opensearch.index.mapper.DateFieldMapper$Builder$$Lambda/0x00007fcd290bbb78
10486:             1             16  org.opensearch.index.mapper.DateFieldMapper$Builder$$Lambda/0x00007fcd290bbdb0
10487:             1             16  org.opensearch.index.mapper.DateFieldMapper$Builder$$Lambda/0x00007fcd290bbfe8
10488:             1             16  org.opensearch.index.mapper.DateFieldMapper$Builder$$Lambda/0x00007fcd290bc220
10489:             1             16  org.opensearch.index.mapper.DateFieldMapper$Builder$$Lambda/0x00007fcd290bc438
10490:             1             16  org.opensearch.index.mapper.DateFieldMapper$Builder$$Lambda/0x00007fcd290bc650
10491:             1             16  org.opensearch.index.mapper.DateFieldMapper$Builder$$Lambda/0x00007fcd290bc888
10492:             1             16  org.opensearch.index.mapper.DateFieldMapper$Builder$$Lambda/0x00007fcd290bcac0
10493:             1             16  org.opensearch.index.mapper.DerivedFieldMapper$$Lambda/0x00007fcd28748000
10494:             1             16  org.opensearch.index.mapper.DocCountFieldMapper$$Lambda/0x00007fcd28731718
10495:             1             16  org.opensearch.index.mapper.DocCountFieldMapper$$Lambda/0x00007fcd28731950
10496:             1             16  org.opensearch.index.mapper.DocumentMapper$$Lambda/0x00007fcd290baa18
10497:             1             16  org.opensearch.index.mapper.DocumentMapper$$Lambda/0x00007fcd290bae80
10498:             1             16  org.opensearch.index.mapper.DynamicKeyFieldTypeLookup$$Lambda/0x00007fcd29352db0
10499:             1             16  org.opensearch.index.mapper.FieldAliasMapper$TypeParser
10500:             1             16  org.opensearch.index.mapper.FieldMapper$CopyTo
10501:             1             16  org.opensearch.index.mapper.FieldMapper$MultiFields$$Lambda/0x00007fcd290b5ba0
10502:             1             16  org.opensearch.index.mapper.FieldNamesFieldMapper$$Lambda/0x00007fcd28732488
10503:             1             16  org.opensearch.index.mapper.FieldNamesFieldMapper$$Lambda/0x00007fcd287326c0
10504:             1             16  org.opensearch.index.mapper.FieldNamesFieldMapper$Builder$$Lambda/0x00007fcd290b6f78
10505:             1             16  org.opensearch.index.mapper.FlatObjectFieldMapper$$Lambda/0x00007fcd28746d68
10506:             1             16  org.opensearch.index.mapper.FlatObjectFieldMapper$TypeParser
10507:             1             16  org.opensearch.index.mapper.GeoPointFieldMapper$TypeParser
10508:             1             16  org.opensearch.index.mapper.GeoShapeFieldMapper$TypeParser
10509:             1             16  org.opensearch.index.mapper.IdFieldMapper$$Lambda/0x00007fcd287214e0
10510:             1             16  org.opensearch.index.mapper.IgnoredFieldMapper$$Lambda/0x00007fcd28720a08
10511:             1             16  org.opensearch.index.mapper.IndexFieldMapper$$Lambda/0x00007fcd287230e8
10512:             1             16  org.opensearch.index.mapper.IpFieldMapper$$Lambda/0x00007fcd2873f670
10513:             1             16  org.opensearch.index.mapper.KeywordFieldMapper$$Lambda/0x00007fcd28742e00
10514:             1             16  org.opensearch.index.mapper.KeywordFieldMapper$Builder$$Lambda/0x00007fcd290a9000
10515:             1             16  org.opensearch.index.mapper.KeywordFieldMapper$Builder$$Lambda/0x00007fcd290a9238
10516:             1             16  org.opensearch.index.mapper.KeywordFieldMapper$Builder$$Lambda/0x00007fcd290a9470
10517:             1             16  org.opensearch.index.mapper.KeywordFieldMapper$Builder$$Lambda/0x00007fcd290a96a8
10518:             1             16  org.opensearch.index.mapper.KeywordFieldMapper$Builder$$Lambda/0x00007fcd290aaec8
10519:             1             16  org.opensearch.index.mapper.KeywordFieldMapper$Builder$$Lambda/0x00007fcd290ab100
10520:             1             16  org.opensearch.index.mapper.KeywordFieldMapper$Builder$$Lambda/0x00007fcd290ab338
10521:             1             16  org.opensearch.index.mapper.KeywordFieldMapper$Builder$$Lambda/0x00007fcd290ab570
10522:             1             16  org.opensearch.index.mapper.KeywordFieldMapper$Builder$$Lambda/0x00007fcd290ab7a8
10523:             1             16  org.opensearch.index.mapper.KeywordFieldMapper$Builder$$Lambda/0x00007fcd290ab9e0
10524:             1             16  org.opensearch.index.mapper.KeywordFieldMapper$Builder$$Lambda/0x00007fcd290abc18
10525:             1             16  org.opensearch.index.mapper.MapperExtrasPlugin
10526:             1             16  org.opensearch.index.mapper.MapperExtrasPlugin$$Lambda/0x00007fcd28751958
10527:             1             16  org.opensearch.index.mapper.MapperExtrasPlugin$$Lambda/0x00007fcd28751b70
10528:             1             16  org.opensearch.index.mapper.MapperService$$Lambda/0x00007fcd28644368
10529:             1             16  org.opensearch.index.mapper.MapperService$$Lambda/0x00007fcd286445b0
10530:             1             16  org.opensearch.index.mapper.MapperService$$Lambda/0x00007fcd290a1b10
10531:             1             16  org.opensearch.index.mapper.MapperService$$Lambda/0x00007fcd290a1d48
10532:             1             16  org.opensearch.index.mapper.MapperService$$Lambda/0x00007fcd290a1f80
10533:             1             16  org.opensearch.index.mapper.MatchOnlyTextFieldMapper$$Lambda/0x00007fcd287422c0
10534:             1             16  org.opensearch.index.mapper.MetadataFieldMapper$$Lambda/0x00007fcd290b73d0
10535:             1             16  org.opensearch.index.mapper.MetadataFieldMapper$$Lambda/0x00007fcd290b75e8
10536:             1             16  org.opensearch.index.mapper.MetadataFieldMapper$$Lambda/0x00007fcd290b7800
10537:             1             16  org.opensearch.index.mapper.NestedPathFieldMapper$$Lambda/0x00007fcd2872ca60
10538:             1             16  org.opensearch.index.mapper.NumberFieldMapper$Builder$$Lambda/0x00007fcd290a8c00
10539:             1             16  org.opensearch.index.mapper.NumberFieldMapper$Builder$$Lambda/0x00007fcd290a9ae0
10540:             1             16  org.opensearch.index.mapper.NumberFieldMapper$Builder$$Lambda/0x00007fcd290a9d18
10541:             1             16  org.opensearch.index.mapper.NumberFieldMapper$Builder$$Lambda/0x00007fcd290b0000
10542:             1             16  org.opensearch.index.mapper.NumberFieldMapper$Builder$$Lambda/0x00007fcd290b0ac0
10543:             1             16  org.opensearch.index.mapper.NumberFieldMapper$Builder$$Lambda/0x00007fcd290b0cf8
10544:             1             16  org.opensearch.index.mapper.NumberFieldMapper$Builder$$Lambda/0x00007fcd290b1130
10545:             1             16  org.opensearch.index.mapper.ObjectMapper$$Lambda/0x00007fcd290b8f50
10546:             1             16  org.opensearch.index.mapper.ObjectMapper$$Lambda/0x00007fcd290b9198
10547:             1             16  org.opensearch.index.mapper.ObjectMapper$$Lambda/0x00007fcd290b9658
10548:             1             16  org.opensearch.index.mapper.ObjectMapper$$Lambda/0x00007fcd290b98a0
10549:             1             16  org.opensearch.index.mapper.ParametrizedFieldMapper$Parameter$$Lambda/0x00007fcd290a4f48
10550:             1             16  org.opensearch.index.mapper.ParametrizedFieldMapper$Parameter$$Lambda/0x00007fcd290a5358
10551:             1             16  org.opensearch.index.mapper.ParametrizedFieldMapper$Parameter$$Lambda/0x00007fcd290a5768
10552:             1             16  org.opensearch.index.mapper.ParametrizedFieldMapper$Parameter$$Lambda/0x00007fcd290a5980
10553:             1             16  org.opensearch.index.mapper.ParametrizedFieldMapper$Parameter$$Lambda/0x00007fcd290a7148
10554:             1             16  org.opensearch.index.mapper.ParametrizedFieldMapper$Parameter$$Lambda/0x00007fcd290ac218
10555:             1             16  org.opensearch.index.mapper.ParametrizedFieldMapper$Parameter$$Lambda/0x00007fcd290ad9d0
10556:             1             16  org.opensearch.index.mapper.ParametrizedFieldMapper$Parameter$$Lambda/0x00007fcd290ade20
10557:             1             16  org.opensearch.index.mapper.ParametrizedFieldMapper$Parameter$$Lambda/0x00007fcd290ae038
10558:             1             16  org.opensearch.index.mapper.ParametrizedFieldMapper$Parameter$$Lambda/0x00007fcd290ae250
10559:             1             16  org.opensearch.index.mapper.ParametrizedFieldMapper$Parameter$$Lambda/0x00007fcd290ae468
10560:             1             16  org.opensearch.index.mapper.ParametrizedFieldMapper$Parameter$$Lambda/0x00007fcd290aed00
10561:             1             16  org.opensearch.index.mapper.ParametrizedFieldMapper$Parameter$$Lambda/0x00007fcd290aef18
10562:             1             16  org.opensearch.index.mapper.ParametrizedFieldMapper$Parameter$$Lambda/0x00007fcd290af130
10563:             1             16  org.opensearch.index.mapper.ParametrizedFieldMapper$Parameter$$Lambda/0x00007fcd290b0458
10564:             1             16  org.opensearch.index.mapper.ParametrizedFieldMapper$Parameter$$Lambda/0x00007fcd290b0670
10565:             1             16  org.opensearch.index.mapper.ParametrizedFieldMapper$Parameter$$Lambda/0x00007fcd290b0888
10566:             1             16  org.opensearch.index.mapper.ParametrizedFieldMapper$Parameter$$Lambda/0x00007fcd290b8458
10567:             1             16  org.opensearch.index.mapper.RankFeatureFieldMapper$$Lambda/0x00007fcd2874e8d8
10568:             1             16  org.opensearch.index.mapper.RankFeatureMetaFieldMapper$$Lambda/0x00007fcd287508c0
10569:             1             16  org.opensearch.index.mapper.RankFeaturesFieldMapper$$Lambda/0x00007fcd2874f3d8
10570:             1             16  org.opensearch.index.mapper.RoutingFieldMapper$$Lambda/0x00007fcd28722280
10571:             1             16  org.opensearch.index.mapper.RoutingFieldMapper$$Lambda/0x00007fcd287224b8
10572:             1             16  org.opensearch.index.mapper.RoutingFieldMapper$Builder$$Lambda/0x00007fcd290b7a38
10573:             1             16  org.opensearch.index.mapper.ScaledFloatFieldMapper$$Lambda/0x00007fcd2874d5a8
10574:             1             16  org.opensearch.index.mapper.SearchAsYouTypeFieldMapper$$Lambda/0x00007fcd28750000
10575:             1             16  org.opensearch.index.mapper.SeqNoFieldMapper$$Lambda/0x00007fcd28730bf0
10576:             1             16  org.opensearch.index.mapper.SourceFieldMapper$$Lambda/0x00007fcd28724980
10577:             1             16  org.opensearch.index.mapper.SourceFieldMapper$$Lambda/0x00007fcd28724bb8
10578:             1             16  org.opensearch.index.mapper.SourceFieldMapper$Builder$$Lambda/0x00007fcd290b7c70
10579:             1             16  org.opensearch.index.mapper.SourceFieldMapper$Builder$$Lambda/0x00007fcd290b8000
10580:             1             16  org.opensearch.index.mapper.SourceFieldMapper$Builder$$Lambda/0x00007fcd290b8670
10581:             1             16  org.opensearch.index.mapper.SourceFieldMapper$Builder$$Lambda/0x00007fcd290b88a8
10582:             1             16  org.opensearch.index.mapper.SourceFieldMapper$Builder$$Lambda/0x00007fcd290b8ae0
10583:             1             16  org.opensearch.index.mapper.SourceFieldMapper$Builder$$Lambda/0x00007fcd290b8d18
10584:             1             16  org.opensearch.index.mapper.TextFieldMapper$$Lambda/0x00007fcd287416f8
10585:             1             16  org.opensearch.index.mapper.TextFieldMapper$Builder$$Lambda/0x00007fcd290a48d8
10586:             1             16  org.opensearch.index.mapper.TextFieldMapper$Builder$$Lambda/0x00007fcd290a5e00
10587:             1             16  org.opensearch.index.mapper.TextFieldMapper$Builder$$Lambda/0x00007fcd290a6038
10588:             1             16  org.opensearch.index.mapper.TextFieldMapper$Builder$$Lambda/0x00007fcd290a6cf0
10589:             1             16  org.opensearch.index.mapper.TextFieldMapper$Builder$$Lambda/0x00007fcd290a7590
10590:             1             16  org.opensearch.index.mapper.TextFieldMapper$Builder$$Lambda/0x00007fcd290a7a10
10591:             1             16  org.opensearch.index.mapper.TextFieldMapper$Builder$$Lambda/0x00007fcd290a7c48
10592:             1             16  org.opensearch.index.mapper.TextFieldMapper$Builder$$Lambda/0x00007fcd290ac430
10593:             1             16  org.opensearch.index.mapper.TextFieldMapper$Builder$$Lambda/0x00007fcd290ac668
10594:             1             16  org.opensearch.index.mapper.TextFieldMapper$Builder$$Lambda/0x00007fcd290ac880
10595:             1             16  org.opensearch.index.mapper.TextFieldMapper$Builder$$Lambda/0x00007fcd290aca98
10596:             1             16  org.opensearch.index.mapper.TextFieldMapper$Builder$$Lambda/0x00007fcd290accd0
10597:             1             16  org.opensearch.index.mapper.TextFieldMapper$Builder$$Lambda/0x00007fcd290acf08
10598:             1             16  org.opensearch.index.mapper.TextFieldMapper$Builder$$Lambda/0x00007fcd290ad368
10599:             1             16  org.opensearch.index.mapper.TextFieldMapper$Builder$$Lambda/0x00007fcd290ad580
10600:             1             16  org.opensearch.index.mapper.TextFieldMapper$Builder$$Lambda/0x00007fcd290ad798
10601:             1             16  org.opensearch.index.mapper.TextFieldMapper$Builder$$Lambda/0x00007fcd290ba0d0
10602:             1             16  org.opensearch.index.mapper.TextParams$$Lambda/0x00007fcd290a6470
10603:             1             16  org.opensearch.index.mapper.TextParams$$Lambda/0x00007fcd290a6688
10604:             1             16  org.opensearch.index.mapper.TextParams$$Lambda/0x00007fcd290a68a0
10605:             1             16  org.opensearch.index.mapper.TextParams$$Lambda/0x00007fcd290a6ab8
10606:             1             16  org.opensearch.index.mapper.TextParams$$Lambda/0x00007fcd290a77c8
10607:             1             16  org.opensearch.index.mapper.TextParams$Analyzers$$Lambda/0x00007fcd290aa000
10608:             1             16  org.opensearch.index.mapper.TextParams$Analyzers$$Lambda/0x00007fcd290aa228
10609:             1             16  org.opensearch.index.mapper.TextParams$Analyzers$$Lambda/0x00007fcd290aa680
10610:             1             16  org.opensearch.index.mapper.TextParams$Analyzers$$Lambda/0x00007fcd290ae8a8
10611:             1             16  org.opensearch.index.mapper.TextParams$Analyzers$$Lambda/0x00007fcd290af588
10612:             1             16  org.opensearch.index.mapper.TextParams$Analyzers$$Lambda/0x00007fcd290af7b0
10613:             1             16  org.opensearch.index.mapper.TokenCountFieldMapper$$Lambda/0x00007fcd2874dd60
10614:             1             16  org.opensearch.index.mapper.VersionFieldMapper$$Lambda/0x00007fcd28730318
10615:             1             16  org.opensearch.index.mapper.WildcardFieldMapper$$Lambda/0x00007fcd28748d88
10616:             1             16  org.opensearch.index.query.BoolQueryBuilder$$Lambda/0x00007fcd291dd940
10617:             1             16  org.opensearch.index.query.BoolQueryBuilder$$Lambda/0x00007fcd291ddb58
10618:             1             16  org.opensearch.index.query.BoolQueryBuilder$$Lambda/0x00007fcd291ddd80
10619:             1             16  org.opensearch.index.query.BoolQueryBuilder$$Lambda/0x00007fcd291de3e8
10620:             1             16  org.opensearch.index.query.BoolQueryBuilder$$Lambda/0x00007fcd291de610
10621:             1             16  org.opensearch.index.query.BoolQueryBuilder$$Lambda/0x00007fcd291de828
10622:             1             16  org.opensearch.index.query.BoolQueryBuilder$$Lambda/0x00007fcd291dea50
10623:             1             16  org.opensearch.index.query.BoolQueryBuilder$$Lambda/0x00007fcd291dec68
10624:             1             16  org.opensearch.index.query.BoolQueryBuilder$$Lambda/0x00007fcd291dee90
10625:             1             16  org.opensearch.index.query.BoolQueryBuilder$$Lambda/0x00007fcd291df0a8
10626:             1             16  org.opensearch.index.query.BoolQueryBuilder$$Lambda/0x00007fcd291df2d0
10627:             1             16  org.opensearch.index.query.BoolQueryBuilder$$Lambda/0x00007fcd291df4f8
10628:             1             16  org.opensearch.index.query.BoolQueryBuilder$$Lambda/0x00007fcd291df710
10629:             1             16  org.opensearch.index.query.BoolQueryBuilder$$Lambda/0x00007fcd291df938
10630:             1             16  org.opensearch.index.query.BoolQueryBuilder$$Lambda/0x00007fcd291e6f40
10631:             1             16  org.opensearch.index.query.functionscore.ExponentialDecayFunctionBuilder$$Lambda/0x00007fcd28763000
10632:             1             16  org.opensearch.index.query.functionscore.ExponentialDecayFunctionBuilder$ExponentialDecayScoreFunction
10633:             1             16  org.opensearch.index.query.functionscore.GaussDecayFunctionBuilder$$Lambda/0x00007fcd28761d40
10634:             1             16  org.opensearch.index.query.functionscore.GaussDecayFunctionBuilder$GaussScoreFunction
10635:             1             16  org.opensearch.index.query.functionscore.LinearDecayFunctionBuilder$$Lambda/0x00007fcd287626a0
10636:             1             16  org.opensearch.index.query.functionscore.LinearDecayFunctionBuilder$LinearDecayScoreFunction
10637:             1             16  org.opensearch.index.rankeval.RankEvalAction$$Lambda/0x00007fcd28896f38
10638:             1             16  org.opensearch.index.rankeval.RankEvalNamedXContentProvider$$Lambda/0x00007fcd28893780
10639:             1             16  org.opensearch.index.rankeval.RankEvalNamedXContentProvider$$Lambda/0x00007fcd28893998
10640:             1             16  org.opensearch.index.rankeval.RankEvalNamedXContentProvider$$Lambda/0x00007fcd28893bb0
10641:             1             16  org.opensearch.index.rankeval.RankEvalNamedXContentProvider$$Lambda/0x00007fcd28893dc8
10642:             1             16  org.opensearch.index.rankeval.RankEvalNamedXContentProvider$$Lambda/0x00007fcd28896000
10643:             1             16  org.opensearch.index.rankeval.RankEvalNamedXContentProvider$$Lambda/0x00007fcd28896218
10644:             1             16  org.opensearch.index.rankeval.RankEvalNamedXContentProvider$$Lambda/0x00007fcd28896430
10645:             1             16  org.opensearch.index.rankeval.RankEvalNamedXContentProvider$$Lambda/0x00007fcd28896648
10646:             1             16  org.opensearch.index.rankeval.RankEvalNamedXContentProvider$$Lambda/0x00007fcd28896860
10647:             1             16  org.opensearch.index.rankeval.RankEvalNamedXContentProvider$$Lambda/0x00007fcd28896a78
10648:             1             16  org.opensearch.index.rankeval.RankEvalPlugin
10649:             1             16  org.opensearch.index.rankeval.RankEvalPlugin$$Lambda/0x00007fcd288904f8
10650:             1             16  org.opensearch.index.rankeval.RankEvalPlugin$$Lambda/0x00007fcd28890a08
10651:             1             16  org.opensearch.index.rankeval.RankEvalPlugin$$Lambda/0x00007fcd28890f18
10652:             1             16  org.opensearch.index.rankeval.RankEvalPlugin$$Lambda/0x00007fcd28891438
10653:             1             16  org.opensearch.index.rankeval.RankEvalPlugin$$Lambda/0x00007fcd28891960
10654:             1             16  org.opensearch.index.rankeval.RankEvalPlugin$$Lambda/0x00007fcd28892000
10655:             1             16  org.opensearch.index.rankeval.RankEvalPlugin$$Lambda/0x00007fcd288924d8
10656:             1             16  org.opensearch.index.rankeval.RankEvalPlugin$$Lambda/0x00007fcd288929a8
10657:             1             16  org.opensearch.index.rankeval.RankEvalPlugin$$Lambda/0x00007fcd28892e78
10658:             1             16  org.opensearch.index.rankeval.RankEvalPlugin$$Lambda/0x00007fcd28893348
10659:             1             16  org.opensearch.index.rankeval.TransportRankEvalAction$$Lambda/0x00007fcd288976b0
10660:             1             16  org.opensearch.index.reindex.DeleteByQueryAction$$Lambda/0x00007fcd28bfc6f0
10661:             1             16  org.opensearch.index.reindex.ReindexAction$$Lambda/0x00007fcd28bfc2c0
10662:             1             16  org.opensearch.index.reindex.ReindexPlugin
10663:             1             16  org.opensearch.index.reindex.ReindexPlugin$$Lambda/0x00007fcd28549ad8
10664:             1             16  org.opensearch.index.reindex.RethrottleAction$$Lambda/0x00007fcd289006b8
10665:             1             16  org.opensearch.index.reindex.TransportDeleteByQueryAction$$Lambda/0x00007fcd28900e10
10666:             1             16  org.opensearch.index.reindex.TransportReindexAction$$Lambda/0x00007fcd28901888
10667:             1             16  org.opensearch.index.reindex.TransportRethrottleAction$$Lambda/0x00007fcd28901028
10668:             1             16  org.opensearch.index.reindex.TransportRethrottleAction$$Lambda/0x00007fcd28901240
10669:             1             16  org.opensearch.index.reindex.TransportRethrottleAction$$Lambda/0x00007fcd28901458
10670:             1             16  org.opensearch.index.reindex.TransportUpdateByQueryAction$$Lambda/0x00007fcd28901670
10671:             1             16  org.opensearch.index.reindex.UpdateByQueryAction$$Lambda/0x00007fcd28bfc4d8
10672:             1             16  org.opensearch.index.remote.RemoteStorePressureService$BytesLagValidator
10673:             1             16  org.opensearch.index.remote.RemoteStorePressureService$ConsecutiveFailureValidator
10674:             1             16  org.opensearch.index.remote.RemoteStorePressureService$TimeLagValidator
10675:             1             16  org.opensearch.index.remote.RemoteStorePressureSettings$$Lambda/0x00007fcd28dce2b0
10676:             1             16  org.opensearch.index.remote.RemoteStorePressureSettings$$Lambda/0x00007fcd28dce4e0
10677:             1             16  org.opensearch.index.remote.RemoteStorePressureSettings$$Lambda/0x00007fcd28dce710
10678:             1             16  org.opensearch.index.remote.RemoteStorePressureSettings$$Lambda/0x00007fcd28dce940
10679:             1             16  org.opensearch.index.remote.RemoteStoreStatsTrackerFactory$$Lambda/0x00007fcd288c08c0
10680:             1             16  org.opensearch.index.search.QueryParserHelper$$Lambda/0x00007fcd292e0830
10681:             1             16  org.opensearch.index.search.stats.SearchStats$Stats$$Lambda/0x00007fcd293bf9a8
10682:             1             16  org.opensearch.index.search.stats.SearchStats$Stats$$Lambda/0x00007fcd293bfbc0
10683:             1             16  org.opensearch.index.seqno.GlobalCheckpointSyncAction$$Lambda/0x00007fcd28dbec78
10684:             1             16  org.opensearch.index.seqno.GlobalCheckpointSyncAction$$Lambda/0x00007fcd28dbee90
10685:             1             16  org.opensearch.index.seqno.GlobalCheckpointSyncAction$$Lambda/0x00007fcd293ae4e8
10686:             1             16  org.opensearch.index.seqno.LocalCheckpointTracker$$Lambda/0x00007fcd292c2228
10687:             1             16  org.opensearch.index.seqno.LocalCheckpointTracker$$Lambda/0x00007fcd292c2860
10688:             1             16  org.opensearch.index.seqno.ReplicationTracker$$Lambda/0x00007fcd293746f0
10689:             1             16  org.opensearch.index.seqno.ReplicationTracker$$Lambda/0x00007fcd29374928
10690:             1             16  org.opensearch.index.seqno.ReplicationTracker$$Lambda/0x00007fcd29375238
10691:             1             16  org.opensearch.index.seqno.ReplicationTracker$$Lambda/0x00007fcd29375480
10692:             1             16  org.opensearch.index.seqno.ReplicationTracker$$Lambda/0x00007fcd293756b8
10693:             1             16  org.opensearch.index.seqno.ReplicationTracker$$Lambda/0x00007fcd29375900
10694:             1             16  org.opensearch.index.seqno.ReplicationTracker$$Lambda/0x00007fcd2937a298
10695:             1             16  org.opensearch.index.seqno.ReplicationTracker$$Lambda/0x00007fcd293a7238
10696:             1             16  org.opensearch.index.seqno.ReplicationTracker$$Lambda/0x00007fcd293a76d0
10697:             1             16  org.opensearch.index.seqno.ReplicationTracker$$Lambda/0x00007fcd293a7b48
10698:             1             16  org.opensearch.index.seqno.RetentionLease$$Lambda/0x00007fcd2927fda0
10699:             1             16  org.opensearch.index.seqno.RetentionLeaseActions$Add$$Lambda/0x00007fcd28c90438
10700:             1             16  org.opensearch.index.seqno.RetentionLeaseActions$Add$TransportAction$$Lambda/0x00007fcd28e20cf0
10701:             1             16  org.opensearch.index.seqno.RetentionLeaseActions$Remove$$Lambda/0x00007fcd28c91020
10702:             1             16  org.opensearch.index.seqno.RetentionLeaseActions$Remove$TransportAction$$Lambda/0x00007fcd28f5f570
10703:             1             16  org.opensearch.index.seqno.RetentionLeaseActions$Renew$$Lambda/0x00007fcd28c90b70
10704:             1             16  org.opensearch.index.seqno.RetentionLeaseActions$Renew$TransportAction$$Lambda/0x00007fcd28efe7e0
10705:             1             16  org.opensearch.index.seqno.RetentionLeaseBackgroundSyncAction$$Lambda/0x00007fcd28dbf710
10706:             1             16  org.opensearch.index.seqno.RetentionLeaseBackgroundSyncAction$$Lambda/0x00007fcd28dbf928
10707:             1             16  org.opensearch.index.seqno.RetentionLeaseSyncAction$$Lambda/0x00007fcd28dbf0a8
10708:             1             16  org.opensearch.index.seqno.RetentionLeaseSyncAction$$Lambda/0x00007fcd28dbf2c0
10709:             1             16  org.opensearch.index.seqno.RetentionLeaseSyncAction$$Lambda/0x00007fcd28dbf4d8
10710:             1             16  org.opensearch.index.seqno.RetentionLeaseSyncer$$Lambda/0x00007fcd28dbfb40
10711:             1             16  org.opensearch.index.seqno.RetentionLeaseSyncer$$Lambda/0x00007fcd28dbfd58
10712:             1             16  org.opensearch.index.seqno.RetentionLeaseSyncer$$Lambda/0x00007fcd28dcc000
10713:             1             16  org.opensearch.index.seqno.RetentionLeaseSyncer$$Lambda/0x00007fcd28dcc220
10714:             1             16  org.opensearch.index.seqno.RetentionLeases$$Lambda/0x00007fcd29276788
10715:             1             16  org.opensearch.index.seqno.RetentionLeases$$Lambda/0x00007fcd292769c0
10716:             1             16  org.opensearch.index.seqno.RetentionLeases$$Lambda/0x00007fcd29276c00
10717:             1             16  org.opensearch.index.seqno.RetentionLeases$$Lambda/0x00007fcd29276e18
10718:             1             16  org.opensearch.index.seqno.RetentionLeases$$Lambda/0x00007fcd29277050
10719:             1             16  org.opensearch.index.seqno.RetentionLeases$$Lambda/0x00007fcd2932aba8
10720:             1             16  org.opensearch.index.shard.IndexShard$$Lambda/0x00007fcd29205be0
10721:             1             16  org.opensearch.index.shard.IndexShard$$Lambda/0x00007fcd293e15e0
10722:             1             16  org.opensearch.index.shard.IndexingStats
10723:             1             16  org.opensearch.index.shard.IndexingStats$Stats$DocStatusStats
10724:             1             16  org.opensearch.index.shard.IndexingStats$Stats$DocStatusStats$$Lambda/0x00007fcd293bf790
10725:             1             16  org.opensearch.index.similarity.ScriptedSimilarityProvider
10726:             1             16  org.opensearch.index.similarity.SimilarityService$$Lambda/0x00007fcd2909a000
10727:             1             16  org.opensearch.index.similarity.SimilarityService$$Lambda/0x00007fcd2909a218
10728:             1             16  org.opensearch.index.similarity.SimilarityService$$Lambda/0x00007fcd2909ec10
10729:             1             16  org.opensearch.index.similarity.SimilarityService$$Lambda/0x00007fcd2909ee48
10730:             1             16  org.opensearch.index.similarity.SimilarityService$$Lambda/0x00007fcd2909f080
10731:             1             16  org.opensearch.index.similarity.SimilarityService$$Lambda/0x00007fcd2909f2b8
10732:             1             16  org.opensearch.index.similarity.SimilarityService$$Lambda/0x00007fcd2909f4d0
10733:             1             16  org.opensearch.index.similarity.SimilarityService$$Lambda/0x00007fcd2909f6e8
10734:             1             16  org.opensearch.index.similarity.SimilarityService$$Lambda/0x00007fcd2909f900
10735:             1             16  org.opensearch.index.similarity.SimilarityService$$Lambda/0x00007fcd2909fb18
10736:             1             16  org.opensearch.index.similarity.SimilarityService$$Lambda/0x00007fcd2909fd30
10737:             1             16  org.opensearch.index.similarity.SimilarityService$$Lambda/0x00007fcd290a0640
10738:             1             16  org.opensearch.index.store.FsDirectoryFactory
10739:             1             16  org.opensearch.index.store.FsDirectoryFactory$$Lambda/0x00007fcd2848fcc8
10740:             1             16  org.opensearch.index.store.Store$$Lambda/0x00007fcd29379c10
10741:             1             16  org.opensearch.index.translog.BufferedChecksumStreamInput$$Lambda/0x00007fcd2927d228
10742:             1             16  org.opensearch.index.translog.MultiSnapshot$$Lambda/0x00007fcd2932bca0
10743:             1             16  org.opensearch.index.translog.ReplicationTranslogDeletionPolicy$Companion
10744:             1             16  org.opensearch.index.translog.Translog$$Lambda/0x00007fcd292cb1e0
10745:             1             16  org.opensearch.index.translog.Translog$$Lambda/0x00007fcd29328b28
10746:             1             16  org.opensearch.index.translog.Translog$$Lambda/0x00007fcd2932afd8
10747:             1             16  org.opensearch.index.translog.Translog$$Lambda/0x00007fcd2932b5f0
10748:             1             16  org.opensearch.index.translog.Translog$$Lambda/0x00007fcd2932b808
10749:             1             16  org.opensearch.index.translog.Translog$$Lambda/0x00007fcd29345e08
10750:             1             16  org.opensearch.index.translog.Translog$$Lambda/0x00007fcd293bef68
10751:             1             16  org.opensearch.index.translog.TranslogDeletionPolicy$$Lambda/0x00007fcd29346d70
10752:             1             16  org.opensearch.index.translog.listener.TranslogEventListener$1
10753:             1             16  org.opensearch.indexmanagement.GuiceHolder
10754:             1             16  org.opensearch.indexmanagement.GuiceHolder$Companion
10755:             1             16  org.opensearch.indexmanagement.IndexManagementIndices$$Lambda/0x00007fcd28aaa9a8
10756:             1             16  org.opensearch.indexmanagement.IndexManagementIndices$$Lambda/0x00007fcd28aaabd8
10757:             1             16  org.opensearch.indexmanagement.IndexManagementIndices$Companion
10758:             1             16  org.opensearch.indexmanagement.IndexManagementPlugin$$Lambda/0x00007fcd2847c800
10759:             1             16  org.opensearch.indexmanagement.IndexManagementPlugin$Companion
10760:             1             16  org.opensearch.indexmanagement.IndexManagementRunner
10761:             1             16  org.opensearch.indexmanagement.controlcenter.notification.ControlCenterIndices$Companion
10762:             1             16  org.opensearch.indexmanagement.controlcenter.notification.action.delete.DeleteLRONConfigAction$$Lambda/0x00007fcd28c4aea8
10763:             1             16  org.opensearch.indexmanagement.controlcenter.notification.action.delete.DeleteLRONConfigAction$Companion
10764:             1             16  org.opensearch.indexmanagement.controlcenter.notification.action.delete.TransportDeleteLRONConfigAction$$Lambda/0x00007fcd28dab5d0
10765:             1             16  org.opensearch.indexmanagement.controlcenter.notification.action.get.GetLRONConfigAction$$Lambda/0x00007fcd28c4a660
10766:             1             16  org.opensearch.indexmanagement.controlcenter.notification.action.get.GetLRONConfigAction$Companion
10767:             1             16  org.opensearch.indexmanagement.controlcenter.notification.action.get.TransportGetLRONConfigAction$$Lambda/0x00007fcd28ef7218
10768:             1             16  org.opensearch.indexmanagement.controlcenter.notification.action.index.IndexLRONConfigAction$$Lambda/0x00007fcd28c49b90
10769:             1             16  org.opensearch.indexmanagement.controlcenter.notification.action.index.IndexLRONConfigAction$Companion
10770:             1             16  org.opensearch.indexmanagement.controlcenter.notification.action.index.TransportIndexLRONConfigAction$$Lambda/0x00007fcd28da8b18
10771:             1             16  org.opensearch.indexmanagement.indexstatemanagement.DefaultIndexMetadataService
10772:             1             16  org.opensearch.indexmanagement.indexstatemanagement.DefaultIndexMetadataService$Companion
10773:             1             16  org.opensearch.indexmanagement.indexstatemanagement.ISMActionsParser$Companion
10774:             1             16  org.opensearch.indexmanagement.indexstatemanagement.ISMActionsParser$Companion$instance$2
10775:             1             16  org.opensearch.indexmanagement.indexstatemanagement.ISMActionsParser$HOLDER
10776:             1             16  org.opensearch.indexmanagement.indexstatemanagement.IndexMetadataProvider$$Lambda/0x00007fcd28aae218
10777:             1             16  org.opensearch.indexmanagement.indexstatemanagement.IndexMetadataProvider$Companion
10778:             1             16  org.opensearch.indexmanagement.indexstatemanagement.IndexStateManagementHistory$$Lambda/0x00007fcd28aab6a0
10779:             1             16  org.opensearch.indexmanagement.indexstatemanagement.IndexStateManagementHistory$$Lambda/0x00007fcd28aab8d0
10780:             1             16  org.opensearch.indexmanagement.indexstatemanagement.IndexStateManagementHistory$$Lambda/0x00007fcd28aabb00
10781:             1             16  org.opensearch.indexmanagement.indexstatemanagement.IndexStateManagementHistory$$Lambda/0x00007fcd28aabd30
10782:             1             16  org.opensearch.indexmanagement.indexstatemanagement.IndexStateManagementHistory$$Lambda/0x00007fcd28aabf60
10783:             1             16  org.opensearch.indexmanagement.indexstatemanagement.IndexStateManagementHistory$$Lambda/0x00007fcd28aac190
10784:             1             16  org.opensearch.indexmanagement.indexstatemanagement.IndexStateManagementHistory$$Lambda/0x00007fcd28aac3c0
10785:             1             16  org.opensearch.indexmanagement.indexstatemanagement.ManagedIndexCoordinator$$Lambda/0x00007fcd28aafc88
10786:             1             16  org.opensearch.indexmanagement.indexstatemanagement.ManagedIndexCoordinator$$Lambda/0x00007fcd28ab0000
10787:             1             16  org.opensearch.indexmanagement.indexstatemanagement.ManagedIndexCoordinator$$Lambda/0x00007fcd28ab0230
10788:             1             16  org.opensearch.indexmanagement.indexstatemanagement.ManagedIndexCoordinator$$Lambda/0x00007fcd28ab0460
10789:             1             16  org.opensearch.indexmanagement.indexstatemanagement.ManagedIndexCoordinator$$Lambda/0x00007fcd28ab0690
10790:             1             16  org.opensearch.indexmanagement.indexstatemanagement.ManagedIndexCoordinator$$Lambda/0x00007fcd28ab08c0
10791:             1             16  org.opensearch.indexmanagement.indexstatemanagement.ManagedIndexCoordinator$$Lambda/0x00007fcd28ab0af0
10792:             1             16  org.opensearch.indexmanagement.indexstatemanagement.ManagedIndexCoordinator$Companion
10793:             1             16  org.opensearch.indexmanagement.indexstatemanagement.ManagedIndexRunner
10794:             1             16  org.opensearch.indexmanagement.indexstatemanagement.ManagedIndexRunner$$Lambda/0x00007fcd28aae888
10795:             1             16  org.opensearch.indexmanagement.indexstatemanagement.ManagedIndexRunner$$Lambda/0x00007fcd28aaeab0
10796:             1             16  org.opensearch.indexmanagement.indexstatemanagement.ManagedIndexRunner$$Lambda/0x00007fcd28aaecd8
10797:             1             16  org.opensearch.indexmanagement.indexstatemanagement.ManagedIndexRunner$$Lambda/0x00007fcd28aaef00
10798:             1             16  org.opensearch.indexmanagement.indexstatemanagement.PluginVersionSweepCoordinator$$Lambda/0x00007fcd28ab11c0
10799:             1             16  org.opensearch.indexmanagement.indexstatemanagement.action.AllocationActionParser
10800:             1             16  org.opensearch.indexmanagement.indexstatemanagement.action.CloseActionParser
10801:             1             16  org.opensearch.indexmanagement.indexstatemanagement.action.DeleteActionParser
10802:             1             16  org.opensearch.indexmanagement.indexstatemanagement.action.ForceMergeActionParser
10803:             1             16  org.opensearch.indexmanagement.indexstatemanagement.action.IndexPriorityActionParser
10804:             1             16  org.opensearch.indexmanagement.indexstatemanagement.action.NotificationActionParser
10805:             1             16  org.opensearch.indexmanagement.indexstatemanagement.action.OpenActionParser
10806:             1             16  org.opensearch.indexmanagement.indexstatemanagement.action.ReadOnlyActionParser
10807:             1             16  org.opensearch.indexmanagement.indexstatemanagement.action.ReadWriteActionParser
10808:             1             16  org.opensearch.indexmanagement.indexstatemanagement.action.ReplicaCountActionParser
10809:             1             16  org.opensearch.indexmanagement.indexstatemanagement.action.RolloverActionParser
10810:             1             16  org.opensearch.indexmanagement.indexstatemanagement.action.RollupActionParser
10811:             1             16  org.opensearch.indexmanagement.indexstatemanagement.action.ShrinkActionParser
10812:             1             16  org.opensearch.indexmanagement.indexstatemanagement.action.SnapshotActionParser
10813:             1             16  org.opensearch.indexmanagement.indexstatemanagement.action.TransformActionParser
10814:             1             16  org.opensearch.indexmanagement.indexstatemanagement.resthandler.RestAddPolicyAction$Companion
10815:             1             16  org.opensearch.indexmanagement.indexstatemanagement.resthandler.RestChangePolicyAction$Companion
10816:             1             16  org.opensearch.indexmanagement.indexstatemanagement.resthandler.RestExplainAction$Companion
10817:             1             16  org.opensearch.indexmanagement.indexstatemanagement.resthandler.RestIndexPolicyAction$$Lambda/0x00007fcd28fb5dc8
10818:             1             16  org.opensearch.indexmanagement.indexstatemanagement.resthandler.RestRemovePolicyAction$Companion
10819:             1             16  org.opensearch.indexmanagement.indexstatemanagement.resthandler.RestRetryFailedManagedIndexAction$Companion
10820:             1             16  org.opensearch.indexmanagement.indexstatemanagement.settings.LegacyOpenDistroManagedIndexSettings$Companion
10821:             1             16  org.opensearch.indexmanagement.indexstatemanagement.settings.ManagedIndexSettings$Companion
10822:             1             16  org.opensearch.indexmanagement.indexstatemanagement.transport.action.addpolicy.AddPolicyAction$$Lambda/0x00007fcd28ab3b10
10823:             1             16  org.opensearch.indexmanagement.indexstatemanagement.transport.action.addpolicy.AddPolicyAction$Companion
10824:             1             16  org.opensearch.indexmanagement.indexstatemanagement.transport.action.addpolicy.TransportAddPolicyAction$$Lambda/0x00007fcd28da95c0
10825:             1             16  org.opensearch.indexmanagement.indexstatemanagement.transport.action.addpolicy.TransportAddPolicyAction$$Lambda/0x00007fcd28da97d8
10826:             1             16  org.opensearch.indexmanagement.indexstatemanagement.transport.action.addpolicy.TransportAddPolicyAction$$Lambda/0x00007fcd28da9a08
10827:             1             16  org.opensearch.indexmanagement.indexstatemanagement.transport.action.addpolicy.TransportAddPolicyAction$$Lambda/0x00007fcd28da9c38
10828:             1             16  org.opensearch.indexmanagement.indexstatemanagement.transport.action.addpolicy.TransportAddPolicyAction$Companion
10829:             1             16  org.opensearch.indexmanagement.indexstatemanagement.transport.action.changepolicy.ChangePolicyAction$$Lambda/0x00007fcd28c38c68
10830:             1             16  org.opensearch.indexmanagement.indexstatemanagement.transport.action.changepolicy.ChangePolicyAction$Companion
10831:             1             16  org.opensearch.indexmanagement.indexstatemanagement.transport.action.changepolicy.TransportChangePolicyAction$$Lambda/0x00007fcd28daba00
10832:             1             16  org.opensearch.indexmanagement.indexstatemanagement.transport.action.changepolicy.TransportChangePolicyAction$$Lambda/0x00007fcd28dabc18
10833:             1             16  org.opensearch.indexmanagement.indexstatemanagement.transport.action.deletepolicy.DeletePolicyAction$$Lambda/0x00007fcd28c3aa58
10834:             1             16  org.opensearch.indexmanagement.indexstatemanagement.transport.action.deletepolicy.DeletePolicyAction$Companion
10835:             1             16  org.opensearch.indexmanagement.indexstatemanagement.transport.action.deletepolicy.TransportDeletePolicyAction$$Lambda/0x00007fcd28f07b98
10836:             1             16  org.opensearch.indexmanagement.indexstatemanagement.transport.action.deletepolicy.TransportDeletePolicyAction$$Lambda/0x00007fcd28f07db0
10837:             1             16  org.opensearch.indexmanagement.indexstatemanagement.transport.action.explain.ExplainAction$$Lambda/0x00007fcd28c3a210
10838:             1             16  org.opensearch.indexmanagement.indexstatemanagement.transport.action.explain.ExplainAction$Companion
10839:             1             16  org.opensearch.indexmanagement.indexstatemanagement.transport.action.explain.TransportExplainAction$$Lambda/0x00007fcd28f07768
10840:             1             16  org.opensearch.indexmanagement.indexstatemanagement.transport.action.explain.TransportExplainAction$Companion
10841:             1             16  org.opensearch.indexmanagement.indexstatemanagement.transport.action.getpolicy.GetPoliciesAction$$Lambda/0x00007fcd28c3bff8
10842:             1             16  org.opensearch.indexmanagement.indexstatemanagement.transport.action.getpolicy.GetPoliciesAction$Companion
10843:             1             16  org.opensearch.indexmanagement.indexstatemanagement.transport.action.getpolicy.GetPolicyAction$$Lambda/0x00007fcd28c3b528
10844:             1             16  org.opensearch.indexmanagement.indexstatemanagement.transport.action.getpolicy.GetPolicyAction$Companion
10845:             1             16  org.opensearch.indexmanagement.indexstatemanagement.transport.action.getpolicy.TransportGetPoliciesAction$$Lambda/0x00007fcd28daa2b0
10846:             1             16  org.opensearch.indexmanagement.indexstatemanagement.transport.action.getpolicy.TransportGetPoliciesAction$$Lambda/0x00007fcd28daa4c8
10847:             1             16  org.opensearch.indexmanagement.indexstatemanagement.transport.action.getpolicy.TransportGetPolicyAction$$Lambda/0x00007fcd28f06ef0
10848:             1             16  org.opensearch.indexmanagement.indexstatemanagement.transport.action.getpolicy.TransportGetPolicyAction$$Lambda/0x00007fcd28f07108
10849:             1             16  org.opensearch.indexmanagement.indexstatemanagement.transport.action.indexpolicy.IndexPolicyAction$$Lambda/0x00007fcd28c39738
10850:             1             16  org.opensearch.indexmanagement.indexstatemanagement.transport.action.indexpolicy.IndexPolicyAction$Companion
10851:             1             16  org.opensearch.indexmanagement.indexstatemanagement.transport.action.indexpolicy.TransportIndexPolicyAction$$Lambda/0x00007fcd28f548d0
10852:             1             16  org.opensearch.indexmanagement.indexstatemanagement.transport.action.indexpolicy.TransportIndexPolicyAction$$Lambda/0x00007fcd28f54ae8
10853:             1             16  org.opensearch.indexmanagement.indexstatemanagement.transport.action.managedIndex.ManagedIndexAction$$Lambda/0x00007fcd28c46448
10854:             1             16  org.opensearch.indexmanagement.indexstatemanagement.transport.action.managedIndex.ManagedIndexAction$Companion
10855:             1             16  org.opensearch.indexmanagement.indexstatemanagement.transport.action.managedIndex.TransportManagedIndexAction$$Lambda/0x00007fcd28f06230
10856:             1             16  org.opensearch.indexmanagement.indexstatemanagement.transport.action.removepolicy.RemovePolicyAction$$Lambda/0x00007fcd28ab2770
10857:             1             16  org.opensearch.indexmanagement.indexstatemanagement.transport.action.removepolicy.RemovePolicyAction$Companion
10858:             1             16  org.opensearch.indexmanagement.indexstatemanagement.transport.action.removepolicy.TransportRemovePolicyAction$$Lambda/0x00007fcd28f06448
10859:             1             16  org.opensearch.indexmanagement.indexstatemanagement.transport.action.retryfailedmanagedindex.RetryFailedManagedIndexAction$$Lambda/0x00007fcd28c38420
10860:             1             16  org.opensearch.indexmanagement.indexstatemanagement.transport.action.retryfailedmanagedindex.RetryFailedManagedIndexAction$Companion
10861:             1             16  org.opensearch.indexmanagement.indexstatemanagement.transport.action.retryfailedmanagedindex.TransportRetryFailedManagedIndexAction$$Lambda/0x00007fcd28f55e38
10862:             1             16  org.opensearch.indexmanagement.indexstatemanagement.transport.action.updateindexmetadata.TransportUpdateManagedIndexMetaDataAction$$Lambda/0x00007fcd28f54000
10863:             1             16  org.opensearch.indexmanagement.indexstatemanagement.transport.action.updateindexmetadata.TransportUpdateManagedIndexMetaDataAction$Companion
10864:             1             16  org.opensearch.indexmanagement.indexstatemanagement.transport.action.updateindexmetadata.TransportUpdateManagedIndexMetaDataAction$ManagedIndexMetaDataExecutor
10865:             1             16  org.opensearch.indexmanagement.indexstatemanagement.transport.action.updateindexmetadata.UpdateManagedIndexMetaDataAction$$Lambda/0x00007fcd28ab1c38
10866:             1             16  org.opensearch.indexmanagement.indexstatemanagement.transport.action.updateindexmetadata.UpdateManagedIndexMetaDataAction$Companion
10867:             1             16  org.opensearch.indexmanagement.refreshanalyzer.RefreshSearchAnalyzerAction$$Lambda/0x00007fcd28ab3278
10868:             1             16  org.opensearch.indexmanagement.refreshanalyzer.RefreshSearchAnalyzerAction$Companion
10869:             1             16  org.opensearch.indexmanagement.refreshanalyzer.RestRefreshSearchAnalyzerAction$Companion
10870:             1             16  org.opensearch.indexmanagement.refreshanalyzer.TransportRefreshSearchAnalyzerAction$$Lambda/0x00007fcd28dab7e8
10871:             1             16  org.opensearch.indexmanagement.rollup.RollupIndexer$$Lambda/0x00007fcd28aa92c8
10872:             1             16  org.opensearch.indexmanagement.rollup.RollupMapperService$Companion
10873:             1             16  org.opensearch.indexmanagement.rollup.RollupRunner
10874:             1             16  org.opensearch.indexmanagement.rollup.RollupSearchService$$Lambda/0x00007fcd28aa9700
10875:             1             16  org.opensearch.indexmanagement.rollup.RollupSearchService$$Lambda/0x00007fcd28aa9930
10876:             1             16  org.opensearch.indexmanagement.rollup.action.delete.DeleteRollupAction$$Lambda/0x00007fcd28c3c840
10877:             1             16  org.opensearch.indexmanagement.rollup.action.delete.DeleteRollupAction$Companion
10878:             1             16  org.opensearch.indexmanagement.rollup.action.delete.TransportDeleteRollupAction$$Lambda/0x00007fcd28f56498
10879:             1             16  org.opensearch.indexmanagement.rollup.action.delete.TransportDeleteRollupAction$$Lambda/0x00007fcd28f566b0
10880:             1             16  org.opensearch.indexmanagement.rollup.action.explain.ExplainRollupAction$$Lambda/0x00007fcd28c40480
10881:             1             16  org.opensearch.indexmanagement.rollup.action.explain.ExplainRollupAction$Companion
10882:             1             16  org.opensearch.indexmanagement.rollup.action.explain.TransportExplainRollupAction$$Lambda/0x00007fcd28da86d0
10883:             1             16  org.opensearch.indexmanagement.rollup.action.explain.TransportExplainRollupAction$$Lambda/0x00007fcd28da88e8
10884:             1             16  org.opensearch.indexmanagement.rollup.action.get.GetRollupAction$$Lambda/0x00007fcd28c3d310
10885:             1             16  org.opensearch.indexmanagement.rollup.action.get.GetRollupAction$Companion
10886:             1             16  org.opensearch.indexmanagement.rollup.action.get.GetRollupsAction$$Lambda/0x00007fcd28c3dde0
10887:             1             16  org.opensearch.indexmanagement.rollup.action.get.GetRollupsAction$Companion
10888:             1             16  org.opensearch.indexmanagement.rollup.action.get.TransportGetRollupAction$$Lambda/0x00007fcd28ef7cc0
10889:             1             16  org.opensearch.indexmanagement.rollup.action.get.TransportGetRollupAction$$Lambda/0x00007fcd28f06000
10890:             1             16  org.opensearch.indexmanagement.rollup.action.get.TransportGetRollupsAction$$Lambda/0x00007fcd28daad40
10891:             1             16  org.opensearch.indexmanagement.rollup.action.get.TransportGetRollupsAction$$Lambda/0x00007fcd28daaf58
10892:             1             16  org.opensearch.indexmanagement.rollup.action.index.IndexRollupAction$$Lambda/0x00007fcd28c3e8b0
10893:             1             16  org.opensearch.indexmanagement.rollup.action.index.IndexRollupAction$Companion
10894:             1             16  org.opensearch.indexmanagement.rollup.action.index.TransportIndexRollupAction$$Lambda/0x00007fcd28f55160
10895:             1             16  org.opensearch.indexmanagement.rollup.action.index.TransportIndexRollupAction$$Lambda/0x00007fcd28f55378
10896:             1             16  org.opensearch.indexmanagement.rollup.action.mapping.TransportUpdateRollupMappingAction$$Lambda/0x00007fcd28f07980
10897:             1             16  org.opensearch.indexmanagement.rollup.action.mapping.UpdateRollupMappingAction$$Lambda/0x00007fcd28c40cc8
10898:             1             16  org.opensearch.indexmanagement.rollup.action.mapping.UpdateRollupMappingAction$Companion
10899:             1             16  org.opensearch.indexmanagement.rollup.action.start.StartRollupAction$$Lambda/0x00007fcd28c3f0f8
10900:             1             16  org.opensearch.indexmanagement.rollup.action.start.StartRollupAction$Companion
10901:             1             16  org.opensearch.indexmanagement.rollup.action.start.TransportStartRollupAction$$Lambda/0x00007fcd28f56d28
10902:             1             16  org.opensearch.indexmanagement.rollup.action.start.TransportStartRollupAction$$Lambda/0x00007fcd28f56f40
10903:             1             16  org.opensearch.indexmanagement.rollup.action.stop.StopRollupAction$$Lambda/0x00007fcd28c3f940
10904:             1             16  org.opensearch.indexmanagement.rollup.action.stop.StopRollupAction$Companion
10905:             1             16  org.opensearch.indexmanagement.rollup.action.stop.TransportStopRollupAction$$Lambda/0x00007fcd28da9e68
10906:             1             16  org.opensearch.indexmanagement.rollup.action.stop.TransportStopRollupAction$$Lambda/0x00007fcd28daa080
10907:             1             16  org.opensearch.indexmanagement.rollup.actionfilter.FieldCapsFilter$$Lambda/0x00007fcd28aa7630
10908:             1             16  org.opensearch.indexmanagement.rollup.interceptor.RollupInterceptor$$Lambda/0x00007fcd28585e40
10909:             1             16  org.opensearch.indexmanagement.rollup.interceptor.RollupInterceptor$$Lambda/0x00007fcd28586070
10910:             1             16  org.opensearch.indexmanagement.rollup.settings.LegacyOpenDistroRollupSettings$Companion
10911:             1             16  org.opensearch.indexmanagement.rollup.settings.RollupSettings$Companion
10912:             1             16  org.opensearch.indexmanagement.rollup.util.QueryShardContextFactory
10913:             1             16  org.opensearch.indexmanagement.rollup.util.RollupFieldValueExpressionResolver
10914:             1             16  org.opensearch.indexmanagement.rollup.util.RollupFieldValueExpressionResolver$IndexAliasUtils
10915:             1             16  org.opensearch.indexmanagement.settings.IndexManagementSettings$Companion
10916:             1             16  org.opensearch.indexmanagement.snapshotmanagement.SMRunner
10917:             1             16  org.opensearch.indexmanagement.snapshotmanagement.api.transport.SMActions
10918:             1             16  org.opensearch.indexmanagement.snapshotmanagement.api.transport.SMActions$$Lambda/0x00007fcd28c46cf8
10919:             1             16  org.opensearch.indexmanagement.snapshotmanagement.api.transport.SMActions$$Lambda/0x00007fcd28c47198
10920:             1             16  org.opensearch.indexmanagement.snapshotmanagement.api.transport.SMActions$$Lambda/0x00007fcd28c47638
10921:             1             16  org.opensearch.indexmanagement.snapshotmanagement.api.transport.SMActions$$Lambda/0x00007fcd28c47850
10922:             1             16  org.opensearch.indexmanagement.snapshotmanagement.api.transport.SMActions$$Lambda/0x00007fcd28c47ce8
10923:             1             16  org.opensearch.indexmanagement.snapshotmanagement.api.transport.SMActions$$Lambda/0x00007fcd28c48000
10924:             1             16  org.opensearch.indexmanagement.snapshotmanagement.api.transport.SMActions$$Lambda/0x00007fcd28c48218
10925:             1             16  org.opensearch.indexmanagement.snapshotmanagement.api.transport.delete.TransportDeleteSMPolicyAction$$Lambda/0x00007fcd28f06660
10926:             1             16  org.opensearch.indexmanagement.snapshotmanagement.api.transport.delete.TransportDeleteSMPolicyAction$$Lambda/0x00007fcd28f06878
10927:             1             16  org.opensearch.indexmanagement.snapshotmanagement.api.transport.delete.TransportDeleteSMPolicyAction$Companion
10928:             1             16  org.opensearch.indexmanagement.snapshotmanagement.api.transport.explain.TransportExplainSMAction$$Lambda/0x00007fcd28f54488
10929:             1             16  org.opensearch.indexmanagement.snapshotmanagement.api.transport.explain.TransportExplainSMAction$$Lambda/0x00007fcd28f546a0
10930:             1             16  org.opensearch.indexmanagement.snapshotmanagement.api.transport.get.TransportGetSMPoliciesAction$$Lambda/0x00007fcd28f54d18
10931:             1             16  org.opensearch.indexmanagement.snapshotmanagement.api.transport.get.TransportGetSMPoliciesAction$$Lambda/0x00007fcd28f54f30
10932:             1             16  org.opensearch.indexmanagement.snapshotmanagement.api.transport.get.TransportGetSMPolicyAction$$Lambda/0x00007fcd28f06aa8
10933:             1             16  org.opensearch.indexmanagement.snapshotmanagement.api.transport.get.TransportGetSMPolicyAction$$Lambda/0x00007fcd28f06cc0
10934:             1             16  org.opensearch.indexmanagement.snapshotmanagement.api.transport.index.TransportIndexSMPolicyAction$$Lambda/0x00007fcd28daa6f8
10935:             1             16  org.opensearch.indexmanagement.snapshotmanagement.api.transport.index.TransportIndexSMPolicyAction$$Lambda/0x00007fcd28daab10
10936:             1             16  org.opensearch.indexmanagement.snapshotmanagement.api.transport.start.TransportStartSMAction$$Lambda/0x00007fcd28ef7878
10937:             1             16  org.opensearch.indexmanagement.snapshotmanagement.api.transport.start.TransportStartSMAction$$Lambda/0x00007fcd28ef7a90
10938:             1             16  org.opensearch.indexmanagement.snapshotmanagement.api.transport.start.TransportStartSMAction$Companion
10939:             1             16  org.opensearch.indexmanagement.snapshotmanagement.api.transport.stop.TransportStopSMAction$$Lambda/0x00007fcd28ef7430
10940:             1             16  org.opensearch.indexmanagement.snapshotmanagement.api.transport.stop.TransportStopSMAction$$Lambda/0x00007fcd28ef7648
10941:             1             16  org.opensearch.indexmanagement.snapshotmanagement.api.transport.stop.TransportStopSMAction$Companion
10942:             1             16  org.opensearch.indexmanagement.snapshotmanagement.settings.SnapshotManagementSettings$Companion
10943:             1             16  org.opensearch.indexmanagement.transform.TargetIndexMappingService
10944:             1             16  org.opensearch.indexmanagement.transform.TransformIndexer$$Lambda/0x00007fcd28aa6718
10945:             1             16  org.opensearch.indexmanagement.transform.TransformRunner
10946:             1             16  org.opensearch.indexmanagement.transform.TransformSearchService$$Lambda/0x00007fcd28aa59f8
10947:             1             16  org.opensearch.indexmanagement.transform.TransformSearchService$$Lambda/0x00007fcd28aa5c28
10948:             1             16  org.opensearch.indexmanagement.transform.TransformSearchService$Companion
10949:             1             16  org.opensearch.indexmanagement.transform.TransformValidator$$Lambda/0x00007fcd28aa6fa8
10950:             1             16  org.opensearch.indexmanagement.transform.TransformValidator$$Lambda/0x00007fcd28aa71d8
10951:             1             16  org.opensearch.indexmanagement.transform.TransformValidator$Companion
10952:             1             16  org.opensearch.indexmanagement.transform.action.delete.DeleteTransformsAction$$Lambda/0x00007fcd28c440a8
10953:             1             16  org.opensearch.indexmanagement.transform.action.delete.DeleteTransformsAction$Companion
10954:             1             16  org.opensearch.indexmanagement.transform.action.delete.TransportDeleteTransformsAction$$Lambda/0x00007fcd28dab188
10955:             1             16  org.opensearch.indexmanagement.transform.action.delete.TransportDeleteTransformsAction$$Lambda/0x00007fcd28dab3a0
10956:             1             16  org.opensearch.indexmanagement.transform.action.explain.ExplainTransformAction$$Lambda/0x00007fcd28c44b70
10957:             1             16  org.opensearch.indexmanagement.transform.action.explain.ExplainTransformAction$Companion
10958:             1             16  org.opensearch.indexmanagement.transform.action.explain.TransportExplainTransformAction$$Lambda/0x00007fcd28f568e0
10959:             1             16  org.opensearch.indexmanagement.transform.action.explain.TransportExplainTransformAction$$Lambda/0x00007fcd28f56af8
10960:             1             16  org.opensearch.indexmanagement.transform.action.get.GetTransformAction$$Lambda/0x00007fcd28c422c8
10961:             1             16  org.opensearch.indexmanagement.transform.action.get.GetTransformAction$Companion
10962:             1             16  org.opensearch.indexmanagement.transform.action.get.GetTransformsAction$$Lambda/0x00007fcd28c42d98
10963:             1             16  org.opensearch.indexmanagement.transform.action.get.GetTransformsAction$Companion
10964:             1             16  org.opensearch.indexmanagement.transform.action.get.TransportGetTransformAction$$Lambda/0x00007fcd28f56050
10965:             1             16  org.opensearch.indexmanagement.transform.action.get.TransportGetTransformAction$$Lambda/0x00007fcd28f56268
10966:             1             16  org.opensearch.indexmanagement.transform.action.get.TransportGetTransformsAction$$Lambda/0x00007fcd28da9178
10967:             1             16  org.opensearch.indexmanagement.transform.action.get.TransportGetTransformsAction$$Lambda/0x00007fcd28da9390
10968:             1             16  org.opensearch.indexmanagement.transform.action.index.IndexTransformAction$$Lambda/0x00007fcd28c417f8
10969:             1             16  org.opensearch.indexmanagement.transform.action.index.IndexTransformAction$Companion
10970:             1             16  org.opensearch.indexmanagement.transform.action.index.TransportIndexTransformAction$$Lambda/0x00007fcd28f555a8
10971:             1             16  org.opensearch.indexmanagement.transform.action.index.TransportIndexTransformAction$$Lambda/0x00007fcd28f557c0
10972:             1             16  org.opensearch.indexmanagement.transform.action.preview.PreviewTransformAction$$Lambda/0x00007fcd28c43860
10973:             1             16  org.opensearch.indexmanagement.transform.action.preview.PreviewTransformAction$Companion
10974:             1             16  org.opensearch.indexmanagement.transform.action.preview.TransportPreviewTransformAction$$Lambda/0x00007fcd28ef7000
10975:             1             16  org.opensearch.indexmanagement.transform.action.start.StartTransformAction$$Lambda/0x00007fcd28c453b8
10976:             1             16  org.opensearch.indexmanagement.transform.action.start.StartTransformAction$Companion
10977:             1             16  org.opensearch.indexmanagement.transform.action.start.TransportStartTransformAction$$Lambda/0x00007fcd28f559f0
10978:             1             16  org.opensearch.indexmanagement.transform.action.start.TransportStartTransformAction$$Lambda/0x00007fcd28f55c08
10979:             1             16  org.opensearch.indexmanagement.transform.action.stop.StopTransformAction$$Lambda/0x00007fcd28c45c00
10980:             1             16  org.opensearch.indexmanagement.transform.action.stop.StopTransformAction$Companion
10981:             1             16  org.opensearch.indexmanagement.transform.action.stop.TransportStopTransformAction$$Lambda/0x00007fcd28da8d30
10982:             1             16  org.opensearch.indexmanagement.transform.action.stop.TransportStopTransformAction$$Lambda/0x00007fcd28da8f48
10983:             1             16  org.opensearch.indexmanagement.transform.settings.TransformSettings$Companion
10984:             1             16  org.opensearch.indices.IndicesModule$$Lambda/0x00007fcd2874a0e8
10985:             1             16  org.opensearch.indices.IndicesModule$$Lambda/0x00007fcd2874a300
10986:             1             16  org.opensearch.indices.IndicesModule$$Lambda/0x00007fcd2874a518
10987:             1             16  org.opensearch.indices.IndicesModule$$Lambda/0x00007fcd2888d5d0
10988:             1             16  org.opensearch.indices.IndicesModule$$Lambda/0x00007fcd2888d7e8
10989:             1             16  org.opensearch.indices.IndicesModule$$Lambda/0x00007fcd2888da00
10990:             1             16  org.opensearch.indices.IndicesRequestCache$$Lambda/0x00007fcd2863ca38
10991:             1             16  org.opensearch.indices.IndicesRequestCache$$Lambda/0x00007fcd288c4140
10992:             1             16  org.opensearch.indices.IndicesRequestCache$$Lambda/0x00007fcd288c4838
10993:             1             16  org.opensearch.indices.IndicesRequestCache$$Lambda/0x00007fcd288c4f08
10994:             1             16  org.opensearch.indices.IndicesRequestCache$IndicesRequestCacheCleanupManager$$Lambda/0x00007fcd293d8900
10995:             1             16  org.opensearch.indices.IndicesRequestCache$IndicesRequestCacheCleanupManager$$Lambda/0x00007fcd293d8fb8
10996:             1             16  org.opensearch.indices.IndicesService$$Lambda/0x00007fcd2863d920
10997:             1             16  org.opensearch.indices.IndicesService$$Lambda/0x00007fcd288c38a8
10998:             1             16  org.opensearch.indices.IndicesService$$Lambda/0x00007fcd288c3ac8
10999:             1             16  org.opensearch.indices.IndicesService$$Lambda/0x00007fcd288c3ce0
11000:             1             16  org.opensearch.indices.IndicesService$$Lambda/0x00007fcd288c7868
11001:             1             16  org.opensearch.indices.IndicesService$$Lambda/0x00007fcd288c7cc8
11002:             1             16  org.opensearch.indices.IndicesService$$Lambda/0x00007fcd288c84a0
11003:             1             16  org.opensearch.indices.IndicesService$$Lambda/0x00007fcd288c8900
11004:             1             16  org.opensearch.indices.IndicesService$$Lambda/0x00007fcd2924c470
11005:             1             16  org.opensearch.indices.IndicesService$$Lambda/0x00007fcd292f8800
11006:             1             16  org.opensearch.indices.IndicesService$ClusterDefaultRefreshIntervalValidator
11007:             1             16  org.opensearch.indices.IndicesService$ClusterMinimumRefreshIntervalValidator
11008:             1             16  org.opensearch.indices.RemoteStoreSettings$$Lambda/0x00007fcd28705d50
11009:             1             16  org.opensearch.indices.RemoteStoreSettings$$Lambda/0x00007fcd28705f98
11010:             1             16  org.opensearch.indices.RemoteStoreSettings$$Lambda/0x00007fcd287061d0
11011:             1             16  org.opensearch.indices.RemoteStoreSettings$$Lambda/0x00007fcd28706408
11012:             1             16  org.opensearch.indices.RemoteStoreSettings$$Lambda/0x00007fcd288bcea8
11013:             1             16  org.opensearch.indices.RemoteStoreSettings$$Lambda/0x00007fcd288bd0d8
11014:             1             16  org.opensearch.indices.RemoteStoreSettings$$Lambda/0x00007fcd288bd308
11015:             1             16  org.opensearch.indices.RemoteStoreSettings$$Lambda/0x00007fcd288bd7a8
11016:             1             16  org.opensearch.indices.RemoteStoreSettings$$Lambda/0x00007fcd288bd9d8
11017:             1             16  org.opensearch.indices.RemoteStoreSettings$$Lambda/0x00007fcd288bdc08
11018:             1             16  org.opensearch.indices.RemoteStoreSettings$$Lambda/0x00007fcd288bde38
11019:             1             16  org.opensearch.indices.RemoteStoreSettings$$Lambda/0x00007fcd288be068
11020:             1             16  org.opensearch.indices.ShardLimitValidator$$Lambda/0x00007fcd288cb1d8
11021:             1             16  org.opensearch.indices.ShardLimitValidator$$Lambda/0x00007fcd288cb408
11022:             1             16  org.opensearch.indices.ShardLimitValidator$$Lambda/0x00007fcd288cb638
11023:             1             16  org.opensearch.indices.ShardLimitValidator$MaxShardPerClusterLimitValidator
11024:             1             16  org.opensearch.indices.ShardLimitValidator$MaxShardPerNodeLimitValidator
11025:             1             16  org.opensearch.indices.SystemIndices$$Lambda/0x00007fcd288b52a0
11026:             1             16  org.opensearch.indices.SystemIndices$$Lambda/0x00007fcd288b54d8
11027:             1             16  org.opensearch.indices.SystemIndices$$Lambda/0x00007fcd288b6af8
11028:             1             16  org.opensearch.indices.SystemIndices$$Lambda/0x00007fcd288b6d30
11029:             1             16  org.opensearch.indices.SystemIndices$$Lambda/0x00007fcd288b6f68
11030:             1             16  org.opensearch.indices.analysis.AnalysisModule$$Lambda/0x00007fcd28655540
11031:             1             16  org.opensearch.indices.analysis.AnalysisModule$$Lambda/0x00007fcd28656e08
11032:             1             16  org.opensearch.indices.analysis.AnalysisModule$$Lambda/0x00007fcd2865c000
11033:             1             16  org.opensearch.indices.analysis.AnalysisModule$$Lambda/0x00007fcd2865c740
11034:             1             16  org.opensearch.indices.analysis.AnalysisModule$$Lambda/0x00007fcd2865c978
11035:             1             16  org.opensearch.indices.analysis.AnalysisModule$$Lambda/0x00007fcd2865cbb8
11036:             1             16  org.opensearch.indices.analysis.AnalysisModule$$Lambda/0x00007fcd2867da38
11037:             1             16  org.opensearch.indices.analysis.AnalysisModule$$Lambda/0x00007fcd2867dc70
11038:             1             16  org.opensearch.indices.analysis.AnalysisModule$$Lambda/0x00007fcd28688518
11039:             1             16  org.opensearch.indices.analysis.AnalysisModule$$Lambda/0x00007fcd28688750
11040:             1             16  org.opensearch.indices.analysis.AnalysisModule$$Lambda/0x00007fcd28688e90
11041:             1             16  org.opensearch.indices.analysis.AnalysisModule$$Lambda/0x00007fcd286895d8
11042:             1             16  org.opensearch.indices.analysis.AnalysisModule$$Lambda/0x00007fcd28689d18
11043:             1             16  org.opensearch.indices.analysis.AnalysisModule$$Lambda/0x00007fcd2868a1e0
11044:             1             16  org.opensearch.indices.analysis.AnalysisModule$$Lambda/0x00007fcd2868a418
11045:             1             16  org.opensearch.indices.analysis.AnalysisModule$$Lambda/0x00007fcd2869c508
11046:             1             16  org.opensearch.indices.analysis.AnalysisModule$$Lambda/0x00007fcd2869db00
11047:             1             16  org.opensearch.indices.analysis.AnalysisModule$$Lambda/0x00007fcd2869e1c8
11048:             1             16  org.opensearch.indices.analysis.AnalysisModule$$Lambda/0x00007fcd2869f608
11049:             1             16  org.opensearch.indices.analysis.AnalysisModule$1
11050:             1             16  org.opensearch.indices.breaker.BreakerSettings$$Lambda/0x00007fcd286c9680
11051:             1             16  org.opensearch.indices.breaker.BreakerSettings$$Lambda/0x00007fcd286c98b8
11052:             1             16  org.opensearch.indices.breaker.BreakerSettings$$Lambda/0x00007fcd286c9af0
11053:             1             16  org.opensearch.indices.breaker.BreakerSettings$$Lambda/0x00007fcd286c9f68
11054:             1             16  org.opensearch.indices.breaker.BreakerSettings$$Lambda/0x00007fcd286ca1a0
11055:             1             16  org.opensearch.indices.breaker.HierarchyCircuitBreakerService$$Lambda/0x00007fcd286d55d8
11056:             1             16  org.opensearch.indices.breaker.HierarchyCircuitBreakerService$$Lambda/0x00007fcd286d5810
11057:             1             16  org.opensearch.indices.breaker.HierarchyCircuitBreakerService$$Lambda/0x00007fcd286d5a48
11058:             1             16  org.opensearch.indices.breaker.HierarchyCircuitBreakerService$$Lambda/0x00007fcd286d5c80
11059:             1             16  org.opensearch.indices.breaker.HierarchyCircuitBreakerService$$Lambda/0x00007fcd28870438
11060:             1             16  org.opensearch.indices.breaker.HierarchyCircuitBreakerService$$Lambda/0x00007fcd28871538
11061:             1             16  org.opensearch.indices.breaker.HierarchyCircuitBreakerService$$Lambda/0x00007fcd28871768
11062:             1             16  org.opensearch.indices.breaker.HierarchyCircuitBreakerService$$Lambda/0x00007fcd28871998
11063:             1             16  org.opensearch.indices.breaker.HierarchyCircuitBreakerService$$Lambda/0x00007fcd28871bc8
11064:             1             16  org.opensearch.indices.breaker.HierarchyCircuitBreakerService$$Lambda/0x00007fcd28871df8
11065:             1             16  org.opensearch.indices.breaker.HierarchyCircuitBreakerService$$Lambda/0x00007fcd28872028
11066:             1             16  org.opensearch.indices.breaker.HierarchyCircuitBreakerService$$Lambda/0x00007fcd28872258
11067:             1             16  org.opensearch.indices.breaker.HierarchyCircuitBreakerService$$Lambda/0x00007fcd288731d8
11068:             1             16  org.opensearch.indices.breaker.HierarchyCircuitBreakerService$$Lambda/0x00007fcd288733f0
11069:             1             16  org.opensearch.indices.breaker.HierarchyCircuitBreakerService$$Lambda/0x00007fcd28873838
11070:             1             16  org.opensearch.indices.breaker.HierarchyCircuitBreakerService$$Lambda/0x00007fcd28873a58
11071:             1             16  org.opensearch.indices.cluster.IndicesClusterStateService$$Lambda/0x00007fcd28dccca8
11072:             1             16  org.opensearch.indices.cluster.IndicesClusterStateService$$Lambda/0x00007fcd28dccec0
11073:             1             16  org.opensearch.indices.cluster.IndicesClusterStateService$$Lambda/0x00007fcd2923ea88
11074:             1             16  org.opensearch.indices.cluster.IndicesClusterStateService$FailedShardHandler
11075:             1             16  org.opensearch.indices.recovery.MultiChunkTransfer$$Lambda/0x00007fcd29394890
11076:             1             16  org.opensearch.indices.recovery.PeerRecoverySourceService$$Lambda/0x00007fcd28d27a10
11077:             1             16  org.opensearch.indices.recovery.PeerRecoverySourceService$$Lambda/0x00007fcd28d282b8
11078:             1             16  org.opensearch.indices.recovery.PeerRecoverySourceService$OngoingRecoveries$$Lambda/0x00007fcd293854e8
11079:             1             16  org.opensearch.indices.recovery.PeerRecoverySourceService$ReestablishRecoveryTransportRequestHandler
11080:             1             16  org.opensearch.indices.recovery.PeerRecoverySourceService$StartRecoveryTransportRequestHandler
11081:             1             16  org.opensearch.indices.recovery.PeerRecoveryTargetService$$Lambda/0x00007fcd28d299e8
11082:             1             16  org.opensearch.indices.recovery.PeerRecoveryTargetService$$Lambda/0x00007fcd28d2a0d8
11083:             1             16  org.opensearch.indices.recovery.PeerRecoveryTargetService$$Lambda/0x00007fcd28d2a7f0
11084:             1             16  org.opensearch.indices.recovery.PeerRecoveryTargetService$$Lambda/0x00007fcd28d2aef8
11085:             1             16  org.opensearch.indices.recovery.PeerRecoveryTargetService$$Lambda/0x00007fcd28d2b628
11086:             1             16  org.opensearch.indices.recovery.PeerRecoveryTargetService$$Lambda/0x00007fcd28d2bf48
11087:             1             16  org.opensearch.indices.recovery.PeerRecoveryTargetService$$Lambda/0x00007fcd28d2c648
11088:             1             16  org.opensearch.indices.recovery.PeerRecoveryTargetService$CleanFilesRequestHandler
11089:             1             16  org.opensearch.indices.recovery.PeerRecoveryTargetService$FilesInfoRequestHandler
11090:             1             16  org.opensearch.indices.recovery.PeerRecoveryTargetService$FinalizeRecoveryRequestHandler
11091:             1             16  org.opensearch.indices.recovery.PeerRecoveryTargetService$HandoffPrimaryContextRequestHandler
11092:             1             16  org.opensearch.indices.recovery.PeerRecoveryTargetService$PrepareForTranslogOperationsRequestHandler
11093:             1             16  org.opensearch.indices.recovery.PeerRecoveryTargetService$TranslogOperationsRequestHandler
11094:             1             16  org.opensearch.indices.recovery.RecoveryResponse$$Lambda/0x00007fcd29370df8
11095:             1             16  org.opensearch.indices.recovery.RecoveryResponse$$Lambda/0x00007fcd29371ca0
11096:             1             16  org.opensearch.indices.recovery.RecoveryResponse$$Lambda/0x00007fcd29393470
11097:             1             16  org.opensearch.indices.recovery.RecoveryResponse$$Lambda/0x00007fcd293938a0
11098:             1             16  org.opensearch.indices.recovery.RecoverySettings$$Lambda/0x00007fcd286ce7b8
11099:             1             16  org.opensearch.indices.recovery.RecoverySettings$$Lambda/0x00007fcd286ce9f0
11100:             1             16  org.opensearch.indices.recovery.RecoverySettings$$Lambda/0x00007fcd286cec28
11101:             1             16  org.opensearch.indices.recovery.RecoverySettings$$Lambda/0x00007fcd286cee60
11102:             1             16  org.opensearch.indices.recovery.RecoverySettings$$Lambda/0x00007fcd288bb238
11103:             1             16  org.opensearch.indices.recovery.RecoverySettings$$Lambda/0x00007fcd288bb468
11104:             1             16  org.opensearch.indices.recovery.RecoverySettings$$Lambda/0x00007fcd288bb698
11105:             1             16  org.opensearch.indices.recovery.RecoverySettings$$Lambda/0x00007fcd288bb8c8
11106:             1             16  org.opensearch.indices.recovery.RecoverySettings$$Lambda/0x00007fcd288bbaf8
11107:             1             16  org.opensearch.indices.recovery.RecoverySettings$$Lambda/0x00007fcd288bbd28
11108:             1             16  org.opensearch.indices.recovery.RecoverySettings$$Lambda/0x00007fcd288bbf58
11109:             1             16  org.opensearch.indices.recovery.RecoverySettings$$Lambda/0x00007fcd288bc188
11110:             1             16  org.opensearch.indices.recovery.RecoverySettings$$Lambda/0x00007fcd288bc3b8
11111:             1             16  org.opensearch.indices.recovery.RecoverySettings$$Lambda/0x00007fcd288bc5e8
11112:             1             16  org.opensearch.indices.recovery.RecoverySettings$$Lambda/0x00007fcd288bc818
11113:             1             16  org.opensearch.indices.recovery.RecoverySettings$$Lambda/0x00007fcd288bca48
11114:             1             16  org.opensearch.indices.recovery.RecoverySettings$$Lambda/0x00007fcd288bcc78
11115:             1             16  org.opensearch.indices.recovery.RemoteRecoveryTargetHandler$$Lambda/0x00007fcd293893b0
11116:             1             16  org.opensearch.indices.recovery.RemoteRecoveryTargetHandler$$Lambda/0x00007fcd293895c8
11117:             1             16  org.opensearch.indices.recovery.RemoteRecoveryTargetHandler$$Lambda/0x00007fcd29395c28
11118:             1             16  org.opensearch.indices.recovery.RemoteRecoveryTargetHandler$$Lambda/0x00007fcd29396058
11119:             1             16  org.opensearch.indices.recovery.RemoteRecoveryTargetHandler$$Lambda/0x00007fcd29396d78
11120:             1             16  org.opensearch.indices.recovery.RemoteRecoveryTargetHandler$$Lambda/0x00007fcd293971a8
11121:             1             16  org.opensearch.indices.replication.OngoingSegmentReplications$$Lambda/0x00007fcd29429c50
11122:             1             16  org.opensearch.indices.replication.SegmentReplicationSourceService$$Lambda/0x00007fcd28d2fc20
11123:             1             16  org.opensearch.indices.replication.SegmentReplicationSourceService$$Lambda/0x00007fcd28d30748
11124:             1             16  org.opensearch.indices.replication.SegmentReplicationSourceService$$Lambda/0x00007fcd28d30b90
11125:             1             16  org.opensearch.indices.replication.SegmentReplicationSourceService$CheckpointInfoRequestHandler
11126:             1             16  org.opensearch.indices.replication.SegmentReplicationSourceService$GetSegmentFilesRequestHandler
11127:             1             16  org.opensearch.indices.replication.SegmentReplicationSourceService$UpdateVisibleCheckpointRequestHandler
11128:             1             16  org.opensearch.indices.replication.SegmentReplicationTargetService$$Lambda/0x00007fcd28d2ddb8
11129:             1             16  org.opensearch.indices.replication.SegmentReplicationTargetService$$Lambda/0x00007fcd28d2e4b0
11130:             1             16  org.opensearch.indices.replication.SegmentReplicationTargetService$ForceSyncTransportRequestHandler
11131:             1             16  org.opensearch.indices.replication.checkpoint.PublishCheckpointAction$$Lambda/0x00007fcd28dcc440
11132:             1             16  org.opensearch.indices.replication.checkpoint.PublishCheckpointAction$$Lambda/0x00007fcd28dcc658
11133:             1             16  org.opensearch.indices.replication.checkpoint.SegmentReplicationCheckpointPublisher$$Lambda/0x00007fcd28dcc870
11134:             1             16  org.opensearch.indices.replication.checkpoint.SegmentReplicationCheckpointPublisher$$Lambda/0x00007fcd28dcca88
11135:             1             16  org.opensearch.indices.replication.common.ReplicationTarget$$Lambda/0x00007fcd292c7ac8
11136:             1             16  org.opensearch.indices.store.IndicesStore$$Lambda/0x00007fcd28dbdf88
11137:             1             16  org.opensearch.indices.store.IndicesStore$ShardActiveRequestHandler
11138:             1             16  org.opensearch.indices.store.TransportNodesListShardStoreMetadata$$Lambda/0x00007fcd28da58e0
11139:             1             16  org.opensearch.indices.store.TransportNodesListShardStoreMetadata$$Lambda/0x00007fcd28da5af8
11140:             1             16  org.opensearch.indices.store.TransportNodesListShardStoreMetadata$$Lambda/0x00007fcd28da5d10
11141:             1             16  org.opensearch.indices.store.TransportNodesListShardStoreMetadataBatch$$Lambda/0x00007fcd28da7590
11142:             1             16  org.opensearch.indices.store.TransportNodesListShardStoreMetadataBatch$$Lambda/0x00007fcd28da77a8
11143:             1             16  org.opensearch.indices.store.TransportNodesListShardStoreMetadataBatch$$Lambda/0x00007fcd28da79c0
11144:             1             16  org.opensearch.ingest.DropProcessor$Factory
11145:             1             16  org.opensearch.ingest.IngestInfo
11146:             1             16  org.opensearch.ingest.IngestService$$Lambda/0x00007fcd288c9238
11147:             1             16  org.opensearch.ingest.IngestService$$Lambda/0x00007fcd288c9458
11148:             1             16  org.opensearch.ingest.PipelineProcessor$Factory
11149:             1             16  org.opensearch.ingest.common.AppendProcessor$Factory
11150:             1             16  org.opensearch.ingest.common.BytesProcessor$Factory
11151:             1             16  org.opensearch.ingest.common.CommunityIdProcessor$Factory
11152:             1             16  org.opensearch.ingest.common.ConvertProcessor$Factory
11153:             1             16  org.opensearch.ingest.common.CopyProcessor$Factory
11154:             1             16  org.opensearch.ingest.common.CsvProcessor$Factory
11155:             1             16  org.opensearch.ingest.common.DateIndexNameProcessor$Factory
11156:             1             16  org.opensearch.ingest.common.DateProcessor$Factory
11157:             1             16  org.opensearch.ingest.common.DissectProcessor$Factory
11158:             1             16  org.opensearch.ingest.common.DotExpanderProcessor$Factory
11159:             1             16  org.opensearch.ingest.common.FailProcessor$Factory
11160:             1             16  org.opensearch.ingest.common.ForEachProcessor$Factory
11161:             1             16  org.opensearch.ingest.common.GrokProcessorGetAction$$Lambda/0x00007fcd288ef370
11162:             1             16  org.opensearch.ingest.common.GrokProcessorGetAction$TransportAction$$Lambda/0x00007fcd288efa50
11163:             1             16  org.opensearch.ingest.common.GsubProcessor$Factory
11164:             1             16  org.opensearch.ingest.common.HtmlStripProcessor$Factory
11165:             1             16  org.opensearch.ingest.common.IngestCommonPlugin
11166:             1             16  org.opensearch.ingest.common.IngestCommonPlugin$$Lambda/0x00007fcd288ec8d0
11167:             1             16  org.opensearch.ingest.common.JoinProcessor$Factory
11168:             1             16  org.opensearch.ingest.common.JsonProcessor$Factory
11169:             1             16  org.opensearch.ingest.common.KeyValueProcessor$Factory
11170:             1             16  org.opensearch.ingest.common.LowercaseProcessor$Factory
11171:             1             16  org.opensearch.ingest.common.RemoveByPatternProcessor$Factory
11172:             1             16  org.opensearch.ingest.common.RemoveProcessor$Factory
11173:             1             16  org.opensearch.ingest.common.RenameProcessor$Factory
11174:             1             16  org.opensearch.ingest.common.ScriptProcessor$Factory
11175:             1             16  org.opensearch.ingest.common.SetProcessor$Factory
11176:             1             16  org.opensearch.ingest.common.SortProcessor$Factory
11177:             1             16  org.opensearch.ingest.common.SplitProcessor$Factory
11178:             1             16  org.opensearch.ingest.common.TrimProcessor$Factory
11179:             1             16  org.opensearch.ingest.common.URLDecodeProcessor$Factory
11180:             1             16  org.opensearch.ingest.common.UppercaseProcessor$Factory
11181:             1             16  org.opensearch.ingest.geoip.IngestGeoIpPlugin
11182:             1             16  org.opensearch.ingest.geoip.IngestGeoIpPlugin$GeoIpCache
11183:             1             16  org.opensearch.ingest.useragent.IngestUserAgentPlugin
11184:             1             16  org.opensearch.ingest.useragent.UserAgentCache
11185:             1             16  org.opensearch.ingest.useragent.UserAgentProcessor$Factory
11186:             1             16  org.opensearch.jobscheduler.JobSchedulerPlugin$$Lambda/0x00007fcd285276d8
11187:             1             16  org.opensearch.jobscheduler.scheduler.ScheduledJobInfo
11188:             1             16  org.opensearch.jobscheduler.sweeper.JobSweeper$$Lambda/0x00007fcd28972c00
11189:             1             16  org.opensearch.jobscheduler.sweeper.JobSweeper$$Lambda/0x00007fcd28973468
11190:             1             16  org.opensearch.jobscheduler.sweeper.JobSweeper$$Lambda/0x00007fcd28973698
11191:             1             16  org.opensearch.jobscheduler.sweeper.JobSweeper$$Lambda/0x00007fcd289738c8
11192:             1             16  org.opensearch.jobscheduler.sweeper.JobSweeper$$Lambda/0x00007fcd28973af8
11193:             1             16  org.opensearch.jobscheduler.sweeper.JobSweeper$$Lambda/0x00007fcd28973d28
11194:             1             16  org.opensearch.jobscheduler.sweeper.JobSweeper$$Lambda/0x00007fcd29004b40
11195:             1             16  org.opensearch.jobscheduler.sweeper.JobSweeper$$Lambda/0x00007fcd29004f80
11196:             1             16  org.opensearch.jobscheduler.sweeper.JobSweeper$$Lambda/0x00007fcd290051c8
11197:             1             16  org.opensearch.jobscheduler.sweeper.JobSweeper$$Lambda/0x00007fcd29005400
11198:             1             16  org.opensearch.jobscheduler.sweeper.JobSweeper$$Lambda/0x00007fcd29005888
11199:             1             16  org.opensearch.jobscheduler.sweeper.JobSweeper$$Lambda/0x00007fcd29005ac0
11200:             1             16  org.opensearch.join.ParentJoinPlugin
11201:             1             16  org.opensearch.join.ParentJoinPlugin$$Lambda/0x00007fcd2878d230
11202:             1             16  org.opensearch.join.ParentJoinPlugin$$Lambda/0x00007fcd2878d448
11203:             1             16  org.opensearch.join.ParentJoinPlugin$$Lambda/0x00007fcd2878da28
11204:             1             16  org.opensearch.join.ParentJoinPlugin$$Lambda/0x00007fcd2878dc40
11205:             1             16  org.opensearch.join.ParentJoinPlugin$$Lambda/0x00007fcd2878e388
11206:             1             16  org.opensearch.join.ParentJoinPlugin$$Lambda/0x00007fcd2878e5a0
11207:             1             16  org.opensearch.join.ParentJoinPlugin$$Lambda/0x00007fcd2878ee38
11208:             1             16  org.opensearch.join.ParentJoinPlugin$$Lambda/0x00007fcd2878f050
11209:             1             16  org.opensearch.join.ParentJoinPlugin$$Lambda/0x00007fcd2878f860
11210:             1             16  org.opensearch.join.ParentJoinPlugin$$Lambda/0x00007fcd2883d250
11211:             1             16  org.opensearch.join.ParentJoinPlugin$$Lambda/0x00007fcd2883d468
11212:             1             16  org.opensearch.join.ParentJoinPlugin$$Lambda/0x00007fcd2883dc78
11213:             1             16  org.opensearch.join.mapper.ParentJoinFieldMapper$TypeParser
11214:             1             16  org.opensearch.knn.index.KNNClusterUtil
11215:             1             16  org.opensearch.knn.index.KNNSettings$$Lambda/0x00007fcd2848b790
11216:             1             16  org.opensearch.knn.index.KNNSettings$$Lambda/0x00007fcd28617d20
11217:             1             16  org.opensearch.knn.index.KNNSettings$$Lambda/0x00007fcd28fe6ee8
11218:             1             16  org.opensearch.knn.index.KNNSettings$1$$Lambda/0x00007fcd2848bdc0
11219:             1             16  org.opensearch.knn.index.KNNSettings$SpaceTypeValidator
11220:             1             16  org.opensearch.knn.index.MethodComponent$Builder$$Lambda/0x00007fcd28467cf0
11221:             1             16  org.opensearch.knn.index.VectorDataType$$Lambda/0x00007fcd28491618
11222:             1             16  org.opensearch.knn.index.codec.KNN920Codec.KNN920PerFieldKnnVectorsFormat$$Lambda/0x00007fcd28240678
11223:             1             16  org.opensearch.knn.index.codec.KNN920Codec.KNN920PerFieldKnnVectorsFormat$$Lambda/0x00007fcd28240890
11224:             1             16  org.opensearch.knn.index.codec.KNN940Codec.KNN940PerFieldKnnVectorsFormat$$Lambda/0x00007fcd28241130
11225:             1             16  org.opensearch.knn.index.codec.KNN940Codec.KNN940PerFieldKnnVectorsFormat$$Lambda/0x00007fcd28241348
11226:             1             16  org.opensearch.knn.index.codec.KNN950Codec.KNN950PerFieldKnnVectorsFormat$$Lambda/0x00007fcd28241be8
11227:             1             16  org.opensearch.knn.index.codec.KNN950Codec.KNN950PerFieldKnnVectorsFormat$$Lambda/0x00007fcd28241e00
11228:             1             16  org.opensearch.knn.index.codec.KNN990Codec.KNN990PerFieldKnnVectorsFormat$$Lambda/0x00007fcd282426a0
11229:             1             16  org.opensearch.knn.index.codec.KNN990Codec.KNN990PerFieldKnnVectorsFormat$$Lambda/0x00007fcd282428b8
11230:             1             16  org.opensearch.knn.index.codec.KNNCodecVersion$$Lambda/0x00007fcd28240000
11231:             1             16  org.opensearch.knn.index.codec.KNNCodecVersion$$Lambda/0x00007fcd28240238
11232:             1             16  org.opensearch.knn.index.codec.KNNCodecVersion$$Lambda/0x00007fcd28240460
11233:             1             16  org.opensearch.knn.index.codec.KNNCodecVersion$$Lambda/0x00007fcd28240ab8
11234:             1             16  org.opensearch.knn.index.codec.KNNCodecVersion$$Lambda/0x00007fcd28240cf0
11235:             1             16  org.opensearch.knn.index.codec.KNNCodecVersion$$Lambda/0x00007fcd28240f18
11236:             1             16  org.opensearch.knn.index.codec.KNNCodecVersion$$Lambda/0x00007fcd28241570
11237:             1             16  org.opensearch.knn.index.codec.KNNCodecVersion$$Lambda/0x00007fcd282417a8
11238:             1             16  org.opensearch.knn.index.codec.KNNCodecVersion$$Lambda/0x00007fcd282419d0
11239:             1             16  org.opensearch.knn.index.codec.KNNCodecVersion$$Lambda/0x00007fcd28242028
11240:             1             16  org.opensearch.knn.index.codec.KNNCodecVersion$$Lambda/0x00007fcd28242260
11241:             1             16  org.opensearch.knn.index.codec.KNNCodecVersion$$Lambda/0x00007fcd28242488
11242:             1             16  org.opensearch.knn.index.codec.KNNCodecVersion$$Lambda/0x00007fcd28242ae0
11243:             1             16  org.opensearch.knn.index.codec.KNNCodecVersion$$Lambda/0x00007fcd28242d18
11244:             1             16  org.opensearch.knn.index.codec.KNNCodecVersion$$Lambda/0x00007fcd28242f40
11245:             1             16  org.opensearch.knn.index.mapper.KNNVectorFieldMapper$TypeParser
11246:             1             16  org.opensearch.knn.index.memory.NativeMemoryCacheManager$$Lambda/0x00007fcd28907a70
11247:             1             16  org.opensearch.knn.index.memory.NativeMemoryCacheManager$$Lambda/0x00007fcd28908000
11248:             1             16  org.opensearch.knn.index.memory.NativeMemoryLoadStrategy$IndexLoadStrategy$1
11249:             1             16  org.opensearch.knn.index.util.Faiss$$Lambda/0x00007fcd28490230
11250:             1             16  org.opensearch.knn.index.util.Faiss$$Lambda/0x00007fcd284906c0
11251:             1             16  org.opensearch.knn.index.util.Faiss$$Lambda/0x00007fcd284908f8
11252:             1             16  org.opensearch.knn.index.util.Faiss$$Lambda/0x00007fcd28491850
11253:             1             16  org.opensearch.knn.index.util.Faiss$$Lambda/0x00007fcd28491aa0
11254:             1             16  org.opensearch.knn.index.util.Faiss$$Lambda/0x00007fcd28491ce8
11255:             1             16  org.opensearch.knn.index.util.Faiss$$Lambda/0x00007fcd28491f10
11256:             1             16  org.opensearch.knn.index.util.Faiss$$Lambda/0x00007fcd28492368
11257:             1             16  org.opensearch.knn.index.util.Faiss$$Lambda/0x00007fcd28492590
11258:             1             16  org.opensearch.knn.index.util.Faiss$$Lambda/0x00007fcd284927d8
11259:             1             16  org.opensearch.knn.index.util.Faiss$$Lambda/0x00007fcd28492a00
11260:             1             16  org.opensearch.knn.index.util.Faiss$$Lambda/0x00007fcd28494400
11261:             1             16  org.opensearch.knn.index.util.Faiss$$Lambda/0x00007fcd28494800
11262:             1             16  org.opensearch.knn.index.util.Faiss$$Lambda/0x00007fcd28494a28
11263:             1             16  org.opensearch.knn.index.util.Faiss$$Lambda/0x00007fcd28494c70
11264:             1             16  org.opensearch.knn.index.util.Faiss$$Lambda/0x00007fcd28495000
11265:             1             16  org.opensearch.knn.index.util.Faiss$$Lambda/0x00007fcd28495228
11266:             1             16  org.opensearch.knn.index.util.Faiss$$Lambda/0x00007fcd28495440
11267:             1             16  org.opensearch.knn.index.util.Faiss$$Lambda/0x00007fcd28495688
11268:             1             16  org.opensearch.knn.index.util.Faiss$$Lambda/0x00007fcd284958d0
11269:             1             16  org.opensearch.knn.index.util.Faiss$$Lambda/0x00007fcd28497908
11270:             1             16  org.opensearch.knn.index.util.Faiss$$Lambda/0x00007fcd28497b50
11271:             1             16  org.opensearch.knn.index.util.Faiss$$Lambda/0x00007fcd28497d78
11272:             1             16  org.opensearch.knn.index.util.Faiss$$Lambda/0x00007fcd28498000
11273:             1             16  org.opensearch.knn.index.util.Lucene$$Lambda/0x00007fcd28498830
11274:             1             16  org.opensearch.knn.index.util.Lucene$$Lambda/0x00007fcd28498a78
11275:             1             16  org.opensearch.knn.index.util.Lucene$$Lambda/0x00007fcd28498cc0
11276:             1             16  org.opensearch.knn.index.util.Lucene$$Lambda/0x00007fcd28498ef8
11277:             1             16  org.opensearch.knn.index.util.Nmslib$$Lambda/0x00007fcd28489000
11278:             1             16  org.opensearch.knn.index.util.Nmslib$$Lambda/0x00007fcd28489248
11279:             1             16  org.opensearch.knn.indices.ModelDao$OpenSearchKNNModelDao$$Lambda/0x00007fcd28904218
11280:             1             16  org.opensearch.knn.indices.ModelDao$OpenSearchKNNModelDao$$Lambda/0x00007fcd28904448
11281:             1             16  org.opensearch.knn.plugin.KNNPlugin$$Lambda/0x00007fcd28499d38
11282:             1             16  org.opensearch.knn.plugin.KNNPlugin$$Lambda/0x00007fcd28615bc0
11283:             1             16  org.opensearch.knn.plugin.KNNPlugin$$Lambda/0x00007fcd286161c8
11284:             1             16  org.opensearch.knn.plugin.KNNPlugin$$Lambda/0x00007fcd286163e0
11285:             1             16  org.opensearch.knn.plugin.KNNPlugin$$Lambda/0x00007fcd28616980
11286:             1             16  org.opensearch.knn.plugin.KNNPlugin$$Lambda/0x00007fcd28616b98
11287:             1             16  org.opensearch.knn.plugin.KNNPlugin$$Lambda/0x00007fcd28616db0
11288:             1             16  org.opensearch.knn.plugin.rest.RestKNNStatsHandler$$Lambda/0x00007fcd28fe6840
11289:             1             16  org.opensearch.knn.plugin.rest.RestKNNStatsHandler$$Lambda/0x00007fcd28fe6a78
11290:             1             16  org.opensearch.knn.plugin.rest.RestKNNStatsHandler$$Lambda/0x00007fcd28fe6cb0
11291:             1             16  org.opensearch.knn.plugin.script.KNNScoringScriptEngine
11292:             1             16  org.opensearch.knn.plugin.stats.KNNStats
11293:             1             16  org.opensearch.knn.plugin.stats.KNNStats$$Lambda/0x00007fcd289134e0
11294:             1             16  org.opensearch.knn.plugin.stats.KNNStats$$Lambda/0x00007fcd28913718
11295:             1             16  org.opensearch.knn.plugin.stats.KNNStats$$Lambda/0x00007fcd28913950
11296:             1             16  org.opensearch.knn.plugin.stats.KNNStats$$Lambda/0x00007fcd28913b88
11297:             1             16  org.opensearch.knn.plugin.stats.KNNStats$$Lambda/0x00007fcd28913dc0
11298:             1             16  org.opensearch.knn.plugin.stats.KNNStats$$Lambda/0x00007fcd28913ff8
11299:             1             16  org.opensearch.knn.plugin.stats.KNNStats$$Lambda/0x00007fcd28914458
11300:             1             16  org.opensearch.knn.plugin.stats.KNNStats$$Lambda/0x00007fcd28914690
11301:             1             16  org.opensearch.knn.plugin.stats.KNNStats$$Lambda/0x00007fcd289148c8
11302:             1             16  org.opensearch.knn.plugin.stats.KNNStats$$Lambda/0x00007fcd28914b00
11303:             1             16  org.opensearch.knn.plugin.stats.KNNStats$$Lambda/0x00007fcd289155f8
11304:             1             16  org.opensearch.knn.plugin.stats.KNNStats$$Lambda/0x00007fcd28915a58
11305:             1             16  org.opensearch.knn.plugin.stats.KNNStats$$Lambda/0x00007fcd28915c90
11306:             1             16  org.opensearch.knn.plugin.stats.KNNStats$$Lambda/0x00007fcd28915ec8
11307:             1             16  org.opensearch.knn.plugin.stats.KNNStats$1
11308:             1             16  org.opensearch.knn.plugin.stats.suppliers.KNNCircuitBreakerSupplier
11309:             1             16  org.opensearch.knn.plugin.stats.suppliers.ModelIndexStatusSupplier
11310:             1             16  org.opensearch.knn.plugin.stats.suppliers.ModelIndexingDegradingSupplier
11311:             1             16  org.opensearch.knn.plugin.transport.ClearCacheAction$$Lambda/0x00007fcd28c06910
11312:             1             16  org.opensearch.knn.plugin.transport.ClearCacheTransportAction$$Lambda/0x00007fcd28d88f50
11313:             1             16  org.opensearch.knn.plugin.transport.DeleteModelAction$$Lambda/0x00007fcd28c04748
11314:             1             16  org.opensearch.knn.plugin.transport.DeleteModelTransportAction$$Lambda/0x00007fcd28d88d38
11315:             1             16  org.opensearch.knn.plugin.transport.GetModelAction$$Lambda/0x00007fcd28917de0
11316:             1             16  org.opensearch.knn.plugin.transport.GetModelTransportAction$$Lambda/0x00007fcd28d897b0
11317:             1             16  org.opensearch.knn.plugin.transport.KNNStatsAction$$Lambda/0x00007fcd289165f0
11318:             1             16  org.opensearch.knn.plugin.transport.KNNStatsTransportAction$$Lambda/0x00007fcd28d89e50
11319:             1             16  org.opensearch.knn.plugin.transport.KNNStatsTransportAction$$Lambda/0x00007fcd28d8a068
11320:             1             16  org.opensearch.knn.plugin.transport.KNNWarmupAction$$Lambda/0x00007fcd28916d40
11321:             1             16  org.opensearch.knn.plugin.transport.KNNWarmupTransportAction$$Lambda/0x00007fcd28d8a280
11322:             1             16  org.opensearch.knn.plugin.transport.RemoveModelFromCacheAction$$Lambda/0x00007fcd28c058f0
11323:             1             16  org.opensearch.knn.plugin.transport.RemoveModelFromCacheTransportAction$$Lambda/0x00007fcd28d8a498
11324:             1             16  org.opensearch.knn.plugin.transport.RemoveModelFromCacheTransportAction$$Lambda/0x00007fcd28d8a6b0
11325:             1             16  org.opensearch.knn.plugin.transport.SearchModelAction$$Lambda/0x00007fcd28c05d80
11326:             1             16  org.opensearch.knn.plugin.transport.SearchModelTransportAction$$Lambda/0x00007fcd28d89168
11327:             1             16  org.opensearch.knn.plugin.transport.TrainingJobRouteDecisionInfoAction$$Lambda/0x00007fcd28917950
11328:             1             16  org.opensearch.knn.plugin.transport.TrainingJobRouteDecisionInfoTransportAction$$Lambda/0x00007fcd28d89380
11329:             1             16  org.opensearch.knn.plugin.transport.TrainingJobRouteDecisionInfoTransportAction$$Lambda/0x00007fcd28d89598
11330:             1             16  org.opensearch.knn.plugin.transport.TrainingJobRouterAction$$Lambda/0x00007fcd28c04e08
11331:             1             16  org.opensearch.knn.plugin.transport.TrainingJobRouterTransportAction$$Lambda/0x00007fcd28d8aae0
11332:             1             16  org.opensearch.knn.plugin.transport.TrainingModelAction$$Lambda/0x00007fcd28c05250
11333:             1             16  org.opensearch.knn.plugin.transport.TrainingModelTransportAction$$Lambda/0x00007fcd28d8a8c8
11334:             1             16  org.opensearch.knn.plugin.transport.UpdateModelGraveyardAction$$Lambda/0x00007fcd28c061b0
11335:             1             16  org.opensearch.knn.plugin.transport.UpdateModelGraveyardTransportAction$$Lambda/0x00007fcd28d899c8
11336:             1             16  org.opensearch.knn.plugin.transport.UpdateModelGraveyardTransportAction$UpdateModelGraveyardExecutor
11337:             1             16  org.opensearch.knn.plugin.transport.UpdateModelMetadataAction$$Lambda/0x00007fcd289171f0
11338:             1             16  org.opensearch.knn.plugin.transport.UpdateModelMetadataTransportAction$$Lambda/0x00007fcd28d8acf8
11339:             1             16  org.opensearch.knn.plugin.transport.UpdateModelMetadataTransportAction$UpdateModelMetadataExecutor
11340:             1             16  org.opensearch.ml.action.agents.DeleteAgentTransportAction$$Lambda/0x00007fcd28ebedd8
11341:             1             16  org.opensearch.ml.action.agents.GetAgentTransportAction$$Lambda/0x00007fcd28ebf2b0
11342:             1             16  org.opensearch.ml.action.agents.TransportRegisterAgentAction$$Lambda/0x00007fcd28f14000
11343:             1             16  org.opensearch.ml.action.agents.TransportSearchAgentAction$$Lambda/0x00007fcd28f16ba0
11344:             1             16  org.opensearch.ml.action.config.GetConfigTransportAction$$Lambda/0x00007fcd28f90de0
11345:             1             16  org.opensearch.ml.action.connector.DeleteConnectorTransportAction$$Lambda/0x00007fcd28efb000
11346:             1             16  org.opensearch.ml.action.connector.ExecuteConnectorTransportAction$$Lambda/0x00007fcd28d725d8
11347:             1             16  org.opensearch.ml.action.connector.GetConnectorTransportAction$$Lambda/0x00007fcd28e97aa8
11348:             1             16  org.opensearch.ml.action.connector.SearchConnectorTransportAction$$Lambda/0x00007fcd28d73960
11349:             1             16  org.opensearch.ml.action.connector.TransportCreateConnectorAction$$Lambda/0x00007fcd28ebe6e0
11350:             1             16  org.opensearch.ml.action.connector.TransportCreateConnectorAction$$Lambda/0x00007fcd28ebe8f8
11351:             1             16  org.opensearch.ml.action.connector.UpdateConnectorTransportAction$$Lambda/0x00007fcd28f904d0
11352:             1             16  org.opensearch.ml.action.connector.UpdateConnectorTransportAction$$Lambda/0x00007fcd28f906e8
11353:             1             16  org.opensearch.ml.action.controller.CreateControllerTransportAction$$Lambda/0x00007fcd28e7ed58
11354:             1             16  org.opensearch.ml.action.controller.DeleteControllerTransportAction$$Lambda/0x00007fcd28d73318
11355:             1             16  org.opensearch.ml.action.controller.DeployControllerTransportAction$$Lambda/0x00007fcd28e7fcc0
11356:             1             16  org.opensearch.ml.action.controller.DeployControllerTransportAction$$Lambda/0x00007fcd28e96000
11357:             1             16  org.opensearch.ml.action.controller.GetControllerTransportAction$$Lambda/0x00007fcd28e7f448
11358:             1             16  org.opensearch.ml.action.controller.UndeployControllerTransportAction$$Lambda/0x00007fcd28d727f0
11359:             1             16  org.opensearch.ml.action.controller.UndeployControllerTransportAction$$Lambda/0x00007fcd28d72a08
11360:             1             16  org.opensearch.ml.action.controller.UpdateControllerTransportAction$$Lambda/0x00007fcd28f17068
11361:             1             16  org.opensearch.ml.action.deploy.TransportDeployModelAction$$Lambda/0x00007fcd28f150f0
11362:             1             16  org.opensearch.ml.action.deploy.TransportDeployModelAction$$Lambda/0x00007fcd28f15308
11363:             1             16  org.opensearch.ml.action.deploy.TransportDeployModelOnNodeAction$$Lambda/0x00007fcd28e96b10
11364:             1             16  org.opensearch.ml.action.deploy.TransportDeployModelOnNodeAction$$Lambda/0x00007fcd28e96d28
11365:             1             16  org.opensearch.ml.action.execute.TransportExecuteTaskAction$$Lambda/0x00007fcd28f90918
11366:             1             16  org.opensearch.ml.action.forward.TransportForwardAction$$Lambda/0x00007fcd28f14648
11367:             1             16  org.opensearch.ml.action.forward.TransportForwardAction$$Lambda/0x00007fcd28f14860
11368:             1             16  org.opensearch.ml.action.model_group.DeleteModelGroupTransportAction$$Lambda/0x00007fcd28e968f8
11369:             1             16  org.opensearch.ml.action.model_group.GetModelGroupTransportAction$$Lambda/0x00007fcd28efb910
11370:             1             16  org.opensearch.ml.action.model_group.SearchModelGroupTransportAction$$Lambda/0x00007fcd28d73b78
11371:             1             16  org.opensearch.ml.action.model_group.TransportRegisterModelGroupAction$$Lambda/0x00007fcd28f17530
11372:             1             16  org.opensearch.ml.action.model_group.TransportUpdateModelGroupAction$$Lambda/0x00007fcd28f0f2b0
11373:             1             16  org.opensearch.ml.action.models.DeleteModelTransportAction$$Lambda/0x00007fcd28f90000
11374:             1             16  org.opensearch.ml.action.models.GetModelTransportAction$$Lambda/0x00007fcd28d72110
11375:             1             16  org.opensearch.ml.action.models.SearchModelTransportAction$$Lambda/0x00007fcd28e7ef70
11376:             1             16  org.opensearch.ml.action.models.UpdateModelTransportAction$$Lambda/0x00007fcd28f0f778
11377:             1             16  org.opensearch.ml.action.models.UpdateModelTransportAction$$Lambda/0x00007fcd28f0f990
11378:             1             16  org.opensearch.ml.action.prediction.TransportPredictionTaskAction$$Lambda/0x00007fcd28f16758
11379:             1             16  org.opensearch.ml.action.prediction.TransportPredictionTaskAction$$Lambda/0x00007fcd28f16970
11380:             1             16  org.opensearch.ml.action.profile.MLProfileAction$$Lambda/0x00007fcd28c4e948
11381:             1             16  org.opensearch.ml.action.profile.MLProfileTransportAction$$Lambda/0x00007fcd28e96218
11382:             1             16  org.opensearch.ml.action.profile.MLProfileTransportAction$$Lambda/0x00007fcd28e96430
11383:             1             16  org.opensearch.ml.action.register.TransportRegisterModelAction$$Lambda/0x00007fcd28e96f40
11384:             1             16  org.opensearch.ml.action.register.TransportRegisterModelAction$$Lambda/0x00007fcd28e97158
11385:             1             16  org.opensearch.ml.action.register.TransportRegisterModelAction$$Lambda/0x00007fcd28e97388
11386:             1             16  org.opensearch.ml.action.register.TransportRegisterModelAction$$Lambda/0x00007fcd28e975b8
11387:             1             16  org.opensearch.ml.action.stats.MLStatsNodesAction$$Lambda/0x00007fcd28ae6d88
11388:             1             16  org.opensearch.ml.action.stats.MLStatsNodesTransportAction$$Lambda/0x00007fcd28f17b90
11389:             1             16  org.opensearch.ml.action.stats.MLStatsNodesTransportAction$$Lambda/0x00007fcd28f17da8
11390:             1             16  org.opensearch.ml.action.syncup.TransportSyncUpOnNodeAction$$Lambda/0x00007fcd28e7f660
11391:             1             16  org.opensearch.ml.action.syncup.TransportSyncUpOnNodeAction$$Lambda/0x00007fcd28e7f878
11392:             1             16  org.opensearch.ml.action.syncup.TransportSyncUpOnNodeAction$$Lambda/0x00007fcd28e7fa90
11393:             1             16  org.opensearch.ml.action.tasks.DeleteTaskTransportAction$$Lambda/0x00007fcd28ebe000
11394:             1             16  org.opensearch.ml.action.tasks.GetTaskTransportAction$$Lambda/0x00007fcd28f914c8
11395:             1             16  org.opensearch.ml.action.tasks.SearchTaskTransportAction$$Lambda/0x00007fcd28f14430
11396:             1             16  org.opensearch.ml.action.training.TransportTrainingTaskAction$$Lambda/0x00007fcd28d73d90
11397:             1             16  org.opensearch.ml.action.trainpredict.TransportTrainAndPredictionTaskAction$$Lambda/0x00007fcd28f14218
11398:             1             16  org.opensearch.ml.action.undeploy.TransportUndeployModelAction$$Lambda/0x00007fcd28d73530
11399:             1             16  org.opensearch.ml.action.undeploy.TransportUndeployModelAction$$Lambda/0x00007fcd28d73748
11400:             1             16  org.opensearch.ml.action.undeploy.TransportUndeployModelsAction$$Lambda/0x00007fcd28e7e890
11401:             1             16  org.opensearch.ml.action.update_cache.UpdateModelCacheTransportAction$$Lambda/0x00007fcd28ebfbc8
11402:             1             16  org.opensearch.ml.action.update_cache.UpdateModelCacheTransportAction$$Lambda/0x00007fcd28ebfde0
11403:             1             16  org.opensearch.ml.action.upload_chunk.TransportRegisterModelMetaAction$$Lambda/0x00007fcd28f157e8
11404:             1             16  org.opensearch.ml.action.upload_chunk.TransportUploadModelChunkAction$$Lambda/0x00007fcd28f16540
11405:             1             16  org.opensearch.ml.autoredeploy.MLModelAutoReDeployer$$Lambda/0x00007fcd28ae54e8
11406:             1             16  org.opensearch.ml.autoredeploy.MLModelAutoReDeployer$$Lambda/0x00007fcd28ae5718
11407:             1             16  org.opensearch.ml.autoredeploy.MLModelAutoReDeployer$$Lambda/0x00007fcd28ae5948
11408:             1             16  org.opensearch.ml.autoredeploy.MLModelAutoReDeployer$$Lambda/0x00007fcd28ae5b78
11409:             1             16  org.opensearch.ml.autoredeploy.MLModelAutoReDeployer$SearchRequestBuilderFactory
11410:             1             16  org.opensearch.ml.breaker.MemoryCircuitBreaker$$Lambda/0x00007fcd28ab8488
11411:             1             16  org.opensearch.ml.client.MachineLearningNodeClient
11412:             1             16  org.opensearch.ml.client.MachineLearningNodeClient
11413:             1             16  org.opensearch.ml.cluster.DiscoveryNodeHelper$$Lambda/0x00007fcd28ab44a8
11414:             1             16  org.opensearch.ml.cluster.DiscoveryNodeHelper$$Lambda/0x00007fcd28ab46d8
11415:             1             16  org.opensearch.ml.cluster.DiscoveryNodeHelper$$Lambda/0x00007fcd28ab6218
11416:             1             16  org.opensearch.ml.cluster.DiscoveryNodeHelper$$Lambda/0x00007fcd28ab6448
11417:             1             16  org.opensearch.ml.cluster.DiscoveryNodeHelper$HotDataNodePredicate
11418:             1             16  org.opensearch.ml.cluster.MLCommonsClusterEventListener$$Lambda/0x00007fcd2902d618
11419:             1             16  org.opensearch.ml.cluster.MLCommonsClusterEventListener$$Lambda/0x00007fcd2902d850
11420:             1             16  org.opensearch.ml.cluster.MLCommonsClusterManagerEventListener$$Lambda/0x00007fcd28ae6468
11421:             1             16  org.opensearch.ml.common.input.execute.anomalylocalization.AnomalyLocalizationInput$$Lambda/0x00007fcd288a6650
11422:             1             16  org.opensearch.ml.common.input.execute.metricscorrelation.MetricsCorrelationInput$$Lambda/0x00007fcd288a6138
11423:             1             16  org.opensearch.ml.common.input.execute.samplecalculator.LocalSampleCalculatorInput$$Lambda/0x00007fcd288a5c60
11424:             1             16  org.opensearch.ml.common.input.parameter.ad.AnomalyDetectionLibSVMParams$$Lambda/0x00007fcd288a47a8
11425:             1             16  org.opensearch.ml.common.input.parameter.clustering.KMeansParams$$Lambda/0x00007fcd2853b158
11426:             1             16  org.opensearch.ml.common.input.parameter.clustering.RCFSummarizeParams$$Lambda/0x00007fcd288a6dd8
11427:             1             16  org.opensearch.ml.common.input.parameter.rcf.BatchRCFParams$$Lambda/0x00007fcd288a5778
11428:             1             16  org.opensearch.ml.common.input.parameter.rcf.FitRCFParams$$Lambda/0x00007fcd288a5228
11429:             1             16  org.opensearch.ml.common.input.parameter.regression.LinearRegressionParams$$Lambda/0x00007fcd288a4000
11430:             1             16  org.opensearch.ml.common.input.parameter.regression.LogisticRegressionParams$$Lambda/0x00007fcd288a7a70
11431:             1             16  org.opensearch.ml.common.input.parameter.sample.SampleAlgoParams$$Lambda/0x00007fcd288a4ca8
11432:             1             16  org.opensearch.ml.common.input.parameter.textembedding.AsymmetricTextEmbeddingParameters$$Lambda/0x00007fcd288a8c88
11433:             1             16  org.opensearch.ml.common.model.TextEmbeddingModelConfig$$Lambda/0x00007fcd288a8780
11434:             1             16  org.opensearch.ml.common.transport.agent.MLAgentDeleteAction$$Lambda/0x00007fcd28c5e4a8
11435:             1             16  org.opensearch.ml.common.transport.agent.MLAgentGetAction$$Lambda/0x00007fcd28c5e078
11436:             1             16  org.opensearch.ml.common.transport.agent.MLRegisterAgentAction$$Lambda/0x00007fcd28c59b28
11437:             1             16  org.opensearch.ml.common.transport.agent.MLSearchAgentAction$$Lambda/0x00007fcd28c59f50
11438:             1             16  org.opensearch.ml.common.transport.config.MLConfigGetAction$$Lambda/0x00007fcd28c60940
11439:             1             16  org.opensearch.ml.common.transport.connector.MLConnectorDeleteAction$$Lambda/0x00007fcd28c56840
11440:             1             16  org.opensearch.ml.common.transport.connector.MLConnectorGetAction$$Lambda/0x00007fcd28c56418
11441:             1             16  org.opensearch.ml.common.transport.connector.MLConnectorSearchAction$$Lambda/0x00007fcd28c56c68
11442:             1             16  org.opensearch.ml.common.transport.connector.MLCreateConnectorAction$$Lambda/0x00007fcd28c55940
11443:             1             16  org.opensearch.ml.common.transport.connector.MLExecuteConnectorAction$$Lambda/0x00007fcd28c55d68
11444:             1             16  org.opensearch.ml.common.transport.connector.MLUpdateConnectorAction$$Lambda/0x00007fcd28c59470
11445:             1             16  org.opensearch.ml.common.transport.controller.MLControllerDeleteAction$$Lambda/0x00007fcd28c5d270
11446:             1             16  org.opensearch.ml.common.transport.controller.MLControllerGetAction$$Lambda/0x00007fcd28c5c2d0
11447:             1             16  org.opensearch.ml.common.transport.controller.MLCreateControllerAction$$Lambda/0x00007fcd28c5bc18
11448:             1             16  org.opensearch.ml.common.transport.controller.MLDeployControllerAction$$Lambda/0x00007fcd28c5c9b8
11449:             1             16  org.opensearch.ml.common.transport.controller.MLUndeployControllerAction$$Lambda/0x00007fcd28c5d958
11450:             1             16  org.opensearch.ml.common.transport.controller.MLUpdateControllerAction$$Lambda/0x00007fcd28c5ce48
11451:             1             16  org.opensearch.ml.common.transport.deploy.MLDeployModelAction$$Lambda/0x00007fcd28c4f990
11452:             1             16  org.opensearch.ml.common.transport.deploy.MLDeployModelOnNodeAction$$Lambda/0x00007fcd28c4fdd8
11453:             1             16  org.opensearch.ml.common.transport.execute.MLExecuteTaskAction$$Lambda/0x00007fcd28ae74b8
11454:             1             16  org.opensearch.ml.common.transport.forward.MLForwardAction$$Lambda/0x00007fcd28c52ef0
11455:             1             16  org.opensearch.ml.common.transport.model.MLModelDeleteAction$$Lambda/0x00007fcd28c4cf10
11456:             1             16  org.opensearch.ml.common.transport.model.MLModelGetAction$$Lambda/0x00007fcd28c4cae0
11457:             1             16  org.opensearch.ml.common.transport.model.MLModelSearchAction$$Lambda/0x00007fcd28c4d348
11458:             1             16  org.opensearch.ml.common.transport.model.MLUpdateModelAction$$Lambda/0x00007fcd28c520d8
11459:             1             16  org.opensearch.ml.common.transport.model_group.MLModelGroupDeleteAction$$Lambda/0x00007fcd28c55288
11460:             1             16  org.opensearch.ml.common.transport.model_group.MLModelGroupGetAction$$Lambda/0x00007fcd28c54a30
11461:             1             16  org.opensearch.ml.common.transport.model_group.MLModelGroupSearchAction$$Lambda/0x00007fcd28c54e58
11462:             1             16  org.opensearch.ml.common.transport.model_group.MLRegisterModelGroupAction$$Lambda/0x00007fcd28c53cc0
11463:             1             16  org.opensearch.ml.common.transport.model_group.MLUpdateModelGroupAction$$Lambda/0x00007fcd28c54378
11464:             1             16  org.opensearch.ml.common.transport.prediction.MLPredictionTaskAction$$Lambda/0x00007fcd28ae7b70
11465:             1             16  org.opensearch.ml.common.transport.register.MLRegisterModelAction$$Lambda/0x00007fcd28c4f080
11466:             1             16  org.opensearch.ml.common.transport.sync.MLSyncUpAction$$Lambda/0x00007fcd28c53590
11467:             1             16  org.opensearch.ml.common.transport.task.MLTaskDeleteAction$$Lambda/0x00007fcd28c4de30
11468:             1             16  org.opensearch.ml.common.transport.task.MLTaskGetAction$$Lambda/0x00007fcd28c4da08
11469:             1             16  org.opensearch.ml.common.transport.task.MLTaskSearchAction$$Lambda/0x00007fcd28c4e258
11470:             1             16  org.opensearch.ml.common.transport.tools.MLGetToolAction$$Lambda/0x00007fcd28c60290
11471:             1             16  org.opensearch.ml.common.transport.tools.MLListToolsAction$$Lambda/0x00007fcd28c5faa0
11472:             1             16  org.opensearch.ml.common.transport.training.MLTrainingTaskAction$$Lambda/0x00007fcd28c4c000
11473:             1             16  org.opensearch.ml.common.transport.trainpredict.MLTrainAndPredictionTaskAction$$Lambda/0x00007fcd28c4c428
11474:             1             16  org.opensearch.ml.common.transport.undeploy.MLUndeployModelAction$$Lambda/0x00007fcd28c507f8
11475:             1             16  org.opensearch.ml.common.transport.undeploy.MLUndeployModelsAction$$Lambda/0x00007fcd28c50f28
11476:             1             16  org.opensearch.ml.common.transport.update_cache.MLUpdateModelCacheAction$$Lambda/0x00007fcd28c527c8
11477:             1             16  org.opensearch.ml.common.transport.upload_chunk.MLRegisterModelMetaAction$$Lambda/0x00007fcd28c515f8
11478:             1             16  org.opensearch.ml.common.transport.upload_chunk.MLUploadModelChunkAction$$Lambda/0x00007fcd28c51cb0
11479:             1             16  org.opensearch.ml.engine.MLEngineClassLoader$$Lambda/0x00007fcd28ac6320
11480:             1             16  org.opensearch.ml.engine.ModelHelper
11481:             1             16  org.opensearch.ml.engine.indices.MLInputDatasetHandler
11482:             1             16  org.opensearch.ml.engine.tools.AgentTool$Factory
11483:             1             16  org.opensearch.ml.engine.tools.ConnectorTool$Factory
11484:             1             16  org.opensearch.ml.engine.tools.IndexMappingTool$Factory
11485:             1             16  org.opensearch.ml.engine.tools.MLModelTool$Factory
11486:             1             16  org.opensearch.ml.engine.tools.VisualizationsTool$Factory
11487:             1             16  org.opensearch.ml.helper.ConnectorAccessControlHelper
11488:             1             16  org.opensearch.ml.helper.ConnectorAccessControlHelper$$Lambda/0x00007fcd28abd5f0
11489:             1             16  org.opensearch.ml.helper.ModelAccessControlHelper
11490:             1             16  org.opensearch.ml.helper.ModelAccessControlHelper$$Lambda/0x00007fcd28abd178
11491:             1             16  org.opensearch.ml.memory.action.conversation.CreateConversationAction$$Lambda/0x00007fcd28c57328
11492:             1             16  org.opensearch.ml.memory.action.conversation.CreateConversationTransportAction$$Lambda/0x00007fcd28d72c20
11493:             1             16  org.opensearch.ml.memory.action.conversation.CreateConversationTransportAction$$Lambda/0x00007fcd28d72e38
11494:             1             16  org.opensearch.ml.memory.action.conversation.CreateInteractionAction$$Lambda/0x00007fcd28c58290
11495:             1             16  org.opensearch.ml.memory.action.conversation.CreateInteractionTransportAction$$Lambda/0x00007fcd28d71cc8
11496:             1             16  org.opensearch.ml.memory.action.conversation.CreateInteractionTransportAction$$Lambda/0x00007fcd28d71ee0
11497:             1             16  org.opensearch.ml.memory.action.conversation.DeleteConversationAction$$Lambda/0x00007fcd28c59038
11498:             1             16  org.opensearch.ml.memory.action.conversation.DeleteConversationTransportAction$$Lambda/0x00007fcd28e7e000
11499:             1             16  org.opensearch.ml.memory.action.conversation.DeleteConversationTransportAction$$Lambda/0x00007fcd28e7e218
11500:             1             16  org.opensearch.ml.memory.action.conversation.GetConversationAction$$Lambda/0x00007fcd28c5ae80
11501:             1             16  org.opensearch.ml.memory.action.conversation.GetConversationTransportAction$$Lambda/0x00007fcd28f15e48
11502:             1             16  org.opensearch.ml.memory.action.conversation.GetConversationTransportAction$$Lambda/0x00007fcd28f16060
11503:             1             16  org.opensearch.ml.memory.action.conversation.GetConversationsAction$$Lambda/0x00007fcd28c57a08
11504:             1             16  org.opensearch.ml.memory.action.conversation.GetConversationsTransportAction$$Lambda/0x00007fcd28f17748
11505:             1             16  org.opensearch.ml.memory.action.conversation.GetConversationsTransportAction$$Lambda/0x00007fcd28f17960
11506:             1             16  org.opensearch.ml.memory.action.conversation.GetInteractionAction$$Lambda/0x00007fcd28c5b548
11507:             1             16  org.opensearch.ml.memory.action.conversation.GetInteractionTransportAction$$Lambda/0x00007fcd28efb218
11508:             1             16  org.opensearch.ml.memory.action.conversation.GetInteractionTransportAction$$Lambda/0x00007fcd28efb430
11509:             1             16  org.opensearch.ml.memory.action.conversation.GetInteractionsAction$$Lambda/0x00007fcd28c58970
11510:             1             16  org.opensearch.ml.memory.action.conversation.GetInteractionsTransportAction$$Lambda/0x00007fcd28e7e448
11511:             1             16  org.opensearch.ml.memory.action.conversation.GetInteractionsTransportAction$$Lambda/0x00007fcd28e7e660
11512:             1             16  org.opensearch.ml.memory.action.conversation.GetTracesAction$$Lambda/0x00007fcd28c5f3e0
11513:             1             16  org.opensearch.ml.memory.action.conversation.GetTracesTransportAction$$Lambda/0x00007fcd28f14a90
11514:             1             16  org.opensearch.ml.memory.action.conversation.SearchConversationsAction$$Lambda/0x00007fcd28c5a7b8
11515:             1             16  org.opensearch.ml.memory.action.conversation.SearchConversationsTransportAction$$Lambda/0x00007fcd28efbb28
11516:             1             16  org.opensearch.ml.memory.action.conversation.SearchConversationsTransportAction$$Lambda/0x00007fcd28efbd40
11517:             1             16  org.opensearch.ml.memory.action.conversation.SearchInteractionsAction$$Lambda/0x00007fcd28c5a380
11518:             1             16  org.opensearch.ml.memory.action.conversation.SearchInteractionsTransportAction$$Lambda/0x00007fcd28f15a00
11519:             1             16  org.opensearch.ml.memory.action.conversation.SearchInteractionsTransportAction$$Lambda/0x00007fcd28f15c18
11520:             1             16  org.opensearch.ml.memory.action.conversation.UpdateConversationAction$$Lambda/0x00007fcd28c5e8d8
11521:             1             16  org.opensearch.ml.memory.action.conversation.UpdateConversationTransportAction$$Lambda/0x00007fcd28ebf780
11522:             1             16  org.opensearch.ml.memory.action.conversation.UpdateConversationTransportAction$$Lambda/0x00007fcd28ebf998
11523:             1             16  org.opensearch.ml.memory.action.conversation.UpdateInteractionAction$$Lambda/0x00007fcd28c5ed08
11524:             1             16  org.opensearch.ml.memory.action.conversation.UpdateInteractionTransportAction$$Lambda/0x00007fcd28f14ca8
11525:             1             16  org.opensearch.ml.memory.action.conversation.UpdateInteractionTransportAction$$Lambda/0x00007fcd28f14ec0
11526:             1             16  org.opensearch.ml.model.MLModelCacheHelper$$Lambda/0x00007fcd28ab6ca0
11527:             1             16  org.opensearch.ml.model.MLModelManager$$Lambda/0x00007fcd28abf068
11528:             1             16  org.opensearch.ml.model.MLModelManager$$Lambda/0x00007fcd28abf298
11529:             1             16  org.opensearch.ml.model.MLModelManager$$Lambda/0x00007fcd28abf4c8
11530:             1             16  org.opensearch.ml.plugin.MachineLearningPlugin$$Lambda/0x00007fcd2853a3f0
11531:             1             16  org.opensearch.ml.plugin.MachineLearningPlugin$$Lambda/0x00007fcd2853a608
11532:             1             16  org.opensearch.ml.plugin.MachineLearningPlugin$$Lambda/0x00007fcd28ae6698
11533:             1             16  org.opensearch.ml.plugin.MachineLearningPlugin$$Lambda/0x00007fcd28c60f88
11534:             1             16  org.opensearch.ml.plugin.MachineLearningPlugin$$Lambda/0x00007fcd28c613c8
11535:             1             16  org.opensearch.ml.repackage.com.google.common.collect.RegularImmutableList
11536:             1             16  org.opensearch.ml.repackage.com.google.common.collect.SingletonImmutableList
11537:             1             16  org.opensearch.ml.repackage.com.google.common.collect.SingletonImmutableSet
11538:             1             16  org.opensearch.ml.rest.RestMLRegisterModelMetaAction$$Lambda/0x00007fcd29025300
11539:             1             16  org.opensearch.ml.rest.RestMLStatsAction$$Lambda/0x00007fcd28f919b0
11540:             1             16  org.opensearch.ml.rest.RestMLUndeployModelAction$$Lambda/0x00007fcd29024e08
11541:             1             16  org.opensearch.ml.rest.RestMLUploadModelChunkAction$$Lambda/0x00007fcd290257f8
11542:             1             16  org.opensearch.ml.settings.MLFeatureEnabledSetting$$Lambda/0x00007fcd28abda48
11543:             1             16  org.opensearch.ml.settings.MLFeatureEnabledSetting$$Lambda/0x00007fcd28abdc78
11544:             1             16  org.opensearch.ml.settings.MLFeatureEnabledSetting$$Lambda/0x00007fcd28abdea8
11545:             1             16  org.opensearch.ml.settings.MLFeatureEnabledSetting$$Lambda/0x00007fcd28abe0d8
11546:             1             16  org.opensearch.ml.task.MLExecuteTaskRunner$$Lambda/0x00007fcd28ac1a98
11547:             1             16  org.opensearch.ml.task.MLPredictTaskRunner$$Lambda/0x00007fcd28ac13b8
11548:             1             16  org.opensearch.ml.task.MLTaskDispatcher$$Lambda/0x00007fcd28ac0000
11549:             1             16  org.opensearch.ml.task.MLTaskDispatcher$$Lambda/0x00007fcd28ac0230
11550:             1             16  org.opensearch.ml.tools.GetToolTransportAction$$Lambda/0x00007fcd28f912b0
11551:             1             16  org.opensearch.ml.tools.ListToolsTransportAction$$Lambda/0x00007fcd28ebe4c8
11552:             1             16  org.opensearch.monitor.fs.FsHealthService$$Lambda/0x00007fcd28714000
11553:             1             16  org.opensearch.monitor.fs.FsHealthService$$Lambda/0x00007fcd28714220
11554:             1             16  org.opensearch.monitor.fs.FsHealthService$$Lambda/0x00007fcd28714450
11555:             1             16  org.opensearch.monitor.fs.FsHealthService$$Lambda/0x00007fcd28714680
11556:             1             16  org.opensearch.monitor.fs.FsService
11557:             1             16  org.opensearch.monitor.fs.FsService$$Lambda/0x00007fcd288846f8
11558:             1             16  org.opensearch.monitor.jvm.HotThreads$$Lambda/0x00007fcd29338000
11559:             1             16  org.opensearch.monitor.os.OsProbe$$Lambda/0x00007fcd28874618
11560:             1             16  org.opensearch.monitor.process.ProcessProbe
11561:             1             16  org.opensearch.neuralsearch.ml.MLCommonsClientAccessor
11562:             1             16  org.opensearch.neuralsearch.plugin.NeuralSearch$$Lambda/0x00007fcd2856c840
11563:             1             16  org.opensearch.neuralsearch.plugin.NeuralSearch$$Lambda/0x00007fcd2856ca58
11564:             1             16  org.opensearch.neuralsearch.plugin.NeuralSearch$$Lambda/0x00007fcd28790268
11565:             1             16  org.opensearch.neuralsearch.plugin.NeuralSearch$$Lambda/0x00007fcd28790480
11566:             1             16  org.opensearch.neuralsearch.plugin.NeuralSearch$$Lambda/0x00007fcd28790ad0
11567:             1             16  org.opensearch.neuralsearch.plugin.NeuralSearch$$Lambda/0x00007fcd28790ce8
11568:             1             16  org.opensearch.neuralsearch.plugin.NeuralSearch$$Lambda/0x00007fcd287911a0
11569:             1             16  org.opensearch.neuralsearch.plugin.NeuralSearch$$Lambda/0x00007fcd287913b8
11570:             1             16  org.opensearch.neuralsearch.processor.NeuralQueryEnricherProcessor$Factory
11571:             1             16  org.opensearch.neuralsearch.processor.NeuralSparseTwoPhaseProcessor$Factory
11572:             1             16  org.opensearch.neuralsearch.processor.combination.ScoreCombinationFactory
11573:             1             16  org.opensearch.neuralsearch.processor.combination.ScoreCombinationFactory$$Lambda/0x00007fcd28249640
11574:             1             16  org.opensearch.neuralsearch.processor.combination.ScoreCombinationFactory$$Lambda/0x00007fcd28249878
11575:             1             16  org.opensearch.neuralsearch.processor.combination.ScoreCombinationFactory$$Lambda/0x00007fcd28249ab0
11576:             1             16  org.opensearch.neuralsearch.processor.combination.ScoreCombinationUtil
11577:             1             16  org.opensearch.neuralsearch.processor.combination.ScoreCombiner
11578:             1             16  org.opensearch.neuralsearch.processor.normalization.L2ScoreNormalizationTechnique
11579:             1             16  org.opensearch.neuralsearch.processor.normalization.ScoreNormalizationFactory
11580:             1             16  org.opensearch.neuralsearch.processor.normalization.ScoreNormalizer
11581:             1             16  org.opensearch.neuralsearch.search.query.HybridAggregationProcessor
11582:             1             16  org.opensearch.neuralsearch.util.HybridQueryUtil$$Lambda/0x00007fcd28d06898
11583:             1             16  org.opensearch.neuralsearch.util.NeuralSearchClusterUtil
11584:             1             16  org.opensearch.node.Node$$Lambda/0x00007fcd280cb100
11585:             1             16  org.opensearch.node.Node$$Lambda/0x00007fcd280cb568
11586:             1             16  org.opensearch.node.Node$$Lambda/0x00007fcd280cb7a8
11587:             1             16  org.opensearch.node.Node$$Lambda/0x00007fcd284a29d8
11588:             1             16  org.opensearch.node.Node$$Lambda/0x00007fcd284a2c10
11589:             1             16  org.opensearch.node.Node$$Lambda/0x00007fcd2851c640
11590:             1             16  org.opensearch.node.Node$$Lambda/0x00007fcd2851c878
11591:             1             16  org.opensearch.node.Node$$Lambda/0x00007fcd285457b0
11592:             1             16  org.opensearch.node.Node$$Lambda/0x00007fcd286c7278
11593:             1             16  org.opensearch.node.Node$$Lambda/0x00007fcd286c74b0
11594:             1             16  org.opensearch.node.Node$$Lambda/0x00007fcd287148b0
11595:             1             16  org.opensearch.node.Node$$Lambda/0x00007fcd28714ad0
11596:             1             16  org.opensearch.node.Node$$Lambda/0x00007fcd28882648
11597:             1             16  org.opensearch.node.Node$$Lambda/0x00007fcd2888dc18
11598:             1             16  org.opensearch.node.Node$$Lambda/0x00007fcd288b0b40
11599:             1             16  org.opensearch.node.Node$$Lambda/0x00007fcd288b0f90
11600:             1             16  org.opensearch.node.Node$$Lambda/0x00007fcd288b1408
11601:             1             16  org.opensearch.node.Node$$Lambda/0x00007fcd288b1a40
11602:             1             16  org.opensearch.node.Node$$Lambda/0x00007fcd288b1c78
11603:             1             16  org.opensearch.node.Node$$Lambda/0x00007fcd288b1eb0
11604:             1             16  org.opensearch.node.Node$$Lambda/0x00007fcd288b20e8
11605:             1             16  org.opensearch.node.Node$$Lambda/0x00007fcd288b2550
11606:             1             16  org.opensearch.node.Node$$Lambda/0x00007fcd288b2788
11607:             1             16  org.opensearch.node.Node$$Lambda/0x00007fcd288b29c0
11608:             1             16  org.opensearch.node.Node$$Lambda/0x00007fcd288b2bf8
11609:             1             16  org.opensearch.node.Node$$Lambda/0x00007fcd288b2e30
11610:             1             16  org.opensearch.node.Node$$Lambda/0x00007fcd288bb008
11611:             1             16  org.opensearch.node.Node$$Lambda/0x00007fcd288beb90
11612:             1             16  org.opensearch.node.Node$$Lambda/0x00007fcd288c1548
11613:             1             16  org.opensearch.node.Node$$Lambda/0x00007fcd288f9708
11614:             1             16  org.opensearch.node.Node$$Lambda/0x00007fcd28ba30f8
11615:             1             16  org.opensearch.node.Node$$Lambda/0x00007fcd28ba3340
11616:             1             16  org.opensearch.node.Node$$Lambda/0x00007fcd28ba3578
11617:             1             16  org.opensearch.node.Node$$Lambda/0x00007fcd28c9ea20
11618:             1             16  org.opensearch.node.Node$$Lambda/0x00007fcd28c9ee60
11619:             1             16  org.opensearch.node.Node$$Lambda/0x00007fcd28ca1e08
11620:             1             16  org.opensearch.node.Node$$Lambda/0x00007fcd28cb4cd0
11621:             1             16  org.opensearch.node.Node$$Lambda/0x00007fcd28cf3bc0
11622:             1             16  org.opensearch.node.Node$$Lambda/0x00007fcd28cf3de0
11623:             1             16  org.opensearch.node.Node$$Lambda/0x00007fcd28cf4440
11624:             1             16  org.opensearch.node.Node$$Lambda/0x00007fcd28cf4660
11625:             1             16  org.opensearch.node.Node$$Lambda/0x00007fcd28cf4880
11626:             1             16  org.opensearch.node.Node$$Lambda/0x00007fcd28d0af28
11627:             1             16  org.opensearch.node.Node$$Lambda/0x00007fcd28d24f58
11628:             1             16  org.opensearch.node.Node$$Lambda/0x00007fcd28f7e7d0
11629:             1             16  org.opensearch.node.Node$$Lambda/0x00007fcd28f7ea18
11630:             1             16  org.opensearch.node.Node$$Lambda/0x00007fcd28f7ee90
11631:             1             16  org.opensearch.node.Node$$Lambda/0x00007fcd28f7f0b0
11632:             1             16  org.opensearch.node.Node$$Lambda/0x00007fcd28fdf268
11633:             1             16  org.opensearch.node.Node$$Lambda/0x00007fcd290451d8
11634:             1             16  org.opensearch.node.Node$$Lambda/0x00007fcd290e9bf0
11635:             1             16  org.opensearch.node.Node$$Lambda/0x00007fcd290f5260
11636:             1             16  org.opensearch.node.NodeRoleSettings$$Lambda/0x00007fcd284b0000
11637:             1             16  org.opensearch.node.NodeRoleSettings$$Lambda/0x00007fcd284b0238
11638:             1             16  org.opensearch.node.NodeRoleSettings$$Lambda/0x00007fcd284b0470
11639:             1             16  org.opensearch.node.NodeRoleSettings$$Lambda/0x00007fcd284b0908
11640:             1             16  org.opensearch.node.ResourceUsageCollectorService$$Lambda/0x00007fcd29044440
11641:             1             16  org.opensearch.node.ResponseCollectorService
11642:             1             16  org.opensearch.node.remotestore.RemoteStoreNodeService$$Lambda/0x00007fcd28544968
11643:             1             16  org.opensearch.node.remotestore.RemoteStoreNodeService$$Lambda/0x00007fcd28544fd0
11644:             1             16  org.opensearch.node.remotestore.RemoteStoreNodeService$$Lambda/0x00007fcd28545208
11645:             1             16  org.opensearch.node.resource.tracker.AverageIoUsageTracker$$Lambda/0x00007fcd29044220
11646:             1             16  org.opensearch.node.resource.tracker.NodeResourceUsageTracker$$Lambda/0x00007fcd28c9b958
11647:             1             16  org.opensearch.node.resource.tracker.NodeResourceUsageTracker$$Lambda/0x00007fcd28c9be98
11648:             1             16  org.opensearch.node.resource.tracker.NodeResourceUsageTracker$$Lambda/0x00007fcd28c9c3f0
11649:             1             16  org.opensearch.notifications.CoreProvider
11650:             1             16  org.opensearch.notifications.NotificationPlugin
11651:             1             16  org.opensearch.notifications.NotificationPlugin$Companion
11652:             1             16  org.opensearch.notifications.action.CreateNotificationConfigAction$$Lambda/0x00007fcd28e50860
11653:             1             16  org.opensearch.notifications.action.DeleteNotificationConfigAction$$Lambda/0x00007fcd28e50ea8
11654:             1             16  org.opensearch.notifications.action.GetChannelListAction$$Lambda/0x00007fcd28e50000
11655:             1             16  org.opensearch.notifications.action.GetNotificationConfigAction$$Lambda/0x00007fcd28e50648
11656:             1             16  org.opensearch.notifications.action.GetPluginFeaturesAction$$Lambda/0x00007fcd28e50218
11657:             1             16  org.opensearch.notifications.action.PluginBaseAction$Companion
11658:             1             16  org.opensearch.notifications.action.PublishNotificationAction$$Lambda/0x00007fcd28e50c90
11659:             1             16  org.opensearch.notifications.action.SendNotificationAction$$Lambda/0x00007fcd28e50a78
11660:             1             16  org.opensearch.notifications.action.SendTestNotificationAction$$Lambda/0x00007fcd28b01db0
11661:             1             16  org.opensearch.notifications.action.SendTestNotificationAction$$Lambda/0x00007fcd28e50430
11662:             1             16  org.opensearch.notifications.action.SendTestNotificationAction$Companion
11663:             1             16  org.opensearch.notifications.action.UpdateNotificationConfigAction$$Lambda/0x00007fcd28e510c0
11664:             1             16  org.opensearch.notifications.core.NotificationCoreImpl
11665:             1             16  org.opensearch.notifications.core.NotificationCorePlugin
11666:             1             16  org.opensearch.notifications.core.NotificationCorePlugin$Companion
11667:             1             16  org.opensearch.notifications.core.setting.PluginSettings
11668:             1             16  org.opensearch.notifications.core.setting.PluginSettings$$Lambda/0x00007fcd2858d148
11669:             1             16  org.opensearch.notifications.core.setting.PluginSettings$$Lambda/0x00007fcd2858d380
11670:             1             16  org.opensearch.notifications.core.setting.PluginSettings$$Lambda/0x00007fcd2858d5b8
11671:             1             16  org.opensearch.notifications.core.setting.PluginSettings$$Lambda/0x00007fcd2858da80
11672:             1             16  org.opensearch.notifications.core.setting.PluginSettings$$Lambda/0x00007fcd2858dcb8
11673:             1             16  org.opensearch.notifications.core.setting.PluginSettings$$Lambda/0x00007fcd2858def0
11674:             1             16  org.opensearch.notifications.core.setting.PluginSettings$$Lambda/0x00007fcd2858e128
11675:             1             16  org.opensearch.notifications.core.setting.PluginSettings$$Lambda/0x00007fcd2858e360
11676:             1             16  org.opensearch.notifications.core.setting.PluginSettings$$Lambda/0x00007fcd2858e7f0
11677:             1             16  org.opensearch.notifications.core.setting.PluginSettings$$Lambda/0x00007fcd2858ea18
11678:             1             16  org.opensearch.notifications.core.setting.PluginSettings$$Lambda/0x00007fcd2858ec40
11679:             1             16  org.opensearch.notifications.core.setting.PluginSettings$$Lambda/0x00007fcd2858ee68
11680:             1             16  org.opensearch.notifications.core.setting.PluginSettings$$Lambda/0x00007fcd2858f090
11681:             1             16  org.opensearch.notifications.core.setting.PluginSettings$$Lambda/0x00007fcd2858f2b8
11682:             1             16  org.opensearch.notifications.core.setting.PluginSettings$$Lambda/0x00007fcd2858f4e0
11683:             1             16  org.opensearch.notifications.core.setting.PluginSettings$$Lambda/0x00007fcd2858f708
11684:             1             16  org.opensearch.notifications.core.setting.PluginSettings$$Lambda/0x00007fcd2858f930
11685:             1             16  org.opensearch.notifications.core.setting.PluginSettings$$Lambda/0x00007fcd2858fb58
11686:             1             16  org.opensearch.notifications.index.ConfigIndexingActions
11687:             1             16  org.opensearch.notifications.index.NotificationConfigIndex
11688:             1             16  org.opensearch.notifications.index.NotificationConfigIndex$searchHitParser$1
11689:             1             16  org.opensearch.notifications.resthandler.NotificationChannelListRestHandler$Companion
11690:             1             16  org.opensearch.notifications.resthandler.NotificationConfigRestHandler$Companion
11691:             1             16  org.opensearch.notifications.resthandler.NotificationFeaturesRestHandler$Companion
11692:             1             16  org.opensearch.notifications.resthandler.SendTestMessageRestHandler$Companion
11693:             1             16  org.opensearch.notifications.security.UserAccessManager
11694:             1             16  org.opensearch.notifications.send.SendMessageActionHelper
11695:             1             16  org.opensearch.notifications.settings.PluginSettings
11696:             1             16  org.opensearch.notifications.settings.PluginSettings$$Lambda/0x00007fcd28457dc8
11697:             1             16  org.opensearch.notifications.settings.PluginSettings$$Lambda/0x00007fcd28b00000
11698:             1             16  org.opensearch.notifications.util.SecureIndexClient
11699:             1             16  org.opensearch.observability.ObservabilityPlugin
11700:             1             16  org.opensearch.observability.ObservabilityPlugin$Companion
11701:             1             16  org.opensearch.observability.action.CreateObservabilityObjectAction$$Lambda/0x00007fcd28c84ec8
11702:             1             16  org.opensearch.observability.action.CreateObservabilityObjectAction$$Lambda/0x00007fcd28d942f0
11703:             1             16  org.opensearch.observability.action.CreateObservabilityObjectAction$Companion
11704:             1             16  org.opensearch.observability.action.DeleteObservabilityObjectAction$$Lambda/0x00007fcd28c85788
11705:             1             16  org.opensearch.observability.action.DeleteObservabilityObjectAction$$Lambda/0x00007fcd28d94508
11706:             1             16  org.opensearch.observability.action.DeleteObservabilityObjectAction$Companion
11707:             1             16  org.opensearch.observability.action.GetObservabilityObjectAction$$Lambda/0x00007fcd28c86050
11708:             1             16  org.opensearch.observability.action.GetObservabilityObjectAction$$Lambda/0x00007fcd28d94720
11709:             1             16  org.opensearch.observability.action.GetObservabilityObjectAction$Companion
11710:             1             16  org.opensearch.observability.action.PluginBaseAction$Companion
11711:             1             16  org.opensearch.observability.action.UpdateObservabilityObjectAction$$Lambda/0x00007fcd28c86910
11712:             1             16  org.opensearch.observability.action.UpdateObservabilityObjectAction$$Lambda/0x00007fcd28d94938
11713:             1             16  org.opensearch.observability.action.UpdateObservabilityObjectAction$Companion
11714:             1             16  org.opensearch.observability.index.ObservabilityIndex
11715:             1             16  org.opensearch.observability.index.ObservabilityIndex$searchHitParser$1
11716:             1             16  org.opensearch.observability.resthandler.ObservabilityRestHandler$Companion
11717:             1             16  org.opensearch.observability.resthandler.ObservabilityStatsRestHandler$Companion
11718:             1             16  org.opensearch.observability.settings.PluginSettings
11719:             1             16  org.opensearch.observability.settings.PluginSettings$$Lambda/0x00007fcd28597b40
11720:             1             16  org.opensearch.observability.settings.PluginSettings$$Lambda/0x00007fcd28597d78
11721:             1             16  org.opensearch.observability.settings.PluginSettings$$Lambda/0x00007fcd28afa000
11722:             1             16  org.opensearch.observability.settings.PluginSettings$$Lambda/0x00007fcd28afa228
11723:             1             16  org.opensearch.observability.settings.PluginSettings$$Lambda/0x00007fcd28afa450
11724:             1             16  org.opensearch.observability.settings.PluginSettings$$Lambda/0x00007fcd28afa678
11725:             1             16  org.opensearch.observability.settings.PluginSettings$$Lambda/0x00007fcd28afa8a0
11726:             1             16  org.opensearch.observability.settings.PluginSettings$$Lambda/0x00007fcd28afaac8
11727:             1             16  org.opensearch.observability.settings.PluginSettings$$Lambda/0x00007fcd28afacf0
11728:             1             16  org.opensearch.observability.settings.PluginSettings$$Lambda/0x00007fcd28afaf18
11729:             1             16  org.opensearch.observability.util.SecureIndexClient
11730:             1             16  org.opensearch.painless.CompilerSettings$$Lambda/0x00007fcd28226660
11731:             1             16  org.opensearch.painless.PainlessPlugin
11732:             1             16  org.opensearch.painless.PainlessPlugin$$Lambda/0x00007fcd28225990
11733:             1             16  org.opensearch.painless.PainlessPlugin$$Lambda/0x00007fcd28225bc8
11734:             1             16  org.opensearch.painless.PainlessPlugin$$Lambda/0x00007fcd28225df0
11735:             1             16  org.opensearch.painless.action.PainlessContextAction$$Lambda/0x00007fcd2861ede8
11736:             1             16  org.opensearch.painless.action.PainlessContextAction$TransportAction$$Lambda/0x00007fcd2861f830
11737:             1             16  org.opensearch.painless.action.PainlessExecuteAction$$Lambda/0x00007fcd2861e6d0
11738:             1             16  org.opensearch.painless.action.PainlessExecuteAction$TransportAction$$Lambda/0x00007fcd2861fa48
11739:             1             16  org.opensearch.painless.lookup.PainlessLookupBuilder$$Lambda/0x00007fcd285d4470
11740:             1             16  org.opensearch.painless.lookup.PainlessLookupBuilder$$Lambda/0x00007fcd285d48b0
11741:             1             16  org.opensearch.painless.lookup.PainlessLookupBuilder$$Lambda/0x00007fcd285d4ce8
11742:             1             16  org.opensearch.painless.lookup.PainlessLookupBuilder$$Lambda/0x00007fcd285d5128
11743:             1             16  org.opensearch.painless.lookup.PainlessLookupBuilder$$Lambda/0x00007fcd2860fd60
11744:             1             16  org.opensearch.painless.lookup.PainlessLookupBuilder$$Lambda/0x00007fcd2861e208
11745:             1             16  org.opensearch.painless.spi.WhitelistClass$$Lambda/0x00007fcd28220840
11746:             1             16  org.opensearch.painless.spi.WhitelistClass$$Lambda/0x00007fcd28220a78
11747:             1             16  org.opensearch.painless.spi.WhitelistClass$$Lambda/0x00007fcd28220cb0
11748:             1             16  org.opensearch.painless.spi.WhitelistConstructor$$Lambda/0x00007fcd28224cb8
11749:             1             16  org.opensearch.painless.spi.WhitelistConstructor$$Lambda/0x00007fcd28224ef0
11750:             1             16  org.opensearch.painless.spi.WhitelistConstructor$$Lambda/0x00007fcd28225128
11751:             1             16  org.opensearch.painless.spi.WhitelistMethod$$Lambda/0x00007fcd28224408
11752:             1             16  org.opensearch.painless.spi.WhitelistMethod$$Lambda/0x00007fcd28224640
11753:             1             16  org.opensearch.painless.spi.WhitelistMethod$$Lambda/0x00007fcd28224878
11754:             1             16  org.opensearch.painless.spi.annotation.DeprecatedAnnotationParser
11755:             1             16  org.opensearch.painless.spi.annotation.InjectConstantAnnotationParser
11756:             1             16  org.opensearch.painless.spi.annotation.NoImportAnnotation
11757:             1             16  org.opensearch.painless.spi.annotation.NoImportAnnotationParser
11758:             1             16  org.opensearch.painless.spi.annotation.NonDeterministicAnnotation
11759:             1             16  org.opensearch.painless.spi.annotation.NonDeterministicAnnotationParser
11760:             1             16  org.opensearch.painless.spi.annotation.WhitelistAnnotationParser$$Lambda/0x00007fcd2821bc80
11761:             1             16  org.opensearch.painless.spi.annotation.WhitelistAnnotationParser$$Lambda/0x00007fcd28220000
11762:             1             16  org.opensearch.percolator.PercolatorFieldMapper$TypeParser
11763:             1             16  org.opensearch.percolator.PercolatorFieldMapperExt$TypeParser
11764:             1             16  org.opensearch.percolator.PercolatorHighlightSubFetchPhase
11765:             1             16  org.opensearch.percolator.PercolatorHighlightSubFetchPhase
11766:             1             16  org.opensearch.percolator.PercolatorMatchedSlotSubFetchPhase
11767:             1             16  org.opensearch.percolator.PercolatorMatchedSlotSubFetchPhase
11768:             1             16  org.opensearch.percolator.PercolatorPlugin
11769:             1             16  org.opensearch.percolator.PercolatorPlugin$$Lambda/0x00007fcd2878c798
11770:             1             16  org.opensearch.percolator.PercolatorPlugin$$Lambda/0x00007fcd2878c9b0
11771:             1             16  org.opensearch.percolator.PercolatorPluginExt$$Lambda/0x00007fcd28621f38
11772:             1             16  org.opensearch.percolator.PercolatorPluginExt$$Lambda/0x00007fcd28622150
11773:             1             16  org.opensearch.performanceanalyzer.action.PerformanceAnalyzerActionFilter
11774:             1             16  org.opensearch.performanceanalyzer.collectors.NodeStatsAllShardsMetricsCollector$1$$Lambda/0x00007fcd284454b8
11775:             1             16  org.opensearch.performanceanalyzer.collectors.NodeStatsAllShardsMetricsCollector$1$$Lambda/0x00007fcd284456d0
11776:             1             16  org.opensearch.performanceanalyzer.collectors.NodeStatsAllShardsMetricsCollector$1$$Lambda/0x00007fcd284458e8
11777:             1             16  org.opensearch.performanceanalyzer.collectors.NodeStatsAllShardsMetricsCollector$1$$Lambda/0x00007fcd28445b00
11778:             1             16  org.opensearch.performanceanalyzer.collectors.NodeStatsAllShardsMetricsCollector$1$$Lambda/0x00007fcd28445d18
11779:             1             16  org.opensearch.performanceanalyzer.collectors.NodeStatsAllShardsMetricsCollector$1$$Lambda/0x00007fcd28445f30
11780:             1             16  org.opensearch.performanceanalyzer.collectors.NodeStatsAllShardsMetricsCollector$1$$Lambda/0x00007fcd28446148
11781:             1             16  org.opensearch.performanceanalyzer.collectors.NodeStatsAllShardsMetricsCollector$1$$Lambda/0x00007fcd28446360
11782:             1             16  org.opensearch.performanceanalyzer.collectors.NodeStatsAllShardsMetricsCollector$1$$Lambda/0x00007fcd28446578
11783:             1             16  org.opensearch.performanceanalyzer.collectors.NodeStatsAllShardsMetricsCollector$1$$Lambda/0x00007fcd28446790
11784:             1             16  org.opensearch.performanceanalyzer.collectors.telemetry.RTFNodeStatsAllShardsMetricsCollector$$Lambda/0x00007fcd2843f6e0
11785:             1             16  org.opensearch.performanceanalyzer.collectors.telemetry.RTFNodeStatsAllShardsMetricsCollector$$Lambda/0x00007fcd2843f8f8
11786:             1             16  org.opensearch.performanceanalyzer.collectors.telemetry.RTFNodeStatsAllShardsMetricsCollector$$Lambda/0x00007fcd2843fb10
11787:             1             16  org.opensearch.performanceanalyzer.collectors.telemetry.RTFNodeStatsAllShardsMetricsCollector$$Lambda/0x00007fcd2843fd28
11788:             1             16  org.opensearch.performanceanalyzer.collectors.telemetry.RTFNodeStatsAllShardsMetricsCollector$$Lambda/0x00007fcd28444000
11789:             1             16  org.opensearch.performanceanalyzer.collectors.telemetry.RTFNodeStatsAllShardsMetricsCollector$$Lambda/0x00007fcd28444218
11790:             1             16  org.opensearch.performanceanalyzer.collectors.telemetry.RTFNodeStatsAllShardsMetricsCollector$$Lambda/0x00007fcd28444430
11791:             1             16  org.opensearch.performanceanalyzer.collectors.telemetry.RTFNodeStatsAllShardsMetricsCollector$$Lambda/0x00007fcd28444648
11792:             1             16  org.opensearch.performanceanalyzer.collectors.telemetry.RTFNodeStatsAllShardsMetricsCollector$$Lambda/0x00007fcd28444860
11793:             1             16  org.opensearch.performanceanalyzer.collectors.telemetry.RTFNodeStatsAllShardsMetricsCollector$$Lambda/0x00007fcd28444a78
11794:             1             16  org.opensearch.performanceanalyzer.commons.config.ConfigStatus
11795:             1             16  org.opensearch.performanceanalyzer.commons.config.PluginSettings$$Lambda/0x00007fcd283f15c8
11796:             1             16  org.opensearch.performanceanalyzer.commons.metrics_generator.linux.LinuxOSMetricsGenerator
11797:             1             16  org.opensearch.performanceanalyzer.commons.stats.ServiceMetrics$$Lambda/0x00007fcd283edeb0
11798:             1             16  org.opensearch.performanceanalyzer.config.setting.ClusterSettingsManager$ClusterSettingsResponseHandler
11799:             1             16  org.opensearch.performanceanalyzer.http_action.whoami.TransportWhoAmIAction$$Lambda/0x00007fcd28c650b8
11800:             1             16  org.opensearch.performanceanalyzer.listener.NoOpSearchListener
11801:             1             16  org.opensearch.performanceanalyzer.transport.PerformanceAnalyzerTransportInterceptor
11802:             1             16  org.opensearch.performanceanalyzer.writer.EventLogQueueProcessor$$Lambda/0x00007fcd28440a20
11803:             1             16  org.opensearch.performanceanalyzer.writer.EventLogQueueProcessor$$Lambda/0x00007fcd28440c40
11804:             1             16  org.opensearch.persistent.CompletionPersistentTaskAction$$Lambda/0x00007fcd28bff5c0
11805:             1             16  org.opensearch.persistent.CompletionPersistentTaskAction$TransportAction$$Lambda/0x00007fcd28e22ac0
11806:             1             16  org.opensearch.persistent.NodePersistentTasksExecutor
11807:             1             16  org.opensearch.persistent.PersistentTasksClusterService$$Lambda/0x00007fcd28d10540
11808:             1             16  org.opensearch.persistent.PersistentTasksExecutorRegistry
11809:             1             16  org.opensearch.persistent.RemovePersistentTaskAction$$Lambda/0x00007fcd28bffa58
11810:             1             16  org.opensearch.persistent.RemovePersistentTaskAction$TransportAction$$Lambda/0x00007fcd28edd5e0
11811:             1             16  org.opensearch.persistent.StartPersistentTaskAction$$Lambda/0x00007fcd28bfec90
11812:             1             16  org.opensearch.persistent.StartPersistentTaskAction$TransportAction$$Lambda/0x00007fcd28e22470
11813:             1             16  org.opensearch.persistent.UpdatePersistentTaskStatusAction$$Lambda/0x00007fcd28bff128
11814:             1             16  org.opensearch.persistent.UpdatePersistentTaskStatusAction$TransportAction$$Lambda/0x00007fcd28f7e180
11815:             1             16  org.opensearch.persistent.decider.EnableAssignmentDecider
11816:             1             16  org.opensearch.persistent.decider.EnableAssignmentDecider$$Lambda/0x00007fcd286f43a0
11817:             1             16  org.opensearch.persistent.decider.EnableAssignmentDecider$$Lambda/0x00007fcd28d0bbe0
11818:             1             16  org.opensearch.plugin.repository.url.URLRepositoryPlugin
11819:             1             16  org.opensearch.plugins.MapperPlugin$$Lambda/0x00007fcd28213db8
11820:             1             16  org.opensearch.plugins.MapperPlugin$$Lambda/0x00007fcd28216000
11821:             1             16  org.opensearch.plugins.MetadataUpgrader
11822:             1             16  org.opensearch.plugins.MetadataUpgrader$$Lambda/0x00007fcd28ca2248
11823:             1             16  org.opensearch.plugins.PluginsService$$Lambda/0x00007fcd281eb350
11824:             1             16  org.opensearch.plugins.PluginsService$$Lambda/0x00007fcd28443220
11825:             1             16  org.opensearch.plugins.PluginsService$$Lambda/0x00007fcd28443458
11826:             1             16  org.opensearch.plugins.PluginsService$$Lambda/0x00007fcd28443690
11827:             1             16  org.opensearch.plugins.PluginsService$$Lambda/0x00007fcd2845e428
11828:             1             16  org.opensearch.plugins.PluginsService$$Lambda/0x00007fcd284a27a0
11829:             1             16  org.opensearch.plugins.PluginsService$$Lambda/0x00007fcd28542238
11830:             1             16  org.opensearch.plugins.PluginsService$$Lambda/0x00007fcd2854ed60
11831:             1             16  org.opensearch.plugins.TransportExceptionHandler$$Lambda/0x00007fcd28ca17c8
11832:             1             16  org.opensearch.ratelimitting.admissioncontrol.AdmissionControlSettings
11833:             1             16  org.opensearch.ratelimitting.admissioncontrol.AdmissionControlSettings$$Lambda/0x00007fcd28704fe0
11834:             1             16  org.opensearch.ratelimitting.admissioncontrol.AdmissionControlSettings$$Lambda/0x00007fcd28c9d418
11835:             1             16  org.opensearch.ratelimitting.admissioncontrol.settings.CpuBasedAdmissionControllerSettings$$Lambda/0x00007fcd28705458
11836:             1             16  org.opensearch.ratelimitting.admissioncontrol.settings.CpuBasedAdmissionControllerSettings$$Lambda/0x00007fcd28c9d648
11837:             1             16  org.opensearch.ratelimitting.admissioncontrol.settings.CpuBasedAdmissionControllerSettings$$Lambda/0x00007fcd28c9d878
11838:             1             16  org.opensearch.ratelimitting.admissioncontrol.settings.CpuBasedAdmissionControllerSettings$$Lambda/0x00007fcd28c9daa8
11839:             1             16  org.opensearch.ratelimitting.admissioncontrol.settings.CpuBasedAdmissionControllerSettings$$Lambda/0x00007fcd28c9dcd8
11840:             1             16  org.opensearch.ratelimitting.admissioncontrol.settings.IoBasedAdmissionControllerSettings$$Lambda/0x00007fcd287058d0
11841:             1             16  org.opensearch.ratelimitting.admissioncontrol.settings.IoBasedAdmissionControllerSettings$$Lambda/0x00007fcd28c9df08
11842:             1             16  org.opensearch.ratelimitting.admissioncontrol.settings.IoBasedAdmissionControllerSettings$$Lambda/0x00007fcd28c9e138
11843:             1             16  org.opensearch.ratelimitting.admissioncontrol.settings.IoBasedAdmissionControllerSettings$$Lambda/0x00007fcd28c9e368
11844:             1             16  org.opensearch.ratelimitting.admissioncontrol.transport.AdmissionControlTransportInterceptor
11845:             1             16  org.opensearch.replication.ReplicationPlugin$$Lambda/0x00007fcd285224f0
11846:             1             16  org.opensearch.replication.ReplicationPlugin$$Lambda/0x00007fcd285229c8
11847:             1             16  org.opensearch.replication.ReplicationPlugin$$Lambda/0x00007fcd28894000
11848:             1             16  org.opensearch.replication.ReplicationPlugin$$Lambda/0x00007fcd288944d0
11849:             1             16  org.opensearch.replication.ReplicationPlugin$$Lambda/0x00007fcd288949d8
11850:             1             16  org.opensearch.replication.ReplicationPlugin$$Lambda/0x00007fcd28894f18
11851:             1             16  org.opensearch.replication.ReplicationPlugin$$Lambda/0x00007fcd288953b8
11852:             1             16  org.opensearch.replication.ReplicationPlugin$$Lambda/0x00007fcd28895a80
11853:             1             16  org.opensearch.replication.ReplicationPlugin$$Lambda/0x00007fcd28895c98
11854:             1             16  org.opensearch.replication.ReplicationPlugin$$Lambda/0x00007fcd28898000
11855:             1             16  org.opensearch.replication.ReplicationPlugin$$Lambda/0x00007fcd28898218
11856:             1             16  org.opensearch.replication.ReplicationPlugin$$Lambda/0x00007fcd28898430
11857:             1             16  org.opensearch.replication.ReplicationPlugin$$Lambda/0x00007fcd28898648
11858:             1             16  org.opensearch.replication.ReplicationPlugin$$Lambda/0x00007fcd28898860
11859:             1             16  org.opensearch.replication.ReplicationPlugin$$Lambda/0x00007fcd29000d80
11860:             1             16  org.opensearch.replication.ReplicationPlugin$Companion
11861:             1             16  org.opensearch.replication.ReplicationSettings$$Lambda/0x00007fcd2889a2e0
11862:             1             16  org.opensearch.replication.ReplicationSettings$$Lambda/0x00007fcd2889a510
11863:             1             16  org.opensearch.replication.ReplicationSettings$$Lambda/0x00007fcd2889a740
11864:             1             16  org.opensearch.replication.ReplicationSettings$$Lambda/0x00007fcd2889a970
11865:             1             16  org.opensearch.replication.ReplicationSettings$$Lambda/0x00007fcd2889aba0
11866:             1             16  org.opensearch.replication.ReplicationSettings$$Lambda/0x00007fcd2889add0
11867:             1             16  org.opensearch.replication.ReplicationSettings$$Lambda/0x00007fcd2889b000
11868:             1             16  org.opensearch.replication.ReplicationSettings$$Lambda/0x00007fcd2889b230
11869:             1             16  org.opensearch.replication.ReplicationSettings$$Lambda/0x00007fcd2889b460
11870:             1             16  org.opensearch.replication.ReplicationSettings$$Lambda/0x00007fcd2889b690
11871:             1             16  org.opensearch.replication.ReplicationSettings$$Lambda/0x00007fcd2889b8c0
11872:             1             16  org.opensearch.replication.ReplicationSettings$$Lambda/0x00007fcd2889baf0
11873:             1             16  org.opensearch.replication.action.autofollow.AutoFollowClusterManagerNodeAction$$Lambda/0x00007fcd28c08860
11874:             1             16  org.opensearch.replication.action.autofollow.AutoFollowClusterManagerNodeAction$Companion
11875:             1             16  org.opensearch.replication.action.autofollow.TransportAutoFollowClusterManagerNodeAction$$Lambda/0x00007fcd28da1b30
11876:             1             16  org.opensearch.replication.action.autofollow.TransportAutoFollowClusterManagerNodeAction$Companion
11877:             1             16  org.opensearch.replication.action.autofollow.TransportUpdateAutoFollowPatternAction$$Lambda/0x00007fcd28e6d440
11878:             1             16  org.opensearch.replication.action.autofollow.TransportUpdateAutoFollowPatternAction$Companion
11879:             1             16  org.opensearch.replication.action.autofollow.UpdateAutoFollowPatternAction$$Lambda/0x00007fcd28c08000
11880:             1             16  org.opensearch.replication.action.autofollow.UpdateAutoFollowPatternAction$Companion
11881:             1             16  org.opensearch.replication.action.changes.GetChangesAction$$Lambda/0x00007fcd28974f10
11882:             1             16  org.opensearch.replication.action.changes.GetChangesAction$Companion
11883:             1             16  org.opensearch.replication.action.changes.TransportGetChangesAction$$Lambda/0x00007fcd28da0a70
11884:             1             16  org.opensearch.replication.action.changes.TransportGetChangesAction$$Lambda/0x00007fcd28da0c88
11885:             1             16  org.opensearch.replication.action.changes.TransportGetChangesAction$Companion
11886:             1             16  org.opensearch.replication.action.index.ReplicateIndexAction$$Lambda/0x00007fcd28975a38
11887:             1             16  org.opensearch.replication.action.index.ReplicateIndexAction$Companion
11888:             1             16  org.opensearch.replication.action.index.ReplicateIndexClusterManagerNodeAction$$Lambda/0x00007fcd28976490
11889:             1             16  org.opensearch.replication.action.index.ReplicateIndexClusterManagerNodeAction$Companion
11890:             1             16  org.opensearch.replication.action.index.TransportReplicateIndexAction$$Lambda/0x00007fcd28e6d658
11891:             1             16  org.opensearch.replication.action.index.TransportReplicateIndexAction$Companion
11892:             1             16  org.opensearch.replication.action.index.TransportReplicateIndexClusterManagerNodeAction$$Lambda/0x00007fcd28e6f7d8
11893:             1             16  org.opensearch.replication.action.index.TransportReplicateIndexClusterManagerNodeAction$Companion
11894:             1             16  org.opensearch.replication.action.index.block.TransportUpddateIndexBlockAction$$Lambda/0x00007fcd28e6cdf8
11895:             1             16  org.opensearch.replication.action.index.block.TransportUpddateIndexBlockAction$Companion
11896:             1             16  org.opensearch.replication.action.index.block.UpdateIndexBlockAction$$Lambda/0x00007fcd28c0b420
11897:             1             16  org.opensearch.replication.action.index.block.UpdateIndexBlockAction$Companion
11898:             1             16  org.opensearch.replication.action.pause.PauseIndexReplicationAction$$Lambda/0x00007fcd28c099e0
11899:             1             16  org.opensearch.replication.action.pause.PauseIndexReplicationAction$Companion
11900:             1             16  org.opensearch.replication.action.pause.TransportPauseIndexReplicationAction$$Lambda/0x00007fcd28e6d228
11901:             1             16  org.opensearch.replication.action.pause.TransportPauseIndexReplicationAction$Companion
11902:             1             16  org.opensearch.replication.action.replay.ReplayChangesAction$$Lambda/0x00007fcd28976fb0
11903:             1             16  org.opensearch.replication.action.replay.ReplayChangesAction$Companion
11904:             1             16  org.opensearch.replication.action.replay.TransportReplayChangesAction$$Lambda/0x00007fcd28da1d48
11905:             1             16  org.opensearch.replication.action.replay.TransportReplayChangesAction$$Lambda/0x00007fcd28da1f80
11906:             1             16  org.opensearch.replication.action.replay.TransportReplayChangesAction$$Lambda/0x00007fcd28da2198
11907:             1             16  org.opensearch.replication.action.replay.TransportReplayChangesAction$Companion
11908:             1             16  org.opensearch.replication.action.replicationstatedetails.TransportUpdateReplicationStateDetails$$Lambda/0x00007fcd28e6f3a8
11909:             1             16  org.opensearch.replication.action.replicationstatedetails.UpdateReplicationStateAction$$Lambda/0x00007fcd28c0deb8
11910:             1             16  org.opensearch.replication.action.replicationstatedetails.UpdateReplicationStateAction$Companion
11911:             1             16  org.opensearch.replication.action.repository.GetFileChunkAction$$Lambda/0x00007fcd28c01660
11912:             1             16  org.opensearch.replication.action.repository.GetFileChunkAction$Companion
11913:             1             16  org.opensearch.replication.action.repository.GetStoreMetadataAction$$Lambda/0x00007fcd28977b48
11914:             1             16  org.opensearch.replication.action.repository.GetStoreMetadataAction$Companion
11915:             1             16  org.opensearch.replication.action.repository.ReleaseLeaderResourcesAction$$Lambda/0x00007fcd28c0bce0
11916:             1             16  org.opensearch.replication.action.repository.ReleaseLeaderResourcesAction$Companion
11917:             1             16  org.opensearch.replication.action.repository.TransportGetFileChunkAction$$Lambda/0x00007fcd28e6e2e8
11918:             1             16  org.opensearch.replication.action.repository.TransportGetFileChunkAction$$Lambda/0x00007fcd28e6e500
11919:             1             16  org.opensearch.replication.action.repository.TransportGetFileChunkAction$Companion
11920:             1             16  org.opensearch.replication.action.repository.TransportGetStoreMetadataAction$$Lambda/0x00007fcd28da12d0
11921:             1             16  org.opensearch.replication.action.repository.TransportGetStoreMetadataAction$$Lambda/0x00007fcd28da14e8
11922:             1             16  org.opensearch.replication.action.repository.TransportGetStoreMetadataAction$Companion
11923:             1             16  org.opensearch.replication.action.repository.TransportReleaseLeaderResourcesAction$$Lambda/0x00007fcd28da1700
11924:             1             16  org.opensearch.replication.action.repository.TransportReleaseLeaderResourcesAction$$Lambda/0x00007fcd28da1918
11925:             1             16  org.opensearch.replication.action.repository.TransportReleaseLeaderResourcesAction$Companion
11926:             1             16  org.opensearch.replication.action.resume.ResumeIndexReplicationAction$$Lambda/0x00007fcd28c0a2a0
11927:             1             16  org.opensearch.replication.action.resume.ResumeIndexReplicationAction$Companion
11928:             1             16  org.opensearch.replication.action.resume.TransportResumeIndexReplicationAction$$Lambda/0x00007fcd28da0ea0
11929:             1             16  org.opensearch.replication.action.resume.TransportResumeIndexReplicationAction$Companion
11930:             1             16  org.opensearch.replication.action.setup.SetupChecksAction$$Lambda/0x00007fcd28c0d670
11931:             1             16  org.opensearch.replication.action.setup.SetupChecksAction$Companion
11932:             1             16  org.opensearch.replication.action.setup.TransportSetupChecksAction$$Lambda/0x00007fcd28e6e718
11933:             1             16  org.opensearch.replication.action.setup.TransportSetupChecksAction$Companion
11934:             1             16  org.opensearch.replication.action.setup.TransportValidatePermissionsAction$$Lambda/0x00007fcd28e6d010
11935:             1             16  org.opensearch.replication.action.setup.TransportValidatePermissionsAction$Companion
11936:             1             16  org.opensearch.replication.action.setup.ValidatePermissionsAction$$Lambda/0x00007fcd28c0ce28
11937:             1             16  org.opensearch.replication.action.setup.ValidatePermissionsAction$Companion
11938:             1             16  org.opensearch.replication.action.stats.AutoFollowStatsAction$$Lambda/0x00007fcd28c114b0
11939:             1             16  org.opensearch.replication.action.stats.AutoFollowStatsAction$Companion
11940:             1             16  org.opensearch.replication.action.stats.FollowerStatsAction$$Lambda/0x00007fcd28c10968
11941:             1             16  org.opensearch.replication.action.stats.FollowerStatsAction$Companion
11942:             1             16  org.opensearch.replication.action.stats.LeaderStatsAction$$Lambda/0x00007fcd28c10000
11943:             1             16  org.opensearch.replication.action.stats.LeaderStatsAction$Companion
11944:             1             16  org.opensearch.replication.action.stats.TransportAutoFollowStatsAction$$Lambda/0x00007fcd28e6dca0
11945:             1             16  org.opensearch.replication.action.stats.TransportAutoFollowStatsAction$$Lambda/0x00007fcd28e6deb8
11946:             1             16  org.opensearch.replication.action.stats.TransportAutoFollowStatsAction$$Lambda/0x00007fcd28e6e0d0
11947:             1             16  org.opensearch.replication.action.stats.TransportAutoFollowStatsAction$Companion
11948:             1             16  org.opensearch.replication.action.stats.TransportFollowerStatsAction$$Lambda/0x00007fcd28e6eb48
11949:             1             16  org.opensearch.replication.action.stats.TransportFollowerStatsAction$$Lambda/0x00007fcd28e6ed60
11950:             1             16  org.opensearch.replication.action.stats.TransportFollowerStatsAction$Companion
11951:             1             16  org.opensearch.replication.action.stats.TransportLeaderStatsAction$$Lambda/0x00007fcd28e6d870
11952:             1             16  org.opensearch.replication.action.stats.TransportLeaderStatsAction$$Lambda/0x00007fcd28e6da88
11953:             1             16  org.opensearch.replication.action.stats.TransportLeaderStatsAction$Companion
11954:             1             16  org.opensearch.replication.action.status.ReplicationStatusAction$$Lambda/0x00007fcd28c0f2d8
11955:             1             16  org.opensearch.replication.action.status.ReplicationStatusAction$Companion
11956:             1             16  org.opensearch.replication.action.status.ShardsInfoAction$$Lambda/0x00007fcd28c0ea40
11957:             1             16  org.opensearch.replication.action.status.ShardsInfoAction$Companion
11958:             1             16  org.opensearch.replication.action.status.TranportShardsInfoAction$$Lambda/0x00007fcd28e6e930
11959:             1             16  org.opensearch.replication.action.status.TranportShardsInfoAction$Companion
11960:             1             16  org.opensearch.replication.action.status.TransportReplicationStatusAction$$Lambda/0x00007fcd28e6ef78
11961:             1             16  org.opensearch.replication.action.status.TransportReplicationStatusAction$Companion
11962:             1             16  org.opensearch.replication.action.stop.StopIndexReplicationAction$$Lambda/0x00007fcd28c09120
11963:             1             16  org.opensearch.replication.action.stop.StopIndexReplicationAction$Companion
11964:             1             16  org.opensearch.replication.action.stop.TransportStopIndexReplicationAction$$Lambda/0x00007fcd28e6f190
11965:             1             16  org.opensearch.replication.action.stop.TransportStopIndexReplicationAction$Companion
11966:             1             16  org.opensearch.replication.action.update.TransportUpdateIndexReplicationAction$$Lambda/0x00007fcd28e6f9f0
11967:             1             16  org.opensearch.replication.action.update.TransportUpdateIndexReplicationAction$Companion
11968:             1             16  org.opensearch.replication.action.update.UpdateIndexReplicationAction$$Lambda/0x00007fcd28c0ab60
11969:             1             16  org.opensearch.replication.action.update.UpdateIndexReplicationAction$Companion
11970:             1             16  org.opensearch.replication.metadata.ReplicationMetadataManager$Companion
11971:             1             16  org.opensearch.replication.metadata.TransportUpdateMetadataAction$$Lambda/0x00007fcd28e6f5c0
11972:             1             16  org.opensearch.replication.metadata.TransportUpdateMetadataAction$Companion
11973:             1             16  org.opensearch.replication.metadata.UpdateMetadataAction$$Lambda/0x00007fcd28c0c580
11974:             1             16  org.opensearch.replication.metadata.UpdateMetadataAction$Companion
11975:             1             16  org.opensearch.replication.metadata.store.ReplicationMetadataStore$Companion
11976:             1             16  org.opensearch.replication.repository.RemoteClusterRepositoriesService
11977:             1             16  org.opensearch.replication.repository.RemoteClusterRepositoriesService$$Lambda/0x00007fcd28974000
11978:             1             16  org.opensearch.replication.repository.RemoteClusterRepositoriesService$$Lambda/0x00007fcd28974230
11979:             1             16  org.opensearch.replication.repository.RemoteClusterRepositoriesService$$Lambda/0x00007fcd28974458
11980:             1             16  org.opensearch.replication.repository.RemoteClusterRepositoriesService$$Lambda/0x00007fcd28974688
11981:             1             16  org.opensearch.replication.rest.AutoFollowStatsHandler$Companion
11982:             1             16  org.opensearch.replication.rest.FollowerStatsHandler$Companion
11983:             1             16  org.opensearch.replication.rest.LeaderStatsHandler$Companion
11984:             1             16  org.opensearch.replication.rest.PauseIndexReplicationHandler$Companion
11985:             1             16  org.opensearch.replication.rest.ReplicationStatusHandler$Companion
11986:             1             16  org.opensearch.replication.rest.ResumeIndexReplicationHandler$Companion
11987:             1             16  org.opensearch.replication.rest.UpdateAutoFollowPatternsHandler$Companion
11988:             1             16  org.opensearch.replication.seqno.RemoteClusterTranslogService$Companion
11989:             1             16  org.opensearch.replication.task.autofollow.AutoFollowExecutor$Companion
11990:             1             16  org.opensearch.replication.task.autofollow.AutoFollowStat$Companion
11991:             1             16  org.opensearch.replication.task.index.IndexReplicationExecutor$Companion
11992:             1             16  org.opensearch.replication.task.index.IndexReplicationState$$Lambda/0x00007fcd28d0c660
11993:             1             16  org.opensearch.replication.task.index.IndexReplicationState$$Lambda/0x00007fcd28d0c878
11994:             1             16  org.opensearch.replication.task.index.IndexReplicationState$Companion
11995:             1             16  org.opensearch.replication.task.index.InitialState
11996:             1             16  org.opensearch.replication.task.shard.FollowerClusterStats
11997:             1             16  org.opensearch.replication.task.shard.ShardReplicationExecutor$Companion
11998:             1             16  org.opensearch.replication.util.ValidationUtil
11999:             1             16  org.opensearch.reportsscheduler.ReportsSchedulerPlugin
12000:             1             16  org.opensearch.reportsscheduler.ReportsSchedulerPlugin$Companion
12001:             1             16  org.opensearch.reportsscheduler.action.CreateReportDefinitionAction$$Lambda/0x00007fcd289796f8
12002:             1             16  org.opensearch.reportsscheduler.action.CreateReportDefinitionAction$$Lambda/0x00007fcd28d81cf0
12003:             1             16  org.opensearch.reportsscheduler.action.CreateReportDefinitionAction$Companion
12004:             1             16  org.opensearch.reportsscheduler.action.DeleteReportDefinitionAction$$Lambda/0x00007fcd28979fb8
12005:             1             16  org.opensearch.reportsscheduler.action.DeleteReportDefinitionAction$$Lambda/0x00007fcd28d82120
12006:             1             16  org.opensearch.reportsscheduler.action.DeleteReportDefinitionAction$Companion
12007:             1             16  org.opensearch.reportsscheduler.action.GetAllReportDefinitionsAction$$Lambda/0x00007fcd2897a880
12008:             1             16  org.opensearch.reportsscheduler.action.GetAllReportDefinitionsAction$$Lambda/0x00007fcd28d82338
12009:             1             16  org.opensearch.reportsscheduler.action.GetAllReportDefinitionsAction$Companion
12010:             1             16  org.opensearch.reportsscheduler.action.GetAllReportInstancesAction$$Lambda/0x00007fcd2897b148
12011:             1             16  org.opensearch.reportsscheduler.action.GetAllReportInstancesAction$$Lambda/0x00007fcd28d81490
12012:             1             16  org.opensearch.reportsscheduler.action.GetAllReportInstancesAction$Companion
12013:             1             16  org.opensearch.reportsscheduler.action.GetReportDefinitionAction$$Lambda/0x00007fcd2897ba10
12014:             1             16  org.opensearch.reportsscheduler.action.GetReportDefinitionAction$$Lambda/0x00007fcd28d816a8
12015:             1             16  org.opensearch.reportsscheduler.action.GetReportDefinitionAction$Companion
12016:             1             16  org.opensearch.reportsscheduler.action.GetReportInstanceAction$$Lambda/0x00007fcd28c14498
12017:             1             16  org.opensearch.reportsscheduler.action.GetReportInstanceAction$$Lambda/0x00007fcd28d81f08
12018:             1             16  org.opensearch.reportsscheduler.action.GetReportInstanceAction$Companion
12019:             1             16  org.opensearch.reportsscheduler.action.InContextReportCreateAction$$Lambda/0x00007fcd28c14d60
12020:             1             16  org.opensearch.reportsscheduler.action.InContextReportCreateAction$$Lambda/0x00007fcd28d82550
12021:             1             16  org.opensearch.reportsscheduler.action.InContextReportCreateAction$Companion
12022:             1             16  org.opensearch.reportsscheduler.action.OnDemandReportCreateAction$$Lambda/0x00007fcd28c15628
12023:             1             16  org.opensearch.reportsscheduler.action.OnDemandReportCreateAction$$Lambda/0x00007fcd28c17d48
12024:             1             16  org.opensearch.reportsscheduler.action.OnDemandReportCreateAction$Companion
12025:             1             16  org.opensearch.reportsscheduler.action.PluginBaseAction$Companion
12026:             1             16  org.opensearch.reportsscheduler.action.UpdateReportDefinitionAction$$Lambda/0x00007fcd28c15ee8
12027:             1             16  org.opensearch.reportsscheduler.action.UpdateReportDefinitionAction$$Lambda/0x00007fcd28d81ad8
12028:             1             16  org.opensearch.reportsscheduler.action.UpdateReportDefinitionAction$Companion
12029:             1             16  org.opensearch.reportsscheduler.action.UpdateReportInstanceStatusAction$$Lambda/0x00007fcd28c167a8
12030:             1             16  org.opensearch.reportsscheduler.action.UpdateReportInstanceStatusAction$$Lambda/0x00007fcd28d818c0
12031:             1             16  org.opensearch.reportsscheduler.action.UpdateReportInstanceStatusAction$Companion
12032:             1             16  org.opensearch.reportsscheduler.index.ReportDefinitionsIndex
12033:             1             16  org.opensearch.reportsscheduler.index.ReportInstancesIndex
12034:             1             16  org.opensearch.reportsscheduler.resthandler.OnDemandReportRestHandler$Companion
12035:             1             16  org.opensearch.reportsscheduler.resthandler.ReportDefinitionListRestHandler$Companion
12036:             1             16  org.opensearch.reportsscheduler.resthandler.ReportDefinitionRestHandler$Companion
12037:             1             16  org.opensearch.reportsscheduler.resthandler.ReportInstanceListRestHandler$Companion
12038:             1             16  org.opensearch.reportsscheduler.resthandler.ReportInstanceRestHandler$Companion
12039:             1             16  org.opensearch.reportsscheduler.resthandler.ReportStatsRestHandler$Companion
12040:             1             16  org.opensearch.reportsscheduler.scheduler.ReportDefinitionJobParser
12041:             1             16  org.opensearch.reportsscheduler.scheduler.ReportDefinitionJobRunner
12042:             1             16  org.opensearch.reportsscheduler.settings.PluginSettings
12043:             1             16  org.opensearch.reportsscheduler.settings.PluginSettings$$Lambda/0x00007fcd28577600
12044:             1             16  org.opensearch.reportsscheduler.settings.PluginSettings$$Lambda/0x00007fcd28577828
12045:             1             16  org.opensearch.repositories.RepositoriesService$$Lambda/0x00007fcd28cef878
12046:             1             16  org.opensearch.repositories.VerifyNodeRepositoryAction$$Lambda/0x00007fcd28cef228
12047:             1             16  org.opensearch.repositories.VerifyNodeRepositoryAction$VerifyNodeRepositoryRequestHandler
12048:             1             16  org.opensearch.repositories.blobstore.BlobStoreRepository$$Lambda/0x00007fcd28531058
12049:             1             16  org.opensearch.repositories.blobstore.BlobStoreRepository$$Lambda/0x00007fcd28532538
12050:             1             16  org.opensearch.repositories.blobstore.BlobStoreRepository$$Lambda/0x00007fcd28532d70
12051:             1             16  org.opensearch.repositories.blobstore.BlobStoreRepository$$Lambda/0x00007fcd285331e8
12052:             1             16  org.opensearch.repositories.blobstore.BlobStoreRepository$$Lambda/0x00007fcd285338b8
12053:             1             16  org.opensearch.repositories.blobstore.BlobStoreRepository$$Lambda/0x00007fcd28533dc8
12054:             1             16  org.opensearch.repositories.blobstore.BlobStoreRepository$$Lambda/0x00007fcd28534298
12055:             1             16  org.opensearch.repositories.blobstore.BlobStoreRepository$$Lambda/0x00007fcd291bc448
12056:             1             16  org.opensearch.repositories.s3.S3ClientSettings$$Lambda/0x00007fcd283c4888
12057:             1             16  org.opensearch.repositories.s3.S3ClientSettings$$Lambda/0x00007fcd283c4ac0
12058:             1             16  org.opensearch.repositories.s3.S3ClientSettings$$Lambda/0x00007fcd283c4cf8
12059:             1             16  org.opensearch.repositories.s3.S3ClientSettings$$Lambda/0x00007fcd283c4f30
12060:             1             16  org.opensearch.repositories.s3.S3ClientSettings$$Lambda/0x00007fcd283c5168
12061:             1             16  org.opensearch.repositories.s3.S3ClientSettings$$Lambda/0x00007fcd283c53a0
12062:             1             16  org.opensearch.repositories.s3.S3ClientSettings$$Lambda/0x00007fcd283c55d8
12063:             1             16  org.opensearch.repositories.s3.S3ClientSettings$$Lambda/0x00007fcd283c5810
12064:             1             16  org.opensearch.repositories.s3.S3ClientSettings$$Lambda/0x00007fcd283c5a48
12065:             1             16  org.opensearch.repositories.s3.S3ClientSettings$$Lambda/0x00007fcd283c5ec0
12066:             1             16  org.opensearch.repositories.s3.S3ClientSettings$$Lambda/0x00007fcd283c60f8
12067:             1             16  org.opensearch.repositories.s3.S3ClientSettings$$Lambda/0x00007fcd283c6570
12068:             1             16  org.opensearch.repositories.s3.S3ClientSettings$$Lambda/0x00007fcd283c67a8
12069:             1             16  org.opensearch.repositories.s3.S3ClientSettings$$Lambda/0x00007fcd283c69e0
12070:             1             16  org.opensearch.repositories.s3.S3ClientSettings$$Lambda/0x00007fcd283c6c18
12071:             1             16  org.opensearch.repositories.s3.S3ClientSettings$$Lambda/0x00007fcd283c6e50
12072:             1             16  org.opensearch.repositories.s3.S3ClientSettings$$Lambda/0x00007fcd283c7088
12073:             1             16  org.opensearch.repositories.s3.S3ClientSettings$$Lambda/0x00007fcd283c72c0
12074:             1             16  org.opensearch.repositories.s3.S3ClientSettings$$Lambda/0x00007fcd283c74f8
12075:             1             16  org.opensearch.repositories.s3.S3ClientSettings$$Lambda/0x00007fcd283c7730
12076:             1             16  org.opensearch.repositories.s3.S3ClientSettings$$Lambda/0x00007fcd283c7968
12077:             1             16  org.opensearch.repositories.s3.S3ClientSettings$$Lambda/0x00007fcd283c7ba0
12078:             1             16  org.opensearch.repositories.s3.S3ClientSettings$$Lambda/0x00007fcd283c8000
12079:             1             16  org.opensearch.repositories.s3.S3ClientSettings$$Lambda/0x00007fcd283c8238
12080:             1             16  org.opensearch.repositories.s3.S3ClientSettings$$Lambda/0x00007fcd283c8470
12081:             1             16  org.opensearch.repositories.s3.S3ClientSettings$$Lambda/0x00007fcd283c86a8
12082:             1             16  org.opensearch.repositories.s3.S3ClientSettings$$Lambda/0x00007fcd283c88e0
12083:             1             16  org.opensearch.repositories.s3.S3ClientSettings$$Lambda/0x00007fcd283c8b18
12084:             1             16  org.opensearch.repositories.s3.S3ClientSettings$$Lambda/0x00007fcd283c8d50
12085:             1             16  org.opensearch.repositories.s3.S3ClientSettings$$Lambda/0x00007fcd283c8f88
12086:             1             16  org.opensearch.repositories.s3.S3Repository$$Lambda/0x00007fcd285285f0
12087:             1             16  org.opensearch.repositories.s3.S3Repository$$Lambda/0x00007fcd28528828
12088:             1             16  org.opensearch.repositories.s3.async.TransferSemaphoresHolder$$Lambda/0x00007fcd28a85110
12089:             1             16  org.opensearch.repositories.s3.async.TransferSemaphoresHolder$$Lambda/0x00007fcd28a85340
12090:             1             16  org.opensearch.repositories.url.URLRepository$$Lambda/0x00007fcd28214af0
12091:             1             16  org.opensearch.repositories.url.URLRepository$$Lambda/0x00007fcd28214d28
12092:             1             16  org.opensearch.repositories.url.URLRepository$$Lambda/0x00007fcd285485d8
12093:             1             16  org.opensearch.repositories.url.URLRepository$$Lambda/0x00007fcd28548810
12094:             1             16  org.opensearch.rest.RestController$$Lambda/0x00007fcd28c9a520
12095:             1             16  org.opensearch.rest.RestUtils$1
12096:             1             16  org.opensearch.rest.action.admin.cluster.RestClusterRerouteAction$$Lambda/0x00007fcd28fc8240
12097:             1             16  org.opensearch.rest.action.admin.cluster.RestClusterRerouteAction$$Lambda/0x00007fcd28fc8458
12098:             1             16  org.opensearch.rest.action.admin.cluster.RestNodesStatsAction$$Lambda/0x00007fcd28fc5cf8
12099:             1             16  org.opensearch.rest.action.admin.cluster.RestReloadSecureSettingsAction$$Lambda/0x00007fcd28fd4020
12100:             1             16  org.opensearch.rest.action.admin.cluster.RestReloadSecureSettingsAction$$Lambda/0x00007fcd28fd4238
12101:             1             16  org.opensearch.script.AbstractSortScript$$Lambda/0x00007fcd285ce0d8
12102:             1             16  org.opensearch.script.AbstractSortScript$$Lambda/0x00007fcd285ce310
12103:             1             16  org.opensearch.script.AbstractSortScript$$Lambda/0x00007fcd285ce548
12104:             1             16  org.opensearch.script.AggregationScript$$Lambda/0x00007fcd285cd598
12105:             1             16  org.opensearch.script.AggregationScript$$Lambda/0x00007fcd285cd7d0
12106:             1             16  org.opensearch.script.AggregationScript$$Lambda/0x00007fcd285cda08
12107:             1             16  org.opensearch.script.DerivedFieldScript$$Lambda/0x00007fcd2822cce0
12108:             1             16  org.opensearch.script.DerivedFieldScript$$Lambda/0x00007fcd2822cf18
12109:             1             16  org.opensearch.script.FieldScript$$Lambda/0x00007fcd285cc2a8
12110:             1             16  org.opensearch.script.FieldScript$$Lambda/0x00007fcd285cc4e0
12111:             1             16  org.opensearch.script.FieldScript$$Lambda/0x00007fcd285cc718
12112:             1             16  org.opensearch.script.ScoreScript$$Lambda/0x00007fcd2821d7b8
12113:             1             16  org.opensearch.script.ScoreScript$$Lambda/0x00007fcd2821d9f0
12114:             1             16  org.opensearch.script.ScoreScript$$Lambda/0x00007fcd2821dc28
12115:             1             16  org.opensearch.script.Script$$Lambda/0x00007fcd2879ebb0
12116:             1             16  org.opensearch.script.Script$$Lambda/0x00007fcd2879edc8
12117:             1             16  org.opensearch.script.Script$$Lambda/0x00007fcd2879eff0
12118:             1             16  org.opensearch.script.Script$$Lambda/0x00007fcd2879f208
12119:             1             16  org.opensearch.script.Script$$Lambda/0x00007fcd2879f430
12120:             1             16  org.opensearch.script.Script$$Lambda/0x00007fcd2879f658
12121:             1             16  org.opensearch.script.Script$$Lambda/0x00007fcd2879f880
12122:             1             16  org.opensearch.script.Script$$Lambda/0x00007fcd2879fa98
12123:             1             16  org.opensearch.script.Script$$Lambda/0x00007fcd2879fcc0
12124:             1             16  org.opensearch.script.Script$$Lambda/0x00007fcd287a0000
12125:             1             16  org.opensearch.script.ScriptModule$$Lambda/0x00007fcd285d2e78
12126:             1             16  org.opensearch.script.ScriptService$$Lambda/0x00007fcd28626440
12127:             1             16  org.opensearch.script.ScriptService$$Lambda/0x00007fcd28626678
12128:             1             16  org.opensearch.script.ScriptService$$Lambda/0x00007fcd286268b0
12129:             1             16  org.opensearch.script.ScriptService$$Lambda/0x00007fcd28626ae8
12130:             1             16  org.opensearch.script.ScriptService$$Lambda/0x00007fcd28626d20
12131:             1             16  org.opensearch.script.ScriptService$$Lambda/0x00007fcd28708860
12132:             1             16  org.opensearch.script.ScriptService$$Lambda/0x00007fcd28709160
12133:             1             16  org.opensearch.script.ScriptService$$Lambda/0x00007fcd28709390
12134:             1             16  org.opensearch.script.ScriptedMetricAggContexts$MapScript$$Lambda/0x00007fcd2845ca58
12135:             1             16  org.opensearch.script.ScriptedMetricAggContexts$MapScript$$Lambda/0x00007fcd2845cc90
12136:             1             16  org.opensearch.script.ScriptedMetricAggContexts$MapScript$$Lambda/0x00007fcd2845cec8
12137:             1             16  org.opensearch.script.ScriptedMetricAggContexts$MapScript$$Lambda/0x00007fcd2845d100
12138:             1             16  org.opensearch.script.TermsSetQueryScript$$Lambda/0x00007fcd285cf7d0
12139:             1             16  org.opensearch.script.TermsSetQueryScript$$Lambda/0x00007fcd285cfa08
12140:             1             16  org.opensearch.script.TermsSetQueryScript$$Lambda/0x00007fcd285cfc40
12141:             1             16  org.opensearch.script.expression.ExpressionPlugin
12142:             1             16  org.opensearch.script.expression.ExpressionScriptEngine
12143:             1             16  org.opensearch.script.expression.ExpressionScriptEngine$$Lambda/0x00007fcd28628668
12144:             1             16  org.opensearch.script.expression.ExpressionScriptEngine$$Lambda/0x00007fcd286288a0
12145:             1             16  org.opensearch.script.expression.ExpressionScriptEngine$$Lambda/0x00007fcd28628ad8
12146:             1             16  org.opensearch.script.expression.ExpressionScriptEngine$$Lambda/0x00007fcd28628d10
12147:             1             16  org.opensearch.script.expression.ExpressionScriptEngine$$Lambda/0x00007fcd28628f48
12148:             1             16  org.opensearch.script.expression.ExpressionScriptEngine$$Lambda/0x00007fcd28629180
12149:             1             16  org.opensearch.script.expression.ExpressionScriptEngine$$Lambda/0x00007fcd286293b8
12150:             1             16  org.opensearch.script.expression.ExpressionScriptEngine$$Lambda/0x00007fcd286295f0
12151:             1             16  org.opensearch.script.mustache.MultiSearchTemplateAction$$Lambda/0x00007fcd28c00b40
12152:             1             16  org.opensearch.script.mustache.MustachePlugin
12153:             1             16  org.opensearch.script.mustache.MustacheScriptEngine
12154:             1             16  org.opensearch.script.mustache.RenderSearchTemplateAction$$Lambda/0x00007fcd28c00430
12155:             1             16  org.opensearch.script.mustache.SearchTemplateAction$$Lambda/0x00007fcd28c00000
12156:             1             16  org.opensearch.script.mustache.TransportMultiSearchTemplateAction$$Lambda/0x00007fcd28d846c8
12157:             1             16  org.opensearch.script.mustache.TransportSearchTemplateAction$$Lambda/0x00007fcd28d848e0
12158:             1             16  org.opensearch.script.mustache.TransportSearchTemplateAction$$Lambda/0x00007fcd28d84af8
12159:             1             16  org.opensearch.search.DefaultSearchContext$$Lambda/0x00007fcd292fc000
12160:             1             16  org.opensearch.search.DocValueFormat$1
12161:             1             16  org.opensearch.search.DocValueFormat$2
12162:             1             16  org.opensearch.search.DocValueFormat$3
12163:             1             16  org.opensearch.search.DocValueFormat$4
12164:             1             16  org.opensearch.search.DocValueFormat$5
12165:             1             16  org.opensearch.search.DocValueFormat$6
12166:             1             16  org.opensearch.search.DocValueFormat$7
12167:             1             16  org.opensearch.search.DocValueFormat$8
12168:             1             16  org.opensearch.search.RescoreDocIds
12169:             1             16  org.opensearch.search.RescoreDocIds$$Lambda/0x00007fcd29213a10
12170:             1             16  org.opensearch.search.RescoreDocIds$$Lambda/0x00007fcd29213c28
12171:             1             16  org.opensearch.search.RescoreDocIds$$Lambda/0x00007fcd293d4800
12172:             1             16  org.opensearch.search.RescoreDocIds$$Lambda/0x00007fcd293d4c30
12173:             1             16  org.opensearch.search.SearchHit$$Lambda/0x00007fcd29214038
12174:             1             16  org.opensearch.search.SearchHit$$Lambda/0x00007fcd29214250
12175:             1             16  org.opensearch.search.SearchHit$$Lambda/0x00007fcd292148c8
12176:             1             16  org.opensearch.search.SearchHit$$Lambda/0x00007fcd29214af0
12177:             1             16  org.opensearch.search.SearchHit$$Lambda/0x00007fcd29214d18
12178:             1             16  org.opensearch.search.SearchHit$$Lambda/0x00007fcd29214f40
12179:             1             16  org.opensearch.search.SearchHit$$Lambda/0x00007fcd29215168
12180:             1             16  org.opensearch.search.SearchHit$$Lambda/0x00007fcd29215380
12181:             1             16  org.opensearch.search.SearchHit$$Lambda/0x00007fcd292155a8
12182:             1             16  org.opensearch.search.SearchHit$$Lambda/0x00007fcd292157d0
12183:             1             16  org.opensearch.search.SearchHit$$Lambda/0x00007fcd292159f8
12184:             1             16  org.opensearch.search.SearchHit$$Lambda/0x00007fcd29215c20
12185:             1             16  org.opensearch.search.SearchHit$$Lambda/0x00007fcd29215e38
12186:             1             16  org.opensearch.search.SearchHit$$Lambda/0x00007fcd29216060
12187:             1             16  org.opensearch.search.SearchHit$$Lambda/0x00007fcd29216278
12188:             1             16  org.opensearch.search.SearchHit$$Lambda/0x00007fcd292164a0
12189:             1             16  org.opensearch.search.SearchHit$$Lambda/0x00007fcd292166b8
12190:             1             16  org.opensearch.search.SearchHit$$Lambda/0x00007fcd292168e0
12191:             1             16  org.opensearch.search.SearchHit$$Lambda/0x00007fcd29216af8
12192:             1             16  org.opensearch.search.SearchHit$$Lambda/0x00007fcd29216d20
12193:             1             16  org.opensearch.search.SearchHit$$Lambda/0x00007fcd29218a88
12194:             1             16  org.opensearch.search.SearchHit$$Lambda/0x00007fcd29218cb0
12195:             1             16  org.opensearch.search.SearchHit$$Lambda/0x00007fcd29219268
12196:             1             16  org.opensearch.search.SearchHit$$Lambda/0x00007fcd292196a8
12197:             1             16  org.opensearch.search.SearchHit$$Lambda/0x00007fcd29219cf0
12198:             1             16  org.opensearch.search.SearchHit$$Lambda/0x00007fcd2921b188
12199:             1             16  org.opensearch.search.SearchHit$$Lambda/0x00007fcd2921bc10
12200:             1             16  org.opensearch.search.SearchHit$$Lambda/0x00007fcd29220000
12201:             1             16  org.opensearch.search.SearchHit$$Lambda/0x00007fcd29220218
12202:             1             16  org.opensearch.search.SearchHit$$Lambda/0x00007fcd29220700
12203:             1             16  org.opensearch.search.SearchHit$$Lambda/0x00007fcd29220918
12204:             1             16  org.opensearch.search.SearchHit$$Lambda/0x00007fcd29220b30
12205:             1             16  org.opensearch.search.SearchHit$$Lambda/0x00007fcd292215a8
12206:             1             16  org.opensearch.search.SearchHits$$Lambda/0x00007fcd292217c0
12207:             1             16  org.opensearch.search.SearchHits$$Lambda/0x00007fcd292219d8
12208:             1             16  org.opensearch.search.SearchHits$$Lambda/0x00007fcd29221bf0
12209:             1             16  org.opensearch.search.SearchHits$$Lambda/0x00007fcd29221e08
12210:             1             16  org.opensearch.search.SearchModule$$Lambda/0x00007fcd2874b5e0
12211:             1             16  org.opensearch.search.SearchModule$$Lambda/0x00007fcd2874ba30
12212:             1             16  org.opensearch.search.SearchModule$$Lambda/0x00007fcd28754240
12213:             1             16  org.opensearch.search.SearchModule$$Lambda/0x00007fcd287554b0
12214:             1             16  org.opensearch.search.SearchModule$$Lambda/0x00007fcd287556c8
12215:             1             16  org.opensearch.search.SearchModule$$Lambda/0x00007fcd28756560
12216:             1             16  org.opensearch.search.SearchModule$$Lambda/0x00007fcd28756f08
12217:             1             16  org.opensearch.search.SearchModule$$Lambda/0x00007fcd28757120
12218:             1             16  org.opensearch.search.SearchModule$$Lambda/0x00007fcd28757988
12219:             1             16  org.opensearch.search.SearchModule$$Lambda/0x00007fcd28758660
12220:             1             16  org.opensearch.search.SearchModule$$Lambda/0x00007fcd28758878
12221:             1             16  org.opensearch.search.SearchModule$$Lambda/0x00007fcd287590c0
12222:             1             16  org.opensearch.search.SearchModule$$Lambda/0x00007fcd287592d8
12223:             1             16  org.opensearch.search.SearchModule$$Lambda/0x00007fcd2875b638
12224:             1             16  org.opensearch.search.SearchModule$$Lambda/0x00007fcd2875c4f0
12225:             1             16  org.opensearch.search.SearchModule$$Lambda/0x00007fcd2875c928
12226:             1             16  org.opensearch.search.SearchModule$$Lambda/0x00007fcd2875cd38
12227:             1             16  org.opensearch.search.SearchModule$$Lambda/0x00007fcd2875e078
12228:             1             16  org.opensearch.search.SearchModule$$Lambda/0x00007fcd28762488
12229:             1             16  org.opensearch.search.SearchModule$$Lambda/0x00007fcd28762de8
12230:             1             16  org.opensearch.search.SearchModule$$Lambda/0x00007fcd28763998
12231:             1             16  org.opensearch.search.SearchModule$$Lambda/0x00007fcd28763bb0
12232:             1             16  org.opensearch.search.SearchModule$$Lambda/0x00007fcd28764320
12233:             1             16  org.opensearch.search.SearchModule$$Lambda/0x00007fcd28764538
12234:             1             16  org.opensearch.search.SearchModule$$Lambda/0x00007fcd28764a20
12235:             1             16  org.opensearch.search.SearchModule$$Lambda/0x00007fcd28764c38
12236:             1             16  org.opensearch.search.SearchModule$$Lambda/0x00007fcd28765ca0
12237:             1             16  org.opensearch.search.SearchModule$$Lambda/0x00007fcd287660b0
12238:             1             16  org.opensearch.search.SearchModule$$Lambda/0x00007fcd287668b8
12239:             1             16  org.opensearch.search.SearchModule$$Lambda/0x00007fcd28766ad0
12240:             1             16  org.opensearch.search.SearchModule$$Lambda/0x00007fcd287670c8
12241:             1             16  org.opensearch.search.SearchModule$$Lambda/0x00007fcd287672e0
12242:             1             16  org.opensearch.search.SearchModule$$Lambda/0x00007fcd287679c8
12243:             1             16  org.opensearch.search.SearchModule$$Lambda/0x00007fcd28767be0
12244:             1             16  org.opensearch.search.SearchModule$$Lambda/0x00007fcd287685f8
12245:             1             16  org.opensearch.search.SearchModule$$Lambda/0x00007fcd28768810
12246:             1             16  org.opensearch.search.SearchModule$$Lambda/0x00007fcd28769040
12247:             1             16  org.opensearch.search.SearchModule$$Lambda/0x00007fcd28769258
12248:             1             16  org.opensearch.search.SearchModule$$Lambda/0x00007fcd28769808
12249:             1             16  org.opensearch.search.SearchModule$$Lambda/0x00007fcd28769a20
12250:             1             16  org.opensearch.search.SearchModule$$Lambda/0x00007fcd28769fc0
12251:             1             16  org.opensearch.search.SearchModule$$Lambda/0x00007fcd2876a1d8
12252:             1             16  org.opensearch.search.SearchModule$$Lambda/0x00007fcd2876adc8
12253:             1             16  org.opensearch.search.SearchModule$$Lambda/0x00007fcd2876afe0
12254:             1             16  org.opensearch.search.SearchModule$$Lambda/0x00007fcd2876b7d8
12255:             1             16  org.opensearch.search.SearchModule$$Lambda/0x00007fcd2876b9f0
12256:             1             16  org.opensearch.search.SearchModule$$Lambda/0x00007fcd2876f730
12257:             1             16  org.opensearch.search.SearchModule$$Lambda/0x00007fcd2876f948
12258:             1             16  org.opensearch.search.SearchModule$$Lambda/0x00007fcd287703b0
12259:             1             16  org.opensearch.search.SearchModule$$Lambda/0x00007fcd287705c8
12260:             1             16  org.opensearch.search.SearchModule$$Lambda/0x00007fcd28770b80
12261:             1             16  org.opensearch.search.SearchModule$$Lambda/0x00007fcd28770d98
12262:             1             16  org.opensearch.search.SearchModule$$Lambda/0x00007fcd287715f8
12263:             1             16  org.opensearch.search.SearchModule$$Lambda/0x00007fcd28771810
12264:             1             16  org.opensearch.search.SearchModule$$Lambda/0x00007fcd28771e70
12265:             1             16  org.opensearch.search.SearchModule$$Lambda/0x00007fcd28772088
12266:             1             16  org.opensearch.search.SearchModule$$Lambda/0x00007fcd28772750
12267:             1             16  org.opensearch.search.SearchModule$$Lambda/0x00007fcd28772968
12268:             1             16  org.opensearch.search.SearchModule$$Lambda/0x00007fcd28772fa0
12269:             1             16  org.opensearch.search.SearchModule$$Lambda/0x00007fcd287731b8
12270:             1             16  org.opensearch.search.SearchModule$$Lambda/0x00007fcd287737f0
12271:             1             16  org.opensearch.search.SearchModule$$Lambda/0x00007fcd28773a08
12272:             1             16  org.opensearch.search.SearchModule$$Lambda/0x00007fcd28773fb0
12273:             1             16  org.opensearch.search.SearchModule$$Lambda/0x00007fcd287741c8
12274:             1             16  org.opensearch.search.SearchModule$$Lambda/0x00007fcd287749d8
12275:             1             16  org.opensearch.search.SearchModule$$Lambda/0x00007fcd28774bf0
12276:             1             16  org.opensearch.search.SearchModule$$Lambda/0x00007fcd28775468
12277:             1             16  org.opensearch.search.SearchModule$$Lambda/0x00007fcd28775680
12278:             1             16  org.opensearch.search.SearchModule$$Lambda/0x00007fcd28776138
12279:             1             16  org.opensearch.search.SearchModule$$Lambda/0x00007fcd28776350
12280:             1             16  org.opensearch.search.SearchModule$$Lambda/0x00007fcd28776bb0
12281:             1             16  org.opensearch.search.SearchModule$$Lambda/0x00007fcd28776dc8
12282:             1             16  org.opensearch.search.SearchModule$$Lambda/0x00007fcd287773d0
12283:             1             16  org.opensearch.search.SearchModule$$Lambda/0x00007fcd287775e8
12284:             1             16  org.opensearch.search.SearchModule$$Lambda/0x00007fcd287784c0
12285:             1             16  org.opensearch.search.SearchModule$$Lambda/0x00007fcd287786d8
12286:             1             16  org.opensearch.search.SearchModule$$Lambda/0x00007fcd28778d00
12287:             1             16  org.opensearch.search.SearchModule$$Lambda/0x00007fcd28778f18
12288:             1             16  org.opensearch.search.SearchModule$$Lambda/0x00007fcd287794f8
12289:             1             16  org.opensearch.search.SearchModule$$Lambda/0x00007fcd28779710
12290:             1             16  org.opensearch.search.SearchModule$$Lambda/0x00007fcd28779d18
12291:             1             16  org.opensearch.search.SearchModule$$Lambda/0x00007fcd28779f30
12292:             1             16  org.opensearch.search.SearchModule$$Lambda/0x00007fcd2877acb8
12293:             1             16  org.opensearch.search.SearchModule$$Lambda/0x00007fcd2877aed0
12294:             1             16  org.opensearch.search.SearchModule$$Lambda/0x00007fcd2877b478
12295:             1             16  org.opensearch.search.SearchModule$$Lambda/0x00007fcd2877b690
12296:             1             16  org.opensearch.search.SearchModule$$Lambda/0x00007fcd2877c230
12297:             1             16  org.opensearch.search.SearchModule$$Lambda/0x00007fcd2877c448
12298:             1             16  org.opensearch.search.SearchModule$$Lambda/0x00007fcd2877d740
12299:             1             16  org.opensearch.search.SearchModule$$Lambda/0x00007fcd2877d958
12300:             1             16  org.opensearch.search.SearchModule$$Lambda/0x00007fcd2877e1a0
12301:             1             16  org.opensearch.search.SearchModule$$Lambda/0x00007fcd2877e3b8
12302:             1             16  org.opensearch.search.SearchModule$$Lambda/0x00007fcd2877eba0
12303:             1             16  org.opensearch.search.SearchModule$$Lambda/0x00007fcd2877edb8
12304:             1             16  org.opensearch.search.SearchModule$$Lambda/0x00007fcd2877f440
12305:             1             16  org.opensearch.search.SearchModule$$Lambda/0x00007fcd2877f658
12306:             1             16  org.opensearch.search.SearchModule$$Lambda/0x00007fcd28780000
12307:             1             16  org.opensearch.search.SearchModule$$Lambda/0x00007fcd28780218
12308:             1             16  org.opensearch.search.SearchModule$$Lambda/0x00007fcd28780a30
12309:             1             16  org.opensearch.search.SearchModule$$Lambda/0x00007fcd28780c48
12310:             1             16  org.opensearch.search.SearchModule$$Lambda/0x00007fcd28781278
12311:             1             16  org.opensearch.search.SearchModule$$Lambda/0x00007fcd28781490
12312:             1             16  org.opensearch.search.SearchModule$$Lambda/0x00007fcd28781a68
12313:             1             16  org.opensearch.search.SearchModule$$Lambda/0x00007fcd28781c80
12314:             1             16  org.opensearch.search.SearchModule$$Lambda/0x00007fcd28782228
12315:             1             16  org.opensearch.search.SearchModule$$Lambda/0x00007fcd28782440
12316:             1             16  org.opensearch.search.SearchModule$$Lambda/0x00007fcd287829e0
12317:             1             16  org.opensearch.search.SearchModule$$Lambda/0x00007fcd28782bf8
12318:             1             16  org.opensearch.search.SearchModule$$Lambda/0x00007fcd28783f90
12319:             1             16  org.opensearch.search.SearchModule$$Lambda/0x00007fcd287841a8
12320:             1             16  org.opensearch.search.SearchModule$$Lambda/0x00007fcd28784988
12321:             1             16  org.opensearch.search.SearchModule$$Lambda/0x00007fcd28784ba0
12322:             1             16  org.opensearch.search.SearchModule$$Lambda/0x00007fcd28785158
12323:             1             16  org.opensearch.search.SearchModule$$Lambda/0x00007fcd28785370
12324:             1             16  org.opensearch.search.SearchModule$$Lambda/0x00007fcd287859b0
12325:             1             16  org.opensearch.search.SearchModule$$Lambda/0x00007fcd28785bc8
12326:             1             16  org.opensearch.search.SearchModule$$Lambda/0x00007fcd2878a770
12327:             1             16  org.opensearch.search.SearchModule$$Lambda/0x00007fcd2878a988
12328:             1             16  org.opensearch.search.SearchModule$$Lambda/0x00007fcd2878aba0
12329:             1             16  org.opensearch.search.SearchModule$$Lambda/0x00007fcd287925d8
12330:             1             16  org.opensearch.search.SearchModule$$Lambda/0x00007fcd287927f0
12331:             1             16  org.opensearch.search.SearchModule$$Lambda/0x00007fcd287931f0
12332:             1             16  org.opensearch.search.SearchModule$$Lambda/0x00007fcd28793408
12333:             1             16  org.opensearch.search.SearchModule$$Lambda/0x00007fcd28793620
12334:             1             16  org.opensearch.search.SearchModule$$Lambda/0x00007fcd28793d80
12335:             1             16  org.opensearch.search.SearchModule$$Lambda/0x00007fcd28794888
12336:             1             16  org.opensearch.search.SearchModule$$Lambda/0x00007fcd28794aa0
12337:             1             16  org.opensearch.search.SearchModule$$Lambda/0x00007fcd28794cb8
12338:             1             16  org.opensearch.search.SearchModule$$Lambda/0x00007fcd28794ed8
12339:             1             16  org.opensearch.search.SearchModule$$Lambda/0x00007fcd287960b8
12340:             1             16  org.opensearch.search.SearchModule$$Lambda/0x00007fcd287964c8
12341:             1             16  org.opensearch.search.SearchModule$$Lambda/0x00007fcd28797a08
12342:             1             16  org.opensearch.search.SearchModule$$Lambda/0x00007fcd28797c20
12343:             1             16  org.opensearch.search.SearchModule$$Lambda/0x00007fcd28799728
12344:             1             16  org.opensearch.search.SearchModule$$Lambda/0x00007fcd28799bf0
12345:             1             16  org.opensearch.search.SearchModule$$Lambda/0x00007fcd28799e08
12346:             1             16  org.opensearch.search.SearchModule$$Lambda/0x00007fcd2879a020
12347:             1             16  org.opensearch.search.SearchModule$$Lambda/0x00007fcd2879a238
12348:             1             16  org.opensearch.search.SearchModule$$Lambda/0x00007fcd2879a450
12349:             1             16  org.opensearch.search.SearchModule$$Lambda/0x00007fcd2879a668
12350:             1             16  org.opensearch.search.SearchModule$$Lambda/0x00007fcd2879a880
12351:             1             16  org.opensearch.search.SearchModule$$Lambda/0x00007fcd2879aa98
12352:             1             16  org.opensearch.search.SearchModule$$Lambda/0x00007fcd2879b710
12353:             1             16  org.opensearch.search.SearchModule$$Lambda/0x00007fcd2879c278
12354:             1             16  org.opensearch.search.SearchModule$$Lambda/0x00007fcd2879c978
12355:             1             16  org.opensearch.search.SearchModule$$Lambda/0x00007fcd2879d078
12356:             1             16  org.opensearch.search.SearchModule$$Lambda/0x00007fcd2879d768
12357:             1             16  org.opensearch.search.SearchModule$$Lambda/0x00007fcd2879e108
12358:             1             16  org.opensearch.search.SearchModule$$Lambda/0x00007fcd287a0218
12359:             1             16  org.opensearch.search.SearchModule$$Lambda/0x00007fcd287a2788
12360:             1             16  org.opensearch.search.SearchModule$$Lambda/0x00007fcd287a6198
12361:             1             16  org.opensearch.search.SearchModule$$Lambda/0x00007fcd287a63b0
12362:             1             16  org.opensearch.search.SearchModule$$Lambda/0x00007fcd287aa528
12363:             1             16  org.opensearch.search.SearchModule$$Lambda/0x00007fcd287acc30
12364:             1             16  org.opensearch.search.SearchModule$$Lambda/0x00007fcd287adbf8
12365:             1             16  org.opensearch.search.SearchModule$$Lambda/0x00007fcd287ae428
12366:             1             16  org.opensearch.search.SearchModule$$Lambda/0x00007fcd287ae640
12367:             1             16  org.opensearch.search.SearchModule$$Lambda/0x00007fcd287aeef0
12368:             1             16  org.opensearch.search.SearchModule$$Lambda/0x00007fcd287af948
12369:             1             16  org.opensearch.search.SearchModule$$Lambda/0x00007fcd287afb60
12370:             1             16  org.opensearch.search.SearchModule$$Lambda/0x00007fcd287b0410
12371:             1             16  org.opensearch.search.SearchModule$$Lambda/0x00007fcd287b1690
12372:             1             16  org.opensearch.search.SearchModule$$Lambda/0x00007fcd287b20e8
12373:             1             16  org.opensearch.search.SearchModule$$Lambda/0x00007fcd287b2300
12374:             1             16  org.opensearch.search.SearchModule$$Lambda/0x00007fcd287b3388
12375:             1             16  org.opensearch.search.SearchModule$$Lambda/0x00007fcd287b43f0
12376:             1             16  org.opensearch.search.SearchModule$$Lambda/0x00007fcd287b4608
12377:             1             16  org.opensearch.search.SearchModule$$Lambda/0x00007fcd287b5a08
12378:             1             16  org.opensearch.search.SearchModule$$Lambda/0x00007fcd287b7260
12379:             1             16  org.opensearch.search.SearchModule$$Lambda/0x00007fcd287b7478
12380:             1             16  org.opensearch.search.SearchModule$$Lambda/0x00007fcd287baae8
12381:             1             16  org.opensearch.search.SearchModule$$Lambda/0x00007fcd287bb578
12382:             1             16  org.opensearch.search.SearchModule$$Lambda/0x00007fcd287bb790
12383:             1             16  org.opensearch.search.SearchModule$$Lambda/0x00007fcd287bc000
12384:             1             16  org.opensearch.search.SearchModule$$Lambda/0x00007fcd287bca50
12385:             1             16  org.opensearch.search.SearchModule$$Lambda/0x00007fcd287bcc68
12386:             1             16  org.opensearch.search.SearchModule$$Lambda/0x00007fcd287bee40
12387:             1             16  org.opensearch.search.SearchModule$$Lambda/0x00007fcd287bf058
12388:             1             16  org.opensearch.search.SearchModule$$Lambda/0x00007fcd287c20b8
12389:             1             16  org.opensearch.search.SearchModule$$Lambda/0x00007fcd287c22d0
12390:             1             16  org.opensearch.search.SearchModule$$Lambda/0x00007fcd287c2b68
12391:             1             16  org.opensearch.search.SearchModule$$Lambda/0x00007fcd287c3208
12392:             1             16  org.opensearch.search.SearchModule$$Lambda/0x00007fcd287c3420
12393:             1             16  org.opensearch.search.SearchModule$$Lambda/0x00007fcd287c5680
12394:             1             16  org.opensearch.search.SearchModule$$Lambda/0x00007fcd287c6440
12395:             1             16  org.opensearch.search.SearchModule$$Lambda/0x00007fcd287c72b8
12396:             1             16  org.opensearch.search.SearchModule$$Lambda/0x00007fcd287c74d0
12397:             1             16  org.opensearch.search.SearchModule$$Lambda/0x00007fcd287c8958
12398:             1             16  org.opensearch.search.SearchModule$$Lambda/0x00007fcd287c8b70
12399:             1             16  org.opensearch.search.SearchModule$$Lambda/0x00007fcd287ca958
12400:             1             16  org.opensearch.search.SearchModule$$Lambda/0x00007fcd287cab70
12401:             1             16  org.opensearch.search.SearchModule$$Lambda/0x00007fcd287cbdc8
12402:             1             16  org.opensearch.search.SearchModule$$Lambda/0x00007fcd287ce940
12403:             1             16  org.opensearch.search.SearchModule$$Lambda/0x00007fcd287cf580
12404:             1             16  org.opensearch.search.SearchModule$$Lambda/0x00007fcd287cf798
12405:             1             16  org.opensearch.search.SearchModule$$Lambda/0x00007fcd287d0000
12406:             1             16  org.opensearch.search.SearchModule$$Lambda/0x00007fcd287d0218
12407:             1             16  org.opensearch.search.SearchModule$$Lambda/0x00007fcd287d0a28
12408:             1             16  org.opensearch.search.SearchModule$$Lambda/0x00007fcd287d1260
12409:             1             16  org.opensearch.search.SearchModule$$Lambda/0x00007fcd287d1478
12410:             1             16  org.opensearch.search.SearchModule$$Lambda/0x00007fcd287d2f68
12411:             1             16  org.opensearch.search.SearchModule$$Lambda/0x00007fcd287d3778
12412:             1             16  org.opensearch.search.SearchModule$$Lambda/0x00007fcd287d3990
12413:             1             16  org.opensearch.search.SearchModule$$Lambda/0x00007fcd287d46b0
12414:             1             16  org.opensearch.search.SearchModule$$Lambda/0x00007fcd287d4eb8
12415:             1             16  org.opensearch.search.SearchModule$$Lambda/0x00007fcd287d50d0
12416:             1             16  org.opensearch.search.SearchModule$$Lambda/0x00007fcd287d58e0
12417:             1             16  org.opensearch.search.SearchModule$$Lambda/0x00007fcd287d5ef8
12418:             1             16  org.opensearch.search.SearchModule$$Lambda/0x00007fcd287d67d0
12419:             1             16  org.opensearch.search.SearchModule$$Lambda/0x00007fcd287d8660
12420:             1             16  org.opensearch.search.SearchModule$$Lambda/0x00007fcd287d9de8
12421:             1             16  org.opensearch.search.SearchModule$$Lambda/0x00007fcd287e14f8
12422:             1             16  org.opensearch.search.SearchModule$$Lambda/0x00007fcd287e1ef8
12423:             1             16  org.opensearch.search.SearchModule$$Lambda/0x00007fcd287e2908
12424:             1             16  org.opensearch.search.SearchModule$$Lambda/0x00007fcd287e3318
12425:             1             16  org.opensearch.search.SearchModule$$Lambda/0x00007fcd287e3d28
12426:             1             16  org.opensearch.search.SearchModule$$Lambda/0x00007fcd287e3f40
12427:             1             16  org.opensearch.search.SearchModule$$Lambda/0x00007fcd287e65e0
12428:             1             16  org.opensearch.search.SearchModule$$Lambda/0x00007fcd287e9140
12429:             1             16  org.opensearch.search.SearchModule$$Lambda/0x00007fcd287e9af0
12430:             1             16  org.opensearch.search.SearchModule$$Lambda/0x00007fcd287ea4d0
12431:             1             16  org.opensearch.search.SearchModule$$Lambda/0x00007fcd287ea6e8
12432:             1             16  org.opensearch.search.SearchModule$$Lambda/0x00007fcd287ebe90
12433:             1             16  org.opensearch.search.SearchModule$$Lambda/0x00007fcd287ec0a8
12434:             1             16  org.opensearch.search.SearchModule$$Lambda/0x00007fcd287edb40
12435:             1             16  org.opensearch.search.SearchModule$$Lambda/0x00007fcd287ee580
12436:             1             16  org.opensearch.search.SearchModule$$Lambda/0x00007fcd287eefb0
12437:             1             16  org.opensearch.search.SearchModule$$Lambda/0x00007fcd287ef1c8
12438:             1             16  org.opensearch.search.SearchModule$$Lambda/0x00007fcd287f26b0
12439:             1             16  org.opensearch.search.SearchModule$$Lambda/0x00007fcd287f28c8
12440:             1             16  org.opensearch.search.SearchModule$$Lambda/0x00007fcd287f3888
12441:             1             16  org.opensearch.search.SearchModule$$Lambda/0x00007fcd287f58f8
12442:             1             16  org.opensearch.search.SearchModule$$Lambda/0x00007fcd287f5b10
12443:             1             16  org.opensearch.search.SearchModule$$Lambda/0x00007fcd287f7060
12444:             1             16  org.opensearch.search.SearchModule$$Lambda/0x00007fcd287fa000
12445:             1             16  org.opensearch.search.SearchModule$$Lambda/0x00007fcd287fc3f0
12446:             1             16  org.opensearch.search.SearchModule$$Lambda/0x00007fcd287fc608
12447:             1             16  org.opensearch.search.SearchModule$$Lambda/0x00007fcd287fcec0
12448:             1             16  org.opensearch.search.SearchModule$$Lambda/0x00007fcd287fe500
12449:             1             16  org.opensearch.search.SearchModule$$Lambda/0x00007fcd287fe718
12450:             1             16  org.opensearch.search.SearchModule$$Lambda/0x00007fcd28800000
12451:             1             16  org.opensearch.search.SearchModule$$Lambda/0x00007fcd28800218
12452:             1             16  org.opensearch.search.SearchModule$$Lambda/0x00007fcd288020f8
12453:             1             16  org.opensearch.search.SearchModule$$Lambda/0x00007fcd28804400
12454:             1             16  org.opensearch.search.SearchModule$$Lambda/0x00007fcd28808000
12455:             1             16  org.opensearch.search.SearchModule$$Lambda/0x00007fcd28809ea0
12456:             1             16  org.opensearch.search.SearchModule$$Lambda/0x00007fcd2880b4f8
12457:             1             16  org.opensearch.search.SearchModule$$Lambda/0x00007fcd2880b710
12458:             1             16  org.opensearch.search.SearchModule$$Lambda/0x00007fcd2880cc00
12459:             1             16  org.opensearch.search.SearchModule$$Lambda/0x00007fcd2880f6b0
12460:             1             16  org.opensearch.search.SearchModule$$Lambda/0x00007fcd28810000
12461:             1             16  org.opensearch.search.SearchModule$$Lambda/0x00007fcd28811878
12462:             1             16  org.opensearch.search.SearchModule$$Lambda/0x00007fcd28811a90
12463:             1             16  org.opensearch.search.SearchModule$$Lambda/0x00007fcd28812098
12464:             1             16  org.opensearch.search.SearchModule$$Lambda/0x00007fcd288122b0
12465:             1             16  org.opensearch.search.SearchModule$$Lambda/0x00007fcd28814cd8
12466:             1             16  org.opensearch.search.SearchModule$$Lambda/0x00007fcd28815000
12467:             1             16  org.opensearch.search.SearchModule$$Lambda/0x00007fcd28815218
12468:             1             16  org.opensearch.search.SearchModule$$Lambda/0x00007fcd28815a28
12469:             1             16  org.opensearch.search.SearchModule$$Lambda/0x00007fcd28816c60
12470:             1             16  org.opensearch.search.SearchModule$$Lambda/0x00007fcd28816e78
12471:             1             16  org.opensearch.search.SearchModule$$Lambda/0x00007fcd28817688
12472:             1             16  org.opensearch.search.SearchModule$$Lambda/0x00007fcd28818000
12473:             1             16  org.opensearch.search.SearchModule$$Lambda/0x00007fcd288187a8
12474:             1             16  org.opensearch.search.SearchModule$$Lambda/0x00007fcd28819048
12475:             1             16  org.opensearch.search.SearchModule$$Lambda/0x00007fcd28819a28
12476:             1             16  org.opensearch.search.SearchModule$$Lambda/0x00007fcd28819c40
12477:             1             16  org.opensearch.search.SearchModule$$Lambda/0x00007fcd2881ac68
12478:             1             16  org.opensearch.search.SearchModule$$Lambda/0x00007fcd2881c0d8
12479:             1             16  org.opensearch.search.SearchModule$$Lambda/0x00007fcd2881c8f8
12480:             1             16  org.opensearch.search.SearchModule$$Lambda/0x00007fcd2881e440
12481:             1             16  org.opensearch.search.SearchModule$$Lambda/0x00007fcd2881e658
12482:             1             16  org.opensearch.search.SearchModule$$Lambda/0x00007fcd28829ca0
12483:             1             16  org.opensearch.search.SearchModule$$Lambda/0x00007fcd2882c000
12484:             1             16  org.opensearch.search.SearchModule$$Lambda/0x00007fcd28830000
12485:             1             16  org.opensearch.search.SearchModule$$Lambda/0x00007fcd28830850
12486:             1             16  org.opensearch.search.SearchModule$$Lambda/0x00007fcd28831b20
12487:             1             16  org.opensearch.search.SearchModule$$Lambda/0x00007fcd28833708
12488:             1             16  org.opensearch.search.SearchModule$$Lambda/0x00007fcd28844000
12489:             1             16  org.opensearch.search.SearchModule$$Lambda/0x00007fcd28844720
12490:             1             16  org.opensearch.search.SearchModule$$Lambda/0x00007fcd28844e48
12491:             1             16  org.opensearch.search.SearchModule$$Lambda/0x00007fcd28845578
12492:             1             16  org.opensearch.search.SearchModule$$Lambda/0x00007fcd28845bc8
12493:             1             16  org.opensearch.search.SearchModule$$Lambda/0x00007fcd28846ad0
12494:             1             16  org.opensearch.search.SearchModule$$Lambda/0x00007fcd28846ce8
12495:             1             16  org.opensearch.search.SearchModule$$Lambda/0x00007fcd28846f00
12496:             1             16  org.opensearch.search.SearchModule$$Lambda/0x00007fcd28848000
12497:             1             16  org.opensearch.search.SearchModule$$Lambda/0x00007fcd288492f0
12498:             1             16  org.opensearch.search.SearchModule$$Lambda/0x00007fcd28849b10
12499:             1             16  org.opensearch.search.SearchModule$$Lambda/0x00007fcd2884a190
12500:             1             16  org.opensearch.search.SearchModule$$Lambda/0x00007fcd2884a9d0
12501:             1             16  org.opensearch.search.SearchModule$$Lambda/0x00007fcd2884abe8
12502:             1             16  org.opensearch.search.SearchModule$$Lambda/0x00007fcd2884b658
12503:             1             16  org.opensearch.search.SearchModule$$Lambda/0x00007fcd2884b870
12504:             1             16  org.opensearch.search.SearchModule$$Lambda/0x00007fcd2884bcc0
12505:             1             16  org.opensearch.search.SearchModule$$Lambda/0x00007fcd2884c4f8
12506:             1             16  org.opensearch.search.SearchModule$$Lambda/0x00007fcd2884c710
12507:             1             16  org.opensearch.search.SearchModule$$Lambda/0x00007fcd2884d180
12508:             1             16  org.opensearch.search.SearchModule$$Lambda/0x00007fcd2884da88
12509:             1             16  org.opensearch.search.SearchModule$$Lambda/0x00007fcd2884ded8
12510:             1             16  org.opensearch.search.SearchModule$$Lambda/0x00007fcd2884e720
12511:             1             16  org.opensearch.search.SearchModule$$Lambda/0x00007fcd2884f230
12512:             1             16  org.opensearch.search.SearchModule$$Lambda/0x00007fcd2884f680
12513:             1             16  org.opensearch.search.SearchModule$$Lambda/0x00007fcd28850000
12514:             1             16  org.opensearch.search.SearchModule$$Lambda/0x00007fcd288508b0
12515:             1             16  org.opensearch.search.SearchModule$$Lambda/0x00007fcd28850d00
12516:             1             16  org.opensearch.search.SearchModule$$Lambda/0x00007fcd28851188
12517:             1             16  org.opensearch.search.SearchModule$$Lambda/0x00007fcd288513a0
12518:             1             16  org.opensearch.search.SearchModule$$Lambda/0x00007fcd288515b8
12519:             1             16  org.opensearch.search.SearchModule$$Lambda/0x00007fcd28851db0
12520:             1             16  org.opensearch.search.SearchModule$$Lambda/0x00007fcd28851fc8
12521:             1             16  org.opensearch.search.SearchModule$$Lambda/0x00007fcd28852c18
12522:             1             16  org.opensearch.search.SearchModule$$Lambda/0x00007fcd28852e30
12523:             1             16  org.opensearch.search.SearchModule$$Lambda/0x00007fcd28854320
12524:             1             16  org.opensearch.search.SearchModule$$Lambda/0x00007fcd28854538
12525:             1             16  org.opensearch.search.SearchModule$$Lambda/0x00007fcd28854750
12526:             1             16  org.opensearch.search.SearchModule$$Lambda/0x00007fcd28854f50
12527:             1             16  org.opensearch.search.SearchModule$$Lambda/0x00007fcd28855168
12528:             1             16  org.opensearch.search.SearchModule$$Lambda/0x00007fcd28855380
12529:             1             16  org.opensearch.search.SearchModule$$Lambda/0x00007fcd28855ba0
12530:             1             16  org.opensearch.search.SearchModule$$Lambda/0x00007fcd28855db8
12531:             1             16  org.opensearch.search.SearchModule$$Lambda/0x00007fcd28855fd0
12532:             1             16  org.opensearch.search.SearchModule$$Lambda/0x00007fcd288567f8
12533:             1             16  org.opensearch.search.SearchModule$$Lambda/0x00007fcd28856a10
12534:             1             16  org.opensearch.search.SearchModule$$Lambda/0x00007fcd288578f8
12535:             1             16  org.opensearch.search.SearchModule$$Lambda/0x00007fcd2885a1a8
12536:             1             16  org.opensearch.search.SearchModule$$Lambda/0x00007fcd2886c018
12537:             1             16  org.opensearch.search.SearchModule$$Lambda/0x00007fcd2886c230
12538:             1             16  org.opensearch.search.SearchModule$$Lambda/0x00007fcd2886c448
12539:             1             16  org.opensearch.search.SearchModule$$Lambda/0x00007fcd2886c660
12540:             1             16  org.opensearch.search.SearchModule$$Lambda/0x00007fcd2886c878
12541:             1             16  org.opensearch.search.SearchModule$$Lambda/0x00007fcd2886ca90
12542:             1             16  org.opensearch.search.SearchModule$$Lambda/0x00007fcd2886cca8
12543:             1             16  org.opensearch.search.SearchModule$$Lambda/0x00007fcd2886ec20
12544:             1             16  org.opensearch.search.SearchService$$Lambda/0x00007fcd28d094e0
12545:             1             16  org.opensearch.search.SearchService$$Lambda/0x00007fcd28d09710
12546:             1             16  org.opensearch.search.SearchService$$Lambda/0x00007fcd28d09940
12547:             1             16  org.opensearch.search.SearchService$$Lambda/0x00007fcd28d09b70
12548:             1             16  org.opensearch.search.SearchService$$Lambda/0x00007fcd28d09fc8
12549:             1             16  org.opensearch.search.SearchService$$Lambda/0x00007fcd28d0a1f8
12550:             1             16  org.opensearch.search.SearchService$$Lambda/0x00007fcd28d0a428
12551:             1             16  org.opensearch.search.SearchService$$Lambda/0x00007fcd28d0a658
12552:             1             16  org.opensearch.search.SearchService$$Lambda/0x00007fcd28d0a888
12553:             1             16  org.opensearch.search.SearchService$$Lambda/0x00007fcd28d0aab8
12554:             1             16  org.opensearch.search.SearchService$$Lambda/0x00007fcd29205120
12555:             1             16  org.opensearch.search.SearchService$$Lambda/0x00007fcd292f1238
12556:             1             16  org.opensearch.search.SearchService$$Lambda/0x00007fcd292f4660
12557:             1             16  org.opensearch.search.SearchService$$Lambda/0x00007fcd2933b8a0
12558:             1             16  org.opensearch.search.SearchService$$Lambda/0x00007fcd2933ed78
12559:             1             16  org.opensearch.search.SearchService$Reaper
12560:             1             16  org.opensearch.search.SearchSortValues$$Lambda/0x00007fcd29220d48
12561:             1             16  org.opensearch.search.SearchSortValues$$Lambda/0x00007fcd29220f60
12562:             1             16  org.opensearch.search.SearchSortValues$$Lambda/0x00007fcd29221178
12563:             1             16  org.opensearch.search.SearchSortValues$$Lambda/0x00007fcd29221390
12564:             1             16  org.opensearch.search.aggregations.AggregatorFactories$1
12565:             1             16  org.opensearch.search.aggregations.BucketCollector$1
12566:             1             16  org.opensearch.search.aggregations.CardinalityUpperBound$1
12567:             1             16  org.opensearch.search.aggregations.CardinalityUpperBound$2
12568:             1             16  org.opensearch.search.aggregations.CardinalityUpperBound$KnownCardinalityUpperBound
12569:             1             16  org.opensearch.search.aggregations.InternalAggregations$$Lambda/0x00007fcd293d6cc8
12570:             1             16  org.opensearch.search.aggregations.InternalOrder$$Lambda/0x00007fcd29300000
12571:             1             16  org.opensearch.search.aggregations.InternalOrder$$Lambda/0x00007fcd29300218
12572:             1             16  org.opensearch.search.aggregations.LeafBucketCollector$1
12573:             1             16  org.opensearch.search.aggregations.MultiBucketConsumerService$$Lambda/0x00007fcd28d05d58
12574:             1             16  org.opensearch.search.aggregations.NonGlobalAggCollectorManagerWithSingleCollector$$Lambda/0x00007fcd292de9f8
12575:             1             16  org.opensearch.search.aggregations.bucket.FastFilterRewriteHelper$$Lambda/0x00007fcd292cd800
12576:             1             16  org.opensearch.search.aggregations.bucket.FastFilterRewriteHelper$$Lambda/0x00007fcd292d0000
12577:             1             16  org.opensearch.search.aggregations.bucket.FastFilterRewriteHelper$$Lambda/0x00007fcd292d0c00
12578:             1             16  org.opensearch.search.aggregations.bucket.FastFilterRewriteHelper$$Lambda/0x00007fcd292d2400
12579:             1             16  org.opensearch.search.aggregations.bucket.composite.CompositeAggregationBuilder$$Lambda/0x00007fcd2881cb10
12580:             1             16  org.opensearch.search.aggregations.bucket.composite.CompositeAggregationBuilder$$Lambda/0x00007fcd2881d058
12581:             1             16  org.opensearch.search.aggregations.bucket.composite.CompositeAggregationBuilder$$Lambda/0x00007fcd2881d270
12582:             1             16  org.opensearch.search.aggregations.bucket.composite.CompositeAggregationBuilder$$Lambda/0x00007fcd2881d498
12583:             1             16  org.opensearch.search.aggregations.bucket.composite.CompositeAggregationBuilder$$Lambda/0x00007fcd2881d6c0
12584:             1             16  org.opensearch.search.aggregations.bucket.composite.CompositeAggregationBuilder$$Lambda/0x00007fcd28826430
12585:             1             16  org.opensearch.search.aggregations.bucket.composite.CompositeValuesSourceParserHelper$$Lambda/0x00007fcd28820c90
12586:             1             16  org.opensearch.search.aggregations.bucket.composite.CompositeValuesSourceParserHelper$$Lambda/0x00007fcd28820eb8
12587:             1             16  org.opensearch.search.aggregations.bucket.composite.CompositeValuesSourceParserHelper$$Lambda/0x00007fcd288210d0
12588:             1             16  org.opensearch.search.aggregations.bucket.composite.CompositeValuesSourceParserHelper$$Lambda/0x00007fcd288212f8
12589:             1             16  org.opensearch.search.aggregations.bucket.composite.CompositeValuesSourceParserHelper$$Lambda/0x00007fcd28821520
12590:             1             16  org.opensearch.search.aggregations.bucket.composite.CompositeValuesSourceParserHelper$$Lambda/0x00007fcd28821748
12591:             1             16  org.opensearch.search.aggregations.bucket.composite.CompositeValuesSourceParserHelper$$Lambda/0x00007fcd28821960
12592:             1             16  org.opensearch.search.aggregations.bucket.composite.CompositeValuesSourceParserHelper$$Lambda/0x00007fcd28821b88
12593:             1             16  org.opensearch.search.aggregations.bucket.composite.CompositeValuesSourceParserHelper$$Lambda/0x00007fcd28821da0
12594:             1             16  org.opensearch.search.aggregations.bucket.composite.CompositeValuesSourceParserHelper$$Lambda/0x00007fcd28821fc8
12595:             1             16  org.opensearch.search.aggregations.bucket.composite.DateHistogramValuesSourceBuilder$$Lambda/0x00007fcd2881f6a8
12596:             1             16  org.opensearch.search.aggregations.bucket.composite.DateHistogramValuesSourceBuilder$$Lambda/0x00007fcd2881f8e0
12597:             1             16  org.opensearch.search.aggregations.bucket.composite.DateHistogramValuesSourceBuilder$$Lambda/0x00007fcd2881fb08
12598:             1             16  org.opensearch.search.aggregations.bucket.composite.DateHistogramValuesSourceBuilder$$Lambda/0x00007fcd2881fd30
12599:             1             16  org.opensearch.search.aggregations.bucket.composite.DateHistogramValuesSourceBuilder$$Lambda/0x00007fcd28820000
12600:             1             16  org.opensearch.search.aggregations.bucket.composite.DateHistogramValuesSourceBuilder$$Lambda/0x00007fcd28820228
12601:             1             16  org.opensearch.search.aggregations.bucket.composite.DateHistogramValuesSourceBuilder$$Lambda/0x00007fcd28822698
12602:             1             16  org.opensearch.search.aggregations.bucket.composite.HistogramValuesSourceBuilder$$Lambda/0x00007fcd28823020
12603:             1             16  org.opensearch.search.aggregations.bucket.composite.HistogramValuesSourceBuilder$$Lambda/0x00007fcd28823248
12604:             1             16  org.opensearch.search.aggregations.bucket.composite.TermsValuesSourceBuilder$$Lambda/0x00007fcd28826000
12605:             1             16  org.opensearch.search.aggregations.bucket.composite.TermsValuesSourceBuilder$$Lambda/0x00007fcd28826218
12606:             1             16  org.opensearch.search.aggregations.bucket.histogram.AutoDateHistogramAggregationBuilder$$Lambda/0x00007fcd2880a2b0
12607:             1             16  org.opensearch.search.aggregations.bucket.histogram.AutoDateHistogramAggregationBuilder$$Lambda/0x00007fcd2880a4e8
12608:             1             16  org.opensearch.search.aggregations.bucket.histogram.AutoDateHistogramAggregationBuilder$$Lambda/0x00007fcd2880a710
12609:             1             16  org.opensearch.search.aggregations.bucket.histogram.AutoDateHistogramAggregatorFactory$$Lambda/0x00007fcd2880ede8
12610:             1             16  org.opensearch.search.aggregations.bucket.histogram.DateHistogramAggregationBuilder$$Lambda/0x00007fcd28805000
12611:             1             16  org.opensearch.search.aggregations.bucket.histogram.DateHistogramAggregationBuilder$$Lambda/0x00007fcd28805228
12612:             1             16  org.opensearch.search.aggregations.bucket.histogram.DateHistogramAggregationBuilder$$Lambda/0x00007fcd28805440
12613:             1             16  org.opensearch.search.aggregations.bucket.histogram.DateHistogramAggregationBuilder$$Lambda/0x00007fcd28805668
12614:             1             16  org.opensearch.search.aggregations.bucket.histogram.DateHistogramAggregationBuilder$$Lambda/0x00007fcd28805880
12615:             1             16  org.opensearch.search.aggregations.bucket.histogram.DateHistogramAggregationBuilder$$Lambda/0x00007fcd28805aa8
12616:             1             16  org.opensearch.search.aggregations.bucket.histogram.DateHistogramAggregationBuilder$$Lambda/0x00007fcd28806000
12617:             1             16  org.opensearch.search.aggregations.bucket.histogram.DateHistogramAggregationBuilder$$Lambda/0x00007fcd28807458
12618:             1             16  org.opensearch.search.aggregations.bucket.histogram.DateHistogramAggregationBuilder$$Lambda/0x00007fcd28807680
12619:             1             16  org.opensearch.search.aggregations.bucket.histogram.DateHistogramAggregationBuilder$$Lambda/0x00007fcd28807898
12620:             1             16  org.opensearch.search.aggregations.bucket.histogram.DateHistogramAggregationBuilder$$Lambda/0x00007fcd28807ac0
12621:             1             16  org.opensearch.search.aggregations.bucket.histogram.DateHistogramAggregationBuilder$$Lambda/0x00007fcd292fa000
12622:             1             16  org.opensearch.search.aggregations.bucket.histogram.DateHistogramAggregationBuilder$$Lambda/0x00007fcd29301338
12623:             1             16  org.opensearch.search.aggregations.bucket.histogram.DateHistogramAggregator$$Lambda/0x00007fcd293d3d38
12624:             1             16  org.opensearch.search.aggregations.bucket.histogram.DateHistogramAggregator$$Lambda/0x00007fcd293d61f8
12625:             1             16  org.opensearch.search.aggregations.bucket.histogram.DateHistogramAggregatorFactory$$Lambda/0x00007fcd28808df8
12626:             1             16  org.opensearch.search.aggregations.bucket.histogram.DateHistogramAggregatorFactory$$Lambda/0x00007fcd288095d8
12627:             1             16  org.opensearch.search.aggregations.bucket.histogram.DateIntervalWrapper$$Lambda/0x00007fcd28806518
12628:             1             16  org.opensearch.search.aggregations.bucket.histogram.DateIntervalWrapper$$Lambda/0x00007fcd28806740
12629:             1             16  org.opensearch.search.aggregations.bucket.histogram.DateIntervalWrapper$$Lambda/0x00007fcd28806bd8
12630:             1             16  org.opensearch.search.aggregations.bucket.histogram.DateIntervalWrapper$$Lambda/0x00007fcd28806e00
12631:             1             16  org.opensearch.search.aggregations.bucket.histogram.DateIntervalWrapper$$Lambda/0x00007fcd28807018
12632:             1             16  org.opensearch.search.aggregations.bucket.histogram.DateIntervalWrapper$$Lambda/0x00007fcd28807240
12633:             1             16  org.opensearch.search.aggregations.bucket.histogram.DateIntervalWrapper$$Lambda/0x00007fcd293006a8
12634:             1             16  org.opensearch.search.aggregations.bucket.histogram.HistogramAggregationBuilder$$Lambda/0x00007fcd287f9000
12635:             1             16  org.opensearch.search.aggregations.bucket.histogram.HistogramAggregationBuilder$$Lambda/0x00007fcd287f9228
12636:             1             16  org.opensearch.search.aggregations.bucket.histogram.HistogramAggregationBuilder$$Lambda/0x00007fcd287f9440
12637:             1             16  org.opensearch.search.aggregations.bucket.histogram.HistogramAggregationBuilder$$Lambda/0x00007fcd287f9668
12638:             1             16  org.opensearch.search.aggregations.bucket.histogram.HistogramAggregationBuilder$$Lambda/0x00007fcd287fa608
12639:             1             16  org.opensearch.search.aggregations.bucket.histogram.HistogramAggregationBuilder$$Lambda/0x00007fcd287fa820
12640:             1             16  org.opensearch.search.aggregations.bucket.histogram.HistogramAggregationBuilder$$Lambda/0x00007fcd287faa48
12641:             1             16  org.opensearch.search.aggregations.bucket.histogram.HistogramAggregationBuilder$$Lambda/0x00007fcd287fac70
12642:             1             16  org.opensearch.search.aggregations.bucket.histogram.HistogramAggregationBuilder$$Lambda/0x00007fcd287faea8
12643:             1             16  org.opensearch.search.aggregations.bucket.histogram.HistogramAggregationBuilder$$Lambda/0x00007fcd287fb0d0
12644:             1             16  org.opensearch.search.aggregations.bucket.histogram.HistogramAggregationBuilder$$Lambda/0x00007fcd287fb2f8
12645:             1             16  org.opensearch.search.aggregations.bucket.histogram.HistogramAggregationBuilder$$Lambda/0x00007fcd287fb520
12646:             1             16  org.opensearch.search.aggregations.bucket.histogram.HistogramAggregationBuilder$$Lambda/0x00007fcd287fb9d8
12647:             1             16  org.opensearch.search.aggregations.bucket.histogram.HistogramAggregationBuilder$$Lambda/0x00007fcd287fbc00
12648:             1             16  org.opensearch.search.aggregations.bucket.histogram.HistogramAggregatorFactory$$Lambda/0x00007fcd288010c8
12649:             1             16  org.opensearch.search.aggregations.bucket.histogram.HistogramAggregatorFactory$$Lambda/0x00007fcd28801548
12650:             1             16  org.opensearch.search.aggregations.bucket.histogram.LongBounds$$Lambda/0x00007fcd29301b98
12651:             1             16  org.opensearch.search.aggregations.bucket.histogram.LongBounds$$Lambda/0x00007fcd29301dd0
12652:             1             16  org.opensearch.search.aggregations.bucket.histogram.VariableWidthHistogramAggregationBuilder$$Lambda/0x00007fcd2880d000
12653:             1             16  org.opensearch.search.aggregations.bucket.histogram.VariableWidthHistogramAggregationBuilder$$Lambda/0x00007fcd2880d228
12654:             1             16  org.opensearch.search.aggregations.bucket.histogram.VariableWidthHistogramAggregationBuilder$$Lambda/0x00007fcd2880fac0
12655:             1             16  org.opensearch.search.aggregations.bucket.histogram.VariableWidthHistogramAggregationBuilder$$Lambda/0x00007fcd2880fcf8
12656:             1             16  org.opensearch.search.aggregations.bucket.histogram.VariableWidthHistogramAggregatorFactory$$Lambda/0x00007fcd28810d00
12657:             1             16  org.opensearch.search.aggregations.bucket.missing.MissingAggregationBuilder$$Lambda/0x00007fcd287ced50
12658:             1             16  org.opensearch.search.aggregations.bucket.missing.MissingAggregatorFactory$$Lambda/0x00007fcd287cc800
12659:             1             16  org.opensearch.search.aggregations.bucket.range.AbstractRangeAggregatorFactory$$Lambda/0x00007fcd287f64a8
12660:             1             16  org.opensearch.search.aggregations.bucket.range.BinaryRangeAggregatorFactory$$Lambda/0x00007fcd287ff660
12661:             1             16  org.opensearch.search.aggregations.bucket.range.DateRangeAggregationBuilder$$Lambda/0x00007fcd287f7278
12662:             1             16  org.opensearch.search.aggregations.bucket.range.DateRangeAggregationBuilder$$Lambda/0x00007fcd287f78f0
12663:             1             16  org.opensearch.search.aggregations.bucket.range.DateRangeAggregationBuilder$$Lambda/0x00007fcd287f7b18
12664:             1             16  org.opensearch.search.aggregations.bucket.range.DateRangeAggregationBuilder$$Lambda/0x00007fcd287f7d40
12665:             1             16  org.opensearch.search.aggregations.bucket.range.GeoDistanceAggregationBuilder$$Lambda/0x00007fcd288126d0
12666:             1             16  org.opensearch.search.aggregations.bucket.range.GeoDistanceAggregationBuilder$$Lambda/0x00007fcd288128f8
12667:             1             16  org.opensearch.search.aggregations.bucket.range.GeoDistanceAggregationBuilder$$Lambda/0x00007fcd28812dd0
12668:             1             16  org.opensearch.search.aggregations.bucket.range.GeoDistanceAggregationBuilder$$Lambda/0x00007fcd28813248
12669:             1             16  org.opensearch.search.aggregations.bucket.range.GeoDistanceAggregationBuilder$$Lambda/0x00007fcd28813470
12670:             1             16  org.opensearch.search.aggregations.bucket.range.GeoDistanceAggregationBuilder$$Lambda/0x00007fcd288138e0
12671:             1             16  org.opensearch.search.aggregations.bucket.range.GeoDistanceAggregationBuilder$$Lambda/0x00007fcd28813b08
12672:             1             16  org.opensearch.search.aggregations.bucket.range.GeoDistanceAggregationBuilder$$Lambda/0x00007fcd28813d20
12673:             1             16  org.opensearch.search.aggregations.bucket.range.GeoDistanceAggregationBuilder$$Lambda/0x00007fcd28816000
12674:             1             16  org.opensearch.search.aggregations.bucket.range.GeoDistanceRangeAggregatorFactory$$Lambda/0x00007fcd28816468
12675:             1             16  org.opensearch.search.aggregations.bucket.range.IpRangeAggregationBuilder$$Lambda/0x00007fcd287fd2d0
12676:             1             16  org.opensearch.search.aggregations.bucket.range.IpRangeAggregationBuilder$$Lambda/0x00007fcd287fd508
12677:             1             16  org.opensearch.search.aggregations.bucket.range.IpRangeAggregationBuilder$$Lambda/0x00007fcd287fd730
12678:             1             16  org.opensearch.search.aggregations.bucket.range.IpRangeAggregationBuilder$$Lambda/0x00007fcd287fdbd0
12679:             1             16  org.opensearch.search.aggregations.bucket.range.RangeAggregationBuilder$$Lambda/0x00007fcd287f3c98
12680:             1             16  org.opensearch.search.aggregations.bucket.range.RangeAggregationBuilder$$Lambda/0x00007fcd287f3ed0
12681:             1             16  org.opensearch.search.aggregations.bucket.range.RangeAggregationBuilder$$Lambda/0x00007fcd287f4ca8
12682:             1             16  org.opensearch.search.aggregations.bucket.range.RangeAggregationBuilder$$Lambda/0x00007fcd287f5180
12683:             1             16  org.opensearch.search.aggregations.bucket.sampler.DiversifiedAggregationBuilder$$Lambda/0x00007fcd287d6be0
12684:             1             16  org.opensearch.search.aggregations.bucket.sampler.DiversifiedAggregationBuilder$$Lambda/0x00007fcd287d6e18
12685:             1             16  org.opensearch.search.aggregations.bucket.sampler.DiversifiedAggregationBuilder$$Lambda/0x00007fcd287d8210
12686:             1             16  org.opensearch.search.aggregations.bucket.sampler.DiversifiedAggregationBuilder$$Lambda/0x00007fcd287d8438
12687:             1             16  org.opensearch.search.aggregations.bucket.sampler.DiversifiedAggregatorFactory$$Lambda/0x00007fcd287d9290
12688:             1             16  org.opensearch.search.aggregations.bucket.sampler.DiversifiedAggregatorFactory$$Lambda/0x00007fcd287d94a8
12689:             1             16  org.opensearch.search.aggregations.bucket.terms.GlobalOrdinalsStringTermsAggregator$$Lambda/0x00007fcd291f0da8
12690:             1             16  org.opensearch.search.aggregations.bucket.terms.GlobalOrdinalsStringTermsAggregator$StandardTermsResults$$Lambda/0x00007fcd293d22e8
12691:             1             16  org.opensearch.search.aggregations.bucket.terms.GlobalOrdinalsStringTermsAggregator$StandardTermsResults$$Lambda/0x00007fcd293d2970
12692:             1             16  org.opensearch.search.aggregations.bucket.terms.GlobalOrdinalsStringTermsAggregator$StandardTermsResults$$Lambda/0x00007fcd293d2b88
12693:             1             16  org.opensearch.search.aggregations.bucket.terms.LongKeyedBucketOrds$FromSingle
12694:             1             16  org.opensearch.search.aggregations.bucket.terms.MultiTermsAggregationBuilder$$Lambda/0x00007fcd28829000
12695:             1             16  org.opensearch.search.aggregations.bucket.terms.MultiTermsAggregationBuilder$$Lambda/0x00007fcd28829228
12696:             1             16  org.opensearch.search.aggregations.bucket.terms.MultiTermsAggregationBuilder$$Lambda/0x00007fcd28829450
12697:             1             16  org.opensearch.search.aggregations.bucket.terms.MultiTermsAggregationBuilder$$Lambda/0x00007fcd28829668
12698:             1             16  org.opensearch.search.aggregations.bucket.terms.MultiTermsAggregationBuilder$$Lambda/0x00007fcd28829890
12699:             1             16  org.opensearch.search.aggregations.bucket.terms.MultiTermsAggregationBuilder$$Lambda/0x00007fcd2882c218
12700:             1             16  org.opensearch.search.aggregations.bucket.terms.MultiTermsAggregationBuilder$$Lambda/0x00007fcd2882f220
12701:             1             16  org.opensearch.search.aggregations.bucket.terms.MultiTermsAggregationBuilder$$Lambda/0x00007fcd2882f448
12702:             1             16  org.opensearch.search.aggregations.bucket.terms.MultiTermsAggregationBuilder$$Lambda/0x00007fcd2882f668
12703:             1             16  org.opensearch.search.aggregations.bucket.terms.MultiTermsAggregationBuilder$$Lambda/0x00007fcd2882f890
12704:             1             16  org.opensearch.search.aggregations.bucket.terms.MultiTermsAggregationBuilder$$Lambda/0x00007fcd2882fab8
12705:             1             16  org.opensearch.search.aggregations.bucket.terms.MultiTermsAggregationBuilder$$Lambda/0x00007fcd2882fce0
12706:             1             16  org.opensearch.search.aggregations.bucket.terms.MultiTermsAggregationFactory$$Lambda/0x00007fcd28830420
12707:             1             16  org.opensearch.search.aggregations.bucket.terms.MultiTermsAggregationFactory$$Lambda/0x00007fcd28830638
12708:             1             16  org.opensearch.search.aggregations.bucket.terms.RareTermsAggregationBuilder$$Lambda/0x00007fcd287e69f0
12709:             1             16  org.opensearch.search.aggregations.bucket.terms.RareTermsAggregationBuilder$$Lambda/0x00007fcd287e6c28
12710:             1             16  org.opensearch.search.aggregations.bucket.terms.RareTermsAggregationBuilder$$Lambda/0x00007fcd287e6e50
12711:             1             16  org.opensearch.search.aggregations.bucket.terms.RareTermsAggregationBuilder$$Lambda/0x00007fcd287e7078
12712:             1             16  org.opensearch.search.aggregations.bucket.terms.RareTermsAggregationBuilder$$Lambda/0x00007fcd287e7290
12713:             1             16  org.opensearch.search.aggregations.bucket.terms.RareTermsAggregationBuilder$$Lambda/0x00007fcd287e74b8
12714:             1             16  org.opensearch.search.aggregations.bucket.terms.RareTermsAggregationBuilder$$Lambda/0x00007fcd287e76d0
12715:             1             16  org.opensearch.search.aggregations.bucket.terms.RareTermsAggregatorFactory$1
12716:             1             16  org.opensearch.search.aggregations.bucket.terms.RareTermsAggregatorFactory$2
12717:             1             16  org.opensearch.search.aggregations.bucket.terms.SignificantTermsAggregationBuilder$$Lambda/0x00007fcd287ef5e8
12718:             1             16  org.opensearch.search.aggregations.bucket.terms.SignificantTermsAggregationBuilder$$Lambda/0x00007fcd287efc70
12719:             1             16  org.opensearch.search.aggregations.bucket.terms.SignificantTermsAggregationBuilder$$Lambda/0x00007fcd287f0000
12720:             1             16  org.opensearch.search.aggregations.bucket.terms.SignificantTermsAggregationBuilder$$Lambda/0x00007fcd287f0228
12721:             1             16  org.opensearch.search.aggregations.bucket.terms.SignificantTermsAggregationBuilder$$Lambda/0x00007fcd287f0450
12722:             1             16  org.opensearch.search.aggregations.bucket.terms.SignificantTermsAggregationBuilder$$Lambda/0x00007fcd287f0678
12723:             1             16  org.opensearch.search.aggregations.bucket.terms.SignificantTermsAggregationBuilder$$Lambda/0x00007fcd287f08a0
12724:             1             16  org.opensearch.search.aggregations.bucket.terms.SignificantTermsAggregationBuilder$$Lambda/0x00007fcd287f0ac8
12725:             1             16  org.opensearch.search.aggregations.bucket.terms.SignificantTermsAggregationBuilder$$Lambda/0x00007fcd287f0ce0
12726:             1             16  org.opensearch.search.aggregations.bucket.terms.SignificantTermsAggregationBuilder$$Lambda/0x00007fcd287f0f08
12727:             1             16  org.opensearch.search.aggregations.bucket.terms.SignificantTermsAggregationBuilder$$Lambda/0x00007fcd287f1120
12728:             1             16  org.opensearch.search.aggregations.bucket.terms.SignificantTermsAggregationBuilder$$Lambda/0x00007fcd287f1348
12729:             1             16  org.opensearch.search.aggregations.bucket.terms.SignificantTermsAggregatorFactory$1
12730:             1             16  org.opensearch.search.aggregations.bucket.terms.SignificantTermsAggregatorFactory$2
12731:             1             16  org.opensearch.search.aggregations.bucket.terms.TermsAggregationBuilder$$Lambda/0x00007fcd287da4b0
12732:             1             16  org.opensearch.search.aggregations.bucket.terms.TermsAggregationBuilder$$Lambda/0x00007fcd287da6e8
12733:             1             16  org.opensearch.search.aggregations.bucket.terms.TermsAggregationBuilder$$Lambda/0x00007fcd287da910
12734:             1             16  org.opensearch.search.aggregations.bucket.terms.TermsAggregationBuilder$$Lambda/0x00007fcd287dab38
12735:             1             16  org.opensearch.search.aggregations.bucket.terms.TermsAggregationBuilder$$Lambda/0x00007fcd287dad60
12736:             1             16  org.opensearch.search.aggregations.bucket.terms.TermsAggregationBuilder$$Lambda/0x00007fcd287daf88
12737:             1             16  org.opensearch.search.aggregations.bucket.terms.TermsAggregationBuilder$$Lambda/0x00007fcd287db1b0
12738:             1             16  org.opensearch.search.aggregations.bucket.terms.TermsAggregationBuilder$$Lambda/0x00007fcd287db630
12739:             1             16  org.opensearch.search.aggregations.bucket.terms.TermsAggregationBuilder$$Lambda/0x00007fcd287db858
12740:             1             16  org.opensearch.search.aggregations.bucket.terms.TermsAggregationBuilder$$Lambda/0x00007fcd287dbc60
12741:             1             16  org.opensearch.search.aggregations.bucket.terms.TermsAggregationBuilder$$Lambda/0x00007fcd287dd420
12742:             1             16  org.opensearch.search.aggregations.bucket.terms.TermsAggregationBuilder$$Lambda/0x00007fcd287dd638
12743:             1             16  org.opensearch.search.aggregations.bucket.terms.TermsAggregationBuilder$$Lambda/0x00007fcd287dd860
12744:             1             16  org.opensearch.search.aggregations.bucket.terms.TermsAggregationBuilder$$Lambda/0x00007fcd287de288
12745:             1             16  org.opensearch.search.aggregations.bucket.terms.TermsAggregationBuilder$$Lambda/0x00007fcd287de758
12746:             1             16  org.opensearch.search.aggregations.bucket.terms.TermsAggregationBuilder$$Lambda/0x00007fcd292fae80
12747:             1             16  org.opensearch.search.aggregations.bucket.terms.TermsAggregationBuilder$$Lambda/0x00007fcd292fb8f8
12748:             1             16  org.opensearch.search.aggregations.bucket.terms.TermsAggregator$$Lambda/0x00007fcd292cc000
12749:             1             16  org.opensearch.search.aggregations.bucket.terms.TermsAggregatorFactory$1
12750:             1             16  org.opensearch.search.aggregations.bucket.terms.TermsAggregatorFactory$2
12751:             1             16  org.opensearch.search.aggregations.bucket.terms.TermsAggregatorFactory$ExecutionMode$2$$Lambda/0x00007fcd29118800
12752:             1             16  org.opensearch.search.aggregations.bucket.terms.heuristic.ChiSquare$$Lambda/0x00007fcd2879b928
12753:             1             16  org.opensearch.search.aggregations.bucket.terms.heuristic.GND$$Lambda/0x00007fcd2879c490
12754:             1             16  org.opensearch.search.aggregations.bucket.terms.heuristic.JLHScore
12755:             1             16  org.opensearch.search.aggregations.bucket.terms.heuristic.JLHScore$$Lambda/0x00007fcd2879cb90
12756:             1             16  org.opensearch.search.aggregations.bucket.terms.heuristic.MutualInformation$$Lambda/0x00007fcd2879d290
12757:             1             16  org.opensearch.search.aggregations.bucket.terms.heuristic.PercentageScore$$Lambda/0x00007fcd2879d980
12758:             1             16  org.opensearch.search.aggregations.bucket.terms.heuristic.ScriptHeuristic$$Lambda/0x00007fcd2879e320
12759:             1             16  org.opensearch.search.aggregations.matrix.MatrixAggregationPlugin
12760:             1             16  org.opensearch.search.aggregations.matrix.MatrixAggregationPlugin$$Lambda/0x00007fcd28834c98
12761:             1             16  org.opensearch.search.aggregations.matrix.MatrixAggregationPlugin$$Lambda/0x00007fcd28835b50
12762:             1             16  org.opensearch.search.aggregations.metrics.AbstractPercentilesAggregationBuilder$$Lambda/0x00007fcd287b8c48
12763:             1             16  org.opensearch.search.aggregations.metrics.AvgAggregationBuilder$$Lambda/0x00007fcd287a2da0
12764:             1             16  org.opensearch.search.aggregations.metrics.AvgAggregatorFactory$$Lambda/0x00007fcd287a8e68
12765:             1             16  org.opensearch.search.aggregations.metrics.CardinalityAggregationBuilder$$Lambda/0x00007fcd287c4800
12766:             1             16  org.opensearch.search.aggregations.metrics.CardinalityAggregationBuilder$$Lambda/0x00007fcd287c5a90
12767:             1             16  org.opensearch.search.aggregations.metrics.CardinalityAggregationBuilder$$Lambda/0x00007fcd287c5cc8
12768:             1             16  org.opensearch.search.aggregations.metrics.CardinalityAggregatorFactory$$Lambda/0x00007fcd287ca168
12769:             1             16  org.opensearch.search.aggregations.metrics.ExtendedStatsAggregationBuilder$$Lambda/0x00007fcd287b5e18
12770:             1             16  org.opensearch.search.aggregations.metrics.ExtendedStatsAggregationBuilder$$Lambda/0x00007fcd287b6050
12771:             1             16  org.opensearch.search.aggregations.metrics.ExtendedStatsAggregatorFactory$$Lambda/0x00007fcd287b76a0
12772:             1             16  org.opensearch.search.aggregations.metrics.GeoCentroidAggregationBuilder$$Lambda/0x00007fcd28819260
12773:             1             16  org.opensearch.search.aggregations.metrics.GeoCentroidAggregatorFactory$$Lambda/0x00007fcd2881a420
12774:             1             16  org.opensearch.search.aggregations.metrics.MaxAggregationBuilder$$Lambda/0x00007fcd287b18a8
12775:             1             16  org.opensearch.search.aggregations.metrics.MaxAggregatorFactory$$Lambda/0x00007fcd287b2ae8
12776:             1             16  org.opensearch.search.aggregations.metrics.MedianAbsoluteDeviationAggregationBuilder$$Lambda/0x00007fcd287c6850
12777:             1             16  org.opensearch.search.aggregations.metrics.MedianAbsoluteDeviationAggregationBuilder$$Lambda/0x00007fcd287c6a88
12778:             1             16  org.opensearch.search.aggregations.metrics.MedianAbsoluteDeviationAggregatorFactory$$Lambda/0x00007fcd287c7cc0
12779:             1             16  org.opensearch.search.aggregations.metrics.MinAggregationBuilder$$Lambda/0x00007fcd287ac800
12780:             1             16  org.opensearch.search.aggregations.metrics.MinAggregatorFactory$$Lambda/0x00007fcd287b0df0
12781:             1             16  org.opensearch.search.aggregations.metrics.PercentileRanksAggregationBuilder$$Lambda/0x00007fcd287c3648
12782:             1             16  org.opensearch.search.aggregations.metrics.PercentileRanksAggregationBuilder$$Lambda/0x00007fcd287c3860
12783:             1             16  org.opensearch.search.aggregations.metrics.PercentileRanksAggregatorFactory$$Lambda/0x00007fcd287c3a78
12784:             1             16  org.opensearch.search.aggregations.metrics.PercentilesAggregationBuilder$$Lambda/0x00007fcd287bbbb0
12785:             1             16  org.opensearch.search.aggregations.metrics.PercentilesAggregationBuilder$$Lambda/0x00007fcd287bbdc8
12786:             1             16  org.opensearch.search.aggregations.metrics.PercentilesAggregatorFactory$$Lambda/0x00007fcd287c17b0
12787:             1             16  org.opensearch.search.aggregations.metrics.PercentilesMethod$$Lambda/0x00007fcd287c04e0
12788:             1             16  org.opensearch.search.aggregations.metrics.PercentilesMethod$$Lambda/0x00007fcd287c06f8
12789:             1             16  org.opensearch.search.aggregations.metrics.PercentilesMethod$$Lambda/0x00007fcd287c1370
12790:             1             16  org.opensearch.search.aggregations.metrics.PercentilesMethod$$Lambda/0x00007fcd287c1588
12791:             1             16  org.opensearch.search.aggregations.metrics.ScriptedMetricAggregationBuilder$$Lambda/0x00007fcd2881ae80
12792:             1             16  org.opensearch.search.aggregations.metrics.ScriptedMetricAggregationBuilder$$Lambda/0x00007fcd2881b0a8
12793:             1             16  org.opensearch.search.aggregations.metrics.ScriptedMetricAggregationBuilder$$Lambda/0x00007fcd2881b2d0
12794:             1             16  org.opensearch.search.aggregations.metrics.ScriptedMetricAggregationBuilder$$Lambda/0x00007fcd2881b4f8
12795:             1             16  org.opensearch.search.aggregations.metrics.ScriptedMetricAggregationBuilder$$Lambda/0x00007fcd2881b720
12796:             1             16  org.opensearch.search.aggregations.metrics.ScriptedMetricAggregationBuilder$$Lambda/0x00007fcd2881b948
12797:             1             16  org.opensearch.search.aggregations.metrics.StatsAggregationBuilder$$Lambda/0x00007fcd287b35a0
12798:             1             16  org.opensearch.search.aggregations.metrics.StatsAggregatorFactory$$Lambda/0x00007fcd287b5158
12799:             1             16  org.opensearch.search.aggregations.metrics.SumAggregationBuilder$$Lambda/0x00007fcd287af108
12800:             1             16  org.opensearch.search.aggregations.metrics.SumAggregatorFactory$$Lambda/0x00007fcd287ad358
12801:             1             16  org.opensearch.search.aggregations.metrics.ValueCountAggregationBuilder$$Lambda/0x00007fcd287bc218
12802:             1             16  org.opensearch.search.aggregations.metrics.ValueCountAggregatorFactory$$Lambda/0x00007fcd287bd920
12803:             1             16  org.opensearch.search.aggregations.metrics.WeightedAvgAggregationBuilder$$Lambda/0x00007fcd287aa740
12804:             1             16  org.opensearch.search.aggregations.pipeline.AvgBucketPipelineAggregationBuilder$1
12805:             1             16  org.opensearch.search.aggregations.pipeline.BucketScriptPipelineAggregationBuilder$$Lambda/0x00007fcd28853048
12806:             1             16  org.opensearch.search.aggregations.pipeline.BucketScriptPipelineAggregationBuilder$$Lambda/0x00007fcd28853270
12807:             1             16  org.opensearch.search.aggregations.pipeline.BucketScriptPipelineAggregationBuilder$$Lambda/0x00007fcd28853488
12808:             1             16  org.opensearch.search.aggregations.pipeline.BucketScriptPipelineAggregationBuilder$$Lambda/0x00007fcd28853910
12809:             1             16  org.opensearch.search.aggregations.pipeline.BucketScriptPipelineAggregationBuilder$$Lambda/0x00007fcd28853b38
12810:             1             16  org.opensearch.search.aggregations.pipeline.CumulativeSumPipelineAggregationBuilder$$Lambda/0x00007fcd288521e0
12811:             1             16  org.opensearch.search.aggregations.pipeline.CumulativeSumPipelineAggregationBuilder$$Lambda/0x00007fcd28852408
12812:             1             16  org.opensearch.search.aggregations.pipeline.EwmaModel$1
12813:             1             16  org.opensearch.search.aggregations.pipeline.ExtendedStatsBucketParser
12814:             1             16  org.opensearch.search.aggregations.pipeline.HoltLinearModel$1
12815:             1             16  org.opensearch.search.aggregations.pipeline.HoltWintersModel$1
12816:             1             16  org.opensearch.search.aggregations.pipeline.LinearModel$1
12817:             1             16  org.opensearch.search.aggregations.pipeline.MaxBucketPipelineAggregationBuilder$1
12818:             1             16  org.opensearch.search.aggregations.pipeline.MinBucketPipelineAggregationBuilder$1
12819:             1             16  org.opensearch.search.aggregations.pipeline.MovFnPipelineAggregationBuilder$$Lambda/0x00007fcd28856c28
12820:             1             16  org.opensearch.search.aggregations.pipeline.MovFnPipelineAggregationBuilder$$Lambda/0x00007fcd28856e50
12821:             1             16  org.opensearch.search.aggregations.pipeline.MovFnPipelineAggregationBuilder$$Lambda/0x00007fcd28857068
12822:             1             16  org.opensearch.search.aggregations.pipeline.MovFnPipelineAggregationBuilder$$Lambda/0x00007fcd28857290
12823:             1             16  org.opensearch.search.aggregations.pipeline.MovFnPipelineAggregationBuilder$$Lambda/0x00007fcd288574b8
12824:             1             16  org.opensearch.search.aggregations.pipeline.MovFnPipelineAggregationBuilder$$Lambda/0x00007fcd288576e0
12825:             1             16  org.opensearch.search.aggregations.pipeline.PercentilesBucketPipelineAggregationBuilder$1
12826:             1             16  org.opensearch.search.aggregations.pipeline.SimpleModel$1
12827:             1             16  org.opensearch.search.aggregations.pipeline.StatsBucketPipelineAggregationBuilder$1
12828:             1             16  org.opensearch.search.aggregations.pipeline.SumBucketPipelineAggregationBuilder$1
12829:             1             16  org.opensearch.search.aggregations.support.AggregationInfo
12830:             1             16  org.opensearch.search.aggregations.support.AggregationUsageService$Builder$$Lambda/0x00007fcd287a92c0
12831:             1             16  org.opensearch.search.aggregations.support.BaseMultiValuesSourceFieldConfig$$Lambda/0x00007fcd2882cbb0
12832:             1             16  org.opensearch.search.aggregations.support.BaseMultiValuesSourceFieldConfig$$Lambda/0x00007fcd2882d678
12833:             1             16  org.opensearch.search.aggregations.support.BaseMultiValuesSourceFieldConfig$$Lambda/0x00007fcd2882d8a0
12834:             1             16  org.opensearch.search.aggregations.support.BaseMultiValuesSourceFieldConfig$$Lambda/0x00007fcd2882dac8
12835:             1             16  org.opensearch.search.aggregations.support.BaseMultiValuesSourceFieldConfig$$Lambda/0x00007fcd2882dce0
12836:             1             16  org.opensearch.search.aggregations.support.BaseMultiValuesSourceFieldConfig$$Lambda/0x00007fcd2882df08
12837:             1             16  org.opensearch.search.aggregations.support.BaseMultiValuesSourceFieldConfig$$Lambda/0x00007fcd2882e120
12838:             1             16  org.opensearch.search.aggregations.support.BaseMultiValuesSourceFieldConfig$$Lambda/0x00007fcd2882e348
12839:             1             16  org.opensearch.search.aggregations.support.MultiTermsValuesSourceConfig$$Lambda/0x00007fcd2882cfc0
12840:             1             16  org.opensearch.search.aggregations.support.MultiTermsValuesSourceConfig$$Lambda/0x00007fcd2882d460
12841:             1             16  org.opensearch.search.aggregations.support.MultiTermsValuesSourceConfig$$Lambda/0x00007fcd2882e560
12842:             1             16  org.opensearch.search.aggregations.support.MultiTermsValuesSourceConfig$$Lambda/0x00007fcd2882e788
12843:             1             16  org.opensearch.search.aggregations.support.MultiTermsValuesSourceConfig$$Lambda/0x00007fcd2882e9a0
12844:             1             16  org.opensearch.search.aggregations.support.MultiTermsValuesSourceConfig$$Lambda/0x00007fcd2882ebc8
12845:             1             16  org.opensearch.search.aggregations.support.MultiTermsValuesSourceConfig$$Lambda/0x00007fcd2882ede0
12846:             1             16  org.opensearch.search.aggregations.support.MultiTermsValuesSourceConfig$$Lambda/0x00007fcd2882f008
12847:             1             16  org.opensearch.search.aggregations.support.MultiValuesSourceParseHelper$$Lambda/0x00007fcd287aab78
12848:             1             16  org.opensearch.search.aggregations.support.MultiValuesSourceParseHelper$$Lambda/0x00007fcd287aafc0
12849:             1             16  org.opensearch.search.aggregations.support.MultiValuesSourceParseHelper$$Lambda/0x00007fcd287ab1e8
12850:             1             16  org.opensearch.search.aggregations.support.ValuesSource$Bytes$WithOrdinals$1
12851:             1             16  org.opensearch.search.aggregations.support.ValuesSource$Numeric$1
12852:             1             16  org.opensearch.search.aggregations.support.ValuesSource$Numeric$FieldData
12853:             1             16  org.opensearch.search.aggregations.support.ValuesSourceAggregationBuilder$$Lambda/0x00007fcd287a2fd8
12854:             1             16  org.opensearch.search.aggregations.support.ValuesSourceAggregationBuilder$$Lambda/0x00007fcd287a3200
12855:             1             16  org.opensearch.search.aggregations.support.ValuesSourceAggregationBuilder$$Lambda/0x00007fcd287a3618
12856:             1             16  org.opensearch.search.aggregations.support.ValuesSourceAggregationBuilder$$Lambda/0x00007fcd287a3840
12857:             1             16  org.opensearch.search.aggregations.support.ValuesSourceAggregationBuilder$$Lambda/0x00007fcd287a3cb8
12858:             1             16  org.opensearch.search.aggregations.support.ValuesSourceAggregationBuilder$$Lambda/0x00007fcd287a3ee0
12859:             1             16  org.opensearch.search.aggregations.support.ValuesSourceAggregationBuilder$$Lambda/0x00007fcd287a42e8
12860:             1             16  org.opensearch.search.aggregations.support.ValuesSourceAggregationBuilder$$Lambda/0x00007fcd287a4510
12861:             1             16  org.opensearch.search.aggregations.support.ValuesSourceAggregationBuilder$$Lambda/0x00007fcd287a4728
12862:             1             16  org.opensearch.search.aggregations.support.ValuesSourceAggregationBuilder$$Lambda/0x00007fcd287a4950
12863:             1             16  org.opensearch.search.aggregations.support.ValuesSourceAggregationBuilder$$Lambda/0x00007fcd287f74b0
12864:             1             16  org.opensearch.search.aggregations.support.ValuesSourceAggregationBuilder$$Lambda/0x00007fcd287f76d8
12865:             1             16  org.opensearch.search.aggregations.support.ValuesSourceAggregationBuilder$$Lambda/0x00007fcd292faa78
12866:             1             16  org.opensearch.search.aggregations.support.ValuesSourceConfig$$Lambda/0x00007fcd292e8658
12867:             1             16  org.opensearch.search.aggregations.support.ValuesSourceRegistry$$Lambda/0x00007fcd28832888
12868:             1             16  org.opensearch.search.aggregations.support.ValuesSourceRegistry$$Lambda/0x00007fcd28832ac0
12869:             1             16  org.opensearch.search.asynchronous.action.AsynchronousSearchStatsAction$$Lambda/0x00007fcd28af1d38
12870:             1             16  org.opensearch.search.asynchronous.action.DeleteAsynchronousSearchAction$$Lambda/0x00007fcd28c68b88
12871:             1             16  org.opensearch.search.asynchronous.action.GetAsynchronousSearchAction$$Lambda/0x00007fcd28c68278
12872:             1             16  org.opensearch.search.asynchronous.action.SubmitAsynchronousSearchAction$$Lambda/0x00007fcd28af1648
12873:             1             16  org.opensearch.search.asynchronous.context.active.AsynchronousSearchActiveStore$$Lambda/0x00007fcd28591da8
12874:             1             16  org.opensearch.search.asynchronous.management.AsynchronousSearchManagementService$$Lambda/0x00007fcd28f97c30
12875:             1             16  org.opensearch.search.asynchronous.management.AsynchronousSearchManagementService$ActiveContextReaper
12876:             1             16  org.opensearch.search.asynchronous.management.AsynchronousSearchManagementService$PersistedResponseCleanUpTransportHandler
12877:             1             16  org.opensearch.search.asynchronous.service.AsynchronousSearchService$$Lambda/0x00007fcd28aec4d8
12878:             1             16  org.opensearch.search.asynchronous.service.AsynchronousSearchService$$Lambda/0x00007fcd28aec708
12879:             1             16  org.opensearch.search.asynchronous.service.AsynchronousSearchService$$Lambda/0x00007fcd28aec938
12880:             1             16  org.opensearch.search.asynchronous.service.AsynchronousSearchService$$Lambda/0x00007fcd28aecb68
12881:             1             16  org.opensearch.search.asynchronous.service.AsynchronousSearchService$$Lambda/0x00007fcd28aecd98
12882:             1             16  org.opensearch.search.asynchronous.service.AsynchronousSearchService$$Lambda/0x00007fcd28aeda98
12883:             1             16  org.opensearch.search.asynchronous.service.AsynchronousSearchService$$Lambda/0x00007fcd28aedef8
12884:             1             16  org.opensearch.search.asynchronous.service.AsynchronousSearchService$$Lambda/0x00007fcd28aee338
12885:             1             16  org.opensearch.search.asynchronous.service.AsynchronousSearchService$$Lambda/0x00007fcd28aee560
12886:             1             16  org.opensearch.search.asynchronous.service.AsynchronousSearchService$$Lambda/0x00007fcd28aee9a0
12887:             1             16  org.opensearch.search.asynchronous.service.AsynchronousSearchService$$Lambda/0x00007fcd28aeebc8
12888:             1             16  org.opensearch.search.asynchronous.service.AsynchronousSearchService$$Lambda/0x00007fcd28aef008
12889:             1             16  org.opensearch.search.asynchronous.service.AsynchronousSearchService$$Lambda/0x00007fcd28aef238
12890:             1             16  org.opensearch.search.asynchronous.service.AsynchronousSearchService$$Lambda/0x00007fcd28aef460
12891:             1             16  org.opensearch.search.asynchronous.service.AsynchronousSearchService$$Lambda/0x00007fcd28aef690
12892:             1             16  org.opensearch.search.asynchronous.service.AsynchronousSearchService$$Lambda/0x00007fcd28aefac8
12893:             1             16  org.opensearch.search.asynchronous.service.AsynchronousSearchService$$Lambda/0x00007fcd28aefcf0
12894:             1             16  org.opensearch.search.asynchronous.service.AsynchronousSearchService$$Lambda/0x00007fcd28af0210
12895:             1             16  org.opensearch.search.asynchronous.service.AsynchronousSearchService$$Lambda/0x00007fcd28af0438
12896:             1             16  org.opensearch.search.asynchronous.service.AsynchronousSearchService$$Lambda/0x00007fcd28af0660
12897:             1             16  org.opensearch.search.asynchronous.service.AsynchronousSearchService$$Lambda/0x00007fcd28af0890
12898:             1             16  org.opensearch.search.asynchronous.service.AsynchronousSearchService$$Lambda/0x00007fcd28af0ce8
12899:             1             16  org.opensearch.search.asynchronous.service.AsynchronousSearchService$$Lambda/0x00007fcd28af1130
12900:             1             16  org.opensearch.search.asynchronous.service.AsynchronousSearchService$$Lambda/0x00007fcd28fbcf58
12901:             1             16  org.opensearch.search.asynchronous.stats.InternalAsynchronousSearchStats
12902:             1             16  org.opensearch.search.asynchronous.transport.TransportAsynchronousSearchStatsAction$$Lambda/0x00007fcd28f97800
12903:             1             16  org.opensearch.search.asynchronous.transport.TransportAsynchronousSearchStatsAction$$Lambda/0x00007fcd28f97a18
12904:             1             16  org.opensearch.search.asynchronous.transport.TransportDeleteAsynchronousSearchAction$$Lambda/0x00007fcd28c6add0
12905:             1             16  org.opensearch.search.asynchronous.transport.TransportDeleteAsynchronousSearchAction$$Lambda/0x00007fcd28c6afe8
12906:             1             16  org.opensearch.search.asynchronous.transport.TransportGetAsynchronousSearchAction$$Lambda/0x00007fcd28c6b200
12907:             1             16  org.opensearch.search.asynchronous.transport.TransportGetAsynchronousSearchAction$$Lambda/0x00007fcd28c6b418
12908:             1             16  org.opensearch.search.asynchronous.transport.TransportSubmitAsynchronousSearchAction$$Lambda/0x00007fcd28c6bc80
12909:             1             16  org.opensearch.search.backpressure.SearchBackpressureService$$Lambda/0x00007fcd28cea7f0
12910:             1             16  org.opensearch.search.backpressure.SearchBackpressureService$$Lambda/0x00007fcd28ceac18
12911:             1             16  org.opensearch.search.backpressure.SearchBackpressureService$$Lambda/0x00007fcd28ceb050
12912:             1             16  org.opensearch.search.backpressure.SearchBackpressureService$$Lambda/0x00007fcd28ceb270
12913:             1             16  org.opensearch.search.backpressure.SearchBackpressureService$$Lambda/0x00007fcd28ceb490
12914:             1             16  org.opensearch.search.backpressure.SearchBackpressureService$$Lambda/0x00007fcd28ceb6b0
12915:             1             16  org.opensearch.search.backpressure.SearchBackpressureService$$Lambda/0x00007fcd28ceb8d0
12916:             1             16  org.opensearch.search.backpressure.SearchBackpressureService$$Lambda/0x00007fcd28cec7f8
12917:             1             16  org.opensearch.search.backpressure.SearchBackpressureService$$Lambda/0x00007fcd28ceca10
12918:             1             16  org.opensearch.search.backpressure.SearchBackpressureService$$Lambda/0x00007fcd28cecc30
12919:             1             16  org.opensearch.search.backpressure.SearchBackpressureService$$Lambda/0x00007fcd28cece50
12920:             1             16  org.opensearch.search.backpressure.SearchBackpressureService$$Lambda/0x00007fcd28ced070
12921:             1             16  org.opensearch.search.backpressure.SearchBackpressureService$$Lambda/0x00007fcd29044b48
12922:             1             16  org.opensearch.search.backpressure.SearchBackpressureService$$Lambda/0x00007fcd2942e9c0
12923:             1             16  org.opensearch.search.backpressure.settings.NodeDuressSettings$$Lambda/0x00007fcd28ce1230
12924:             1             16  org.opensearch.search.backpressure.settings.NodeDuressSettings$$Lambda/0x00007fcd28ce1460
12925:             1             16  org.opensearch.search.backpressure.settings.NodeDuressSettings$$Lambda/0x00007fcd28ce1690
12926:             1             16  org.opensearch.search.backpressure.settings.SearchBackpressureSettings$$Lambda/0x00007fcd286fe490
12927:             1             16  org.opensearch.search.backpressure.settings.SearchBackpressureSettings$$Lambda/0x00007fcd28ce9a00
12928:             1             16  org.opensearch.search.backpressure.settings.SearchBackpressureSettings$$Lambda/0x00007fcd28ce9c30
12929:             1             16  org.opensearch.search.backpressure.settings.SearchBackpressureSettings$$Lambda/0x00007fcd28ce9e60
12930:             1             16  org.opensearch.search.backpressure.settings.SearchBackpressureSettings$$Lambda/0x00007fcd28cea090
12931:             1             16  org.opensearch.search.backpressure.settings.SearchShardTaskSettings$$Lambda/0x00007fcd28ce8460
12932:             1             16  org.opensearch.search.backpressure.settings.SearchShardTaskSettings$$Lambda/0x00007fcd28ce8690
12933:             1             16  org.opensearch.search.backpressure.settings.SearchShardTaskSettings$$Lambda/0x00007fcd28ce88c0
12934:             1             16  org.opensearch.search.backpressure.settings.SearchShardTaskSettings$$Lambda/0x00007fcd28ce8af0
12935:             1             16  org.opensearch.search.backpressure.settings.SearchShardTaskSettings$$Lambda/0x00007fcd28ce8d20
12936:             1             16  org.opensearch.search.backpressure.settings.SearchShardTaskSettings$$Lambda/0x00007fcd28ce8f50
12937:             1             16  org.opensearch.search.backpressure.settings.SearchShardTaskSettings$$Lambda/0x00007fcd28ce9180
12938:             1             16  org.opensearch.search.backpressure.settings.SearchShardTaskSettings$$Lambda/0x00007fcd28ce93b0
12939:             1             16  org.opensearch.search.backpressure.settings.SearchShardTaskSettings$$Lambda/0x00007fcd28ce95e0
12940:             1             16  org.opensearch.search.backpressure.settings.SearchTaskSettings$$Lambda/0x00007fcd28ce0400
12941:             1             16  org.opensearch.search.backpressure.settings.SearchTaskSettings$$Lambda/0x00007fcd28ce0800
12942:             1             16  org.opensearch.search.backpressure.settings.SearchTaskSettings$$Lambda/0x00007fcd28ce0a30
12943:             1             16  org.opensearch.search.backpressure.settings.SearchTaskSettings$$Lambda/0x00007fcd28ce0c60
12944:             1             16  org.opensearch.search.backpressure.settings.SearchTaskSettings$$Lambda/0x00007fcd28ce18c0
12945:             1             16  org.opensearch.search.backpressure.settings.SearchTaskSettings$$Lambda/0x00007fcd28ce1af0
12946:             1             16  org.opensearch.search.backpressure.settings.SearchTaskSettings$$Lambda/0x00007fcd28ce1d20
12947:             1             16  org.opensearch.search.backpressure.settings.SearchTaskSettings$$Lambda/0x00007fcd28ce8000
12948:             1             16  org.opensearch.search.backpressure.settings.SearchTaskSettings$$Lambda/0x00007fcd28ce8230
12949:             1             16  org.opensearch.search.backpressure.trackers.HeapUsageTracker$$Lambda/0x00007fcd292353d8
12950:             1             16  org.opensearch.search.builder.SearchSourceBuilder$$Lambda/0x00007fcd29209a98
12951:             1             16  org.opensearch.search.builder.SearchSourceBuilder$$Lambda/0x00007fcd2920bc78
12952:             1             16  org.opensearch.search.builder.SearchSourceBuilder$$Lambda/0x00007fcd29210000
12953:             1             16  org.opensearch.search.builder.SearchSourceBuilder$$Lambda/0x00007fcd29210eb0
12954:             1             16  org.opensearch.search.builder.SearchSourceBuilder$$Lambda/0x00007fcd29211350
12955:             1             16  org.opensearch.search.builder.SearchSourceBuilder$$Lambda/0x00007fcd29211808
12956:             1             16  org.opensearch.search.builder.SearchSourceBuilder$$Lambda/0x00007fcd29211cb0
12957:             1             16  org.opensearch.search.builder.SearchSourceBuilder$$Lambda/0x00007fcd29212840
12958:             1             16  org.opensearch.search.builder.SearchSourceBuilder$$Lambda/0x00007fcd29212d08
12959:             1             16  org.opensearch.search.builder.SearchSourceBuilder$$Lambda/0x00007fcd29213188
12960:             1             16  org.opensearch.search.dfs.DfsPhase
12961:             1             16  org.opensearch.search.fetch.FetchPhase
12962:             1             16  org.opensearch.search.fetch.subphase.ExplainPhase
12963:             1             16  org.opensearch.search.fetch.subphase.FetchDocValuesPhase
12964:             1             16  org.opensearch.search.fetch.subphase.FetchFieldsPhase
12965:             1             16  org.opensearch.search.fetch.subphase.FetchScorePhase
12966:             1             16  org.opensearch.search.fetch.subphase.FetchSourcePhase
12967:             1             16  org.opensearch.search.fetch.subphase.FetchVersionPhase
12968:             1             16  org.opensearch.search.fetch.subphase.InnerHitsPhase
12969:             1             16  org.opensearch.search.fetch.subphase.MatchedQueriesPhase
12970:             1             16  org.opensearch.search.fetch.subphase.ScriptFieldsPhase
12971:             1             16  org.opensearch.search.fetch.subphase.SeqNoPrimaryTermPhase
12972:             1             16  org.opensearch.search.fetch.subphase.highlight.FastVectorHighlighter
12973:             1             16  org.opensearch.search.fetch.subphase.highlight.PlainHighlighter
12974:             1             16  org.opensearch.search.fetch.subphase.highlight.UnifiedHighlighter
12975:             1             16  org.opensearch.search.internal.ReaderContext$$Lambda/0x00007fcd29342d80
12976:             1             16  org.opensearch.search.internal.SearchContext$1
12977:             1             16  org.opensearch.search.internal.ShardSearchRequest$$Lambda/0x00007fcd291eddc0
12978:             1             16  org.opensearch.search.internal.ShardSearchRequest$$Lambda/0x00007fcd2920b580
12979:             1             16  org.opensearch.search.internal.ShardSearchRequest$$Lambda/0x00007fcd2920b798
12980:             1             16  org.opensearch.search.internal.ShardSearchRequest$$Lambda/0x00007fcd292135e0
12981:             1             16  org.opensearch.search.internal.ShardSearchRequest$$Lambda/0x00007fcd292137f8
12982:             1             16  org.opensearch.search.internal.ShardSearchRequest$$Lambda/0x00007fcd292f37d8
12983:             1             16  org.opensearch.search.pipeline.Pipeline$$Lambda/0x00007fcd291e5160
12984:             1             16  org.opensearch.search.pipeline.SearchPipelineInfo
12985:             1             16  org.opensearch.search.pipeline.SearchPipelineService$$Lambda/0x00007fcd29225da8
12986:             1             16  org.opensearch.search.pipeline.SearchPipelineService$$Lambda/0x00007fcd2922a2a8
12987:             1             16  org.opensearch.search.pipeline.common.CollapseResponseProcessor$Factory
12988:             1             16  org.opensearch.search.pipeline.common.FilterQueryRequestProcessor$Factory
12989:             1             16  org.opensearch.search.pipeline.common.OversampleRequestProcessor$Factory
12990:             1             16  org.opensearch.search.pipeline.common.RenameFieldResponseProcessor$Factory
12991:             1             16  org.opensearch.search.pipeline.common.ScriptRequestProcessor$Factory
12992:             1             16  org.opensearch.search.pipeline.common.SearchPipelineCommonModulePlugin
12993:             1             16  org.opensearch.search.pipeline.common.TruncateHitsResponseProcessor$Factory
12994:             1             16  org.opensearch.search.query.QueryCollectorContext$1
12995:             1             16  org.opensearch.search.query.QueryCollectorContext$2
12996:             1             16  org.opensearch.search.query.QueryPhase$$Lambda/0x00007fcd2913dc00
12997:             1             16  org.opensearch.search.query.QueryPhase$$Lambda/0x00007fcd293c4000
12998:             1             16  org.opensearch.search.query.QueryPhase$$Lambda/0x00007fcd293c6660
12999:             1             16  org.opensearch.search.query.QuerySearchResult$$Lambda/0x00007fcd2920af30
13000:             1             16  org.opensearch.search.query.QuerySearchResult$$Lambda/0x00007fcd2920b148
13001:             1             16  org.opensearch.search.rescore.RescoreProcessor
13002:             1             16  org.opensearch.search.sort.FieldSortBuilder$$Lambda/0x00007fcd291ea000
13003:             1             16  org.opensearch.search.sort.FieldSortBuilder$$Lambda/0x00007fcd291ea228
13004:             1             16  org.opensearch.search.sort.FieldSortBuilder$$Lambda/0x00007fcd291ea6b8
13005:             1             16  org.opensearch.search.sort.FieldSortBuilder$$Lambda/0x00007fcd291ead98
13006:             1             16  org.opensearch.search.sort.FieldSortBuilder$$Lambda/0x00007fcd291eafc0
13007:             1             16  org.opensearch.search.sort.FieldSortBuilder$$Lambda/0x00007fcd291eb1d8
13008:             1             16  org.opensearch.search.sort.FieldSortBuilder$$Lambda/0x00007fcd291ef390
13009:             1             16  org.opensearch.search.sort.FieldSortBuilder$$Lambda/0x00007fcd291ef5b8
13010:             1             16  org.opensearch.search.sort.FieldSortBuilder$$Lambda/0x00007fcd291ef7d0
13011:             1             16  org.opensearch.search.sort.FieldSortBuilder$$Lambda/0x00007fcd291ef9f8
13012:             1             16  org.opensearch.search.sort.FieldSortBuilder$$Lambda/0x00007fcd291efc20
13013:             1             16  org.opensearch.search.sort.SortValue$$Lambda/0x00007fcd2886f858
13014:             1             16  org.opensearch.search.sort.SortValue$$Lambda/0x00007fcd2886fa70
13015:             1             16  org.opensearch.search.sort.SortValue$$Lambda/0x00007fcd2886fc88
13016:             1             16  org.opensearch.search.suggest.SuggestProcessor
13017:             1             16  org.opensearch.searchpipelines.questionanswering.generative.GenerativeQARequestProcessor$Factory
13018:             1             16  org.opensearch.security.DefaultObjectMapper$$Lambda/0x00007fcd28ff3930
13019:             1             16  org.opensearch.security.OpenSearchSecurityPlugin$$Lambda/0x00007fcd28386188
13020:             1             16  org.opensearch.security.OpenSearchSecurityPlugin$$Lambda/0x00007fcd2856f7c0
13021:             1             16  org.opensearch.security.OpenSearchSecurityPlugin$$Lambda/0x00007fcd28570f60
13022:             1             16  org.opensearch.security.OpenSearchSecurityPlugin$$Lambda/0x00007fcd285728b8
13023:             1             16  org.opensearch.security.OpenSearchSecurityPlugin$$Lambda/0x00007fcd28572e50
13024:             1             16  org.opensearch.security.OpenSearchSecurityPlugin$$Lambda/0x00007fcd28573068
13025:             1             16  org.opensearch.security.OpenSearchSecurityPlugin$$Lambda/0x00007fcd2896f2f0
13026:             1             16  org.opensearch.security.OpenSearchSecurityPlugin$$Lambda/0x00007fcd28c02b60
13027:             1             16  org.opensearch.security.OpenSearchSecurityPlugin$6
13028:             1             16  org.opensearch.security.OpenSearchSecurityPlugin$GuiceHolder
13029:             1             16  org.opensearch.security.action.configupdate.ConfigUpdateAction$$Lambda/0x00007fcd2896f7c8
13030:             1             16  org.opensearch.security.action.configupdate.TransportConfigUpdateAction$$Lambda/0x00007fcd28caf0f8
13031:             1             16  org.opensearch.security.action.configupdate.TransportConfigUpdateAction$$Lambda/0x00007fcd28caf310
13032:             1             16  org.opensearch.security.action.whoami.TransportWhoAmIAction$$Lambda/0x00007fcd28caeee0
13033:             1             16  org.opensearch.security.action.whoami.WhoAmIAction$$Lambda/0x00007fcd28c02730
13034:             1             16  org.opensearch.security.auditlog.AuditLogSslExceptionHandler
13035:             1             16  org.opensearch.security.auditlog.impl.AuditCategory$$Lambda/0x00007fcd28ff4448
13036:             1             16  org.opensearch.security.auditlog.impl.AuditCategory$$Lambda/0x00007fcd28ff4680
13037:             1             16  org.opensearch.security.auditlog.impl.AuditLogImpl$$Lambda/0x00007fcd28929398
13038:             1             16  org.opensearch.security.auditlog.routing.AuditMessageRouter$$Lambda/0x00007fcd29261110
13039:             1             16  org.opensearch.security.auditlog.routing.AuditMessageRouter$$Lambda/0x00007fcd29261348
13040:             1             16  org.opensearch.security.auth.BackendRegistry$1
13041:             1             16  org.opensearch.security.auth.BackendRegistry$2
13042:             1             16  org.opensearch.security.auth.BackendRegistry$3
13043:             1             16  org.opensearch.security.compliance.ComplianceConfig$$Lambda/0x00007fcd28ff5630
13044:             1             16  org.opensearch.security.compliance.ComplianceConfig$$Lambda/0x00007fcd28ff5868
13045:             1             16  org.opensearch.security.compliance.ComplianceConfig$$Lambda/0x00007fcd28ff5ab0
13046:             1             16  org.opensearch.security.compliance.ComplianceConfig$$Lambda/0x00007fcd28ff5ce8
13047:             1             16  org.opensearch.security.compliance.ComplianceConfig$$Lambda/0x00007fcd28ff5f20
13048:             1             16  org.opensearch.security.compliance.ComplianceConfig$$Lambda/0x00007fcd28ff6168
13049:             1             16  org.opensearch.security.compliance.ComplianceConfig$$Lambda/0x00007fcd28ff63a0
13050:             1             16  org.opensearch.security.compliance.ComplianceConfig$$Lambda/0x00007fcd28ff7030
13051:             1             16  org.opensearch.security.configuration.AdminDNs$$Lambda/0x00007fcd2892b5a0
13052:             1             16  org.opensearch.security.configuration.Salt
13053:             1             16  org.opensearch.security.configuration.SecurityFlsDlsIndexSearcherWrapper$$Lambda/0x00007fcd29262f70
13054:             1             16  org.opensearch.security.dlic.rest.api.AccountApiAction$$Lambda/0x00007fcd28ff0868
13055:             1             16  org.opensearch.security.dlic.rest.api.AccountApiAction$$Lambda/0x00007fcd28ff0a88
13056:             1             16  org.opensearch.security.dlic.rest.api.AccountApiAction$1
13057:             1             16  org.opensearch.security.dlic.rest.api.ActionGroupsApiAction$$Lambda/0x00007fcd28feba60
13058:             1             16  org.opensearch.security.dlic.rest.api.ActionGroupsApiAction$1
13059:             1             16  org.opensearch.security.dlic.rest.api.AuditApiAction$$Lambda/0x00007fcd28ff9840
13060:             1             16  org.opensearch.security.dlic.rest.api.AuditApiAction$$Lambda/0x00007fcd28ff9a60
13061:             1             16  org.opensearch.security.dlic.rest.api.AuditApiAction$$Lambda/0x00007fcd28ff9c80
13062:             1             16  org.opensearch.security.dlic.rest.api.AuditApiAction$2
13063:             1             16  org.opensearch.security.dlic.rest.api.AuthTokenProcessorAction$$Lambda/0x00007fcd28fee218
13064:             1             16  org.opensearch.security.dlic.rest.api.AuthTokenProcessorAction$$Lambda/0x00007fcd28fee440
13065:             1             16  org.opensearch.security.dlic.rest.api.CertificatesApiAction$$Lambda/0x00007fcd28ffcfd0
13066:             1             16  org.opensearch.security.dlic.rest.api.CertificatesApiAction$$Lambda/0x00007fcd28ffd220
13067:             1             16  org.opensearch.security.dlic.rest.api.ConfigUpgradeApiAction$$Lambda/0x00007fcd28ffba90
13068:             1             16  org.opensearch.security.dlic.rest.api.ConfigUpgradeApiAction$$Lambda/0x00007fcd28ffbcb0
13069:             1             16  org.opensearch.security.dlic.rest.api.ConfigUpgradeApiAction$1
13070:             1             16  org.opensearch.security.dlic.rest.api.FlushCacheApiAction$$Lambda/0x00007fcd28fec708
13071:             1             16  org.opensearch.security.dlic.rest.api.InternalUsersApiAction$$Lambda/0x00007fcd28fe8dc0
13072:             1             16  org.opensearch.security.dlic.rest.api.InternalUsersApiAction$$Lambda/0x00007fcd28fe8fe0
13073:             1             16  org.opensearch.security.dlic.rest.api.InternalUsersApiAction$$Lambda/0x00007fcd28fe9200
13074:             1             16  org.opensearch.security.dlic.rest.api.InternalUsersApiAction$$Lambda/0x00007fcd28fe9640
13075:             1             16  org.opensearch.security.dlic.rest.api.InternalUsersApiAction$1
13076:             1             16  org.opensearch.security.dlic.rest.api.MigrateApiAction$$Lambda/0x00007fcd28fef5f8
13077:             1             16  org.opensearch.security.dlic.rest.api.MultiTenancyConfigApiAction$$Lambda/0x00007fcd28ffa938
13078:             1             16  org.opensearch.security.dlic.rest.api.MultiTenancyConfigApiAction$$Lambda/0x00007fcd28ffab58
13079:             1             16  org.opensearch.security.dlic.rest.api.MultiTenancyConfigApiAction$1
13080:             1             16  org.opensearch.security.dlic.rest.api.RequestHandler$$Lambda/0x00007fcd28fc36d0
13081:             1             16  org.opensearch.security.dlic.rest.api.RequestHandler$$Lambda/0x00007fcd28fc38e8
13082:             1             16  org.opensearch.security.dlic.rest.api.RestApiAdminPrivilegesEvaluator$$Lambda/0x00007fcd2838de38
13083:             1             16  org.opensearch.security.dlic.rest.api.RestApiAdminPrivilegesEvaluator$$Lambda/0x00007fcd2838e978
13084:             1             16  org.opensearch.security.dlic.rest.api.RestApiAdminPrivilegesEvaluator$$Lambda/0x00007fcd2838eba0
13085:             1             16  org.opensearch.security.dlic.rest.api.RestApiAdminPrivilegesEvaluator$$Lambda/0x00007fcd2838edc8
13086:             1             16  org.opensearch.security.dlic.rest.api.RestApiAdminPrivilegesEvaluator$$Lambda/0x00007fcd2838eff0
13087:             1             16  org.opensearch.security.dlic.rest.api.RestApiAdminPrivilegesEvaluator$$Lambda/0x00007fcd2838f440
13088:             1             16  org.opensearch.security.dlic.rest.api.RestApiAdminPrivilegesEvaluator$$Lambda/0x00007fcd2838f668
13089:             1             16  org.opensearch.security.dlic.rest.api.RestApiAdminPrivilegesEvaluator$$Lambda/0x00007fcd2838f890
13090:             1             16  org.opensearch.security.dlic.rest.api.RestApiAdminPrivilegesEvaluator$$Lambda/0x00007fcd2838fab8
13091:             1             16  org.opensearch.security.dlic.rest.api.RolesApiAction$$Lambda/0x00007fcd28feafe8
13092:             1             16  org.opensearch.security.dlic.rest.api.RolesApiAction$1
13093:             1             16  org.opensearch.security.dlic.rest.api.RolesMappingApiAction$$Lambda/0x00007fcd28fea0c0
13094:             1             16  org.opensearch.security.dlic.rest.api.RolesMappingApiAction$1
13095:             1             16  org.opensearch.security.dlic.rest.api.SecurityConfigApiAction$$Lambda/0x00007fcd28fed188
13096:             1             16  org.opensearch.security.dlic.rest.api.SecurityConfigApiAction$$Lambda/0x00007fcd28fed828
13097:             1             16  org.opensearch.security.dlic.rest.api.SecurityConfigApiAction$$Lambda/0x00007fcd28feda48
13098:             1             16  org.opensearch.security.dlic.rest.api.SecurityConfigApiAction$1
13099:             1             16  org.opensearch.security.dlic.rest.api.SecuritySSLCertsApiAction$$Lambda/0x00007fcd28ffc418
13100:             1             16  org.opensearch.security.dlic.rest.api.SecuritySSLCertsApiAction$$Lambda/0x00007fcd28ffc668
13101:             1             16  org.opensearch.security.dlic.rest.api.SecuritySSLCertsApiAction$$Lambda/0x00007fcd28ffc888
13102:             1             16  org.opensearch.security.dlic.rest.api.TenantsApiAction$$Lambda/0x00007fcd28feeeb0
13103:             1             16  org.opensearch.security.dlic.rest.api.TenantsApiAction$1
13104:             1             16  org.opensearch.security.dlic.rest.api.ValidateApiAction$$Lambda/0x00007fcd28fefd40
13105:             1             16  org.opensearch.security.dlic.rest.api.ssl.CertificatesActionType$$Lambda/0x00007fcd28c02000
13106:             1             16  org.opensearch.security.dlic.rest.api.ssl.TransportCertificatesInfoNodesAction$$Lambda/0x00007fcd28caf768
13107:             1             16  org.opensearch.security.dlic.rest.api.ssl.TransportCertificatesInfoNodesAction$$Lambda/0x00007fcd28caf980
13108:             1             16  org.opensearch.security.hasher.BCryptPasswordHasher
13109:             1             16  org.opensearch.security.privileges.PitPrivilegesEvaluator
13110:             1             16  org.opensearch.security.privileges.TermsAggregationEvaluator
13111:             1             16  org.opensearch.security.securityconf.impl.CType$$Lambda/0x00007fcd2894db98
13112:             1             16  org.opensearch.security.securityconf.impl.CType$$Lambda/0x00007fcd2894dde0
13113:             1             16  org.opensearch.security.securityconf.impl.SecurityDynamicConfiguration$1
13114:             1             16  org.opensearch.security.setting.OpensearchDynamicSetting$$Lambda/0x00007fcd285734b0
13115:             1             16  org.opensearch.security.ssl.OpenSearchSecureSettingsFactory$1
13116:             1             16  org.opensearch.security.ssl.OpenSearchSecureSettingsFactory$1$1
13117:             1             16  org.opensearch.security.ssl.OpenSearchSecureSettingsFactory$2
13118:             1             16  org.opensearch.security.ssl.OpenSearchSecureSettingsFactory$2$1
13119:             1             16  org.opensearch.security.ssl.OpenSearchSecureSettingsFactory$2$3
13120:             1             16  org.opensearch.security.ssl.OpenSearchSecuritySSLPlugin$$Lambda/0x00007fcd28391b48
13121:             1             16  org.opensearch.security.ssl.OpenSearchSecuritySSLPlugin$$Lambda/0x00007fcd28391d90
13122:             1             16  org.opensearch.security.ssl.OpenSearchSecuritySSLPlugin$1
13123:             1             16  org.opensearch.security.ssl.SecureSSLSettings$$Lambda/0x00007fcd28391910
13124:             1             16  org.opensearch.security.ssl.SecureSSLSettings$InsecureFallbackStringSetting$$Lambda/0x00007fcd28319188
13125:             1             16  org.opensearch.security.ssl.SecureSSLSettings$SSLSetting$$Lambda/0x00007fcd283193c0
13126:             1             16  org.opensearch.security.ssl.SecureSSLSettings$SSLSetting$$Lambda/0x00007fcd28319608
13127:             1             16  org.opensearch.security.ssl.transport.DefaultPrincipalExtractor
13128:             1             16  org.opensearch.security.ssl.transport.DefaultPrincipalExtractor$$Lambda/0x00007fcd2919e000
13129:             1             16  org.opensearch.security.ssl.transport.SSLConfig$$Lambda/0x00007fcd28573280
13130:             1             16  org.opensearch.security.support.Base64JDKHelper$SafeObjectOutputStream$$Lambda/0x00007fcd2919fa90
13131:             1             16  org.opensearch.security.support.SourceFieldsContext$$Lambda/0x00007fcd293805f0
13132:             1             16  org.opensearch.security.support.SourceFieldsContext$$Lambda/0x00007fcd29380808
13133:             1             16  org.opensearch.security.support.StreamableRegistry$$Lambda/0x00007fcd2937c800
13134:             1             16  org.opensearch.security.support.StreamableRegistry$$Lambda/0x00007fcd2937dc10
13135:             1             16  org.opensearch.security.support.WildcardMatcher$$Lambda/0x00007fcd28918220
13136:             1             16  org.opensearch.security.support.WildcardMatcher$$Lambda/0x00007fcd29260000
13137:             1             16  org.opensearch.security.support.WildcardMatcher$1
13138:             1             16  org.opensearch.security.support.WildcardMatcher$2
13139:             1             16  org.opensearch.security.support.WildcardMatcher$CasefoldingMatcher
13140:             1             16  org.opensearch.securityanalytics.SecurityAnalyticsPlugin$$Lambda/0x00007fcd28454658
13141:             1             16  org.opensearch.securityanalytics.SecurityAnalyticsPlugin$$Lambda/0x00007fcd284554c8
13142:             1             16  org.opensearch.securityanalytics.SecurityAnalyticsPlugin$$Lambda/0x00007fcd284556e0
13143:             1             16  org.opensearch.securityanalytics.action.AckAlertsAction$$Lambda/0x00007fcd28af37c0
13144:             1             16  org.opensearch.securityanalytics.action.AckCorrelationAlertsAction$$Lambda/0x00007fcd28c7aa30
13145:             1             16  org.opensearch.securityanalytics.action.CorrelatedFindingAction$$Lambda/0x00007fcd28c72228
13146:             1             16  org.opensearch.securityanalytics.action.CreateIndexMappingsAction$$Lambda/0x00007fcd28c6c430
13147:             1             16  org.opensearch.securityanalytics.action.DeleteCorrelationRuleAction$$Lambda/0x00007fcd28c72da0
13148:             1             16  org.opensearch.securityanalytics.action.DeleteCustomLogTypeAction$$Lambda/0x00007fcd28c79768
13149:             1             16  org.opensearch.securityanalytics.action.DeleteDetectorAction$$Lambda/0x00007fcd28c6d918
13150:             1             16  org.opensearch.securityanalytics.action.DeleteRuleAction$$Lambda/0x00007fcd28c70d78
13151:             1             16  org.opensearch.securityanalytics.action.GetAlertsAction$$Lambda/0x00007fcd28c6fa18
13152:             1             16  org.opensearch.securityanalytics.action.GetAllRuleCategoriesAction$$Lambda/0x00007fcd28c71af0
13153:             1             16  org.opensearch.securityanalytics.action.GetCorrelationAlertsAction$$Lambda/0x00007fcd28c7a2e8
13154:             1             16  org.opensearch.securityanalytics.action.GetDetectorAction$$Lambda/0x00007fcd28c6e6d8
13155:             1             16  org.opensearch.securityanalytics.action.GetFindingsAction$$Lambda/0x00007fcd28c6f2d0
13156:             1             16  org.opensearch.securityanalytics.action.GetIndexMappingsAction$$Lambda/0x00007fcd28c6caf8
13157:             1             16  org.opensearch.securityanalytics.action.GetMappingsViewAction$$Lambda/0x00007fcd28c6e000
13158:             1             16  org.opensearch.securityanalytics.action.IndexCorrelationRuleAction$$Lambda/0x00007fcd28c72970
13159:             1             16  org.opensearch.securityanalytics.action.IndexCustomLogTypeAction$$Lambda/0x00007fcd28c78b70
13160:             1             16  org.opensearch.securityanalytics.action.IndexDetectorAction$$Lambda/0x00007fcd28c6d1d0
13161:             1             16  org.opensearch.securityanalytics.action.IndexRuleAction$$Lambda/0x00007fcd28c70290
13162:             1             16  org.opensearch.securityanalytics.action.ListCorrelationsAction$$Lambda/0x00007fcd28c78000
13163:             1             16  org.opensearch.securityanalytics.action.SearchCorrelationRuleAction$$Lambda/0x00007fcd28c784b0
13164:             1             16  org.opensearch.securityanalytics.action.SearchCustomLogTypeAction$$Lambda/0x00007fcd28c79030
13165:             1             16  org.opensearch.securityanalytics.action.SearchDetectorAction$$Lambda/0x00007fcd28c6eb88
13166:             1             16  org.opensearch.securityanalytics.action.SearchRuleAction$$Lambda/0x00007fcd28c706c0
13167:             1             16  org.opensearch.securityanalytics.action.UpdateIndexMappingsAction$$Lambda/0x00007fcd28c6c000
13168:             1             16  org.opensearch.securityanalytics.action.ValidateRulesAction$$Lambda/0x00007fcd28c71438
13169:             1             16  org.opensearch.securityanalytics.correlation.alert.notifications.NotificationService
13170:             1             16  org.opensearch.securityanalytics.correlation.index.codec.CorrelationCodecVersion$$Lambda/0x00007fcd2844f440
13171:             1             16  org.opensearch.securityanalytics.correlation.index.codec.CorrelationCodecVersion$$Lambda/0x00007fcd2844f668
13172:             1             16  org.opensearch.securityanalytics.correlation.index.codec.CorrelationCodecVersion$$Lambda/0x00007fcd2844fcc0
13173:             1             16  org.opensearch.securityanalytics.correlation.index.codec.CorrelationCodecVersion$$Lambda/0x00007fcd28450000
13174:             1             16  org.opensearch.securityanalytics.correlation.index.codec.correlation950.PerFieldCorrelationVectorsFormat950$$Lambda/0x00007fcd2844f000
13175:             1             16  org.opensearch.securityanalytics.correlation.index.codec.correlation950.PerFieldCorrelationVectorsFormat950$$Lambda/0x00007fcd2844f218
13176:             1             16  org.opensearch.securityanalytics.correlation.index.codec.correlation990.PerFieldCorrelationVectorsFormat990$$Lambda/0x00007fcd2844f880
13177:             1             16  org.opensearch.securityanalytics.correlation.index.codec.correlation990.PerFieldCorrelationVectorsFormat990$$Lambda/0x00007fcd2844fa98
13178:             1             16  org.opensearch.securityanalytics.correlation.index.mapper.CorrelationVectorFieldMapper$TypeParser
13179:             1             16  org.opensearch.securityanalytics.findings.FindingsService
13180:             1             16  org.opensearch.securityanalytics.indexmanagment.DetectorIndexManagementService$$Lambda/0x00007fcd28f83030
13181:             1             16  org.opensearch.securityanalytics.indexmanagment.DetectorIndexManagementService$$Lambda/0x00007fcd28f83260
13182:             1             16  org.opensearch.securityanalytics.indexmanagment.DetectorIndexManagementService$$Lambda/0x00007fcd28f83490
13183:             1             16  org.opensearch.securityanalytics.indexmanagment.DetectorIndexManagementService$$Lambda/0x00007fcd28f836c0
13184:             1             16  org.opensearch.securityanalytics.indexmanagment.DetectorIndexManagementService$$Lambda/0x00007fcd28f838f0
13185:             1             16  org.opensearch.securityanalytics.indexmanagment.DetectorIndexManagementService$$Lambda/0x00007fcd28f83b20
13186:             1             16  org.opensearch.securityanalytics.indexmanagment.DetectorIndexManagementService$$Lambda/0x00007fcd28f83d50
13187:             1             16  org.opensearch.securityanalytics.indexmanagment.DetectorIndexManagementService$$Lambda/0x00007fcd28fba000
13188:             1             16  org.opensearch.securityanalytics.indexmanagment.DetectorIndexManagementService$$Lambda/0x00007fcd28fba230
13189:             1             16  org.opensearch.securityanalytics.indexmanagment.DetectorIndexManagementService$$Lambda/0x00007fcd28fba460
13190:             1             16  org.opensearch.securityanalytics.indexmanagment.DetectorIndexManagementService$$Lambda/0x00007fcd28fba690
13191:             1             16  org.opensearch.securityanalytics.indexmanagment.DetectorIndexManagementService$$Lambda/0x00007fcd28fba8c0
13192:             1             16  org.opensearch.securityanalytics.indexmanagment.DetectorIndexManagementService$$Lambda/0x00007fcd28fbaaf0
13193:             1             16  org.opensearch.securityanalytics.indexmanagment.DetectorIndexManagementService$$Lambda/0x00007fcd28fbad20
13194:             1             16  org.opensearch.securityanalytics.logtype.BuiltinLogTypeLoader$$Lambda/0x00007fcd290384c0
13195:             1             16  org.opensearch.securityanalytics.logtype.BuiltinLogTypeLoader$$Lambda/0x00007fcd29039040
13196:             1             16  org.opensearch.securityanalytics.logtype.BuiltinLogTypeLoader$$Lambda/0x00007fcd2903b870
13197:             1             16  org.opensearch.securityanalytics.logtype.LogTypeService$$Lambda/0x00007fcd29039da0
13198:             1             16  org.opensearch.securityanalytics.logtype.LogTypeService$$Lambda/0x00007fcd2903af88
13199:             1             16  org.opensearch.securityanalytics.model.CustomLogType$$Lambda/0x00007fcd288aced8
13200:             1             16  org.opensearch.securityanalytics.model.Detector$$Lambda/0x00007fcd288ac000
13201:             1             16  org.opensearch.securityanalytics.model.DetectorInput$$Lambda/0x00007fcd288ac4c0
13202:             1             16  org.opensearch.securityanalytics.model.LogType$$Lambda/0x00007fcd29038948
13203:             1             16  org.opensearch.securityanalytics.model.LogType$$Lambda/0x00007fcd29038e08
13204:             1             16  org.opensearch.securityanalytics.model.Rule$$Lambda/0x00007fcd288ac9f8
13205:             1             16  org.opensearch.securityanalytics.model.ThreatIntelFeedData$$Lambda/0x00007fcd288ad388
13206:             1             16  org.opensearch.securityanalytics.threatIntel.action.PutTIFJobAction$$Lambda/0x00007fcd28c79c18
13207:             1             16  org.opensearch.securityanalytics.threatIntel.action.TransportPutTIFJobAction$$Lambda/0x00007fcd28d997d0
13208:             1             16  org.opensearch.securityanalytics.threatIntel.common.TIFMetadata$$Lambda/0x00007fcd290394c0
13209:             1             16  org.opensearch.securityanalytics.threatIntel.feedMetadata.BuiltInTIFMetadataLoader$$Lambda/0x00007fcd29039278
13210:             1             16  org.opensearch.securityanalytics.threatIntel.feedMetadata.BuiltInTIFMetadataLoader$$Lambda/0x00007fcd290396f8
13211:             1             16  org.opensearch.securityanalytics.transport.TransportAckCorrelationAlertsAction$$Lambda/0x00007fcd28ee6288
13212:             1             16  org.opensearch.securityanalytics.transport.TransportAckCorrelationAlertsAction$$Lambda/0x00007fcd28ee64a0
13213:             1             16  org.opensearch.securityanalytics.transport.TransportAcknowledgeAlertsAction$$Lambda/0x00007fcd28f82660
13214:             1             16  org.opensearch.securityanalytics.transport.TransportAcknowledgeAlertsAction$$Lambda/0x00007fcd28f82878
13215:             1             16  org.opensearch.securityanalytics.transport.TransportCorrelateFindingAction$$Lambda/0x00007fcd28d9a970
13216:             1             16  org.opensearch.securityanalytics.transport.TransportCorrelateFindingAction$$Lambda/0x00007fcd28d9ab88
13217:             1             16  org.opensearch.securityanalytics.transport.TransportCorrelateFindingAction$$Lambda/0x00007fcd28d9adb8
13218:             1             16  org.opensearch.securityanalytics.transport.TransportCorrelateFindingAction$$Lambda/0x00007fcd28d9afe8
13219:             1             16  org.opensearch.securityanalytics.transport.TransportCreateIndexMappingsAction$$Lambda/0x00007fcd28ee4890
13220:             1             16  org.opensearch.securityanalytics.transport.TransportDeleteCorrelationRuleAction$$Lambda/0x00007fcd28ee4460
13221:             1             16  org.opensearch.securityanalytics.transport.TransportDeleteCustomLogTypeAction$$Lambda/0x00007fcd28ee79f0
13222:             1             16  org.opensearch.securityanalytics.transport.TransportDeleteCustomLogTypeAction$$Lambda/0x00007fcd28ee7c08
13223:             1             16  org.opensearch.securityanalytics.transport.TransportDeleteCustomLogTypeAction$$Lambda/0x00007fcd28f67c00
13224:             1             16  org.opensearch.securityanalytics.transport.TransportDeleteDetectorAction$$Lambda/0x00007fcd28ee55b0
13225:             1             16  org.opensearch.securityanalytics.transport.TransportDeleteDetectorAction$$Lambda/0x00007fcd28ee57c8
13226:             1             16  org.opensearch.securityanalytics.transport.TransportDeleteRuleAction$$Lambda/0x00007fcd28d999e8
13227:             1             16  org.opensearch.securityanalytics.transport.TransportGetAlertsAction$$Lambda/0x00007fcd28d9a048
13228:             1             16  org.opensearch.securityanalytics.transport.TransportGetAlertsAction$$Lambda/0x00007fcd28d9a498
13229:             1             16  org.opensearch.securityanalytics.transport.TransportGetAllRuleCategoriesAction$$Lambda/0x00007fcd28d4bd88
13230:             1             16  org.opensearch.securityanalytics.transport.TransportGetCorrelationAlertsAction$$Lambda/0x00007fcd28d9b218
13231:             1             16  org.opensearch.securityanalytics.transport.TransportGetCorrelationAlertsAction$$Lambda/0x00007fcd28d9b430
13232:             1             16  org.opensearch.securityanalytics.transport.TransportGetDetectorAction$$Lambda/0x00007fcd28f82218
13233:             1             16  org.opensearch.securityanalytics.transport.TransportGetDetectorAction$$Lambda/0x00007fcd28f82430
13234:             1             16  org.opensearch.securityanalytics.transport.TransportGetFindingsAction$$Lambda/0x00007fcd28ee59f8
13235:             1             16  org.opensearch.securityanalytics.transport.TransportGetFindingsAction$$Lambda/0x00007fcd28ee5e40
13236:             1             16  org.opensearch.securityanalytics.transport.TransportGetIndexMappingsAction$$Lambda/0x00007fcd28f82000
13237:             1             16  org.opensearch.securityanalytics.transport.TransportGetMappingsViewAction$$Lambda/0x00007fcd28ee66d0
13238:             1             16  org.opensearch.securityanalytics.transport.TransportIndexCorrelationRuleAction$$Lambda/0x00007fcd28ee4678
13239:             1             16  org.opensearch.securityanalytics.transport.TransportIndexCustomLogTypeAction$$Lambda/0x00007fcd28ee6d30
13240:             1             16  org.opensearch.securityanalytics.transport.TransportIndexCustomLogTypeAction$$Lambda/0x00007fcd28ee6f48
13241:             1             16  org.opensearch.securityanalytics.transport.TransportIndexCustomLogTypeAction$$Lambda/0x00007fcd28ee7178
13242:             1             16  org.opensearch.securityanalytics.transport.TransportIndexDetectorAction$$Lambda/0x00007fcd28d9b878
13243:             1             16  org.opensearch.securityanalytics.transport.TransportIndexDetectorAction$$Lambda/0x00007fcd28ee4000
13244:             1             16  org.opensearch.securityanalytics.transport.TransportIndexDetectorAction$$Lambda/0x00007fcd28ee4230
13245:             1             16  org.opensearch.securityanalytics.transport.TransportIndexRuleAction$$Lambda/0x00007fcd28ee6070
13246:             1             16  org.opensearch.securityanalytics.transport.TransportListCorrelationAction$$Lambda/0x00007fcd28d9b660
13247:             1             16  org.opensearch.securityanalytics.transport.TransportSearchCorrelationAction$$Lambda/0x00007fcd28ee77d8
13248:             1             16  org.opensearch.securityanalytics.transport.TransportSearchCorrelationRuleAction$$Lambda/0x00007fcd28ee75c0
13249:             1             16  org.opensearch.securityanalytics.transport.TransportSearchCustomLogTypeAction$$Lambda/0x00007fcd28ee68e8
13250:             1             16  org.opensearch.securityanalytics.transport.TransportSearchCustomLogTypeAction$$Lambda/0x00007fcd28ee6b00
13251:             1             16  org.opensearch.securityanalytics.transport.TransportSearchDetectorAction$$Lambda/0x00007fcd28d99c00
13252:             1             16  org.opensearch.securityanalytics.transport.TransportSearchDetectorAction$$Lambda/0x00007fcd28d99e18
13253:             1             16  org.opensearch.securityanalytics.transport.TransportSearchRuleAction$$Lambda/0x00007fcd28f82aa8
13254:             1             16  org.opensearch.securityanalytics.transport.TransportUpdateIndexMappingsAction$$Lambda/0x00007fcd28ee73a8
13255:             1             16  org.opensearch.securityanalytics.transport.TransportValidateRulesAction$$Lambda/0x00007fcd28d993a8
13256:             1             16  org.opensearch.securityanalytics.util.ThrowableCheckingPredicates$$Lambda/0x00007fcd28ee4ce8
13257:             1             16  org.opensearch.securityanalytics.util.ThrowableCheckingPredicates$$Lambda/0x00007fcd28ee4f30
13258:             1             16  org.opensearch.securityanalytics.util.ThrowableCheckingPredicates$$Lambda/0x00007fcd28ee5178
13259:             1             16  org.opensearch.semver.expr.Caret
13260:             1             16  org.opensearch.semver.expr.Tilde
13261:             1             16  org.opensearch.snapshots.InternalSnapshotsInfoService$$Lambda/0x00007fcd286d2cf8
13262:             1             16  org.opensearch.snapshots.InternalSnapshotsInfoService$$Lambda/0x00007fcd286d2f10
13263:             1             16  org.opensearch.snapshots.InternalSnapshotsInfoService$$Lambda/0x00007fcd28714cf0
13264:             1             16  org.opensearch.snapshots.RestoreService$CleanRestoreStateTaskExecutor
13265:             1             16  org.opensearch.snapshots.SnapshotsService$$Lambda/0x00007fcd286fbb58
13266:             1             16  org.opensearch.snapshots.SnapshotsService$$Lambda/0x00007fcd28cf0640
13267:             1             16  org.opensearch.snapshots.SnapshotsService$17
13268:             1             16  org.opensearch.snapshots.SnapshotsService$UpdateSnapshotStatusAction$$Lambda/0x00007fcd28cf0fe0
13269:             1             16  org.opensearch.sql.data.model.ExprIntegerValue
13270:             1             16  org.opensearch.sql.data.model.ExprMissingValue
13271:             1             16  org.opensearch.sql.data.model.ExprNullValue
13272:             1             16  org.opensearch.sql.data.type.ExprCoreType$$Lambda/0x00007fcd28b29da0
13273:             1             16  org.opensearch.sql.data.type.ExprCoreType$$Lambda/0x00007fcd28b29fe8
13274:             1             16  org.opensearch.sql.datasource.model.DataSourceMetadata$$Lambda/0x00007fcd28b14550
13275:             1             16  org.opensearch.sql.datasources.auth.DataSourceUserAuthorizationHelperImpl
13276:             1             16  org.opensearch.sql.datasources.encryptor.EncryptorImpl
13277:             1             16  org.opensearch.sql.datasources.glue.GlueDataSourceFactory
13278:             1             16  org.opensearch.sql.datasources.service.DataSourceLoaderCacheImpl$$Lambda/0x00007fcd28b0a4b8
13279:             1             16  org.opensearch.sql.datasources.service.DataSourceLoaderCacheImpl$$Lambda/0x00007fcd28b0a6f0
13280:             1             16  org.opensearch.sql.datasources.transport.TransportCreateDataSourceAction$$Lambda/0x00007fcd28ea51e8
13281:             1             16  org.opensearch.sql.datasources.transport.TransportCreateDataSourceAction$$Lambda/0x00007fcd28ea5400
13282:             1             16  org.opensearch.sql.datasources.transport.TransportDeleteDataSourceAction$$Lambda/0x00007fcd28ea5618
13283:             1             16  org.opensearch.sql.datasources.transport.TransportDeleteDataSourceAction$$Lambda/0x00007fcd28ea5830
13284:             1             16  org.opensearch.sql.datasources.transport.TransportGetDataSourceAction$$Lambda/0x00007fcd28d6b450
13285:             1             16  org.opensearch.sql.datasources.transport.TransportGetDataSourceAction$$Lambda/0x00007fcd28d6b668
13286:             1             16  org.opensearch.sql.datasources.transport.TransportPatchDataSourceAction$$Lambda/0x00007fcd28d6b880
13287:             1             16  org.opensearch.sql.datasources.transport.TransportPatchDataSourceAction$$Lambda/0x00007fcd28d6ba98
13288:             1             16  org.opensearch.sql.datasources.transport.TransportUpdateDataSourceAction$$Lambda/0x00007fcd28d6bcb0
13289:             1             16  org.opensearch.sql.datasources.transport.TransportUpdateDataSourceAction$$Lambda/0x00007fcd28ea4000
13290:             1             16  org.opensearch.sql.executor.execution.QueryPlanFactory$1
13291:             1             16  org.opensearch.sql.expression.aggregation.AggregatorFunction$$Lambda/0x00007fcd28b3a120
13292:             1             16  org.opensearch.sql.expression.aggregation.AggregatorFunction$$Lambda/0x00007fcd28b3a338
13293:             1             16  org.opensearch.sql.expression.aggregation.AggregatorFunction$$Lambda/0x00007fcd28b3a550
13294:             1             16  org.opensearch.sql.expression.aggregation.AggregatorFunction$$Lambda/0x00007fcd28b3a768
13295:             1             16  org.opensearch.sql.expression.aggregation.AggregatorFunction$$Lambda/0x00007fcd28b3a980
13296:             1             16  org.opensearch.sql.expression.aggregation.AggregatorFunction$$Lambda/0x00007fcd28b3ab98
13297:             1             16  org.opensearch.sql.expression.aggregation.AggregatorFunction$$Lambda/0x00007fcd28b3adb0
13298:             1             16  org.opensearch.sql.expression.aggregation.AggregatorFunction$$Lambda/0x00007fcd28b3afc8
13299:             1             16  org.opensearch.sql.expression.aggregation.AggregatorFunction$$Lambda/0x00007fcd28b3b1e0
13300:             1             16  org.opensearch.sql.expression.aggregation.AggregatorFunction$$Lambda/0x00007fcd28b3b638
13301:             1             16  org.opensearch.sql.expression.aggregation.AggregatorFunction$$Lambda/0x00007fcd28b3b870
13302:             1             16  org.opensearch.sql.expression.aggregation.AggregatorFunction$$Lambda/0x00007fcd28b3ba88
13303:             1             16  org.opensearch.sql.expression.aggregation.AggregatorFunction$$Lambda/0x00007fcd28b3bca0
13304:             1             16  org.opensearch.sql.expression.aggregation.AggregatorFunction$$Lambda/0x00007fcd28b3beb8
13305:             1             16  org.opensearch.sql.expression.aggregation.AggregatorFunction$$Lambda/0x00007fcd28b3c0d0
13306:             1             16  org.opensearch.sql.expression.aggregation.AggregatorFunction$$Lambda/0x00007fcd28b3c2e8
13307:             1             16  org.opensearch.sql.expression.aggregation.AggregatorFunction$$Lambda/0x00007fcd28b3c500
13308:             1             16  org.opensearch.sql.expression.aggregation.AggregatorFunction$$Lambda/0x00007fcd28b3c718
13309:             1             16  org.opensearch.sql.expression.aggregation.AggregatorFunction$$Lambda/0x00007fcd28b3c930
13310:             1             16  org.opensearch.sql.expression.aggregation.AggregatorFunction$$Lambda/0x00007fcd28b3cb48
13311:             1             16  org.opensearch.sql.expression.aggregation.AggregatorFunction$$Lambda/0x00007fcd28b3cd60
13312:             1             16  org.opensearch.sql.expression.aggregation.AggregatorFunction$$Lambda/0x00007fcd28b3cf78
13313:             1             16  org.opensearch.sql.expression.aggregation.AggregatorFunction$$Lambda/0x00007fcd28b3d190
13314:             1             16  org.opensearch.sql.expression.aggregation.AggregatorFunction$$Lambda/0x00007fcd28b3d3a8
13315:             1             16  org.opensearch.sql.expression.aggregation.AggregatorFunction$$Lambda/0x00007fcd28b3d5c0
13316:             1             16  org.opensearch.sql.expression.aggregation.AggregatorFunction$$Lambda/0x00007fcd28b3d7d8
13317:             1             16  org.opensearch.sql.expression.aggregation.AggregatorFunction$$Lambda/0x00007fcd28b3d9f0
13318:             1             16  org.opensearch.sql.expression.aggregation.AggregatorFunction$$Lambda/0x00007fcd28b3dc08
13319:             1             16  org.opensearch.sql.expression.aggregation.AggregatorFunction$$Lambda/0x00007fcd28b3de20
13320:             1             16  org.opensearch.sql.expression.aggregation.AggregatorFunction$$Lambda/0x00007fcd28b3e038
13321:             1             16  org.opensearch.sql.expression.aggregation.AggregatorFunction$$Lambda/0x00007fcd28b3eaf8
13322:             1             16  org.opensearch.sql.expression.aggregation.AggregatorFunction$$Lambda/0x00007fcd28b3ed10
13323:             1             16  org.opensearch.sql.expression.aggregation.AggregatorFunction$$Lambda/0x00007fcd28b3ef28
13324:             1             16  org.opensearch.sql.expression.aggregation.AggregatorFunction$$Lambda/0x00007fcd28b3f140
13325:             1             16  org.opensearch.sql.expression.aggregation.AggregatorFunction$$Lambda/0x00007fcd28b3f358
13326:             1             16  org.opensearch.sql.expression.aggregation.AggregatorFunction$$Lambda/0x00007fcd28b3f570
13327:             1             16  org.opensearch.sql.expression.aggregation.AggregatorFunction$$Lambda/0x00007fcd28b3f788
13328:             1             16  org.opensearch.sql.expression.aggregation.AggregatorFunction$$Lambda/0x00007fcd28b3f9a0
13329:             1             16  org.opensearch.sql.expression.aggregation.AggregatorFunction$$Lambda/0x00007fcd28b3fbb8
13330:             1             16  org.opensearch.sql.expression.aggregation.AggregatorFunction$$Lambda/0x00007fcd28b3fdd0
13331:             1             16  org.opensearch.sql.expression.aggregation.AggregatorFunction$$Lambda/0x00007fcd28b40000
13332:             1             16  org.opensearch.sql.expression.aggregation.AggregatorFunction$$Lambda/0x00007fcd28b40218
13333:             1             16  org.opensearch.sql.expression.datetime.DateTimeFunction$$Lambda/0x00007fcd28b40630
13334:             1             16  org.opensearch.sql.expression.datetime.DateTimeFunction$$Lambda/0x00007fcd28b40a68
13335:             1             16  org.opensearch.sql.expression.datetime.DateTimeFunction$$Lambda/0x00007fcd28b40c80
13336:             1             16  org.opensearch.sql.expression.datetime.DateTimeFunction$$Lambda/0x00007fcd28b40e98
13337:             1             16  org.opensearch.sql.expression.datetime.DateTimeFunction$$Lambda/0x00007fcd28b410b0
13338:             1             16  org.opensearch.sql.expression.datetime.DateTimeFunction$$Lambda/0x00007fcd28b412c8
13339:             1             16  org.opensearch.sql.expression.datetime.DateTimeFunction$$Lambda/0x00007fcd28b414e0
13340:             1             16  org.opensearch.sql.expression.datetime.DateTimeFunction$$Lambda/0x00007fcd28b416f8
13341:             1             16  org.opensearch.sql.expression.datetime.DateTimeFunction$$Lambda/0x00007fcd28b41910
13342:             1             16  org.opensearch.sql.expression.datetime.DateTimeFunction$$Lambda/0x00007fcd28b41b28
13343:             1             16  org.opensearch.sql.expression.datetime.DateTimeFunction$$Lambda/0x00007fcd28b41d40
13344:             1             16  org.opensearch.sql.expression.datetime.DateTimeFunction$$Lambda/0x00007fcd28b41f58
13345:             1             16  org.opensearch.sql.expression.datetime.DateTimeFunction$$Lambda/0x00007fcd28b42170
13346:             1             16  org.opensearch.sql.expression.datetime.DateTimeFunction$$Lambda/0x00007fcd28b42388
13347:             1             16  org.opensearch.sql.expression.datetime.DateTimeFunction$$Lambda/0x00007fcd28b425a0
13348:             1             16  org.opensearch.sql.expression.datetime.DateTimeFunction$$Lambda/0x00007fcd28b427b8
13349:             1             16  org.opensearch.sql.expression.datetime.DateTimeFunction$$Lambda/0x00007fcd28b429d0
13350:             1             16  org.opensearch.sql.expression.datetime.DateTimeFunction$$Lambda/0x00007fcd28b42be8
13351:             1             16  org.opensearch.sql.expression.datetime.DateTimeFunction$$Lambda/0x00007fcd28b42e00
13352:             1             16  org.opensearch.sql.expression.datetime.DateTimeFunction$$Lambda/0x00007fcd28b43018
13353:             1             16  org.opensearch.sql.expression.datetime.DateTimeFunction$$Lambda/0x00007fcd28b43230
13354:             1             16  org.opensearch.sql.expression.datetime.DateTimeFunction$$Lambda/0x00007fcd28b43448
13355:             1             16  org.opensearch.sql.expression.datetime.DateTimeFunction$$Lambda/0x00007fcd28b43698
13356:             1             16  org.opensearch.sql.expression.datetime.DateTimeFunction$$Lambda/0x00007fcd28b438e8
13357:             1             16  org.opensearch.sql.expression.datetime.DateTimeFunction$$Lambda/0x00007fcd28b43b38
13358:             1             16  org.opensearch.sql.expression.datetime.DateTimeFunction$$Lambda/0x00007fcd28b43d88
13359:             1             16  org.opensearch.sql.expression.datetime.DateTimeFunction$$Lambda/0x00007fcd28b43fd8
13360:             1             16  org.opensearch.sql.expression.datetime.DateTimeFunction$$Lambda/0x00007fcd28b44228
13361:             1             16  org.opensearch.sql.expression.datetime.DateTimeFunction$$Lambda/0x00007fcd28b44478
13362:             1             16  org.opensearch.sql.expression.datetime.DateTimeFunction$$Lambda/0x00007fcd28b44690
13363:             1             16  org.opensearch.sql.expression.datetime.DateTimeFunction$$Lambda/0x00007fcd28b448a8
13364:             1             16  org.opensearch.sql.expression.datetime.DateTimeFunction$$Lambda/0x00007fcd28b44ac0
13365:             1             16  org.opensearch.sql.expression.datetime.DateTimeFunction$$Lambda/0x00007fcd28b44cd8
13366:             1             16  org.opensearch.sql.expression.datetime.DateTimeFunction$$Lambda/0x00007fcd28b44ef0
13367:             1             16  org.opensearch.sql.expression.datetime.DateTimeFunction$$Lambda/0x00007fcd28b45108
13368:             1             16  org.opensearch.sql.expression.datetime.DateTimeFunction$$Lambda/0x00007fcd28b45320
13369:             1             16  org.opensearch.sql.expression.datetime.DateTimeFunction$$Lambda/0x00007fcd28b45538
13370:             1             16  org.opensearch.sql.expression.datetime.DateTimeFunction$$Lambda/0x00007fcd28b45750
13371:             1             16  org.opensearch.sql.expression.datetime.DateTimeFunction$$Lambda/0x00007fcd28b45968
13372:             1             16  org.opensearch.sql.expression.datetime.DateTimeFunction$$Lambda/0x00007fcd28b45b80
13373:             1             16  org.opensearch.sql.expression.datetime.DateTimeFunction$$Lambda/0x00007fcd28b45d98
13374:             1             16  org.opensearch.sql.expression.datetime.DateTimeFunction$$Lambda/0x00007fcd28b45fb0
13375:             1             16  org.opensearch.sql.expression.datetime.DateTimeFunction$$Lambda/0x00007fcd28b461c8
13376:             1             16  org.opensearch.sql.expression.datetime.DateTimeFunction$$Lambda/0x00007fcd28b463e0
13377:             1             16  org.opensearch.sql.expression.datetime.DateTimeFunction$$Lambda/0x00007fcd28b465f8
13378:             1             16  org.opensearch.sql.expression.datetime.DateTimeFunction$$Lambda/0x00007fcd28b46838
13379:             1             16  org.opensearch.sql.expression.datetime.DateTimeFunction$$Lambda/0x00007fcd28b46a88
13380:             1             16  org.opensearch.sql.expression.datetime.DateTimeFunction$$Lambda/0x00007fcd28b46ca0
13381:             1             16  org.opensearch.sql.expression.datetime.DateTimeFunction$$Lambda/0x00007fcd28b470b8
13382:             1             16  org.opensearch.sql.expression.datetime.DateTimeFunction$$Lambda/0x00007fcd28b472f8
13383:             1             16  org.opensearch.sql.expression.datetime.DateTimeFunction$$Lambda/0x00007fcd28b47538
13384:             1             16  org.opensearch.sql.expression.datetime.DateTimeFunction$$Lambda/0x00007fcd28b47778
13385:             1             16  org.opensearch.sql.expression.datetime.DateTimeFunction$$Lambda/0x00007fcd28b47990
13386:             1             16  org.opensearch.sql.expression.datetime.DateTimeFunction$$Lambda/0x00007fcd28b47bd0
13387:             1             16  org.opensearch.sql.expression.datetime.DateTimeFunction$$Lambda/0x00007fcd28b47de8
13388:             1             16  org.opensearch.sql.expression.datetime.DateTimeFunction$$Lambda/0x00007fcd28b48000
13389:             1             16  org.opensearch.sql.expression.datetime.DateTimeFunction$$Lambda/0x00007fcd28b48250
13390:             1             16  org.opensearch.sql.expression.datetime.DateTimeFunction$$Lambda/0x00007fcd28b484a0
13391:             1             16  org.opensearch.sql.expression.datetime.DateTimeFunction$$Lambda/0x00007fcd28b486f0
13392:             1             16  org.opensearch.sql.expression.datetime.DateTimeFunction$$Lambda/0x00007fcd28b48940
13393:             1             16  org.opensearch.sql.expression.datetime.DateTimeFunction$$Lambda/0x00007fcd28b48b90
13394:             1             16  org.opensearch.sql.expression.datetime.DateTimeFunction$$Lambda/0x00007fcd28b48de0
13395:             1             16  org.opensearch.sql.expression.datetime.DateTimeFunction$$Lambda/0x00007fcd28b49030
13396:             1             16  org.opensearch.sql.expression.datetime.DateTimeFunction$$Lambda/0x00007fcd28b49280
13397:             1             16  org.opensearch.sql.expression.datetime.DateTimeFunction$$Lambda/0x00007fcd28b49708
13398:             1             16  org.opensearch.sql.expression.datetime.DateTimeFunction$$Lambda/0x00007fcd28b49958
13399:             1             16  org.opensearch.sql.expression.datetime.DateTimeFunction$$Lambda/0x00007fcd28b49ba8
13400:             1             16  org.opensearch.sql.expression.datetime.DateTimeFunction$$Lambda/0x00007fcd28b49df8
13401:             1             16  org.opensearch.sql.expression.datetime.DateTimeFunction$$Lambda/0x00007fcd28b4a048
13402:             1             16  org.opensearch.sql.expression.datetime.DateTimeFunction$$Lambda/0x00007fcd28b4a288
13403:             1             16  org.opensearch.sql.expression.datetime.DateTimeFunction$$Lambda/0x00007fcd28b4a4d8
13404:             1             16  org.opensearch.sql.expression.datetime.DateTimeFunction$$Lambda/0x00007fcd28b4a728
13405:             1             16  org.opensearch.sql.expression.datetime.DateTimeFunction$$Lambda/0x00007fcd28b4a978
13406:             1             16  org.opensearch.sql.expression.datetime.DateTimeFunction$$Lambda/0x00007fcd28b4abc8
13407:             1             16  org.opensearch.sql.expression.datetime.DateTimeFunction$$Lambda/0x00007fcd28b4ae08
13408:             1             16  org.opensearch.sql.expression.datetime.DateTimeFunction$$Lambda/0x00007fcd28b4b058
13409:             1             16  org.opensearch.sql.expression.datetime.DateTimeFunction$$Lambda/0x00007fcd28b4b2a8
13410:             1             16  org.opensearch.sql.expression.datetime.DateTimeFunction$$Lambda/0x00007fcd28b4b4f8
13411:             1             16  org.opensearch.sql.expression.datetime.DateTimeFunction$$Lambda/0x00007fcd28b4b748
13412:             1             16  org.opensearch.sql.expression.datetime.DateTimeFunction$$Lambda/0x00007fcd28b4b960
13413:             1             16  org.opensearch.sql.expression.datetime.DateTimeFunction$$Lambda/0x00007fcd28b4bba0
13414:             1             16  org.opensearch.sql.expression.datetime.DateTimeFunction$$Lambda/0x00007fcd28b4bde0
13415:             1             16  org.opensearch.sql.expression.datetime.DateTimeFunction$$Lambda/0x00007fcd28b4c020
13416:             1             16  org.opensearch.sql.expression.datetime.DateTimeFunction$$Lambda/0x00007fcd28b4c260
13417:             1             16  org.opensearch.sql.expression.datetime.DateTimeFunction$$Lambda/0x00007fcd28b4c4b0
13418:             1             16  org.opensearch.sql.expression.datetime.DateTimeFunction$$Lambda/0x00007fcd28b4c700
13419:             1             16  org.opensearch.sql.expression.datetime.DateTimeFunction$$Lambda/0x00007fcd28b4c940
13420:             1             16  org.opensearch.sql.expression.datetime.DateTimeFunction$$Lambda/0x00007fcd28b4cb80
13421:             1             16  org.opensearch.sql.expression.datetime.DateTimeFunction$$Lambda/0x00007fcd28b4cdd0
13422:             1             16  org.opensearch.sql.expression.datetime.DateTimeFunction$$Lambda/0x00007fcd28b4d020
13423:             1             16  org.opensearch.sql.expression.datetime.DateTimeFunction$$Lambda/0x00007fcd28b4d270
13424:             1             16  org.opensearch.sql.expression.datetime.DateTimeFunction$$Lambda/0x00007fcd28b4d4c0
13425:             1             16  org.opensearch.sql.expression.datetime.DateTimeFunction$$Lambda/0x00007fcd28b4d710
13426:             1             16  org.opensearch.sql.expression.datetime.DateTimeFunction$$Lambda/0x00007fcd28b4d960
13427:             1             16  org.opensearch.sql.expression.datetime.DateTimeFunction$$Lambda/0x00007fcd28b4dba0
13428:             1             16  org.opensearch.sql.expression.datetime.DateTimeFunction$$Lambda/0x00007fcd28b4ddf0
13429:             1             16  org.opensearch.sql.expression.datetime.DateTimeFunction$$Lambda/0x00007fcd28b4e040
13430:             1             16  org.opensearch.sql.expression.datetime.DateTimeFunction$$Lambda/0x00007fcd28b4e290
13431:             1             16  org.opensearch.sql.expression.datetime.DateTimeFunction$$Lambda/0x00007fcd28b4e4d0
13432:             1             16  org.opensearch.sql.expression.datetime.DateTimeFunction$$Lambda/0x00007fcd28b4e6e8
13433:             1             16  org.opensearch.sql.expression.datetime.DateTimeFunction$$Lambda/0x00007fcd28b4e938
13434:             1             16  org.opensearch.sql.expression.datetime.DateTimeFunction$$Lambda/0x00007fcd28b4eb88
13435:             1             16  org.opensearch.sql.expression.datetime.DateTimeFunction$$Lambda/0x00007fcd28b4edd8
13436:             1             16  org.opensearch.sql.expression.datetime.DateTimeFunction$$Lambda/0x00007fcd28b4f028
13437:             1             16  org.opensearch.sql.expression.datetime.DateTimeFunction$$Lambda/0x00007fcd28b4f278
13438:             1             16  org.opensearch.sql.expression.datetime.DateTimeFunction$$Lambda/0x00007fcd28b4f4c8
13439:             1             16  org.opensearch.sql.expression.datetime.DateTimeFunction$$Lambda/0x00007fcd28b4f718
13440:             1             16  org.opensearch.sql.expression.datetime.DateTimeFunction$$Lambda/0x00007fcd28b4f968
13441:             1             16  org.opensearch.sql.expression.datetime.DateTimeFunction$$Lambda/0x00007fcd28b4fbb8
13442:             1             16  org.opensearch.sql.expression.datetime.DateTimeFunction$$Lambda/0x00007fcd28b50000
13443:             1             16  org.opensearch.sql.expression.datetime.DateTimeFunction$$Lambda/0x00007fcd28b50250
13444:             1             16  org.opensearch.sql.expression.datetime.DateTimeFunction$$Lambda/0x00007fcd28b504a0
13445:             1             16  org.opensearch.sql.expression.datetime.DateTimeFunction$$Lambda/0x00007fcd28b506f0
13446:             1             16  org.opensearch.sql.expression.datetime.DateTimeFunction$$Lambda/0x00007fcd28b50940
13447:             1             16  org.opensearch.sql.expression.datetime.DateTimeFunction$$Lambda/0x00007fcd28b50b80
13448:             1             16  org.opensearch.sql.expression.datetime.DateTimeFunction$$Lambda/0x00007fcd28b50dd0
13449:             1             16  org.opensearch.sql.expression.datetime.DateTimeFunction$$Lambda/0x00007fcd28b51020
13450:             1             16  org.opensearch.sql.expression.datetime.DateTimeFunction$$Lambda/0x00007fcd28b51270
13451:             1             16  org.opensearch.sql.expression.datetime.DateTimeFunction$$Lambda/0x00007fcd28b514c0
13452:             1             16  org.opensearch.sql.expression.datetime.DateTimeFunction$$Lambda/0x00007fcd28b51710
13453:             1             16  org.opensearch.sql.expression.datetime.DateTimeFunction$$Lambda/0x00007fcd28b51960
13454:             1             16  org.opensearch.sql.expression.datetime.DateTimeFunction$$Lambda/0x00007fcd28b51bb0
13455:             1             16  org.opensearch.sql.expression.datetime.DateTimeFunction$$Lambda/0x00007fcd28b51e00
13456:             1             16  org.opensearch.sql.expression.datetime.DateTimeFunction$$Lambda/0x00007fcd28b52040
13457:             1             16  org.opensearch.sql.expression.datetime.DateTimeFunction$$Lambda/0x00007fcd28b52280
13458:             1             16  org.opensearch.sql.expression.datetime.DateTimeFunction$$Lambda/0x00007fcd28b524d0
13459:             1             16  org.opensearch.sql.expression.datetime.DateTimeFunction$$Lambda/0x00007fcd28b52720
13460:             1             16  org.opensearch.sql.expression.datetime.DateTimeFunction$$Lambda/0x00007fcd28b52970
13461:             1             16  org.opensearch.sql.expression.datetime.DateTimeFunction$$Lambda/0x00007fcd28b52bc0
13462:             1             16  org.opensearch.sql.expression.datetime.DateTimeFunction$$Lambda/0x00007fcd28b52e10
13463:             1             16  org.opensearch.sql.expression.datetime.DateTimeFunction$$Lambda/0x00007fcd28b53060
13464:             1             16  org.opensearch.sql.expression.datetime.DateTimeFunction$$Lambda/0x00007fcd28b532b0
13465:             1             16  org.opensearch.sql.expression.datetime.DateTimeFunction$$Lambda/0x00007fcd28b53500
13466:             1             16  org.opensearch.sql.expression.datetime.DateTimeFunction$$Lambda/0x00007fcd28b53750
13467:             1             16  org.opensearch.sql.expression.datetime.DateTimeFunction$$Lambda/0x00007fcd28b539a0
13468:             1             16  org.opensearch.sql.expression.datetime.DateTimeFunction$$Lambda/0x00007fcd28b53bf0
13469:             1             16  org.opensearch.sql.expression.datetime.DateTimeFunction$$Lambda/0x00007fcd28b54400
13470:             1             16  org.opensearch.sql.expression.datetime.DateTimeFunction$$Lambda/0x00007fcd28b54800
13471:             1             16  org.opensearch.sql.expression.datetime.DateTimeFunction$$Lambda/0x00007fcd28b54a40
13472:             1             16  org.opensearch.sql.expression.datetime.DateTimeFunction$$Lambda/0x00007fcd28b54c90
13473:             1             16  org.opensearch.sql.expression.datetime.DateTimeFunction$$Lambda/0x00007fcd28b55000
13474:             1             16  org.opensearch.sql.expression.datetime.DateTimeFunction$$Lambda/0x00007fcd28b55218
13475:             1             16  org.opensearch.sql.expression.datetime.DateTimeFunction$$Lambda/0x00007fcd28b55430
13476:             1             16  org.opensearch.sql.expression.datetime.DateTimeFunction$$Lambda/0x00007fcd28b55648
13477:             1             16  org.opensearch.sql.expression.datetime.DateTimeFunction$$Lambda/0x00007fcd28b55860
13478:             1             16  org.opensearch.sql.expression.datetime.DateTimeFunction$$Lambda/0x00007fcd28b55a78
13479:             1             16  org.opensearch.sql.expression.datetime.DateTimeFunction$$Lambda/0x00007fcd28b55c90
13480:             1             16  org.opensearch.sql.expression.datetime.DateTimeFunction$$Lambda/0x00007fcd28b56000
13481:             1             16  org.opensearch.sql.expression.datetime.DateTimeFunction$$Lambda/0x00007fcd28b56250
13482:             1             16  org.opensearch.sql.expression.datetime.DateTimeFunction$$Lambda/0x00007fcd28b56468
13483:             1             16  org.opensearch.sql.expression.datetime.DateTimeFunction$$Lambda/0x00007fcd28b56680
13484:             1             16  org.opensearch.sql.expression.datetime.DateTimeFunction$$Lambda/0x00007fcd28b56898
13485:             1             16  org.opensearch.sql.expression.datetime.DateTimeFunction$$Lambda/0x00007fcd28b56ab0
13486:             1             16  org.opensearch.sql.expression.datetime.DateTimeFunction$$Lambda/0x00007fcd28b56cc8
13487:             1             16  org.opensearch.sql.expression.datetime.DateTimeFunction$$Lambda/0x00007fcd28b56ee0
13488:             1             16  org.opensearch.sql.expression.datetime.DateTimeFunction$$Lambda/0x00007fcd28b570f8
13489:             1             16  org.opensearch.sql.expression.datetime.DateTimeFunction$$Lambda/0x00007fcd28b57310
13490:             1             16  org.opensearch.sql.expression.datetime.DateTimeFunction$$Lambda/0x00007fcd28b57528
13491:             1             16  org.opensearch.sql.expression.datetime.DateTimeFunction$$Lambda/0x00007fcd28b57740
13492:             1             16  org.opensearch.sql.expression.datetime.DateTimeFunction$$Lambda/0x00007fcd28b57958
13493:             1             16  org.opensearch.sql.expression.datetime.DateTimeFunction$$Lambda/0x00007fcd28b57b70
13494:             1             16  org.opensearch.sql.expression.datetime.DateTimeFunction$$Lambda/0x00007fcd28b57d88
13495:             1             16  org.opensearch.sql.expression.datetime.DateTimeFunction$$Lambda/0x00007fcd28b58000
13496:             1             16  org.opensearch.sql.expression.datetime.DateTimeFunction$$Lambda/0x00007fcd28b58250
13497:             1             16  org.opensearch.sql.expression.datetime.DateTimeFunction$$Lambda/0x00007fcd28b584a0
13498:             1             16  org.opensearch.sql.expression.datetime.DateTimeFunction$$Lambda/0x00007fcd28b586e0
13499:             1             16  org.opensearch.sql.expression.datetime.DateTimeFunction$$Lambda/0x00007fcd28b58920
13500:             1             16  org.opensearch.sql.expression.datetime.DateTimeFunction$$Lambda/0x00007fcd28b58b60
13501:             1             16  org.opensearch.sql.expression.datetime.DateTimeFunction$$Lambda/0x00007fcd28b58da0
13502:             1             16  org.opensearch.sql.expression.datetime.DateTimeFunction$$Lambda/0x00007fcd28b58fe0
13503:             1             16  org.opensearch.sql.expression.datetime.DateTimeFunction$$Lambda/0x00007fcd28b59230
13504:             1             16  org.opensearch.sql.expression.datetime.DateTimeFunction$$Lambda/0x00007fcd28b59480
13505:             1             16  org.opensearch.sql.expression.datetime.DateTimeFunction$$Lambda/0x00007fcd28b596d0
13506:             1             16  org.opensearch.sql.expression.datetime.DateTimeFunction$$Lambda/0x00007fcd28b59920
13507:             1             16  org.opensearch.sql.expression.datetime.DateTimeFunction$$Lambda/0x00007fcd28b59b60
13508:             1             16  org.opensearch.sql.expression.datetime.DateTimeFunction$$Lambda/0x00007fcd28b59db0
13509:             1             16  org.opensearch.sql.expression.datetime.DateTimeFunction$$Lambda/0x00007fcd28b59ff0
13510:             1             16  org.opensearch.sql.expression.datetime.DateTimeFunction$$Lambda/0x00007fcd28b5a208
13511:             1             16  org.opensearch.sql.expression.datetime.DateTimeFunction$$Lambda/0x00007fcd28b5a420
13512:             1             16  org.opensearch.sql.expression.datetime.DateTimeFunction$$Lambda/0x00007fcd28b5acd0
13513:             1             16  org.opensearch.sql.expression.datetime.DateTimeFunction$$Lambda/0x00007fcd28b5aee8
13514:             1             16  org.opensearch.sql.expression.datetime.DateTimeFunction$$Lambda/0x00007fcd28b5b100
13515:             1             16  org.opensearch.sql.expression.datetime.DateTimeFunction$$Lambda/0x00007fcd28b5b318
13516:             1             16  org.opensearch.sql.expression.datetime.DateTimeFunction$$Lambda/0x00007fcd28b5b530
13517:             1             16  org.opensearch.sql.expression.datetime.DateTimeFunction$$Lambda/0x00007fcd28b5b748
13518:             1             16  org.opensearch.sql.expression.datetime.DateTimeFunction$$Lambda/0x00007fcd28b5b998
13519:             1             16  org.opensearch.sql.expression.datetime.DateTimeFunction$$Lambda/0x00007fcd28b5bbe8
13520:             1             16  org.opensearch.sql.expression.datetime.DateTimeFunction$$Lambda/0x00007fcd28b5be38
13521:             1             16  org.opensearch.sql.expression.datetime.DateTimeFunction$$Lambda/0x00007fcd28b5c088
13522:             1             16  org.opensearch.sql.expression.datetime.DateTimeFunction$$Lambda/0x00007fcd28b5c2d8
13523:             1             16  org.opensearch.sql.expression.datetime.DateTimeFunction$$Lambda/0x00007fcd28b5c528
13524:             1             16  org.opensearch.sql.expression.datetime.DateTimeFunction$$Lambda/0x00007fcd28b5c778
13525:             1             16  org.opensearch.sql.expression.datetime.DateTimeFunction$$Lambda/0x00007fcd28b5c9c8
13526:             1             16  org.opensearch.sql.expression.datetime.DateTimeFunction$$Lambda/0x00007fcd28b5cc18
13527:             1             16  org.opensearch.sql.expression.datetime.DateTimeFunction$$Lambda/0x00007fcd28b5ce68
13528:             1             16  org.opensearch.sql.expression.datetime.DateTimeFunction$$Lambda/0x00007fcd28b5d0b8
13529:             1             16  org.opensearch.sql.expression.datetime.DateTimeFunction$$Lambda/0x00007fcd28b5d308
13530:             1             16  org.opensearch.sql.expression.datetime.DateTimeFunction$$Lambda/0x00007fcd28b5d558
13531:             1             16  org.opensearch.sql.expression.datetime.DateTimeFunction$$Lambda/0x00007fcd28b5d7a8
13532:             1             16  org.opensearch.sql.expression.datetime.DateTimeFunction$$Lambda/0x00007fcd28b5d9e8
13533:             1             16  org.opensearch.sql.expression.datetime.DateTimeFunction$$Lambda/0x00007fcd28b5dc38
13534:             1             16  org.opensearch.sql.expression.datetime.DateTimeFunction$$Lambda/0x00007fcd28b5de88
13535:             1             16  org.opensearch.sql.expression.datetime.DateTimeFunction$$Lambda/0x00007fcd28b5e0d8
13536:             1             16  org.opensearch.sql.expression.datetime.DateTimeFunction$$Lambda/0x00007fcd28b5e328
13537:             1             16  org.opensearch.sql.expression.datetime.DateTimeFunction$$Lambda/0x00007fcd28b5e540
13538:             1             16  org.opensearch.sql.expression.datetime.DateTimeFunction$$Lambda/0x00007fcd28b5e780
13539:             1             16  org.opensearch.sql.expression.datetime.DateTimeFunction$$Lambda/0x00007fcd28b5e9c0
13540:             1             16  org.opensearch.sql.expression.datetime.DateTimeFunction$$Lambda/0x00007fcd28b5ec00
13541:             1             16  org.opensearch.sql.expression.datetime.DateTimeFunction$$Lambda/0x00007fcd28b5ee40
13542:             1             16  org.opensearch.sql.expression.datetime.DateTimeFunction$$Lambda/0x00007fcd28b5f080
13543:             1             16  org.opensearch.sql.expression.datetime.DateTimeFunction$$Lambda/0x00007fcd28b5f2d0
13544:             1             16  org.opensearch.sql.expression.datetime.DateTimeFunction$$Lambda/0x00007fcd28b5f520
13545:             1             16  org.opensearch.sql.expression.datetime.DateTimeFunction$$Lambda/0x00007fcd28b5f770
13546:             1             16  org.opensearch.sql.expression.datetime.DateTimeFunction$$Lambda/0x00007fcd28b5f9c0
13547:             1             16  org.opensearch.sql.expression.datetime.DateTimeFunction$$Lambda/0x00007fcd28b5fc10
13548:             1             16  org.opensearch.sql.expression.datetime.DateTimeFunction$$Lambda/0x00007fcd28b60000
13549:             1             16  org.opensearch.sql.expression.datetime.DateTimeFunction$$Lambda/0x00007fcd28b60250
13550:             1             16  org.opensearch.sql.expression.datetime.DateTimeFunction$$Lambda/0x00007fcd28b604a0
13551:             1             16  org.opensearch.sql.expression.datetime.DateTimeFunction$$Lambda/0x00007fcd28b606e0
13552:             1             16  org.opensearch.sql.expression.datetime.DateTimeFunction$$Lambda/0x00007fcd28b60930
13553:             1             16  org.opensearch.sql.expression.datetime.DateTimeFunction$$Lambda/0x00007fcd28b60b80
13554:             1             16  org.opensearch.sql.expression.datetime.DateTimeFunction$$Lambda/0x00007fcd28b60dd0
13555:             1             16  org.opensearch.sql.expression.datetime.DateTimeFunction$$Lambda/0x00007fcd28b61020
13556:             1             16  org.opensearch.sql.expression.datetime.DateTimeFunction$$Lambda/0x00007fcd28b61238
13557:             1             16  org.opensearch.sql.expression.datetime.DateTimeFunction$$Lambda/0x00007fcd28b61478
13558:             1             16  org.opensearch.sql.expression.datetime.DateTimeFunction$$Lambda/0x00007fcd28b616b8
13559:             1             16  org.opensearch.sql.expression.datetime.DateTimeFunction$$Lambda/0x00007fcd28b618f8
13560:             1             16  org.opensearch.sql.expression.datetime.IntervalClause$$Lambda/0x00007fcd28b61d38
13561:             1             16  org.opensearch.sql.expression.datetime.IntervalClause$$Lambda/0x00007fcd28b61f78
13562:             1             16  org.opensearch.sql.expression.function.BuiltinFunctionRepository
13563:             1             16  org.opensearch.sql.expression.function.OpenSearchFunctions$1
13564:             1             16  org.opensearch.sql.expression.operator.arthmetic.ArithmeticFunction$$Lambda/0x00007fcd28b198c0
13565:             1             16  org.opensearch.sql.expression.operator.arthmetic.ArithmeticFunction$$Lambda/0x00007fcd28b1b2c0
13566:             1             16  org.opensearch.sql.expression.operator.arthmetic.ArithmeticFunction$$Lambda/0x00007fcd28b1b500
13567:             1             16  org.opensearch.sql.expression.operator.arthmetic.ArithmeticFunction$$Lambda/0x00007fcd28b1b740
13568:             1             16  org.opensearch.sql.expression.operator.arthmetic.ArithmeticFunction$$Lambda/0x00007fcd28b1b980
13569:             1             16  org.opensearch.sql.expression.operator.arthmetic.ArithmeticFunction$$Lambda/0x00007fcd28b1bbc0
13570:             1             16  org.opensearch.sql.expression.operator.arthmetic.ArithmeticFunction$$Lambda/0x00007fcd28b1d398
13571:             1             16  org.opensearch.sql.expression.operator.arthmetic.ArithmeticFunction$$Lambda/0x00007fcd28b1d5d8
13572:             1             16  org.opensearch.sql.expression.operator.arthmetic.ArithmeticFunction$$Lambda/0x00007fcd28b1d818
13573:             1             16  org.opensearch.sql.expression.operator.arthmetic.ArithmeticFunction$$Lambda/0x00007fcd28b1da58
13574:             1             16  org.opensearch.sql.expression.operator.arthmetic.ArithmeticFunction$$Lambda/0x00007fcd28b1dc98
13575:             1             16  org.opensearch.sql.expression.operator.arthmetic.ArithmeticFunction$$Lambda/0x00007fcd28b1ded8
13576:             1             16  org.opensearch.sql.expression.operator.arthmetic.ArithmeticFunction$$Lambda/0x00007fcd28b1e118
13577:             1             16  org.opensearch.sql.expression.operator.arthmetic.ArithmeticFunction$$Lambda/0x00007fcd28b1e358
13578:             1             16  org.opensearch.sql.expression.operator.arthmetic.ArithmeticFunction$$Lambda/0x00007fcd28b1e598
13579:             1             16  org.opensearch.sql.expression.operator.arthmetic.ArithmeticFunction$$Lambda/0x00007fcd28b1e7d8
13580:             1             16  org.opensearch.sql.expression.operator.arthmetic.ArithmeticFunction$$Lambda/0x00007fcd28b1ea18
13581:             1             16  org.opensearch.sql.expression.operator.arthmetic.ArithmeticFunction$$Lambda/0x00007fcd28b1ec58
13582:             1             16  org.opensearch.sql.expression.operator.arthmetic.ArithmeticFunction$$Lambda/0x00007fcd28b1ee98
13583:             1             16  org.opensearch.sql.expression.operator.arthmetic.ArithmeticFunction$$Lambda/0x00007fcd28b1f0d8
13584:             1             16  org.opensearch.sql.expression.operator.arthmetic.ArithmeticFunction$$Lambda/0x00007fcd28b1f318
13585:             1             16  org.opensearch.sql.expression.operator.arthmetic.ArithmeticFunction$$Lambda/0x00007fcd28b1f558
13586:             1             16  org.opensearch.sql.expression.operator.arthmetic.ArithmeticFunction$$Lambda/0x00007fcd28b1f798
13587:             1             16  org.opensearch.sql.expression.operator.arthmetic.ArithmeticFunction$$Lambda/0x00007fcd28b1f9d8
13588:             1             16  org.opensearch.sql.expression.operator.arthmetic.ArithmeticFunction$$Lambda/0x00007fcd28b1fc18
13589:             1             16  org.opensearch.sql.expression.operator.arthmetic.ArithmeticFunction$$Lambda/0x00007fcd28b20000
13590:             1             16  org.opensearch.sql.expression.operator.arthmetic.ArithmeticFunction$$Lambda/0x00007fcd28b20240
13591:             1             16  org.opensearch.sql.expression.operator.arthmetic.ArithmeticFunction$$Lambda/0x00007fcd28b20480
13592:             1             16  org.opensearch.sql.expression.operator.arthmetic.ArithmeticFunction$$Lambda/0x00007fcd28b206c0
13593:             1             16  org.opensearch.sql.expression.operator.arthmetic.ArithmeticFunction$$Lambda/0x00007fcd28b20900
13594:             1             16  org.opensearch.sql.expression.operator.arthmetic.MathematicalFunction$$Lambda/0x00007fcd28b2cf50
13595:             1             16  org.opensearch.sql.expression.operator.arthmetic.MathematicalFunction$$Lambda/0x00007fcd28b2d898
13596:             1             16  org.opensearch.sql.expression.operator.arthmetic.MathematicalFunction$$Lambda/0x00007fcd28b2dae8
13597:             1             16  org.opensearch.sql.expression.operator.arthmetic.MathematicalFunction$$Lambda/0x00007fcd28b2dd38
13598:             1             16  org.opensearch.sql.expression.operator.arthmetic.MathematicalFunction$$Lambda/0x00007fcd28b2df88
13599:             1             16  org.opensearch.sql.expression.operator.arthmetic.MathematicalFunction$$Lambda/0x00007fcd28b2e1d8
13600:             1             16  org.opensearch.sql.expression.operator.arthmetic.MathematicalFunction$$Lambda/0x00007fcd28b2e648
13601:             1             16  org.opensearch.sql.expression.operator.arthmetic.MathematicalFunction$$Lambda/0x00007fcd28b2e880
13602:             1             16  org.opensearch.sql.expression.operator.arthmetic.MathematicalFunction$$Lambda/0x00007fcd28b2ead0
13603:             1             16  org.opensearch.sql.expression.operator.arthmetic.MathematicalFunction$$Lambda/0x00007fcd28b2ed08
13604:             1             16  org.opensearch.sql.expression.operator.arthmetic.MathematicalFunction$$Lambda/0x00007fcd28b2ef58
13605:             1             16  org.opensearch.sql.expression.operator.arthmetic.MathematicalFunction$$Lambda/0x00007fcd28b2f1a8
13606:             1             16  org.opensearch.sql.expression.operator.arthmetic.MathematicalFunction$$Lambda/0x00007fcd28b2f3e8
13607:             1             16  org.opensearch.sql.expression.operator.arthmetic.MathematicalFunction$$Lambda/0x00007fcd28b2f628
13608:             1             16  org.opensearch.sql.expression.operator.arthmetic.MathematicalFunction$$Lambda/0x00007fcd28b2fab8
13609:             1             16  org.opensearch.sql.expression.operator.arthmetic.MathematicalFunction$$Lambda/0x00007fcd28b2fd08
13610:             1             16  org.opensearch.sql.expression.operator.arthmetic.MathematicalFunction$$Lambda/0x00007fcd28b30000
13611:             1             16  org.opensearch.sql.expression.operator.arthmetic.MathematicalFunction$$Lambda/0x00007fcd28b30690
13612:             1             16  org.opensearch.sql.expression.operator.arthmetic.MathematicalFunction$$Lambda/0x00007fcd28b30ac8
13613:             1             16  org.opensearch.sql.expression.operator.arthmetic.MathematicalFunction$$Lambda/0x00007fcd28b30d18
13614:             1             16  org.opensearch.sql.expression.operator.arthmetic.MathematicalFunction$$Lambda/0x00007fcd28b30f68
13615:             1             16  org.opensearch.sql.expression.operator.arthmetic.MathematicalFunction$$Lambda/0x00007fcd28b311a0
13616:             1             16  org.opensearch.sql.expression.operator.arthmetic.MathematicalFunction$$Lambda/0x00007fcd28b313f0
13617:             1             16  org.opensearch.sql.expression.operator.arthmetic.MathematicalFunction$$Lambda/0x00007fcd28b31640
13618:             1             16  org.opensearch.sql.expression.operator.arthmetic.MathematicalFunction$$Lambda/0x00007fcd28b31a88
13619:             1             16  org.opensearch.sql.expression.operator.arthmetic.MathematicalFunction$$Lambda/0x00007fcd28b32380
13620:             1             16  org.opensearch.sql.expression.operator.arthmetic.MathematicalFunction$$Lambda/0x00007fcd28b325d0
13621:             1             16  org.opensearch.sql.expression.operator.arthmetic.MathematicalFunction$$Lambda/0x00007fcd28b32820
13622:             1             16  org.opensearch.sql.expression.operator.arthmetic.MathematicalFunction$$Lambda/0x00007fcd28b32a70
13623:             1             16  org.opensearch.sql.expression.operator.arthmetic.MathematicalFunction$$Lambda/0x00007fcd28b32cc0
13624:             1             16  org.opensearch.sql.expression.operator.arthmetic.MathematicalFunction$$Lambda/0x00007fcd28b32f10
13625:             1             16  org.opensearch.sql.expression.operator.arthmetic.MathematicalFunction$$Lambda/0x00007fcd28b33150
13626:             1             16  org.opensearch.sql.expression.operator.arthmetic.MathematicalFunction$$Lambda/0x00007fcd28b333a0
13627:             1             16  org.opensearch.sql.expression.operator.arthmetic.MathematicalFunction$$Lambda/0x00007fcd28b335f0
13628:             1             16  org.opensearch.sql.expression.operator.arthmetic.MathematicalFunction$$Lambda/0x00007fcd28b33830
13629:             1             16  org.opensearch.sql.expression.operator.arthmetic.MathematicalFunction$$Lambda/0x00007fcd28b33a70
13630:             1             16  org.opensearch.sql.expression.operator.arthmetic.MathematicalFunction$$Lambda/0x00007fcd28b33cb0
13631:             1             16  org.opensearch.sql.expression.operator.arthmetic.MathematicalFunction$$Lambda/0x00007fcd28b33ef0
13632:             1             16  org.opensearch.sql.expression.operator.arthmetic.MathematicalFunction$$Lambda/0x00007fcd28b34130
13633:             1             16  org.opensearch.sql.expression.operator.arthmetic.MathematicalFunction$$Lambda/0x00007fcd28b34370
13634:             1             16  org.opensearch.sql.expression.operator.arthmetic.MathematicalFunction$$Lambda/0x00007fcd28b34598
13635:             1             16  org.opensearch.sql.expression.operator.arthmetic.MathematicalFunction$$Lambda/0x00007fcd28b347d8
13636:             1             16  org.opensearch.sql.expression.operator.arthmetic.MathematicalFunction$$Lambda/0x00007fcd28b34a18
13637:             1             16  org.opensearch.sql.expression.operator.arthmetic.MathematicalFunction$$Lambda/0x00007fcd28b34c58
13638:             1             16  org.opensearch.sql.expression.operator.arthmetic.MathematicalFunction$$Lambda/0x00007fcd28b34e98
13639:             1             16  org.opensearch.sql.expression.operator.arthmetic.MathematicalFunction$$Lambda/0x00007fcd28b350d8
13640:             1             16  org.opensearch.sql.expression.operator.arthmetic.MathematicalFunction$$Lambda/0x00007fcd28b35328
13641:             1             16  org.opensearch.sql.expression.operator.arthmetic.MathematicalFunction$$Lambda/0x00007fcd28b35550
13642:             1             16  org.opensearch.sql.expression.operator.arthmetic.MathematicalFunction$$Lambda/0x00007fcd28b357a0
13643:             1             16  org.opensearch.sql.expression.operator.arthmetic.MathematicalFunction$$Lambda/0x00007fcd28b359f0
13644:             1             16  org.opensearch.sql.expression.operator.arthmetic.MathematicalFunction$$Lambda/0x00007fcd28b35c40
13645:             1             16  org.opensearch.sql.expression.operator.arthmetic.MathematicalFunction$$Lambda/0x00007fcd28b35e90
13646:             1             16  org.opensearch.sql.expression.operator.arthmetic.MathematicalFunction$$Lambda/0x00007fcd28b360e0
13647:             1             16  org.opensearch.sql.expression.operator.arthmetic.MathematicalFunction$$Lambda/0x00007fcd28b36330
13648:             1             16  org.opensearch.sql.expression.operator.arthmetic.MathematicalFunction$$Lambda/0x00007fcd28b36570
13649:             1             16  org.opensearch.sql.expression.operator.arthmetic.MathematicalFunction$$Lambda/0x00007fcd28b367b0
13650:             1             16  org.opensearch.sql.expression.operator.arthmetic.MathematicalFunction$$Lambda/0x00007fcd28b369f0
13651:             1             16  org.opensearch.sql.expression.operator.arthmetic.MathematicalFunction$$Lambda/0x00007fcd28b36c30
13652:             1             16  org.opensearch.sql.expression.operator.arthmetic.MathematicalFunction$$Lambda/0x00007fcd28b36e80
13653:             1             16  org.opensearch.sql.expression.operator.arthmetic.MathematicalFunction$$Lambda/0x00007fcd28b370d0
13654:             1             16  org.opensearch.sql.expression.operator.arthmetic.MathematicalFunction$$Lambda/0x00007fcd28b37320
13655:             1             16  org.opensearch.sql.expression.operator.arthmetic.MathematicalFunction$$Lambda/0x00007fcd28b37570
13656:             1             16  org.opensearch.sql.expression.operator.arthmetic.MathematicalFunction$$Lambda/0x00007fcd28b377c0
13657:             1             16  org.opensearch.sql.expression.operator.arthmetic.MathematicalFunction$$Lambda/0x00007fcd28b37a10
13658:             1             16  org.opensearch.sql.expression.operator.arthmetic.MathematicalFunction$$Lambda/0x00007fcd28b37c50
13659:             1             16  org.opensearch.sql.expression.operator.arthmetic.MathematicalFunction$$Lambda/0x00007fcd28b38000
13660:             1             16  org.opensearch.sql.expression.operator.arthmetic.MathematicalFunction$$Lambda/0x00007fcd28b38240
13661:             1             16  org.opensearch.sql.expression.operator.convert.TypeCastOperator$$Lambda/0x00007fcd28b670d0
13662:             1             16  org.opensearch.sql.expression.operator.convert.TypeCastOperator$$Lambda/0x00007fcd28b67308
13663:             1             16  org.opensearch.sql.expression.operator.convert.TypeCastOperator$$Lambda/0x00007fcd28b67558
13664:             1             16  org.opensearch.sql.expression.operator.convert.TypeCastOperator$$Lambda/0x00007fcd28b677a8
13665:             1             16  org.opensearch.sql.expression.operator.convert.TypeCastOperator$$Lambda/0x00007fcd28b679f8
13666:             1             16  org.opensearch.sql.expression.operator.convert.TypeCastOperator$$Lambda/0x00007fcd28b67c48
13667:             1             16  org.opensearch.sql.expression.operator.convert.TypeCastOperator$$Lambda/0x00007fcd28b68000
13668:             1             16  org.opensearch.sql.expression.operator.convert.TypeCastOperator$$Lambda/0x00007fcd28b68250
13669:             1             16  org.opensearch.sql.expression.operator.convert.TypeCastOperator$$Lambda/0x00007fcd28b684a0
13670:             1             16  org.opensearch.sql.expression.operator.convert.TypeCastOperator$$Lambda/0x00007fcd28b686f0
13671:             1             16  org.opensearch.sql.expression.operator.convert.TypeCastOperator$$Lambda/0x00007fcd28b68940
13672:             1             16  org.opensearch.sql.expression.operator.convert.TypeCastOperator$$Lambda/0x00007fcd28b68b90
13673:             1             16  org.opensearch.sql.expression.operator.convert.TypeCastOperator$$Lambda/0x00007fcd28b68de0
13674:             1             16  org.opensearch.sql.expression.operator.convert.TypeCastOperator$$Lambda/0x00007fcd28b69030
13675:             1             16  org.opensearch.sql.expression.operator.convert.TypeCastOperator$$Lambda/0x00007fcd28b69280
13676:             1             16  org.opensearch.sql.expression.operator.convert.TypeCastOperator$$Lambda/0x00007fcd28b694d0
13677:             1             16  org.opensearch.sql.expression.operator.convert.TypeCastOperator$$Lambda/0x00007fcd28b69720
13678:             1             16  org.opensearch.sql.expression.operator.convert.TypeCastOperator$$Lambda/0x00007fcd28b69970
13679:             1             16  org.opensearch.sql.expression.operator.convert.TypeCastOperator$$Lambda/0x00007fcd28b69bc0
13680:             1             16  org.opensearch.sql.expression.operator.convert.TypeCastOperator$$Lambda/0x00007fcd28b69e10
13681:             1             16  org.opensearch.sql.expression.operator.convert.TypeCastOperator$$Lambda/0x00007fcd28b6a060
13682:             1             16  org.opensearch.sql.expression.operator.convert.TypeCastOperator$$Lambda/0x00007fcd28b6a2b0
13683:             1             16  org.opensearch.sql.expression.operator.convert.TypeCastOperator$$Lambda/0x00007fcd28b6a500
13684:             1             16  org.opensearch.sql.expression.operator.convert.TypeCastOperator$$Lambda/0x00007fcd28b6a750
13685:             1             16  org.opensearch.sql.expression.operator.convert.TypeCastOperator$$Lambda/0x00007fcd28b6a9a0
13686:             1             16  org.opensearch.sql.expression.operator.convert.TypeCastOperator$$Lambda/0x00007fcd28b6abf0
13687:             1             16  org.opensearch.sql.expression.operator.convert.TypeCastOperator$$Lambda/0x00007fcd28b6ae40
13688:             1             16  org.opensearch.sql.expression.operator.convert.TypeCastOperator$$Lambda/0x00007fcd28b6b090
13689:             1             16  org.opensearch.sql.expression.operator.convert.TypeCastOperator$$Lambda/0x00007fcd28b6b2e0
13690:             1             16  org.opensearch.sql.expression.operator.convert.TypeCastOperator$$Lambda/0x00007fcd28b6b530
13691:             1             16  org.opensearch.sql.expression.operator.convert.TypeCastOperator$$Lambda/0x00007fcd28b6b780
13692:             1             16  org.opensearch.sql.expression.operator.convert.TypeCastOperator$$Lambda/0x00007fcd28b6b9d0
13693:             1             16  org.opensearch.sql.expression.operator.convert.TypeCastOperator$$Lambda/0x00007fcd28b6bc20
13694:             1             16  org.opensearch.sql.expression.operator.convert.TypeCastOperator$$Lambda/0x00007fcd28b6be70
13695:             1             16  org.opensearch.sql.expression.operator.convert.TypeCastOperator$$Lambda/0x00007fcd28b6c0c0
13696:             1             16  org.opensearch.sql.expression.operator.convert.TypeCastOperator$$Lambda/0x00007fcd28b6c310
13697:             1             16  org.opensearch.sql.expression.operator.convert.TypeCastOperator$$Lambda/0x00007fcd28b6c550
13698:             1             16  org.opensearch.sql.expression.operator.convert.TypeCastOperator$$Lambda/0x00007fcd28b6c7a0
13699:             1             16  org.opensearch.sql.expression.operator.convert.TypeCastOperator$$Lambda/0x00007fcd28b6c9f0
13700:             1             16  org.opensearch.sql.expression.operator.convert.TypeCastOperator$$Lambda/0x00007fcd28b6cc40
13701:             1             16  org.opensearch.sql.expression.operator.convert.TypeCastOperator$$Lambda/0x00007fcd28b6ce90
13702:             1             16  org.opensearch.sql.expression.operator.convert.TypeCastOperator$$Lambda/0x00007fcd28b6d0d0
13703:             1             16  org.opensearch.sql.expression.operator.predicate.BinaryPredicateOperator$$Lambda/0x00007fcd28b296e0
13704:             1             16  org.opensearch.sql.expression.operator.predicate.BinaryPredicateOperator$$Lambda/0x00007fcd28b29920
13705:             1             16  org.opensearch.sql.expression.operator.predicate.BinaryPredicateOperator$$Lambda/0x00007fcd28b29b60
13706:             1             16  org.opensearch.sql.expression.operator.predicate.BinaryPredicateOperator$$Lambda/0x00007fcd28b2a230
13707:             1             16  org.opensearch.sql.expression.operator.predicate.BinaryPredicateOperator$$Lambda/0x00007fcd28b2a468
13708:             1             16  org.opensearch.sql.expression.operator.predicate.BinaryPredicateOperator$$Lambda/0x00007fcd28b2a6a8
13709:             1             16  org.opensearch.sql.expression.operator.predicate.BinaryPredicateOperator$$Lambda/0x00007fcd28b2a8e0
13710:             1             16  org.opensearch.sql.expression.operator.predicate.BinaryPredicateOperator$$Lambda/0x00007fcd28b2ab20
13711:             1             16  org.opensearch.sql.expression.operator.predicate.BinaryPredicateOperator$$Lambda/0x00007fcd28b2ad58
13712:             1             16  org.opensearch.sql.expression.operator.predicate.BinaryPredicateOperator$$Lambda/0x00007fcd28b2af98
13713:             1             16  org.opensearch.sql.expression.operator.predicate.BinaryPredicateOperator$$Lambda/0x00007fcd28b2b1d0
13714:             1             16  org.opensearch.sql.expression.operator.predicate.BinaryPredicateOperator$$Lambda/0x00007fcd28b2b410
13715:             1             16  org.opensearch.sql.expression.operator.predicate.BinaryPredicateOperator$$Lambda/0x00007fcd28b2b648
13716:             1             16  org.opensearch.sql.expression.operator.predicate.BinaryPredicateOperator$$Lambda/0x00007fcd28b2b888
13717:             1             16  org.opensearch.sql.expression.operator.predicate.BinaryPredicateOperator$$Lambda/0x00007fcd28b2bac0
13718:             1             16  org.opensearch.sql.expression.operator.predicate.BinaryPredicateOperator$$Lambda/0x00007fcd28b2bf00
13719:             1             16  org.opensearch.sql.expression.operator.predicate.BinaryPredicateOperator$$Lambda/0x00007fcd28b2c140
13720:             1             16  org.opensearch.sql.expression.operator.predicate.BinaryPredicateOperator$$Lambda/0x00007fcd28b2cb10
13721:             1             16  org.opensearch.sql.expression.operator.predicate.UnaryPredicateOperator$$Lambda/0x00007fcd28b38680
13722:             1             16  org.opensearch.sql.expression.operator.predicate.UnaryPredicateOperator$$Lambda/0x00007fcd28b388d0
13723:             1             16  org.opensearch.sql.expression.operator.predicate.UnaryPredicateOperator$$Lambda/0x00007fcd28b38b08
13724:             1             16  org.opensearch.sql.expression.operator.predicate.UnaryPredicateOperator$$Lambda/0x00007fcd28b38d58
13725:             1             16  org.opensearch.sql.expression.operator.predicate.UnaryPredicateOperator$$Lambda/0x00007fcd28b38f90
13726:             1             16  org.opensearch.sql.expression.operator.predicate.UnaryPredicateOperator$$Lambda/0x00007fcd28b391d0
13727:             1             16  org.opensearch.sql.expression.operator.predicate.UnaryPredicateOperator$$Lambda/0x00007fcd28b39408
13728:             1             16  org.opensearch.sql.expression.operator.predicate.UnaryPredicateOperator$$Lambda/0x00007fcd28b39648
13729:             1             16  org.opensearch.sql.expression.operator.predicate.UnaryPredicateOperator$$Lambda/0x00007fcd28b39880
13730:             1             16  org.opensearch.sql.expression.operator.predicate.UnaryPredicateOperator$$Lambda/0x00007fcd28b39ad0
13731:             1             16  org.opensearch.sql.expression.operator.predicate.UnaryPredicateOperator$$Lambda/0x00007fcd28b39d08
13732:             1             16  org.opensearch.sql.expression.system.SystemFunctions$1
13733:             1             16  org.opensearch.sql.expression.text.TextFunction$$Lambda/0x00007fcd28b641f8
13734:             1             16  org.opensearch.sql.expression.text.TextFunction$$Lambda/0x00007fcd28b646a0
13735:             1             16  org.opensearch.sql.expression.text.TextFunction$$Lambda/0x00007fcd28b648c0
13736:             1             16  org.opensearch.sql.expression.text.TextFunction$$Lambda/0x00007fcd28b64ad8
13737:             1             16  org.opensearch.sql.expression.text.TextFunction$$Lambda/0x00007fcd28b64d18
13738:             1             16  org.opensearch.sql.expression.text.TextFunction$$Lambda/0x00007fcd28b64f68
13739:             1             16  org.opensearch.sql.expression.text.TextFunction$$Lambda/0x00007fcd28b651a8
13740:             1             16  org.opensearch.sql.expression.text.TextFunction$$Lambda/0x00007fcd28b653c0
13741:             1             16  org.opensearch.sql.expression.text.TextFunction$$Lambda/0x00007fcd28b65610
13742:             1             16  org.opensearch.sql.expression.text.TextFunction$$Lambda/0x00007fcd28b65860
13743:             1             16  org.opensearch.sql.expression.text.TextFunction$$Lambda/0x00007fcd28b65aa0
13744:             1             16  org.opensearch.sql.expression.text.TextFunction$$Lambda/0x00007fcd28b65cb8
13745:             1             16  org.opensearch.sql.expression.text.TextFunction$$Lambda/0x00007fcd28b65f08
13746:             1             16  org.opensearch.sql.expression.text.TextFunction$$Lambda/0x00007fcd28b66148
13747:             1             16  org.opensearch.sql.expression.text.TextFunction$$Lambda/0x00007fcd28b66398
13748:             1             16  org.opensearch.sql.expression.text.TextFunction$$Lambda/0x00007fcd28b665d8
13749:             1             16  org.opensearch.sql.expression.text.TextFunction$$Lambda/0x00007fcd28b66818
13750:             1             16  org.opensearch.sql.expression.text.TextFunction$$Lambda/0x00007fcd28b66a30
13751:             1             16  org.opensearch.sql.expression.text.TextFunction$$Lambda/0x00007fcd28b66c80
13752:             1             16  org.opensearch.sql.expression.window.WindowFunctions$$Lambda/0x00007fcd28b631e0
13753:             1             16  org.opensearch.sql.expression.window.WindowFunctions$$Lambda/0x00007fcd28b638f0
13754:             1             16  org.opensearch.sql.expression.window.WindowFunctions$$Lambda/0x00007fcd28b63de0
13755:             1             16  org.opensearch.sql.legacy.metrics.Metrics
13756:             1             16  org.opensearch.sql.legacy.query.join.BackOffRetryStrategy$$Lambda/0x00007fcd28ea71b8
13757:             1             16  org.opensearch.sql.legacy.query.join.BackOffRetryStrategy$$Lambda/0x00007fcd28ea73d0
13758:             1             16  org.opensearch.sql.opensearch.client.OpenSearchNodeClient$$Lambda/0x00007fcd28b082b8
13759:             1             16  org.opensearch.sql.opensearch.setting.OpenSearchSettings$$Lambda/0x00007fcd285a1e10
13760:             1             16  org.opensearch.sql.opensearch.storage.script.ExpressionScriptEngine
13761:             1             16  org.opensearch.sql.opensearch.storage.script.ExpressionScriptEngine$$Lambda/0x00007fcd285a2718
13762:             1             16  org.opensearch.sql.opensearch.storage.script.ExpressionScriptEngine$$Lambda/0x00007fcd285a2ba0
13763:             1             16  org.opensearch.sql.opensearch.storage.serialization.DefaultExpressionSerializer
13764:             1             16  org.opensearch.sql.planner.optimizer.pattern.Patterns$$Lambda/0x00007fcd28bb1ff0
13765:             1             16  org.opensearch.sql.planner.optimizer.pattern.Patterns$$Lambda/0x00007fcd28bb2fc8
13766:             1             16  org.opensearch.sql.planner.optimizer.pattern.Patterns$$Lambda/0x00007fcd28bb3440
13767:             1             16  org.opensearch.sql.planner.optimizer.pattern.Patterns$$Lambda/0x00007fcd28bb5558
13768:             1             16  org.opensearch.sql.planner.optimizer.rule.read.TableScanPushDown$$Lambda/0x00007fcd28bb3888
13769:             1             16  org.opensearch.sql.planner.optimizer.rule.read.TableScanPushDown$$Lambda/0x00007fcd28bb3ab0
13770:             1             16  org.opensearch.sql.planner.optimizer.rule.read.TableScanPushDown$$Lambda/0x00007fcd28bb3cd8
13771:             1             16  org.opensearch.sql.planner.optimizer.rule.read.TableScanPushDown$$Lambda/0x00007fcd28bb3f00
13772:             1             16  org.opensearch.sql.planner.optimizer.rule.read.TableScanPushDown$$Lambda/0x00007fcd28bb4128
13773:             1             16  org.opensearch.sql.planner.optimizer.rule.read.TableScanPushDown$$Lambda/0x00007fcd28bb45a0
13774:             1             16  org.opensearch.sql.planner.optimizer.rule.read.TableScanPushDown$$Lambda/0x00007fcd28bb4a20
13775:             1             16  org.opensearch.sql.plugin.SQLPlugin$$Lambda/0x00007fcd28bc7880
13776:             1             16  org.opensearch.sql.plugin.SQLPlugin$$Lambda/0x00007fcd28c8c000
13777:             1             16  org.opensearch.sql.plugin.SQLPlugin$$Lambda/0x00007fcd28c8c670
13778:             1             16  org.opensearch.sql.plugin.SQLPlugin$$Lambda/0x00007fcd28c8cce0
13779:             1             16  org.opensearch.sql.plugin.SQLPlugin$$Lambda/0x00007fcd28c8d350
13780:             1             16  org.opensearch.sql.plugin.SQLPlugin$$Lambda/0x00007fcd28c8d9c0
13781:             1             16  org.opensearch.sql.plugin.SQLPlugin$$Lambda/0x00007fcd28c8e030
13782:             1             16  org.opensearch.sql.plugin.SQLPlugin$$Lambda/0x00007fcd28c8e6a0
13783:             1             16  org.opensearch.sql.plugin.SQLPlugin$$Lambda/0x00007fcd28c8ed10
13784:             1             16  org.opensearch.sql.plugin.transport.TransportPPLQueryAction$$Lambda/0x00007fcd28ea4b90
13785:             1             16  org.opensearch.sql.prometheus.storage.PrometheusStorageFactory
13786:             1             16  org.opensearch.sql.spark.cluster.ClusterManagerEventListener$$Lambda/0x00007fcd28bc6d80
13787:             1             16  org.opensearch.sql.spark.cluster.ClusterManagerEventListener$$Lambda/0x00007fcd28bc6fb0
13788:             1             16  org.opensearch.sql.spark.cluster.ClusterManagerEventListener$$Lambda/0x00007fcd28bc71e0
13789:             1             16  org.opensearch.sql.spark.cluster.ClusterManagerEventListener$$Lambda/0x00007fcd28bc7410
13790:             1             16  org.opensearch.sql.spark.flint.FlintIndexMetadataServiceImpl
13791:             1             16  org.opensearch.sql.spark.transport.TransportCancelAsyncQueryRequestAction$$Lambda/0x00007fcd28ea5a48
13792:             1             16  org.opensearch.sql.spark.transport.TransportCancelAsyncQueryRequestAction$$Lambda/0x00007fcd28ea5c60
13793:             1             16  org.opensearch.sql.spark.transport.TransportCreateAsyncQueryRequestAction$$Lambda/0x00007fcd28ea4218
13794:             1             16  org.opensearch.sql.spark.transport.TransportCreateAsyncQueryRequestAction$$Lambda/0x00007fcd28ea4430
13795:             1             16  org.opensearch.sql.spark.transport.TransportGetAsyncQueryResultAction$$Lambda/0x00007fcd28d6b020
13796:             1             16  org.opensearch.sql.spark.transport.TransportGetAsyncQueryResultAction$$Lambda/0x00007fcd28d6b238
13797:             1             16  org.opensearch.systemd.Libsystemd$$Lambda/0x00007fcd291d8800
13798:             1             16  org.opensearch.systemd.SystemdPlugin$$Lambda/0x00007fcd28218b38
13799:             1             16  org.opensearch.tasks.Task$$Lambda/0x00007fcd29226e98
13800:             1             16  org.opensearch.tasks.TaskCancellationMonitoringService$$Lambda/0x00007fcd28d02aa0
13801:             1             16  org.opensearch.tasks.TaskCancellationMonitoringService$$Lambda/0x00007fcd28d02ee0
13802:             1             16  org.opensearch.tasks.TaskCancellationMonitoringService$$Lambda/0x00007fcd29044d68
13803:             1             16  org.opensearch.tasks.TaskCancellationMonitoringService$$Lambda/0x00007fcd293de270
13804:             1             16  org.opensearch.tasks.TaskCancellationMonitoringService$$Lambda/0x00007fcd293de4b8
13805:             1             16  org.opensearch.tasks.TaskCancellationMonitoringService$$Lambda/0x00007fcd293de950
13806:             1             16  org.opensearch.tasks.TaskCancellationMonitoringService$TaskCancellationStatsHolder
13807:             1             16  org.opensearch.tasks.TaskCancellationMonitoringSettings$$Lambda/0x00007fcd28d02130
13808:             1             16  org.opensearch.tasks.TaskCancellationMonitoringSettings$$Lambda/0x00007fcd28d02360
13809:             1             16  org.opensearch.tasks.TaskCancellationService$$Lambda/0x00007fcd290458a8
13810:             1             16  org.opensearch.tasks.TaskCancellationService$$Lambda/0x00007fcd293ddc38
13811:             1             16  org.opensearch.tasks.TaskCancellationService$BanParentRequestHandler
13812:             1             16  org.opensearch.tasks.TaskCancellationService$BanParentRequestHandler$$Lambda/0x00007fcd293dda20
13813:             1             16  org.opensearch.tasks.TaskInfo$$Lambda/0x00007fcd2924cb18
13814:             1             16  org.opensearch.tasks.TaskInfo$$Lambda/0x00007fcd2924d168
13815:             1             16  org.opensearch.tasks.TaskInfo$$Lambda/0x00007fcd2924d608
13816:             1             16  org.opensearch.tasks.TaskInfo$$Lambda/0x00007fcd2924d820
13817:             1             16  org.opensearch.tasks.TaskInfo$$Lambda/0x00007fcd2924da38
13818:             1             16  org.opensearch.tasks.TaskManager$$Lambda/0x00007fcd28cdeae0
13819:             1             16  org.opensearch.tasks.TaskManager$$Lambda/0x00007fcd291bf3a8
13820:             1             16  org.opensearch.tasks.TaskManager$$Lambda/0x00007fcd292e3c08
13821:             1             16  org.opensearch.tasks.TaskManager$$Lambda/0x00007fcd293dd7e8
13822:             1             16  org.opensearch.tasks.TaskManager$CancellableTaskHolder$$Lambda/0x00007fcd2920a000
13823:             1             16  org.opensearch.tasks.TaskManager$CancellableTaskHolder$$Lambda/0x00007fcd29222020
13824:             1             16  org.opensearch.tasks.TaskManager$CancellableTaskHolder$$Lambda/0x00007fcd293dde50
13825:             1             16  org.opensearch.tasks.TaskResourceTrackingService$$Lambda/0x00007fcd28ce1000
13826:             1             16  org.opensearch.tasks.TaskResourceTrackingService$$Lambda/0x00007fcd29198e20
13827:             1             16  org.opensearch.tasks.TaskThreadContextStatePropagator
13828:             1             16  org.opensearch.tasks.consumer.TopNSearchTasksLogger$$Lambda/0x00007fcd28ce4f40
13829:             1             16  org.opensearch.tasks.consumer.TopNSearchTasksLogger$$Lambda/0x00007fcd28ce5158
13830:             1             16  org.opensearch.tasks.consumer.TopNSearchTasksLogger$$Lambda/0x00007fcd28ce5388
13831:             1             16  org.opensearch.telemetry.metrics.MetricsRegistryFactory$$Lambda/0x00007fcd2870aef0
13832:             1             16  org.opensearch.telemetry.metrics.noop.NoopCounter
13833:             1             16  org.opensearch.telemetry.metrics.noop.NoopHistogram
13834:             1             16  org.opensearch.telemetry.metrics.noop.NoopMetricsRegistry
13835:             1             16  org.opensearch.telemetry.metrics.tags.Tags
13836:             1             16  org.opensearch.telemetry.tracing.TracerFactory$$Lambda/0x00007fcd2870a190
13837:             1             16  org.opensearch.telemetry.tracing.noop.NoopSpan
13838:             1             16  org.opensearch.telemetry.tracing.noop.NoopSpanScope
13839:             1             16  org.opensearch.telemetry.tracing.noop.NoopTracer
13840:             1             16  org.opensearch.threadpool.ThreadPool$$Lambda/0x00007fcd2853f840
13841:             1             16  org.opensearch.threadpool.ThreadPool$$Lambda/0x00007fcd2853fa88
13842:             1             16  org.opensearch.threadpool.ThreadPoolInfo
13843:             1             16  org.opensearch.timeseries.JobRunner
13844:             1             16  org.opensearch.timeseries.Name$$Lambda/0x00007fcd28f1ef10
13845:             1             16  org.opensearch.timeseries.NodeStateManager$$Lambda/0x00007fcd289c3488
13846:             1             16  org.opensearch.timeseries.NodeStateManager$$Lambda/0x00007fcd289c36b8
13847:             1             16  org.opensearch.timeseries.TimeSeriesAnalyticsPlugin$$Lambda/0x00007fcd283adb40
13848:             1             16  org.opensearch.timeseries.TimeSeriesAnalyticsPlugin$$Lambda/0x00007fcd283beb90
13849:             1             16  org.opensearch.timeseries.TimeSeriesAnalyticsPlugin$$Lambda/0x00007fcd28578bf8
13850:             1             16  org.opensearch.timeseries.TimeSeriesAnalyticsPlugin$$Lambda/0x00007fcd28578e38
13851:             1             16  org.opensearch.timeseries.TimeSeriesAnalyticsPlugin$$Lambda/0x00007fcd289ce8f0
13852:             1             16  org.opensearch.timeseries.TimeSeriesAnalyticsPlugin$$Lambda/0x00007fcd28a129e8
13853:             1             16  org.opensearch.timeseries.TimeSeriesAnalyticsPlugin$$Lambda/0x00007fcd28a3be78
13854:             1             16  org.opensearch.timeseries.TimeSeriesAnalyticsPlugin$$Lambda/0x00007fcd28a3cc40
13855:             1             16  org.opensearch.timeseries.TimeSeriesAnalyticsPlugin$1
13856:             1             16  org.opensearch.timeseries.TimeSeriesAnalyticsPlugin$1$1
13857:             1             16  org.opensearch.timeseries.cluster.ClusterEventListener$$Lambda/0x00007fcd290157e8
13858:             1             16  org.opensearch.timeseries.cluster.ClusterEventListener$$Lambda/0x00007fcd29015a00
13859:             1             16  org.opensearch.timeseries.cluster.ClusterEventListener$$Lambda/0x00007fcd29016078
13860:             1             16  org.opensearch.timeseries.cluster.ClusterEventListener$$Lambda/0x00007fcd29016290
13861:             1             16  org.opensearch.timeseries.cluster.HashRing$$Lambda/0x00007fcd28a2f250
13862:             1             16  org.opensearch.timeseries.cluster.HashRing$$Lambda/0x00007fcd29016ad8
13863:             1             16  org.opensearch.timeseries.cluster.HashRing$$Lambda/0x00007fcd29017160
13864:             1             16  org.opensearch.timeseries.cluster.HashRing$$Lambda/0x00007fcd29017398
13865:             1             16  org.opensearch.timeseries.cluster.HashRing$$Lambda/0x00007fcd29318d10
13866:             1             16  org.opensearch.timeseries.dataprocessor.LinearUniformImputer
13867:             1             16  org.opensearch.timeseries.feature.SearchFeatureDao$$Lambda/0x00007fcd289c6000
13868:             1             16  org.opensearch.timeseries.feature.SearchFeatureDao$$Lambda/0x00007fcd289c6230
13869:             1             16  org.opensearch.timeseries.model.Job$$Lambda/0x00007fcd2889c480
13870:             1             16  org.opensearch.timeseries.transport.AbstractSingleStreamResultTransportAction$$Lambda/0x00007fcd28e3fb40
13871:             1             16  org.opensearch.timeseries.transport.BaseDeleteConfigTransportAction$$Lambda/0x00007fcd28d9fda0
13872:             1             16  org.opensearch.timeseries.transport.BaseDeleteModelTransportAction$$Lambda/0x00007fcd28e3dbc0
13873:             1             16  org.opensearch.timeseries.transport.BaseDeleteModelTransportAction$$Lambda/0x00007fcd28e3ddd8
13874:             1             16  org.opensearch.timeseries.transport.BaseEntityProfileTransportAction$$Lambda/0x00007fcd28e3d360
13875:             1             16  org.opensearch.timeseries.transport.BaseGetConfigTransportAction$$Lambda/0x00007fcd28f1e918
13876:             1             16  org.opensearch.timeseries.transport.BaseJobTransportAction$$Lambda/0x00007fcd28d9e1a0
13877:             1             16  org.opensearch.timeseries.transport.BaseProfileTransportAction$$Lambda/0x00007fcd28d9ea58
13878:             1             16  org.opensearch.timeseries.transport.BaseProfileTransportAction$$Lambda/0x00007fcd28d9ec70
13879:             1             16  org.opensearch.timeseries.transport.BaseSearchConfigInfoTransportAction$$Lambda/0x00007fcd28d9dd70
13880:             1             16  org.opensearch.timeseries.transport.BaseStatsNodesTransportAction$$Lambda/0x00007fcd28e3e850
13881:             1             16  org.opensearch.timeseries.transport.BaseStatsNodesTransportAction$$Lambda/0x00007fcd28e3ea68
13882:             1             16  org.opensearch.timeseries.transport.BaseStatsTransportAction$$Lambda/0x00007fcd28e3f0b0
13883:             1             16  org.opensearch.timeseries.transport.BaseSuggestConfigParamTransportAction$$Lambda/0x00007fcd28f77678
13884:             1             16  org.opensearch.timeseries.transport.BaseSuggestConfigParamTransportAction$$Lambda/0x00007fcd28f77890
13885:             1             16  org.opensearch.timeseries.transport.BaseValidateConfigTransportAction$$Lambda/0x00007fcd28e3f6f8
13886:             1             16  org.opensearch.timeseries.transport.CronTransportAction$$Lambda/0x00007fcd28e3ec80
13887:             1             16  org.opensearch.timeseries.transport.CronTransportAction$$Lambda/0x00007fcd28e3ee98
13888:             1             16  org.opensearch.timeseries.transport.ResultProcessor$$Lambda/0x00007fcd28d9f940
13889:             1             16  org.opensearch.timeseries.transport.ResultProcessor$$Lambda/0x00007fcd28d9fb70
13890:             1             16  org.opensearch.timeseries.util.ClientUtil
13891:             1             16  org.opensearch.timeseries.util.DiscoveryNodeFilterer$HotDataNodePredicate
13892:             1             16  org.opensearch.transport.ConnectionManager$DelegatingNodeConnectionListener
13893:             1             16  org.opensearch.transport.CopyBytesSocketChannel$$Lambda/0x00007fcd290f8c18
13894:             1             16  org.opensearch.transport.EmptyTransportResponseHandler
13895:             1             16  org.opensearch.transport.NativeMessageHandler$$Lambda/0x00007fcd29198000
13896:             1             16  org.opensearch.transport.NativeMessageHandler$$Lambda/0x00007fcd29198238
13897:             1             16  org.opensearch.transport.Netty4Plugin
13898:             1             16  org.opensearch.transport.NettyAllocator$NoDirectBuffers
13899:             1             16  org.opensearch.transport.ProxyConnectionStrategy$$Lambda/0x00007fcd286e2b28
13900:             1             16  org.opensearch.transport.ProxyConnectionStrategy$$Lambda/0x00007fcd286e2d50
13901:             1             16  org.opensearch.transport.ProxyConnectionStrategy$$Lambda/0x00007fcd286e2f78
13902:             1             16  org.opensearch.transport.ProxyConnectionStrategy$$Lambda/0x00007fcd286e31a0
13903:             1             16  org.opensearch.transport.RemoteClusterAware$$Lambda/0x00007fcd28cdf798
13904:             1             16  org.opensearch.transport.RemoteClusterService$$Lambda/0x00007fcd280bd200
13905:             1             16  org.opensearch.transport.RemoteClusterService$$Lambda/0x00007fcd280be830
13906:             1             16  org.opensearch.transport.RemoteClusterService$$Lambda/0x00007fcd280caa58
13907:             1             16  org.opensearch.transport.RemoteClusterService$$Lambda/0x00007fcd28ce4278
13908:             1             16  org.opensearch.transport.RemoteClusterService$$Lambda/0x00007fcd28ce44a8
13909:             1             16  org.opensearch.transport.RemoteConnectionStrategy$$Lambda/0x00007fcd286dfd78
13910:             1             16  org.opensearch.transport.RemoteConnectionStrategy$$Lambda/0x00007fcd286e1500
13911:             1             16  org.opensearch.transport.RemoteConnectionStrategy$$Lambda/0x00007fcd29047120
13912:             1             16  org.opensearch.transport.RemoteConnectionStrategy$ConnectionStrategy$$Lambda/0x00007fcd286e0ab0
13913:             1             16  org.opensearch.transport.RemoteConnectionStrategy$ConnectionStrategy$$Lambda/0x00007fcd286e0cc8
13914:             1             16  org.opensearch.transport.RemoteConnectionStrategy$ConnectionStrategy$$Lambda/0x00007fcd286e0ee0
13915:             1             16  org.opensearch.transport.RemoteConnectionStrategy$ConnectionStrategy$$Lambda/0x00007fcd286e10f8
13916:             1             16  org.opensearch.transport.RemoteConnectionStrategy$StrategyValidator$$Lambda/0x00007fcd286e1df0
13917:             1             16  org.opensearch.transport.SniffConnectionStrategy$$Lambda/0x00007fcd286e1738
13918:             1             16  org.opensearch.transport.SniffConnectionStrategy$$Lambda/0x00007fcd286e1960
13919:             1             16  org.opensearch.transport.SniffConnectionStrategy$$Lambda/0x00007fcd286e2018
13920:             1             16  org.opensearch.transport.SniffConnectionStrategy$$Lambda/0x00007fcd286e2240
13921:             1             16  org.opensearch.transport.SniffConnectionStrategy$$Lambda/0x00007fcd286e2490
13922:             1             16  org.opensearch.transport.SniffConnectionStrategy$$Lambda/0x00007fcd286e26b8
13923:             1             16  org.opensearch.transport.SniffConnectionStrategy$$Lambda/0x00007fcd286e28e0
13924:             1             16  org.opensearch.transport.TcpTransport$$Lambda/0x00007fcd28cb7900
13925:             1             16  org.opensearch.transport.TcpTransport$$Lambda/0x00007fcd29046370
13926:             1             16  org.opensearch.transport.TcpTransport$$Lambda/0x00007fcd290f3728
13927:             1             16  org.opensearch.transport.Transport$RequestHandlers
13928:             1             16  org.opensearch.transport.TransportActionProxy$$Lambda/0x00007fcd28e1c888
13929:             1             16  org.opensearch.transport.TransportMessageListener$1
13930:             1             16  org.opensearch.transport.TransportService$$Lambda/0x00007fcd28cded10
13931:             1             16  org.opensearch.transport.TransportService$$Lambda/0x00007fcd28cdf338
13932:             1             16  org.opensearch.transport.TransportService$$Lambda/0x00007fcd28cdf568
13933:             1             16  org.opensearch.transport.TransportService$$Lambda/0x00007fcd28ce46d0
13934:             1             16  org.opensearch.transport.TransportService$$Lambda/0x00007fcd28ce4900
13935:             1             16  org.opensearch.transport.TransportService$$Lambda/0x00007fcd28ce4b18
13936:             1             16  org.opensearch.transport.TransportService$$Lambda/0x00007fcd29046ce0
13937:             1             16  org.opensearch.transport.TransportService$$Lambda/0x00007fcd29046ef8
13938:             1             16  org.opensearch.transport.TransportService$$Lambda/0x00007fcd2913f4a0
13939:             1             16  org.opensearch.transport.TransportService$$Lambda/0x00007fcd291806f0
13940:             1             16  org.opensearch.transport.TransportService$$Lambda/0x00007fcd29194460
13941:             1             16  org.opensearch.transport.TransportService$2
13942:             1             16  org.opensearch.transport.TransportService$3
13943:             1             16  org.opensearch.transport.TransportService$DelegatingTransportMessageListener
13944:             1             16  org.opensearch.transport.TransportService$HandshakeResponse$$Lambda/0x00007fcd29182638
13945:             1             16  org.opensearch.transport.TransportSettings$$Lambda/0x00007fcd280bee98
13946:             1             16  org.opensearch.transport.TransportSettings$$Lambda/0x00007fcd280bf300
13947:             1             16  org.opensearch.transport.TransportSettings$$Lambda/0x00007fcd280bf538
13948:             1             16  org.opensearch.transport.TransportSettings$$Lambda/0x00007fcd280bfc48
13949:             1             16  org.opensearch.transport.TransportSettings$$Lambda/0x00007fcd280c8238
13950:             1             16  org.opensearch.transport.TransportSettings$$Lambda/0x00007fcd280c8470
13951:             1             16  org.opensearch.transport.TransportSettings$$Lambda/0x00007fcd280c86a8
13952:             1             16  org.opensearch.transport.TransportSettings$$Lambda/0x00007fcd280c88e0
13953:             1             16  org.opensearch.transport.TransportSettings$$Lambda/0x00007fcd280c91e0
13954:             1             16  org.opensearch.transport.TransportSettings$$Lambda/0x00007fcd280c9418
13955:             1             16  org.opensearch.transport.TransportSettings$$Lambda/0x00007fcd280c9650
13956:             1             16  org.opensearch.transport.TransportSettings$$Lambda/0x00007fcd280c9888
13957:             1             16  org.opensearch.transport.TransportSettings$$Lambda/0x00007fcd280c9ac0
13958:             1             16  org.opensearch.transport.TransportSettings$$Lambda/0x00007fcd280c9cf8
13959:             1             16  org.opensearch.transport.TransportSettings$$Lambda/0x00007fcd280c9f30
13960:             1             16  org.opensearch.transport.TransportSettings$$Lambda/0x00007fcd280ca168
13961:             1             16  org.opensearch.transport.TransportSettings$$Lambda/0x00007fcd280ca3a0
13962:             1             16  org.opensearch.transport.nativeprotocol.NativeInboundBytesHandler$$Lambda/0x00007fcd29105d90
13963:             1             16  org.opensearch.transport.netty4.Netty4Transport$$Lambda/0x00007fcd2828c648
13964:             1             16  org.opensearch.transport.netty4.Netty4Transport$$Lambda/0x00007fcd2828c880
13965:             1             16  org.opensearch.transport.netty4.Netty4Transport$$Lambda/0x00007fcd28568870
13966:             1             16  org.opensearch.transport.netty4.Netty4Transport$$Lambda/0x00007fcd28568aa8
13967:             1             16  org.opensearch.transport.netty4.ssl.SecureNetty4Transport$SSLServerChannelInitializer$$Lambda/0x00007fcd2918ae28
13968:             1             16  org.opensearch.usage.UsageService
13969:             1             16  org.reflections.ReflectionUtils$$Lambda/0x00007fcd28adf1a8
13970:             1             16  org.reflections.ReflectionUtils$$Lambda/0x00007fcd28adf3f0
13971:             1             16  org.reflections.Store$$Lambda/0x00007fcd28adb9c0
13972:             1             16  org.reflections.Store$$Lambda/0x00007fcd28adbbf8
13973:             1             16  org.reflections.Store$$Lambda/0x00007fcd28adcb88
13974:             1             16  org.reflections.adapters.JavassistAdapter$$Lambda/0x00007fcd28ad83e0
13975:             1             16  org.reflections.adapters.JavassistAdapter$$Lambda/0x00007fcd28ad8628
13976:             1             16  org.reflections.adapters.JavassistAdapter$$Lambda/0x00007fcd28adaa88
13977:             1             16  org.reflections.scanners.AbstractScanner$$Lambda/0x00007fcd28acafd8
13978:             1             16  org.reflections.vfs.ZipDir$$Lambda/0x00007fcd28ace6a0
13979:             1             16  org.slf4j.helpers.NOPLoggerFactory
13980:             1             16  org.slf4j.helpers.NOPLoggerFactory
13981:             1             16  org.slf4j.helpers.NOPLoggerFactory
13982:             1             16  org.slf4j.impl.StaticLoggerBinder
13983:             1             16  org.slf4j.impl.StaticLoggerBinder
13984:             1             16  org.slf4j.impl.StaticMarkerBinder
13985:             1             16  org.slf4j.impl.StaticMarkerBinder
13986:             1             16  org.yaml.snakeyaml.external.com.google.gdata.util.common.base.UnicodeEscaper$2
13987:             1             16  org.yaml.snakeyaml.inspector.UnTrustedTagInspector
13988:             1             16  sun.management.ClassLoadingImpl (java.management@21.0.3)
13989:             1             16  sun.management.ManagementFactoryHelper$$Lambda/0x00007fcd284df888 (java.management@21.0.3)
13990:             1             16  sun.management.ThreadImpl$$Lambda/0x00007fcd2928a600 (java.management@21.0.3)
13991:             1             16  sun.misc.Unsafe (jdk.unsupported@21.0.3)
13992:             1             16  sun.net.www.protocol.file.Handler (java.base@21.0.3)
13993:             1             16  sun.net.www.protocol.jar.JarFileFactory (java.base@21.0.3)
13994:             1             16  sun.net.www.protocol.jrt.Handler (java.base@21.0.3)
13995:             1             16  sun.net.www.protocol.jrt.JavaRuntimeURLConnection$$Lambda/0x00007fcd28272730 (java.base@21.0.3)
13996:             1             16  sun.nio.ch.DefaultSelectorProvider$$Lambda/0x00007fcd289ee840 (java.base@21.0.3)
13997:             1             16  sun.nio.ch.EPollSelectorProvider (java.base@21.0.3)
13998:             1             16  sun.nio.ch.ExtendedSocketOption$1 (java.base@21.0.3)
13999:             1             16  sun.nio.ch.FileChannelImpl$2 (java.base@21.0.3)
14000:             1             16  sun.nio.ch.FileChannelImpl$3 (java.base@21.0.3)
14001:             1             16  sun.nio.ch.FileDispatcherImpl (java.base@21.0.3)
14002:             1             16  sun.nio.ch.Net$1 (java.base@21.0.3)
14003:             1             16  sun.nio.ch.Util$1 (java.base@21.0.3)
14004:             1             16  sun.nio.fs.LinuxFileSystemProvider (java.base@21.0.3)
14005:             1             16  sun.nio.fs.NativeBuffers$1 (java.base@21.0.3)
14006:             1             16  sun.nio.fs.UnixFileSystem$$Lambda/0x00007fcd29284db8 (java.base@21.0.3)
14007:             1             16  sun.nio.fs.UnixFileSystem$$Lambda/0x00007fcd29285f78 (java.base@21.0.3)
14008:             1             16  sun.reflect.generics.tree.BooleanSignature (java.base@21.0.3)
14009:             1             16  sun.reflect.generics.tree.BottomSignature (java.base@21.0.3)
14010:             1             16  sun.reflect.generics.tree.ByteSignature (java.base@21.0.3)
14011:             1             16  sun.reflect.generics.tree.CharSignature (java.base@21.0.3)
14012:             1             16  sun.reflect.generics.tree.DoubleSignature (java.base@21.0.3)
14013:             1             16  sun.reflect.generics.tree.IntSignature (java.base@21.0.3)
14014:             1             16  sun.reflect.generics.tree.LongSignature (java.base@21.0.3)
14015:             1             16  sun.reflect.generics.tree.VoidDescriptor (java.base@21.0.3)
14016:             1             16  sun.security.ec.ECOperations$PointMultiplier$Secp256R1GeneratorMultiplier (jdk.crypto.ec@21.0.3)
14017:             1             16  sun.security.ec.ECPrivateKeyImpl$$Lambda/0x00007fcd29042bb0 (jdk.crypto.ec@21.0.3)
14018:             1             16  sun.security.ec.XDHKeyAgreement$$Lambda/0x00007fcd291269c0 (jdk.crypto.ec@21.0.3)
14019:             1             16  sun.security.ec.XDHKeyAgreement$$Lambda/0x00007fcd291272a0 (jdk.crypto.ec@21.0.3)
14020:             1             16  sun.security.ec.XDHKeyAgreement$$Lambda/0x00007fcd29127d98 (jdk.crypto.ec@21.0.3)
14021:             1             16  sun.security.ec.XDHKeyAgreement$$Lambda/0x00007fcd2912c430 (jdk.crypto.ec@21.0.3)
14022:             1             16  sun.security.ec.XDHKeyFactory$$Lambda/0x00007fcd29125a38 (jdk.crypto.ec@21.0.3)
14023:             1             16  sun.security.ec.XDHKeyFactory$$Lambda/0x00007fcd29125ea8 (jdk.crypto.ec@21.0.3)
14024:             1             16  sun.security.ec.XDHKeyPairGenerator$$Lambda/0x00007fcd29040e60 (jdk.crypto.ec@21.0.3)
14025:             1             16  sun.security.ec.ed.EdDSAParameters$$Lambda/0x00007fcd28320978 (jdk.crypto.ec@21.0.3)
14026:             1             16  sun.security.ec.ed.EdDSAParameters$$Lambda/0x00007fcd28321320 (jdk.crypto.ec@21.0.3)
14027:             1             16  sun.security.ec.ed.EdDSAParameters$SHA512DigesterFactory (jdk.crypto.ec@21.0.3)
14028:             1             16  sun.security.ec.ed.EdDSAParameters$SHAKE256DigesterFactory (jdk.crypto.ec@21.0.3)
14029:             1             16  sun.security.ec.ed.EdDSASignature$$Lambda/0x00007fcd2831f668 (jdk.crypto.ec@21.0.3)
14030:             1             16  sun.security.jca.ProviderConfig$ProviderLoader (java.base@21.0.3)
14031:             1             16  sun.security.pkcs11.SunPKCS11$$Lambda/0x00007fcd2831e740 (jdk.crypto.cryptoki@21.0.3)
14032:             1             16  sun.security.rsa.RSACore$$Lambda/0x00007fcd2916b348 (java.base@21.0.3)
14033:             1             16  sun.security.ssl.Alert$AlertConsumer (java.base@21.0.3)
14034:             1             16  sun.security.ssl.AlpnExtension$$Lambda/0x00007fcd291414d8 (java.base@21.0.3)
14035:             1             16  sun.security.ssl.AlpnExtension$AlpnStringizer (java.base@21.0.3)
14036:             1             16  sun.security.ssl.AlpnExtension$CHAlpnAbsence (java.base@21.0.3)
14037:             1             16  sun.security.ssl.AlpnExtension$CHAlpnConsumer (java.base@21.0.3)
14038:             1             16  sun.security.ssl.AlpnExtension$CHAlpnProducer (java.base@21.0.3)
14039:             1             16  sun.security.ssl.CertSignAlgsExtension$CHCertSignatureSchemesConsumer (java.base@21.0.3)
14040:             1             16  sun.security.ssl.CertSignAlgsExtension$CHCertSignatureSchemesProducer (java.base@21.0.3)
14041:             1             16  sun.security.ssl.CertSignAlgsExtension$CHCertSignatureSchemesUpdate (java.base@21.0.3)
14042:             1             16  sun.security.ssl.CertSignAlgsExtension$CRCertSignatureSchemesConsumer (java.base@21.0.3)
14043:             1             16  sun.security.ssl.CertSignAlgsExtension$CRCertSignatureSchemesProducer (java.base@21.0.3)
14044:             1             16  sun.security.ssl.CertSignAlgsExtension$CRCertSignatureSchemesUpdate (java.base@21.0.3)
14045:             1             16  sun.security.ssl.CertSignAlgsExtension$CertSignatureSchemesStringizer (java.base@21.0.3)
14046:             1             16  sun.security.ssl.CertStatusExtension$CHCertStatusReqConsumer (java.base@21.0.3)
14047:             1             16  sun.security.ssl.CertStatusExtension$CHCertStatusReqProducer (java.base@21.0.3)
14048:             1             16  sun.security.ssl.CertStatusExtension$CHCertStatusReqV2Consumer (java.base@21.0.3)
14049:             1             16  sun.security.ssl.CertStatusExtension$CHCertStatusReqV2Producer (java.base@21.0.3)
14050:             1             16  sun.security.ssl.CertStatusExtension$CTCertStatusResponseConsumer (java.base@21.0.3)
14051:             1             16  sun.security.ssl.CertStatusExtension$CTCertStatusResponseProducer (java.base@21.0.3)
14052:             1             16  sun.security.ssl.CertStatusExtension$CertStatusRequestSpec (java.base@21.0.3)
14053:             1             16  sun.security.ssl.CertStatusExtension$CertStatusRequestStringizer (java.base@21.0.3)
14054:             1             16  sun.security.ssl.CertStatusExtension$CertStatusRequestV2Spec (java.base@21.0.3)
14055:             1             16  sun.security.ssl.CertStatusExtension$CertStatusRequestsStringizer (java.base@21.0.3)
14056:             1             16  sun.security.ssl.CertStatusExtension$CertStatusRespStringizer (java.base@21.0.3)
14057:             1             16  sun.security.ssl.CertStatusExtension$SHCertStatusReqConsumer (java.base@21.0.3)
14058:             1             16  sun.security.ssl.CertStatusExtension$SHCertStatusReqProducer (java.base@21.0.3)
14059:             1             16  sun.security.ssl.CertStatusExtension$SHCertStatusReqV2Consumer (java.base@21.0.3)
14060:             1             16  sun.security.ssl.CertStatusExtension$SHCertStatusReqV2Producer (java.base@21.0.3)
14061:             1             16  sun.security.ssl.CertificateAuthoritiesExtension$CHCertificateAuthoritiesConsumer (java.base@21.0.3)
14062:             1             16  sun.security.ssl.CertificateAuthoritiesExtension$CHCertificateAuthoritiesProducer (java.base@21.0.3)
14063:             1             16  sun.security.ssl.CertificateAuthoritiesExtension$CRCertificateAuthoritiesConsumer (java.base@21.0.3)
14064:             1             16  sun.security.ssl.CertificateAuthoritiesExtension$CRCertificateAuthoritiesProducer (java.base@21.0.3)
14065:             1             16  sun.security.ssl.CertificateAuthoritiesExtension$CertificateAuthoritiesStringizer (java.base@21.0.3)
14066:             1             16  sun.security.ssl.CertificateMessage$T12CertificateConsumer (java.base@21.0.3)
14067:             1             16  sun.security.ssl.CertificateMessage$T12CertificateProducer (java.base@21.0.3)
14068:             1             16  sun.security.ssl.CertificateMessage$T13CertificateConsumer (java.base@21.0.3)
14069:             1             16  sun.security.ssl.CertificateMessage$T13CertificateProducer (java.base@21.0.3)
14070:             1             16  sun.security.ssl.CertificateMessage$T13CertificateProducer$$Lambda/0x00007fcd29167c40 (java.base@21.0.3)
14071:             1             16  sun.security.ssl.CertificateMessage$T13CertificateProducer$$Lambda/0x00007fcd291690b0 (java.base@21.0.3)
14072:             1             16  sun.security.ssl.CertificateMessage$T13CertificateProducer$$Lambda/0x00007fcd29169c18 (java.base@21.0.3)
14073:             1             16  sun.security.ssl.CertificateRequest$T10CertificateRequestConsumer (java.base@21.0.3)
14074:             1             16  sun.security.ssl.CertificateRequest$T10CertificateRequestProducer (java.base@21.0.3)
14075:             1             16  sun.security.ssl.CertificateRequest$T12CertificateRequestConsumer (java.base@21.0.3)
14076:             1             16  sun.security.ssl.CertificateRequest$T12CertificateRequestProducer (java.base@21.0.3)
14077:             1             16  sun.security.ssl.CertificateRequest$T13CertificateRequestConsumer (java.base@21.0.3)
14078:             1             16  sun.security.ssl.CertificateRequest$T13CertificateRequestProducer (java.base@21.0.3)
14079:             1             16  sun.security.ssl.CertificateStatus$CertificateStatusAbsence (java.base@21.0.3)
14080:             1             16  sun.security.ssl.CertificateStatus$CertificateStatusConsumer (java.base@21.0.3)
14081:             1             16  sun.security.ssl.CertificateStatus$CertificateStatusProducer (java.base@21.0.3)
14082:             1             16  sun.security.ssl.CertificateVerify$S30CertificateVerifyConsumer (java.base@21.0.3)
14083:             1             16  sun.security.ssl.CertificateVerify$S30CertificateVerifyProducer (java.base@21.0.3)
14084:             1             16  sun.security.ssl.CertificateVerify$T10CertificateVerifyConsumer (java.base@21.0.3)
14085:             1             16  sun.security.ssl.CertificateVerify$T10CertificateVerifyProducer (java.base@21.0.3)
14086:             1             16  sun.security.ssl.CertificateVerify$T12CertificateVerifyConsumer (java.base@21.0.3)
14087:             1             16  sun.security.ssl.CertificateVerify$T12CertificateVerifyProducer (java.base@21.0.3)
14088:             1             16  sun.security.ssl.CertificateVerify$T13CertificateVerifyConsumer (java.base@21.0.3)
14089:             1             16  sun.security.ssl.CertificateVerify$T13CertificateVerifyProducer (java.base@21.0.3)
14090:             1             16  sun.security.ssl.ChangeCipherSpec$T10ChangeCipherSpecConsumer (java.base@21.0.3)
14091:             1             16  sun.security.ssl.ChangeCipherSpec$T10ChangeCipherSpecProducer (java.base@21.0.3)
14092:             1             16  sun.security.ssl.ChangeCipherSpec$T13ChangeCipherSpecConsumer (java.base@21.0.3)
14093:             1             16  sun.security.ssl.ClientHello$ClientHelloConsumer (java.base@21.0.3)
14094:             1             16  sun.security.ssl.ClientHello$ClientHelloKickstartProducer (java.base@21.0.3)
14095:             1             16  sun.security.ssl.ClientHello$ClientHelloProducer (java.base@21.0.3)
14096:             1             16  sun.security.ssl.ClientHello$D12ClientHelloConsumer (java.base@21.0.3)
14097:             1             16  sun.security.ssl.ClientHello$D13ClientHelloConsumer (java.base@21.0.3)
14098:             1             16  sun.security.ssl.ClientHello$T12ClientHelloConsumer (java.base@21.0.3)
14099:             1             16  sun.security.ssl.ClientHello$T13ClientHelloConsumer (java.base@21.0.3)
14100:             1             16  sun.security.ssl.ClientKeyExchange$ClientKeyExchangeConsumer (java.base@21.0.3)
14101:             1             16  sun.security.ssl.ClientKeyExchange$ClientKeyExchangeProducer (java.base@21.0.3)
14102:             1             16  sun.security.ssl.CookieExtension$CHCookieConsumer (java.base@21.0.3)
14103:             1             16  sun.security.ssl.CookieExtension$CHCookieProducer (java.base@21.0.3)
14104:             1             16  sun.security.ssl.CookieExtension$CHCookieUpdate (java.base@21.0.3)
14105:             1             16  sun.security.ssl.CookieExtension$CookieStringizer (java.base@21.0.3)
14106:             1             16  sun.security.ssl.CookieExtension$HRRCookieConsumer (java.base@21.0.3)
14107:             1             16  sun.security.ssl.CookieExtension$HRRCookieProducer (java.base@21.0.3)
14108:             1             16  sun.security.ssl.CookieExtension$HRRCookieReproducer (java.base@21.0.3)
14109:             1             16  sun.security.ssl.DummyX509KeyManager (java.base@21.0.3)
14110:             1             16  sun.security.ssl.DummyX509TrustManager (java.base@21.0.3)
14111:             1             16  sun.security.ssl.ECDHKeyExchange$ECDHEKAGenerator (java.base@21.0.3)
14112:             1             16  sun.security.ssl.ECDHKeyExchange$ECDHEPossessionGenerator (java.base@21.0.3)
14113:             1             16  sun.security.ssl.ECDHKeyExchange$ECDHEXDHKAGenerator (java.base@21.0.3)
14114:             1             16  sun.security.ssl.ECDHKeyExchange$ECDHKAGenerator (java.base@21.0.3)
14115:             1             16  sun.security.ssl.ECPointFormatsExtension$CHECPointFormatsConsumer (java.base@21.0.3)
14116:             1             16  sun.security.ssl.ECPointFormatsExtension$CHECPointFormatsProducer (java.base@21.0.3)
14117:             1             16  sun.security.ssl.ECPointFormatsExtension$ECPointFormatsSpec (java.base@21.0.3)
14118:             1             16  sun.security.ssl.ECPointFormatsExtension$ECPointFormatsStringizer (java.base@21.0.3)
14119:             1             16  sun.security.ssl.ECPointFormatsExtension$SHECPointFormatsConsumer (java.base@21.0.3)
14120:             1             16  sun.security.ssl.EncryptedExtensions$EncryptedExtensionsConsumer (java.base@21.0.3)
14121:             1             16  sun.security.ssl.EncryptedExtensions$EncryptedExtensionsProducer (java.base@21.0.3)
14122:             1             16  sun.security.ssl.ExtendedMasterSecretExtension$CHExtendedMasterSecretAbsence (java.base@21.0.3)
14123:             1             16  sun.security.ssl.ExtendedMasterSecretExtension$CHExtendedMasterSecretConsumer (java.base@21.0.3)
14124:             1             16  sun.security.ssl.ExtendedMasterSecretExtension$CHExtendedMasterSecretProducer (java.base@21.0.3)
14125:             1             16  sun.security.ssl.ExtendedMasterSecretExtension$ExtendedMasterSecretSpec (java.base@21.0.3)
14126:             1             16  sun.security.ssl.ExtendedMasterSecretExtension$ExtendedMasterSecretStringizer (java.base@21.0.3)
14127:             1             16  sun.security.ssl.ExtendedMasterSecretExtension$SHExtendedMasterSecretAbsence (java.base@21.0.3)
14128:             1             16  sun.security.ssl.ExtendedMasterSecretExtension$SHExtendedMasterSecretConsumer (java.base@21.0.3)
14129:             1             16  sun.security.ssl.ExtendedMasterSecretExtension$SHExtendedMasterSecretProducer (java.base@21.0.3)
14130:             1             16  sun.security.ssl.Finished$S30VerifyDataGenerator (java.base@21.0.3)
14131:             1             16  sun.security.ssl.Finished$T10VerifyDataGenerator (java.base@21.0.3)
14132:             1             16  sun.security.ssl.Finished$T12FinishedConsumer (java.base@21.0.3)
14133:             1             16  sun.security.ssl.Finished$T12FinishedProducer (java.base@21.0.3)
14134:             1             16  sun.security.ssl.Finished$T12VerifyDataGenerator (java.base@21.0.3)
14135:             1             16  sun.security.ssl.Finished$T13FinishedConsumer (java.base@21.0.3)
14136:             1             16  sun.security.ssl.Finished$T13FinishedProducer (java.base@21.0.3)
14137:             1             16  sun.security.ssl.Finished$T13VerifyDataGenerator (java.base@21.0.3)
14138:             1             16  sun.security.ssl.HelloRequest$HelloRequestConsumer (java.base@21.0.3)
14139:             1             16  sun.security.ssl.HelloRequest$HelloRequestKickstartProducer (java.base@21.0.3)
14140:             1             16  sun.security.ssl.HelloRequest$HelloRequestProducer (java.base@21.0.3)
14141:             1             16  sun.security.ssl.HelloVerifyRequest$HelloVerifyRequestConsumer (java.base@21.0.3)
14142:             1             16  sun.security.ssl.HelloVerifyRequest$HelloVerifyRequestProducer (java.base@21.0.3)
14143:             1             16  sun.security.ssl.KeyShareExtension$CHKeyShareConsumer (java.base@21.0.3)
14144:             1             16  sun.security.ssl.KeyShareExtension$CHKeyShareOnTradeAbsence (java.base@21.0.3)
14145:             1             16  sun.security.ssl.KeyShareExtension$CHKeyShareProducer (java.base@21.0.3)
14146:             1             16  sun.security.ssl.KeyShareExtension$CHKeyShareStringizer (java.base@21.0.3)
14147:             1             16  sun.security.ssl.KeyShareExtension$HRRKeyShareConsumer (java.base@21.0.3)
14148:             1             16  sun.security.ssl.KeyShareExtension$HRRKeyShareProducer (java.base@21.0.3)
14149:             1             16  sun.security.ssl.KeyShareExtension$HRRKeyShareReproducer (java.base@21.0.3)
14150:             1             16  sun.security.ssl.KeyShareExtension$HRRKeyShareStringizer (java.base@21.0.3)
14151:             1             16  sun.security.ssl.KeyShareExtension$SHKeyShareAbsence (java.base@21.0.3)
14152:             1             16  sun.security.ssl.KeyShareExtension$SHKeyShareConsumer (java.base@21.0.3)
14153:             1             16  sun.security.ssl.KeyShareExtension$SHKeyShareProducer (java.base@21.0.3)
14154:             1             16  sun.security.ssl.KeyShareExtension$SHKeyShareStringizer (java.base@21.0.3)
14155:             1             16  sun.security.ssl.KeyUpdate$KeyUpdateConsumer (java.base@21.0.3)
14156:             1             16  sun.security.ssl.KeyUpdate$KeyUpdateKickstartProducer (java.base@21.0.3)
14157:             1             16  sun.security.ssl.KeyUpdate$KeyUpdateProducer (java.base@21.0.3)
14158:             1             16  sun.security.ssl.MaxFragExtension$CHMaxFragmentLengthConsumer (java.base@21.0.3)
14159:             1             16  sun.security.ssl.MaxFragExtension$CHMaxFragmentLengthProducer (java.base@21.0.3)
14160:             1             16  sun.security.ssl.MaxFragExtension$EEMaxFragmentLengthConsumer (java.base@21.0.3)
14161:             1             16  sun.security.ssl.MaxFragExtension$EEMaxFragmentLengthProducer (java.base@21.0.3)
14162:             1             16  sun.security.ssl.MaxFragExtension$EEMaxFragmentLengthUpdate (java.base@21.0.3)
14163:             1             16  sun.security.ssl.MaxFragExtension$MaxFragLenStringizer (java.base@21.0.3)
14164:             1             16  sun.security.ssl.MaxFragExtension$SHMaxFragmentLengthConsumer (java.base@21.0.3)
14165:             1             16  sun.security.ssl.MaxFragExtension$SHMaxFragmentLengthProducer (java.base@21.0.3)
14166:             1             16  sun.security.ssl.MaxFragExtension$SHMaxFragmentLengthUpdate (java.base@21.0.3)
14167:             1             16  sun.security.ssl.NamedGroup$ECDHEScheme (java.base@21.0.3)
14168:             1             16  sun.security.ssl.NamedGroup$FFDHEScheme (java.base@21.0.3)
14169:             1             16  sun.security.ssl.NamedGroup$XDHScheme (java.base@21.0.3)
14170:             1             16  sun.security.ssl.NewSessionTicket$T12NewSessionTicketConsumer (java.base@21.0.3)
14171:             1             16  sun.security.ssl.NewSessionTicket$T12NewSessionTicketProducer (java.base@21.0.3)
14172:             1             16  sun.security.ssl.NewSessionTicket$T13NewSessionTicketConsumer (java.base@21.0.3)
14173:             1             16  sun.security.ssl.NewSessionTicket$T13NewSessionTicketProducer (java.base@21.0.3)
14174:             1             16  sun.security.ssl.PreSharedKeyExtension$CHPreSharedKeyConsumer (java.base@21.0.3)
14175:             1             16  sun.security.ssl.PreSharedKeyExtension$CHPreSharedKeyOnLoadAbsence (java.base@21.0.3)
14176:             1             16  sun.security.ssl.PreSharedKeyExtension$CHPreSharedKeyOnTradeAbsence (java.base@21.0.3)
14177:             1             16  sun.security.ssl.PreSharedKeyExtension$CHPreSharedKeyProducer (java.base@21.0.3)
14178:             1             16  sun.security.ssl.PreSharedKeyExtension$CHPreSharedKeyStringizer (java.base@21.0.3)
14179:             1             16  sun.security.ssl.PreSharedKeyExtension$CHPreSharedKeyUpdate (java.base@21.0.3)
14180:             1             16  sun.security.ssl.PreSharedKeyExtension$SHPreSharedKeyAbsence (java.base@21.0.3)
14181:             1             16  sun.security.ssl.PreSharedKeyExtension$SHPreSharedKeyConsumer (java.base@21.0.3)
14182:             1             16  sun.security.ssl.PreSharedKeyExtension$SHPreSharedKeyProducer (java.base@21.0.3)
14183:             1             16  sun.security.ssl.PreSharedKeyExtension$SHPreSharedKeyStringizer (java.base@21.0.3)
14184:             1             16  sun.security.ssl.PskKeyExchangeModesExtension$PskKeyExchangeModesConsumer (java.base@21.0.3)
14185:             1             16  sun.security.ssl.PskKeyExchangeModesExtension$PskKeyExchangeModesOnLoadAbsence (java.base@21.0.3)
14186:             1             16  sun.security.ssl.PskKeyExchangeModesExtension$PskKeyExchangeModesOnTradeAbsence (java.base@21.0.3)
14187:             1             16  sun.security.ssl.PskKeyExchangeModesExtension$PskKeyExchangeModesProducer (java.base@21.0.3)
14188:             1             16  sun.security.ssl.PskKeyExchangeModesExtension$PskKeyExchangeModesSpec (java.base@21.0.3)
14189:             1             16  sun.security.ssl.PskKeyExchangeModesExtension$PskKeyExchangeModesStringizer (java.base@21.0.3)
14190:             1             16  sun.security.ssl.RSAKeyExchange$EphemeralRSAPossessionGenerator (java.base@21.0.3)
14191:             1             16  sun.security.ssl.RSAKeyExchange$RSAKAGenerator (java.base@21.0.3)
14192:             1             16  sun.security.ssl.RandomCookie (java.base@21.0.3)
14193:             1             16  sun.security.ssl.RenegoInfoExtension$CHRenegotiationInfoAbsence (java.base@21.0.3)
14194:             1             16  sun.security.ssl.RenegoInfoExtension$CHRenegotiationInfoConsumer (java.base@21.0.3)
14195:             1             16  sun.security.ssl.RenegoInfoExtension$CHRenegotiationInfoProducer (java.base@21.0.3)
14196:             1             16  sun.security.ssl.RenegoInfoExtension$RenegotiationInfoSpec (java.base@21.0.3)
14197:             1             16  sun.security.ssl.RenegoInfoExtension$RenegotiationInfoStringizer (java.base@21.0.3)
14198:             1             16  sun.security.ssl.RenegoInfoExtension$SHRenegotiationInfoAbsence (java.base@21.0.3)
14199:             1             16  sun.security.ssl.RenegoInfoExtension$SHRenegotiationInfoConsumer (java.base@21.0.3)
14200:             1             16  sun.security.ssl.RenegoInfoExtension$SHRenegotiationInfoProducer (java.base@21.0.3)
14201:             1             16  sun.security.ssl.SSLCipher$T12CC20P1305ReadCipherGenerator (java.base@21.0.3)
14202:             1             16  sun.security.ssl.SSLCipher$T12CC20P1305WriteCipherGenerator (java.base@21.0.3)
14203:             1             16  sun.security.ssl.SSLCipher$T13CC20P1305ReadCipherGenerator (java.base@21.0.3)
14204:             1             16  sun.security.ssl.SSLCipher$T13CC20P1305WriteCipherGenerator (java.base@21.0.3)
14205:             1             16  sun.security.ssl.SSLContextImpl$$Lambda/0x00007fcd282d5d38 (java.base@21.0.3)
14206:             1             16  sun.security.ssl.SSLTrafficKeyDerivation$S30TrafficKeyDerivationGenerator (java.base@21.0.3)
14207:             1             16  sun.security.ssl.SSLTrafficKeyDerivation$T10TrafficKeyDerivationGenerator (java.base@21.0.3)
14208:             1             16  sun.security.ssl.SSLTrafficKeyDerivation$T12TrafficKeyDerivationGenerator (java.base@21.0.3)
14209:             1             16  sun.security.ssl.SSLTrafficKeyDerivation$T13TrafficKeyDerivationGenerator (java.base@21.0.3)
14210:             1             16  sun.security.ssl.ServerHello$ServerHelloConsumer (java.base@21.0.3)
14211:             1             16  sun.security.ssl.ServerHello$T12ServerHelloProducer (java.base@21.0.3)
14212:             1             16  sun.security.ssl.ServerHello$T13HelloRetryRequestProducer (java.base@21.0.3)
14213:             1             16  sun.security.ssl.ServerHello$T13HelloRetryRequestReproducer (java.base@21.0.3)
14214:             1             16  sun.security.ssl.ServerHello$T13ServerHelloProducer (java.base@21.0.3)
14215:             1             16  sun.security.ssl.ServerHelloDone$ServerHelloDoneConsumer (java.base@21.0.3)
14216:             1             16  sun.security.ssl.ServerHelloDone$ServerHelloDoneProducer (java.base@21.0.3)
14217:             1             16  sun.security.ssl.ServerKeyExchange$ServerKeyExchangeConsumer (java.base@21.0.3)
14218:             1             16  sun.security.ssl.ServerKeyExchange$ServerKeyExchangeProducer (java.base@21.0.3)
14219:             1             16  sun.security.ssl.ServerNameExtension$CHServerNameConsumer (java.base@21.0.3)
14220:             1             16  sun.security.ssl.ServerNameExtension$CHServerNameProducer (java.base@21.0.3)
14221:             1             16  sun.security.ssl.ServerNameExtension$CHServerNamesStringizer (java.base@21.0.3)
14222:             1             16  sun.security.ssl.ServerNameExtension$EEServerNameConsumer (java.base@21.0.3)
14223:             1             16  sun.security.ssl.ServerNameExtension$EEServerNameProducer (java.base@21.0.3)
14224:             1             16  sun.security.ssl.ServerNameExtension$SHServerNameConsumer (java.base@21.0.3)
14225:             1             16  sun.security.ssl.ServerNameExtension$SHServerNameProducer (java.base@21.0.3)
14226:             1             16  sun.security.ssl.ServerNameExtension$SHServerNamesStringizer (java.base@21.0.3)
14227:             1             16  sun.security.ssl.SessionTicketExtension$SessionTicketStringizer (java.base@21.0.3)
14228:             1             16  sun.security.ssl.SessionTicketExtension$T12CHSessionTicketConsumer (java.base@21.0.3)
14229:             1             16  sun.security.ssl.SessionTicketExtension$T12CHSessionTicketProducer (java.base@21.0.3)
14230:             1             16  sun.security.ssl.SessionTicketExtension$T12SHSessionTicketConsumer (java.base@21.0.3)
14231:             1             16  sun.security.ssl.SessionTicketExtension$T12SHSessionTicketProducer (java.base@21.0.3)
14232:             1             16  sun.security.ssl.SignatureAlgorithmsExtension$CHSignatureSchemesConsumer (java.base@21.0.3)
14233:             1             16  sun.security.ssl.SignatureAlgorithmsExtension$CHSignatureSchemesOnLoadAbsence (java.base@21.0.3)
14234:             1             16  sun.security.ssl.SignatureAlgorithmsExtension$CHSignatureSchemesOnTradeAbsence (java.base@21.0.3)
14235:             1             16  sun.security.ssl.SignatureAlgorithmsExtension$CHSignatureSchemesProducer (java.base@21.0.3)
14236:             1             16  sun.security.ssl.SignatureAlgorithmsExtension$CHSignatureSchemesUpdate (java.base@21.0.3)
14237:             1             16  sun.security.ssl.SignatureAlgorithmsExtension$CRSignatureSchemesAbsence (java.base@21.0.3)
14238:             1             16  sun.security.ssl.SignatureAlgorithmsExtension$CRSignatureSchemesConsumer (java.base@21.0.3)
14239:             1             16  sun.security.ssl.SignatureAlgorithmsExtension$CRSignatureSchemesProducer (java.base@21.0.3)
14240:             1             16  sun.security.ssl.SignatureAlgorithmsExtension$CRSignatureSchemesUpdate (java.base@21.0.3)
14241:             1             16  sun.security.ssl.SignatureAlgorithmsExtension$SignatureSchemesStringizer (java.base@21.0.3)
14242:             1             16  sun.security.ssl.SupportedGroupsExtension$CHSupportedGroupsConsumer (java.base@21.0.3)
14243:             1             16  sun.security.ssl.SupportedGroupsExtension$CHSupportedGroupsOnTradeAbsence (java.base@21.0.3)
14244:             1             16  sun.security.ssl.SupportedGroupsExtension$CHSupportedGroupsProducer (java.base@21.0.3)
14245:             1             16  sun.security.ssl.SupportedGroupsExtension$EESupportedGroupsConsumer (java.base@21.0.3)
14246:             1             16  sun.security.ssl.SupportedGroupsExtension$EESupportedGroupsProducer (java.base@21.0.3)
14247:             1             16  sun.security.ssl.SupportedGroupsExtension$SupportedGroupsStringizer (java.base@21.0.3)
14248:             1             16  sun.security.ssl.SupportedVersionsExtension$CHSupportedVersionsConsumer (java.base@21.0.3)
14249:             1             16  sun.security.ssl.SupportedVersionsExtension$CHSupportedVersionsProducer (java.base@21.0.3)
14250:             1             16  sun.security.ssl.SupportedVersionsExtension$CHSupportedVersionsStringizer (java.base@21.0.3)
14251:             1             16  sun.security.ssl.SupportedVersionsExtension$HRRSupportedVersionsConsumer (java.base@21.0.3)
14252:             1             16  sun.security.ssl.SupportedVersionsExtension$HRRSupportedVersionsProducer (java.base@21.0.3)
14253:             1             16  sun.security.ssl.SupportedVersionsExtension$HRRSupportedVersionsReproducer (java.base@21.0.3)
14254:             1             16  sun.security.ssl.SupportedVersionsExtension$SHSupportedVersionsConsumer (java.base@21.0.3)
14255:             1             16  sun.security.ssl.SupportedVersionsExtension$SHSupportedVersionsProducer (java.base@21.0.3)
14256:             1             16  sun.security.ssl.XDHKeyExchange$XDHEKAGenerator (java.base@21.0.3)
14257:             1             16  sun.security.util.ByteArrayLexOrder (java.base@21.0.3)
14258:             1             16  sun.security.util.ByteArrayTagOrder (java.base@21.0.3)
14259:             1             16  sun.security.util.KeyStoreDelegator$$Lambda/0x00007fcd282d2ef8 (java.base@21.0.3)
14260:             1             16  sun.security.util.ManifestDigester$$Lambda/0x00007fcd28260430 (java.base@21.0.3)
14261:             1             16  sun.security.util.math.IntegerModuloP$MultiplicativeInverser$Secp256R1 (java.base@21.0.3)
14262:             1             16  sun.security.x509.X500Name$$Lambda/0x00007fcd28264700 (java.base@21.0.3)
14263:             1             16  sun.util.calendar.Gregorian (java.base@21.0.3)
14264:             1             16  sun.util.locale.InternalLocaleBuilder$CaseInsensitiveChar (java.base@21.0.3)
14265:             1             16  sun.util.locale.provider.AuxLocaleProviderAdapter$$Lambda/0x00007fcd281520f0 (java.base@21.0.3)
14266:             1             16  sun.util.locale.provider.AuxLocaleProviderAdapter$NullProvider (java.base@21.0.3)
14267:             1             16  sun.util.locale.provider.CalendarDataUtility$CalendarWeekParameterGetter (java.base@21.0.3)
14268:             1             16  sun.util.locale.provider.LocaleProviderAdapter$$Lambda/0x80000006d (java.base@21.0.3)
14269:             1             16  sun.util.locale.provider.LocaleProviderAdapter$$Lambda/0x80000006e (java.base@21.0.3)
14270:             1             16  sun.util.locale.provider.SPILocaleProviderAdapter (java.base@21.0.3)
14271:             1             16  sun.util.locale.provider.SPILocaleProviderAdapter$CalendarDataProviderDelegate (java.base@21.0.3)
14272:             1             16  sun.util.logging.internal.LoggingProviderImpl (java.logging@21.0.3)
14273:             1             16  sun.util.resources.LocaleData (java.base@21.0.3)
14274:             1             16  sun.util.resources.LocaleData$LocaleDataStrategy (java.base@21.0.3)
Total      32889100     9144086824
