 num     #instances         #bytes  class name (module)
-------------------------------------------------------
   1:        663188     2839439088  [Ljava.lang.Object; (java.base@21.0.3)
   2:       9823465      567393808  [B (java.base@21.0.3)
   3:         21305      375747992  [Ljdk.internal.vm.FillerElement; (java.base@21.0.3)
   4:        781997      165764376  [J (java.base@21.0.3)
   5:       4493119      143779808  java.util.HashMap$Node (java.base@21.0.3)
   6:       5347673      128344152  java.lang.String (java.base@21.0.3)
   7:       1997093       79883720  org.opensearch.search.aggregations.metrics.InternalMax
   8:       1846724       73868960  java.util.TreeMap$Entry (java.base@21.0.3)
   9:       1406739       67523472  java.lang.StackTraceElement (java.base@21.0.3)
  10:       1997093       63906976  org.opensearch.search.aggregations.bucket.BucketsAggregator$1
  11:       1173085       56308080  java.util.HashMap (java.base@21.0.3)
  12:       1997115       55963520  [Lorg.opensearch.search.aggregations.InternalAggregation;
  13:        629687       52115472  [Ljava.util.HashMap$Node; (java.base@21.0.3)
  14:       1997098       47930352  org.opensearch.search.aggregations.InternalAggregations
  15:        637373       40791872  org.apache.lucene.store.MemorySegmentIndexInput$SingleSegmentImpl
  16:        471164       33923808  org.apache.lucene.index.FieldInfo
  17:       1269945       30478680  org.apache.lucene.util.BytesRef
  18:        747899       29915960  jdk.internal.foreign.MappedMemorySegmentImpl (java.base@21.0.3)
  19:        291048       20955456  org.apache.lucene.codecs.lucene90.blocktree.FieldReader
  20:        311014       19393352  [Ljava.lang.StackTraceElement; (java.base@21.0.3)
  21:        198460       18759512  [I (java.base@21.0.3)
  22:        168056       18006840  [C (java.base@21.0.3)
  23:        747899       17949576  [Ljava.lang.foreign.MemorySegment; (java.base@21.0.3)
  24:        366673       17600304  java.util.TreeMap (java.base@21.0.3)
  25:        156862       17568544  org.apache.lucene.codecs.lucene90.Lucene90DocValuesProducer$SortedNumericEntry
  26:        162044       16852576  java.lang.management.ThreadInfo (java.management@21.0.3)
  27:        278498       15595888  java.util.stream.ReferencePipeline$Head (java.base@21.0.3)
  28:        144417       15019368  org.apache.lucene.codecs.lucene90.Lucene90DocValuesProducer$TermsDictEntry
  29:        455883       14588256  java.util.Collections$UnmodifiableMap (java.base@21.0.3)
  30:        162456       14296128  org.apache.lucene.codecs.lucene90.Lucene90DocValuesProducer$NumericEntry
  31:        291051       13970448  org.apache.lucene.util.fst.FST$FSTMetadata
  32:        236289       13232184  java.util.concurrent.ConcurrentHashMap$ValueIterator (java.base@21.0.3)
  33:        407035       13025120  java.util.concurrent.atomic.LongAdder (java.base@21.0.3)
  34:        301459       12058360  org.apache.lucene.util.packed.DirectMonotonicReader$Meta
  35:        476941       11446584  java.lang.StringBuilder (java.base@21.0.3)
  36:        160524       10273536  org.apache.lucene.util.bkd.BKDReader
  37:        194175        9321064  [Ljava.security.ProtectionDomain; (java.base@21.0.3)
  38:        291048        9313536  org.apache.lucene.util.fst.OffHeapFSTStore
  39:        282404        9036928  java.util.HashMap$EntryIterator (java.base@21.0.3)
  40:        182604        8764992  java.lang.management.MemoryUsage (java.management@21.0.3)
  41:            17        7988648  [Lorg.opensearch.search.aggregations.InternalAggregations;
  42:        246105        7875360  java.util.HashMap$ValueIterator (java.base@21.0.3)
  43:        302331        7620648  [F (java.base@21.0.3)
  44:        313679        7528296  java.util.ArrayList (java.base@21.0.3)
  45:        184607        7384280  org.opensearch.common.util.concurrent.ThreadContext$ThreadContextStruct
  46:        291051        6985224  org.apache.lucene.util.fst.FST
  47:        138927        6668496  org.apache.lucene.codecs.lucene90.Lucene90NormsProducer$NormsEntry
  48:        160524        6420960  org.apache.lucene.util.bkd.BKDConfig
  49:        193705        6198560  java.util.Formatter$FormatSpecifier (java.base@21.0.3)
  50:        253601        6086424  org.opensearch.common.util.concurrent.ReleasableLock
  51:        126558        6074784  java.util.concurrent.locks.ReentrantReadWriteLock$NonfairSync (java.base@21.0.3)
  52:        163695        5238240  sun.nio.fs.UnixPath (java.base@21.0.3)
  53:        281257        4500112  java.util.Collections$UnmodifiableMap$UnmodifiableEntrySet$UnmodifiableEntry (java.base@21.0.3)
  54:        118858        4489168  [Ljava.lang.String; (java.base@21.0.3)
  55:         35895        4307400  java.io.ObjectStreamClass (java.base@21.0.3)
  56:        264999        4239984  java.util.HashMap$EntrySet (java.base@21.0.3)
  57:         52145        4189776  [Ljava.util.WeakHashMap$Entry; (java.base@21.0.3)
  58:         74034        4145904  java.nio.HeapByteBuffer (java.base@21.0.3)
  59:        125184        4005888  org.opensearch.common.cache.Cache$CacheSegment
  60:         12250        3995568  [Lorg.apache.lucene.index.FieldInfo;
  61:        163037        3912888  java.util.Collections$UnmodifiableCollection$1 (java.base@21.0.3)
  62:        120900        3868800  java.util.concurrent.ConcurrentHashMap$Node (java.base@21.0.3)
  63:         36768        3823872  org.apache.lucene.index.SegmentCommitInfo
  64:         31957        3776616  java.lang.Class (java.base@21.0.3)
  65:         58556        3747584  org.opensearch.index.engine.Engine$Searcher
  66:        113115        3619680  java.util.ArrayList$Itr (java.base@21.0.3)
  67:         44858        3588640  io.netty.buffer.PooledHeapByteBuf
  68:        144417        3466008  org.apache.lucene.codecs.lucene90.Lucene90DocValuesProducer$SortedSetEntry
  69:        144000        3456000  org.apache.lucene.codecs.lucene90.Lucene90DocValuesProducer$SortedEntry
  70:         58626        3283056  com.sun.crypto.provider.GCTR (java.base@21.0.3)
  71:        130061        3121464  java.lang.management.LockInfo (java.management@21.0.3)
  72:        126133        3027192  java.util.concurrent.locks.ReentrantReadWriteLock (java.base@21.0.3)
  73:        125184        3004416  org.opensearch.common.cache.Cache$CacheSegment$SegmentStats
  74:         61602        2956896  org.apache.lucene.util.packed.DirectMonotonicReader
  75:         58549        2810352  io.netty.channel.DefaultChannelPromise
  76:         87333        2794656  org.apache.lucene.codecs.lucene90.Lucene90CompoundReader$FileEntry
  77:        116428        2794272  java.lang.Long (java.base@21.0.3)
  78:         68952        2758080  java.security.AccessControlContext (java.base@21.0.3)
  79:         38160        2747520  java.util.concurrent.ScheduledThreadPoolExecutor$ScheduledFutureTask (java.base@21.0.3)
  80:        111991        2687784  java.util.Formatter$FixedString (java.base@21.0.3)
  81:         47409        2654904  org.apache.lucene.document.FieldType
  82:         63818        2552720  java.util.Spliterators$IteratorSpliterator (java.base@21.0.3)
  83:         63752        2550080  java.util.LinkedHashMap$Entry (java.base@21.0.3)
  84:         79111        2531552  java.util.concurrent.locks.ReentrantLock$NonfairSync (java.base@21.0.3)
  85:         52095        2500560  java.util.WeakHashMap (java.base@21.0.3)
  86:         27111        2400336  [S (java.base@21.0.3)
  87:         24697        2173336  org.apache.lucene.codecs.lucene90.Lucene90DocValuesProducer$TermsDict
  88:         66378        2124096  org.opensearch.common.util.concurrent.ThreadContext$$Lambda/0x00007fcd285478f8
  89:         36989        2071384  java.util.stream.ReferencePipeline$2 (java.base@21.0.3)
  90:         51715        2068600  org.opensearch.search.aggregations.bucket.histogram.InternalDateHistogram$Bucket
  91:         32221        2062144  java.util.LinkedHashMap (java.base@21.0.3)
  92:        128285        2052560  java.util.concurrent.atomic.AtomicInteger (java.base@21.0.3)
  93:        126590        2025440  java.util.concurrent.locks.ReentrantReadWriteLock$ReadLock (java.base@21.0.3)
  94:        126590        2025440  java.util.concurrent.locks.ReentrantReadWriteLock$Sync$ThreadLocalHoldCounter (java.base@21.0.3)
  95:        126590        2025440  java.util.concurrent.locks.ReentrantReadWriteLock$WriteLock (java.base@21.0.3)
  96:        122493        1959888  java.util.HashSet (java.base@21.0.3)
  97:        122053        1952848  java.lang.ThreadLocal (java.base@21.0.3)
  98:         79403        1905672  java.util.Formatter (java.base@21.0.3)
  99:         76613        1838712  org.opensearch.common.util.concurrent.ThreadContext$$Lambda/0x00007fcd28fdf490
 100:         61617        1813768  [Lorg.apache.lucene.util.LongValues;
 101:         53609        1715488  java.util.ArrayList$ArrayListSpliterator (java.base@21.0.3)
 102:         52947        1694304  org.apache.lucene.util.Version
 103:         52189        1670048  java.lang.ref.ReferenceQueue (java.base@21.0.3)
 104:         51973        1663136  org.opensearch.core.common.bytes.BytesArray
 105:        101657        1626512  java.lang.Object (java.base@21.0.3)
 106:         45904        1590616  [Ljavax.management.ObjectName$Property; (java.management@21.0.3)
 107:         66273        1590552  java.util.Collections$UnmodifiableRandomAccessList (java.base@21.0.3)
 108:         38556        1542240  org.opensearch.index.search.stats.SearchStats$PhaseStatsLongHolder
 109:         44443        1520392  [Ljava.nio.ByteBuffer; (java.base@21.0.3)
 110:         47337        1514784  java.util.stream.Collectors$CollectorImpl (java.base@21.0.3)
 111:         37653        1506120  java.io.ObjectStreamField (java.base@21.0.3)
 112:         46934        1501888  java.util.stream.ReduceOps$3ReducingSink (java.base@21.0.3)
 113:         18753        1500240  org.opensearch.action.admin.indices.stats.CommonStats
 114:         17026        1498288  java.lang.reflect.Method (java.base@21.0.3)
 115:         92630        1482080  java.util.concurrent.atomic.AtomicBoolean (java.base@21.0.3)
 116:         41324        1474576  [Ljava.lang.management.ThreadInfo; (java.management@21.0.3)
 117:         46059        1473888  java.util.concurrent.LinkedTransferQueue$DualNode (java.base@21.0.3)
 118:         45424        1453568  java.util.HashMap$KeyIterator (java.base@21.0.3)
 119:         58561        1405464  org.apache.lucene.search.IndexSearcher$CachingLeafSlicesSupplier
 120:         21611        1383104  java.util.concurrent.ConcurrentHashMap (java.base@21.0.3)
 121:         24222        1356432  org.opensearch.index.cache.query.QueryCacheStats
 122:         56429        1354336  [Lorg.opensearch.common.lease.Releasable;
 123:         35569        1344704  [Z (java.base@21.0.3)
 124:         41928        1341696  java.util.TreeMap$KeyIterator (java.base@21.0.3)
 125:         32137        1285480  io.netty.buffer.PoolThreadCache$MemoryRegionCache$Entry
 126:         80277        1284432  java.util.HashMap$KeySet (java.base@21.0.3)
 127:         53510        1284240  java.util.concurrent.atomic.AtomicLong (java.base@21.0.3)
 128:         53238        1277712  java.util.concurrent.locks.AbstractQueuedSynchronizer$ConditionObject (java.base@21.0.3)
 129:         19897        1273408  org.opensearch.monitor.jvm.HotThreads$MyThreadInfo
 130:         52854        1268496  org.apache.lucene.util.packed.DirectReader$DirectPackedReader8
 131:         79067        1265072  java.util.concurrent.locks.ReentrantLock (java.base@21.0.3)
 132:         39258        1256256  org.opensearch.common.settings.Setting$Updater
 133:         50859        1220600  [Ljava.security.cert.X509Certificate; (java.base@21.0.3)
 134:         50047        1201128  javax.naming.ldap.Rdn$RdnEntry (java.naming@21.0.3)
 135:         29313        1172520  javax.net.ssl.SSLEngineResult (java.base@21.0.3)
 136:         18310        1171840  org.apache.lucene.index.SegmentInfo
 137:         29278        1171120  org.opensearch.index.engine.Engine$1
 138:         24315        1167120  java.lang.invoke.MemberName (java.base@21.0.3)
 139:         15694        1129968  com.sun.crypto.provider.GaloisCounterMode$GCMEncrypt (java.base@21.0.3)
 140:          6413        1128688  org.opensearch.index.search.stats.SearchStats$Stats
 141:         19771        1107176  java.util.stream.ReferencePipeline$3 (java.base@21.0.3)
 142:         27245        1089800  java.util.WeakHashMap$Entry (java.base@21.0.3)
 143:         27239        1089560  sun.security.ssl.Plaintext (java.base@21.0.3)
 144:         26509        1060360  java.util.Spliterators$ArraySpliterator (java.base@21.0.3)
 145:         64880        1038080  java.lang.Integer (java.base@21.0.3)
 146:          2651        1035216  [Ljava.util.concurrent.ConcurrentHashMap$Node; (java.base@21.0.3)
 147:         15998        1023872  org.opensearch.cluster.routing.ShardRouting
 148:         15694        1004416  io.netty.channel.ChannelOutboundBuffer$Entry
 149:          7299         992664  sun.nio.fs.UnixFileAttributes (java.base@21.0.3)
 150:         61572         985152  java.util.HashMap$Values (java.base@21.0.3)
 151:         13619         980568  com.sun.crypto.provider.GaloisCounterMode$GCMDecrypt (java.base@21.0.3)
 152:         40054         961296  org.opensearch.common.bytes.ReleasableBytesReference
 153:         29653         948896  java.io.ByteArrayInputStream (java.base@21.0.3)
 154:         58562         936992  org.apache.lucene.search.TaskExecutor
 155:         19176         920448  org.apache.lucene.index.LeafReaderContext
 156:         38182         916368  java.util.Arrays$ArrayItr (java.base@21.0.3)
 157:         38057         913368  java.util.concurrent.Executors$RunnableAdapter (java.base@21.0.3)
 158:         18737         899376  org.opensearch.action.admin.indices.stats.ShardStats
 159:         37472         899328  org.opensearch.common.collect.Tuple
 160:         27864         891648  java.lang.invoke.LambdaForm$Name (java.base@21.0.3)
 161:         36989         887736  java.util.stream.ReferencePipeline$2$1 (java.base@21.0.3)
 162:         36858         884592  org.opensearch.core.action.ActionListener$1
 163:         22060         882400  org.opensearch.index.analysis.NamedAnalyzer
 164:         36266         870384  org.opensearch.threadpool.ThreadPool$ThreadedRunnable
 165:         21200         848000  org.opensearch.index.seqno.RetentionLease
 166:         26389         844448  org.opensearch.core.common.io.stream.InputStreamStreamInput
 167:          8155         835072  [Ljava.io.ObjectInputStream$HandleTable$HandleList; (java.base@21.0.3)
 168:         18899         831240  [Lorg.opensearch.action.admin.indices.stats.CommonStatsFlags$Flag;
 169:         51908         830528  java.util.Collections$UnmodifiableCollection (java.base@21.0.3)
 170:          7326         820512  org.opensearch.index.remote.RemoteSegmentStats
 171:         33692         808608  org.apache.lucene.util.packed.DirectReader$DirectPackedReader20
 172:         50052         800832  javax.naming.ldap.Rdn (java.naming@21.0.3)
 173:         16435         788880  org.opensearch.cluster.node.DiscoveryNode
 174:         10871         782712  org.opensearch.action.support.replication.ReplicationTask
 175:         19274         770960  java.io.FilePermission (java.base@21.0.3)
 176:         32080         769920  org.opensearch.common.util.concurrent.ThreadContext$ContextPreservingRunnable
 177:         13661         765016  java.util.stream.ReferencePipeline$5 (java.base@21.0.3)
 178:         19101         764040  org.opensearch.index.seqno.SeqNoStats
 179:         31753         762072  org.opensearch.common.unit.TimeValue
 180:         10564         760608  io.netty.buffer.PoolSubpage
 181:         15653         751344  io.netty.buffer.UnpooledHeapByteBuf
 182:         30613         734712  javax.management.ObjectName$Property (java.management@21.0.3)
 183:         22879         732128  java.util.TreeMap$EntryIterator (java.base@21.0.3)
 184:         30407         729768  java.io.ByteArrayOutputStream (java.base@21.0.3)
 185:         12874         720944  org.opensearch.security.transport.SecurityRequestHandler
 186:         12796         716576  java.util.stream.ReferencePipeline$4 (java.base@21.0.3)
 187:         29313         703512  com.sun.crypto.provider.GHASH (java.base@21.0.3)
 188:         29313         703512  javax.crypto.spec.GCMParameterSpec (java.base@21.0.3)
 189:         29293         703032  java.util.Collections$SingletonList (java.base@21.0.3)
 190:         12553         702968  org.opensearch.search.aggregations.bucket.terms.GlobalOrdinalsStringTermsAggregator$OrdBucket
 191:         12553         702968  org.opensearch.search.aggregations.bucket.terms.StringTerms$Bucket
 192:         29273         702552  org.opensearch.index.engine.Engine$$Lambda/0x00007fcd2935ecc8
 193:         12510         700560  org.opensearch.transport.TcpTransportChannel
 194:         43678         698848  java.util.TreeMap$EntrySet (java.base@21.0.3)
 195:         25447         678704  [Ljava.lang.Class; (java.base@21.0.3)
 196:         21203         678496  java.io.ObjectInputStream$FieldValues (java.base@21.0.3)
 197:         28132         675168  org.apache.logging.log4j.message.ReusableMessageFactory
 198:          6413         666952  org.opensearch.index.merge.MergeStats
 199:         27601         662424  org.apache.lucene.util.FileDeleter$RefCount
 200:         27550         661200  org.opensearch.core.index.Index
 201:         27544         661056  org.apache.lucene.index.FieldInfos$FieldDimensions
 202:         27544         661056  org.apache.lucene.index.FieldInfos$FieldVectorProperties
 203:         13560         650880  org.opensearch.transport.OutboundHandler$SendContext
 204:         13550         650400  org.opensearch.transport.Header
 205:         20136         644352  java.util.ImmutableCollections$Map1 (java.base@21.0.3)
 206:         39759         636144  java.util.Collections$UnmodifiableSet (java.base@21.0.3)
 207:         15694         627760  io.netty.buffer.UnpooledSlicedByteBuf
 208:         26108         626592  java.util.stream.Streams$2 (java.base@21.0.3)
 209:         26108         626592  java.util.stream.Streams$ConcatSpliterator$OfRef (java.base@21.0.3)
 210:         26049         625176  java.util.stream.Streams$StreamBuilderImpl (java.base@21.0.3)
 211:         19479         623328  java.util.LinkedHashMap$LinkedValueIterator (java.base@21.0.3)
 212:         25835         620040  java.util.Collections$UnmodifiableMap$UnmodifiableEntrySet$1 (java.base@21.0.3)
 213:         19372         619904  java.net.InetAddress$InetAddressHolder (java.base@21.0.3)
 214:         15417         616680  java.lang.invoke.MethodType (java.base@21.0.3)
 215:          6413         615648  org.opensearch.index.shard.IndexingStats$Stats
 216:         19179         613728  java.util.ImmutableCollections$MapN (java.base@21.0.3)
 217:         25390         609360  org.apache.lucene.util.CloseableThreadLocal
 218:          8455         608760  org.opensearch.index.mapper.TextFieldMapper
 219:         37541         600656  org.opensearch.threadpool.ScheduledCancellableAdapter
 220:         18753         600096  org.opensearch.index.store.StoreStats
 221:         18737         599584  org.opensearch.index.engine.CommitStats
 222:         18611         595552  org.opensearch.common.util.concurrent.ThreadContext$ContextPreservingAbstractRunnable
 223:         24731         593544  java.util.stream.MatchOps$1MatchSink (java.base@21.0.3)
 224:         10507         588392  org.opensearch.action.support.replication.TransportReplicationAction$ConcreteReplicaRequest
 225:          7332         586560  java.util.regex.Matcher (java.base@21.0.3)
 226:         24345         584280  org.apache.lucene.analysis.DelegatingAnalyzerWrapper$DelegatingReuseStrategy
 227:         14514         580560  java.io.FileDescriptor (java.base@21.0.3)
 228:         23866         572784  org.opensearch.core.index.shard.ShardId
 229:         10143         568008  org.opensearch.cluster.ClusterStateObserver
 230:         17747         567904  java.util.concurrent.locks.AbstractQueuedSynchronizer$ConditionNode (java.base@21.0.3)
 231:         35074         561184  java.util.concurrent.atomic.AtomicReference (java.base@21.0.3)
 232:          9948         557088  jdk.internal.org.objectweb.asm.SymbolTable$Entry (java.base@21.0.3)
 233:          8655         553920  org.opensearch.index.mapper.KeywordFieldMapper
 234:         23027         552648  java.util.Collections$SynchronizedSet (java.base@21.0.3)
 235:         22938         550512  java.util.Arrays$ArrayList (java.base@21.0.3)
 236:         17113         547616  org.opensearch.index.mapper.TextSearchInfo
 237:         13683         547320  org.opensearch.common.util.BigArrays$ByteArrayWrapper
 238:         22645         543480  org.opensearch.common.recycler.DequeRecycler$DV
 239:         22645         543480  org.opensearch.common.recycler.Recyclers$1$1
 240:         13560         542400  org.opensearch.common.io.stream.ReleasableBytesStreamOutput
 241:         13560         542400  org.opensearch.transport.nativeprotocol.CompressibleBytesOutputStream
 242:         13551         542040  org.opensearch.transport.nativeprotocol.NativeInboundMessage
 243:          6104         537152  org.apache.lucene.codecs.lucene90.compressing.FieldsIndexReader
 244:          6104         537152  org.apache.lucene.codecs.lucene90.compressing.Lucene90CompressingStoredFieldsReader
 245:         33080         529280  org.opensearch.ingest.ProcessorInfo
 246:         32831         525296  java.util.Collections$SingletonSet (java.base@21.0.3)
 247:         13060         522400  java.util.HashMap$ValueSpliterator (java.base@21.0.3)
 248:         21518         516432  org.opensearch.common.Explicit
 249:         12903         516120  org.opensearch.search.aggregations.bucket.terms.LongKeyedBucketOrds$FromMany$1
 250:         12882         515280  java.util.HashMap$EntrySpliterator (java.base@21.0.3)
 251:           489         508560  [Lorg.opensearch.common.cache.Cache$CacheSegment;
 252:         15825         506400  org.opensearch.common.collect.CopyOnWriteHashMap$InnerNode
 253:         31627         506032  org.opensearch.core.common.transport.TransportAddress
 254:         10507         504336  org.opensearch.index.seqno.RetentionLeaseBackgroundSyncAction$Request
 255:         10465         502320  sun.nio.fs.UnixException (java.base@21.0.3)
 256:         15694         502208  sun.security.ssl.Ciphertext (java.base@21.0.3)
 257:         10453         501744  java.nio.file.NoSuchFileException (java.base@21.0.3)
 258:         12508         500320  org.opensearch.transport.nativeprotocol.NativeOutboundMessage$Response
 259:          6252         500160  org.apache.lucene.index.SegmentReader
 260:         15313         490016  javax.management.ObjectName (java.management@21.0.3)
 261:         30287         484592  org.opensearch.index.mapper.FieldMapper$MultiFields
 262:         19771         474504  java.util.stream.ReferencePipeline$3$1 (java.base@21.0.3)
 263:          9881         474288  sun.nio.ch.FileChannelImpl$DefaultUnmapper (java.base@21.0.3)
 264:          7326         468864  org.opensearch.index.engine.SegmentsStats
 265:         29278         468448  org.opensearch.index.engine.Engine$$Lambda/0x00007fcd29355908
 266:         14330         458560  org.opensearch.common.concurrent.RefCountedReleasable
 267:          9468         454464  org.opensearch.painless.lookup.PainlessClass
 268:         11325         453000  org.apache.lucene.codecs.lucene90.Lucene90DocValuesProducer$20
 269:         28191         451056  org.apache.lucene.util.BytesRefBuilder
 270:         18671         448104  java.net.InetSocketAddress$InetSocketAddressHolder (java.base@21.0.3)
 271:         27927         446832  java.util.Collections$UnmodifiableMap$UnmodifiableEntrySet (java.base@21.0.3)
 272:          7976         446656  org.opensearch.index.mapper.NumberFieldMapper
 273:         18334         440016  org.apache.lucene.util.packed.DirectReader$DirectPackedReader12
 274:          6104         439488  org.apache.lucene.index.SegmentCoreReaders
 275:         13580         434560  org.opensearch.LegacyESVersion
 276:         13532         433024  java.lang.invoke.MethodType$ConcurrentWeakInternSet$WeakEntry (java.base@21.0.3)
 277:         17950         430800  java.io.ObjectStreamClass$FieldReflectorKey (java.base@21.0.3)
 278:         10661         426440  sun.nio.cs.UTF_8$Decoder (java.base@21.0.3)
 279:          5913         425736  java.lang.reflect.Field (java.base@21.0.3)
 280:         13283         425056  java.util.stream.ReduceOps$8ReducingSink (java.base@21.0.3)
 281:         26481         423696  org.opensearch.transport.nativeprotocol.NativeInboundBytesHandler$$Lambda/0x00007fcd29135950
 282:         10425         417000  java.security.PrivilegedActionException (java.base@21.0.3)
 283:          8655         415440  org.opensearch.index.mapper.KeywordFieldMapper$KeywordFieldType
 284:         12871         411872  io.netty.channel.AbstractChannelHandlerContext$WriteTask
 285:         12862         411584  org.opensearch.core.common.io.stream.NamedWriteableAwareStreamInput
 286:          6412         410368  org.opensearch.index.translog.RemoteTranslogStats
 287:         17041         408984  java.net.Inet4Address (java.base@21.0.3)
 288:          8455         405840  org.opensearch.index.mapper.TextFieldMapper$TextFieldType
 289:         10143         405720  org.opensearch.action.support.replication.TransportReplicationAction$AsyncReplicaAction
 290:         10143         405720  org.opensearch.index.shard.IndexShard$$Lambda/0x00007fcd2937b240
 291:           410         401440  [Ljdk.internal.org.objectweb.asm.SymbolTable$Entry; (java.base@21.0.3)
 292:         12515         400480  javax.naming.ldap.Rfc2253Parser (java.naming@21.0.3)
 293:         12508         400256  org.opensearch.transport.nativeprotocol.NativeOutboundHandler$$Lambda/0x00007fcd29198bf8
 294:         12344         395008  org.opensearch.common.logging.PrefixLogger
 295:         16438         394512  java.util.Collections$UnmodifiableSortedSet (java.base@21.0.3)
 296:         16372         392928  java.util.Collections$SetFromMap (java.base@21.0.3)
 297:          7015         392840  java.util.concurrent.ConcurrentHashMap$EntryIterator (java.base@21.0.3)
 298:         16314         391536  java.io.ObjectStreamClass$ClassDataSlot (java.base@21.0.3)
 299:         15998         383952  org.opensearch.cluster.routing.AllocationId
 300:          7976         382848  org.opensearch.index.mapper.NumberFieldMapper$NumberFieldType
 301:         15694         376656  com.sun.crypto.provider.GaloisCounterMode$EncryptOp (java.base@21.0.3)
 302:         15694         376656  io.netty.channel.DelegatingChannelPromiseNotifier
 303:         15512         372288  java.lang.invoke.ResolvedMethodName (java.base@21.0.3)
 304:          2733         371688  org.opensearch.cluster.metadata.IndexMetadata
 305:          6413         359128  org.opensearch.index.get.GetStats
 306:         14885         357240  org.apache.lucene.util.packed.DirectReader$DirectPackedReader16
 307:         11465         353728  [Ljava.io.ObjectStreamField; (java.base@21.0.3)
 308:           640         348160  io.netty.util.internal.shaded.org.jctools.queues.atomic.MpscAtomicArrayQueue
 309:          3902         343376  java.util.regex.Pattern (java.base@21.0.3)
 310:          6105         341880  org.apache.lucene.index.ReadersAndUpdates
 311:          6104         341824  org.apache.lucene.codecs.lucene90.compressing.Lucene90CompressingStoredFieldsReader$BlockState
 312:         10601         339232  org.opensearch.index.seqno.RetentionLeases
 313:         14105         338520  org.apache.logging.log4j.message.DefaultFlowMessageFactory
 314:         10495         335840  org.opensearch.action.support.replication.TransportReplicationAction$ReplicaResponse
 315:         13661         327864  java.util.stream.ReferencePipeline$5$1 (java.base@21.0.3)
 316:         13619         326856  [Lsun.security.ssl.Plaintext; (java.base@21.0.3)
 317:         13560         325440  org.opensearch.common.util.concurrent.ThreadContext$$Lambda/0x00007fcd29111390
 318:         13560         325440  org.opensearch.transport.OutboundHandler$SendContext$$Lambda/0x00007fcd2911ea10
 319:         13560         325440  org.opensearch.transport.nativeprotocol.NativeOutboundHandler$MessageSerializer
 320:         13560         325440  org.opensearch.transport.netty4.Netty4MessageChannelHandler$$Lambda/0x00007fcd2910fd40
 321:         13560         325440  org.opensearch.transport.netty4.Netty4MessageChannelHandler$WriteOperation
 322:         13550         325200  org.opensearch.transport.InboundAggregator$BreakerControl
 323:         13253         318072  org.opensearch.index.translog.Translog$$Lambda/0x00007fcd29344ee0
 324:         13056         313344  org.opensearch.core.tasks.TaskId
 325:          7804         312160  org.opensearch.common.util.concurrent.BaseFuture$Sync
 326:         12874         308976  org.opensearch.transport.RequestHandlerRegistry$$Lambda/0x00007fcd29199060
 327:         12874         308976  org.opensearch.transport.TaskTransportChannel
 328:          6413         307824  org.opensearch.index.refresh.RefreshStats
 329:          6412         307776  org.opensearch.index.cache.request.RequestCacheStats
 330:          6412         307776  org.opensearch.index.translog.TranslogStats
 331:         12796         307104  java.util.stream.ReduceOps$5ReducingSink (java.base@21.0.3)
 332:         12796         307104  java.util.stream.ReferencePipeline$4$1 (java.base@21.0.3)
 333:         12796         307104  org.opensearch.index.translog.Translog$$Lambda/0x00007fcd293bed20
 334:         12703         304872  org.opensearch.core.common.bytes.AbstractBytesReference$1
 335:         18971         303536  java.util.TreeSet (java.base@21.0.3)
 336:         12584         302016  org.apache.lucene.index.SingletonSortedSetDocValues
 337:         12526         300624  org.opensearch.SpecialPermission
 338:         12513         300312  java.util.stream.Collectors$$Lambda/0x00007fcd2806a678 (java.base@21.0.3)
 339:         18737         299792  org.opensearch.index.seqno.RetentionLeaseStats
 340:         18671         298736  java.net.InetSocketAddress (java.base@21.0.3)
 341:          6125         294000  org.apache.lucene.index.FieldInfos
 342:          6111         293328  org.apache.lucene.codecs.lucene90.Lucene90DocValuesProducer
 343:          7326         293040  org.opensearch.index.ReplicationStats
 344:          7326         293040  org.opensearch.index.shard.DocsStats
 345:          6101         292848  org.apache.lucene.index.PendingSoftDeletes
 346:          5993         287664  jdk.internal.ref.CleanerImpl$PhantomCleanableRef (java.base@21.0.3)
 347:         11816         283584  org.opensearch.transport.NativeMessageHandler$RequestHandler
 348:         11420         274080  [Ljava.io.ObjectStreamClass$ClassDataSlot; (java.base@21.0.3)
 349:         11417         274008  [Ljava.io.ObjectInputStream$FieldValues; (java.base@21.0.3)
 350:         17076         273216  org.opensearch.common.metrics.CounterMetric
 351:         11235         269640  org.opensearch.core.action.ActionListener$3
 352:         11235         269640  org.opensearch.index.shard.IndexShardOperationPermits$$Lambda/0x00007fcd2937b470
 353:         11162         267888  java.io.SerialCallbackContext (java.base@21.0.3)
 354:          6416         257768  [Ljava.util.concurrent.atomic.AtomicLong; (java.base@21.0.3)
 355:         10726         257424  sun.nio.fs.UnixChannelFactory$Flags (java.base@21.0.3)
 356:          6428         257120  [Lorg.opensearch.action.search.SearchPhaseName;
 357:          5350         256800  java.lang.invoke.DirectMethodHandle$Constructor (java.base@21.0.3)
 358:          6413         256520  org.opensearch.index.flush.FlushStats
 359:          6412         256480  org.opensearch.index.warmer.WarmerStats
 360:         10660         255840  java.io.InputStreamReader (java.base@21.0.3)
 361:          6375         255000  java.lang.invoke.DirectMethodHandle (java.base@21.0.3)
 362:         10513         252312  org.opensearch.action.support.ChannelActionListener
 363:         10507         252168  org.opensearch.core.action.ActionListener$6
 364:           855         251200  [[C (java.base@21.0.3)
 365:          1160         249432  [Lorg.opensearch.common.recycler.Recycler$V;
 366:          6105         244200  org.apache.lucene.codecs.lucene90.blocktree.Lucene90BlockTreeTermsReader
 367:          6101         244040  org.opensearch.common.lucene.index.OpenSearchLeafReader
 368:         10143         243432  java.util.stream.Collectors$$Lambda/0x00007fcd29178ca0 (java.base@21.0.3)
 369:         10143         243432  org.opensearch.action.support.replication.TransportReplicationAction$AsyncReplicaAction$$Lambda/0x00007fcd2937b6c0
 370:         10143         243432  org.opensearch.action.support.replication.TransportReplicationAction$AsyncReplicaAction$$Lambda/0x00007fcd2937b8e0
 371:         10143         243432  org.opensearch.action.support.replication.TransportReplicationAction$AsyncReplicaAction$$Lambda/0x00007fcd2937bd30
 372:         10143         243432  org.opensearch.action.support.replication.TransportReplicationAction$AsyncReplicaAction$$Lambda/0x00007fcd2937e000
 373:         10143         243432  org.opensearch.cluster.ClusterStateObserver$StoredState
 374:         15131         242096  org.opensearch.common.lucene.LoggerInfoStream$$Lambda/0x00007fcd293117d0
 375:          4305         241080  java.util.stream.ReferencePipeline$7 (java.base@21.0.3)
 376:          6018         240720  org.apache.lucene.codecs.lucene90.Lucene90NormsProducer
 377:          7468         238976  java.lang.ThreadLocal$ThreadLocalMap$Entry (java.base@21.0.3)
 378:          9923         238152  jdk.internal.math.DoubleToDecimal (java.base@21.0.3)
 379:          9881         237144  jdk.internal.foreign.SharedSession (java.base@21.0.3)
 380:          9881         237144  sun.nio.ch.FileChannelImpl$1 (java.base@21.0.3)
 381:          4191         234696  org.opensearch.monitor.jvm.JvmStats$MemoryPool
 382:          7326         234432  org.opensearch.index.fielddata.FieldDataStats
 383:          7312         233984  org.opensearch.action.admin.indices.stats.IndexShardStats
 384:          2732         231984  [Ljava.lang.invoke.LambdaForm$Name; (java.base@21.0.3)
 385:         14369         229904  java.util.WeakHashMap$KeySet (java.base@21.0.3)
 386:         14330         229280  org.opensearch.common.bytes.ReleasableBytesReference$$Lambda/0x00007fcd29134a60
 387:          3565         228160  sun.nio.ch.FileChannelImpl (java.base@21.0.3)
 388:          7054         225728  java.nio.file.attribute.FileTime (java.base@21.0.3)
 389:         14081         225296  org.opensearch.core.action.ActionListener$$Lambda/0x00007fcd28290668
 390:         14081         225296  org.opensearch.core.action.ActionListener$$Lambda/0x00007fcd28290888
 391:          9309         223416  java.util.concurrent.CopyOnWriteArrayList (java.base@21.0.3)
 392:          2740         219200  org.opensearch.cluster.routing.IndexShardRoutingTable
 393:         13619         217904  org.opensearch.transport.netty4.Netty4MessageChannelHandler$$Lambda/0x00007fcd2912bba0
 394:         13560         216960  org.opensearch.transport.OutboundHandler$SendContext$$Lambda/0x00007fcd2911f290
 395:         13560         216960  org.opensearch.transport.netty4.Netty4TcpChannel$$Lambda/0x00007fcd2910e528
 396:         13551         216816  org.opensearch.transport.InboundMessage
 397:          3262         208768  org.opensearch.security.support.Base64JDKHelper$SafeObjectInputStream
 398:          3251         208064  java.lang.Class$ReflectionData (java.base@21.0.3)
 399:          3246         207744  java.security.Provider$Service (java.base@21.0.3)
 400:          6413         205216  org.opensearch.index.search.stats.SearchStats
 401:         12813         205008  org.apache.lucene.index.IndexReader$CacheKey
 402:          6111         195552  org.apache.lucene.index.SegmentDocValues$1
 403:          6105         195360  org.apache.lucene.index.PendingDeletes
 404:          6104         195328  org.apache.lucene.index.LeafMetaData
 405:          6104         195328  org.apache.lucene.index.SegmentCoreReaders$1
 406:          6104         195328  org.apache.lucene.index.SegmentCoreReaders$2
 407:          6101         195232  org.apache.lucene.codecs.lucene90.Lucene90PointsReader
 408:          6101         195232  org.apache.lucene.index.SegmentReadState
 409:          4855         194200  java.lang.invoke.BoundMethodHandle$Species_LL (java.base@21.0.3)
 410:          6042         193344  org.apache.lucene.backward_codecs.lucene90.Lucene90PostingsReader
 411:         12017         192272  java.util.LinkedHashSet (java.base@21.0.3)
 412:          4773         190920  jdk.internal.math.FormattedFPDecimal (java.base@21.0.3)
 413:          4697         187880  java.lang.invoke.BoundMethodHandle$Species_L (java.base@21.0.3)
 414:          7783         186792  org.opensearch.search.suggest.completion.CompletionStats
 415:          3262         182672  java.io.ObjectInputStream$BlockDataInputStream (java.base@21.0.3)
 416:         11417         182672  org.opensearch.security.support.SafeSerializationUtils$$Lambda/0x00007fcd2922c630
 417:          7581         181944  java.util.concurrent.ConcurrentHashMap$MapEntry (java.base@21.0.3)
 418:         11338         181408  org.opensearch.common.SetOnce
 419:          7314         179184  [Lorg.opensearch.action.admin.indices.stats.ShardStats;
 420:          2475         178200  java.lang.reflect.Constructor (java.base@21.0.3)
 421:          3170         177520  org.apache.lucene.store.NIOFSDirectory$NIOFSIndexInput
 422:          4436         177440  java.lang.ref.SoftReference (java.base@21.0.3)
 423:          7328         175872  org.apache.lucene.index.ApproximatePriorityQueue
 424:          7312         175488  [Lorg.opensearch.action.admin.indices.stats.IndexShardStats;
 425:          5473         175136  org.apache.lucene.codecs.lucene90.Lucene90CompoundReader
 426:          3606         173088  org.apache.logging.log4j.message.ReusableParameterizedMessage
 427:           768         172032  jdk.internal.org.objectweb.asm.MethodWriter (java.base@21.0.3)
 428:          7157         171768  java.util.LinkedList$Node (java.base@21.0.3)
 429:          2362         170064  org.opensearch.tasks.Task
 430:          5276         168832  java.util.Hashtable$Entry (java.base@21.0.3)
 431:         10540         168640  java.util.stream.Collectors$$Lambda/0x00007fcd282feca0 (java.base@21.0.3)
 432:          2917         168048  [Ljava.lang.reflect.Method; (java.base@21.0.3)
 433:          6997         167928  java.security.Provider$ServiceKey (java.base@21.0.3)
 434:          4191         167640  org.opensearch.monitor.jvm.JvmStats$BufferPool
 435:          2601         166464  java.net.URL (java.base@21.0.3)
 436:          6892         165408  java.lang.Double (java.base@21.0.3)
 437:           306         165312  [Ljava.lang.Thread; (java.base@21.0.3)
 438:           139         164824  [[J (java.base@21.0.3)
 439:          6865         164760  org.opensearch.common.metrics.MeanMetric
 440:          6855         164520  org.opensearch.index.translog.Translog$TranslogGeneration
 441:         10143         162288  org.opensearch.action.support.replication.TransportReplicationAction$$Lambda/0x00007fcd2937ab88
 442:         10143         162288  org.opensearch.action.support.replication.TransportReplicationAction$ReplicaResult
 443:         10143         162288  org.opensearch.cluster.ClusterStateObserver$ObserverClusterStateListener
 444:          1828         160864  org.opensearch.index.codec.PerFieldMappingPostingFormatCodec
 445:          9881         158096  jdk.internal.foreign.MemorySessionImpl$1 (java.base@21.0.3)
 446:          9881         158096  jdk.internal.foreign.SharedSession$SharedResourceList (java.base@21.0.3)
 447:          6549         157176  sun.nio.fs.UnixFileAttributeViews$Basic (java.base@21.0.3)
 448:          6252         150048  org.apache.lucene.index.SegmentReader$1
 449:          6111         146664  org.apache.lucene.codecs.perfield.PerFieldDocValuesFormat$FieldsReader
 450:          6104         146496  org.apache.lucene.codecs.lucene90.LZ4WithPresetDictCompressionMode$LZ4WithPresetDictDecompressor
 451:          6104         146496  org.apache.lucene.codecs.perfield.PerFieldPostingsFormat$FieldsReader
 452:          6104         146496  org.apache.lucene.index.SegmentCoreReaders$3
 453:          9097         145552  org.opensearch.search.pipeline.ProcessorInfo
 454:          4526         144832  java.util.Collections$UnmodifiableSortedMap (java.base@21.0.3)
 455:          4523         144736  org.opensearch.common.settings.Settings
 456:          2530         141680  [Ljava.util.regex.Pattern$GroupHead; (java.base@21.0.3)
 457:           459         139536  org.opensearch.index.IndexSettings
 458:          5655         135720  java.util.regex.Pattern$BmpCharProperty (java.base@21.0.3)
 459:           457         135272  org.opensearch.index.shard.IndexShard
 460:          4191         134112  org.opensearch.monitor.jvm.JvmStats$GarbageCollector
 461:          4191         134112  org.opensearch.monitor.jvm.JvmStats$MemoryPoolGcStats
 462:          1830         131760  org.apache.lucene.index.SegmentInfos
 463:          8211         131376  org.opensearch.cluster.routing.RotationShardShuffler
 464:          2701         129648  java.lang.invoke.LambdaForm (java.base@21.0.3)
 465:          1689         128320  [Ljava.lang.ref.SoftReference; (java.base@21.0.3)
 466:          7769         124304  org.opensearch.action.support.PlainActionFuture
 467:          3052         122080  io.netty.buffer.CompositeByteBuf$Component
 468:          3043         121720  jdk.nio.zipfs.ZipFileSystem$IndexNode (jdk.zipfs@21.0.3)
 469:          4911         117864  org.opensearch.common.inject.Key
 470:          7332         117312  [Ljava.util.regex.IntHashSet; (java.base@21.0.3)
 471:          7205         115280  sun.nio.fs.UnixFileAttributes$UnixAsBasicFileAttributes (java.base@21.0.3)
 472:          7059         112944  java.util.TreeMap$KeySet (java.base@21.0.3)
 473:          2818         112720  org.opensearch.painless.lookup.PainlessMethod
 474:          2811         112440  org.opensearch.painless.spi.WhitelistMethod
 475:          1081         112424  java.util.jar.JarFile$JarFileEntry (java.base@21.0.3)
 476:          2742         109680  [Lorg.opensearch.index.mapper.MetadataFieldMapper;
 477:          4479         107496  java.util.regex.Pattern$BmpCharPropertyGreedy (java.base@21.0.3)
 478:          6713         107408  java.util.concurrent.CopyOnWriteArraySet (java.base@21.0.3)
 479:          6656         106504  [Ljava.nio.file.LinkOption; (java.base@21.0.3)
 480:          3262         104384  java.io.DataInputStream (java.base@21.0.3)
 481:          3262         104384  java.io.ObjectInputStream$HandleTable (java.base@21.0.3)
 482:          3262         104384  java.io.ObjectInputStream$PeekInputStream (java.base@21.0.3)
 483:          3260         104320  org.opensearch.common.inject.spi.Dependency
 484:          4305         103320  java.util.stream.ReferencePipeline$7$1 (java.base@21.0.3)
 485:          6413         102608  org.opensearch.index.shard.IndexingStats
 486:          6413         102608  org.opensearch.index.shard.IndexingStats$Stats$DocStatusStats
 487:          6412         102592  org.opensearch.index.search.stats.SearchStats$RequestStatsLongHolder
 488:          6398         102368  org.opensearch.index.engine.SegmentsStats$$Lambda/0x00007fcd293bf370
 489:          4182         100368  java.util.regex.Pattern$Slice (java.base@21.0.3)
 490:          4178         100272  java.util.stream.FindOps$FindSink$OfRef (java.base@21.0.3)
 491:          6252         100032  org.apache.lucene.index.SegmentReader$2
 492:           458          98928  org.apache.lucene.index.IndexWriter
 493:          3086          98752  java.util.LinkedList (java.base@21.0.3)
 494:           457          98712  org.opensearch.index.engine.InternalEngine
 495:          4107          98568  java.lang.invoke.LambdaForm$NamedFunction (java.base@21.0.3)
 496:          6104          97664  org.apache.lucene.index.SegmentDocValues
 497:          4063          97512  org.opensearch.common.inject.TypeLiteral
 498:          1964          94272  java.lang.invoke.LambdaFormEditor$Transform (java.base@21.0.3)
 499:           615          93480  sun.security.ssl.SSLSessionImpl (java.base@21.0.3)
 500:          2913          93216  org.tartarus.snowball.Among
 501:           457          91400  org.opensearch.index.IndexService
 502:          2821          90272  org.opensearch.common.collect.CopyOnWriteHashMap
 503:          3690          88560  org.apache.lucene.store.ByteArrayDataInput
 504:          3687          88488  org.apache.lucene.util.packed.DirectReader$DirectPackedReader4
 505:          3662          87888  org.opensearch.common.compress.CompressedXContent
 506:          3656          87744  java.util.stream.ReduceOps$6 (java.base@21.0.3)
 507:          5477          87632  java.util.jar.Attributes (java.base@21.0.3)
 508:          2731          87392  org.opensearch.cluster.routing.IndexRoutingTable
 509:          5438          87008  org.opensearch.common.SetOnce$Wrapper
 510:          3606          86544  org.apache.logging.log4j.message.ParameterFormatter$MessagePatternAnalysis
 511:          3565          85560  sun.nio.ch.NativeThreadSet (java.base@21.0.3)
 512:          2116          84640  java.util.HashMap$KeySpliterator (java.base@21.0.3)
 513:          3526          84624  java.util.regex.Pattern$GroupTail (java.base@21.0.3)
 514:          3519          84456  java.util.regex.Pattern$GroupHead (java.base@21.0.3)
 515:          3437          82488  java.util.ArrayDeque (java.base@21.0.3)
 516:           191          82352  [Ljava.lang.ThreadLocal$ThreadLocalMap$Entry; (java.base@21.0.3)
 517:          3259          80136  [Ljava.lang.reflect.Field; (java.base@21.0.3)
 518:          1026          79896  [Lorg.opensearch.cluster.node.DiscoveryNode;
 519:          1641          78768  org.opensearch.common.inject.internal.InstanceBindingImpl
 520:          1397          78232  org.opensearch.monitor.jvm.JvmStats$Mem
 521:          1396          78176  io.netty.channel.DefaultChannelHandlerContext
 522:          3228          77472  java.util.regex.Pattern$Start (java.base@21.0.3)
 523:          1427          76616  [Lorg.opensearch.search.aggregations.bucket.terms.StringTerms$Bucket;
 524:          3167          76008  sun.reflect.generics.tree.SimpleClassTypeSignature (java.base@21.0.3)
 525:          1848          73920  org.apache.lucene.codecs.lucene90.Lucene90TermVectorsFormat
 526:          1536          73728  io.netty.buffer.PoolChunkList
 527:          2285          73120  java.util.concurrent.locks.AbstractQueuedSynchronizer$ExclusiveNode (java.base@21.0.3)
 528:          1746          72760  [[B (java.base@21.0.3)
 529:          2194          70208  java.util.RegularEnumSet (java.base@21.0.3)
 530:          4356          69696  java.util.Optional (java.base@21.0.3)
 531:          4320          69120  sun.management.spi.PlatformMBeanProvider$PlatformComponent$$Lambda/0x00007fcd280e1f80 (java.management@21.0.3)
 532:          4320          69120  sun.management.spi.PlatformMBeanProvider$PlatformComponent$$Lambda/0x00007fcd280e21d0 (java.management@21.0.3)
 533:          1710          68400  org.apache.logging.log4j.core.Logger$PrivateConfig
 534:          1416          67968  com.google.common.collect.Maps$FilteredKeyMap
 535:          2827          67848  org.opensearch.common.inject.SingleParameterInjector
 536:          1397          67056  org.opensearch.monitor.jvm.JvmStats
 537:          4167          66672  java.lang.management.ManagementFactory$$Lambda/0x00007fcd281627b0 (java.management@21.0.3)
 538:          4167          66672  java.lang.management.ManagementFactory$PlatformMBeanFinder$$Lambda/0x00007fcd28162560 (java.management@21.0.3)
 539:           919          66168  org.apache.lucene.index.TieredMergePolicy
 540:           457          65808  org.opensearch.index.translog.TranslogWriter
 541:          2732          65568  org.opensearch.cluster.metadata.MappingMetadata
 542:          2731          65544  org.opensearch.cluster.metadata.IndexAbstraction$Index
 543:          1633          65320  org.opensearch.security.user.User
 544:          1620          64800  java.security.CodeSource (java.base@21.0.3)
 545:          1983          63456  sun.security.util.ObjectIdentifier (java.base@21.0.3)
 546:           869          62568  org.opensearch.tasks.TaskInfo
 547:           458          62288  org.apache.lucene.index.DocumentsWriterFlushControl
 548:           457          62152  org.opensearch.index.seqno.ReplicationTracker
 549:          1934          61888  java.util.stream.ReduceOps$10 (java.base@21.0.3)
 550:          1928          61696  org.apache.lucene.search.TermQuery
 551:           959          61376  io.netty.buffer.CompositeByteBuf
 552:          3167          61256  [Lsun.reflect.generics.tree.TypeArgument; (java.base@21.0.3)
 553:          2516          60384  java.util.regex.Pattern$TreeInfo (java.base@21.0.3)
 554:          1878          60096  java.util.Collections$SynchronizedMap (java.base@21.0.3)
 555:           284          59840  [Lio.netty.buffer.PoolSubpage;
 556:           831          59832  org.opensearch.action.admin.cluster.node.info.NodeInfo$Builder
 557:          1476          59040  org.opensearch.common.settings.Setting
 558:          2457          58968  org.opensearch.core.common.unit.ByteSizeValue
 559:          3677          58832  org.apache.lucene.codecs.lucene90.Lucene90DocValuesFormat
 560:          1835          58720  org.apache.lucene.codecs.lucene99.Lucene99HnswVectorsFormat
 561:           457          58496  org.opensearch.index.engine.EngineConfig
 562:           914          58496  org.opensearch.index.mapper.RootObjectMapper
 563:           384          58368  jdk.internal.org.objectweb.asm.ClassWriter (java.base@21.0.3)
 564:          1800          57600  java.lang.Package (java.base@21.0.3)
 565:          1427          57080  org.opensearch.search.aggregations.bucket.terms.GlobalOrdinalsStringTermsAggregator$ResultStrategy$1
 566:          3565          57040  sun.nio.ch.FileChannelImpl$Closer (java.base@21.0.3)
 567:          2376          57024  org.opensearch.index.shard.IndexShard$$Lambda/0x00007fcd2937b010
 568:          1397          55880  org.opensearch.monitor.jvm.JvmStats$Classes
 569:           424          55632  [Lorg.apache.lucene.index.TermsEnum;
 570:          1376          55040  java.io.ObjectOutputStream$HandleTable (java.base@21.0.3)
 571:           458          54960  org.apache.lucene.index.IndexWriterConfig
 572:           457          54840  org.opensearch.index.engine.InternalEngine$EngineMergeScheduler
 573:          1710          54720  org.apache.logging.log4j.core.Logger
 574:           960          53760  org.opensearch.common.util.BigByteArray
 575:          1339          53560  java.lang.Package$VersionInfo (java.base@21.0.3)
 576:          2228          53472  java.util.jar.Attributes$Name (java.base@21.0.3)
 577:           830          53120  [Lorg.opensearch.action.admin.cluster.node.info.NodesInfoRequest$Metric;
 578:          2212          53088  javax.crypto.spec.SecretKeySpec (java.base@21.0.3)
 579:          1643          52576  java.net.Inet6Address$Inet6AddressHolder (java.base@21.0.3)
 580:           656          52480  java.util.zip.ZipFile$Source (java.base@21.0.3)
 581:          3262          52192  java.io.ObjectInputStream$ValidationList (java.base@21.0.3)
 582:           798          51072  javax.crypto.Cipher (java.base@21.0.3)
 583:           905          50680  java.lang.invoke.DirectMethodHandle$StaticAccessor (java.base@21.0.3)
 584:          1052          50496  org.opensearch.transport.nativeprotocol.NativeOutboundMessage$Request
 585:          3154          50464  sun.reflect.generics.tree.ClassTypeSignature (java.base@21.0.3)
 586:          2069          49656  jdk.internal.platform.CgroupUtil$$Lambda/0x00007fcd284de4d0 (java.base@21.0.3)
 587:          1218          48720  java.math.BigInteger (java.base@21.0.3)
 588:          1002          48096  org.apache.lucene.analysis.tokenattributes.PackedTokenAttributeImpl
 589:          1201          48040  sun.security.util.DerInputStream (java.base@21.0.3)
 590:           993          47664  org.opensearch.index.mapper.ObjectMapper
 591:           888          47400  [Lorg.apache.lucene.util.packed.PackedInts$Reader;
 592:          1949          46776  java.util.concurrent.CopyOnWriteArrayList$COWIterator (java.base@21.0.3)
 593:          1459          46688  java.lang.ref.WeakReference (java.base@21.0.3)
 594:          1929          46296  org.apache.lucene.index.Term
 595:           821          45976  jdk.internal.org.objectweb.asm.Label (java.base@21.0.3)
 596:          2855          45680  org.opensearch.common.logging.DeprecationLogger
 597:          1427          45664  org.opensearch.search.aggregations.bucket.terms.BucketPriorityQueue
 598:          2847          45552  java.nio.channels.spi.AbstractInterruptibleChannel$1 (java.base@21.0.3)
 599:           711          45504  java.util.zip.Inflater (java.base@21.0.3)
 600:          1416          45312  org.opensearch.telemetry.tracing.SpanCreationContext
 601:          1397          44704  [Lorg.opensearch.monitor.jvm.JvmStats$GarbageCollector;
 602:           399          44688  io.netty.handler.ssl.SslHandler
 603:           399          44688  org.opensearch.transport.CopyBytesSocketChannel
 604:           399          44688  sun.nio.ch.SocketChannelImpl (java.base@21.0.3)
 605:          1393          44576  java.util.concurrent.Semaphore$NonfairSync (java.base@21.0.3)
 606:          1103          44120  org.opensearch.ingest.useragent.UserAgentParser$UserAgentSubpattern
 607:           919          44112  org.opensearch.common.util.MovingAverage
 608:          1836          44064  org.apache.lucene.codecs.lucene99.Lucene99PostingsFormat
 609:          1835          44040  org.apache.lucene.codecs.lucene99.Lucene99Codec$1
 610:          1835          44040  org.apache.lucene.codecs.lucene99.Lucene99Codec$2
 611:          1835          44040  org.apache.lucene.codecs.lucene99.Lucene99Codec$3
 612:          1376          44032  java.io.ObjectOutputStream$PutFieldImpl (java.base@21.0.3)
 613:          1372          43904  java.util.regex.Pattern$Branch (java.base@21.0.3)
 614:          1828          43872  org.opensearch.index.codec.fuzzy.FuzzySetParameters
 615:           914          43872  org.opensearch.index.mapper.DocumentMapper
 616:          1371          43872  org.opensearch.index.mapper.MapperService$MapperAnalyzerWrapper
 617:          1088          43520  java.util.IdentityHashMap (java.base@21.0.3)
 618:          1800          43200  java.util.LinkedHashMap$LinkedValues (java.base@21.0.3)
 619:          1372          42888  [Ljava.util.regex.Pattern$Node; (java.base@21.0.3)
 620:          2677          42832  java.util.regex.Pattern$$Lambda/0x80000002a (java.base@21.0.3)
 621:          1780          42720  java.util.stream.ForEachOps$ForEachOp$OfRef (java.base@21.0.3)
 622:          1764          42336  org.opensearch.index.engine.InternalEngine$$Lambda/0x00007fcd29346b38
 623:          1764          42336  org.opensearch.index.seqno.RetentionLeaseBackgroundSyncAction$$Lambda/0x00007fcd2937bb10
 624:          1052          42080  org.opensearch.transport.nativeprotocol.NativeOutboundHandler$$Lambda/0x00007fcd29112050
 625:          1725          41400  java.security.Provider$UString (java.base@21.0.3)
 626:          1285          41120  org.apache.lucene.codecs.lucene90.Lucene90DocValuesProducer$1
 627:           728          40768  org.opensearch.action.support.replication.ReplicationProxyRequest
 628:           728          40768  org.opensearch.action.support.replication.ReplicationProxyRequest$Builder
 629:          1696          40704  java.util.KeyValueHolder (java.base@21.0.3)
 630:           204          40656  [Ljava.lang.invoke.MethodHandle; (java.base@21.0.3)
 631:          1259          40288  org.apache.lucene.codecs.lucene90.Lucene90DocValuesProducer$22
 632:           457          40216  org.opensearch.index.SearchSlowLog
 633:           457          40216  org.opensearch.security.configuration.SecurityFlsDlsIndexSearcherWrapper
 634:          1643          39432  java.net.Inet6Address (java.base@21.0.3)
 635:          1636          39264  java.lang.RuntimePermission (java.base@21.0.3)
 636:           979          39160  org.apache.lucene.util.packed.Packed64
 637:           489          39120  org.opensearch.common.cache.Cache
 638:          1614          38736  jdk.internal.org.objectweb.asm.ByteVector (java.base@21.0.3)
 639:           688          38528  java.io.ObjectOutputStream (java.base@21.0.3)
 640:          1201          38432  sun.security.util.DerValue (java.base@21.0.3)
 641:           959          38360  org.opensearch.core.common.bytes.PagedBytesReference$1
 642:           531          38232  org.apache.lucene.analysis.standard.StandardTokenizerImpl
 643:           358          37232  java.lang.invoke.InnerClassLambdaMetafactory (java.base@21.0.3)
 644:           663          37128  java.io.FileCleanable (java.base@21.0.3)
 645:          1546          37104  org.apache.logging.log4j.MarkerManager$Log4jMarker
 646:           656          36736  java.util.jar.JarFile (java.base@21.0.3)
 647:           458          36640  [Ljava.util.concurrent.locks.Lock; (java.base@21.0.3)
 648:           458          36640  [Lorg.apache.lucene.index.ApproximatePriorityQueue;
 649:           914          36560  org.opensearch.index.mapper.Mapping
 650:           914          36560  org.opensearch.index.mapper.MappingLookup
 651:           457          36560  org.opensearch.index.translog.LocalTranslog
 652:          1515          36360  java.util.concurrent.ConcurrentHashMap$KeySetView (java.base@21.0.3)
 653:            24          36352  [Ljava.util.Hashtable$Entry; (java.base@21.0.3)
 654:          1507          36168  java.util.concurrent.ConcurrentLinkedQueue$Node (java.base@21.0.3)
 655:           474          35248  [Lorg.apache.lucene.index.LeafReader;
 656:           399          35112  sun.security.ssl.TransportContext (java.base@21.0.3)
 657:           626          35056  java.nio.HeapCharBuffer (java.base@21.0.3)
 658:           871          34840  com.fasterxml.jackson.databind.introspect.AnnotatedMethod
 659:          1087          34784  java.util.LinkedHashMap$LinkedKeyIterator (java.base@21.0.3)
 660:           868          34720  org.opensearch.action.support.tasks.TransportTasksAction$1
 661:           469          34600  [Lorg.apache.lucene.index.IndexReaderContext;
 662:           859          34360  org.jcodings.unicode.UnicodeCodeRange
 663:           857          34280  org.opensearch.common.path.PathTrie$TrieNode
 664:          1416          33984  com.google.common.base.Predicates$CompositionPredicate
 665:          1416          33984  com.google.common.collect.Sets$FilteredSet
 666:           531          33984  org.apache.lucene.analysis.standard.StandardTokenizer
 667:          1416          33984  org.opensearch.common.util.concurrent.ThreadContext$$Lambda/0x00007fcd290f3db8
 668:          1416          33984  org.opensearch.security.transport.SecurityInterceptor$$Lambda/0x00007fcd29187298
 669:          1416          33984  org.opensearch.security.transport.SecurityInterceptor$RestoringTransportResponseHandler
 670:          1416          33984  org.opensearch.transport.Transport$ResponseContext
 671:          1416          33984  org.opensearch.transport.TransportService$ContextRestoreResponseHandler
 672:          1058          33856  java.lang.invoke.MethodTypeForm (java.base@21.0.3)
 673:          1054          33728  io.netty.util.internal.LongAdderCounter
 674:          1052          33664  com.google.common.collect.Iterators$5
 675:          1014          33600  [Lio.netty.buffer.CompositeByteBuf$Component;
 676:          1397          33528  org.opensearch.monitor.jvm.JvmStats$Threads
 677:          1392          33408  [Lio.netty.util.concurrent.GenericFutureListener;
 678:          1392          33408  io.netty.util.concurrent.DefaultFutureListeners
 679:           831          33240  org.opensearch.action.admin.cluster.node.info.NodeInfo
 680:          2042          33200  [Ljava.nio.file.OpenOption; (java.base@21.0.3)
 681:          2073          33168  com.sun.management.internal.OperatingSystemImpl$ProcessCpuTicks$$Lambda/0x00007fcd284deb48 (jdk.management@21.0.3)
 682:           829          33160  org.opensearch.action.admin.cluster.node.info.NodesInfoRequest
 683:           689          33072  org.opensearch.node.ResourceUsageCollectorService$$Lambda/0x00007fcd293ba688
 684:           688          33024  org.opensearch.transport.TransportService$TimeoutHandler
 685:           458          32976  org.apache.lucene.index.DocumentsWriterDeleteQueue
 686:           457          32952  [Lorg.apache.lucene.index.SegmentReader;
 687:           457          32904  org.apache.lucene.analysis.miscellaneous.FingerprintFilter
 688:           457          32904  org.apache.lucene.index.StandardDirectoryReader
 689:           457          32904  org.opensearch.common.lucene.index.OpenSearchDirectoryReader
 690:           457          32904  org.opensearch.index.IndexModule
 691:           457          32904  org.opensearch.index.search.stats.ShardSearchStats$StatsHolder
 692:           457          32904  org.opensearch.index.translog.Checkpoint
 693:             1          32792  [Lkotlinx.coroutines.scheduling.CoroutineScheduler$Worker;
 694:           817          32680  java.lang.invoke.DirectMethodHandle$Special (java.base@21.0.3)
 695:           810          32400  org.opensearch.indices.replication.common.ReplicationLuceneIndex$FileMetadata
 696:           364          32032  org.opensearch.action.support.replication.ReplicationOperation
 697:          1000          32000  io.netty.util.internal.RecyclableArrayList
 698:           798          31920  io.netty.handler.ssl.SslHandler$LazyChannelPromise
 699:          1330          31920  java.util.concurrent.CompletableFuture (java.base@21.0.3)
 700:           399          31920  sun.security.ssl.SSLConfiguration (java.base@21.0.3)
 701:           656          31488  jdk.internal.loader.URLClassPath$JarLoader (java.base@21.0.3)
 702:           959          30688  org.opensearch.core.common.bytes.PagedBytesReference
 703:          1917          30672  [Ljava.nio.file.attribute.FileAttribute; (java.base@21.0.3)
 704:          1911          30576  java.util.AbstractMap$2 (java.base@21.0.3)
 705:          1265          30360  org.opensearch.cluster.node.DiscoveryNodeFilters
 706:           624          29952  org.opensearch.action.admin.cluster.node.tasks.list.ListTasksRequest
 707:           622          29856  com.sun.crypto.provider.GaloisCounterMode$AESGCM (java.base@21.0.3)
 708:          1849          29584  java.util.concurrent.Semaphore (java.base@21.0.3)
 709:          1848          29568  org.apache.lucene.codecs.lucene90.Lucene90CompoundFormat
 710:          1848          29568  org.apache.lucene.codecs.lucene90.Lucene90LiveDocsFormat
 711:          1848          29568  org.apache.lucene.codecs.lucene90.Lucene90NormsFormat
 712:          1848          29568  org.apache.lucene.codecs.lucene90.Lucene90StoredFieldsFormat
 713:          1843          29488  org.apache.lucene.codecs.lucene94.Lucene94FieldInfosFormat
 714:           459          29376  org.apache.lucene.index.LogByteSizeMergePolicy
 715:          1835          29360  org.apache.lucene.codecs.lucene99.Lucene99SegmentInfoFormat
 716:           458          29312  org.apache.lucene.index.FieldInfos$FieldNumbers
 717:           915          29280  org.opensearch.index.engine.LiveVersionMap$VersionLookup
 718:           457          29248  org.opensearch.index.IndexingSlowLog
 719:          1828          29248  org.opensearch.index.codec.PerFieldMappingPostingFormatCodec$$Lambda/0x00007fcd29272448
 720:          1828          29248  org.opensearch.index.codec.fuzzy.FuzzySetFactory
 721:           914          29248  org.opensearch.index.mapper.FieldTypeLookup
 722:           457          29248  org.opensearch.index.mapper.MapperService
 723:           457          29248  org.opensearch.index.mapper.SourceFieldMapper
 724:           457          29248  org.opensearch.index.shard.RefreshListeners
 725:           457          29248  org.opensearch.index.translog.ReplicationTranslogDeletionPolicy
 726:           914          29248  org.opensearch.index.translog.Translog$Location
 727:           457          29248  org.opensearch.indices.recovery.RecoveryState$Translog
 728:           457          29248  org.opensearch.indices.replication.common.ReplicationLuceneIndex
 729:           364          29120  org.opensearch.action.support.replication.ReplicationOperation$3
 730:          1201          28824  [Lsun.security.x509.AVA; (java.base@21.0.3)
 731:          1201          28824  sun.security.x509.AVA (java.base@21.0.3)
 732:          1201          28824  sun.security.x509.RDN (java.base@21.0.3)
 733:           399          28728  sun.security.ssl.SSLEngineOutputRecord (java.base@21.0.3)
 734:          1080          28464  [Ljava.lang.reflect.Type; (java.base@21.0.3)
 735:          1143          28120  [Ljava.lang.reflect.Constructor; (java.base@21.0.3)
 736:           438          28032  org.apache.lucene.util.packed.MonotonicLongValues$Builder
 737:           583          27984  sun.security.util.MemoryCache$SoftCacheEntry (java.base@21.0.3)
 738:          1154          27696  java.util.concurrent.ConcurrentLinkedQueue (java.base@21.0.3)
 739:          1148          27552  sun.reflect.annotation.AnnotationInvocationHandler (java.base@21.0.3)
 740:           688          27520  java.io.DataOutputStream (java.base@21.0.3)
 741:           688          27520  java.io.ObjectOutputStream$BlockDataOutputStream (java.base@21.0.3)
 742:          1680          26880  java.util.concurrent.atomic.AtomicReferenceArray (java.base@21.0.3)
 743:           256          26624  io.netty.buffer.PoolArena$HeapArena
 744:          1642          26272  org.opensearch.common.inject.util.Providers$1
 745:          1641          26256  org.opensearch.common.inject.internal.InternalFactory$Instance
 746:           656          26240  java.io.RandomAccessFile (java.base@21.0.3)
 747:          1631          26096  java.io.ObjectStreamClass$$Lambda/0x00007fcd29178028 (java.base@21.0.3)
 748:           542          26016  org.apache.lucene.analysis.StopFilter
 749:           405          25920  jdk.internal.org.objectweb.asm.FieldWriter (java.base@21.0.3)
 750:           646          25840  java.lang.invoke.DirectMethodHandle$Interface (java.base@21.0.3)
 751:          1070          25680  org.opensearch.security.filter.SecurityRestFilter$AuthczRestHandler
 752:           401          25664  io.netty.channel.ChannelOutboundBuffer
 753:           401          25664  io.netty.channel.DefaultChannelPipeline$HeadContext
 754:           458          25648  org.apache.lucene.index.DocumentsWriter
 755:           458          25648  org.apache.lucene.index.IndexFileDeleter
 756:           458          25648  org.apache.lucene.index.ReaderPool
 757:          1068          25632  org.apache.lucene.util.AttributeSource$State
 758:           457          25592  org.apache.lucene.analysis.miscellaneous.ASCIIFoldingFilter
 759:           457          25592  org.opensearch.index.engine.CombinedDeletionPolicy
 760:           457          25592  org.opensearch.index.store.Store
 761:           457          25592  org.opensearch.indices.recovery.RecoveryState
 762:           457          25592  org.opensearch.indices.recovery.RecoveryState$VerifyIndex
 763:           399          25536  io.netty.channel.socket.nio.NioSocketChannel$NioSocketChannelConfig
 764:           798          25536  java.lang.invoke.MethodHandles$Lookup (java.base@21.0.3)
 765:          1582          25312  com.fasterxml.jackson.databind.introspect.AnnotationMap
 766:           790          25280  org.opensearch.painless.lookup.PainlessField
 767:           790          25280  org.opensearch.painless.spi.WhitelistField
 768:           209          25080  java.lang.Thread (java.base@21.0.3)
 769:          1042          25008  org.bouncycastle.asn1.ASN1ObjectIdentifier
 770:           623          24920  org.opensearch.transport.RequestHandlerRegistry
 771:           518          24864  org.apache.lucene.analysis.CharArrayMap
 772:           384          24576  jdk.internal.org.objectweb.asm.SymbolTable (java.base@21.0.3)
 773:          1521          24336  org.opensearch.common.settings.Setting$SimpleKey
 774:           993          23832  jdk.internal.reflect.DirectConstructorHandleAccessor (java.base@21.0.3)
 775:          1479          23664  org.opensearch.security.support.WildcardMatcher$Exact
 776:           979          23496  org.apache.lucene.util.packed.PackedInts$FormatAndBits
 777:           728          23296  org.opensearch.transport.TransportService$9
 778:           970          23280  org.apache.lucene.util.packed.DirectReader$DirectPackedReader2
 779:          1424          22784  org.opensearch.security.support.WildcardMatcher$SimpleMatcher
 780:          1417          22672  org.opensearch.telemetry.tracing.attributes.Attributes
 781:          1416          22656  org.opensearch.security.transport.SecurityInterceptor$$Lambda/0x00007fcd29132e48
 782:          1416          22656  org.opensearch.security.transport.SecurityInterceptor$$Lambda/0x00007fcd291864b8
 783:           704          22528  javax.crypto.Cipher$Transform (java.base@21.0.3)
 784:           402          22512  java.util.zip.ZipFile$ZipFileInputStream (java.base@21.0.3)
 785:           469          22512  org.apache.lucene.index.CompositeReaderContext
 786:           401          22456  io.netty.channel.DefaultChannelPipeline$TailContext
 787:           400          22400  io.netty.channel.FixedRecvByteBufAllocator$HandleImpl
 788:           700          22400  java.util.ImmutableCollections$ListItr (java.base@21.0.3)
 789:          1397          22352  org.opensearch.monitor.jvm.JvmStats$GarbageCollectors
 790:           399          22344  org.opensearch.transport.InboundPipeline
 791:           399          22344  sun.security.ssl.SSLCipher$T13GcmReadCipherGenerator$GcmReadCipher (java.base@21.0.3)
 792:           399          22344  sun.security.ssl.SSLCipher$T13GcmWriteCipherGenerator$GcmWriteCipher (java.base@21.0.3)
 793:           349          22336  org.opensearch.search.aggregations.bucket.histogram.InternalDateHistogram
 794:          1389          22224  java.lang.management.DefaultPlatformMBeanProvider$10$$Lambda/0x00007fcd284dfd38 (java.management@21.0.3)
 795:           461          22128  org.opensearch.common.settings.IndexScopedSettings
 796:           920          22080  org.opensearch.core.common.text.Text
 797:           459          22032  java.util.concurrent.ArrayBlockingQueue (java.base@21.0.3)
 798:           688          22016  org.opensearch.cluster.coordination.FollowersChecker$FollowerCheckRequest
 799:           458          21984  org.apache.lucene.index.BufferedUpdates
 800:           458          21984  org.apache.lucene.index.DocumentsWriter$$Lambda/0x00007fcd290cac10
 801:           458          21984  org.apache.lucene.index.IndexFileDeleter$CommitPoint
 802:          1372          21952  java.util.regex.Pattern$BranchConn (java.base@21.0.3)
 803:           457          21936  org.apache.lucene.index.SoftDeletesRetentionMergePolicy
 804:           457          21936  org.apache.lucene.store.MMapDirectory
 805:           914          21936  org.opensearch.common.util.concurrent.KeyedLock
 806:           457          21936  org.opensearch.index.IndexService$AsyncGlobalCheckpointTask
 807:           457          21936  org.opensearch.index.IndexService$AsyncRefreshTask
 808:           457          21936  org.opensearch.index.IndexService$AsyncRetentionLeaseSyncTask
 809:           457          21936  org.opensearch.index.IndexService$AsyncTrimTranslogTask
 810:           914          21936  org.opensearch.index.analysis.FieldNameAnalyzer
 811:           914          21936  org.opensearch.index.engine.LiveVersionMap$Maps
 812:           457          21936  org.opensearch.index.engine.SoftDeletesPolicy
 813:           457          21936  org.opensearch.index.fielddata.IndexFieldDataService
 814:           457          21936  org.opensearch.index.get.ShardGetService
 815:           457          21936  org.opensearch.index.mapper.DocumentMapperParser
 816:           914          21936  org.opensearch.index.mapper.DocumentParser
 817:           914          21936  org.opensearch.index.mapper.DynamicKeyFieldTypeLookup
 818:           457          21936  org.opensearch.index.store.DirectoryFileTransferTracker
 819:           457          21936  org.opensearch.index.store.FsDirectoryFactory$HybridDirectory
 820:           457          21936  org.opensearch.index.translog.InternalTranslogManager
 821:           457          21936  org.opensearch.indices.replication.common.ReplicationTimer
 822:           455          21840  java.lang.invoke.DirectMethodHandle$Accessor (java.base@21.0.3)
 823:           679          21728  java.util.zip.ZipFile$CleanableResource (java.base@21.0.3)
 824:           905          21720  org.opensearch.sql.expression.function.FunctionSignature
 825:           338          21632  sun.security.ssl.CipherSuite (java.base@21.0.3)
 826:           536          21440  org.apache.lucene.analysis.LowerCaseFilter
 827:           141          21432  org.opensearch.monitor.fs.FsInfo$DeviceStats
 828:           890          21360  org.opensearch.common.inject.InternalFactoryToProviderAdapter
 829:           890          21360  org.opensearch.common.inject.ProviderToInternalFactoryAdapter
 830:           890          21360  org.opensearch.common.inject.Scopes$1$1
 831:           667          21344  java.io.File (java.base@21.0.3)
 832:           665          21280  java.util.PropertyPermission (java.base@21.0.3)
 833:           879          21096  java.util.regex.Pattern$SliceI (java.base@21.0.3)
 834:           876          21024  sun.security.provider.PolicyFile$PolicyEntry (java.base@21.0.3)
 835:           876          20976  [Lorg.opensearch.tasks.Task;
 836:           653          20896  sun.reflect.generics.repository.ClassRepository (java.base@21.0.3)
 837:           869          20856  java.lang.Class$AnnotationData (java.base@21.0.3)
 838:           866          20784  org.opensearch.common.inject.multibindings.RealElement
 839:           429          20592  org.apache.lucene.util.packed.MonotonicLongValues
 840:           849          20376  org.apache.lucene.util.packed.DirectReader$DirectPackedReader24
 841:           849          20376  sun.reflect.generics.factory.CoreReflectionFactory (java.base@21.0.3)
 842:           636          20352  org.opensearch.core.ParseField
 843:           841          20184  java.util.ImmutableCollections$MapN$MapNIterator (java.base@21.0.3)
 844:           417          20016  sun.nio.fs.UnixFileStoreAttributes (java.base@21.0.3)
 845:           624          19968  io.netty.buffer.PoolThreadCache$SubPageMemoryRegionCache
 846:           624          19968  org.opensearch.action.support.tasks.TransportTasksAction$NodeTaskRequest
 847:           624          19968  org.opensearch.action.support.tasks.TransportTasksAction$NodeTasksResponse
 848:           831          19944  sun.reflect.generics.reflectiveObjects.ParameterizedTypeImpl (java.base@21.0.3)
 849:           622          19904  com.sun.crypto.provider.AESCrypt (java.base@21.0.3)
 850:           829          19896  org.opensearch.action.admin.cluster.node.info.TransportNodesInfoAction$NodeInfoRequest
 851:           829          19896  org.opensearch.common.settings.Settings$Builder
 852:           829          19896  org.opensearch.transport.TransportInfo
 853:          1242          19872  org.opensearch.cluster.NodeConnectionsService$ConnectionTarget$$Lambda/0x00007fcd293a5658
 854:           827          19848  org.opensearch.http.HttpInfo
 855:           475          19800  [Lorg.opensearch.common.inject.SingleParameterInjector;
 856:           246          19680  org.apache.logging.log4j.core.util.datetime.FixedDateFormat
 857:          1224          19584  java.util.regex.Pattern$BitClass (java.base@21.0.3)
 858:           804          19296  java.util.stream.MatchOps$$Lambda/0x00007fcd284c32f8 (java.base@21.0.3)
 859:           804          19296  java.util.stream.MatchOps$MatchOp (java.base@21.0.3)
 860:           402          19296  java.util.zip.ZipFile$ZipFileInflaterInputStream (java.base@21.0.3)
 861:           401          19248  io.netty.channel.AbstractChannel$CloseFuture
 862:           401          19248  io.netty.channel.DefaultChannelPipeline
 863:           802          19248  io.netty.channel.VoidChannelPromise
 864:           401          19248  sun.nio.ch.SelectionKeyImpl (java.base@21.0.3)
 865:           798          19152  io.netty.handler.ssl.SslHandler$SslTasksRunner
 866:           399          19152  sun.nio.ch.SocketAdaptor (java.base@21.0.3)
 867:           399          19152  sun.security.ssl.SSLEngineInputRecord (java.base@21.0.3)
 868:           472          18880  java.util.concurrent.CompletableFuture$UniWhenComplete (java.base@21.0.3)
 869:           472          18880  org.opensearch.common.settings.Setting$1
 870:          1168          18688  org.apache.lucene.util.RamUsageEstimator$$Lambda/0x00007fcd281dae50
 871:           384          18432  io.netty.util.ResourceLeakDetector$DefaultResourceLeak
 872:           384          18432  io.netty.util.ResourceLeakDetector$TraceRecord
 873:            32          18432  io.netty.util.internal.shaded.org.jctools.queues.atomic.MpscUnboundedAtomicArrayQueue
 874:           459          18360  org.opensearch.index.OpenSearchTieredMergePolicy
 875:           459          18360  sun.nio.ch.FileLockImpl (java.base@21.0.3)
 876:           458          18320  org.apache.lucene.index.BufferedUpdatesStream
 877:           458          18320  org.apache.lucene.util.ByteBlockPool
 878:           457          18280  org.opensearch.action.admin.indices.flush.FlushRequest
 879:           457          18280  org.opensearch.index.cache.bitset.BitsetFilterCache
 880:           457          18280  org.opensearch.index.engine.InternalEngine$ExternalReaderManager
 881:           457          18280  org.opensearch.index.engine.PrunePostingsMergePolicy
 882:           457          18280  org.opensearch.index.engine.RecoverySourcePruneMergePolicy
 883:           457          18280  org.opensearch.index.mapper.DataStreamFieldMapper
 884:           457          18280  org.opensearch.index.mapper.FieldNamesFieldMapper
 885:           457          18280  org.opensearch.index.mapper.FieldNamesFieldMapper$FieldNamesFieldType
 886:           457          18280  org.opensearch.index.mapper.IdFieldMapper$IdFieldType
 887:           457          18280  org.opensearch.index.mapper.Mapper$TypeParser$ParserContext
 888:           457          18280  org.opensearch.index.mapper.RoutingFieldMapper
 889:           457          18280  org.opensearch.index.mapper.SourceFieldMapper$SourceFieldType
 890:           457          18280  org.opensearch.index.shard.GlobalCheckpointListeners
 891:           457          18280  org.opensearch.index.shard.IndexShard$7
 892:           457          18280  org.opensearch.index.shard.IndexShardOperationPermits
 893:           457          18280  org.opensearch.index.shard.InternalIndexingStats$StatsHolder
 894:           457          18280  org.opensearch.index.shard.OpenSearchMergePolicy
 895:           457          18280  org.opensearch.index.store.ByteSizeCachingDirectory
 896:           457          18280  org.opensearch.index.store.ByteSizeCachingDirectory$1
 897:           457          18280  org.opensearch.index.translog.TranslogConfig
 898:           282          18048  org.opensearch.monitor.fs.FsInfo$Path
 899:           441          17640  org.opensearch.indices.replication.common.ReplicationCollection$ReplicationMonitor
 900:           728          17472  org.opensearch.index.IndexService$$Lambda/0x00007fcd293a6558
 901:           728          17472  org.opensearch.index.IndexService$$Lambda/0x00007fcd293a6998
 902:           364          17472  org.opensearch.index.seqno.ReplicationTracker$$Lambda/0x00007fcd293a7908
 903:          1092          17472  org.opensearch.index.shard.IndexShard$$Lambda/0x00007fcd29388478
 904:           545          17440  org.apache.lucene.analysis.ReusableStringReader
 905:           715          17160  java.time.format.DateTimeFormatterBuilder$DefaultValueParser (java.base@21.0.3)
 906:           713          17112  java.util.zip.Inflater$InflaterZStreamRef (java.base@21.0.3)
 907:          1066          17056  org.opensearch.common.inject.Initializables$1
 908:           710          17040  sun.reflect.generics.scope.ClassScope (java.base@21.0.3)
 909:           709          17016  sun.security.jca.ServiceId (java.base@21.0.3)
 910:           697          16728  org.opensearch.transport.TransportRequestOptions
 911:           694          16656  org.opensearch.common.util.concurrent.AtomicArray
 912:           688          16512  java.io.ObjectOutputStream$ReplaceTable (java.base@21.0.3)
 913:           688          16512  java.net.InetAddress (java.base@21.0.3)
 914:           688          16512  org.opensearch.cluster.coordination.LeaderChecker$LeaderCheckRequest
 915:           688          16512  org.opensearch.monitor.StatusInfo
 916:           688          16512  org.opensearch.transport.TransportRequestOptions$Builder
 917:           685          16440  com.fasterxml.jackson.databind.introspect.MemberKey
 918:          1025          16400  org.apache.logging.log4j.message.ReusableSimpleMessage
 919:           683          16392  org.opensearch.rest.RestMethodHandlers
 920:           291          16296  java.lang.invoke.BoundMethodHandle$Species_LLLLL (java.base@21.0.3)
 921:           676          16224  java.util.ImmutableCollections$Set12 (java.base@21.0.3)
 922:           338          16224  sun.security.x509.X500Name (java.base@21.0.3)
 923:           672          16128  io.netty.buffer.IntPriorityQueue
 924:           402          16080  jdk.internal.loader.URLClassPath$JarLoader$2 (java.base@21.0.3)
 925:           502          16064  org.apache.lucene.util.CollectionUtil$ListIntroSorter
 926:           250          16000  java.lang.invoke.BoundMethodHandle$Species_LLLLLLL (java.base@21.0.3)
 927:           399          15960  io.netty.channel.socket.nio.NioSocketChannel$NioSocketChannelUnsafe
 928:           399          15960  org.opensearch.transport.InboundAggregator
 929:           399          15960  org.opensearch.transport.InboundDecoder
 930:           399          15960  org.opensearch.transport.netty4.Netty4TcpChannel
 931:           656          15744  java.util.zip.ZipFile$Source$Key (java.base@21.0.3)
 932:           653          15672  sun.reflect.generics.tree.ClassSignature (java.base@21.0.3)
 933:           487          15584  com.google.common.collect.RegularImmutableSet
 934:           487          15584  java.util.concurrent.CountDownLatch$Sync (java.base@21.0.3)
 935:           486          15552  org.opensearch.common.inject.ConstructorInjector
 936:           486          15552  org.opensearch.common.inject.MembersInjectorImpl
 937:           626          15456  [[I (java.base@21.0.3)
 938:           318          15264  java.lang.invoke.MethodHandleImpl$AsVarargsCollector (java.base@21.0.3)
 939:           634          15216  java.util.ImmutableCollections$SetN (java.base@21.0.3)
 940:           471          15072  org.opensearch.indices.fielddata.cache.IndicesFieldDataCache$IndexFieldCache$$Lambda/0x00007fcd29201208
 941:           471          15072  org.opensearch.indices.fielddata.cache.IndicesFieldDataCache$Key
 942:           468          14976  java.lang.invoke.MethodHandleNatives$CallSiteContext (java.base@21.0.3)
 943:           624          14976  java.util.function.Consumer$$Lambda/0x00007fcd29179e90 (java.base@21.0.3)
 944:           624          14976  org.opensearch.action.support.tasks.TransportTasksAction$NodeTransportHandler$$Lambda/0x00007fcd2923fa70
 945:           825          14960  [Lsun.reflect.generics.tree.FormalTypeParameter; (java.base@21.0.3)
 946:           623          14952  org.opensearch.indexmanagement.rollup.interceptor.RollupInterceptor$interceptHandler$1
 947:           623          14952  org.opensearch.performanceanalyzer.transport.PerformanceAnalyzerTransportRequestHandler
 948:           623          14952  org.opensearch.security.OpenSearchSecurityPlugin$6$1
 949:           373          14920  org.opensearch.common.util.BigArrays$LongArrayWrapper
 950:           265          14840  sun.util.calendar.ZoneInfo (java.base@21.0.3)
 951:           417          14816  [Ljava.time.format.DateTimeFormatterBuilder$DateTimePrinterParser; (java.base@21.0.3)
 952:           461          14752  com.fasterxml.jackson.databind.introspect.AnnotatedField
 953:           914          14696  [Lorg.opensearch.index.mapper.DynamicTemplate;
 954:           459          14688  java.util.concurrent.Semaphore$FairSync (java.base@21.0.3)
 955:           459          14688  org.apache.lucene.store.NativeFSLockFactory$NativeFSLock
 956:           459          14688  sun.nio.ch.FileKey (java.base@21.0.3)
 957:           459          14688  sun.nio.ch.FileLockTable$FileLockReference (java.base@21.0.3)
 958:           141          14664  org.opensearch.security.configuration.DlsFlsFilterLeafReader
 959:           458          14656  org.apache.lucene.index.BufferedUpdates$DeletedTerms
 960:           458          14656  org.apache.lucene.index.BufferedUpdatesStream$FinishedSegments
 961:           458          14656  org.apache.lucene.index.DocumentsWriterPerThreadPool
 962:           458          14656  org.apache.lucene.index.IndexWriter$EventQueue
 963:           916          14656  org.apache.lucene.util.Counter$AtomicCounter
 964:           458          14656  org.apache.lucene.util.FrequencyTrackingRingBuffer
 965:           610          14640  java.util.stream.ReduceOps$2 (java.base@21.0.3)
 966:           610          14640  java.util.stream.ReduceOps$2ReducingSink (java.base@21.0.3)
 967:           457          14624  org.apache.lucene.document.NumericDocValuesField
 968:           457          14624  org.apache.lucene.index.ShuffleForcedMergePolicy
 969:           457          14624  org.opensearch.action.support.replication.PendingReplicationActions
 970:           457          14624  org.opensearch.analysis.common.FingerprintAnalyzer
 971:           457          14624  org.opensearch.env.NodeEnvironment$1
 972:           457          14624  org.opensearch.env.NodeEnvironment$InternalShardLock
 973:           457          14624  org.opensearch.index.cache.IndexCache
 974:           457          14624  org.opensearch.index.cache.bitset.ShardBitsetFilterCache
 975:           457          14624  org.opensearch.index.cache.request.ShardRequestCache
 976:           457          14624  org.opensearch.index.engine.Engine$IndexThrottle
 977:           457          14624  org.opensearch.index.engine.LiveVersionMap
 978:           457          14624  org.opensearch.index.mapper.DocCountFieldMapper
 979:           457          14624  org.opensearch.index.mapper.IdFieldMapper
 980:           457          14624  org.opensearch.index.mapper.IgnoredFieldMapper
 981:           457          14624  org.opensearch.index.mapper.IndexFieldMapper
 982:           457          14624  org.opensearch.index.mapper.RankFeatureMetaFieldMapper
 983:           457          14624  org.opensearch.index.mapper.SeqNoFieldMapper
 984:           457          14624  org.opensearch.index.mapper.VersionFieldMapper
 985:           457          14624  org.opensearch.index.seqno.LocalCheckpointTracker
 986:           457          14624  org.opensearch.index.shard.IndexShard$RefreshMetricUpdater
 987:           457          14624  org.opensearch.index.shard.ShardPath
 988:           457          14624  org.opensearch.index.similarity.SimilarityService
 989:           457          14624  org.opensearch.index.store.ByteSizeCachingDirectory$SizeAndModCount
 990:           457          14624  org.opensearch.index.translog.TranslogHeader
 991:           457          14624  org.opensearch.index.warmer.ShardIndexWarmerService
 992:           365          14600  org.opensearch.painless.spi.WhitelistClass
 993:           364          14560  org.opensearch.action.support.replication.TransportReplicationAction$ConcreteShardRequest
 994:           364          14560  org.opensearch.transport.TransportService$7
 995:           364          14560  org.opensearch.transport.TransportService$DirectResponseChannel
 996:           600          14400  java.util.regex.Pattern$CharPropertyGreedy (java.base@21.0.3)
 997:           352          14080  java.time.format.DateTimeFormatter (java.base@21.0.3)
 998:           351          14040  java.security.ProtectionDomain (java.base@21.0.3)
 999:           561          13904  [Ljava.security.cert.Certificate; (java.base@21.0.3)
1000:           578          13872  java.util.LinkedHashMap$LinkedEntrySet (java.base@21.0.3)
1001:           433          13856  org.opensearch.common.inject.FactoryProxy
1002:           866          13856  org.opensearch.common.inject.Key$AnnotationInstanceStrategy
1003:           433          13856  org.opensearch.core.xcontent.ObjectParser$FieldParser
1004:           118          13704  [Lorg.tartarus.snowball.Among;
1005:           565          13576  [Lorg.apache.lucene.index.DocValuesType;
1006:           565          13560  java.util.ImmutableCollections$List12 (java.base@21.0.3)
1007:           423          13536  org.apache.lucene.index.TermsEnumIndex
1008:           842          13472  java.util.ImmutableCollections$MapN$1 (java.base@21.0.3)
1009:           560          13440  java.security.BasicPermissionCollection (java.base@21.0.3)
1010:           335          13400  java.lang.ClassNotFoundException (java.base@21.0.3)
1011:           557          13368  java.security.SecurityPermission (java.base@21.0.3)
1012:           829          13264  org.opensearch.common.settings.SettingsFilter$$Lambda/0x00007fcd292258b0
1013:           827          13232  org.opensearch.ingest.IngestInfo
1014:           827          13232  org.opensearch.search.pipeline.SearchPipelineInfo
1015:           165          13200  sun.security.x509.X509CertImpl (java.base@21.0.3)
1016:           205          13120  io.netty.util.concurrent.ScheduledFutureTask
1017:           164          13120  java.net.URI (java.base@21.0.3)
1018:           409          13088  org.opensearch.index.fielddata.ordinals.GlobalOrdinalMapping
1019:           545          13080  [Lorg.apache.lucene.util.AttributeSource$State;
1020:           545          13080  org.apache.lucene.analysis.Analyzer$TokenStreamComponents
1021:           817          13072  org.opensearch.common.concurrent.CompletableContext
1022:           401          12832  io.netty.channel.DefaultChannelId
1023:           401          12832  sun.nio.ch.DummySocketImpl (java.base@21.0.3)
1024:           399          12768  io.netty.handler.ssl.SslHandler$SslHandlerCoalescingBufferQueue
1025:           798          12768  io.netty.handler.ssl.SslHandler$SslTasksRunner$1
1026:           399          12768  java.util.regex.Pattern$Curly (java.base@21.0.3)
1027:           399          12768  org.opensearch.transport.nativeprotocol.NativeInboundBytesHandler
1028:           399          12768  org.opensearch.transport.netty4.Netty4MessageChannelHandler
1029:           399          12768  org.opensearch.transport.netty4.OpenSearchLoggingHandler
1030:           798          12768  sun.security.ssl.Authenticator$TLS13Authenticator (java.base@21.0.3)
1031:           399          12768  sun.security.ssl.SSLEngineImpl (java.base@21.0.3)
1032:           261          12528  java.lang.invoke.BoundMethodHandle$Species_LLL (java.base@21.0.3)
1033:             3          12496  [Ljava.util.concurrent.RunnableScheduledFuture; (java.base@21.0.3)
1034:           120          12480  org.apache.logging.log4j.core.impl.MutableLogEvent
1035:           141          12408  org.opensearch.monitor.fs.FsInfo$IoStats
1036:           387          12384  org.apache.lucene.util.packed.PackedLongValues$Iterator
1037:           387          12384  org.opensearch.search.aggregations.bucket.terms.GlobalOrdinalsStringTermsAggregator$4
1038:           384          12288  java.lang.invoke.MethodHandles$Lookup$ClassDefiner (java.base@21.0.3)
1039:           762          12192  java.util.stream.Collectors$$Lambda/0x00007fcd282feee8 (java.base@21.0.3)
1040:           500          12000  org.opensearch.cluster.metadata.IndexGraveyard$Tombstone
1041:           498          11952  sun.security.x509.AlgorithmId (java.base@21.0.3)
1042:           247          11856  sun.nio.cs.UTF_8$Encoder (java.base@21.0.3)
1043:           368          11776  java.util.LinkedHashMap$LinkedEntryIterator (java.base@21.0.3)
1044:           488          11712  org.opensearch.securityanalytics.model.LogType$Mapping
1045:           486          11664  org.opensearch.common.inject.DefaultConstructionProxyFactory$1
1046:           486          11664  org.opensearch.common.inject.spi.InjectionPoint
1047:           728          11648  org.opensearch.action.support.replication.ReplicationOperation$$Lambda/0x00007fcd293b4830
1048:           364          11648  org.opensearch.action.support.replication.TransportReplicationAction$AsyncPrimaryAction
1049:           728          11648  org.opensearch.index.shard.IndexShard$$Lambda/0x00007fcd293a6df8
1050:           653          11576  [Lsun.reflect.generics.tree.ClassTypeSignature; (java.base@21.0.3)
1051:           481          11544  java.util.regex.Pattern$$Lambda/0x80000002b (java.base@21.0.3)
1052:           476          11424  org.opensearch.common.cache.Cache$$Lambda/0x00007fcd292e9800
1053:           476          11424  org.opensearch.security.support.WildcardMatcher$MatcherCombiner
1054:           531          11360  [Lsun.reflect.generics.tree.FieldTypeSignature; (java.base@21.0.3)
1055:           472          11328  org.opensearch.index.recovery.RecoveryStats
1056:           471          11304  org.opensearch.index.fielddata.ordinals.GlobalOrdinalsIndexFieldData$Consumer
1057:           471          11304  org.opensearch.index.fielddata.ordinals.GlobalOrdinalsIndexFieldData$Consumer$1
1058:           235          11280  java.io.BufferedReader (java.base@21.0.3)
1059:           235          11280  sun.nio.cs.StreamDecoder (java.base@21.0.3)
1060:           338          11216  [Lsun.security.x509.RDN; (java.base@21.0.3)
1061:           698          11168  java.lang.Byte (java.base@21.0.3)
1062:           461          11064  [Ljava.io.Closeable; (java.base@21.0.3)
1063:           689          11024  org.opensearch.cluster.coordination.LeaderChecker$CheckScheduler$3
1064:           459          11016  org.apache.lucene.search.similarities.BM25Similarity
1065:           459          11016  org.opensearch.index.LogByteSizeMergePolicyProvider
1066:           459          11016  org.opensearch.index.MergeSchedulerConfig
1067:           459          11016  org.opensearch.index.TieredMergePolicyProvider
1068:           459          11016  org.opensearch.index.remote.RemoteStorePathStrategy
1069:           459          11016  sun.nio.ch.FileLockTable (java.base@21.0.3)
1070:           688          11008  org.opensearch.cluster.coordination.LeaderChecker$CheckScheduler$1
1071:           458          10992  org.apache.lucene.index.ConcurrentApproximatePriorityQueue
1072:           458          10992  org.apache.lucene.index.DocumentsWriterDeleteQueue$DeleteSlice
1073:           458          10992  org.apache.lucene.index.DocumentsWriterDeleteQueue$Node
1074:           458          10992  org.apache.lucene.index.DocumentsWriterFlushQueue
1075:           458          10992  org.apache.lucene.index.DocumentsWriterStallControl
1076:           458          10992  org.apache.lucene.index.FlushByRamOrCountsPolicy
1077:           458          10992  org.apache.lucene.index.IndexWriter$AddIndexesMergeSource
1078:           458          10992  org.apache.lucene.index.IndexWriter$Merges
1079:           458          10992  org.apache.lucene.index.LockableConcurrentApproximatePriorityQueue
1080:           458          10992  org.apache.lucene.store.LockValidatingDirectoryWrapper
1081:           458          10992  org.apache.lucene.util.ByteBlockPool$DirectTrackingAllocator
1082:           458          10992  org.apache.lucene.util.Counter$SerialCounter
1083:           458          10992  org.apache.lucene.util.FileDeleter
1084:           458          10992  org.apache.lucene.util.FrequencyTrackingRingBuffer$IntBag
1085:           458          10992  org.opensearch.index.engine.SafeCommitInfo
1086:           343          10976  com.fasterxml.jackson.databind.util.internal.PrivateMaxEntriesMap$Node
1087:           457          10968  [Lorg.apache.lucene.search.ReferenceManager$RefreshListener;
1088:           457          10968  org.apache.lucene.index.SoftDeletesRetentionMergePolicy$$Lambda/0x00007fcd2930d820
1089:           457          10968  org.apache.lucene.index.StandardDirectoryReader$3
1090:           457          10968  org.opensearch.common.lucene.LoggerInfoStream
1091:           457          10968  org.opensearch.common.lucene.index.OpenSearchDirectoryReader$DelegatingCacheHelper
1092:           457          10968  org.opensearch.common.lucene.index.OpenSearchDirectoryReader$DelegatingCacheKey
1093:           457          10968  org.opensearch.index.CompositeIndexEventListener
1094:           457          10968  org.opensearch.index.IndexService$$Lambda/0x00007fcd2926e4d8
1095:           457          10968  org.opensearch.index.IndexService$$Lambda/0x00007fcd2926efb8
1096:           457          10968  org.opensearch.index.IndexService$$Lambda/0x00007fcd29271518
1097:           457          10968  org.opensearch.index.IndexService$FieldDataCacheListener
1098:           457          10968  org.opensearch.index.IndexService$StoreCloseListener
1099:           457          10968  org.opensearch.index.IndexWarmer$FieldDataWarmer
1100:           457          10968  org.opensearch.index.analysis.IndexAnalyzers
1101:           457          10968  org.opensearch.index.analysis.LowercaseNormalizer
1102:           457          10968  org.opensearch.index.cache.bitset.BitsetFilterCache$BitSetProducerWarmer
1103:           457          10968  org.opensearch.index.engine.CompletionStatsCache
1104:           457          10968  org.opensearch.index.engine.EngineConfigFactory
1105:           457          10968  org.opensearch.index.engine.InternalEngine$LastRefreshedCheckpointListener
1106:           457          10968  org.opensearch.index.engine.InternalEngine$RefreshWarmerListener
1107:           457          10968  org.opensearch.index.engine.OpenSearchReaderManager
1108:           457          10968  org.opensearch.index.engine.RecoverySourcePruneMergePolicy$$Lambda/0x00007fcd29310000
1109:           457          10968  org.opensearch.index.fielddata.ShardFieldData
1110:           457          10968  org.opensearch.index.search.stats.ShardSearchStats
1111:           457          10968  org.opensearch.index.shard.IndexShard$$Lambda/0x00007fcd292736d8
1112:           457          10968  org.opensearch.index.shard.IndexShard$$Lambda/0x00007fcd29275c68
1113:           457          10968  org.opensearch.index.shard.IndexShard$10
1114:           457          10968  org.opensearch.index.shard.IndexShard$RefreshPendingLocationListener
1115:           457          10968  org.opensearch.index.shard.IndexShard$ShardEventListener
1116:           457          10968  org.opensearch.index.shard.IndexingOperationListener$CompositeListener
1117:           457          10968  org.opensearch.index.shard.SearchOperationListener$CompositeListener
1118:           457          10968  org.opensearch.index.similarity.SimilarityService$PerFieldSimilarity
1119:           457          10968  org.opensearch.index.store.RemoteStoreFileDownloader
1120:           457          10968  org.opensearch.index.store.Store$1
1121:           457          10968  org.opensearch.index.store.Store$StoreDirectory
1122:           457          10968  org.opensearch.index.translog.InternalTranslogManager$$Lambda/0x00007fcd292ca1c8
1123:           457          10968  org.opensearch.index.translog.ReplicationTranslogDeletionPolicy$$Lambda/0x00007fcd29001410
1124:           457          10968  org.opensearch.index.translog.ReplicationTranslogDeletionPolicy$$Lambda/0x00007fcd29002590
1125:           457          10968  org.opensearch.index.translog.listener.CompositeTranslogEventListener
1126:           457          10968  org.opensearch.indices.IndicesService$$Lambda/0x00007fcd2926cd10
1127:           457          10968  org.opensearch.indices.replication.common.ReplicationLuceneIndex$FilesDetails
1128:           457          10968  org.opensearch.security.OpenSearchSecurityPlugin$$Lambda/0x00007fcd2924b720
1129:           457          10968  org.opensearch.security.OpenSearchSecurityPlugin$4
1130:           457          10968  org.opensearch.security.OpenSearchSecurityPlugin$5
1131:           457          10968  org.opensearch.security.compliance.ComplianceIndexingOperationListenerImpl
1132:           274          10960  java.lang.ref.Finalizer (java.base@21.0.3)
1133:           341          10912  jdk.internal.math.FDBigInteger (java.base@21.0.3)
1134:           341          10912  org.opensearch.common.settings.Setting$IntegerParser
1135:           194          10864  java.lang.invoke.BoundMethodHandle$Species_LLLLLL (java.base@21.0.3)
1136:           672          10752  org.apache.lucene.analysis.CharArraySet
1137:           446          10704  io.netty.util.internal.logging.LocationAwareSlf4JLogger
1138:           446          10704  java.util.concurrent.ConcurrentSkipListMap$Node (java.base@21.0.3)
1139:           264          10560  sun.security.util.KnownOIDs (java.base@21.0.3)
1140:           262          10480  java.lang.Thread$FieldHolder (java.base@21.0.3)
1141:           327          10464  sun.reflect.generics.reflectiveObjects.TypeVariableImpl (java.base@21.0.3)
1142:           433          10392  org.opensearch.common.inject.InjectorImpl$4
1143:           433          10392  org.opensearch.common.inject.multibindings.MapBinder$RealMapBinder$MapEntry
1144:           433          10392  org.opensearch.common.inject.spi.ProviderLookup
1145:           433          10392  org.opensearch.plugins.ActionPlugin$ActionHandler
1146:           643          10288  java.security.SecureClassLoader$CodeSourceKey (java.base@21.0.3)
1147:           416          10248  [Lorg.opensearch.sql.data.type.ExprType;
1148:           423          10152  org.opensearch.core.xcontent.ObjectParser$$Lambda/0x00007fcd28487698
1149:           423          10152  org.opensearch.index.fielddata.plain.SortedSetBytesLeafFieldData
1150:           181          10136  java.lang.Module (java.base@21.0.3)
1151:           408          10120  [Lorg.opensearch.common.settings.Setting$Property;
1152:           417          10008  java.time.format.DateTimeFormatterBuilder$CompositePrinterParser (java.base@21.0.3)
1153:           624           9984  org.opensearch.action.admin.cluster.node.tasks.list.TransportListTasksAction$$Lambda/0x00007fcd2924c240
1154:           624           9984  org.opensearch.action.support.tasks.TransportTasksAction$$Lambda/0x00007fcd2923fca0
1155:           624           9984  org.opensearch.action.support.tasks.TransportTasksAction$NodeTransportHandler$$Lambda/0x00007fcd2923f850
1156:           414           9936  org.opensearch.sql.expression.function.FunctionDSL$$Lambda/0x00007fcd28b2e428
1157:           176           9856  sun.security.jca.ProviderList$ServiceList (java.base@21.0.3)
1158:           246           9840  org.apache.logging.log4j.core.pattern.DatePatternConverter$FixedFormatter
1159:           615           9840  sun.security.ssl.SessionId (java.base@21.0.3)
1160:           407           9768  java.time.LocalDateTime (java.base@21.0.3)
1161:           402           9648  java.util.zip.ZipFile$InflaterCleanupAction (java.base@21.0.3)
1162:           402           9640  [Lio.netty.util.DefaultAttributeMap$DefaultAttribute;
1163:           401           9624  [Ljava.nio.channels.SelectionKey; (java.base@21.0.3)
1164:           401           9624  io.netty.channel.SucceededChannelFuture
1165:           401           9624  io.netty.util.DefaultAttributeMap$DefaultAttribute
1166:           401           9624  java.util.regex.Pattern$$Lambda/0x800000033 (java.base@21.0.3)
1167:           399           9576  io.netty.channel.PendingBytesTracker$DefaultChannelPipelinePendingBytesTracker
1168:           399           9576  org.opensearch.transport.CopyBytesSocketChannel$WriteConfig
1169:           399           9576  org.opensearch.transport.TcpChannel$ChannelStats
1170:           399           9576  sun.security.ssl.HandshakeHash (java.base@21.0.3)
1171:           399           9576  sun.security.ssl.SSLEngineOutputRecord$HandshakeFragment (java.base@21.0.3)
1172:           597           9552  java.util.IdentityHashMap$KeySet (java.base@21.0.3)
1173:           397           9528  java.security.Permissions (java.base@21.0.3)
1174:           397           9528  java.util.stream.Collectors$$Lambda/0x00007fcd282fea70 (java.base@21.0.3)
1175:           391           9384  java.util.concurrent.locks.ReentrantReadWriteLock$Sync$HoldCounter (java.base@21.0.3)
1176:           291           9312  jdk.internal.reflect.DirectMethodHandleAccessor (java.base@21.0.3)
1177:           387           9288  org.apache.lucene.index.OrdinalMap$1
1178:           165           9240  sun.security.x509.X509CertInfo (java.base@21.0.3)
1179:           384           9216  io.netty.buffer.SimpleLeakAwareByteBuf
1180:            16           9216  io.netty.util.internal.shaded.org.jctools.queues.atomic.MpscUnboundedAtomicArrayQueue
1181:           383           9192  org.opensearch.sql.expression.function.FunctionDSL$$Lambda/0x00007fcd28b1c690
1182:           287           9184  java.util.regex.Pattern$BnM (java.base@21.0.3)
1183:           382           9168  org.opensearch.core.action.ActionListener$4
1184:           104           9152  com.fasterxml.jackson.databind.ser.BeanPropertyWriter
1185:           380           9120  java.lang.invoke.ConstantCallSite (java.base@21.0.3)
1186:           190           9120  org.jcodings.util.CaseInsensitiveBytesHash$CaseInsensitiveBytesHashEntry
1187:           378           9072  java.time.LocalDate (java.base@21.0.3)
1188:           377           9048  java.lang.module.ModuleDescriptor$Exports (java.base@21.0.3)
1189:           564           9024  org.apache.lucene.index.DocValues$2
1190:           364           8736  java.util.Collections$SynchronizedRandomAccessList (java.base@21.0.3)
1191:           364           8736  org.opensearch.action.ActionListenerResponseHandler
1192:           364           8736  org.opensearch.action.bulk.BackoffPolicy$ExponentialFullJitterBackoff
1193:           364           8736  org.opensearch.action.bulk.BackoffPolicy$ExponentialFullJitterBackoffIterator
1194:           364           8736  org.opensearch.action.support.RetryableAction$1
1195:           364           8736  org.opensearch.action.support.RetryableAction$RetryingListener
1196:           364           8736  org.opensearch.action.support.replication.ReplicationOperation$2
1197:           364           8736  org.opensearch.action.support.replication.ReplicationProxy$$Lambda/0x00007fcd293b4e80
1198:           364           8736  org.opensearch.action.support.replication.ReplicationResponse
1199:           364           8736  org.opensearch.action.support.replication.TransportReplicationAction$1
1200:           364           8736  org.opensearch.action.support.replication.TransportReplicationAction$AsyncPrimaryAction$$Lambda/0x00007fcd293afa78
1201:           364           8736  org.opensearch.action.support.replication.TransportReplicationAction$AsyncPrimaryAction$$Lambda/0x00007fcd293b0000
1202:           364           8736  org.opensearch.action.support.replication.TransportReplicationAction$AsyncPrimaryAction$$Lambda/0x00007fcd293b0780
1203:           364           8736  org.opensearch.action.support.replication.TransportReplicationAction$AsyncPrimaryAction$$Lambda/0x00007fcd293b1000
1204:           364           8736  org.opensearch.action.support.replication.TransportReplicationAction$PrimaryResult
1205:           364           8736  org.opensearch.action.support.replication.TransportReplicationAction$PrimaryShardReference
1206:           364           8736  org.opensearch.common.util.concurrent.ThreadContext$ThreadContextStruct$$Lambda/0x00007fcd291a7548
1207:           364           8736  org.opensearch.index.seqno.ReplicationTracker$$Lambda/0x00007fcd293a7480
1208:           364           8736  org.opensearch.index.seqno.RetentionLeaseBackgroundSyncAction$$Lambda/0x00007fcd293b3b50
1209:           364           8736  org.opensearch.index.seqno.RetentionLeaseBackgroundSyncAction$1
1210:           364           8736  org.opensearch.index.shard.IndexShard$$Lambda/0x00007fcd293ae000
1211:           542           8672  sun.reflect.generics.tree.TypeVariableSignature (java.base@21.0.3)
1212:           216           8640  java.util.Collections$SingletonMap (java.base@21.0.3)
1213:           358           8592  java.lang.invoke.InfoFromMemberName (java.base@21.0.3)
1214:           358           8592  java.lang.invoke.InnerClassLambdaMetafactory$ForwardingMethodGenerator (java.base@21.0.3)
1215:           358           8592  java.util.ImmutableCollections$Set12$1 (java.base@21.0.3)
1216:           536           8576  org.apache.lucene.analysis.Analyzer$TokenStreamComponents$$Lambda/0x00007fcd29264450
1217:           153           8568  [[Ljava.lang.management.ThreadInfo; (java.management@21.0.3)
1218:           153           8568  org.opensearch.action.admin.cluster.node.hotthreads.NodesHotThreadsRequest
1219:           267           8544  java.time.format.DateTimeFormatterBuilder$NumberPrinterParser (java.base@21.0.3)
1220:           353           8472  java.io.FilePermissionCollection (java.base@21.0.3)
1221:           352           8448  org.opensearch.action.support.replication.ReplicationResponse$ShardInfo
1222:           208           8320  sun.security.pkcs11.SunPKCS11$Descriptor (jdk.crypto.cryptoki@21.0.3)
1223:           343           8232  com.fasterxml.jackson.databind.util.internal.PrivateMaxEntriesMap$WeightedValue
1224:           256           8192  io.netty.handler.codec.CodecOutputList
1225:           341           8184  java.util.regex.Pattern$Ques (java.base@21.0.3)
1226:           339           8136  java.util.Date (java.base@21.0.3)
1227:           127           8128  java.lang.invoke.BoundMethodHandle$Species_LLLLLLLL (java.base@21.0.3)
1228:           337           8088  java.util.regex.Pattern$CharProperty (java.base@21.0.3)
1229:           502           8032  java.util.regex.Pattern$$Lambda/0x800000032 (java.base@21.0.3)
1230:           125           8000  java.nio.DirectByteBuffer (java.base@21.0.3)
1231:           332           7968  sun.reflect.generics.tree.FormalTypeParameter (java.base@21.0.3)
1232:           496           7936  jdk.proxy2.$Proxy32 (jdk.proxy2)
1233:           164           7872  java.util.concurrent.ThreadPoolExecutor$Worker (java.base@21.0.3)
1234:           490           7840  jdk.internal.misc.InternalLock (java.base@21.0.3)
1235:           489           7824  org.opensearch.common.cache.Cache$$Lambda/0x00007fcd2862cce8
1236:           487           7792  java.util.concurrent.ConcurrentHashMap$EntrySetView (java.base@21.0.3)
1237:           487           7792  java.util.concurrent.CountDownLatch (java.base@21.0.3)
1238:           486           7776  org.opensearch.common.inject.ConstructorBindingImpl$Factory
1239:           486           7776  org.opensearch.common.inject.DefaultConstructionProxyFactory
1240:           160           7680  java.net.URLPermission (java.base@21.0.3)
1241:           476           7616  org.opensearch.common.cache.Cache$$Lambda/0x00007fcd292ec000
1242:           472           7552  org.opensearch.common.concurrent.CompletableContext$$Lambda/0x00007fcd290fde28
1243:           472           7552  org.opensearch.core.action.ActionListener$$Lambda/0x00007fcd290fd108
1244:           314           7536  org.opensearch.core.tasks.resourcetracker.ResourceUsageMetric
1245:           470           7520  org.opensearch.common.settings.Setting$$Lambda/0x00007fcd280be090
1246:           235           7520  sun.nio.ch.ChannelInputStream (java.base@21.0.3)
1247:           233           7456  org.apache.logging.log4j.core.config.plugins.processor.PluginEntry
1248:           154           7392  org.apache.lucene.analysis.CharArrayMap$UnmodifiableCharArrayMap
1249:           459           7344  [Lorg.opensearch.index.IndexSortConfig$FieldSortSpec;
1250:           306           7344  java.util.stream.Nodes$LongFixedNodeBuilder (java.base@21.0.3)
1251:           459           7344  org.opensearch.index.IndexSettings$$Lambda/0x00007fcd2864bda0
1252:           459           7344  org.opensearch.index.IndexSettings$$Lambda/0x00007fcd2864c448
1253:           459           7344  org.opensearch.index.IndexSettings$$Lambda/0x00007fcd2864c678
1254:           459           7344  org.opensearch.index.IndexSettings$$Lambda/0x00007fcd2864c8a8
1255:           459           7344  org.opensearch.index.IndexSettings$$Lambda/0x00007fcd2864cad8
1256:           459           7344  org.opensearch.index.IndexSettings$$Lambda/0x00007fcd2864cd08
1257:           459           7344  org.opensearch.index.IndexSettings$$Lambda/0x00007fcd2864cf38
1258:           459           7344  org.opensearch.index.IndexSettings$$Lambda/0x00007fcd2864d168
1259:           459           7344  org.opensearch.index.IndexSettings$$Lambda/0x00007fcd2864d398
1260:           459           7344  org.opensearch.index.IndexSettings$$Lambda/0x00007fcd2864d5c8
1261:           459           7344  org.opensearch.index.IndexSettings$$Lambda/0x00007fcd2864d7f8
1262:           459           7344  org.opensearch.index.IndexSettings$$Lambda/0x00007fcd2864da28
1263:           459           7344  org.opensearch.index.IndexSettings$$Lambda/0x00007fcd2864dc58
1264:           459           7344  org.opensearch.index.IndexSettings$$Lambda/0x00007fcd2864de88
1265:           459           7344  org.opensearch.index.IndexSettings$$Lambda/0x00007fcd2864e780
1266:           459           7344  org.opensearch.index.IndexSettings$$Lambda/0x00007fcd2864e9b0
1267:           459           7344  org.opensearch.index.IndexSettings$$Lambda/0x00007fcd2864ebe0
1268:           459           7344  org.opensearch.index.IndexSettings$$Lambda/0x00007fcd2864ee10
1269:           459           7344  org.opensearch.index.IndexSettings$$Lambda/0x00007fcd2864f040
1270:           459           7344  org.opensearch.index.IndexSettings$$Lambda/0x00007fcd2864f270
1271:           459           7344  org.opensearch.index.IndexSettings$$Lambda/0x00007fcd2864f4a0
1272:           459           7344  org.opensearch.index.IndexSettings$$Lambda/0x00007fcd2864f6d0
1273:           459           7344  org.opensearch.index.IndexSettings$$Lambda/0x00007fcd2864f900
1274:           459           7344  org.opensearch.index.IndexSettings$$Lambda/0x00007fcd2864fb30
1275:           459           7344  org.opensearch.index.IndexSettings$$Lambda/0x00007fcd2864fd60
1276:           459           7344  org.opensearch.index.IndexSettings$$Lambda/0x00007fcd28650000
1277:           459           7344  org.opensearch.index.IndexSettings$$Lambda/0x00007fcd28650230
1278:           459           7344  org.opensearch.index.IndexSettings$$Lambda/0x00007fcd28650460
1279:           459           7344  org.opensearch.index.IndexSettings$$Lambda/0x00007fcd28650690
1280:           459           7344  org.opensearch.index.IndexSettings$$Lambda/0x00007fcd286508c0
1281:           459           7344  org.opensearch.index.IndexSettings$$Lambda/0x00007fcd28650af0
1282:           459           7344  org.opensearch.index.IndexSettings$$Lambda/0x00007fcd28650d20
1283:           459           7344  org.opensearch.index.IndexSettings$$Lambda/0x00007fcd28650f50
1284:           459           7344  org.opensearch.index.IndexSettings$$Lambda/0x00007fcd28651180
1285:           459           7344  org.opensearch.index.IndexSettings$$Lambda/0x00007fcd286513b0
1286:           459           7344  org.opensearch.index.IndexSettings$$Lambda/0x00007fcd286515e0
1287:           459           7344  org.opensearch.index.IndexSettings$$Lambda/0x00007fcd28651810
1288:           459           7344  org.opensearch.index.IndexSettings$$Lambda/0x00007fcd28651a40
1289:           459           7344  org.opensearch.index.IndexSettings$$Lambda/0x00007fcd28651c70
1290:           459           7344  org.opensearch.index.IndexSettings$$Lambda/0x00007fcd28651ea0
1291:           459           7344  org.opensearch.index.IndexSettings$$Lambda/0x00007fcd286520d0
1292:           459           7344  org.opensearch.index.IndexSettings$$Lambda/0x00007fcd28652300
1293:           459           7344  org.opensearch.index.IndexSettings$$Lambda/0x00007fcd28652530
1294:           459           7344  org.opensearch.index.IndexSettings$$Lambda/0x00007fcd28652760
1295:           459           7344  org.opensearch.index.IndexSettings$$Lambda/0x00007fcd28652990
1296:           459           7344  org.opensearch.index.IndexSettings$$Lambda/0x00007fcd28652bc0
1297:           459           7344  org.opensearch.index.IndexSettings$$Lambda/0x00007fcd28652df0
1298:           459           7344  org.opensearch.index.IndexSettings$$Lambda/0x00007fcd28653020
1299:           459           7344  org.opensearch.index.IndexSettings$$Lambda/0x00007fcd28653250
1300:           459           7344  org.opensearch.index.IndexSettings$$Lambda/0x00007fcd28653480
1301:           459           7344  org.opensearch.index.IndexSettings$$Lambda/0x00007fcd286536b0
1302:           459           7344  org.opensearch.index.IndexSettings$$Lambda/0x00007fcd286538e0
1303:           459           7344  org.opensearch.index.IndexSettings$$Lambda/0x00007fcd28653b10
1304:           459           7344  org.opensearch.index.IndexSettings$$Lambda/0x00007fcd28653d40
1305:           459           7344  org.opensearch.index.IndexSettings$$Lambda/0x00007fcd28653f70
1306:           459           7344  org.opensearch.index.IndexSettings$$Lambda/0x00007fcd286541a0
1307:           459           7344  org.opensearch.index.IndexSettings$$Lambda/0x00007fcd286543d0
1308:           459           7344  org.opensearch.index.IndexSettings$$Lambda/0x00007fcd28654600
1309:           459           7344  org.opensearch.index.IndexSettings$$Lambda/0x00007fcd28654830
1310:           459           7344  org.opensearch.index.IndexSettings$$Lambda/0x00007fcd28654a60
1311:           459           7344  org.opensearch.index.IndexSettings$$Lambda/0x00007fcd28654c90
1312:           459           7344  org.opensearch.index.IndexSettings$$Lambda/0x00007fcd28654ec0
1313:           459           7344  org.opensearch.index.IndexSettings$$Lambda/0x00007fcd286550f0
1314:           459           7344  org.opensearch.index.IndexSortConfig
1315:           458           7328  org.apache.lucene.index.DocumentsWriterDeleteQueue$$Lambda/0x00007fcd290dd608
1316:           458           7328  org.apache.lucene.index.IndexFileDeleter$$Lambda/0x00007fcd290ced20
1317:           458           7328  org.apache.lucene.index.IndexWriter$$Lambda/0x00007fcd290c88d0
1318:           458           7328  org.apache.lucene.index.IndexWriter$$Lambda/0x00007fcd290ce278
1319:           458           7328  org.apache.lucene.index.IndexWriter$1
1320:           458           7328  org.apache.lucene.index.IndexWriter$IndexWriterMergeSource
1321:           458           7328  org.apache.lucene.search.UsageTrackingQueryCachingPolicy
1322:           458           7328  org.apache.lucene.util.SetOnce
1323:           458           7328  org.apache.lucene.util.SetOnce$Wrapper
1324:           458           7328  org.opensearch.security.configuration.DlsQueryParser
1325:             2           7320  [Ljava.lang.Character$UnicodeScript; (java.base@21.0.3)
1326:           183           7320  org.opensearch.common.time.JavaDateFormatter
1327:           183           7320  org.opensearch.common.time.JavaDateFormatter$RoundUpFormatter
1328:           457           7312  org.apache.lucene.misc.search.similarity.LegacyBM25Similarity
1329:           457           7312  org.apache.lucene.search.similarities.BooleanSimilarity
1330:           457           7312  org.opensearch.common.FieldMemoryStats
1331:           457           7312  org.opensearch.common.collect.MapBuilder
1332:           457           7312  org.opensearch.common.lucene.index.OpenSearchDirectoryReader$SubReaderWrapper
1333:           457           7312  org.opensearch.index.IndexService$$Lambda/0x00007fcd2926a798
1334:           457           7312  org.opensearch.index.IndexService$BitsetCacheListener
1335:           457           7312  org.opensearch.index.IndexWarmer
1336:           457           7312  org.opensearch.index.IndexingSlowLog$$Lambda/0x00007fcd29254230
1337:           457           7312  org.opensearch.index.IndexingSlowLog$$Lambda/0x00007fcd29254460
1338:           457           7312  org.opensearch.index.IndexingSlowLog$$Lambda/0x00007fcd29254690
1339:           457           7312  org.opensearch.index.IndexingSlowLog$$Lambda/0x00007fcd292548c0
1340:           457           7312  org.opensearch.index.IndexingSlowLog$$Lambda/0x00007fcd29254af0
1341:           457           7312  org.opensearch.index.IndexingSlowLog$$Lambda/0x00007fcd29254d20
1342:           457           7312  org.opensearch.index.IndexingSlowLog$$Lambda/0x00007fcd29254f50
1343:           457           7312  org.opensearch.index.SearchSlowLog$$Lambda/0x00007fcd2924ec98
1344:           457           7312  org.opensearch.index.SearchSlowLog$$Lambda/0x00007fcd2924eec8
1345:           457           7312  org.opensearch.index.SearchSlowLog$$Lambda/0x00007fcd2924f0f8
1346:           457           7312  org.opensearch.index.SearchSlowLog$$Lambda/0x00007fcd2924f328
1347:           457           7312  org.opensearch.index.SearchSlowLog$$Lambda/0x00007fcd2924f558
1348:           457           7312  org.opensearch.index.SearchSlowLog$$Lambda/0x00007fcd2924f788
1349:           457           7312  org.opensearch.index.SearchSlowLog$$Lambda/0x00007fcd2924f9b8
1350:           457           7312  org.opensearch.index.SearchSlowLog$$Lambda/0x00007fcd2924fbe8
1351:           457           7312  org.opensearch.index.SearchSlowLog$$Lambda/0x00007fcd29254000
1352:           457           7312  org.opensearch.index.codec.CodecService
1353:           457           7312  org.opensearch.index.engine.InternalEngine$$Lambda/0x00007fcd292c8cb8
1354:           457           7312  org.opensearch.index.engine.InternalEngine$$Lambda/0x00007fcd292c9938
1355:           457           7312  org.opensearch.index.engine.InternalEngine$$Lambda/0x00007fcd29303000
1356:           457           7312  org.opensearch.index.engine.InternalEngine$$Lambda/0x00007fcd29303660
1357:           457           7312  org.opensearch.index.engine.InternalEngine$$Lambda/0x00007fcd29308858
1358:           457           7312  org.opensearch.index.engine.InternalEngine$$Lambda/0x00007fcd29309e30
1359:           457           7312  org.opensearch.index.engine.InternalEngine$$Lambda/0x00007fcd29329198
1360:           457           7312  org.opensearch.index.engine.InternalEngine$1
1361:           457           7312  org.opensearch.index.engine.InternalEngineFactory
1362:           457           7312  org.opensearch.index.engine.PrunePostingsMergePolicy$$Lambda/0x00007fcd2930bc00
1363:           457           7312  org.opensearch.index.mapper.DocumentMapperParser$$Lambda/0x00007fcd290a2870
1364:           457           7312  org.opensearch.index.mapper.DocumentMapperParser$$Lambda/0x00007fcd290a2ab0
1365:           457           7312  org.opensearch.index.mapper.IdFieldMapper$$Lambda/0x00007fcd290b3268
1366:           457           7312  org.opensearch.index.mapper.RootObjectMapper$TypeParser
1367:           457           7312  org.opensearch.index.shard.IndexShard$$Lambda/0x00007fcd29271df8
1368:           457           7312  org.opensearch.index.shard.IndexShard$$Lambda/0x00007fcd29273298
1369:           457           7312  org.opensearch.index.shard.IndexShard$$Lambda/0x00007fcd29275818
1370:           457           7312  org.opensearch.index.shard.IndexShard$$Lambda/0x00007fcd29275a48
1371:           457           7312  org.opensearch.index.shard.IndexShard$$Lambda/0x00007fcd29276098
1372:           457           7312  org.opensearch.index.shard.IndexShard$$Lambda/0x00007fcd292778f0
1373:           457           7312  org.opensearch.index.shard.IndexShard$$Lambda/0x00007fcd29277b10
1374:           457           7312  org.opensearch.index.shard.IndexShard$$Lambda/0x00007fcd2927d440
1375:           457           7312  org.opensearch.index.shard.IndexShard$$Lambda/0x00007fcd2927dcb0
1376:           457           7312  org.opensearch.index.shard.IndexShard$$Lambda/0x00007fcd2927e0f0
1377:           457           7312  org.opensearch.index.shard.IndexShard$$Lambda/0x00007fcd2927e768
1378:           457           7312  org.opensearch.index.shard.IndexShard$$Lambda/0x00007fcd29329a18
1379:           457           7312  org.opensearch.index.shard.IndexShard$3
1380:           457           7312  org.opensearch.index.shard.InternalIndexingStats
1381:           457           7312  org.opensearch.index.similarity.SimilarityService$$Lambda/0x00007fcd290a0420
1382:           457           7312  org.opensearch.index.similarity.SimilarityService$$Lambda/0x00007fcd290a0a68
1383:           457           7312  org.opensearch.index.translog.InternalTranslogFactory
1384:           457           7312  org.opensearch.index.translog.ReplicationTranslogDeletionPolicy$$Lambda/0x00007fcd29001cd0
1385:           457           7312  org.opensearch.index.translog.TragicExceptionHolder
1386:           457           7312  org.opensearch.index.translog.Translog$$Lambda/0x00007fcd29305590
1387:           457           7312  org.opensearch.indices.IndicesService$$Lambda/0x00007fcd2924ea78
1388:           457           7312  org.opensearch.indices.IndicesService$$Lambda/0x00007fcd29255180
1389:           457           7312  org.opensearch.indices.IndicesService$$Lambda/0x00007fcd292553a0
1390:           457           7312  org.opensearch.indices.IndicesService$3
1391:           457           7312  org.opensearch.performanceanalyzer.listener.PerformanceAnalyzerSearchListener
1392:           457           7312  org.opensearch.security.OpenSearchSecurityPlugin$$Lambda/0x00007fcd2924b960
1393:           457           7312  org.opensearch.security.support.GuardedSearchOperationWrapper$InnerSearchOperationListener
1394:           150           7200  java.util.stream.StreamSpliterators$WrappingSpliterator (java.base@21.0.3)
1395:           297           7128  javax.management.ImmutableDescriptor (java.management@21.0.3)
1396:           295           7080  java.util.regex.Pattern$StartS (java.base@21.0.3)
1397:           433           6928  org.opensearch.common.inject.spi.ProviderLookup$ProviderImpl
1398:             2           6912  [Lorg.jcodings.unicode.UnicodeCodeRange;
1399:           123           6888  java.net.SocketPermission (java.base@21.0.3)
1400:           215           6880  sun.nio.fs.UnixFileKey (java.base@21.0.3)
1401:           428           6848  org.opensearch.action.support.HandledTransportAction$TransportHandler
1402:            48           6792  [Ljava.lang.ClassValue$Entry; (java.base@21.0.3)
1403:           283           6792  org.opensearch.common.settings.Setting$$Lambda/0x00007fcd28090238
1404:           277           6752  [Lcom.fasterxml.jackson.databind.JavaType;
1405:           204           6528  org.opensearch.sql.expression.function.BuiltinFunctionName
1406:           402           6432  java.security.SecureClassLoader$1 (java.base@21.0.3)
1407:           401           6416  io.netty.channel.VoidChannelPromise$1
1408:           401           6416  io.netty.channel.nio.AbstractNioChannel$1
1409:           401           6416  org.opensearch.transport.netty4.Netty4TcpChannel$$Lambda/0x00007fcd29083b58
1410:           400           6400  io.netty.channel.DefaultMaxMessagesRecvByteBufAllocator$MaxMessageHandle$1
1411:           399           6384  io.netty.channel.nio.AbstractNioByteChannel$1
1412:           266           6384  org.opensearch.core.common.io.stream.NamedWriteableRegistry$Entry
1413:           399           6384  org.opensearch.transport.InboundAggregator$$Lambda/0x00007fcd29104d90
1414:           399           6384  org.opensearch.transport.TcpTransport$$Lambda/0x00007fcd290ff840
1415:           399           6384  org.opensearch.transport.netty4.Netty4MessageChannelHandler$$Lambda/0x00007fcd291009a0
1416:           399           6384  org.opensearch.transport.netty4.Netty4MessageChannelHandler$$Lambda/0x00007fcd29101660
1417:           399           6384  org.opensearch.transport.netty4.Netty4MessageChannelHandler$$Lambda/0x00007fcd291023e0
1418:           399           6384  org.opensearch.transport.netty4.Netty4Transport$$Lambda/0x00007fcd290fa388
1419:           399           6384  sun.security.ssl.HandshakeHash$CacheOnlyHash (java.base@21.0.3)
1420:           397           6352  org.opensearch.sql.expression.function.FunctionDSL$$Lambda/0x00007fcd28b2d3f8
1421:           158           6320  sun.reflect.generics.repository.MethodRepository (java.base@21.0.3)
1422:           263           6312  com.google.common.collect.ImmutableMapEntry
1423:           196           6272  jdk.internal.reflect.MethodHandleObjectFieldAccessorImpl (java.base@21.0.3)
1424:           195           6240  com.sun.jmx.mbeanserver.ConvertingMethod (java.management@21.0.3)
1425:           153           6120  org.opensearch.monitor.jvm.HotThreads
1426:           150           6000  java.util.stream.SpinedBuffer (java.base@21.0.3)
1427:           180           5984  [Ljava.lang.invoke.LambdaFormEditor$Transform; (java.base@21.0.3)
1428:            15           5968  [[Lorg.opensearch.search.aggregations.bucket.terms.StringTerms$Bucket;
1429:           106           5936  org.opensearch.threadpool.ThreadPoolStats$Stats
1430:           185           5920  org.opensearch.painless.lookup.PainlessConstructor
1431:            41           5904  org.opensearch.repositories.s3.async.SizeBasedBlockingQ$Consumer
1432:            43           5848  org.opensearch.action.admin.cluster.node.stats.NodeStats
1433:           364           5824  org.opensearch.action.support.replication.FanoutReplicationProxy
1434:           364           5824  org.opensearch.action.support.replication.ReplicationOperation$$Lambda/0x00007fcd293b2a10
1435:           364           5824  org.opensearch.action.support.replication.ReplicationOperation$$Lambda/0x00007fcd293b3290
1436:           364           5824  org.opensearch.action.support.replication.ReplicationOperation$1
1437:           364           5824  org.opensearch.action.support.replication.ReplicationOperation$1$$Lambda/0x00007fcd293b61e0
1438:           364           5824  org.opensearch.action.support.replication.ReplicationOperation$1$$Lambda/0x00007fcd293b6840
1439:           364           5824  org.opensearch.action.support.replication.TransportReplicationAction$$Lambda/0x00007fcd293aeb78
1440:           364           5824  org.opensearch.action.support.replication.TransportReplicationAction$ReplicasProxy
1441:           364           5824  org.opensearch.index.seqno.ReplicationTracker$$Lambda/0x00007fcd293a7d90
1442:           121           5808  sun.security.rsa.RSAPublicKeyImpl (java.base@21.0.3)
1443:           240           5760  java.lang.invoke.LambdaFormEditor$TransformKey (java.base@21.0.3)
1444:           358           5728  org.apache.lucene.index.SingletonSortedNumericDocValues
1445:           141           5640  org.opensearch.search.internal.ExitableDirectoryReader$ExitableLeafReader
1446:           352           5632  org.opensearch.action.support.replication.ReplicationOperation$2$$Lambda/0x00007fcd293b70c0
1447:           352           5632  org.opensearch.action.support.replication.ReplicationOperation$2$$Lambda/0x00007fcd293b7500
1448:           351           5616  [Ljava.security.Principal; (java.base@21.0.3)
1449:           351           5616  java.security.ProtectionDomain$Key (java.base@21.0.3)
1450:           233           5592  org.apache.logging.log4j.core.config.plugins.util.PluginType
1451:           139           5560  org.apache.lucene.search.CollectionTerminatedException
1452:           345           5520  org.opensearch.sql.expression.function.FunctionDSL$$Lambda/0x00007fcd28b2d1a0
1453:           172           5504  sun.reflect.generics.tree.MethodTypeSignature (java.base@21.0.3)
1454:           137           5480  org.opensearch.common.ValidationException
1455:           226           5424  java.util.jar.Manifest (java.base@21.0.3)
1456:            75           5400  java.lang.invoke.BoundMethodHandle$Species_LLLLLLLLL (java.base@21.0.3)
1457:            75           5400  org.opensearch.index.mapper.DateFieldMapper
1458:            48           5376  java.util.GregorianCalendar (java.base@21.0.3)
1459:           134           5360  org.apache.logging.log4j.status.StatusData
1460:           328           5248  java.lang.Character$UnicodeBlock (java.base@21.0.3)
1461:           131           5240  org.opensearch.action.admin.indices.stats.CommonStatsFlags
1462:           163           5216  com.fasterxml.jackson.core.io.SerializedString
1463:           163           5216  sun.security.x509.SubjectKeyIdentifierExtension (java.base@21.0.3)
1464:            65           5200  com.fasterxml.jackson.databind.deser.impl.FieldProperty
1465:           108           5184  com.fasterxml.jackson.databind.type.SimpleType
1466:           323           5168  org.opensearch.core.xcontent.AbstractObjectParser$$Lambda/0x00007fcd28487280
1467:           160           5120  java.net.HostPortrange (java.base@21.0.3)
1468:           320           5120  org.opensearch.common.time.OpenSearchDateTimeFormatter
1469:           160           5120  sun.security.x509.KeyUsageExtension (java.base@21.0.3)
1470:            53           5088  org.opensearch.common.util.concurrent.OpenSearchThreadPoolExecutor
1471:            53           5088  sun.util.calendar.Gregorian$Date (java.base@21.0.3)
1472:           210           5040  org.apache.lucene.analysis.pt.RSLPStemmerBase$Rule
1473:           210           5040  org.opensearch.core.xcontent.NamedXContentRegistry$Entry
1474:           157           5024  sun.security.x509.BasicConstraintsExtension (java.base@21.0.3)
1475:           104           4992  jdk.internal.org.objectweb.asm.Frame (java.base@21.0.3)
1476:           156           4992  org.apache.lucene.codecs.lucene90.Lucene90DocValuesProducer$3
1477:           208           4992  org.opensearch.search.internal.ExitableDirectoryReader$ExitableTerms
1478:            62           4960  com.fasterxml.jackson.databind.deser.impl.MethodProperty
1479:           155           4960  com.fasterxml.jackson.databind.type.TypeBindings
1480:           124           4960  org.apache.lucene.search.ConstantScoreScorer
1481:           103           4944  org.apache.lucene.codecs.lucene90.Lucene90DocValuesProducer$5
1482:            68           4896  com.fasterxml.jackson.databind.introspect.AnnotatedClass
1483:           304           4864  org.opensearch.sql.expression.function.FunctionDSL$$Lambda/0x00007fcd28b1abc0
1484:           201           4824  java.time.Instant (java.base@21.0.3)
1485:            14           4816  [Lorg.opensearch.common.time.FormatNames;
1486:           149           4768  jdk.internal.org.objectweb.asm.Type (java.base@21.0.3)
1487:           148           4736  org.opensearch.OpenSearchException$OpenSearchExceptionHandle
1488:           118           4720  jdk.internal.ref.Cleaner (java.base@21.0.3)
1489:           147           4704  java.lang.module.ModuleDescriptor$Requires (java.base@21.0.3)
1490:           195           4680  java.util.concurrent.ConcurrentSkipListMap$Index (java.base@21.0.3)
1491:           195           4680  org.opensearch.transport.TcpTransport$$Lambda/0x00007fcd291974d0
1492:           195           4680  sun.security.util.math.intpoly.IntegerPolynomial$ImmutableElement (java.base@21.0.3)
1493:            97           4656  java.lang.invoke.BoundMethodHandle$Species_LLLL (java.base@21.0.3)
1494:           194           4656  java.time.LocalTime (java.base@21.0.3)
1495:           172           4624  [Lsun.reflect.generics.tree.TypeSignature; (java.base@21.0.3)
1496:            72           4608  java.lang.module.ModuleDescriptor (java.base@21.0.3)
1497:            44           4576  org.apache.lucene.codecs.lucene90.IndexedDISI
1498:           190           4560  jdk.internal.module.ServicesCatalog$ServiceProvider (java.base@21.0.3)
1499:           283           4528  org.opensearch.common.settings.Setting$$Lambda/0x00007fcd28090000
1500:           141           4512  org.opensearch.index.fielddata.plain.SortedNumericIndexFieldData$SortedNumericFloatFieldData
1501:           141           4512  org.opensearch.index.fielddata.plain.SortedNumericIndexFieldData$SortedNumericLongFieldData
1502:           141           4512  org.opensearch.monitor.fs.FsInfo
1503:           141           4512  org.opensearch.search.aggregations.bucket.histogram.DateHistogramAggregator$1
1504:           141           4512  org.opensearch.search.aggregations.metrics.MaxAggregator$1
1505:           141           4512  org.opensearch.security.configuration.DlsFlsFilterLeafReader$DlsGetEvaluator
1506:           187           4488  org.opensearch.common.settings.Setting$MinTimeValueParser
1507:            16           4480  java.util.concurrent.ConcurrentHashMap$CounterCell (java.base@21.0.3)
1508:           185           4440  org.opensearch.painless.spi.WhitelistConstructor
1509:           183           4392  org.apache.lucene.util.packed.DirectReader$DirectPackedReader1
1510:           181           4344  org.opensearch.sql.expression.function.DefaultFunctionResolver
1511:           271           4336  org.opensearch.sql.expression.function.FunctionDSL$$Lambda/0x00007fcd28b19ef8
1512:           134           4288  java.lang.invoke.SimpleMethodHandle (java.base@21.0.3)
1513:            67           4288  sun.security.ssl.SSLExtension (java.base@21.0.3)
1514:           107           4280  sun.util.locale.LocaleObjectCache$CacheEntry (java.base@21.0.3)
1515:           178           4272  java.lang.ThreadLocal$ThreadLocalMap (java.base@21.0.3)
1516:           176           4224  sun.security.jca.ProviderList$ServiceList$1 (java.base@21.0.3)
1517:           151           4216  [Ljava.lang.reflect.TypeVariable; (java.base@21.0.3)
1518:            75           4200  org.opensearch.index.mapper.DateFieldMapper$DateFieldType
1519:           104           4160  java.util.EnumMap (java.base@21.0.3)
1520:           130           4160  sun.nio.fs.NativeBuffer (java.base@21.0.3)
1521:           103           4120  org.jcodings.EncodingDB$Entry
1522:           256           4096  java.lang.Short (java.base@21.0.3)
1523:           102           4080  java.lang.invoke.VarHandle$AccessDescriptor (java.base@21.0.3)
1524:           170           4080  java.time.ZonedDateTime (java.base@21.0.3)
1525:            85           4080  org.opensearch.common.settings.Setting$AffixSetting
1526:            84           4032  java.lang.invoke.BoundMethodHandle$Species_LJ (java.base@21.0.3)
1527:            42           4032  java.net.FactoryURLClassLoader (java.base@21.0.3)
1528:           207           4024  [Lcom.sun.jmx.mbeanserver.MXBeanMapping; (java.management@21.0.3)
1529:           165           3960  org.opensearch.rest.RestHandler$Route
1530:           165           3960  sun.security.util.BitArray (java.base@21.0.3)
1531:           165           3960  sun.security.util.Cache$EqualByteArray (java.base@21.0.3)
1532:           165           3960  sun.security.x509.CertificateValidity (java.base@21.0.3)
1533:           164           3936  java.lang.Character$UnicodeScript (java.base@21.0.3)
1534:           164           3936  sun.security.x509.CertificateExtensions (java.base@21.0.3)
1535:           163           3912  org.opensearch.search.aggregations.AggregatorFactories$Builder
1536:            97           3880  org.opensearch.index.mapper.BooleanFieldMapper
1537:            97           3880  org.opensearch.index.mapper.BooleanFieldMapper$BooleanFieldType
1538:           240           3840  java.lang.invoke.LambdaFormEditor (java.base@21.0.3)
1539:            33           3824  [Lcom.google.common.collect.ImmutableMapEntry;
1540:            14           3808  [Lcom.fasterxml.jackson.dataformat.smile.SmileGenerator$SharedStringNode;
1541:           158           3792  sun.reflect.generics.scope.MethodScope (java.base@21.0.3)
1542:           118           3776  java.nio.DirectByteBuffer$Deallocator (java.base@21.0.3)
1543:           157           3768  [Lorg.opensearch.core.tasks.resourcetracker.ResourceUsageMetric;
1544:            39           3744  com.fasterxml.jackson.databind.deser.BeanDeserializer
1545:            78           3744  jdk.internal.org.objectweb.asm.AnnotationWriter (java.base@21.0.3)
1546:            93           3720  com.sun.management.internal.DiagnosticCommandArgumentInfo (jdk.management@21.0.3)
1547:            42           3696  org.opensearch.plugins.ExtendedPluginsClassLoader
1548:           153           3672  java.time.format.DateTimePrintContext (java.base@21.0.3)
1549:           153           3672  java.util.Collections$2 (java.base@21.0.3)
1550:           153           3672  org.opensearch.action.admin.cluster.node.hotthreads.NodeHotThreads
1551:           153           3672  org.opensearch.action.admin.cluster.node.hotthreads.TransportNodesHotThreadsAction$NodeRequest
1552:           151           3624  com.fasterxml.jackson.databind.PropertyName
1553:           150           3600  java.util.Spliterators$1Adapter (java.base@21.0.3)
1554:           149           3576  org.apache.lucene.util.FixedBits
1555:           149           3576  org.opensearch.rest.DeprecationRestHandler
1556:            88           3520  org.opensearch.common.settings.Setting$ListSetting
1557:            62           3472  com.fasterxml.jackson.databind.type.CollectionType
1558:            62           3472  jdk.internal.module.ModuleReferenceImpl (java.base@21.0.3)
1559:           144           3456  org.opensearch.tasks.TaskResourceTrackingService$$Lambda/0x00007fcd292351a8
1560:           102           3440  [Lcom.fasterxml.jackson.databind.introspect.AnnotationMap;
1561:            86           3440  org.opensearch.core.xcontent.ObjectParser
1562:            39           3432  com.fasterxml.jackson.databind.deser.std.StdValueInstantiator
1563:           143           3432  java.net.SocketPermissionCollection (java.base@21.0.3)
1564:           107           3424  jdk.internal.loader.NativeLibraries (java.base@21.0.3)
1565:           213           3408  sun.security.x509.KeyIdentifier (java.base@21.0.3)
1566:           141           3384  [Lorg.opensearch.monitor.fs.FsInfo$DeviceStats;
1567:           141           3384  [Lorg.opensearch.monitor.fs.FsInfo$Path;
1568:           141           3384  org.opensearch.common.lucene.ShardCoreKeyMap$$Lambda/0x00007fcd293c3c98
1569:           141           3384  org.opensearch.search.internal.ContextIndexSearcher$1
1570:            70           3360  java.lang.invoke.BoundMethodHandle$Species_LLJ (java.base@21.0.3)
1571:           210           3360  java.time.format.DateTimeFormatterBuilder$CharLiteralPrinterParser (java.base@21.0.3)
1572:            59           3352  [Ljavax.management.MBeanAttributeInfo; (java.management@21.0.3)
1573:           205           3280  java.util.concurrent.ConcurrentHashMap$ValuesView (java.base@21.0.3)
1574:           136           3264  java.net.URLClassLoader$1 (java.base@21.0.3)
1575:            51           3264  javax.management.openmbean.OpenMBeanAttributeInfoSupport (java.management@21.0.3)
1576:           204           3264  org.opensearch.sql.expression.function.FunctionName
1577:           204           3264  org.opensearch.transport.TcpTransport$ChannelsConnectedListener$$Lambda/0x00007fcd29139920
1578:           101           3232  javax.management.MBeanAttributeInfo (java.management@21.0.3)
1579:            32           3200  [Lio.netty.buffer.PoolThreadCache$MemoryRegionCache;
1580:            22           3168  [Ljava.lang.invoke.MemberName; (java.base@21.0.3)
1581:           122           3168  [Ljava.util.Map$Entry; (java.base@21.0.3)
1582:            79           3160  org.opensearch.common.lucene.Lucene$DirectoryReaderWithAllLiveDocs$LeafReaderWithLiveDocs
1583:           131           3144  java.lang.invoke.Invokers (java.base@21.0.3)
1584:            28           3136  [Lio.netty.buffer.IntPriorityQueue;
1585:            98           3136  com.fasterxml.jackson.databind.introspect.AnnotatedConstructor
1586:            87           3128  [Lorg.joda.time.format.InternalParser;
1587:           130           3120  sun.nio.fs.NativeBuffer$Deallocator (java.base@21.0.3)
1588:            11           3080  java.util.concurrent.atomic.Striped64$Cell (java.base@21.0.3)
1589:            77           3080  jdk.internal.vm.SharedThreadContainer (java.base@21.0.3)
1590:            24           3072  io.netty.util.internal.InternalThreadLocalMap
1591:            48           3072  org.apache.lucene.search.DisiWrapper
1592:            95           3040  [Lsun.nio.fs.NativeBuffer; (java.base@21.0.3)
1593:            47           3008  java.lang.ClassValue$ClassValueMap (java.base@21.0.3)
1594:           187           2992  org.opensearch.common.settings.Setting$$Lambda/0x00007fcd280bcd38
1595:           184           2944  org.opensearch.common.settings.Setting$$Lambda/0x00007fcd280bcaf8
1596:            36           2880  com.google.common.cache.LocalCache$Segment
1597:           120           2880  org.apache.logging.log4j.core.time.MutableInstant
1598:            60           2880  org.joda.time.format.DateTimeFormatter
1599:            72           2880  org.opensearch.cluster.metadata.AliasMetadata
1600:           118           2832  java.util.AbstractMap$SimpleImmutableEntry (java.base@21.0.3)
1601:           118           2832  org.opensearch.search.query.EarlyTerminatingCollector$1
1602:           176           2816  org.opensearch.common.inject.ConstantFactory
1603:            58           2784  javax.management.MBeanInfo (java.management@21.0.3)
1604:           115           2760  java.util.PropertyPermissionCollection (java.base@21.0.3)
1605:           170           2720  sun.security.x509.SerialNumber (java.base@21.0.3)
1606:           113           2712  com.fasterxml.jackson.databind.type.TypeBindings$AsKey
1607:           113           2712  com.google.common.collect.ImmutableMapEntry$NonTerminalImmutableMapEntry
1608:            56           2688  com.fasterxml.jackson.dataformat.smile.SmileWriteContext
1609:            83           2656  java.lang.ClassValue$Entry (java.base@21.0.3)
1610:           110           2640  jdk.internal.loader.AbstractClassLoaderValue$Sub (java.base@21.0.3)
1611:           165           2640  org.apache.lucene.util.packed.PackedInts$NullReader
1612:           165           2640  sun.security.x509.CertificateAlgorithmId (java.base@21.0.3)
1613:           165           2640  sun.security.x509.CertificateSerialNumber (java.base@21.0.3)
1614:           165           2640  sun.security.x509.CertificateVersion (java.base@21.0.3)
1615:           165           2640  sun.security.x509.CertificateX509Key (java.base@21.0.3)
1616:            82           2624  com.fasterxml.jackson.databind.ser.impl.ReadOnlyClassToSerializerMap$Bucket
1617:            82           2624  com.fasterxml.jackson.databind.util.TypeKey
1618:            82           2624  org.opensearch.common.time.FormatNames
1619:            32           2560  java.lang.invoke.BoundMethodHandle$Species_LLLLLLLLLLL (java.base@21.0.3)
1620:           160           2560  java.net.URLPermission$Authority (java.base@21.0.3)
1621:           160           2560  org.opensearch.common.settings.Setting$$Lambda/0x00007fcd2802c2f8
1622:           106           2544  org.opensearch.common.util.concurrent.ThreadContext$$Lambda/0x00007fcd29113660
1623:            14           2528  [Lcom.fasterxml.jackson.core.sym.CharsToNameCanonicalizer$Bucket;
1624:            79           2528  org.opensearch.performanceanalyzer.commons.stats.metrics.StatExceptionCode
1625:           157           2512  java.util.Collections$ReverseComparator2 (java.base@21.0.3)
1626:           156           2496  java.util.Comparator$$Lambda/0x00007fcd289f2cc8 (java.base@21.0.3)
1627:            77           2464  java.security.AlgorithmParameters (java.base@21.0.3)
1628:           102           2448  com.fasterxml.jackson.core.util.BufferRecycler
1629:           153           2448  java.lang.management.ManagementFactory$PlatformMBeanFinder$$Lambda/0x00007fcd280e1030 (java.management@21.0.3)
1630:           153           2448  java.lang.management.ManagementFactory$PlatformMBeanFinder$$Lambda/0x00007fcd280e1280 (java.management@21.0.3)
1631:            16           2432  io.netty.channel.nio.NioEventLoop
1632:            76           2432  org.apache.lucene.analysis.pt.RSLPStemmerBase$RuleWithSuffixExceptions
1633:           150           2400  java.util.stream.AbstractPipeline$$Lambda/0x00007fcd284c63d8 (java.base@21.0.3)
1634:           150           2400  java.util.stream.StreamSpliterators$WrappingSpliterator$$Lambda/0x00007fcd284c6fd8 (java.base@21.0.3)
1635:           150           2400  java.util.stream.StreamSpliterators$WrappingSpliterator$$Lambda/0x00007fcd284c7478 (java.base@21.0.3)
1636:           100           2400  org.apache.lucene.search.Weight$1
1637:            74           2368  java.util.Locale (java.base@21.0.3)
1638:            98           2352  com.fasterxml.jackson.dataformat.smile.SmileGenerator$SharedStringNode
1639:            42           2352  java.time.format.Parsed (java.base@21.0.3)
1640:            42           2352  java.util.Calendar$Builder (java.base@21.0.3)
1641:            49           2352  org.apache.lucene.queryparser.classic.Token
1642:            58           2320  java.util.IdentityHashMap$KeyIterator (java.base@21.0.3)
1643:            48           2304  org.opensearch.core.indices.breaker.CircuitBreakerStats
1644:            95           2280  java.security.UnresolvedPermissionCollection (java.base@21.0.3)
1645:            95           2280  java.security.spec.ECPoint (java.base@21.0.3)
1646:            15           2280  org.opensearch.search.aggregations.bucket.terms.GlobalOrdinalsStringTermsAggregator
1647:            95           2280  sun.nio.ch.Util$BufferCache (java.base@21.0.3)
1648:            71           2272  sun.util.locale.BaseLocale (java.base@21.0.3)
1649:            47           2256  com.sun.management.internal.DiagnosticCommandInfo (jdk.management@21.0.3)
1650:           141           2256  org.opensearch.index.fielddata.SingletonSortedNumericDoubleValues
1651:           141           2256  org.opensearch.index.fielddata.plain.SortedNumericIndexFieldData$SingleFloatValues
1652:           141           2256  org.opensearch.search.aggregations.bucket.histogram.DateHistogramAggregator$$Lambda/0x00007fcd293c9c30
1653:           141           2256  org.opensearch.security.configuration.DlsFlsFilterLeafReader$HashingCallback
1654:           141           2256  org.opensearch.security.configuration.DlsFlsFilterLeafReader$MaskedFieldsMap
1655:            28           2240  io.netty.buffer.PoolChunk
1656:            70           2240  org.opensearch.action.support.GroupedActionListener
1657:            70           2240  sun.security.x509.URIName (java.base@21.0.3)
1658:           138           2208  org.opensearch.common.util.iterable.Iterables$FlattenedIterables
1659:            92           2208  org.opensearch.core.xcontent.ConstructingObjectParser$ConstructorArgInfo
1660:            68           2176  java.lang.invoke.LambdaForm$Kind (java.base@21.0.3)
1661:            68           2176  org.opensearch.common.settings.Setting$$Lambda/0x00007fcd280c8fa0
1662:            54           2160  org.opensearch.threadpool.ThreadPool$Info
1663:            89           2136  java.util.ImmutableCollections$ListN (java.base@21.0.3)
1664:            89           2136  org.apache.logging.log4j.message.ParameterizedNoReferenceMessageFactory$StatusMessage
1665:            89           2136  org.opensearch.common.time.JavaDateMathParser
1666:            53           2120  sun.security.util.NamedCurve (java.base@21.0.3)
1667:            66           2112  org.joda.time.format.DateTimeFormatterBuilder$Composite
1668:            88           2112  org.opensearch.common.settings.Setting$ListKey
1669:            87           2088  org.opensearch.action.ActionType
1670:            87           2088  org.opensearch.common.util.concurrent.CountDown
1671:            37           2072  java.util.concurrent.ConcurrentHashMap$KeyIterator (java.base@21.0.3)
1672:            47           2064  [Lorg.joda.time.format.InternalPrinter;
1673:           128           2048  java.lang.Character (java.base@21.0.3)
1674:            64           2048  org.opensearch.Version
1675:            85           2040  org.opensearch.common.settings.Setting$AffixKey
1676:            28           2016  java.lang.invoke.BoundMethodHandle$Species_LLLLLLLLLL (java.base@21.0.3)
1677:            42           2016  java.time.temporal.ValueRange (java.base@21.0.3)
1678:            84           2016  org.apache.logging.log4j.core.pattern.PatternFormatter
1679:            63           2016  org.apache.lucene.codecs.lucene99.Lucene99PostingsReader
1680:            42           2016  org.opensearch.plugins.PluginInfo
1681:            25           2000  org.apache.lucene.codecs.lucene90.Lucene90DocValuesProducer$VaryingBPVReader
1682:            50           2000  sun.security.x509.AuthorityKeyIdentifierExtension (java.base@21.0.3)
1683:            41           1968  org.opensearch.action.admin.cluster.node.stats.NodesStatsRequest
1684:            61           1952  jdk.internal.loader.BuiltinClassLoader$LoadedModule (java.base@21.0.3)
1685:            15           1944  [Lorg.apache.lucene.index.SortedSetDocValues;
1686:            15           1944  [Lorg.apache.lucene.util.packed.PackedLongValues$Builder;
1687:            15           1944  [Lorg.opensearch.index.fielddata.LeafOrdinalsFieldData;
1688:           121           1936  org.opensearch.index.analysis.PreBuiltAnalyzerProvider
1689:             4           1928  [Lorg.jcodings.util.Hash$HashEntry;
1690:            48           1920  org.apache.lucene.search.Boolean2ScorerSupplier
1691:            40           1920  org.apache.lucene.util.packed.BulkOperationPacked
1692:            48           1920  org.opensearch.common.settings.Setting$LongParser
1693:            24           1920  sun.nio.ch.EPollSelectorImpl (java.base@21.0.3)
1694:            34           1904  sun.security.ssl.NamedGroup (java.base@21.0.3)
1695:            79           1896  java.util.Currency$OtherCurrencyEntry (java.base@21.0.3)
1696:            47           1880  org.opensearch.common.util.BigArrays$DoubleArrayWrapper
1697:            47           1880  org.opensearch.search.aggregations.bucket.terms.TermsAggregator$BucketCountThresholds
1698:            39           1872  com.fasterxml.jackson.databind.deser.impl.BeanPropertyMap
1699:            46           1840  org.opensearch.common.settings.Setting$DoubleParser
1700:            76           1824  org.apache.lucene.search.TwoPhaseIterator$TwoPhaseIteratorAsDocIdSetIterator
1701:            28           1792  java.util.zip.Deflater (java.base@21.0.3)
1702:            56           1792  joptsimple.internal.AbbreviationMap
1703:            28           1792  org.apache.logging.log4j.jul.CoreLogger
1704:            56           1792  org.opensearch.common.compress.DeflateCompressor$ReleasableReference
1705:            37           1776  java.util.concurrent.ConcurrentSkipListMap (java.base@21.0.3)
1706:           110           1760  java.util.regex.Pattern$Begin (java.base@21.0.3)
1707:            73           1752  com.google.common.collect.ImmutableMapEntry
1708:            54           1728  sun.reflect.annotation.AnnotationType (java.base@21.0.3)
1709:            43           1720  jdk.internal.loader.URLClassPath (java.base@21.0.3)
1710:            53           1696  [Lorg.apache.lucene.search.BooleanClause$Occur;
1711:            53           1696  java.security.spec.EllipticCurve (java.base@21.0.3)
1712:            42           1680  java.lang.WeakPairMap$Pair$Weak (java.base@21.0.3)
1713:            26           1664  java.lang.invoke.InvokerBytecodeGenerator (java.base@21.0.3)
1714:            52           1664  sun.util.locale.BaseLocale$Key (java.base@21.0.3)
1715:            69           1656  java.util.LinkedHashMap$LinkedKeySet (java.base@21.0.3)
1716:            23           1656  sun.net.www.protocol.jar.URLJarFile (java.base@21.0.3)
1717:            41           1640  sun.security.ec.ECPublicKeyImpl (jdk.crypto.ec@21.0.3)
1718:            68           1632  org.opensearch.common.settings.Setting$$Lambda/0x00007fcd2853ec48
1719:            29           1624  com.fasterxml.jackson.databind.type.MapType
1720:            67           1608  java.util.regex.Pattern$Dollar (java.base@21.0.3)
1721:            67           1608  org.apache.lucene.search.ConstantScoreQuery
1722:            66           1584  sun.security.ec.point.ProjectivePoint$Immutable (jdk.crypto.ec@21.0.3)
1723:            49           1568  org.apache.logging.slf4j.Log4jLogger
1724:            49           1568  org.opensearch.index.analysis.PreConfiguredTokenFilter
1725:            15           1560  [Lorg.apache.logging.log4j.core.util.datetime.FixedDateFormat$FixedFormat;
1726:            39           1560  javax.management.MBeanOperationInfo (java.management@21.0.3)
1727:            65           1560  org.opensearch.common.util.concurrent.OpenSearchExecutors$OpenSearchThreadFactory
1728:            65           1560  org.opensearch.performanceanalyzer.commons.stats.eval.impl.Sum
1729:            64           1536  com.fasterxml.jackson.databind.introspect.AnnotatedClass$Creators
1730:            48           1536  java.util.AbstractList$ListItr (java.base@21.0.3)
1731:            48           1536  java.util.AbstractList$RandomAccessSubList (java.base@21.0.3)
1732:            48           1536  java.util.RegularEnumSet$EnumSetIterator (java.base@21.0.3)
1733:            32           1536  java.util.concurrent.locks.ReentrantReadWriteLock$FairSync (java.base@21.0.3)
1734:            32           1536  java.util.logging.LogManager$LoggerWeakRef (java.logging@21.0.3)
1735:            48           1536  java.util.stream.ReduceOps$9ReducingSink (java.base@21.0.3)
1736:            48           1536  javax.management.MBeanParameterInfo (java.management@21.0.3)
1737:            32           1536  org.apache.lucene.analysis.snowball.SnowballFilter
1738:            64           1536  org.objectweb.asm.commons.Method
1739:            64           1536  org.opensearch.common.recycler.DequeRecycler
1740:            64           1536  org.opensearch.common.recycler.Recyclers$1
1741:            32           1536  org.opensearch.index.seqno.ReplicationTracker$CheckpointState
1742:            24           1536  sun.security.ec.SunEC$ProviderServiceA (jdk.crypto.ec@21.0.3)
1743:            24           1528  [D (java.base@21.0.3)
1744:             1           1528  [Ljava.lang.Character$UnicodeBlock; (java.base@21.0.3)
1745:            63           1520  [Lorg.opensearch.common.time.OpenSearchDateTimeFormatter;
1746:            38           1520  java.math.BigDecimal (java.base@21.0.3)
1747:            63           1512  org.apache.lucene.search.BooleanQuery$Builder
1748:            47           1504  com.sun.management.internal.DiagnosticCommandImpl$Wrapper (jdk.management@21.0.3)
1749:            47           1504  org.opensearch.core.rest.RestStatus
1750:            52           1488  [Ljdk.internal.org.objectweb.asm.Type; (java.base@21.0.3)
1751:            62           1488  com.facebook.presto.matching.pattern.TypeOfPattern
1752:            62           1488  java.lang.module.ModuleDescriptor$Provides (java.base@21.0.3)
1753:            62           1488  java.lang.module.ResolvedModule (java.base@21.0.3)
1754:            62           1488  jdk.internal.module.SystemModuleFinders$2 (java.base@21.0.3)
1755:            62           1488  jdk.internal.module.SystemModuleFinders$SystemModuleReader (java.base@21.0.3)
1756:            37           1480  java.time.format.DateTimeFormatterBuilder$NanosPrinterParser (java.base@21.0.3)
1757:            46           1472  java.util.concurrent.FutureTask (java.base@21.0.3)
1758:            91           1456  org.opensearch.common.settings.Setting$$Lambda/0x00007fcd2802bc50
1759:            91           1456  org.opensearch.common.settings.Setting$ListSetting$$Lambda/0x00007fcd2802c0b8
1760:            91           1456  org.opensearch.core.xcontent.ConstructingObjectParser$$Lambda/0x00007fcd284b72c8
1761:            16           1448  [Ljava.lang.Byte; (java.base@21.0.3)
1762:             7           1448  [Lorg.apache.lucene.analysis.pt.RSLPStemmerBase$Rule;
1763:            30           1440  java.lang.invoke.VarHandleReferences$FieldInstanceReadWrite (java.base@21.0.3)
1764:            30           1440  java.time.temporal.ChronoField (java.base@21.0.3)
1765:            36           1440  java.util.regex.Pattern$Loop (java.base@21.0.3)
1766:            45           1440  org.apache.logging.log4j.core.config.builder.api.Component
1767:            45           1440  org.opensearch.index.analysis.PreBuiltAnalyzerProviderFactory
1768:            45           1440  org.opensearch.plugins.SearchPlugin$AggregationSpec
1769:            42           1424  [Ljava.math.BigInteger; (java.base@21.0.3)
1770:            44           1408  org.apache.lucene.analysis.pt.RSLPStemmerBase$RuleWithSetExceptions
1771:            22           1408  sun.security.ssl.SignatureScheme (java.base@21.0.3)
1772:            48           1400  [Ljavax.management.MBeanOperationInfo; (java.management@21.0.3)
1773:            35           1400  org.opensearch.performanceanalyzer.commons.stats.metrics.StatMetrics
1774:            58           1392  org.opensearch.plugins.SearchPlugin$QuerySpec
1775:            87           1392  sun.security.x509.GeneralName (java.base@21.0.3)
1776:             1           1376  [Ljdk.internal.math.FDBigInteger; (java.base@21.0.3)
1777:            43           1376  java.security.UnresolvedPermission (java.base@21.0.3)
1778:             1           1368  [Lsun.security.ssl.CipherSuite; (java.base@21.0.3)
1779:            57           1368  com.fasterxml.jackson.core.sym.CharsToNameCanonicalizer$Bucket
1780:            34           1360  com.fasterxml.jackson.databind.MapperFeature
1781:            34           1360  com.fasterxml.jackson.databind.MapperFeature
1782:            34           1360  com.fasterxml.jackson.databind.MapperFeature
1783:            17           1360  com.fasterxml.jackson.databind.util.internal.PrivateMaxEntriesMap
1784:            42           1344  java.lang.WeakPairMap$Pair$Weak$1 (java.base@21.0.3)
1785:            21           1344  org.apache.logging.log4j.core.util.datetime.FixedDateFormat$FixedFormat
1786:            33           1320  java.util.logging.Logger$ConfigurationData (java.logging@21.0.3)
1787:            55           1320  java.util.regex.Pattern$Bound (java.base@21.0.3)
1788:            55           1320  org.apache.lucene.search.BooleanClause
1789:            18           1296  com.fasterxml.jackson.core.io.IOContext
1790:            27           1296  com.fasterxml.jackson.databind.deser.std.StringCollectionDeserializer
1791:            54           1296  java.net.NetPermission (java.base@21.0.3)
1792:            27           1296  org.opensearch.script.ScriptCache
1793:             9           1296  org.opensearch.search.builder.SearchSourceBuilder
1794:            54           1296  org.opensearch.threadpool.ThreadPool$ExecutorHolder
1795:            16           1280  [Lio.netty.handler.codec.CodecOutputList;
1796:            53           1272  org.bouncycastle.asn1.ASN1ObjectIdentifier$OidHandle
1797:            79           1264  org.opensearch.sql.expression.function.FunctionDSL$$Lambda/0x00007fcd28b40848
1798:            40           1248  [Lcom.fasterxml.jackson.databind.deser.SettableBeanProperty;
1799:             5           1240  org.opensearch.search.DefaultSearchContext
1800:            14           1232  com.fasterxml.jackson.dataformat.smile.SmileGenerator
1801:            77           1232  org.opensearch.core.xcontent.NamedXContentRegistry$Entry$$Lambda/0x00007fcd28484208
1802:             8           1216  io.netty.channel.nio.NioEventLoop
1803:            30           1200  [Lorg.opensearch.action.support.IndicesOptions$Option;
1804:            15           1200  java.util.concurrent.ThreadPoolExecutor (java.base@21.0.3)
1805:            15           1200  org.opensearch.search.aggregations.bucket.terms.TermsAggregationBuilder
1806:            25           1200  org.opensearch.search.aggregations.support.ValuesSourceConfig
1807:            47           1184  [Lcom.sun.management.internal.DiagnosticCommandArgumentInfo; (jdk.management@21.0.3)
1808:            37           1184  org.opensearch.knn.plugin.stats.StatNames
1809:            21           1176  java.lang.invoke.BoundMethodHandle$Species_LLLJ (java.base@21.0.3)
1810:            73           1168  org.opensearch.common.settings.Setting$$Lambda/0x00007fcd2802c538
1811:            29           1160  org.apache.lucene.store.NIOFSDirectory
1812:            18           1152  [Lio.netty.util.internal.PriorityQueueNode;
1813:             8           1152  [Ljava.lang.invoke.VarHandle$AccessMode; (java.base@21.0.3)
1814:            24           1152  com.fasterxml.jackson.databind.ser.BeanSerializer
1815:            16           1152  com.fasterxml.jackson.databind.ser.std.MapSerializer
1816:             9           1152  com.google.common.cache.LocalCache
1817:            72           1152  java.lang.Float (java.base@21.0.3)
1818:            24           1152  java.lang.invoke.BoundMethodHandle$SpeciesData (java.base@21.0.3)
1819:            48           1152  java.util.AbstractList$SubList$1 (java.base@21.0.3)
1820:            24           1152  java.util.Hashtable (java.base@21.0.3)
1821:            72           1152  java.util.concurrent.atomic.AtomicLongArray (java.base@21.0.3)
1822:            48           1152  java.util.stream.ReduceOps$11 (java.base@21.0.3)
1823:            36           1152  jdk.internal.math.FloatingDecimal$ASCIIToBinaryBuffer (java.base@21.0.3)
1824:            48           1152  org.apache.lucene.search.ReqExclScorer$1
1825:            24           1152  org.apache.lucene.util.CollectionUtil$ListTimSorter
1826:            48           1152  org.opensearch.common.settings.Setting$ByteSizeValueParser
1827:            36           1152  org.opensearch.search.aggregations.bucket.terms.GlobalOrdinalsStringTermsAggregator$2
1828:            36           1152  org.opensearch.sql.legacy.metrics.MetricName
1829:            18           1152  sun.security.ec.SunEC$ProviderService (jdk.crypto.ec@21.0.3)
1830:             2           1144  [Lsun.security.util.KnownOIDs; (java.base@21.0.3)
1831:            71           1136  org.opensearch.common.settings.Setting$$Lambda/0x00007fcd2802b7c8
1832:            28           1128  [Lorg.opensearch.common.settings.Setting;
1833:            47           1128  com.fasterxml.jackson.databind.ser.impl.PropertySerializerMap$Single
1834:            47           1128  sun.security.util.LazyCodeSourcePermissionCollection (java.base@21.0.3)
1835:            14           1120  com.fasterxml.jackson.databind.util.internal.PrivateMaxEntriesMap
1836:            28           1120  io.netty.buffer.LongLongHashMap
1837:            10           1120  org.opensearch.index.query.QueryShardContext
1838:            28           1120  sun.nio.fs.UnixDirectoryStream (java.base@21.0.3)
1839:            46           1104  [Lorg.opensearch.common.bytes.ReleasableBytesReference;
1840:            46           1104  com.fasterxml.jackson.databind.introspect.TypeResolutionContext$Basic
1841:            46           1104  org.apache.logging.log4j.message.SimpleMessage
1842:            46           1104  org.apache.lucene.search.DocIdSetIterator$2
1843:            69           1104  org.opensearch.cluster.NodeConnectionsService$ConnectionChecker$$Lambda/0x00007fcd293a5438
1844:            23           1104  org.opensearch.core.common.bytes.AbstractBytesReference$BytesReferenceStreamInput
1845:            34           1088  java.util.concurrent.atomic.AtomicReferenceFieldUpdater$AtomicReferenceFieldUpdaterImpl (java.base@21.0.3)
1846:            68           1088  org.opensearch.common.settings.Setting$$Lambda/0x00007fcd280c8d60
1847:            34           1088  sun.security.ssl.Alert (java.base@21.0.3)
1848:             2           1080  [Ljava.lang.Integer; (java.base@21.0.3)
1849:            15           1080  com.fasterxml.jackson.databind.deser.std.MapDeserializer
1850:            27           1080  org.opensearch.painless.lookup.PainlessLookup
1851:            27           1080  org.opensearch.script.ScriptContext
1852:            15           1080  sun.security.ssl.SSLCipher (java.base@21.0.3)
1853:            26           1072  [Ljava.lang.invoke.MethodType; (java.base@21.0.3)
1854:             2           1056  [Lio.netty.buffer.PoolArena;
1855:            22           1056  java.io.ClassCache$CacheRef (java.base@21.0.3)
1856:            44           1056  java.lang.management.ManagementPermission (java.management@21.0.3)
1857:            66           1056  org.apache.lucene.analysis.tokenattributes.KeywordAttributeImpl
1858:            44           1056  org.apache.lucene.codecs.lucene90.Lucene90DocValuesProducer$9
1859:            33           1056  org.objectweb.asm.Type
1860:            66           1056  org.opensearch.common.settings.Setting$$Lambda/0x00007fcd2854d890
1861:            66           1056  sun.security.util.ECParameters (java.base@21.0.3)
1862:             1           1040  [Ljava.lang.Long; (java.base@21.0.3)
1863:             1           1040  [Ljava.lang.Short; (java.base@21.0.3)
1864:            26           1040  com.sun.jmx.mbeanserver.MXBeanSupport (java.management@21.0.3)
1865:            13           1040  com.sun.jna.Structure$FFIType
1866:            65           1040  java.util.TreeMap$Values (java.base@21.0.3)
1867:            43           1032  com.sun.jmx.mbeanserver.PerInterface$MethodAndSig (java.management@21.0.3)
1868:            43           1032  org.apache.lucene.util.CharsRef
1869:            43           1032  org.opensearch.search.internal.ExitableDirectoryReader$ExitablePointValues
1870:            32           1024  org.opensearch.core.xcontent.ConstructingObjectParser
1871:            32           1024  org.opensearch.security.securityconf.impl.v7.RoleV7
1872:            32           1024  sun.security.provider.PolicyFile (java.base@21.0.3)
1873:            32           1024  sun.security.provider.PolicyFile$PolicyInfo (java.base@21.0.3)
1874:            32           1024  sun.security.x509.DistributionPoint (java.base@21.0.3)
1875:            41           1008  [Ljavax.management.MBeanParameterInfo; (java.management@21.0.3)
1876:            14           1008  com.fasterxml.jackson.core.sym.ByteQuadsCanonicalizer
1877:            63           1008  com.fasterxml.jackson.databind.introspect.AnnotatedMethodMap
1878:            42           1008  java.time.format.DateTimeFormatterBuilder$OffsetIdPrinterParser (java.base@21.0.3)
1879:            42           1008  org.opensearch.action.support.IndicesOptions
1880:            42           1008  org.opensearch.semver.SemverRange
1881:            21           1008  org.opensearch.sql.legacy.metrics.RollingCounter
1882:            21           1008  sun.security.ssl.SSLHandshake (java.base@21.0.3)
1883:            63           1008  sun.security.x509.DNSName (java.base@21.0.3)
1884:            25           1000  org.apache.lucene.codecs.lucene90.Lucene90DocValuesProducer$2
1885:            25           1000  org.opensearch.ratelimitting.admissioncontrol.transport.AdmissionControlTransportHandler
1886:            31            992  io.netty.channel.ChannelOption
1887:            31            992  java.lang.invoke.VarHandle$AccessMode (java.base@21.0.3)
1888:            31            992  java.security.Policy$PolicyDelegate (java.base@21.0.3)
1889:            62            992  jdk.proxy2.$Proxy1 (jdk.proxy2)
1890:            41            984  org.opensearch.action.admin.cluster.node.stats.TransportNodesStatsAction$NodeStatsRequest
1891:            41            984  org.opensearch.common.settings.Setting$$Lambda/0x00007fcd280c4000
1892:            41            984  org.opensearch.transport.netty4.Netty4MessageChannelHandler$$Lambda/0x00007fcd29381048
1893:            42            968  [Lsun.security.ssl.ProtocolVersion; (java.base@21.0.3)
1894:            24            960  [Ljava.lang.invoke.BoundMethodHandle$SpeciesData; (java.base@21.0.3)
1895:            30            960  [Lorg.opensearch.action.support.IndicesOptions$WildcardStates;
1896:            12            960  java.lang.invoke.BoundMethodHandle$Species_LLLLLLLLLLLL (java.base@21.0.3)
1897:            20            960  javax.management.openmbean.ArrayType (java.management@21.0.3)
1898:            60            960  jdk.internal.module.SystemModuleFinders$3 (java.base@21.0.3)
1899:            12            960  jdk.internal.reflect.DelegatingClassLoader (java.base@21.0.3)
1900:            40            960  org.apache.logging.log4j.core.pattern.SimpleLiteralPatternConverter$StringValue
1901:            24            960  org.apache.lucene.search.ReqExclScorer
1902:            30            960  org.opensearch.core.xcontent.ObjectParser$ValueType
1903:            60            960  org.opensearch.indices.analysis.PreBuiltCacheFactory$PreBuiltCacheStrategyOne
1904:            15            960  org.opensearch.search.aggregations.bucket.terms.TermsAggregatorFactory
1905:            30            960  org.opensearch.security.securityconf.ConfigModelV7$IndexPattern
1906:            24            960  org.opensearch.security.ssl.SecureSSLSettings$InsecureFallbackStringSetting
1907:            24            960  org.opensearch.securityanalytics.model.LogType
1908:            40            960  org.opensearch.sql.opensearch.setting.OpenSearchSettings$Updater
1909:            30            960  org.opensearch.timeseries.stats.StatNames
1910:            59            944  org.opensearch.common.settings.Setting$$Lambda/0x00007fcd280bf0d0
1911:            29            928  com.fasterxml.jackson.databind.DeserializationFeature
1912:            29            928  com.fasterxml.jackson.databind.DeserializationFeature
1913:            29            928  jdk.internal.reflect.MethodHandleBooleanFieldAccessorImpl (java.base@21.0.3)
1914:            58            928  org.opensearch.search.SearchModule$$Lambda/0x00007fcd287662c8
1915:            23            920  java.lang.reflect.AccessFlag (java.base@21.0.3)
1916:            23            920  org.opensearch.action.admin.indices.stats.IndicesStatsRequest
1917:            23            920  org.opensearch.action.support.broadcast.node.TransportBroadcastByNodeAction$NodeRequest
1918:            23            920  org.opensearch.action.support.broadcast.node.TransportBroadcastByNodeAction$NodeResponse
1919:            23            920  org.opensearch.core.common.bytes.CompositeBytesReference
1920:            23            920  org.opensearch.security.support.ModuleType
1921:            38            912  java.time.format.DateTimeFormatterBuilder$ZoneIdPrinterParser (java.base@21.0.3)
1922:            38            912  org.apache.lucene.analysis.lv.LatvianStemmer$Affix
1923:            19            912  org.apache.lucene.util.automaton.Automaton
1924:            38            912  org.bouncycastle.jce.provider.BouncyCastleProvider$JcaCryptoService
1925:            19            912  org.opensearch.common.cache.Cache$Entry
1926:            38            912  org.opensearch.index.analysis.PreConfiguredTokenFilter$2
1927:            19            912  org.opensearch.security.securityconf.impl.SecurityDynamicConfiguration
1928:            14            896  com.fasterxml.jackson.core.sym.CharsToNameCanonicalizer
1929:            28            896  com.fasterxml.jackson.databind.DeserializationFeature
1930:            16            896  io.netty.buffer.PoolThreadCache
1931:            16            896  java.util.logging.Logger (java.logging@21.0.3)
1932:            16            896  javax.management.openmbean.OpenMBeanParameterInfoSupport (java.management@21.0.3)
1933:            28            896  org.apache.logging.log4j.jul.WrappedLogger
1934:            28            896  org.opensearch.common.util.concurrent.OpenSearchExecutors$ExecutorScalingQueue
1935:            37            888  java.time.Duration (java.base@21.0.3)
1936:            22            880  com.google.common.collect.RegularImmutableMap
1937:            55            880  io.netty.util.concurrent.DefaultPromise$1
1938:            27            864  com.sun.jmx.mbeanserver.WeakIdentityHashMap$IdentityWeakReference (java.management@21.0.3)
1939:            27            864  java.util.logging.LogManager$LogNode (java.logging@21.0.3)
1940:            36            864  java.util.regex.Pattern$Prolog (java.base@21.0.3)
1941:            36            864  org.apache.lucene.search.Multiset
1942:            54            864  org.opensearch.common.settings.Setting$$Lambda/0x00007fcd280c4240
1943:            54            864  org.opensearch.common.settings.Setting$$Lambda/0x00007fcd280c4480
1944:            27            864  org.opensearch.script.ScriptCache$TokenBucketState
1945:            35            840  com.google.common.collect.ImmutableMapEntry$NonTerminalImmutableMapEntry
1946:            21            840  java.lang.NoSuchMethodError (java.base@21.0.3)
1947:            15            840  org.apache.lucene.util.packed.PackedLongValues$Builder
1948:            21            840  org.opensearch.cluster.metadata.ComposableIndexTemplate
1949:            35            840  org.opensearch.cluster.service.ClusterManagerTaskThrottler$ThrottlingKey
1950:            15            840  org.opensearch.common.util.LongLongHash
1951:            35            840  org.opensearch.knn.plugin.stats.KNNStat
1952:            35            840  org.opensearch.search.aggregations.support.ValuesSourceRegistry$RegistryKey
1953:            35            840  org.opensearch.sql.legacy.metrics.NumericMetric
1954:            21            840  org.opensearch.threadpool.Scheduler$ReschedulingRunnable
1955:            23            832  [Lcom.fasterxml.jackson.databind.ser.BeanPropertyWriter;
1956:             1            832  [Lorg.opensearch.sql.expression.function.BuiltinFunctionName;
1957:            26            832  com.fasterxml.jackson.databind.SerializationFeature
1958:            26            832  com.fasterxml.jackson.databind.SerializationFeature
1959:            26            832  com.fasterxml.jackson.databind.SerializationFeature
1960:            13            832  org.jcp.xml.dsig.internal.dom.XMLDSigRI$ProviderService (java.xml.crypto@21.0.3)
1961:            26            832  org.opensearch.action.admin.cluster.node.stats.NodesStatsRequest$Metric
1962:            52            832  org.opensearch.common.lifecycle.Lifecycle
1963:            26            832  org.opensearch.security.securityconf.impl.v7.ActionGroupsV7
1964:            26            832  org.opensearch.threadpool.ScalingExecutorBuilder
1965:            26            832  sun.nio.ch.ChannelOutputStream (java.base@21.0.3)
1966:            51            816  jdk.proxy2.$Proxy7 (jdk.proxy2)
1967:            34            816  org.opensearch.timeseries.stats.TimeSeriesStat
1968:            17            816  org.opensearch.transport.TcpTransport$NodeChannels
1969:            35            800  [Lorg.apache.lucene.search.BooleanClause;
1970:            20            800  java.util.concurrent.CompletableFuture$UniHandle (java.base@21.0.3)
1971:            25            800  java.util.concurrent.atomic.AtomicLongFieldUpdater$CASUpdater (java.base@21.0.3)
1972:            20            800  org.opensearch.common.io.stream.BytesStreamOutput
1973:            25            800  org.opensearch.indices.fielddata.cache.IndicesFieldDataCache$IndexFieldCache
1974:            33            792  java.util.Collections$1 (java.base@21.0.3)
1975:            11            792  org.apache.logging.log4j.core.config.LoggerConfig
1976:            14            784  javax.management.openmbean.CompositeType (java.management@21.0.3)
1977:            14            784  org.apache.lucene.store.FSDirectory$FSIndexOutput
1978:            32            768  [Ljdk.internal.access.JavaSecurityAccess$ProtectionDomainCache; (java.base@21.0.3)
1979:            16            768  com.fasterxml.jackson.databind.ser.impl.IndexedListSerializer
1980:            32            768  com.sun.jmx.mbeanserver.DefaultMXBeanMappingFactory$IdentityMapping (java.management@21.0.3)
1981:            12            768  io.github.resilience4j.retry.internal.RetryImpl
1982:            24            768  java.util.ArrayList$SubList (java.base@21.0.3)
1983:            24            768  java.util.LinkedList$ListItr (java.base@21.0.3)
1984:            24            768  org.apache.lucene.search.ConjunctionScorer
1985:            24            768  org.apache.lucene.search.DisjunctionScorer$TwoPhase
1986:            24            768  org.apache.lucene.search.DisjunctionScorer$TwoPhase$1
1987:            24            768  org.apache.lucene.search.DisjunctionSumScorer
1988:            16            768  org.opensearch.index.query.BoolQueryBuilder
1989:            16            768  org.opensearch.index.shard.ReplicationGroup
1990:            24            768  org.opensearch.threadpool.FixedExecutorBuilder$$Lambda/0x00007fcd2851d548
1991:            32            768  sun.security.x509.AccessDescription (java.base@21.0.3)
1992:            24            768  sun.security.x509.CRLDistributionPointsExtension (java.base@21.0.3)
1993:            48            768  sun.security.x509.GeneralNames (java.base@21.0.3)
1994:            24            768  sun.security.x509.OIDMap$OIDInfo (java.base@21.0.3)
1995:            31            744  com.facebook.presto.matching.Property
1996:            31            744  com.facebook.presto.matching.PropertyPattern
1997:            31            744  com.facebook.presto.matching.pattern.CapturePattern
1998:            31            744  com.facebook.presto.matching.pattern.WithPattern
1999:            31            744  java.security.Provider$EngineDescription (java.base@21.0.3)
2000:            31            744  java.util.regex.Pattern$$Lambda/0x00007fcd2815f490 (java.base@21.0.3)
2001:            31            744  java.util.stream.ReduceOps$CountingSink$OfRef (java.base@21.0.3)
2002:            31            744  org.opensearch.sql.expression.function.FunctionDSL$$Lambda/0x00007fcd28b308a8
2003:            23            736  org.joda.time.DateTimeFieldType$StandardDateTimeFieldType
2004:            23            736  org.opensearch.performanceanalyzer.commons.metrics.AllMetrics$ShardStatsValue
2005:            23            736  org.opensearch.security.securityconf.impl.v7.RoleV7$Index
2006:            23            736  org.yaml.snakeyaml.tokens.Token$ID
2007:            23            728  [Ljava.lang.annotation.ElementType; (java.base@21.0.3)
2008:            13            728  com.fasterxml.jackson.databind.deser.std.CollectionDeserializer
2009:            30            720  com.google.common.collect.ImmutableMapEntry
2010:            15            720  java.util.Currency$SpecialCaseEntry (java.base@21.0.3)
2011:            15            720  java.util.concurrent.LinkedBlockingQueue (java.base@21.0.3)
2012:            30            720  java.util.zip.Deflater$DeflaterZStreamRef (java.base@21.0.3)
2013:            15            720  org.apache.lucene.index.OrdinalMap
2014:            18            720  org.apache.lucene.search.BooleanQuery
2015:            18            720  org.apache.lucene.util.automaton.CharacterRunAutomaton
2016:            45            720  org.bouncycastle.pqc.jcajce.provider.sphincsplus.SPHINCSPlusKeyFactorySpi
2017:            18            720  org.opensearch.cluster.NodeConnectionsService$ConnectionTarget
2018:            30            720  org.opensearch.common.inject.internal.MatcherAndConverter
2019:            30            720  org.opensearch.script.ScriptCache$CompilationRate
2020:            45            720  org.opensearch.search.SearchModule$$Lambda/0x00007fcd287a65d8
2021:            18            720  org.opensearch.security.securityconf.impl.v7.RoleMappingsV7
2022:            30            720  org.opensearch.tasks.TaskCancellationMonitoringService$$Lambda/0x00007fcd293de700
2023:            18            720  sun.security.util.MemoryCache (java.base@21.0.3)
2024:            30            712  [Ljava.nio.file.Path; (java.base@21.0.3)
2025:            22            704  java.lang.invoke.VarForm (java.base@21.0.3)
2026:            22            704  java.lang.reflect.ClassFileFormatVersion (java.base@21.0.3)
2027:            11            704  java.security.SecureRandom (java.base@21.0.3)
2028:            22            704  java.util.concurrent.atomic.AtomicIntegerFieldUpdater$AtomicIntegerFieldUpdaterImpl (java.base@21.0.3)
2029:            22            704  org.opensearch.common.settings.Setting$FloatParser
2030:            22            704  org.opensearch.sql.common.setting.Settings$Key
2031:            29            696  java.lang.ProcessEnvironment$Value (java.base@21.0.3)
2032:            29            696  java.lang.ProcessEnvironment$Variable (java.base@21.0.3)
2033:            29            696  java.util.BitSet (java.base@21.0.3)
2034:            29            696  org.opensearch.common.settings.Setting$2
2035:            29            696  sun.security.x509.PolicyInformation (java.base@21.0.3)
2036:            43            688  org.opensearch.action.support.nodes.TransportNodesAction$NodeTransportHandler
2037:            17            680  org.opensearch.common.settings.SecureSetting$SecureStringSetting
2038:            17            680  org.opensearch.transport.ClusterConnectionManager$$Lambda/0x00007fcd2918df98
2039:            17            680  org.opensearch.transport.TcpTransport$ChannelCloseLogger
2040:            17            680  org.opensearch.transport.TcpTransport$ChannelsConnectedListener
2041:            17            680  org.opensearch.transport.TransportHandshaker$HandshakeResponseHandler
2042:            17            680  sun.security.ssl.CipherSuite$KeyExchange (java.base@21.0.3)
2043:            14            672  com.fasterxml.jackson.databind.type.SimpleType
2044:            14            672  com.fasterxml.jackson.databind.type.SimpleType
2045:            28            672  com.sun.jmx.mbeanserver.NamedObject (java.management@21.0.3)
2046:            28            672  java.util.concurrent.LinkedTransferQueue (java.base@21.0.3)
2047:            28            672  java.util.regex.Pattern$$Lambda/0x00007fcd2815f238 (java.base@21.0.3)
2048:            42            672  jdk.proxy4.$Proxy23 (jdk.proxy4)
2049:            28            672  org.apache.lucene.document.SortedNumericDocValuesRangeQuery$1$1
2050:            28            672  sun.nio.fs.UnixDirectoryStream$UnixDirectoryIterator (java.base@21.0.3)
2051:            28            672  sun.nio.fs.UnixSecureDirectoryStream (java.base@21.0.3)
2052:            21            672  sun.security.x509.CertificatePoliciesExtension (java.base@21.0.3)
2053:            41            656  jdk.proxy5.$Proxy36 (jdk.proxy5)
2054:            27            648  com.google.common.collect.ImmutableMapEntry
2055:            27            648  org.joni.constants.internal.TokenType
2056:            27            648  org.opensearch.common.inject.TypeConverterBindingProcessor$6
2057:            27            648  org.opensearch.painless.Compiler
2058:            27            648  org.opensearch.script.ScriptMetrics
2059:            27            648  org.opensearch.script.ScriptService$$Lambda/0x00007fcd28708a90
2060:            20            640  com.fasterxml.jackson.core.io.ContentReference
2061:            40            640  jdk.proxy2.$Proxy12 (jdk.proxy2)
2062:            20            640  org.opensearch.common.cache.Cache$$Lambda/0x00007fcd292e9ca0
2063:            40            640  org.opensearch.indices.analysis.PreBuiltCacheFactory$PreBuiltCacheStrategyLucene
2064:            16            640  org.opensearch.painless.spi.WhitelistClassBinding
2065:             3            624  [Ljava.lang.invoke.LambdaForm; (java.base@21.0.3)
2066:            13            624  com.fasterxml.jackson.core.JsonToken
2067:            26            624  java.lang.invoke.InvokerBytecodeGenerator$ClassData (java.base@21.0.3)
2068:            26            624  java.security.spec.ECFieldF2m (java.base@21.0.3)
2069:            26            624  java.util.ImmutableCollections$SetN$SetNIterator (java.base@21.0.3)
2070:            13            624  org.opensearch.common.settings.Setting$GroupSetting
2071:            39            624  org.opensearch.index.analysis.PreConfiguredTokenFilter$$Lambda/0x00007fcd2869df98
2072:            13            624  org.opensearch.monitor.process.ProcessStats
2073:            26            616  [Lorg.opensearch.search.aggregations.AggregatorFactory;
2074:             7            616  org.opensearch.painless.lookup.PainlessLookupBuilder$BridgeLoader
2075:            19            608  com.fasterxml.jackson.core.JsonParser$Feature
2076:            19            608  com.fasterxml.jackson.databind.BeanProperty$Std
2077:            38            608  org.opensearch.index.analysis.PreBuiltAnalyzerProviderFactory$$Lambda/0x00007fcd286a8510
2078:            19            608  org.opensearch.rest.RestHandler$ReplacedRoute
2079:            25            600  [Lorg.opensearch.index.fielddata.IndexFieldDataCache$Listener;
2080:            15            600  com.fasterxml.jackson.databind.deser.SettableAnyProperty$MethodAnyProperty
2081:            25            600  java.lang.ThreadLocal$SuppliedThreadLocal (java.base@21.0.3)
2082:            25            600  java.util.OptionalLong (java.base@21.0.3)
2083:            25            600  org.opensearch.common.unit.SizeValue
2084:            15            600  org.opensearch.index.fielddata.ordinals.GlobalOrdinalsIndexFieldData
2085:            25            600  org.opensearch.index.query.QueryShardContext$$Lambda/0x00007fcd292e6000
2086:            25            600  org.opensearch.search.aggregations.AggregatorBase$1
2087:             5            600  org.opensearch.search.aggregations.bucket.histogram.DateHistogramAggregator
2088:            25            600  org.opensearch.search.aggregations.support.FieldContext
2089:            25            600  sun.reflect.generics.repository.FieldRepository (java.base@21.0.3)
2090:            25            600  sun.security.x509.Extension (java.base@21.0.3)
2091:            21            576  [Lcom.google.common.collect.ImmutableMapEntry;
2092:             2            576  [Ljava.lang.Character; (java.base@21.0.3)
2093:            24            576  [Lorg.apache.lucene.search.DisiWrapper;
2094:            24            576  [Lorg.apache.lucene.search.TwoPhaseIterator;
2095:            24            576  [Lorg.opensearch.core.indices.breaker.CircuitBreakerStats;
2096:            12            576  com.fasterxml.jackson.core.json.JsonWriteContext
2097:            24            576  io.netty.channel.ChannelOutboundBuffer$2
2098:            24            576  java.lang.NamedPackage (java.base@21.0.3)
2099:            18            576  java.security.cert.PolicyQualifierInfo (java.base@21.0.3)
2100:             4            576  java.text.DecimalFormat (java.base@21.0.3)
2101:            24            576  java.util.stream.ForEachOps$ForEachOp$OfLong (java.base@21.0.3)
2102:            36            576  javax.security.auth.x500.X500Principal (java.base@21.0.3)
2103:            24            576  org.apache.lucene.search.ConjunctionDISI
2104:            24            576  org.apache.lucene.search.ConjunctionDISI$ConjunctionTwoPhaseIterator
2105:            24            576  org.apache.lucene.search.DisiPriorityQueue
2106:            24            576  org.apache.lucene.search.DisjunctionDISIApproximation
2107:            24            576  org.apache.lucene.search.IndexOrDocValuesQuery$1$1
2108:            24            576  org.apache.lucene.search.ScorerUtil$1
2109:            24            576  org.apache.lucene.search.Weight$DefaultBulkScorer
2110:            24            576  org.apache.lucene.util.PriorityQueue$1
2111:            24            576  org.opensearch.core.xcontent.ConstructingObjectParser$$Lambda/0x00007fcd287b8800
2112:            12            576  org.opensearch.indices.breaker.HierarchyCircuitBreakerService$MemoryUsage
2113:            24            576  org.opensearch.search.internal.CancellableBulkScorer
2114:            18            576  org.opensearch.security.dlic.rest.api.RequestHandler$RequestHandlersBuilder
2115:            24            576  org.opensearch.threadpool.FixedExecutorBuilder
2116:             6            560  [Lcom.google.common.collect.ImmutableMapEntry;
2117:            25            560  [Lorg.opensearch.search.aggregations.Aggregator;
2118:            14            560  com.fasterxml.jackson.core.sym.ByteQuadsCanonicalizer$TableInfo
2119:            14            560  com.sun.jmx.mbeanserver.PerInterface (java.management@21.0.3)
2120:             7            560  java.util.concurrent.TimeUnit (java.base@21.0.3)
2121:            14            560  javax.management.openmbean.SimpleType (java.management@21.0.3)
2122:            35            560  jdk.proxy4.$Proxy19 (jdk.proxy4)
2123:             5            560  org.apache.logging.log4j.core.appender.rolling.RollingFileManager
2124:            14            560  org.apache.lucene.store.OutputStreamIndexOutput$XBufferedOutputStream
2125:            14            560  org.greenrobot.eventbus.SubscriberMethod
2126:            14            560  org.opensearch.cluster.block.ClusterBlock
2127:             5            560  org.opensearch.index.query.QueryStringQueryBuilder
2128:            14            560  org.opensearch.monitor.os.OsStats
2129:            14            560  org.opensearch.performanceanalyzer.commons.stats.metrics.CollectorMetrics
2130:             5            560  org.opensearch.search.internal.ShardSearchRequest
2131:            10            560  sun.invoke.util.Wrapper (java.base@21.0.3)
2132:            14            560  sun.util.locale.provider.LocaleResources$ResourceReference (java.base@21.0.3)
2133:            23            552  org.opensearch.common.util.concurrent.SizeBlockingQueue
2134:            23            552  org.opensearch.core.common.bytes.CompositeBytesReference$1
2135:            17            544  io.netty.util.concurrent.DefaultPromise
2136:            17            544  org.apache.lucene.search.Multiset$1
2137:            17            544  org.opensearch.action.support.ThreadedActionListener
2138:            34            544  org.opensearch.core.xcontent.ObjectParser$$Lambda/0x00007fcd284b6a60
2139:            17            544  org.opensearch.sql.data.type.ExprCoreType
2140:            17            544  org.opensearch.transport.ClusterConnectionManager$$Lambda/0x00007fcd2918e5f8
2141:            17            544  org.opensearch.transport.ClusterConnectionManager$$Lambda/0x00007fcd29194f50
2142:             1            528  [Lcom.fasterxml.jackson.databind.ser.impl.ReadOnlyClassToSerializerMap$Bucket;
2143:            10            528  [Lcom.google.common.collect.ImmutableMapEntry;
2144:             1            528  [Ljava.util.concurrent.ForkJoinPool$WorkQueue; (java.base@21.0.3)
2145:            22            528  com.google.common.collect.ImmutableMapEntry
2146:            11            528  io.protostuff.runtime.RuntimeReflectionFieldFactory$13$1
2147:            22            528  kotlin.coroutines.CombinedContext
2148:            22            528  org.apache.lucene.search.PointRangeQuery$1$3
2149:            22            528  org.apache.lucene.util.FixedBitSet
2150:            22            528  org.opensearch.cluster.metadata.Template
2151:            11            528  org.opensearch.search.aggregations.support.ValueType
2152:            13            520  com.fasterxml.jackson.core.json.JsonReadFeature
2153:             5            520  sun.util.calendar.ImmutableGregorianDate (java.base@21.0.3)
2154:            23            512  [Ljavax.management.MBeanNotificationInfo; (java.management@21.0.3)
2155:             8            512  com.sun.security.sasl.Provider$ProviderService (java.security.sasl@21.0.3)
2156:            16            512  io.netty.buffer.PoolThreadCache$NormalMemoryRegionCache
2157:            16            512  io.netty.handler.codec.CodecOutputList$CodecOutputLists
2158:            32            512  java.security.ProtectionDomain$JavaSecurityAccessImpl$1 (java.base@21.0.3)
2159:            16            512  java.time.temporal.ChronoUnit (java.base@21.0.3)
2160:             4            512  org.apache.lucene.util.bkd.BKDReader$BKDPointTree
2161:            16            512  org.bouncycastle.jcajce.provider.asymmetric.compositesignatures.CompositeSignaturesConstants$CompositeName
2162:            16            512  org.opensearch.action.admin.indices.stats.CommonStatsFlags$Flag
2163:            16            512  org.opensearch.knn.plugin.stats.KNNCounter
2164:            16            512  org.opensearch.painless.lookup.PainlessClassBinding
2165:            16            512  org.opensearch.plugins.SearchPlugin$PipelineAggregationSpec
2166:             7            504  org.apache.lucene.codecs.lucene99.Lucene99Codec
2167:            21            504  org.joda.time.format.DateTimeFormatterBuilder$MatchingParser
2168:            21            504  org.opensearch.common.inject.TypeConverterBindingProcessor$5
2169:            21            504  org.opensearch.index.analysis.PreConfiguredTokenizer$$Lambda/0x00007fcd29256e08
2170:            21            504  org.opensearch.index.analysis.TokenizerFactory$1
2171:            21            504  org.opensearch.threadpool.ThreadPool$$Lambda/0x00007fcd28546bb8
2172:            21            504  org.opensearch.threadpool.ThreadPool$$Lambda/0x00007fcd28546de8
2173:            21            504  sun.security.x509.AVAKeyword (java.base@21.0.3)
2174:            31            496  com.facebook.presto.matching.Capture
2175:            31            496  com.google.common.collect.RegularImmutableList
2176:            31            496  java.security.URIParameter (java.base@21.0.3)
2177:            31            496  java.util.stream.ReduceOps$5 (java.base@21.0.3)
2178:            31            496  org.opensearch.common.util.concurrent.OpenSearchAbortPolicy
2179:            31            496  org.opensearch.core.xcontent.AbstractObjectParser$$Lambda/0x00007fcd284bdcf8
2180:            31            496  sun.security.provider.PolicySpiFile (java.base@21.0.3)
2181:            19            488  [Lsun.security.ssl.NamedGroup$NamedGroupSpec; (java.base@21.0.3)
2182:             3            480  [Lorg.opensearch.performanceanalyzer.commons.stats.metrics.StatMetrics;
2183:            20            480  [[Lorg.opensearch.search.aggregations.InternalAggregation;
2184:             5            480  com.fasterxml.jackson.databind.DeserializationConfig
2185:            20            480  com.google.common.cache.LocalCache$AccessQueue$1
2186:            20            480  com.google.common.cache.LocalCache$WriteQueue$1
2187:            12            480  com.google.common.collect.RegularImmutableMap
2188:            12            480  com.sun.jmx.mbeanserver.DefaultMXBeanMappingFactory$CompositeMapping (java.management@21.0.3)
2189:            12            480  io.github.resilience4j.core.IntervalFunction$$Lambda/0x00007fcd28b91800
2190:            12            480  io.github.resilience4j.retry.RetryConfig
2191:            15            480  io.netty.util.internal.logging.Log4J2Logger
2192:            12            480  java.lang.OutOfMemoryError (java.base@21.0.3)
2193:            20            480  java.util.concurrent.LinkedBlockingQueue$Node (java.base@21.0.3)
2194:            12            480  org.apache.lucene.analysis.core.DecimalDigitFilter
2195:            20            480  org.apache.lucene.index.SegmentDocValuesProducer
2196:            12            480  org.apache.lucene.search.LRUQueryCache$CachingWrapperWeight
2197:            12            480  org.joni.Syntax
2198:            12            480  org.opensearch.cluster.routing.RoutingNode
2199:            15            480  org.opensearch.common.settings.Setting$AffixSetting$2
2200:            15            480  org.opensearch.index.fielddata.plain.SortedSetOrdinalsIndexFieldData
2201:            15            480  org.opensearch.index.mapper.FieldTypeInference
2202:            30            480  org.opensearch.index.mapper.ParametrizedFieldMapper$TypeParser
2203:            20            480  org.opensearch.index.query.support.NestedScope
2204:            15            480  org.opensearch.search.aggregations.bucket.histogram.LongBounds
2205:             5            480  org.opensearch.search.query.QuerySearchResult
2206:             5            480  org.opensearch.security.configuration.DlsFlsFilterLeafReader$DlsFlsDirectoryReader
2207:            20            480  org.opensearch.security.securityconf.ConfigModelV7$SecurityRole
2208:            12            480  org.opensearch.security.securityconf.impl.v7.InternalUserV7
2209:            12            480  org.opensearch.security.ssl.SecureSSLSettings$SSLSetting
2210:            15            480  org.opensearch.sql.common.setting.LegacySettings$Key
2211:            20            480  org.opensearch.sql.legacy.esdomain.LocalClusterState$$Lambda/0x00007fcd28b16740
2212:            30            480  org.opensearch.tasks.TaskCancellationMonitoringService$$Lambda/0x00007fcd293deb88
2213:            29            464  sun.security.x509.CertificatePolicyId (java.base@21.0.3)
2214:            19            456  org.apache.lucene.util.automaton.Automaton$1
2215:            19            456  org.apache.lucene.util.automaton.Automaton$2
2216:            19            456  org.opensearch.dashboards.OpenSearchDashboardsPlugin$OpenSearchDashboardsWrappedRestHandler
2217:            19            456  org.opensearch.index.analysis.PreConfiguredTokenFilter$1
2218:            19            456  org.opensearch.ml.common.FunctionName
2219:            19            456  org.opensearch.security.securityconf.impl.Meta
2220:             7            448  [Lorg.apache.logging.log4j.core.pattern.PatternFormatter;
2221:            14            448  com.fasterxml.jackson.core.sym.CharsToNameCanonicalizer$TableInfo
2222:            14            448  com.sun.jna.Structure$FFIType$size_t
2223:            14            448  io.protostuff.WireFormat$FieldType
2224:            14            448  java.time.format.DateTimeParseContext (java.base@21.0.3)
2225:            14            448  java.util.EnumMap$ValueIterator (java.base@21.0.3)
2226:             8            448  java.util.Properties (java.base@21.0.3)
2227:            14            448  java.util.Vector (java.base@21.0.3)
2228:            14            448  java.util.concurrent.ConcurrentHashMap$ReservationNode (java.base@21.0.3)
2229:             7            448  java.util.jar.JarVerifier (java.base@21.0.3)
2230:            14            448  java.util.zip.CheckedOutputStream (java.base@21.0.3)
2231:            28            448  jdk.proxy2.$Proxy29 (jdk.proxy2)
2232:            28            448  jdk.proxy7.$Proxy38 (jdk.proxy7)
2233:            14            448  org.apache.lucene.backward_codecs.store.EndiannessReverserIndexOutput
2234:            14            448  org.apache.lucene.store.FSDirectory$FSIndexOutput$1
2235:            14            448  org.apache.lucene.util.packed.BulkOperationPackedSingleBlock
2236:            28            448  org.joda.time.format.InternalParserDateTimeParser
2237:            28            448  org.opensearch.common.compress.DeflateCompressor$$Lambda/0x00007fcd29093b00
2238:            28            448  org.opensearch.common.compress.DeflateCompressor$$Lambda/0x00007fcd290b6250
2239:             8            448  org.opensearch.common.util.BigLongArray
2240:            28            448  org.opensearch.common.util.concurrent.OpenSearchExecutors$ForceQueuePolicy
2241:            14            448  org.opensearch.common.xcontent.smile.SmileXContentGenerator
2242:            14            448  org.opensearch.monitor.os.OsStats$Mem
2243:            14            448  org.opensearch.monitor.os.OsStats$Swap
2244:            14            448  org.opensearch.search.asynchronous.context.state.AsynchronousSearchTransition
2245:            28            448  org.opensearch.tasks.TaskCancellationMonitoringService$$Lambda/0x00007fcd293dedb8
2246:             8            448  sun.management.MemoryPoolImpl (java.management@21.0.3)
2247:            28            448  sun.nio.fs.UnixSecureDirectoryStream$$Lambda/0x00007fcd280f68a8 (java.base@21.0.3)
2248:            14            448  sun.reflect.generics.repository.ConstructorRepository (java.base@21.0.3)
2249:            14            448  sun.security.x509.AuthorityInfoAccessExtension (java.base@21.0.3)
2250:            11            440  [Lorg.opensearch.search.aggregations.bucket.histogram.DateIntervalWrapper$IntervalTypeEnum;
2251:             5            440  com.fasterxml.jackson.databind.SerializationConfig
2252:             5            440  java.text.DecimalFormatSymbols (java.base@21.0.3)
2253:            11            440  org.joni.Syntax$MetaCharTable
2254:            11            440  org.opensearch.common.inject.ConstructorBindingImpl
2255:            11            440  org.opensearch.index.fielddata.IndexNumericFieldData$NumericType
2256:             5            440  org.opensearch.search.aggregations.bucket.histogram.DateHistogramAggregationBuilder
2257:            11            440  sun.util.resources.Bundles$BundleReference (java.base@21.0.3)
2258:             1            432  [[[C (java.base@21.0.3)
2259:            18            432  com.fasterxml.jackson.databind.ser.impl.PropertySerializerMap$TypeAndSerializer
2260:             9            432  java.lang.invoke.MethodHandleImpl$IntrinsicMethodHandle (java.base@21.0.3)
2261:            27            432  java.security.spec.ECFieldFp (java.base@21.0.3)
2262:            18            432  java.text.DateFormat$Field (java.base@21.0.3)
2263:            18            432  javax.management.StandardMBean (java.management@21.0.3)
2264:            18            432  org.apache.logging.log4j.core.pattern.FormattingInfo
2265:             6            432  org.apache.lucene.backward_codecs.lucene95.Lucene95Codec
2266:            18            432  org.apache.lucene.search.MatchAllDocsQuery
2267:            18            432  org.opensearch.action.support.PlainListenableActionFuture
2268:            18            432  org.opensearch.cluster.NodeConnectionsService$ConnectionTarget$1
2269:             3            432  org.opensearch.common.util.concurrent.QueueResizingOpenSearchThreadPoolExecutor
2270:            18            432  org.opensearch.core.xcontent.XContentBuilder
2271:             9            432  org.opensearch.index.mapper.DynamicTemplate
2272:            27            432  org.opensearch.script.ScriptCache$ScriptCacheRemovalListener
2273:            18            432  org.opensearch.security.dlic.rest.api.Endpoint
2274:            18            432  org.opensearch.timeseries.cluster.TimeSeriesNodeInfo
2275:            18            432  org.opensearch.transport.TransportActionProxy$ProxyRequestHandler
2276:             2            416  [Lorg.apache.lucene.util.packed.BulkOperation;
2277:            13            416  com.fasterxml.jackson.core.JsonGenerator$Feature
2278:            13            416  javax.management.MBeanServerPermission (java.management@21.0.3)
2279:            26            416  jdk.proxy1.$Proxy10 (jdk.proxy1)
2280:            13            416  org.opensearch.knn.index.Parameter$IntegerParameter
2281:            26            416  org.opensearch.rest.action.admin.cluster.RestNodesStatsAction$$Lambda/0x00007fcd28fc5ac8
2282:            26            416  org.opensearch.search.aggregations.AggregatorFactories
2283:            13            416  sun.security.jca.ProviderConfig (java.base@21.0.3)
2284:            17            408  com.fasterxml.jackson.databind.util.LRUMap
2285:            17            408  com.fasterxml.jackson.databind.util.internal.LinkedDeque
2286:            17            408  com.google.common.collect.ImmutableMapEntry$NonTerminalImmutableMapEntry
2287:            17            408  com.google.gson.internal.bind.TypeAdapters$30
2288:            17            408  io.netty.util.internal.DefaultPriorityQueue
2289:            17            408  org.opensearch.common.util.concurrent.ListenableFuture
2290:            17            408  org.opensearch.common.util.concurrent.RunOnce
2291:            17            408  org.opensearch.transport.ClusterConnectionManager$$Lambda/0x00007fcd290f6f00
2292:            17            408  org.opensearch.transport.ClusterConnectionManager$$Lambda/0x00007fcd2913b148
2293:            17            408  org.opensearch.transport.TransportService$$Lambda/0x00007fcd29183de0
2294:            17            408  sun.nio.ch.OptionKey (java.base@21.0.3)
2295:            17            408  sun.nio.ch.SocketOptionRegistry$RegistryKey (java.base@21.0.3)
2296:            17            408  sun.security.util.DisabledAlgorithmConstraints$DisabledConstraint (java.base@21.0.3)
2297:             5            400  com.fasterxml.jackson.databind.util.internal.PrivateMaxEntriesMap
2298:            10            400  java.lang.NoSuchMethodException (java.base@21.0.3)
2299:            25            400  jdk.proxy6.$Proxy37 (jdk.proxy6)
2300:             5            400  org.opensearch.action.search.SearchShardTask
2301:             5            400  org.opensearch.search.aggregations.metrics.MaxAggregator
2302:            25            400  org.opensearch.search.aggregations.support.ValuesSourceConfig$$Lambda/0x00007fcd291f1000
2303:            10            400  org.opensearch.security.securityconf.impl.CType
2304:             7            392  java.util.concurrent.ConcurrentHashMap$EntrySpliterator (java.base@21.0.3)
2305:             7            392  java.util.concurrent.ConcurrentHashMap$ValueSpliterator (java.base@21.0.3)
2306:             7            392  sun.nio.cs.StreamEncoder (java.base@21.0.3)
2307:            24            384  [Lorg.apache.lucene.search.DocIdSetIterator;
2308:            24            384  [Lorg.apache.lucene.search.Scorer;
2309:            16            384  [Lorg.opensearch.common.cache.CacheType;
2310:             6            384  [Lorg.opensearch.sql.planner.optimizer.Rule;
2311:             4            384  com.fasterxml.jackson.core.json.UTF8JsonGenerator
2312:             4            384  com.fasterxml.jackson.databind.DeserializationConfig
2313:             6            384  com.fasterxml.jackson.databind.cfg.BaseSettings
2314:            12            384  com.fasterxml.jackson.dataformat.yaml.YAMLGenerator$Feature
2315:             8            384  com.google.common.collect.SingletonImmutableBiMap
2316:             8            384  com.sun.jna.Structure$StructField
2317:            24            384  io.github.resilience4j.core.predicate.PredicateCreator$$Lambda/0x00007fcd28b920c8
2318:            12            384  io.github.resilience4j.retry.internal.RetryImpl$RetryEventProcessor
2319:            16            384  io.netty.resolver.AddressResolverGroup$1
2320:            16            384  io.netty.resolver.DefaultNameResolver
2321:            16            384  io.netty.resolver.InetSocketAddressResolver
2322:            16            384  io.netty.util.internal.ThreadExecutorMap$1
2323:            16            384  io.netty.util.internal.ThreadExecutorMap$2
2324:             8            384  java.lang.reflect.ProxyGenerator$PrimitiveTypeInfo (java.base@21.0.3)
2325:            12            384  jdk.internal.reflect.MethodHandleLongFieldAccessorImpl (java.base@21.0.3)
2326:             6            384  org.apache.logging.log4j.core.layout.PatternLayout
2327:            16            384  org.apache.logging.log4j.core.util.datetime.FormatCache$MultipartKey
2328:            24            384  org.apache.lucene.search.ScorerUtil$$Lambda/0x00007fcd293cec98
2329:            12            384  org.joda.time.format.DateTimeFormatterBuilder$PaddedNumber
2330:            12            384  org.opensearch.action.admin.cluster.node.info.NodesInfoRequest$Metric
2331:            16            384  org.opensearch.cluster.routing.UnassignedInfo$Reason
2332:            24            384  org.opensearch.common.inject.matcher.Matchers$IdenticalTo
2333:            24            384  org.opensearch.core.xcontent.ConstructingObjectParser$$Lambda/0x00007fcd284b6830
2334:            16            384  org.opensearch.indices.NodeIndicesStats
2335:            16            384  org.opensearch.indices.SystemIndexDescriptor
2336:             2            384  org.opensearch.repositories.s3.S3Repository
2337:            24            384  org.opensearch.search.internal.ContextIndexSearcher$1$$Lambda/0x00007fcd293dd130
2338:            16            384  org.opensearch.sql.expression.function.FunctionDSL$$Lambda/0x00007fcd28b32160
2339:            24            384  org.opensearch.threadpool.FixedExecutorBuilder$$Lambda/0x00007fcd2851d310
2340:            24            384  sun.nio.ch.EventFD (java.base@21.0.3)
2341:            24            384  sun.nio.ch.Util$2 (java.base@21.0.3)
2342:            12            384  sun.security.x509.ExtendedKeyUsageExtension (java.base@21.0.3)
2343:             6            384  sun.text.RuleBasedBreakIterator (java.base@21.0.3)
2344:            19            368  [Ljavax.management.MBeanConstructorInfo; (java.management@21.0.3)
2345:            23            368  java.time.Clock$SystemClock (java.base@21.0.3)
2346:            23            368  org.opensearch.sql.opensearch.client.OpenSearchNodeClient
2347:            23            368  org.opensearch.transport.InboundAggregator$$Lambda/0x00007fcd29199ea0
2348:            15            360  [Lorg.opensearch.search.aggregations.BucketOrder;
2349:             5            360  [Lorg.opensearch.security.auditlog.impl.AuditCategory;
2350:             5            360  com.fasterxml.jackson.databind.ObjectMapper
2351:             5            360  com.fasterxml.jackson.databind.deser.DefaultDeserializationContext$Impl
2352:             5            360  com.fasterxml.jackson.databind.introspect.AnnotatedClass
2353:             5            360  com.fasterxml.jackson.databind.introspect.AnnotatedClass
2354:             5            360  com.fasterxml.jackson.databind.ser.DefaultSerializerProvider$Impl
2355:             9            360  io.protostuff.runtime.RuntimeReflectionFieldFactory$9$1
2356:             9            360  java.io.ObjectStreamClass$FieldReflector (java.base@21.0.3)
2357:             9            360  java.lang.invoke.VarHandleInts$FieldInstanceReadWrite (java.base@21.0.3)
2358:             9            360  java.util.StringJoiner (java.base@21.0.3)
2359:             1            360  java.util.concurrent.ForkJoinPool (java.base@21.0.3)
2360:            15            360  kotlin.annotation.AnnotationTarget
2361:            15            360  kotlin.annotation.AnnotationTarget
2362:             9            360  org.apache.logging.log4j.core.pattern.DatePatternConverter
2363:            15            360  org.apache.lucene.index.OrdinalMap$SegmentMap
2364:            15            360  org.apache.lucene.index.OrdinalMap$SegmentMap$1
2365:            15            360  org.apache.lucene.index.OrdinalMap$TermsEnumPriorityQueue
2366:            15            360  org.apache.lucene.index.TermsEnumIndex$TermState
2367:            15            360  org.opensearch.common.LocalTimeOffset$FixedLookup
2368:            15            360  org.opensearch.common.LocalTimeOffset$NoPrevious
2369:            15            360  org.opensearch.common.Rounding$TimeIntervalRounding$FixedRounding
2370:            15            360  org.opensearch.index.analysis.PreConfiguredTokenizer
2371:            15            360  org.opensearch.index.fielddata.plain.SortedSetOrdinalsIndexFieldData$Builder
2372:            15            360  org.opensearch.index.mapper.DefaultDerivedFieldResolver
2373:            15            360  org.opensearch.ml.common.model.MLModelState
2374:             9            360  org.opensearch.ml.engine.indices.MLIndex
2375:            15            360  org.opensearch.search.aggregations.bucket.LocalBucketCountThresholds
2376:            15            360  org.opensearch.search.aggregations.bucket.terms.GlobalOrdinalsStringTermsAggregator$RemapGlobalOrds
2377:            15            360  org.opensearch.search.aggregations.bucket.terms.GlobalOrdinalsStringTermsAggregator$StandardTermsResults
2378:             5            360  org.opensearch.search.internal.ContextIndexSearcher
2379:             9            360  org.opensearch.securityanalytics.logtype.LogTypeService
2380:            15            360  org.yaml.snakeyaml.nodes.Tag
2381:             9            360  sun.security.ssl.ProtocolVersion (java.base@21.0.3)
2382:             2            352  [Ljava.time.LocalDateTime; (java.base@21.0.3)
2383:             4            352  com.fasterxml.jackson.databind.SerializationConfig
2384:            22            352  io.netty.channel.$Proxy53
2385:            11            352  io.netty.util.concurrent.DefaultPromise
2386:            11            352  io.protostuff.runtime.ArraySchemas$PojoArray
2387:             4            352  java.lang.invoke.BoundMethodHandle$Species_LLLLLLLLLLLLLL (java.base@21.0.3)
2388:            22            352  java.util.function.Predicate$$Lambda/0x00007fcd284e8820 (java.base@21.0.3)
2389:            11            352  javax.management.MBeanNotificationInfo (java.management@21.0.3)
2390:            22            352  jdk.proxy1.$Proxy0 (jdk.proxy1)
2391:            11            352  org.joda.time.format.DateTimeFormatterBuilder$FixedNumber
2392:            11            352  org.opensearch.common.settings.Setting$MinMaxTimeValueParser
2393:            22            352  org.opensearch.core.xcontent.AbstractObjectParser$$Lambda/0x00007fcd284b7708
2394:             4            352  org.opensearch.search.aggregations.bucket.terms.StringTerms
2395:            11            352  org.opensearch.security.auditlog.config.AuditConfig$Filter$FilterEntries
2396:            11            352  sun.security.ssl.SSLSecretDerivation$SecretSchedule (java.base@21.0.3)
2397:            11            352  sun.security.x509.SubjectAlternativeNameExtension (java.base@21.0.3)
2398:            11            352  sun.util.resources.Bundles$CacheKey (java.base@21.0.3)
2399:             4            336  [Lcom.google.common.collect.ImmutableMapEntry;
2400:            14            336  [Ljava.nio.file.CopyOption; (java.base@21.0.3)
2401:             1            336  [Lorg.opensearch.performanceanalyzer.commons.stats.metrics.StatExceptionCode;
2402:             5            336  [Lsun.invoke.util.Wrapper; (java.base@21.0.3)
2403:             6            336  com.fasterxml.jackson.databind.type.IterationType
2404:            14            336  com.fasterxml.jackson.databind.util.LRUMap
2405:            14            336  com.fasterxml.jackson.databind.util.internal.LinkedDeque
2406:            21            336  io.netty.util.internal.TypeParameterMatcher$ReflectiveMatcher
2407:             6            336  java.nio.DirectLongBufferU (java.base@21.0.3)
2408:            14            336  java.text.ParsePosition (java.base@21.0.3)
2409:            14            336  java.time.format.DateTimeFormatter$ClassicFormat (java.base@21.0.3)
2410:            14            336  java.util.AbstractMap$2$1 (java.base@21.0.3)
2411:             7            336  java.util.regex.Pattern$GroupCurly (java.base@21.0.3)
2412:            21            336  jdk.proxy1.$Proxy5 (jdk.proxy1)
2413:             2            336  kotlinx.coroutines.scheduling.CoroutineScheduler$Worker
2414:            14            336  org.greenrobot.eventbus.Subscription
2415:            14            336  org.opensearch.gateway.MetadataStateFormat$1
2416:            14            336  org.opensearch.monitor.os.OsStats$Cpu
2417:            14            336  org.opensearch.sql.spark.client.EMRServerlessClientFactoryImpl
2418:            14            336  sun.nio.fs.UnixFileSystem$Flags (java.base@21.0.3)
2419:            14            336  sun.reflect.generics.scope.ConstructorScope (java.base@21.0.3)
2420:             6            320  [Lcom.fasterxml.jackson.core.SerializableString;
2421:             4            320  [Lcom.google.common.collect.HashBiMap$BiEntry;
2422:             4            320  [Lorg.opensearch.common.recycler.Recycler;
2423:             4            320  [Lsun.security.ec.point.ProjectivePoint$Immutable; (jdk.crypto.ec@21.0.3)
2424:             4            320  com.fasterxml.jackson.databind.MappingJsonFactory
2425:             4            320  com.fasterxml.jackson.databind.MappingJsonFactory
2426:             5            320  com.fasterxml.jackson.databind.cfg.BaseSettings
2427:            20            320  com.google.common.cache.LocalCache$AccessQueue
2428:             4            320  com.google.common.cache.LocalCache$Segment
2429:            10            320  com.google.common.cache.LocalCache$StrongEntry
2430:            20            320  com.google.common.cache.LocalCache$WriteQueue
2431:             8            320  com.sun.jna.Function
2432:             8            320  io.protostuff.runtime.RuntimeReflectionFieldFactory$4$1
2433:             8            320  io.protostuff.runtime.RuntimeReflectionFieldFactory$7$1
2434:            10            320  java.time.temporal.WeekFields$ComputedDayOfField (java.base@21.0.3)
2435:             8            320  java.util.WeakHashMap$KeyIterator (java.base@21.0.3)
2436:             8            320  jdk.internal.loader.NativeLibraries$NativeLibraryImpl (java.base@21.0.3)
2437:             5            320  org.apache.logging.log4j.core.appender.RollingFileAppender
2438:             5            320  org.apache.logging.log4j.core.appender.rolling.PatternProcessor
2439:             8            320  org.apache.lucene.analysis.util.ElisionFilter
2440:             5            320  org.opensearch.common.util.ReorganizingLongHash
2441:            10            320  org.opensearch.core.tasks.resourcetracker.TaskResourceUsage
2442:             5            320  org.opensearch.index.shard.IndexShard$NonClosingReaderWrapper
2443:            10            320  org.opensearch.performanceanalyzer.commons.metrics.RTFMetrics$ShardStatsValue
2444:            20            320  org.opensearch.search.aggregations.InternalOrder$SimpleOrder$$Lambda/0x00007fcd292f9400
2445:            20            320  org.opensearch.search.aggregations.bucket.DocCountProvider
2446:             5            320  org.opensearch.search.aggregations.bucket.histogram.DateHistogramAggregatorFactory
2447:            20            320  org.opensearch.search.aggregations.bucket.terms.LongKeyedBucketOrds$$Lambda/0x00007fcd292ea000
2448:             5            320  org.opensearch.search.internal.ExitableDirectoryReader
2449:             5            320  org.opensearch.search.internal.ReaderContext
2450:            10            320  org.opensearch.timeseries.model.ProfileName
2451:            10            320  org.opensearch.timeseries.model.TaskState
2452:             8            320  sun.management.MemoryPoolImpl$CollectionSensor (java.management@21.0.3)
2453:             8            320  sun.management.MemoryPoolImpl$PoolSensor (java.management@21.0.3)
2454:             8            320  sun.security.ssl.SSLSessionContextImpl (java.base@21.0.3)
2455:            10            320  sun.security.util.DisabledAlgorithmConstraints$KeySizeConstraint (java.base@21.0.3)
2456:             4            320  sun.text.DictionaryBasedBreakIterator (java.base@21.0.3)
2457:             6            312  [Lcom.fasterxml.jackson.databind.cfg.CoercionAction;
2458:            13            312  com.fasterxml.jackson.databind.type.LogicalType
2459:            13            312  com.fasterxml.jackson.databind.type.LogicalType
2460:            13            312  com.fasterxml.jackson.databind.type.LogicalType
2461:            13            312  com.sun.jna.Pointer
2462:             3            312  java.lang.invoke.BoundMethodHandle$Species_LLLLLLLLLLLLLLLLL (java.base@21.0.3)
2463:            13            312  java.lang.reflect.ReflectPermission (java.base@21.0.3)
2464:            13            312  org.opensearch.action.bulk.BackoffPolicy$ExponentialBackoff
2465:            13            312  org.opensearch.monitor.process.ProcessStats$Cpu
2466:            13            312  org.opensearch.monitor.process.ProcessStats$Mem
2467:            13            312  org.opensearch.performanceanalyzer.commons.stats.eval.impl.NamedCounter
2468:            13            312  org.opensearch.security.auditlog.impl.AuditCategory
2469:            13            312  sun.reflect.generics.tree.Wildcard (java.base@21.0.3)
2470:            19            304  jdk.proxy4.$Proxy25 (jdk.proxy4)
2471:            19            304  org.opensearch.common.settings.Setting$$Lambda/0x00007fcd280c7718
2472:            19            304  org.opensearch.sql.expression.function.RelevanceFunctionResolver
2473:             9            288  [Lcom.google.common.cache.LocalCache$Segment;
2474:             1            288  [Ljava.lang.invoke.LambdaForm$Kind; (java.base@21.0.3)
2475:            12            288  [Ljava.util.Iterator; (java.base@21.0.3)
2476:             1            288  [Lsun.security.ssl.SSLExtension; (java.base@21.0.3)
2477:             4            288  com.fasterxml.jackson.databind.ObjectMapper
2478:             4            288  com.fasterxml.jackson.databind.deser.DefaultDeserializationContext$Impl
2479:             4            288  com.fasterxml.jackson.databind.ser.DefaultSerializerProvider$Impl
2480:            12            288  com.google.common.cache.LongAddables$PureJavaLongAddable
2481:             6            288  com.google.common.collect.ArrayListMultimap
2482:            12            288  com.google.common.collect.ImmutableMapEntry$NonTerminalImmutableMapEntry
2483:             9            288  io.netty.util.AttributeKey
2484:             9            288  io.protostuff.WireFormat$JavaType
2485:             9            288  io.protostuff.runtime.DefaultIdStrategy$Lazy
2486:             6            288  io.protostuff.runtime.RuntimeReflectionFieldFactory$15$1
2487:            12            288  java.lang.ClassValue$Version (java.base@21.0.3)
2488:            12            288  java.lang.annotation.ElementType (java.base@21.0.3)
2489:             3            288  java.lang.invoke.BoundMethodHandle$Species_LLLLLLLLLLLLLLLL (java.base@21.0.3)
2490:             9            288  java.lang.invoke.VarHandleByteArrayAsLongs$ArrayHandle (java.base@21.0.3)
2491:            12            288  java.net.StandardSocketOptions$StdSocketOption (java.base@21.0.3)
2492:            12            288  java.time.Month (java.base@21.0.3)
2493:            12            288  java.util.function.Predicate$$Lambda/0x00007fcd289f1800 (java.base@21.0.3)
2494:             9            288  java.util.logging.Level (java.logging@21.0.3)
2495:             9            288  java.util.logging.Level$KnownLevel (java.logging@21.0.3)
2496:             6            288  java.util.stream.StreamOpFlag (java.base@21.0.3)
2497:             6            288  org.apache.logging.log4j.core.config.AppenderControl
2498:             9            288  org.apache.logging.log4j.core.pattern.DatePatternConverter$CachedTime
2499:             9            288  org.apache.logging.log4j.util.SortedArrayStringMap
2500:             4            288  org.apache.lucene.analysis.core.LetterTokenizer
2501:            12            288  org.bouncycastle.asn1.x509.AlgorithmIdentifier
2502:            12            288  org.joda.time.DurationFieldType$StandardDurationFieldType
2503:            18            288  org.joda.time.format.DateTimeFormatterBuilder$CharacterLiteral
2504:             9            288  org.opensearch.cluster.ClusterState$Metric
2505:            18            288  org.opensearch.cluster.NodeConnectionsService$ConnectionTarget$2
2506:             3            288  org.opensearch.cluster.metadata.Metadata
2507:             9            288  org.opensearch.cluster.routing.Preference
2508:            12            288  org.opensearch.common.collect.Iterators$ConcatenatedIterator
2509:            12            288  org.opensearch.indices.IndicesQueryCache$CachingWeightWrapper
2510:            12            288  org.opensearch.ingest.geoip.GeoIpProcessor$Property
2511:            12            288  org.opensearch.ml.stats.MLStat
2512:             9            288  org.opensearch.painless.spi.Whitelist
2513:            18            288  org.opensearch.plugins.AnalysisPlugin$1
2514:            18            288  org.opensearch.security.dlic.rest.api.AbstractApiAction$$Lambda/0x00007fcd28fe5230
2515:            12            288  org.opensearch.security.dlic.rest.api.RequestHandler$RequestHandlersBuilder$$Lambda/0x00007fcd28fed608
2516:             9            288  org.opensearch.security.securityconf.impl.HttpRequestMethods
2517:            12            288  org.opensearch.sql.opensearch.monitor.OpenSearchMemoryHealthy
2518:            12            288  org.opensearch.sql.opensearch.monitor.OpenSearchResourceMonitor
2519:            12            288  org.opensearch.sql.opensearch.storage.OpenSearchStorageEngine
2520:            12            288  sun.reflect.generics.reflectiveObjects.WildcardTypeImpl (java.base@21.0.3)
2521:             9            288  sun.util.logging.PlatformLogger$Level (java.base@21.0.3)
2522:             7            280  [Lorg.joni.ast.QuantifierNode$ReduceType;
2523:             5            280  [Lorg.opensearch.security.securityconf.impl.HttpRequestMethods;
2524:             7            280  com.fasterxml.jackson.core.StreamWriteFeature
2525:             7            280  com.google.common.collect.RegularImmutableMap
2526:             7            280  com.google.common.collect.RegularImmutableMap
2527:             5            280  javax.naming.InvalidNameException (java.naming@21.0.3)
2528:             5            280  org.opensearch.indices.IndicesQueryCache$Stats
2529:             5            280  org.opensearch.search.aggregations.metrics.MaxAggregationBuilder
2530:             5            280  org.opensearch.search.dfs.DfsSearchResult
2531:             7            280  org.opensearch.security.support.ModuleInfo
2532:             2            272  [Lcom.fasterxml.jackson.databind.DeserializationFeature;
2533:             2            272  [Lcom.fasterxml.jackson.databind.DeserializationFeature;
2534:            17            272  jdk.proxy3.$Proxy26 (jdk.proxy3)
2535:            17            272  org.opensearch.transport.ClusterConnectionManager$$Lambda/0x00007fcd2918db58
2536:            17            272  org.opensearch.transport.TcpTransport$ChannelsConnectedListener$$Lambda/0x00007fcd29105fa8
2537:            17            272  org.opensearch.transport.TcpTransport$ChannelsConnectedListener$$Lambda/0x00007fcd29106c68
2538:            17            272  org.opensearch.transport.TransportActionProxy$$Lambda/0x00007fcd28ddeae0
2539:            17            272  org.opensearch.transport.TransportActionProxy$$Lambda/0x00007fcd28ddef30
2540:            17            272  org.opensearch.transport.TransportHandshaker$$Lambda/0x00007fcd29107c38
2541:            11            264  [Lorg.opensearch.index.query.Operator;
2542:            11            264  com.fasterxml.jackson.annotation.JsonFormat$Feature
2543:            11            264  com.fasterxml.jackson.annotation.JsonFormat$Shape
2544:            11            264  com.fasterxml.jackson.annotation.JsonFormat$Shape
2545:            11            264  com.fasterxml.jackson.annotation.JsonFormat$Shape
2546:            11            264  io.protostuff.runtime.ArraySchemas$PojoArray$1
2547:            11            264  java.lang.invoke.MethodHandleImpl$Intrinsic (java.base@21.0.3)
2548:            11            264  java.util.regex.Pattern$$Lambda/0x00007fcd282ee200 (java.base@21.0.3)
2549:            11            264  org.apache.logging.log4j.Level
2550:            11            264  org.apache.logging.log4j.core.util.datetime.FastDateParser$StrategyAndWidth
2551:            11            264  org.bouncycastle.jcajce.provider.asymmetric.ec.KeyFactorySpi$EC
2552:            11            264  org.opensearch.common.inject.internal.MoreTypes$ParameterizedTypeImpl
2553:            11            264  org.opensearch.common.settings.Setting$Property
2554:            11            264  org.opensearch.timeseries.util.SecurityClientUtil
2555:            11            264  org.yaml.snakeyaml.events.Event$ID
2556:             2            256  [Lcom.fasterxml.jackson.databind.DeserializationFeature;
2557:             5            256  [Lcom.fasterxml.jackson.databind.cfg.CoercionAction;
2558:             2            256  [Lio.protostuff.runtime.Field;
2559:             2            256  com.google.common.cache.LocalCache
2560:            16            256  io.netty.buffer.PoolThreadCache$FreeOnFinalize
2561:            16            256  io.netty.channel.nio.NioEventLoop$1
2562:            16            256  io.netty.util.concurrent.SingleThreadEventExecutor$4
2563:             1            256  io.protostuff.runtime.DefaultIdStrategy
2564:             8            256  java.math.RoundingMode (java.base@21.0.3)
2565:            16            256  java.nio.channels.spi.AbstractSelector$1 (java.base@21.0.3)
2566:             4            256  java.text.DateFormatSymbols (java.base@21.0.3)
2567:             8            256  java.util.Random (java.base@21.0.3)
2568:             8            256  joptsimple.OptionSpecBuilder
2569:             8            256  org.apache.logging.log4j.spi.StandardLevel
2570:            16            256  org.bouncycastle.jcajce.provider.asymmetric.compositesignatures.KeyFactorySpi
2571:            16            256  org.opensearch.common.settings.Setting$$Lambda/0x00007fcd280bec58
2572:            16            256  org.opensearch.common.settings.Setting$$Lambda/0x00007fcd283967c8
2573:             8            256  org.opensearch.common.settings.Setting$GroupSetting$1
2574:            16            256  org.opensearch.common.settings.Setting$MemorySizeValueParser
2575:             8            256  org.opensearch.knn.index.MethodComponent
2576:            16            256  org.opensearch.knn.plugin.stats.suppliers.KNNCounterSupplier
2577:            16            256  org.opensearch.rest.action.admin.cluster.RestNodesStatsAction$$Lambda/0x00007fcd28fc5f20
2578:            16            256  org.opensearch.rest.action.admin.indices.RestIndicesStatsAction$$Lambda/0x00007fcd28fcaef0
2579:            16            256  org.opensearch.search.SearchModule$$Lambda/0x00007fcd28848218
2580:             8            256  org.opensearch.security.securityconf.impl.v7.ConfigV7$AuthcDomain
2581:            16            256  org.opensearch.sql.expression.function.FunctionDSL$$Lambda/0x00007fcd28b30218
2582:            16            256  org.opensearch.sql.expression.function.FunctionDSL$$Lambda/0x00007fcd28b494c0
2583:            16            256  org.opensearch.sql.spark.config.SparkExecutionEngineConfigSupplierImpl
2584:             8            256  sun.security.ssl.EphemeralKeyManager$EphemeralKeyPair (java.base@21.0.3)
2585:             2            240  [Lcom.fasterxml.jackson.databind.SerializationFeature;
2586:             2            240  [Lcom.fasterxml.jackson.databind.SerializationFeature;
2587:             2            240  [Lcom.fasterxml.jackson.databind.SerializationFeature;
2588:             5            240  [Ljava.lang.invoke.LambdaForm$NamedFunction; (java.base@21.0.3)
2589:             3            240  [Ljava.time.ZoneOffset; (java.base@21.0.3)
2590:             6            240  [Lorg.opensearch.index.query.MultiMatchQueryBuilder$Type;
2591:             6            240  com.fasterxml.jackson.core.StreamReadFeature
2592:             6            240  com.fasterxml.jackson.core.json.JsonWriteFeature
2593:            10            240  com.fasterxml.jackson.databind.cfg.CoercionInputShape
2594:            10            240  com.fasterxml.jackson.databind.cfg.CoercionInputShape
2595:            10            240  com.fasterxml.jackson.databind.cfg.CoercionInputShape
2596:             5            240  com.fasterxml.jackson.databind.introspect.BasicBeanDescription
2597:             5            240  com.fasterxml.jackson.databind.introspect.BasicBeanDescription
2598:             5            240  com.fasterxml.jackson.databind.introspect.BasicBeanDescription
2599:             5            240  com.google.common.collect.HashBiMap$BiEntry
2600:            15            240  com.google.common.collect.SingletonImmutableSet
2601:             5            240  com.google.common.io.BaseEncoding$Alphabet
2602:             5            240  com.sun.jna.internal.Cleaner$CleanerRef
2603:             6            240  io.protostuff.runtime.RuntimeReflectionFieldFactory$8$1
2604:             6            240  java.io.BufferedWriter (java.base@21.0.3)
2605:            10            240  java.lang.PublicMethods$MethodList (java.base@21.0.3)
2606:             6            240  java.lang.invoke.LambdaForm$BasicType (java.base@21.0.3)
2607:            10            240  java.nio.charset.CoderResult (java.base@21.0.3)
2608:            10            240  java.nio.file.StandardOpenOption (java.base@21.0.3)
2609:            10            240  java.security.CryptoPrimitive (java.base@21.0.3)
2610:            10            240  java.security.PermissionsHash (java.base@21.0.3)
2611:            10            240  java.util.Collections$SynchronizedCollection (java.base@21.0.3)
2612:             5            240  java.util.concurrent.ConcurrentHashMap$Traverser (java.base@21.0.3)
2613:            10            240  javax.management.MBeanServerPermissionCollection (java.management@21.0.3)
2614:            10            240  kotlin.SynchronizedLazyImpl
2615:             5            240  org.apache.logging.log4j.core.appender.rolling.RollingFileManager$EmptyQueue
2616:             6            240  org.apache.logging.log4j.core.pattern.ExtendedThrowablePatternConverter
2617:             6            240  org.apache.lucene.backward_codecs.lucene50.Lucene50TermVectorsFormat
2618:            10            240  org.apache.lucene.index.CompositeReaderContext$Builder
2619:            10            240  org.apache.lucene.search.DocValuesFieldExistsQuery
2620:            10            240  org.apache.lucene.search.SortField$Type
2621:             6            240  org.apache.lucene.util.packed.PackedLongValues
2622:             5            240  org.jcodings.util.BytesHash$BytesHashEntry
2623:             5            240  org.opensearch.OpenSearchParseException
2624:            15            240  org.opensearch.action.support.broadcast.node.TransportBroadcastByNodeAction$$Lambda/0x00007fcd28ddfcb8
2625:            15            240  org.opensearch.action.support.broadcast.node.TransportBroadcastByNodeAction$BroadcastByNodeTransportRequestHandler
2626:            15            240  org.opensearch.action.support.single.shard.TransportSingleShardAction$ShardTransportHandler
2627:             6            240  org.opensearch.ad.indices.ADIndex
2628:            15            240  org.opensearch.alerting.transport.SecureTransportAction$DefaultImpls$$Lambda/0x00007fcd28dfc200
2629:             5            240  org.opensearch.common.util.concurrent.TimedRunnable
2630:            10            240  org.opensearch.core.tasks.resourcetracker.ResourceUsageInfo$ResourceStatsInfo
2631:             6            240  org.opensearch.forecast.indices.ForecastIndex
2632:            10            240  org.opensearch.index.fielddata.plain.SortedNumericIndexFieldData
2633:            10            240  org.opensearch.index.fielddata.plain.SortedNumericIndexFieldData$Builder
2634:             6            240  org.opensearch.index.mapper.DateFieldMapper$DateFieldType$$Lambda/0x00007fcd292e81f8
2635:             6            240  org.opensearch.index.query.MultiMatchQueryBuilder$Type
2636:             5            240  org.opensearch.index.query.RangeQueryBuilder
2637:             5            240  org.opensearch.knn.index.codec.KNNCodecVersion
2638:            10            240  org.opensearch.performanceanalyzer.commons.stats.eval.impl.Count
2639:            15            240  org.opensearch.search.aggregations.InternalOrder$CompoundOrder
2640:             5            240  org.opensearch.search.aggregations.bucket.FastFilterRewriteHelper$FastFilterContext
2641:            10            240  org.opensearch.search.aggregations.bucket.histogram.DateIntervalWrapper
2642:            15            240  org.opensearch.search.aggregations.bucket.terms.LongKeyedBucketOrds$FromMany
2643:            15            240  org.opensearch.search.aggregations.support.ValuesSource$Bytes$WithOrdinals$FieldData
2644:             5            240  org.opensearch.search.fetch.FetchSearchResult
2645:             5            240  org.opensearch.security.configuration.DlsFlsFilterLeafReader$DlsFlsSubReaderWrapper
2646:            15            240  org.opensearch.security.dlic.rest.api.AbstractApiAction$$Lambda/0x00007fcd28fc3d30
2647:            10            240  org.opensearch.security.dlic.rest.api.RequestHandler$RequestHandlersBuilder$$Lambda/0x00007fcd28fe8440
2648:            10            240  org.opensearch.timeseries.settings.DynamicNumericSetting$$Lambda/0x00007fcd289c6ba8
2649:            10            240  org.opensearch.timeseries.stats.suppliers.IndexStatusSupplier
2650:            15            240  sun.invoke.util.ValueConversions$WrapperCache (java.base@21.0.3)
2651:             6            240  sun.security.ssl.SSLKeyExchange$T12KeyAgreement (java.base@21.0.3)
2652:             4            224  com.google.common.collect.DenseImmutableTable
2653:             7            224  com.sun.jmx.mbeanserver.DefaultMXBeanMappingFactory$CollectionMapping (java.management@21.0.3)
2654:             7            224  java.io.FileOutputStream (java.base@21.0.3)
2655:             7            224  java.lang.System$Logger$Level (java.base@21.0.3)
2656:            14            224  java.nio.file.Files$1 (java.base@21.0.3)
2657:            14            224  java.security.spec.MGF1ParameterSpec (java.base@21.0.3)
2658:            14            224  java.util.zip.CRC32 (java.base@21.0.3)
2659:             4            224  javax.management.openmbean.OpenMBeanOperationInfoSupport (java.management@21.0.3)
2660:            14            224  jdk.proxy2.$Proxy3 (jdk.proxy2)
2661:             7            224  org.apache.lucene.analysis.pt.RSLPStemmerBase$Step
2662:             7            224  org.apache.lucene.analysis.standard.StandardAnalyzer
2663:            14            224  org.apache.lucene.backward_codecs.lucene90.Lucene90PostingsFormat
2664:            14            224  org.opensearch.common.settings.Setting$$Lambda/0x00007fcd281e5150
2665:            14            224  org.opensearch.common.settings.Setting$$Lambda/0x00007fcd28442b50
2666:            14            224  org.opensearch.core.xcontent.AbstractObjectParser$$Lambda/0x00007fcd284bc000
2667:            14            224  org.opensearch.search.internal.ShardSearchRequest$RequestRewritable
2668:            14            224  org.opensearch.sql.legacy.metrics.BasicCounter
2669:            14            224  org.opensearch.timeseries.stats.suppliers.CounterSupplier
2670:            14            224  sun.nio.fs.UnixFileSystem$3 (java.base@21.0.3)
2671:             7            224  sun.security.rsa.RSACore$BlindingParameters (java.base@21.0.3)
2672:             9            216  java.lang.reflect.AccessFlag$Location (java.base@21.0.3)
2673:             9            216  java.nio.file.attribute.PosixFilePermission (java.base@21.0.3)
2674:             9            216  java.time.ZoneOffset (java.base@21.0.3)
2675:             9            216  java.util.concurrent.Executors$DefaultThreadFactory (java.base@21.0.3)
2676:             9            216  java.util.stream.Collectors$$Lambda/0x800000047 (java.base@21.0.3)
2677:             9            216  org.apache.lucene.analysis.in.IndicNormalizer$ScriptData
2678:             9            216  org.apache.lucene.search.MultiCollector$MultiLeafCollector$1
2679:             9            216  org.opensearch.action.bulk.BackoffPolicy$ConstantBackoff
2680:             9            216  org.opensearch.common.unit.Fuzziness
2681:             9            216  org.opensearch.knn.index.codec.KNN80Codec.KNN80DocValuesFormat
2682:             9            216  org.opensearch.rest.RestRequest$Method
2683:             9            216  org.opensearch.search.asynchronous.context.state.AsynchronousSearchState
2684:             3            216  org.opensearch.security.compliance.ComplianceConfig
2685:             9            216  org.opensearch.security.dlic.rest.api.RequestHandler$RequestHandlersBuilder$$Lambda/0x00007fcd28fe9420
2686:             3            216  sun.security.provider.NativePRNG$RandomIO (java.base@21.0.3)
2687:             9            216  sun.security.util.SafeDHParameterSpec (java.base@21.0.3)
2688:             1            208  [Lorg.opensearch.core.rest.RestStatus;
2689:             2            208  com.fasterxml.jackson.dataformat.yaml.YAMLFactory
2690:            13            208  java.text.NumberFormat$Field (java.base@21.0.3)
2691:            13            208  kotlinx.coroutines.internal.ContextScope
2692:             2            208  org.apache.lucene.analysis.cjk.CJKBigramFilter
2693:            13            208  org.apache.lucene.backward_codecs.lucene90.Lucene90SegmentInfoFormat
2694:             2            208  org.bouncycastle.jce.provider.BouncyCastleProvider
2695:            13            208  org.opensearch.action.support.single.shard.TransportSingleShardAction$TransportHandler
2696:            13            208  org.opensearch.common.settings.Setting$GroupKey
2697:             2            208  org.opensearch.common.util.concurrent.PrioritizedOpenSearchThreadPoolExecutor
2698:            13            208  org.opensearch.plugins.SearchPlugin$AggregationSpec$$Lambda/0x00007fcd287bf270
2699:            13            208  org.opensearch.search.aggregations.bucket.histogram.DateHistogramInterval
2700:             2            208  org.opensearch.transport.CopyBytesServerSocketChannel
2701:             2            208  sun.security.provider.Sun (java.base@21.0.3)
2702:             2            200  [Ljava.text.DateFormat$Field; (java.base@21.0.3)
2703:             5            200  com.fasterxml.jackson.core.JsonEncoding
2704:             5            200  com.fasterxml.jackson.databind.cfg.ConfigOverrides
2705:             5            200  io.netty.util.internal.ObjectPool$RecyclerObjectPool$1
2706:             5            200  java.lang.ExceptionInInitializerError (java.base@21.0.3)
2707:             5            200  java.lang.NumberFormatException (java.base@21.0.3)
2708:             5            200  java.lang.UnsupportedOperationException (java.base@21.0.3)
2709:             5            200  javax.management.MBeanPermission (java.management@21.0.3)
2710:             5            200  org.apache.logging.log4j.core.appender.rolling.DefaultRolloverStrategy
2711:             5            200  org.opensearch.client.OriginSettingClient
2712:             5            200  org.opensearch.cluster.metadata.IndexMetadata$APIBlock
2713:             5            200  org.opensearch.common.Rounding$Builder
2714:             5            200  org.opensearch.common.settings.Setting$$Lambda/0x00007fcd2854e1a0
2715:             5            200  org.opensearch.common.settings.Setting$$Lambda/0x00007fcd2854e870
2716:             5            200  org.opensearch.index.query.QueryRewriteContext
2717:             1            200  org.opensearch.indices.IndicesService
2718:             5            200  org.opensearch.search.SearchService$SearchOperationListenerExecutor
2719:             5            200  org.opensearch.search.aggregations.MultiBucketConsumerService$MultiBucketConsumer
2720:             5            200  org.opensearch.search.aggregations.metrics.MaxAggregatorFactory
2721:             5            200  org.opensearch.search.query.TopDocsCollectorContext$EmptyTopDocsCollectorContext
2722:             5            200  sun.security.ssl.CipherSuite$MacAlg (java.base@21.0.3)
2723:             5            200  sun.security.ssl.ContentType (java.base@21.0.3)
2724:             5            200  sun.util.calendar.Era (java.base@21.0.3)
2725:             5            200  sun.util.locale.provider.LocaleProviderAdapter$Type (java.base@21.0.3)
2726:             8            192  [Ljava.util.concurrent.ConcurrentHashMap$CounterCell; (java.base@21.0.3)
2727:             2            192  [Lorg.opensearch.ml.common.FunctionName;
2728:            12            192  com.fasterxml.jackson.databind.node.IntNode
2729:             6            192  com.fasterxml.jackson.databind.util.EnumValues
2730:             6            192  com.fasterxml.jackson.dataformat.smile.SmileGenerator$Feature
2731:            12            192  com.google.common.collect.RegularImmutableList
2732:             4            192  com.google.common.collect.SingletonImmutableBiMap
2733:             8            192  com.google.gson.internal.bind.TypeAdapters$31
2734:             8            192  com.sun.management.VMOption$Origin (jdk.management@21.0.3)
2735:            12            192  com.sun.management.internal.OperatingSystemImpl$SystemCpuTicks$$Lambda/0x00007fcd284de928 (jdk.management@21.0.3)
2736:            12            192  io.github.resilience4j.retry.internal.RetryImpl$RetryMetrics
2737:             8            192  io.netty.util.internal.ThreadExecutorMap$1
2738:             6            192  io.protostuff.runtime.ArraySchemas$DoubleArray
2739:             4            192  java.io.PrintStream (java.base@21.0.3)
2740:            12            192  java.lang.ClassValue$Identity (java.base@21.0.3)
2741:             2            192  java.lang.invoke.BoundMethodHandle$Species_LLLLLLLLLLLLLLL (java.base@21.0.3)
2742:             6            192  java.lang.invoke.VarHandleByteArrayAsInts$ArrayHandle (java.base@21.0.3)
2743:             3            192  java.nio.DirectByteBufferR (java.base@21.0.3)
2744:             3            192  java.text.SimpleDateFormat (java.base@21.0.3)
2745:             6            192  java.time.format.TextStyle (java.base@21.0.3)
2746:             6            192  java.util.AbstractList$RandomAccessSpliterator (java.base@21.0.3)
2747:             6            192  java.util.EnumMap$KeyIterator (java.base@21.0.3)
2748:             6            192  java.util.concurrent.ConcurrentHashMap$ForwardingNode (java.base@21.0.3)
2749:             6            192  javax.management.MBeanConstructorInfo (java.management@21.0.3)
2750:             6            192  javax.management.StandardEmitterMBean (java.management@21.0.3)
2751:            12            192  jdk.proxy4.$Proxy47 (jdk.proxy4)
2752:             6            192  org.apache.logging.log4j.core.appender.DefaultErrorHandler
2753:             8            192  org.apache.logging.log4j.core.appender.rolling.RolloverFrequency
2754:             6            192  org.apache.logging.log4j.core.config.AwaitCompletionReliabilityStrategy
2755:             6            192  org.apache.logging.log4j.core.layout.StringBuilderEncoder
2756:             4            192  org.apache.logging.log4j.core.lookup.ConfigurationStrSubstitutor
2757:             6            192  org.apache.lucene.analysis.CharacterUtils$CharacterBuffer
2758:             3            192  org.apache.lucene.analysis.pattern.PatternTokenizer
2759:             8            192  org.apache.lucene.index.MergeTrigger
2760:             6            192  org.apache.lucene.queryparser.classic.QueryParser$JJCalls
2761:             6            192  org.bouncycastle.jcajce.provider.config.ProviderConfigurationPermission
2762:             6            192  org.opensearch.Build$Type
2763:             6            192  org.opensearch.action.search.SearchPhaseName
2764:             3            192  org.opensearch.cluster.ClusterState
2765:             1            192  org.opensearch.cluster.coordination.Coordinator
2766:            12            192  org.opensearch.cluster.routing.RoutingNode$BucketedShards
2767:             6            192  org.opensearch.cluster.routing.UnassignedInfo$AllocationStatus
2768:             6            192  org.opensearch.common.Priority
2769:             6            192  org.opensearch.common.util.BigArrays
2770:            12            192  org.opensearch.common.util.LongLongHash$$Lambda/0x00007fcd293d9ed8
2771:            12            192  org.opensearch.core.indices.breaker.AllCircuitBreakerStats
2772:            12            192  org.opensearch.core.xcontent.ObjectParser$$Lambda/0x00007fcd284bcb40
2773:             6            192  org.opensearch.index.IndexModule$Type
2774:            12            192  org.opensearch.index.analysis.PreConfiguredTokenizer$$Lambda/0x00007fcd2869fa80
2775:             1            192  org.opensearch.index.search.QueryStringQueryParser
2776:             6            192  org.opensearch.indices.recovery.RecoveryState$Stage
2777:            12            192  org.opensearch.monitor.fs.FsHealthService$$Lambda/0x00007fcd293b7940
2778:             6            192  org.opensearch.repositories.blobstore.ChecksumBlobStoreFormat
2779:             6            192  org.opensearch.search.DocValueFormat$DateTime
2780:             3            192  org.opensearch.security.auditlog.config.AuditConfig$Filter
2781:             8            192  org.opensearch.security.securityconf.impl.v7.ConfigV7$AuthcBackend
2782:             8            192  org.opensearch.security.securityconf.impl.v7.ConfigV7$HttpAuthenticator
2783:             6            192  org.opensearch.sql.analysis.Analyzer
2784:             8            192  org.opensearch.sql.opensearch.executor.OpenSearchExecutionEngine
2785:            12            192  org.opensearch.sql.opensearch.monitor.OpenSearchMemoryHealthy$MemoryUsage
2786:            12            192  org.opensearch.sql.opensearch.monitor.OpenSearchMemoryHealthy$RandomFail
2787:             6            192  org.opensearch.sql.spark.execution.session.SessionManager
2788:            12            192  org.opensearch.timeseries.ratelimit.RateLimitedRequestWorker$$Lambda/0x00007fcd28a113f8
2789:             3            192  sun.security.rsa.RSAPrivateCrtKeyImpl (java.base@21.0.3)
2790:             6            192  sun.security.ssl.X509Authentication (java.base@21.0.3)
2791:            12            192  sun.util.logging.internal.LoggingProviderImpl$JULWrapper (java.logging@21.0.3)
2792:             3            184  [Lkotlin.annotation.AnnotationTarget;
2793:             3            184  [Lkotlin.annotation.AnnotationTarget;
2794:             6            176  [Lorg.apache.logging.log4j.core.pattern.FormattingInfo;
2795:             5            176  [[Ljava.lang.Object; (java.base@21.0.3)
2796:             2            176  java.lang.invoke.BoundMethodHandle$Species_LLLLLLLLLLLLL (java.base@21.0.3)
2797:            11            176  jdk.proxy9.$Proxy40 (jdk.proxy9)
2798:             1            176  org.apache.commons.pool2.impl.GenericObjectPool
2799:            11            176  org.apache.logging.log4j.core.config.AppenderControlArraySet
2800:             1            176  org.apache.logging.log4j.core.config.properties.PropertiesConfiguration
2801:            11            176  org.apache.logging.log4j.core.util.datetime.FastDateParser$NumberStrategy
2802:             2            176  org.apache.lucene.analysis.th.ThaiTokenizer
2803:            11            176  org.opensearch.action.support.replication.TransportReplicationAction$$Lambda/0x00007fcd28db7660
2804:            11            176  org.opensearch.action.support.replication.TransportReplicationAction$$Lambda/0x00007fcd28db7cc0
2805:            11            176  org.opensearch.action.support.replication.TransportReplicationAction$$Lambda/0x00007fcd28dbc000
2806:            11            176  org.opensearch.action.support.replication.TransportReplicationAction$$Lambda/0x00007fcd28dbc220
2807:            11            176  org.opensearch.action.support.replication.TransportReplicationAction$$Lambda/0x00007fcd28dbc450
2808:            11            176  org.opensearch.common.settings.Setting$$Lambda/0x00007fcd283948c8
2809:            11            176  org.opensearch.core.xcontent.ToXContent$MapParams
2810:            11            176  org.opensearch.index.query.BoolQueryBuilder$$Lambda/0x00007fcd291e6680
2811:            11            176  org.opensearch.index.query.BoolQueryBuilder$$Lambda/0x00007fcd291e68b0
2812:            11            176  org.opensearch.index.query.BoolQueryBuilder$$Lambda/0x00007fcd291e6ae0
2813:            11            176  org.opensearch.index.query.BoolQueryBuilder$$Lambda/0x00007fcd291e6d10
2814:            11            176  org.opensearch.plugins.SearchPlugin$PipelineAggregationSpec$$Lambda/0x00007fcd28847118
2815:             2            176  sun.nio.ch.ServerSocketChannelImpl (java.base@21.0.3)
2816:            11            176  sun.security.provider.NativePRNG (java.base@21.0.3)
2817:             5            168  [Lcom.fasterxml.jackson.databind.ser.impl.PropertySerializerMap$TypeAndSerializer;
2818:             1            168  [Lorg.apache.lucene.analysis.lv.LatvianStemmer$Affix;
2819:             1            168  [Lorg.bouncycastle.crypto.CryptoServiceProperties;
2820:             1            168  [Lorg.opensearch.knn.plugin.stats.StatNames;
2821:             1            168  [[Ljava.math.BigInteger; (java.base@21.0.3)
2822:             7            168  com.fasterxml.jackson.annotation.JsonInclude$Include
2823:             7            168  com.fasterxml.jackson.annotation.JsonInclude$Include
2824:             7            168  com.fasterxml.jackson.annotation.JsonInclude$Include
2825:             7            168  com.fasterxml.jackson.annotation.PropertyAccessor
2826:             7            168  com.fasterxml.jackson.annotation.PropertyAccessor
2827:             3            168  com.fasterxml.jackson.core.util.DefaultPrettyPrinter
2828:             3            168  com.fasterxml.jackson.databind.deser.std.EnumDeserializer
2829:             3            168  com.fasterxml.jackson.databind.type.ResolvedRecursiveType
2830:             7            168  com.fasterxml.jackson.databind.util.CompactStringObjectMap
2831:             3            168  com.sun.jna.NativeLibrary
2832:             7            168  io.protostuff.runtime.ArraySchemas$DoubleArray$1
2833:             7            168  java.io.OutputStreamWriter (java.base@21.0.3)
2834:             7            168  java.security.cert.CertPathValidatorException$BasicReason (java.base@21.0.3)
2835:             7            168  java.time.DayOfWeek (java.base@21.0.3)
2836:             7            168  jdk.net.ExtendedSocketOptions$ExtSocketOption (jdk.net@21.0.3)
2837:             7            168  kotlinx.coroutines.JobImpl
2838:             7            168  org.apache.lucene.search.TotalHits
2839:             3            168  org.apache.lucene.store.ByteBuffersDataOutput
2840:             7            168  org.bouncycastle.asn1.ASN1Tag
2841:             1            168  org.joni.Regex
2842:             7            168  org.opensearch.cluster.DiffableUtils$DiffableValueReader
2843:             3            168  org.opensearch.cluster.node.DiscoveryNodes
2844:             7            168  org.opensearch.common.ExponentiallyWeightedMovingAverage
2845:             7            168  org.opensearch.index.analysis.PreBuiltAnalyzerProviderFactory$PreBuiltAnalyzersDelegateCache
2846:             7            168  org.opensearch.ml.stats.MLClusterLevelStat
2847:             7            168  org.opensearch.performanceanalyzer.commons.stats.eval.Statistics
2848:             7            168  org.opensearch.replication.task.ReplicationState
2849:             7            168  org.opensearch.securityanalytics.model.LogType$IocFields
2850:             7            168  org.opensearch.sql.planner.optimizer.rule.read.TableScanPushDown
2851:             7            168  org.opensearch.sql.spark.execution.statestore.OpenSearchSessionStorageService
2852:             7            168  org.opensearch.sql.spark.execution.statestore.OpenSearchStatementStorageService
2853:             7            168  org.yaml.snakeyaml.scanner.Constant
2854:             3            168  sun.security.ssl.SSLContextImpl$TLSContext (java.base@21.0.3)
2855:             7            168  sun.security.x509.NetscapeCertTypeExtension$MapEntry (java.base@21.0.3)
2856:             3            160  [Ljava.util.logging.Level; (java.logging@21.0.3)
2857:             5            160  [Lorg.apache.logging.log4j.core.pattern.ArrayPatternConverter;
2858:             5            160  [Lorg.opensearch.security.securityconf.impl.DashboardSignInOption;
2859:             1            160  [Lorg.opensearch.sql.legacy.metrics.MetricName;
2860:             4            160  com.fasterxml.jackson.core.Base64Variant
2861:             2            160  com.fasterxml.jackson.core.JsonFactory
2862:             5            160  com.fasterxml.jackson.core.JsonFactory$Feature
2863:             4            160  com.fasterxml.jackson.core.StreamReadConstraints
2864:             5            160  com.fasterxml.jackson.databind.cfg.CoercionConfigs
2865:             4            160  com.fasterxml.jackson.databind.cfg.ConfigOverrides
2866:             5            160  com.fasterxml.jackson.databind.cfg.JsonNodeFeature
2867:             5            160  com.fasterxml.jackson.databind.cfg.JsonNodeFeature
2868:             5            160  com.fasterxml.jackson.databind.ser.impl.PropertySerializerMap$Double
2869:             2            160  com.google.common.cache.LocalCache$Segment
2870:            10            160  com.google.common.cache.LocalCache$StrongValueReference
2871:             4            160  com.google.common.collect.DenseImmutableTable$ColumnMap
2872:             4            160  com.google.common.collect.DenseImmutableTable$RowMap
2873:             5            160  io.netty.handler.logging.LogLevel
2874:             4            160  io.protostuff.runtime.RuntimeReflectionFieldFactory$5$1
2875:            10            160  java.lang.Class$3 (java.base@21.0.3)
2876:             4            160  java.lang.StackWalker (java.base@21.0.3)
2877:             5            160  java.lang.invoke.VarHandle$AccessType (java.base@21.0.3)
2878:             4            160  java.text.DigitList (java.base@21.0.3)
2879:             5            160  java.time.format.DateTimeFormatterBuilder$TextPrinterParser (java.base@21.0.3)
2880:             2            160  java.util.concurrent.ScheduledThreadPoolExecutor (java.base@21.0.3)
2881:            10            160  jdk.proxy10.$Proxy41 (jdk.proxy10)
2882:            10            160  jdk.proxy2.$Proxy34 (jdk.proxy2)
2883:            10            160  kotlinx.coroutines.internal.Symbol
2884:             5            160  org.apache.logging.log4j.core.appender.rolling.SizeBasedTriggeringPolicy
2885:             4            160  org.apache.logging.log4j.core.config.Node
2886:             5            160  org.apache.logging.log4j.core.lookup.Interpolator
2887:            10            160  org.apache.logging.log4j.core.lookup.SystemPropertiesLookup
2888:             5            160  org.apache.logging.log4j.core.util.Log4jThreadFactory
2889:             4            160  org.apache.lucene.analysis.ar.ArabicNormalizationFilter
2890:             4            160  org.apache.lucene.analysis.en.EnglishPossessiveFilter
2891:             4            160  org.apache.lucene.analysis.in.IndicNormalizationFilter
2892:            10            160  org.apache.lucene.search.IndexSearcher$1
2893:             5            160  org.apache.lucene.search.ScoreMode
2894:             4            160  org.apache.lucene.search.SortField
2895:             5            160  org.apache.lucene.store.IOContext
2896:             4            160  org.apache.lucene.store.RateLimiter$SimpleRateLimiter
2897:             4            160  org.apache.lucene.util.bkd.BKDReader$BKDReaderDocIDSetIterator
2898:             2            160  org.apache.lucene.util.fst.FST$Arc
2899:             4            160  org.bouncycastle.crypto.params.DHParameters
2900:             4            160  org.joni.NameEntry
2901:             5            160  org.ldaptive.ReturnAttributes
2902:             5            160  org.opensearch.action.DocWriteResponse$Result
2903:            10            160  org.opensearch.action.support.replication.TransportReplicationAction$$Lambda/0x00007fcd28db7880
2904:            10            160  org.opensearch.action.support.replication.TransportReplicationAction$$Lambda/0x00007fcd28db7aa0
2905:             1            160  org.opensearch.ad.ratelimit.ADCheckpointReadWorker
2906:             5            160  org.opensearch.alerting.util.DestinationType
2907:             4            160  org.opensearch.bootstrap.SystemCallFilter$Arch
2908:             5            160  org.opensearch.cluster.metadata.IndexAbstraction$Alias
2909:            10            160  org.opensearch.common.settings.Setting$$Lambda/0x00007fcd280cb338
2910:             4            160  org.opensearch.common.util.TokenBucket
2911:             4            160  org.opensearch.core.tasks.resourcetracker.TaskResourceInfo
2912:             4            160  org.opensearch.core.tasks.resourcetracker.TaskResourceInfo$Builder
2913:             5            160  org.opensearch.core.tasks.resourcetracker.ThreadResourceInfo
2914:             1            160  org.opensearch.forecast.ratelimit.ForecastCheckpointReadWorker
2915:             5            160  org.opensearch.index.query.SearchIndexNameMatcher
2916:             5            160  org.opensearch.index.shard.IndexShardState
2917:             5            160  org.opensearch.indices.IndicesRequestCache$Key
2918:            10            160  org.opensearch.indices.analysis.PreBuiltCacheFactory$PreBuiltCacheStrategyOpenSearch
2919:             5            160  org.opensearch.jobscheduler.ScheduledJobProvider
2920:             5            160  org.opensearch.ml.model.MLModelGroupManager
2921:             4            160  org.opensearch.performanceanalyzer.commons.stats.metrics.ExceptionsAndErrors
2922:             5            160  org.opensearch.search.SearchService$2
2923:             5            160  org.opensearch.search.SearchService$2$$Lambda/0x00007fcd29204ce0
2924:             5            160  org.opensearch.search.SearchShardTarget
2925:             5            160  org.opensearch.search.aggregations.NonGlobalAggCollectorManagerWithSingleCollector
2926:             5            160  org.opensearch.search.aggregations.bucket.histogram.DateHistogramAggregator$DateHistogramAggregationType
2927:             5            160  org.opensearch.search.aggregations.bucket.terms.LongKeyedBucketOrds$FromSingle$1
2928:             5            160  org.opensearch.search.aggregations.support.CoreValuesSourceType$7$1$$Lambda/0x00007fcd291153e0
2929:             5            160  org.opensearch.search.query.EarlyTerminatingCollector
2930:             5            160  org.opensearch.security.dlic.rest.validation.PasswordValidator$ScoreStrength
2931:            10            160  org.opensearch.sql.executor.pagination.PlanSerializer
2932:            10            160  org.opensearch.sql.opensearch.executor.protector.OpenSearchExecutionProtector
2933:             5            160  org.opensearch.tasks.TaskManager$CancellableTaskHolder
2934:             5            160  org.opensearch.transport.ConnectionProfile$ConnectionTypeHandle
2935:             5            160  org.yaml.snakeyaml.DumperOptions$ScalarStyle
2936:             5            160  sun.security.ssl.NamedGroup$NamedGroupSpec (java.base@21.0.3)
2937:             5            160  sun.text.CompactByteArray (java.base@21.0.3)
2938:             1            152  [Lcom.fasterxml.jackson.databind.MapperFeature;
2939:             1            152  [Lcom.fasterxml.jackson.databind.MapperFeature;
2940:             1            152  [Lcom.fasterxml.jackson.databind.MapperFeature;
2941:             1            152  [Lsun.security.ssl.Alert; (java.base@21.0.3)
2942:             1            152  [Lsun.security.ssl.NamedGroup; (java.base@21.0.3)
2943:             2            152  [[Ljava.lang.String; (java.base@21.0.3)
2944:             1            152  org.opensearch.alerting.transport.TransportDocLevelMonitorFanOutAction
2945:             1            152  org.opensearch.http.netty4.ssl.SecureNetty4HttpServerTransport
2946:             2            144  [Ljava.math.BigDecimal; (java.base@21.0.3)
2947:             6            144  [Ljava.security.CodeSigner; (java.base@21.0.3)
2948:             6            144  [Ljava.util.concurrent.atomic.Striped64$Cell; (java.base@21.0.3)
2949:             3            144  [Lorg.bouncycastle.asn1.ASN1ObjectIdentifier;
2950:             2            144  [Lorg.opensearch.performanceanalyzer.commons.stats.metrics.CollectorMetrics;
2951:             6            144  com.fasterxml.jackson.annotation.JsonAutoDetect$Visibility
2952:             6            144  com.fasterxml.jackson.annotation.JsonAutoDetect$Visibility
2953:             6            144  com.fasterxml.jackson.annotation.JsonAutoDetect$Visibility
2954:             6            144  com.fasterxml.jackson.core.JsonParser$NumberType
2955:             3            144  com.fasterxml.jackson.databind.ser.std.CollectionSerializer
2956:             9            144  com.google.common.collect.RegularImmutableList
2957:             3            144  com.sun.management.internal.GarbageCollectorExtImpl (jdk.management@21.0.3)
2958:             6            144  java.lang.Thread$State (java.base@21.0.3)
2959:             3            144  java.lang.ThreadGroup (java.base@21.0.3)
2960:             6            144  java.lang.invoke.MethodHandleImpl$BindCaller$InjectedInvokerHolder (java.base@21.0.3)
2961:             3            144  java.time.temporal.JulianFields$Field (java.base@21.0.3)
2962:             6            144  javax.naming.ldap.LdapName (java.naming@21.0.3)
2963:             6            144  javax.net.ssl.SSLEngineResult$HandshakeStatus (java.base@21.0.3)
2964:             3            144  jdk.internal.foreign.layout.ValueLayouts$OfFloatImpl (java.base@21.0.3)
2965:             3            144  jdk.internal.foreign.layout.ValueLayouts$OfIntImpl (java.base@21.0.3)
2966:             3            144  jdk.internal.foreign.layout.ValueLayouts$OfLongImpl (java.base@21.0.3)
2967:             3            144  jdk.internal.foreign.layout.ValueLayouts$OfShortImpl (java.base@21.0.3)
2968:             6            144  jdk.internal.perf.PerfCounter (java.base@21.0.3)
2969:             6            144  jdk.net.NetworkPermission (jdk.net@21.0.3)
2970:             9            144  jdk.proxy1.$Proxy4 (jdk.proxy1)
2971:             6            144  kotlin.coroutines.CombinedContext
2972:             6            144  kotlinx.coroutines.CoroutineName
2973:             6            144  kotlinx.coroutines.SupervisorJobImpl
2974:             6            144  org.apache.logging.log4j.core.LifeCycle$State
2975:             6            144  org.apache.logging.log4j.core.config.AppenderRef
2976:             1            144  org.apache.logging.log4j.core.config.composite.CompositeConfiguration
2977:             3            144  org.apache.logging.log4j.core.lookup.RuntimeStrSubstitutor
2978:             6            144  org.apache.logging.log4j.core.pattern.MarkerPatternConverter
2979:             3            144  org.apache.logging.log4j.simple.SimpleLogger
2980:             2            144  org.apache.lucene.analysis.classic.ClassicTokenizerImpl
2981:             2            144  org.apache.lucene.analysis.core.WhitespaceTokenizer
2982:             9            144  org.apache.lucene.backward_codecs.lucene50.Lucene50CompoundFormat
2983:             6            144  org.apache.lucene.backward_codecs.lucene80.Lucene80DocValuesFormat
2984:             2            144  org.apache.lucene.backward_codecs.lucene91.Lucene91Codec
2985:             2            144  org.apache.lucene.backward_codecs.lucene92.Lucene92Codec
2986:             2            144  org.apache.lucene.backward_codecs.lucene94.Lucene94Codec
2987:             6            144  org.apache.lucene.backward_codecs.lucene95.Lucene95Codec$1
2988:             6            144  org.apache.lucene.backward_codecs.lucene95.Lucene95Codec$2
2989:             6            144  org.apache.lucene.backward_codecs.lucene95.Lucene95Codec$3
2990:             6            144  org.apache.lucene.backward_codecs.lucene95.Lucene95HnswVectorsFormat
2991:             6            144  org.apache.lucene.document.StoredValue$Type
2992:             6            144  org.apache.lucene.index.DocValuesType
2993:             6            144  org.apache.lucene.search.BooleanWeight$WeightedBooleanClause
2994:             6            144  org.apache.lucene.search.TopDocs
2995:             3            144  org.apache.lucene.util.fst.ReadWriteDataOutput
2996:             6            144  org.bouncycastle.pqc.jcajce.provider.dilithium.DilithiumKeyFactorySpi
2997:             6            144  org.bouncycastle.pqc.jcajce.provider.kyber.KyberKeyFactorySpi
2998:             6            144  org.joda.time.format.DateTimeFormatterBuilder$Fraction
2999:             6            144  org.joni.ast.QuantifierNode$ReduceType
3000:             6            144  org.opensearch.action.OriginalIndices
3001:             6            144  org.opensearch.action.search.SearchRequestStats$StatsHolder
3002:             6            144  org.opensearch.action.support.ActiveShardsObserver
3003:             6            144  org.opensearch.action.support.IndicesOptions$Option
3004:             6            144  org.opensearch.ad.model.ADTaskType
3005:             1            144  org.opensearch.alerting.MonitorRunnerExecutionContext
3006:             6            144  org.opensearch.client.support.AbstractClient$Admin
3007:             6            144  org.opensearch.cluster.routing.RecoverySource$Type
3008:             3            144  org.opensearch.common.inject.InheritingState
3009:             3            144  org.opensearch.common.inject.InjectorImpl
3010:             6            144  org.opensearch.common.logging.NodeNamePatternConverter
3011:             6            144  org.opensearch.commons.utils.HelpersKt$logger$1
3012:             2            144  org.opensearch.index.IndexingPressure
3013:             6            144  org.opensearch.index.mapper.DateFieldMapper$DateFieldType$$Lambda/0x00007fcd292e6880
3014:             6            144  org.opensearch.index.mapper.DateFieldMapper$DateFieldType$$Lambda/0x00007fcd292ebcf8
3015:             9            144  org.opensearch.knn.index.codec.KNN80Codec.KNN80CompoundFormat
3016:             6            144  org.opensearch.ml.common.MLTaskState
3017:             6            144  org.opensearch.ml.stats.MLNodeLevelStat
3018:             6            144  org.opensearch.monitor.jvm.JvmService
3019:             1            144  org.opensearch.performanceanalyzer.commons.collectors.ScheduledMetricCollectorsExecutor
3020:             6            144  org.opensearch.plugins.SearchPlugin$ScoreFunctionSpec
3021:             6            144  org.opensearch.plugins.SearchPlugin$SignificanceHeuristicSpec
3022:             6            144  org.opensearch.rest.RestHandler$DeprecatedRoute
3023:             6            144  org.opensearch.search.internal.AliasFilter
3024:             1            144  org.opensearch.security.OpenSearchSecurityPlugin
3025:             9            144  org.opensearch.security.dlic.rest.api.RequestHandler$RequestHandlersBuilder$$Lambda/0x00007fcd28fe58a8
3026:             9            144  org.opensearch.securityanalytics.logtype.LogTypeService$$Lambda/0x00007fcd288ade40
3027:             6            144  org.opensearch.sql.analysis.SelectExpressionAnalyzer
3028:             6            144  org.opensearch.sql.executor.QueryService
3029:             6            144  org.opensearch.sql.planner.optimizer.rule.MergeFilterAndFilter
3030:             6            144  org.opensearch.sql.planner.optimizer.rule.PushFilterUnderSort
3031:             6            144  org.opensearch.sql.planner.optimizer.rule.read.CreateTableScanBuilder
3032:             6            144  org.opensearch.sql.planner.optimizer.rule.write.CreateTableWriteBuilder
3033:             3            144  org.opensearch.threadpool.AutoQueueAdjustingExecutorBuilder
3034:             1            144  org.opensearch.threadpool.ThreadPool$CachedTimeThread
3035:             3            144  org.opensearch.timeseries.transport.handler.ResultBulkIndexingHandler
3036:             1            144  org.opensearch.transport.netty4.ssl.SecureNetty4Transport
3037:             1            144  sun.security.pkcs11.SunPKCS11 (jdk.crypto.cryptoki@21.0.3)
3038:             6            144  sun.security.provider.certpath.X509CertPath (java.base@21.0.3)
3039:             6            144  sun.security.util.DisabledAlgorithmConstraints$Constraint$Operator (java.base@21.0.3)
3040:             4            136  [Ljava.lang.CharSequence; (java.base@21.0.3)
3041:             1            136  [Ljava.time.temporal.ChronoField; (java.base@21.0.3)
3042:             6            136  [Lorg.apache.logging.log4j.core.config.AppenderControl;
3043:             6            136  [Lorg.apache.logging.log4j.core.config.AppenderRef;
3044:             1            136  [Lorg.opensearch.core.xcontent.ObjectParser$ValueType;
3045:             3            136  [Lorg.opensearch.search.aggregations.support.ValueType;
3046:             1            136  [Lorg.opensearch.timeseries.stats.StatNames;
3047:             1            136  org.apache.logging.log4j.core.config.NullConfiguration
3048:             1            136  org.opensearch.ad.task.ADTaskManager
3049:             1            136  org.opensearch.search.SearchService
3050:             5            128  [Ljava.net.InetAddress; (java.base@21.0.3)
3051:             2            128  [Ljava.time.Month; (java.base@21.0.3)
3052:             1            128  [Lorg.joni.constants.internal.TokenType;
3053:             2            128  [Lorg.opensearch.index.fielddata.IndexNumericFieldData$NumericType;
3054:             2            128  [Lorg.opensearch.ingest.geoip.GeoIpProcessor$Property;
3055:             2            128  [Lsun.security.ssl.SSLSecretDerivation$SecretSchedule; (java.base@21.0.3)
3056:             4            128  com.fasterxml.jackson.annotation.JsonInclude$Value
3057:             4            128  com.fasterxml.jackson.core.StreamReadCapability
3058:             4            128  com.fasterxml.jackson.core.util.Separators$Spacing
3059:             2            128  com.fasterxml.jackson.databind.cfg.BaseSettings
3060:             4            128  com.fasterxml.jackson.databind.cfg.CoercionConfigs
3061:             4            128  com.fasterxml.jackson.databind.cfg.JsonNodeFeature
3062:             4            128  com.fasterxml.jackson.databind.ser.AnyGetterWriter
3063:             1            128  com.google.common.cache.LocalCache
3064:             1            128  com.google.common.cache.LocalCache
3065:             4            128  com.google.common.collect.RegularImmutableSet
3066:             8            128  com.google.gson.TypeAdapter$1
3067:             4            128  com.sun.jmx.mbeanserver.DefaultMXBeanMappingFactory$ArrayMapping (java.management@21.0.3)
3068:             4            128  com.sun.jmx.mbeanserver.DefaultMXBeanMappingFactory$EnumMapping (java.management@21.0.3)
3069:             2            128  com.sun.security.sasl.gsskerb.JdkSASL$ProviderService (jdk.security.jgss@21.0.3)
3070:             2            128  io.netty.bootstrap.ServerBootstrap
3071:             2            128  io.netty.buffer.PooledByteBufAllocator
3072:             2            128  io.netty.buffer.SizeClasses
3073:             8            128  io.netty.channel.nio.NioEventLoop$1
3074:             2            128  io.netty.channel.socket.nio.NioServerSocketChannel$NioServerSocketChannelConfig
3075:             4            128  io.netty.util.AttributeKey
3076:             4            128  io.netty.util.internal.logging.Log4J2Logger
3077:             4            128  java.io.FileInputStream (java.base@21.0.3)
3078:             4            128  java.lang.invoke.VarHandleByteArrayAsDoubles$ArrayHandle (java.base@21.0.3)
3079:             4            128  java.lang.invoke.VarHandleByteArrayAsFloats$ArrayHandle (java.base@21.0.3)
3080:             4            128  java.lang.invoke.VarHandleByteArrayAsShorts$ArrayHandle (java.base@21.0.3)
3081:             4            128  java.lang.module.ModuleDescriptor$Modifier (java.base@21.0.3)
3082:             4            128  java.lang.module.ModuleDescriptor$Requires$Modifier (java.base@21.0.3)
3083:             4            128  java.security.spec.PSSParameterSpec (java.base@21.0.3)
3084:             8            128  java.time.format.DateTimeFormatterBuilder$StringLiteralPrinterParser (java.base@21.0.3)
3085:             4            128  java.util.HexFormat (java.base@21.0.3)
3086:             4            128  java.util.stream.FindOps$FindOp (java.base@21.0.3)
3087:             4            128  jdk.internal.logger.BootstrapLogger$LoggingBackend (java.base@21.0.3)
3088:             1            128  jdk.nio.zipfs.ZipFileSystem (jdk.zipfs@21.0.3)
3089:             8            128  jdk.proxy3.$Proxy18 (jdk.proxy3)
3090:             8            128  jdk.proxy4.$Proxy20 (jdk.proxy4)
3091:             2            128  org.apache.lucene.analysis.classic.ClassicTokenizer
3092:             2            128  org.apache.lucene.backward_codecs.lucene87.Lucene87Codec
3093:             4            128  org.apache.lucene.codecs.lucene90.Lucene90DocValuesProducer$4
3094:             8            128  org.apache.lucene.index.IndexReader$$Lambda/0x00007fcd28519cf8
3095:             8            128  org.apache.lucene.index.IndexReader$$Lambda/0x00007fcd28519f30
3096:             4            128  org.bouncycastle.crypto.params.DSAParameters
3097:             4            128  org.objectweb.asm.Handle
3098:             4            128  org.opensearch.action.DocWriteRequest$OpType
3099:             4            128  org.opensearch.action.search.PitService
3100:             4            128  org.opensearch.action.search.ShardStatsFieldNames
3101:             1            128  org.opensearch.ad.ratelimit.ADCheckpointWriteWorker
3102:             1            128  org.opensearch.ad.ratelimit.ADColdStartWorker
3103:             1            128  org.opensearch.ad.ratelimit.ADResultWriteWorker
3104:             4            128  org.opensearch.analysis.common.PatternAnalyzer
3105:             4            128  org.opensearch.cluster.routing.ShardRoutingState
3106:             4            128  org.opensearch.common.geo.ShapeRelation
3107:             4            128  org.opensearch.common.logging.SlowLogLevel
3108:             2            128  org.opensearch.common.lucene.Lucene$DirectoryReaderWithAllLiveDocs
3109:             4            128  org.opensearch.common.util.TokenBucket$State
3110:             4            128  org.opensearch.common.xcontent.json.JsonXContentGenerator
3111:             2            128  org.opensearch.env.Environment
3112:             1            128  org.opensearch.forecast.ratelimit.ForecastCheckpointWriteWorker
3113:             1            128  org.opensearch.forecast.ratelimit.ForecastColdStartWorker
3114:             1            128  org.opensearch.forecast.ratelimit.ForecastResultWriteWorker
3115:             8            128  org.opensearch.index.mapper.NumberFieldMapper$NumberType$$Lambda/0x00007fcd287397e8
3116:             4            128  org.opensearch.index.search.MatchQuery$Type
3117:             4            128  org.opensearch.index.translog.Translog$Operation$Type
3118:             2            128  org.opensearch.indexmanagement.IndexManagementPlugin
3119:             1            128  org.opensearch.ml.plugin.MachineLearningPlugin
3120:             1            128  org.opensearch.monitor.jvm.JvmInfo
3121:             4            128  org.opensearch.performanceanalyzer.commons.stats.collectors.SampleAggregator
3122:             4            128  org.opensearch.repositories.s3.ProxySettings$ProxyType
3123:             4            128  org.opensearch.search.aggregations.InternalOrder$SimpleOrder
3124:             2            128  org.opensearch.search.backpressure.SearchBackpressureState
3125:             4            128  org.opensearch.search.internal.ExitableDirectoryReader$ExitablePointTree
3126:             4            128  org.opensearch.security.auth.AuthDomain
3127:             2            128  org.opensearch.security.dlic.rest.api.RestApiPrivilegesEvaluator
3128:             4            128  org.opensearch.security.securityconf.impl.DashboardSignInOption
3129:             2            128  org.opensearch.security.securityconf.impl.v7.ConfigV7$Dynamic
3130:             1            128  org.opensearch.securityanalytics.indexmanagment.DetectorIndexManagementService
3131:             4            128  org.opensearch.semver.SemverRange$RangeOperator
3132:             4            128  org.opensearch.sql.datasource.model.DataSourceType
3133:             4            128  org.opensearch.sql.spark.flint.operation.FlintIndexOpFactory
3134:             4            128  org.opensearch.threadpool.ThreadPool$ThreadPoolType
3135:             2            128  org.opensearch.timeseries.MemoryTracker
3136:             4            128  org.opensearch.timeseries.model.EntityProfileName
3137:             8            128  org.opensearch.timeseries.ratelimit.ConcurrentWorker$$Lambda/0x00007fcd28a11628
3138:             2            128  sun.security.jgss.SunProvider$ProviderService (java.security.jgss@21.0.3)
3139:             4            128  sun.security.ssl.Finished$VerifyDataScheme (java.base@21.0.3)
3140:             4            128  sun.security.ssl.SSLTrafficKeyDerivation (java.base@21.0.3)
3141:             4            128  sun.security.util.DisabledAlgorithmConstraints (java.base@21.0.3)
3142:             3            120  [Ljava.lang.invoke.LambdaForm$BasicType; (java.base@21.0.3)
3143:             3            120  [Ljava.nio.charset.Charset; (java.base@21.0.3)
3144:             5            120  [Lorg.apache.logging.log4j.core.appender.rolling.TriggeringPolicy;
3145:             5            120  [Lorg.apache.lucene.search.Collector;
3146:             1            120  [Lorg.opensearch.action.admin.cluster.node.stats.NodesStatsRequest$Metric;
3147:             3            120  [Lorg.opensearch.index.shard.IndexShardState;
3148:             3            120  [Lorg.opensearch.rest.RestHandler$ReplacedRoute;
3149:             2            120  [Lsun.security.util.ObjectIdentifier; (java.base@21.0.3)
3150:             5            120  com.fasterxml.jackson.annotation.Nulls
3151:             5            120  com.fasterxml.jackson.annotation.Nulls
3152:             5            120  com.fasterxml.jackson.annotation.Nulls
3153:             3            120  com.fasterxml.jackson.databind.PropertyMetadata
3154:             5            120  com.fasterxml.jackson.databind.cfg.MutableCoercionConfig
3155:             5            120  com.fasterxml.jackson.databind.deser.DeserializerCache
3156:             5            120  com.fasterxml.jackson.databind.introspect.SimpleMixInResolver
3157:             5            120  com.fasterxml.jackson.databind.ser.SerializerCache
3158:             5            120  com.fasterxml.jackson.databind.ser.impl.PropertySerializerMap$Multi
3159:             5            120  com.fasterxml.jackson.databind.util.LRUMap
3160:             5            120  com.fasterxml.jackson.databind.util.internal.LinkedDeque
3161:             3            120  com.google.common.collect.RegularImmutableMap
3162:             5            120  com.sun.crypto.provider.DHParameters (java.base@21.0.3)
3163:             3            120  com.sun.jna.Structure$LayoutInfo
3164:             1            120  com.sun.jna.internal.Cleaner$1
3165:             3            120  io.netty.handler.codec.base64.Base64Dialect
3166:             5            120  io.netty.util.Recycler$2
3167:             5            120  io.netty.util.internal.logging.InternalLogLevel
3168:             3            120  java.lang.invoke.VarHandleBooleans$FieldInstanceReadWrite (java.base@21.0.3)
3169:             1            120  java.lang.ref.Finalizer$FinalizerThread (java.base@21.0.3)
3170:             1            120  java.lang.ref.Reference$ReferenceHandler (java.base@21.0.3)
3171:             3            120  java.lang.reflect.ProxyGenerator$ProxyMethod (java.base@21.0.3)
3172:             3            120  java.net.InetAddress$CachedLookup (java.base@21.0.3)
3173:             5            120  java.net.InterfaceAddress (java.base@21.0.3)
3174:             5            120  java.time.ZoneRegion (java.base@21.0.3)
3175:             5            120  java.time.chrono.JapaneseEra (java.base@21.0.3)
3176:             5            120  java.time.format.SignStyle (java.base@21.0.3)
3177:             5            120  java.util.Locale$FilteringMode (java.base@21.0.3)
3178:             5            120  java.util.concurrent.Executors$AutoShutdownDelegatedExecutorService (java.base@21.0.3)
3179:             5            120  java.util.concurrent.atomic.AtomicReferenceFieldUpdater$AtomicReferenceFieldUpdaterImpl$1 (java.base@21.0.3)
3180:             5            120  java.util.function.Predicate$$Lambda/0x00007fcd2928b520 (java.base@21.0.3)
3181:             1            120  java.util.logging.LogManager$Cleaner (java.logging@21.0.3)
3182:             5            120  java.util.stream.StreamOpFlag$Type (java.base@21.0.3)
3183:             5            120  jdk.internal.math.FloatingDecimal$PreparedASCIIToBinaryBuffer (java.base@21.0.3)
3184:             1            120  jdk.internal.misc.InnocuousThread (java.base@21.0.3)
3185:             5            120  kotlinx.coroutines.scheduling.CoroutineScheduler$WorkerState
3186:             5            120  org.apache.logging.log4j.core.appender.rolling.CompositeTriggeringPolicy
3187:             3            120  org.apache.logging.log4j.core.config.ConfigurationSource
3188:             5            120  org.apache.logging.log4j.core.lookup.PropertiesLookup
3189:             5            120  org.apache.logging.log4j.core.pattern.LoggerPatternConverter
3190:             5            120  org.apache.logging.log4j.core.pattern.PatternParser$ParserState
3191:             3            120  org.apache.logging.log4j.core.util.WatchManager
3192:             3            120  org.apache.logging.log4j.core.util.datetime.FixedDateFormat$FixedTimeZoneFormat
3193:             5            120  org.apache.lucene.index.IndexOptions
3194:             5            120  org.apache.lucene.search.MultiCollector
3195:             5            120  org.apache.lucene.search.TotalHitCountCollector
3196:             5            120  org.bouncycastle.jcajce.provider.asymmetric.ec.KeyFactorySpi$ECMQV
3197:             5            120  org.greenrobot.eventbus.ThreadMode
3198:             5            120  org.opensearch.action.ActionRunnable$2
3199:             1            120  org.opensearch.ad.ratelimit.ADCheckpointMaintainWorker
3200:             1            120  org.opensearch.ad.ratelimit.ADColdEntityWorker
3201:             1            120  org.opensearch.ad.transport.GetAnomalyDetectorTransportAction
3202:             1            120  org.opensearch.bootstrap.Bootstrap$2
3203:             1            120  org.opensearch.bootstrap.Bootstrap$4
3204:             5            120  org.opensearch.cluster.block.ClusterBlockLevel
3205:             5            120  org.opensearch.cluster.block.ClusterBlocks$ImmutableLevelHolder
3206:             5            120  org.opensearch.cluster.routing.allocation.Constraint
3207:             5            120  org.opensearch.common.MemoizedSupplier
3208:             1            120  org.opensearch.common.PidFile$1
3209:             5            120  org.opensearch.common.Rounding$TimeIntervalRounding
3210:             3            120  org.opensearch.common.breaker.ChildMemoryCircuitBreaker
3211:             5            120  org.opensearch.common.cache.ICacheKey
3212:             5            120  org.opensearch.common.cache.store.OpenSearchOnHeapCache$$Lambda/0x00007fcd292f0a50
3213:             5            120  org.opensearch.common.lease.Releasables$$Lambda/0x00007fcd2920a480
3214:             3            120  org.opensearch.flowframework.indices.FlowFrameworkIndex
3215:             1            120  org.opensearch.forecast.ratelimit.ForecastCheckpointMaintainWorker
3216:             1            120  org.opensearch.forecast.ratelimit.ForecastColdEntityWorker
3217:             1            120  org.opensearch.forecast.transport.GetForecasterTransportAction
3218:             5            120  org.opensearch.index.engine.Engine$Operation$Origin
3219:             5            120  org.opensearch.index.mapper.MetadataFieldMapper$ConfigurableTypeParser
3220:             5            120  org.opensearch.index.query.MatchNoneQueryBuilder
3221:             5            120  org.opensearch.index.query.ParsedQuery
3222:             5            120  org.opensearch.index.shard.IndexShard$$Lambda/0x00007fcd29302238
3223:             1            120  org.opensearch.indexmanagement.indexstatemanagement.ManagedIndexCoordinator
3224:             5            120  org.opensearch.indices.IndicesRequestCache$Loader
3225:             5            120  org.opensearch.indices.IndicesService$$Lambda/0x00007fcd292fd460
3226:             5            120  org.opensearch.knn.index.codec.KNNFormatFacade
3227:             5            120  org.opensearch.ml.stats.suppliers.IndexStatusSupplier
3228:             3            120  org.opensearch.monitor.jvm.JvmGcMonitorService$GcThreshold
3229:             1            120  org.opensearch.node.NodeService
3230:             5            120  org.opensearch.performanceanalyzer.config.setting.PerformanceAnalyzerClusterSettings$PerformanceAnalyzerFeatureBits
3231:             5            120  org.opensearch.ratelimitting.admissioncontrol.AdmissionControlService$$Lambda/0x00007fcd292d4000
3232:             5            120  org.opensearch.search.SearchService$$Lambda/0x00007fcd292cf760
3233:             5            120  org.opensearch.search.SearchService$$Lambda/0x00007fcd292d4d30
3234:             5            120  org.opensearch.search.SearchService$$Lambda/0x00007fcd2934e6d0
3235:             5            120  org.opensearch.search.aggregations.SearchContextAggregations
3236:             5            120  org.opensearch.search.aggregations.bucket.histogram.DateIntervalWrapper$IntervalTypeEnum
3237:             5            120  org.opensearch.search.aggregations.support.CoreValuesSourceType$7$1
3238:             5            120  org.opensearch.search.internal.ReaderContext$$Lambda/0x00007fcd2934edc0
3239:             5            120  org.opensearch.search.internal.ReaderContext$1
3240:             5            120  org.opensearch.search.internal.ShardSearchContextId
3241:             5            120  org.opensearch.search.query.QueryCollectorContext$5
3242:             5            120  org.opensearch.search.query.QueryPhase$$Lambda/0x00007fcd293c5de0
3243:             5            120  org.opensearch.search.query.TopDocsCollectorContext$EmptyTopDocsCollectorContext$$Lambda/0x00007fcd293c2258
3244:             5            120  org.opensearch.security.dlic.rest.api.RequestHandler$RequestHandlersBuilder$$Lambda/0x00007fcd28fe8000
3245:             3            120  org.opensearch.sql.spark.dispatcher.QueryHandlerFactory
3246:             5            120  org.opensearch.sql.spark.flint.OpenSearchFlintIndexStateModelService
3247:             5            120  org.opensearch.tasks.TaskManager$$Lambda/0x00007fcd292dc8a0
3248:             5            120  org.opensearch.tasks.TaskManager$$Lambda/0x00007fcd292e3168
3249:             5            120  org.opensearch.tasks.TaskManager$1
3250:             5            120  org.opensearch.tasks.TaskManager$ChannelPendingTaskTracker
3251:             5            120  org.opensearch.threadpool.TaskAwareRunnable
3252:             5            120  org.opensearch.transport.TransportRequestOptions$Type
3253:             3            120  sun.security.provider.DSAPublicKeyImpl (java.base@21.0.3)
3254:             3            120  sun.security.ssl.CipherSuite$HashAlg (java.base@21.0.3)
3255:             3            120  sun.security.ssl.SignatureScheme$SigAlgParamSpec (java.base@21.0.3)
3256:             3            120  sun.security.ssl.X509TrustManagerImpl (java.base@21.0.3)
3257:             3            120  sun.util.locale.provider.LocaleResources (java.base@21.0.3)
3258:             7            112  [Ljava.lang.annotation.Annotation; (java.base@21.0.3)
3259:             1            112  [Ljava.lang.reflect.AccessFlag; (java.base@21.0.3)
3260:             2            112  [Ljava.nio.file.attribute.PosixFilePermission; (java.base@21.0.3)
3261:             2            112  [Ljava.security.CryptoPrimitive; (java.base@21.0.3)
3262:             1            112  [Ljava.time.LocalTime; (java.base@21.0.3)
3263:             7            112  [Lorg.apache.logging.log4j.core.config.Property;
3264:             5            112  [Lorg.apache.logging.log4j.core.pattern.NameAbbreviator$PatternAbbreviatorFragment;
3265:             2            112  [Lorg.apache.lucene.search.SortField$Type;
3266:             2            112  [Lorg.opensearch.cluster.ClusterState$Metric;
3267:             2            112  [Lorg.opensearch.core.xcontent.XContentParser$Token;
3268:             1            112  [Lorg.opensearch.performanceanalyzer.commons.metrics.AllMetrics$ShardStatsValue;
3269:             2            112  [Lorg.opensearch.search.asynchronous.context.state.AsynchronousSearchState;
3270:             2            112  [Lorg.opensearch.security.securityconf.impl.CType;
3271:             1            112  [Lorg.opensearch.security.support.ModuleType;
3272:             2            112  [Lorg.opensearch.timeseries.model.ProfileName;
3273:             1            112  [Lorg.yaml.snakeyaml.tokens.Token$ID;
3274:             3            112  [Lsun.invoke.util.ValueConversions$WrapperCache; (java.base@21.0.3)
3275:             2            112  com.google.common.collect.HashBiMap
3276:             1            112  java.lang.invoke.BoundMethodHandle$Species_LLLLLLLLLLLLLLLLLLL (java.base@21.0.3)
3277:             2            112  java.nio.DirectIntBufferRU (java.base@21.0.3)
3278:             2            112  java.security.cert.PKIXBuilderParameters (java.base@21.0.3)
3279:             7            112  jdk.proxy4.$Proxy24 (jdk.proxy4)
3280:             7            112  kotlinx.coroutines.internal.Symbol
3281:             7            112  kotlinx.coroutines.internal.Symbol
3282:             7            112  kotlinx.coroutines.internal.Symbol
3283:             7            112  org.apache.logging.log4j.core.impl.ThreadContextDataInjector$ForCopyOnWriteThreadContextMap
3284:             2            112  org.apache.lucene.analysis.miscellaneous.StemmerOverrideFilter
3285:             2            112  org.apache.lucene.util.DocIdSetBuilder
3286:             1            112  org.opensearch.action.bulk.TransportShardBulkAction
3287:             1            112  org.opensearch.ad.ml.ADColdStart
3288:             1            112  org.opensearch.ad.transport.ADResultProcessor
3289:             7            112  org.opensearch.cluster.ClusterName
3290:             7            112  org.opensearch.cluster.coordination.CoordinationMetadata$VotingConfiguration
3291:             2            112  org.opensearch.cluster.routing.allocation.DiskThresholdSettings
3292:             7            112  org.opensearch.common.settings.Setting$$Lambda/0x00007fcd2854d468
3293:             2            112  org.opensearch.common.util.BigDoubleArray
3294:             1            112  org.opensearch.forecast.ml.ForecastColdStart
3295:             1            112  org.opensearch.forecast.transport.ForecastRunOnceTransportAction
3296:             7            112  org.opensearch.index.analysis.PreBuiltAnalyzerProviderFactory$$Lambda/0x00007fcd286c7038
3297:             7            112  org.opensearch.index.mapper.MetadataFieldMapper$FixedTypeParser
3298:             7            112  org.opensearch.ml.stats.suppliers.CounterSupplier
3299:             1            112  org.opensearch.performanceanalyzer.collectors.telemetry.RTFNodeStatsAllShardsMetricsCollector
3300:             1            112  org.opensearch.replication.action.replay.TransportReplayChangesAction
3301:             7            112  org.opensearch.search.aggregations.BucketCollectorProcessor
3302:             7            112  org.opensearch.security.dlic.rest.api.AbstractApiAction$$Lambda/0x00007fcd28fe5688
3303:             7            112  org.opensearch.sql.spark.execution.session.OpenSearchSessionConfigSupplier
3304:             7            112  org.opensearch.sql.spark.execution.xcontent.SessionModelXContentSerializer
3305:             7            112  org.opensearch.sql.spark.execution.xcontent.StatementModelXContentSerializer
3306:             2            112  org.tartarus.snowball.ext.FinnishStemmer
3307:             2            112  org.tartarus.snowball.ext.RomanianStemmer
3308:             2            112  sun.security.ec.ed.EdDSAParameters (jdk.crypto.ec@21.0.3)
3309:             1            104  [Ljava.lang.reflect.ClassFileFormatVersion; (java.base@21.0.3)
3310:             1            104  [Lorg.opensearch.sql.common.setting.Settings$Key;
3311:             1            104  [Lsun.security.ssl.SSLHandshake; (java.base@21.0.3)
3312:             1            104  [Lsun.security.ssl.SignatureScheme; (java.base@21.0.3)
3313:             2            104  [Lsun.util.logging.PlatformLogger$Level; (java.base@21.0.3)
3314:             1            104  com.sun.crypto.provider.SunJCE (java.base@21.0.3)
3315:             1            104  com.sun.security.sasl.Provider (java.security.sasl@21.0.3)
3316:             1            104  com.sun.security.sasl.gsskerb.JdkSASL (jdk.security.jgss@21.0.3)
3317:             1            104  java.lang.invoke.BoundMethodHandle$Species_LLLLLLLLLLLLLLLLLL (java.base@21.0.3)
3318:             1            104  jdk.internal.loader.ClassLoaders$AppClassLoader (java.base@21.0.3)
3319:             1            104  jdk.internal.loader.ClassLoaders$BootClassLoader (java.base@21.0.3)
3320:             1            104  jdk.internal.loader.ClassLoaders$PlatformClassLoader (java.base@21.0.3)
3321:             1            104  org.jcp.xml.dsig.internal.dom.XMLDSigRI (java.xml.crypto@21.0.3)
3322:             1            104  org.opensearch.ad.indices.ADIndexManagement
3323:             1            104  org.opensearch.ad.task.ADBatchTaskRunner
3324:             1            104  org.opensearch.forecast.indices.ForecastIndexManagement
3325:             1            104  org.opensearch.ml.action.register.TransportRegisterModelAction
3326:             1            104  org.opensearch.securityanalytics.transport.TransportIndexDetectorAction
3327:             1            104  org.opensearch.transport.TransportService
3328:             1            104  sun.security.ec.SunEC (jdk.crypto.ec@21.0.3)
3329:             1            104  sun.security.jca.ProviderList$1 (java.base@21.0.3)
3330:             1            104  sun.security.jgss.SunProvider (java.security.jgss@21.0.3)
3331:             1            104  sun.security.provider.certpath.ldap.JdkLDAP (java.naming@21.0.3)
3332:             1            104  sun.security.rsa.SunRsaSign (java.base@21.0.3)
3333:             1            104  sun.security.smartcardio.SunPCSC (java.smartcardio@21.0.3)
3334:             1            104  sun.security.ssl.SunJSSE (java.base@21.0.3)
3335:             2             96  [Lcom.fasterxml.jackson.annotation.JsonInclude$Include;
3336:             1             96  [Lcom.fasterxml.jackson.core.JsonParser$Feature;
3337:             2             96  [Lcom.google.common.cache.LocalCache$EntryFactory;
3338:             2             96  [Lcom.google.common.cache.LocalCache$EntryFactory;
3339:             2             96  [Lcom.google.common.cache.LocalCache$EntryFactory;
3340:             2             96  [Lcom.google.common.cache.LocalCache$EntryFactory;
3341:             2             96  [Ljava.lang.System$Logger$Level; (java.base@21.0.3)
3342:             2             96  [Ljava.time.DayOfWeek; (java.base@21.0.3)
3343:             2             96  [Ljava.util.concurrent.TimeUnit; (java.base@21.0.3)
3344:             3             96  [Lkotlinx.coroutines.CoroutineStart;
3345:             4             96  [Lorg.apache.logging.log4j.Marker;
3346:             3             96  [Lorg.apache.logging.log4j.core.util.datetime.FastDatePrinter$Rule;
3347:             2             96  [Lorg.apache.logging.log4j.spi.StandardLevel;
3348:             2             96  [Lorg.opensearch.search.aggregations.support.CoreValuesSourceType;
3349:             4             96  [Lorg.opensearch.sql.spark.leasemanager.DefaultLeaseManager$Rule;
3350:             4             96  [Lsun.security.ssl.EphemeralKeyManager$EphemeralKeyPair; (java.base@21.0.3)
3351:             1             96  [Lsun.util.locale.BaseLocale; (java.base@21.0.3)
3352:             1             96  [[Ljava.lang.Byte; (java.base@21.0.3)
3353:             4             96  com.fasterxml.jackson.annotation.JsonCreator$Mode
3354:             4             96  com.fasterxml.jackson.annotation.JsonProperty$Access
3355:             1             96  com.fasterxml.jackson.databind.DeserializationConfig
3356:             4             96  com.fasterxml.jackson.databind.cfg.CoercionAction
3357:             4             96  com.fasterxml.jackson.databind.cfg.CoercionAction
3358:             4             96  com.fasterxml.jackson.databind.cfg.CoercionAction
3359:             4             96  com.fasterxml.jackson.databind.cfg.ConstructorDetector
3360:             4             96  com.fasterxml.jackson.databind.cfg.ConstructorDetector$SingleArgConstructor
3361:             4             96  com.fasterxml.jackson.databind.cfg.MutableCoercionConfig
3362:             4             96  com.fasterxml.jackson.databind.deser.DeserializerCache
3363:             4             96  com.fasterxml.jackson.databind.introspect.AnnotationCollector$OneAnnotation
3364:             4             96  com.fasterxml.jackson.databind.introspect.SimpleMixInResolver
3365:             3             96  com.fasterxml.jackson.databind.introspect.VisibilityChecker$Std
3366:             4             96  com.fasterxml.jackson.databind.ser.SerializerCache
3367:             3             96  com.fasterxml.jackson.databind.ser.std.EnumSerializer
3368:             6             96  com.fasterxml.jackson.databind.ser.std.ToStringSerializer
3369:             6             96  com.fasterxml.jackson.databind.ser.std.ToStringSerializer
3370:             6             96  com.fasterxml.jackson.databind.ser.std.ToStringSerializer
3371:             4             96  com.google.common.cache.LocalCache$AccessQueue$1
3372:             6             96  com.google.common.cache.LocalCache$LocalManualCache
3373:             2             96  com.google.common.cache.LocalCache$ValueIterator
3374:             4             96  com.google.common.collect.AbstractIterator$State
3375:             4             96  com.google.common.collect.AbstractIterator$State
3376:             3             96  com.google.common.collect.RegularImmutableSet
3377:             3             96  com.google.common.collect.RegularImmutableSet
3378:             2             96  com.google.common.collect.SingletonImmutableBiMap
3379:             6             96  com.google.common.collect.SingletonImmutableList
3380:             4             96  com.password4j.types.Bcrypt
3381:             3             96  com.sun.jna.NativeLong
3382:             3             96  io.netty.buffer.EmptyByteBuf
3383:             3             96  io.netty.channel.nio.NioEventLoopGroup
3384:             4             96  io.netty.handler.ssl.ApplicationProtocolConfig$Protocol
3385:             2             96  io.netty.handler.ssl.JdkSslServerContext
3386:             4             96  io.netty.util.ResourceLeakDetector$Level
3387:             4             96  java.io.ObjectStreamClass$ExceptionInfo (java.base@21.0.3)
3388:             3             96  java.io.SerializablePermission (java.base@21.0.3)
3389:             3             96  java.lang.Runtime$Version (java.base@21.0.3)
3390:             2             96  java.lang.invoke.MethodHandleImpl$WrappedMember (java.base@21.0.3)
3391:             2             96  java.lang.invoke.VarHandleReferences$FieldStaticReadWrite (java.base@21.0.3)
3392:             4             96  java.lang.module.ModuleDescriptor$Opens (java.base@21.0.3)
3393:             4             96  java.math.MathContext (java.base@21.0.3)
3394:             2             96  java.net.NetworkInterface (java.base@21.0.3)
3395:             4             96  java.nio.file.FileVisitResult (java.base@21.0.3)
3396:             4             96  java.text.Normalizer$Form (java.base@21.0.3)
3397:             3             96  java.text.StringCharacterIterator (java.base@21.0.3)
3398:             2             96  java.time.format.DateTimeFormatterBuilder$FractionPrinterParser (java.base@21.0.3)
3399:             4             96  java.time.format.DateTimeFormatterBuilder$SettingsParser (java.base@21.0.3)
3400:             4             96  java.time.format.FormatStyle (java.base@21.0.3)
3401:             2             96  java.time.zone.ZoneOffsetTransitionRule (java.base@21.0.3)
3402:             2             96  java.util.ComparableTimSort (java.base@21.0.3)
3403:             4             96  java.util.EnumMap$EntryIterator$Entry (java.base@21.0.3)
3404:             2             96  java.util.Locale$Category (java.base@21.0.3)
3405:             3             96  java.util.UUID (java.base@21.0.3)
3406:             3             96  java.util.concurrent.ScheduledThreadPoolExecutor$DelayedWorkQueue (java.base@21.0.3)
3407:             4             96  java.util.concurrent.atomic.AtomicIntegerFieldUpdater$AtomicIntegerFieldUpdaterImpl$1 (java.base@21.0.3)
3408:             4             96  java.util.regex.Pattern$Qtype (java.base@21.0.3)
3409:             3             96  java.util.stream.MatchOps$MatchKind (java.base@21.0.3)
3410:             4             96  java.util.stream.StreamShape (java.base@21.0.3)
3411:             4             96  javax.management.MBeanTrustPermission (java.management@21.0.3)
3412:             2             96  javax.management.openmbean.TabularType (java.management@21.0.3)
3413:             4             96  javax.net.ssl.SSLContext (java.base@21.0.3)
3414:             4             96  javax.net.ssl.SSLEngineResult$Status (java.base@21.0.3)
3415:             2             96  jdk.internal.foreign.layout.ValueLayouts$OfAddressImpl (java.base@21.0.3)
3416:             2             96  jdk.internal.foreign.layout.ValueLayouts$OfCharImpl (java.base@21.0.3)
3417:             2             96  jdk.internal.foreign.layout.ValueLayouts$OfDoubleImpl (java.base@21.0.3)
3418:             1             96  jdk.internal.jimage.ImageReader$SharedImageReader (java.base@21.0.3)
3419:             6             96  jdk.internal.loader.ClassLoaderValue (java.base@21.0.3)
3420:             3             96  jdk.internal.reflect.MethodHandleShortFieldAccessorImpl (java.base@21.0.3)
3421:             3             96  jdk.internal.util.ClassFileDumper (java.base@21.0.3)
3422:             4             96  jdk.internal.util.OperatingSystem (java.base@21.0.3)
3423:             4             96  jdk.jfr.internal.SecuritySupport$SafePath (jdk.jfr@21.0.3)
3424:             6             96  jdk.proxy2.$Proxy11 (jdk.proxy2)
3425:             6             96  jdk.proxy2.$Proxy30 (jdk.proxy2)
3426:             6             96  jdk.proxy4.$Proxy22 (jdk.proxy4)
3427:             6             96  jdk.proxy5.$Proxy35 (jdk.proxy5)
3428:             4             96  kotlin.SynchronizedLazyImpl
3429:             4             96  kotlinx.coroutines.CoroutineStart
3430:             4             96  kotlinx.coroutines.SupervisorJobImpl
3431:             4             96  org.apache.commons.lang3.tuple.ImmutablePair
3432:             3             96  org.apache.logging.log4j.core.config.ConfigurationScheduler
3433:             6             96  org.apache.logging.log4j.core.layout.PatternLayout$PatternFormatterPatternSerializer
3434:             6             96  org.apache.logging.log4j.core.lookup.JmxRuntimeInputArgumentsLookup
3435:             6             96  org.apache.logging.log4j.core.lookup.MapLookup
3436:             3             96  org.apache.logging.log4j.core.pattern.DatePatternConverter$PatternFormatter
3437:             4             96  org.apache.logging.log4j.core.pattern.NameAbbreviator$PatternAbbreviatorFragment
3438:             3             96  org.apache.lucene.analysis.ar.ArabicAnalyzer
3439:             2             96  org.apache.lucene.analysis.ar.ArabicStemFilter
3440:             3             96  org.apache.lucene.analysis.bg.BulgarianAnalyzer
3441:             2             96  org.apache.lucene.analysis.bg.BulgarianStemFilter
3442:             3             96  org.apache.lucene.analysis.bn.BengaliAnalyzer
3443:             2             96  org.apache.lucene.analysis.bn.BengaliNormalizationFilter
3444:             2             96  org.apache.lucene.analysis.bn.BengaliStemFilter
3445:             3             96  org.apache.lucene.analysis.br.BrazilianAnalyzer
3446:             2             96  org.apache.lucene.analysis.br.BrazilianStemFilter
3447:             3             96  org.apache.lucene.analysis.ca.CatalanAnalyzer
3448:             3             96  org.apache.lucene.analysis.ckb.SoraniAnalyzer
3449:             2             96  org.apache.lucene.analysis.ckb.SoraniStemFilter
3450:             3             96  org.apache.lucene.analysis.cz.CzechAnalyzer
3451:             2             96  org.apache.lucene.analysis.cz.CzechStemFilter
3452:             3             96  org.apache.lucene.analysis.da.DanishAnalyzer
3453:             3             96  org.apache.lucene.analysis.de.GermanAnalyzer
3454:             2             96  org.apache.lucene.analysis.de.GermanLightStemFilter
3455:             2             96  org.apache.lucene.analysis.el.GreekStemFilter
3456:             3             96  org.apache.lucene.analysis.en.EnglishAnalyzer
3457:             2             96  org.apache.lucene.analysis.en.PorterStemFilter
3458:             3             96  org.apache.lucene.analysis.es.SpanishAnalyzer
3459:             2             96  org.apache.lucene.analysis.es.SpanishLightStemFilter
3460:             3             96  org.apache.lucene.analysis.et.EstonianAnalyzer
3461:             3             96  org.apache.lucene.analysis.eu.BasqueAnalyzer
3462:             3             96  org.apache.lucene.analysis.fi.FinnishAnalyzer
3463:             3             96  org.apache.lucene.analysis.fr.FrenchAnalyzer
3464:             2             96  org.apache.lucene.analysis.fr.FrenchLightStemFilter
3465:             3             96  org.apache.lucene.analysis.ga.IrishAnalyzer
3466:             3             96  org.apache.lucene.analysis.gl.GalicianAnalyzer
3467:             2             96  org.apache.lucene.analysis.gl.GalicianStemFilter
3468:             3             96  org.apache.lucene.analysis.hi.HindiAnalyzer
3469:             2             96  org.apache.lucene.analysis.hi.HindiNormalizationFilter
3470:             2             96  org.apache.lucene.analysis.hi.HindiStemFilter
3471:             3             96  org.apache.lucene.analysis.hu.HungarianAnalyzer
3472:             3             96  org.apache.lucene.analysis.hy.ArmenianAnalyzer
3473:             3             96  org.apache.lucene.analysis.id.IndonesianAnalyzer
3474:             2             96  org.apache.lucene.analysis.id.IndonesianStemFilter
3475:             3             96  org.apache.lucene.analysis.it.ItalianAnalyzer
3476:             2             96  org.apache.lucene.analysis.it.ItalianLightStemFilter
3477:             3             96  org.apache.lucene.analysis.lt.LithuanianAnalyzer
3478:             3             96  org.apache.lucene.analysis.lv.LatvianAnalyzer
3479:             2             96  org.apache.lucene.analysis.lv.LatvianStemFilter
3480:             2             96  org.apache.lucene.analysis.miscellaneous.SetKeywordMarkerFilter
3481:             3             96  org.apache.lucene.analysis.nl.DutchAnalyzer
3482:             3             96  org.apache.lucene.analysis.no.NorwegianAnalyzer
3483:             3             96  org.apache.lucene.analysis.pt.PortugueseAnalyzer
3484:             2             96  org.apache.lucene.analysis.pt.PortugueseLightStemFilter
3485:             3             96  org.apache.lucene.analysis.ro.RomanianAnalyzer
3486:             3             96  org.apache.lucene.analysis.ru.RussianAnalyzer
3487:             4             96  org.apache.lucene.analysis.standard.StandardAnalyzer$$Lambda/0x00007fcd2925b7e8
3488:             3             96  org.apache.lucene.analysis.sv.SwedishAnalyzer
3489:             3             96  org.apache.lucene.analysis.tr.TurkishAnalyzer
3490:             6             96  org.apache.lucene.backward_codecs.lucene50.Lucene50LiveDocsFormat
3491:             6             96  org.apache.lucene.backward_codecs.lucene60.Lucene60FieldInfosFormat
3492:             3             96  org.apache.lucene.search.BooleanWeight
3493:             4             96  org.apache.lucene.search.MatchNoDocsQuery
3494:             4             96  org.apache.lucene.search.MatchNoDocsQuery$1
3495:             2             96  org.apache.lucene.search.PointRangeQuery$1$4
3496:             4             96  org.apache.lucene.store.IOContext$Context
3497:             4             96  org.apache.lucene.util.automaton.CompiledAutomaton$AUTOMATON_TYPE
3498:             4             96  org.bouncycastle.crypto.CryptoServicesPermission
3499:             4             96  org.bouncycastle.crypto.params.DHValidationParameters
3500:             4             96  org.bouncycastle.crypto.params.DSAValidationParameters
3501:             3             96  org.joda.time.format.DateTimeFormatterBuilder$TimeZoneOffset
3502:             4             96  org.joni.ast.CClassNode$CCSTATE
3503:             4             96  org.locationtech.spatial4j.context.jts.ValidationRule
3504:             2             96  org.locationtech.spatial4j.shape.impl.RectangleImpl
3505:             1             96  org.opensearch.action.resync.TransportResyncReplicationAction
3506:             1             96  org.opensearch.action.search.TransportSearchAction
3507:             3             96  org.opensearch.action.support.WriteRequest$RefreshPolicy
3508:             1             96  org.opensearch.ad.caching.ADPriorityCache
3509:             1             96  org.opensearch.alerting.core.JobSweeper
3510:             3             96  org.opensearch.analysis.common.SnowballAnalyzer
3511:             6             96  org.opensearch.client.support.AbstractClient$ClusterAdmin
3512:             6             96  org.opensearch.client.support.AbstractClient$IndicesAdmin
3513:             3             96  org.opensearch.cluster.coordination.CoordinationMetadata
3514:             3             96  org.opensearch.cluster.metadata.IndexAbstraction$Type
3515:             2             96  org.opensearch.cluster.metadata.RepositoryMetadata
3516:             3             96  org.opensearch.cluster.routing.WeightedRoutingService
3517:             4             96  org.opensearch.cluster.routing.allocation.decider.EnableAllocationDecider$Allocation
3518:             4             96  org.opensearch.cluster.routing.allocation.decider.EnableAllocationDecider$Rebalance
3519:             3             96  org.opensearch.common.breaker.ChildMemoryCircuitBreaker$LimitAndOverhead
3520:             4             96  org.opensearch.common.cache.policy.CachedQueryResult
3521:             4             96  org.opensearch.common.cache.policy.CachedQueryResult$PolicyValues
3522:             3             96  org.opensearch.common.inject.internal.Errors
3523:             4             96  org.opensearch.common.lifecycle.Lifecycle$State
3524:             4             96  org.opensearch.common.lucene.search.TopDocsAndMaxScore
3525:             2             96  org.opensearch.common.metrics.OperationStats
3526:             4             96  org.opensearch.common.path.PathTrie$TrieMatchingMode
3527:             4             96  org.opensearch.common.recycler.Recyclers$$Lambda/0x00007fcd28885010
3528:             4             96  org.opensearch.common.recycler.Recyclers$2
3529:             2             96  org.opensearch.common.settings.SecureSetting$InsecureStringSetting
3530:             3             96  org.opensearch.common.settings.Setting$AffixSetting$3
3531:             6             96  org.opensearch.common.util.concurrent.ConcurrentHashMapLong
3532:             3             96  org.opensearch.common.util.concurrent.ResizableBlockingQueue
3533:             1             96  org.opensearch.forecast.caching.ForecastPriorityCache
3534:             4             96  org.opensearch.forecast.model.ForecastTaskType
3535:             1             96  org.opensearch.forecast.task.ForecastTaskManager
3536:             1             96  org.opensearch.forecast.transport.ForecastResultTransportAction
3537:             3             96  org.opensearch.forecast.transport.SuggestName
3538:             3             96  org.opensearch.index.IndexSettings$IndexMergePolicy
3539:             6             96  org.opensearch.index.analysis.PreConfiguredTokenFilter$$Lambda/0x00007fcd2869e638
3540:             3             96  org.opensearch.index.codec.customcodecs.backward_codecs.Lucene95CustomCodec$Mode
3541:             3             96  org.opensearch.index.codec.customcodecs.backward_codecs.Lucene95CustomStoredFieldsFormat
3542:             6             96  org.opensearch.index.mapper.DateFieldMapper$DateFieldType$$Lambda/0x00007fcd292eea80
3543:             6             96  org.opensearch.index.mapper.DateFieldMapper$DateFieldType$$Lambda/0x00007fcd292f1d50
3544:             4             96  org.opensearch.index.mapper.MapperService$MergeReason
3545:             6             96  org.opensearch.index.mapper.RangeType$$Lambda/0x00007fcd2873d5e8
3546:             3             96  org.opensearch.index.search.MatchQuery$ZeroTermsQuery
3547:             4             96  org.opensearch.index.search.stats.ShardSearchStats$$Lambda/0x00007fcd293d9650
3548:             1             96  org.opensearch.index.seqno.RetentionLeaseSyncAction
3549:             4             96  org.opensearch.index.shard.IndexShard$ShardMigrationState
3550:             1             96  org.opensearch.indices.IndicesQueryCache$OpenSearchLRUQueryCache
3551:             4             96  org.opensearch.indices.IndicesRequestCache$CleanupKey
3552:             4             96  org.opensearch.indices.IndicesService$ShardDeletionCheckResult
3553:             1             96  org.opensearch.indices.cluster.IndicesClusterStateService
3554:             3             96  org.opensearch.ingest.geoip.DatabaseReaderLazyLoader
3555:             1             96  org.opensearch.jobscheduler.sweeper.JobSweeper
3556:             4             96  org.opensearch.knn.index.KNNMethod
3557:             3             96  org.opensearch.knn.index.util.KNNEngine
3558:             6             96  org.opensearch.knn.plugin.stats.suppliers.KNNInnerCacheStatsSupplier
3559:             6             96  org.opensearch.knn.plugin.stats.suppliers.NativeMemoryCacheManagerSupplier
3560:             1             96  org.opensearch.ml.action.deploy.TransportDeployModelOnNodeAction
3561:             1             96  org.opensearch.ml.action.syncup.TransportSyncUpOnNodeAction
3562:             2             96  org.opensearch.monitor.os.OsInfo
3563:             3             96  org.opensearch.node.remotestore.RemoteStoreNodeService$Direction
3564:             4             96  org.opensearch.observability.settings.PluginSettings$FilterBy
3565:             3             96  org.opensearch.painless.CompilerSettings$RegexEnabled
3566:             4             96  org.opensearch.performanceanalyzer.commons.metrics.MetricsConfiguration$MetricConfig
3567:             3             96  org.opensearch.performanceanalyzer.commons.stats.metrics.StatsType
3568:             3             96  org.opensearch.performanceanalyzer.commons.util.Util$CollectorMode
3569:             4             96  org.opensearch.plugins.SearchPlugin$SortSpec
3570:             3             96  org.opensearch.ratelimitting.admissioncontrol.enums.AdmissionControlActionType
3571:             3             96  org.opensearch.ratelimitting.admissioncontrol.enums.AdmissionControlMode
3572:             4             96  org.opensearch.reportsscheduler.util.HelpersKt$logger$1
3573:             2             96  org.opensearch.repositories.s3.async.AsyncTransferManager
3574:             6             96  org.opensearch.search.SearchModule$$Lambda/0x00007fcd2875cf50
3575:             6             96  org.opensearch.search.SearchModule$$Lambda/0x00007fcd2879bd90
3576:             1             96  org.opensearch.search.asynchronous.service.AsynchronousSearchService
3577:             6             96  org.opensearch.search.asynchronous.service.AsynchronousSearchService$$Lambda/0x00007fcd28af0ab8
3578:             6             96  org.opensearch.search.backpressure.SearchBackpressureService$$Lambda/0x00007fcd29234d18
3579:             6             96  org.opensearch.search.backpressure.SearchBackpressureService$$Lambda/0x00007fcd29234f68
3580:             3             96  org.opensearch.search.backpressure.settings.SearchBackpressureMode
3581:             4             96  org.opensearch.search.internal.ExitableDirectoryReader$ExitableIntersectVisitor
3582:             6             96  org.opensearch.security.dlic.rest.api.AbstractApiAction$1
3583:             1             96  org.opensearch.security.ssl.DefaultSecurityKeyStore
3584:             3             96  org.opensearch.security.support.Base64CustomHelper$CustomSerializationFormat
3585:             2             96  org.opensearch.securityanalytics.correlation.index.codec.CorrelationCodecVersion
3586:             1             96  org.opensearch.securityanalytics.transport.TransportCorrelateFindingAction
3587:             3             96  org.opensearch.securityanalytics.util.ThrowableCheckingPredicates
3588:             1             96  org.opensearch.snapshots.SnapshotsService
3589:             6             96  org.opensearch.sql.analysis.ExpressionAnalyzer
3590:             6             96  org.opensearch.sql.analysis.NamedExpressionAnalyzer
3591:             6             96  org.opensearch.sql.executor.execution.QueryPlanFactory
3592:             6             96  org.opensearch.sql.planner.Planner
3593:             6             96  org.opensearch.sql.planner.optimizer.LogicalPlanOptimizer
3594:             6             96  org.opensearch.sql.planner.optimizer.PushDownPageSize
3595:             6             96  org.opensearch.sql.spark.execution.session.DatasourceEmbeddedSessionIdProvider
3596:             4             96  org.opensearch.sql.spark.flint.OpenSearchIndexDMLResultStorageService
3597:             4             96  org.opensearch.sql.spark.leasemanager.DefaultLeaseManager
3598:             4             96  org.opensearch.sql.spark.leasemanager.DefaultLeaseManager$ConcurrentRefreshJobRule
3599:             4             96  org.opensearch.sql.spark.leasemanager.DefaultLeaseManager$ConcurrentSessionRule
3600:             3             96  org.opensearch.threadpool.AutoQueueAdjustingExecutorBuilder$$Lambda/0x00007fcd28535f90
3601:             1             96  org.opensearch.timeseries.TimeSeriesAnalyticsPlugin
3602:             6             96  org.opensearch.timeseries.ratelimit.BatchWorker$$Lambda/0x00007fcd28a11858
3603:             6             96  org.opensearch.timeseries.stats.suppliers.SettableSupplier
3604:             1             96  org.opensearch.timeseries.transport.CronTransportAction
3605:             2             96  org.opensearch.transport.nativeprotocol.NativeOutboundHandler
3606:             3             96  org.opensearch.watcher.ResourceWatcherService$Frequency
3607:             2             96  org.tartarus.snowball.ext.ArmenianStemmer
3608:             2             96  org.tartarus.snowball.ext.BasqueStemmer
3609:             2             96  org.tartarus.snowball.ext.CatalanStemmer
3610:             2             96  org.tartarus.snowball.ext.DanishStemmer
3611:             2             96  org.tartarus.snowball.ext.DutchStemmer
3612:             2             96  org.tartarus.snowball.ext.EnglishStemmer
3613:             2             96  org.tartarus.snowball.ext.EstonianStemmer
3614:             2             96  org.tartarus.snowball.ext.IrishStemmer
3615:             2             96  org.tartarus.snowball.ext.NorwegianStemmer
3616:             2             96  org.tartarus.snowball.ext.RussianStemmer
3617:             2             96  org.tartarus.snowball.ext.SwedishStemmer
3618:             3             96  org.yaml.snakeyaml.DumperOptions$FlowStyle
3619:             4             96  org.yaml.snakeyaml.nodes.NodeId
3620:             4             96  sun.invoke.util.VerifyAccess$1 (java.base@21.0.3)
3621:             4             96  sun.security.ssl.CipherType (java.base@21.0.3)
3622:             3             96  sun.security.ssl.ECPointFormatsExtension$ECPointFormat (java.base@21.0.3)
3623:             4             96  sun.security.ssl.EphemeralKeyManager (java.base@21.0.3)
3624:             3             96  sun.security.ssl.SSLTrafficKeyDerivation$KeySchedule (java.base@21.0.3)
3625:             3             96  sun.security.util.DisabledAlgorithmConstraints$DenyAfterConstraint (java.base@21.0.3)
3626:             4             96  sun.security.util.DisabledAlgorithmConstraints$UsageConstraint (java.base@21.0.3)
3627:             6             96  sun.security.util.math.intpoly.IntegerPolynomial$Limb (java.base@21.0.3)
3628:             2             96  sun.security.validator.PKIXValidator (java.base@21.0.3)
3629:             3             96  sun.security.x509.NetscapeCertTypeExtension (java.base@21.0.3)
3630:             3             96  sun.util.locale.UnicodeLocaleExtension (java.base@21.0.3)
3631:             2             88  [Lcom.fasterxml.jackson.databind.cfg.CoercionAction;
3632:             1             88  [Lio.protostuff.WireFormat$FieldType;
3633:             1             88  [Ljava.util.concurrent.ConcurrentMap; (java.base@21.0.3)
3634:             1             88  [Lorg.opensearch.security.dlic.rest.api.Endpoint;
3635:             1             88  [Lorg.opensearch.sql.data.type.ExprCoreType;
3636:             2             88  [Lsun.security.jca.ProviderConfig; (java.base@21.0.3)
3637:             1             88  [Lsun.security.ssl.CipherSuite$KeyExchange; (java.base@21.0.3)
3638:             1             88  com.fasterxml.jackson.databind.SerializationConfig
3639:             1             88  com.fasterxml.jackson.databind.deser.CreatorProperty
3640:             1             88  com.fasterxml.jackson.dataformat.smile.SmileFactory
3641:             1             88  com.google.gson.Gson
3642:             1             88  org.apache.lucene.codecs.lucene99.Lucene99PostingsFormat$IntBlockTermState
3643:             1             88  org.apache.lucene.search.LRUQueryCache
3644:             1             88  org.opensearch.ad.ml.ADCheckpointDao
3645:             1             88  org.opensearch.alerting.alerts.AlertIndices
3646:             1             88  org.opensearch.bootstrap.Bootstrap$5
3647:             1             88  org.opensearch.index.ShardIndexingPressureMemoryManager
3648:             1             88  org.opensearch.ml.action.deploy.TransportDeployModelAction
3649:             1             88  org.opensearch.performanceanalyzer.collectors.ClusterManagerServiceEventMetrics
3650:             1             88  org.opensearch.performanceanalyzer.collectors.telemetry.RTFThreadPoolMetricsCollector
3651:             1             88  org.opensearch.search.backpressure.settings.SearchShardTaskSettings
3652:             1             88  org.opensearch.search.backpressure.settings.SearchTaskSettings
3653:             1             88  org.opensearch.security.auth.BackendRegistry
3654:             2             80  [Lcom.fasterxml.jackson.annotation.JsonAutoDetect$Visibility;
3655:             3             80  [Lio.netty.util.concurrent.EventExecutor;
3656:             1             80  [Lio.netty.util.concurrent.EventExecutor;
3657:             2             80  [Lio.netty.util.internal.PriorityQueueNode;
3658:             2             80  [Ljava.lang.OutOfMemoryError; (java.base@21.0.3)
3659:             1             80  [Ljava.time.temporal.ChronoUnit; (java.base@21.0.3)
3660:             2             80  [Ljava.util.stream.StreamOpFlag$Type; (java.base@21.0.3)
3661:             5             80  [Lorg.apache.logging.log4j.core.appender.rolling.action.Action;
3662:             1             80  [Lorg.bouncycastle.jcajce.provider.asymmetric.compositesignatures.CompositeSignaturesConstants$CompositeName;
3663:             2             80  [Lorg.greenrobot.eventbus.ThreadMode;
3664:             2             80  [Lorg.opensearch.ad.indices.ADIndex;
3665:             2             80  [Lorg.opensearch.cluster.block.ClusterBlockLevel;
3666:             2             80  [Lorg.opensearch.cluster.routing.Preference;
3667:             1             80  [Lorg.opensearch.cluster.routing.UnassignedInfo$Reason;
3668:             2             80  [Lorg.opensearch.common.Priority;
3669:             2             80  [Lorg.opensearch.forecast.indices.ForecastIndex;
3670:             2             80  [Lorg.opensearch.indices.recovery.RecoveryState$Stage;
3671:             1             80  [Lorg.opensearch.knn.plugin.stats.KNNCounter;
3672:             1             80  [Lorg.opensearch.ml.common.model.MLModelState;
3673:             2             80  [Lorg.opensearch.ml.stats.MLNodeLevelStat;
3674:             1             80  [Lorg.opensearch.search.fetch.FetchSubPhase;
3675:             1             80  [Lorg.opensearch.sql.common.setting.LegacySettings$Key;
3676:             2             80  [Lorg.opensearch.transport.TransportRequestOptions$Type;
3677:             1             80  [Lsun.security.ssl.SSLCipher; (java.base@21.0.3)
3678:             2             80  [Lsun.util.calendar.Era; (java.base@21.0.3)
3679:             2             80  [Lsun.util.locale.provider.LocaleProviderAdapter$Type; (java.base@21.0.3)
3680:             2             80  [[Ljava.lang.invoke.MethodHandle; (java.base@21.0.3)
3681:             1             80  com.amazon.dlic.auth.http.jwt.keybyoidc.SelfRefreshingKeySet
3682:             5             80  com.fasterxml.jackson.core.util.JacksonFeatureSet
3683:             1             80  com.fasterxml.jackson.databind.MappingJsonFactory
3684:             2             80  com.fasterxml.jackson.databind.deser.std.NumberDeserializers$BooleanDeserializer
3685:             2             80  com.fasterxml.jackson.databind.deser.std.NumberDeserializers$IntegerDeserializer
3686:             5             80  com.fasterxml.jackson.databind.introspect.BasicClassIntrospector
3687:             5             80  com.fasterxml.jackson.databind.jsontype.impl.StdSubtypeResolver
3688:             5             80  com.fasterxml.jackson.databind.util.RootNameLookup
3689:             2             80  com.google.common.cache.AbstractCache$SimpleStatsCounter
3690:             1             80  com.google.common.cache.LocalCache$Segment
3691:             2             80  com.google.common.collect.Multimaps$UnmodifiableMultimap
3692:             5             80  com.google.common.collect.RegularImmutableList
3693:             5             80  com.google.common.collect.SingletonImmutableList
3694:             2             80  com.sun.jmx.mbeanserver.DefaultMXBeanMappingFactory$TabularMapping (java.management@21.0.3)
3695:             2             80  com.sun.jna.Library$Handler$FunctionInfo
3696:             2             80  io.netty.bootstrap.ServerBootstrap$ServerBootstrapAcceptor
3697:             2             80  io.netty.channel.nio.AbstractNioMessageChannel$NioMessageUnsafe
3698:             5             80  io.netty.util.internal.ObjectPool$RecyclerObjectPool
3699:             2             80  java.io.BufferedOutputStream (java.base@21.0.3)
3700:             2             80  java.io.FileNotFoundException (java.base@21.0.3)
3701:             2             80  java.io.PrintWriter (java.base@21.0.3)
3702:             2             80  java.io.StringReader (java.base@21.0.3)
3703:             2             80  java.lang.ModuleLayer (java.base@21.0.3)
3704:             2             80  java.lang.UnsatisfiedLinkError (java.base@21.0.3)
3705:             2             80  java.lang.invoke.BoundMethodHandle$Species_LI (java.base@21.0.3)
3706:             2             80  java.lang.invoke.VarHandleLongs$FieldInstanceReadWrite (java.base@21.0.3)
3707:             2             80  java.lang.module.Configuration (java.base@21.0.3)
3708:             2             80  java.lang.ref.NativeReferenceQueue (java.base@21.0.3)
3709:             5             80  java.nio.channels.FileChannel$MapMode (java.base@21.0.3)
3710:             2             80  java.security.AccessControlException (java.base@21.0.3)
3711:             2             80  java.security.cert.TrustAnchor (java.base@21.0.3)
3712:             2             80  java.time.temporal.WeekFields (java.base@21.0.3)
3713:             2             80  java.time.zone.ZoneRules (java.base@21.0.3)
3714:             5             80  java.util.EnumMap$Values (java.base@21.0.3)
3715:             5             80  java.util.IdentityHashMap$Values (java.base@21.0.3)
3716:             5             80  java.util.concurrent.Executors$AutoShutdownDelegatedExecutorService$$Lambda/0x00007fcd284e5660 (java.base@21.0.3)
3717:             2             80  java.util.concurrent.PriorityBlockingQueue (java.base@21.0.3)
3718:             1             80  jdk.internal.event.X509CertificateEvent (java.base@21.0.3)
3719:             1             80  jdk.internal.icu.impl.NormalizerImpl (java.base@21.0.3)
3720:             2             80  jdk.internal.math.FloatingDecimal$BinaryToASCIIBuffer (java.base@21.0.3)
3721:             2             80  jdk.internal.misc.ScopedMemoryAccess$ScopedAccessError (java.base@21.0.3)
3722:             5             80  jdk.internal.module.ServicesCatalog (java.base@21.0.3)
3723:             5             80  jdk.proxy2.$Proxy13 (jdk.proxy2)
3724:             5             80  jdk.proxy2.$Proxy15 (jdk.proxy2)
3725:             5             80  jdk.proxy2.$Proxy2 (jdk.proxy2)
3726:             5             80  jdk.proxy4.$Proxy52 (jdk.proxy4)
3727:             5             80  jdk.proxy8.$Proxy39 (jdk.proxy8)
3728:             2             80  joptsimple.RequiredArgumentOptionSpec
3729:             2             80  kotlinx.coroutines.internal.LockFreeTaskQueueCore
3730:             2             80  kotlinx.coroutines.internal.LockFreeTaskQueueCore
3731:             2             80  kotlinx.coroutines.internal.LockFreeTaskQueueCore
3732:             2             80  kotlinx.coroutines.internal.LockFreeTaskQueueCore
3733:             5             80  kotlinx.coroutines.internal.Symbol
3734:             5             80  org.apache.logging.log4j.core.config.DefaultReliabilityStrategy
3735:             5             80  org.apache.logging.log4j.core.lookup.ContextMapLookup
3736:             5             80  org.apache.logging.log4j.core.lookup.DateLookup
3737:             5             80  org.apache.logging.log4j.core.lookup.EnvironmentLookup
3738:             5             80  org.apache.logging.log4j.core.lookup.EventLookup
3739:             5             80  org.apache.logging.log4j.core.lookup.JavaLookup
3740:             5             80  org.apache.logging.log4j.core.lookup.Log4jLookup
3741:             5             80  org.apache.logging.log4j.core.lookup.LowerLookup
3742:             5             80  org.apache.logging.log4j.core.lookup.MainMapLookup
3743:             5             80  org.apache.logging.log4j.core.lookup.MarkerLookup
3744:             5             80  org.apache.logging.log4j.core.lookup.ResourceBundleLookup
3745:             5             80  org.apache.logging.log4j.core.lookup.StrMatcher$CharMatcher
3746:             5             80  org.apache.logging.log4j.core.lookup.StructuredDataLookup
3747:             5             80  org.apache.logging.log4j.core.lookup.UpperLookup
3748:             2             80  org.apache.logging.log4j.core.util.datetime.FastDateParser
3749:             5             80  org.apache.logging.log4j.core.util.datetime.FastDateParser$CopyQuotedStrategy
3750:             5             80  org.apache.logging.log4j.core.util.datetime.FastDatePrinter$CharacterLiteral
3751:             2             80  org.apache.lucene.analysis.cjk.CJKWidthFilter
3752:             2             80  org.apache.lucene.analysis.ckb.SoraniNormalizationFilter
3753:             2             80  org.apache.lucene.analysis.classic.ClassicFilter
3754:             2             80  org.apache.lucene.analysis.de.GermanNormalizationFilter
3755:             2             80  org.apache.lucene.analysis.el.GreekLowerCaseFilter
3756:             2             80  org.apache.lucene.analysis.en.PorterStemmer
3757:             2             80  org.apache.lucene.analysis.fa.PersianNormalizationFilter
3758:             2             80  org.apache.lucene.analysis.ga.IrishLowerCaseFilter
3759:             2             80  org.apache.lucene.analysis.tr.ApostropheFilter
3760:             2             80  org.apache.lucene.analysis.tr.TurkishLowerCaseFilter
3761:             5             80  org.apache.lucene.backward_codecs.lucene80.Lucene80NormsFormat
3762:             5             80  org.apache.lucene.backward_codecs.lucene84.Lucene84PostingsFormat
3763:             5             80  org.apache.lucene.backward_codecs.lucene90.Lucene90FieldInfosFormat
3764:             2             80  org.apache.lucene.queryparser.charstream.FastCharStream
3765:             5             80  org.apache.lucene.search.BooleanQuery$$Lambda/0x00007fcd292d8000
3766:             5             80  org.apache.lucene.search.BooleanQuery$$Lambda/0x00007fcd292d8460
3767:             5             80  org.bouncycastle.pqc.jcajce.provider.cmce.CMCEKeyFactorySpi
3768:             5             80  org.bouncycastle.pqc.jcajce.provider.ntru.NTRUKeyFactorySpi
3769:             2             80  org.greenrobot.eventbus.EventBusBuilder
3770:             2             80  org.locationtech.spatial4j.io.SupportedFormats
3771:             1             80  org.opensearch.action.ActionModule
3772:             5             80  org.opensearch.action.ActionRunnable$$Lambda/0x00007fcd291c21a8
3773:             2             80  org.opensearch.action.admin.cluster.stats.ClusterStatsNodeResponse
3774:             2             80  org.opensearch.action.admin.cluster.stats.ClusterStatsRequest
3775:             1             80  org.opensearch.action.admin.indices.close.TransportVerifyShardBeforeCloseAction
3776:             1             80  org.opensearch.action.admin.indices.flush.TransportShardFlushAction
3777:             1             80  org.opensearch.action.admin.indices.readonly.TransportVerifyShardIndexBlockAction
3778:             1             80  org.opensearch.action.admin.indices.refresh.TransportShardRefreshAction
3779:             1             80  org.opensearch.action.bulk.TransportBulkAction
3780:             1             80  org.opensearch.ad.ml.ADModelManager
3781:             1             80  org.opensearch.ad.transport.ADSingleStreamResultTransportAction
3782:             1             80  org.opensearch.ad.transport.AnomalyDetectorJobTransportAction
3783:             1             80  org.opensearch.ad.transport.DeleteADModelTransportAction
3784:             1             80  org.opensearch.ad.transport.EntityADResultTransportAction
3785:             1             80  org.opensearch.alerting.transport.TransportIndexMonitorAction
3786:             1             80  org.opensearch.alerting.transport.TransportIndexWorkflowAction
3787:             2             80  org.opensearch.cluster.decommission.DecommissionService
3788:             1             80  org.opensearch.cluster.metadata.MetadataCreateIndexService
3789:             5             80  org.opensearch.common.lease.Releasables$$Lambda/0x00007fcd292dd430
3790:             5             80  org.opensearch.common.settings.Setting$$Lambda/0x00007fcd2848de90
3791:             5             80  org.opensearch.common.settings.Setting$$Lambda/0x00007fcd2854df60
3792:             5             80  org.opensearch.common.settings.Setting$$Lambda/0x00007fcd2854e630
3793:             5             80  org.opensearch.core.tasks.resourcetracker.ResourceUsageInfo
3794:             1             80  org.opensearch.forecast.transport.EntityForecastResultTransportAction
3795:             1             80  org.opensearch.forecast.transport.ForecastSingleStreamResultTransportAction
3796:             1             80  org.opensearch.forecast.transport.ForecasterJobTransportAction
3797:             5             80  org.opensearch.index.IndexService$$Lambda/0x00007fcd292f7000
3798:             1             80  org.opensearch.index.ShardIndexingPressure
3799:             2             80  org.opensearch.index.mapper.NestedPathFieldMapper$NestedPathFieldType
3800:             5             80  org.opensearch.index.query.QueryShardContext$$Lambda/0x00007fcd292edcc0
3801:             5             80  org.opensearch.index.search.stats.ShardSearchStats$$Lambda/0x00007fcd292fea90
3802:             1             80  org.opensearch.index.seqno.GlobalCheckpointSyncAction
3803:             1             80  org.opensearch.index.seqno.RetentionLeaseBackgroundSyncAction
3804:             5             80  org.opensearch.index.shard.IndexShard$$Lambda/0x00007fcd29205be0
3805:             5             80  org.opensearch.index.shard.IndexShard$NonClosingReaderWrapper$1
3806:             2             80  org.opensearch.indexmanagement.indexstatemanagement.PluginVersionSweepCoordinator$initBackgroundSweepISMPluginVersionExecution$scheduledJob$1$1
3807:             1             80  org.opensearch.indexmanagement.indexstatemanagement.migration.ISMTemplateService
3808:             5             80  org.opensearch.indices.IndicesService$$Lambda/0x00007fcd292f8800
3809:             5             80  org.opensearch.indices.IndicesService$IndexShardCacheEntity
3810:             1             80  org.opensearch.indices.replication.checkpoint.PublishCheckpointAction
3811:             1             80  org.opensearch.ml.action.controller.DeployControllerTransportAction
3812:             1             80  org.opensearch.ml.action.controller.UndeployControllerTransportAction
3813:             1             80  org.opensearch.ml.action.undeploy.TransportUndeployModelsAction
3814:             1             80  org.opensearch.ml.action.update_cache.UpdateModelCacheTransportAction
3815:             1             80  org.opensearch.ml.model.MLModelManager
3816:             2             80  org.opensearch.monitor.os.OsService$OsStatsCache
3817:             5             80  org.opensearch.neuralsearch.search.query.HybridAggregationProcessor
3818:             1             80  org.opensearch.performanceanalyzer.collectors.telemetry.RTFDisksCollector
3819:             1             80  org.opensearch.performanceanalyzer.collectors.telemetry.RTFHeapMetricsCollector
3820:             2             80  org.opensearch.replication.repository.RemoteClusterRestoreLeaderService
3821:             1             80  org.opensearch.repositories.s3.S3ClientSettings
3822:             5             80  org.opensearch.search.DefaultSearchContext$$Lambda/0x00007fcd292fc000
3823:             5             80  org.opensearch.search.SearchService$$Lambda/0x00007fcd29205120
3824:             5             80  org.opensearch.search.SearchService$$Lambda/0x00007fcd292ce8b0
3825:             5             80  org.opensearch.search.SearchService$$Lambda/0x00007fcd292d57d0
3826:             5             80  org.opensearch.search.SearchService$$Lambda/0x00007fcd2933b8a0
3827:             5             80  org.opensearch.search.SearchService$$Lambda/0x00007fcd2933ed78
3828:             5             80  org.opensearch.search.aggregations.DefaultAggregationProcessor
3829:             5             80  org.opensearch.search.aggregations.NonGlobalAggCollectorManagerWithSingleCollector$$Lambda/0x00007fcd292de9f8
3830:             5             80  org.opensearch.search.aggregations.bucket.histogram.DateHistogramAggregator$$Lambda/0x00007fcd293d3d38
3831:             5             80  org.opensearch.search.aggregations.bucket.histogram.DateHistogramAggregator$$Lambda/0x00007fcd293d61f8
3832:             5             80  org.opensearch.search.aggregations.bucket.terms.LongKeyedBucketOrds$FromSingle
3833:             5             80  org.opensearch.search.aggregations.support.ValuesSource$Numeric$FieldData
3834:             5             80  org.opensearch.search.internal.ContextIndexSearcher$MutableQueryTimeout
3835:             5             80  org.opensearch.search.internal.ExitableDirectoryReader$1
3836:             5             80  org.opensearch.search.internal.ReaderContext$$Lambda/0x00007fcd29342d80
3837:             5             80  org.opensearch.search.internal.ShardSearchRequest$$Lambda/0x00007fcd292f37d8
3838:             5             80  org.opensearch.search.query.QueryPhase$$Lambda/0x00007fcd29337800
3839:             5             80  org.opensearch.search.query.QueryPhase$$Lambda/0x00007fcd293c6660
3840:             1             80  org.opensearch.security.configuration.ConfigurationRepository
3841:             5             80  org.opensearch.security.dlic.rest.api.AbstractApiAction$$Lambda/0x00007fcd28fe5ac8
3842:             1             80  org.opensearch.security.privileges.PrivilegesEvaluator
3843:             2             80  org.opensearch.security.securityconf.impl.v7.ConfigV7$Kibana
3844:             5             80  org.opensearch.security.support.WildcardMatcher$MatcherCombiner$$Lambda/0x00007fcd29381900
3845:             1             80  org.opensearch.securityanalytics.transport.TransportDeleteDetectorAction
3846:             5             80  org.opensearch.sql.spark.execution.xcontent.FlintIndexStateModelXContentSerializer
3847:             5             80  org.opensearch.tasks.TaskManager$$Lambda/0x00007fcd292e2678
3848:             1             80  org.opensearch.threadpool.Scheduler$SafeScheduledThreadPoolExecutor
3849:             1             80  org.opensearch.timeseries.cluster.HashRing
3850:             2             80  org.opensearch.timeseries.rest.RestValidateAction
3851:             2             80  org.tartarus.snowball.ext.HungarianStemmer
3852:             2             80  org.tartarus.snowball.ext.LithuanianStemmer
3853:             2             80  org.tartarus.snowball.ext.TurkishStemmer
3854:             2             80  sun.management.MemoryManagerImpl (java.management@21.0.3)
3855:             2             80  sun.nio.ch.ServerSocketAdaptor (java.base@21.0.3)
3856:             2             80  sun.security.ec.XECParameters (jdk.crypto.ec@21.0.3)
3857:             2             80  sun.security.rsa.RSAUtil$KeyType (java.base@21.0.3)
3858:             5             80  sun.security.ssl.SSLCipher$T10BlockReadCipherGenerator (java.base@21.0.3)
3859:             5             80  sun.security.ssl.SSLCipher$T10BlockWriteCipherGenerator (java.base@21.0.3)
3860:             5             80  sun.text.SupplementaryCharacterData (java.base@21.0.3)
3861:             1             80  sun.util.locale.provider.JRELocaleProviderAdapter (java.base@21.0.3)
3862:             1             72  [Lcom.fasterxml.jackson.core.JsonGenerator$Feature;
3863:             1             72  [Lcom.fasterxml.jackson.core.JsonToken;
3864:             1             72  [Lcom.fasterxml.jackson.core.json.JsonReadFeature;
3865:             1             72  [Lcom.fasterxml.jackson.databind.type.LogicalType;
3866:             1             72  [Lcom.fasterxml.jackson.databind.type.LogicalType;
3867:             1             72  [Lcom.fasterxml.jackson.databind.type.LogicalType;
3868:             1             72  [Ljavax.management.openmbean.SimpleType; (java.management@21.0.3)
3869:             3             72  [Lorg.apache.lucene.search.LeafCollector;
3870:             1             72  com.amazon.dlic.auth.http.jwt.keybyoidc.KeySetRetriever
3871:             3             72  com.fasterxml.jackson.annotation.OptBoolean
3872:             3             72  com.fasterxml.jackson.core.Base64Variant$PaddingReadBehaviour
3873:             1             72  com.fasterxml.jackson.core.util.InternCache
3874:             1             72  com.fasterxml.jackson.databind.ObjectMapper
3875:             3             72  com.fasterxml.jackson.databind.PropertyName
3876:             3             72  com.fasterxml.jackson.databind.PropertyName
3877:             3             72  com.fasterxml.jackson.databind.annotation.JsonSerialize$Typing
3878:             1             72  com.fasterxml.jackson.databind.deser.DefaultDeserializationContext$Impl
3879:             1             72  com.fasterxml.jackson.databind.ser.DefaultSerializerProvider$Impl
3880:             3             72  com.fasterxml.jackson.databind.ser.std.NumberSerializer
3881:             3             72  com.fasterxml.jackson.databind.ser.std.NumberSerializer
3882:             3             72  com.fasterxml.jackson.databind.ser.std.NumberSerializer
3883:             3             72  com.fasterxml.jackson.databind.util.AccessPattern
3884:             3             72  com.google.common.collect.AbstractMapBasedMultimap$KeySet
3885:             3             72  com.google.common.collect.ImmutableMapEntry$NonTerminalImmutableMapEntry
3886:             3             72  com.sun.jna.NativeLibrary$NativeLibraryDisposer
3887:             3             72  com.sun.jna.StructureReadContext
3888:             3             72  io.netty.handler.ssl.ApplicationProtocolConfig$SelectedListenerFailureBehavior
3889:             3             72  io.netty.handler.ssl.ApplicationProtocolConfig$SelectorFailureBehavior
3890:             3             72  io.netty.handler.ssl.ClientAuth
3891:             3             72  io.netty.handler.ssl.SslProvider
3892:             3             72  io.netty.util.concurrent.DefaultEventExecutorChooserFactory$PowerOfTwoEventExecutorChooser
3893:             3             72  io.protostuff.runtime.ArraySchemas$BoolArray$1
3894:             3             72  io.protostuff.runtime.ArraySchemas$CharArray$1
3895:             3             72  io.protostuff.runtime.ArraySchemas$FloatArray$1
3896:             3             72  io.protostuff.runtime.ArraySchemas$Int32Array$1
3897:             3             72  io.protostuff.runtime.ArraySchemas$Int64Array$1
3898:             3             72  io.protostuff.runtime.ArraySchemas$ShortArray$1
3899:             3             72  java.lang.ProcessImpl$LaunchMechanism (java.base@21.0.3)
3900:             3             72  java.lang.StackStreamFactory$WalkerState (java.base@21.0.3)
3901:             3             72  java.lang.StackWalker$Option (java.base@21.0.3)
3902:             3             72  java.lang.WeakPairMap (java.base@21.0.3)
3903:             3             72  java.lang.annotation.RetentionPolicy (java.base@21.0.3)
3904:             3             72  java.lang.invoke.MethodHandleImpl$ArrayAccess (java.base@21.0.3)
3905:             3             72  java.net.StandardProtocolFamily (java.base@21.0.3)
3906:             3             72  java.nio.file.AccessMode (java.base@21.0.3)
3907:             3             72  java.nio.file.FileTreeWalker$EventType (java.base@21.0.3)
3908:             3             72  java.nio.file.StandardCopyOption (java.base@21.0.3)
3909:             3             72  java.security.CodeSigner (java.base@21.0.3)
3910:             3             72  java.security.Timestamp (java.base@21.0.3)
3911:             3             72  java.security.cert.CertificateFactory (java.base@21.0.3)
3912:             3             72  java.time.format.DateTimeTextProvider$LocaleStore (java.base@21.0.3)
3913:             3             72  java.time.format.ResolverStyle (java.base@21.0.3)
3914:             3             72  java.time.zone.ZoneOffsetTransitionRule$TimeDefinition (java.base@21.0.3)
3915:             3             72  java.util.Base64$Encoder (java.base@21.0.3)
3916:             3             72  java.util.concurrent.ConcurrentLinkedDeque$Node (java.base@21.0.3)
3917:             3             72  java.util.concurrent.atomic.AtomicMarkableReference$Pair (java.base@21.0.3)
3918:             3             72  java.util.logging.LoggingPermission (java.logging@21.0.3)
3919:             3             72  java.util.stream.Collector$Characteristics (java.base@21.0.3)
3920:             3             72  java.util.stream.Collectors$$Lambda/0x00007fcd282fc188 (java.base@21.0.3)
3921:             3             72  java.util.zip.ZipCoder$Comparison (java.base@21.0.3)
3922:             3             72  jdk.internal.icu.util.CodePointTrie$ValueWidth (java.base@21.0.3)
3923:             3             72  jdk.internal.math.FloatingDecimal$ExceptionalBinaryToASCIIBuffer (java.base@21.0.3)
3924:             3             72  jdk.internal.misc.Signal (java.base@21.0.3)
3925:             3             72  kotlin.SynchronizedLazyImpl
3926:             3             72  kotlin.annotation.AnnotationRetention
3927:             3             72  kotlin.annotation.AnnotationRetention
3928:             3             72  kotlin.coroutines.intrinsics.CoroutineSingletons
3929:             3             72  kotlinx.coroutines.CoroutineName
3930:             1             72  kotlinx.coroutines.scheduling.CoroutineScheduler
3931:             3             72  org.apache.commons.lang3.tuple.ImmutablePair
3932:             3             72  org.apache.commons.pool2.impl.BaseGenericObjectPool$StatsStore
3933:             3             72  org.apache.logging.log4j.core.util.DummyNanoClock
3934:             3             72  org.apache.lucene.analysis.cjk.CJKAnalyzer
3935:             3             72  org.apache.lucene.analysis.core.KeywordAnalyzer
3936:             3             72  org.apache.lucene.analysis.core.WhitespaceAnalyzer
3937:             3             72  org.apache.lucene.analysis.el.GreekAnalyzer
3938:             3             72  org.apache.lucene.analysis.fa.PersianAnalyzer
3939:             3             72  org.apache.lucene.analysis.miscellaneous.StemmerOverrideFilter$StemmerOverrideMap
3940:             3             72  org.apache.lucene.analysis.th.ThaiAnalyzer
3941:             1             72  org.apache.lucene.backward_codecs.lucene90.Lucene90Codec
3942:             3             72  org.apache.lucene.codecs.lucene90.compressing.Lucene90CompressingStoredFieldsWriter$MergeStrategy
3943:             3             72  org.apache.lucene.index.IndexWriterConfig$OpenMode
3944:             3             72  org.apache.lucene.index.MergePolicy$OneMergeProgress$PauseReason
3945:             3             72  org.apache.lucene.index.PointValues$Relation
3946:             3             72  org.apache.lucene.index.StoredFieldVisitor$Status
3947:             3             72  org.apache.lucene.index.TermsEnum$SeekStatus
3948:             3             72  org.apache.lucene.index.TieredMergePolicy$MERGE_TYPE
3949:             1             72  org.apache.lucene.queryparser.classic.QueryParserTokenManager
3950:             3             72  org.apache.lucene.search.MultiCollector$MultiLeafCollector
3951:             3             72  org.apache.lucene.search.Pruning
3952:             3             72  org.apache.lucene.search.suggest.document.CompletionPostingsFormat$FSTLoadMode
3953:             3             72  org.apache.lucene.util.NamedSPILoader
3954:             3             72  org.apache.lucene.util.fst.FST$INPUT_TYPE
3955:             3             72  org.bouncycastle.crypto.CryptoServicesRegistrar$Property
3956:             1             72  org.greenrobot.eventbus.EventBus
3957:             3             72  org.jcodings.util.CaseInsensitiveBytesHash
3958:             3             72  org.joni.ast.CClassNode$CCVALTYPE
3959:             3             72  org.locationtech.spatial4j.context.jts.DatelineRule
3960:             1             72  org.opensearch.action.admin.cluster.allocation.TransportClusterAllocationExplainAction
3961:             1             72  org.opensearch.action.admin.cluster.node.usage.TransportNodesUsageAction
3962:             1             72  org.opensearch.action.admin.indices.segments.TransportPitSegmentsAction
3963:             3             72  org.opensearch.action.support.IndicesOptions$WildcardStates
3964:             3             72  org.opensearch.action.support.replication.ReplicationMode
3965:             1             72  org.opensearch.action.update.TransportUpdateAction
3966:             1             72  org.opensearch.ad.task.ADTaskCacheManager
3967:             1             72  org.opensearch.ad.transport.DeleteAnomalyDetectorTransportAction
3968:             1             72  org.opensearch.ad.transport.IndexAnomalyDetectorTransportAction
3969:             1             72  org.opensearch.alerting.transport.TransportIndexAlertingCommentAction
3970:             1             72  org.opensearch.bootstrap.JNACLibrary$Rlimit
3971:             3             72  org.opensearch.cli.Terminal$Verbosity
3972:             3             72  org.opensearch.cluster.NodeConnectionsService$ActivityType
3973:             1             72  org.opensearch.cluster.coordination.Coordinator$CoordinatorPeerFinder
3974:             3             72  org.opensearch.cluster.coordination.Coordinator$Mode
3975:             3             72  org.opensearch.cluster.coordination.NodeRemovalClusterStateTaskExecutor
3976:             3             72  org.opensearch.cluster.metadata.DiffableStringMap
3977:             3             72  org.opensearch.cluster.metadata.Metadata$XContentContext
3978:             3             72  org.opensearch.cluster.routing.ShardMovementStrategy
3979:             3             72  org.opensearch.cluster.routing.allocation.decider.ClusterRebalanceAllocationDecider$ClusterRebalanceType
3980:             1             72  org.opensearch.cluster.service.ClusterApplierService
3981:             3             72  org.opensearch.common.cache.Cache$State
3982:             3             72  org.opensearch.common.inject.ConstructorInjectorStore
3983:             3             72  org.opensearch.common.inject.ConstructorInjectorStore$1
3984:             3             72  org.opensearch.common.inject.Initializer
3985:             3             72  org.opensearch.common.inject.MembersInjectorStore
3986:             3             72  org.opensearch.common.inject.MembersInjectorStore$1
3987:             3             72  org.opensearch.common.inject.Stage
3988:             3             72  org.opensearch.common.inject.TypeConverterBindingProcessor
3989:             3             72  org.opensearch.common.metrics.OperationMetrics
3990:             3             72  org.opensearch.common.settings.KeyStoreWrapper$Entry
3991:             3             72  org.opensearch.common.util.concurrent.OpenSearchExecutors$$Lambda/0x00007fcd2853f3e8
3992:             3             72  org.opensearch.core.common.breaker.CircuitBreaker$Type
3993:             1             72  org.opensearch.forecast.transport.DeleteForecastModelTransportAction
3994:             1             72  org.opensearch.forecast.transport.DeleteForecasterTransportAction
3995:             1             72  org.opensearch.forecast.transport.IndexForecasterTransportAction
3996:             1             72  org.opensearch.gateway.GatewayService
3997:             1             72  org.opensearch.gateway.TransportNodesListGatewayStartedShards
3998:             1             72  org.opensearch.gateway.TransportNodesListGatewayStartedShardsBatch
3999:             3             72  org.opensearch.index.analysis.AnalyzerScope
4000:             3             72  org.opensearch.index.codec.customcodecs.backward_codecs.Lucene95CustomStoredFieldsFormat$1
4001:             3             72  org.opensearch.index.codec.customcodecs.backward_codecs.Lucene95CustomStoredFieldsFormat$2
4002:             3             72  org.opensearch.index.engine.Engine$Result$Type
4003:             3             72  org.opensearch.index.mapper.MappedFieldType$Relation
4004:             3             72  org.opensearch.index.mapper.ObjectMapper$Dynamic
4005:             3             72  org.opensearch.indexmanagement.indexstatemanagement.util.MetadataCheck
4006:             3             72  org.opensearch.indices.analysis.PreBuiltCacheFactory$CachingStrategy
4007:             1             72  org.opensearch.indices.breaker.HierarchyCircuitBreakerService$G1OverLimitStrategy
4008:             3             72  org.opensearch.indices.recovery.MultiChunkTransfer$Status
4009:             1             72  org.opensearch.indices.recovery.RecoverySettings
4010:             3             72  org.opensearch.ingest.geoip.IngestGeoIpPlugin$$Lambda/0x00007fcd288cc778
4011:             3             72  org.opensearch.jobscheduler.spi.utils.LockService
4012:             1             72  org.opensearch.ml.action.prediction.TransportPredictionTaskAction
4013:             1             72  org.opensearch.ml.action.profile.MLProfileTransportAction
4014:             1             72  org.opensearch.ml.action.stats.MLStatsNodesTransportAction
4015:             1             72  org.opensearch.ml.action.undeploy.TransportUndeployModelAction
4016:             3             72  org.opensearch.ml.breaker.BreakerName
4017:             1             72  org.opensearch.ml.task.MLPredictTaskRunner
4018:             3             72  org.opensearch.monitor.jvm.JvmGcMonitorService$JvmMonitor$Threshold
4019:             1             72  org.opensearch.performanceanalyzer.collectors.NodeStatsAllShardsMetricsCollector
4020:             3             72  org.opensearch.performanceanalyzer.commons.collectors.PerformanceAnalyzerMetricsCollector$State
4021:             1             72  org.opensearch.performanceanalyzer.commons.collectors.StatsCollector
4022:             3             72  org.opensearch.performanceanalyzer.config.setting.ClusterSettingsManager$$Lambda/0x00007fcd291cc000
4023:             1             72  org.opensearch.replication.action.index.TransportReplicateIndexClusterManagerNodeAction
4024:             1             72  org.opensearch.replication.action.stats.TransportFollowerStatsAction
4025:             1             72  org.opensearch.replication.action.stats.TransportLeaderStatsAction
4026:             3             72  org.opensearch.repositories.s3.async.AsyncExecutorContainer
4027:             3             72  org.opensearch.repositories.s3.async.AsyncTransferEventLoopGroup
4028:             1             72  org.opensearch.search.pipeline.SearchPipelineService
4029:             1             72  org.opensearch.security.action.configupdate.TransportConfigUpdateAction
4030:             3             72  org.opensearch.security.auditlog.AuditLog$Origin
4031:             1             72  org.opensearch.security.auditlog.impl.AuditLogImpl
4032:             3             72  org.opensearch.security.configuration.DlsFlsValveImpl$Mode
4033:             3             72  org.opensearch.security.privileges.PrivilegesInterceptor$ReplaceResult
4034:             1             72  org.opensearch.security.securityconf.DynamicConfigModelV7
4035:             3             72  org.opensearch.security.securityconf.impl.WhitelistingSettings
4036:             3             72  org.opensearch.security.support.ConfigConstants$RolesMappingResolution
4037:             1             72  org.opensearch.securityanalytics.transport.TransportIndexCustomLogTypeAction
4038:             3             72  org.opensearch.sql.legacy.metrics.GaugeMetric
4039:             1             72  org.opensearch.tasks.TaskManager
4040:             3             72  org.opensearch.telemetry.tracing.SpanKind
4041:             3             72  org.opensearch.threadpool.AutoQueueAdjustingExecutorBuilder$1
4042:             3             72  org.opensearch.threadpool.AutoQueueAdjustingExecutorBuilder$2
4043:             3             72  org.opensearch.timeseries.MemoryTracker$Origin
4044:             1             72  org.opensearch.timeseries.ml.MemoryAwareConcurrentHashmap
4045:             3             72  org.opensearch.timeseries.stats.StatType
4046:             3             72  org.opensearch.transport.netty4.ssl.SecureConnectionTestUtil$SSLConnectionTestResult
4047:             3             72  org.opensearch.watcher.ResourceWatcherService$ResourceMonitor
4048:             3             72  org.yaml.snakeyaml.comments.CommentType
4049:             3             72  sun.management.ManagementFactoryHelper$1 (java.management@21.0.3)
4050:             3             72  sun.security.provider.DSAParameters (java.base@21.0.3)
4051:             3             72  sun.security.provider.NativePRNG$Variant (java.base@21.0.3)
4052:             3             72  sun.security.ssl.ClientAuthType (java.base@21.0.3)
4053:             3             72  sun.security.ssl.SunX509KeyManagerImpl (java.base@21.0.3)
4054:             3             72  sun.security.ssl.SunX509KeyManagerImpl$X509Credentials (java.base@21.0.3)
4055:             3             72  sun.util.locale.LocaleExtensions (java.base@21.0.3)
4056:             3             72  sun.util.resources.ParallelListResourceBundle$KeySet (java.base@21.0.3)
4057:             2             64  [Lcom.fasterxml.jackson.annotation.JsonCreator$Mode;
4058:             1             64  [Lcom.fasterxml.jackson.annotation.JsonFormat$Feature;
4059:             1             64  [Lcom.fasterxml.jackson.annotation.JsonFormat$Shape;
4060:             1             64  [Lcom.fasterxml.jackson.annotation.JsonFormat$Shape;
4061:             1             64  [Lcom.fasterxml.jackson.annotation.JsonFormat$Shape;
4062:             2             64  [Lcom.fasterxml.jackson.annotation.JsonProperty$Access;
4063:             2             64  [Lcom.fasterxml.jackson.annotation.OptBoolean;
4064:             1             64  [Lcom.fasterxml.jackson.databind.node.IntNode;
4065:             1             64  [Lcom.fasterxml.jackson.dataformat.yaml.YAMLGenerator$Feature;
4066:             2             64  [Lio.netty.handler.ssl.ClientAuth;
4067:             1             64  [Lio.protostuff.runtime.PolymorphicSchemaFactories;
4068:             2             64  [Ljava.lang.StackWalker$Option; (java.base@21.0.3)
4069:             2             64  [Ljava.lang.annotation.RetentionPolicy; (java.base@21.0.3)
4070:             1             64  [Ljava.lang.invoke.MethodHandleImpl$Intrinsic; (java.base@21.0.3)
4071:             2             64  [Ljava.nio.charset.CoderResult; (java.base@21.0.3)
4072:             2             64  [Ljava.util.stream.Collector$Characteristics; (java.base@21.0.3)
4073:             2             64  [Ljdk.internal.util.OperatingSystem; (java.base@21.0.3)
4074:             2             64  [Lkotlin.annotation.AnnotationRetention;
4075:             2             64  [Lkotlin.annotation.AnnotationRetention;
4076:             2             64  [Lorg.apache.lucene.codecs.lucene90.blocktree.CompressionAlgorithm;
4077:             2             64  [Lorg.apache.lucene.index.MergePolicy$OneMergeProgress$PauseReason;
4078:             2             64  [Lorg.apache.lucene.index.PointValues$Relation;
4079:             4             64  [Lorg.apache.lucene.search.ScoreDoc;
4080:             2             64  [Lorg.opensearch.action.search.ShardStatsFieldNames;
4081:             2             64  [Lorg.opensearch.cluster.metadata.Metadata$XContentContext;
4082:             2             64  [Lorg.opensearch.cluster.routing.ShardMovementStrategy;
4083:             2             64  [Lorg.opensearch.cluster.routing.allocation.decider.EnableAllocationDecider$Allocation;
4084:             2             64  [Lorg.opensearch.cluster.routing.allocation.decider.EnableAllocationDecider$Rebalance;
4085:             2             64  [Lorg.opensearch.common.logging.SlowLogLevel;
4086:             2             64  [Lorg.opensearch.common.path.PathTrie$TrieMatchingMode;
4087:             2             64  [Lorg.opensearch.common.util.PageCacheRecycler$Type;
4088:             2             64  [Lorg.opensearch.index.mapper.MappedFieldType$Relation;
4089:             2             64  [Lorg.opensearch.index.remote.RemoteStoreEnums$PathType;
4090:             2             64  [Lorg.opensearch.node.remotestore.RemoteStoreNodeService$Direction;
4091:             2             64  [Lorg.opensearch.observability.settings.PluginSettings$FilterBy;
4092:             2             64  [Lorg.opensearch.performanceanalyzer.commons.stats.metrics.ExceptionsAndErrors;
4093:             2             64  [Lorg.opensearch.repositories.s3.ProxySettings$ProxyType;
4094:             1             64  [Lorg.opensearch.security.auditlog.config.AuditConfig$Filter$FilterEntries;
4095:             1             64  [Lorg.opensearch.security.ssl.SecureSSLSettings$SSLSetting;
4096:             2             64  [Lorg.opensearch.security.support.ConfigConstants$RolesMappingResolution;
4097:             2             64  [Lorg.opensearch.timeseries.MemoryTracker$Origin;
4098:             2             64  [Lorg.opensearch.timeseries.model.EntityProfileName;
4099:             1             64  [Lorg.yaml.snakeyaml.events.Event$ID;
4100:             2             64  [Lsun.security.ssl.SSLTrafficKeyDerivation$KeySchedule; (java.base@21.0.3)
4101:             2             64  com.fasterxml.jackson.core.StreamWriteCapability
4102:             4             64  com.fasterxml.jackson.core.StreamWriteConstraints
4103:             2             64  com.fasterxml.jackson.databind.cfg.EnumFeature
4104:             2             64  com.fasterxml.jackson.databind.cfg.EnumFeature
4105:             2             64  com.fasterxml.jackson.databind.cfg.EnumFeature
4106:             2             64  com.fasterxml.jackson.databind.introspect.AnnotationCollector$TwoAnnotations
4107:             4             64  com.fasterxml.jackson.databind.introspect.BasicClassIntrospector
4108:             2             64  com.fasterxml.jackson.databind.introspect.VisibilityChecker$Std
4109:             2             64  com.fasterxml.jackson.databind.introspect.VisibilityChecker$Std
4110:             4             64  com.fasterxml.jackson.databind.jsontype.impl.StdSubtypeResolver
4111:             2             64  com.fasterxml.jackson.databind.ser.std.NumberSerializers$DoubleSerializer
4112:             2             64  com.fasterxml.jackson.databind.ser.std.NumberSerializers$DoubleSerializer
4113:             2             64  com.fasterxml.jackson.databind.ser.std.NumberSerializers$DoubleSerializer
4114:             2             64  com.fasterxml.jackson.databind.ser.std.NumberSerializers$IntegerSerializer
4115:             2             64  com.fasterxml.jackson.databind.ser.std.NumberSerializers$IntegerSerializer
4116:             2             64  com.fasterxml.jackson.databind.ser.std.NumberSerializers$IntegerSerializer
4117:             2             64  com.fasterxml.jackson.databind.ser.std.NumberSerializers$LongSerializer
4118:             2             64  com.fasterxml.jackson.databind.ser.std.NumberSerializers$LongSerializer
4119:             2             64  com.fasterxml.jackson.databind.ser.std.NumberSerializers$LongSerializer
4120:             4             64  com.fasterxml.jackson.databind.util.RootNameLookup
4121:             2             64  com.fasterxml.jackson.dataformat.yaml.YAMLParser$Feature
4122:             1             64  com.google.common.cache.CacheStats
4123:             1             64  com.google.common.cache.CacheStats
4124:             1             64  com.google.common.cache.CacheStats
4125:             1             64  com.google.common.cache.CacheStats
4126:             4             64  com.google.common.cache.LocalCache$AccessQueue
4127:             4             64  com.google.common.collect.$Proxy54
4128:             2             64  com.google.common.collect.RegularImmutableSet
4129:             2             64  com.google.common.collect.RegularImmutableSet
4130:             4             64  com.google.common.collect.SingletonImmutableList
4131:             2             64  com.google.common.io.BaseEncoding$Base64Encoding
4132:             2             64  com.google.common.io.BaseEncoding$StandardBaseEncoding
4133:             4             64  com.sun.proxy.jdk.proxy1.$Proxy28 (jdk.proxy1)
4134:             1             64  io.netty.util.concurrent.GlobalEventExecutor
4135:             1             64  io.netty.util.concurrent.GlobalEventExecutor
4136:             1             64  io.netty.util.concurrent.ScheduledFutureTask
4137:             2             64  io.protostuff.runtime.ArraySchemas$BoolArray
4138:             2             64  io.protostuff.runtime.ArraySchemas$CharArray
4139:             2             64  io.protostuff.runtime.ArraySchemas$FloatArray
4140:             2             64  io.protostuff.runtime.ArraySchemas$Int32Array
4141:             2             64  io.protostuff.runtime.ArraySchemas$Int64Array
4142:             2             64  io.protostuff.runtime.ArraySchemas$ShortArray
4143:             2             64  io.protostuff.runtime.RuntimeSchema
4144:             2             64  java.io.ClassCache$1 (java.base@21.0.3)
4145:             2             64  java.lang.invoke.MethodHandles$Lookup$ClassOption (java.base@21.0.3)
4146:             2             64  java.lang.ref.ReferenceQueue$Null (java.base@21.0.3)
4147:             4             64  java.security.spec.NamedParameterSpec (java.base@21.0.3)
4148:             2             64  java.time.temporal.IsoFields$Unit (java.base@21.0.3)
4149:             2             64  java.time.zone.ZoneOffsetTransition (java.base@21.0.3)
4150:             4             64  java.util.concurrent.ConcurrentSkipListSet (java.base@21.0.3)
4151:             2             64  java.util.concurrent.SynchronousQueue (java.base@21.0.3)
4152:             1             64  java.util.logging.LogManager$RootLogger (java.logging@21.0.3)
4153:             2             64  javax.crypto.JceSecurity$WeakIdentityWrapper (java.base@21.0.3)
4154:             2             64  jdk.internal.foreign.GlobalSession (java.base@21.0.3)
4155:             2             64  jdk.internal.reflect.MethodHandleIntegerFieldAccessorImpl (java.base@21.0.3)
4156:             4             64  jdk.internal.util.Preconditions$4 (java.base@21.0.3)
4157:             2             64  jdk.jfr.internal.jfc.JFC$KnownConfiguration (jdk.jfr@21.0.3)
4158:             4             64  jdk.proxy2.$Proxy6 (jdk.proxy2)
4159:             4             64  jdk.proxy4.$Proxy21 (jdk.proxy4)
4160:             2             64  joptsimple.internal.Rows
4161:             1             64  kotlinx.coroutines.scheduling.CoroutineScheduler
4162:             1             64  kotlinx.coroutines.scheduling.CoroutineScheduler
4163:             1             64  kotlinx.coroutines.scheduling.CoroutineScheduler
4164:             1             64  kotlinx.coroutines.scheduling.CoroutineScheduler
4165:             2             64  kotlinx.coroutines.scheduling.WorkQueue
4166:             4             64  org.apache.logging.log4j.core.lookup.StrMatcher$StringMatcher
4167:             4             64  org.apache.logging.log4j.core.pattern.NameAbbreviator$PatternAbbreviator
4168:             2             64  org.apache.logging.log4j.core.util.datetime.FastDatePrinter
4169:             1             64  org.apache.logging.log4j.jul.LogManager
4170:             4             64  org.apache.lucene.analysis.ar.ArabicNormalizer
4171:             2             64  org.apache.lucene.analysis.br.BrazilianStemmer
4172:             2             64  org.apache.lucene.analysis.classic.ClassicAnalyzer
4173:             4             64  org.apache.lucene.analysis.in.IndicNormalizer
4174:             2             64  org.apache.lucene.analysis.util.CharArrayIterator$2
4175:             2             64  org.apache.lucene.analysis.util.CharArrayIterator$4
4176:             4             64  org.apache.lucene.backward_codecs.lucene50.Lucene50StoredFieldsFormat
4177:             1             64  org.apache.lucene.backward_codecs.lucene84.Lucene84Codec
4178:             1             64  org.apache.lucene.backward_codecs.lucene86.Lucene86Codec
4179:             2             64  org.apache.lucene.backward_codecs.lucene87.Lucene87Codec$Mode
4180:             2             64  org.apache.lucene.backward_codecs.lucene90.Lucene90Codec$Mode
4181:             2             64  org.apache.lucene.backward_codecs.lucene91.Lucene91Codec$Mode
4182:             2             64  org.apache.lucene.backward_codecs.lucene92.Lucene92Codec$Mode
4183:             2             64  org.apache.lucene.backward_codecs.lucene94.Lucene94Codec$Mode
4184:             2             64  org.apache.lucene.backward_codecs.lucene95.Lucene95Codec$Mode
4185:             2             64  org.apache.lucene.codecs.lucene99.Lucene99Codec$Mode
4186:             2             64  org.apache.lucene.index.VectorEncoding
4187:             2             64  org.apache.lucene.search.FieldExistsQuery$1
4188:             2             64  org.apache.lucene.util.BitSetIterator
4189:             2             64  org.apache.lucene.util.VirtualMethod
4190:             2             64  org.apache.lucene.util.VirtualMethod$1
4191:             4             64  org.apache.lucene.util.bkd.DocIdsWriter
4192:             4             64  org.bouncycastle.asn1.x9.X962Parameters
4193:             4             64  org.bouncycastle.jcajce.provider.asymmetric.ecgost12.KeyFactorySpi
4194:             1             64  org.jcodings.specific.UTF8Encoding
4195:             1             64  org.jooq.tools.json.Yylex
4196:             1             64  org.opensearch.action.admin.cluster.node.reload.TransportNodesReloadSecureSettingsAction
4197:             1             64  org.opensearch.action.admin.cluster.repositories.cleanup.TransportCleanupRepositoryAction
4198:             1             64  org.opensearch.action.admin.cluster.settings.TransportClusterUpdateSettingsAction
4199:             1             64  org.opensearch.action.admin.cluster.stats.TransportClusterStatsAction
4200:             1             64  org.opensearch.action.admin.indices.analyze.TransportAnalyzeAction
4201:             1             64  org.opensearch.action.admin.indices.close.TransportCloseIndexAction
4202:             1             64  org.opensearch.action.admin.indices.create.AutoCreateAction$TransportAction
4203:             1             64  org.opensearch.action.admin.indices.dangling.delete.TransportDeleteDanglingIndexAction
4204:             1             64  org.opensearch.action.admin.indices.dangling.find.TransportFindDanglingIndexAction
4205:             1             64  org.opensearch.action.admin.indices.dangling.list.TransportListDanglingIndicesAction
4206:             1             64  org.opensearch.action.admin.indices.get.TransportGetIndexAction
4207:             1             64  org.opensearch.action.admin.indices.mapping.get.TransportGetFieldMappingsIndexAction
4208:             1             64  org.opensearch.action.admin.indices.rollover.TransportRolloverAction
4209:             1             64  org.opensearch.action.admin.indices.template.post.TransportSimulateIndexTemplateAction
4210:             1             64  org.opensearch.action.admin.indices.template.post.TransportSimulateTemplateAction
4211:             1             64  org.opensearch.action.search.SearchResponse
4212:             2             64  org.opensearch.action.search.SearchType
4213:             4             64  org.opensearch.action.support.ActiveShardCount
4214:             4             64  org.opensearch.action.support.tasks.TransportTasksAction$$Lambda/0x00007fcd28edcb48
4215:             4             64  org.opensearch.action.support.tasks.TransportTasksAction$NodeTransportHandler
4216:             1             64  org.opensearch.ad.ADJobProcessor
4217:             1             64  org.opensearch.ad.ExecuteADResultResponseRecorder
4218:             1             64  org.opensearch.ad.rest.handler.ADIndexJobActionHandler
4219:             1             64  org.opensearch.ad.transport.ADCancelTaskTransportAction
4220:             1             64  org.opensearch.ad.transport.ADProfileTransportAction
4221:             1             64  org.opensearch.ad.transport.ADResultBulkTransportAction
4222:             1             64  org.opensearch.ad.transport.ADStatsNodesTransportAction
4223:             1             64  org.opensearch.ad.transport.ADTaskProfileTransportAction
4224:             1             64  org.opensearch.ad.transport.PreviewAnomalyDetectorTransportAction
4225:             2             64  org.opensearch.ad.transport.SearchTopAnomalyResultTransportAction$OrderType
4226:             1             64  org.opensearch.ad.transport.ValidateAnomalyDetectorTransportAction
4227:             1             64  org.opensearch.alerting.core.action.node.ScheduledJobsStatsTransportAction
4228:             1             64  org.opensearch.alerting.transport.TransportExecuteMonitorAction
4229:             1             64  org.opensearch.bootstrap.OpenSearch
4230:             1             64  org.opensearch.cluster.coordination.FollowersChecker
4231:             2             64  org.opensearch.cluster.decommission.DecommissionController
4232:             2             64  org.opensearch.cluster.metadata.IndexMetadata$State
4233:             2             64  org.opensearch.cluster.metadata.IndexNameExpressionResolver
4234:             1             64  org.opensearch.cluster.metadata.MetadataIndexTemplateService
4235:             4             64  org.opensearch.cluster.metadata.TemplatesMetadata
4236:             1             64  org.opensearch.cluster.routing.RoutingNodes
4237:             1             64  org.opensearch.cluster.service.ClusterManagerService
4238:             4             64  org.opensearch.common.io.stream.DelayableWriteable$Referencing
4239:             4             64  org.opensearch.common.lease.Releasables$$Lambda/0x00007fcd293daed8
4240:             4             64  org.opensearch.common.recycler.NoneRecycler
4241:             4             64  org.opensearch.common.settings.Setting$$Lambda/0x00007fcd280c7be0
4242:             2             64  org.opensearch.common.util.LazyInitializable
4243:             2             64  org.opensearch.common.util.PageCacheRecycler
4244:             2             64  org.opensearch.core.tasks.resourcetracker.ResourceStats
4245:             4             64  org.opensearch.core.xcontent.AbstractObjectParser$$Lambda/0x00007fcd291ddf98
4246:             4             64  org.opensearch.core.xcontent.AbstractObjectParser$$Lambda/0x00007fcd291de1c8
4247:             1             64  org.opensearch.extensions.NoopExtensionsManager
4248:             1             64  org.opensearch.forecast.ExecuteForecastResultResponseRecorder
4249:             1             64  org.opensearch.forecast.ForecastJobProcessor
4250:             1             64  org.opensearch.forecast.rest.handler.ForecastIndexJobActionHandler
4251:             1             64  org.opensearch.forecast.transport.ForecastProfileTransportAction
4252:             1             64  org.opensearch.forecast.transport.ForecastResultBulkTransportAction
4253:             1             64  org.opensearch.forecast.transport.ForecastRunOnceProfileTransportAction
4254:             1             64  org.opensearch.forecast.transport.ValidateForecasterTransportAction
4255:             2             64  org.opensearch.geometry.utils.WellKnownText
4256:             1             64  org.opensearch.geospatial.stats.upload.UploadStatsTransportAction
4257:             2             64  org.opensearch.index.codec.customcodecs.Lucene99CustomCodec$Mode
4258:             2             64  org.opensearch.index.codec.customcodecs.Lucene99CustomStoredFieldsFormat
4259:             2             64  org.opensearch.index.codec.customcodecs.Lucene99QatCodec$Mode
4260:             2             64  org.opensearch.index.mapper.NestedPathFieldMapper
4261:             1             64  org.opensearch.index.search.MultiMatchQuery
4262:             1             64  org.opensearch.indexmanagement.indexstatemanagement.IndexStateManagementHistory
4263:             1             64  org.opensearch.indexmanagement.indexstatemanagement.MetadataService
4264:             1             64  org.opensearch.indexmanagement.indexstatemanagement.transport.action.addpolicy.TransportAddPolicyAction
4265:             1             64  org.opensearch.indexmanagement.indexstatemanagement.transport.action.updateindexmetadata.TransportUpdateManagedIndexMetaDataAction
4266:             1             64  org.opensearch.indexmanagement.snapshotmanagement.api.transport.index.TransportIndexSMPolicyAction
4267:             1             64  org.opensearch.indexmanagement.transform.action.index.TransportIndexTransformAction
4268:             1             64  org.opensearch.indices.store.TransportNodesListShardStoreMetadata
4269:             1             64  org.opensearch.indices.store.TransportNodesListShardStoreMetadataBatch
4270:             2             64  org.opensearch.knn.index.Parameter$MethodComponentContextParameter
4271:             1             64  org.opensearch.ml.action.forward.TransportForwardAction
4272:             1             64  org.opensearch.ml.action.model_group.TransportRegisterModelGroupAction
4273:             1             64  org.opensearch.ml.action.models.UpdateModelTransportAction
4274:             1             64  org.opensearch.ml.task.MLExecuteTaskRunner
4275:             1             64  org.opensearch.ml.task.MLTrainAndPredictTaskRunner
4276:             1             64  org.opensearch.ml.task.MLTrainingTaskRunner
4277:             1             64  org.opensearch.monitor.fs.FsHealthService
4278:             4             64  org.opensearch.node.Node$$Lambda/0x00007fcd288b11c8
4279:             2             64  org.opensearch.node.ResponseCollectorService$NodeStatistics
4280:             2             64  org.opensearch.node.remotestore.RemoteStoreNodeService$CompatibilityMode
4281:             1             64  org.opensearch.node.resource.tracker.AverageIoUsageTracker
4282:             1             64  org.opensearch.painless.action.PainlessExecuteAction$TransportAction
4283:             4             64  org.opensearch.painless.spi.annotation.InjectConstantAnnotation
4284:             1             64  org.opensearch.performanceanalyzer.collectors.AdmissionControlMetricsCollector
4285:             1             64  org.opensearch.performanceanalyzer.collectors.ClusterApplierServiceStatsCollector
4286:             1             64  org.opensearch.performanceanalyzer.collectors.ElectionTermCollector
4287:             1             64  org.opensearch.performanceanalyzer.collectors.FaultDetectionMetricsCollector
4288:             1             64  org.opensearch.performanceanalyzer.collectors.ShardIndexingPressureMetricsCollector
4289:             1             64  org.opensearch.performanceanalyzer.collectors.ShardStateCollector
4290:             1             64  org.opensearch.performanceanalyzer.collectors.ThreadPoolMetricsCollector
4291:             1             64  org.opensearch.performanceanalyzer.commons.collectors.OSMetricsCollector
4292:             2             64  org.opensearch.performanceanalyzer.commons.config.overrides.ConfigOverrides$Overrides
4293:             1             64  org.opensearch.performanceanalyzer.writer.EventLogQueueProcessor
4294:             1             64  org.opensearch.replication.ReplicationSettings
4295:             1             64  org.opensearch.replication.action.autofollow.TransportAutoFollowClusterManagerNodeAction
4296:             1             64  org.opensearch.replication.action.changes.TransportGetChangesAction
4297:             1             64  org.opensearch.replication.action.pause.TransportPauseIndexReplicationAction
4298:             1             64  org.opensearch.replication.action.repository.TransportGetFileChunkAction
4299:             1             64  org.opensearch.replication.action.resume.TransportResumeIndexReplicationAction
4300:             1             64  org.opensearch.replication.action.stop.TransportStopIndexReplicationAction
4301:             1             64  org.opensearch.replication.action.update.TransportUpdateIndexReplicationAction
4302:             1             64  org.opensearch.replication.metadata.TransportUpdateMetadataAction
4303:             1             64  org.opensearch.repositories.RepositoriesService
4304:             1             64  org.opensearch.repositories.s3.S3RepositoryPlugin
4305:             1             64  org.opensearch.repositories.s3.S3RepositoryPlugin$LowPrioritySizeBasedBlockingQ
4306:             1             64  org.opensearch.repositories.s3.async.SizeBasedBlockingQ
4307:             2             64  org.opensearch.repositories.s3.utils.Protocol
4308:             2             64  org.opensearch.rest.NamedRoute
4309:             2             64  org.opensearch.script.Script
4310:             2             64  org.opensearch.script.ScriptType
4311:             4             64  org.opensearch.search.SearchModule$$Lambda/0x00007fcd287966e0
4312:             4             64  org.opensearch.search.aggregations.AggregationCollectorManager$$Lambda/0x00007fcd293d7178
4313:             4             64  org.opensearch.search.aggregations.AggregationReduceableSearchResult
4314:             2             64  org.opensearch.search.aggregations.Aggregator$SubAggCollectionMode
4315:             2             64  org.opensearch.search.aggregations.pipeline.HoltWintersModel$SeasonalityType
4316:             1             64  org.opensearch.search.asynchronous.transport.TransportDeleteAsynchronousSearchAction
4317:             1             64  org.opensearch.search.asynchronous.transport.TransportGetAsynchronousSearchAction
4318:             2             64  org.opensearch.search.backpressure.trackers.HeapUsageTracker
4319:             2             64  org.opensearch.search.fetch.subphase.FetchSourceContext
4320:             4             64  org.opensearch.search.internal.ReaderContext$$Lambda/0x00007fcd293dac98
4321:             1             64  org.opensearch.security.auditlog.sink.Log4JSink
4322:             2             64  org.opensearch.security.auth.UserInjector
4323:             4             64  org.opensearch.security.dlic.rest.api.AbstractApiAction$$Lambda/0x00007fcd28fe8220
4324:             1             64  org.opensearch.security.dlic.rest.api.ssl.TransportCertificatesInfoNodesAction
4325:             1             64  org.opensearch.security.filter.SecurityFilter
4326:             1             64  org.opensearch.security.transport.SecurityInterceptor
4327:             1             64  org.opensearch.securityanalytics.transport.TransportDeleteCustomLogTypeAction
4328:             1             64  org.opensearch.securityanalytics.transport.TransportGetFindingsAction
4329:             1             64  org.opensearch.securityanalytics.transport.TransportIndexRuleAction
4330:             1             64  org.opensearch.securityanalytics.transport.TransportSearchDetectorAction
4331:             2             64  org.opensearch.sql.datasource.model.DataSourceStatus
4332:             2             64  org.opensearch.sql.ppl.PPLService
4333:             1             64  org.opensearch.sql.spark.cluster.ClusterManagerEventListener
4334:             2             64  org.opensearch.sql.spark.dispatcher.SparkQueryDispatcher
4335:             4             64  org.opensearch.sql.spark.response.OpenSearchJobExecutionResponseReader
4336:             4             64  org.opensearch.tasks.TaskCancellationMonitoringService$$Lambda/0x00007fcd293dc680
4337:             2             64  org.opensearch.timeseries.breaker.BreakerName
4338:             2             64  org.opensearch.timeseries.indices.IndexManagement$IndexState
4339:             2             64  org.opensearch.timeseries.ratelimit.CheckPointMaintainRequestAdapter
4340:             1             64  org.opensearch.transport.TransportService$1
4341:             4             64  sun.reflect.generics.tree.ArrayTypeSignature (java.base@21.0.3)
4342:             2             64  sun.security.provider.FileInputStreamPool$StreamRef (java.base@21.0.3)
4343:             1             64  sun.security.provider.certpath.ldap.JdkLDAP$ProviderService (java.naming@21.0.3)
4344:             1             64  sun.security.smartcardio.SunPCSC$ProviderService (java.smartcardio@21.0.3)
4345:             2             64  sun.security.ssl.Alert$Level (java.base@21.0.3)
4346:             2             64  sun.security.ssl.CertStatusExtension$CertStatusRequestType (java.base@21.0.3)
4347:             2             64  sun.security.ssl.CertStatusExtension$OCSPStatusRequest (java.base@21.0.3)
4348:             2             64  sun.security.ssl.PskKeyExchangeModesExtension$PskKeyExchangeMode (java.base@21.0.3)
4349:             4             64  sun.security.ssl.SSLCipher$T11BlockReadCipherGenerator (java.base@21.0.3)
4350:             4             64  sun.security.ssl.SSLCipher$T11BlockWriteCipherGenerator (java.base@21.0.3)
4351:             4             64  sun.security.util.DisabledAlgorithmConstraints$Constraints (java.base@21.0.3)
4352:             4             64  sun.security.x509.RFC822Name (java.base@21.0.3)
4353:             1             56  [Lcom.fasterxml.jackson.databind.cfg.CoercionInputShape;
4354:             1             56  [Lcom.fasterxml.jackson.databind.cfg.CoercionInputShape;
4355:             1             56  [Lcom.fasterxml.jackson.databind.cfg.CoercionInputShape;
4356:             1             56  [Lio.protostuff.WireFormat$JavaType;
4357:             1             56  [Ljava.lang.Runnable; (java.base@21.0.3)
4358:             1             56  [Ljava.lang.reflect.AccessFlag$Location; (java.base@21.0.3)
4359:             2             56  [Ljava.net.InterfaceAddress; (java.base@21.0.3)
4360:             1             56  [Ljava.nio.file.StandardOpenOption; (java.base@21.0.3)
4361:             1             56  [Lorg.opensearch.common.geo.GeoShapeType;
4362:             1             56  [Lorg.opensearch.common.settings.Setting$AffixSetting;
4363:             1             56  [Lorg.opensearch.ml.engine.indices.MLIndex;
4364:             1             56  [Lorg.opensearch.performanceanalyzer.commons.metrics.RTFMetrics$ShardStatsValue;
4365:             1             56  [Lorg.opensearch.rest.RestRequest$Method;
4366:             1             56  [Lorg.opensearch.timeseries.model.TaskState;
4367:             1             56  com.amazon.dlic.auth.http.jwt.keybyoidc.HTTPJwtKeyByOpenIdConnectAuthenticator
4368:             1             56  com.fasterxml.jackson.databind.type.ArrayType
4369:             1             56  io.netty.bootstrap.Bootstrap
4370:             1             56  java.lang.invoke.BoundMethodHandle$Specializer (java.base@21.0.3)
4371:             1             56  java.time.chrono.HijrahChronology (java.base@21.0.3)
4372:             1             56  java.util.ServiceLoader (java.base@21.0.3)
4373:             1             56  java.util.logging.ConsoleHandler (java.logging@21.0.3)
4374:             1             56  kotlinx.coroutines.DispatchedContinuation
4375:             1             56  org.apache.logging.log4j.core.LoggerContext
4376:             1             56  org.apache.lucene.analysis.core.KeywordTokenizer
4377:             1             56  org.apache.lucene.backward_codecs.lucene70.Lucene70Codec
4378:             1             56  org.apache.lucene.backward_codecs.lucene80.Lucene80Codec
4379:             1             56  org.objectweb.asm.Label
4380:             1             56  org.opensearch.action.admin.cluster.configuration.TransportAddVotingConfigExclusionsAction
4381:             1             56  org.opensearch.action.admin.cluster.decommission.awareness.delete.TransportDeleteDecommissionStateAction
4382:             1             56  org.opensearch.action.admin.cluster.decommission.awareness.put.TransportDecommissionAction
4383:             1             56  org.opensearch.action.admin.cluster.health.TransportClusterHealthAction
4384:             1             56  org.opensearch.action.admin.cluster.node.hotthreads.TransportNodesHotThreadsAction
4385:             1             56  org.opensearch.action.admin.cluster.node.info.TransportNodesInfoAction
4386:             1             56  org.opensearch.action.admin.cluster.node.stats.TransportNodesStatsAction
4387:             1             56  org.opensearch.action.admin.cluster.node.tasks.cancel.TransportCancelTasksAction
4388:             1             56  org.opensearch.action.admin.cluster.node.tasks.get.TransportGetTaskAction
4389:             1             56  org.opensearch.action.admin.cluster.node.tasks.list.TransportListTasksAction
4390:             1             56  org.opensearch.action.admin.cluster.remotestore.restore.TransportRestoreRemoteStoreAction
4391:             1             56  org.opensearch.action.admin.cluster.remotestore.stats.TransportRemoteStoreStatsAction
4392:             1             56  org.opensearch.action.admin.cluster.repositories.delete.TransportDeleteRepositoryAction
4393:             1             56  org.opensearch.action.admin.cluster.repositories.put.TransportPutRepositoryAction
4394:             1             56  org.opensearch.action.admin.cluster.repositories.verify.TransportVerifyRepositoryAction
4395:             1             56  org.opensearch.action.admin.cluster.reroute.TransportClusterRerouteAction
4396:             1             56  org.opensearch.action.admin.cluster.shards.TransportClusterSearchShardsAction
4397:             1             56  org.opensearch.action.admin.cluster.shards.routing.weighted.delete.TransportDeleteWeightedRoutingAction
4398:             1             56  org.opensearch.action.admin.cluster.shards.routing.weighted.get.TransportGetWeightedRoutingAction
4399:             1             56  org.opensearch.action.admin.cluster.shards.routing.weighted.put.TransportAddWeightedRoutingAction
4400:             1             56  org.opensearch.action.admin.cluster.snapshots.clone.TransportCloneSnapshotAction
4401:             1             56  org.opensearch.action.admin.cluster.snapshots.create.TransportCreateSnapshotAction
4402:             1             56  org.opensearch.action.admin.cluster.snapshots.delete.TransportDeleteSnapshotAction
4403:             1             56  org.opensearch.action.admin.cluster.snapshots.get.TransportGetSnapshotsAction
4404:             1             56  org.opensearch.action.admin.cluster.snapshots.restore.TransportRestoreSnapshotAction
4405:             1             56  org.opensearch.action.admin.cluster.snapshots.status.TransportNodesSnapshotsStatus
4406:             1             56  org.opensearch.action.admin.cluster.snapshots.status.TransportSnapshotsStatusAction
4407:             1             56  org.opensearch.action.admin.cluster.state.TransportClusterStateAction
4408:             1             56  org.opensearch.action.admin.cluster.storedscripts.TransportDeleteStoredScriptAction
4409:             1             56  org.opensearch.action.admin.cluster.storedscripts.TransportGetStoredScriptAction
4410:             1             56  org.opensearch.action.admin.cluster.storedscripts.TransportPutStoredScriptAction
4411:             1             56  org.opensearch.action.admin.cluster.tasks.TransportPendingClusterTasksAction
4412:             1             56  org.opensearch.action.admin.indices.alias.TransportIndicesAliasesAction
4413:             1             56  org.opensearch.action.admin.indices.alias.get.TransportGetAliasesAction
4414:             1             56  org.opensearch.action.admin.indices.cache.clear.TransportClearIndicesCacheAction
4415:             1             56  org.opensearch.action.admin.indices.create.TransportCreateIndexAction
4416:             1             56  org.opensearch.action.admin.indices.datastream.CreateDataStreamAction$TransportAction
4417:             1             56  org.opensearch.action.admin.indices.datastream.DataStreamsStatsAction$TransportAction
4418:             1             56  org.opensearch.action.admin.indices.datastream.DeleteDataStreamAction$TransportAction
4419:             1             56  org.opensearch.action.admin.indices.delete.TransportDeleteIndexAction
4420:             1             56  org.opensearch.action.admin.indices.mapping.get.TransportGetMappingsAction
4421:             1             56  org.opensearch.action.admin.indices.mapping.put.TransportAutoPutMappingAction
4422:             1             56  org.opensearch.action.admin.indices.mapping.put.TransportPutMappingAction
4423:             1             56  org.opensearch.action.admin.indices.open.TransportOpenIndexAction
4424:             1             56  org.opensearch.action.admin.indices.readonly.TransportAddIndexBlockAction
4425:             1             56  org.opensearch.action.admin.indices.replication.TransportSegmentReplicationStatsAction
4426:             1             56  org.opensearch.action.admin.indices.settings.get.TransportGetSettingsAction
4427:             1             56  org.opensearch.action.admin.indices.settings.put.TransportUpdateSettingsAction
4428:             1             56  org.opensearch.action.admin.indices.shards.TransportIndicesShardStoresAction
4429:             1             56  org.opensearch.action.admin.indices.shrink.TransportResizeAction
4430:             1             56  org.opensearch.action.admin.indices.template.delete.TransportDeleteComponentTemplateAction
4431:             1             56  org.opensearch.action.admin.indices.template.delete.TransportDeleteComposableIndexTemplateAction
4432:             1             56  org.opensearch.action.admin.indices.template.delete.TransportDeleteIndexTemplateAction
4433:             1             56  org.opensearch.action.admin.indices.template.put.TransportPutComponentTemplateAction
4434:             1             56  org.opensearch.action.admin.indices.template.put.TransportPutComposableIndexTemplateAction
4435:             1             56  org.opensearch.action.admin.indices.template.put.TransportPutIndexTemplateAction
4436:             1             56  org.opensearch.action.admin.indices.upgrade.post.TransportUpgradeAction
4437:             1             56  org.opensearch.action.admin.indices.upgrade.post.TransportUpgradeSettingsAction
4438:             1             56  org.opensearch.action.admin.indices.validate.query.TransportValidateQueryAction
4439:             1             56  org.opensearch.action.explain.TransportExplainAction
4440:             1             56  org.opensearch.action.get.TransportGetAction
4441:             1             56  org.opensearch.action.get.TransportShardMultiGetAction
4442:             1             56  org.opensearch.action.ingest.DeletePipelineTransportAction
4443:             1             56  org.opensearch.action.ingest.PutPipelineTransportAction
4444:             1             56  org.opensearch.action.search.DeleteSearchPipelineTransportAction
4445:             1             56  org.opensearch.action.search.PutSearchPipelineTransportAction
4446:             1             56  org.opensearch.action.search.SearchRequestSlowLog
4447:             1             56  org.opensearch.action.search.TransportCreatePitAction
4448:             1             56  org.opensearch.action.search.TransportGetAllPitsAction
4449:             1             56  org.opensearch.action.support.clustermanager.term.TransportGetTermVersionAction
4450:             1             56  org.opensearch.action.termvectors.TransportShardMultiTermsVectorAction
4451:             1             56  org.opensearch.action.termvectors.TransportTermVectorsAction
4452:             1             56  org.opensearch.ad.rest.RestIndexAnomalyDetectorAction
4453:             1             56  org.opensearch.ad.rest.RestSearchADTasksAction
4454:             1             56  org.opensearch.ad.rest.RestSearchAnomalyDetectorAction
4455:             1             56  org.opensearch.ad.rest.RestSearchAnomalyResultAction
4456:             1             56  org.opensearch.ad.rest.RestValidateAnomalyDetectorAction
4457:             1             56  org.opensearch.ad.transport.ADEntityProfileTransportAction
4458:             1             56  org.opensearch.ad.transport.AnomalyResultTransportAction
4459:             1             56  org.opensearch.ad.transport.ForwardADTaskTransportAction
4460:             1             56  org.opensearch.alerting.AlertingPlugin
4461:             1             56  org.opensearch.alerting.comments.CommentsIndices
4462:             1             56  org.opensearch.alerting.transport.TransportDeleteWorkflowAction
4463:             1             56  org.opensearch.alerting.transport.TransportGetRemoteIndexesAction
4464:             1             56  org.opensearch.cluster.InternalClusterInfoService
4465:             1             56  org.opensearch.cluster.coordination.JoinHelper
4466:             1             56  org.opensearch.cluster.coordination.LeaderChecker
4467:             1             56  org.opensearch.cluster.coordination.PublicationTransportHandler
4468:             1             56  org.opensearch.cluster.routing.allocation.DiskThresholdMonitor
4469:             1             56  org.opensearch.cluster.service.ClusterService
4470:             1             56  org.opensearch.common.Rounding$DateTimeUnit$1
4471:             1             56  org.opensearch.common.Rounding$DateTimeUnit$2
4472:             1             56  org.opensearch.common.Rounding$DateTimeUnit$3
4473:             1             56  org.opensearch.common.Rounding$DateTimeUnit$4
4474:             1             56  org.opensearch.common.cache.stats.ImmutableCacheStats
4475:             1             56  org.opensearch.discovery.SeedHostsResolver
4476:             1             56  org.opensearch.env.NodeEnvironment
4477:             1             56  org.opensearch.flowframework.transport.CreateWorkflowTransportAction
4478:             1             56  org.opensearch.flowframework.transport.DeprovisionWorkflowTransportAction
4479:             1             56  org.opensearch.flowframework.transport.ProvisionWorkflowTransportAction
4480:             1             56  org.opensearch.forecast.ml.ForecastCheckpointDao
4481:             1             56  org.opensearch.forecast.rest.RestIndexForecasterAction
4482:             1             56  org.opensearch.forecast.rest.RestSearchForecastTasksAction
4483:             1             56  org.opensearch.forecast.rest.RestSearchForecasterAction
4484:             1             56  org.opensearch.forecast.rest.RestValidateForecasterAction
4485:             1             56  org.opensearch.forecast.transport.ForecastEntityProfileTransportAction
4486:             1             56  org.opensearch.forecast.transport.ForecastStatsNodesTransportAction
4487:             1             56  org.opensearch.forecast.transport.StatsForecasterTransportAction
4488:             1             56  org.opensearch.forecast.transport.SuggestForecasterParamTransportAction
4489:             1             56  org.opensearch.gateway.ShardsBatchGatewayAllocator
4490:             1             56  org.opensearch.gateway.TransportNodesListGatewayMetaState
4491:             1             56  org.opensearch.geospatial.ip2geo.action.DeleteDatasourceTransportAction
4492:             1             56  org.opensearch.index.SegmentReplicationPressureService
4493:             1             56  org.opensearch.index.ShardIndexingPressureSettings
4494:             1             56  org.opensearch.index.reindex.TransportRethrottleAction
4495:             1             56  org.opensearch.index.seqno.RetentionLeaseActions$Add$TransportAction
4496:             1             56  org.opensearch.index.seqno.RetentionLeaseActions$Remove$TransportAction
4497:             1             56  org.opensearch.index.seqno.RetentionLeaseActions$Renew$TransportAction
4498:             1             56  org.opensearch.indexmanagement.indexstatemanagement.transport.action.changepolicy.TransportChangePolicyAction
4499:             1             56  org.opensearch.indexmanagement.indexstatemanagement.transport.action.getpolicy.TransportGetPolicyAction
4500:             1             56  org.opensearch.indexmanagement.indexstatemanagement.transport.action.indexpolicy.TransportIndexPolicyAction
4501:             1             56  org.opensearch.indexmanagement.refreshanalyzer.TransportRefreshSearchAnalyzerAction
4502:             1             56  org.opensearch.indexmanagement.rollup.action.delete.TransportDeleteRollupAction
4503:             1             56  org.opensearch.indexmanagement.rollup.action.get.TransportGetRollupAction
4504:             1             56  org.opensearch.indexmanagement.rollup.action.get.TransportGetRollupsAction
4505:             1             56  org.opensearch.indexmanagement.rollup.action.index.TransportIndexRollupAction
4506:             1             56  org.opensearch.indexmanagement.rollup.action.mapping.TransportUpdateRollupMappingAction
4507:             1             56  org.opensearch.indexmanagement.rollup.action.start.TransportStartRollupAction
4508:             1             56  org.opensearch.indexmanagement.rollup.action.stop.TransportStopRollupAction
4509:             1             56  org.opensearch.indexmanagement.snapshotmanagement.api.transport.delete.TransportDeleteSMPolicyAction
4510:             1             56  org.opensearch.indexmanagement.snapshotmanagement.api.transport.explain.TransportExplainSMAction
4511:             1             56  org.opensearch.indexmanagement.snapshotmanagement.api.transport.get.TransportGetSMPoliciesAction
4512:             1             56  org.opensearch.indexmanagement.snapshotmanagement.api.transport.get.TransportGetSMPolicyAction
4513:             1             56  org.opensearch.indexmanagement.snapshotmanagement.api.transport.start.TransportStartSMAction
4514:             1             56  org.opensearch.indexmanagement.snapshotmanagement.api.transport.stop.TransportStopSMAction
4515:             1             56  org.opensearch.indexmanagement.transform.action.delete.TransportDeleteTransformsAction
4516:             1             56  org.opensearch.indexmanagement.transform.action.explain.TransportExplainTransformAction
4517:             1             56  org.opensearch.indexmanagement.transform.action.get.TransportGetTransformAction
4518:             1             56  org.opensearch.indexmanagement.transform.action.get.TransportGetTransformsAction
4519:             1             56  org.opensearch.indexmanagement.transform.action.start.TransportStartTransformAction
4520:             1             56  org.opensearch.indexmanagement.transform.action.stop.TransportStopTransformAction
4521:             1             56  org.opensearch.indices.replication.SegmentReplicationTargetService
4522:             1             56  org.opensearch.ingest.IngestService
4523:             1             56  org.opensearch.knn.plugin.transport.KNNStatsTransportAction
4524:             1             56  org.opensearch.knn.plugin.transport.RemoveModelFromCacheTransportAction
4525:             1             56  org.opensearch.knn.plugin.transport.TrainingJobRouteDecisionInfoTransportAction
4526:             1             56  org.opensearch.knn.plugin.transport.UpdateModelGraveyardTransportAction
4527:             1             56  org.opensearch.knn.plugin.transport.UpdateModelMetadataTransportAction
4528:             1             56  org.opensearch.ml.action.connector.ExecuteConnectorTransportAction
4529:             1             56  org.opensearch.ml.action.connector.TransportCreateConnectorAction
4530:             1             56  org.opensearch.ml.action.controller.CreateControllerTransportAction
4531:             1             56  org.opensearch.ml.action.controller.DeleteControllerTransportAction
4532:             1             56  org.opensearch.ml.action.model_group.TransportUpdateModelGroupAction
4533:             1             56  org.opensearch.ml.action.upload_chunk.TransportRegisterModelMetaAction
4534:             1             56  org.opensearch.ml.engine.algorithms.metrics_correlation.MetricsCorrelation
4535:             1             56  org.opensearch.monitor.jvm.JvmInfo$Mem
4536:             1             56  org.opensearch.performanceanalyzer.OpenSearchResources
4537:             1             56  org.opensearch.performanceanalyzer.collectors.CacheConfigMetricsCollector
4538:             1             56  org.opensearch.performanceanalyzer.collectors.CircuitBreakerCollector
4539:             1             56  org.opensearch.performanceanalyzer.collectors.ClusterManagerServiceMetrics
4540:             1             56  org.opensearch.performanceanalyzer.collectors.NodeDetailsCollector
4541:             1             56  org.opensearch.performanceanalyzer.commons.collectors.DisksCollector
4542:             1             56  org.opensearch.performanceanalyzer.commons.collectors.GCInfoCollector
4543:             1             56  org.opensearch.performanceanalyzer.commons.collectors.HeapMetricsCollector
4544:             1             56  org.opensearch.performanceanalyzer.commons.collectors.NetworkInterfaceCollector
4545:             1             56  org.opensearch.performanceanalyzer.commons.config.PluginSettings
4546:             1             56  org.opensearch.persistent.CompletionPersistentTaskAction$TransportAction
4547:             1             56  org.opensearch.persistent.RemovePersistentTaskAction$TransportAction
4548:             1             56  org.opensearch.persistent.StartPersistentTaskAction$TransportAction
4549:             1             56  org.opensearch.persistent.UpdatePersistentTaskStatusAction$TransportAction
4550:             1             56  org.opensearch.replication.action.index.TransportReplicateIndexAction
4551:             1             56  org.opensearch.replication.action.index.block.TransportUpddateIndexBlockAction
4552:             1             56  org.opensearch.replication.action.replicationstatedetails.TransportUpdateReplicationStateDetails
4553:             1             56  org.opensearch.replication.action.repository.TransportGetStoreMetadataAction
4554:             1             56  org.opensearch.replication.action.repository.TransportReleaseLeaderResourcesAction
4555:             1             56  org.opensearch.replication.action.stats.TransportAutoFollowStatsAction
4556:             1             56  org.opensearch.repositories.s3.GenericStatsMetricPublisher
4557:             1             56  org.opensearch.search.asynchronous.management.AsynchronousSearchManagementService
4558:             1             56  org.opensearch.search.asynchronous.transport.TransportAsynchronousSearchStatsAction
4559:             1             56  org.opensearch.search.backpressure.SearchBackpressureService
4560:             1             56  org.opensearch.security.dlic.rest.api.AccountApiAction
4561:             1             56  org.opensearch.security.dlic.rest.api.AuditApiAction
4562:             1             56  org.opensearch.security.dlic.rest.api.InternalUsersApiAction
4563:             1             56  org.opensearch.security.dlic.rest.api.SecurityConfigApiAction
4564:             1             56  org.opensearch.security.dlic.rest.api.SecuritySSLCertsApiAction
4565:             1             56  org.opensearch.security.filter.SecurityRestFilter
4566:             1             56  org.opensearch.securityanalytics.SecurityAnalyticsPlugin
4567:             1             56  org.opensearch.securityanalytics.transport.TransportAckCorrelationAlertsAction
4568:             1             56  org.opensearch.securityanalytics.transport.TransportAcknowledgeAlertsAction
4569:             1             56  org.opensearch.securityanalytics.transport.TransportGetAlertsAction
4570:             1             56  org.opensearch.securityanalytics.transport.TransportGetCorrelationAlertsAction
4571:             1             56  org.opensearch.securityanalytics.transport.TransportGetDetectorAction
4572:             1             56  org.opensearch.securityanalytics.transport.TransportSearchCustomLogTypeAction
4573:             1             56  org.opensearch.securityanalytics.transport.TransportSearchRuleAction
4574:             1             56  org.opensearch.snapshots.InternalSnapshotsInfoService
4575:             1             56  org.opensearch.snapshots.RestoreService
4576:             1             56  org.opensearch.snapshots.SnapshotsService$UpdateSnapshotStatusAction
4577:             1             56  org.opensearch.timeseries.cluster.ClusterManagerEventListener
4578:             1             56  org.opensearch.timeseries.feature.FeatureManager
4579:             1             56  org.opensearch.transport.TcpTransport$ProfileSettings
4580:             1             56  sun.security.provider.SHA (java.base@21.0.3)
4581:             1             56  sun.security.ssl.SSLContextImpl$TLS13Context (java.base@21.0.3)
4582:             1             48  [Lcom.fasterxml.jackson.annotation.JsonInclude$Include;
4583:             1             48  [Lcom.fasterxml.jackson.annotation.JsonInclude$Include;
4584:             1             48  [Lcom.fasterxml.jackson.annotation.PropertyAccessor;
4585:             1             48  [Lcom.fasterxml.jackson.annotation.PropertyAccessor;
4586:             1             48  [Lcom.fasterxml.jackson.core.StreamWriteFeature;
4587:             3             48  [Lcom.fasterxml.jackson.databind.JavaType;
4588:             3             48  [Lcom.fasterxml.jackson.databind.JavaType;
4589:             2             48  [Lcom.google.common.cache.LocalCache$Segment;
4590:             1             48  [Lcom.sun.management.VMOption$Origin; (jdk.management@21.0.3)
4591:             1             48  [Ljava.lang.management.MemoryPoolMXBean; (java.management@21.0.3)
4592:             1             48  [Ljava.lang.reflect.ProxyGenerator$PrimitiveTypeInfo; (java.base@21.0.3)
4593:             1             48  [Ljava.math.RoundingMode; (java.base@21.0.3)
4594:             2             48  [Ljava.nio.file.FileVisitOption; (java.base@21.0.3)
4595:             1             48  [Ljava.security.cert.CertPathValidatorException$BasicReason; (java.base@21.0.3)
4596:             1             48  [Lorg.apache.logging.log4j.core.appender.rolling.FileExtension;
4597:             1             48  [Lorg.apache.logging.log4j.core.appender.rolling.RolloverFrequency;
4598:             2             48  [Lorg.apache.lucene.codecs.lucene90.Lucene90StoredFieldsFormat$Mode;
4599:             1             48  [Lorg.apache.lucene.index.MergeTrigger;
4600:             2             48  [Lorg.apache.lucene.search.SortField;
4601:             2             48  [Lorg.apache.lucene.search.TotalHits$Relation;
4602:             2             48  [Lorg.opensearch.action.search.SearchType;
4603:             1             48  [Lorg.opensearch.common.Rounding$DateTimeUnit;
4604:             2             48  [Lorg.opensearch.core.common.transport.TransportAddress;
4605:             2             48  [Lorg.opensearch.core.tasks.resourcetracker.ResourceStats;
4606:             1             48  [Lorg.opensearch.index.mapper.DynamicTemplate$XContentFieldType;
4607:             1             48  [Lorg.opensearch.index.mapper.NumberFieldMapper$NumberType;
4608:             2             48  [Lorg.opensearch.index.remote.RemoteStoreEnums$PathHashAlgorithm;
4609:             2             48  [Lorg.opensearch.index.translog.Translog$Durability;
4610:             1             48  [Lorg.opensearch.indices.analysis.PreBuiltAnalyzers;
4611:             2             48  [Lorg.opensearch.indices.replication.common.ReplicationType;
4612:             1             48  [Lorg.opensearch.ml.stats.MLClusterLevelStat;
4613:             2             48  [Lorg.opensearch.node.remotestore.RemoteStoreNodeService$CompatibilityMode;
4614:             2             48  [Lorg.opensearch.observability.settings.PluginSettings$AdminAccess;
4615:             1             48  [Lorg.opensearch.performanceanalyzer.commons.stats.eval.Statistics;
4616:             2             48  [Lorg.opensearch.persistent.decider.EnableAssignmentDecider$Allocation;
4617:             1             48  [Lorg.opensearch.replication.task.ReplicationState;
4618:             2             48  [Lorg.opensearch.repositories.s3.utils.Protocol;
4619:             2             48  [Lorg.opensearch.rest.RestHandler$Route;
4620:             1             48  [Lorg.reflections.vfs.Vfs$DefaultUrlTypes;
4621:             2             48  [Lsun.security.validator.CADistrustPolicy; (java.base@21.0.3)
4622:             1             48  [Lsun.security.x509.NetscapeCertTypeExtension$MapEntry; (java.base@21.0.3)
4623:             1             48  com.amazon.dlic.auth.ldap.backend.LDAPAuthorizationBackend
4624:             2             48  com.fasterxml.jackson.annotation.JacksonInject$Value
4625:             1             48  com.fasterxml.jackson.core.JsonLocation
4626:             2             48  com.fasterxml.jackson.core.util.DefaultIndenter
4627:             1             48  com.fasterxml.jackson.core.util.Separators
4628:             2             48  com.fasterxml.jackson.databind.AnnotationIntrospector$ReferenceProperty$Type
4629:             1             48  com.fasterxml.jackson.databind.cfg.ConfigOverride$Empty
4630:             1             48  com.fasterxml.jackson.databind.cfg.ConfigOverride$Empty
4631:             1             48  com.fasterxml.jackson.databind.cfg.ConfigOverride$Empty
4632:             2             48  com.fasterxml.jackson.databind.deser.impl.NullsConstantProvider
4633:             2             48  com.fasterxml.jackson.databind.deser.std.StdKeyDeserializer$StringKD
4634:             1             48  com.fasterxml.jackson.databind.deser.std.UntypedObjectDeserializer
4635:             2             48  com.fasterxml.jackson.databind.ser.std.BooleanSerializer
4636:             2             48  com.fasterxml.jackson.databind.ser.std.BooleanSerializer
4637:             2             48  com.fasterxml.jackson.databind.ser.std.BooleanSerializer
4638:             1             48  com.fasterxml.jackson.databind.util.StdDateFormat
4639:             1             48  com.fasterxml.jackson.databind.util.StdDateFormat
4640:             1             48  com.fasterxml.jackson.databind.util.StdDateFormat
4641:             2             48  com.google.common.cache.LocalCache$AccessQueue$1
4642:             3             48  com.google.common.cache.LocalCache$LocalLoadingCache
4643:             1             48  com.google.common.collect.Multimaps$CustomSetMultimap
4644:             2             48  com.google.common.collect.Sets$1
4645:             2             48  com.google.gson.internal.bind.TypeAdapters$33
4646:             2             48  com.intel.qat.QatZipper$Algorithm
4647:             2             48  com.intel.qat.QatZipper$Mode
4648:             2             48  com.sun.jmx.mbeanserver.ClassLoaderRepositorySupport$LoaderEntry (java.management@21.0.3)
4649:             1             48  com.sun.jmx.mbeanserver.DefaultMXBeanMappingFactory$Mappings (java.management@21.0.3)
4650:             1             48  com.sun.jmx.mbeanserver.MBeanIntrospector$MBeanInfoMap (java.management@21.0.3)
4651:             1             48  com.sun.jmx.mbeanserver.MBeanIntrospector$PerInterfaceMap (java.management@21.0.3)
4652:             2             48  com.sun.jmx.mbeanserver.WeakIdentityHashMap (java.management@21.0.3)
4653:             2             48  com.sun.jna.Memory$MemoryDisposer
4654:             2             48  com.sun.jna.NativeMappedConverter
4655:             2             48  io.netty.bootstrap.ServerBootstrap$ServerBootstrapAcceptor$1
4656:             2             48  io.netty.buffer.PoolArena$SizeClass
4657:             2             48  io.netty.buffer.PooledByteBufAllocator$PoolThreadLocalCache
4658:             2             48  io.netty.channel.ChannelMetadata
4659:             2             48  io.netty.channel.FixedRecvByteBufAllocator
4660:             3             48  io.netty.channel.ReflectiveChannelFactory
4661:             2             48  io.netty.handler.logging.ByteBufFormat
4662:             1             48  io.netty.handler.ssl.JdkSslClientContext
4663:             3             48  io.netty.util.DefaultAttributeMap
4664:             1             48  io.netty.util.ResourceLeakDetector$TraceRecord$1
4665:             3             48  io.netty.util.concurrent.MultithreadEventExecutorGroup$1
4666:             3             48  io.netty.util.concurrent.PromiseTask$SentinelRunnable
4667:             3             48  io.netty.util.concurrent.PromiseTask$SentinelRunnable
4668:             3             48  io.netty.util.concurrent.ThreadPerTaskExecutor
4669:             2             48  io.protostuff.runtime.ArrayFieldMap
4670:             2             48  io.protostuff.runtime.RuntimePipeSchema
4671:             1             48  java.io.BufferedInputStream (java.base@21.0.3)
4672:             2             48  java.io.File$PathStatus (java.base@21.0.3)
4673:             1             48  java.lang.NullPointerException (java.base@21.0.3)
4674:             1             48  java.lang.invoke.BoundMethodHandle$Specializer$Factory (java.base@21.0.3)
4675:             1             48  java.lang.invoke.VarHandleReferences$Array (java.base@21.0.3)
4676:             1             48  java.lang.invoke.VarHandleSegmentAsBytes (java.base@21.0.3)
4677:             1             48  java.lang.invoke.VarHandleSegmentAsInts (java.base@21.0.3)
4678:             1             48  java.lang.invoke.VarHandleSegmentAsLongs (java.base@21.0.3)
4679:             1             48  java.lang.invoke.VarHandleSegmentAsShorts (java.base@21.0.3)
4680:             3             48  java.nio.charset.CodingErrorAction (java.base@21.0.3)
4681:             3             48  java.security.AllPermissionCollection (java.base@21.0.3)
4682:             2             48  java.security.Provider$OPType (java.base@21.0.3)
4683:             3             48  java.text.AttributedCharacterIterator$Attribute (java.base@21.0.3)
4684:             2             48  java.text.BreakIterator$BreakIteratorCache (java.base@21.0.3)
4685:             2             48  java.time.OffsetDateTime (java.base@21.0.3)
4686:             2             48  java.time.OffsetTime (java.base@21.0.3)
4687:             2             48  java.time.chrono.IsoEra (java.base@21.0.3)
4688:             2             48  java.time.chrono.MinguoEra (java.base@21.0.3)
4689:             2             48  java.time.chrono.ThaiBuddhistEra (java.base@21.0.3)
4690:             3             48  java.time.format.DateTimeFormatterBuilder$1 (java.base@21.0.3)
4691:             3             48  java.util.Base64$Decoder (java.base@21.0.3)
4692:             2             48  java.util.Collections$UnmodifiableList (java.base@21.0.3)
4693:             3             48  java.util.EnumMap$KeySet (java.base@21.0.3)
4694:             2             48  java.util.Formatter$BigDecimalLayoutForm (java.base@21.0.3)
4695:             3             48  java.util.ResourceBundle$NoFallbackControl (java.base@21.0.3)
4696:             3             48  java.util.concurrent.ConcurrentSkipListMap$KeySet (java.base@21.0.3)
4697:             2             48  java.util.concurrent.SynchronousQueue$Transferer (java.base@21.0.3)
4698:             3             48  java.util.concurrent.atomic.AtomicMarkableReference (java.base@21.0.3)
4699:             2             48  java.util.logging.Logger$LoggerBundle (java.logging@21.0.3)
4700:             2             48  javax.crypto.CryptoPermissions (java.base@21.0.3)
4701:             2             48  javax.management.NotificationBroadcasterSupport (java.management@21.0.3)
4702:             2             48  javax.security.auth.AuthPermission (java.base@21.0.3)
4703:             1             48  jdk.internal.foreign.layout.ValueLayouts$OfBooleanImpl (java.base@21.0.3)
4704:             1             48  jdk.internal.foreign.layout.ValueLayouts$OfByteImpl (java.base@21.0.3)
4705:             1             48  jdk.internal.icu.util.CodePointTrie$Fast16 (java.base@21.0.3)
4706:             2             48  jdk.internal.icu.util.CodePointTrie$Type (java.base@21.0.3)
4707:             1             48  jdk.internal.jimage.ImageHeader (java.base@21.0.3)
4708:             2             48  jdk.internal.misc.Signal$NativeHandler (java.base@21.0.3)
4709:             2             48  jdk.internal.reflect.ReflectionFactory$Config (java.base@21.0.3)
4710:             1             48  jdk.management.jfr.FlightRecorderMXBeanImpl (jdk.management.jfr@21.0.3)
4711:             3             48  jdk.proxy1.$Proxy42 (jdk.proxy1)
4712:             1             48  joptsimple.OptionParser
4713:             2             48  kotlin.coroutines.CombinedContext
4714:             2             48  kotlinx.coroutines.JobImpl
4715:             3             48  kotlinx.coroutines.internal.ContextScope
4716:             3             48  kotlinx.coroutines.internal.Symbol
4717:             2             48  kotlinx.coroutines.scheduling.TaskMode
4718:             1             48  org.apache.logging.log4j.core.appender.ConsoleAppender
4719:             3             48  org.apache.logging.log4j.core.config.DefaultAdvertiser
4720:             2             48  org.apache.logging.log4j.core.config.plugins.util.PluginManager
4721:             2             48  org.apache.logging.log4j.core.config.status.StatusConfiguration$Verbosity
4722:             1             48  org.apache.logging.log4j.core.impl.Log4jProvider
4723:             2             48  org.apache.logging.log4j.core.util.datetime.FastDateFormat
4724:             2             48  org.apache.logging.log4j.core.util.datetime.FastDatePrinter$PaddedNumberField
4725:             1             48  org.apache.logging.log4j.status.StatusLogger
4726:             2             48  org.apache.logging.log4j.util.PropertiesUtil$Environment
4727:             2             48  org.apache.logging.log4j.util.PropertyFilePropertySource
4728:             3             48  org.apache.lucene.analysis.Analyzer$TokenStreamComponents$$Lambda/0x00007fcd29266150
4729:             1             48  org.apache.lucene.analysis.CharArrayMap$EmptyCharArrayMap
4730:             2             48  org.apache.lucene.analysis.classic.ClassicAnalyzer$$Lambda/0x00007fcd29268420
4731:             2             48  org.apache.lucene.analysis.core.SimpleAnalyzer
4732:             2             48  org.apache.lucene.analysis.core.StopAnalyzer
4733:             2             48  org.apache.lucene.analysis.id.IndonesianStemmer
4734:             2             48  org.apache.lucene.backward_codecs.lucene50.Lucene50StoredFieldsFormat$Mode
4735:             3             48  org.apache.lucene.backward_codecs.lucene70.Lucene70SegmentInfoFormat
4736:             2             48  org.apache.lucene.backward_codecs.lucene80.Lucene80DocValuesFormat$Mode
4737:             3             48  org.apache.lucene.backward_codecs.lucene86.Lucene86PointsFormat
4738:             3             48  org.apache.lucene.backward_codecs.lucene86.Lucene86SegmentInfoFormat
4739:             2             48  org.apache.lucene.backward_codecs.lucene87.Lucene87Codec$1
4740:             2             48  org.apache.lucene.backward_codecs.lucene87.Lucene87Codec$2
4741:             2             48  org.apache.lucene.backward_codecs.lucene87.Lucene87StoredFieldsFormat$Mode
4742:             2             48  org.apache.lucene.backward_codecs.lucene91.Lucene91Codec$1
4743:             2             48  org.apache.lucene.backward_codecs.lucene91.Lucene91Codec$2
4744:             2             48  org.apache.lucene.backward_codecs.lucene91.Lucene91Codec$3
4745:             2             48  org.apache.lucene.backward_codecs.lucene91.Lucene91HnswVectorsFormat
4746:             2             48  org.apache.lucene.backward_codecs.lucene92.Lucene92Codec$1
4747:             2             48  org.apache.lucene.backward_codecs.lucene92.Lucene92Codec$2
4748:             2             48  org.apache.lucene.backward_codecs.lucene92.Lucene92Codec$3
4749:             2             48  org.apache.lucene.backward_codecs.lucene92.Lucene92HnswVectorsFormat
4750:             2             48  org.apache.lucene.backward_codecs.lucene94.Lucene94Codec$1
4751:             2             48  org.apache.lucene.backward_codecs.lucene94.Lucene94Codec$2
4752:             2             48  org.apache.lucene.backward_codecs.lucene94.Lucene94Codec$3
4753:             2             48  org.apache.lucene.backward_codecs.lucene94.Lucene94HnswVectorsFormat
4754:             2             48  org.apache.lucene.codecs.lucene90.Lucene90StoredFieldsFormat$Mode
4755:             2             48  org.apache.lucene.document.Field$Store
4756:             2             48  org.apache.lucene.document.InvertableType
4757:             2             48  org.apache.lucene.queryparser.classic.QueryParser$Operator
4758:             2             48  org.apache.lucene.search.PointRangeQuery$1$1
4759:             2             48  org.apache.lucene.search.PointRangeQuery$1$2
4760:             1             48  org.apache.lucene.search.PrefixQuery
4761:             3             48  org.apache.lucene.search.TotalHitCountCollector$1
4762:             2             48  org.apache.lucene.search.TotalHits$Relation
4763:             2             48  org.apache.lucene.util.FileDeleter$MsgType
4764:             1             48  org.apache.lucene.util.automaton.CompiledAutomaton
4765:             2             48  org.apache.lucene.util.fst.ReverseBytesReader
4766:             1             48  org.apache.lucene.util.packed.BulkOperationPacked1
4767:             1             48  org.apache.lucene.util.packed.BulkOperationPacked10
4768:             1             48  org.apache.lucene.util.packed.BulkOperationPacked11
4769:             1             48  org.apache.lucene.util.packed.BulkOperationPacked12
4770:             1             48  org.apache.lucene.util.packed.BulkOperationPacked13
4771:             1             48  org.apache.lucene.util.packed.BulkOperationPacked14
4772:             1             48  org.apache.lucene.util.packed.BulkOperationPacked15
4773:             1             48  org.apache.lucene.util.packed.BulkOperationPacked16
4774:             1             48  org.apache.lucene.util.packed.BulkOperationPacked17
4775:             1             48  org.apache.lucene.util.packed.BulkOperationPacked18
4776:             1             48  org.apache.lucene.util.packed.BulkOperationPacked19
4777:             1             48  org.apache.lucene.util.packed.BulkOperationPacked2
4778:             1             48  org.apache.lucene.util.packed.BulkOperationPacked20
4779:             1             48  org.apache.lucene.util.packed.BulkOperationPacked21
4780:             1             48  org.apache.lucene.util.packed.BulkOperationPacked22
4781:             1             48  org.apache.lucene.util.packed.BulkOperationPacked23
4782:             1             48  org.apache.lucene.util.packed.BulkOperationPacked24
4783:             1             48  org.apache.lucene.util.packed.BulkOperationPacked3
4784:             1             48  org.apache.lucene.util.packed.BulkOperationPacked4
4785:             1             48  org.apache.lucene.util.packed.BulkOperationPacked5
4786:             1             48  org.apache.lucene.util.packed.BulkOperationPacked6
4787:             1             48  org.apache.lucene.util.packed.BulkOperationPacked7
4788:             1             48  org.apache.lucene.util.packed.BulkOperationPacked8
4789:             1             48  org.apache.lucene.util.packed.BulkOperationPacked9
4790:             3             48  org.bouncycastle.pqc.jcajce.provider.bike.BIKEKeyFactorySpi
4791:             2             48  org.bouncycastle.pqc.jcajce.provider.falcon.FalconKeyFactorySpi
4792:             3             48  org.bouncycastle.pqc.jcajce.provider.hqc.HQCKeyFactorySpi
4793:             2             48  org.greenrobot.eventbus.PendingPostQueue
4794:             1             48  org.greenrobot.eventbus.SubscriberMethodFinder$FindState
4795:             2             48  org.ietf.jgss.Oid (java.security.jgss@21.0.3)
4796:             3             48  org.locationtech.jts.geom.PrecisionModel$Type
4797:             2             48  org.locationtech.spatial4j.io.PolyshapeReader
4798:             2             48  org.locationtech.spatial4j.io.WKTReader
4799:             1             48  org.opensearch.action.admin.cluster.configuration.TransportClearVotingConfigExclusionsAction
4800:             1             48  org.opensearch.action.admin.cluster.decommission.awareness.get.TransportGetDecommissionStateAction
4801:             1             48  org.opensearch.action.admin.cluster.repositories.get.TransportGetRepositoriesAction
4802:             2             48  org.opensearch.action.admin.cluster.stats.TransportClusterStatsAction$ClusterStatsNodeRequest
4803:             1             48  org.opensearch.action.admin.indices.datastream.GetDataStreamAction$TransportAction
4804:             1             48  org.opensearch.action.admin.indices.exists.indices.TransportIndicesExistsAction
4805:             1             48  org.opensearch.action.admin.indices.forcemerge.TransportForceMergeAction
4806:             1             48  org.opensearch.action.admin.indices.recovery.TransportRecoveryAction
4807:             1             48  org.opensearch.action.admin.indices.resolve.ResolveIndexAction$TransportAction
4808:             1             48  org.opensearch.action.admin.indices.segments.TransportIndicesSegmentsAction
4809:             1             48  org.opensearch.action.admin.indices.stats.TransportIndicesStatsAction
4810:             1             48  org.opensearch.action.admin.indices.template.get.TransportGetComponentTemplateAction
4811:             1             48  org.opensearch.action.admin.indices.template.get.TransportGetComposableIndexTemplateAction
4812:             1             48  org.opensearch.action.admin.indices.template.get.TransportGetIndexTemplatesAction
4813:             1             48  org.opensearch.action.admin.indices.upgrade.get.TransportUpgradeStatusAction
4814:             1             48  org.opensearch.action.fieldcaps.TransportFieldCapabilitiesAction
4815:             1             48  org.opensearch.action.fieldcaps.TransportFieldCapabilitiesIndexAction
4816:             1             48  org.opensearch.action.ingest.GetPipelineTransportAction
4817:             1             48  org.opensearch.action.search.GetSearchPipelineTransportAction
4818:             1             48  org.opensearch.action.search.TransportMultiSearchAction
4819:             2             48  org.opensearch.ad.ADTaskProfileRunner
4820:             2             48  org.opensearch.ad.client.AnomalyDetectionNodeClient
4821:             1             48  org.opensearch.ad.settings.ADEnabledSetting$1
4822:             1             48  org.opensearch.ad.settings.ADNumericSetting$1
4823:             1             48  org.opensearch.ad.transport.RCFPollingTransportAction
4824:             1             48  org.opensearch.ad.transport.RCFResultTransportAction
4825:             1             48  org.opensearch.ad.transport.SearchAnomalyResultTransportAction
4826:             1             48  org.opensearch.ad.transport.StatsAnomalyDetectorTransportAction
4827:             1             48  org.opensearch.alerting.transport.TransportAcknowledgeAlertAction
4828:             1             48  org.opensearch.alerting.transport.TransportAcknowledgeChainedAlertAction
4829:             1             48  org.opensearch.alerting.transport.TransportDeleteAlertingCommentAction
4830:             1             48  org.opensearch.alerting.transport.TransportDeleteMonitorAction
4831:             1             48  org.opensearch.alerting.transport.TransportExecuteWorkflowAction
4832:             1             48  org.opensearch.alerting.transport.TransportGetAlertsAction
4833:             1             48  org.opensearch.alerting.transport.TransportGetDestinationsAction
4834:             1             48  org.opensearch.alerting.transport.TransportGetEmailAccountAction
4835:             1             48  org.opensearch.alerting.transport.TransportGetEmailGroupAction
4836:             1             48  org.opensearch.alerting.transport.TransportGetFindingsSearchAction
4837:             1             48  org.opensearch.alerting.transport.TransportGetMonitorAction
4838:             1             48  org.opensearch.alerting.transport.TransportGetWorkflowAction
4839:             1             48  org.opensearch.alerting.transport.TransportGetWorkflowAlertsAction
4840:             1             48  org.opensearch.alerting.transport.TransportSearchAlertingCommentAction
4841:             1             48  org.opensearch.alerting.transport.TransportSearchMonitorAction
4842:             2             48  org.opensearch.alerting.util.DocLevelMonitorQueries
4843:             2             48  org.opensearch.bootstrap.OpenSearchPolicy$BadDefaultPermission
4844:             1             48  org.opensearch.client.node.NodeClient
4845:             1             48  org.opensearch.cluster.NodeConnectionsService
4846:             1             48  org.opensearch.cluster.coordination.CoordinationState
4847:             2             48  org.opensearch.cluster.coordination.CoordinationState$VoteCollection
4848:             2             48  org.opensearch.cluster.coordination.PersistedStateRegistry$PersistedStateType
4849:             3             48  org.opensearch.cluster.metadata.AliasValidator
4850:             2             48  org.opensearch.cluster.metadata.ComponentTemplate
4851:             3             48  org.opensearch.cluster.metadata.DataStream$TimestampField
4852:             1             48  org.opensearch.cluster.metadata.MetadataIndexStateService
4853:             1             48  org.opensearch.cluster.metadata.MetadataUpdateSettingsService
4854:             2             48  org.opensearch.cluster.node.DiscoveryNodeFilters$OpType
4855:             2             48  org.opensearch.cluster.routing.RoutingTable
4856:             3             48  org.opensearch.cluster.routing.WeightedRoutingService$$Lambda/0x00007fcd28e22ef0
4857:             3             48  org.opensearch.cluster.routing.WeightedRoutingService$$Lambda/0x00007fcd28e23120
4858:             1             48  org.opensearch.common.Rounding$DateTimeUnit$5
4859:             1             48  org.opensearch.common.Rounding$DateTimeUnit$6
4860:             1             48  org.opensearch.common.Rounding$DateTimeUnit$7
4861:             1             48  org.opensearch.common.Rounding$DateTimeUnit$8
4862:             3             48  org.opensearch.common.hash.MessageDigests$$Lambda/0x00007fcd280d6c78
4863:             3             48  org.opensearch.common.inject.InjectorImpl$BindingsMultimap
4864:             3             48  org.opensearch.common.inject.TypeConverterBindingProcessor$1
4865:             3             48  org.opensearch.common.inject.TypeConverterBindingProcessor$2
4866:             3             48  org.opensearch.common.inject.TypeConverterBindingProcessor$3
4867:             3             48  org.opensearch.common.inject.TypeConverterBindingProcessor$4
4868:             3             48  org.opensearch.common.inject.WeakKeySet
4869:             3             48  org.opensearch.common.inject.matcher.Matchers$SubclassesOf
4870:             2             48  org.opensearch.common.logging.LoggingOutputStream
4871:             1             48  org.opensearch.common.settings.ClusterSettings
4872:             2             48  org.opensearch.common.settings.Setting$$Lambda/0x00007fcd280bde50
4873:             3             48  org.opensearch.common.settings.Setting$$Lambda/0x00007fcd284a0a78
4874:             1             48  org.opensearch.common.settings.SettingsModule
4875:             1             48  org.opensearch.common.time.EpochTime$6
4876:             2             48  org.opensearch.core.common.breaker.CircuitBreaker$Durability
4877:             2             48  org.opensearch.core.common.transport.BoundTransportAddress
4878:             1             48  org.opensearch.flowframework.transport.GetWorkflowTransportAction
4879:             1             48  org.opensearch.forecast.ml.ForecastModelManager
4880:             1             48  org.opensearch.forecast.settings.ForecastEnabledSetting$1
4881:             1             48  org.opensearch.forecast.settings.ForecastNumericSetting$1
4882:             1             48  org.opensearch.gateway.PersistedClusterStateService$Writer
4883:             1             48  org.opensearch.geospatial.ip2geo.action.PutDatasourceTransportAction
4884:             1             48  org.opensearch.geospatial.ip2geo.action.UpdateDatasourceTransportAction
4885:             1             48  org.opensearch.grok.MatcherWatchdog$Default
4886:             1             48  org.opensearch.http.HttpHandlingSettings
4887:             1             48  org.opensearch.http.netty4.ssl.SecureNetty4HttpServerTransport$SslHttpChannelHandler
4888:             2             48  org.opensearch.identity.IdentityService
4889:             2             48  org.opensearch.index.IndexService$IndexCreationContext
4890:             1             48  org.opensearch.index.SegmentReplicationPressureService$AsyncFailStaleReplicaTask
4891:             1             48  org.opensearch.index.analysis.AnalysisRegistry
4892:             2             48  org.opensearch.index.codec.customcodecs.Lucene99QatStoredFieldsFormat
4893:             2             48  org.opensearch.index.codec.customcodecs.QatCompressionMode
4894:             2             48  org.opensearch.index.engine.Engine$SearcherScope
4895:             2             48  org.opensearch.index.query.Operator
4896:             3             48  org.opensearch.index.query.functionscore.DecayFunctionParser
4897:             1             48  org.opensearch.index.reindex.TransportDeleteByQueryAction
4898:             1             48  org.opensearch.index.reindex.TransportUpdateByQueryAction
4899:             1             48  org.opensearch.index.remote.RemoteStorePressureSettings
4900:             2             48  org.opensearch.index.seqno.RetentionLeaseSyncer
4901:             2             48  org.opensearch.index.shard.ShardStateMetadata$IndexDataLocation
4902:             2             48  org.opensearch.index.store.remote.filecache.FileCacheSettings
4903:             2             48  org.opensearch.index.translog.Translog$Durability
4904:             1             48  org.opensearch.indexmanagement.controlcenter.notification.action.index.TransportIndexLRONConfigAction
4905:             3             48  org.opensearch.indexmanagement.indexstatemanagement.PluginVersionSweepCoordinator$$Lambda/0x00007fcd29022100
4906:             1             48  org.opensearch.indexmanagement.indexstatemanagement.transport.action.deletepolicy.TransportDeletePolicyAction
4907:             1             48  org.opensearch.indexmanagement.indexstatemanagement.transport.action.explain.TransportExplainAction
4908:             1             48  org.opensearch.indexmanagement.indexstatemanagement.transport.action.getpolicy.TransportGetPoliciesAction
4909:             1             48  org.opensearch.indexmanagement.rollup.action.explain.TransportExplainRollupAction
4910:             1             48  org.opensearch.indexmanagement.transform.action.preview.TransportPreviewTransformAction
4911:             1             48  org.opensearch.indices.IndexingMemoryController
4912:             1             48  org.opensearch.indices.RemoteStoreSettings
4913:             1             48  org.opensearch.indices.recovery.RecoverySourceHandler$SendFileResult
4914:             2             48  org.opensearch.indices.replication.common.ReplicationCollection
4915:             2             48  org.opensearch.indices.replication.common.ReplicationType
4916:             2             48  org.opensearch.ingest.IngestStats
4917:             2             48  org.opensearch.ingest.IngestStats$Builder
4918:             3             48  org.opensearch.jobscheduler.sweeper.JobSweeper$$Lambda/0x00007fcd29005638
4919:             3             48  org.opensearch.jobscheduler.sweeper.JobSweeper$$Lambda/0x00007fcd29005cf8
4920:             3             48  org.opensearch.jobscheduler.sweeper.JobSweeper$$Lambda/0x00007fcd291ba5f0
4921:             1             48  org.opensearch.knn.index.KNNSettings$1
4922:             2             48  org.opensearch.knn.index.MethodComponentContext
4923:             3             48  org.opensearch.knn.plugin.stats.suppliers.LibraryInitializedSupplier
4924:             1             48  org.opensearch.knn.plugin.transport.ClearCacheTransportAction
4925:             1             48  org.opensearch.knn.plugin.transport.KNNWarmupTransportAction
4926:             1             48  org.opensearch.ml.action.connector.UpdateConnectorTransportAction
4927:             1             48  org.opensearch.ml.action.controller.GetControllerTransportAction
4928:             1             48  org.opensearch.ml.action.controller.UpdateControllerTransportAction
4929:             1             48  org.opensearch.ml.action.model_group.DeleteModelGroupTransportAction
4930:             1             48  org.opensearch.ml.action.model_group.GetModelGroupTransportAction
4931:             1             48  org.opensearch.ml.action.models.DeleteModelTransportAction
4932:             1             48  org.opensearch.ml.action.models.GetModelTransportAction
4933:             1             48  org.opensearch.ml.autoredeploy.MLModelAutoReDeployer
4934:             1             48  org.opensearch.ml.cluster.MLCommonsClusterManagerEventListener
4935:             2             48  org.opensearch.ml.memory.index.ConversationMetaIndex
4936:             1             48  org.opensearch.ml.task.MLTaskDispatcher
4937:             2             48  org.opensearch.monitor.StatusInfo$Status
4938:             1             48  org.opensearch.monitor.jvm.JvmGcMonitorService
4939:             1             48  org.opensearch.monitor.jvm.JvmGcMonitorService$1
4940:             2             48  org.opensearch.monitor.os.OsService
4941:             1             48  org.opensearch.node.NodeResourceUsageStats
4942:             1             48  org.opensearch.node.resource.tracker.NodeResourceUsageTracker
4943:             2             48  org.opensearch.observability.settings.PluginSettings$AdminAccess
4944:             1             48  org.opensearch.painless.CompilerSettings
4945:             1             48  org.opensearch.performanceanalyzer.PerformanceAnalyzerPlugin
4946:             1             48  org.opensearch.performanceanalyzer.collectors.ClusterApplierServiceStatsCollector$ClusterApplierServiceStats
4947:             1             48  org.opensearch.performanceanalyzer.collectors.NodeStatsAllShardsMetricsCollector$1
4948:             1             48  org.opensearch.persistent.PersistentTasksClusterService
4949:             1             48  org.opensearch.persistent.PersistentTasksClusterService$PeriodicRechecker
4950:             2             48  org.opensearch.persistent.PersistentTasksCustomMetadata$Assignment
4951:             2             48  org.opensearch.persistent.decider.EnableAssignmentDecider$Allocation
4952:             1             48  org.opensearch.replication.action.status.TranportShardsInfoAction
4953:             1             48  org.opensearch.replication.action.status.TransportReplicationStatusAction
4954:             2             48  org.opensearch.replication.seqno.RemoteClusterStats
4955:             2             48  org.opensearch.replication.seqno.RemoteClusterTranslogService
4956:             1             48  org.opensearch.replication.task.index.IndexReplicationExecutor
4957:             1             48  org.opensearch.replication.task.shard.ShardReplicationExecutor
4958:             2             48  org.opensearch.repositories.RepositoryInfo
4959:             2             48  org.opensearch.repositories.s3.async.SizeBasedBlockingQ$QueueEventType
4960:             2             48  org.opensearch.repositories.s3.async.TransferSemaphoresHolder$TypeSemaphore
4961:             2             48  org.opensearch.repositories.s3.async.TransferSemaphoresHolder$TypeSemaphore$PermitType
4962:             2             48  org.opensearch.rest.action.admin.indices.RestCreateIndexAction
4963:             2             48  org.opensearch.rest.action.admin.indices.RestGetAliasesAction
4964:             2             48  org.opensearch.rest.action.admin.indices.RestGetIndicesAction
4965:             2             48  org.opensearch.rest.action.admin.indices.RestIndexPutAliasAction
4966:             2             48  org.opensearch.rest.action.admin.indices.RestRefreshAction
4967:             2             48  org.opensearch.rest.action.admin.indices.RestUpdateSettingsAction
4968:             2             48  org.opensearch.rest.action.document.RestBulkAction
4969:             2             48  org.opensearch.rest.action.document.RestBulkStreamingAction
4970:             2             48  org.opensearch.rest.action.document.RestDeleteAction
4971:             2             48  org.opensearch.rest.action.document.RestGetAction
4972:             2             48  org.opensearch.rest.action.document.RestIndexAction
4973:             2             48  org.opensearch.rest.action.document.RestIndexAction$AutoIdHandler
4974:             2             48  org.opensearch.rest.action.document.RestIndexAction$CreateHandler
4975:             2             48  org.opensearch.rest.action.document.RestMultiGetAction
4976:             2             48  org.opensearch.rest.action.document.RestUpdateAction
4977:             2             48  org.opensearch.rest.action.search.RestClearScrollAction
4978:             2             48  org.opensearch.rest.action.search.RestSearchAction
4979:             2             48  org.opensearch.rest.action.search.RestSearchScrollAction
4980:             1             48  org.opensearch.search.SearchModule
4981:             2             48  org.opensearch.search.aggregations.metrics.AbstractPercentilesAggregationBuilder$$Lambda/0x00007fcd287b9cc0
4982:             3             48  org.opensearch.search.asynchronous.management.AsynchronousSearchManagementService$ActiveContextReaper$$Lambda/0x00007fcd28fbd3f0
4983:             3             48  org.opensearch.search.asynchronous.service.AsynchronousSearchService$$Lambda/0x00007fcd28fbd1a0
4984:             1             48  org.opensearch.search.asynchronous.stats.InternalAsynchronousSearchStats$CountStatsHolder
4985:             1             48  org.opensearch.search.asynchronous.transport.TransportSubmitAsynchronousSearchAction
4986:             2             48  org.opensearch.search.backpressure.trackers.CpuUsageTracker
4987:             2             48  org.opensearch.search.backpressure.trackers.ElapsedTimeTracker
4988:             2             48  org.opensearch.search.backpressure.trackers.NodeDuressTracker
4989:             3             48  org.opensearch.search.fetch.subphase.highlight.HighlightPhase
4990:             1             48  org.opensearch.search.internal.InternalSearchResponse
4991:             1             48  org.opensearch.search.pipeline.Pipeline
4992:             2             48  org.opensearch.search.sort.SortFieldAndFormat
4993:             2             48  org.opensearch.secure_sm.ThreadPermission
4994:             1             48  org.opensearch.security.auditlog.sink.DebugSink
4995:             1             48  org.opensearch.security.auditlog.sink.SinkProvider
4996:             3             48  org.opensearch.security.compliance.ComplianceConfig$1
4997:             1             48  org.opensearch.security.dlic.rest.api.ActionGroupsApiAction
4998:             1             48  org.opensearch.security.dlic.rest.api.AllowlistApiAction
4999:             1             48  org.opensearch.security.dlic.rest.api.AuthTokenProcessorAction
5000:             1             48  org.opensearch.security.dlic.rest.api.CertificatesApiAction
5001:             1             48  org.opensearch.security.dlic.rest.api.ConfigUpgradeApiAction
5002:             1             48  org.opensearch.security.dlic.rest.api.FlushCacheApiAction
5003:             1             48  org.opensearch.security.dlic.rest.api.MigrateApiAction
5004:             1             48  org.opensearch.security.dlic.rest.api.MultiTenancyConfigApiAction
5005:             1             48  org.opensearch.security.dlic.rest.api.RolesApiAction
5006:             1             48  org.opensearch.security.dlic.rest.api.RolesMappingApiAction
5007:             1             48  org.opensearch.security.dlic.rest.api.TenantsApiAction
5008:             1             48  org.opensearch.security.dlic.rest.api.ValidateApiAction
5009:             1             48  org.opensearch.security.dlic.rest.api.WhitelistApiAction
5010:             1             48  org.opensearch.security.privileges.SecurityIndexAccessEvaluator
5011:             1             48  org.opensearch.security.rest.SecurityWhoAmIAction
5012:             1             48  org.opensearch.security.rest.TenantInfoAction
5013:             1             48  org.opensearch.security.securityconf.ConfigModelV7
5014:             1             48  org.opensearch.security.securityconf.ConfigModelV7$RoleMappingHolder
5015:             1             48  org.opensearch.security.securityconf.DynamicConfigFactory
5016:             2             48  org.opensearch.security.securityconf.impl.v7.ConfigV7$AuthzBackend
5017:             2             48  org.opensearch.security.securityconf.impl.v7.ConfigV7$AuthzDomain
5018:             2             48  org.opensearch.security.securityconf.impl.v7.ConfigV7$Http
5019:             2             48  org.opensearch.security.securityconf.impl.v7.ConfigV7$OnBehalfOfSettings
5020:             2             48  org.opensearch.security.securityconf.impl.v7.ConfigV7$Xff
5021:             2             48  org.opensearch.security.ssl.transport.PrincipalExtractor$Type
5022:             2             48  org.opensearch.security.support.SerializationFormat
5023:             1             48  org.opensearch.securityanalytics.threatIntel.common.TIFMetadata
5024:             1             48  org.opensearch.securityanalytics.transport.TransportDeleteRuleAction
5025:             1             48  org.opensearch.securityanalytics.transport.TransportListCorrelationAction
5026:             1             48  org.opensearch.securityanalytics.transport.TransportSearchCorrelationAction
5027:             1             48  org.opensearch.securityanalytics.transport.TransportSearchCorrelationRuleAction
5028:             2             48  org.opensearch.securityanalytics.util.WorkflowService
5029:             1             48  org.opensearch.snapshots.SnapshotShardsService
5030:             3             48  org.opensearch.sql.expression.function.FunctionDSL$$Lambda/0x00007fcd28b31cb0
5031:             2             48  org.opensearch.sql.expression.function.FunctionDSL$$Lambda/0x00007fcd28b5aab0
5032:             3             48  org.opensearch.sql.expression.window.WindowFunctions$$Lambda/0x00007fcd28b633f8
5033:             2             48  org.opensearch.sql.opensearch.setting.OpenSearchSettings
5034:             2             48  org.opensearch.sql.spark.asyncquery.OpenSearchAsyncQueryJobMetadataStorageService
5035:             3             48  org.opensearch.sql.spark.dispatcher.DatasourceEmbeddedQueryIdProvider
5036:             2             48  org.opensearch.sql.sql.SQLService
5037:             1             48  org.opensearch.tasks.TaskCancellationMonitoringService
5038:             3             48  org.opensearch.threadpool.AutoQueueAdjustingExecutorBuilder$$Lambda/0x00007fcd28535d58
5039:             3             48  org.opensearch.threadpool.AutoQueueAdjustingExecutorBuilder$$Lambda/0x00007fcd285361d0
5040:             3             48  org.opensearch.threadpool.AutoQueueAdjustingExecutorBuilder$$Lambda/0x00007fcd28536678
5041:             2             48  org.opensearch.timeseries.AnalysisType
5042:             1             48  org.opensearch.timeseries.NodeStateManager
5043:             2             48  org.opensearch.timeseries.caching.PriorityCache$$Lambda/0x00007fcd28a146b8
5044:             1             48  org.opensearch.timeseries.feature.SearchFeatureDao
5045:             1             48  org.opensearch.timeseries.settings.TimeSeriesEnabledSetting$1
5046:             1             48  org.opensearch.transport.ClusterConnectionManager
5047:             1             48  org.opensearch.transport.NativeMessageHandler
5048:             2             48  org.opensearch.transport.NettyByteBufSizer
5049:             2             48  org.opensearch.transport.SharedGroupFactory$SharedGroup
5050:             2             48  software.amazon.awssdk.auth.credentials.AwsBasicCredentials
5051:             3             48  sun.nio.ch.SocketDispatcher (java.base@21.0.3)
5052:             1             48  sun.nio.fs.UnixMountEntry (java.base@21.0.3)
5053:             2             48  sun.security.ec.ParametersMap (jdk.crypto.ec@21.0.3)
5054:             2             48  sun.security.jca.ProviderList (java.base@21.0.3)
5055:             2             48  sun.security.jca.ProviderList$3 (java.base@21.0.3)
5056:             3             48  sun.security.provider.X509Factory (java.base@21.0.3)
5057:             3             48  sun.security.rsa.PSSParameters (java.base@21.0.3)
5058:             2             48  sun.security.ssl.SSLAlgorithmConstraints (java.base@21.0.3)
5059:             3             48  sun.security.ssl.SSLAlgorithmDecomposer (java.base@21.0.3)
5060:             3             48  sun.security.ssl.SSLCipher$StreamReadCipherGenerator (java.base@21.0.3)
5061:             3             48  sun.security.ssl.SSLCipher$StreamWriteCipherGenerator (java.base@21.0.3)
5062:             2             48  sun.security.util.DisabledAlgorithmConstraints$jdkCAConstraint (java.base@21.0.3)
5063:             2             48  sun.security.validator.EndEntityChecker (java.base@21.0.3)
5064:             1             48  sun.text.BreakDictionary (java.base@21.0.3)
5065:             1             48  sun.text.resources.FormatData (java.base@21.0.3)
5066:             1             48  sun.text.resources.FormatData_en (java.base@21.0.3)
5067:             1             48  sun.text.resources.FormatData_en_US (java.base@21.0.3)
5068:             1             48  sun.util.resources.CalendarData (java.base@21.0.3)
5069:             1             48  sun.util.resources.CalendarData_en (java.base@21.0.3)
5070:             1             40  [Lcom.fasterxml.jackson.annotation.JsonAutoDetect$Visibility;
5071:             1             40  [Lcom.fasterxml.jackson.annotation.JsonAutoDetect$Visibility;
5072:             1             40  [Lcom.fasterxml.jackson.annotation.Nulls;
5073:             1             40  [Lcom.fasterxml.jackson.annotation.Nulls;
5074:             1             40  [Lcom.fasterxml.jackson.annotation.Nulls;
5075:             1             40  [Lcom.fasterxml.jackson.core.JsonEncoding;
5076:             1             40  [Lcom.fasterxml.jackson.core.JsonFactory$Feature;
5077:             1             40  [Lcom.fasterxml.jackson.core.JsonParser$NumberType;
5078:             1             40  [Lcom.fasterxml.jackson.core.StreamReadFeature;
5079:             1             40  [Lcom.fasterxml.jackson.core.json.JsonWriteFeature;
5080:             1             40  [Lcom.fasterxml.jackson.databind.cfg.JsonNodeFeature;
5081:             1             40  [Lcom.fasterxml.jackson.databind.cfg.JsonNodeFeature;
5082:             1             40  [Lcom.fasterxml.jackson.dataformat.smile.SmileGenerator$Feature;
5083:             1             40  [Lcom.google.gson.FieldNamingPolicy;
5084:             2             40  [Lcom.sun.jmx.mbeanserver.ClassLoaderRepositorySupport$LoaderEntry; (java.management@21.0.3)
5085:             1             40  [Lio.netty.handler.logging.LogLevel;
5086:             1             40  [Lio.netty.util.internal.logging.InternalLogLevel;
5087:             1             40  [Ljava.lang.Thread$State; (java.base@21.0.3)
5088:             1             40  [Ljava.lang.invoke.VarHandle$AccessType; (java.base@21.0.3)
5089:             1             40  [Ljava.lang.management.MemoryManagerMXBean; (java.management@21.0.3)
5090:             1             40  [Ljava.time.chrono.JapaneseEra; (java.base@21.0.3)
5091:             1             40  [Ljava.time.format.SignStyle; (java.base@21.0.3)
5092:             1             40  [Ljava.time.format.TextStyle; (java.base@21.0.3)
5093:             2             40  [Ljava.time.zone.ZoneOffsetTransitionRule; (java.base@21.0.3)
5094:             1             40  [Ljava.util.Locale$FilteringMode; (java.base@21.0.3)
5095:             1             40  [Ljava.util.stream.StreamOpFlag; (java.base@21.0.3)
5096:             1             40  [Ljavax.net.ssl.SSLEngineResult$HandshakeStatus; (java.base@21.0.3)
5097:             1             40  [Lkotlinx.coroutines.scheduling.CoroutineScheduler$WorkerState;
5098:             1             40  [Lorg.apache.logging.log4j.core.LifeCycle$State;
5099:             1             40  [Lorg.apache.logging.log4j.core.pattern.PatternParser$ParserState;
5100:             1             40  [Lorg.apache.lucene.document.StoredValue$Type;
5101:             1             40  [Lorg.apache.lucene.index.IndexOptions;
5102:             1             40  [Lorg.apache.lucene.search.ScoreMode;
5103:             1             40  [Lorg.ldaptive.ReturnAttributes;
5104:             1             40  [Lorg.opensearch.Build$Type;
5105:             1             40  [Lorg.opensearch.action.DocWriteResponse$Result;
5106:             1             40  [Lorg.opensearch.ad.model.ADTaskType;
5107:             1             40  [Lorg.opensearch.alerting.util.DestinationType;
5108:             1             40  [Lorg.opensearch.cluster.metadata.IndexMetadata$APIBlock;
5109:             1             40  [Lorg.opensearch.cluster.routing.RecoverySource$Type;
5110:             1             40  [Lorg.opensearch.cluster.routing.UnassignedInfo$AllocationStatus;
5111:             1             40  [Lorg.opensearch.common.unit.SizeUnit;
5112:             1             40  [Lorg.opensearch.core.common.unit.ByteSizeUnit;
5113:             1             40  [Lorg.opensearch.index.IndexModule$Type;
5114:             1             40  [Lorg.opensearch.index.analysis.AnalysisRegistry$Component;
5115:             1             40  [Lorg.opensearch.index.engine.Engine$Operation$Origin;
5116:             1             40  [Lorg.opensearch.index.mapper.RangeType;
5117:             1             40  [Lorg.opensearch.knn.index.SpaceType;
5118:             1             40  [Lorg.opensearch.knn.index.codec.KNNCodecVersion;
5119:             1             40  [Lorg.opensearch.ml.common.MLTaskState;
5120:             1             40  [Lorg.opensearch.performanceanalyzer.config.setting.PerformanceAnalyzerClusterSettings$PerformanceAnalyzerFeatureBits;
5121:             1             40  [Lorg.opensearch.search.MultiValueMode;
5122:             1             40  [Lorg.opensearch.security.dlic.rest.validation.PasswordValidator$ScoreStrength;
5123:             1             40  [Lorg.yaml.snakeyaml.DumperOptions$ScalarStyle;
5124:             1             40  [Lsun.security.ssl.CipherSuite$MacAlg; (java.base@21.0.3)
5125:             1             40  [Lsun.security.ssl.ContentType; (java.base@21.0.3)
5126:             1             40  [Lsun.security.ssl.SSLKeyExchange$T12KeyAgreement; (java.base@21.0.3)
5127:             1             40  [Lsun.security.ssl.X509Authentication; (java.base@21.0.3)
5128:             1             40  [Lsun.security.util.DisabledAlgorithmConstraints$Constraint$Operator; (java.base@21.0.3)
5129:             1             40  [[Ljava.lang.invoke.LambdaForm$Name; (java.base@21.0.3)
5130:             1             40  [[Lorg.joni.ast.QuantifierNode$ReduceType;
5131:             1             40  com.amazon.dlic.auth.ldap.backend.LDAPAuthenticationBackend
5132:             1             40  com.fasterxml.jackson.annotation.JsonFormat$Value
5133:             1             40  com.fasterxml.jackson.annotation.JsonFormat$Value
5134:             1             40  com.fasterxml.jackson.annotation.JsonFormat$Value
5135:             1             40  com.fasterxml.jackson.databind.cfg.ConfigOverrides
5136:             1             40  com.google.common.io.BaseEncoding$Base16Encoding
5137:             1             40  com.google.common.util.concurrent.ThreadFactoryBuilder$1
5138:             1             40  com.google.gson.internal.Excluder
5139:             1             40  com.sun.jmx.interceptor.DefaultMBeanServerInterceptor (java.management@21.0.3)
5140:             1             40  com.sun.jmx.mbeanserver.JmxMBeanServer (java.management@21.0.3)
5141:             1             40  com.sun.jmx.mbeanserver.MBeanServerDelegateImpl (java.management@21.0.3)
5142:             1             40  com.sun.management.internal.DiagnosticCommandImpl (jdk.management@21.0.3)
5143:             1             40  com.sun.management.internal.OperatingSystemImpl$ProcessCpuTicks (jdk.management@21.0.3)
5144:             1             40  com.sun.management.internal.OperatingSystemImpl$SystemCpuTicks (jdk.management@21.0.3)
5145:             1             40  io.netty.channel.AdaptiveRecvByteBufAllocator
5146:             1             40  io.netty.util.ResourceLeakDetector
5147:             1             40  io.netty.util.concurrent.DefaultPromise$StacklessCancellationException
5148:             1             40  io.netty.util.concurrent.DefaultPromise$StacklessCancellationException
5149:             1             40  java.io.IOException (java.base@21.0.3)
5150:             1             40  java.lang.ArithmeticException (java.base@21.0.3)
5151:             1             40  java.lang.IllegalArgumentException (java.base@21.0.3)
5152:             1             40  java.lang.VirtualMachineError (java.base@21.0.3)
5153:             1             40  java.lang.invoke.VarHandleLongs$Array (java.base@21.0.3)
5154:             1             40  java.util.ResourceBundle$2 (java.base@21.0.3)
5155:             1             40  java.util.ServiceLoader$LazyClassPathLookupIterator (java.base@21.0.3)
5156:             1             40  javax.crypto.CryptoAllPermission (java.base@21.0.3)
5157:             1             40  jdk.internal.event.SecurityProviderServiceEvent (java.base@21.0.3)
5158:             1             40  jdk.internal.event.ThreadSleepEvent (java.base@21.0.3)
5159:             1             40  jdk.internal.foreign.NativeMemorySegmentImpl (java.base@21.0.3)
5160:             1             40  jdk.internal.logger.LazyLoggers$LazyLoggerAccessor (java.base@21.0.3)
5161:             1             40  jdk.internal.ref.CleanerImpl$CleanerCleanable (java.base@21.0.3)
5162:             1             40  jdk.nio.zipfs.ZipFileSystem$END (jdk.zipfs@21.0.3)
5163:             1             40  kotlinx.coroutines.internal.LockFreeTaskQueueCore
5164:             1             40  kotlinx.coroutines.scheduling.DefaultScheduler
5165:             1             40  kotlinx.coroutines.scheduling.DefaultScheduler
5166:             1             40  kotlinx.coroutines.scheduling.DefaultScheduler
5167:             1             40  kotlinx.coroutines.scheduling.DefaultScheduler
5168:             1             40  kotlinx.coroutines.scheduling.DefaultScheduler
5169:             1             40  kotlinx.coroutines.scheduling.LimitingDispatcher
5170:             1             40  kotlinx.coroutines.scheduling.LimitingDispatcher
5171:             1             40  kotlinx.coroutines.scheduling.LimitingDispatcher
5172:             1             40  kotlinx.coroutines.scheduling.LimitingDispatcher
5173:             1             40  kotlinx.coroutines.scheduling.LimitingDispatcher
5174:             1             40  org.apache.commons.pool2.impl.LinkedBlockingDeque
5175:             1             40  org.apache.logging.log4j.core.appender.OutputStreamManager
5176:             1             40  org.apache.logging.log4j.core.config.status.StatusConfiguration
5177:             1             40  org.apache.lucene.document.LongPoint$1
5178:             1             40  org.apache.lucene.document.SortedNumericDocValuesRangeQuery
5179:             1             40  org.apache.lucene.queryparser.classic.QueryParser$LookaheadSuccess
5180:             1             40  org.apache.lucene.util.automaton.ByteRunAutomaton
5181:             1             40  org.bouncycastle.jce.provider.BouncyCastleProviderConfiguration
5182:             1             40  org.joni.ast.StringNode
5183:             1             40  org.locationtech.jts.geom.Coordinate
5184:             1             40  org.locationtech.spatial4j.context.SpatialContext
5185:             1             40  org.locationtech.spatial4j.context.jts.JtsSpatialContext
5186:             1             40  org.locationtech.spatial4j.shape.jts.JtsShapeFactory
5187:             1             40  org.opensearch.Build
5188:             1             40  org.opensearch.action.admin.indices.dangling.import_index.TransportImportDanglingIndexAction
5189:             1             40  org.opensearch.action.admin.indices.flush.TransportFlushAction
5190:             1             40  org.opensearch.action.admin.indices.mapping.get.TransportGetFieldMappingsAction
5191:             1             40  org.opensearch.action.admin.indices.refresh.TransportRefreshAction
5192:             1             40  org.opensearch.action.bulk.BulkResponse
5193:             1             40  org.opensearch.action.get.TransportMultiGetAction
5194:             1             40  org.opensearch.action.ingest.SimulatePipelineTransportAction
5195:             1             40  org.opensearch.action.main.TransportMainAction
5196:             1             40  org.opensearch.action.search.TransportClearScrollAction
5197:             1             40  org.opensearch.action.search.TransportDeletePitAction
5198:             1             40  org.opensearch.action.search.TransportSearchScrollAction
5199:             1             40  org.opensearch.action.termvectors.TransportMultiTermVectorsAction
5200:             1             40  org.opensearch.ad.transport.ADBatchAnomalyResultTransportAction
5201:             1             40  org.opensearch.ad.transport.ADBatchTaskRemoteExecutionTransportAction
5202:             1             40  org.opensearch.ad.transport.DeleteAnomalyResultsTransportAction
5203:             1             40  org.opensearch.ad.transport.SearchTopAnomalyResultTransportAction
5204:             1             40  org.opensearch.ad.transport.StopDetectorTransportAction
5205:             1             40  org.opensearch.alerting.InputService
5206:             1             40  org.opensearch.alerting.transport.TransportSearchEmailAccountAction
5207:             1             40  org.opensearch.alerting.transport.TransportSearchEmailGroupAction
5208:             1             40  org.opensearch.alerting.util.destinationmigration.DestinationMigrationCoordinator
5209:             1             40  org.opensearch.bootstrap.OpenSearchPolicy
5210:             1             40  org.opensearch.cluster.ClusterManagerMetrics
5211:             1             40  org.opensearch.cluster.coordination.ClusterBootstrapService
5212:             1             40  org.opensearch.cluster.coordination.ElectionSchedulerFactory
5213:             1             40  org.opensearch.cluster.coordination.JoinHelper$$Lambda/0x00007fcd28cf6f18
5214:             1             40  org.opensearch.cluster.coordination.PreVoteCollector
5215:             1             40  org.opensearch.cluster.coordination.PreVoteResponse
5216:             1             40  org.opensearch.cluster.metadata.MetadataIndexAliasesService
5217:             1             40  org.opensearch.cluster.metadata.MetadataIndexUpgradeService
5218:             1             40  org.opensearch.cluster.routing.DelayedAllocationService
5219:             1             40  org.opensearch.cluster.routing.allocation.AllocationService
5220:             1             40  org.opensearch.cluster.routing.allocation.allocator.BalancedShardsAllocator
5221:             1             40  org.opensearch.cluster.routing.allocation.allocator.BalancedShardsAllocator$WeightFunction
5222:             1             40  org.opensearch.cluster.service.ClusterManagerTaskThrottler
5223:             1             40  org.opensearch.cluster.service.MasterService$Batcher
5224:             1             40  org.opensearch.common.cache.store.OpenSearchOnHeapCache
5225:             1             40  org.opensearch.common.settings.AbstractScopedSettings$1
5226:             1             40  org.opensearch.common.settings.SecureSetting$SecureFileSetting
5227:             1             40  org.opensearch.common.ssl.SslConfiguration
5228:             1             40  org.opensearch.common.util.concurrent.ThreadContext
5229:             1             40  org.opensearch.env.NodeEnvironment$NodePath
5230:             1             40  org.opensearch.flowframework.rest.RestSearchWorkflowAction
5231:             1             40  org.opensearch.flowframework.rest.RestSearchWorkflowStateAction
5232:             1             40  org.opensearch.flowframework.transport.DeleteWorkflowTransportAction
5233:             1             40  org.opensearch.flowframework.transport.GetWorkflowStateTransportAction
5234:             1             40  org.opensearch.flowframework.transport.GetWorkflowStepTransportAction
5235:             1             40  org.opensearch.flowframework.transport.SearchWorkflowStateTransportAction
5236:             1             40  org.opensearch.flowframework.transport.SearchWorkflowTransportAction
5237:             1             40  org.opensearch.forecast.transport.SearchTopForecastResultTransportAction
5238:             1             40  org.opensearch.forecast.transport.StopForecasterTransportAction
5239:             1             40  org.opensearch.gateway.DanglingIndicesState
5240:             1             40  org.opensearch.gateway.GatewayAllocator
5241:             1             40  org.opensearch.gateway.GatewayMetaState$AsyncLucenePersistedState
5242:             1             40  org.opensearch.gateway.GatewayMetaState$LucenePersistedState
5243:             1             40  org.opensearch.gateway.PersistedClusterStateService
5244:             1             40  org.opensearch.gateway.PersistedClusterStateService$OnDiskState
5245:             1             40  org.opensearch.geospatial.action.upload.geojson.UploadGeoJSONTransportAction
5246:             1             40  org.opensearch.geospatial.ip2geo.jobscheduler.DatasourceRunner
5247:             1             40  org.opensearch.geospatial.ip2geo.listener.Ip2GeoListener
5248:             1             40  org.opensearch.http.CorsHandler$Config
5249:             1             40  org.opensearch.index.engine.EngineConfig$1
5250:             1             40  org.opensearch.index.mapper.DataStreamFieldMapper$DataStreamFieldType
5251:             1             40  org.opensearch.index.mapper.DocCountFieldMapper$DocCountFieldType
5252:             1             40  org.opensearch.index.mapper.IgnoredFieldMapper$IgnoredFieldType
5253:             1             40  org.opensearch.index.mapper.IndexFieldMapper$IndexFieldType
5254:             1             40  org.opensearch.index.mapper.NumberFieldMapper$NumberType$1
5255:             1             40  org.opensearch.index.mapper.NumberFieldMapper$NumberType$2
5256:             1             40  org.opensearch.index.mapper.NumberFieldMapper$NumberType$3
5257:             1             40  org.opensearch.index.mapper.NumberFieldMapper$NumberType$4
5258:             1             40  org.opensearch.index.mapper.NumberFieldMapper$NumberType$5
5259:             1             40  org.opensearch.index.mapper.NumberFieldMapper$NumberType$6
5260:             1             40  org.opensearch.index.mapper.NumberFieldMapper$NumberType$7
5261:             1             40  org.opensearch.index.mapper.NumberFieldMapper$NumberType$8
5262:             1             40  org.opensearch.index.mapper.RangeType$1
5263:             1             40  org.opensearch.index.mapper.RangeType$2
5264:             1             40  org.opensearch.index.mapper.RangeType$3
5265:             1             40  org.opensearch.index.mapper.RangeType$4
5266:             1             40  org.opensearch.index.mapper.RangeType$5
5267:             1             40  org.opensearch.index.mapper.RangeType$6
5268:             1             40  org.opensearch.index.mapper.RankFeatureMetaFieldMapper$RankFeatureMetaFieldType
5269:             1             40  org.opensearch.index.mapper.RoutingFieldMapper$RoutingFieldType
5270:             1             40  org.opensearch.index.mapper.SeqNoFieldMapper$SeqNoFieldType
5271:             1             40  org.opensearch.index.mapper.VersionFieldMapper$VersionFieldType
5272:             1             40  org.opensearch.index.rankeval.TransportRankEvalAction
5273:             1             40  org.opensearch.index.recovery.RemoteStoreRestoreService
5274:             1             40  org.opensearch.index.reindex.Reindexer
5275:             1             40  org.opensearch.index.reindex.TransportReindexAction
5276:             1             40  org.opensearch.indexmanagement.controlcenter.notification.action.delete.TransportDeleteLRONConfigAction
5277:             1             40  org.opensearch.indexmanagement.controlcenter.notification.action.get.TransportGetLRONConfigAction
5278:             1             40  org.opensearch.indexmanagement.indexstatemanagement.PluginVersionSweepCoordinator
5279:             1             40  org.opensearch.indexmanagement.indexstatemanagement.transport.action.removepolicy.TransportRemovePolicyAction
5280:             1             40  org.opensearch.indexmanagement.indexstatemanagement.transport.action.retryfailedmanagedindex.TransportRetryFailedManagedIndexAction
5281:             1             40  org.opensearch.indexmanagement.rollup.interceptor.RollupInterceptor
5282:             1             40  org.opensearch.indexmanagement.transform.TransformSearchService
5283:             1             40  org.opensearch.indexmanagement.transform.TransformValidator
5284:             1             40  org.opensearch.indices.IndicesQueryCache
5285:             1             40  org.opensearch.indices.IndicesRequestCache
5286:             1             40  org.opensearch.indices.IndicesRequestCache$IndicesRequestCacheCleanupManager
5287:             1             40  org.opensearch.indices.IndicesService$OldShardsStats
5288:             1             40  org.opensearch.indices.breaker.BreakerSettings
5289:             1             40  org.opensearch.indices.breaker.HierarchyCircuitBreakerService
5290:             1             40  org.opensearch.indices.recovery.PeerRecoverySourceService
5291:             1             40  org.opensearch.indices.replication.SegmentReplicationSourceService
5292:             1             40  org.opensearch.indices.store.IndicesStore
5293:             1             40  org.opensearch.ingest.common.GrokProcessorGetAction$TransportAction
5294:             1             40  org.opensearch.jobscheduler.JobSchedulerPlugin
5295:             1             40  org.opensearch.knn.index.codec.KNN86Codec.KNN86Codec
5296:             1             40  org.opensearch.knn.index.codec.KNN920Codec.KNN920PerFieldKnnVectorsFormat
5297:             1             40  org.opensearch.knn.index.codec.KNN940Codec.KNN940PerFieldKnnVectorsFormat
5298:             1             40  org.opensearch.knn.index.codec.KNN950Codec.KNN950PerFieldKnnVectorsFormat
5299:             1             40  org.opensearch.knn.index.codec.KNN990Codec.KNN990PerFieldKnnVectorsFormat
5300:             1             40  org.opensearch.knn.index.util.Faiss
5301:             1             40  org.opensearch.knn.plugin.transport.TrainingJobRouterTransportAction
5302:             1             40  org.opensearch.ml.action.agents.DeleteAgentTransportAction
5303:             1             40  org.opensearch.ml.action.agents.GetAgentTransportAction
5304:             1             40  org.opensearch.ml.action.agents.TransportRegisterAgentAction
5305:             1             40  org.opensearch.ml.action.config.GetConfigTransportAction
5306:             1             40  org.opensearch.ml.action.connector.DeleteConnectorTransportAction
5307:             1             40  org.opensearch.ml.action.connector.GetConnectorTransportAction
5308:             1             40  org.opensearch.ml.action.connector.SearchConnectorTransportAction
5309:             1             40  org.opensearch.ml.action.execute.TransportExecuteTaskAction
5310:             1             40  org.opensearch.ml.action.model_group.SearchModelGroupTransportAction
5311:             1             40  org.opensearch.ml.action.tasks.DeleteTaskTransportAction
5312:             1             40  org.opensearch.ml.action.tasks.GetTaskTransportAction
5313:             1             40  org.opensearch.ml.action.training.TransportTrainingTaskAction
5314:             1             40  org.opensearch.ml.action.trainpredict.TransportTrainAndPredictionTaskAction
5315:             1             40  org.opensearch.ml.action.upload_chunk.TransportUploadModelChunkAction
5316:             1             40  org.opensearch.ml.cluster.DiscoveryNodeHelper
5317:             1             40  org.opensearch.ml.engine.algorithms.agent.MLAgentExecutor
5318:             1             40  org.opensearch.ml.memory.action.conversation.CreateConversationTransportAction
5319:             1             40  org.opensearch.ml.memory.action.conversation.CreateInteractionTransportAction
5320:             1             40  org.opensearch.ml.memory.action.conversation.DeleteConversationTransportAction
5321:             1             40  org.opensearch.ml.memory.action.conversation.GetConversationTransportAction
5322:             1             40  org.opensearch.ml.memory.action.conversation.GetConversationsTransportAction
5323:             1             40  org.opensearch.ml.memory.action.conversation.GetInteractionTransportAction
5324:             1             40  org.opensearch.ml.memory.action.conversation.GetInteractionsTransportAction
5325:             1             40  org.opensearch.ml.memory.action.conversation.GetTracesTransportAction
5326:             1             40  org.opensearch.ml.memory.action.conversation.SearchConversationsTransportAction
5327:             1             40  org.opensearch.ml.memory.action.conversation.SearchInteractionsTransportAction
5328:             1             40  org.opensearch.ml.memory.action.conversation.UpdateConversationTransportAction
5329:             1             40  org.opensearch.ml.memory.action.conversation.UpdateInteractionTransportAction
5330:             1             40  org.opensearch.ml.rest.RestMLSearchAgentAction
5331:             1             40  org.opensearch.ml.rest.RestMLSearchConnectorAction
5332:             1             40  org.opensearch.ml.rest.RestMLSearchModelAction
5333:             1             40  org.opensearch.ml.rest.RestMLSearchModelGroupAction
5334:             1             40  org.opensearch.ml.rest.RestMLSearchTaskAction
5335:             1             40  org.opensearch.ml.rest.RestMLStatsAction
5336:             1             40  org.opensearch.ml.rest.RestMemorySearchConversationsAction
5337:             1             40  org.opensearch.monitor.MonitorService
5338:             1             40  org.opensearch.monitor.fs.FsService$FsInfoCache
5339:             1             40  org.opensearch.monitor.process.ProcessService$ProcessStatsCache
5340:             1             40  org.opensearch.node.ResourceUsageCollectorService
5341:             1             40  org.opensearch.node.resource.tracker.AverageCpuUsageTracker
5342:             1             40  org.opensearch.node.resource.tracker.AverageMemoryUsageTracker
5343:             1             40  org.opensearch.node.resource.tracker.ResourceTrackerSettings
5344:             1             40  org.opensearch.notifications.action.CreateNotificationConfigAction
5345:             1             40  org.opensearch.notifications.action.DeleteNotificationConfigAction
5346:             1             40  org.opensearch.notifications.action.GetChannelListAction
5347:             1             40  org.opensearch.notifications.action.GetNotificationConfigAction
5348:             1             40  org.opensearch.notifications.action.GetPluginFeaturesAction
5349:             1             40  org.opensearch.notifications.action.PublishNotificationAction
5350:             1             40  org.opensearch.notifications.action.SendNotificationAction
5351:             1             40  org.opensearch.notifications.action.SendTestNotificationAction
5352:             1             40  org.opensearch.notifications.action.UpdateNotificationConfigAction
5353:             1             40  org.opensearch.observability.action.CreateObservabilityObjectAction
5354:             1             40  org.opensearch.observability.action.DeleteObservabilityObjectAction
5355:             1             40  org.opensearch.observability.action.GetObservabilityObjectAction
5356:             1             40  org.opensearch.observability.action.UpdateObservabilityObjectAction
5357:             1             40  org.opensearch.performanceanalyzer.config.setting.ClusterSettingsManager
5358:             1             40  org.opensearch.ratelimitting.admissioncontrol.AdmissionControlService
5359:             1             40  org.opensearch.replication.ReplicationPlugin
5360:             1             40  org.opensearch.replication.action.autofollow.TransportUpdateAutoFollowPatternAction
5361:             1             40  org.opensearch.replication.action.setup.TransportSetupChecksAction
5362:             1             40  org.opensearch.replication.action.setup.TransportValidatePermissionsAction
5363:             1             40  org.opensearch.replication.task.autofollow.AutoFollowExecutor
5364:             1             40  org.opensearch.reportsscheduler.action.CreateReportDefinitionAction
5365:             1             40  org.opensearch.reportsscheduler.action.DeleteReportDefinitionAction
5366:             1             40  org.opensearch.reportsscheduler.action.GetAllReportDefinitionsAction
5367:             1             40  org.opensearch.reportsscheduler.action.GetAllReportInstancesAction
5368:             1             40  org.opensearch.reportsscheduler.action.GetReportDefinitionAction
5369:             1             40  org.opensearch.reportsscheduler.action.GetReportInstanceAction
5370:             1             40  org.opensearch.reportsscheduler.action.InContextReportCreateAction
5371:             1             40  org.opensearch.reportsscheduler.action.OnDemandReportCreateAction
5372:             1             40  org.opensearch.reportsscheduler.action.UpdateReportDefinitionAction
5373:             1             40  org.opensearch.reportsscheduler.action.UpdateReportInstanceStatusAction
5374:             1             40  org.opensearch.repositories.s3.async.TransferSemaphoresHolder
5375:             1             40  org.opensearch.rest.RestController
5376:             1             40  org.opensearch.script.ScriptService
5377:             1             40  org.opensearch.script.mustache.TransportMultiSearchTemplateAction
5378:             1             40  org.opensearch.script.mustache.TransportRenderSearchTemplateAction
5379:             1             40  org.opensearch.script.mustache.TransportSearchTemplateAction
5380:             1             40  org.opensearch.search.SearchHits
5381:             1             40  org.opensearch.search.backpressure.settings.SearchBackpressureSettings
5382:             1             40  org.opensearch.security.action.whoami.TransportWhoAmIAction
5383:             1             40  org.opensearch.security.configuration.AdminDNs
5384:             1             40  org.opensearch.security.configuration.ClusterInfoHolder
5385:             1             40  org.opensearch.security.configuration.ConfigurationLoaderSecurity7
5386:             1             40  org.opensearch.security.configuration.DlsFlsValveImpl
5387:             1             40  org.opensearch.security.dlic.rest.api.PermissionsInfoAction
5388:             1             40  org.opensearch.security.dlic.rest.api.SecurityApiDependencies
5389:             1             40  org.opensearch.security.privileges.ProtectedIndexAccessEvaluator
5390:             1             40  org.opensearch.security.rest.SecurityConfigUpdateAction
5391:             1             40  org.opensearch.security.ssl.rest.SecuritySSLInfoAction
5392:             1             40  org.opensearch.security.user.UserService
5393:             1             40  org.opensearch.securityanalytics.correlation.index.codec.correlation950.PerFieldCorrelationVectorsFormat950
5394:             1             40  org.opensearch.securityanalytics.correlation.index.codec.correlation990.PerFieldCorrelationVectorsFormat990
5395:             1             40  org.opensearch.securityanalytics.threatIntel.action.TransportPutTIFJobAction
5396:             1             40  org.opensearch.securityanalytics.threatIntel.jobscheduler.TIFJobRunner
5397:             1             40  org.opensearch.securityanalytics.transport.TransportCreateIndexMappingsAction
5398:             1             40  org.opensearch.securityanalytics.transport.TransportDeleteCorrelationRuleAction
5399:             1             40  org.opensearch.securityanalytics.transport.TransportGetAllRuleCategoriesAction
5400:             1             40  org.opensearch.securityanalytics.transport.TransportGetIndexMappingsAction
5401:             1             40  org.opensearch.securityanalytics.transport.TransportGetMappingsViewAction
5402:             1             40  org.opensearch.securityanalytics.transport.TransportIndexCorrelationRuleAction
5403:             1             40  org.opensearch.securityanalytics.transport.TransportUpdateIndexMappingsAction
5404:             1             40  org.opensearch.securityanalytics.transport.TransportValidateRulesAction
5405:             1             40  org.opensearch.sql.datasources.transport.TransportCreateDataSourceAction
5406:             1             40  org.opensearch.sql.plugin.transport.TransportPPLQueryAction
5407:             1             40  org.opensearch.sql.spark.transport.TransportCreateAsyncQueryRequestAction
5408:             1             40  org.opensearch.tasks.consumer.TopNSearchTasksLogger
5409:             1             40  org.opensearch.threadpool.ThreadPool
5410:             1             40  org.opensearch.timeseries.cluster.ADDataMigrator
5411:             1             40  org.opensearch.timeseries.cluster.ClusterManagerEventListener$$Lambda/0x00007fcd28a42990
5412:             1             40  org.opensearch.transport.ConnectionProfile
5413:             1             40  org.opensearch.transport.RemoteClusterService
5414:             1             40  org.opensearch.transport.RemoteConnectionStrategy$ConnectionStrategy$1
5415:             1             40  org.opensearch.transport.RemoteConnectionStrategy$ConnectionStrategy$2
5416:             1             40  org.opensearch.transport.TransportKeepAlive
5417:             1             40  org.opensearch.transport.netty4.ssl.SecureNetty4Transport$SSLServerChannelInitializer
5418:             1             40  org.opensearch.watcher.ResourceWatcherService
5419:             1             40  org.yaml.snakeyaml.LoaderOptions
5420:             1             40  sun.nio.cs.StandardCharsets$Aliases (java.base@21.0.3)
5421:             1             40  sun.nio.cs.StandardCharsets$Cache (java.base@21.0.3)
5422:             1             40  sun.security.ec.ECOperations (jdk.crypto.ec@21.0.3)
5423:             1             40  sun.security.ssl.TrustStoreManager$TrustStoreDescriptor (java.base@21.0.3)
5424:             1             40  sun.security.util.KnownOIDs$1 (java.base@21.0.3)
5425:             1             40  sun.security.util.KnownOIDs$10 (java.base@21.0.3)
5426:             1             40  sun.security.util.KnownOIDs$2 (java.base@21.0.3)
5427:             1             40  sun.security.util.KnownOIDs$3 (java.base@21.0.3)
5428:             1             40  sun.security.util.KnownOIDs$4 (java.base@21.0.3)
5429:             1             40  sun.security.util.KnownOIDs$5 (java.base@21.0.3)
5430:             1             40  sun.security.util.KnownOIDs$6 (java.base@21.0.3)
5431:             1             40  sun.security.util.KnownOIDs$7 (java.base@21.0.3)
5432:             1             40  sun.security.util.KnownOIDs$8 (java.base@21.0.3)
5433:             1             40  sun.security.util.KnownOIDs$9 (java.base@21.0.3)
5434:             1             40  sun.text.resources.BreakIteratorInfo (java.base@21.0.3)
5435:             1             40  sun.text.resources.BreakIteratorResources (java.base@21.0.3)
5436:             1             40  sun.text.resources.ext.BreakIteratorInfo_th (jdk.localedata@21.0.3)
5437:             1             40  sun.text.resources.ext.BreakIteratorResources_th (jdk.localedata@21.0.3)
5438:             1             40  sun.util.locale.InternalLocaleBuilder (java.base@21.0.3)
5439:             1             40  sun.util.resources.Bundles$1 (java.base@21.0.3)
5440:             1             32  [Lcom.fasterxml.jackson.core.Base64Variant$PaddingReadBehaviour;
5441:             1             32  [Lcom.fasterxml.jackson.core.StreamReadCapability;
5442:             1             32  [Lcom.fasterxml.jackson.core.util.Separators$Spacing;
5443:             1             32  [Lcom.fasterxml.jackson.databind.annotation.JsonSerialize$Typing;
5444:             1             32  [Lcom.fasterxml.jackson.databind.cfg.ConstructorDetector$SingleArgConstructor;
5445:             1             32  [Lcom.fasterxml.jackson.databind.cfg.JsonNodeFeature;
5446:             2             32  [Lcom.fasterxml.jackson.databind.deser.Deserializers;
5447:             2             32  [Lcom.fasterxml.jackson.databind.deser.Deserializers;
5448:             2             32  [Lcom.fasterxml.jackson.databind.deser.Deserializers;
5449:             1             32  [Lcom.fasterxml.jackson.databind.util.AccessPattern;
5450:             1             32  [Lcom.fasterxml.jackson.databind.util.internal.PrivateMaxEntriesMap$DrainStatus;
5451:             1             32  [Lcom.fasterxml.jackson.databind.util.internal.PrivateMaxEntriesMap$DrainStatus;
5452:             1             32  [Lcom.fasterxml.jackson.databind.util.internal.PrivateMaxEntriesMap$DrainStatus;
5453:             1             32  [Lcom.google.common.cache.LocalCache$Segment;
5454:             1             32  [Lcom.google.common.cache.LocalCache$Strength;
5455:             1             32  [Lcom.google.common.cache.LocalCache$Strength;
5456:             1             32  [Lcom.google.common.cache.LocalCache$Strength;
5457:             1             32  [Lcom.google.common.cache.LocalCache$Strength;
5458:             1             32  [Lcom.google.common.collect.AbstractIterator$State;
5459:             1             32  [Lcom.google.common.collect.AbstractIterator$State;
5460:             1             32  [Lcom.google.gson.ToNumberPolicy;
5461:             1             32  [Lcom.password4j.types.Bcrypt;
5462:             1             32  [Lio.netty.handler.codec.base64.Base64Dialect;
5463:             1             32  [Lio.netty.handler.ssl.ApplicationProtocolConfig$Protocol;
5464:             1             32  [Lio.netty.handler.ssl.ApplicationProtocolConfig$SelectedListenerFailureBehavior;
5465:             1             32  [Lio.netty.handler.ssl.ApplicationProtocolConfig$SelectorFailureBehavior;
5466:             1             32  [Lio.netty.handler.ssl.SslHandler$SslEngineType;
5467:             1             32  [Lio.netty.handler.ssl.SslProvider;
5468:             1             32  [Lio.netty.util.ResourceLeakDetector$Level;
5469:             1             32  [Ljava.lang.ProcessImpl$LaunchMechanism; (java.base@21.0.3)
5470:             1             32  [Ljava.lang.StackStreamFactory$WalkerState; (java.base@21.0.3)
5471:             1             32  [Ljava.lang.ThreadGroup; (java.base@21.0.3)
5472:             2             32  [Ljava.lang.Throwable; (java.base@21.0.3)
5473:             1             32  [Ljava.lang.invoke.MethodHandleImpl$ArrayAccess; (java.base@21.0.3)
5474:             1             32  [Ljava.lang.module.ModuleDescriptor$Modifier; (java.base@21.0.3)
5475:             1             32  [Ljava.lang.module.ModuleDescriptor$Requires$Modifier; (java.base@21.0.3)
5476:             1             32  [Ljava.lang.ref.WeakReference; (java.base@21.0.3)
5477:             2             32  [Ljava.net.NetworkInterface; (java.base@21.0.3)
5478:             1             32  [Ljava.net.StandardProtocolFamily; (java.base@21.0.3)
5479:             1             32  [Ljava.nio.file.AccessMode; (java.base@21.0.3)
5480:             1             32  [Ljava.nio.file.FileTreeWalker$EventType; (java.base@21.0.3)
5481:             1             32  [Ljava.nio.file.FileVisitResult; (java.base@21.0.3)
5482:             1             32  [Ljava.nio.file.StandardCopyOption; (java.base@21.0.3)
5483:             1             32  [Ljava.text.Normalizer$Form; (java.base@21.0.3)
5484:             1             32  [Ljava.time.format.DateTimeFormatterBuilder$SettingsParser; (java.base@21.0.3)
5485:             1             32  [Ljava.time.format.FormatStyle; (java.base@21.0.3)
5486:             1             32  [Ljava.time.format.ResolverStyle; (java.base@21.0.3)
5487:             1             32  [Ljava.time.temporal.IsoFields$Field; (java.base@21.0.3)
5488:             1             32  [Ljava.time.temporal.JulianFields$Field; (java.base@21.0.3)
5489:             1             32  [Ljava.time.zone.ZoneOffsetTransitionRule$TimeDefinition; (java.base@21.0.3)
5490:             1             32  [Ljava.util.regex.Pattern$Qtype; (java.base@21.0.3)
5491:             1             32  [Ljava.util.stream.MatchOps$MatchKind; (java.base@21.0.3)
5492:             1             32  [Ljava.util.stream.StreamShape; (java.base@21.0.3)
5493:             1             32  [Ljava.util.zip.ZipCoder$Comparison; (java.base@21.0.3)
5494:             1             32  [Ljavax.net.ssl.SSLEngineResult$Status; (java.base@21.0.3)
5495:             1             32  [Ljdk.internal.icu.util.CodePointTrie$ValueWidth; (java.base@21.0.3)
5496:             1             32  [Ljdk.internal.logger.BootstrapLogger$LoggingBackend; (java.base@21.0.3)
5497:             1             32  [Ljdk.internal.module.ServicesCatalog; (java.base@21.0.3)
5498:             1             32  [Lkotlin.coroutines.intrinsics.CoroutineSingletons;
5499:             1             32  [Lorg.apache.logging.log4j.core.config.LoggerConfig$LoggerConfigPredicate;
5500:             1             32  [Lorg.apache.logging.log4j.core.util.datetime.FixedDateFormat$FixedTimeZoneFormat;
5501:             1             32  [Lorg.apache.lucene.codecs.lucene90.IndexedDISI$Method;
5502:             1             32  [Lorg.apache.lucene.codecs.lucene90.compressing.Lucene90CompressingStoredFieldsWriter$MergeStrategy;
5503:             1             32  [Lorg.apache.lucene.index.IndexWriterConfig$OpenMode;
5504:             1             32  [Lorg.apache.lucene.index.StoredFieldVisitor$Status;
5505:             1             32  [Lorg.apache.lucene.index.TermsEnum$SeekStatus;
5506:             1             32  [Lorg.apache.lucene.index.TieredMergePolicy$MERGE_TYPE;
5507:             1             32  [Lorg.apache.lucene.index.VectorSimilarityFunction;
5508:             1             32  [Lorg.apache.lucene.queryparser.classic.QueryParser$JJCalls;
5509:             1             32  [Lorg.apache.lucene.search.Pruning;
5510:             1             32  [Lorg.apache.lucene.search.suggest.document.CompletionPostingsFormat$FSTLoadMode;
5511:             1             32  [Lorg.apache.lucene.store.IOContext$Context;
5512:             1             32  [Lorg.apache.lucene.util.automaton.CompiledAutomaton$AUTOMATON_TYPE;
5513:             1             32  [Lorg.apache.lucene.util.fst.FST$INPUT_TYPE;
5514:             1             32  [Lorg.bouncycastle.crypto.params.DHParameters;
5515:             1             32  [Lorg.bouncycastle.crypto.params.DSAParameters;
5516:             1             32  [Lorg.greenrobot.eventbus.SubscriberMethodFinder$FindState;
5517:             1             32  [Lorg.joni.ast.CClassNode$CCSTATE;
5518:             1             32  [Lorg.joni.ast.CClassNode$CCVALTYPE;
5519:             1             32  [Lorg.locationtech.spatial4j.context.jts.DatelineRule;
5520:             1             32  [Lorg.locationtech.spatial4j.context.jts.ValidationRule;
5521:             1             32  [Lorg.opensearch.action.DocWriteRequest$OpType;
5522:             1             32  [Lorg.opensearch.action.support.ActionFilter;
5523:             1             32  [Lorg.opensearch.action.support.WriteRequest$RefreshPolicy;
5524:             1             32  [Lorg.opensearch.action.support.replication.ReplicationMode;
5525:             1             32  [Lorg.opensearch.cli.Terminal$Verbosity;
5526:             1             32  [Lorg.opensearch.cluster.NodeConnectionsService$ActivityType;
5527:             1             32  [Lorg.opensearch.cluster.coordination.Coordinator$Mode;
5528:             1             32  [Lorg.opensearch.cluster.metadata.IndexAbstraction$Type;
5529:             1             32  [Lorg.opensearch.cluster.routing.ShardRoutingState;
5530:             1             32  [Lorg.opensearch.cluster.routing.allocation.decider.ClusterRebalanceAllocationDecider$ClusterRebalanceType;
5531:             1             32  [Lorg.opensearch.common.cache.Cache$State;
5532:             1             32  [Lorg.opensearch.common.geo.ShapeRelation;
5533:             1             32  [Lorg.opensearch.common.inject.Stage;
5534:             1             32  [Lorg.opensearch.common.inject.internal.Errors$Converter;
5535:             1             32  [Lorg.opensearch.common.lifecycle.Lifecycle$State;
5536:             1             32  [Lorg.opensearch.common.ssl.SslClientAuthenticationMode;
5537:             1             32  [Lorg.opensearch.common.ssl.SslVerificationMode;
5538:             1             32  [Lorg.opensearch.common.xcontent.XContentType;
5539:             1             32  [Lorg.opensearch.core.common.breaker.CircuitBreaker$Type;
5540:             1             32  [Lorg.opensearch.flowframework.indices.FlowFrameworkIndex;
5541:             1             32  [Lorg.opensearch.forecast.model.ForecastTaskType;
5542:             1             32  [Lorg.opensearch.forecast.transport.SuggestName;
5543:             1             32  [Lorg.opensearch.index.IndexSettings$IndexMergePolicy;
5544:             1             32  [Lorg.opensearch.index.VersionType;
5545:             1             32  [Lorg.opensearch.index.analysis.AnalysisMode;
5546:             1             32  [Lorg.opensearch.index.analysis.AnalyzerScope;
5547:             1             32  [Lorg.opensearch.index.codec.customcodecs.backward_codecs.Lucene95CustomCodec$Mode;
5548:             1             32  [Lorg.opensearch.index.engine.Engine$Result$Type;
5549:             1             32  [Lorg.opensearch.index.mapper.MapperService$MergeReason;
5550:             1             32  [Lorg.opensearch.index.mapper.ObjectMapper$Dynamic;
5551:             1             32  [Lorg.opensearch.index.mapper.RangeType$LengthType;
5552:             1             32  [Lorg.opensearch.index.remote.RemoteStorePressureService$LagValidator;
5553:             1             32  [Lorg.opensearch.index.search.MatchQuery$Type;
5554:             1             32  [Lorg.opensearch.index.search.MatchQuery$ZeroTermsQuery;
5555:             1             32  [Lorg.opensearch.index.shard.IndexShard$ShardMigrationState;
5556:             1             32  [Lorg.opensearch.index.translog.Translog$Operation$Type;
5557:             1             32  [Lorg.opensearch.indexmanagement.indexstatemanagement.util.MetadataCheck;
5558:             1             32  [Lorg.opensearch.indices.IndicesService$ShardDeletionCheckResult;
5559:             1             32  [Lorg.opensearch.indices.analysis.PreBuiltCacheFactory$CachingStrategy;
5560:             1             32  [Lorg.opensearch.indices.recovery.MultiChunkTransfer$Status;
5561:             1             32  [Lorg.opensearch.knn.index.util.KNNEngine;
5562:             1             32  [Lorg.opensearch.ml.breaker.BreakerName;
5563:             1             32  [Lorg.opensearch.monitor.jvm.JvmGcMonitorService$JvmMonitor$Threshold;
5564:             1             32  [Lorg.opensearch.painless.CompilerSettings$RegexEnabled;
5565:             1             32  [Lorg.opensearch.performanceanalyzer.commons.collectors.PerformanceAnalyzerMetricsCollector$State;
5566:             1             32  [Lorg.opensearch.performanceanalyzer.commons.stats.metrics.StatsType;
5567:             1             32  [Lorg.opensearch.performanceanalyzer.commons.util.Util$CollectorMode;
5568:             1             32  [Lorg.opensearch.ratelimitting.admissioncontrol.enums.AdmissionControlActionType;
5569:             1             32  [Lorg.opensearch.ratelimitting.admissioncontrol.enums.AdmissionControlMode;
5570:             2             32  [Lorg.opensearch.search.SearchHit;
5571:             1             32  [Lorg.opensearch.search.backpressure.settings.SearchBackpressureMode;
5572:             1             32  [Lorg.opensearch.security.auditlog.AuditLog$Origin;
5573:             1             32  [Lorg.opensearch.security.configuration.DlsFlsValveImpl$Mode;
5574:             1             32  [Lorg.opensearch.security.support.Base64CustomHelper$CustomSerializationFormat;
5575:             1             32  [Lorg.opensearch.securityanalytics.util.ThrowableCheckingPredicates;
5576:             1             32  [Lorg.opensearch.semver.SemverRange$RangeOperator;
5577:             1             32  [Lorg.opensearch.sql.datasource.model.DataSourceType;
5578:             1             32  [Lorg.opensearch.telemetry.tracing.SpanKind;
5579:             1             32  [Lorg.opensearch.threadpool.ThreadPool$ThreadPoolType;
5580:             1             32  [Lorg.opensearch.timeseries.stats.StatType;
5581:             1             32  [Lorg.opensearch.transport.netty4.ssl.SecureConnectionTestUtil$SSLConnectionTestResult;
5582:             1             32  [Lorg.opensearch.watcher.ResourceWatcherService$Frequency;
5583:             1             32  [Lorg.yaml.snakeyaml.DumperOptions$FlowStyle;
5584:             1             32  [Lorg.yaml.snakeyaml.comments.CommentType;
5585:             1             32  [Lorg.yaml.snakeyaml.nodes.NodeId;
5586:             1             32  [Lsun.security.provider.NativePRNG$Variant; (java.base@21.0.3)
5587:             1             32  [Lsun.security.ssl.CipherSuite$HashAlg; (java.base@21.0.3)
5588:             1             32  [Lsun.security.ssl.CipherType; (java.base@21.0.3)
5589:             1             32  [Lsun.security.ssl.ClientAuthType; (java.base@21.0.3)
5590:             1             32  [Lsun.security.ssl.ECPointFormatsExtension$ECPointFormat; (java.base@21.0.3)
5591:             1             32  [Lsun.security.ssl.Finished$VerifyDataScheme; (java.base@21.0.3)
5592:             1             32  [Lsun.security.ssl.SSLTrafficKeyDerivation; (java.base@21.0.3)
5593:             1             32  [Lsun.security.ssl.SignatureScheme$SigAlgParamSpec; (java.base@21.0.3)
5594:             1             32  [[Lsun.security.ec.point.ProjectivePoint$Immutable; (jdk.crypto.ec@21.0.3)
5595:             1             32  com.amazon.dlic.auth.http.jwt.keybyoidc.JwtVerifier
5596:             1             32  com.amazon.dlic.auth.http.kerberos.HTTPSpnegoAuthenticator
5597:             1             32  com.fasterxml.jackson.annotation.JsonInclude$Value
5598:             1             32  com.fasterxml.jackson.annotation.JsonInclude$Value
5599:             1             32  com.fasterxml.jackson.databind.cfg.CoercionConfigs
5600:             1             32  com.fasterxml.jackson.databind.cfg.DatatypeFeatures
5601:             1             32  com.fasterxml.jackson.databind.cfg.DatatypeFeatures
5602:             1             32  com.fasterxml.jackson.databind.cfg.DatatypeFeatures
5603:             1             32  com.fasterxml.jackson.databind.cfg.DeserializerFactoryConfig
5604:             1             32  com.fasterxml.jackson.databind.cfg.DeserializerFactoryConfig
5605:             1             32  com.fasterxml.jackson.databind.cfg.DeserializerFactoryConfig
5606:             1             32  com.fasterxml.jackson.databind.deser.std.JsonNodeDeserializer
5607:             1             32  com.fasterxml.jackson.databind.introspect.AnnotatedParameter
5608:             1             32  com.fasterxml.jackson.databind.introspect.DefaultAccessorNamingStrategy$Provider
5609:             1             32  com.fasterxml.jackson.databind.introspect.DefaultAccessorNamingStrategy$Provider
5610:             1             32  com.fasterxml.jackson.databind.introspect.DefaultAccessorNamingStrategy$Provider
5611:             2             32  com.fasterxml.jackson.databind.node.BooleanNode
5612:             2             32  com.fasterxml.jackson.databind.ser.impl.PropertySerializerMap$Empty
5613:             1             32  com.fasterxml.jackson.databind.ser.std.CalendarSerializer
5614:             1             32  com.fasterxml.jackson.databind.ser.std.CalendarSerializer
5615:             1             32  com.fasterxml.jackson.databind.ser.std.CalendarSerializer
5616:             1             32  com.fasterxml.jackson.databind.ser.std.DateSerializer
5617:             1             32  com.fasterxml.jackson.databind.ser.std.DateSerializer
5618:             1             32  com.fasterxml.jackson.databind.ser.std.DateSerializer
5619:             1             32  com.fasterxml.jackson.databind.ser.std.NumberSerializers$FloatSerializer
5620:             1             32  com.fasterxml.jackson.databind.ser.std.NumberSerializers$FloatSerializer
5621:             1             32  com.fasterxml.jackson.databind.ser.std.NumberSerializers$FloatSerializer
5622:             1             32  com.fasterxml.jackson.databind.ser.std.NumberSerializers$IntLikeSerializer
5623:             1             32  com.fasterxml.jackson.databind.ser.std.NumberSerializers$IntLikeSerializer
5624:             1             32  com.fasterxml.jackson.databind.ser.std.NumberSerializers$IntLikeSerializer
5625:             1             32  com.fasterxml.jackson.databind.ser.std.NumberSerializers$ShortSerializer
5626:             1             32  com.fasterxml.jackson.databind.ser.std.NumberSerializers$ShortSerializer
5627:             1             32  com.fasterxml.jackson.databind.ser.std.NumberSerializers$ShortSerializer
5628:             1             32  com.fasterxml.jackson.databind.type.TypeBindings
5629:             1             32  com.fasterxml.jackson.databind.type.TypeBindings
5630:             1             32  com.fasterxml.jackson.databind.type.TypeFactory
5631:             1             32  com.fasterxml.jackson.databind.type.TypeFactory
5632:             1             32  com.fasterxml.jackson.databind.type.TypeFactory
5633:             1             32  com.fasterxml.jackson.dataformat.smile.SmileParser$Feature
5634:             2             32  com.google.common.cache.LocalCache$AccessQueue
5635:             2             32  com.google.common.cache.LocalCache$LocalManualCache
5636:             2             32  com.google.common.cache.LocalCache$Values
5637:             1             32  com.google.common.collect.Iterators$ArrayItr
5638:             1             32  com.google.common.collect.Iterators$ArrayItr
5639:             1             32  com.google.common.collect.Iterators$ArrayItr
5640:             1             32  com.google.common.collect.Iterators$ArrayItr
5641:             1             32  com.google.common.collect.Iterators$ArrayItr
5642:             2             32  com.google.common.collect.RegularImmutableList
5643:             2             32  com.google.gson.internal.$Gson$Types$GenericArrayTypeImpl
5644:             1             32  com.google.gson.internal.bind.ReflectiveTypeAdapterFactory
5645:             1             32  com.sun.jmx.mbeanserver.Repository (java.management@21.0.3)
5646:             1             32  com.sun.jna.Library$Handler
5647:             1             32  com.sun.jna.Memory
5648:             1             32  com.sun.jna.Structure$AutoAllocated
5649:             1             32  com.sun.management.internal.OperatingSystemImpl (jdk.management@21.0.3)
5650:             2             32  io.netty.bootstrap.ServerBootstrapConfig
5651:             2             32  io.netty.buffer.PooledByteBufAllocator$1
5652:             2             32  io.netty.buffer.PooledByteBufAllocatorMetric
5653:             1             32  io.netty.channel.nio.NioEventLoopGroup
5654:             1             32  io.netty.handler.ssl.ApplicationProtocolConfig
5655:             2             32  io.netty.handler.ssl.EnhancingX509ExtendedTrustManager
5656:             2             32  io.netty.handler.ssl.IdentityCipherSuiteFilter
5657:             1             32  io.netty.handler.ssl.SslHandler$SslEngineType$1
5658:             1             32  io.netty.handler.ssl.SslHandler$SslEngineType$2
5659:             1             32  io.netty.handler.ssl.SslHandler$SslEngineType$3
5660:             1             32  io.netty.util.AsciiString
5661:             1             32  io.netty.util.concurrent.DefaultThreadFactory
5662:             1             32  io.netty.util.concurrent.DefaultThreadFactory
5663:             2             32  io.netty.util.internal.logging.Slf4JLoggerFactory
5664:             1             32  io.protostuff.WireFormat$FieldType$1
5665:             1             32  io.protostuff.WireFormat$FieldType$2
5666:             1             32  io.protostuff.WireFormat$FieldType$3
5667:             1             32  io.protostuff.WireFormat$FieldType$4
5668:             1             32  io.protostuff.runtime.IdStrategy$26
5669:             1             32  io.protostuff.runtime.IdStrategy$27
5670:             1             32  io.protostuff.runtime.IdStrategy$28
5671:             1             32  io.protostuff.runtime.IdStrategy$29
5672:             1             32  io.protostuff.runtime.IdStrategy$30
5673:             1             32  io.protostuff.runtime.IdStrategy$31
5674:             1             32  io.protostuff.runtime.IdStrategy$32
5675:             1             32  io.protostuff.runtime.IdStrategy$33
5676:             1             32  io.protostuff.runtime.IdStrategy$34
5677:             1             32  io.protostuff.runtime.IdStrategy$35
5678:             1             32  io.protostuff.runtime.IdStrategy$36
5679:             1             32  io.protostuff.runtime.IdStrategy$37
5680:             1             32  io.protostuff.runtime.IdStrategy$38
5681:             2             32  io.protostuff.runtime.RuntimeEnv$DefaultInstantiator
5682:             2             32  java.lang.Boolean (java.base@21.0.3)
5683:             1             32  java.lang.Module$ArchivedData (java.base@21.0.3)
5684:             1             32  java.lang.ProcessHandleImpl (java.base@21.0.3)
5685:             2             32  java.lang.Shutdown$Lock (java.base@21.0.3)
5686:             1             32  java.lang.StringBuffer (java.base@21.0.3)
5687:             1             32  java.lang.invoke.VarHandleByteArrayAsChars$ArrayHandle (java.base@21.0.3)
5688:             1             32  java.lang.module.ModuleDescriptor$Version (java.base@21.0.3)
5689:             2             32  java.lang.ref.NativeReferenceQueue$Lock (java.base@21.0.3)
5690:             1             32  java.net.InetAddress$CachedLocalHost (java.base@21.0.3)
5691:             2             32  java.nio.ByteOrder (java.base@21.0.3)
5692:             2             32  java.nio.file.attribute.PosixFilePermissions$1 (java.base@21.0.3)
5693:             1             32  java.security.MessageDigest$Delegate$CloneableDelegate (java.base@21.0.3)
5694:             2             32  java.util.Comparator$$Lambda/0x00007fcd282ff128 (java.base@21.0.3)
5695:             2             32  java.util.Comparator$$Lambda/0x00007fcd284ddd48 (java.base@21.0.3)
5696:             1             32  java.util.EnumMap$EntryIterator (java.base@21.0.3)
5697:             1             32  java.util.PriorityQueue (java.base@21.0.3)
5698:             2             32  java.util.ResourceBundle$SingleFormatControl (java.base@21.0.3)
5699:             1             32  java.util.ServiceLoader$ModuleServicesLookupIterator (java.base@21.0.3)
5700:             1             32  java.util.concurrent.ThreadLocalRandom (java.base@21.0.3)
5701:             1             32  java.util.concurrent.locks.AbstractQueuedSynchronizer$SharedNode (java.base@21.0.3)
5702:             2             32  java.util.regex.CharPredicates$$Lambda/0x00007fcd282f9580 (java.base@21.0.3)
5703:             1             32  java.util.regex.Pattern$NotBehind (java.base@21.0.3)
5704:             1             32  java.util.zip.ZipCoder$UTF8ZipCoder (java.base@21.0.3)
5705:             1             32  jdk.internal.loader.ArchivedClassLoaders (java.base@21.0.3)
5706:             2             32  jdk.internal.misc.ThreadTracker (java.base@21.0.3)
5707:             1             32  jdk.internal.module.ArchivedModuleGraph (java.base@21.0.3)
5708:             1             32  jdk.internal.org.objectweb.asm.ConstantDynamic (java.base@21.0.3)
5709:             1             32  jdk.internal.org.objectweb.asm.Handle (java.base@21.0.3)
5710:             1             32  jdk.net.ExtendedSocketOptions$1 (jdk.net@21.0.3)
5711:             1             32  jdk.nio.zipfs.ZipPath (jdk.zipfs@21.0.3)
5712:             2             32  jdk.proxy3.$Proxy27 (jdk.proxy3)
5713:             2             32  jdk.proxy4.$Proxy48 (jdk.proxy4)
5714:             2             32  jdk.proxy4.$Proxy50 (jdk.proxy4)
5715:             1             32  joptsimple.NonOptionArgumentSpec
5716:             1             32  kotlinx.coroutines.ChildHandleNode
5717:             2             32  kotlinx.coroutines.Empty
5718:             2             32  kotlinx.coroutines.Empty
5719:             2             32  kotlinx.coroutines.Empty
5720:             2             32  kotlinx.coroutines.Empty
5721:             2             32  kotlinx.coroutines.Empty
5722:             2             32  kotlinx.coroutines.Empty
5723:             1             32  kotlinx.coroutines.StandaloneCoroutine
5724:             2             32  kotlinx.coroutines.internal.ContextScope
5725:             2             32  kotlinx.coroutines.scheduling.GlobalQueue
5726:             2             32  kotlinx.coroutines.scheduling.GlobalQueue
5727:             2             32  kotlinx.coroutines.scheduling.GlobalQueue
5728:             2             32  kotlinx.coroutines.scheduling.GlobalQueue
5729:             1             32  org.apache.logging.log4j.core.appender.rolling.FileExtension$1
5730:             1             32  org.apache.logging.log4j.core.appender.rolling.FileExtension$2
5731:             1             32  org.apache.logging.log4j.core.appender.rolling.FileExtension$3
5732:             1             32  org.apache.logging.log4j.core.appender.rolling.FileExtension$4
5733:             1             32  org.apache.logging.log4j.core.appender.rolling.FileExtension$5
5734:             1             32  org.apache.logging.log4j.core.appender.rolling.FileExtension$6
5735:             1             32  org.apache.logging.log4j.core.appender.rolling.FileExtension$7
5736:             1             32  org.apache.logging.log4j.core.impl.ThrowableFormatOptions
5737:             2             32  org.apache.logging.log4j.core.lookup.StrMatcher$CharSetMatcher
5738:             1             32  org.apache.logging.log4j.core.pattern.NameAbbreviator$MaxElementAbbreviator$Strategy$1
5739:             1             32  org.apache.logging.log4j.core.pattern.NameAbbreviator$MaxElementAbbreviator$Strategy$2
5740:             1             32  org.apache.logging.log4j.core.util.DefaultShutdownCallbackRegistry
5741:             2             32  org.apache.logging.log4j.core.util.SystemClock
5742:             2             32  org.apache.logging.log4j.core.util.datetime.FastDatePrinter$TwoDigitNumberField
5743:             1             32  org.apache.logging.log4j.status.StatusConsoleListener
5744:             1             32  org.apache.logging.log4j.status.StatusLogger$BoundedQueue
5745:             2             32  org.apache.logging.log4j.util.EnvironmentPropertySource
5746:             2             32  org.apache.logging.log4j.util.PropertiesUtil
5747:             2             32  org.apache.logging.log4j.util.PropertySource$Comparator
5748:             2             32  org.apache.logging.log4j.util.SystemPropertiesPropertySource
5749:             1             32  org.apache.logging.slf4j.Log4jLogger
5750:             2             32  org.apache.lucene.analysis.ar.ArabicStemmer
5751:             2             32  org.apache.lucene.analysis.bg.BulgarianStemmer
5752:             2             32  org.apache.lucene.analysis.bn.BengaliNormalizer
5753:             2             32  org.apache.lucene.analysis.bn.BengaliStemmer
5754:             2             32  org.apache.lucene.analysis.ckb.SoraniNormalizer
5755:             2             32  org.apache.lucene.analysis.ckb.SoraniStemmer
5756:             2             32  org.apache.lucene.analysis.cz.CzechStemmer
5757:             2             32  org.apache.lucene.analysis.de.GermanLightStemmer
5758:             2             32  org.apache.lucene.analysis.el.GreekStemmer
5759:             2             32  org.apache.lucene.analysis.es.SpanishLightStemmer
5760:             2             32  org.apache.lucene.analysis.fa.PersianNormalizer
5761:             2             32  org.apache.lucene.analysis.fr.FrenchLightStemmer
5762:             2             32  org.apache.lucene.analysis.gl.GalicianStemmer
5763:             2             32  org.apache.lucene.analysis.hi.HindiNormalizer
5764:             2             32  org.apache.lucene.analysis.hi.HindiStemmer
5765:             2             32  org.apache.lucene.analysis.it.ItalianLightStemmer
5766:             2             32  org.apache.lucene.analysis.lv.LatvianStemmer
5767:             2             32  org.apache.lucene.analysis.pt.PortugueseLightStemmer
5768:             2             32  org.apache.lucene.backward_codecs.lucene87.Lucene87StoredFieldsFormat
5769:             1             32  org.apache.lucene.codecs.lucene90.blocktree.CompressionAlgorithm$1
5770:             1             32  org.apache.lucene.codecs.lucene90.blocktree.CompressionAlgorithm$2
5771:             1             32  org.apache.lucene.codecs.lucene90.blocktree.CompressionAlgorithm$3
5772:             1             32  org.apache.lucene.document.SortedNumericDocValuesRangeQuery$1
5773:             1             32  org.apache.lucene.search.BoostQuery
5774:             1             32  org.apache.lucene.search.IndexOrDocValuesQuery
5775:             1             32  org.apache.lucene.search.IndexOrDocValuesQuery$1
5776:             2             32  org.apache.lucene.search.LRUQueryCache$MinSegmentSizePredicate
5777:             1             32  org.apache.lucene.search.MatchAllDocsQuery$1
5778:             1             32  org.apache.lucene.search.PointRangeQuery$1
5779:             2             32  org.apache.lucene.search.Sort
5780:             2             32  org.apache.lucene.search.vectorhighlight.BreakIteratorBoundaryScanner
5781:             1             32  org.apache.lucene.util.AttributeFactory$DefaultAttributeFactory$1
5782:             1             32  org.apache.lucene.util.automaton.Transition
5783:             1             32  org.apache.lucene.util.packed.PackedInts$Format$1
5784:             1             32  org.apache.lucene.util.packed.PackedInts$Format$2
5785:             2             32  org.bouncycastle.jcajce.provider.asymmetric.dh.KeyFactorySpi
5786:             2             32  org.bouncycastle.jcajce.provider.asymmetric.dstu.KeyFactorySpi
5787:             2             32  org.bouncycastle.jcajce.provider.asymmetric.ecgost.KeyFactorySpi
5788:             2             32  org.bouncycastle.pqc.jcajce.provider.xmss.XMSSKeyFactorySpi
5789:             2             32  org.bouncycastle.pqc.jcajce.provider.xmss.XMSSMTKeyFactorySpi
5790:             1             32  org.jooq.tools.json.JSONParser
5791:             2             32  org.locationtech.spatial4j.distance.GeodesicSphereDistCalc$Haversine
5792:             2             32  org.locationtech.spatial4j.io.LegacyShapeReader
5793:             2             32  org.locationtech.spatial4j.io.LegacyShapeWriter
5794:             1             32  org.opensearch.action.ActionModule$1
5795:             1             32  org.opensearch.action.ActionModule$2
5796:             1             32  org.opensearch.action.ActionModule$DynamicActionRegistry
5797:             2             32  org.opensearch.action.RequestValidators
5798:             1             32  org.opensearch.action.admin.cluster.remote.TransportRemoteInfoAction
5799:             1             32  org.opensearch.action.admin.cluster.storedscripts.TransportGetScriptContextAction
5800:             1             32  org.opensearch.action.admin.cluster.storedscripts.TransportGetScriptLanguageAction
5801:             1             32  org.opensearch.action.admin.indices.rollover.MetadataRolloverService
5802:             1             32  org.opensearch.action.admin.indices.rollover.RolloverInfo
5803:             1             32  org.opensearch.action.delete.TransportDeleteAction
5804:             1             32  org.opensearch.action.index.TransportIndexAction
5805:             1             32  org.opensearch.action.search.CreatePitController
5806:             1             32  org.opensearch.action.search.SearchPhaseController$SortedTopDocs
5807:             1             32  org.opensearch.ad.AnomalyDetectorRunner
5808:             2             32  org.opensearch.ad.rest.AbstractAnomalyDetectorAction$$Lambda/0x00007fcd2900cf80
5809:             2             32  org.opensearch.ad.rest.AbstractAnomalyDetectorAction$$Lambda/0x00007fcd2900d1b0
5810:             2             32  org.opensearch.ad.rest.AbstractAnomalyDetectorAction$$Lambda/0x00007fcd2900d3e0
5811:             2             32  org.opensearch.ad.rest.AbstractAnomalyDetectorAction$$Lambda/0x00007fcd2900d610
5812:             2             32  org.opensearch.ad.rest.AbstractAnomalyDetectorAction$$Lambda/0x00007fcd2900d840
5813:             2             32  org.opensearch.ad.rest.AbstractAnomalyDetectorAction$$Lambda/0x00007fcd2900da70
5814:             1             32  org.opensearch.ad.rest.RestExecuteAnomalyDetectorAction
5815:             1             32  org.opensearch.ad.rest.RestStatsAnomalyDetectorAction
5816:             1             32  org.opensearch.ad.transport.SearchADTasksTransportAction
5817:             1             32  org.opensearch.ad.transport.SearchAnomalyDetectorInfoTransportAction
5818:             1             32  org.opensearch.ad.transport.SearchAnomalyDetectorTransportAction
5819:             1             32  org.opensearch.ad.transport.ThresholdResultTransportAction
5820:             1             32  org.opensearch.alerting.AlertService
5821:             1             32  org.opensearch.alerting.TriggerService
5822:             2             32  org.opensearch.alerting.core.JobSweeper$$Lambda/0x00007fcd291ca5d0
5823:             1             32  org.opensearch.alerting.core.schedule.JobScheduler
5824:             1             32  org.opensearch.alerting.resthandler.RestSearchMonitorAction
5825:             1             32  org.opensearch.bootstrap.Bootstrap
5826:             2             32  org.opensearch.cluster.DiffableUtils$IntKeySerializer
5827:             2             32  org.opensearch.cluster.NamedDiffableValueSerializer
5828:             2             32  org.opensearch.cluster.RestoreInProgress
5829:             1             32  org.opensearch.cluster.action.index.MappingUpdatedAction
5830:             1             32  org.opensearch.cluster.action.shard.ShardStateAction
5831:             1             32  org.opensearch.cluster.action.shard.ShardStateAction$ShardFailedClusterStateTaskExecutor
5832:             1             32  org.opensearch.cluster.action.shard.ShardStateAction$ShardStartedClusterStateTaskExecutor
5833:             1             32  org.opensearch.cluster.coordination.ClusterFormationFailureHelper
5834:             1             32  org.opensearch.cluster.coordination.LagDetector
5835:             1             32  org.opensearch.cluster.coordination.LeaderChecker$CheckScheduler
5836:             2             32  org.opensearch.cluster.decommission.DecommissionService$$Lambda/0x00007fcd28e21bc8
5837:             2             32  org.opensearch.cluster.decommission.DecommissionService$$Lambda/0x00007fcd28e21df8
5838:             2             32  org.opensearch.cluster.decommission.DecommissionService$$Lambda/0x00007fcd28e22028
5839:             2             32  org.opensearch.cluster.metadata.ComposableIndexTemplate$DataStreamTemplate
5840:             2             32  org.opensearch.cluster.metadata.IndexAbstractionResolver
5841:             2             32  org.opensearch.cluster.metadata.IndexGraveyard
5842:             2             32  org.opensearch.cluster.metadata.IndexNameExpressionResolver$DateMathExpressionResolver
5843:             2             32  org.opensearch.cluster.metadata.IndexNameExpressionResolver$WildcardExpressionResolver
5844:             1             32  org.opensearch.cluster.metadata.MetadataCreateDataStreamService
5845:             1             32  org.opensearch.cluster.metadata.MetadataDeleteIndexService
5846:             1             32  org.opensearch.cluster.metadata.MetadataMappingService
5847:             1             32  org.opensearch.cluster.routing.BatchedRerouteService
5848:             1             32  org.opensearch.cluster.routing.OperationRouting
5849:             2             32  org.opensearch.cluster.routing.RecoverySource$ExistingStoreRecoverySource
5850:             1             32  org.opensearch.cluster.routing.RoutingNodes$UnassignedShards
5851:             2             32  org.opensearch.cluster.routing.allocation.ConstraintTypes$$Lambda/0x00007fcd2871ac90
5852:             2             32  org.opensearch.cluster.routing.allocation.DiskThresholdSettings$$Lambda/0x00007fcd28711000
5853:             2             32  org.opensearch.cluster.routing.allocation.DiskThresholdSettings$$Lambda/0x00007fcd28711230
5854:             2             32  org.opensearch.cluster.routing.allocation.DiskThresholdSettings$$Lambda/0x00007fcd287134d8
5855:             2             32  org.opensearch.cluster.routing.allocation.DiskThresholdSettings$$Lambda/0x00007fcd28713708
5856:             2             32  org.opensearch.cluster.routing.allocation.DiskThresholdSettings$$Lambda/0x00007fcd28713938
5857:             2             32  org.opensearch.cluster.routing.allocation.DiskThresholdSettings$$Lambda/0x00007fcd28713b68
5858:             2             32  org.opensearch.cluster.routing.allocation.DiskThresholdSettings$$Lambda/0x00007fcd28713d98
5859:             1             32  org.opensearch.cluster.routing.allocation.decider.FilterAllocationDecider
5860:             1             32  org.opensearch.cluster.routing.allocation.decider.NodeLoadAwareAllocationDecider
5861:             1             32  org.opensearch.cluster.routing.allocation.decider.ThrottlingAllocationDecider
5862:             1             32  org.opensearch.cluster.service.ClusterStateStats
5863:             2             32  org.opensearch.common.blobstore.BlobPath
5864:             1             32  org.opensearch.common.cache.CacheType
5865:             1             32  org.opensearch.common.geo.GeoShapeType$1
5866:             1             32  org.opensearch.common.geo.GeoShapeType$2
5867:             1             32  org.opensearch.common.geo.GeoShapeType$3
5868:             1             32  org.opensearch.common.geo.GeoShapeType$4
5869:             1             32  org.opensearch.common.geo.GeoShapeType$5
5870:             1             32  org.opensearch.common.geo.GeoShapeType$6
5871:             1             32  org.opensearch.common.geo.GeoShapeType$7
5872:             1             32  org.opensearch.common.geo.GeoShapeType$8
5873:             1             32  org.opensearch.common.geo.GeoShapeType$9
5874:             1             32  org.opensearch.common.logging.LogConfigurator$1
5875:             2             32  org.opensearch.common.logging.LoggingOutputStream$$Lambda/0x00007fcd281bf678
5876:             1             32  org.opensearch.common.settings.AbstractScopedSettings$2
5877:             1             32  org.opensearch.common.settings.KeyStoreWrapper
5878:             2             32  org.opensearch.common.settings.Setting$$Lambda/0x00007fcd2863dd90
5879:             1             32  org.opensearch.common.util.CancellableThreads
5880:             2             32  org.opensearch.common.util.PageCacheRecycler$1
5881:             2             32  org.opensearch.common.util.PageCacheRecycler$2
5882:             2             32  org.opensearch.common.util.PageCacheRecycler$3
5883:             2             32  org.opensearch.common.util.PageCacheRecycler$4
5884:             2             32  org.opensearch.common.util.Streak
5885:             2             32  org.opensearch.common.util.concurrent.OpenSearchExecutors$$Lambda/0x00007fcd2828a328
5886:             1             32  org.opensearch.common.xcontent.XContentType$1
5887:             1             32  org.opensearch.common.xcontent.XContentType$2
5888:             1             32  org.opensearch.common.xcontent.XContentType$3
5889:             1             32  org.opensearch.common.xcontent.XContentType$4
5890:             1             32  org.opensearch.core.tasks.resourcetracker.ResourceStatsType
5891:             2             32  org.opensearch.core.xcontent.NamedXContentRegistry
5892:             1             32  org.opensearch.core.xcontent.ObjectParser$$Lambda/0x00007fcd29095b48
5893:             1             32  org.opensearch.flowframework.common.FlowFrameworkSettings
5894:             1             32  org.opensearch.flowframework.indices.FlowFrameworkIndicesHandler
5895:             1             32  org.opensearch.flowframework.util.EncryptorUtils
5896:             1             32  org.opensearch.flowframework.workflow.WorkflowProcessSorter
5897:             1             32  org.opensearch.flowframework.workflow.WorkflowStepFactory$$Lambda/0x00007fcd28a4e2f0
5898:             1             32  org.opensearch.flowframework.workflow.WorkflowStepFactory$$Lambda/0x00007fcd28a4e510
5899:             1             32  org.opensearch.flowframework.workflow.WorkflowStepFactory$$Lambda/0x00007fcd28a4e730
5900:             1             32  org.opensearch.flowframework.workflow.WorkflowStepFactory$$Lambda/0x00007fcd28a4ed90
5901:             2             32  org.opensearch.forecast.rest.AbstractForecasterAction$$Lambda/0x00007fcd290124e8
5902:             2             32  org.opensearch.forecast.rest.AbstractForecasterAction$$Lambda/0x00007fcd29012718
5903:             2             32  org.opensearch.forecast.rest.AbstractForecasterAction$$Lambda/0x00007fcd29012948
5904:             2             32  org.opensearch.forecast.rest.AbstractForecasterAction$$Lambda/0x00007fcd29012b78
5905:             2             32  org.opensearch.forecast.rest.AbstractForecasterAction$$Lambda/0x00007fcd29012da8
5906:             1             32  org.opensearch.forecast.rest.RestStatsForecasterAction
5907:             1             32  org.opensearch.forecast.transport.SearchForecastTasksTransportAction
5908:             1             32  org.opensearch.forecast.transport.SearchForecasterInfoTransportAction
5909:             1             32  org.opensearch.forecast.transport.SearchForecasterTransportAction
5910:             1             32  org.opensearch.gateway.LocalAllocateDangledIndices
5911:             1             32  org.opensearch.gateway.MetaStateService
5912:             2             32  org.opensearch.geo.search.aggregations.bucket.geogrid.GeoGridAggregationBuilder$$Lambda/0x00007fcd28836ed8
5913:             2             32  org.opensearch.geometry.utils.StandardValidator
5914:             1             32  org.opensearch.geospatial.ip2geo.action.GetDatasourceTransportAction
5915:             1             32  org.opensearch.geospatial.ip2geo.action.RestPutDatasourceHandler
5916:             1             32  org.opensearch.geospatial.ip2geo.dao.GeoIpDataDao
5917:             1             32  org.opensearch.geospatial.ip2geo.dao.Ip2GeoCachedDao
5918:             1             32  org.opensearch.geospatial.ip2geo.jobscheduler.DatasourceUpdateService
5919:             1             32  org.opensearch.geospatial.ip2geo.processor.Ip2GeoProcessor$Factory
5920:             1             32  org.opensearch.geospatial.plugin.GeospatialPlugin
5921:             2             32  org.opensearch.identity.noop.NoopIdentityPlugin
5922:             1             32  org.opensearch.index.ShardIndexingPressureStore
5923:             1             32  org.opensearch.index.VersionType$1
5924:             1             32  org.opensearch.index.VersionType$2
5925:             1             32  org.opensearch.index.VersionType$3
5926:             1             32  org.opensearch.index.analysis.AnalysisMode$1
5927:             1             32  org.opensearch.index.analysis.AnalysisMode$2
5928:             1             32  org.opensearch.index.analysis.AnalysisMode$3
5929:             1             32  org.opensearch.index.analysis.AnalysisRegistry$PrebuiltAnalysis
5930:             1             32  org.opensearch.index.analysis.PreConfiguredCharFilter
5931:             2             32  org.opensearch.index.codec.customcodecs.ZstdCompressionMode
5932:             2             32  org.opensearch.index.codec.customcodecs.ZstdNoDictCompressionMode
5933:             1             32  org.opensearch.index.codec.fuzzy.FuzzySet$SetType
5934:             1             32  org.opensearch.index.mapper.DateFieldMapper$Resolution$1
5935:             1             32  org.opensearch.index.mapper.DateFieldMapper$Resolution$2
5936:             2             32  org.opensearch.index.mapper.ObjectMapper$TypeParser
5937:             1             32  org.opensearch.index.mapper.TextFieldMapper$FielddataFrequencyFilter
5938:             1             32  org.opensearch.index.reindex.ReindexValidator
5939:             1             32  org.opensearch.index.remote.RemoteStoreEnums$PathHashAlgorithm$1
5940:             1             32  org.opensearch.index.remote.RemoteStoreEnums$PathHashAlgorithm$2
5941:             1             32  org.opensearch.index.remote.RemoteStoreEnums$PathType$1
5942:             1             32  org.opensearch.index.remote.RemoteStoreEnums$PathType$2
5943:             1             32  org.opensearch.index.remote.RemoteStoreEnums$PathType$3
5944:             1             32  org.opensearch.index.store.Store$MetadataSnapshot
5945:             2             32  org.opensearch.index.store.lockmanager.RemoteStoreLockManagerFactory
5946:             2             32  org.opensearch.index.store.remote.filecache.FileCacheSettings$$Lambda/0x00007fcd28711460
5947:             1             32  org.opensearch.indexmanagement.IndexManagementIndices
5948:             1             32  org.opensearch.indexmanagement.controlcenter.notification.filter.IndexOperationActionFilter
5949:             1             32  org.opensearch.indexmanagement.indexstatemanagement.IndexMetadataProvider
5950:             1             32  org.opensearch.indexmanagement.indexstatemanagement.resthandler.RestIndexPolicyAction
5951:             1             32  org.opensearch.indexmanagement.indexstatemanagement.transport.action.managedIndex.TransportManagedIndexAction
5952:             1             32  org.opensearch.indexmanagement.rollup.RollupMapperService
5953:             1             32  org.opensearch.indexmanagement.rollup.RollupSearchService
5954:             1             32  org.opensearch.indexmanagement.rollup.actionfilter.FieldCapsFilter
5955:             1             32  org.opensearch.indexmanagement.transform.TransformIndexer
5956:             1             32  org.opensearch.indices.IndicesRequestCache$IndicesRequestCacheCleanupManager$IndicesRequestCacheCleaner
5957:             1             32  org.opensearch.indices.IndicesService$$Lambda/0x00007fcd288c86d0
5958:             1             32  org.opensearch.indices.IndicesService$2
5959:             1             32  org.opensearch.indices.IndicesService$CacheCleaner
5960:             1             32  org.opensearch.indices.ShardLimitValidator
5961:             1             32  org.opensearch.indices.analysis.HunspellService
5962:             1             32  org.opensearch.indices.analysis.PreBuiltAnalyzers$1
5963:             1             32  org.opensearch.indices.analysis.PreBuiltAnalyzers$2
5964:             1             32  org.opensearch.indices.analysis.PreBuiltAnalyzers$3
5965:             1             32  org.opensearch.indices.analysis.PreBuiltAnalyzers$4
5966:             1             32  org.opensearch.indices.analysis.PreBuiltAnalyzers$5
5967:             1             32  org.opensearch.indices.analysis.PreBuiltAnalyzers$6
5968:             1             32  org.opensearch.indices.analysis.PreBuiltAnalyzers$7
5969:             1             32  org.opensearch.indices.analysis.PreBuiltTokenizers$1
5970:             1             32  org.opensearch.indices.mapper.MapperRegistry
5971:             1             32  org.opensearch.indices.recovery.PeerRecoverySourceService$OngoingRecoveries
5972:             1             32  org.opensearch.indices.recovery.PeerRecoveryTargetService
5973:             2             32  org.opensearch.indices.replication.checkpoint.SegmentReplicationCheckpointPublisher
5974:             2             32  org.opensearch.ingest.IngestService$$Lambda/0x00007fcd293baf80
5975:             1             32  org.opensearch.ingest.useragent.UserAgentParser
5976:             1             32  org.opensearch.jobscheduler.rest.action.RestGetJobDetailsAction
5977:             1             32  org.opensearch.jobscheduler.rest.action.RestGetLockAction
5978:             1             32  org.opensearch.jobscheduler.rest.action.RestReleaseLockAction
5979:             1             32  org.opensearch.jobscheduler.scheduler.JobScheduler
5980:             1             32  org.opensearch.jobscheduler.utils.JobDetailsService
5981:             1             32  org.opensearch.knn.index.Parameter$BooleanParameter
5982:             2             32  org.opensearch.knn.index.Parameter$MethodComponentContextParameter$$Lambda/0x00007fcd28495b18
5983:             2             32  org.opensearch.knn.index.Parameter$MethodComponentContextParameter$$Lambda/0x00007fcd28495d68
5984:             1             32  org.opensearch.knn.index.Parameter$StringParameter
5985:             1             32  org.opensearch.knn.index.SpaceType$1
5986:             1             32  org.opensearch.knn.index.SpaceType$2
5987:             1             32  org.opensearch.knn.index.SpaceType$3
5988:             1             32  org.opensearch.knn.index.SpaceType$4
5989:             1             32  org.opensearch.knn.index.SpaceType$5
5990:             1             32  org.opensearch.knn.index.SpaceType$6
5991:             1             32  org.opensearch.knn.index.VectorDataType$1
5992:             1             32  org.opensearch.knn.index.VectorDataType$2
5993:             1             32  org.opensearch.knn.index.codec.KNN80Codec.KNN80Codec
5994:             1             32  org.opensearch.knn.index.codec.KNN84Codec.KNN84Codec
5995:             1             32  org.opensearch.knn.index.codec.KNN87Codec.KNN87Codec
5996:             1             32  org.opensearch.knn.index.codec.KNN920Codec.KNN920Codec
5997:             1             32  org.opensearch.knn.index.codec.KNN940Codec.KNN940Codec
5998:             1             32  org.opensearch.knn.index.codec.KNN950Codec.KNN950Codec
5999:             1             32  org.opensearch.knn.index.codec.KNN990Codec.KNN990Codec
6000:             1             32  org.opensearch.knn.index.memory.NativeMemoryCacheManager
6001:             1             32  org.opensearch.knn.index.util.Lucene
6002:             1             32  org.opensearch.knn.index.util.Nmslib
6003:             1             32  org.opensearch.knn.plugin.rest.RestClearCacheHandler
6004:             1             32  org.opensearch.knn.plugin.rest.RestKNNWarmupHandler
6005:             1             32  org.opensearch.knn.plugin.stats.suppliers.EventOccurredWithinThresholdSupplier
6006:             1             32  org.opensearch.knn.plugin.transport.DeleteModelTransportAction
6007:             1             32  org.opensearch.knn.plugin.transport.GetModelTransportAction
6008:             1             32  org.opensearch.knn.plugin.transport.SearchModelTransportAction
6009:             1             32  org.opensearch.knn.plugin.transport.TrainingModelTransportAction
6010:             1             32  org.opensearch.ml.action.agents.TransportSearchAgentAction
6011:             1             32  org.opensearch.ml.action.handler.MLSearchHandler
6012:             1             32  org.opensearch.ml.action.models.SearchModelTransportAction
6013:             1             32  org.opensearch.ml.action.tasks.SearchTaskTransportAction
6014:             1             32  org.opensearch.ml.action.upload_chunk.MLModelChunkUploader
6015:             1             32  org.opensearch.ml.breaker.MLCircuitBreakerService
6016:             1             32  org.opensearch.ml.cluster.MLCommonsClusterEventListener
6017:             1             32  org.opensearch.ml.engine.MLEngine
6018:             1             32  org.opensearch.ml.engine.algorithms.anomalylocalization.AnomalyLocalizerImpl
6019:             1             32  org.opensearch.ml.engine.encryptor.EncryptorImpl
6020:             1             32  org.opensearch.ml.engine.memory.ConversationIndexMemory$Factory
6021:             1             32  org.opensearch.ml.memory.index.InteractionsIndex
6022:             1             32  org.opensearch.ml.repackage.com.google.common.collect.Iterators$ArrayItr
6023:             1             32  org.opensearch.ml.rest.RestMLPredictionAction
6024:             1             32  org.opensearch.ml.rest.RestMLUndeployModelAction
6025:             1             32  org.opensearch.ml.settings.MLFeatureEnabledSetting
6026:             1             32  org.opensearch.ml.task.MLTaskManager
6027:             1             32  org.opensearch.ml.tools.GetToolTransportAction
6028:             1             32  org.opensearch.ml.tools.ListToolsTransportAction
6029:             1             32  org.opensearch.monitor.process.ProcessInfo
6030:             1             32  org.opensearch.neuralsearch.plugin.NeuralSearch
6031:             2             32  org.opensearch.neuralsearch.processor.normalization.MinMaxScoreNormalizationTechnique
6032:             1             32  org.opensearch.neuralsearch.search.query.HybridQueryPhaseSearcher
6033:             1             32  org.opensearch.node.Node$LocalNodeFactory
6034:             2             32  org.opensearch.node.resource.tracker.AbstractAverageUsageTracker$$Lambda/0x00007fcd29044000
6035:             1             32  org.opensearch.painless.action.PainlessContextAction$TransportAction
6036:             1             32  org.opensearch.performanceanalyzer.commons.config.overrides.ConfigOverridesWrapper
6037:             1             32  org.opensearch.performanceanalyzer.commons.event_process.EventLogFileHandler
6038:             1             32  org.opensearch.performanceanalyzer.config.PerformanceAnalyzerController
6039:             1             32  org.opensearch.performanceanalyzer.http_action.config.PerformanceAnalyzerClusterConfigAction
6040:             1             32  org.opensearch.performanceanalyzer.http_action.config.PerformanceAnalyzerOverridesClusterConfigAction
6041:             1             32  org.opensearch.performanceanalyzer.http_action.config.PerformanceAnalyzerResourceProvider
6042:             1             32  org.opensearch.performanceanalyzer.http_action.whoami.TransportWhoAmIAction
6043:             1             32  org.opensearch.persistent.PersistentTasksNodeService
6044:             1             32  org.opensearch.plugin.repository.url.URLRepositoryPlugin$$Lambda/0x00007fcd28548a48
6045:             1             32  org.opensearch.plugins.PluginsService
6046:             1             32  org.opensearch.ratelimitting.admissioncontrol.controllers.CpuBasedAdmissionController
6047:             1             32  org.opensearch.ratelimitting.admissioncontrol.controllers.IoBasedAdmissionController
6048:             1             32  org.opensearch.ratelimitting.admissioncontrol.settings.CpuBasedAdmissionControllerSettings
6049:             1             32  org.opensearch.ratelimitting.admissioncontrol.settings.IoBasedAdmissionControllerSettings
6050:             1             32  org.opensearch.replication.metadata.store.ReplicationMetadataStore
6051:             2             32  org.opensearch.reportsscheduler.util.SecureIndexClient
6052:             1             32  org.opensearch.repositories.RepositoriesModule$$Lambda/0x00007fcd28cee920
6053:             1             32  org.opensearch.repositories.RepositoriesModule$$Lambda/0x00007fcd28ceeb50
6054:             1             32  org.opensearch.repositories.RepositoriesStatsArchive
6055:             1             32  org.opensearch.repositories.s3.ProxySettings
6056:             1             32  org.opensearch.repositories.s3.S3RepositoryPlugin$$Lambda/0x00007fcd28a85570
6057:             1             32  org.opensearch.rest.action.admin.cluster.RestClusterGetSettingsAction
6058:             2             32  org.opensearch.search.aggregations.ConcurrentAggregationProcessor
6059:             1             32  org.opensearch.search.aggregations.bucket.terms.TermsAggregatorFactory$ExecutionMode$1
6060:             1             32  org.opensearch.search.aggregations.bucket.terms.TermsAggregatorFactory$ExecutionMode$2
6061:             2             32  org.opensearch.search.aggregations.bucket.terms.heuristic.NXYSignificanceHeuristic$$Lambda/0x00007fcd2879bb50
6062:             1             32  org.opensearch.search.aggregations.metrics.PercentilesMethod$1
6063:             1             32  org.opensearch.search.aggregations.metrics.PercentilesMethod$2
6064:             2             32  org.opensearch.search.aggregations.support.MultiValuesSourceParseHelper$$Lambda/0x00007fcd287ab8b0
6065:             2             32  org.opensearch.search.aggregations.support.MultiValuesSourceParseHelper$$Lambda/0x00007fcd287abae0
6066:             1             32  org.opensearch.search.asynchronous.context.state.AsynchronousSearchStateMachine
6067:             1             32  org.opensearch.search.asynchronous.processor.AsynchronousSearchPostProcessor
6068:             2             32  org.opensearch.search.backpressure.SearchBackpressureState$$Lambda/0x00007fcd28cedb38
6069:             1             32  org.opensearch.search.backpressure.settings.NodeDuressSettings
6070:             2             32  org.opensearch.search.backpressure.trackers.HeapUsageTracker$$Lambda/0x00007fcd28cec390
6071:             2             32  org.opensearch.search.query.QueryPhase$DefaultQueryPhaseSearcher
6072:             1             32  org.opensearch.security.auditlog.routing.AuditMessageRouter
6073:             2             32  org.opensearch.security.auth.internal.NoOpAuthenticationBackend
6074:             1             32  org.opensearch.security.configuration.CompatConfig
6075:             1             32  org.opensearch.security.configuration.PrivilegesInterceptorImpl
6076:             2             32  org.opensearch.security.dlic.rest.api.AllowlistApiAction$$Lambda/0x00007fcd28ff2908
6077:             2             32  org.opensearch.security.dlic.rest.api.AllowlistApiAction$$Lambda/0x00007fcd28ff2b28
6078:             2             32  org.opensearch.security.dlic.rest.api.AllowlistApiAction$1
6079:             1             32  org.opensearch.security.dlic.rest.api.RestApiAdminPrivilegesEvaluator
6080:             2             32  org.opensearch.security.http.HTTPBasicAuthenticator
6081:             1             32  org.opensearch.security.http.XFFResolver
6082:             1             32  org.opensearch.security.identity.SecurityTokenManager
6083:             1             32  org.opensearch.security.privileges.RestLayerPrivilegesEvaluator
6084:             1             32  org.opensearch.security.privileges.SnapshotRestoreEvaluator
6085:             1             32  org.opensearch.security.resolver.IndexResolverReplacer
6086:             1             32  org.opensearch.security.rest.DashboardsInfoAction
6087:             1             32  org.opensearch.security.rest.SecurityInfoAction
6088:             2             32  org.opensearch.security.securityconf.impl.v7.ConfigV7
6089:             2             32  org.opensearch.security.securityconf.impl.v7.ConfigV7$AuthFailureListeners
6090:             2             32  org.opensearch.security.securityconf.impl.v7.ConfigV7$Authc
6091:             2             32  org.opensearch.security.securityconf.impl.v7.ConfigV7$Authz
6092:             1             32  org.opensearch.security.ssl.OpenSearchSecureSettingsFactory
6093:             1             32  org.opensearch.security.ssl.http.netty.Netty4HttpRequestHeaderVerifier
6094:             1             32  org.opensearch.security.ssl.http.netty.ValidatingDispatcher
6095:             2             32  org.opensearch.security.ssl.transport.SSLConfig
6096:             1             32  org.opensearch.security.transport.DefaultInterClusterRequestEvaluator
6097:             2             32  org.opensearch.securityanalytics.alerts.AlertsService
6098:             1             32  org.opensearch.securityanalytics.logtype.BuiltinLogTypeLoader
6099:             1             32  org.opensearch.securityanalytics.mapper.IndexTemplateManager
6100:             1             32  org.opensearch.securityanalytics.mapper.MapperService
6101:             1             32  org.opensearch.securityanalytics.threatIntel.ThreatIntelFeedDataService
6102:             1             32  org.opensearch.securityanalytics.threatIntel.feedMetadata.BuiltInTIFMetadataLoader
6103:             1             32  org.opensearch.securityanalytics.threatIntel.jobscheduler.TIFJobUpdateService
6104:             2             32  org.opensearch.securityanalytics.util.ExceptionChecker
6105:             2             32  org.opensearch.securityanalytics.util.MonitorService
6106:             1             32  org.opensearch.securityanalytics.util.RuleIndices
6107:             2             32  org.opensearch.semver.expr.Equal
6108:             2             32  org.opensearch.sql.data.model.ExprBooleanValue
6109:             1             32  org.opensearch.sql.datasources.transport.TransportDeleteDataSourceAction
6110:             1             32  org.opensearch.sql.datasources.transport.TransportGetDataSourceAction
6111:             1             32  org.opensearch.sql.datasources.transport.TransportPatchDataSourceAction
6112:             1             32  org.opensearch.sql.datasources.transport.TransportUpdateDataSourceAction
6113:             2             32  org.opensearch.sql.expression.function.FunctionDSL$$Lambda/0x00007fcd28b5a638
6114:             1             32  org.opensearch.sql.legacy.esdomain.LocalClusterState
6115:             1             32  org.opensearch.sql.legacy.plugin.RestSqlAction
6116:             2             32  org.opensearch.sql.opensearch.executor.OpenSearchQueryManager
6117:             1             32  org.opensearch.sql.plugin.SQLPlugin
6118:             2             32  org.opensearch.sql.ppl.antlr.PPLSyntaxParser
6119:             2             32  org.opensearch.sql.ppl.utils.PPLQueryDataAnonymizer
6120:             2             32  org.opensearch.sql.ppl.utils.PPLQueryDataAnonymizer$AnonymizerExpressionAnalyzer
6121:             2             32  org.opensearch.sql.spark.execution.xcontent.AsyncQueryJobMetadataXContentSerializer
6122:             1             32  org.opensearch.sql.spark.transport.TransportCancelAsyncQueryRequestAction
6123:             1             32  org.opensearch.sql.spark.transport.TransportGetAsyncQueryResultAction
6124:             2             32  org.opensearch.sql.sql.antlr.SQLSyntaxParser
6125:             1             32  org.opensearch.tasks.TaskCancellationMonitoringSettings
6126:             1             32  org.opensearch.tasks.TaskCancellationService$BanParentTaskRequest
6127:             1             32  org.opensearch.tasks.TaskResourceTrackingService
6128:             2             32  org.opensearch.threadpool.ThreadPoolStats
6129:             2             32  org.opensearch.timeseries.MemoryTracker$$Lambda/0x00007fcd289cde08
6130:             2             32  org.opensearch.timeseries.caching.PriorityCache$$Lambda/0x00007fcd28a14028
6131:             2             32  org.opensearch.timeseries.caching.PriorityCache$$Lambda/0x00007fcd28a14258
6132:             2             32  org.opensearch.timeseries.caching.PriorityCache$$Lambda/0x00007fcd28a14488
6133:             2             32  org.opensearch.timeseries.caching.PriorityCache$$Lambda/0x00007fcd28a148e8
6134:             2             32  org.opensearch.timeseries.caching.PriorityCache$$Lambda/0x00007fcd29318000
6135:             2             32  org.opensearch.timeseries.caching.PriorityCache$$Lambda/0x00007fcd29318220
6136:             2             32  org.opensearch.timeseries.caching.PriorityCache$$Lambda/0x00007fcd29318450
6137:             2             32  org.opensearch.timeseries.ml.ModelColdStart$$Lambda/0x00007fcd29318680
6138:             2             32  org.opensearch.timeseries.ratelimit.CheckPointMaintainRequestAdapter$$Lambda/0x00007fcd28a10880
6139:             2             32  org.opensearch.timeseries.ratelimit.ColdEntityWorker$$Lambda/0x00007fcd28a2cc80
6140:             2             32  org.opensearch.timeseries.ratelimit.ColdEntityWorker$$Lambda/0x00007fcd28a2ceb0
6141:             1             32  org.opensearch.timeseries.task.TaskCacheManager
6142:             2             32  org.opensearch.timeseries.task.TaskCacheManager$$Lambda/0x00007fcd28a2e0b8
6143:             2             32  org.opensearch.timeseries.task.TaskManager$$Lambda/0x00007fcd28a35ee8
6144:             2             32  org.opensearch.timeseries.task.TaskManager$$Lambda/0x00007fcd28a36118
6145:             2             32  org.opensearch.timeseries.transport.BaseDeleteConfigTransportAction$$Lambda/0x00007fcd28e3c000
6146:             2             32  org.opensearch.timeseries.transport.BaseGetConfigTransportAction$$Lambda/0x00007fcd28f1f338
6147:             2             32  org.opensearch.timeseries.transport.BaseJobTransportAction$$Lambda/0x00007fcd28d9e3b8
6148:             2             32  org.opensearch.timeseries.transport.BaseProfileTransportAction$$Lambda/0x00007fcd28d9ee88
6149:             2             32  org.opensearch.timeseries.transport.BaseValidateConfigTransportAction$$Lambda/0x00007fcd28e3f910
6150:             2             32  org.opensearch.timeseries.transport.handler.SearchHandler$$Lambda/0x00007fcd28a2eda0
6151:             1             32  org.opensearch.transport.InboundHandler
6152:             1             32  org.opensearch.transport.SharedGroupFactory
6153:             1             32  org.opensearch.transport.TransportHandshaker
6154:             2             32  org.opensearch.transport.TransportRequestDeduplicator
6155:             1             32  sun.net.www.protocol.https.Handler (java.base@21.0.3)
6156:             2             32  sun.net.www.protocol.jar.Handler (java.base@21.0.3)
6157:             1             32  sun.nio.fs.LinuxFileStore (java.base@21.0.3)
6158:             1             32  sun.nio.fs.LinuxFileSystem (java.base@21.0.3)
6159:             1             32  sun.security.ec.ed.Ed25519Operations (jdk.crypto.ec@21.0.3)
6160:             1             32  sun.security.ec.ed.Ed448Operations (jdk.crypto.ec@21.0.3)
6161:             1             32  sun.security.ec.point.ExtendedHomogeneousPoint$Immutable (jdk.crypto.ec@21.0.3)
6162:             2             32  sun.security.provider.FileInputStreamPool$UnclosableInputStream (java.base@21.0.3)
6163:             1             32  sun.security.provider.SecureRandom (java.base@21.0.3)
6164:             2             32  sun.security.ssl.AlpnExtension$SHAlpnAbsence (java.base@21.0.3)
6165:             2             32  sun.security.ssl.AlpnExtension$SHAlpnConsumer (java.base@21.0.3)
6166:             2             32  sun.security.ssl.AlpnExtension$SHAlpnProducer (java.base@21.0.3)
6167:             2             32  sun.security.ssl.DHKeyExchange$DHEKAGenerator (java.base@21.0.3)
6168:             2             32  sun.security.ssl.DHKeyExchange$DHEPossessionGenerator (java.base@21.0.3)
6169:             2             32  sun.security.ssl.SSLCipher$NullReadCipherGenerator (java.base@21.0.3)
6170:             2             32  sun.security.ssl.SSLCipher$NullWriteCipherGenerator (java.base@21.0.3)
6171:             2             32  sun.security.ssl.SSLCipher$T12GcmReadCipherGenerator (java.base@21.0.3)
6172:             2             32  sun.security.ssl.SSLCipher$T12GcmWriteCipherGenerator (java.base@21.0.3)
6173:             2             32  sun.security.ssl.SSLCipher$T13GcmReadCipherGenerator (java.base@21.0.3)
6174:             2             32  sun.security.ssl.SSLCipher$T13GcmWriteCipherGenerator (java.base@21.0.3)
6175:             2             32  sun.security.ssl.ServerHello$T12ServerHelloConsumer (java.base@21.0.3)
6176:             2             32  sun.security.ssl.ServerHello$T13HelloRetryRequestConsumer (java.base@21.0.3)
6177:             2             32  sun.security.ssl.ServerHello$T13ServerHelloConsumer (java.base@21.0.3)
6178:             1             32  sun.security.ssl.SessionTicketExtension$StatelessKey (java.base@21.0.3)
6179:             2             32  sun.security.ssl.SupportedVersionsExtension$SHSupportedVersionsStringizer (java.base@21.0.3)
6180:             1             32  sun.security.ssl.TrustStoreManager$TrustAnchorManager (java.base@21.0.3)
6181:             2             32  sun.security.util.AlgorithmDecomposer (java.base@21.0.3)
6182:             1             32  sun.security.util.math.intpoly.Curve25519OrderField (java.base@21.0.3)
6183:             1             32  sun.security.util.math.intpoly.Curve448OrderField (java.base@21.0.3)
6184:             1             32  sun.security.util.math.intpoly.IntegerPolynomial25519 (java.base@21.0.3)
6185:             1             32  sun.security.util.math.intpoly.IntegerPolynomial448 (java.base@21.0.3)
6186:             1             32  sun.security.util.math.intpoly.IntegerPolynomialP256 (java.base@21.0.3)
6187:             1             32  sun.security.util.math.intpoly.IntegerPolynomialP384 (java.base@21.0.3)
6188:             1             32  sun.security.util.math.intpoly.IntegerPolynomialP521 (java.base@21.0.3)
6189:             1             32  sun.security.util.math.intpoly.P256OrderField (java.base@21.0.3)
6190:             1             32  sun.security.util.math.intpoly.P384OrderField (java.base@21.0.3)
6191:             1             32  sun.security.util.math.intpoly.P521OrderField (java.base@21.0.3)
6192:             1             32  sun.security.x509.PrivateKeyUsageExtension (java.base@21.0.3)
6193:             1             24  [Lcom.fasterxml.jackson.core.StreamWriteCapability;
6194:             1             24  [Lcom.fasterxml.jackson.databind.AnnotationIntrospector$ReferenceProperty$Type;
6195:             1             24  [Lcom.fasterxml.jackson.databind.cfg.EnumFeature;
6196:             1             24  [Lcom.fasterxml.jackson.databind.cfg.EnumFeature;
6197:             1             24  [Lcom.fasterxml.jackson.databind.cfg.EnumFeature;
6198:             1             24  [Lcom.fasterxml.jackson.databind.deser.KeyDeserializers;
6199:             1             24  [Lcom.fasterxml.jackson.databind.deser.KeyDeserializers;
6200:             1             24  [Lcom.fasterxml.jackson.databind.deser.KeyDeserializers;
6201:             1             24  [Lcom.fasterxml.jackson.dataformat.smile.SmileParser$Feature;
6202:             1             24  [Lcom.fasterxml.jackson.dataformat.yaml.YAMLParser$Feature;
6203:             1             24  [Lcom.google.common.cache.CacheBuilder$NullListener;
6204:             1             24  [Lcom.google.common.cache.CacheBuilder$NullListener;
6205:             1             24  [Lcom.google.common.cache.CacheBuilder$NullListener;
6206:             1             24  [Lcom.google.common.cache.CacheBuilder$NullListener;
6207:             1             24  [Lcom.google.common.cache.CacheBuilder$OneWeigher;
6208:             1             24  [Lcom.google.common.cache.CacheBuilder$OneWeigher;
6209:             1             24  [Lcom.google.common.cache.CacheBuilder$OneWeigher;
6210:             1             24  [Lcom.google.common.cache.CacheBuilder$OneWeigher;
6211:             1             24  [Lcom.google.common.cache.LocalCache$Segment;
6212:             1             24  [Lcom.google.common.collect.Maps$EntryFunction;
6213:             1             24  [Lcom.google.gson.LongSerializationPolicy;
6214:             1             24  [Lcom.intel.qat.QatZipper$Algorithm;
6215:             1             24  [Lcom.intel.qat.QatZipper$Mode;
6216:             1             24  [Lio.netty.buffer.PoolArena$SizeClass;
6217:             1             24  [Lio.netty.handler.logging.ByteBufFormat;
6218:             1             24  [Ljava.io.File$PathStatus; (java.base@21.0.3)
6219:             1             24  [Ljava.lang.StackWalker$ExtendedOption; (java.base@21.0.3)
6220:             1             24  [Ljava.lang.invoke.MethodHandles$Lookup$ClassOption; (java.base@21.0.3)
6221:             1             24  [Ljava.net.URL; (java.base@21.0.3)
6222:             1             24  [Ljava.security.Provider$OPType; (java.base@21.0.3)
6223:             1             24  [Ljava.time.chrono.HijrahEra; (java.base@21.0.3)
6224:             1             24  [Ljava.time.chrono.IsoEra; (java.base@21.0.3)
6225:             1             24  [Ljava.time.chrono.MinguoEra; (java.base@21.0.3)
6226:             1             24  [Ljava.time.chrono.ThaiBuddhistEra; (java.base@21.0.3)
6227:             1             24  [Ljava.time.temporal.IsoFields$Unit; (java.base@21.0.3)
6228:             1             24  [Ljava.time.zone.ZoneOffsetTransition; (java.base@21.0.3)
6229:             1             24  [Ljava.util.Comparators$NaturalOrderComparator; (java.base@21.0.3)
6230:             1             24  [Ljava.util.Formatter$BigDecimalLayoutForm; (java.base@21.0.3)
6231:             1             24  [Ljava.util.Locale$Category; (java.base@21.0.3)
6232:             1             24  [Ljava.util.jar.Manifest; (java.base@21.0.3)
6233:             1             24  [Ljdk.internal.icu.util.CodePointTrie$Type; (java.base@21.0.3)
6234:             1             24  [Lkotlinx.coroutines.scheduling.TaskMode;
6235:             1             24  [Lorg.apache.logging.log4j.core.appender.ConsoleAppender$Target;
6236:             1             24  [Lorg.apache.logging.log4j.core.async.ThreadNameCachingStrategy;
6237:             1             24  [Lorg.apache.logging.log4j.core.config.status.StatusConfiguration$Verbosity;
6238:             1             24  [Lorg.apache.logging.log4j.core.pattern.NameAbbreviator$MaxElementAbbreviator$Strategy;
6239:             1             24  [Lorg.apache.lucene.backward_codecs.lucene50.Lucene50StoredFieldsFormat$Mode;
6240:             1             24  [Lorg.apache.lucene.backward_codecs.lucene80.Lucene80DocValuesFormat$Mode;
6241:             1             24  [Lorg.apache.lucene.backward_codecs.lucene87.Lucene87Codec$Mode;
6242:             1             24  [Lorg.apache.lucene.backward_codecs.lucene87.Lucene87StoredFieldsFormat$Mode;
6243:             1             24  [Lorg.apache.lucene.backward_codecs.lucene90.Lucene90Codec$Mode;
6244:             1             24  [Lorg.apache.lucene.backward_codecs.lucene91.Lucene91Codec$Mode;
6245:             1             24  [Lorg.apache.lucene.backward_codecs.lucene92.Lucene92Codec$Mode;
6246:             1             24  [Lorg.apache.lucene.backward_codecs.lucene94.Lucene94Codec$Mode;
6247:             1             24  [Lorg.apache.lucene.backward_codecs.lucene95.Lucene95Codec$Mode;
6248:             1             24  [Lorg.apache.lucene.codecs.lucene99.Lucene99Codec$Mode;
6249:             1             24  [Lorg.apache.lucene.document.Field$Store;
6250:             1             24  [Lorg.apache.lucene.document.InvertableType;
6251:             1             24  [Lorg.apache.lucene.index.VectorEncoding;
6252:             1             24  [Lorg.apache.lucene.queryparser.classic.QueryParser$Operator;
6253:             1             24  [Lorg.apache.lucene.store.Lock;
6254:             1             24  [Lorg.apache.lucene.util.FileDeleter$MsgType;
6255:             1             24  [Lorg.apache.lucene.util.packed.PackedInts$Format;
6256:             1             24  [Lorg.ietf.jgss.Oid; (java.security.jgss@21.0.3)
6257:             1             24  [Lorg.opensearch.ad.transport.SearchTopAnomalyResultTransportAction$OrderType;
6258:             1             24  [Lorg.opensearch.cluster.coordination.PersistedStateRegistry$PersistedStateType;
6259:             1             24  [Lorg.opensearch.cluster.metadata.IndexMetadata$State;
6260:             1             24  [Lorg.opensearch.cluster.node.DiscoveryNodeFilters$OpType;
6261:             1             24  [Lorg.opensearch.common.inject.Key$NullAnnotationStrategy;
6262:             1             24  [Lorg.opensearch.common.time.DateFormatter;
6263:             1             24  [Lorg.opensearch.core.common.breaker.CircuitBreaker$Durability;
6264:             1             24  [Lorg.opensearch.core.tasks.resourcetracker.ResourceStatsType;
6265:             1             24  [Lorg.opensearch.env.NodeEnvironment$NodePath;
6266:             1             24  [Lorg.opensearch.index.IndexService$IndexCreationContext;
6267:             1             24  [Lorg.opensearch.index.codec.customcodecs.Lucene99CustomCodec$Mode;
6268:             1             24  [Lorg.opensearch.index.codec.customcodecs.Lucene99QatCodec$Mode;
6269:             1             24  [Lorg.opensearch.index.codec.fuzzy.FuzzySet$SetType;
6270:             1             24  [Lorg.opensearch.index.engine.Engine$SearcherScope;
6271:             1             24  [Lorg.opensearch.index.mapper.DateFieldMapper$Resolution;
6272:             1             24  [Lorg.opensearch.index.mapper.DynamicTemplate$MatchType;
6273:             1             24  [Lorg.opensearch.index.shard.ShardStateMetadata$IndexDataLocation;
6274:             1             24  [Lorg.opensearch.indices.analysis.PreBuiltTokenizers;
6275:             1             24  [Lorg.opensearch.knn.index.VectorDataType;
6276:             1             24  [Lorg.opensearch.monitor.StatusInfo$Status;
6277:             1             24  [Lorg.opensearch.repositories.s3.async.SizeBasedBlockingQ$QueueEventType;
6278:             1             24  [Lorg.opensearch.repositories.s3.async.TransferSemaphoresHolder$TypeSemaphore$PermitType;
6279:             1             24  [Lorg.opensearch.script.ScriptType;
6280:             1             24  [Lorg.opensearch.search.aggregations.Aggregator$SubAggCollectionMode;
6281:             1             24  [Lorg.opensearch.search.aggregations.bucket.terms.TermsAggregatorFactory$ExecutionMode;
6282:             1             24  [Lorg.opensearch.search.aggregations.metrics.PercentilesMethod;
6283:             1             24  [Lorg.opensearch.search.aggregations.pipeline.HoltWintersModel$SeasonalityType;
6284:             1             24  [Lorg.opensearch.search.sort.SortOrder;
6285:             1             24  [Lorg.opensearch.security.ssl.transport.PrincipalExtractor$Type;
6286:             1             24  [Lorg.opensearch.security.support.SerializationFormat;
6287:             1             24  [Lorg.opensearch.securityanalytics.correlation.index.codec.CorrelationCodecVersion;
6288:             1             24  [Lorg.opensearch.sql.datasource.model.DataSourceStatus;
6289:             1             24  [Lorg.opensearch.timeseries.AnalysisType;
6290:             1             24  [Lorg.opensearch.timeseries.breaker.BreakerName;
6291:             1             24  [Lorg.opensearch.transport.RemoteConnectionStrategy$ConnectionStrategy;
6292:             1             24  [Lsun.security.rsa.RSAUtil$KeyType; (java.base@21.0.3)
6293:             1             24  [Lsun.security.ssl.Alert$Level; (java.base@21.0.3)
6294:             1             24  [Lsun.security.ssl.CertStatusExtension$CertStatusRequest; (java.base@21.0.3)
6295:             1             24  [Lsun.security.ssl.CertStatusExtension$CertStatusRequestType; (java.base@21.0.3)
6296:             1             24  [Lsun.security.ssl.PskKeyExchangeModesExtension$PskKeyExchangeMode; (java.base@21.0.3)
6297:             1             24  com.amazon.randomcutforest.state.RandomCutForestMapper
6298:             1             24  com.fasterxml.jackson.annotation.JsonFormat$Features
6299:             1             24  com.fasterxml.jackson.annotation.JsonFormat$Features
6300:             1             24  com.fasterxml.jackson.annotation.JsonFormat$Features
6301:             1             24  com.fasterxml.jackson.annotation.JsonIgnoreProperties$Value
6302:             1             24  com.fasterxml.jackson.annotation.JsonSetter$Value
6303:             1             24  com.fasterxml.jackson.annotation.JsonSetter$Value
6304:             1             24  com.fasterxml.jackson.annotation.JsonSetter$Value
6305:             1             24  com.fasterxml.jackson.core.ErrorReportConfiguration
6306:             1             24  com.fasterxml.jackson.databind.AnnotationIntrospector$ReferenceProperty
6307:             1             24  com.fasterxml.jackson.databind.cfg.ContextAttributes$Impl
6308:             1             24  com.fasterxml.jackson.databind.cfg.ContextAttributes$Impl
6309:             1             24  com.fasterxml.jackson.databind.cfg.ContextAttributes$Impl
6310:             1             24  com.fasterxml.jackson.databind.cfg.DefaultCacheProvider
6311:             1             24  com.fasterxml.jackson.databind.cfg.DefaultCacheProvider
6312:             1             24  com.fasterxml.jackson.databind.cfg.DefaultCacheProvider
6313:             1             24  com.fasterxml.jackson.databind.cfg.MutableCoercionConfig
6314:             1             24  com.fasterxml.jackson.databind.cfg.SerializerFactoryConfig
6315:             1             24  com.fasterxml.jackson.databind.cfg.SerializerFactoryConfig
6316:             1             24  com.fasterxml.jackson.databind.cfg.SerializerFactoryConfig
6317:             1             24  com.fasterxml.jackson.databind.deser.DeserializerCache
6318:             1             24  com.fasterxml.jackson.databind.deser.impl.FailingDeserializer
6319:             1             24  com.fasterxml.jackson.databind.deser.std.NumberDeserializers$NumberDeserializer
6320:             1             24  com.fasterxml.jackson.databind.deser.std.StringDeserializer
6321:             1             24  com.fasterxml.jackson.databind.deser.std.UntypedObjectDeserializerNR
6322:             1             24  com.fasterxml.jackson.databind.ext.OptionalHandlerFactory
6323:             1             24  com.fasterxml.jackson.databind.introspect.AnnotatedClass$Creators
6324:             1             24  com.fasterxml.jackson.databind.introspect.AnnotatedClass$Creators
6325:             1             24  com.fasterxml.jackson.databind.introspect.JacksonAnnotationIntrospector
6326:             1             24  com.fasterxml.jackson.databind.introspect.JacksonAnnotationIntrospector
6327:             1             24  com.fasterxml.jackson.databind.introspect.JacksonAnnotationIntrospector
6328:             1             24  com.fasterxml.jackson.databind.introspect.SimpleMixInResolver
6329:             1             24  com.fasterxml.jackson.databind.ser.SerializerCache
6330:             1             24  com.fasterxml.jackson.databind.ser.impl.FailingSerializer
6331:             1             24  com.fasterxml.jackson.databind.ser.impl.FailingSerializer
6332:             1             24  com.fasterxml.jackson.databind.ser.impl.FailingSerializer
6333:             1             24  com.fasterxml.jackson.databind.ser.impl.IndexedStringListSerializer
6334:             1             24  com.fasterxml.jackson.databind.ser.impl.ReadOnlyClassToSerializerMap
6335:             1             24  com.fasterxml.jackson.databind.ser.impl.StringCollectionSerializer
6336:             1             24  com.fasterxml.jackson.databind.ser.std.StdKeySerializers$Dynamic
6337:             1             24  com.fasterxml.jackson.databind.ser.std.UUIDSerializer
6338:             1             24  com.fasterxml.jackson.databind.ser.std.UUIDSerializer
6339:             1             24  com.fasterxml.jackson.databind.ser.std.UUIDSerializer
6340:             1             24  com.fasterxml.jackson.databind.util.internal.PrivateMaxEntriesMap$DrainStatus$1
6341:             1             24  com.fasterxml.jackson.databind.util.internal.PrivateMaxEntriesMap$DrainStatus$1
6342:             1             24  com.fasterxml.jackson.databind.util.internal.PrivateMaxEntriesMap$DrainStatus$1
6343:             1             24  com.fasterxml.jackson.databind.util.internal.PrivateMaxEntriesMap$DrainStatus$2
6344:             1             24  com.fasterxml.jackson.databind.util.internal.PrivateMaxEntriesMap$DrainStatus$2
6345:             1             24  com.fasterxml.jackson.databind.util.internal.PrivateMaxEntriesMap$DrainStatus$2
6346:             1             24  com.fasterxml.jackson.databind.util.internal.PrivateMaxEntriesMap$DrainStatus$3
6347:             1             24  com.fasterxml.jackson.databind.util.internal.PrivateMaxEntriesMap$DrainStatus$3
6348:             1             24  com.fasterxml.jackson.databind.util.internal.PrivateMaxEntriesMap$DrainStatus$3
6349:             1             24  com.fasterxml.jackson.databind.util.internal.PrivateMaxEntriesMap$EntrySet
6350:             1             24  com.google.common.cache.CacheBuilder$NullListener
6351:             1             24  com.google.common.cache.CacheBuilder$NullListener
6352:             1             24  com.google.common.cache.CacheBuilder$NullListener
6353:             1             24  com.google.common.cache.CacheBuilder$NullListener
6354:             1             24  com.google.common.cache.CacheBuilder$OneWeigher
6355:             1             24  com.google.common.cache.CacheBuilder$OneWeigher
6356:             1             24  com.google.common.cache.CacheBuilder$OneWeigher
6357:             1             24  com.google.common.cache.CacheBuilder$OneWeigher
6358:             1             24  com.google.common.cache.LocalCache$AccessQueue$1
6359:             1             24  com.google.common.cache.LocalCache$EntryFactory$1
6360:             1             24  com.google.common.cache.LocalCache$EntryFactory$1
6361:             1             24  com.google.common.cache.LocalCache$EntryFactory$1
6362:             1             24  com.google.common.cache.LocalCache$EntryFactory$1
6363:             1             24  com.google.common.cache.LocalCache$EntryFactory$2
6364:             1             24  com.google.common.cache.LocalCache$EntryFactory$2
6365:             1             24  com.google.common.cache.LocalCache$EntryFactory$2
6366:             1             24  com.google.common.cache.LocalCache$EntryFactory$2
6367:             1             24  com.google.common.cache.LocalCache$EntryFactory$3
6368:             1             24  com.google.common.cache.LocalCache$EntryFactory$3
6369:             1             24  com.google.common.cache.LocalCache$EntryFactory$3
6370:             1             24  com.google.common.cache.LocalCache$EntryFactory$3
6371:             1             24  com.google.common.cache.LocalCache$EntryFactory$4
6372:             1             24  com.google.common.cache.LocalCache$EntryFactory$4
6373:             1             24  com.google.common.cache.LocalCache$EntryFactory$4
6374:             1             24  com.google.common.cache.LocalCache$EntryFactory$4
6375:             1             24  com.google.common.cache.LocalCache$EntryFactory$5
6376:             1             24  com.google.common.cache.LocalCache$EntryFactory$5
6377:             1             24  com.google.common.cache.LocalCache$EntryFactory$5
6378:             1             24  com.google.common.cache.LocalCache$EntryFactory$5
6379:             1             24  com.google.common.cache.LocalCache$EntryFactory$6
6380:             1             24  com.google.common.cache.LocalCache$EntryFactory$6
6381:             1             24  com.google.common.cache.LocalCache$EntryFactory$6
6382:             1             24  com.google.common.cache.LocalCache$EntryFactory$6
6383:             1             24  com.google.common.cache.LocalCache$EntryFactory$7
6384:             1             24  com.google.common.cache.LocalCache$EntryFactory$7
6385:             1             24  com.google.common.cache.LocalCache$EntryFactory$7
6386:             1             24  com.google.common.cache.LocalCache$EntryFactory$7
6387:             1             24  com.google.common.cache.LocalCache$EntryFactory$8
6388:             1             24  com.google.common.cache.LocalCache$EntryFactory$8
6389:             1             24  com.google.common.cache.LocalCache$EntryFactory$8
6390:             1             24  com.google.common.cache.LocalCache$EntryFactory$8
6391:             1             24  com.google.common.cache.LocalCache$Strength$1
6392:             1             24  com.google.common.cache.LocalCache$Strength$1
6393:             1             24  com.google.common.cache.LocalCache$Strength$1
6394:             1             24  com.google.common.cache.LocalCache$Strength$1
6395:             1             24  com.google.common.cache.LocalCache$Strength$2
6396:             1             24  com.google.common.cache.LocalCache$Strength$2
6397:             1             24  com.google.common.cache.LocalCache$Strength$2
6398:             1             24  com.google.common.cache.LocalCache$Strength$2
6399:             1             24  com.google.common.cache.LocalCache$Strength$3
6400:             1             24  com.google.common.cache.LocalCache$Strength$3
6401:             1             24  com.google.common.cache.LocalCache$Strength$3
6402:             1             24  com.google.common.cache.LocalCache$Strength$3
6403:             1             24  com.google.common.collect.HashBiMap$Inverse
6404:             1             24  com.google.common.collect.ImmutableEntry
6405:             1             24  com.google.common.collect.ImmutableMapEntrySet$RegularEntrySet
6406:             1             24  com.google.common.collect.ImmutableMapEntrySet$RegularEntrySet
6407:             1             24  com.google.common.collect.ImmutableSet$EmptySetBuilderImpl
6408:             1             24  com.google.common.collect.ImmutableSet$EmptySetBuilderImpl
6409:             1             24  com.google.common.collect.Maps$EntryFunction$1
6410:             1             24  com.google.common.collect.Maps$EntryFunction$2
6411:             1             24  com.google.gson.FieldNamingPolicy$1
6412:             1             24  com.google.gson.FieldNamingPolicy$2
6413:             1             24  com.google.gson.FieldNamingPolicy$3
6414:             1             24  com.google.gson.FieldNamingPolicy$4
6415:             1             24  com.google.gson.FieldNamingPolicy$5
6416:             1             24  com.google.gson.FieldNamingPolicy$6
6417:             1             24  com.google.gson.LongSerializationPolicy$1
6418:             1             24  com.google.gson.LongSerializationPolicy$2
6419:             1             24  com.google.gson.ToNumberPolicy$1
6420:             1             24  com.google.gson.ToNumberPolicy$2
6421:             1             24  com.google.gson.ToNumberPolicy$3
6422:             1             24  com.google.gson.ToNumberPolicy$4
6423:             1             24  com.google.gson.internal.ConstructorConstructor
6424:             1             24  com.google.gson.internal.bind.MapTypeAdapterFactory
6425:             1             24  com.google.gson.internal.bind.TypeAdapters$32
6426:             1             24  com.google.gson.internal.reflect.UnsafeReflectionAccessor
6427:             1             24  com.google.gson.reflect.TypeToken
6428:             1             24  com.nimbusds.jose.jwk.JWKSet
6429:             1             24  com.password4j.BcryptFunction
6430:             1             24  com.sun.jmx.mbeanserver.ClassLoaderRepositorySupport (java.management@21.0.3)
6431:             1             24  com.sun.jmx.mbeanserver.MXBeanLookup (java.management@21.0.3)
6432:             1             24  com.sun.jmx.remote.util.ClassLogger (java.management@21.0.3)
6433:             1             24  com.sun.jna.Structure$3
6434:             1             24  com.sun.jna.WeakMemoryHolder
6435:             1             24  com.sun.jna.internal.Cleaner
6436:             1             24  com.sun.management.internal.HotSpotThreadImpl (jdk.management@21.0.3)
6437:             1             24  com.sun.management.internal.PlatformMBeanProviderImpl$2 (jdk.management@21.0.3)
6438:             1             24  com.sun.management.internal.PlatformMBeanProviderImpl$5 (jdk.management@21.0.3)
6439:             1             24  io.netty.buffer.UnpooledByteBufAllocator
6440:             1             24  io.netty.buffer.UnpooledByteBufAllocator$UnpooledByteBufAllocatorMetric
6441:             1             24  io.netty.channel.ChannelOption$1
6442:             1             24  io.netty.channel.WriteBufferWaterMark
6443:             1             24  io.netty.resolver.DefaultAddressResolverGroup
6444:             1             24  io.netty.util.AttributeKey$1
6445:             1             24  io.netty.util.AttributeKey$1
6446:             1             24  io.netty.util.ResourceLeakDetectorFactory$DefaultResourceLeakDetectorFactory
6447:             1             24  io.netty.util.concurrent.DefaultEventExecutorChooserFactory$PowerOfTwoEventExecutorChooser
6448:             1             24  io.netty.util.concurrent.FailedFuture
6449:             1             24  io.netty.util.concurrent.FailedFuture
6450:             1             24  io.netty.util.internal.DefaultPriorityQueue
6451:             1             24  io.netty.util.internal.ThreadExecutorMap$3
6452:             1             24  io.netty.util.internal.ThreadExecutorMap$3
6453:             1             24  io.protostuff.ByteString
6454:             1             24  io.protostuff.runtime.ArraySchema$1
6455:             1             24  io.protostuff.runtime.ArraySchemas$BigDecimalArray$1
6456:             1             24  io.protostuff.runtime.ArraySchemas$BigIntegerArray$1
6457:             1             24  io.protostuff.runtime.ArraySchemas$ByteArrayArray$1
6458:             1             24  io.protostuff.runtime.ArraySchemas$ByteStringArray$1
6459:             1             24  io.protostuff.runtime.ArraySchemas$DateArray$1
6460:             1             24  io.protostuff.runtime.ArraySchemas$StringArray$1
6461:             1             24  io.protostuff.runtime.ClassSchema$1
6462:             1             24  io.protostuff.runtime.DerivativeSchema$1
6463:             1             24  io.protostuff.runtime.IdStrategy$1
6464:             1             24  io.protostuff.runtime.IdStrategy$11
6465:             1             24  io.protostuff.runtime.IdStrategy$13
6466:             1             24  io.protostuff.runtime.IdStrategy$15
6467:             1             24  io.protostuff.runtime.IdStrategy$17
6468:             1             24  io.protostuff.runtime.IdStrategy$19
6469:             1             24  io.protostuff.runtime.IdStrategy$2
6470:             1             24  io.protostuff.runtime.IdStrategy$21
6471:             1             24  io.protostuff.runtime.IdStrategy$23
6472:             1             24  io.protostuff.runtime.IdStrategy$25
6473:             1             24  io.protostuff.runtime.IdStrategy$3
6474:             1             24  io.protostuff.runtime.IdStrategy$4
6475:             1             24  io.protostuff.runtime.IdStrategy$5
6476:             1             24  io.protostuff.runtime.IdStrategy$6
6477:             1             24  io.protostuff.runtime.IdStrategy$7
6478:             1             24  io.protostuff.runtime.IdStrategy$9
6479:             1             24  io.protostuff.runtime.NumberSchema$1
6480:             1             24  io.protostuff.runtime.ObjectSchema$1
6481:             1             24  io.protostuff.runtime.PolymorphicEnumSchema$1
6482:             1             24  io.protostuff.runtime.PolymorphicSchemaFactories$1
6483:             1             24  io.protostuff.runtime.PolymorphicSchemaFactories$10
6484:             1             24  io.protostuff.runtime.PolymorphicSchemaFactories$11
6485:             1             24  io.protostuff.runtime.PolymorphicSchemaFactories$2
6486:             1             24  io.protostuff.runtime.PolymorphicSchemaFactories$3
6487:             1             24  io.protostuff.runtime.PolymorphicSchemaFactories$4
6488:             1             24  io.protostuff.runtime.PolymorphicSchemaFactories$5
6489:             1             24  io.protostuff.runtime.PolymorphicSchemaFactories$6
6490:             1             24  io.protostuff.runtime.PolymorphicSchemaFactories$7
6491:             1             24  io.protostuff.runtime.PolymorphicSchemaFactories$8
6492:             1             24  io.protostuff.runtime.PolymorphicSchemaFactories$9
6493:             1             24  io.protostuff.runtime.PolymorphicThrowableSchema$1
6494:             1             24  java.io.ObjectInputStream$Caches$1 (java.base@21.0.3)
6495:             1             24  java.io.ObjectStreamClass$Caches$1 (java.base@21.0.3)
6496:             1             24  java.io.ObjectStreamClass$Caches$2 (java.base@21.0.3)
6497:             1             24  java.io.UnixFileSystem (java.base@21.0.3)
6498:             1             24  java.lang.ProcessEnvironment$StringEnvironment (java.base@21.0.3)
6499:             1             24  java.lang.ProcessHandleImpl$$Lambda/0x00007fcd28165b30 (java.base@21.0.3)
6500:             1             24  java.lang.StackWalker$ExtendedOption (java.base@21.0.3)
6501:             1             24  java.lang.Thread$Caches$1 (java.base@21.0.3)
6502:             1             24  java.lang.invoke.MethodHandleImpl$ArrayAccessor$1 (java.base@21.0.3)
6503:             1             24  java.lang.invoke.MethodHandleImpl$BindCaller$1 (java.base@21.0.3)
6504:             1             24  java.lang.invoke.MethodType$ConcurrentWeakInternSet (java.base@21.0.3)
6505:             1             24  java.lang.invoke.VarHandles$1 (java.base@21.0.3)
6506:             1             24  java.lang.reflect.Proxy$1 (java.base@21.0.3)
6507:             1             24  java.math.MutableBigInteger (java.base@21.0.3)
6508:             1             24  java.net.Inet6AddressImpl (java.base@21.0.3)
6509:             1             24  java.nio.file.FileVisitOption (java.base@21.0.3)
6510:             1             24  java.nio.file.LinkOption (java.base@21.0.3)
6511:             1             24  java.nio.file.LinkPermission (java.base@21.0.3)
6512:             1             24  java.security.Policy$PolicyInfo (java.base@21.0.3)
6513:             1             24  java.security.Policy$UnsupportedEmptyCollection (java.base@21.0.3)
6514:             1             24  java.time.Period (java.base@21.0.3)
6515:             1             24  java.time.chrono.HijrahEra (java.base@21.0.3)
6516:             1             24  java.time.format.DecimalStyle (java.base@21.0.3)
6517:             1             24  java.time.temporal.IsoFields$Field$1 (java.base@21.0.3)
6518:             1             24  java.time.temporal.IsoFields$Field$2 (java.base@21.0.3)
6519:             1             24  java.time.temporal.IsoFields$Field$3 (java.base@21.0.3)
6520:             1             24  java.time.temporal.IsoFields$Field$4 (java.base@21.0.3)
6521:             1             24  java.time.zone.TzdbZoneRulesProvider (java.base@21.0.3)
6522:             1             24  java.util.Collections$3 (java.base@21.0.3)
6523:             1             24  java.util.Collections$EmptyMap (java.base@21.0.3)
6524:             1             24  java.util.Collections$UnmodifiableNavigableSet$EmptyNavigableSet (java.base@21.0.3)
6525:             1             24  java.util.Comparator$$Lambda/0x00007fcd284ddfe0 (java.base@21.0.3)
6526:             1             24  java.util.Comparator$$Lambda/0x00007fcd289f3bc8 (java.base@21.0.3)
6527:             1             24  java.util.Comparators$NaturalOrderComparator (java.base@21.0.3)
6528:             1             24  java.util.Comparators$NullComparator (java.base@21.0.3)
6529:             1             24  java.util.Locale$Cache (java.base@21.0.3)
6530:             1             24  java.util.Locale$LocaleKey (java.base@21.0.3)
6531:             1             24  java.util.OptionalDouble (java.base@21.0.3)
6532:             1             24  java.util.OptionalInt (java.base@21.0.3)
6533:             1             24  java.util.ResourceBundle$Control$CandidateListCache (java.base@21.0.3)
6534:             1             24  java.util.ServiceLoader$2 (java.base@21.0.3)
6535:             1             24  java.util.concurrent.ConcurrentLinkedDeque (java.base@21.0.3)
6536:             1             24  java.util.concurrent.FutureTask$WaitNode (java.base@21.0.3)
6537:             1             24  java.util.function.Function$$Lambda/0x00007fcd2806ad20 (java.base@21.0.3)
6538:             1             24  java.util.logging.LogManager$LoggerContext (java.logging@21.0.3)
6539:             1             24  java.util.logging.LogManager$SystemLoggerContext (java.logging@21.0.3)
6540:             1             24  java.util.regex.Pattern$$Lambda/0x00007fcd282fb048 (java.base@21.0.3)
6541:             1             24  java.util.regex.Pattern$Pos (java.base@21.0.3)
6542:             1             24  jdk.internal.icu.impl.Norm2AllModes (java.base@21.0.3)
6543:             1             24  jdk.internal.icu.impl.Norm2AllModes$ComposeNormalizer2 (java.base@21.0.3)
6544:             1             24  jdk.internal.icu.impl.Norm2AllModes$Norm2AllModesSingleton (java.base@21.0.3)
6545:             1             24  jdk.internal.jimage.ImageReader (java.base@21.0.3)
6546:             1             24  jdk.internal.logger.BootstrapLogger$RedirectedLoggers (java.base@21.0.3)
6547:             1             24  jdk.internal.module.ModuleHashes (java.base@21.0.3)
6548:             1             24  jdk.internal.module.SystemModuleFinders$SystemModuleFinder (java.base@21.0.3)
6549:             1             24  jdk.internal.ref.CleanerImpl (java.base@21.0.3)
6550:             1             24  jdk.internal.vm.ThreadContainers$RootContainer$TrackingRootContainer (java.base@21.0.3)
6551:             1             24  jdk.jfr.internal.management.StreamManager (jdk.jfr@21.0.3)
6552:             1             24  jdk.management.jfr.internal.FlightRecorderMXBeanProvider$SingleMBeanComponent (jdk.management.jfr@21.0.3)
6553:             1             24  jdk.nio.zipfs.ZipCoder$UTF8 (jdk.zipfs@21.0.3)
6554:             1             24  joptsimple.BuiltinHelpFormatter
6555:             1             24  joptsimple.internal.MethodInvokingValueConverter
6556:             1             24  kotlin.SynchronizedLazyImpl
6557:             1             24  kotlin.coroutines.CombinedContext
6558:             1             24  kotlin.coroutines.CombinedContext
6559:             1             24  kotlin.coroutines.CombinedContext
6560:             1             24  kotlin.ranges.IntRange
6561:             1             24  kotlin.ranges.IntRange
6562:             1             24  kotlin.ranges.IntRange
6563:             1             24  kotlinx.coroutines.CoroutineDispatcher$Key
6564:             1             24  kotlinx.coroutines.CoroutineDispatcher$Key
6565:             1             24  kotlinx.coroutines.CoroutineDispatcher$Key
6566:             1             24  kotlinx.coroutines.CoroutineDispatcher$Key
6567:             1             24  kotlinx.coroutines.CoroutineDispatcher$Key
6568:             1             24  kotlinx.coroutines.ExecutorCoroutineDispatcher$Key
6569:             1             24  kotlinx.coroutines.ExecutorCoroutineDispatcher$Key
6570:             1             24  kotlinx.coroutines.ExecutorCoroutineDispatcher$Key
6571:             1             24  kotlinx.coroutines.ExecutorCoroutineDispatcher$Key
6572:             1             24  kotlinx.coroutines.ExecutorCoroutineDispatcher$Key
6573:             1             24  kotlinx.coroutines.ExecutorCoroutineDispatcherImpl
6574:             1             24  kotlinx.coroutines.JobImpl
6575:             1             24  kotlinx.coroutines.JobImpl
6576:             1             24  kotlinx.coroutines.SupervisorJobImpl
6577:             1             24  org.apache.commons.lang3.tuple.ImmutablePair
6578:             1             24  org.apache.commons.pool2.impl.BaseGenericObjectPool$Evictor
6579:             1             24  org.apache.logging.log4j.core.appender.ConsoleAppender$Target$1
6580:             1             24  org.apache.logging.log4j.core.appender.ConsoleAppender$Target$2
6581:             1             24  org.apache.logging.log4j.core.async.ThreadNameCachingStrategy$1
6582:             1             24  org.apache.logging.log4j.core.async.ThreadNameCachingStrategy$2
6583:             1             24  org.apache.logging.log4j.core.config.LoggerConfig$LoggerConfigPredicate$1
6584:             1             24  org.apache.logging.log4j.core.config.LoggerConfig$LoggerConfigPredicate$2
6585:             1             24  org.apache.logging.log4j.core.config.LoggerConfig$LoggerConfigPredicate$3
6586:             1             24  org.apache.logging.log4j.core.config.Loggers
6587:             1             24  org.apache.logging.log4j.core.config.plugins.util.PluginRegistry
6588:             1             24  org.apache.logging.log4j.core.impl.Log4jContextFactory
6589:             1             24  org.apache.logging.log4j.core.pattern.IntegerPatternConverter
6590:             1             24  org.apache.logging.log4j.core.pattern.LevelPatternConverter$SimpleLevelPatternConverter
6591:             1             24  org.apache.logging.log4j.core.pattern.LineSeparatorPatternConverter
6592:             1             24  org.apache.logging.log4j.core.pattern.MessagePatternConverter$SimpleMessagePatternConverter
6593:             1             24  org.apache.logging.log4j.core.pattern.PatternParser
6594:             1             24  org.apache.logging.log4j.core.pattern.SimpleLiteralPatternConverter$Space
6595:             1             24  org.apache.logging.log4j.core.pattern.ThreadNamePatternConverter
6596:             1             24  org.apache.logging.log4j.core.util.Source
6597:             1             24  org.apache.logging.log4j.jul.CoreLoggerAdapter
6598:             1             24  org.apache.logging.log4j.jul.DefaultLevelConverter
6599:             1             24  org.apache.logging.log4j.spi.LoggerRegistry
6600:             1             24  org.apache.logging.slf4j.Log4jLoggerFactory
6601:             1             24  org.apache.logging.slf4j.Log4jLoggerFactory
6602:             1             24  org.apache.logging.slf4j.Log4jMarker
6603:             1             24  org.apache.logging.slf4j.Log4jMarker
6604:             1             24  org.apache.lucene.analysis.CharArrayMap$EntrySet
6605:             1             24  org.apache.lucene.analysis.Tokenizer$1
6606:             1             24  org.apache.lucene.backward_codecs.lucene70.Lucene70Codec$1
6607:             1             24  org.apache.lucene.backward_codecs.lucene70.Lucene70Codec$2
6608:             1             24  org.apache.lucene.backward_codecs.lucene80.Lucene80Codec$1
6609:             1             24  org.apache.lucene.backward_codecs.lucene80.Lucene80Codec$2
6610:             1             24  org.apache.lucene.backward_codecs.lucene84.Lucene84Codec$1
6611:             1             24  org.apache.lucene.backward_codecs.lucene84.Lucene84Codec$2
6612:             1             24  org.apache.lucene.backward_codecs.lucene86.Lucene86Codec$1
6613:             1             24  org.apache.lucene.backward_codecs.lucene86.Lucene86Codec$2
6614:             1             24  org.apache.lucene.backward_codecs.lucene90.Lucene90Codec$1
6615:             1             24  org.apache.lucene.backward_codecs.lucene90.Lucene90Codec$2
6616:             1             24  org.apache.lucene.backward_codecs.lucene90.Lucene90Codec$3
6617:             1             24  org.apache.lucene.backward_codecs.lucene90.Lucene90HnswVectorsFormat
6618:             1             24  org.apache.lucene.codecs.lucene90.IndexedDISI$Method$1
6619:             1             24  org.apache.lucene.codecs.lucene90.IndexedDISI$Method$2
6620:             1             24  org.apache.lucene.codecs.lucene90.IndexedDISI$Method$3
6621:             1             24  org.apache.lucene.index.Impact
6622:             1             24  org.apache.lucene.index.VectorSimilarityFunction$1
6623:             1             24  org.apache.lucene.index.VectorSimilarityFunction$2
6624:             1             24  org.apache.lucene.index.VectorSimilarityFunction$3
6625:             1             24  org.apache.lucene.index.VectorSimilarityFunction$4
6626:             1             24  org.apache.lucene.sandbox.codecs.idversion.IDVersionPostingsFormat
6627:             1             24  org.apache.lucene.search.BooleanClause$Occur$1
6628:             1             24  org.apache.lucene.search.BooleanClause$Occur$2
6629:             1             24  org.apache.lucene.search.BooleanClause$Occur$3
6630:             1             24  org.apache.lucene.search.BooleanClause$Occur$4
6631:             1             24  org.apache.lucene.search.suggest.document.Completion50PostingsFormat
6632:             1             24  org.apache.lucene.search.suggest.document.Completion84PostingsFormat
6633:             1             24  org.apache.lucene.search.suggest.document.Completion90PostingsFormat
6634:             1             24  org.apache.lucene.search.suggest.document.Completion99PostingsFormat
6635:             1             24  org.apache.lucene.search.vectorhighlight.SimpleBoundaryScanner
6636:             1             24  org.apache.lucene.util.AttributeFactory$1
6637:             1             24  org.apache.lucene.util.AttributeSource$2
6638:             1             24  org.apache.lucene.util.HotspotVMOptions$$Lambda/0x00007fcd280c55c0
6639:             1             24  org.bouncycastle.asn1.ASN1Integer$1
6640:             1             24  org.bouncycastle.asn1.ASN1Null$1
6641:             1             24  org.bouncycastle.asn1.ASN1ObjectIdentifier$1
6642:             1             24  org.bouncycastle.asn1.ASN1OctetString$1
6643:             1             24  org.bouncycastle.asn1.ASN1RelativeOID$1
6644:             1             24  org.bouncycastle.asn1.ASN1Sequence$1
6645:             1             24  org.bouncycastle.asn1.ASN1Set$1
6646:             1             24  org.bouncycastle.asn1.DLSequence
6647:             1             24  org.bouncycastle.asn1.DLSet
6648:             1             24  org.bouncycastle.jcajce.provider.asymmetric.edec.KeyFactorySpi$Ed25519
6649:             1             24  org.bouncycastle.jcajce.provider.asymmetric.edec.KeyFactorySpi$Ed448
6650:             1             24  org.bouncycastle.jcajce.provider.asymmetric.edec.KeyFactorySpi$X25519
6651:             1             24  org.bouncycastle.jcajce.provider.asymmetric.edec.KeyFactorySpi$X448
6652:             1             24  org.bouncycastle.util.BigIntegers$Cache
6653:             1             24  org.bouncycastle.util.encoders.Base64Encoder
6654:             1             24  org.bouncycastle.util.encoders.HexEncoder
6655:             1             24  org.greenrobot.eventbus.AsyncPoster
6656:             1             24  org.greenrobot.eventbus.BackgroundPoster
6657:             1             24  org.greenrobot.eventbus.EventBus$1
6658:             1             24  org.greenrobot.eventbus.SubscriberMethodFinder
6659:             1             24  org.jcodings.util.BytesHash
6660:             1             24  org.joda.time.format.DateTimeFormatterBuilder$UnpaddedNumber
6661:             1             24  org.locationtech.jts.geom.GeometryFactory
6662:             1             24  org.locationtech.jts.geom.PrecisionModel
6663:             1             24  org.locationtech.spatial4j.io.jts.JtsBinaryCodec
6664:             1             24  org.locationtech.spatial4j.shape.impl.ShapeFactoryImpl
6665:             1             24  org.opensearch.action.admin.cluster.allocation.ClusterAllocationExplainAction
6666:             1             24  org.opensearch.action.admin.cluster.configuration.AddVotingConfigExclusionsAction
6667:             1             24  org.opensearch.action.admin.cluster.configuration.ClearVotingConfigExclusionsAction
6668:             1             24  org.opensearch.action.admin.cluster.decommission.awareness.delete.DeleteDecommissionStateAction
6669:             1             24  org.opensearch.action.admin.cluster.decommission.awareness.get.GetDecommissionStateAction
6670:             1             24  org.opensearch.action.admin.cluster.decommission.awareness.put.DecommissionAction
6671:             1             24  org.opensearch.action.admin.cluster.health.ClusterHealthAction
6672:             1             24  org.opensearch.action.admin.cluster.node.hotthreads.NodesHotThreadsAction
6673:             1             24  org.opensearch.action.admin.cluster.node.info.NodesInfoAction
6674:             1             24  org.opensearch.action.admin.cluster.node.info.PluginsAndModules
6675:             1             24  org.opensearch.action.admin.cluster.node.reload.NodesReloadSecureSettingsAction
6676:             1             24  org.opensearch.action.admin.cluster.node.stats.NodesStatsAction
6677:             1             24  org.opensearch.action.admin.cluster.node.tasks.cancel.CancelTasksAction
6678:             1             24  org.opensearch.action.admin.cluster.node.tasks.get.GetTaskAction
6679:             1             24  org.opensearch.action.admin.cluster.node.tasks.list.ListTasksAction
6680:             1             24  org.opensearch.action.admin.cluster.node.usage.NodesUsageAction
6681:             1             24  org.opensearch.action.admin.cluster.remote.RemoteInfoAction
6682:             1             24  org.opensearch.action.admin.cluster.remotestore.restore.RestoreRemoteStoreAction
6683:             1             24  org.opensearch.action.admin.cluster.remotestore.stats.RemoteStoreStatsAction
6684:             1             24  org.opensearch.action.admin.cluster.repositories.cleanup.CleanupRepositoryAction
6685:             1             24  org.opensearch.action.admin.cluster.repositories.delete.DeleteRepositoryAction
6686:             1             24  org.opensearch.action.admin.cluster.repositories.get.GetRepositoriesAction
6687:             1             24  org.opensearch.action.admin.cluster.repositories.put.PutRepositoryAction
6688:             1             24  org.opensearch.action.admin.cluster.repositories.verify.VerifyRepositoryAction
6689:             1             24  org.opensearch.action.admin.cluster.reroute.ClusterRerouteAction
6690:             1             24  org.opensearch.action.admin.cluster.settings.ClusterUpdateSettingsAction
6691:             1             24  org.opensearch.action.admin.cluster.shards.ClusterSearchShardsAction
6692:             1             24  org.opensearch.action.admin.cluster.shards.routing.weighted.delete.ClusterDeleteWeightedRoutingAction
6693:             1             24  org.opensearch.action.admin.cluster.shards.routing.weighted.get.ClusterGetWeightedRoutingAction
6694:             1             24  org.opensearch.action.admin.cluster.shards.routing.weighted.put.ClusterAddWeightedRoutingAction
6695:             1             24  org.opensearch.action.admin.cluster.snapshots.clone.CloneSnapshotAction
6696:             1             24  org.opensearch.action.admin.cluster.snapshots.create.CreateSnapshotAction
6697:             1             24  org.opensearch.action.admin.cluster.snapshots.delete.DeleteSnapshotAction
6698:             1             24  org.opensearch.action.admin.cluster.snapshots.get.GetSnapshotsAction
6699:             1             24  org.opensearch.action.admin.cluster.snapshots.restore.RestoreSnapshotAction
6700:             1             24  org.opensearch.action.admin.cluster.snapshots.status.SnapshotsStatusAction
6701:             1             24  org.opensearch.action.admin.cluster.state.ClusterStateAction
6702:             1             24  org.opensearch.action.admin.cluster.stats.ClusterStatsAction
6703:             1             24  org.opensearch.action.admin.cluster.storedscripts.DeleteStoredScriptAction
6704:             1             24  org.opensearch.action.admin.cluster.storedscripts.GetScriptContextAction
6705:             1             24  org.opensearch.action.admin.cluster.storedscripts.GetScriptLanguageAction
6706:             1             24  org.opensearch.action.admin.cluster.storedscripts.GetStoredScriptAction
6707:             1             24  org.opensearch.action.admin.cluster.storedscripts.PutStoredScriptAction
6708:             1             24  org.opensearch.action.admin.cluster.tasks.PendingClusterTasksAction
6709:             1             24  org.opensearch.action.admin.indices.alias.IndicesAliasesAction
6710:             1             24  org.opensearch.action.admin.indices.alias.get.GetAliasesAction
6711:             1             24  org.opensearch.action.admin.indices.analyze.AnalyzeAction
6712:             1             24  org.opensearch.action.admin.indices.cache.clear.ClearIndicesCacheAction
6713:             1             24  org.opensearch.action.admin.indices.close.CloseIndexAction
6714:             1             24  org.opensearch.action.admin.indices.create.AutoCreateAction
6715:             1             24  org.opensearch.action.admin.indices.create.CreateIndexAction
6716:             1             24  org.opensearch.action.admin.indices.dangling.delete.DeleteDanglingIndexAction
6717:             1             24  org.opensearch.action.admin.indices.dangling.find.FindDanglingIndexAction
6718:             1             24  org.opensearch.action.admin.indices.dangling.import_index.ImportDanglingIndexAction
6719:             1             24  org.opensearch.action.admin.indices.dangling.list.ListDanglingIndicesAction
6720:             1             24  org.opensearch.action.admin.indices.datastream.CreateDataStreamAction
6721:             1             24  org.opensearch.action.admin.indices.datastream.DataStreamsStatsAction
6722:             1             24  org.opensearch.action.admin.indices.datastream.DeleteDataStreamAction
6723:             1             24  org.opensearch.action.admin.indices.datastream.GetDataStreamAction
6724:             1             24  org.opensearch.action.admin.indices.delete.DeleteIndexAction
6725:             1             24  org.opensearch.action.admin.indices.exists.indices.IndicesExistsAction
6726:             1             24  org.opensearch.action.admin.indices.flush.FlushAction
6727:             1             24  org.opensearch.action.admin.indices.forcemerge.ForceMergeAction
6728:             1             24  org.opensearch.action.admin.indices.get.GetIndexAction
6729:             1             24  org.opensearch.action.admin.indices.mapping.get.GetFieldMappingsAction
6730:             1             24  org.opensearch.action.admin.indices.mapping.get.GetMappingsAction
6731:             1             24  org.opensearch.action.admin.indices.mapping.put.AutoPutMappingAction
6732:             1             24  org.opensearch.action.admin.indices.mapping.put.PutMappingAction
6733:             1             24  org.opensearch.action.admin.indices.open.OpenIndexAction
6734:             1             24  org.opensearch.action.admin.indices.readonly.AddIndexBlockAction
6735:             1             24  org.opensearch.action.admin.indices.recovery.RecoveryAction
6736:             1             24  org.opensearch.action.admin.indices.refresh.RefreshAction
6737:             1             24  org.opensearch.action.admin.indices.replication.SegmentReplicationStatsAction
6738:             1             24  org.opensearch.action.admin.indices.resolve.ResolveIndexAction
6739:             1             24  org.opensearch.action.admin.indices.rollover.MaxAgeCondition
6740:             1             24  org.opensearch.action.admin.indices.rollover.RolloverAction
6741:             1             24  org.opensearch.action.admin.indices.segments.IndicesSegmentsAction
6742:             1             24  org.opensearch.action.admin.indices.segments.PitSegmentsAction
6743:             1             24  org.opensearch.action.admin.indices.settings.get.GetSettingsAction
6744:             1             24  org.opensearch.action.admin.indices.settings.put.UpdateSettingsAction
6745:             1             24  org.opensearch.action.admin.indices.shards.IndicesShardStoresAction
6746:             1             24  org.opensearch.action.admin.indices.shrink.ResizeAction
6747:             1             24  org.opensearch.action.admin.indices.stats.IndicesStatsAction
6748:             1             24  org.opensearch.action.admin.indices.template.delete.DeleteComponentTemplateAction
6749:             1             24  org.opensearch.action.admin.indices.template.delete.DeleteComposableIndexTemplateAction
6750:             1             24  org.opensearch.action.admin.indices.template.delete.DeleteIndexTemplateAction
6751:             1             24  org.opensearch.action.admin.indices.template.get.GetComponentTemplateAction
6752:             1             24  org.opensearch.action.admin.indices.template.get.GetComposableIndexTemplateAction
6753:             1             24  org.opensearch.action.admin.indices.template.get.GetIndexTemplatesAction
6754:             1             24  org.opensearch.action.admin.indices.template.post.SimulateIndexTemplateAction
6755:             1             24  org.opensearch.action.admin.indices.template.post.SimulateTemplateAction
6756:             1             24  org.opensearch.action.admin.indices.template.put.PutComponentTemplateAction
6757:             1             24  org.opensearch.action.admin.indices.template.put.PutComposableIndexTemplateAction
6758:             1             24  org.opensearch.action.admin.indices.template.put.PutIndexTemplateAction
6759:             1             24  org.opensearch.action.admin.indices.upgrade.get.UpgradeStatusAction
6760:             1             24  org.opensearch.action.admin.indices.upgrade.post.UpgradeAction
6761:             1             24  org.opensearch.action.admin.indices.upgrade.post.UpgradeSettingsAction
6762:             1             24  org.opensearch.action.admin.indices.validate.query.ValidateQueryAction
6763:             1             24  org.opensearch.action.bulk.BulkAction
6764:             1             24  org.opensearch.action.delete.DeleteAction
6765:             1             24  org.opensearch.action.explain.ExplainAction
6766:             1             24  org.opensearch.action.fieldcaps.FieldCapabilitiesAction
6767:             1             24  org.opensearch.action.get.GetAction
6768:             1             24  org.opensearch.action.get.MultiGetAction
6769:             1             24  org.opensearch.action.index.IndexAction
6770:             1             24  org.opensearch.action.ingest.DeletePipelineAction
6771:             1             24  org.opensearch.action.ingest.GetPipelineAction
6772:             1             24  org.opensearch.action.ingest.IngestActionForwarder
6773:             1             24  org.opensearch.action.ingest.PutPipelineAction
6774:             1             24  org.opensearch.action.ingest.SimulatePipelineAction
6775:             1             24  org.opensearch.action.main.MainAction
6776:             1             24  org.opensearch.action.search.ClearScrollAction
6777:             1             24  org.opensearch.action.search.CreatePitAction
6778:             1             24  org.opensearch.action.search.DeletePitAction
6779:             1             24  org.opensearch.action.search.DeleteSearchPipelineAction
6780:             1             24  org.opensearch.action.search.GetAllPitsAction
6781:             1             24  org.opensearch.action.search.GetSearchPipelineAction
6782:             1             24  org.opensearch.action.search.MultiSearchAction
6783:             1             24  org.opensearch.action.search.PutSearchPipelineAction
6784:             1             24  org.opensearch.action.search.SearchAction
6785:             1             24  org.opensearch.action.search.SearchPhaseController
6786:             1             24  org.opensearch.action.search.SearchRequestStats
6787:             1             24  org.opensearch.action.search.SearchResponse$Clusters
6788:             1             24  org.opensearch.action.search.SearchScrollAction
6789:             1             24  org.opensearch.action.search.SearchShard
6790:             1             24  org.opensearch.action.search.SearchTransportService
6791:             1             24  org.opensearch.action.support.AutoCreateIndex
6792:             1             24  org.opensearch.action.support.AutoCreateIndex$AutoCreate
6793:             1             24  org.opensearch.action.support.clustermanager.term.GetTermVersionAction
6794:             1             24  org.opensearch.action.termvectors.MultiTermVectorsAction
6795:             1             24  org.opensearch.action.termvectors.TermVectorsAction
6796:             1             24  org.opensearch.action.update.UpdateAction
6797:             1             24  org.opensearch.ad.ml.ADModelManager$$Lambda/0x00007fcd29017a20
6798:             1             24  org.opensearch.ad.ratelimit.ADSaveResultStrategy
6799:             1             24  org.opensearch.ad.rest.RestAnomalyDetectorJobAction
6800:             1             24  org.opensearch.ad.rest.RestDeleteAnomalyDetectorAction
6801:             1             24  org.opensearch.ad.rest.RestDeleteAnomalyResultsAction
6802:             1             24  org.opensearch.ad.rest.RestGetAnomalyDetectorAction
6803:             1             24  org.opensearch.ad.rest.RestPreviewAnomalyDetectorAction
6804:             1             24  org.opensearch.ad.rest.RestSearchAnomalyDetectorInfoAction
6805:             1             24  org.opensearch.ad.rest.RestSearchTopAnomalyResultAction
6806:             1             24  org.opensearch.ad.settings.ADEnabledSetting
6807:             1             24  org.opensearch.ad.settings.ADNumericSetting
6808:             1             24  org.opensearch.ad.stats.suppliers.ADModelsOnNodeCountSupplier
6809:             1             24  org.opensearch.ad.stats.suppliers.ADModelsOnNodeSupplier
6810:             1             24  org.opensearch.ad.transport.ADBatchAnomalyResultAction
6811:             1             24  org.opensearch.ad.transport.ADBatchTaskRemoteExecutionAction
6812:             1             24  org.opensearch.ad.transport.ADCancelTaskAction
6813:             1             24  org.opensearch.ad.transport.ADEntityProfileAction
6814:             1             24  org.opensearch.ad.transport.ADProfileAction
6815:             1             24  org.opensearch.ad.transport.ADResultBulkAction
6816:             1             24  org.opensearch.ad.transport.ADSingleStreamResultAction
6817:             1             24  org.opensearch.ad.transport.ADStatsNodesAction
6818:             1             24  org.opensearch.ad.transport.ADTaskProfileAction
6819:             1             24  org.opensearch.ad.transport.AnomalyDetectorJobAction
6820:             1             24  org.opensearch.ad.transport.AnomalyResultAction
6821:             1             24  org.opensearch.ad.transport.CronAction
6822:             1             24  org.opensearch.ad.transport.DeleteADModelAction
6823:             1             24  org.opensearch.ad.transport.DeleteAnomalyDetectorAction
6824:             1             24  org.opensearch.ad.transport.DeleteAnomalyResultsAction
6825:             1             24  org.opensearch.ad.transport.EntityADResultAction
6826:             1             24  org.opensearch.ad.transport.ForwardADTaskAction
6827:             1             24  org.opensearch.ad.transport.GetAnomalyDetectorAction
6828:             1             24  org.opensearch.ad.transport.IndexAnomalyDetectorAction
6829:             1             24  org.opensearch.ad.transport.PreviewAnomalyDetectorAction
6830:             1             24  org.opensearch.ad.transport.RCFPollingAction
6831:             1             24  org.opensearch.ad.transport.RCFResultAction
6832:             1             24  org.opensearch.ad.transport.SearchADTasksAction
6833:             1             24  org.opensearch.ad.transport.SearchAnomalyDetectorAction
6834:             1             24  org.opensearch.ad.transport.SearchAnomalyDetectorInfoAction
6835:             1             24  org.opensearch.ad.transport.SearchAnomalyResultAction
6836:             1             24  org.opensearch.ad.transport.SearchTopAnomalyResultAction
6837:             1             24  org.opensearch.ad.transport.StatsAnomalyDetectorAction
6838:             1             24  org.opensearch.ad.transport.StopDetectorAction
6839:             1             24  org.opensearch.ad.transport.ThresholdResultAction
6840:             1             24  org.opensearch.ad.transport.ValidateAnomalyDetectorAction
6841:             1             24  org.opensearch.ad.transport.handler.ADIndexMemoryPressureAwareResultHandler
6842:             1             24  org.opensearch.ad.transport.handler.ADSearchHandler
6843:             1             24  org.opensearch.agent.ToolPlugin
6844:             1             24  org.opensearch.agent.tools.NeuralSparseSearchTool$Factory
6845:             1             24  org.opensearch.agent.tools.RAGTool$Factory
6846:             1             24  org.opensearch.agent.tools.SearchAnomalyDetectorsTool$Factory
6847:             1             24  org.opensearch.agent.tools.SearchAnomalyResultsTool$Factory
6848:             1             24  org.opensearch.agent.tools.VectorDBTool$Factory
6849:             1             24  org.opensearch.alerting.MonitorRunnerService
6850:             1             24  org.opensearch.alerting.WorkflowService
6851:             1             24  org.opensearch.alerting.action.DocLevelMonitorFanOutAction
6852:             1             24  org.opensearch.alerting.action.ExecuteMonitorAction
6853:             1             24  org.opensearch.alerting.action.ExecuteWorkflowAction
6854:             1             24  org.opensearch.alerting.action.GetDestinationsAction
6855:             1             24  org.opensearch.alerting.action.GetEmailAccountAction
6856:             1             24  org.opensearch.alerting.action.GetEmailGroupAction
6857:             1             24  org.opensearch.alerting.action.GetRemoteIndexesAction
6858:             1             24  org.opensearch.alerting.action.SearchEmailAccountAction
6859:             1             24  org.opensearch.alerting.action.SearchEmailGroupAction
6860:             1             24  org.opensearch.alerting.core.ScheduledJobIndices
6861:             1             24  org.opensearch.alerting.core.action.node.ScheduledJobsStatsAction
6862:             1             24  org.opensearch.alerting.core.lock.LockService
6863:             1             24  org.opensearch.alerting.core.resthandler.RestScheduledJobStatsHandler
6864:             1             24  org.opensearch.alerting.model.destination.DestinationContextFactory
6865:             1             24  org.opensearch.alerting.resthandler.RestAcknowledgeAlertAction
6866:             1             24  org.opensearch.alerting.resthandler.RestAcknowledgeChainedAlertAction
6867:             1             24  org.opensearch.alerting.resthandler.RestDeleteAlertingCommentAction
6868:             1             24  org.opensearch.alerting.resthandler.RestDeleteMonitorAction
6869:             1             24  org.opensearch.alerting.resthandler.RestDeleteWorkflowAction
6870:             1             24  org.opensearch.alerting.resthandler.RestExecuteMonitorAction
6871:             1             24  org.opensearch.alerting.resthandler.RestExecuteWorkflowAction
6872:             1             24  org.opensearch.alerting.resthandler.RestGetAlertsAction
6873:             1             24  org.opensearch.alerting.resthandler.RestGetDestinationsAction
6874:             1             24  org.opensearch.alerting.resthandler.RestGetEmailAccountAction
6875:             1             24  org.opensearch.alerting.resthandler.RestGetEmailGroupAction
6876:             1             24  org.opensearch.alerting.resthandler.RestGetFindingsAction
6877:             1             24  org.opensearch.alerting.resthandler.RestGetMonitorAction
6878:             1             24  org.opensearch.alerting.resthandler.RestGetRemoteIndexesAction
6879:             1             24  org.opensearch.alerting.resthandler.RestGetWorkflowAction
6880:             1             24  org.opensearch.alerting.resthandler.RestGetWorkflowAlertsAction
6881:             1             24  org.opensearch.alerting.resthandler.RestIndexAlertingCommentAction
6882:             1             24  org.opensearch.alerting.resthandler.RestIndexMonitorAction
6883:             1             24  org.opensearch.alerting.resthandler.RestIndexWorkflowAction
6884:             1             24  org.opensearch.alerting.resthandler.RestSearchAlertingCommentAction
6885:             1             24  org.opensearch.alerting.resthandler.RestSearchEmailAccountAction
6886:             1             24  org.opensearch.alerting.resthandler.RestSearchEmailGroupAction
6887:             1             24  org.opensearch.bootstrap.OpenSearchPolicy$SystemPolicy
6888:             1             24  org.opensearch.bootstrap.Spawner
6889:             1             24  org.opensearch.cli.Command$$Lambda/0x00007fcd280261f0
6890:             1             24  org.opensearch.cli.Terminal$SystemTerminal
6891:             1             24  org.opensearch.cluster.InternalClusterInfoService$IndicesStatsSummary
6892:             1             24  org.opensearch.cluster.action.index.MappingUpdatedAction$AdjustableSemaphore
6893:             1             24  org.opensearch.cluster.action.index.NodeMappingRefreshAction
6894:             1             24  org.opensearch.cluster.action.shard.ShardStateAction$ShardFailedTransportHandler
6895:             1             24  org.opensearch.cluster.action.shard.ShardStateAction$ShardStartedTransportHandler
6896:             1             24  org.opensearch.cluster.block.ClusterBlocks
6897:             1             24  org.opensearch.cluster.coordination.FollowersChecker$FastResponseState
6898:             1             24  org.opensearch.cluster.coordination.JoinHelper$$Lambda/0x00007fcd28cf7350
6899:             1             24  org.opensearch.cluster.coordination.JoinHelper$$Lambda/0x00007fcd28cf7788
6900:             1             24  org.opensearch.cluster.coordination.JoinHelper$$Lambda/0x00007fcd28cf7bc0
6901:             1             24  org.opensearch.cluster.coordination.JoinHelper$$Lambda/0x00007fcd28cf8000
6902:             1             24  org.opensearch.cluster.coordination.PublicationTransportHandler$$Lambda/0x00007fcd28cfbee8
6903:             1             24  org.opensearch.cluster.metadata.AutoExpandReplicas
6904:             1             24  org.opensearch.cluster.metadata.DiffableStringMap$DiffableStringMapDiff
6905:             1             24  org.opensearch.cluster.metadata.IndexMetadata$6
6906:             1             24  org.opensearch.cluster.metadata.Manifest$1
6907:             1             24  org.opensearch.cluster.metadata.Metadata$1
6908:             1             24  org.opensearch.cluster.node.DiscoveryNodeRole$1
6909:             1             24  org.opensearch.cluster.node.DiscoveryNodeRole$2
6910:             1             24  org.opensearch.cluster.node.DiscoveryNodeRole$3
6911:             1             24  org.opensearch.cluster.node.DiscoveryNodeRole$4
6912:             1             24  org.opensearch.cluster.node.DiscoveryNodeRole$5
6913:             1             24  org.opensearch.cluster.node.DiscoveryNodeRole$6
6914:             1             24  org.opensearch.cluster.routing.RoutingNodes$Recoveries
6915:             1             24  org.opensearch.cluster.routing.allocation.AwarenessReplicaBalance
6916:             1             24  org.opensearch.cluster.routing.allocation.decider.AwarenessAllocationDecider
6917:             1             24  org.opensearch.cluster.routing.allocation.decider.DiskThresholdDecider
6918:             1             24  org.opensearch.cluster.routing.allocation.decider.EnableAllocationDecider
6919:             1             24  org.opensearch.cluster.routing.allocation.decider.RemoteStoreMigrationAllocationDecider
6920:             1             24  org.opensearch.cluster.routing.allocation.decider.ShardsLimitAllocationDecider
6921:             1             24  org.opensearch.common.TimeBasedUUIDGenerator
6922:             1             24  org.opensearch.common.cache.service.CacheService
6923:             1             24  org.opensearch.common.cache.stats.ImmutableCacheStatsHolder
6924:             1             24  org.opensearch.common.cache.stats.ImmutableCacheStatsHolder$Node
6925:             1             24  org.opensearch.common.inject.Key$NullAnnotationStrategy
6926:             1             24  org.opensearch.common.lucene.ShardCoreKeyMap
6927:             1             24  org.opensearch.common.lucene.search.SpanBooleanQueryRewriteWithMaxClause
6928:             1             24  org.opensearch.common.path.PathTrie
6929:             1             24  org.opensearch.common.settings.ClusterSettings$LoggingSettingUpdater
6930:             1             24  org.opensearch.common.settings.Setting$$Lambda/0x00007fcd280caec0
6931:             1             24  org.opensearch.common.settings.SettingsFilter
6932:             1             24  org.opensearch.common.ssl.SslClientAuthenticationMode$1
6933:             1             24  org.opensearch.common.ssl.SslClientAuthenticationMode$2
6934:             1             24  org.opensearch.common.ssl.SslClientAuthenticationMode$3
6935:             1             24  org.opensearch.common.ssl.SslVerificationMode$1
6936:             1             24  org.opensearch.common.ssl.SslVerificationMode$2
6937:             1             24  org.opensearch.common.ssl.SslVerificationMode$3
6938:             1             24  org.opensearch.common.time.EpochTime$1
6939:             1             24  org.opensearch.common.time.EpochTime$2
6940:             1             24  org.opensearch.common.time.EpochTime$3
6941:             1             24  org.opensearch.common.time.EpochTime$4
6942:             1             24  org.opensearch.common.time.EpochTime$5
6943:             1             24  org.opensearch.common.time.RFC3339CompatibleDateTimeFormatter
6944:             1             24  org.opensearch.common.unit.SizeUnit$1
6945:             1             24  org.opensearch.common.unit.SizeUnit$2
6946:             1             24  org.opensearch.common.unit.SizeUnit$3
6947:             1             24  org.opensearch.common.unit.SizeUnit$4
6948:             1             24  org.opensearch.common.unit.SizeUnit$5
6949:             1             24  org.opensearch.common.unit.SizeUnit$6
6950:             1             24  org.opensearch.common.util.PageCacheRecycler$Type$1
6951:             1             24  org.opensearch.common.util.PageCacheRecycler$Type$2
6952:             1             24  org.opensearch.common.util.PageCacheRecycler$Type$3
6953:             1             24  org.opensearch.common.xcontent.ParseFieldRegistry
6954:             1             24  org.opensearch.commons.utils.HelpersKt$logger$1
6955:             1             24  org.opensearch.core.common.io.stream.ByteBufferStreamInput
6956:             1             24  org.opensearch.core.common.unit.ByteSizeUnit$1
6957:             1             24  org.opensearch.core.common.unit.ByteSizeUnit$2
6958:             1             24  org.opensearch.core.common.unit.ByteSizeUnit$3
6959:             1             24  org.opensearch.core.common.unit.ByteSizeUnit$4
6960:             1             24  org.opensearch.core.common.unit.ByteSizeUnit$5
6961:             1             24  org.opensearch.core.common.unit.ByteSizeUnit$6
6962:             1             24  org.opensearch.core.xcontent.ObjectParser$$Lambda/0x00007fcd287ef810
6963:             1             24  org.opensearch.core.xcontent.ObjectParser$$Lambda/0x00007fcd29095918
6964:             1             24  org.opensearch.core.xcontent.XContentLocation
6965:             1             24  org.opensearch.core.xcontent.XContentParser$Token$1
6966:             1             24  org.opensearch.core.xcontent.XContentParser$Token$10
6967:             1             24  org.opensearch.core.xcontent.XContentParser$Token$2
6968:             1             24  org.opensearch.core.xcontent.XContentParser$Token$3
6969:             1             24  org.opensearch.core.xcontent.XContentParser$Token$4
6970:             1             24  org.opensearch.core.xcontent.XContentParser$Token$5
6971:             1             24  org.opensearch.core.xcontent.XContentParser$Token$6
6972:             1             24  org.opensearch.core.xcontent.XContentParser$Token$7
6973:             1             24  org.opensearch.core.xcontent.XContentParser$Token$8
6974:             1             24  org.opensearch.core.xcontent.XContentParser$Token$9
6975:             1             24  org.opensearch.crypto.CryptoHandlerRegistry
6976:             1             24  org.opensearch.discovery.HandshakingTransportAddressConnector
6977:             1             24  org.opensearch.env.NodeMetadata
6978:             1             24  org.opensearch.env.NodeMetadata$NodeMetadataStateFormat
6979:             1             24  org.opensearch.env.OpenSearchFileStore
6980:             1             24  org.opensearch.flowframework.rest.RestCreateWorkflowAction
6981:             1             24  org.opensearch.flowframework.rest.RestDeleteWorkflowAction
6982:             1             24  org.opensearch.flowframework.rest.RestDeprovisionWorkflowAction
6983:             1             24  org.opensearch.flowframework.rest.RestGetWorkflowAction
6984:             1             24  org.opensearch.flowframework.rest.RestGetWorkflowStateAction
6985:             1             24  org.opensearch.flowframework.rest.RestGetWorkflowStepAction
6986:             1             24  org.opensearch.flowframework.rest.RestProvisionWorkflowAction
6987:             1             24  org.opensearch.flowframework.transport.CreateWorkflowAction
6988:             1             24  org.opensearch.flowframework.transport.DeleteWorkflowAction
6989:             1             24  org.opensearch.flowframework.transport.DeprovisionWorkflowAction
6990:             1             24  org.opensearch.flowframework.transport.GetWorkflowAction
6991:             1             24  org.opensearch.flowframework.transport.GetWorkflowStateAction
6992:             1             24  org.opensearch.flowframework.transport.GetWorkflowStepAction
6993:             1             24  org.opensearch.flowframework.transport.ProvisionWorkflowAction
6994:             1             24  org.opensearch.flowframework.transport.SearchWorkflowAction
6995:             1             24  org.opensearch.flowframework.transport.SearchWorkflowStateAction
6996:             1             24  org.opensearch.flowframework.workflow.WorkflowStepFactory$$Lambda/0x00007fcd28a4deb0
6997:             1             24  org.opensearch.flowframework.workflow.WorkflowStepFactory$$Lambda/0x00007fcd28a4e0d0
6998:             1             24  org.opensearch.flowframework.workflow.WorkflowStepFactory$$Lambda/0x00007fcd28a4e950
6999:             1             24  org.opensearch.flowframework.workflow.WorkflowStepFactory$$Lambda/0x00007fcd28a4f1d0
7000:             1             24  org.opensearch.flowframework.workflow.WorkflowStepFactory$$Lambda/0x00007fcd28a4f610
7001:             1             24  org.opensearch.flowframework.workflow.WorkflowStepFactory$$Lambda/0x00007fcd28a4fc80
7002:             1             24  org.opensearch.flowframework.workflow.WorkflowStepFactory$$Lambda/0x00007fcd28a50220
7003:             1             24  org.opensearch.flowframework.workflow.WorkflowStepFactory$$Lambda/0x00007fcd28a50440
7004:             1             24  org.opensearch.forecast.ratelimit.ForecastSaveResultStrategy
7005:             1             24  org.opensearch.forecast.rest.RestDeleteForecasterAction
7006:             1             24  org.opensearch.forecast.rest.RestForecasterJobAction
7007:             1             24  org.opensearch.forecast.rest.RestForecasterSuggestAction
7008:             1             24  org.opensearch.forecast.rest.RestGetForecasterAction
7009:             1             24  org.opensearch.forecast.rest.RestRunOnceForecasterAction
7010:             1             24  org.opensearch.forecast.rest.RestSearchForecasterInfoAction
7011:             1             24  org.opensearch.forecast.rest.RestSearchTopForecastResultAction
7012:             1             24  org.opensearch.forecast.settings.ForecastEnabledSetting
7013:             1             24  org.opensearch.forecast.settings.ForecastNumericSetting
7014:             1             24  org.opensearch.forecast.stats.ForecastModelsOnNodeSupplier
7015:             1             24  org.opensearch.forecast.transport.DeleteForecastModelAction
7016:             1             24  org.opensearch.forecast.transport.DeleteForecasterAction
7017:             1             24  org.opensearch.forecast.transport.EntityForecastResultAction
7018:             1             24  org.opensearch.forecast.transport.ForecastEntityProfileAction
7019:             1             24  org.opensearch.forecast.transport.ForecastProfileAction
7020:             1             24  org.opensearch.forecast.transport.ForecastResultAction
7021:             1             24  org.opensearch.forecast.transport.ForecastResultBulkAction
7022:             1             24  org.opensearch.forecast.transport.ForecastRunOnceAction
7023:             1             24  org.opensearch.forecast.transport.ForecastRunOnceProfileAction
7024:             1             24  org.opensearch.forecast.transport.ForecastSingleStreamResultAction
7025:             1             24  org.opensearch.forecast.transport.ForecastStatsNodesAction
7026:             1             24  org.opensearch.forecast.transport.ForecasterJobAction
7027:             1             24  org.opensearch.forecast.transport.GetForecasterAction
7028:             1             24  org.opensearch.forecast.transport.IndexForecasterAction
7029:             1             24  org.opensearch.forecast.transport.SearchForecastTasksAction
7030:             1             24  org.opensearch.forecast.transport.SearchForecasterAction
7031:             1             24  org.opensearch.forecast.transport.SearchForecasterInfoAction
7032:             1             24  org.opensearch.forecast.transport.SearchTopForecastResultAction
7033:             1             24  org.opensearch.forecast.transport.StatsForecasterAction
7034:             1             24  org.opensearch.forecast.transport.StopForecasterAction
7035:             1             24  org.opensearch.forecast.transport.SuggestForecasterParamAction
7036:             1             24  org.opensearch.forecast.transport.ValidateForecasterAction
7037:             1             24  org.opensearch.forecast.transport.handler.ForecastIndexMemoryPressureAwareResultHandler
7038:             1             24  org.opensearch.forecast.transport.handler.ForecastSearchHandler
7039:             1             24  org.opensearch.gateway.GatewayAllocator$InternalPrimaryShardAllocator
7040:             1             24  org.opensearch.gateway.GatewayAllocator$InternalReplicaShardAllocator
7041:             1             24  org.opensearch.gateway.GatewayService$$Lambda/0x00007fcd28ddc838
7042:             1             24  org.opensearch.gateway.PersistedClusterStateService$MetadataIndexWriter
7043:             1             24  org.opensearch.gateway.ShardsBatchGatewayAllocator$InternalPrimaryBatchShardAllocator
7044:             1             24  org.opensearch.gateway.ShardsBatchGatewayAllocator$InternalReplicaBatchShardAllocator
7045:             1             24  org.opensearch.geospatial.action.upload.geojson.UploadGeoJSONAction
7046:             1             24  org.opensearch.geospatial.ip2geo.action.DeleteDatasourceAction
7047:             1             24  org.opensearch.geospatial.ip2geo.action.GetDatasourceAction
7048:             1             24  org.opensearch.geospatial.ip2geo.action.PutDatasourceAction
7049:             1             24  org.opensearch.geospatial.ip2geo.action.RestDeleteDatasourceHandler
7050:             1             24  org.opensearch.geospatial.ip2geo.action.RestGetDatasourceHandler
7051:             1             24  org.opensearch.geospatial.ip2geo.action.RestUpdateDatasourceHandler
7052:             1             24  org.opensearch.geospatial.ip2geo.action.UpdateDatasourceAction
7053:             1             24  org.opensearch.geospatial.ip2geo.common.Ip2GeoLockService
7054:             1             24  org.opensearch.geospatial.ip2geo.dao.DatasourceDao
7055:             1             24  org.opensearch.geospatial.rest.action.upload.geojson.RestUploadGeoJSONAction
7056:             1             24  org.opensearch.geospatial.stats.upload.RestUploadStatsAction
7057:             1             24  org.opensearch.geospatial.stats.upload.UploadStats
7058:             1             24  org.opensearch.geospatial.stats.upload.UploadStatsAction
7059:             1             24  org.opensearch.http.HttpTracer
7060:             1             24  org.opensearch.http.netty4.Netty4HttpRequestCreator
7061:             1             24  org.opensearch.http.netty4.Netty4HttpRequestHandler
7062:             1             24  org.opensearch.http.netty4.Netty4HttpResponseCreator
7063:             1             24  org.opensearch.http.netty4.Netty4HttpServerChannel
7064:             1             24  org.opensearch.http.netty4.Netty4HttpServerTransport$ServerChannelExceptionHandler
7065:             1             24  org.opensearch.index.SegmentReplicationStatsTracker
7066:             1             24  org.opensearch.index.analysis.AnalysisRegistry$Component$1
7067:             1             24  org.opensearch.index.analysis.AnalysisRegistry$Component$2
7068:             1             24  org.opensearch.index.analysis.AnalysisRegistry$Component$3
7069:             1             24  org.opensearch.index.analysis.AnalysisRegistry$Component$4
7070:             1             24  org.opensearch.index.analysis.AnalysisRegistry$Component$5
7071:             1             24  org.opensearch.index.analysis.PreConfiguredCharFilter$2
7072:             1             24  org.opensearch.index.codec.customcodecs.QatDeflate99Codec
7073:             1             24  org.opensearch.index.codec.customcodecs.QatLz499Codec
7074:             1             24  org.opensearch.index.codec.customcodecs.Zstd99Codec
7075:             1             24  org.opensearch.index.codec.customcodecs.ZstdNoDict99Codec
7076:             1             24  org.opensearch.index.codec.customcodecs.backward_codecs.Zstd95Codec
7077:             1             24  org.opensearch.index.codec.customcodecs.backward_codecs.Zstd95DeprecatedCodec
7078:             1             24  org.opensearch.index.codec.customcodecs.backward_codecs.ZstdNoDict95Codec
7079:             1             24  org.opensearch.index.codec.fuzzy.FuzzyFilterPostingsFormat
7080:             1             24  org.opensearch.index.mapper.DynamicTemplate$MatchType$1
7081:             1             24  org.opensearch.index.mapper.DynamicTemplate$MatchType$2
7082:             1             24  org.opensearch.index.mapper.DynamicTemplate$XContentFieldType$1
7083:             1             24  org.opensearch.index.mapper.DynamicTemplate$XContentFieldType$2
7084:             1             24  org.opensearch.index.mapper.DynamicTemplate$XContentFieldType$3
7085:             1             24  org.opensearch.index.mapper.DynamicTemplate$XContentFieldType$4
7086:             1             24  org.opensearch.index.mapper.DynamicTemplate$XContentFieldType$5
7087:             1             24  org.opensearch.index.mapper.DynamicTemplate$XContentFieldType$6
7088:             1             24  org.opensearch.index.mapper.DynamicTemplate$XContentFieldType$7
7089:             1             24  org.opensearch.index.mapper.ObjectMapper$Nested
7090:             1             24  org.opensearch.index.mapper.RangeType$LengthType$1
7091:             1             24  org.opensearch.index.mapper.RangeType$LengthType$2
7092:             1             24  org.opensearch.index.mapper.RangeType$LengthType$3
7093:             1             24  org.opensearch.index.mapper.RangeType$LengthType$4
7094:             1             24  org.opensearch.index.rankeval.RankEvalAction
7095:             1             24  org.opensearch.index.rankeval.RestRankEvalAction
7096:             1             24  org.opensearch.index.reindex.DeleteByQueryAction
7097:             1             24  org.opensearch.index.reindex.ReindexAction
7098:             1             24  org.opensearch.index.reindex.ReindexSslConfig
7099:             1             24  org.opensearch.index.reindex.RestDeleteByQueryAction
7100:             1             24  org.opensearch.index.reindex.RestDeleteByQueryAction
7101:             1             24  org.opensearch.index.reindex.RestReindexAction
7102:             1             24  org.opensearch.index.reindex.RestRethrottleAction
7103:             1             24  org.opensearch.index.reindex.RestUpdateByQueryAction
7104:             1             24  org.opensearch.index.reindex.RethrottleAction
7105:             1             24  org.opensearch.index.reindex.UpdateByQueryAction
7106:             1             24  org.opensearch.index.remote.RemoteStorePressureService
7107:             1             24  org.opensearch.index.remote.RemoteStoreStatsTrackerFactory
7108:             1             24  org.opensearch.index.seqno.RetentionLeaseActions$Add
7109:             1             24  org.opensearch.index.seqno.RetentionLeaseActions$Remove
7110:             1             24  org.opensearch.index.seqno.RetentionLeaseActions$Renew
7111:             1             24  org.opensearch.index.seqno.RetentionLeases$1
7112:             1             24  org.opensearch.index.shard.PrimaryReplicaSyncer
7113:             1             24  org.opensearch.index.shard.ShardStateMetadata$1
7114:             1             24  org.opensearch.index.store.RemoteSegmentStoreDirectoryFactory
7115:             1             24  org.opensearch.index.store.remote.directory.RemoteSnapshotDirectoryFactory
7116:             1             24  org.opensearch.indexmanagement.controlcenter.notification.ControlCenterIndices
7117:             1             24  org.opensearch.indexmanagement.controlcenter.notification.action.delete.DeleteLRONConfigAction
7118:             1             24  org.opensearch.indexmanagement.controlcenter.notification.action.get.GetLRONConfigAction
7119:             1             24  org.opensearch.indexmanagement.controlcenter.notification.action.index.IndexLRONConfigAction
7120:             1             24  org.opensearch.indexmanagement.controlcenter.notification.resthandler.RestDeleteLRONConfigAction
7121:             1             24  org.opensearch.indexmanagement.controlcenter.notification.resthandler.RestGetLRONConfigAction
7122:             1             24  org.opensearch.indexmanagement.controlcenter.notification.resthandler.RestIndexLRONConfigAction
7123:             1             24  org.opensearch.indexmanagement.indexstatemanagement.ExtensionStatusChecker
7124:             1             24  org.opensearch.indexmanagement.indexstatemanagement.ISMActionsParser
7125:             1             24  org.opensearch.indexmanagement.indexstatemanagement.SkipExecution
7126:             1             24  org.opensearch.indexmanagement.indexstatemanagement.action.AliasActionParser
7127:             1             24  org.opensearch.indexmanagement.indexstatemanagement.resthandler.RestAddPolicyAction
7128:             1             24  org.opensearch.indexmanagement.indexstatemanagement.resthandler.RestChangePolicyAction
7129:             1             24  org.opensearch.indexmanagement.indexstatemanagement.resthandler.RestDeletePolicyAction
7130:             1             24  org.opensearch.indexmanagement.indexstatemanagement.resthandler.RestExplainAction
7131:             1             24  org.opensearch.indexmanagement.indexstatemanagement.resthandler.RestGetPolicyAction
7132:             1             24  org.opensearch.indexmanagement.indexstatemanagement.resthandler.RestRemovePolicyAction
7133:             1             24  org.opensearch.indexmanagement.indexstatemanagement.resthandler.RestRetryFailedManagedIndexAction
7134:             1             24  org.opensearch.indexmanagement.indexstatemanagement.transport.action.addpolicy.AddPolicyAction
7135:             1             24  org.opensearch.indexmanagement.indexstatemanagement.transport.action.changepolicy.ChangePolicyAction
7136:             1             24  org.opensearch.indexmanagement.indexstatemanagement.transport.action.deletepolicy.DeletePolicyAction
7137:             1             24  org.opensearch.indexmanagement.indexstatemanagement.transport.action.explain.ExplainAction
7138:             1             24  org.opensearch.indexmanagement.indexstatemanagement.transport.action.getpolicy.GetPoliciesAction
7139:             1             24  org.opensearch.indexmanagement.indexstatemanagement.transport.action.getpolicy.GetPolicyAction
7140:             1             24  org.opensearch.indexmanagement.indexstatemanagement.transport.action.indexpolicy.IndexPolicyAction
7141:             1             24  org.opensearch.indexmanagement.indexstatemanagement.transport.action.managedIndex.ManagedIndexAction
7142:             1             24  org.opensearch.indexmanagement.indexstatemanagement.transport.action.removepolicy.RemovePolicyAction
7143:             1             24  org.opensearch.indexmanagement.indexstatemanagement.transport.action.retryfailedmanagedindex.RetryFailedManagedIndexAction
7144:             1             24  org.opensearch.indexmanagement.indexstatemanagement.transport.action.updateindexmetadata.UpdateManagedIndexMetaDataAction
7145:             1             24  org.opensearch.indexmanagement.indexstatemanagement.validation.ActionValidation
7146:             1             24  org.opensearch.indexmanagement.refreshanalyzer.RefreshSearchAnalyzerAction
7147:             1             24  org.opensearch.indexmanagement.refreshanalyzer.RestRefreshSearchAnalyzerAction
7148:             1             24  org.opensearch.indexmanagement.rollup.RollupIndexer
7149:             1             24  org.opensearch.indexmanagement.rollup.RollupMetadataService
7150:             1             24  org.opensearch.indexmanagement.rollup.action.delete.DeleteRollupAction
7151:             1             24  org.opensearch.indexmanagement.rollup.action.explain.ExplainRollupAction
7152:             1             24  org.opensearch.indexmanagement.rollup.action.get.GetRollupAction
7153:             1             24  org.opensearch.indexmanagement.rollup.action.get.GetRollupsAction
7154:             1             24  org.opensearch.indexmanagement.rollup.action.index.IndexRollupAction
7155:             1             24  org.opensearch.indexmanagement.rollup.action.mapping.UpdateRollupMappingAction
7156:             1             24  org.opensearch.indexmanagement.rollup.action.start.StartRollupAction
7157:             1             24  org.opensearch.indexmanagement.rollup.action.stop.StopRollupAction
7158:             1             24  org.opensearch.indexmanagement.rollup.resthandler.RestDeleteRollupAction
7159:             1             24  org.opensearch.indexmanagement.rollup.resthandler.RestExplainRollupAction
7160:             1             24  org.opensearch.indexmanagement.rollup.resthandler.RestGetRollupAction
7161:             1             24  org.opensearch.indexmanagement.rollup.resthandler.RestIndexRollupAction
7162:             1             24  org.opensearch.indexmanagement.rollup.resthandler.RestStartRollupAction
7163:             1             24  org.opensearch.indexmanagement.rollup.resthandler.RestStopRollupAction
7164:             1             24  org.opensearch.indexmanagement.snapshotmanagement.api.resthandler.RestCreateSMPolicyHandler
7165:             1             24  org.opensearch.indexmanagement.snapshotmanagement.api.resthandler.RestDeleteSMPolicyHandler
7166:             1             24  org.opensearch.indexmanagement.snapshotmanagement.api.resthandler.RestExplainSMPolicyHandler
7167:             1             24  org.opensearch.indexmanagement.snapshotmanagement.api.resthandler.RestGetSMPolicyHandler
7168:             1             24  org.opensearch.indexmanagement.snapshotmanagement.api.resthandler.RestStartSMPolicyHandler
7169:             1             24  org.opensearch.indexmanagement.snapshotmanagement.api.resthandler.RestStopSMPolicyHandler
7170:             1             24  org.opensearch.indexmanagement.snapshotmanagement.api.resthandler.RestUpdateSMPolicyHandler
7171:             1             24  org.opensearch.indexmanagement.transform.TransformMetadataService
7172:             1             24  org.opensearch.indexmanagement.transform.action.delete.DeleteTransformsAction
7173:             1             24  org.opensearch.indexmanagement.transform.action.explain.ExplainTransformAction
7174:             1             24  org.opensearch.indexmanagement.transform.action.get.GetTransformAction
7175:             1             24  org.opensearch.indexmanagement.transform.action.get.GetTransformsAction
7176:             1             24  org.opensearch.indexmanagement.transform.action.index.IndexTransformAction
7177:             1             24  org.opensearch.indexmanagement.transform.action.preview.PreviewTransformAction
7178:             1             24  org.opensearch.indexmanagement.transform.action.start.StartTransformAction
7179:             1             24  org.opensearch.indexmanagement.transform.action.stop.StopTransformAction
7180:             1             24  org.opensearch.indexmanagement.transform.resthandler.RestDeleteTransformAction
7181:             1             24  org.opensearch.indexmanagement.transform.resthandler.RestExplainTransformAction
7182:             1             24  org.opensearch.indexmanagement.transform.resthandler.RestGetTransformAction
7183:             1             24  org.opensearch.indexmanagement.transform.resthandler.RestIndexTransformAction
7184:             1             24  org.opensearch.indexmanagement.transform.resthandler.RestPreviewTransformAction
7185:             1             24  org.opensearch.indexmanagement.transform.resthandler.RestStartTransformAction
7186:             1             24  org.opensearch.indexmanagement.transform.resthandler.RestStopTransformAction
7187:             1             24  org.opensearch.indices.IndexingMemoryController$ShardsIndicesStatusChecker
7188:             1             24  org.opensearch.indices.IndicesService$1
7189:             1             24  org.opensearch.indices.SystemIndices
7190:             1             24  org.opensearch.indices.analysis.AnalysisModule
7191:             1             24  org.opensearch.indices.analysis.HunspellService$$Lambda/0x00007fcd28657528
7192:             1             24  org.opensearch.indices.fielddata.cache.IndicesFieldDataCache
7193:             1             24  org.opensearch.indices.recovery.PeerRecoveryTargetService$FileChunkTransportRequestHandler
7194:             1             24  org.opensearch.indices.replication.OngoingSegmentReplications
7195:             1             24  org.opensearch.indices.replication.SegmentReplicationSourceFactory
7196:             1             24  org.opensearch.indices.replication.SegmentReplicationTargetService$FileChunkTransportRequestHandler
7197:             1             24  org.opensearch.ingest.common.GrokProcessor$Factory
7198:             1             24  org.opensearch.ingest.common.GrokProcessorGetAction
7199:             1             24  org.opensearch.ingest.common.GrokProcessorGetAction$RestAction
7200:             1             24  org.opensearch.ingest.geoip.GeoIpProcessor$Factory
7201:             1             24  org.opensearch.knn.index.KNNCircuitBreaker
7202:             1             24  org.opensearch.knn.index.KNNCircuitBreaker$$Lambda/0x00007fcd2890fd68
7203:             1             24  org.opensearch.knn.index.KNNSettings
7204:             1             24  org.opensearch.knn.index.codec.KNN80Codec.KNN80Codec$1
7205:             1             24  org.opensearch.knn.index.codec.KNN84Codec.KNN84Codec$1
7206:             1             24  org.opensearch.knn.index.codec.KNN86Codec.KNN86Codec$1
7207:             1             24  org.opensearch.knn.index.codec.KNN910Codec.KNN910Codec
7208:             1             24  org.opensearch.knn.index.memory.NativeMemoryLoadStrategy$IndexLoadStrategy
7209:             1             24  org.opensearch.knn.index.memory.NativeMemoryLoadStrategy$TrainingLoadStrategy
7210:             1             24  org.opensearch.knn.indices.ModelDao$OpenSearchKNNModelDao
7211:             1             24  org.opensearch.knn.plugin.KNNPlugin
7212:             1             24  org.opensearch.knn.plugin.rest.RestDeleteModelHandler
7213:             1             24  org.opensearch.knn.plugin.rest.RestGetModelHandler
7214:             1             24  org.opensearch.knn.plugin.rest.RestKNNStatsHandler
7215:             1             24  org.opensearch.knn.plugin.rest.RestSearchModelHandler
7216:             1             24  org.opensearch.knn.plugin.rest.RestTrainModelHandler
7217:             1             24  org.opensearch.knn.plugin.transport.ClearCacheAction
7218:             1             24  org.opensearch.knn.plugin.transport.DeleteModelAction
7219:             1             24  org.opensearch.knn.plugin.transport.GetModelAction
7220:             1             24  org.opensearch.knn.plugin.transport.KNNStatsAction
7221:             1             24  org.opensearch.knn.plugin.transport.KNNWarmupAction
7222:             1             24  org.opensearch.knn.plugin.transport.RemoveModelFromCacheAction
7223:             1             24  org.opensearch.knn.plugin.transport.SearchModelAction
7224:             1             24  org.opensearch.knn.plugin.transport.TrainingJobRouteDecisionInfoAction
7225:             1             24  org.opensearch.knn.plugin.transport.TrainingJobRouterAction
7226:             1             24  org.opensearch.knn.plugin.transport.TrainingModelAction
7227:             1             24  org.opensearch.knn.plugin.transport.UpdateModelGraveyardAction
7228:             1             24  org.opensearch.knn.plugin.transport.UpdateModelMetadataAction
7229:             1             24  org.opensearch.knn.training.TrainingJobClusterStateListener
7230:             1             24  org.opensearch.knn.training.VectorReader
7231:             1             24  org.opensearch.ml.action.profile.MLProfileAction
7232:             1             24  org.opensearch.ml.action.stats.MLStatsNodesAction
7233:             1             24  org.opensearch.ml.breaker.DiskCircuitBreaker
7234:             1             24  org.opensearch.ml.breaker.MemoryCircuitBreaker
7235:             1             24  org.opensearch.ml.common.transport.agent.MLAgentDeleteAction
7236:             1             24  org.opensearch.ml.common.transport.agent.MLAgentGetAction
7237:             1             24  org.opensearch.ml.common.transport.agent.MLRegisterAgentAction
7238:             1             24  org.opensearch.ml.common.transport.agent.MLSearchAgentAction
7239:             1             24  org.opensearch.ml.common.transport.config.MLConfigGetAction
7240:             1             24  org.opensearch.ml.common.transport.connector.MLConnectorDeleteAction
7241:             1             24  org.opensearch.ml.common.transport.connector.MLConnectorGetAction
7242:             1             24  org.opensearch.ml.common.transport.connector.MLConnectorSearchAction
7243:             1             24  org.opensearch.ml.common.transport.connector.MLCreateConnectorAction
7244:             1             24  org.opensearch.ml.common.transport.connector.MLExecuteConnectorAction
7245:             1             24  org.opensearch.ml.common.transport.connector.MLUpdateConnectorAction
7246:             1             24  org.opensearch.ml.common.transport.controller.MLControllerDeleteAction
7247:             1             24  org.opensearch.ml.common.transport.controller.MLControllerGetAction
7248:             1             24  org.opensearch.ml.common.transport.controller.MLCreateControllerAction
7249:             1             24  org.opensearch.ml.common.transport.controller.MLDeployControllerAction
7250:             1             24  org.opensearch.ml.common.transport.controller.MLUndeployControllerAction
7251:             1             24  org.opensearch.ml.common.transport.controller.MLUpdateControllerAction
7252:             1             24  org.opensearch.ml.common.transport.deploy.MLDeployModelAction
7253:             1             24  org.opensearch.ml.common.transport.deploy.MLDeployModelOnNodeAction
7254:             1             24  org.opensearch.ml.common.transport.execute.MLExecuteTaskAction
7255:             1             24  org.opensearch.ml.common.transport.forward.MLForwardAction
7256:             1             24  org.opensearch.ml.common.transport.model.MLModelDeleteAction
7257:             1             24  org.opensearch.ml.common.transport.model.MLModelGetAction
7258:             1             24  org.opensearch.ml.common.transport.model.MLModelSearchAction
7259:             1             24  org.opensearch.ml.common.transport.model.MLUpdateModelAction
7260:             1             24  org.opensearch.ml.common.transport.model_group.MLModelGroupDeleteAction
7261:             1             24  org.opensearch.ml.common.transport.model_group.MLModelGroupGetAction
7262:             1             24  org.opensearch.ml.common.transport.model_group.MLModelGroupSearchAction
7263:             1             24  org.opensearch.ml.common.transport.model_group.MLRegisterModelGroupAction
7264:             1             24  org.opensearch.ml.common.transport.model_group.MLUpdateModelGroupAction
7265:             1             24  org.opensearch.ml.common.transport.prediction.MLPredictionTaskAction
7266:             1             24  org.opensearch.ml.common.transport.register.MLRegisterModelAction
7267:             1             24  org.opensearch.ml.common.transport.sync.MLSyncUpAction
7268:             1             24  org.opensearch.ml.common.transport.task.MLTaskDeleteAction
7269:             1             24  org.opensearch.ml.common.transport.task.MLTaskGetAction
7270:             1             24  org.opensearch.ml.common.transport.task.MLTaskSearchAction
7271:             1             24  org.opensearch.ml.common.transport.tools.MLGetToolAction
7272:             1             24  org.opensearch.ml.common.transport.tools.MLListToolsAction
7273:             1             24  org.opensearch.ml.common.transport.training.MLTrainingTaskAction
7274:             1             24  org.opensearch.ml.common.transport.trainpredict.MLTrainAndPredictionTaskAction
7275:             1             24  org.opensearch.ml.common.transport.undeploy.MLUndeployModelAction
7276:             1             24  org.opensearch.ml.common.transport.undeploy.MLUndeployModelsAction
7277:             1             24  org.opensearch.ml.common.transport.update_cache.MLUpdateModelCacheAction
7278:             1             24  org.opensearch.ml.common.transport.upload_chunk.MLRegisterModelMetaAction
7279:             1             24  org.opensearch.ml.common.transport.upload_chunk.MLUploadModelChunkAction
7280:             1             24  org.opensearch.ml.engine.algorithms.sample.LocalSampleCalculator
7281:             1             24  org.opensearch.ml.engine.indices.MLIndicesHandler
7282:             1             24  org.opensearch.ml.engine.memory.MLMemoryManager
7283:             1             24  org.opensearch.ml.engine.tools.CatIndexTool$Factory
7284:             1             24  org.opensearch.ml.engine.tools.SearchIndexTool$Factory
7285:             1             24  org.opensearch.ml.memory.action.conversation.CreateConversationAction
7286:             1             24  org.opensearch.ml.memory.action.conversation.CreateInteractionAction
7287:             1             24  org.opensearch.ml.memory.action.conversation.DeleteConversationAction
7288:             1             24  org.opensearch.ml.memory.action.conversation.GetConversationAction
7289:             1             24  org.opensearch.ml.memory.action.conversation.GetConversationsAction
7290:             1             24  org.opensearch.ml.memory.action.conversation.GetInteractionAction
7291:             1             24  org.opensearch.ml.memory.action.conversation.GetInteractionsAction
7292:             1             24  org.opensearch.ml.memory.action.conversation.GetTracesAction
7293:             1             24  org.opensearch.ml.memory.action.conversation.SearchConversationsAction
7294:             1             24  org.opensearch.ml.memory.action.conversation.SearchInteractionsAction
7295:             1             24  org.opensearch.ml.memory.action.conversation.UpdateConversationAction
7296:             1             24  org.opensearch.ml.memory.action.conversation.UpdateInteractionAction
7297:             1             24  org.opensearch.ml.memory.index.OpenSearchConversationalMemoryHandler
7298:             1             24  org.opensearch.ml.model.MLModelCacheHelper
7299:             1             24  org.opensearch.ml.processor.MLInferenceIngestProcessor$Factory
7300:             1             24  org.opensearch.ml.rest.RestMLCreateConnectorAction
7301:             1             24  org.opensearch.ml.rest.RestMLCreateControllerAction
7302:             1             24  org.opensearch.ml.rest.RestMLDeleteAgentAction
7303:             1             24  org.opensearch.ml.rest.RestMLDeleteConnectorAction
7304:             1             24  org.opensearch.ml.rest.RestMLDeleteControllerAction
7305:             1             24  org.opensearch.ml.rest.RestMLDeleteModelAction
7306:             1             24  org.opensearch.ml.rest.RestMLDeleteModelGroupAction
7307:             1             24  org.opensearch.ml.rest.RestMLDeleteTaskAction
7308:             1             24  org.opensearch.ml.rest.RestMLDeployModelAction
7309:             1             24  org.opensearch.ml.rest.RestMLExecuteAction
7310:             1             24  org.opensearch.ml.rest.RestMLGetAgentAction
7311:             1             24  org.opensearch.ml.rest.RestMLGetConfigAction
7312:             1             24  org.opensearch.ml.rest.RestMLGetConnectorAction
7313:             1             24  org.opensearch.ml.rest.RestMLGetControllerAction
7314:             1             24  org.opensearch.ml.rest.RestMLGetModelAction
7315:             1             24  org.opensearch.ml.rest.RestMLGetModelGroupAction
7316:             1             24  org.opensearch.ml.rest.RestMLGetTaskAction
7317:             1             24  org.opensearch.ml.rest.RestMLGetToolAction
7318:             1             24  org.opensearch.ml.rest.RestMLListToolsAction
7319:             1             24  org.opensearch.ml.rest.RestMLProfileAction
7320:             1             24  org.opensearch.ml.rest.RestMLRegisterAgentAction
7321:             1             24  org.opensearch.ml.rest.RestMLRegisterModelAction
7322:             1             24  org.opensearch.ml.rest.RestMLRegisterModelGroupAction
7323:             1             24  org.opensearch.ml.rest.RestMLRegisterModelMetaAction
7324:             1             24  org.opensearch.ml.rest.RestMLTrainAndPredictAction
7325:             1             24  org.opensearch.ml.rest.RestMLTrainingAction
7326:             1             24  org.opensearch.ml.rest.RestMLUpdateConnectorAction
7327:             1             24  org.opensearch.ml.rest.RestMLUpdateControllerAction
7328:             1             24  org.opensearch.ml.rest.RestMLUpdateModelAction
7329:             1             24  org.opensearch.ml.rest.RestMLUpdateModelGroupAction
7330:             1             24  org.opensearch.ml.rest.RestMLUploadModelChunkAction
7331:             1             24  org.opensearch.ml.rest.RestMemoryCreateConversationAction
7332:             1             24  org.opensearch.ml.rest.RestMemoryCreateInteractionAction
7333:             1             24  org.opensearch.ml.rest.RestMemoryDeleteConversationAction
7334:             1             24  org.opensearch.ml.rest.RestMemoryGetConversationAction
7335:             1             24  org.opensearch.ml.rest.RestMemoryGetConversationsAction
7336:             1             24  org.opensearch.ml.rest.RestMemoryGetInteractionAction
7337:             1             24  org.opensearch.ml.rest.RestMemoryGetInteractionsAction
7338:             1             24  org.opensearch.ml.rest.RestMemoryGetTracesAction
7339:             1             24  org.opensearch.ml.rest.RestMemorySearchInteractionsAction
7340:             1             24  org.opensearch.ml.rest.RestMemoryUpdateConversationAction
7341:             1             24  org.opensearch.ml.rest.RestMemoryUpdateInteractionAction
7342:             1             24  org.opensearch.ml.stats.MLStats
7343:             1             24  org.opensearch.ml.utils.IndexUtils
7344:             1             24  org.opensearch.monitor.fs.FsHealthService$FsHealthMonitor
7345:             1             24  org.opensearch.monitor.fs.FsProbe
7346:             1             24  org.opensearch.monitor.jvm.JvmGcMonitorService$GcOverheadThreshold
7347:             1             24  org.opensearch.monitor.os.OsProbe
7348:             1             24  org.opensearch.monitor.process.ProcessService
7349:             1             24  org.opensearch.neuralsearch.processor.NormalizationProcessorWorkflow
7350:             1             24  org.opensearch.neuralsearch.processor.combination.ArithmeticMeanScoreCombinationTechnique
7351:             1             24  org.opensearch.neuralsearch.processor.factory.NormalizationProcessorFactory
7352:             1             24  org.opensearch.neuralsearch.processor.factory.RerankProcessorFactory
7353:             1             24  org.opensearch.neuralsearch.processor.factory.SparseEncodingProcessorFactory
7354:             1             24  org.opensearch.neuralsearch.processor.factory.TextChunkingProcessorFactory
7355:             1             24  org.opensearch.neuralsearch.processor.factory.TextEmbeddingProcessorFactory
7356:             1             24  org.opensearch.neuralsearch.processor.factory.TextImageEmbeddingProcessorFactory
7357:             1             24  org.opensearch.neuralsearch.search.query.HybridQueryPhaseSearcher$ConcurrentQueryPhaseSearcherWithEmptyQueryCollectorContext
7358:             1             24  org.opensearch.neuralsearch.search.query.HybridQueryPhaseSearcher$DefaultQueryPhaseSearcherWithEmptyQueryCollectorContext
7359:             1             24  org.opensearch.node.IoUsageStats
7360:             1             24  org.opensearch.node.remotestore.RemoteStoreNodeService
7361:             1             24  org.opensearch.notifications.resthandler.NotificationChannelListRestHandler
7362:             1             24  org.opensearch.notifications.resthandler.NotificationConfigRestHandler
7363:             1             24  org.opensearch.notifications.resthandler.NotificationFeaturesRestHandler
7364:             1             24  org.opensearch.notifications.resthandler.SendTestMessageRestHandler
7365:             1             24  org.opensearch.observability.resthandler.ObservabilityRestHandler
7366:             1             24  org.opensearch.observability.resthandler.ObservabilityStatsRestHandler
7367:             1             24  org.opensearch.observability.util.HelpersKt$logger$1
7368:             1             24  org.opensearch.painless.PainlessScriptEngine
7369:             1             24  org.opensearch.painless.action.PainlessContextAction
7370:             1             24  org.opensearch.painless.action.PainlessContextAction$RestAction
7371:             1             24  org.opensearch.painless.action.PainlessExecuteAction
7372:             1             24  org.opensearch.painless.action.PainlessExecuteAction$RestAction
7373:             1             24  org.opensearch.performanceanalyzer.commons.config.overrides.ConfigOverrides
7374:             1             24  org.opensearch.performanceanalyzer.commons.event_process.EventLog
7375:             1             24  org.opensearch.performanceanalyzer.commons.stats.StatsReporter
7376:             1             24  org.opensearch.performanceanalyzer.config.setting.ClusterSettingsManager$$Lambda/0x00007fcd291cc230
7377:             1             24  org.opensearch.performanceanalyzer.config.setting.handler.ConfigOverridesClusterSettingHandler
7378:             1             24  org.opensearch.performanceanalyzer.config.setting.handler.NodeStatsSettingHandler
7379:             1             24  org.opensearch.performanceanalyzer.config.setting.handler.PerformanceAnalyzerClusterSettingHandler
7380:             1             24  org.opensearch.performanceanalyzer.config.setting.handler.PerformanceAnalyzerCollectorsSettingHandler
7381:             1             24  org.opensearch.performanceanalyzer.http_action.config.PerformanceAnalyzerConfigAction
7382:             1             24  org.opensearch.performanceanalyzer.http_action.whoami.WhoAmIAction
7383:             1             24  org.opensearch.persistent.CompletionPersistentTaskAction
7384:             1             24  org.opensearch.persistent.PersistentTasksService
7385:             1             24  org.opensearch.persistent.RemovePersistentTaskAction
7386:             1             24  org.opensearch.persistent.StartPersistentTaskAction
7387:             1             24  org.opensearch.persistent.UpdatePersistentTaskStatusAction
7388:             1             24  org.opensearch.plugins.SearchPlugin$RescorerSpec
7389:             1             24  org.opensearch.replication.ReplicationPlugin$$Lambda/0x00007fcd28c11928
7390:             1             24  org.opensearch.replication.action.autofollow.AutoFollowClusterManagerNodeAction
7391:             1             24  org.opensearch.replication.action.autofollow.UpdateAutoFollowPatternAction
7392:             1             24  org.opensearch.replication.action.changes.GetChangesAction
7393:             1             24  org.opensearch.replication.action.index.ReplicateIndexAction
7394:             1             24  org.opensearch.replication.action.index.ReplicateIndexClusterManagerNodeAction
7395:             1             24  org.opensearch.replication.action.index.block.UpdateIndexBlockAction
7396:             1             24  org.opensearch.replication.action.pause.PauseIndexReplicationAction
7397:             1             24  org.opensearch.replication.action.replay.ReplayChangesAction
7398:             1             24  org.opensearch.replication.action.replicationstatedetails.UpdateReplicationStateAction
7399:             1             24  org.opensearch.replication.action.repository.GetFileChunkAction
7400:             1             24  org.opensearch.replication.action.repository.GetStoreMetadataAction
7401:             1             24  org.opensearch.replication.action.repository.ReleaseLeaderResourcesAction
7402:             1             24  org.opensearch.replication.action.resume.ResumeIndexReplicationAction
7403:             1             24  org.opensearch.replication.action.setup.SetupChecksAction
7404:             1             24  org.opensearch.replication.action.setup.ValidatePermissionsAction
7405:             1             24  org.opensearch.replication.action.stats.AutoFollowStatsAction
7406:             1             24  org.opensearch.replication.action.stats.FollowerStatsAction
7407:             1             24  org.opensearch.replication.action.stats.LeaderStatsAction
7408:             1             24  org.opensearch.replication.action.status.ReplicationStatusAction
7409:             1             24  org.opensearch.replication.action.status.ShardsInfoAction
7410:             1             24  org.opensearch.replication.action.stop.StopIndexReplicationAction
7411:             1             24  org.opensearch.replication.action.update.UpdateIndexReplicationAction
7412:             1             24  org.opensearch.replication.metadata.ReplicationMetadataManager
7413:             1             24  org.opensearch.replication.metadata.UpdateMetadataAction
7414:             1             24  org.opensearch.replication.rest.AutoFollowStatsHandler
7415:             1             24  org.opensearch.replication.rest.FollowerStatsHandler
7416:             1             24  org.opensearch.replication.rest.LeaderStatsHandler
7417:             1             24  org.opensearch.replication.rest.PauseIndexReplicationHandler
7418:             1             24  org.opensearch.replication.rest.ReplicateIndexHandler
7419:             1             24  org.opensearch.replication.rest.ReplicationStatusHandler
7420:             1             24  org.opensearch.replication.rest.ResumeIndexReplicationHandler
7421:             1             24  org.opensearch.replication.rest.StopIndexReplicationHandler
7422:             1             24  org.opensearch.replication.rest.UpdateAutoFollowPatternsHandler
7423:             1             24  org.opensearch.replication.rest.UpdateIndexHandler
7424:             1             24  org.opensearch.replication.util.Injectables
7425:             1             24  org.opensearch.reportsscheduler.resthandler.OnDemandReportRestHandler
7426:             1             24  org.opensearch.reportsscheduler.resthandler.ReportDefinitionListRestHandler
7427:             1             24  org.opensearch.reportsscheduler.resthandler.ReportDefinitionRestHandler
7428:             1             24  org.opensearch.reportsscheduler.resthandler.ReportInstanceListRestHandler
7429:             1             24  org.opensearch.reportsscheduler.resthandler.ReportInstanceRestHandler
7430:             1             24  org.opensearch.reportsscheduler.resthandler.ReportStatsRestHandler
7431:             1             24  org.opensearch.repositories.VerifyNodeRepositoryAction
7432:             1             24  org.opensearch.repositories.s3.S3AsyncService
7433:             1             24  org.opensearch.repositories.s3.S3Service
7434:             1             24  org.opensearch.rest.RestHeaderDefinition
7435:             1             24  org.opensearch.rest.action.RestFieldCapabilitiesAction
7436:             1             24  org.opensearch.rest.action.RestMainAction
7437:             1             24  org.opensearch.rest.action.admin.cluster.RestAddVotingConfigExclusionAction
7438:             1             24  org.opensearch.rest.action.admin.cluster.RestCancelTasksAction
7439:             1             24  org.opensearch.rest.action.admin.cluster.RestCleanupRepositoryAction
7440:             1             24  org.opensearch.rest.action.admin.cluster.RestClearVotingConfigExclusionsAction
7441:             1             24  org.opensearch.rest.action.admin.cluster.RestCloneSnapshotAction
7442:             1             24  org.opensearch.rest.action.admin.cluster.RestClusterAllocationExplainAction
7443:             1             24  org.opensearch.rest.action.admin.cluster.RestClusterDeleteWeightedRoutingAction
7444:             1             24  org.opensearch.rest.action.admin.cluster.RestClusterGetWeightedRoutingAction
7445:             1             24  org.opensearch.rest.action.admin.cluster.RestClusterHealthAction
7446:             1             24  org.opensearch.rest.action.admin.cluster.RestClusterPutWeightedRoutingAction
7447:             1             24  org.opensearch.rest.action.admin.cluster.RestClusterRerouteAction
7448:             1             24  org.opensearch.rest.action.admin.cluster.RestClusterSearchShardsAction
7449:             1             24  org.opensearch.rest.action.admin.cluster.RestClusterStateAction
7450:             1             24  org.opensearch.rest.action.admin.cluster.RestClusterStatsAction
7451:             1             24  org.opensearch.rest.action.admin.cluster.RestClusterUpdateSettingsAction
7452:             1             24  org.opensearch.rest.action.admin.cluster.RestCreateSnapshotAction
7453:             1             24  org.opensearch.rest.action.admin.cluster.RestDecommissionAction
7454:             1             24  org.opensearch.rest.action.admin.cluster.RestDeleteDecommissionStateAction
7455:             1             24  org.opensearch.rest.action.admin.cluster.RestDeleteRepositoryAction
7456:             1             24  org.opensearch.rest.action.admin.cluster.RestDeleteSnapshotAction
7457:             1             24  org.opensearch.rest.action.admin.cluster.RestDeleteStoredScriptAction
7458:             1             24  org.opensearch.rest.action.admin.cluster.RestGetDecommissionStateAction
7459:             1             24  org.opensearch.rest.action.admin.cluster.RestGetRepositoriesAction
7460:             1             24  org.opensearch.rest.action.admin.cluster.RestGetScriptContextAction
7461:             1             24  org.opensearch.rest.action.admin.cluster.RestGetScriptLanguageAction
7462:             1             24  org.opensearch.rest.action.admin.cluster.RestGetSnapshotsAction
7463:             1             24  org.opensearch.rest.action.admin.cluster.RestGetStoredScriptAction
7464:             1             24  org.opensearch.rest.action.admin.cluster.RestGetTaskAction
7465:             1             24  org.opensearch.rest.action.admin.cluster.RestListTasksAction
7466:             1             24  org.opensearch.rest.action.admin.cluster.RestNodesHotThreadsAction
7467:             1             24  org.opensearch.rest.action.admin.cluster.RestNodesInfoAction
7468:             1             24  org.opensearch.rest.action.admin.cluster.RestNodesStatsAction
7469:             1             24  org.opensearch.rest.action.admin.cluster.RestNodesUsageAction
7470:             1             24  org.opensearch.rest.action.admin.cluster.RestPendingClusterTasksAction
7471:             1             24  org.opensearch.rest.action.admin.cluster.RestPutRepositoryAction
7472:             1             24  org.opensearch.rest.action.admin.cluster.RestPutStoredScriptAction
7473:             1             24  org.opensearch.rest.action.admin.cluster.RestReloadSecureSettingsAction
7474:             1             24  org.opensearch.rest.action.admin.cluster.RestRemoteClusterInfoAction
7475:             1             24  org.opensearch.rest.action.admin.cluster.RestRemoteStoreStatsAction
7476:             1             24  org.opensearch.rest.action.admin.cluster.RestRestoreRemoteStoreAction
7477:             1             24  org.opensearch.rest.action.admin.cluster.RestRestoreSnapshotAction
7478:             1             24  org.opensearch.rest.action.admin.cluster.RestSnapshotsStatusAction
7479:             1             24  org.opensearch.rest.action.admin.cluster.RestVerifyRepositoryAction
7480:             1             24  org.opensearch.rest.action.admin.cluster.dangling.RestDeleteDanglingIndexAction
7481:             1             24  org.opensearch.rest.action.admin.cluster.dangling.RestImportDanglingIndexAction
7482:             1             24  org.opensearch.rest.action.admin.cluster.dangling.RestListDanglingIndicesAction
7483:             1             24  org.opensearch.rest.action.admin.indices.RestAddIndexBlockAction
7484:             1             24  org.opensearch.rest.action.admin.indices.RestAnalyzeAction
7485:             1             24  org.opensearch.rest.action.admin.indices.RestClearIndicesCacheAction
7486:             1             24  org.opensearch.rest.action.admin.indices.RestCloseIndexAction
7487:             1             24  org.opensearch.rest.action.admin.indices.RestCreateDataStreamAction
7488:             1             24  org.opensearch.rest.action.admin.indices.RestDataStreamsStatsAction
7489:             1             24  org.opensearch.rest.action.admin.indices.RestDeleteComponentTemplateAction
7490:             1             24  org.opensearch.rest.action.admin.indices.RestDeleteComposableIndexTemplateAction
7491:             1             24  org.opensearch.rest.action.admin.indices.RestDeleteDataStreamAction
7492:             1             24  org.opensearch.rest.action.admin.indices.RestDeleteIndexAction
7493:             1             24  org.opensearch.rest.action.admin.indices.RestDeleteIndexTemplateAction
7494:             1             24  org.opensearch.rest.action.admin.indices.RestFlushAction
7495:             1             24  org.opensearch.rest.action.admin.indices.RestForceMergeAction
7496:             1             24  org.opensearch.rest.action.admin.indices.RestGetComponentTemplateAction
7497:             1             24  org.opensearch.rest.action.admin.indices.RestGetComposableIndexTemplateAction
7498:             1             24  org.opensearch.rest.action.admin.indices.RestGetDataStreamsAction
7499:             1             24  org.opensearch.rest.action.admin.indices.RestGetFieldMappingAction
7500:             1             24  org.opensearch.rest.action.admin.indices.RestGetIndexTemplateAction
7501:             1             24  org.opensearch.rest.action.admin.indices.RestGetMappingAction
7502:             1             24  org.opensearch.rest.action.admin.indices.RestGetSettingsAction
7503:             1             24  org.opensearch.rest.action.admin.indices.RestIndexDeleteAliasesAction
7504:             1             24  org.opensearch.rest.action.admin.indices.RestIndicesAliasesAction
7505:             1             24  org.opensearch.rest.action.admin.indices.RestIndicesSegmentsAction
7506:             1             24  org.opensearch.rest.action.admin.indices.RestIndicesShardStoresAction
7507:             1             24  org.opensearch.rest.action.admin.indices.RestIndicesStatsAction
7508:             1             24  org.opensearch.rest.action.admin.indices.RestOpenIndexAction
7509:             1             24  org.opensearch.rest.action.admin.indices.RestPutComponentTemplateAction
7510:             1             24  org.opensearch.rest.action.admin.indices.RestPutComposableIndexTemplateAction
7511:             1             24  org.opensearch.rest.action.admin.indices.RestPutIndexTemplateAction
7512:             1             24  org.opensearch.rest.action.admin.indices.RestPutMappingAction
7513:             1             24  org.opensearch.rest.action.admin.indices.RestRecoveryAction
7514:             1             24  org.opensearch.rest.action.admin.indices.RestResizeHandler$RestCloneIndexAction
7515:             1             24  org.opensearch.rest.action.admin.indices.RestResizeHandler$RestShrinkIndexAction
7516:             1             24  org.opensearch.rest.action.admin.indices.RestResizeHandler$RestSplitIndexAction
7517:             1             24  org.opensearch.rest.action.admin.indices.RestResolveIndexAction
7518:             1             24  org.opensearch.rest.action.admin.indices.RestRolloverIndexAction
7519:             1             24  org.opensearch.rest.action.admin.indices.RestSimulateIndexTemplateAction
7520:             1             24  org.opensearch.rest.action.admin.indices.RestSimulateTemplateAction
7521:             1             24  org.opensearch.rest.action.admin.indices.RestSyncedFlushAction
7522:             1             24  org.opensearch.rest.action.admin.indices.RestUpgradeAction
7523:             1             24  org.opensearch.rest.action.admin.indices.RestUpgradeStatusAction
7524:             1             24  org.opensearch.rest.action.admin.indices.RestValidateQueryAction
7525:             1             24  org.opensearch.rest.action.cat.RestAliasAction
7526:             1             24  org.opensearch.rest.action.cat.RestAllocationAction
7527:             1             24  org.opensearch.rest.action.cat.RestCatAction
7528:             1             24  org.opensearch.rest.action.cat.RestCatRecoveryAction
7529:             1             24  org.opensearch.rest.action.cat.RestCatSegmentReplicationAction
7530:             1             24  org.opensearch.rest.action.cat.RestClusterManagerAction
7531:             1             24  org.opensearch.rest.action.cat.RestCountAction
7532:             1             24  org.opensearch.rest.action.cat.RestFielddataAction
7533:             1             24  org.opensearch.rest.action.cat.RestHealthAction
7534:             1             24  org.opensearch.rest.action.cat.RestIndicesAction
7535:             1             24  org.opensearch.rest.action.cat.RestNodeAttrsAction
7536:             1             24  org.opensearch.rest.action.cat.RestNodesAction
7537:             1             24  org.opensearch.rest.action.cat.RestPendingClusterTasksAction
7538:             1             24  org.opensearch.rest.action.cat.RestPitSegmentsAction
7539:             1             24  org.opensearch.rest.action.cat.RestPluginsAction
7540:             1             24  org.opensearch.rest.action.cat.RestRepositoriesAction
7541:             1             24  org.opensearch.rest.action.cat.RestSegmentsAction
7542:             1             24  org.opensearch.rest.action.cat.RestShardsAction
7543:             1             24  org.opensearch.rest.action.cat.RestSnapshotAction
7544:             1             24  org.opensearch.rest.action.cat.RestTasksAction
7545:             1             24  org.opensearch.rest.action.cat.RestTemplatesAction
7546:             1             24  org.opensearch.rest.action.cat.RestThreadPoolAction
7547:             1             24  org.opensearch.rest.action.document.RestGetSourceAction
7548:             1             24  org.opensearch.rest.action.document.RestMultiTermVectorsAction
7549:             1             24  org.opensearch.rest.action.document.RestTermVectorsAction
7550:             1             24  org.opensearch.rest.action.ingest.RestDeletePipelineAction
7551:             1             24  org.opensearch.rest.action.ingest.RestGetPipelineAction
7552:             1             24  org.opensearch.rest.action.ingest.RestPutPipelineAction
7553:             1             24  org.opensearch.rest.action.ingest.RestSimulatePipelineAction
7554:             1             24  org.opensearch.rest.action.search.RestCountAction
7555:             1             24  org.opensearch.rest.action.search.RestCreatePitAction
7556:             1             24  org.opensearch.rest.action.search.RestDeletePitAction
7557:             1             24  org.opensearch.rest.action.search.RestDeleteSearchPipelineAction
7558:             1             24  org.opensearch.rest.action.search.RestExplainAction
7559:             1             24  org.opensearch.rest.action.search.RestGetAllPitsAction
7560:             1             24  org.opensearch.rest.action.search.RestGetSearchPipelineAction
7561:             1             24  org.opensearch.rest.action.search.RestMultiSearchAction
7562:             1             24  org.opensearch.rest.action.search.RestPutSearchPipelineAction
7563:             1             24  org.opensearch.script.ScriptService$CacheHolder
7564:             1             24  org.opensearch.script.mustache.MultiSearchTemplateAction
7565:             1             24  org.opensearch.script.mustache.RenderSearchTemplateAction
7566:             1             24  org.opensearch.script.mustache.RestMultiSearchTemplateAction
7567:             1             24  org.opensearch.script.mustache.RestRenderSearchTemplateAction
7568:             1             24  org.opensearch.script.mustache.RestSearchTemplateAction
7569:             1             24  org.opensearch.script.mustache.SearchTemplateAction
7570:             1             24  org.opensearch.search.MultiValueMode$1
7571:             1             24  org.opensearch.search.MultiValueMode$2
7572:             1             24  org.opensearch.search.MultiValueMode$3
7573:             1             24  org.opensearch.search.MultiValueMode$4
7574:             1             24  org.opensearch.search.MultiValueMode$5
7575:             1             24  org.opensearch.search.SearchSortValues
7576:             1             24  org.opensearch.search.aggregations.MultiBucketConsumerService
7577:             1             24  org.opensearch.search.aggregations.matrix.stats.MatrixStatsParser
7578:             1             24  org.opensearch.search.aggregations.support.AggregationUsageService
7579:             1             24  org.opensearch.search.aggregations.support.CoreValuesSourceType$1
7580:             1             24  org.opensearch.search.aggregations.support.CoreValuesSourceType$2
7581:             1             24  org.opensearch.search.aggregations.support.CoreValuesSourceType$3
7582:             1             24  org.opensearch.search.aggregations.support.CoreValuesSourceType$4
7583:             1             24  org.opensearch.search.aggregations.support.CoreValuesSourceType$5
7584:             1             24  org.opensearch.search.aggregations.support.CoreValuesSourceType$6
7585:             1             24  org.opensearch.search.aggregations.support.CoreValuesSourceType$7
7586:             1             24  org.opensearch.search.aggregations.support.CoreValuesSourceType$8
7587:             1             24  org.opensearch.search.aggregations.support.MultiValuesSourceParseHelper$$Lambda/0x00007fcd287aada0
7588:             1             24  org.opensearch.search.aggregations.support.ValuesSourceRegistry
7589:             1             24  org.opensearch.search.asynchronous.action.AsynchronousSearchStatsAction
7590:             1             24  org.opensearch.search.asynchronous.action.DeleteAsynchronousSearchAction
7591:             1             24  org.opensearch.search.asynchronous.action.GetAsynchronousSearchAction
7592:             1             24  org.opensearch.search.asynchronous.action.SubmitAsynchronousSearchAction
7593:             1             24  org.opensearch.search.asynchronous.context.active.AsynchronousSearchActiveStore
7594:             1             24  org.opensearch.search.asynchronous.plugin.AsynchronousSearchPlugin
7595:             1             24  org.opensearch.search.asynchronous.rest.RestAsynchronousSearchStatsAction
7596:             1             24  org.opensearch.search.asynchronous.rest.RestDeleteAsynchronousSearchAction
7597:             1             24  org.opensearch.search.asynchronous.rest.RestGetAsynchronousSearchAction
7598:             1             24  org.opensearch.search.asynchronous.rest.RestSubmitAsynchronousSearchAction
7599:             1             24  org.opensearch.search.asynchronous.service.AsynchronousSearchPersistenceService
7600:             1             24  org.opensearch.search.query.ConcurrentQueryPhaseSearcher
7601:             1             24  org.opensearch.search.query.QueryPhase
7602:             1             24  org.opensearch.search.sort.SortOrder$1
7603:             1             24  org.opensearch.search.sort.SortOrder$2
7604:             1             24  org.opensearch.searchpipelines.questionanswering.generative.GenerativeQAResponseProcessor$Factory
7605:             1             24  org.opensearch.secure_sm.SecureSM
7606:             1             24  org.opensearch.security.OpenSearchSecurityPlugin$6$2
7607:             1             24  org.opensearch.security.action.configupdate.ConfigUpdateAction
7608:             1             24  org.opensearch.security.action.onbehalf.CreateOnBehalfOfTokenAction
7609:             1             24  org.opensearch.security.action.whoami.WhoAmIAction
7610:             1             24  org.opensearch.security.auditlog.config.AuditConfig
7611:             1             24  org.opensearch.security.auditlog.config.ThreadPoolConfig
7612:             1             24  org.opensearch.security.auditlog.routing.AsyncStoragePool
7613:             1             24  org.opensearch.security.auth.RolesInjector
7614:             1             24  org.opensearch.security.auth.internal.InternalAuthenticationBackend
7615:             1             24  org.opensearch.security.dlic.rest.api.ssl.CertificatesActionType
7616:             1             24  org.opensearch.security.rest.SecurityHealthAction
7617:             1             24  org.opensearch.security.securityconf.ConfigModelV7$1
7618:             1             24  org.opensearch.security.securityconf.ConfigModelV7$SecurityRoles
7619:             1             24  org.opensearch.security.securityconf.ConfigModelV7$TenantHolder
7620:             1             24  org.opensearch.security.securityconf.DynamicConfigFactory$InternalUsersModelV7
7621:             1             24  org.opensearch.security.securityconf.impl.AllowlistingSettings
7622:             1             24  org.opensearch.security.securityconf.impl.v7.RoleV7$Tenant
7623:             1             24  org.opensearch.security.securityconf.impl.v7.TenantV7
7624:             1             24  org.opensearch.security.setting.TransportPassiveAuthSetting
7625:             1             24  org.opensearch.security.support.SecurityIndexHandler
7626:             1             24  org.opensearch.security.support.StreamableRegistry
7627:             1             24  org.opensearch.security.support.StreamableRegistry$Entry
7628:             1             24  org.opensearch.securityanalytics.action.AckAlertsAction
7629:             1             24  org.opensearch.securityanalytics.action.AckCorrelationAlertsAction
7630:             1             24  org.opensearch.securityanalytics.action.CorrelatedFindingAction
7631:             1             24  org.opensearch.securityanalytics.action.CreateIndexMappingsAction
7632:             1             24  org.opensearch.securityanalytics.action.DeleteCorrelationRuleAction
7633:             1             24  org.opensearch.securityanalytics.action.DeleteCustomLogTypeAction
7634:             1             24  org.opensearch.securityanalytics.action.DeleteDetectorAction
7635:             1             24  org.opensearch.securityanalytics.action.DeleteRuleAction
7636:             1             24  org.opensearch.securityanalytics.action.GetAlertsAction
7637:             1             24  org.opensearch.securityanalytics.action.GetAllRuleCategoriesAction
7638:             1             24  org.opensearch.securityanalytics.action.GetCorrelationAlertsAction
7639:             1             24  org.opensearch.securityanalytics.action.GetDetectorAction
7640:             1             24  org.opensearch.securityanalytics.action.GetFindingsAction
7641:             1             24  org.opensearch.securityanalytics.action.GetIndexMappingsAction
7642:             1             24  org.opensearch.securityanalytics.action.GetMappingsViewAction
7643:             1             24  org.opensearch.securityanalytics.action.IndexCorrelationRuleAction
7644:             1             24  org.opensearch.securityanalytics.action.IndexCustomLogTypeAction
7645:             1             24  org.opensearch.securityanalytics.action.IndexDetectorAction
7646:             1             24  org.opensearch.securityanalytics.action.IndexRuleAction
7647:             1             24  org.opensearch.securityanalytics.action.ListCorrelationsAction
7648:             1             24  org.opensearch.securityanalytics.action.SearchCorrelationRuleAction
7649:             1             24  org.opensearch.securityanalytics.action.SearchCustomLogTypeAction
7650:             1             24  org.opensearch.securityanalytics.action.SearchDetectorAction
7651:             1             24  org.opensearch.securityanalytics.action.SearchRuleAction
7652:             1             24  org.opensearch.securityanalytics.action.UpdateIndexMappingsAction
7653:             1             24  org.opensearch.securityanalytics.action.ValidateRulesAction
7654:             1             24  org.opensearch.securityanalytics.correlation.alert.CorrelationAlertService
7655:             1             24  org.opensearch.securityanalytics.correlation.index.codec.correlation950.CorrelationCodec950
7656:             1             24  org.opensearch.securityanalytics.correlation.index.codec.correlation990.CorrelationCodec990
7657:             1             24  org.opensearch.securityanalytics.resthandler.RestAcknowledgeAlertsAction
7658:             1             24  org.opensearch.securityanalytics.resthandler.RestAcknowledgeCorrelationAlertsAction
7659:             1             24  org.opensearch.securityanalytics.resthandler.RestCreateIndexMappingsAction
7660:             1             24  org.opensearch.securityanalytics.resthandler.RestDeleteCorrelationRuleAction
7661:             1             24  org.opensearch.securityanalytics.resthandler.RestDeleteCustomLogTypeAction
7662:             1             24  org.opensearch.securityanalytics.resthandler.RestDeleteDetectorAction
7663:             1             24  org.opensearch.securityanalytics.resthandler.RestDeleteRuleAction
7664:             1             24  org.opensearch.securityanalytics.resthandler.RestGetAlertsAction
7665:             1             24  org.opensearch.securityanalytics.resthandler.RestGetAllRuleCategoriesAction
7666:             1             24  org.opensearch.securityanalytics.resthandler.RestGetCorrelationsAlertsAction
7667:             1             24  org.opensearch.securityanalytics.resthandler.RestGetDetectorAction
7668:             1             24  org.opensearch.securityanalytics.resthandler.RestGetFindingsAction
7669:             1             24  org.opensearch.securityanalytics.resthandler.RestGetIndexMappingsAction
7670:             1             24  org.opensearch.securityanalytics.resthandler.RestGetMappingsViewAction
7671:             1             24  org.opensearch.securityanalytics.resthandler.RestIndexCorrelationRuleAction
7672:             1             24  org.opensearch.securityanalytics.resthandler.RestIndexCustomLogTypeAction
7673:             1             24  org.opensearch.securityanalytics.resthandler.RestIndexDetectorAction
7674:             1             24  org.opensearch.securityanalytics.resthandler.RestIndexRuleAction
7675:             1             24  org.opensearch.securityanalytics.resthandler.RestListCorrelationAction
7676:             1             24  org.opensearch.securityanalytics.resthandler.RestSearchCorrelationAction
7677:             1             24  org.opensearch.securityanalytics.resthandler.RestSearchCorrelationRuleAction
7678:             1             24  org.opensearch.securityanalytics.resthandler.RestSearchCustomLogTypeAction
7679:             1             24  org.opensearch.securityanalytics.resthandler.RestSearchDetectorAction
7680:             1             24  org.opensearch.securityanalytics.resthandler.RestSearchRuleAction
7681:             1             24  org.opensearch.securityanalytics.resthandler.RestUpdateIndexMappingsAction
7682:             1             24  org.opensearch.securityanalytics.resthandler.RestValidateRulesAction
7683:             1             24  org.opensearch.securityanalytics.threatIntel.DetectorThreatIntelService
7684:             1             24  org.opensearch.securityanalytics.threatIntel.action.PutTIFJobAction
7685:             1             24  org.opensearch.securityanalytics.threatIntel.common.TIFLockService
7686:             1             24  org.opensearch.securityanalytics.threatIntel.jobscheduler.TIFJobParameterService
7687:             1             24  org.opensearch.securityanalytics.util.CorrelationIndices
7688:             1             24  org.opensearch.securityanalytics.util.CorrelationRuleIndices
7689:             1             24  org.opensearch.securityanalytics.util.CustomLogTypeIndices
7690:             1             24  org.opensearch.securityanalytics.util.DetectorIndices
7691:             1             24  org.opensearch.securityanalytics.util.RuleTopicIndices
7692:             1             24  org.opensearch.securityanalytics.util.RuleValidator
7693:             1             24  org.opensearch.snapshots.SnapshotsService$OngoingRepositoryOperations
7694:             1             24  org.opensearch.sql.datasources.rest.RestDataSourceQueryAction
7695:             1             24  org.opensearch.sql.datasources.service.DataSourceLoaderCacheImpl
7696:             1             24  org.opensearch.sql.datasources.service.DataSourceServiceImpl
7697:             1             24  org.opensearch.sql.datasources.storage.OpenSearchDataSourceMetadataStorage
7698:             1             24  org.opensearch.sql.legacy.plugin.RestSQLQueryAction
7699:             1             24  org.opensearch.sql.legacy.plugin.RestSqlStatsAction
7700:             1             24  org.opensearch.sql.opensearch.storage.OpenSearchDataSourceFactory
7701:             1             24  org.opensearch.sql.plugin.rest.RestPPLQueryAction
7702:             1             24  org.opensearch.sql.plugin.rest.RestPPLStatsAction
7703:             1             24  org.opensearch.sql.plugin.rest.RestQuerySettingsAction
7704:             1             24  org.opensearch.sql.plugin.transport.TransportPPLQueryAction$$Lambda/0x00007fcd28ea4fc8
7705:             1             24  org.opensearch.sql.spark.asyncquery.AsyncQueryExecutorServiceImpl
7706:             1             24  org.opensearch.sql.spark.execution.statestore.StateStore
7707:             1             24  org.opensearch.sql.spark.execution.statestore.StateStore$$Lambda/0x00007fcd28bb9cd8
7708:             1             24  org.opensearch.sql.spark.execution.statestore.StateStore$$Lambda/0x00007fcd28bb9ef8
7709:             1             24  org.opensearch.sql.spark.rest.RestAsyncQueryManagementAction
7710:             1             24  org.opensearch.sql.spark.storage.SparkStorageFactory
7711:             1             24  org.opensearch.systemd.SystemdPlugin
7712:             1             24  org.opensearch.tasks.CancellableTask$CancelledInfo
7713:             1             24  org.opensearch.tasks.TaskCancellationService
7714:             1             24  org.opensearch.tasks.TaskResultsService
7715:             1             24  org.opensearch.timeseries.MaintenanceState$$Lambda/0x00007fcd29318ae0
7716:             1             24  org.opensearch.timeseries.breaker.CircuitBreakerService
7717:             1             24  org.opensearch.timeseries.breaker.MemoryCircuitBreaker
7718:             1             24  org.opensearch.timeseries.cluster.ClusterEventListener
7719:             1             24  org.opensearch.timeseries.settings.TimeSeriesEnabledSetting
7720:             1             24  org.opensearch.timeseries.transport.CronNodeRequest
7721:             1             24  org.opensearch.timeseries.transport.CronNodeResponse
7722:             1             24  org.opensearch.timeseries.util.DiscoveryNodeFilterer
7723:             1             24  org.opensearch.timeseries.util.IndexUtils
7724:             1             24  org.opensearch.transport.ClusterConnectionManager$1
7725:             1             24  org.opensearch.transport.OutboundHandler
7726:             1             24  org.opensearch.transport.SharedGroupFactory$RefCountedGroup
7727:             1             24  org.opensearch.transport.StatsTracker
7728:             1             24  org.opensearch.transport.TcpTransport$$Lambda/0x00007fcd28cb1398
7729:             1             24  org.opensearch.transport.Transport$ResponseHandlers
7730:             1             24  org.opensearch.transport.TransportService$HandshakeRequest
7731:             1             24  org.opensearch.transport.netty4.Netty4TcpServerChannel
7732:             1             24  org.opensearch.transport.netty4.Netty4Transport$ServerChannelExceptionHandler
7733:             1             24  org.reflections.vfs.Vfs$DefaultUrlTypes$1
7734:             1             24  org.reflections.vfs.Vfs$DefaultUrlTypes$2
7735:             1             24  org.reflections.vfs.Vfs$DefaultUrlTypes$3
7736:             1             24  org.reflections.vfs.Vfs$DefaultUrlTypes$4
7737:             1             24  org.reflections.vfs.Vfs$DefaultUrlTypes$5
7738:             1             24  org.reflections.vfs.Vfs$DefaultUrlTypes$6
7739:             1             24  org.reflections.vfs.Vfs$DefaultUrlTypes$7
7740:             1             24  org.slf4j.helpers.FormattingTuple
7741:             1             24  org.slf4j.helpers.SubstituteLoggerFactory
7742:             1             24  org.slf4j.helpers.SubstituteLoggerFactory
7743:             1             24  org.slf4j.helpers.SubstituteLoggerFactory
7744:             1             24  org.yaml.snakeyaml.external.com.google.gdata.util.common.base.PercentEscaper
7745:             1             24  sun.management.CompilationImpl (java.management@21.0.3)
7746:             1             24  sun.management.ManagementFactoryHelper$LoggingMXBeanAccess (java.management@21.0.3)
7747:             1             24  sun.management.ManagementFactoryHelper$PlatformLoggingImpl (java.management@21.0.3)
7748:             1             24  sun.management.MemoryImpl (java.management@21.0.3)
7749:             1             24  sun.management.RuntimeImpl (java.management@21.0.3)
7750:             1             24  sun.management.VMManagementImpl (java.management@21.0.3)
7751:             1             24  sun.net.sdp.SdpProvider (java.base@21.0.3)
7752:             1             24  sun.net.www.protocol.http.Handler (java.base@21.0.3)
7753:             1             24  sun.nio.cs.ISO_8859_1 (java.base@21.0.3)
7754:             1             24  sun.nio.cs.StandardCharsets (java.base@21.0.3)
7755:             1             24  sun.nio.cs.ThreadLocalCoders$1 (java.base@21.0.3)
7756:             1             24  sun.nio.cs.ThreadLocalCoders$2 (java.base@21.0.3)
7757:             1             24  sun.nio.cs.US_ASCII (java.base@21.0.3)
7758:             1             24  sun.nio.cs.UTF_16 (java.base@21.0.3)
7759:             1             24  sun.nio.cs.UTF_16BE (java.base@21.0.3)
7760:             1             24  sun.nio.cs.UTF_16LE (java.base@21.0.3)
7761:             1             24  sun.nio.cs.UTF_8 (java.base@21.0.3)
7762:             1             24  sun.security.util.LegacyAlgorithmConstraints (java.base@21.0.3)
7763:             1             24  sun.security.validator.CADistrustPolicy$1 (java.base@21.0.3)
7764:             1             24  sun.util.calendar.LocalGregorianCalendar (java.base@21.0.3)
7765:             1             24  sun.util.locale.BaseLocale$Cache (java.base@21.0.3)
7766:             1             24  sun.util.locale.provider.BreakIteratorProviderImpl (java.base@21.0.3)
7767:             1             24  sun.util.locale.provider.CalendarDataProviderImpl (java.base@21.0.3)
7768:             1             24  sun.util.locale.provider.CalendarProviderImpl (java.base@21.0.3)
7769:             1             24  sun.util.locale.provider.DateFormatSymbolsProviderImpl (java.base@21.0.3)
7770:             1             24  sun.util.locale.provider.DecimalFormatSymbolsProviderImpl (java.base@21.0.3)
7771:             1             24  sun.util.locale.provider.LocaleServiceProviderPool (java.base@21.0.3)
7772:             1             24  sun.util.locale.provider.NumberFormatProviderImpl (java.base@21.0.3)
7773:             1             16  [Lcom.fasterxml.jackson.databind.AbstractTypeResolver;
7774:             1             16  [Lcom.fasterxml.jackson.databind.AbstractTypeResolver;
7775:             1             16  [Lcom.fasterxml.jackson.databind.AbstractTypeResolver;
7776:             1             16  [Lcom.fasterxml.jackson.databind.deser.BeanDeserializerModifier;
7777:             1             16  [Lcom.fasterxml.jackson.databind.deser.BeanDeserializerModifier;
7778:             1             16  [Lcom.fasterxml.jackson.databind.deser.BeanDeserializerModifier;
7779:             1             16  [Lcom.fasterxml.jackson.databind.deser.ValueInstantiators;
7780:             1             16  [Lcom.fasterxml.jackson.databind.deser.ValueInstantiators;
7781:             1             16  [Lcom.fasterxml.jackson.databind.deser.ValueInstantiators;
7782:             1             16  [Lcom.fasterxml.jackson.databind.ser.BeanSerializerModifier;
7783:             1             16  [Lcom.fasterxml.jackson.databind.ser.BeanSerializerModifier;
7784:             1             16  [Lcom.fasterxml.jackson.databind.ser.BeanSerializerModifier;
7785:             1             16  [Lcom.fasterxml.jackson.databind.ser.Serializers;
7786:             1             16  [Lcom.fasterxml.jackson.databind.ser.Serializers;
7787:             1             16  [Lcom.fasterxml.jackson.databind.ser.Serializers;
7788:             1             16  [Lcom.fasterxml.jackson.databind.util.ClassUtil$Ctor;
7789:             1             16  [Lcom.fasterxml.jackson.databind.util.ClassUtil$Ctor;
7790:             1             16  [Lcom.fasterxml.jackson.databind.util.ClassUtil$Ctor;
7791:             1             16  [Lio.netty.util.AsciiString;
7792:             1             16  [Ljava.lang.ClassLoader; (java.base@21.0.3)
7793:             1             16  [Ljava.lang.management.LockInfo; (java.management@21.0.3)
7794:             1             16  [Ljava.lang.management.MonitorInfo; (java.management@21.0.3)
7795:             1             16  [Ljava.security.Provider; (java.base@21.0.3)
7796:             1             16  [Ljava.text.FieldPosition; (java.base@21.0.3)
7797:             1             16  [Ljava.util.logging.Handler; (java.logging@21.0.3)
7798:             1             16  [Ljavax.security.cert.X509Certificate; (java.base@21.0.3)
7799:             1             16  [Ljoptsimple.util.PathProperties;
7800:             1             16  [Lkotlin.reflect.KClass;
7801:             1             16  [Lorg.apache.commons.lang3.tuple.ImmutablePair;
7802:             1             16  [Lorg.apache.commons.lang3.tuple.ImmutablePair;
7803:             1             16  [Lorg.apache.commons.lang3.tuple.ImmutablePair;
7804:             1             16  [Lorg.apache.commons.lang3.tuple.Pair$PairAdapter;
7805:             1             16  [Lorg.apache.commons.lang3.tuple.Pair;
7806:             1             16  [Lorg.apache.commons.lang3.tuple.Pair;
7807:             1             16  [Lorg.apache.logging.log4j.Level;
7808:             1             16  [Lorg.apache.logging.log4j.core.Appender;
7809:             1             16  [Lorg.apache.logging.log4j.core.impl.ExtendedStackTraceElement;
7810:             1             16  [Lorg.apache.logging.log4j.core.impl.ThrowableProxy;
7811:             1             16  [Lorg.apache.logging.log4j.spi.LoggerContext;
7812:             1             16  [Lorg.apache.lucene.codecs.PostingsFormat;
7813:             1             16  [Lorg.apache.lucene.index.Fields;
7814:             1             16  [Lorg.apache.lucene.index.ReaderSlice;
7815:             1             16  [Lorg.apache.lucene.index.Term;
7816:             1             16  [Lorg.apache.lucene.index.Terms;
7817:             1             16  [Lorg.apache.lucene.index.TermsEnumIndex;
7818:             1             16  [Lorg.apache.lucene.search.TermStatistics;
7819:             1             16  [Lorg.bouncycastle.asn1.ASN1Encodable;
7820:             1             16  [Lorg.jcodings.CaseFoldCodeItem;
7821:             1             16  [Lorg.locationtech.jts.geom.LinearRing;
7822:             1             16  [Lorg.opensearch.action.bulk.BulkItemResponse;
7823:             1             16  [Lorg.opensearch.action.search.ShardSearchFailure;
7824:             1             16  [Lorg.opensearch.action.support.replication.ReplicationResponse$ShardInfo$Failure;
7825:             1             16  [Lorg.opensearch.common.lease.Releasables;
7826:             1             16  [Lorg.opensearch.common.recycler.Recyclers;
7827:             1             16  [Lorg.opensearch.common.unit.MemorySizeValue;
7828:             1             16  [Lorg.opensearch.core.common.text.Text;
7829:             1             16  [Lorg.opensearch.core.index.Index;
7830:             1             16  [Lorg.opensearch.index.fielddata.FieldData;
7831:             1             16  [Lorg.opensearch.index.fielddata.ordinals.GlobalOrdinalsBuilder;
7832:             1             16  [[Lorg.locationtech.jts.geom.Coordinate;
7833:             1             16  com.amazon.randomcutforest.parkservices.state.RCFCasterMapper
7834:             1             16  com.amazon.randomcutforest.parkservices.state.ThresholdedRandomCutForestMapper
7835:             1             16  com.amazon.randomcutforest.serialize.json.v1.V1JsonToV3StateConverter
7836:             1             16  com.fasterxml.jackson.annotation.JsonIncludeProperties$Value
7837:             1             16  com.fasterxml.jackson.core.io.JsonStringEncoder
7838:             1             16  com.fasterxml.jackson.core.util.DefaultPrettyPrinter$FixedSpaceIndenter
7839:             1             16  com.fasterxml.jackson.core.util.DefaultPrettyPrinter$NopIndenter
7840:             1             16  com.fasterxml.jackson.core.util.JsonRecyclerPools$ThreadLocalPool
7841:             1             16  com.fasterxml.jackson.databind.InjectableValues$Std
7842:             1             16  com.fasterxml.jackson.databind.deser.BeanDeserializerFactory
7843:             1             16  com.fasterxml.jackson.databind.deser.BeanDeserializerFactory
7844:             1             16  com.fasterxml.jackson.databind.deser.BeanDeserializerFactory
7845:             1             16  com.fasterxml.jackson.databind.deser.impl.JDKValueInstantiators$ArrayListInstantiator
7846:             1             16  com.fasterxml.jackson.databind.deser.impl.JDKValueInstantiators$HashSetInstantiator
7847:             1             16  com.fasterxml.jackson.databind.deser.impl.JDKValueInstantiators$LinkedHashMapInstantiator
7848:             1             16  com.fasterxml.jackson.databind.deser.std.StdKeyDeserializers
7849:             1             16  com.fasterxml.jackson.databind.deser.std.StdKeyDeserializers
7850:             1             16  com.fasterxml.jackson.databind.deser.std.StdKeyDeserializers
7851:             1             16  com.fasterxml.jackson.databind.ext.Java7HandlersImpl
7852:             1             16  com.fasterxml.jackson.databind.ext.Java7SupportImpl
7853:             1             16  com.fasterxml.jackson.databind.ext.Java7SupportImpl
7854:             1             16  com.fasterxml.jackson.databind.ext.Java7SupportImpl
7855:             1             16  com.fasterxml.jackson.databind.introspect.AnnotationCollector$EmptyCollector
7856:             1             16  com.fasterxml.jackson.databind.introspect.AnnotationCollector$NoAnnotations
7857:             1             16  com.fasterxml.jackson.databind.introspect.AnnotationCollector$NoAnnotations
7858:             1             16  com.fasterxml.jackson.databind.introspect.AnnotationCollector$NoAnnotations
7859:             1             16  com.fasterxml.jackson.databind.introspect.BasicClassIntrospector
7860:             1             16  com.fasterxml.jackson.databind.jsontype.impl.LaissezFaireSubTypeValidator
7861:             1             16  com.fasterxml.jackson.databind.jsontype.impl.LaissezFaireSubTypeValidator
7862:             1             16  com.fasterxml.jackson.databind.jsontype.impl.LaissezFaireSubTypeValidator
7863:             1             16  com.fasterxml.jackson.databind.jsontype.impl.StdSubtypeResolver
7864:             1             16  com.fasterxml.jackson.databind.jsontype.impl.SubTypeValidator
7865:             1             16  com.fasterxml.jackson.databind.node.JsonNodeFactory
7866:             1             16  com.fasterxml.jackson.databind.node.JsonNodeFactory
7867:             1             16  com.fasterxml.jackson.databind.node.JsonNodeFactory
7868:             1             16  com.fasterxml.jackson.databind.node.TextNode
7869:             1             16  com.fasterxml.jackson.databind.ser.BeanSerializerFactory
7870:             1             16  com.fasterxml.jackson.databind.ser.BeanSerializerFactory
7871:             1             16  com.fasterxml.jackson.databind.ser.BeanSerializerFactory
7872:             1             16  com.fasterxml.jackson.databind.ser.impl.UnknownSerializer
7873:             1             16  com.fasterxml.jackson.databind.ser.impl.UnknownSerializer
7874:             1             16  com.fasterxml.jackson.databind.ser.impl.UnknownSerializer
7875:             1             16  com.fasterxml.jackson.databind.ser.std.NullSerializer
7876:             1             16  com.fasterxml.jackson.databind.ser.std.NullSerializer
7877:             1             16  com.fasterxml.jackson.databind.ser.std.NullSerializer
7878:             1             16  com.fasterxml.jackson.databind.ser.std.SerializableSerializer
7879:             1             16  com.fasterxml.jackson.databind.ser.std.StdKeySerializer
7880:             1             16  com.fasterxml.jackson.databind.ser.std.StdKeySerializers$StringKeySerializer
7881:             1             16  com.fasterxml.jackson.databind.ser.std.StringSerializer
7882:             1             16  com.fasterxml.jackson.databind.ser.std.StringSerializer
7883:             1             16  com.fasterxml.jackson.databind.ser.std.StringSerializer
7884:             1             16  com.fasterxml.jackson.databind.type.TypeParser
7885:             1             16  com.fasterxml.jackson.databind.type.TypeParser
7886:             1             16  com.fasterxml.jackson.databind.type.TypeParser
7887:             1             16  com.fasterxml.jackson.databind.util.RootNameLookup
7888:             1             16  com.fasterxml.jackson.dataformat.yaml.util.StringQuotingChecker$Default
7889:             1             16  com.google.common.base.Absent
7890:             1             16  com.google.common.base.Equivalence$Equals
7891:             1             16  com.google.common.base.Equivalence$Equals
7892:             1             16  com.google.common.base.Equivalence$Equals
7893:             1             16  com.google.common.base.Equivalence$Equals
7894:             1             16  com.google.common.base.Platform$JdkPatternCompiler
7895:             1             16  com.google.common.base.Suppliers$SupplierOfInstance
7896:             1             16  com.google.common.base.Suppliers$SupplierOfInstance
7897:             1             16  com.google.common.base.Suppliers$SupplierOfInstance
7898:             1             16  com.google.common.base.Suppliers$SupplierOfInstance
7899:             1             16  com.google.common.base.Ticker$1
7900:             1             16  com.google.common.base.Ticker$1
7901:             1             16  com.google.common.base.Ticker$1
7902:             1             16  com.google.common.base.Ticker$1
7903:             1             16  com.google.common.cache.CacheBuilder$$Lambda/0x00007fcd28b0c3b8
7904:             1             16  com.google.common.cache.CacheBuilder$1
7905:             1             16  com.google.common.cache.CacheBuilder$1
7906:             1             16  com.google.common.cache.CacheBuilder$1
7907:             1             16  com.google.common.cache.CacheBuilder$1
7908:             1             16  com.google.common.cache.CacheBuilder$2
7909:             1             16  com.google.common.cache.CacheBuilder$2
7910:             1             16  com.google.common.cache.CacheBuilder$2
7911:             1             16  com.google.common.cache.CacheBuilder$2
7912:             1             16  com.google.common.cache.CacheBuilder$3
7913:             1             16  com.google.common.cache.CacheBuilder$3
7914:             1             16  com.google.common.cache.CacheBuilder$3
7915:             1             16  com.google.common.cache.LocalCache$1
7916:             1             16  com.google.common.cache.LocalCache$1
7917:             1             16  com.google.common.cache.LocalCache$1
7918:             1             16  com.google.common.cache.LocalCache$1
7919:             1             16  com.google.common.cache.LocalCache$2
7920:             1             16  com.google.common.cache.LocalCache$2
7921:             1             16  com.google.common.cache.LocalCache$2
7922:             1             16  com.google.common.cache.LocalCache$2
7923:             1             16  com.google.common.cache.LocalCache$AccessQueue
7924:             1             16  com.google.common.cache.LocalCache$LocalManualCache
7925:             1             16  com.google.common.cache.LocalCache$LocalManualCache
7926:             1             16  com.google.common.cache.LongAddables$2
7927:             1             16  com.google.common.collect.CollectCollectors$$Lambda/0x00007fcd28930000
7928:             1             16  com.google.common.collect.CollectCollectors$$Lambda/0x00007fcd28930218
7929:             1             16  com.google.common.collect.CollectCollectors$$Lambda/0x00007fcd28930440
7930:             1             16  com.google.common.collect.CollectCollectors$$Lambda/0x00007fcd28930680
7931:             1             16  com.google.common.collect.CollectCollectors$$Lambda/0x00007fcd28930b28
7932:             1             16  com.google.common.collect.CollectCollectors$$Lambda/0x00007fcd28930d40
7933:             1             16  com.google.common.collect.CollectCollectors$$Lambda/0x00007fcd28930f68
7934:             1             16  com.google.common.collect.CollectCollectors$$Lambda/0x00007fcd289311a8
7935:             1             16  com.google.common.collect.CollectCollectors$$Lambda/0x00007fcd28934d08
7936:             1             16  com.google.common.collect.CollectCollectors$$Lambda/0x00007fcd289353a0
7937:             1             16  com.google.common.collect.CollectCollectors$$Lambda/0x00007fcd289355c8
7938:             1             16  com.google.common.collect.CollectCollectors$$Lambda/0x00007fcd28935808
7939:             1             16  com.google.common.collect.CollectCollectors$$Lambda/0x00007fcd28935a40
7940:             1             16  com.google.common.collect.CollectCollectors$$Lambda/0x00007fcd28935e88
7941:             1             16  com.google.common.collect.CollectCollectors$$Lambda/0x00007fcd289360c8
7942:             1             16  com.google.common.collect.CollectCollectors$$Lambda/0x00007fcd292617a0
7943:             1             16  com.google.common.collect.CollectCollectors$$Lambda/0x00007fcd29261be8
7944:             1             16  com.google.common.collect.CollectCollectors$$Lambda/0x00007fcd29261e28
7945:             1             16  com.google.common.collect.CollectCollectors$$Lambda/0x00007fcd29262060
7946:             1             16  com.google.common.collect.MultimapBuilder$HashSetSupplier
7947:             1             16  com.google.common.collect.Tables$1
7948:             1             16  com.google.common.io.ByteStreams$1
7949:             1             16  com.google.common.io.Closer$SuppressingSuppressor
7950:             1             16  com.google.gson.Gson$4
7951:             1             16  com.google.gson.Gson$5
7952:             1             16  com.google.gson.JsonParser
7953:             1             16  com.google.gson.internal.bind.ArrayTypeAdapter$1
7954:             1             16  com.google.gson.internal.bind.CollectionTypeAdapterFactory
7955:             1             16  com.google.gson.internal.bind.DateTypeAdapter$1
7956:             1             16  com.google.gson.internal.bind.DefaultDateTypeAdapter$DateType$1
7957:             1             16  com.google.gson.internal.bind.JsonAdapterAnnotationTypeAdapterFactory
7958:             1             16  com.google.gson.internal.bind.NumberTypeAdapter
7959:             1             16  com.google.gson.internal.bind.NumberTypeAdapter$1
7960:             1             16  com.google.gson.internal.bind.ObjectTypeAdapter$1
7961:             1             16  com.google.gson.internal.bind.TypeAdapters$1
7962:             1             16  com.google.gson.internal.bind.TypeAdapters$10
7963:             1             16  com.google.gson.internal.bind.TypeAdapters$11
7964:             1             16  com.google.gson.internal.bind.TypeAdapters$12
7965:             1             16  com.google.gson.internal.bind.TypeAdapters$13
7966:             1             16  com.google.gson.internal.bind.TypeAdapters$14
7967:             1             16  com.google.gson.internal.bind.TypeAdapters$15
7968:             1             16  com.google.gson.internal.bind.TypeAdapters$16
7969:             1             16  com.google.gson.internal.bind.TypeAdapters$17
7970:             1             16  com.google.gson.internal.bind.TypeAdapters$18
7971:             1             16  com.google.gson.internal.bind.TypeAdapters$19
7972:             1             16  com.google.gson.internal.bind.TypeAdapters$2
7973:             1             16  com.google.gson.internal.bind.TypeAdapters$20
7974:             1             16  com.google.gson.internal.bind.TypeAdapters$21
7975:             1             16  com.google.gson.internal.bind.TypeAdapters$22
7976:             1             16  com.google.gson.internal.bind.TypeAdapters$23
7977:             1             16  com.google.gson.internal.bind.TypeAdapters$24
7978:             1             16  com.google.gson.internal.bind.TypeAdapters$25
7979:             1             16  com.google.gson.internal.bind.TypeAdapters$26
7980:             1             16  com.google.gson.internal.bind.TypeAdapters$27
7981:             1             16  com.google.gson.internal.bind.TypeAdapters$28
7982:             1             16  com.google.gson.internal.bind.TypeAdapters$3
7983:             1             16  com.google.gson.internal.bind.TypeAdapters$4
7984:             1             16  com.google.gson.internal.bind.TypeAdapters$5
7985:             1             16  com.google.gson.internal.bind.TypeAdapters$6
7986:             1             16  com.google.gson.internal.bind.TypeAdapters$7
7987:             1             16  com.google.gson.internal.bind.TypeAdapters$8
7988:             1             16  com.google.gson.internal.bind.TypeAdapters$9
7989:             1             16  com.google.gson.internal.sql.SqlDateTypeAdapter$1
7990:             1             16  com.google.gson.internal.sql.SqlTimeTypeAdapter$1
7991:             1             16  com.google.gson.internal.sql.SqlTimestampTypeAdapter$1
7992:             1             16  com.google.gson.internal.sql.SqlTypesSupport$1
7993:             1             16  com.google.gson.internal.sql.SqlTypesSupport$2
7994:             1             16  com.sun.jmx.interceptor.DefaultMBeanServerInterceptor$ResourceContext$1 (java.management@21.0.3)
7995:             1             16  com.sun.jmx.mbeanserver.DefaultMXBeanMappingFactory (java.management@21.0.3)
7996:             1             16  com.sun.jmx.mbeanserver.DescriptorCache (java.management@21.0.3)
7997:             1             16  com.sun.jmx.mbeanserver.MBeanAnalyzer$MethodOrder (java.management@21.0.3)
7998:             1             16  com.sun.jmx.mbeanserver.MBeanInstantiator (java.management@21.0.3)
7999:             1             16  com.sun.jmx.mbeanserver.MXBeanIntrospector (java.management@21.0.3)
8000:             1             16  com.sun.jmx.mbeanserver.SecureClassLoaderRepository (java.management@21.0.3)
8001:             1             16  com.sun.jna.JNIEnv
8002:             1             16  com.sun.jna.Native$1
8003:             1             16  com.sun.jna.Native$2
8004:             1             16  com.sun.jna.Native$7
8005:             1             16  com.sun.jna.NativeLibrary$1
8006:             1             16  com.sun.jna.Structure$1
8007:             1             16  com.sun.jna.Structure$2
8008:             1             16  com.sun.jna.VarArgsChecker$RealVarArgsChecker
8009:             1             16  com.sun.management.internal.HotSpotDiagnostic (jdk.management@21.0.3)
8010:             1             16  com.sun.management.internal.PlatformMBeanProviderImpl$$Lambda/0x00007fcd2807be10 (jdk.management@21.0.3)
8011:             1             16  com.sun.management.internal.PlatformMBeanProviderImpl$1 (jdk.management@21.0.3)
8012:             1             16  com.sun.management.internal.PlatformMBeanProviderImpl$3 (jdk.management@21.0.3)
8013:             1             16  com.sun.management.internal.PlatformMBeanProviderImpl$4 (jdk.management@21.0.3)
8014:             1             16  io.github.resilience4j.core.predicate.PredicateCreator$$Lambda/0x00007fcd28b91c50
8015:             1             16  io.github.resilience4j.core.predicate.PredicateCreator$$Lambda/0x00007fcd28b91e88
8016:             1             16  io.github.resilience4j.core.predicate.PredicateCreator$$Lambda/0x00007fcd28b92778
8017:             1             16  io.github.resilience4j.retry.RetryConfig$$Lambda/0x00007fcd28b90ce0
8018:             1             16  io.github.resilience4j.retry.RetryConfig$$Lambda/0x00007fcd28b90f30
8019:             1             16  io.github.resilience4j.retry.internal.RetryImpl$$Lambda/0x00007fcd28b98ec8
8020:             1             16  io.netty.bootstrap.BootstrapConfig
8021:             1             16  io.netty.bootstrap.ChannelInitializerExtensions$EmptyExtensions
8022:             1             16  io.netty.buffer.AbstractReferenceCountedByteBuf$1
8023:             1             16  io.netty.buffer.ByteBufUtil$1
8024:             1             16  io.netty.buffer.ByteBufUtil$2
8025:             1             16  io.netty.buffer.CompositeByteBuf$1
8026:             1             16  io.netty.buffer.CompositeByteBuf$2
8027:             1             16  io.netty.buffer.PoolThreadCache$MemoryRegionCache$1
8028:             1             16  io.netty.buffer.PooledHeapByteBuf$1
8029:             1             16  io.netty.channel.AbstractChannelHandlerContext$WriteTask$1
8030:             1             16  io.netty.channel.ChannelFutureListener$1
8031:             1             16  io.netty.channel.ChannelFutureListener$2
8032:             1             16  io.netty.channel.ChannelFutureListener$3
8033:             1             16  io.netty.channel.ChannelHandlerMask$1
8034:             1             16  io.netty.channel.ChannelOutboundBuffer$1
8035:             1             16  io.netty.channel.ChannelOutboundBuffer$Entry$1
8036:             1             16  io.netty.channel.DefaultChannelPipeline$1
8037:             1             16  io.netty.channel.DefaultMessageSizeEstimator
8038:             1             16  io.netty.channel.DefaultMessageSizeEstimator$HandleImpl
8039:             1             16  io.netty.channel.DefaultSelectStrategy
8040:             1             16  io.netty.channel.DefaultSelectStrategy
8041:             1             16  io.netty.channel.DefaultSelectStrategyFactory
8042:             1             16  io.netty.channel.DefaultSelectStrategyFactory
8043:             1             16  io.netty.handler.codec.ByteToMessageDecoder$1
8044:             1             16  io.netty.handler.codec.ByteToMessageDecoder$2
8045:             1             16  io.netty.handler.codec.CodecOutputList$1
8046:             1             16  io.netty.handler.codec.CodecOutputList$2
8047:             1             16  io.netty.handler.ssl.JdkDefaultApplicationProtocolNegotiator
8048:             1             16  io.netty.handler.ssl.JdkDefaultApplicationProtocolNegotiator$1
8049:             1             16  io.netty.handler.ssl.SslCloseCompletionEvent
8050:             1             16  io.netty.handler.ssl.SslHandshakeCompletionEvent
8051:             1             16  io.netty.util.AbstractReferenceCounted$1
8052:             1             16  io.netty.util.AsciiString$1
8053:             1             16  io.netty.util.AsciiString$2
8054:             1             16  io.netty.util.NettyRuntime$AvailableProcessorsHolder
8055:             1             16  io.netty.util.NettyRuntime$AvailableProcessorsHolder
8056:             1             16  io.netty.util.Recycler$1
8057:             1             16  io.netty.util.concurrent.AbstractScheduledEventExecutor$1
8058:             1             16  io.netty.util.concurrent.AbstractScheduledEventExecutor$1
8059:             1             16  io.netty.util.concurrent.AbstractScheduledEventExecutor$2
8060:             1             16  io.netty.util.concurrent.AbstractScheduledEventExecutor$2
8061:             1             16  io.netty.util.concurrent.DefaultEventExecutorChooserFactory
8062:             1             16  io.netty.util.concurrent.DefaultEventExecutorChooserFactory
8063:             1             16  io.netty.util.concurrent.DefaultPromise$CauseHolder
8064:             1             16  io.netty.util.concurrent.DefaultPromise$CauseHolder
8065:             1             16  io.netty.util.concurrent.FastThreadLocal
8066:             1             16  io.netty.util.concurrent.FastThreadLocal
8067:             1             16  io.netty.util.concurrent.GlobalEventExecutor$1
8068:             1             16  io.netty.util.concurrent.GlobalEventExecutor$1
8069:             1             16  io.netty.util.concurrent.GlobalEventExecutor$TaskRunner
8070:             1             16  io.netty.util.concurrent.GlobalEventExecutor$TaskRunner
8071:             1             16  io.netty.util.concurrent.ImmediateExecutor
8072:             1             16  io.netty.util.concurrent.MultithreadEventExecutorGroup$1
8073:             1             16  io.netty.util.concurrent.RejectedExecutionHandlers$1
8074:             1             16  io.netty.util.concurrent.RejectedExecutionHandlers$1
8075:             1             16  io.netty.util.concurrent.SingleThreadEventExecutor$1
8076:             1             16  io.netty.util.concurrent.SingleThreadEventExecutor$1
8077:             1             16  io.netty.util.concurrent.ThreadPerTaskExecutor
8078:             1             16  io.netty.util.internal.PlatformDependent$1
8079:             1             16  io.netty.util.internal.PlatformDependent$1
8080:             1             16  io.netty.util.internal.PlatformDependent$1
8081:             1             16  io.netty.util.internal.PlatformDependent$2
8082:             1             16  io.netty.util.internal.PlatformDependent$2
8083:             1             16  io.netty.util.internal.PlatformDependent$2
8084:             1             16  io.netty.util.internal.RecyclableArrayList$1
8085:             1             16  io.netty.util.internal.TypeParameterMatcher$1
8086:             1             16  io.netty.util.internal.logging.Log4J2LoggerFactory
8087:             1             16  io.netty.util.internal.logging.Log4J2LoggerFactory
8088:             1             16  io.netty.util.internal.logging.Slf4JLoggerFactory
8089:             1             16  io.netty.util.internal.logging.Slf4JLoggerFactory
8090:             1             16  io.protostuff.runtime.ArraySchemas$1
8091:             1             16  io.protostuff.runtime.IdStrategy$10
8092:             1             16  io.protostuff.runtime.IdStrategy$12
8093:             1             16  io.protostuff.runtime.IdStrategy$14
8094:             1             16  io.protostuff.runtime.IdStrategy$16
8095:             1             16  io.protostuff.runtime.IdStrategy$18
8096:             1             16  io.protostuff.runtime.IdStrategy$20
8097:             1             16  io.protostuff.runtime.IdStrategy$22
8098:             1             16  io.protostuff.runtime.IdStrategy$24
8099:             1             16  io.protostuff.runtime.IdStrategy$8
8100:             1             16  io.protostuff.runtime.ReflectAccessor$1
8101:             1             16  io.protostuff.runtime.RuntimeFieldFactory$1
8102:             1             16  io.protostuff.runtime.RuntimeReflectionFieldFactory$1
8103:             1             16  io.protostuff.runtime.RuntimeReflectionFieldFactory$10
8104:             1             16  io.protostuff.runtime.RuntimeReflectionFieldFactory$11
8105:             1             16  io.protostuff.runtime.RuntimeReflectionFieldFactory$12
8106:             1             16  io.protostuff.runtime.RuntimeReflectionFieldFactory$13
8107:             1             16  io.protostuff.runtime.RuntimeReflectionFieldFactory$14
8108:             1             16  io.protostuff.runtime.RuntimeReflectionFieldFactory$15
8109:             1             16  io.protostuff.runtime.RuntimeReflectionFieldFactory$16
8110:             1             16  io.protostuff.runtime.RuntimeReflectionFieldFactory$17
8111:             1             16  io.protostuff.runtime.RuntimeReflectionFieldFactory$18
8112:             1             16  io.protostuff.runtime.RuntimeReflectionFieldFactory$19
8113:             1             16  io.protostuff.runtime.RuntimeReflectionFieldFactory$2
8114:             1             16  io.protostuff.runtime.RuntimeReflectionFieldFactory$3
8115:             1             16  io.protostuff.runtime.RuntimeReflectionFieldFactory$4
8116:             1             16  io.protostuff.runtime.RuntimeReflectionFieldFactory$5
8117:             1             16  io.protostuff.runtime.RuntimeReflectionFieldFactory$6
8118:             1             16  io.protostuff.runtime.RuntimeReflectionFieldFactory$7
8119:             1             16  io.protostuff.runtime.RuntimeReflectionFieldFactory$8
8120:             1             16  io.protostuff.runtime.RuntimeReflectionFieldFactory$9
8121:             1             16  io.vavr.collection.HashArrayMappedTrieModule$EmptyNode
8122:             1             16  io.vavr.collection.HashMap
8123:             1             16  java.io.Console$$Lambda/0x00007fcd28065c28 (java.base@21.0.3)
8124:             1             16  java.io.Console$$Lambda/0x00007fcd280664e0 (java.base@21.0.3)
8125:             1             16  java.io.Console$$Lambda/0x00007fcd28067868 (java.base@21.0.3)
8126:             1             16  java.io.Console$1 (java.base@21.0.3)
8127:             1             16  java.io.DeleteOnExitHook$1 (java.base@21.0.3)
8128:             1             16  java.io.FileDescriptor$1 (java.base@21.0.3)
8129:             1             16  java.io.FilePermission$1 (java.base@21.0.3)
8130:             1             16  java.io.FilePermissionCollection$$Lambda/0x00007fcd28058f00 (java.base@21.0.3)
8131:             1             16  java.io.ObjectInputFilter$Config$$Lambda/0x00007fcd29177138 (java.base@21.0.3)
8132:             1             16  java.io.ObjectInputFilter$Config$$Lambda/0x00007fcd29177350 (java.base@21.0.3)
8133:             1             16  java.io.ObjectInputFilter$Config$$Lambda/0x00007fcd291779a0 (java.base@21.0.3)
8134:             1             16  java.io.ObjectInputFilter$Config$BuiltinFilterFactory (java.base@21.0.3)
8135:             1             16  java.io.ObjectInputStream$$Lambda/0x00007fcd29175368 (java.base@21.0.3)
8136:             1             16  java.io.ObjectInputStream$$Lambda/0x00007fcd29175778 (java.base@21.0.3)
8137:             1             16  java.io.PrintStream$1 (java.base@21.0.3)
8138:             1             16  java.io.PrintWriter$1 (java.base@21.0.3)
8139:             1             16  java.io.RandomAccessFile$2 (java.base@21.0.3)
8140:             1             16  java.lang.ApplicationShutdownHooks$1 (java.base@21.0.3)
8141:             1             16  java.lang.CharacterData00 (java.base@21.0.3)
8142:             1             16  java.lang.CharacterDataLatin1 (java.base@21.0.3)
8143:             1             16  java.lang.Class$$Lambda/0x00007fcd280e4930 (java.base@21.0.3)
8144:             1             16  java.lang.Class$1 (java.base@21.0.3)
8145:             1             16  java.lang.Module$$Lambda/0x00007fcd28148a28 (java.base@21.0.3)
8146:             1             16  java.lang.ProcessBuilder$NullInputStream (java.base@21.0.3)
8147:             1             16  java.lang.ProcessBuilder$NullOutputStream (java.base@21.0.3)
8148:             1             16  java.lang.ProcessEnvironment$StringKeySet (java.base@21.0.3)
8149:             1             16  java.lang.ProcessHandleImpl$$Lambda/0x00007fcd28165918 (java.base@21.0.3)
8150:             1             16  java.lang.Runtime (java.base@21.0.3)
8151:             1             16  java.lang.Runtime$Version$$Lambda/0x00007fcd280795c0 (java.base@21.0.3)
8152:             1             16  java.lang.SecurityManager$$Lambda/0x00007fcd28046e18 (java.base@21.0.3)
8153:             1             16  java.lang.SecurityManager$$Lambda/0x00007fcd280472a0 (java.base@21.0.3)
8154:             1             16  java.lang.SecurityManager$$Lambda/0x00007fcd280474d8 (java.base@21.0.3)
8155:             1             16  java.lang.SecurityManager$$Lambda/0x00007fcd28047710 (java.base@21.0.3)
8156:             1             16  java.lang.SecurityManager$$Lambda/0x00007fcd28047938 (java.base@21.0.3)
8157:             1             16  java.lang.SecurityManager$$Lambda/0x00007fcd28047b80 (java.base@21.0.3)
8158:             1             16  java.lang.SecurityManager$$Lambda/0x00007fcd28047fe8 (java.base@21.0.3)
8159:             1             16  java.lang.SecurityManager$$Lambda/0x00007fcd28048230 (java.base@21.0.3)
8160:             1             16  java.lang.String$CaseInsensitiveComparator (java.base@21.0.3)
8161:             1             16  java.lang.System$2 (java.base@21.0.3)
8162:             1             16  java.lang.System$LoggerFinder$$Lambda/0x00007fcd28168d28 (java.base@21.0.3)
8163:             1             16  java.lang.Terminator$1 (java.base@21.0.3)
8164:             1             16  java.lang.Thread$1 (java.base@21.0.3)
8165:             1             16  java.lang.invoke.ClassSpecializer$1 (java.base@21.0.3)
8166:             1             16  java.lang.invoke.MemberName$Factory (java.base@21.0.3)
8167:             1             16  java.lang.invoke.MethodHandleImpl$1 (java.base@21.0.3)
8168:             1             16  java.lang.management.DefaultPlatformMBeanProvider$1 (java.management@21.0.3)
8169:             1             16  java.lang.management.DefaultPlatformMBeanProvider$10 (java.management@21.0.3)
8170:             1             16  java.lang.management.DefaultPlatformMBeanProvider$2 (java.management@21.0.3)
8171:             1             16  java.lang.management.DefaultPlatformMBeanProvider$3 (java.management@21.0.3)
8172:             1             16  java.lang.management.DefaultPlatformMBeanProvider$5 (java.management@21.0.3)
8173:             1             16  java.lang.management.DefaultPlatformMBeanProvider$5$$Lambda/0x00007fcd284fb058 (java.management@21.0.3)
8174:             1             16  java.lang.management.DefaultPlatformMBeanProvider$6 (java.management@21.0.3)
8175:             1             16  java.lang.management.DefaultPlatformMBeanProvider$7 (java.management@21.0.3)
8176:             1             16  java.lang.management.DefaultPlatformMBeanProvider$9 (java.management@21.0.3)
8177:             1             16  java.lang.management.ManagementFactory$$Lambda/0x00007fcd2807a018 (java.management@21.0.3)
8178:             1             16  java.lang.management.ManagementFactory$$Lambda/0x00007fcd284f23e0 (java.management@21.0.3)
8179:             1             16  java.lang.management.ManagementFactory$$Lambda/0x00007fcd284f2628 (java.management@21.0.3)
8180:             1             16  java.lang.management.ManagementFactory$$Lambda/0x00007fcd284f2860 (java.management@21.0.3)
8181:             1             16  java.lang.module.ModuleDescriptor$1 (java.base@21.0.3)
8182:             1             16  java.lang.module.ModuleDescriptor$Builder$$Lambda/0x800000002 (java.base@21.0.3)
8183:             1             16  java.lang.ref.Cleaner (java.base@21.0.3)
8184:             1             16  java.lang.ref.Cleaner$1 (java.base@21.0.3)
8185:             1             16  java.lang.ref.Reference$1 (java.base@21.0.3)
8186:             1             16  java.lang.reflect.AccessFlag$1 (java.base@21.0.3)
8187:             1             16  java.lang.reflect.AccessFlag$10 (java.base@21.0.3)
8188:             1             16  java.lang.reflect.AccessFlag$11 (java.base@21.0.3)
8189:             1             16  java.lang.reflect.AccessFlag$12 (java.base@21.0.3)
8190:             1             16  java.lang.reflect.AccessFlag$13 (java.base@21.0.3)
8191:             1             16  java.lang.reflect.AccessFlag$14 (java.base@21.0.3)
8192:             1             16  java.lang.reflect.AccessFlag$15 (java.base@21.0.3)
8193:             1             16  java.lang.reflect.AccessFlag$16 (java.base@21.0.3)
8194:             1             16  java.lang.reflect.AccessFlag$17 (java.base@21.0.3)
8195:             1             16  java.lang.reflect.AccessFlag$18 (java.base@21.0.3)
8196:             1             16  java.lang.reflect.AccessFlag$2 (java.base@21.0.3)
8197:             1             16  java.lang.reflect.AccessFlag$3 (java.base@21.0.3)
8198:             1             16  java.lang.reflect.AccessFlag$4 (java.base@21.0.3)
8199:             1             16  java.lang.reflect.AccessFlag$5 (java.base@21.0.3)
8200:             1             16  java.lang.reflect.AccessFlag$6 (java.base@21.0.3)
8201:             1             16  java.lang.reflect.AccessFlag$7 (java.base@21.0.3)
8202:             1             16  java.lang.reflect.AccessFlag$8 (java.base@21.0.3)
8203:             1             16  java.lang.reflect.AccessFlag$9 (java.base@21.0.3)
8204:             1             16  java.lang.reflect.Proxy$$Lambda/0x00007fcd28147cc0 (java.base@21.0.3)
8205:             1             16  java.lang.reflect.Proxy$ProxyBuilder$$Lambda/0x00007fcd281480f0 (java.base@21.0.3)
8206:             1             16  java.lang.reflect.ProxyGenerator$$Lambda/0x00007fcd281497d8 (java.base@21.0.3)
8207:             1             16  java.lang.reflect.ProxyGenerator$$Lambda/0x00007fcd28149a10 (java.base@21.0.3)
8208:             1             16  java.lang.reflect.ReflectAccess (java.base@21.0.3)
8209:             1             16  java.net.InetAddress$$Lambda/0x00007fcd28156650 (java.base@21.0.3)
8210:             1             16  java.net.InetAddress$$Lambda/0x00007fcd28156a78 (java.base@21.0.3)
8211:             1             16  java.net.InetAddress$$Lambda/0x00007fcd28156cb0 (java.base@21.0.3)
8212:             1             16  java.net.InetAddress$1 (java.base@21.0.3)
8213:             1             16  java.net.InetAddress$PlatformResolver (java.base@21.0.3)
8214:             1             16  java.net.URI$1 (java.base@21.0.3)
8215:             1             16  java.net.URL$3 (java.base@21.0.3)
8216:             1             16  java.net.URL$DefaultFactory (java.base@21.0.3)
8217:             1             16  java.net.spi.InetAddressResolver$LookupPolicy (java.base@21.0.3)
8218:             1             16  java.nio.Bits$1 (java.base@21.0.3)
8219:             1             16  java.nio.Buffer$1 (java.base@21.0.3)
8220:             1             16  java.nio.Buffer$2 (java.base@21.0.3)
8221:             1             16  java.nio.channels.spi.SelectorProvider$Holder$$Lambda/0x00007fcd289edf88 (java.base@21.0.3)
8222:             1             16  java.nio.file.Files$$Lambda/0x00007fcd282f8420 (java.base@21.0.3)
8223:             1             16  java.nio.file.Files$AcceptAllFilter (java.base@21.0.3)
8224:             1             16  java.security.AllPermission (java.base@21.0.3)
8225:             1             16  java.security.KeyStore$$Lambda/0x00007fcd282d1c28 (java.base@21.0.3)
8226:             1             16  java.security.ProtectionDomain$JavaSecurityAccessImpl (java.base@21.0.3)
8227:             1             16  java.security.Security$$Lambda/0x80000000b (java.base@21.0.3)
8228:             1             16  java.security.Security$1 (java.base@21.0.3)
8229:             1             16  java.security.Signature$1 (java.base@21.0.3)
8230:             1             16  java.security.cert.CertPathHelperImpl (java.base@21.0.3)
8231:             1             16  java.security.spec.EncodedKeySpec$$Lambda/0x00007fcd28266c20 (java.base@21.0.3)
8232:             1             16  java.text.DecimalFormatSymbols$$Lambda/0x80000000d (java.base@21.0.3)
8233:             1             16  java.text.MessageFormat$Field (java.base@21.0.3)
8234:             1             16  java.time.ZoneOffset$$Lambda/0x80000000e (java.base@21.0.3)
8235:             1             16  java.time.chrono.HijrahChronology$$Lambda/0x00007fcd284cc538 (java.base@21.0.3)
8236:             1             16  java.time.chrono.HijrahChronology$$Lambda/0x00007fcd284cc750 (java.base@21.0.3)
8237:             1             16  java.time.chrono.IsoChronology (java.base@21.0.3)
8238:             1             16  java.time.chrono.JapaneseChronology (java.base@21.0.3)
8239:             1             16  java.time.chrono.MinguoChronology (java.base@21.0.3)
8240:             1             16  java.time.chrono.ThaiBuddhistChronology (java.base@21.0.3)
8241:             1             16  java.time.format.DateTimeFormatter$$Lambda/0x80000000f (java.base@21.0.3)
8242:             1             16  java.time.format.DateTimeFormatter$$Lambda/0x800000010 (java.base@21.0.3)
8243:             1             16  java.time.format.DateTimeFormatterBuilder$$Lambda/0x800000011 (java.base@21.0.3)
8244:             1             16  java.time.format.DateTimeFormatterBuilder$InstantPrinterParser (java.base@21.0.3)
8245:             1             16  java.time.format.DateTimeFormatterBuilder$LocalizedOffsetIdPrinterParser (java.base@21.0.3)
8246:             1             16  java.time.format.DateTimeTextProvider (java.base@21.0.3)
8247:             1             16  java.time.format.DateTimeTextProvider$1 (java.base@21.0.3)
8248:             1             16  java.time.temporal.TemporalQueries$1 (java.base@21.0.3)
8249:             1             16  java.time.temporal.TemporalQueries$2 (java.base@21.0.3)
8250:             1             16  java.time.temporal.TemporalQueries$3 (java.base@21.0.3)
8251:             1             16  java.time.temporal.TemporalQueries$4 (java.base@21.0.3)
8252:             1             16  java.time.temporal.TemporalQueries$5 (java.base@21.0.3)
8253:             1             16  java.time.temporal.TemporalQueries$6 (java.base@21.0.3)
8254:             1             16  java.time.temporal.TemporalQueries$7 (java.base@21.0.3)
8255:             1             16  java.util.AbstractMap$1 (java.base@21.0.3)
8256:             1             16  java.util.Collections$EmptyEnumeration (java.base@21.0.3)
8257:             1             16  java.util.Collections$EmptyIterator (java.base@21.0.3)
8258:             1             16  java.util.Collections$EmptyList (java.base@21.0.3)
8259:             1             16  java.util.Collections$EmptyListIterator (java.base@21.0.3)
8260:             1             16  java.util.Collections$EmptySet (java.base@21.0.3)
8261:             1             16  java.util.Collections$ReverseComparator (java.base@21.0.3)
8262:             1             16  java.util.EnumMap$1 (java.base@21.0.3)
8263:             1             16  java.util.EnumMap$EntrySet (java.base@21.0.3)
8264:             1             16  java.util.ImmutableCollections$Access$1 (java.base@21.0.3)
8265:             1             16  java.util.Locale$Builder (java.base@21.0.3)
8266:             1             16  java.util.Map$Entry$$Lambda/0x00007fcd29074e50 (java.base@21.0.3)
8267:             1             16  java.util.Properties$EntrySet (java.base@21.0.3)
8268:             1             16  java.util.ResourceBundle$1 (java.base@21.0.3)
8269:             1             16  java.util.ResourceBundle$Control (java.base@21.0.3)
8270:             1             16  java.util.Spliterators$EmptySpliterator$OfDouble (java.base@21.0.3)
8271:             1             16  java.util.Spliterators$EmptySpliterator$OfInt (java.base@21.0.3)
8272:             1             16  java.util.Spliterators$EmptySpliterator$OfLong (java.base@21.0.3)
8273:             1             16  java.util.Spliterators$EmptySpliterator$OfRef (java.base@21.0.3)
8274:             1             16  java.util.concurrent.CompletableFuture$AltResult (java.base@21.0.3)
8275:             1             16  java.util.concurrent.ForkJoinPool$2 (java.base@21.0.3)
8276:             1             16  java.util.concurrent.ForkJoinPool$DefaultForkJoinWorkerThreadFactory (java.base@21.0.3)
8277:             1             16  java.util.concurrent.ThreadPoolExecutor$AbortPolicy (java.base@21.0.3)
8278:             1             16  java.util.function.Function$$Lambda/0x00007fcd28068a50 (java.base@21.0.3)
8279:             1             16  java.util.function.UnaryOperator$$Lambda/0x00007fcd289f2348 (java.base@21.0.3)
8280:             1             16  java.util.jar.JavaUtilJarAccessImpl (java.base@21.0.3)
8281:             1             16  java.util.logging.ErrorManager (java.logging@21.0.3)
8282:             1             16  java.util.logging.Level$$Lambda/0x800000013 (java.logging@21.0.3)
8283:             1             16  java.util.logging.Level$KnownLevel$$Lambda/0x800000023 (java.logging@21.0.3)
8284:             1             16  java.util.logging.Level$KnownLevel$$Lambda/0x800000024 (java.logging@21.0.3)
8285:             1             16  java.util.logging.Level$KnownLevel$$Lambda/0x800000025 (java.logging@21.0.3)
8286:             1             16  java.util.logging.LogManager$CloseOnReset (java.logging@21.0.3)
8287:             1             16  java.util.logging.LogManager$LoggingProviderAccess (java.logging@21.0.3)
8288:             1             16  java.util.logging.LogManager$VisitedLoggers (java.logging@21.0.3)
8289:             1             16  java.util.logging.Logging (java.logging@21.0.3)
8290:             1             16  java.util.logging.SimpleFormatter (java.logging@21.0.3)
8291:             1             16  java.util.logging.SimpleFormatter$$Lambda/0x00007fcd28171fb0 (java.logging@21.0.3)
8292:             1             16  java.util.regex.CharPredicates$$Lambda/0x00007fcd28078698 (java.base@21.0.3)
8293:             1             16  java.util.regex.CharPredicates$$Lambda/0x00007fcd282fa940 (java.base@21.0.3)
8294:             1             16  java.util.regex.CharPredicates$$Lambda/0x00007fcd282fadf0 (java.base@21.0.3)
8295:             1             16  java.util.regex.CharPredicates$$Lambda/0x800000026 (java.base@21.0.3)
8296:             1             16  java.util.regex.CharPredicates$$Lambda/0x800000027 (java.base@21.0.3)
8297:             1             16  java.util.regex.Pattern$$Lambda/0x00007fcd280771b0 (java.base@21.0.3)
8298:             1             16  java.util.regex.Pattern$$Lambda/0x00007fcd282fab98 (java.base@21.0.3)
8299:             1             16  java.util.regex.Pattern$$Lambda/0x00007fcd289f9b38 (java.base@21.0.3)
8300:             1             16  java.util.regex.Pattern$LastNode (java.base@21.0.3)
8301:             1             16  java.util.regex.Pattern$LookBehindEndNode (java.base@21.0.3)
8302:             1             16  java.util.regex.Pattern$Node (java.base@21.0.3)
8303:             1             16  java.util.stream.Collectors$$Lambda/0x00007fcd2806a460 (java.base@21.0.3)
8304:             1             16  java.util.stream.Collectors$$Lambda/0x00007fcd2806a8a8 (java.base@21.0.3)
8305:             1             16  java.util.stream.Collectors$$Lambda/0x00007fcd2806aae8 (java.base@21.0.3)
8306:             1             16  java.util.stream.Collectors$$Lambda/0x00007fcd2806ca08 (java.base@21.0.3)
8307:             1             16  java.util.stream.Collectors$$Lambda/0x00007fcd2806cc20 (java.base@21.0.3)
8308:             1             16  java.util.stream.Collectors$$Lambda/0x00007fcd2806ce48 (java.base@21.0.3)
8309:             1             16  java.util.stream.Collectors$$Lambda/0x00007fcd282fe858 (java.base@21.0.3)
8310:             1             16  java.util.stream.Collectors$$Lambda/0x00007fcd284c7b58 (java.base@21.0.3)
8311:             1             16  java.util.stream.Collectors$$Lambda/0x00007fcd284c7d80 (java.base@21.0.3)
8312:             1             16  java.util.stream.Collectors$$Lambda/0x00007fcd289e1850 (java.base@21.0.3)
8313:             1             16  java.util.stream.Collectors$$Lambda/0x00007fcd29164990 (java.base@21.0.3)
8314:             1             16  java.util.stream.Collectors$$Lambda/0x00007fcd2916b990 (java.base@21.0.3)
8315:             1             16  java.util.stream.Collectors$$Lambda/0x00007fcd29177bb8 (java.base@21.0.3)
8316:             1             16  java.util.stream.Collectors$$Lambda/0x00007fcd29178a88 (java.base@21.0.3)
8317:             1             16  java.util.stream.Collectors$$Lambda/0x00007fcd29178ed0 (java.base@21.0.3)
8318:             1             16  java.util.stream.Collectors$$Lambda/0x00007fcd291790e8 (java.base@21.0.3)
8319:             1             16  java.util.stream.Collectors$$Lambda/0x00007fcd29179310 (java.base@21.0.3)
8320:             1             16  java.util.stream.Collectors$$Lambda/0x00007fcd29179550 (java.base@21.0.3)
8321:             1             16  java.util.stream.Collectors$$Lambda/0x00007fcd2917b5b0 (java.base@21.0.3)
8322:             1             16  java.util.stream.Collectors$$Lambda/0x80000003a (java.base@21.0.3)
8323:             1             16  java.util.stream.Collectors$$Lambda/0x80000003f (java.base@21.0.3)
8324:             1             16  java.util.stream.Collectors$$Lambda/0x800000041 (java.base@21.0.3)
8325:             1             16  java.util.stream.Collectors$$Lambda/0x800000042 (java.base@21.0.3)
8326:             1             16  java.util.stream.Collectors$$Lambda/0x800000043 (java.base@21.0.3)
8327:             1             16  java.util.stream.Collectors$$Lambda/0x800000044 (java.base@21.0.3)
8328:             1             16  java.util.stream.Collectors$$Lambda/0x800000046 (java.base@21.0.3)
8329:             1             16  java.util.stream.FindOps$FindSink$OfInt$$Lambda/0x800000049 (java.base@21.0.3)
8330:             1             16  java.util.stream.FindOps$FindSink$OfInt$$Lambda/0x80000004a (java.base@21.0.3)
8331:             1             16  java.util.stream.FindOps$FindSink$OfInt$$Lambda/0x80000004b (java.base@21.0.3)
8332:             1             16  java.util.stream.FindOps$FindSink$OfInt$$Lambda/0x80000004c (java.base@21.0.3)
8333:             1             16  java.util.stream.FindOps$FindSink$OfRef$$Lambda/0x80000004d (java.base@21.0.3)
8334:             1             16  java.util.stream.FindOps$FindSink$OfRef$$Lambda/0x80000004e (java.base@21.0.3)
8335:             1             16  java.util.stream.FindOps$FindSink$OfRef$$Lambda/0x80000004f (java.base@21.0.3)
8336:             1             16  java.util.stream.FindOps$FindSink$OfRef$$Lambda/0x800000050 (java.base@21.0.3)
8337:             1             16  java.util.stream.IntPipeline$$Lambda/0x00007fcd28073878 (java.base@21.0.3)
8338:             1             16  java.util.stream.IntPipeline$$Lambda/0x00007fcd290758f0 (java.base@21.0.3)
8339:             1             16  java.util.stream.LongPipeline$$Lambda/0x00007fcd284c5330 (java.base@21.0.3)
8340:             1             16  java.util.stream.LongPipeline$$Lambda/0x00007fcd289f85c0 (java.base@21.0.3)
8341:             1             16  java.util.stream.LongPipeline$$Lambda/0x00007fcd290750e0 (java.base@21.0.3)
8342:             1             16  java.util.stream.LongPipeline$$Lambda/0x00007fcd292893d8 (java.base@21.0.3)
8343:             1             16  java.util.stream.Nodes$EmptyNode$OfDouble (java.base@21.0.3)
8344:             1             16  java.util.stream.Nodes$EmptyNode$OfInt (java.base@21.0.3)
8345:             1             16  java.util.stream.Nodes$EmptyNode$OfLong (java.base@21.0.3)
8346:             1             16  java.util.stream.Nodes$EmptyNode$OfRef (java.base@21.0.3)
8347:             1             16  java.util.stream.ReferencePipeline$$Lambda/0x00007fcd289e0000 (java.base@21.0.3)
8348:             1             16  java.util.zip.ZipFile$1 (java.base@21.0.3)
8349:             1             16  javax.crypto.CryptoAllPermissionCollection (java.base@21.0.3)
8350:             1             16  javax.crypto.JceSecurityManager (java.base@21.0.3)
8351:             1             16  javax.crypto.JceSecurityManager$$Lambda/0x00007fcd282c7e30 (java.base@21.0.3)
8352:             1             16  javax.crypto.JceSecurityManager$$Lambda/0x00007fcd282c8048 (java.base@21.0.3)
8353:             1             16  javax.crypto.spec.SecretKeySpec$$Lambda/0x00007fcd280fc3c8 (java.base@21.0.3)
8354:             1             16  javax.management.JMX (java.management@21.0.3)
8355:             1             16  javax.management.MBeanServerBuilder (java.management@21.0.3)
8356:             1             16  javax.management.NotificationBroadcasterSupport$1 (java.management@21.0.3)
8357:             1             16  javax.net.ssl.KeyManagerFactory$$Lambda/0x00007fcd282f5ef8 (java.base@21.0.3)
8358:             1             16  javax.net.ssl.TrustManagerFactory$$Lambda/0x00007fcd282d0750 (java.base@21.0.3)
8359:             1             16  jdk.internal.foreign.MemorySessionImpl$$Lambda/0x00007fcd2917c0d8 (java.base@21.0.3)
8360:             1             16  jdk.internal.foreign.MemorySessionImpl$$Lambda/0x00007fcd2917c548 (java.base@21.0.3)
8361:             1             16  jdk.internal.foreign.MemorySessionImpl$ResourceList$ResourceCleanup$1 (java.base@21.0.3)
8362:             1             16  jdk.internal.icu.impl.Norm2AllModes$DecomposeNormalizer2 (java.base@21.0.3)
8363:             1             16  jdk.internal.icu.impl.Norm2AllModes$NoopNormalizer2 (java.base@21.0.3)
8364:             1             16  jdk.internal.icu.impl.NormalizerImpl$IsAcceptable (java.base@21.0.3)
8365:             1             16  jdk.internal.icu.text.NormalizerBase$ModeImpl (java.base@21.0.3)
8366:             1             16  jdk.internal.icu.text.NormalizerBase$NFCMode (java.base@21.0.3)
8367:             1             16  jdk.internal.icu.text.NormalizerBase$NFDMode (java.base@21.0.3)
8368:             1             16  jdk.internal.icu.text.NormalizerBase$NFKCMode (java.base@21.0.3)
8369:             1             16  jdk.internal.icu.text.NormalizerBase$NFKDMode (java.base@21.0.3)
8370:             1             16  jdk.internal.icu.text.NormalizerBase$NONEMode (java.base@21.0.3)
8371:             1             16  jdk.internal.icu.util.CodePointTrie$Data16 (java.base@21.0.3)
8372:             1             16  jdk.internal.icu.util.VersionInfo (java.base@21.0.3)
8373:             1             16  jdk.internal.jimage.ImageBufferCache$1 (java.base@21.0.3)
8374:             1             16  jdk.internal.jimage.ImageBufferCache$2 (java.base@21.0.3)
8375:             1             16  jdk.internal.jimage.ImageReaderFactory$1 (java.base@21.0.3)
8376:             1             16  jdk.internal.jimage.ImageStringsReader (java.base@21.0.3)
8377:             1             16  jdk.internal.jimage.decompressor.Decompressor (java.base@21.0.3)
8378:             1             16  jdk.internal.jrtfs.JrtFileSystemProvider (java.base@21.0.3)
8379:             1             16  jdk.internal.logger.LazyLoggers$$Lambda/0x00007fcd28168b10 (java.base@21.0.3)
8380:             1             16  jdk.internal.logger.LazyLoggers$1 (java.base@21.0.3)
8381:             1             16  jdk.internal.logger.LazyLoggers$JdkLazyLogger (java.base@21.0.3)
8382:             1             16  jdk.internal.logger.LazyLoggers$LazyLoggerFactories (java.base@21.0.3)
8383:             1             16  jdk.internal.logger.LoggerFinderLoader$$Lambda/0x00007fcd28169140 (java.base@21.0.3)
8384:             1             16  jdk.internal.logger.LoggerFinderLoader$$Lambda/0x00007fcd28169358 (java.base@21.0.3)
8385:             1             16  jdk.internal.math.FloatingDecimal$1 (java.base@21.0.3)
8386:             1             16  jdk.internal.misc.ExtendedMapMode$$Lambda/0x00007fcd2917da28 (java.base@21.0.3)
8387:             1             16  jdk.internal.misc.ScopedMemoryAccess (java.base@21.0.3)
8388:             1             16  jdk.internal.misc.TerminatingThreadLocal$1 (java.base@21.0.3)
8389:             1             16  jdk.internal.misc.Unsafe (java.base@21.0.3)
8390:             1             16  jdk.internal.module.ArchivedBootLayer (java.base@21.0.3)
8391:             1             16  jdk.internal.module.ModuleLoaderMap$Mapper (java.base@21.0.3)
8392:             1             16  jdk.internal.module.ModulePatcher (java.base@21.0.3)
8393:             1             16  jdk.internal.module.ModuleTarget (java.base@21.0.3)
8394:             1             16  jdk.internal.perf.Perf (java.base@21.0.3)
8395:             1             16  jdk.internal.platform.CgroupMetrics (java.base@21.0.3)
8396:             1             16  jdk.internal.platform.CgroupSubsystemFactory$$Lambda/0x00007fcd281770d8 (java.base@21.0.3)
8397:             1             16  jdk.internal.platform.cgroupv2.CgroupV2Subsystem (java.base@21.0.3)
8398:             1             16  jdk.internal.platform.cgroupv2.CgroupV2Subsystem$$Lambda/0x00007fcd284de6f0 (java.base@21.0.3)
8399:             1             16  jdk.internal.platform.cgroupv2.CgroupV2SubsystemController (java.base@21.0.3)
8400:             1             16  jdk.internal.reflect.GeneratedSerializationConstructorAccessor1 (java.base@21.0.3)
8401:             1             16  jdk.internal.reflect.GeneratedSerializationConstructorAccessor10 (java.base@21.0.3)
8402:             1             16  jdk.internal.reflect.GeneratedSerializationConstructorAccessor11 (java.base@21.0.3)
8403:             1             16  jdk.internal.reflect.GeneratedSerializationConstructorAccessor12
8404:             1             16  jdk.internal.reflect.GeneratedSerializationConstructorAccessor2 (java.base@21.0.3)
8405:             1             16  jdk.internal.reflect.GeneratedSerializationConstructorAccessor3 (java.base@21.0.3)
8406:             1             16  jdk.internal.reflect.GeneratedSerializationConstructorAccessor4 (java.base@21.0.3)
8407:             1             16  jdk.internal.reflect.GeneratedSerializationConstructorAccessor5
8408:             1             16  jdk.internal.reflect.GeneratedSerializationConstructorAccessor6 (java.base@21.0.3)
8409:             1             16  jdk.internal.reflect.GeneratedSerializationConstructorAccessor7 (java.base@21.0.3)
8410:             1             16  jdk.internal.reflect.GeneratedSerializationConstructorAccessor8 (java.base@21.0.3)
8411:             1             16  jdk.internal.reflect.GeneratedSerializationConstructorAccessor9 (java.base@21.0.3)
8412:             1             16  jdk.internal.reflect.ReflectionFactory (java.base@21.0.3)
8413:             1             16  jdk.internal.util.Preconditions$1 (java.base@21.0.3)
8414:             1             16  jdk.internal.util.Preconditions$2 (java.base@21.0.3)
8415:             1             16  jdk.internal.util.Preconditions$3 (java.base@21.0.3)
8416:             1             16  jdk.jfr.internal.SecuritySupport$$Lambda/0x00007fcd289e2bd0 (jdk.jfr@21.0.3)
8417:             1             16  jdk.jfr.internal.SecuritySupport$Privileged (jdk.jfr@21.0.3)
8418:             1             16  jdk.jfr.internal.consumer.FileAccess$UnPrivileged (jdk.jfr@21.0.3)
8419:             1             16  jdk.jfr.internal.dcmd.DCmdCheck$$Lambda/0x00007fcd289ea088 (jdk.jfr@21.0.3)
8420:             1             16  jdk.jfr.internal.dcmd.DCmdDump$$Lambda/0x00007fcd289e9e70 (jdk.jfr@21.0.3)
8421:             1             16  jdk.jfr.internal.dcmd.DCmdStart$$Lambda/0x00007fcd289e3430 (jdk.jfr@21.0.3)
8422:             1             16  jdk.jfr.internal.dcmd.DCmdStart$$Lambda/0x00007fcd289e9c58 (jdk.jfr@21.0.3)
8423:             1             16  jdk.jfr.internal.dcmd.DCmdStop$$Lambda/0x00007fcd289e1438 (jdk.jfr@21.0.3)
8424:             1             16  jdk.jfr.internal.dcmd.DCmdView$$Lambda/0x00007fcd289e1220 (jdk.jfr@21.0.3)
8425:             1             16  jdk.jfr.internal.jfc.model.JFCModel$$Lambda/0x00007fcd289e97f8 (jdk.jfr@21.0.3)
8426:             1             16  jdk.jfr.internal.jfc.model.JFCModel$$Lambda/0x00007fcd289e9a20 (jdk.jfr@21.0.3)
8427:             1             16  jdk.management.jfr.SettingDescriptorInfo$1 (jdk.management.jfr@21.0.3)
8428:             1             16  jdk.net.LinuxSocketOptions (jdk.net@21.0.3)
8429:             1             16  jdk.net.LinuxSocketOptions$$Lambda/0x00007fcd289fe8d8 (jdk.net@21.0.3)
8430:             1             16  jdk.nio.zipfs.ZipFileSystem$$Lambda/0x00007fcd2903d790 (jdk.zipfs@21.0.3)
8431:             1             16  jdk.nio.zipfs.ZipFileSystemProvider (jdk.zipfs@21.0.3)
8432:             1             16  jdk.proxy2.$Proxy14 (jdk.proxy2)
8433:             1             16  jdk.proxy2.$Proxy16 (jdk.proxy2)
8434:             1             16  jdk.proxy2.$Proxy31 (jdk.proxy2)
8435:             1             16  jdk.proxy2.$Proxy33 (jdk.proxy2)
8436:             1             16  jdk.proxy2.$Proxy8 (jdk.proxy2)
8437:             1             16  jdk.proxy4.$Proxy49 (jdk.proxy4)
8438:             1             16  jdk.proxy5.$Proxy45 (jdk.proxy5)
8439:             1             16  jdk.proxy5.$Proxy46 (jdk.proxy5)
8440:             1             16  jdk.proxy7.$Proxy43 (jdk.proxy7)
8441:             1             16  jdk.proxy7.$Proxy44 (jdk.proxy7)
8442:             1             16  joptsimple.OptionParserState$2
8443:             1             16  joptsimple.util.PathConverter
8444:             1             16  kotlin.Result$Companion
8445:             1             16  kotlin.UNINITIALIZED_VALUE
8446:             1             16  kotlin.UNINITIALIZED_VALUE
8447:             1             16  kotlin.UNINITIALIZED_VALUE
8448:             1             16  kotlin.UNINITIALIZED_VALUE
8449:             1             16  kotlin.Unit
8450:             1             16  kotlin.collections.EmptyIterator
8451:             1             16  kotlin.collections.EmptyIterator
8452:             1             16  kotlin.collections.EmptyIterator
8453:             1             16  kotlin.collections.EmptyIterator
8454:             1             16  kotlin.collections.EmptyList
8455:             1             16  kotlin.collections.EmptyList
8456:             1             16  kotlin.collections.EmptyList
8457:             1             16  kotlin.collections.EmptyList
8458:             1             16  kotlin.collections.EmptyList
8459:             1             16  kotlin.collections.EmptyList
8460:             1             16  kotlin.collections.EmptyMap
8461:             1             16  kotlin.collections.EmptySet
8462:             1             16  kotlin.coroutines.ContinuationInterceptor$Key
8463:             1             16  kotlin.coroutines.ContinuationInterceptor$Key
8464:             1             16  kotlin.coroutines.ContinuationInterceptor$Key
8465:             1             16  kotlin.coroutines.ContinuationInterceptor$Key
8466:             1             16  kotlin.coroutines.ContinuationInterceptor$Key
8467:             1             16  kotlin.coroutines.ContinuationInterceptor$Key
8468:             1             16  kotlin.coroutines.CoroutineContext$plus$1
8469:             1             16  kotlin.coroutines.CoroutineContext$plus$1
8470:             1             16  kotlin.coroutines.CoroutineContext$plus$1
8471:             1             16  kotlin.coroutines.CoroutineContext$plus$1
8472:             1             16  kotlin.coroutines.CoroutineContext$plus$1
8473:             1             16  kotlin.coroutines.CoroutineContext$plus$1
8474:             1             16  kotlin.coroutines.EmptyCoroutineContext
8475:             1             16  kotlin.coroutines.EmptyCoroutineContext
8476:             1             16  kotlin.coroutines.EmptyCoroutineContext
8477:             1             16  kotlin.coroutines.EmptyCoroutineContext
8478:             1             16  kotlin.coroutines.EmptyCoroutineContext
8479:             1             16  kotlin.coroutines.EmptyCoroutineContext
8480:             1             16  kotlin.coroutines.jvm.internal.CompletedContinuation
8481:             1             16  kotlin.internal.jdk8.JDK8PlatformImplementations
8482:             1             16  kotlin.internal.jdk8.JDK8PlatformImplementations$ReflectSdkVersion
8483:             1             16  kotlin.jvm.internal.ClassReference$Companion
8484:             1             16  kotlin.jvm.internal.ReflectionFactory
8485:             1             16  kotlin.random.Random$Default
8486:             1             16  kotlin.random.jdk8.PlatformThreadLocalRandom
8487:             1             16  kotlin.ranges.IntProgression$Companion
8488:             1             16  kotlin.ranges.IntProgression$Companion
8489:             1             16  kotlin.ranges.IntProgression$Companion
8490:             1             16  kotlin.ranges.IntRange$Companion
8491:             1             16  kotlin.ranges.IntRange$Companion
8492:             1             16  kotlin.ranges.IntRange$Companion
8493:             1             16  kotlin.text.Charsets
8494:             1             16  kotlin.text.Charsets
8495:             1             16  kotlin.text.Charsets
8496:             1             16  kotlin.text.Charsets
8497:             1             16  kotlinx.coroutines.CoroutineDispatcher$Key$1
8498:             1             16  kotlinx.coroutines.CoroutineDispatcher$Key$1
8499:             1             16  kotlinx.coroutines.CoroutineDispatcher$Key$1
8500:             1             16  kotlinx.coroutines.CoroutineDispatcher$Key$1
8501:             1             16  kotlinx.coroutines.CoroutineDispatcher$Key$1
8502:             1             16  kotlinx.coroutines.CoroutineExceptionHandler$Key
8503:             1             16  kotlinx.coroutines.CoroutineExceptionHandler$Key
8504:             1             16  kotlinx.coroutines.CoroutineExceptionHandler$Key
8505:             1             16  kotlinx.coroutines.CoroutineExceptionHandler$Key
8506:             1             16  kotlinx.coroutines.CoroutineExceptionHandler$Key
8507:             1             16  kotlinx.coroutines.CoroutineExceptionHandler$Key
8508:             1             16  kotlinx.coroutines.CoroutineName$Key
8509:             1             16  kotlinx.coroutines.CoroutineName$Key
8510:             1             16  kotlinx.coroutines.Dispatchers
8511:             1             16  kotlinx.coroutines.Dispatchers
8512:             1             16  kotlinx.coroutines.Dispatchers
8513:             1             16  kotlinx.coroutines.Dispatchers
8514:             1             16  kotlinx.coroutines.Dispatchers
8515:             1             16  kotlinx.coroutines.ExecutorCoroutineDispatcher$Key$1
8516:             1             16  kotlinx.coroutines.ExecutorCoroutineDispatcher$Key$1
8517:             1             16  kotlinx.coroutines.ExecutorCoroutineDispatcher$Key$1
8518:             1             16  kotlinx.coroutines.ExecutorCoroutineDispatcher$Key$1
8519:             1             16  kotlinx.coroutines.ExecutorCoroutineDispatcher$Key$1
8520:             1             16  kotlinx.coroutines.GlobalScope
8521:             1             16  kotlinx.coroutines.Job$Key
8522:             1             16  kotlinx.coroutines.Job$Key
8523:             1             16  kotlinx.coroutines.Job$Key
8524:             1             16  kotlinx.coroutines.Job$Key
8525:             1             16  kotlinx.coroutines.Job$Key
8526:             1             16  kotlinx.coroutines.Job$Key
8527:             1             16  kotlinx.coroutines.NonDisposableHandle
8528:             1             16  kotlinx.coroutines.NonDisposableHandle
8529:             1             16  kotlinx.coroutines.NonDisposableHandle
8530:             1             16  kotlinx.coroutines.NonDisposableHandle
8531:             1             16  kotlinx.coroutines.NonDisposableHandle
8532:             1             16  kotlinx.coroutines.NonDisposableHandle
8533:             1             16  kotlinx.coroutines.Unconfined
8534:             1             16  kotlinx.coroutines.Unconfined
8535:             1             16  kotlinx.coroutines.Unconfined
8536:             1             16  kotlinx.coroutines.Unconfined
8537:             1             16  kotlinx.coroutines.Unconfined
8538:             1             16  kotlinx.coroutines.internal.ContextScope
8539:             1             16  kotlinx.coroutines.internal.ContextScope
8540:             1             16  kotlinx.coroutines.internal.ContextScope
8541:             1             16  kotlinx.coroutines.internal.LockFreeTaskQueueCore$Companion
8542:             1             16  kotlinx.coroutines.internal.LockFreeTaskQueueCore$Companion
8543:             1             16  kotlinx.coroutines.internal.LockFreeTaskQueueCore$Companion
8544:             1             16  kotlinx.coroutines.internal.LockFreeTaskQueueCore$Companion
8545:             1             16  kotlinx.coroutines.internal.LockFreeTaskQueueCore$Companion
8546:             1             16  kotlinx.coroutines.internal.ThreadContextKt$countAll$1
8547:             1             16  kotlinx.coroutines.internal.ThreadContextKt$findOne$1
8548:             1             16  kotlinx.coroutines.internal.ThreadContextKt$restoreState$1
8549:             1             16  kotlinx.coroutines.internal.ThreadContextKt$updateState$1
8550:             1             16  kotlinx.coroutines.scheduling.CoroutineScheduler$Companion
8551:             1             16  kotlinx.coroutines.scheduling.CoroutineScheduler$Companion
8552:             1             16  kotlinx.coroutines.scheduling.CoroutineScheduler$Companion
8553:             1             16  kotlinx.coroutines.scheduling.CoroutineScheduler$Companion
8554:             1             16  kotlinx.coroutines.scheduling.CoroutineScheduler$Companion
8555:             1             16  kotlinx.coroutines.scheduling.GlobalQueue
8556:             1             16  kotlinx.coroutines.scheduling.NanoTimeSource
8557:             1             16  kotlinx.coroutines.scheduling.NanoTimeSource
8558:             1             16  kotlinx.coroutines.scheduling.NanoTimeSource
8559:             1             16  kotlinx.coroutines.scheduling.NanoTimeSource
8560:             1             16  kotlinx.coroutines.scheduling.NanoTimeSource
8561:             1             16  kotlinx.coroutines.scheduling.NonBlockingContext
8562:             1             16  org.apache.commons.pool2.impl.BaseGenericObjectPool$StatsStore$$Lambda/0x00007fcd289c0d68
8563:             1             16  org.apache.commons.pool2.impl.DefaultEvictionPolicy
8564:             1             16  org.apache.commons.pool2.impl.EvictionTimer$EvictorThreadFactory
8565:             1             16  org.apache.commons.pool2.impl.EvictionTimer$Reaper
8566:             1             16  org.apache.commons.pool2.impl.EvictionTimer$WeakRunner
8567:             1             16  org.apache.commons.pool2.impl.InterruptibleReentrantLock
8568:             1             16  org.apache.logging.log4j.LogBuilder$1
8569:             1             16  org.apache.logging.log4j.ThreadContext$EmptyIterator
8570:             1             16  org.apache.logging.log4j.ThreadContext$EmptyThreadContextStack
8571:             1             16  org.apache.logging.log4j.core.LoggerContext$$Lambda/0x00007fcd2819afb0
8572:             1             16  org.apache.logging.log4j.core.appender.ConsoleAppender$ConsoleManagerFactory
8573:             1             16  org.apache.logging.log4j.core.appender.FileManager$FileManagerFactory
8574:             1             16  org.apache.logging.log4j.core.appender.rolling.RollingFileManager$RollingFileManagerFactory
8575:             1             16  org.apache.logging.log4j.core.config.ConfigurationFactory$Factory
8576:             1             16  org.apache.logging.log4j.core.config.composite.DefaultMergeStrategy
8577:             1             16  org.apache.logging.log4j.core.config.plugins.convert.EnumConverter
8578:             1             16  org.apache.logging.log4j.core.config.plugins.convert.TypeConverterRegistry
8579:             1             16  org.apache.logging.log4j.core.config.plugins.convert.TypeConverters$BigDecimalConverter
8580:             1             16  org.apache.logging.log4j.core.config.plugins.convert.TypeConverters$BigIntegerConverter
8581:             1             16  org.apache.logging.log4j.core.config.plugins.convert.TypeConverters$BooleanConverter
8582:             1             16  org.apache.logging.log4j.core.config.plugins.convert.TypeConverters$ByteArrayConverter
8583:             1             16  org.apache.logging.log4j.core.config.plugins.convert.TypeConverters$ByteConverter
8584:             1             16  org.apache.logging.log4j.core.config.plugins.convert.TypeConverters$CharArrayConverter
8585:             1             16  org.apache.logging.log4j.core.config.plugins.convert.TypeConverters$CharacterConverter
8586:             1             16  org.apache.logging.log4j.core.config.plugins.convert.TypeConverters$CharsetConverter
8587:             1             16  org.apache.logging.log4j.core.config.plugins.convert.TypeConverters$ClassConverter
8588:             1             16  org.apache.logging.log4j.core.config.plugins.convert.TypeConverters$CronExpressionConverter
8589:             1             16  org.apache.logging.log4j.core.config.plugins.convert.TypeConverters$DoubleConverter
8590:             1             16  org.apache.logging.log4j.core.config.plugins.convert.TypeConverters$DurationConverter
8591:             1             16  org.apache.logging.log4j.core.config.plugins.convert.TypeConverters$FileConverter
8592:             1             16  org.apache.logging.log4j.core.config.plugins.convert.TypeConverters$FloatConverter
8593:             1             16  org.apache.logging.log4j.core.config.plugins.convert.TypeConverters$InetAddressConverter
8594:             1             16  org.apache.logging.log4j.core.config.plugins.convert.TypeConverters$IntegerConverter
8595:             1             16  org.apache.logging.log4j.core.config.plugins.convert.TypeConverters$LevelConverter
8596:             1             16  org.apache.logging.log4j.core.config.plugins.convert.TypeConverters$LongConverter
8597:             1             16  org.apache.logging.log4j.core.config.plugins.convert.TypeConverters$PathConverter
8598:             1             16  org.apache.logging.log4j.core.config.plugins.convert.TypeConverters$PatternConverter
8599:             1             16  org.apache.logging.log4j.core.config.plugins.convert.TypeConverters$SecurityProviderConverter
8600:             1             16  org.apache.logging.log4j.core.config.plugins.convert.TypeConverters$ShortConverter
8601:             1             16  org.apache.logging.log4j.core.config.plugins.convert.TypeConverters$StringConverter
8602:             1             16  org.apache.logging.log4j.core.config.plugins.convert.TypeConverters$UriConverter
8603:             1             16  org.apache.logging.log4j.core.config.plugins.convert.TypeConverters$UrlConverter
8604:             1             16  org.apache.logging.log4j.core.config.plugins.convert.TypeConverters$UuidConverter
8605:             1             16  org.apache.logging.log4j.core.config.plugins.processor.PluginCache$$Lambda/0x00007fcd2810c430
8606:             1             16  org.apache.logging.log4j.core.impl.ReusableLogEventFactory
8607:             1             16  org.apache.logging.log4j.core.impl.ThreadContextDataProvider
8608:             1             16  org.apache.logging.log4j.core.lookup.StrMatcher$NoMatcher
8609:             1             16  org.apache.logging.log4j.core.lookup.StrMatcher$TrimMatcher
8610:             1             16  org.apache.logging.log4j.core.net.JndiManager$JndiManagerFactory
8611:             1             16  org.apache.logging.log4j.core.pattern.NameAbbreviator$NOPAbbreviator
8612:             1             16  org.apache.logging.log4j.core.pattern.PlainTextRenderer
8613:             1             16  org.apache.logging.log4j.core.selector.ClassLoaderContextSelector
8614:             1             16  org.apache.logging.log4j.core.util.CloseShieldOutputStream
8615:             1             16  org.apache.logging.log4j.core.util.datetime.FastDateFormat$1
8616:             1             16  org.apache.logging.log4j.core.util.datetime.FastDateParser$$Lambda/0x00007fcd281ab908
8617:             1             16  org.apache.logging.log4j.core.util.datetime.FastDateParser$1
8618:             1             16  org.apache.logging.log4j.core.util.datetime.FastDateParser$2
8619:             1             16  org.apache.logging.log4j.core.util.datetime.FastDateParser$3
8620:             1             16  org.apache.logging.log4j.core.util.datetime.FastDateParser$4
8621:             1             16  org.apache.logging.log4j.core.util.datetime.FastDateParser$5
8622:             1             16  org.apache.logging.log4j.core.util.datetime.FastDatePrinter$TwoDigitMonthField
8623:             1             16  org.apache.logging.log4j.jul.LogManager$$Lambda/0x00007fcd281c2390
8624:             1             16  org.apache.logging.log4j.message.MessageFormatMessageFactory
8625:             1             16  org.apache.logging.log4j.message.ParameterizedMessage$$Lambda/0x00007fcd2819f510
8626:             1             16  org.apache.logging.log4j.message.ParameterizedNoReferenceMessageFactory
8627:             1             16  org.apache.logging.log4j.spi.AbstractLogger$$Lambda/0x00007fcd28013250
8628:             1             16  org.apache.logging.log4j.spi.CopyOnWriteSortedArrayThreadContextMap
8629:             1             16  org.apache.logging.log4j.spi.DefaultThreadContextStack
8630:             1             16  org.apache.logging.log4j.spi.LoggerRegistry$ConcurrentMapFactory
8631:             1             16  org.apache.logging.log4j.status.SimpleLoggerFactory
8632:             1             16  org.apache.logging.log4j.util.LoaderUtil$ThreadContextClassLoaderGetter
8633:             1             16  org.apache.logging.log4j.util.PropertiesUtil$Environment$$Lambda/0x00007fcd280108c8
8634:             1             16  org.apache.logging.log4j.util.PropertiesUtil$Environment$$Lambda/0x00007fcd28011a88
8635:             1             16  org.apache.logging.log4j.util.PropertiesUtil$Environment$$Lambda/0x00007fcd28011ef0
8636:             1             16  org.apache.logging.log4j.util.ProviderUtil
8637:             1             16  org.apache.logging.log4j.util.ProviderUtil$$Lambda/0x00007fcd2813fb70
8638:             1             16  org.apache.logging.log4j.util.SortedArrayStringMap$$Lambda/0x00007fcd2813e000
8639:             1             16  org.apache.logging.log4j.util.StackLocator
8640:             1             16  org.apache.logging.log4j.util.StackLocator$$Lambda/0x00007fcd28198b30
8641:             1             16  org.apache.logging.log4j.util.StackLocator$$Lambda/0x00007fcd281c6250
8642:             1             16  org.apache.logging.log4j.util.StackLocator$$Lambda/0x00007fcd2823f300
8643:             1             16  org.apache.logging.log4j.util.StackLocator$$Lambda/0x00007fcd288bfa90
8644:             1             16  org.apache.logging.log4j.util.Strings$$Lambda/0x00007fcd28005a40
8645:             1             16  org.apache.logging.slf4j.Log4jLoggerFactory$$Lambda/0x00007fcd28281a20
8646:             1             16  org.apache.logging.slf4j.Log4jLoggerFactory$$Lambda/0x00007fcd28ac7b98
8647:             1             16  org.apache.logging.slf4j.Log4jMarkerFactory
8648:             1             16  org.apache.logging.slf4j.Log4jMarkerFactory
8649:             1             16  org.apache.lucene.analysis.Analyzer$1
8650:             1             16  org.apache.lucene.analysis.Analyzer$2
8651:             1             16  org.apache.lucene.backward_codecs.compressing.CompressionMode$1
8652:             1             16  org.apache.lucene.backward_codecs.compressing.CompressionMode$2
8653:             1             16  org.apache.lucene.backward_codecs.compressing.CompressionMode$3
8654:             1             16  org.apache.lucene.backward_codecs.compressing.CompressionMode$4
8655:             1             16  org.apache.lucene.backward_codecs.lucene50.Lucene50PostingsFormat
8656:             1             16  org.apache.lucene.backward_codecs.lucene50.Lucene50StoredFieldsFormat$1
8657:             1             16  org.apache.lucene.backward_codecs.lucene50.Lucene50StoredFieldsFormat$2
8658:             1             16  org.apache.lucene.backward_codecs.lucene70.Lucene70DocValuesFormat
8659:             1             16  org.apache.lucene.backward_codecs.lucene70.Lucene70NormsFormat
8660:             1             16  org.apache.lucene.backward_codecs.lucene87.DeflateWithPresetDictCompressionMode
8661:             1             16  org.apache.lucene.backward_codecs.lucene87.LZ4WithPresetDictCompressionMode
8662:             1             16  org.apache.lucene.codecs.KnnVectorsFormat$1
8663:             1             16  org.apache.lucene.codecs.PointsFormat$1
8664:             1             16  org.apache.lucene.codecs.compressing.CompressionMode$1
8665:             1             16  org.apache.lucene.codecs.compressing.CompressionMode$2
8666:             1             16  org.apache.lucene.codecs.compressing.CompressionMode$3
8667:             1             16  org.apache.lucene.codecs.compressing.CompressionMode$4
8668:             1             16  org.apache.lucene.codecs.lucene90.DeflateWithPresetDictCompressionMode
8669:             1             16  org.apache.lucene.codecs.lucene90.LZ4WithPresetDictCompressionMode
8670:             1             16  org.apache.lucene.codecs.lucene90.Lucene90CompoundReader$$Lambda/0x00007fcd2850d598
8671:             1             16  org.apache.lucene.codecs.lucene90.Lucene90CompoundReader$$Lambda/0x00007fcd2850d7b0
8672:             1             16  org.apache.lucene.codecs.lucene99.Lucene99FlatVectorsFormat
8673:             1             16  org.apache.lucene.codecs.perfield.PerFieldPostingsFormat$FieldsWriter$$Lambda/0x00007fcd2939fbe8
8674:             1             16  org.apache.lucene.codecs.perfield.PerFieldPostingsFormat$FieldsWriter$$Lambda/0x00007fcd293a0000
8675:             1             16  org.apache.lucene.codecs.perfield.PerFieldPostingsFormat$FieldsWriter$$Lambda/0x00007fcd293a0238
8676:             1             16  org.apache.lucene.index.ConcurrentMergeScheduler$2
8677:             1             16  org.apache.lucene.index.DocumentsWriter$$Lambda/0x00007fcd290cda90
8678:             1             16  org.apache.lucene.index.DocumentsWriterDeleteQueue$$Lambda/0x00007fcd290c9be8
8679:             1             16  org.apache.lucene.index.FrozenBufferedUpdates$$Lambda/0x00007fcd290df9a0
8680:             1             16  org.apache.lucene.index.IndexWriter$$Lambda/0x00007fcd290e8a68
8681:             1             16  org.apache.lucene.index.IndexWriter$1$$Lambda/0x00007fcd290e3d58
8682:             1             16  org.apache.lucene.index.IndexWriter$4
8683:             1             16  org.apache.lucene.index.IndexWriter$5
8684:             1             16  org.apache.lucene.index.IndexWriterEventListener$1
8685:             1             16  org.apache.lucene.index.KeepOnlyLastCommitDeletionPolicy
8686:             1             16  org.apache.lucene.index.LockableConcurrentApproximatePriorityQueue$$Lambda/0x00007fcd290d2cc0
8687:             1             16  org.apache.lucene.index.MergePolicy$OneMerge$$Lambda/0x00007fcd29392c80
8688:             1             16  org.apache.lucene.index.MultiTermsEnum$1
8689:             1             16  org.apache.lucene.index.PrefixCodedTerms$$Lambda/0x00007fcd290dfbc8
8690:             1             16  org.apache.lucene.index.SegmentReader$3
8691:             1             16  org.apache.lucene.index.SerialMergeScheduler
8692:             1             16  org.apache.lucene.index.SlowCompositeCodecReaderWrapper$$Lambda/0x00007fcd2939a1e0
8693:             1             16  org.apache.lucene.index.SlowCompositeCodecReaderWrapper$$Lambda/0x00007fcd2939a3f8
8694:             1             16  org.apache.lucene.index.SlowImpactsEnum$1
8695:             1             16  org.apache.lucene.index.StandardDirectoryReader$$Lambda/0x00007fcd2851a3a0
8696:             1             16  org.apache.lucene.index.TermStates$1
8697:             1             16  org.apache.lucene.index.Terms$2
8698:             1             16  org.apache.lucene.index.TermsEnum$1
8699:             1             16  org.apache.lucene.index.TieredMergePolicy$$Lambda/0x00007fcd290e0c08
8700:             1             16  org.apache.lucene.index.TieredMergePolicy$$Lambda/0x00007fcd290e8430
8701:             1             16  org.apache.lucene.internal.tests.TestSecrets$$Lambda/0x00007fcd285052b0
8702:             1             16  org.apache.lucene.search.Boolean2ScorerSupplier$$Lambda/0x00007fcd293ce400
8703:             1             16  org.apache.lucene.search.Boolean2ScorerSupplier$$Lambda/0x00007fcd293ce618
8704:             1             16  org.apache.lucene.search.BooleanWeight$$Lambda/0x00007fcd293d8490
8705:             1             16  org.apache.lucene.search.BooleanWeight$$Lambda/0x00007fcd293d8b38
8706:             1             16  org.apache.lucene.search.BooleanWeight$$Lambda/0x00007fcd293d8d80
8707:             1             16  org.apache.lucene.search.BooleanWeight$$Lambda/0x00007fcd293d9408
8708:             1             16  org.apache.lucene.search.ConjunctionDISI$$Lambda/0x00007fcd293da7c8
8709:             1             16  org.apache.lucene.search.ConjunctionDISI$ConjunctionTwoPhaseIterator$$Lambda/0x00007fcd293dc8d0
8710:             1             16  org.apache.lucene.search.DocValuesRewriteMethod
8711:             1             16  org.apache.lucene.search.DoubleValues$2
8712:             1             16  org.apache.lucene.search.HitsThresholdChecker$1
8713:             1             16  org.apache.lucene.search.IndexSearcher$$Lambda/0x00007fcd29047bd0
8714:             1             16  org.apache.lucene.search.IndexSearcher$$Lambda/0x00007fcd290841f0
8715:             1             16  org.apache.lucene.search.IndexSearcher$LeafSlice$$Lambda/0x00007fcd29362380
8716:             1             16  org.apache.lucene.search.MultiTermQuery$1
8717:             1             16  org.apache.lucene.search.MultiTermQuery$2
8718:             1             16  org.apache.lucene.search.QueryVisitor$2
8719:             1             16  org.apache.lucene.search.ScorerUtil$$Lambda/0x00007fcd293cf120
8720:             1             16  org.apache.lucene.search.ScoringRewrite$1
8721:             1             16  org.apache.lucene.search.ScoringRewrite$2
8722:             1             16  org.apache.lucene.search.SortField$1
8723:             1             16  org.apache.lucene.search.SortField$2
8724:             1             16  org.apache.lucene.search.TaskExecutor$$Lambda/0x00007fcd288facc0
8725:             1             16  org.apache.lucene.search.TopDocs$$Lambda/0x00007fcd2872a150
8726:             1             16  org.apache.lucene.search.TopDocs$$Lambda/0x00007fcd2872a368
8727:             1             16  org.apache.lucene.search.similarities.AfterEffectB
8728:             1             16  org.apache.lucene.search.similarities.AfterEffectL
8729:             1             16  org.apache.lucene.search.similarities.BasicModelG
8730:             1             16  org.apache.lucene.search.similarities.BasicModelIF
8731:             1             16  org.apache.lucene.search.similarities.BasicModelIn
8732:             1             16  org.apache.lucene.search.similarities.BasicModelIne
8733:             1             16  org.apache.lucene.search.similarities.DistributionLL
8734:             1             16  org.apache.lucene.search.similarities.DistributionSPL
8735:             1             16  org.apache.lucene.search.similarities.IndependenceChiSquared
8736:             1             16  org.apache.lucene.search.similarities.IndependenceSaturated
8737:             1             16  org.apache.lucene.search.similarities.IndependenceStandardized
8738:             1             16  org.apache.lucene.search.similarities.LambdaDF
8739:             1             16  org.apache.lucene.search.similarities.LambdaTTF
8740:             1             16  org.apache.lucene.store.ByteBuffersDataInput$$Lambda/0x00007fcd290dcd70
8741:             1             16  org.apache.lucene.store.ByteBuffersDataOutput$$Lambda/0x00007fcd285137d0
8742:             1             16  org.apache.lucene.store.ByteBuffersDataOutput$$Lambda/0x00007fcd285139e8
8743:             1             16  org.apache.lucene.store.MMapDirectory$$Lambda/0x00007fcd284a6268
8744:             1             16  org.apache.lucene.store.MMapDirectory$$Lambda/0x00007fcd284a64b0
8745:             1             16  org.apache.lucene.store.MMapDirectory$$Lambda/0x00007fcd284a66f8
8746:             1             16  org.apache.lucene.store.MMapDirectory$$Lambda/0x00007fcd284a6940
8747:             1             16  org.apache.lucene.store.MMapDirectory$$Lambda/0x00007fcd284a6b58
8748:             1             16  org.apache.lucene.store.MemorySegmentIndexInputProvider
8749:             1             16  org.apache.lucene.store.NativeFSLockFactory
8750:             1             16  org.apache.lucene.util.Accountable$$Lambda/0x00007fcd28504c08
8751:             1             16  org.apache.lucene.util.ArrayUtil$$Lambda/0x00007fcd29315a78
8752:             1             16  org.apache.lucene.util.ArrayUtil$$Lambda/0x00007fcd2931d2d8
8753:             1             16  org.apache.lucene.util.AttributeFactory$DefaultAttributeFactory
8754:             1             16  org.apache.lucene.util.BytesRefComparator$1
8755:             1             16  org.apache.lucene.util.CharsRef$UTF16SortedAsUTF8Comparator
8756:             1             16  org.apache.lucene.util.Constants$$Lambda/0x00007fcd280c5800
8757:             1             16  org.apache.lucene.util.Constants$$Lambda/0x00007fcd280c5c58
8758:             1             16  org.apache.lucene.util.Constants$$Lambda/0x00007fcd280c5e90
8759:             1             16  org.apache.lucene.util.Constants$$Lambda/0x00007fcd280c60c8
8760:             1             16  org.apache.lucene.util.FileDeleter$$Lambda/0x00007fcd290cef50
8761:             1             16  org.apache.lucene.util.FileDeleter$$Lambda/0x00007fcd290cf400
8762:             1             16  org.apache.lucene.util.HotspotVMOptions$$Lambda/0x00007fcd280c5388
8763:             1             16  org.apache.lucene.util.IOUtils$$Lambda/0x00007fcd2851a5b8
8764:             1             16  org.apache.lucene.util.InfoStream$NoOutput
8765:             1             16  org.apache.lucene.util.LongValues$1
8766:             1             16  org.apache.lucene.util.LongValues$2
8767:             1             16  org.apache.lucene.util.PriorityQueue$$Lambda/0x00007fcd290e3520
8768:             1             16  org.apache.lucene.util.RamUsageEstimator$$Lambda/0x00007fcd281da9e0
8769:             1             16  org.apache.lucene.util.RamUsageEstimator$$Lambda/0x00007fcd281dac18
8770:             1             16  org.apache.lucene.util.UnicodeUtil$$Lambda/0x00007fcd280a08c0
8771:             1             16  org.apache.lucene.util.fst.ByteSequenceOutputs
8772:             1             16  org.apache.lucene.util.fst.FSTCompiler$NullFSTReader
8773:             1             16  org.bouncycastle.asn1.DERNull
8774:             1             16  org.bouncycastle.crypto.CryptoServicesRegistrar$1
8775:             1             16  org.bouncycastle.crypto.CryptoServicesRegistrar$ThreadLocalSecureRandomProvider
8776:             1             16  org.bouncycastle.jcajce.provider.asymmetric.COMPOSITE$CompositeKeyInfoConverter
8777:             1             16  org.bouncycastle.jcajce.provider.asymmetric.EXTERNAL$ExternalKeyInfoConverter
8778:             1             16  org.bouncycastle.jcajce.provider.asymmetric.dsa.KeyFactorySpi
8779:             1             16  org.bouncycastle.jcajce.provider.asymmetric.elgamal.KeyFactorySpi
8780:             1             16  org.bouncycastle.jcajce.provider.asymmetric.gost.KeyFactorySpi
8781:             1             16  org.bouncycastle.jcajce.provider.asymmetric.rsa.KeyFactorySpi
8782:             1             16  org.bouncycastle.jcajce.provider.drbg.EntropyDaemon
8783:             1             16  org.bouncycastle.pqc.jcajce.provider.lms.LMSKeyFactorySpi
8784:             1             16  org.bouncycastle.pqc.jcajce.provider.newhope.NHKeyFactorySpi
8785:             1             16  org.bouncycastle.pqc.jcajce.provider.picnic.PicnicKeyFactorySpi
8786:             1             16  org.bouncycastle.pqc.jcajce.provider.sphincs.Sphincs256KeyFactorySpi
8787:             1             16  org.greenrobot.eventbus.Logger$SystemOutLogger
8788:             1             16  org.jcodings.ObjPtr
8789:             1             16  org.joda.time.UTCDateTimeZone
8790:             1             16  org.joda.time.format.DateTimeFormatterBuilder$StringLiteral
8791:             1             16  org.joni.MatcherFactory$1
8792:             1             16  org.joni.Search$1
8793:             1             16  org.joni.Search$10
8794:             1             16  org.joni.Search$11
8795:             1             16  org.joni.Search$12
8796:             1             16  org.joni.Search$13
8797:             1             16  org.joni.Search$14
8798:             1             16  org.joni.Search$15
8799:             1             16  org.joni.Search$16
8800:             1             16  org.joni.Search$17
8801:             1             16  org.joni.Search$2
8802:             1             16  org.joni.Search$3
8803:             1             16  org.joni.Search$4
8804:             1             16  org.joni.Search$5
8805:             1             16  org.joni.Search$6
8806:             1             16  org.joni.Search$7
8807:             1             16  org.joni.Search$8
8808:             1             16  org.joni.Search$9
8809:             1             16  org.joni.WarnCallback$1
8810:             1             16  org.joni.WarnCallback$2
8811:             1             16  org.locationtech.jts.geom.impl.CoordinateArraySequenceFactory
8812:             1             16  org.locationtech.spatial4j.io.BinaryCodec
8813:             1             16  org.locationtech.spatial4j.io.GeoJSONWriter
8814:             1             16  org.locationtech.spatial4j.io.PolyshapeWriter
8815:             1             16  org.locationtech.spatial4j.io.WKTWriter
8816:             1             16  org.locationtech.spatial4j.io.jts.JtsGeoJSONWriter
8817:             1             16  org.locationtech.spatial4j.io.jts.JtsPolyshapeWriter
8818:             1             16  org.locationtech.spatial4j.io.jts.JtsWKTWriter
8819:             1             16  org.opensearch.OpenSearchException$$Lambda/0x00007fcd28712208
8820:             1             16  org.opensearch.OpenSearchException$$Lambda/0x00007fcd28712620
8821:             1             16  org.opensearch.OpenSearchException$$Lambda/0x00007fcd28712838
8822:             1             16  org.opensearch.OpenSearchException$$Lambda/0x00007fcd28712a50
8823:             1             16  org.opensearch.OpenSearchException$$Lambda/0x00007fcd28712ea8
8824:             1             16  org.opensearch.OpenSearchException$$Lambda/0x00007fcd287130c0
8825:             1             16  org.opensearch.OpenSearchServerException$$Lambda/0x00007fcd28cbb328
8826:             1             16  org.opensearch.OpenSearchServerException$$Lambda/0x00007fcd28cbb540
8827:             1             16  org.opensearch.OpenSearchServerException$$Lambda/0x00007fcd28cbbae8
8828:             1             16  org.opensearch.OpenSearchServerException$$Lambda/0x00007fcd28cbbd00
8829:             1             16  org.opensearch.OpenSearchServerException$$Lambda/0x00007fcd28cbbf18
8830:             1             16  org.opensearch.OpenSearchServerException$$Lambda/0x00007fcd28cbc130
8831:             1             16  org.opensearch.OpenSearchServerException$$Lambda/0x00007fcd28cbc348
8832:             1             16  org.opensearch.OpenSearchServerException$$Lambda/0x00007fcd28cbc900
8833:             1             16  org.opensearch.OpenSearchServerException$$Lambda/0x00007fcd28cbcb18
8834:             1             16  org.opensearch.OpenSearchServerException$$Lambda/0x00007fcd28cbd0c0
8835:             1             16  org.opensearch.OpenSearchServerException$$Lambda/0x00007fcd28cbd2d8
8836:             1             16  org.opensearch.OpenSearchServerException$$Lambda/0x00007fcd28cbd4f0
8837:             1             16  org.opensearch.OpenSearchServerException$$Lambda/0x00007fcd28cbda98
8838:             1             16  org.opensearch.OpenSearchServerException$$Lambda/0x00007fcd28cbdcb0
8839:             1             16  org.opensearch.OpenSearchServerException$$Lambda/0x00007fcd28cbdec8
8840:             1             16  org.opensearch.OpenSearchServerException$$Lambda/0x00007fcd28cbe0e0
8841:             1             16  org.opensearch.OpenSearchServerException$$Lambda/0x00007fcd28cbea20
8842:             1             16  org.opensearch.OpenSearchServerException$$Lambda/0x00007fcd28cbefe0
8843:             1             16  org.opensearch.OpenSearchServerException$$Lambda/0x00007fcd28cbf1f8
8844:             1             16  org.opensearch.OpenSearchServerException$$Lambda/0x00007fcd28cbf410
8845:             1             16  org.opensearch.OpenSearchServerException$$Lambda/0x00007fcd28cbf628
8846:             1             16  org.opensearch.OpenSearchServerException$$Lambda/0x00007fcd28cbfbd8
8847:             1             16  org.opensearch.OpenSearchServerException$$Lambda/0x00007fcd28cc0000
8848:             1             16  org.opensearch.OpenSearchServerException$$Lambda/0x00007fcd28cc0218
8849:             1             16  org.opensearch.OpenSearchServerException$$Lambda/0x00007fcd28cc0430
8850:             1             16  org.opensearch.OpenSearchServerException$$Lambda/0x00007fcd28cc0648
8851:             1             16  org.opensearch.OpenSearchServerException$$Lambda/0x00007fcd28cc0860
8852:             1             16  org.opensearch.OpenSearchServerException$$Lambda/0x00007fcd28cc0a78
8853:             1             16  org.opensearch.OpenSearchServerException$$Lambda/0x00007fcd28cc0c90
8854:             1             16  org.opensearch.OpenSearchServerException$$Lambda/0x00007fcd28cc1238
8855:             1             16  org.opensearch.OpenSearchServerException$$Lambda/0x00007fcd28cc1450
8856:             1             16  org.opensearch.OpenSearchServerException$$Lambda/0x00007fcd28cc1668
8857:             1             16  org.opensearch.OpenSearchServerException$$Lambda/0x00007fcd28cc1880
8858:             1             16  org.opensearch.OpenSearchServerException$$Lambda/0x00007fcd28cc1a98
8859:             1             16  org.opensearch.OpenSearchServerException$$Lambda/0x00007fcd28cc2050
8860:             1             16  org.opensearch.OpenSearchServerException$$Lambda/0x00007fcd28cc2600
8861:             1             16  org.opensearch.OpenSearchServerException$$Lambda/0x00007fcd28cc2bd8
8862:             1             16  org.opensearch.OpenSearchServerException$$Lambda/0x00007fcd28cc2df0
8863:             1             16  org.opensearch.OpenSearchServerException$$Lambda/0x00007fcd28cc3728
8864:             1             16  org.opensearch.OpenSearchServerException$$Lambda/0x00007fcd28cc3cd8
8865:             1             16  org.opensearch.OpenSearchServerException$$Lambda/0x00007fcd28cc4298
8866:             1             16  org.opensearch.OpenSearchServerException$$Lambda/0x00007fcd28cc44b0
8867:             1             16  org.opensearch.OpenSearchServerException$$Lambda/0x00007fcd28cc46c8
8868:             1             16  org.opensearch.OpenSearchServerException$$Lambda/0x00007fcd28cc4c90
8869:             1             16  org.opensearch.OpenSearchServerException$$Lambda/0x00007fcd28cc4ea8
8870:             1             16  org.opensearch.OpenSearchServerException$$Lambda/0x00007fcd28cc50c0
8871:             1             16  org.opensearch.OpenSearchServerException$$Lambda/0x00007fcd28cc5a08
8872:             1             16  org.opensearch.OpenSearchServerException$$Lambda/0x00007fcd28cc5c20
8873:             1             16  org.opensearch.OpenSearchServerException$$Lambda/0x00007fcd28cc61d0
8874:             1             16  org.opensearch.OpenSearchServerException$$Lambda/0x00007fcd28cc67a0
8875:             1             16  org.opensearch.OpenSearchServerException$$Lambda/0x00007fcd28cc6d48
8876:             1             16  org.opensearch.OpenSearchServerException$$Lambda/0x00007fcd28cc72f0
8877:             1             16  org.opensearch.OpenSearchServerException$$Lambda/0x00007fcd28cc78a0
8878:             1             16  org.opensearch.OpenSearchServerException$$Lambda/0x00007fcd28cc7ab8
8879:             1             16  org.opensearch.OpenSearchServerException$$Lambda/0x00007fcd28cc7cd0
8880:             1             16  org.opensearch.OpenSearchServerException$$Lambda/0x00007fcd28cc8000
8881:             1             16  org.opensearch.OpenSearchServerException$$Lambda/0x00007fcd28cc85a8
8882:             1             16  org.opensearch.OpenSearchServerException$$Lambda/0x00007fcd28cc8b80
8883:             1             16  org.opensearch.OpenSearchServerException$$Lambda/0x00007fcd28cc8d98
8884:             1             16  org.opensearch.OpenSearchServerException$$Lambda/0x00007fcd28cc8fb0
8885:             1             16  org.opensearch.OpenSearchServerException$$Lambda/0x00007fcd28cc91c8
8886:             1             16  org.opensearch.OpenSearchServerException$$Lambda/0x00007fcd28cc9770
8887:             1             16  org.opensearch.OpenSearchServerException$$Lambda/0x00007fcd28cc9d20
8888:             1             16  org.opensearch.OpenSearchServerException$$Lambda/0x00007fcd28cc9f38
8889:             1             16  org.opensearch.OpenSearchServerException$$Lambda/0x00007fcd28cca4e8
8890:             1             16  org.opensearch.OpenSearchServerException$$Lambda/0x00007fcd28cca700
8891:             1             16  org.opensearch.OpenSearchServerException$$Lambda/0x00007fcd28cca918
8892:             1             16  org.opensearch.OpenSearchServerException$$Lambda/0x00007fcd28ccab30
8893:             1             16  org.opensearch.OpenSearchServerException$$Lambda/0x00007fcd28ccb0e8
8894:             1             16  org.opensearch.OpenSearchServerException$$Lambda/0x00007fcd28ccb6a8
8895:             1             16  org.opensearch.OpenSearchServerException$$Lambda/0x00007fcd28ccb8c0
8896:             1             16  org.opensearch.OpenSearchServerException$$Lambda/0x00007fcd28ccbe70
8897:             1             16  org.opensearch.OpenSearchServerException$$Lambda/0x00007fcd28ccc418
8898:             1             16  org.opensearch.OpenSearchServerException$$Lambda/0x00007fcd28ccc630
8899:             1             16  org.opensearch.OpenSearchServerException$$Lambda/0x00007fcd28cccbd8
8900:             1             16  org.opensearch.OpenSearchServerException$$Lambda/0x00007fcd28ccd180
8901:             1             16  org.opensearch.OpenSearchServerException$$Lambda/0x00007fcd28ccd398
8902:             1             16  org.opensearch.OpenSearchServerException$$Lambda/0x00007fcd28ccd5b0
8903:             1             16  org.opensearch.OpenSearchServerException$$Lambda/0x00007fcd28ccd7c8
8904:             1             16  org.opensearch.OpenSearchServerException$$Lambda/0x00007fcd28ccdd78
8905:             1             16  org.opensearch.OpenSearchServerException$$Lambda/0x00007fcd28ccdf90
8906:             1             16  org.opensearch.OpenSearchServerException$$Lambda/0x00007fcd28cce1a8
8907:             1             16  org.opensearch.OpenSearchServerException$$Lambda/0x00007fcd28cce3c0
8908:             1             16  org.opensearch.OpenSearchServerException$$Lambda/0x00007fcd28cce5d8
8909:             1             16  org.opensearch.OpenSearchServerException$$Lambda/0x00007fcd28cceb80
8910:             1             16  org.opensearch.OpenSearchServerException$$Lambda/0x00007fcd28cced98
8911:             1             16  org.opensearch.OpenSearchServerException$$Lambda/0x00007fcd28ccf340
8912:             1             16  org.opensearch.OpenSearchServerException$$Lambda/0x00007fcd28ccf558
8913:             1             16  org.opensearch.OpenSearchServerException$$Lambda/0x00007fcd28ccfb00
8914:             1             16  org.opensearch.OpenSearchServerException$$Lambda/0x00007fcd28ccfd18
8915:             1             16  org.opensearch.OpenSearchServerException$$Lambda/0x00007fcd28cd0390
8916:             1             16  org.opensearch.OpenSearchServerException$$Lambda/0x00007fcd28cd0938
8917:             1             16  org.opensearch.OpenSearchServerException$$Lambda/0x00007fcd28cd0ee8
8918:             1             16  org.opensearch.OpenSearchServerException$$Lambda/0x00007fcd28cd1100
8919:             1             16  org.opensearch.OpenSearchServerException$$Lambda/0x00007fcd28cd1318
8920:             1             16  org.opensearch.OpenSearchServerException$$Lambda/0x00007fcd28cd18c0
8921:             1             16  org.opensearch.OpenSearchServerException$$Lambda/0x00007fcd28cd1ad8
8922:             1             16  org.opensearch.OpenSearchServerException$$Lambda/0x00007fcd28cd1cf0
8923:             1             16  org.opensearch.OpenSearchServerException$$Lambda/0x00007fcd28cd1f08
8924:             1             16  org.opensearch.OpenSearchServerException$$Lambda/0x00007fcd28cd2120
8925:             1             16  org.opensearch.OpenSearchServerException$$Lambda/0x00007fcd28cd2338
8926:             1             16  org.opensearch.OpenSearchServerException$$Lambda/0x00007fcd28cd2550
8927:             1             16  org.opensearch.OpenSearchServerException$$Lambda/0x00007fcd28cd2768
8928:             1             16  org.opensearch.OpenSearchServerException$$Lambda/0x00007fcd28cd2d10
8929:             1             16  org.opensearch.OpenSearchServerException$$Lambda/0x00007fcd28cd32b8
8930:             1             16  org.opensearch.OpenSearchServerException$$Lambda/0x00007fcd28cd3860
8931:             1             16  org.opensearch.OpenSearchServerException$$Lambda/0x00007fcd28cd3e08
8932:             1             16  org.opensearch.OpenSearchServerException$$Lambda/0x00007fcd28cd4020
8933:             1             16  org.opensearch.OpenSearchServerException$$Lambda/0x00007fcd28cd45c8
8934:             1             16  org.opensearch.OpenSearchServerException$$Lambda/0x00007fcd28cd4b70
8935:             1             16  org.opensearch.OpenSearchServerException$$Lambda/0x00007fcd28cd5118
8936:             1             16  org.opensearch.OpenSearchServerException$$Lambda/0x00007fcd28cd5330
8937:             1             16  org.opensearch.OpenSearchServerException$$Lambda/0x00007fcd28cd5548
8938:             1             16  org.opensearch.OpenSearchServerException$$Lambda/0x00007fcd28cd5af0
8939:             1             16  org.opensearch.OpenSearchServerException$$Lambda/0x00007fcd28cd5d08
8940:             1             16  org.opensearch.OpenSearchServerException$$Lambda/0x00007fcd28cd5f20
8941:             1             16  org.opensearch.OpenSearchServerException$$Lambda/0x00007fcd28cd6138
8942:             1             16  org.opensearch.OpenSearchServerException$$Lambda/0x00007fcd28cd6350
8943:             1             16  org.opensearch.OpenSearchServerException$$Lambda/0x00007fcd28cd6568
8944:             1             16  org.opensearch.OpenSearchServerException$$Lambda/0x00007fcd28cd6780
8945:             1             16  org.opensearch.OpenSearchServerException$$Lambda/0x00007fcd28cd6998
8946:             1             16  org.opensearch.OpenSearchServerException$$Lambda/0x00007fcd28cd6bb0
8947:             1             16  org.opensearch.OpenSearchServerException$$Lambda/0x00007fcd28cd7158
8948:             1             16  org.opensearch.OpenSearchServerException$$Lambda/0x00007fcd28cd7700
8949:             1             16  org.opensearch.OpenSearchServerException$$Lambda/0x00007fcd28cd7cb0
8950:             1             16  org.opensearch.OpenSearchServerException$$Lambda/0x00007fcd28cd8390
8951:             1             16  org.opensearch.OpenSearchServerException$$Lambda/0x00007fcd28cd8950
8952:             1             16  org.opensearch.OpenSearchServerException$$Lambda/0x00007fcd28cd8ef8
8953:             1             16  org.opensearch.OpenSearchServerException$$Lambda/0x00007fcd28cd9110
8954:             1             16  org.opensearch.OpenSearchServerException$$Lambda/0x00007fcd28cd9328
8955:             1             16  org.opensearch.OpenSearchServerException$$Lambda/0x00007fcd28cd9540
8956:             1             16  org.opensearch.OpenSearchServerException$$Lambda/0x00007fcd28cd9af0
8957:             1             16  org.opensearch.OpenSearchServerException$$Lambda/0x00007fcd28cda0a0
8958:             1             16  org.opensearch.OpenSearchServerException$$Lambda/0x00007fcd28cda648
8959:             1             16  org.opensearch.OpenSearchServerException$$Lambda/0x00007fcd28cda860
8960:             1             16  org.opensearch.OpenSearchServerException$$Lambda/0x00007fcd28cdae18
8961:             1             16  org.opensearch.OpenSearchServerException$$Lambda/0x00007fcd28cdb3c0
8962:             1             16  org.opensearch.OpenSearchServerException$$Lambda/0x00007fcd28cdb5d8
8963:             1             16  org.opensearch.OpenSearchServerException$$Lambda/0x00007fcd28cdbb80
8964:             1             16  org.opensearch.OpenSearchServerException$$Lambda/0x00007fcd28cdc140
8965:             1             16  org.opensearch.OpenSearchServerException$$Lambda/0x00007fcd28cdc6f8
8966:             1             16  org.opensearch.OpenSearchServerException$$Lambda/0x00007fcd28cdccb0
8967:             1             16  org.opensearch.action.ActionModule$$Lambda/0x00007fcd28bfb960
8968:             1             16  org.opensearch.action.ActionModule$$Lambda/0x00007fcd28c97570
8969:             1             16  org.opensearch.action.ActionModule$$Lambda/0x00007fcd28c98230
8970:             1             16  org.opensearch.action.ActionModule$$Lambda/0x00007fcd28c98880
8971:             1             16  org.opensearch.action.ActionModule$$Lambda/0x00007fcd28c98ab8
8972:             1             16  org.opensearch.action.admin.cluster.allocation.ClusterAllocationExplainAction$$Lambda/0x00007fcd28bd2818
8973:             1             16  org.opensearch.action.admin.cluster.allocation.TransportClusterAllocationExplainAction$$Lambda/0x00007fcd28f7d920
8974:             1             16  org.opensearch.action.admin.cluster.configuration.AddVotingConfigExclusionsAction$$Lambda/0x00007fcd28bd1c98
8975:             1             16  org.opensearch.action.admin.cluster.configuration.ClearVotingConfigExclusionsAction$$Lambda/0x00007fcd28bd2138
8976:             1             16  org.opensearch.action.admin.cluster.configuration.TransportAddVotingConfigExclusionsAction$$Lambda/0x00007fcd28e77080
8977:             1             16  org.opensearch.action.admin.cluster.configuration.TransportAddVotingConfigExclusionsAction$$Lambda/0x00007fcd28e77298
8978:             1             16  org.opensearch.action.admin.cluster.configuration.TransportClearVotingConfigExclusionsAction$$Lambda/0x00007fcd28f7cea8
8979:             1             16  org.opensearch.action.admin.cluster.decommission.awareness.delete.DeleteDecommissionStateAction$$Lambda/0x00007fcd28c95e20
8980:             1             16  org.opensearch.action.admin.cluster.decommission.awareness.delete.TransportDeleteDecommissionStateAction$$Lambda/0x00007fcd28efe3b0
8981:             1             16  org.opensearch.action.admin.cluster.decommission.awareness.get.GetDecommissionStateAction$$Lambda/0x00007fcd28c956f8
8982:             1             16  org.opensearch.action.admin.cluster.decommission.awareness.get.TransportGetDecommissionStateAction$$Lambda/0x00007fcd28e0d970
8983:             1             16  org.opensearch.action.admin.cluster.decommission.awareness.put.DecommissionAction$$Lambda/0x00007fcd28c94fc0
8984:             1             16  org.opensearch.action.admin.cluster.decommission.awareness.put.TransportDecommissionAction$$Lambda/0x00007fcd28e22258
8985:             1             16  org.opensearch.action.admin.cluster.health.ClusterHealthAction$$Lambda/0x00007fcd28bd4790
8986:             1             16  org.opensearch.action.admin.cluster.health.TransportClusterHealthAction$$Lambda/0x00007fcd28edc240
8987:             1             16  org.opensearch.action.admin.cluster.node.hotthreads.NodesHotThreadsAction$$Lambda/0x00007fcd28bc9c60
8988:             1             16  org.opensearch.action.admin.cluster.node.hotthreads.TransportNodesHotThreadsAction$$Lambda/0x00007fcd28f7c860
8989:             1             16  org.opensearch.action.admin.cluster.node.hotthreads.TransportNodesHotThreadsAction$$Lambda/0x00007fcd28f7ca78
8990:             1             16  org.opensearch.action.admin.cluster.node.info.NodeInfo$$Lambda/0x00007fcd291b9000
8991:             1             16  org.opensearch.action.admin.cluster.node.info.NodeInfo$$Lambda/0x00007fcd291b9218
8992:             1             16  org.opensearch.action.admin.cluster.node.info.NodeInfo$$Lambda/0x00007fcd291b9430
8993:             1             16  org.opensearch.action.admin.cluster.node.info.NodeInfo$$Lambda/0x00007fcd291b9648
8994:             1             16  org.opensearch.action.admin.cluster.node.info.NodeInfo$$Lambda/0x00007fcd291b9860
8995:             1             16  org.opensearch.action.admin.cluster.node.info.NodeInfo$$Lambda/0x00007fcd291b9a78
8996:             1             16  org.opensearch.action.admin.cluster.node.info.NodeInfo$$Lambda/0x00007fcd291b9c90
8997:             1             16  org.opensearch.action.admin.cluster.node.info.NodeInfo$$Lambda/0x00007fcd291c0a78
8998:             1             16  org.opensearch.action.admin.cluster.node.info.NodeInfo$$Lambda/0x00007fcd291c10c0
8999:             1             16  org.opensearch.action.admin.cluster.node.info.NodeInfo$$Lambda/0x00007fcd291c1708
9000:             1             16  org.opensearch.action.admin.cluster.node.info.NodesInfoAction$$Lambda/0x00007fcd28bca000
9001:             1             16  org.opensearch.action.admin.cluster.node.info.NodesInfoRequest$Metric$$Lambda/0x00007fcd28fc4ee0
9002:             1             16  org.opensearch.action.admin.cluster.node.info.PluginsAndModules$$Lambda/0x00007fcd2845e1f0
9003:             1             16  org.opensearch.action.admin.cluster.node.info.PluginsAndModules$$Lambda/0x00007fcd2845e660
9004:             1             16  org.opensearch.action.admin.cluster.node.info.PluginsAndModules$$Lambda/0x00007fcd291c0218
9005:             1             16  org.opensearch.action.admin.cluster.node.info.PluginsAndModules$$Lambda/0x00007fcd291c0430
9006:             1             16  org.opensearch.action.admin.cluster.node.info.TransportNodesInfoAction$$Lambda/0x00007fcd28efcc90
9007:             1             16  org.opensearch.action.admin.cluster.node.info.TransportNodesInfoAction$$Lambda/0x00007fcd28efcea8
9008:             1             16  org.opensearch.action.admin.cluster.node.liveness.TransportLivenessAction
9009:             1             16  org.opensearch.action.admin.cluster.node.liveness.TransportLivenessAction$$Lambda/0x00007fcd28ddca58
9010:             1             16  org.opensearch.action.admin.cluster.node.reload.NodesReloadSecureSettingsAction$$Lambda/0x00007fcd28bf6e38
9011:             1             16  org.opensearch.action.admin.cluster.node.reload.TransportNodesReloadSecureSettingsAction$$Lambda/0x00007fcd28f7d0c0
9012:             1             16  org.opensearch.action.admin.cluster.node.reload.TransportNodesReloadSecureSettingsAction$$Lambda/0x00007fcd28f7d2d8
9013:             1             16  org.opensearch.action.admin.cluster.node.stats.NodesStatsAction$$Lambda/0x00007fcd28bcb050
9014:             1             16  org.opensearch.action.admin.cluster.node.stats.TransportNodesStatsAction$$Lambda/0x00007fcd28ede488
9015:             1             16  org.opensearch.action.admin.cluster.node.stats.TransportNodesStatsAction$$Lambda/0x00007fcd28ede6a0
9016:             1             16  org.opensearch.action.admin.cluster.node.tasks.cancel.CancelTasksAction$$Lambda/0x00007fcd28bd1820
9017:             1             16  org.opensearch.action.admin.cluster.node.tasks.cancel.TransportCancelTasksAction$$Lambda/0x00007fcd28f2cea8
9018:             1             16  org.opensearch.action.admin.cluster.node.tasks.cancel.TransportCancelTasksAction$$Lambda/0x00007fcd28f2d0c0
9019:             1             16  org.opensearch.action.admin.cluster.node.tasks.cancel.TransportCancelTasksAction$$Lambda/0x00007fcd28f2d2d8
9020:             1             16  org.opensearch.action.admin.cluster.node.tasks.get.GetTaskAction$$Lambda/0x00007fcd28bd10f8
9021:             1             16  org.opensearch.action.admin.cluster.node.tasks.get.TransportGetTaskAction$$Lambda/0x00007fcd28f5f9a0
9022:             1             16  org.opensearch.action.admin.cluster.node.tasks.list.ListTasksAction$$Lambda/0x00007fcd28bd07a8
9023:             1             16  org.opensearch.action.admin.cluster.node.tasks.list.TransportListTasksAction$$Lambda/0x00007fcd28edfbb0
9024:             1             16  org.opensearch.action.admin.cluster.node.tasks.list.TransportListTasksAction$$Lambda/0x00007fcd28edfdc8
9025:             1             16  org.opensearch.action.admin.cluster.node.tasks.list.TransportListTasksAction$$Lambda/0x00007fcd28efc000
9026:             1             16  org.opensearch.action.admin.cluster.node.usage.NodesUsageAction$$Lambda/0x00007fcd28bc9558
9027:             1             16  org.opensearch.action.admin.cluster.node.usage.TransportNodesUsageAction$$Lambda/0x00007fcd28f2ef48
9028:             1             16  org.opensearch.action.admin.cluster.node.usage.TransportNodesUsageAction$$Lambda/0x00007fcd28f2f160
9029:             1             16  org.opensearch.action.admin.cluster.remote.RemoteInfoAction$$Lambda/0x00007fcd28bca968
9030:             1             16  org.opensearch.action.admin.cluster.remote.TransportRemoteInfoAction$$Lambda/0x00007fcd28efc430
9031:             1             16  org.opensearch.action.admin.cluster.remotestore.restore.RestoreRemoteStoreAction$$Lambda/0x00007fcd28c92e98
9032:             1             16  org.opensearch.action.admin.cluster.remotestore.restore.TransportRestoreRemoteStoreAction$$Lambda/0x00007fcd28f5f788
9033:             1             16  org.opensearch.action.admin.cluster.remotestore.stats.RemoteStoreStatsAction$$Lambda/0x00007fcd28bcba70
9034:             1             16  org.opensearch.action.admin.cluster.remotestore.stats.TransportRemoteStoreStatsAction$$Lambda/0x00007fcd28edf998
9035:             1             16  org.opensearch.action.admin.cluster.repositories.cleanup.CleanupRepositoryAction$$Lambda/0x00007fcd28bd8508
9036:             1             16  org.opensearch.action.admin.cluster.repositories.cleanup.TransportCleanupRepositoryAction$$Lambda/0x00007fcd28f7e398
9037:             1             16  org.opensearch.action.admin.cluster.repositories.cleanup.TransportCleanupRepositoryAction$$Lambda/0x00007fcd28f7e5b0
9038:             1             16  org.opensearch.action.admin.cluster.repositories.delete.DeleteRepositoryAction$$Lambda/0x00007fcd28bd7540
9039:             1             16  org.opensearch.action.admin.cluster.repositories.delete.TransportDeleteRepositoryAction$$Lambda/0x00007fcd28f2cc90
9040:             1             16  org.opensearch.action.admin.cluster.repositories.get.GetRepositoriesAction$$Lambda/0x00007fcd28bd70a0
9041:             1             16  org.opensearch.action.admin.cluster.repositories.get.TransportGetRepositoriesAction$$Lambda/0x00007fcd28e74ec0
9042:             1             16  org.opensearch.action.admin.cluster.repositories.put.PutRepositoryAction$$Lambda/0x00007fcd28bd6970
9043:             1             16  org.opensearch.action.admin.cluster.repositories.put.TransportPutRepositoryAction$$Lambda/0x00007fcd28e23bb0
9044:             1             16  org.opensearch.action.admin.cluster.repositories.verify.TransportVerifyRepositoryAction$$Lambda/0x00007fcd28e76a38
9045:             1             16  org.opensearch.action.admin.cluster.repositories.verify.VerifyRepositoryAction$$Lambda/0x00007fcd28bd7c78
9046:             1             16  org.opensearch.action.admin.cluster.reroute.ClusterRerouteAction$$Lambda/0x00007fcd28bd5618
9047:             1             16  org.opensearch.action.admin.cluster.reroute.TransportClusterRerouteAction$$Lambda/0x00007fcd28f5eaf8
9048:             1             16  org.opensearch.action.admin.cluster.settings.ClusterUpdateSettingsAction$$Lambda/0x00007fcd28bd4ed0
9049:             1             16  org.opensearch.action.admin.cluster.settings.TransportClusterUpdateSettingsAction$$Lambda/0x00007fcd28edd3c8
9050:             1             16  org.opensearch.action.admin.cluster.shards.ClusterSearchShardsAction$$Lambda/0x00007fcd28bd5d58
9051:             1             16  org.opensearch.action.admin.cluster.shards.TransportClusterSearchShardsAction$$Lambda/0x00007fcd28f5ed10
9052:             1             16  org.opensearch.action.admin.cluster.shards.routing.weighted.delete.ClusterDeleteWeightedRoutingAction$$Lambda/0x00007fcd28bdc088
9053:             1             16  org.opensearch.action.admin.cluster.shards.routing.weighted.delete.TransportDeleteWeightedRoutingAction$$Lambda/0x00007fcd28e23350
9054:             1             16  org.opensearch.action.admin.cluster.shards.routing.weighted.get.ClusterGetWeightedRoutingAction$$Lambda/0x00007fcd28bdb960
9055:             1             16  org.opensearch.action.admin.cluster.shards.routing.weighted.get.TransportGetWeightedRoutingAction$$Lambda/0x00007fcd28efd2d8
9056:             1             16  org.opensearch.action.admin.cluster.shards.routing.weighted.put.ClusterAddWeightedRoutingAction$$Lambda/0x00007fcd28bdb210
9057:             1             16  org.opensearch.action.admin.cluster.shards.routing.weighted.put.TransportAddWeightedRoutingAction$$Lambda/0x00007fcd28e774c8
9058:             1             16  org.opensearch.action.admin.cluster.snapshots.clone.CloneSnapshotAction$$Lambda/0x00007fcd28bd9c98
9059:             1             16  org.opensearch.action.admin.cluster.snapshots.clone.TransportCloneSnapshotAction$$Lambda/0x00007fcd28f2d4f0
9060:             1             16  org.opensearch.action.admin.cluster.snapshots.create.CreateSnapshotAction$$Lambda/0x00007fcd28bd97f8
9061:             1             16  org.opensearch.action.admin.cluster.snapshots.create.TransportCreateSnapshotAction$$Lambda/0x00007fcd28e0cac0
9062:             1             16  org.opensearch.action.admin.cluster.snapshots.delete.DeleteSnapshotAction$$Lambda/0x00007fcd28bd90c0
9063:             1             16  org.opensearch.action.admin.cluster.snapshots.delete.TransportDeleteSnapshotAction$$Lambda/0x00007fcd28ddf170
9064:             1             16  org.opensearch.action.admin.cluster.snapshots.get.GetSnapshotsAction$$Lambda/0x00007fcd28bd8c20
9065:             1             16  org.opensearch.action.admin.cluster.snapshots.get.TransportGetSnapshotsAction$$Lambda/0x00007fcd28f5ef28
9066:             1             16  org.opensearch.action.admin.cluster.snapshots.restore.RestoreSnapshotAction$$Lambda/0x00007fcd28bda3b8
9067:             1             16  org.opensearch.action.admin.cluster.snapshots.restore.TransportRestoreSnapshotAction$$Lambda/0x00007fcd28e75530
9068:             1             16  org.opensearch.action.admin.cluster.snapshots.status.SnapshotsStatusAction$$Lambda/0x00007fcd28bdaae8
9069:             1             16  org.opensearch.action.admin.cluster.snapshots.status.TransportNodesSnapshotsStatus$$Lambda/0x00007fcd28cf28e0
9070:             1             16  org.opensearch.action.admin.cluster.snapshots.status.TransportNodesSnapshotsStatus$$Lambda/0x00007fcd28cf2dc0
9071:             1             16  org.opensearch.action.admin.cluster.snapshots.status.TransportNodesSnapshotsStatus$$Lambda/0x00007fcd28cf2fd8
9072:             1             16  org.opensearch.action.admin.cluster.snapshots.status.TransportSnapshotsStatusAction$$Lambda/0x00007fcd28e74878
9073:             1             16  org.opensearch.action.admin.cluster.state.ClusterStateAction$$Lambda/0x00007fcd28bd3438
9074:             1             16  org.opensearch.action.admin.cluster.state.ClusterStateResponse$$Lambda/0x00007fcd291d0d48
9075:             1             16  org.opensearch.action.admin.cluster.state.TransportClusterStateAction$$Lambda/0x00007fcd28e21360
9076:             1             16  org.opensearch.action.admin.cluster.stats.ClusterStatsAction$$Lambda/0x00007fcd28bd2fa8
9077:             1             16  org.opensearch.action.admin.cluster.stats.TransportClusterStatsAction$$Lambda/0x00007fcd28e0d110
9078:             1             16  org.opensearch.action.admin.cluster.stats.TransportClusterStatsAction$$Lambda/0x00007fcd28e0d328
9079:             1             16  org.opensearch.action.admin.cluster.storedscripts.DeleteStoredScriptAction$$Lambda/0x00007fcd28bf84a0
9080:             1             16  org.opensearch.action.admin.cluster.storedscripts.GetScriptContextAction$$Lambda/0x00007fcd28bf8bf0
9081:             1             16  org.opensearch.action.admin.cluster.storedscripts.GetScriptLanguageAction$$Lambda/0x00007fcd28bf92d0
9082:             1             16  org.opensearch.action.admin.cluster.storedscripts.GetStoredScriptAction$$Lambda/0x00007fcd28bf8000
9083:             1             16  org.opensearch.action.admin.cluster.storedscripts.PutStoredScriptAction$$Lambda/0x00007fcd28bf7758
9084:             1             16  org.opensearch.action.admin.cluster.storedscripts.TransportDeleteStoredScriptAction$$Lambda/0x00007fcd28f2c648
9085:             1             16  org.opensearch.action.admin.cluster.storedscripts.TransportGetScriptContextAction$$Lambda/0x00007fcd28dde430
9086:             1             16  org.opensearch.action.admin.cluster.storedscripts.TransportGetScriptLanguageAction$$Lambda/0x00007fcd28edf780
9087:             1             16  org.opensearch.action.admin.cluster.storedscripts.TransportGetStoredScriptAction$$Lambda/0x00007fcd28edd7f8
9088:             1             16  org.opensearch.action.admin.cluster.storedscripts.TransportPutStoredScriptAction$$Lambda/0x00007fcd28e77d28
9089:             1             16  org.opensearch.action.admin.cluster.tasks.PendingClusterTasksAction$$Lambda/0x00007fcd28bd64d0
9090:             1             16  org.opensearch.action.admin.cluster.tasks.TransportPendingClusterTasksAction$$Lambda/0x00007fcd28edcf98
9091:             1             16  org.opensearch.action.admin.indices.alias.IndicesAliasesAction$$Lambda/0x00007fcd28be3448
9092:             1             16  org.opensearch.action.admin.indices.alias.TransportIndicesAliasesAction$$Lambda/0x00007fcd28edde40
9093:             1             16  org.opensearch.action.admin.indices.alias.get.GetAliasesAction$$Lambda/0x00007fcd28bec1b8
9094:             1             16  org.opensearch.action.admin.indices.alias.get.TransportGetAliasesAction$$Lambda/0x00007fcd28ede270
9095:             1             16  org.opensearch.action.admin.indices.analyze.AnalyzeAction$$Lambda/0x00007fcd28be4020
9096:             1             16  org.opensearch.action.admin.indices.analyze.TransportAnalyzeAction$$Lambda/0x00007fcd28e21790
9097:             1             16  org.opensearch.action.admin.indices.cache.clear.ClearIndicesCacheAction$$Lambda/0x00007fcd28bebac8
9098:             1             16  org.opensearch.action.admin.indices.cache.clear.TransportClearIndicesCacheAction$$Lambda/0x00007fcd28f2c430
9099:             1             16  org.opensearch.action.admin.indices.close.CloseIndexAction$$Lambda/0x00007fcd28be07c0
9100:             1             16  org.opensearch.action.admin.indices.close.TransportCloseIndexAction$$Lambda/0x00007fcd28f2f7a8
9101:             1             16  org.opensearch.action.admin.indices.close.TransportCloseIndexAction$$Lambda/0x00007fcd28f2f9c0
9102:             1             16  org.opensearch.action.admin.indices.close.TransportVerifyShardBeforeCloseAction$$Lambda/0x00007fcd28db7230
9103:             1             16  org.opensearch.action.admin.indices.close.TransportVerifyShardBeforeCloseAction$$Lambda/0x00007fcd28db7448
9104:             1             16  org.opensearch.action.admin.indices.create.AutoCreateAction$$Lambda/0x00007fcd28bf72d0
9105:             1             16  org.opensearch.action.admin.indices.create.AutoCreateAction$TransportAction$$Lambda/0x00007fcd28efc218
9106:             1             16  org.opensearch.action.admin.indices.create.CreateIndexAction$$Lambda/0x00007fcd28bdde28
9107:             1             16  org.opensearch.action.admin.indices.create.TransportCreateIndexAction$$Lambda/0x00007fcd28e76820
9108:             1             16  org.opensearch.action.admin.indices.dangling.delete.DeleteDanglingIndexAction$$Lambda/0x00007fcd28c92078
9109:             1             16  org.opensearch.action.admin.indices.dangling.delete.TransportDeleteDanglingIndexAction$$Lambda/0x00007fcd28f7db38
9110:             1             16  org.opensearch.action.admin.indices.dangling.find.FindDanglingIndexAction$$Lambda/0x00007fcd28c92788
9111:             1             16  org.opensearch.action.admin.indices.dangling.find.TransportFindDanglingIndexAction$$Lambda/0x00007fcd28e23568
9112:             1             16  org.opensearch.action.admin.indices.dangling.find.TransportFindDanglingIndexAction$$Lambda/0x00007fcd28e23780
9113:             1             16  org.opensearch.action.admin.indices.dangling.import_index.ImportDanglingIndexAction$$Lambda/0x00007fcd28c91c48
9114:             1             16  org.opensearch.action.admin.indices.dangling.import_index.TransportImportDanglingIndexAction$$Lambda/0x00007fcd28f2e6e8
9115:             1             16  org.opensearch.action.admin.indices.dangling.list.ListDanglingIndicesAction$$Lambda/0x00007fcd28c917b8
9116:             1             16  org.opensearch.action.admin.indices.dangling.list.TransportListDanglingIndicesAction$$Lambda/0x00007fcd28edda10
9117:             1             16  org.opensearch.action.admin.indices.dangling.list.TransportListDanglingIndicesAction$$Lambda/0x00007fcd28eddc28
9118:             1             16  org.opensearch.action.admin.indices.datastream.CreateDataStreamAction$$Lambda/0x00007fcd28bfcb78
9119:             1             16  org.opensearch.action.admin.indices.datastream.CreateDataStreamAction$TransportAction$$Lambda/0x00007fcd28e22cd8
9120:             1             16  org.opensearch.action.admin.indices.datastream.DataStreamsStatsAction$$Lambda/0x00007fcd28bfe5a0
9121:             1             16  org.opensearch.action.admin.indices.datastream.DataStreamsStatsAction$TransportAction$$Lambda/0x00007fcd28efd0c0
9122:             1             16  org.opensearch.action.admin.indices.datastream.DeleteDataStreamAction$$Lambda/0x00007fcd28bfd018
9123:             1             16  org.opensearch.action.admin.indices.datastream.DeleteDataStreamAction$TransportAction$$Lambda/0x00007fcd28dddba0
9124:             1             16  org.opensearch.action.admin.indices.datastream.GetDataStreamAction$$Lambda/0x00007fcd28bfd748
9125:             1             16  org.opensearch.action.admin.indices.datastream.GetDataStreamAction$TransportAction$$Lambda/0x00007fcd28f2f590
9126:             1             16  org.opensearch.action.admin.indices.delete.DeleteIndexAction$$Lambda/0x00007fcd28bdf158
9127:             1             16  org.opensearch.action.admin.indices.delete.TransportDeleteIndexAction$$Lambda/0x00007fcd28f7cc90
9128:             1             16  org.opensearch.action.admin.indices.exists.indices.IndicesExistsAction$$Lambda/0x00007fcd28be0c18
9129:             1             16  org.opensearch.action.admin.indices.exists.indices.TransportIndicesExistsAction$$Lambda/0x00007fcd28edd1b0
9130:             1             16  org.opensearch.action.admin.indices.flush.FlushAction$$Lambda/0x00007fcd28be9880
9131:             1             16  org.opensearch.action.admin.indices.flush.TransportFlushAction$$Lambda/0x00007fcd28ddd988
9132:             1             16  org.opensearch.action.admin.indices.flush.TransportShardFlushAction$$Lambda/0x00007fcd28ddce88
9133:             1             16  org.opensearch.action.admin.indices.flush.TransportShardFlushAction$$Lambda/0x00007fcd28ddd0a0
9134:             1             16  org.opensearch.action.admin.indices.flush.TransportShardFlushAction$$Lambda/0x00007fcd28ddd550
9135:             1             16  org.opensearch.action.admin.indices.flush.TransportShardFlushAction$PreSyncedFlushTransportHandler
9136:             1             16  org.opensearch.action.admin.indices.forcemerge.ForceMergeAction$$Lambda/0x00007fcd28be9fa8
9137:             1             16  org.opensearch.action.admin.indices.forcemerge.TransportForceMergeAction$$Lambda/0x00007fcd28e76c50
9138:             1             16  org.opensearch.action.admin.indices.get.GetIndexAction$$Lambda/0x00007fcd28bdf8e8
9139:             1             16  org.opensearch.action.admin.indices.get.TransportGetIndexAction$$Lambda/0x00007fcd28f2eb18
9140:             1             16  org.opensearch.action.admin.indices.mapping.get.GetFieldMappingsAction$$Lambda/0x00007fcd28be21f0
9141:             1             16  org.opensearch.action.admin.indices.mapping.get.GetMappingsAction$$Lambda/0x00007fcd28be1aa8
9142:             1             16  org.opensearch.action.admin.indices.mapping.get.TransportGetFieldMappingsAction$$Lambda/0x00007fcd28f7c218
9143:             1             16  org.opensearch.action.admin.indices.mapping.get.TransportGetFieldMappingsIndexAction$$Lambda/0x00007fcd28f7c000
9144:             1             16  org.opensearch.action.admin.indices.mapping.get.TransportGetFieldMappingsIndexAction$1
9145:             1             16  org.opensearch.action.admin.indices.mapping.get.TransportGetMappingsAction$$Lambda/0x00007fcd28e0c490
9146:             1             16  org.opensearch.action.admin.indices.mapping.put.AutoPutMappingAction$$Lambda/0x00007fcd28be2fa0
9147:             1             16  org.opensearch.action.admin.indices.mapping.put.PutMappingAction$$Lambda/0x00007fcd28be2b00
9148:             1             16  org.opensearch.action.admin.indices.mapping.put.TransportAutoPutMappingAction$$Lambda/0x00007fcd28e76608
9149:             1             16  org.opensearch.action.admin.indices.mapping.put.TransportPutMappingAction$$Lambda/0x00007fcd28ddcc70
9150:             1             16  org.opensearch.action.admin.indices.open.OpenIndexAction$$Lambda/0x00007fcd28bdfd88
9151:             1             16  org.opensearch.action.admin.indices.open.TransportOpenIndexAction$$Lambda/0x00007fcd28e21578
9152:             1             16  org.opensearch.action.admin.indices.readonly.AddIndexBlockAction$$Lambda/0x00007fcd28be1360
9153:             1             16  org.opensearch.action.admin.indices.readonly.TransportAddIndexBlockAction$$Lambda/0x00007fcd28e763f0
9154:             1             16  org.opensearch.action.admin.indices.readonly.TransportVerifyShardIndexBlockAction$$Lambda/0x00007fcd28dbc680
9155:             1             16  org.opensearch.action.admin.indices.readonly.TransportVerifyShardIndexBlockAction$$Lambda/0x00007fcd28dbc898
9156:             1             16  org.opensearch.action.admin.indices.readonly.TransportVerifyShardIndexBlockAction$$Lambda/0x00007fcd28dbcab0
9157:             1             16  org.opensearch.action.admin.indices.recovery.RecoveryAction$$Lambda/0x00007fcd28bf5f50
9158:             1             16  org.opensearch.action.admin.indices.recovery.TransportRecoveryAction$$Lambda/0x00007fcd28e0d540
9159:             1             16  org.opensearch.action.admin.indices.refresh.RefreshAction$$Lambda/0x00007fcd28be8f18
9160:             1             16  org.opensearch.action.admin.indices.refresh.TransportRefreshAction$$Lambda/0x00007fcd28efca78
9161:             1             16  org.opensearch.action.admin.indices.refresh.TransportShardRefreshAction$$Lambda/0x00007fcd28efc648
9162:             1             16  org.opensearch.action.admin.indices.refresh.TransportShardRefreshAction$$Lambda/0x00007fcd28efc860
9163:             1             16  org.opensearch.action.admin.indices.replication.SegmentReplicationStatsAction$$Lambda/0x00007fcd28bf66c8
9164:             1             16  org.opensearch.action.admin.indices.replication.TransportSegmentReplicationStatsAction$$Lambda/0x00007fcd28edef18
9165:             1             16  org.opensearch.action.admin.indices.resolve.ResolveIndexAction$$Lambda/0x00007fcd28bfde88
9166:             1             16  org.opensearch.action.admin.indices.resolve.ResolveIndexAction$TransportAction$$Lambda/0x00007fcd28edf348
9167:             1             16  org.opensearch.action.admin.indices.rollover.RolloverAction$$Lambda/0x00007fcd28bdecb0
9168:             1             16  org.opensearch.action.admin.indices.rollover.RolloverInfo$$Lambda/0x00007fcd29094e88
9169:             1             16  org.opensearch.action.admin.indices.rollover.RolloverInfo$$Lambda/0x00007fcd290952a8
9170:             1             16  org.opensearch.action.admin.indices.rollover.TransportRolloverAction$$Lambda/0x00007fcd28e21148
9171:             1             16  org.opensearch.action.admin.indices.segments.IndicesSegmentsAction$$Lambda/0x00007fcd28bdcf98
9172:             1             16  org.opensearch.action.admin.indices.segments.PitSegmentsAction$$Lambda/0x00007fcd28c94128
9173:             1             16  org.opensearch.action.admin.indices.segments.TransportIndicesSegmentsAction$$Lambda/0x00007fcd28f2e4d0
9174:             1             16  org.opensearch.action.admin.indices.segments.TransportPitSegmentsAction$$Lambda/0x00007fcd28e23998
9175:             1             16  org.opensearch.action.admin.indices.settings.get.GetSettingsAction$$Lambda/0x00007fcd28bec8f8
9176:             1             16  org.opensearch.action.admin.indices.settings.get.TransportGetSettingsAction$$Lambda/0x00007fcd28ede058
9177:             1             16  org.opensearch.action.admin.indices.settings.put.TransportUpdateSettingsAction$$Lambda/0x00007fcd28ddf388
9178:             1             16  org.opensearch.action.admin.indices.settings.put.UpdateSettingsAction$$Lambda/0x00007fcd28be38e8
9179:             1             16  org.opensearch.action.admin.indices.shards.IndicesShardStoresAction$$Lambda/0x00007fcd28bdd6e0
9180:             1             16  org.opensearch.action.admin.indices.shards.TransportIndicesShardStoresAction$$Lambda/0x00007fcd28e75b78
9181:             1             16  org.opensearch.action.admin.indices.shrink.ResizeAction$$Lambda/0x00007fcd28bde570
9182:             1             16  org.opensearch.action.admin.indices.shrink.TransportResizeAction$$Lambda/0x00007fcd28f2e2b8
9183:             1             16  org.opensearch.action.admin.indices.stats.IndicesStatsAction$$Lambda/0x00007fcd28bdc820
9184:             1             16  org.opensearch.action.admin.indices.stats.TransportIndicesStatsAction$$Lambda/0x00007fcd28e23dc8
9185:             1             16  org.opensearch.action.admin.indices.template.delete.DeleteComponentTemplateAction$$Lambda/0x00007fcd28be60f0
9186:             1             16  org.opensearch.action.admin.indices.template.delete.DeleteComposableIndexTemplateAction$$Lambda/0x00007fcd28be7160
9187:             1             16  org.opensearch.action.admin.indices.template.delete.DeleteIndexTemplateAction$$Lambda/0x00007fcd28be5080
9188:             1             16  org.opensearch.action.admin.indices.template.delete.TransportDeleteComponentTemplateAction$$Lambda/0x00007fcd28e75960
9189:             1             16  org.opensearch.action.admin.indices.template.delete.TransportDeleteComposableIndexTemplateAction$$Lambda/0x00007fcd28f2c218
9190:             1             16  org.opensearch.action.admin.indices.template.delete.TransportDeleteIndexTemplateAction$$Lambda/0x00007fcd28f5f358
9191:             1             16  org.opensearch.action.admin.indices.template.get.GetComponentTemplateAction$$Lambda/0x00007fcd28be5c50
9192:             1             16  org.opensearch.action.admin.indices.template.get.GetComposableIndexTemplateAction$$Lambda/0x00007fcd28be6cc0
9193:             1             16  org.opensearch.action.admin.indices.template.get.GetIndexTemplatesAction$$Lambda/0x00007fcd28be4be0
9194:             1             16  org.opensearch.action.admin.indices.template.get.TransportGetComponentTemplateAction$$Lambda/0x00007fcd28e750d8
9195:             1             16  org.opensearch.action.admin.indices.template.get.TransportGetComposableIndexTemplateAction$$Lambda/0x00007fcd28efd4f0
9196:             1             16  org.opensearch.action.admin.indices.template.get.TransportGetIndexTemplatesAction$$Lambda/0x00007fcd28f2de60
9197:             1             16  org.opensearch.action.admin.indices.template.post.SimulateIndexTemplateAction$$Lambda/0x00007fcd28be7888
9198:             1             16  org.opensearch.action.admin.indices.template.post.SimulateTemplateAction$$Lambda/0x00007fcd28be7d28
9199:             1             16  org.opensearch.action.admin.indices.template.post.TransportSimulateIndexTemplateAction$$Lambda/0x00007fcd28e74a90
9200:             1             16  org.opensearch.action.admin.indices.template.post.TransportSimulateTemplateAction$$Lambda/0x00007fcd28f5f140
9201:             1             16  org.opensearch.action.admin.indices.template.put.PutComponentTemplateAction$$Lambda/0x00007fcd28be5520
9202:             1             16  org.opensearch.action.admin.indices.template.put.PutComposableIndexTemplateAction$$Lambda/0x00007fcd28be6590
9203:             1             16  org.opensearch.action.admin.indices.template.put.PutIndexTemplateAction$$Lambda/0x00007fcd28be44b0
9204:             1             16  org.opensearch.action.admin.indices.template.put.TransportPutComponentTemplateAction$$Lambda/0x00007fcd28e0d758
9205:             1             16  org.opensearch.action.admin.indices.template.put.TransportPutComposableIndexTemplateAction$$Lambda/0x00007fcd28f2e900
9206:             1             16  org.opensearch.action.admin.indices.template.put.TransportPutIndexTemplateAction$$Lambda/0x00007fcd28efd708
9207:             1             16  org.opensearch.action.admin.indices.upgrade.get.TransportUpgradeStatusAction$$Lambda/0x00007fcd28efe5c8
9208:             1             16  org.opensearch.action.admin.indices.upgrade.get.UpgradeStatusAction$$Lambda/0x00007fcd28beaeb8
9209:             1             16  org.opensearch.action.admin.indices.upgrade.post.TransportUpgradeAction$$Lambda/0x00007fcd28eded00
9210:             1             16  org.opensearch.action.admin.indices.upgrade.post.TransportUpgradeSettingsAction$$Lambda/0x00007fcd28f2f378
9211:             1             16  org.opensearch.action.admin.indices.upgrade.post.UpgradeAction$$Lambda/0x00007fcd28bea720
9212:             1             16  org.opensearch.action.admin.indices.upgrade.post.UpgradeSettingsAction$$Lambda/0x00007fcd28beb368
9213:             1             16  org.opensearch.action.admin.indices.validate.query.TransportValidateQueryAction$$Lambda/0x00007fcd28e74218
9214:             1             16  org.opensearch.action.admin.indices.validate.query.TransportValidateQueryAction$$Lambda/0x00007fcd28e74430
9215:             1             16  org.opensearch.action.admin.indices.validate.query.ValidateQueryAction$$Lambda/0x00007fcd28be8560
9216:             1             16  org.opensearch.action.bulk.BackoffPolicy$NoBackoff
9217:             1             16  org.opensearch.action.bulk.BulkAction$$Lambda/0x00007fcd28bf25d8
9218:             1             16  org.opensearch.action.bulk.BulkRequest$$Lambda/0x00007fcd2922af78
9219:             1             16  org.opensearch.action.bulk.BulkShardRequest$$Lambda/0x00007fcd29236f10
9220:             1             16  org.opensearch.action.bulk.BulkShardResponse$$Lambda/0x00007fcd2937efd8
9221:             1             16  org.opensearch.action.bulk.TransportBulkAction$$Lambda/0x00007fcd28eff8d8
9222:             1             16  org.opensearch.action.bulk.TransportBulkAction$$Lambda/0x00007fcd28effaf0
9223:             1             16  org.opensearch.action.bulk.TransportBulkAction$$Lambda/0x00007fcd2922bcd8
9224:             1             16  org.opensearch.action.bulk.TransportBulkAction$$Lambda/0x00007fcd29234000
9225:             1             16  org.opensearch.action.bulk.TransportBulkAction$$Lambda/0x00007fcd29234238
9226:             1             16  org.opensearch.action.bulk.TransportBulkAction$$Lambda/0x00007fcd29234470
9227:             1             16  org.opensearch.action.bulk.TransportBulkAction$BulkOperation$$Lambda/0x00007fcd292355f0
9228:             1             16  org.opensearch.action.bulk.TransportShardBulkAction$$Lambda/0x00007fcd28efe9f8
9229:             1             16  org.opensearch.action.bulk.TransportShardBulkAction$$Lambda/0x00007fcd28efec30
9230:             1             16  org.opensearch.action.bulk.TransportShardBulkAction$$Lambda/0x00007fcd28efee48
9231:             1             16  org.opensearch.action.bulk.TransportShardBulkAction$$Lambda/0x00007fcd28eff4a0
9232:             1             16  org.opensearch.action.bulk.TransportShardBulkAction$$Lambda/0x00007fcd28eff6b8
9233:             1             16  org.opensearch.action.delete.DeleteAction$$Lambda/0x00007fcd28bf0828
9234:             1             16  org.opensearch.action.delete.TransportDeleteAction$$Lambda/0x00007fcd28f2c000
9235:             1             16  org.opensearch.action.explain.ExplainAction$$Lambda/0x00007fcd28bf50e0
9236:             1             16  org.opensearch.action.explain.TransportExplainAction$$Lambda/0x00007fcd28ddddb8
9237:             1             16  org.opensearch.action.fieldcaps.FieldCapabilitiesAction$$Lambda/0x00007fcd28bf99a8
9238:             1             16  org.opensearch.action.fieldcaps.TransportFieldCapabilitiesAction$$Lambda/0x00007fcd28efe198
9239:             1             16  org.opensearch.action.fieldcaps.TransportFieldCapabilitiesIndexAction$$Lambda/0x00007fcd28efd920
9240:             1             16  org.opensearch.action.fieldcaps.TransportFieldCapabilitiesIndexAction$$Lambda/0x00007fcd28efdb38
9241:             1             16  org.opensearch.action.fieldcaps.TransportFieldCapabilitiesIndexAction$$Lambda/0x00007fcd28efdd50
9242:             1             16  org.opensearch.action.fieldcaps.TransportFieldCapabilitiesIndexAction$ShardTransportHandler
9243:             1             16  org.opensearch.action.get.GetAction$$Lambda/0x00007fcd28bee698
9244:             1             16  org.opensearch.action.get.MultiGetAction$$Lambda/0x00007fcd28bf1be8
9245:             1             16  org.opensearch.action.get.TransportGetAction$$Lambda/0x00007fcd28edf130
9246:             1             16  org.opensearch.action.get.TransportMultiGetAction$$Lambda/0x00007fcd28f2ca78
9247:             1             16  org.opensearch.action.get.TransportShardMultiGetAction$$Lambda/0x00007fcd28f2c860
9248:             1             16  org.opensearch.action.get.TransportShardMultiGetAction$$Lambda/0x00007fcd291dd288
9249:             1             16  org.opensearch.action.index.IndexAction$$Lambda/0x00007fcd28bedd10
9250:             1             16  org.opensearch.action.index.TransportIndexAction$$Lambda/0x00007fcd28f2ed30
9251:             1             16  org.opensearch.action.ingest.DeletePipelineAction$$Lambda/0x00007fcd28bfabf0
9252:             1             16  org.opensearch.action.ingest.DeletePipelineTransportAction$$Lambda/0x00007fcd28e20ad8
9253:             1             16  org.opensearch.action.ingest.GetPipelineAction$$Lambda/0x00007fcd28bfa750
9254:             1             16  org.opensearch.action.ingest.GetPipelineTransportAction$$Lambda/0x00007fcd28f7df68
9255:             1             16  org.opensearch.action.ingest.PutPipelineAction$$Lambda/0x00007fcd28bf9ff0
9256:             1             16  org.opensearch.action.ingest.PutPipelineTransportAction$$Lambda/0x00007fcd28f7d4f0
9257:             1             16  org.opensearch.action.ingest.SimulateExecutionService
9258:             1             16  org.opensearch.action.ingest.SimulatePipelineAction$$Lambda/0x00007fcd28bfb530
9259:             1             16  org.opensearch.action.ingest.SimulatePipelineTransportAction$$Lambda/0x00007fcd28ddf5a0
9260:             1             16  org.opensearch.action.main.MainAction$$Lambda/0x00007fcd28bcf828
9261:             1             16  org.opensearch.action.main.TransportMainAction$$Lambda/0x00007fcd28ede8b8
9262:             1             16  org.opensearch.action.main.TransportMainAction$$Lambda/0x00007fcd28edead0
9263:             1             16  org.opensearch.action.resync.TransportResyncReplicationAction$$Lambda/0x00007fcd28dbe610
9264:             1             16  org.opensearch.action.resync.TransportResyncReplicationAction$$Lambda/0x00007fcd28dbe848
9265:             1             16  org.opensearch.action.resync.TransportResyncReplicationAction$$Lambda/0x00007fcd28dbea60
9266:             1             16  org.opensearch.action.search.ClearScrollAction$$Lambda/0x00007fcd28bf5850
9267:             1             16  org.opensearch.action.search.CreatePitAction$$Lambda/0x00007fcd28c93610
9268:             1             16  org.opensearch.action.search.DeletePitAction$$Lambda/0x00007fcd28c93cf8
9269:             1             16  org.opensearch.action.search.DeleteSearchPipelineAction$$Lambda/0x00007fcd28c96ec0
9270:             1             16  org.opensearch.action.search.DeleteSearchPipelineTransportAction$$Lambda/0x00007fcd28e75d90
9271:             1             16  org.opensearch.action.search.GetAllPitsAction$$Lambda/0x00007fcd28c948a8
9272:             1             16  org.opensearch.action.search.GetSearchPipelineAction$$Lambda/0x00007fcd28c96a20
9273:             1             16  org.opensearch.action.search.GetSearchPipelineTransportAction$$Lambda/0x00007fcd28e74ca8
9274:             1             16  org.opensearch.action.search.MultiSearchAction$$Lambda/0x00007fcd28bf49b0
9275:             1             16  org.opensearch.action.search.PutSearchPipelineAction$$Lambda/0x00007fcd28c962c0
9276:             1             16  org.opensearch.action.search.PutSearchPipelineTransportAction$$Lambda/0x00007fcd28e75748
9277:             1             16  org.opensearch.action.search.QueryPhaseResultConsumer$$Lambda/0x00007fcd29222a98
9278:             1             16  org.opensearch.action.search.QueryPhaseResultConsumer$PendingMerges$$Lambda/0x00007fcd29227738
9279:             1             16  org.opensearch.action.search.SearchAction$$Lambda/0x00007fcd28bf4088
9280:             1             16  org.opensearch.action.search.SearchExecutionStatsCollector$$Lambda/0x00007fcd28ce2248
9281:             1             16  org.opensearch.action.search.SearchPhaseController$$Lambda/0x00007fcd29227950
9282:             1             16  org.opensearch.action.search.SearchProgressListener$$Lambda/0x00007fcd29206fa0
9283:             1             16  org.opensearch.action.search.SearchProgressListener$$Lambda/0x00007fcd29225000
9284:             1             16  org.opensearch.action.search.SearchProgressListener$$Lambda/0x00007fcd29225238
9285:             1             16  org.opensearch.action.search.SearchProgressListener$$Lambda/0x00007fcd29227da0
9286:             1             16  org.opensearch.action.search.SearchProgressListener$1
9287:             1             16  org.opensearch.action.search.SearchRequestOperationsCompositeListenerFactory
9288:             1             16  org.opensearch.action.search.SearchRequestOperationsListener$1
9289:             1             16  org.opensearch.action.search.SearchRequestSlowLog$$Lambda/0x00007fcd28700000
9290:             1             16  org.opensearch.action.search.SearchRequestSlowLog$$Lambda/0x00007fcd288bfcc8
9291:             1             16  org.opensearch.action.search.SearchRequestSlowLog$$Lambda/0x00007fcd288c0000
9292:             1             16  org.opensearch.action.search.SearchRequestSlowLog$$Lambda/0x00007fcd288c0230
9293:             1             16  org.opensearch.action.search.SearchRequestSlowLog$$Lambda/0x00007fcd288c0460
9294:             1             16  org.opensearch.action.search.SearchRequestSlowLog$$Lambda/0x00007fcd288c0690
9295:             1             16  org.opensearch.action.search.SearchRequestStats$$Lambda/0x00007fcd288bf1e0
9296:             1             16  org.opensearch.action.search.SearchScrollAction$$Lambda/0x00007fcd28bf42a0
9297:             1             16  org.opensearch.action.search.SearchShardIterator$$Lambda/0x00007fcd291e2240
9298:             1             16  org.opensearch.action.search.SearchTransportService$$Lambda/0x00007fcd28e0dda0
9299:             1             16  org.opensearch.action.search.SearchTransportService$$Lambda/0x00007fcd28e0dfb8
9300:             1             16  org.opensearch.action.search.SearchTransportService$$Lambda/0x00007fcd28e0e1d8
9301:             1             16  org.opensearch.action.search.SearchTransportService$$Lambda/0x00007fcd28e0e3f0
9302:             1             16  org.opensearch.action.search.SearchTransportService$$Lambda/0x00007fcd28e0e608
9303:             1             16  org.opensearch.action.search.SearchTransportService$$Lambda/0x00007fcd28e0e828
9304:             1             16  org.opensearch.action.search.SearchTransportService$$Lambda/0x00007fcd28e0ea40
9305:             1             16  org.opensearch.action.search.SearchTransportService$$Lambda/0x00007fcd28e0ec58
9306:             1             16  org.opensearch.action.search.SearchTransportService$$Lambda/0x00007fcd28e0ee78
9307:             1             16  org.opensearch.action.search.SearchTransportService$$Lambda/0x00007fcd28e0f090
9308:             1             16  org.opensearch.action.search.SearchTransportService$$Lambda/0x00007fcd28e0f2a8
9309:             1             16  org.opensearch.action.search.SearchTransportService$$Lambda/0x00007fcd28e0f4c8
9310:             1             16  org.opensearch.action.search.SearchTransportService$$Lambda/0x00007fcd28e0f6e0
9311:             1             16  org.opensearch.action.search.SearchTransportService$$Lambda/0x00007fcd28e0f8f8
9312:             1             16  org.opensearch.action.search.SearchTransportService$$Lambda/0x00007fcd28e1c000
9313:             1             16  org.opensearch.action.search.SearchTransportService$$Lambda/0x00007fcd28e1c218
9314:             1             16  org.opensearch.action.search.SearchTransportService$$Lambda/0x00007fcd28e1c430
9315:             1             16  org.opensearch.action.search.SearchTransportService$$Lambda/0x00007fcd28e1c650
9316:             1             16  org.opensearch.action.search.SearchTransportService$$Lambda/0x00007fcd28e1caa8
9317:             1             16  org.opensearch.action.search.SearchTransportService$$Lambda/0x00007fcd28e1ccc0
9318:             1             16  org.opensearch.action.search.SearchTransportService$$Lambda/0x00007fcd28e1cee0
9319:             1             16  org.opensearch.action.search.SearchTransportService$$Lambda/0x00007fcd28e1d0f8
9320:             1             16  org.opensearch.action.search.SearchTransportService$$Lambda/0x00007fcd28e1d310
9321:             1             16  org.opensearch.action.search.SearchTransportService$$Lambda/0x00007fcd28e1d7c8
9322:             1             16  org.opensearch.action.search.SearchTransportService$$Lambda/0x00007fcd28e1d9e0
9323:             1             16  org.opensearch.action.search.SearchTransportService$$Lambda/0x00007fcd28e1dbf8
9324:             1             16  org.opensearch.action.search.SearchTransportService$$Lambda/0x00007fcd28e1e0b0
9325:             1             16  org.opensearch.action.search.SearchTransportService$$Lambda/0x00007fcd28e1e2c8
9326:             1             16  org.opensearch.action.search.SearchTransportService$$Lambda/0x00007fcd28e1e4e0
9327:             1             16  org.opensearch.action.search.SearchTransportService$$Lambda/0x00007fcd28e1e9a0
9328:             1             16  org.opensearch.action.search.SearchTransportService$$Lambda/0x00007fcd28e1ebb8
9329:             1             16  org.opensearch.action.search.SearchTransportService$$Lambda/0x00007fcd28e1edd0
9330:             1             16  org.opensearch.action.search.SearchTransportService$$Lambda/0x00007fcd28e1eff0
9331:             1             16  org.opensearch.action.search.SearchTransportService$$Lambda/0x00007fcd28e1f208
9332:             1             16  org.opensearch.action.search.SearchTransportService$$Lambda/0x00007fcd28e1f420
9333:             1             16  org.opensearch.action.search.SearchTransportService$$Lambda/0x00007fcd28e1f640
9334:             1             16  org.opensearch.action.search.SearchTransportService$$Lambda/0x00007fcd28e1f858
9335:             1             16  org.opensearch.action.search.SearchTransportService$$Lambda/0x00007fcd28e1fa70
9336:             1             16  org.opensearch.action.search.SearchTransportService$$Lambda/0x00007fcd28e1fc90
9337:             1             16  org.opensearch.action.search.SearchTransportService$$Lambda/0x00007fcd28e20000
9338:             1             16  org.opensearch.action.search.SearchTransportService$$Lambda/0x00007fcd28e20218
9339:             1             16  org.opensearch.action.search.SearchTransportService$$Lambda/0x00007fcd28e20690
9340:             1             16  org.opensearch.action.search.SearchTransportService$$Lambda/0x00007fcd29207838
9341:             1             16  org.opensearch.action.search.SearchTransportService$ConnectionCountingHandler$$Lambda/0x00007fcd29207ce8
9342:             1             16  org.opensearch.action.search.SearchTransportService$ConnectionCountingHandler$$Lambda/0x00007fcd29226000
9343:             1             16  org.opensearch.action.search.TransportClearScrollAction$$Lambda/0x00007fcd28f7dd50
9344:             1             16  org.opensearch.action.search.TransportCreatePitAction$$Lambda/0x00007fcd28e776e0
9345:             1             16  org.opensearch.action.search.TransportDeletePitAction$$Lambda/0x00007fcd28f7d708
9346:             1             16  org.opensearch.action.search.TransportGetAllPitsAction$$Lambda/0x00007fcd28f7c430
9347:             1             16  org.opensearch.action.search.TransportGetAllPitsAction$$Lambda/0x00007fcd28f7c648
9348:             1             16  org.opensearch.action.search.TransportMultiSearchAction$$Lambda/0x00007fcd28f2da30
9349:             1             16  org.opensearch.action.search.TransportMultiSearchAction$$Lambda/0x00007fcd28f2dc48
9350:             1             16  org.opensearch.action.search.TransportSearchAction$$Lambda/0x00007fcd28e0db88
9351:             1             16  org.opensearch.action.search.TransportSearchAction$$Lambda/0x00007fcd28e208a8
9352:             1             16  org.opensearch.action.search.TransportSearchAction$$Lambda/0x00007fcd291dba70
9353:             1             16  org.opensearch.action.search.TransportSearchAction$$Lambda/0x00007fcd291e75e0
9354:             1             16  org.opensearch.action.search.TransportSearchScrollAction$$Lambda/0x00007fcd28e76e68
9355:             1             16  org.opensearch.action.support.ActionFilters
9356:             1             16  org.opensearch.action.support.AutoCreateIndex$$Lambda/0x00007fcd286e8000
9357:             1             16  org.opensearch.action.support.AutoCreateIndex$$Lambda/0x00007fcd28c97c40
9358:             1             16  org.opensearch.action.support.DestructiveOperations
9359:             1             16  org.opensearch.action.support.DestructiveOperations$$Lambda/0x00007fcd28c98000
9360:             1             16  org.opensearch.action.support.TransportAction$$Lambda/0x00007fcd291be1f8
9361:             1             16  org.opensearch.action.support.broadcast.TransportBroadcastAction$ShardTransportHandler
9362:             1             16  org.opensearch.action.support.broadcast.node.TransportBroadcastByNodeAction$$Lambda/0x00007fcd29376630
9363:             1             16  org.opensearch.action.support.clustermanager.term.GetTermVersionAction$$Lambda/0x00007fcd28bd3d90
9364:             1             16  org.opensearch.action.support.clustermanager.term.TransportGetTermVersionAction$$Lambda/0x00007fcd28e74000
9365:             1             16  org.opensearch.action.support.master.AcknowledgedResponse$$Lambda/0x00007fcd293788a0
9366:             1             16  org.opensearch.action.support.master.AcknowledgedResponse$$Lambda/0x00007fcd29378ad8
9367:             1             16  org.opensearch.action.support.nodes.BaseNodesRequest$$Lambda/0x00007fcd291a53a0
9368:             1             16  org.opensearch.action.support.nodes.BaseNodesRequest$$Lambda/0x00007fcd291a55b8
9369:             1             16  org.opensearch.action.support.nodes.TransportNodesAction$$Lambda/0x00007fcd291beef0
9370:             1             16  org.opensearch.action.support.replication.PendingReplicationActions$$Lambda/0x00007fcd293761c8
9371:             1             16  org.opensearch.action.support.replication.ReplicationRequest$$Lambda/0x00007fcd2937a728
9372:             1             16  org.opensearch.action.support.replication.TransportReplicationAction$$Lambda/0x00007fcd28eff060
9373:             1             16  org.opensearch.action.support.replication.TransportReplicationAction$$Lambda/0x00007fcd28eff280
9374:             1             16  org.opensearch.action.support.replication.TransportReplicationAction$$Lambda/0x00007fcd2937a940
9375:             1             16  org.opensearch.action.support.replication.TransportReplicationAction$$Lambda/0x00007fcd293ae930
9376:             1             16  org.opensearch.action.support.replication.TransportReplicationAction$AsyncPrimaryAction$$Lambda/0x00007fcd293b21b0
9377:             1             16  org.opensearch.action.support.replication.TransportReplicationAction$ReplicasProxy$$Lambda/0x00007fcd293b5520
9378:             1             16  org.opensearch.action.support.single.instance.TransportInstanceSingleOperationAction$ShardTransportHandler
9379:             1             16  org.opensearch.action.support.single.shard.TransportSingleShardAction$AsyncSingleAction$$Lambda/0x00007fcd291dd070
9380:             1             16  org.opensearch.action.termvectors.MultiTermVectorsAction$$Lambda/0x00007fcd28befa70
9381:             1             16  org.opensearch.action.termvectors.TermVectorsAction$$Lambda/0x00007fcd28bef2f8
9382:             1             16  org.opensearch.action.termvectors.TransportMultiTermVectorsAction$$Lambda/0x00007fcd28e77b10
9383:             1             16  org.opensearch.action.termvectors.TransportShardMultiTermsVectorAction$$Lambda/0x00007fcd28e778f8
9384:             1             16  org.opensearch.action.termvectors.TransportTermVectorsAction$$Lambda/0x00007fcd28edc698
9385:             1             16  org.opensearch.action.update.TransportUpdateAction$$Lambda/0x00007fcd28e75fa8
9386:             1             16  org.opensearch.action.update.UpdateAction$$Lambda/0x00007fcd28bf1210
9387:             1             16  org.opensearch.action.update.UpdateHelper
9388:             1             16  org.opensearch.ad.caching.ADCacheProvider
9389:             1             16  org.opensearch.ad.indices.ADIndex$$Lambda/0x00007fcd289c7610
9390:             1             16  org.opensearch.ad.indices.ADIndex$$Lambda/0x00007fcd289c7828
9391:             1             16  org.opensearch.ad.indices.ADIndex$$Lambda/0x00007fcd289c7a40
9392:             1             16  org.opensearch.ad.indices.ADIndex$$Lambda/0x00007fcd289c7c58
9393:             1             16  org.opensearch.ad.indices.ADIndex$$Lambda/0x00007fcd289cc000
9394:             1             16  org.opensearch.ad.indices.ADIndex$$Lambda/0x00007fcd289cc218
9395:             1             16  org.opensearch.ad.indices.ADIndexManagement$$Lambda/0x00007fcd289cca08
9396:             1             16  org.opensearch.ad.indices.ADIndexManagement$$Lambda/0x00007fcd289ccc20
9397:             1             16  org.opensearch.ad.indices.ADIndexManagement$$Lambda/0x00007fcd289cce50
9398:             1             16  org.opensearch.ad.indices.ADIndexManagement$$Lambda/0x00007fcd289cd080
9399:             1             16  org.opensearch.ad.indices.ADIndexManagement$$Lambda/0x00007fcd289cd2b0
9400:             1             16  org.opensearch.ad.ml.ADModelManager$$Lambda/0x00007fcd28a154f8
9401:             1             16  org.opensearch.ad.ml.ADModelManager$$Lambda/0x00007fcd29016f28
9402:             1             16  org.opensearch.ad.ml.ADModelManager$$Lambda/0x00007fcd29017c40
9403:             1             16  org.opensearch.ad.model.AnomalyDetector$$Lambda/0x00007fcd2857a7f0
9404:             1             16  org.opensearch.ad.model.AnomalyResult$$Lambda/0x00007fcd2857b468
9405:             1             16  org.opensearch.ad.model.DetectorInternalState$$Lambda/0x00007fcd2857b8f8
9406:             1             16  org.opensearch.ad.ratelimit.ADCheckpointMaintainWorker$$Lambda/0x00007fcd28a12c28
9407:             1             16  org.opensearch.ad.ratelimit.ADCheckpointMaintainWorker$$Lambda/0x00007fcd28a12e58
9408:             1             16  org.opensearch.ad.ratelimit.ADResultWriteWorker$$Lambda/0x00007fcd28a17138
9409:             1             16  org.opensearch.ad.rest.AbstractADSearchAction$$Lambda/0x00007fcd2900f068
9410:             1             16  org.opensearch.ad.rest.RestAnomalyDetectorJobAction$$Lambda/0x00007fcd29010b20
9411:             1             16  org.opensearch.ad.rest.RestExecuteAnomalyDetectorAction$$Lambda/0x00007fcd2900fda0
9412:             1             16  org.opensearch.ad.stats.ADStats
9413:             1             16  org.opensearch.ad.stats.suppliers.ADModelsOnNodeSupplier$$Lambda/0x00007fcd28a27ba0
9414:             1             16  org.opensearch.ad.task.ADBatchTaskRunner$$Lambda/0x00007fcd28a372b0
9415:             1             16  org.opensearch.ad.task.ADBatchTaskRunner$$Lambda/0x00007fcd28a374e0
9416:             1             16  org.opensearch.ad.task.ADBatchTaskRunner$$Lambda/0x00007fcd28a37710
9417:             1             16  org.opensearch.ad.task.ADBatchTaskRunner$$Lambda/0x00007fcd28a37940
9418:             1             16  org.opensearch.ad.task.ADBatchTaskRunner$$Lambda/0x00007fcd28a37b70
9419:             1             16  org.opensearch.ad.task.ADTaskCacheManager$$Lambda/0x00007fcd28a2e2e8
9420:             1             16  org.opensearch.ad.task.ADTaskCacheManager$$Lambda/0x00007fcd293188b0
9421:             1             16  org.opensearch.ad.task.ADTaskManager$$Lambda/0x00007fcd28a36548
9422:             1             16  org.opensearch.ad.task.ADTaskManager$$Lambda/0x00007fcd28a36778
9423:             1             16  org.opensearch.ad.task.ADTaskManager$$Lambda/0x00007fcd28a369a8
9424:             1             16  org.opensearch.ad.task.ADTaskManager$$Lambda/0x00007fcd28a36bd8
9425:             1             16  org.opensearch.ad.transport.ADBatchAnomalyResultAction$$Lambda/0x00007fcd28c20688
9426:             1             16  org.opensearch.ad.transport.ADBatchAnomalyResultTransportAction$$Lambda/0x00007fcd28e3c230
9427:             1             16  org.opensearch.ad.transport.ADBatchTaskRemoteExecutionAction$$Lambda/0x00007fcd28c20ab8
9428:             1             16  org.opensearch.ad.transport.ADBatchTaskRemoteExecutionTransportAction$$Lambda/0x00007fcd28f1e2d0
9429:             1             16  org.opensearch.ad.transport.ADCancelTaskAction$$Lambda/0x00007fcd28c21858
9430:             1             16  org.opensearch.ad.transport.ADCancelTaskTransportAction$$Lambda/0x00007fcd28e3d578
9431:             1             16  org.opensearch.ad.transport.ADCancelTaskTransportAction$$Lambda/0x00007fcd28e3d790
9432:             1             16  org.opensearch.ad.transport.ADEntityProfileAction$$Lambda/0x00007fcd28c1ed20
9433:             1             16  org.opensearch.ad.transport.ADProfileAction$$Lambda/0x00007fcd28a388c8
9434:             1             16  org.opensearch.ad.transport.ADResultBulkAction$$Lambda/0x00007fcd28c1dfc0
9435:             1             16  org.opensearch.ad.transport.ADResultBulkTransportAction$$Lambda/0x00007fcd28d9d6f8
9436:             1             16  org.opensearch.ad.transport.ADResultBulkTransportAction$$Lambda/0x00007fcd28d9d910
9437:             1             16  org.opensearch.ad.transport.ADResultBulkTransportAction$$Lambda/0x00007fcd28d9db40
9438:             1             16  org.opensearch.ad.transport.ADSingleStreamResultAction$$Lambda/0x00007fcd28c23550
9439:             1             16  org.opensearch.ad.transport.ADStatsNodesAction$$Lambda/0x00007fcd28c19500
9440:             1             16  org.opensearch.ad.transport.ADTaskProfileAction$$Lambda/0x00007fcd28c21158
9441:             1             16  org.opensearch.ad.transport.ADTaskProfileTransportAction$$Lambda/0x00007fcd28d9f0b8
9442:             1             16  org.opensearch.ad.transport.ADTaskProfileTransportAction$$Lambda/0x00007fcd28d9f2d0
9443:             1             16  org.opensearch.ad.transport.AnomalyDetectorJobAction$$Lambda/0x00007fcd28c1d730
9444:             1             16  org.opensearch.ad.transport.AnomalyResultAction$$Lambda/0x00007fcd28a399f0
9445:             1             16  org.opensearch.ad.transport.AnomalyResultTransportAction$$Lambda/0x00007fcd28d9f4e8
9446:             1             16  org.opensearch.ad.transport.CronAction$$Lambda/0x00007fcd28c18db0
9447:             1             16  org.opensearch.ad.transport.DeleteADModelAction$$Lambda/0x00007fcd28a430a8
9448:             1             16  org.opensearch.ad.transport.DeleteAnomalyDetectorAction$$Lambda/0x00007fcd28c1bdd0
9449:             1             16  org.opensearch.ad.transport.DeleteAnomalyResultsAction$$Lambda/0x00007fcd28c22118
9450:             1             16  org.opensearch.ad.transport.DeleteAnomalyResultsTransportAction$$Lambda/0x00007fcd28e3cac0
9451:             1             16  org.opensearch.ad.transport.DeleteAnomalyResultsTransportAction$$Lambda/0x00007fcd28e3ccd8
9452:             1             16  org.opensearch.ad.transport.EntityADResultAction$$Lambda/0x00007fcd28c1e640
9453:             1             16  org.opensearch.ad.transport.EntityADResultTransportAction$$Lambda/0x00007fcd28e3d9a8
9454:             1             16  org.opensearch.ad.transport.ForwardADTaskAction$$Lambda/0x00007fcd28c21ce8
9455:             1             16  org.opensearch.ad.transport.ForwardADTaskTransportAction$$Lambda/0x00007fcd28f1cf68
9456:             1             16  org.opensearch.ad.transport.GetAnomalyDetectorAction$$Lambda/0x00007fcd28c1c6d0
9457:             1             16  org.opensearch.ad.transport.IndexAnomalyDetectorAction$$Lambda/0x00007fcd28c1d068
9458:             1             16  org.opensearch.ad.transport.IndexAnomalyDetectorTransportAction$$Lambda/0x00007fcd28f1c690
9459:             1             16  org.opensearch.ad.transport.IndexAnomalyDetectorTransportAction$$Lambda/0x00007fcd28f1c8a8
9460:             1             16  org.opensearch.ad.transport.PreviewAnomalyDetectorAction$$Lambda/0x00007fcd28c20000
9461:             1             16  org.opensearch.ad.transport.PreviewAnomalyDetectorTransportAction$$Lambda/0x00007fcd28e3fd58
9462:             1             16  org.opensearch.ad.transport.PreviewAnomalyDetectorTransportAction$$Lambda/0x00007fcd28f1c000
9463:             1             16  org.opensearch.ad.transport.PreviewAnomalyDetectorTransportAction$$Lambda/0x00007fcd28f1c230
9464:             1             16  org.opensearch.ad.transport.PreviewAnomalyDetectorTransportAction$$Lambda/0x00007fcd28f1c460
9465:             1             16  org.opensearch.ad.transport.RCFPollingAction$$Lambda/0x00007fcd28c1a3a8
9466:             1             16  org.opensearch.ad.transport.RCFPollingTransportAction$$Lambda/0x00007fcd28f1e700
9467:             1             16  org.opensearch.ad.transport.RCFResultAction$$Lambda/0x00007fcd28a43ca0
9468:             1             16  org.opensearch.ad.transport.RCFResultTransportAction$$Lambda/0x00007fcd28d9e5e8
9469:             1             16  org.opensearch.ad.transport.SearchADTasksAction$$Lambda/0x00007fcd28c1b078
9470:             1             16  org.opensearch.ad.transport.SearchADTasksTransportAction$$Lambda/0x00007fcd28f1e0b8
9471:             1             16  org.opensearch.ad.transport.SearchAnomalyDetectorAction$$Lambda/0x00007fcd28c1a7d8
9472:             1             16  org.opensearch.ad.transport.SearchAnomalyDetectorInfoAction$$Lambda/0x00007fcd28c1f600
9473:             1             16  org.opensearch.ad.transport.SearchAnomalyDetectorTransportAction$$Lambda/0x00007fcd28e3f2c8
9474:             1             16  org.opensearch.ad.transport.SearchAnomalyResultAction$$Lambda/0x00007fcd28c1ac08
9475:             1             16  org.opensearch.ad.transport.SearchAnomalyResultTransportAction$$Lambda/0x00007fcd28f1cad8
9476:             1             16  org.opensearch.ad.transport.SearchTopAnomalyResultAction$$Lambda/0x00007fcd28c227e0
9477:             1             16  org.opensearch.ad.transport.SearchTopAnomalyResultTransportAction$$Lambda/0x00007fcd28e3e638
9478:             1             16  org.opensearch.ad.transport.StatsAnomalyDetectorAction$$Lambda/0x00007fcd28c1b738
9479:             1             16  org.opensearch.ad.transport.StopDetectorAction$$Lambda/0x00007fcd28a39e98
9480:             1             16  org.opensearch.ad.transport.StopDetectorTransportAction$$Lambda/0x00007fcd28e3f4e0
9481:             1             16  org.opensearch.ad.transport.ThresholdResultAction$$Lambda/0x00007fcd28c184b0
9482:             1             16  org.opensearch.ad.transport.ThresholdResultTransportAction$$Lambda/0x00007fcd28f1e4e8
9483:             1             16  org.opensearch.ad.transport.ValidateAnomalyDetectorAction$$Lambda/0x00007fcd28c22ea8
9484:             1             16  org.opensearch.agent.tools.PPLTool$Factory
9485:             1             16  org.opensearch.agent.tools.SearchAlertsTool$Factory
9486:             1             16  org.opensearch.agent.tools.SearchMonitorsTool$Factory
9487:             1             16  org.opensearch.alerting.AlertService$Companion
9488:             1             16  org.opensearch.alerting.AlertingPlugin$$Lambda/0x00007fcd286228c0
9489:             1             16  org.opensearch.alerting.AlertingPlugin$$Lambda/0x00007fcd28622ad8
9490:             1             16  org.opensearch.alerting.AlertingPlugin$Companion
9491:             1             16  org.opensearch.alerting.MonitorMetadataService
9492:             1             16  org.opensearch.alerting.MonitorMetadataService$$Lambda/0x00007fcd28a98420
9493:             1             16  org.opensearch.alerting.MonitorRunnerService$$Lambda/0x00007fcd28a8a600
9494:             1             16  org.opensearch.alerting.MonitorRunnerService$$Lambda/0x00007fcd28a8a828
9495:             1             16  org.opensearch.alerting.MonitorRunnerService$$Lambda/0x00007fcd28a8aa50
9496:             1             16  org.opensearch.alerting.MonitorRunnerService$$Lambda/0x00007fcd28a8ac78
9497:             1             16  org.opensearch.alerting.MonitorRunnerService$$Lambda/0x00007fcd28a8aea0
9498:             1             16  org.opensearch.alerting.MonitorRunnerService$$Lambda/0x00007fcd28a8b0c8
9499:             1             16  org.opensearch.alerting.MonitorRunnerService$$Lambda/0x00007fcd28a8b2f0
9500:             1             16  org.opensearch.alerting.MonitorRunnerService$$Lambda/0x00007fcd28a8b518
9501:             1             16  org.opensearch.alerting.MonitorRunnerService$$Lambda/0x00007fcd28a8b740
9502:             1             16  org.opensearch.alerting.MonitorRunnerService$$Lambda/0x00007fcd28a8b968
9503:             1             16  org.opensearch.alerting.MonitorRunnerService$$Lambda/0x00007fcd28a8bb90
9504:             1             16  org.opensearch.alerting.WorkflowMetadataService
9505:             1             16  org.opensearch.alerting.WorkflowMetadataService$$Lambda/0x00007fcd28a98868
9506:             1             16  org.opensearch.alerting.action.DocLevelMonitorFanOutAction$$Lambda/0x00007fcd28c35f10
9507:             1             16  org.opensearch.alerting.action.DocLevelMonitorFanOutAction$Companion
9508:             1             16  org.opensearch.alerting.action.ExecuteMonitorAction$$Lambda/0x00007fcd28c2ed10
9509:             1             16  org.opensearch.alerting.action.ExecuteMonitorAction$Companion
9510:             1             16  org.opensearch.alerting.action.ExecuteWorkflowAction$$Lambda/0x00007fcd28c34930
9511:             1             16  org.opensearch.alerting.action.ExecuteWorkflowAction$Companion
9512:             1             16  org.opensearch.alerting.action.GetDestinationsAction$$Lambda/0x00007fcd28c328b0
9513:             1             16  org.opensearch.alerting.action.GetDestinationsAction$Companion
9514:             1             16  org.opensearch.alerting.action.GetEmailAccountAction$$Lambda/0x00007fcd28c30288
9515:             1             16  org.opensearch.alerting.action.GetEmailAccountAction$Companion
9516:             1             16  org.opensearch.alerting.action.GetEmailGroupAction$$Lambda/0x00007fcd28c315a0
9517:             1             16  org.opensearch.alerting.action.GetEmailGroupAction$Companion
9518:             1             16  org.opensearch.alerting.action.GetRemoteIndexesAction$$Lambda/0x00007fcd28c353f8
9519:             1             16  org.opensearch.alerting.action.GetRemoteIndexesAction$Companion
9520:             1             16  org.opensearch.alerting.action.SearchEmailAccountAction$$Lambda/0x00007fcd28c30ad0
9521:             1             16  org.opensearch.alerting.action.SearchEmailAccountAction$Companion
9522:             1             16  org.opensearch.alerting.action.SearchEmailGroupAction$$Lambda/0x00007fcd28c31de8
9523:             1             16  org.opensearch.alerting.action.SearchEmailGroupAction$Companion
9524:             1             16  org.opensearch.alerting.alerts.AlertIndices$$Lambda/0x00007fcd288a30c8
9525:             1             16  org.opensearch.alerting.alerts.AlertIndices$$Lambda/0x00007fcd288a32f8
9526:             1             16  org.opensearch.alerting.alerts.AlertIndices$$Lambda/0x00007fcd288a3528
9527:             1             16  org.opensearch.alerting.alerts.AlertIndices$$Lambda/0x00007fcd288a3758
9528:             1             16  org.opensearch.alerting.alerts.AlertIndices$$Lambda/0x00007fcd288a3988
9529:             1             16  org.opensearch.alerting.alerts.AlertIndices$$Lambda/0x00007fcd288a3bb8
9530:             1             16  org.opensearch.alerting.alerts.AlertIndices$$Lambda/0x00007fcd28a88000
9531:             1             16  org.opensearch.alerting.alerts.AlertIndices$$Lambda/0x00007fcd28a88230
9532:             1             16  org.opensearch.alerting.alerts.AlertIndices$$Lambda/0x00007fcd28a88460
9533:             1             16  org.opensearch.alerting.alerts.AlertIndices$$Lambda/0x00007fcd28a88690
9534:             1             16  org.opensearch.alerting.alerts.AlertIndices$$Lambda/0x00007fcd28a888c0
9535:             1             16  org.opensearch.alerting.alerts.AlertIndices$Companion
9536:             1             16  org.opensearch.alerting.comments.CommentsIndices$$Lambda/0x00007fcd28a8c7e8
9537:             1             16  org.opensearch.alerting.comments.CommentsIndices$$Lambda/0x00007fcd28a8ca18
9538:             1             16  org.opensearch.alerting.comments.CommentsIndices$$Lambda/0x00007fcd28a8cc48
9539:             1             16  org.opensearch.alerting.comments.CommentsIndices$$Lambda/0x00007fcd28a8ce78
9540:             1             16  org.opensearch.alerting.comments.CommentsIndices$Companion
9541:             1             16  org.opensearch.alerting.core.JobSweeper$$Lambda/0x00007fcd28a8d568
9542:             1             16  org.opensearch.alerting.core.JobSweeper$$Lambda/0x00007fcd28a8d798
9543:             1             16  org.opensearch.alerting.core.JobSweeper$$Lambda/0x00007fcd28a8d9c8
9544:             1             16  org.opensearch.alerting.core.JobSweeper$$Lambda/0x00007fcd28a8dbf8
9545:             1             16  org.opensearch.alerting.core.JobSweeper$$Lambda/0x00007fcd28a8de28
9546:             1             16  org.opensearch.alerting.core.JobSweeper$$Lambda/0x00007fcd28a8e058
9547:             1             16  org.opensearch.alerting.core.JobSweeper$$Lambda/0x00007fcd29019560
9548:             1             16  org.opensearch.alerting.core.ScheduledJobIndices$Companion
9549:             1             16  org.opensearch.alerting.core.action.node.ScheduledJobsStatsAction$$Lambda/0x00007fcd28a99390
9550:             1             16  org.opensearch.alerting.core.action.node.ScheduledJobsStatsAction$Companion
9551:             1             16  org.opensearch.alerting.core.action.node.ScheduledJobsStatsTransportAction$$Lambda/0x00007fcd28dfc430
9552:             1             16  org.opensearch.alerting.core.action.node.ScheduledJobsStatsTransportAction$$Lambda/0x00007fcd28dfc648
9553:             1             16  org.opensearch.alerting.core.lock.LockService$Companion
9554:             1             16  org.opensearch.alerting.core.resthandler.RestScheduledJobStatsHandler$Companion
9555:             1             16  org.opensearch.alerting.core.resthandler.RestScheduledJobStatsHandler$Companion$METRICS$1
9556:             1             16  org.opensearch.alerting.core.resthandler.RestScheduledJobStatsHandler$Companion$METRICS$2
9557:             1             16  org.opensearch.alerting.core.settings.LegacyOpenDistroScheduledJobSettings$Companion
9558:             1             16  org.opensearch.alerting.core.settings.ScheduledJobSettings$Companion
9559:             1             16  org.opensearch.alerting.model.AlertContext$Companion
9560:             1             16  org.opensearch.alerting.resthandler.RestGetRemoteIndexesAction$Companion
9561:             1             16  org.opensearch.alerting.resthandler.RestSearchMonitorAction$$Lambda/0x00007fcd28f85208
9562:             1             16  org.opensearch.alerting.script.TriggerScript$Companion
9563:             1             16  org.opensearch.alerting.service.DeleteMonitorService
9564:             1             16  org.opensearch.alerting.settings.AlertingSettings$Companion
9565:             1             16  org.opensearch.alerting.settings.DestinationSettings$$Lambda/0x00007fcd2846acf0
9566:             1             16  org.opensearch.alerting.settings.DestinationSettings$$Lambda/0x00007fcd2846af28
9567:             1             16  org.opensearch.alerting.settings.DestinationSettings$Companion
9568:             1             16  org.opensearch.alerting.settings.LegacyOpenDistroAlertingSettings$Companion
9569:             1             16  org.opensearch.alerting.settings.LegacyOpenDistroDestinationSettings$$Lambda/0x00007fcd2846a880
9570:             1             16  org.opensearch.alerting.settings.LegacyOpenDistroDestinationSettings$$Lambda/0x00007fcd2846aab8
9571:             1             16  org.opensearch.alerting.settings.LegacyOpenDistroDestinationSettings$Companion
9572:             1             16  org.opensearch.alerting.transport.TransportAcknowledgeAlertAction$$Lambda/0x00007fcd28eed6d8
9573:             1             16  org.opensearch.alerting.transport.TransportAcknowledgeAlertAction$$Lambda/0x00007fcd28eed8f0
9574:             1             16  org.opensearch.alerting.transport.TransportAcknowledgeChainedAlertAction$$Lambda/0x00007fcd28dfe2b8
9575:             1             16  org.opensearch.alerting.transport.TransportAcknowledgeChainedAlertAction$$Lambda/0x00007fcd28dfe4d0
9576:             1             16  org.opensearch.alerting.transport.TransportDeleteAlertingCommentAction$$Lambda/0x00007fcd28eef888
9577:             1             16  org.opensearch.alerting.transport.TransportDeleteAlertingCommentAction$$Lambda/0x00007fcd28eefaa0
9578:             1             16  org.opensearch.alerting.transport.TransportDeleteMonitorAction$$Lambda/0x00007fcd28eef1b0
9579:             1             16  org.opensearch.alerting.transport.TransportDeleteWorkflowAction$$Lambda/0x00007fcd28eec6f0
9580:             1             16  org.opensearch.alerting.transport.TransportDocLevelMonitorFanOutAction$$Lambda/0x00007fcd28dfe918
9581:             1             16  org.opensearch.alerting.transport.TransportDocLevelMonitorFanOutAction$$Lambda/0x00007fcd28dfeb30
9582:             1             16  org.opensearch.alerting.transport.TransportDocLevelMonitorFanOutAction$$Lambda/0x00007fcd28dfed60
9583:             1             16  org.opensearch.alerting.transport.TransportDocLevelMonitorFanOutAction$$Lambda/0x00007fcd28dfef90
9584:             1             16  org.opensearch.alerting.transport.TransportDocLevelMonitorFanOutAction$$Lambda/0x00007fcd28dff1c0
9585:             1             16  org.opensearch.alerting.transport.TransportDocLevelMonitorFanOutAction$$Lambda/0x00007fcd28dff3f0
9586:             1             16  org.opensearch.alerting.transport.TransportDocLevelMonitorFanOutAction$$Lambda/0x00007fcd28dff620
9587:             1             16  org.opensearch.alerting.transport.TransportDocLevelMonitorFanOutAction$$Lambda/0x00007fcd28dff850
9588:             1             16  org.opensearch.alerting.transport.TransportDocLevelMonitorFanOutAction$$Lambda/0x00007fcd28dffa80
9589:             1             16  org.opensearch.alerting.transport.TransportExecuteMonitorAction$$Lambda/0x00007fcd28f84230
9590:             1             16  org.opensearch.alerting.transport.TransportExecuteWorkflowAction$$Lambda/0x00007fcd28eef3c8
9591:             1             16  org.opensearch.alerting.transport.TransportGetAlertsAction$$Lambda/0x00007fcd28dfcca8
9592:             1             16  org.opensearch.alerting.transport.TransportGetDestinationsAction$$Lambda/0x00007fcd28dfe700
9593:             1             16  org.opensearch.alerting.transport.TransportGetEmailAccountAction$$Lambda/0x00007fcd28d86d68
9594:             1             16  org.opensearch.alerting.transport.TransportGetEmailAccountAction$$Lambda/0x00007fcd28d86f80
9595:             1             16  org.opensearch.alerting.transport.TransportGetEmailGroupAction$$Lambda/0x00007fcd28eecb20
9596:             1             16  org.opensearch.alerting.transport.TransportGetEmailGroupAction$$Lambda/0x00007fcd28eecd38
9597:             1             16  org.opensearch.alerting.transport.TransportGetFindingsSearchAction$$Lambda/0x00007fcd28eec908
9598:             1             16  org.opensearch.alerting.transport.TransportGetMonitorAction$$Lambda/0x00007fcd28eed218
9599:             1             16  org.opensearch.alerting.transport.TransportGetRemoteIndexesAction$$Lambda/0x00007fcd28eedb20
9600:             1             16  org.opensearch.alerting.transport.TransportGetRemoteIndexesAction$$Lambda/0x00007fcd28eedd38
9601:             1             16  org.opensearch.alerting.transport.TransportGetWorkflowAction$$Lambda/0x00007fcd28eedf68
9602:             1             16  org.opensearch.alerting.transport.TransportGetWorkflowAlertsAction$$Lambda/0x00007fcd28dffcb0
9603:             1             16  org.opensearch.alerting.transport.TransportGetWorkflowAlertsAction$$Lambda/0x00007fcd28eec000
9604:             1             16  org.opensearch.alerting.transport.TransportIndexAlertingCommentAction$$Lambda/0x00007fcd28eee430
9605:             1             16  org.opensearch.alerting.transport.TransportIndexAlertingCommentAction$$Lambda/0x00007fcd28eee648
9606:             1             16  org.opensearch.alerting.transport.TransportIndexAlertingCommentAction$$Lambda/0x00007fcd28eee878
9607:             1             16  org.opensearch.alerting.transport.TransportIndexAlertingCommentAction$$Lambda/0x00007fcd28eeeaa8
9608:             1             16  org.opensearch.alerting.transport.TransportIndexAlertingCommentAction$$Lambda/0x00007fcd28eeecd8
9609:             1             16  org.opensearch.alerting.transport.TransportIndexMonitorAction$$Lambda/0x00007fcd28dfd308
9610:             1             16  org.opensearch.alerting.transport.TransportIndexMonitorAction$$Lambda/0x00007fcd28dfd520
9611:             1             16  org.opensearch.alerting.transport.TransportIndexMonitorAction$$Lambda/0x00007fcd28dfd750
9612:             1             16  org.opensearch.alerting.transport.TransportIndexMonitorAction$$Lambda/0x00007fcd28dfd980
9613:             1             16  org.opensearch.alerting.transport.TransportIndexMonitorAction$$Lambda/0x00007fcd28dfdbb0
9614:             1             16  org.opensearch.alerting.transport.TransportIndexMonitorAction$$Lambda/0x00007fcd28dfdde0
9615:             1             16  org.opensearch.alerting.transport.TransportIndexWorkflowAction$$Lambda/0x00007fcd28d871b0
9616:             1             16  org.opensearch.alerting.transport.TransportIndexWorkflowAction$$Lambda/0x00007fcd28d873c8
9617:             1             16  org.opensearch.alerting.transport.TransportIndexWorkflowAction$$Lambda/0x00007fcd28d875f8
9618:             1             16  org.opensearch.alerting.transport.TransportIndexWorkflowAction$$Lambda/0x00007fcd28d87828
9619:             1             16  org.opensearch.alerting.transport.TransportIndexWorkflowAction$$Lambda/0x00007fcd28d87a58
9620:             1             16  org.opensearch.alerting.transport.TransportIndexWorkflowAction$$Lambda/0x00007fcd28d87c88
9621:             1             16  org.opensearch.alerting.transport.TransportSearchAlertingCommentAction$$Lambda/0x00007fcd28dfcec0
9622:             1             16  org.opensearch.alerting.transport.TransportSearchAlertingCommentAction$$Lambda/0x00007fcd28dfd0d8
9623:             1             16  org.opensearch.alerting.transport.TransportSearchEmailAccountAction$$Lambda/0x00007fcd28eefcd0
9624:             1             16  org.opensearch.alerting.transport.TransportSearchEmailAccountAction$$Lambda/0x00007fcd28f84000
9625:             1             16  org.opensearch.alerting.transport.TransportSearchEmailGroupAction$$Lambda/0x00007fcd28dfc860
9626:             1             16  org.opensearch.alerting.transport.TransportSearchEmailGroupAction$$Lambda/0x00007fcd28dfca78
9627:             1             16  org.opensearch.alerting.transport.TransportSearchMonitorAction$$Lambda/0x00007fcd28eec230
9628:             1             16  org.opensearch.alerting.util.DocLevelMonitorQueries$Companion
9629:             1             16  org.opensearch.alerting.util.destinationmigration.DestinationMigrationUtilService$Companion
9630:             1             16  org.opensearch.analysis.common.CommonAnalysisPlugin
9631:             1             16  org.opensearch.analysis.common.CommonAnalysisPlugin$$Lambda/0x00007fcd2845a8c8
9632:             1             16  org.opensearch.analysis.common.CommonAnalysisPlugin$$Lambda/0x00007fcd2845ada8
9633:             1             16  org.opensearch.analysis.common.CommonAnalysisPlugin$$Lambda/0x00007fcd28658400
9634:             1             16  org.opensearch.analysis.common.CommonAnalysisPlugin$$Lambda/0x00007fcd28658ab0
9635:             1             16  org.opensearch.analysis.common.CommonAnalysisPlugin$$Lambda/0x00007fcd286592b0
9636:             1             16  org.opensearch.analysis.common.CommonAnalysisPlugin$$Lambda/0x00007fcd28659798
9637:             1             16  org.opensearch.analysis.common.CommonAnalysisPlugin$$Lambda/0x00007fcd28659ca8
9638:             1             16  org.opensearch.analysis.common.CommonAnalysisPlugin$$Lambda/0x00007fcd2865a298
9639:             1             16  org.opensearch.analysis.common.CommonAnalysisPlugin$$Lambda/0x00007fcd2865a780
9640:             1             16  org.opensearch.analysis.common.CommonAnalysisPlugin$$Lambda/0x00007fcd2865ac90
9641:             1             16  org.opensearch.analysis.common.CommonAnalysisPlugin$$Lambda/0x00007fcd2865b178
9642:             1             16  org.opensearch.analysis.common.CommonAnalysisPlugin$$Lambda/0x00007fcd2865b688
9643:             1             16  org.opensearch.analysis.common.CommonAnalysisPlugin$$Lambda/0x00007fcd2865bb98
9644:             1             16  org.opensearch.analysis.common.CommonAnalysisPlugin$$Lambda/0x00007fcd286602b8
9645:             1             16  org.opensearch.analysis.common.CommonAnalysisPlugin$$Lambda/0x00007fcd286607a8
9646:             1             16  org.opensearch.analysis.common.CommonAnalysisPlugin$$Lambda/0x00007fcd286609e0
9647:             1             16  org.opensearch.analysis.common.CommonAnalysisPlugin$$Lambda/0x00007fcd28660ef8
9648:             1             16  org.opensearch.analysis.common.CommonAnalysisPlugin$$Lambda/0x00007fcd286613e8
9649:             1             16  org.opensearch.analysis.common.CommonAnalysisPlugin$$Lambda/0x00007fcd286618d0
9650:             1             16  org.opensearch.analysis.common.CommonAnalysisPlugin$$Lambda/0x00007fcd28662078
9651:             1             16  org.opensearch.analysis.common.CommonAnalysisPlugin$$Lambda/0x00007fcd28662560
9652:             1             16  org.opensearch.analysis.common.CommonAnalysisPlugin$$Lambda/0x00007fcd28662a48
9653:             1             16  org.opensearch.analysis.common.CommonAnalysisPlugin$$Lambda/0x00007fcd28662c80
9654:             1             16  org.opensearch.analysis.common.CommonAnalysisPlugin$$Lambda/0x00007fcd28663190
9655:             1             16  org.opensearch.analysis.common.CommonAnalysisPlugin$$Lambda/0x00007fcd28663678
9656:             1             16  org.opensearch.analysis.common.CommonAnalysisPlugin$$Lambda/0x00007fcd28663b60
9657:             1             16  org.opensearch.analysis.common.CommonAnalysisPlugin$$Lambda/0x00007fcd28663d98
9658:             1             16  org.opensearch.analysis.common.CommonAnalysisPlugin$$Lambda/0x00007fcd28668588
9659:             1             16  org.opensearch.analysis.common.CommonAnalysisPlugin$$Lambda/0x00007fcd28668a70
9660:             1             16  org.opensearch.analysis.common.CommonAnalysisPlugin$$Lambda/0x00007fcd28668f80
9661:             1             16  org.opensearch.analysis.common.CommonAnalysisPlugin$$Lambda/0x00007fcd28669470
9662:             1             16  org.opensearch.analysis.common.CommonAnalysisPlugin$$Lambda/0x00007fcd28669980
9663:             1             16  org.opensearch.analysis.common.CommonAnalysisPlugin$$Lambda/0x00007fcd28669e68
9664:             1             16  org.opensearch.analysis.common.CommonAnalysisPlugin$$Lambda/0x00007fcd2866a350
9665:             1             16  org.opensearch.analysis.common.CommonAnalysisPlugin$$Lambda/0x00007fcd2866a838
9666:             1             16  org.opensearch.analysis.common.CommonAnalysisPlugin$$Lambda/0x00007fcd2866ad20
9667:             1             16  org.opensearch.analysis.common.CommonAnalysisPlugin$$Lambda/0x00007fcd2866b208
9668:             1             16  org.opensearch.analysis.common.CommonAnalysisPlugin$$Lambda/0x00007fcd2866b6f0
9669:             1             16  org.opensearch.analysis.common.CommonAnalysisPlugin$$Lambda/0x00007fcd2866bc00
9670:             1             16  org.opensearch.analysis.common.CommonAnalysisPlugin$$Lambda/0x00007fcd2866c0e8
9671:             1             16  org.opensearch.analysis.common.CommonAnalysisPlugin$$Lambda/0x00007fcd2866c5d8
9672:             1             16  org.opensearch.analysis.common.CommonAnalysisPlugin$$Lambda/0x00007fcd2866cac0
9673:             1             16  org.opensearch.analysis.common.CommonAnalysisPlugin$$Lambda/0x00007fcd2866ccf8
9674:             1             16  org.opensearch.analysis.common.CommonAnalysisPlugin$$Lambda/0x00007fcd2866d1f0
9675:             1             16  org.opensearch.analysis.common.CommonAnalysisPlugin$$Lambda/0x00007fcd2866d6e0
9676:             1             16  org.opensearch.analysis.common.CommonAnalysisPlugin$$Lambda/0x00007fcd2866dbf0
9677:             1             16  org.opensearch.analysis.common.CommonAnalysisPlugin$$Lambda/0x00007fcd2866e0d8
9678:             1             16  org.opensearch.analysis.common.CommonAnalysisPlugin$$Lambda/0x00007fcd2866e310
9679:             1             16  org.opensearch.analysis.common.CommonAnalysisPlugin$$Lambda/0x00007fcd2866e800
9680:             1             16  org.opensearch.analysis.common.CommonAnalysisPlugin$$Lambda/0x00007fcd2866ece8
9681:             1             16  org.opensearch.analysis.common.CommonAnalysisPlugin$$Lambda/0x00007fcd2866f1d0
9682:             1             16  org.opensearch.analysis.common.CommonAnalysisPlugin$$Lambda/0x00007fcd2866f6e0
9683:             1             16  org.opensearch.analysis.common.CommonAnalysisPlugin$$Lambda/0x00007fcd2866fbf0
9684:             1             16  org.opensearch.analysis.common.CommonAnalysisPlugin$$Lambda/0x00007fcd286702d8
9685:             1             16  org.opensearch.analysis.common.CommonAnalysisPlugin$$Lambda/0x00007fcd286707c0
9686:             1             16  org.opensearch.analysis.common.CommonAnalysisPlugin$$Lambda/0x00007fcd28670cd0
9687:             1             16  org.opensearch.analysis.common.CommonAnalysisPlugin$$Lambda/0x00007fcd286711b8
9688:             1             16  org.opensearch.analysis.common.CommonAnalysisPlugin$$Lambda/0x00007fcd28671920
9689:             1             16  org.opensearch.analysis.common.CommonAnalysisPlugin$$Lambda/0x00007fcd28672050
9690:             1             16  org.opensearch.analysis.common.CommonAnalysisPlugin$$Lambda/0x00007fcd28672558
9691:             1             16  org.opensearch.analysis.common.CommonAnalysisPlugin$$Lambda/0x00007fcd28672a68
9692:             1             16  org.opensearch.analysis.common.CommonAnalysisPlugin$$Lambda/0x00007fcd28672f50
9693:             1             16  org.opensearch.analysis.common.CommonAnalysisPlugin$$Lambda/0x00007fcd286736c0
9694:             1             16  org.opensearch.analysis.common.CommonAnalysisPlugin$$Lambda/0x00007fcd28673bd0
9695:             1             16  org.opensearch.analysis.common.CommonAnalysisPlugin$$Lambda/0x00007fcd286802b8
9696:             1             16  org.opensearch.analysis.common.CommonAnalysisPlugin$$Lambda/0x00007fcd286807b0
9697:             1             16  org.opensearch.analysis.common.CommonAnalysisPlugin$$Lambda/0x00007fcd28680c48
9698:             1             16  org.opensearch.analysis.common.CommonAnalysisPlugin$$Lambda/0x00007fcd286810e0
9699:             1             16  org.opensearch.analysis.common.CommonAnalysisPlugin$$Lambda/0x00007fcd28681578
9700:             1             16  org.opensearch.analysis.common.CommonAnalysisPlugin$$Lambda/0x00007fcd286817b0
9701:             1             16  org.opensearch.analysis.common.CommonAnalysisPlugin$$Lambda/0x00007fcd28681ec0
9702:             1             16  org.opensearch.analysis.common.CommonAnalysisPlugin$$Lambda/0x00007fcd286820f8
9703:             1             16  org.opensearch.analysis.common.CommonAnalysisPlugin$$Lambda/0x00007fcd28682808
9704:             1             16  org.opensearch.analysis.common.CommonAnalysisPlugin$$Lambda/0x00007fcd28682f18
9705:             1             16  org.opensearch.analysis.common.CommonAnalysisPlugin$$Lambda/0x00007fcd286833b0
9706:             1             16  org.opensearch.analysis.common.CommonAnalysisPlugin$$Lambda/0x00007fcd28683848
9707:             1             16  org.opensearch.analysis.common.CommonAnalysisPlugin$$Lambda/0x00007fcd28683f48
9708:             1             16  org.opensearch.analysis.common.CommonAnalysisPlugin$$Lambda/0x00007fcd286843e0
9709:             1             16  org.opensearch.analysis.common.CommonAnalysisPlugin$$Lambda/0x00007fcd28684618
9710:             1             16  org.opensearch.analysis.common.CommonAnalysisPlugin$$Lambda/0x00007fcd28684ab8
9711:             1             16  org.opensearch.analysis.common.CommonAnalysisPlugin$$Lambda/0x00007fcd28684f50
9712:             1             16  org.opensearch.analysis.common.CommonAnalysisPlugin$$Lambda/0x00007fcd286853e8
9713:             1             16  org.opensearch.analysis.common.CommonAnalysisPlugin$$Lambda/0x00007fcd28685880
9714:             1             16  org.opensearch.analysis.common.CommonAnalysisPlugin$$Lambda/0x00007fcd28685fc8
9715:             1             16  org.opensearch.analysis.common.CommonAnalysisPlugin$$Lambda/0x00007fcd28686490
9716:             1             16  org.opensearch.analysis.common.CommonAnalysisPlugin$$Lambda/0x00007fcd28686958
9717:             1             16  org.opensearch.analysis.common.CommonAnalysisPlugin$$Lambda/0x00007fcd28686e20
9718:             1             16  org.opensearch.analysis.common.CommonAnalysisPlugin$$Lambda/0x00007fcd286872e8
9719:             1             16  org.opensearch.analysis.common.CommonAnalysisPlugin$$Lambda/0x00007fcd286877b0
9720:             1             16  org.opensearch.analysis.common.CommonAnalysisPlugin$$Lambda/0x00007fcd28687c78
9721:             1             16  org.opensearch.analysis.common.CommonAnalysisPlugin$$Lambda/0x00007fcd2868c290
9722:             1             16  org.opensearch.analysis.common.CommonAnalysisPlugin$$Lambda/0x00007fcd2868c758
9723:             1             16  org.opensearch.analysis.common.CommonAnalysisPlugin$$Lambda/0x00007fcd2868cc20
9724:             1             16  org.opensearch.analysis.common.CommonAnalysisPlugin$$Lambda/0x00007fcd2868d0e8
9725:             1             16  org.opensearch.analysis.common.CommonAnalysisPlugin$$Lambda/0x00007fcd2868d5b0
9726:             1             16  org.opensearch.analysis.common.CommonAnalysisPlugin$$Lambda/0x00007fcd2868da78
9727:             1             16  org.opensearch.analysis.common.CommonAnalysisPlugin$$Lambda/0x00007fcd2868df40
9728:             1             16  org.opensearch.analysis.common.CommonAnalysisPlugin$$Lambda/0x00007fcd2868e408
9729:             1             16  org.opensearch.analysis.common.CommonAnalysisPlugin$$Lambda/0x00007fcd2868e8d0
9730:             1             16  org.opensearch.analysis.common.CommonAnalysisPlugin$$Lambda/0x00007fcd2868ed98
9731:             1             16  org.opensearch.analysis.common.CommonAnalysisPlugin$$Lambda/0x00007fcd2868f260
9732:             1             16  org.opensearch.analysis.common.CommonAnalysisPlugin$$Lambda/0x00007fcd2868f728
9733:             1             16  org.opensearch.analysis.common.CommonAnalysisPlugin$$Lambda/0x00007fcd2868fbf0
9734:             1             16  org.opensearch.analysis.common.CommonAnalysisPlugin$$Lambda/0x00007fcd28694290
9735:             1             16  org.opensearch.analysis.common.CommonAnalysisPlugin$$Lambda/0x00007fcd28694758
9736:             1             16  org.opensearch.analysis.common.CommonAnalysisPlugin$$Lambda/0x00007fcd28694c20
9737:             1             16  org.opensearch.analysis.common.CommonAnalysisPlugin$$Lambda/0x00007fcd286950e8
9738:             1             16  org.opensearch.analysis.common.CommonAnalysisPlugin$$Lambda/0x00007fcd286955b0
9739:             1             16  org.opensearch.analysis.common.CommonAnalysisPlugin$$Lambda/0x00007fcd28695a78
9740:             1             16  org.opensearch.analysis.common.CommonAnalysisPlugin$$Lambda/0x00007fcd28695f40
9741:             1             16  org.opensearch.analysis.common.CommonAnalysisPlugin$$Lambda/0x00007fcd28696408
9742:             1             16  org.opensearch.analysis.common.CommonAnalysisPlugin$$Lambda/0x00007fcd286968d0
9743:             1             16  org.opensearch.analysis.common.CommonAnalysisPlugin$$Lambda/0x00007fcd28696d98
9744:             1             16  org.opensearch.analysis.common.CommonAnalysisPlugin$$Lambda/0x00007fcd28697260
9745:             1             16  org.opensearch.analysis.common.CommonAnalysisPlugin$$Lambda/0x00007fcd28697728
9746:             1             16  org.opensearch.analysis.common.CommonAnalysisPlugin$$Lambda/0x00007fcd28697bf0
9747:             1             16  org.opensearch.analysis.common.CommonAnalysisPlugin$$Lambda/0x00007fcd28698290
9748:             1             16  org.opensearch.analysis.common.CommonAnalysisPlugin$$Lambda/0x00007fcd28698758
9749:             1             16  org.opensearch.analysis.common.CommonAnalysisPlugin$$Lambda/0x00007fcd28698c20
9750:             1             16  org.opensearch.analysis.common.CommonAnalysisPlugin$$Lambda/0x00007fcd286990e8
9751:             1             16  org.opensearch.analysis.common.CommonAnalysisPlugin$$Lambda/0x00007fcd286995b0
9752:             1             16  org.opensearch.analysis.common.CommonAnalysisPlugin$$Lambda/0x00007fcd28699a78
9753:             1             16  org.opensearch.analysis.common.CommonAnalysisPlugin$$Lambda/0x00007fcd28699cb0
9754:             1             16  org.opensearch.analysis.common.CommonAnalysisPlugin$$Lambda/0x00007fcd28699ee8
9755:             1             16  org.opensearch.analysis.common.CommonAnalysisPlugin$$Lambda/0x00007fcd2869a120
9756:             1             16  org.opensearch.analysis.common.CommonAnalysisPlugin$$Lambda/0x00007fcd2869a358
9757:             1             16  org.opensearch.analysis.common.CommonAnalysisPlugin$$Lambda/0x00007fcd2869a590
9758:             1             16  org.opensearch.analysis.common.CommonAnalysisPlugin$$Lambda/0x00007fcd2869a7c8
9759:             1             16  org.opensearch.analysis.common.CommonAnalysisPlugin$$Lambda/0x00007fcd2869aa00
9760:             1             16  org.opensearch.analysis.common.CommonAnalysisPlugin$$Lambda/0x00007fcd2869ac38
9761:             1             16  org.opensearch.analysis.common.CommonAnalysisPlugin$$Lambda/0x00007fcd2869ae70
9762:             1             16  org.opensearch.analysis.common.CommonAnalysisPlugin$$Lambda/0x00007fcd2869b0a8
9763:             1             16  org.opensearch.analysis.common.CommonAnalysisPlugin$$Lambda/0x00007fcd2869b2e0
9764:             1             16  org.opensearch.analysis.common.CommonAnalysisPlugin$$Lambda/0x00007fcd2869b518
9765:             1             16  org.opensearch.analysis.common.CommonAnalysisPlugin$$Lambda/0x00007fcd2869b750
9766:             1             16  org.opensearch.analysis.common.CommonAnalysisPlugin$$Lambda/0x00007fcd2869b988
9767:             1             16  org.opensearch.analysis.common.CommonAnalysisPlugin$$Lambda/0x00007fcd2869bbc0
9768:             1             16  org.opensearch.analysis.common.CommonAnalysisPlugin$$Lambda/0x00007fcd286a0000
9769:             1             16  org.opensearch.analysis.common.CommonAnalysisPlugin$$Lambda/0x00007fcd286a0238
9770:             1             16  org.opensearch.analysis.common.CommonAnalysisPlugin$$Lambda/0x00007fcd286a0470
9771:             1             16  org.opensearch.analysis.common.CommonAnalysisPlugin$$Lambda/0x00007fcd286a0698
9772:             1             16  org.opensearch.analysis.common.CommonAnalysisPlugin$$Lambda/0x00007fcd286a08d0
9773:             1             16  org.opensearch.analysis.common.CommonAnalysisPlugin$$Lambda/0x00007fcd286a0b08
9774:             1             16  org.opensearch.analysis.common.CommonAnalysisPlugin$$Lambda/0x00007fcd286a0d40
9775:             1             16  org.opensearch.analysis.common.CommonAnalysisPlugin$$Lambda/0x00007fcd286a0f78
9776:             1             16  org.opensearch.analysis.common.CommonAnalysisPlugin$$Lambda/0x00007fcd286a11b0
9777:             1             16  org.opensearch.analysis.common.CommonAnalysisPlugin$$Lambda/0x00007fcd286a13e8
9778:             1             16  org.opensearch.analysis.common.CommonAnalysisPlugin$$Lambda/0x00007fcd286a1620
9779:             1             16  org.opensearch.analysis.common.CommonAnalysisPlugin$$Lambda/0x00007fcd286a1858
9780:             1             16  org.opensearch.analysis.common.CommonAnalysisPlugin$$Lambda/0x00007fcd286a1a90
9781:             1             16  org.opensearch.analysis.common.CommonAnalysisPlugin$$Lambda/0x00007fcd286a1cc8
9782:             1             16  org.opensearch.analysis.common.CommonAnalysisPlugin$$Lambda/0x00007fcd286a1f00
9783:             1             16  org.opensearch.analysis.common.CommonAnalysisPlugin$$Lambda/0x00007fcd286a2128
9784:             1             16  org.opensearch.analysis.common.CommonAnalysisPlugin$$Lambda/0x00007fcd286a2360
9785:             1             16  org.opensearch.analysis.common.CommonAnalysisPlugin$$Lambda/0x00007fcd286a2598
9786:             1             16  org.opensearch.analysis.common.CommonAnalysisPlugin$$Lambda/0x00007fcd286a27d0
9787:             1             16  org.opensearch.analysis.common.CommonAnalysisPlugin$$Lambda/0x00007fcd286a2a08
9788:             1             16  org.opensearch.analysis.common.CommonAnalysisPlugin$$Lambda/0x00007fcd286a2c40
9789:             1             16  org.opensearch.analysis.common.CommonAnalysisPlugin$$Lambda/0x00007fcd286a2e78
9790:             1             16  org.opensearch.analysis.common.CommonAnalysisPlugin$$Lambda/0x00007fcd286a30b0
9791:             1             16  org.opensearch.analysis.common.CommonAnalysisPlugin$$Lambda/0x00007fcd286a32e8
9792:             1             16  org.opensearch.analysis.common.CommonAnalysisPlugin$$Lambda/0x00007fcd286a3520
9793:             1             16  org.opensearch.analysis.common.CommonAnalysisPlugin$$Lambda/0x00007fcd286a3758
9794:             1             16  org.opensearch.analysis.common.CommonAnalysisPlugin$$Lambda/0x00007fcd286a3990
9795:             1             16  org.opensearch.analysis.common.CommonAnalysisPlugin$$Lambda/0x00007fcd286a3bc8
9796:             1             16  org.opensearch.analysis.common.CommonAnalysisPlugin$$Lambda/0x00007fcd286a3e00
9797:             1             16  org.opensearch.analysis.common.CommonAnalysisPlugin$$Lambda/0x00007fcd286a4038
9798:             1             16  org.opensearch.analysis.common.CommonAnalysisPlugin$$Lambda/0x00007fcd286a4270
9799:             1             16  org.opensearch.analysis.common.CommonAnalysisPlugin$$Lambda/0x00007fcd286a44a8
9800:             1             16  org.opensearch.analysis.common.CommonAnalysisPlugin$$Lambda/0x00007fcd286a46e0
9801:             1             16  org.opensearch.analysis.common.CommonAnalysisPlugin$$Lambda/0x00007fcd286a4908
9802:             1             16  org.opensearch.analysis.common.CommonAnalysisPlugin$$Lambda/0x00007fcd286a4b20
9803:             1             16  org.opensearch.analysis.common.CommonAnalysisPlugin$$Lambda/0x00007fcd286a4d38
9804:             1             16  org.opensearch.analysis.common.CommonAnalysisPlugin$$Lambda/0x00007fcd286a4f50
9805:             1             16  org.opensearch.analysis.common.CommonAnalysisPlugin$$Lambda/0x00007fcd286a5168
9806:             1             16  org.opensearch.analysis.common.CommonAnalysisPlugin$$Lambda/0x00007fcd286a5380
9807:             1             16  org.opensearch.analysis.common.CommonAnalysisPlugin$$Lambda/0x00007fcd286a5598
9808:             1             16  org.opensearch.analysis.common.CommonAnalysisPlugin$$Lambda/0x00007fcd286a57b0
9809:             1             16  org.opensearch.analysis.common.CommonAnalysisPlugin$$Lambda/0x00007fcd286a59e8
9810:             1             16  org.opensearch.analysis.common.CommonAnalysisPlugin$$Lambda/0x00007fcd286a5c00
9811:             1             16  org.opensearch.analysis.common.CommonAnalysisPlugin$$Lambda/0x00007fcd286a5e18
9812:             1             16  org.opensearch.analysis.common.CommonAnalysisPlugin$$Lambda/0x00007fcd286a6030
9813:             1             16  org.opensearch.analysis.common.CommonAnalysisPlugin$$Lambda/0x00007fcd286a6268
9814:             1             16  org.opensearch.analysis.common.CommonAnalysisPlugin$$Lambda/0x00007fcd286a64a0
9815:             1             16  org.opensearch.analysis.common.CommonAnalysisPlugin$$Lambda/0x00007fcd286a66b8
9816:             1             16  org.opensearch.analysis.common.CommonAnalysisPlugin$$Lambda/0x00007fcd286a68d0
9817:             1             16  org.opensearch.analysis.common.CommonAnalysisPlugin$$Lambda/0x00007fcd286a6ae8
9818:             1             16  org.opensearch.analysis.common.CommonAnalysisPlugin$$Lambda/0x00007fcd286a6d00
9819:             1             16  org.opensearch.analysis.common.CommonAnalysisPlugin$$Lambda/0x00007fcd286a6f18
9820:             1             16  org.opensearch.analysis.common.CommonAnalysisPlugin$$Lambda/0x00007fcd286a7130
9821:             1             16  org.opensearch.analysis.common.CommonAnalysisPlugin$$Lambda/0x00007fcd286a7348
9822:             1             16  org.opensearch.analysis.common.CommonAnalysisPlugin$$Lambda/0x00007fcd286a7560
9823:             1             16  org.opensearch.analysis.common.CommonAnalysisPlugin$$Lambda/0x00007fcd286a7778
9824:             1             16  org.opensearch.analysis.common.CommonAnalysisPlugin$$Lambda/0x00007fcd286a7990
9825:             1             16  org.opensearch.analysis.common.CommonAnalysisPlugin$$Lambda/0x00007fcd286a7ba8
9826:             1             16  org.opensearch.analysis.common.CommonAnalysisPlugin$$Lambda/0x00007fcd286a7dc0
9827:             1             16  org.opensearch.analysis.common.CommonAnalysisPlugin$$Lambda/0x00007fcd286b0000
9828:             1             16  org.opensearch.analysis.common.CommonAnalysisPlugin$$Lambda/0x00007fcd286b0218
9829:             1             16  org.opensearch.analysis.common.CommonAnalysisPlugin$$Lambda/0x00007fcd286b0430
9830:             1             16  org.opensearch.analysis.common.CommonAnalysisPlugin$$Lambda/0x00007fcd286b0648
9831:             1             16  org.opensearch.analysis.common.CommonAnalysisPlugin$$Lambda/0x00007fcd286b0860
9832:             1             16  org.opensearch.analysis.common.CommonAnalysisPlugin$$Lambda/0x00007fcd286b0a78
9833:             1             16  org.opensearch.analysis.common.CommonAnalysisPlugin$$Lambda/0x00007fcd286b0c90
9834:             1             16  org.opensearch.analysis.common.CommonAnalysisPlugin$$Lambda/0x00007fcd286b0ea8
9835:             1             16  org.opensearch.analysis.common.CommonAnalysisPlugin$$Lambda/0x00007fcd286b10c0
9836:             1             16  org.opensearch.analysis.common.CommonAnalysisPlugin$$Lambda/0x00007fcd286b12d8
9837:             1             16  org.opensearch.analysis.common.CommonAnalysisPlugin$$Lambda/0x00007fcd286b14f0
9838:             1             16  org.opensearch.analysis.common.CommonAnalysisPlugin$$Lambda/0x00007fcd286b1708
9839:             1             16  org.opensearch.analysis.common.CommonAnalysisPlugin$$Lambda/0x00007fcd286b1920
9840:             1             16  org.opensearch.analysis.common.CommonAnalysisPlugin$$Lambda/0x00007fcd286b1b38
9841:             1             16  org.opensearch.analysis.common.CommonAnalysisPlugin$$Lambda/0x00007fcd286b1d50
9842:             1             16  org.opensearch.analysis.common.CommonAnalysisPlugin$$Lambda/0x00007fcd286b1f68
9843:             1             16  org.opensearch.analysis.common.CommonAnalysisPlugin$$Lambda/0x00007fcd286b2180
9844:             1             16  org.opensearch.analysis.common.CommonAnalysisPlugin$$Lambda/0x00007fcd286b2398
9845:             1             16  org.opensearch.analysis.common.CommonAnalysisPlugin$$Lambda/0x00007fcd286b25b0
9846:             1             16  org.opensearch.analysis.common.CommonAnalysisPlugin$$Lambda/0x00007fcd286b27c8
9847:             1             16  org.opensearch.analysis.common.CommonAnalysisPlugin$$Lambda/0x00007fcd286b29e0
9848:             1             16  org.opensearch.analysis.common.CommonAnalysisPlugin$$Lambda/0x00007fcd286b2bf8
9849:             1             16  org.opensearch.analysis.common.CommonAnalysisPlugin$$Lambda/0x00007fcd286b2e10
9850:             1             16  org.opensearch.analysis.common.CommonAnalysisPlugin$$Lambda/0x00007fcd286b3028
9851:             1             16  org.opensearch.analysis.common.CommonAnalysisPlugin$$Lambda/0x00007fcd286b3240
9852:             1             16  org.opensearch.analysis.common.CommonAnalysisPlugin$$Lambda/0x00007fcd286b3458
9853:             1             16  org.opensearch.bootstrap.$Proxy17
9854:             1             16  org.opensearch.bootstrap.Bootstrap$$Lambda/0x00007fcd280d6e98
9855:             1             16  org.opensearch.bootstrap.Bootstrap$1
9856:             1             16  org.opensearch.bootstrap.BootstrapCheck$BootstrapCheckResult
9857:             1             16  org.opensearch.bootstrap.BootstrapChecks$$Lambda/0x00007fcd290ecca8
9858:             1             16  org.opensearch.bootstrap.BootstrapChecks$JavaVersionCheck$$Lambda/0x00007fcd290eeda8
9859:             1             16  org.opensearch.bootstrap.BootstrapInfo$1
9860:             1             16  org.opensearch.bootstrap.JNAKernel32Library
9861:             1             16  org.opensearch.bootstrap.OpenSearch$$Lambda/0x00007fcd28013c70
9862:             1             16  org.opensearch.bootstrap.OpenSearch$1
9863:             1             16  org.opensearch.bootstrap.OpenSearchPolicy$$Lambda/0x00007fcd281dfa20
9864:             1             16  org.opensearch.bootstrap.OpenSearchPolicy$$Lambda/0x00007fcd281dfc68
9865:             1             16  org.opensearch.bootstrap.OpenSearchUncaughtExceptionHandler
9866:             1             16  org.opensearch.bootstrap.jvm.DenyJvmVersionsParser$$Lambda/0x00007fcd290ed4f0
9867:             1             16  org.opensearch.bootstrap.jvm.DenyJvmVersionsParser$$Lambda/0x00007fcd290ed728
9868:             1             16  org.opensearch.bootstrap.jvm.DenyJvmVersionsParser$$Lambda/0x00007fcd290ed970
9869:             1             16  org.opensearch.bootstrap.jvm.DenyJvmVersionsParser$$Lambda/0x00007fcd290edbb8
9870:             1             16  org.opensearch.bootstrap.jvm.DenyJvmVersionsParser$$Lambda/0x00007fcd290eddf0
9871:             1             16  org.opensearch.bootstrap.jvm.DenyJvmVersionsParser$$Lambda/0x00007fcd290ee028
9872:             1             16  org.opensearch.bootstrap.jvm.DenyJvmVersionsParser$$Lambda/0x00007fcd290ee240
9873:             1             16  org.opensearch.bootstrap.jvm.DenyJvmVersionsParser$$Lambda/0x00007fcd290ee478
9874:             1             16  org.opensearch.cache.common.tier.TieredSpilloverCache$TieredSpilloverCacheFactory
9875:             1             16  org.opensearch.cache.common.tier.TieredSpilloverCachePlugin
9876:             1             16  org.opensearch.cache.common.tier.TieredSpilloverCacheSettings$$Lambda/0x00007fcd28219cf8
9877:             1             16  org.opensearch.cache.common.tier.TieredSpilloverCacheSettings$$Lambda/0x00007fcd28541c00
9878:             1             16  org.opensearch.cache.common.tier.TieredSpilloverCacheSettings$$Lambda/0x00007fcd2854a000
9879:             1             16  org.opensearch.cache.common.tier.TieredSpilloverCacheSettings$$Lambda/0x00007fcd2854a238
9880:             1             16  org.opensearch.cli.EnvironmentAwareCommand$$Lambda/0x00007fcd28025a40
9881:             1             16  org.opensearch.client.Client$$Lambda/0x00007fcd281ea6a0
9882:             1             16  org.opensearch.cluster.AbstractDiffable$CompleteDiff
9883:             1             16  org.opensearch.cluster.ClusterChangedEvent$$Lambda/0x00007fcd291bd938
9884:             1             16  org.opensearch.cluster.ClusterModule$$Lambda/0x00007fcd28880400
9885:             1             16  org.opensearch.cluster.ClusterModule$$Lambda/0x00007fcd28880800
9886:             1             16  org.opensearch.cluster.ClusterModule$$Lambda/0x00007fcd28880a18
9887:             1             16  org.opensearch.cluster.ClusterModule$$Lambda/0x00007fcd28881000
9888:             1             16  org.opensearch.cluster.ClusterModule$$Lambda/0x00007fcd28881218
9889:             1             16  org.opensearch.cluster.ClusterModule$$Lambda/0x00007fcd28881788
9890:             1             16  org.opensearch.cluster.ClusterModule$$Lambda/0x00007fcd288819a0
9891:             1             16  org.opensearch.cluster.ClusterModule$$Lambda/0x00007fcd28882e68
9892:             1             16  org.opensearch.cluster.ClusterModule$$Lambda/0x00007fcd28883080
9893:             1             16  org.opensearch.cluster.ClusterModule$$Lambda/0x00007fcd28883658
9894:             1             16  org.opensearch.cluster.ClusterModule$$Lambda/0x00007fcd28883870
9895:             1             16  org.opensearch.cluster.ClusterModule$$Lambda/0x00007fcd28888000
9896:             1             16  org.opensearch.cluster.ClusterModule$$Lambda/0x00007fcd28888580
9897:             1             16  org.opensearch.cluster.ClusterModule$$Lambda/0x00007fcd28888798
9898:             1             16  org.opensearch.cluster.ClusterModule$$Lambda/0x00007fcd28888cd8
9899:             1             16  org.opensearch.cluster.ClusterModule$$Lambda/0x00007fcd28888ef0
9900:             1             16  org.opensearch.cluster.ClusterModule$$Lambda/0x00007fcd28889108
9901:             1             16  org.opensearch.cluster.ClusterModule$$Lambda/0x00007fcd28889320
9902:             1             16  org.opensearch.cluster.ClusterModule$$Lambda/0x00007fcd28889888
9903:             1             16  org.opensearch.cluster.ClusterModule$$Lambda/0x00007fcd28889aa0
9904:             1             16  org.opensearch.cluster.ClusterModule$$Lambda/0x00007fcd2888a020
9905:             1             16  org.opensearch.cluster.ClusterModule$$Lambda/0x00007fcd2888a238
9906:             1             16  org.opensearch.cluster.ClusterModule$$Lambda/0x00007fcd2888a7b8
9907:             1             16  org.opensearch.cluster.ClusterModule$$Lambda/0x00007fcd2888a9d0
9908:             1             16  org.opensearch.cluster.ClusterModule$$Lambda/0x00007fcd2888af50
9909:             1             16  org.opensearch.cluster.ClusterModule$$Lambda/0x00007fcd2888b168
9910:             1             16  org.opensearch.cluster.ClusterModule$$Lambda/0x00007fcd2888b700
9911:             1             16  org.opensearch.cluster.ClusterModule$$Lambda/0x00007fcd2888b918
9912:             1             16  org.opensearch.cluster.ClusterModule$$Lambda/0x00007fcd2888beb8
9913:             1             16  org.opensearch.cluster.ClusterModule$$Lambda/0x00007fcd2888c0d0
9914:             1             16  org.opensearch.cluster.ClusterModule$$Lambda/0x00007fcd2888c5a8
9915:             1             16  org.opensearch.cluster.ClusterModule$$Lambda/0x00007fcd2888de50
9916:             1             16  org.opensearch.cluster.ClusterModule$$Lambda/0x00007fcd2888e068
9917:             1             16  org.opensearch.cluster.ClusterModule$$Lambda/0x00007fcd2888e280
9918:             1             16  org.opensearch.cluster.ClusterModule$$Lambda/0x00007fcd2888e498
9919:             1             16  org.opensearch.cluster.ClusterModule$$Lambda/0x00007fcd2888e6b0
9920:             1             16  org.opensearch.cluster.ClusterModule$$Lambda/0x00007fcd2888e8c8
9921:             1             16  org.opensearch.cluster.ClusterModule$$Lambda/0x00007fcd2888eae0
9922:             1             16  org.opensearch.cluster.ClusterModule$$Lambda/0x00007fcd2888ecf8
9923:             1             16  org.opensearch.cluster.ClusterModule$$Lambda/0x00007fcd2888ef10
9924:             1             16  org.opensearch.cluster.ClusterModule$$Lambda/0x00007fcd2888f128
9925:             1             16  org.opensearch.cluster.ClusterModule$$Lambda/0x00007fcd2888f340
9926:             1             16  org.opensearch.cluster.ClusterName$$Lambda/0x00007fcd280b7670
9927:             1             16  org.opensearch.cluster.ClusterState$Builder$$Lambda/0x00007fcd29222cb0
9928:             1             16  org.opensearch.cluster.ClusterStateObserver$$Lambda/0x00007fcd290f2e30
9929:             1             16  org.opensearch.cluster.DiffableUtils$DiffableValueSerializer$1
9930:             1             16  org.opensearch.cluster.DiffableUtils$NonDiffableValueSerializer$1
9931:             1             16  org.opensearch.cluster.DiffableUtils$StringKeySerializer
9932:             1             16  org.opensearch.cluster.DiffableUtils$StringSetValueSerializer
9933:             1             16  org.opensearch.cluster.InternalClusterInfoService$$Lambda/0x00007fcd2870f400
9934:             1             16  org.opensearch.cluster.InternalClusterInfoService$$Lambda/0x00007fcd2870f630
9935:             1             16  org.opensearch.cluster.InternalClusterInfoService$$Lambda/0x00007fcd2870f860
9936:             1             16  org.opensearch.cluster.NodeConnectionsService$$Lambda/0x00007fcd291b6000
9937:             1             16  org.opensearch.cluster.NodeConnectionsService$$Lambda/0x00007fcd291bdfd0
9938:             1             16  org.opensearch.cluster.NodeConnectionsService$$Lambda/0x00007fcd293a5878
9939:             1             16  org.opensearch.cluster.NodeConnectionsService$ConnectionChecker
9940:             1             16  org.opensearch.cluster.RepositoryCleanupInProgress
9941:             1             16  org.opensearch.cluster.SnapshotDeletionsInProgress
9942:             1             16  org.opensearch.cluster.SnapshotsInProgress
9943:             1             16  org.opensearch.cluster.action.index.MappingUpdatedAction$$Lambda/0x00007fcd28dbd890
9944:             1             16  org.opensearch.cluster.action.index.MappingUpdatedAction$$Lambda/0x00007fcd28dbdac0
9945:             1             16  org.opensearch.cluster.action.index.NodeMappingRefreshAction$$Lambda/0x00007fcd28dbd1b8
9946:             1             16  org.opensearch.cluster.action.index.NodeMappingRefreshAction$NodeMappingRefreshTransportHandler
9947:             1             16  org.opensearch.cluster.action.shard.ShardStateAction$$Lambda/0x00007fcd286d1b68
9948:             1             16  org.opensearch.cluster.action.shard.ShardStateAction$$Lambda/0x00007fcd28da7dd8
9949:             1             16  org.opensearch.cluster.action.shard.ShardStateAction$$Lambda/0x00007fcd28db6000
9950:             1             16  org.opensearch.cluster.action.shard.ShardStateAction$$Lambda/0x00007fcd28db6728
9951:             1             16  org.opensearch.cluster.action.shard.ShardStateAction$$Lambda/0x00007fcd28db6948
9952:             1             16  org.opensearch.cluster.action.shard.ShardStateAction$$Lambda/0x00007fcd28db7010
9953:             1             16  org.opensearch.cluster.block.ClusterBlocks$$Lambda/0x00007fcd291a4030
9954:             1             16  org.opensearch.cluster.block.ClusterBlocks$$Lambda/0x00007fcd291a4248
9955:             1             16  org.opensearch.cluster.block.ClusterBlocks$$Lambda/0x00007fcd291a4460
9956:             1             16  org.opensearch.cluster.block.ClusterBlocks$$Lambda/0x00007fcd29219ad8
9957:             1             16  org.opensearch.cluster.coordination.CoordinationMetadata$$Lambda/0x00007fcd284b65f8
9958:             1             16  org.opensearch.cluster.coordination.CoordinationMetadata$$Lambda/0x00007fcd2919a960
9959:             1             16  org.opensearch.cluster.coordination.CoordinationMetadata$VotingConfigExclusion$$Lambda/0x00007fcd284b7bb0
9960:             1             16  org.opensearch.cluster.coordination.Coordinator$$Lambda/0x00007fcd28cf61d8
9961:             1             16  org.opensearch.cluster.coordination.Coordinator$$Lambda/0x00007fcd28cf63f8
9962:             1             16  org.opensearch.cluster.coordination.Coordinator$$Lambda/0x00007fcd28cf6618
9963:             1             16  org.opensearch.cluster.coordination.Coordinator$$Lambda/0x00007fcd28cf6aa8
9964:             1             16  org.opensearch.cluster.coordination.Coordinator$$Lambda/0x00007fcd28cf6ce8
9965:             1             16  org.opensearch.cluster.coordination.Coordinator$$Lambda/0x00007fcd28cf8af8
9966:             1             16  org.opensearch.cluster.coordination.Coordinator$$Lambda/0x00007fcd28cf8d18
9967:             1             16  org.opensearch.cluster.coordination.Coordinator$$Lambda/0x00007fcd28cfa7c0
9968:             1             16  org.opensearch.cluster.coordination.Coordinator$$Lambda/0x00007fcd28cfaf60
9969:             1             16  org.opensearch.cluster.coordination.Coordinator$$Lambda/0x00007fcd28cfc108
9970:             1             16  org.opensearch.cluster.coordination.Coordinator$$Lambda/0x00007fcd28cfd140
9971:             1             16  org.opensearch.cluster.coordination.Coordinator$$Lambda/0x00007fcd28cfd370
9972:             1             16  org.opensearch.cluster.coordination.Coordinator$$Lambda/0x00007fcd28cfe770
9973:             1             16  org.opensearch.cluster.coordination.Coordinator$$Lambda/0x00007fcd28cfebc0
9974:             1             16  org.opensearch.cluster.coordination.Coordinator$$Lambda/0x00007fcd28cfede0
9975:             1             16  org.opensearch.cluster.coordination.Coordinator$$Lambda/0x00007fcd28cff000
9976:             1             16  org.opensearch.cluster.coordination.Coordinator$$Lambda/0x00007fcd28cff480
9977:             1             16  org.opensearch.cluster.coordination.Coordinator$$Lambda/0x00007fcd28cff6b0
9978:             1             16  org.opensearch.cluster.coordination.Coordinator$$Lambda/0x00007fcd28cffae8
9979:             1             16  org.opensearch.cluster.coordination.Coordinator$$Lambda/0x00007fcd28cffd08
9980:             1             16  org.opensearch.cluster.coordination.ElectionStrategy$1
9981:             1             16  org.opensearch.cluster.coordination.FollowersChecker$$Lambda/0x00007fcd28cfd5a0
9982:             1             16  org.opensearch.cluster.coordination.FollowersChecker$$Lambda/0x00007fcd28cfde08
9983:             1             16  org.opensearch.cluster.coordination.FollowersChecker$$Lambda/0x00007fcd28cfe020
9984:             1             16  org.opensearch.cluster.coordination.FollowersChecker$1
9985:             1             16  org.opensearch.cluster.coordination.JoinHelper$$Lambda/0x00007fcd28cf7138
9986:             1             16  org.opensearch.cluster.coordination.JoinHelper$$Lambda/0x00007fcd28cf7570
9987:             1             16  org.opensearch.cluster.coordination.JoinHelper$$Lambda/0x00007fcd28cf79a8
9988:             1             16  org.opensearch.cluster.coordination.JoinHelper$$Lambda/0x00007fcd28cf7de0
9989:             1             16  org.opensearch.cluster.coordination.JoinHelper$$Lambda/0x00007fcd29196be8
9990:             1             16  org.opensearch.cluster.coordination.JoinHelper$CandidateJoinAccumulator$$Lambda/0x00007fcd291a60d0
9991:             1             16  org.opensearch.cluster.coordination.JoinHelper$FollowerJoinAccumulator
9992:             1             16  org.opensearch.cluster.coordination.JoinTaskExecutor$$Lambda/0x00007fcd28cf5fb0
9993:             1             16  org.opensearch.cluster.coordination.JoinTaskExecutor$$Lambda/0x00007fcd291a48a8
9994:             1             16  org.opensearch.cluster.coordination.LeaderChecker$$Lambda/0x00007fcd28cfc338
9995:             1             16  org.opensearch.cluster.coordination.LeaderChecker$$Lambda/0x00007fcd28cfc808
9996:             1             16  org.opensearch.cluster.coordination.LeaderChecker$$Lambda/0x00007fcd28cfca20
9997:             1             16  org.opensearch.cluster.coordination.LeaderChecker$1
9998:             1             16  org.opensearch.cluster.coordination.NoClusterManagerBlockService
9999:             1             16  org.opensearch.cluster.coordination.NoClusterManagerBlockService$$Lambda/0x00007fcd286d3550
10000:             1             16  org.opensearch.cluster.coordination.NoClusterManagerBlockService$$Lambda/0x00007fcd286d3788
10001:             1             16  org.opensearch.cluster.coordination.NoClusterManagerBlockService$$Lambda/0x00007fcd28cf8220
10002:             1             16  org.opensearch.cluster.coordination.PeersResponse$$Lambda/0x00007fcd29195cd0
10003:             1             16  org.opensearch.cluster.coordination.PeersResponse$$Lambda/0x00007fcd29195ee8
10004:             1             16  org.opensearch.cluster.coordination.PersistedStateRegistry
10005:             1             16  org.opensearch.cluster.coordination.PreVoteCollector$$Lambda/0x00007fcd28cf91f0
10006:             1             16  org.opensearch.cluster.coordination.PreVoteCollector$$Lambda/0x00007fcd28cf9408
10007:             1             16  org.opensearch.cluster.coordination.PublicationTransportHandler$$Lambda/0x00007fcd28cfb190
10008:             1             16  org.opensearch.cluster.coordination.PublicationTransportHandler$$Lambda/0x00007fcd28cfb3a8
10009:             1             16  org.opensearch.cluster.coordination.PublicationTransportHandler$$Lambda/0x00007fcd28cfb898
10010:             1             16  org.opensearch.cluster.coordination.PublicationTransportHandler$$Lambda/0x00007fcd28cfbab0
10011:             1             16  org.opensearch.cluster.coordination.PublicationTransportHandler$$Lambda/0x00007fcd28cfbcd0
10012:             1             16  org.opensearch.cluster.coordination.Reconfigurator
10013:             1             16  org.opensearch.cluster.coordination.Reconfigurator$$Lambda/0x00007fcd28cfe990
10014:             1             16  org.opensearch.cluster.metadata.AutoExpandReplicas$$Lambda/0x00007fcd2862f028
10015:             1             16  org.opensearch.cluster.metadata.ClusterNameExpressionResolver
10016:             1             16  org.opensearch.cluster.metadata.ClusterNameExpressionResolver$WildcardExpressionResolver
10017:             1             16  org.opensearch.cluster.metadata.ComponentTemplate$$Lambda/0x00007fcd29090218
10018:             1             16  org.opensearch.cluster.metadata.ComponentTemplate$$Lambda/0x00007fcd29090ed8
10019:             1             16  org.opensearch.cluster.metadata.ComponentTemplateMetadata
10020:             1             16  org.opensearch.cluster.metadata.ComponentTemplateMetadata$$Lambda/0x00007fcd2908fc70
10021:             1             16  org.opensearch.cluster.metadata.ComponentTemplateMetadata$$Lambda/0x00007fcd29090000
10022:             1             16  org.opensearch.cluster.metadata.ComponentTemplateMetadata$$Lambda/0x00007fcd2919b2c0
10023:             1             16  org.opensearch.cluster.metadata.ComponentTemplateMetadata$$Lambda/0x00007fcd2919b4d8
10024:             1             16  org.opensearch.cluster.metadata.ComposableIndexTemplate$$Lambda/0x00007fcd29091fc0
10025:             1             16  org.opensearch.cluster.metadata.ComposableIndexTemplate$$Lambda/0x00007fcd290921f8
10026:             1             16  org.opensearch.cluster.metadata.ComposableIndexTemplate$$Lambda/0x00007fcd291a0000
10027:             1             16  org.opensearch.cluster.metadata.ComposableIndexTemplate$DataStreamTemplate$$Lambda/0x00007fcd29092698
10028:             1             16  org.opensearch.cluster.metadata.ComposableIndexTemplate$DataStreamTemplate$$Lambda/0x00007fcd291a0218
10029:             1             16  org.opensearch.cluster.metadata.ComposableIndexTemplateMetadata
10030:             1             16  org.opensearch.cluster.metadata.ComposableIndexTemplateMetadata$$Lambda/0x00007fcd29091b70
10031:             1             16  org.opensearch.cluster.metadata.ComposableIndexTemplateMetadata$$Lambda/0x00007fcd29091da8
10032:             1             16  org.opensearch.cluster.metadata.ComposableIndexTemplateMetadata$$Lambda/0x00007fcd2919d218
10033:             1             16  org.opensearch.cluster.metadata.ComposableIndexTemplateMetadata$$Lambda/0x00007fcd2919d430
10034:             1             16  org.opensearch.cluster.metadata.DataStream$TimestampField$$Lambda/0x00007fcd29092dd8
10035:             1             16  org.opensearch.cluster.metadata.DataStreamMetadata
10036:             1             16  org.opensearch.cluster.metadata.DataStreamMetadata$$Lambda/0x00007fcd29091720
10037:             1             16  org.opensearch.cluster.metadata.DataStreamMetadata$$Lambda/0x00007fcd29091958
10038:             1             16  org.opensearch.cluster.metadata.DataStreamMetadata$$Lambda/0x00007fcd2919bd68
10039:             1             16  org.opensearch.cluster.metadata.DataStreamMetadata$$Lambda/0x00007fcd2919d000
10040:             1             16  org.opensearch.cluster.metadata.DiffableStringMap$DiffableStringMapDiff$$Lambda/0x00007fcd29219490
10041:             1             16  org.opensearch.cluster.metadata.DiffableStringMap$DiffableStringMapDiff$$Lambda/0x00007fcd292198c0
10042:             1             16  org.opensearch.cluster.metadata.IndexGraveyard$$Lambda/0x00007fcd284bc928
10043:             1             16  org.opensearch.cluster.metadata.IndexGraveyard$$Lambda/0x00007fcd284bcd80
10044:             1             16  org.opensearch.cluster.metadata.IndexGraveyard$$Lambda/0x00007fcd291a0430
10045:             1             16  org.opensearch.cluster.metadata.IndexGraveyard$Tombstone$$Lambda/0x00007fcd284bd418
10046:             1             16  org.opensearch.cluster.metadata.IndexGraveyard$Tombstone$$Lambda/0x00007fcd284bd8b8
10047:             1             16  org.opensearch.cluster.metadata.IndexGraveyard$Tombstone$$Lambda/0x00007fcd284bdae0
10048:             1             16  org.opensearch.cluster.metadata.IndexGraveyard$Tombstone$$Lambda/0x00007fcd284bdf18
10049:             1             16  org.opensearch.cluster.metadata.IndexGraveyard$Tombstone$$Lambda/0x00007fcd284be140
10050:             1             16  org.opensearch.cluster.metadata.IndexGraveyard$Tombstone$$Lambda/0x00007fcd284be7e8
10051:             1             16  org.opensearch.cluster.metadata.IndexMetadata$$Lambda/0x00007fcd2862b000
10052:             1             16  org.opensearch.cluster.metadata.IndexMetadata$$Lambda/0x00007fcd2862b488
10053:             1             16  org.opensearch.cluster.metadata.IndexMetadata$$Lambda/0x00007fcd2862b910
10054:             1             16  org.opensearch.cluster.metadata.IndexMetadata$$Lambda/0x00007fcd2862bd60
10055:             1             16  org.opensearch.cluster.metadata.IndexMetadata$$Lambda/0x00007fcd2862e038
10056:             1             16  org.opensearch.cluster.metadata.IndexMetadata$$Lambda/0x00007fcd2862fb20
10057:             1             16  org.opensearch.cluster.metadata.IndexMetadata$1
10058:             1             16  org.opensearch.cluster.metadata.IndexMetadata$2
10059:             1             16  org.opensearch.cluster.metadata.IndexMetadata$3
10060:             1             16  org.opensearch.cluster.metadata.IndexMetadata$4
10061:             1             16  org.opensearch.cluster.metadata.IndexMetadata$5
10062:             1             16  org.opensearch.cluster.metadata.IndexMetadata$Builder$$Lambda/0x00007fcd29093d50
10063:             1             16  org.opensearch.cluster.metadata.IndexMetadata$IndexMetadataDiff$$Lambda/0x00007fcd29237378
10064:             1             16  org.opensearch.cluster.metadata.IndexMetadata$IndexMetadataDiff$$Lambda/0x00007fcd29237590
10065:             1             16  org.opensearch.cluster.metadata.IndexMetadata$IndexMetadataDiff$$Lambda/0x00007fcd292377a8
10066:             1             16  org.opensearch.cluster.metadata.IndexMetadata$IndexMetadataDiff$$Lambda/0x00007fcd292379c0
10067:             1             16  org.opensearch.cluster.metadata.IndexMetadata$IndexMetadataDiff$$Lambda/0x00007fcd29237bd8
10068:             1             16  org.opensearch.cluster.metadata.IndexMetadata$IndexMetadataDiff$$Lambda/0x00007fcd2923e000
10069:             1             16  org.opensearch.cluster.metadata.IndexMetadata$IndexMetadataDiff$$Lambda/0x00007fcd2923e218
10070:             1             16  org.opensearch.cluster.metadata.IndexMetadata$IndexMetadataDiff$$Lambda/0x00007fcd2923e430
10071:             1             16  org.opensearch.cluster.metadata.IndexNameExpressionResolver$$Lambda/0x00007fcd291e2890
10072:             1             16  org.opensearch.cluster.metadata.Manifest$$Lambda/0x00007fcd288b0268
10073:             1             16  org.opensearch.cluster.metadata.Manifest$$Lambda/0x00007fcd290e95a8
10074:             1             16  org.opensearch.cluster.metadata.Manifest$IndexEntry$$Lambda/0x00007fcd288b06f0
10075:             1             16  org.opensearch.cluster.metadata.Manifest$IndexEntry$$Lambda/0x00007fcd288b0928
10076:             1             16  org.opensearch.cluster.metadata.Metadata$$Lambda/0x00007fcd291d3a08
10077:             1             16  org.opensearch.cluster.metadata.Metadata$Builder$$Lambda/0x00007fcd284bec08
10078:             1             16  org.opensearch.cluster.metadata.Metadata$Builder$$Lambda/0x00007fcd284bee50
10079:             1             16  org.opensearch.cluster.metadata.Metadata$Builder$$Lambda/0x00007fcd29218400
10080:             1             16  org.opensearch.cluster.metadata.Metadata$MetadataDiff$$Lambda/0x00007fcd2921b3b0
10081:             1             16  org.opensearch.cluster.metadata.Metadata$MetadataDiff$$Lambda/0x00007fcd2921b5c8
10082:             1             16  org.opensearch.cluster.metadata.Metadata$MetadataDiff$$Lambda/0x00007fcd2921b7e0
10083:             1             16  org.opensearch.cluster.metadata.Metadata$MetadataDiff$$Lambda/0x00007fcd2921b9f8
10084:             1             16  org.opensearch.cluster.metadata.MetadataIndexUpgradeService$$Lambda/0x00007fcd290a1028
10085:             1             16  org.opensearch.cluster.metadata.MetadataIndexUpgradeService$$Lambda/0x00007fcd290a1240
10086:             1             16  org.opensearch.cluster.metadata.MetadataMappingService$PutMappingExecutor
10087:             1             16  org.opensearch.cluster.metadata.MetadataMappingService$RefreshTaskExecutor
10088:             1             16  org.opensearch.cluster.metadata.RepositoriesMetadata
10089:             1             16  org.opensearch.cluster.metadata.RepositoriesMetadata$$Lambda/0x00007fcd2919b6f0
10090:             1             16  org.opensearch.cluster.metadata.RepositoryMetadata$$Lambda/0x00007fcd2919bb50
10091:             1             16  org.opensearch.cluster.metadata.Template$$Lambda/0x00007fcd29090450
10092:             1             16  org.opensearch.cluster.metadata.Template$$Lambda/0x00007fcd29090688
10093:             1             16  org.opensearch.cluster.metadata.Template$$Lambda/0x00007fcd29090aa8
10094:             1             16  org.opensearch.cluster.metadata.Template$$Lambda/0x00007fcd29090cc0
10095:             1             16  org.opensearch.cluster.metadata.Template$$Lambda/0x00007fcd2919d860
10096:             1             16  org.opensearch.cluster.metadata.Template$$Lambda/0x00007fcd2919da78
10097:             1             16  org.opensearch.cluster.node.DiscoveryNode$$Lambda/0x00007fcd284a44f8
10098:             1             16  org.opensearch.cluster.node.DiscoveryNode$$Lambda/0x00007fcd284a4730
10099:             1             16  org.opensearch.cluster.node.DiscoveryNode$$Lambda/0x00007fcd284b0b40
10100:             1             16  org.opensearch.cluster.node.DiscoveryNode$$Lambda/0x00007fcd29046a98
10101:             1             16  org.opensearch.cluster.node.DiscoveryNode$$Lambda/0x00007fcd290c3ba0
10102:             1             16  org.opensearch.cluster.node.DiscoveryNode$$Lambda/0x00007fcd2918ec88
10103:             1             16  org.opensearch.cluster.node.DiscoveryNode$$Lambda/0x00007fcd2918f0f0
10104:             1             16  org.opensearch.cluster.node.DiscoveryNode$$Lambda/0x00007fcd2918f338
10105:             1             16  org.opensearch.cluster.node.DiscoveryNode$$Lambda/0x00007fcd2918f570
10106:             1             16  org.opensearch.cluster.node.DiscoveryNode$$Lambda/0x00007fcd291a4d10
10107:             1             16  org.opensearch.cluster.node.DiscoveryNodeFilters$$Lambda/0x00007fcd28716050
10108:             1             16  org.opensearch.cluster.node.DiscoveryNodes$$Lambda/0x00007fcd290f1ed8
10109:             1             16  org.opensearch.cluster.node.DiscoveryNodes$$Lambda/0x00007fcd290f2348
10110:             1             16  org.opensearch.cluster.node.DiscoveryNodes$$Lambda/0x00007fcd291c2818
10111:             1             16  org.opensearch.cluster.node.DiscoveryNodes$$Lambda/0x00007fcd291c2a50
10112:             1             16  org.opensearch.cluster.node.DiscoveryNodes$Delta$$Lambda/0x00007fcd291b4898
10113:             1             16  org.opensearch.cluster.routing.AllocationId$$Lambda/0x00007fcd291a2d20
10114:             1             16  org.opensearch.cluster.routing.AllocationId$$Lambda/0x00007fcd291a2f48
10115:             1             16  org.opensearch.cluster.routing.FailAwareWeightedRouting
10116:             1             16  org.opensearch.cluster.routing.IndexRoutingTable$$Lambda/0x00007fcd2921ab00
10117:             1             16  org.opensearch.cluster.routing.OperationRouting$$Lambda/0x00007fcd2870dbe0
10118:             1             16  org.opensearch.cluster.routing.OperationRouting$$Lambda/0x00007fcd2870de10
10119:             1             16  org.opensearch.cluster.routing.OperationRouting$$Lambda/0x00007fcd2870e040
10120:             1             16  org.opensearch.cluster.routing.OperationRouting$$Lambda/0x00007fcd2870e270
10121:             1             16  org.opensearch.cluster.routing.OperationRouting$$Lambda/0x00007fcd2870e4a0
10122:             1             16  org.opensearch.cluster.routing.OperationRouting$$Lambda/0x00007fcd2870e6d0
10123:             1             16  org.opensearch.cluster.routing.OperationRouting$$Lambda/0x00007fcd2870e900
10124:             1             16  org.opensearch.cluster.routing.RecoverySource$PeerRecoverySource
10125:             1             16  org.opensearch.cluster.routing.RoutingNode$$Lambda/0x00007fcd291bd4c8
10126:             1             16  org.opensearch.cluster.routing.RoutingNodes$$Lambda/0x00007fcd291bd700
10127:             1             16  org.opensearch.cluster.routing.RoutingTable$$Lambda/0x00007fcd29097660
10128:             1             16  org.opensearch.cluster.routing.RoutingTable$$Lambda/0x00007fcd290978a8
10129:             1             16  org.opensearch.cluster.routing.RoutingTable$RoutingTableDiff$$Lambda/0x00007fcd292178f0
10130:             1             16  org.opensearch.cluster.routing.RoutingTable$RoutingTableDiff$$Lambda/0x00007fcd29217b08
10131:             1             16  org.opensearch.cluster.routing.ShardRouting$$Lambda/0x00007fcd291a2448
10132:             1             16  org.opensearch.cluster.routing.ShardRouting$$Lambda/0x00007fcd291a28e8
10133:             1             16  org.opensearch.cluster.routing.UnassignedInfo$$Lambda/0x00007fcd291a3e18
10134:             1             16  org.opensearch.cluster.routing.UnassignedInfo$$Lambda/0x00007fcd293774e0
10135:             1             16  org.opensearch.cluster.routing.allocation.AllocationConstraints
10136:             1             16  org.opensearch.cluster.routing.allocation.AwarenessReplicaBalance$$Lambda/0x00007fcd288cb868
10137:             1             16  org.opensearch.cluster.routing.allocation.AwarenessReplicaBalance$$Lambda/0x00007fcd288cba98
10138:             1             16  org.opensearch.cluster.routing.allocation.AwarenessReplicaBalance$$Lambda/0x00007fcd288cbcc8
10139:             1             16  org.opensearch.cluster.routing.allocation.ConstraintTypes$$Lambda/0x00007fcd2871a800
10140:             1             16  org.opensearch.cluster.routing.allocation.ConstraintTypes$$Lambda/0x00007fcd2871aa48
10141:             1             16  org.opensearch.cluster.routing.allocation.DiskThresholdSettings$$Lambda/0x00007fcd286d0000
10142:             1             16  org.opensearch.cluster.routing.allocation.DiskThresholdSettings$$Lambda/0x00007fcd286d0470
10143:             1             16  org.opensearch.cluster.routing.allocation.DiskThresholdSettings$$Lambda/0x00007fcd286d08e0
10144:             1             16  org.opensearch.cluster.routing.allocation.DiskThresholdSettings$FloodStageValidator
10145:             1             16  org.opensearch.cluster.routing.allocation.DiskThresholdSettings$HighDiskWatermarkValidator
10146:             1             16  org.opensearch.cluster.routing.allocation.DiskThresholdSettings$LowDiskWatermarkValidator
10147:             1             16  org.opensearch.cluster.routing.allocation.RebalanceConstraints
10148:             1             16  org.opensearch.cluster.routing.allocation.allocator.BalancedShardsAllocator$$Lambda/0x00007fcd286c9238
10149:             1             16  org.opensearch.cluster.routing.allocation.allocator.BalancedShardsAllocator$$Lambda/0x00007fcd2871b0f0
10150:             1             16  org.opensearch.cluster.routing.allocation.allocator.BalancedShardsAllocator$$Lambda/0x00007fcd2871b320
10151:             1             16  org.opensearch.cluster.routing.allocation.allocator.BalancedShardsAllocator$$Lambda/0x00007fcd2871b550
10152:             1             16  org.opensearch.cluster.routing.allocation.allocator.BalancedShardsAllocator$$Lambda/0x00007fcd2871b780
10153:             1             16  org.opensearch.cluster.routing.allocation.allocator.BalancedShardsAllocator$$Lambda/0x00007fcd2871b9b0
10154:             1             16  org.opensearch.cluster.routing.allocation.allocator.BalancedShardsAllocator$$Lambda/0x00007fcd2871bbe0
10155:             1             16  org.opensearch.cluster.routing.allocation.allocator.BalancedShardsAllocator$$Lambda/0x00007fcd2871e000
10156:             1             16  org.opensearch.cluster.routing.allocation.allocator.BalancedShardsAllocator$$Lambda/0x00007fcd2871e230
10157:             1             16  org.opensearch.cluster.routing.allocation.command.AbstractAllocateAllocationCommand$$Lambda/0x00007fcd28483000
10158:             1             16  org.opensearch.cluster.routing.allocation.command.AbstractAllocateAllocationCommand$$Lambda/0x00007fcd28486a10
10159:             1             16  org.opensearch.cluster.routing.allocation.command.AbstractAllocateAllocationCommand$$Lambda/0x00007fcd28487ac8
10160:             1             16  org.opensearch.cluster.routing.allocation.command.BasePrimaryAllocationCommand$$Lambda/0x00007fcd28482c58
10161:             1             16  org.opensearch.cluster.routing.allocation.decider.AllocationDeciders
10162:             1             16  org.opensearch.cluster.routing.allocation.decider.AwarenessAllocationDecider$$Lambda/0x00007fcd28710a30
10163:             1             16  org.opensearch.cluster.routing.allocation.decider.AwarenessAllocationDecider$$Lambda/0x00007fcd28710c60
10164:             1             16  org.opensearch.cluster.routing.allocation.decider.ClusterRebalanceAllocationDecider
10165:             1             16  org.opensearch.cluster.routing.allocation.decider.ClusterRebalanceAllocationDecider$$Lambda/0x00007fcd286caa78
10166:             1             16  org.opensearch.cluster.routing.allocation.decider.ClusterRebalanceAllocationDecider$$Lambda/0x00007fcd28714f20
10167:             1             16  org.opensearch.cluster.routing.allocation.decider.ConcurrentRebalanceAllocationDecider
10168:             1             16  org.opensearch.cluster.routing.allocation.decider.ConcurrentRebalanceAllocationDecider$$Lambda/0x00007fcd28715150
10169:             1             16  org.opensearch.cluster.routing.allocation.decider.ConcurrentRecoveriesAllocationDecider
10170:             1             16  org.opensearch.cluster.routing.allocation.decider.ConcurrentRecoveriesAllocationDecider$$Lambda/0x00007fcd28715380
10171:             1             16  org.opensearch.cluster.routing.allocation.decider.EnableAllocationDecider$$Lambda/0x00007fcd286408f8
10172:             1             16  org.opensearch.cluster.routing.allocation.decider.EnableAllocationDecider$$Lambda/0x00007fcd28640b30
10173:             1             16  org.opensearch.cluster.routing.allocation.decider.EnableAllocationDecider$$Lambda/0x00007fcd28641198
10174:             1             16  org.opensearch.cluster.routing.allocation.decider.EnableAllocationDecider$$Lambda/0x00007fcd286413d0
10175:             1             16  org.opensearch.cluster.routing.allocation.decider.EnableAllocationDecider$$Lambda/0x00007fcd287155b0
10176:             1             16  org.opensearch.cluster.routing.allocation.decider.EnableAllocationDecider$$Lambda/0x00007fcd287157e0
10177:             1             16  org.opensearch.cluster.routing.allocation.decider.FilterAllocationDecider$$Lambda/0x00007fcd286cb630
10178:             1             16  org.opensearch.cluster.routing.allocation.decider.FilterAllocationDecider$$Lambda/0x00007fcd286cbab8
10179:             1             16  org.opensearch.cluster.routing.allocation.decider.FilterAllocationDecider$$Lambda/0x00007fcd286cbf40
10180:             1             16  org.opensearch.cluster.routing.allocation.decider.FilterAllocationDecider$$Lambda/0x00007fcd28716278
10181:             1             16  org.opensearch.cluster.routing.allocation.decider.FilterAllocationDecider$$Lambda/0x00007fcd287164a8
10182:             1             16  org.opensearch.cluster.routing.allocation.decider.FilterAllocationDecider$$Lambda/0x00007fcd28716948
10183:             1             16  org.opensearch.cluster.routing.allocation.decider.FilterAllocationDecider$$Lambda/0x00007fcd28716b78
10184:             1             16  org.opensearch.cluster.routing.allocation.decider.FilterAllocationDecider$$Lambda/0x00007fcd28716da0
10185:             1             16  org.opensearch.cluster.routing.allocation.decider.FilterAllocationDecider$$Lambda/0x00007fcd28716fd0
10186:             1             16  org.opensearch.cluster.routing.allocation.decider.FilterAllocationDecider$$Lambda/0x00007fcd287171f8
10187:             1             16  org.opensearch.cluster.routing.allocation.decider.FilterAllocationDecider$$Lambda/0x00007fcd28717428
10188:             1             16  org.opensearch.cluster.routing.allocation.decider.MaxRetryAllocationDecider
10189:             1             16  org.opensearch.cluster.routing.allocation.decider.NodeLoadAwareAllocationDecider$$Lambda/0x00007fcd28710400
10190:             1             16  org.opensearch.cluster.routing.allocation.decider.NodeLoadAwareAllocationDecider$$Lambda/0x00007fcd28718000
10191:             1             16  org.opensearch.cluster.routing.allocation.decider.NodeLoadAwareAllocationDecider$$Lambda/0x00007fcd28718230
10192:             1             16  org.opensearch.cluster.routing.allocation.decider.NodeLoadAwareAllocationDecider$$Lambda/0x00007fcd28718460
10193:             1             16  org.opensearch.cluster.routing.allocation.decider.NodeVersionAllocationDecider
10194:             1             16  org.opensearch.cluster.routing.allocation.decider.RebalanceOnlyWhenActiveAllocationDecider
10195:             1             16  org.opensearch.cluster.routing.allocation.decider.RemoteStoreMigrationAllocationDecider$$Lambda/0x00007fcd28718690
10196:             1             16  org.opensearch.cluster.routing.allocation.decider.RemoteStoreMigrationAllocationDecider$$Lambda/0x00007fcd287188c0
10197:             1             16  org.opensearch.cluster.routing.allocation.decider.ReplicaAfterPrimaryActiveAllocationDecider
10198:             1             16  org.opensearch.cluster.routing.allocation.decider.ResizeAllocationDecider
10199:             1             16  org.opensearch.cluster.routing.allocation.decider.RestoreInProgressAllocationDecider
10200:             1             16  org.opensearch.cluster.routing.allocation.decider.SameShardAllocationDecider
10201:             1             16  org.opensearch.cluster.routing.allocation.decider.SameShardAllocationDecider$$Lambda/0x00007fcd28717658
10202:             1             16  org.opensearch.cluster.routing.allocation.decider.ShardsLimitAllocationDecider$$Lambda/0x00007fcd28710800
10203:             1             16  org.opensearch.cluster.routing.allocation.decider.SnapshotInProgressAllocationDecider
10204:             1             16  org.opensearch.cluster.routing.allocation.decider.TargetPoolAllocationDecider
10205:             1             16  org.opensearch.cluster.routing.allocation.decider.ThrottlingAllocationDecider$$Lambda/0x00007fcd286cf2f8
10206:             1             16  org.opensearch.cluster.routing.allocation.decider.ThrottlingAllocationDecider$$Lambda/0x00007fcd286cf530
10207:             1             16  org.opensearch.cluster.routing.allocation.decider.ThrottlingAllocationDecider$$Lambda/0x00007fcd286cf768
10208:             1             16  org.opensearch.cluster.routing.allocation.decider.ThrottlingAllocationDecider$$Lambda/0x00007fcd28711690
10209:             1             16  org.opensearch.cluster.routing.allocation.decider.ThrottlingAllocationDecider$$Lambda/0x00007fcd287118c0
10210:             1             16  org.opensearch.cluster.routing.allocation.decider.ThrottlingAllocationDecider$$Lambda/0x00007fcd28711af0
10211:             1             16  org.opensearch.cluster.routing.allocation.decider.ThrottlingAllocationDecider$$Lambda/0x00007fcd28711d20
10212:             1             16  org.opensearch.cluster.routing.remote.InternalRemoteRoutingTableService$$Lambda/0x00007fcd28703e48
10213:             1             16  org.opensearch.cluster.routing.remote.InternalRemoteRoutingTableService$$Lambda/0x00007fcd28704960
10214:             1             16  org.opensearch.cluster.service.ClusterApplierService$$Lambda/0x00007fcd2870d9b0
10215:             1             16  org.opensearch.cluster.service.ClusterManagerTaskThrottler$$Lambda/0x00007fcd2870cbc0
10216:             1             16  org.opensearch.cluster.service.ClusterManagerTaskThrottler$$Lambda/0x00007fcd2870cdf0
10217:             1             16  org.opensearch.cluster.service.ClusterManagerTaskThrottler$$Lambda/0x00007fcd2870d298
10218:             1             16  org.opensearch.cluster.service.ClusterManagerTaskThrottler$$Lambda/0x00007fcd2870d4c8
10219:             1             16  org.opensearch.cluster.service.ClusterManagerThrottlingStats
10220:             1             16  org.opensearch.cluster.service.ClusterService$$Lambda/0x00007fcd286d7448
10221:             1             16  org.opensearch.cluster.service.ClusterService$$Lambda/0x00007fcd2870eb30
10222:             1             16  org.opensearch.cluster.service.ClusterService$$Lambda/0x00007fcd2870ed58
10223:             1             16  org.opensearch.cluster.service.MasterService$$Lambda/0x00007fcd2870c4c8
10224:             1             16  org.opensearch.cluster.service.MasterService$$Lambda/0x00007fcd2870c9a0
10225:             1             16  org.opensearch.common.RandomBasedUUIDGenerator
10226:             1             16  org.opensearch.common.bytes.ReleasableBytesReference$$Lambda/0x00007fcd29134570
10227:             1             16  org.opensearch.common.cache.Cache$$Lambda/0x00007fcd28627cc0
10228:             1             16  org.opensearch.common.cache.Cache$$Lambda/0x00007fcd2862c220
10229:             1             16  org.opensearch.common.cache.settings.CacheSettings$$Lambda/0x00007fcd28706a80
10230:             1             16  org.opensearch.common.cache.stats.NoopCacheStatsHolder
10231:             1             16  org.opensearch.common.cache.store.OpenSearchOnHeapCache$OpenSearchOnHeapCacheFactory
10232:             1             16  org.opensearch.common.cache.store.settings.OpenSearchOnHeapCacheSettings$$Lambda/0x00007fcd28706eb8
10233:             1             16  org.opensearch.common.cache.store.settings.OpenSearchOnHeapCacheSettings$$Lambda/0x00007fcd287070f0
10234:             1             16  org.opensearch.common.compress.DeflateCompressor
10235:             1             16  org.opensearch.common.compress.DeflateCompressor$$Lambda/0x00007fcd28530250
10236:             1             16  org.opensearch.common.compress.DeflateCompressor$$Lambda/0x00007fcd28530468
10237:             1             16  org.opensearch.common.compress.DeflateCompressor$$Lambda/0x00007fcd28530a10
10238:             1             16  org.opensearch.common.compress.DeflateCompressor$$Lambda/0x00007fcd28530c28
10239:             1             16  org.opensearch.common.compress.DeflateCompressor$$Lambda/0x00007fcd28530e40
10240:             1             16  org.opensearch.common.geo.GeoShapeType$$Lambda/0x00007fcd28868de8
10241:             1             16  org.opensearch.common.geo.GeoShapeType$$Lambda/0x00007fcd28869000
10242:             1             16  org.opensearch.common.geo.GeoShapeType$$Lambda/0x00007fcd28869218
10243:             1             16  org.opensearch.common.geo.GeoShapeType$$Lambda/0x00007fcd28869430
10244:             1             16  org.opensearch.common.geo.GeoShapeType$$Lambda/0x00007fcd28869648
10245:             1             16  org.opensearch.common.geo.GeoShapeType$$Lambda/0x00007fcd28869860
10246:             1             16  org.opensearch.common.geo.GeoShapeType$$Lambda/0x00007fcd28869e58
10247:             1             16  org.opensearch.common.geo.GeoShapeType$$Lambda/0x00007fcd2886a070
10248:             1             16  org.opensearch.common.geo.GeoShapeType$$Lambda/0x00007fcd2886a5e8
10249:             1             16  org.opensearch.common.geo.builders.ShapeBuilder$IntersectionOrder
10250:             1             16  org.opensearch.common.inject.InjectorImpl$ProviderBindingImpl$1
10251:             1             16  org.opensearch.common.inject.MembersInjectorImpl$$Lambda/0x00007fcd28b8f570
10252:             1             16  org.opensearch.common.inject.Scopes$1
10253:             1             16  org.opensearch.common.inject.Scopes$2
10254:             1             16  org.opensearch.common.inject.State$1
10255:             1             16  org.opensearch.common.inject.internal.Errors$2
10256:             1             16  org.opensearch.common.inject.internal.Errors$3
10257:             1             16  org.opensearch.common.inject.internal.Errors$4
10258:             1             16  org.opensearch.common.inject.internal.Scoping$1
10259:             1             16  org.opensearch.common.inject.internal.Scoping$2
10260:             1             16  org.opensearch.common.inject.internal.Scoping$3
10261:             1             16  org.opensearch.common.inject.internal.Scoping$4
10262:             1             16  org.opensearch.common.inject.internal.SourceProvider
10263:             1             16  org.opensearch.common.inject.matcher.Matchers$Any
10264:             1             16  org.opensearch.common.inject.spi.InjectionPoint$Factory$1
10265:             1             16  org.opensearch.common.inject.spi.InjectionPoint$Factory$2
10266:             1             16  org.opensearch.common.inject.util.Modules$1
10267:             1             16  org.opensearch.common.io.DiskIoBufferPool$$Lambda/0x00007fcd29347a98
10268:             1             16  org.opensearch.common.io.Streams$1
10269:             1             16  org.opensearch.common.io.stream.Streamables$$Lambda/0x00007fcd28cba100
10270:             1             16  org.opensearch.common.io.stream.Streamables$$Lambda/0x00007fcd28cba518
10271:             1             16  org.opensearch.common.io.stream.Streamables$$Lambda/0x00007fcd28cba730
10272:             1             16  org.opensearch.common.io.stream.Streamables$$Lambda/0x00007fcd28cba948
10273:             1             16  org.opensearch.common.io.stream.Streamables$$Lambda/0x00007fcd28cbab60
10274:             1             16  org.opensearch.common.joda.Joda$$Lambda/0x00007fcd290bd778
10275:             1             16  org.opensearch.common.joda.Joda$1
10276:             1             16  org.opensearch.common.joda.Joda$2
10277:             1             16  org.opensearch.common.logging.HeaderWarning$$Lambda/0x00007fcd28394000
10278:             1             16  org.opensearch.common.logging.HeaderWarning$$Lambda/0x00007fcd28394248
10279:             1             16  org.opensearch.common.logging.LogConfigurator$$Lambda/0x00007fcd281b67a8
10280:             1             16  org.opensearch.common.logging.Loggers$$Lambda/0x00007fcd281b5a30
10281:             1             16  org.opensearch.common.logging.Loggers$$Lambda/0x00007fcd281b5c68
10282:             1             16  org.opensearch.common.logging.Loggers$$Lambda/0x00007fcd281b5ea0
10283:             1             16  org.opensearch.common.logging.NodeAndClusterIdStateListener$$Lambda/0x00007fcd290f3940
10284:             1             16  org.opensearch.common.lucene.search.Queries$$Lambda/0x00007fcd29349460
10285:             1             16  org.opensearch.common.network.NetworkModule$$Lambda/0x00007fcd2845f920
10286:             1             16  org.opensearch.common.network.NetworkModule$$Lambda/0x00007fcd2845fb38
10287:             1             16  org.opensearch.common.network.NetworkModule$$Lambda/0x00007fcd28482800
10288:             1             16  org.opensearch.common.network.NetworkModule$$Lambda/0x00007fcd28483db8
10289:             1             16  org.opensearch.common.network.NetworkModule$$Lambda/0x00007fcd28484940
10290:             1             16  org.opensearch.common.network.NetworkModule$$Lambda/0x00007fcd28484b58
10291:             1             16  org.opensearch.common.network.NetworkModule$$Lambda/0x00007fcd28485770
10292:             1             16  org.opensearch.common.network.NetworkModule$$Lambda/0x00007fcd28485988
10293:             1             16  org.opensearch.common.network.NetworkModule$$Lambda/0x00007fcd2848c7e0
10294:             1             16  org.opensearch.common.network.NetworkModule$$Lambda/0x00007fcd2848c9f8
10295:             1             16  org.opensearch.common.network.NetworkModule$$Lambda/0x00007fcd2848d0c8
10296:             1             16  org.opensearch.common.network.NetworkModule$$Lambda/0x00007fcd2848d5a8
10297:             1             16  org.opensearch.common.network.NetworkModule$$Lambda/0x00007fcd2848da80
10298:             1             16  org.opensearch.common.network.NetworkModule$$Lambda/0x00007fcd28c9f2d8
10299:             1             16  org.opensearch.common.network.NetworkModule$$Lambda/0x00007fcd28c9f718
10300:             1             16  org.opensearch.common.network.NetworkModule$$Lambda/0x00007fcd28c9fb90
10301:             1             16  org.opensearch.common.network.NetworkModule$$Lambda/0x00007fcd28ca0000
10302:             1             16  org.opensearch.common.network.NetworkModule$CompositeTransportInterceptor
10303:             1             16  org.opensearch.common.network.NetworkService
10304:             1             16  org.opensearch.common.settings.AbstractScopedSettings$$Lambda/0x00007fcd28646678
10305:             1             16  org.opensearch.common.settings.AbstractScopedSettings$$Lambda/0x00007fcd2864bfd0
10306:             1             16  org.opensearch.common.settings.AbstractScopedSettings$$Lambda/0x00007fcd2864e0b8
10307:             1             16  org.opensearch.common.settings.AbstractScopedSettings$$Lambda/0x00007fcd28872480
10308:             1             16  org.opensearch.common.settings.AbstractScopedSettings$$Lambda/0x00007fcd288726a8
10309:             1             16  org.opensearch.common.settings.AbstractScopedSettings$$Lambda/0x00007fcd288728d0
10310:             1             16  org.opensearch.common.settings.AbstractScopedSettings$$Lambda/0x00007fcd28872af8
10311:             1             16  org.opensearch.common.settings.AbstractScopedSettings$$Lambda/0x00007fcd28cdf9c8
10312:             1             16  org.opensearch.common.settings.AbstractScopedSettings$$Lambda/0x00007fcd28cdfbf0
10313:             1             16  org.opensearch.common.settings.AbstractScopedSettings$SettingUpdater$$Lambda/0x00007fcd291b2ab8
10314:             1             16  org.opensearch.common.settings.ClusterSettings$LoggingSettingUpdater$$Lambda/0x00007fcd28707cb0
10315:             1             16  org.opensearch.common.settings.IndexScopedSettings$$Lambda/0x00007fcd286372a8
10316:             1             16  org.opensearch.common.settings.IndexScopedSettings$$Lambda/0x00007fcd286374f0
10317:             1             16  org.opensearch.common.settings.IndexScopedSettings$$Lambda/0x00007fcd28646258
10318:             1             16  org.opensearch.common.settings.SecureSetting$InsecureStringSetting$$Lambda/0x00007fcd285344b0
10319:             1             16  org.opensearch.common.settings.Setting$$Lambda/0x00007fcd2802af28
10320:             1             16  org.opensearch.common.settings.Setting$$Lambda/0x00007fcd2802b580
10321:             1             16  org.opensearch.common.settings.Setting$$Lambda/0x00007fcd2802ba08
10322:             1             16  org.opensearch.common.settings.Setting$$Lambda/0x00007fcd2802c778
10323:             1             16  org.opensearch.common.settings.Setting$$Lambda/0x00007fcd280bf770
10324:             1             16  org.opensearch.common.settings.Setting$$Lambda/0x00007fcd280c3800
10325:             1             16  org.opensearch.common.settings.Setting$$Lambda/0x00007fcd280c8b18
10326:             1             16  org.opensearch.common.settings.Setting$$Lambda/0x00007fcd280ca5d8
10327:             1             16  org.opensearch.common.settings.Setting$$Lambda/0x00007fcd280ca818
10328:             1             16  org.opensearch.common.settings.Setting$$Lambda/0x00007fcd280cac80
10329:             1             16  org.opensearch.common.settings.Setting$$Lambda/0x00007fcd28216c58
10330:             1             16  org.opensearch.common.settings.Setting$$Lambda/0x00007fcd28396a08
10331:             1             16  org.opensearch.common.settings.Setting$$Lambda/0x00007fcd2848e0d0
10332:             1             16  org.opensearch.common.settings.Setting$$Lambda/0x00007fcd2854dad0
10333:             1             16  org.opensearch.common.settings.Setting$$Lambda/0x00007fcd2854dd18
10334:             1             16  org.opensearch.common.settings.Setting$$Lambda/0x00007fcd2854e3e8
10335:             1             16  org.opensearch.common.settings.Setting$$Lambda/0x00007fcd2862e990
10336:             1             16  org.opensearch.common.settings.Setting$$Lambda/0x00007fcd2862f6a8
10337:             1             16  org.opensearch.common.settings.Setting$$Lambda/0x00007fcd2862f8e8
10338:             1             16  org.opensearch.common.settings.Setting$$Lambda/0x00007fcd2864e2e0
10339:             1             16  org.opensearch.common.settings.Setting$$Lambda/0x00007fcd286e5068
10340:             1             16  org.opensearch.common.settings.Setting$$Lambda/0x00007fcd28708cc0
10341:             1             16  org.opensearch.common.settings.Setting$GroupSetting$$Lambda/0x00007fcd280c3c50
10342:             1             16  org.opensearch.common.settings.Setting$GroupSetting$$Lambda/0x00007fcd280c8000
10343:             1             16  org.opensearch.common.settings.Settings$$Lambda/0x00007fcd281e9010
10344:             1             16  org.opensearch.common.settings.Settings$Builder$$Lambda/0x00007fcd28028ca0
10345:             1             16  org.opensearch.common.settings.SettingsModule$$Lambda/0x00007fcd28707610
10346:             1             16  org.opensearch.common.ssl.DefaultJdkTrustConfig$$Lambda/0x00007fcd288fe8c0
10347:             1             16  org.opensearch.common.ssl.EmptyKeyConfig
10348:             1             16  org.opensearch.common.ssl.SslConfigurationLoader$$Lambda/0x00007fcd288fd440
10349:             1             16  org.opensearch.common.ssl.SslConfigurationLoader$$Lambda/0x00007fcd288fd678
10350:             1             16  org.opensearch.common.ssl.TrustEverythingConfig
10351:             1             16  org.opensearch.common.ssl.TrustEverythingConfig$1
10352:             1             16  org.opensearch.common.time.DateFormatter$$Lambda/0x00007fcd2808c708
10353:             1             16  org.opensearch.common.time.DateFormatters$$Lambda/0x00007fcd2808cd40
10354:             1             16  org.opensearch.common.time.DateFormatters$1
10355:             1             16  org.opensearch.common.time.EpochTime$$Lambda/0x00007fcd286186c8
10356:             1             16  org.opensearch.common.time.EpochTime$$Lambda/0x00007fcd286188f0
10357:             1             16  org.opensearch.common.time.FormatNames$$Lambda/0x00007fcd2808fa90
10358:             1             16  org.opensearch.common.time.IsoCalendarDataProvider
10359:             1             16  org.opensearch.common.time.JavaDateFormatter$$Lambda/0x00007fcd2808dba8
10360:             1             16  org.opensearch.common.time.JavaDateFormatter$$Lambda/0x00007fcd2808e080
10361:             1             16  org.opensearch.common.time.JavaDateFormatter$$Lambda/0x00007fcd2808e698
10362:             1             16  org.opensearch.common.time.JavaDateFormatter$$Lambda/0x00007fcd2808e8b0
10363:             1             16  org.opensearch.common.time.JavaDateFormatter$$Lambda/0x00007fcd2808eae8
10364:             1             16  org.opensearch.common.time.JavaDateFormatter$$Lambda/0x00007fcd2808ef50
10365:             1             16  org.opensearch.common.transport.PortsRange
10366:             1             16  org.opensearch.common.transport.PortsRange$$Lambda/0x00007fcd281dea38
10367:             1             16  org.opensearch.common.util.LazyInitializable$$Lambda/0x00007fcd2808cf58
10368:             1             16  org.opensearch.common.util.LazyInitializable$$Lambda/0x00007fcd2808d180
10369:             1             16  org.opensearch.common.util.PageCacheRecycler$$Lambda/0x00007fcd286ec2c0
10370:             1             16  org.opensearch.common.util.concurrent.OpenSearchExecutors$$Lambda/0x00007fcd2828a0f0
10371:             1             16  org.opensearch.common.util.concurrent.OpenSearchExecutors$DirectExecutorService
10372:             1             16  org.opensearch.common.util.concurrent.PrioritizedRunnable$$Lambda/0x00007fcd290f4940
10373:             1             16  org.opensearch.common.util.concurrent.ThreadContext$$Lambda/0x00007fcd28536f88
10374:             1             16  org.opensearch.common.util.concurrent.ThreadContext$$Lambda/0x00007fcd29131000
10375:             1             16  org.opensearch.common.util.concurrent.ThreadContext$$Lambda/0x00007fcd29131c90
10376:             1             16  org.opensearch.common.util.concurrent.ThreadContext$$Lambda/0x00007fcd291368d0
10377:             1             16  org.opensearch.common.util.concurrent.ThreadContext$$Lambda/0x00007fcd29137348
10378:             1             16  org.opensearch.common.util.concurrent.ThreadContext$$Lambda/0x00007fcd293dbb38
10379:             1             16  org.opensearch.common.util.concurrent.ThreadContext$$Lambda/0x00007fcd293dbd70
10380:             1             16  org.opensearch.common.util.concurrent.ThreadContext$$Lambda/0x00007fcd293dbfa8
10381:             1             16  org.opensearch.common.util.concurrent.ThreadContext$LinkedHashSetCollector
10382:             1             16  org.opensearch.common.util.concurrent.ThreadContext$ThreadContextStruct$$Lambda/0x00007fcd2911c230
10383:             1             16  org.opensearch.common.util.concurrent.ThreadContext$ThreadContextStruct$$Lambda/0x00007fcd2911cec0
10384:             1             16  org.opensearch.common.util.io.Streams$$Lambda/0x00007fcd28a33848
10385:             1             16  org.opensearch.common.util.iterable.Iterables$FlattenedIterables$$Lambda/0x00007fcd290dd3d0
10386:             1             16  org.opensearch.common.xcontent.LoggingDeprecationHandler
10387:             1             16  org.opensearch.common.xcontent.XContentOpenSearchExtension$$Lambda/0x00007fcd28090878
10388:             1             16  org.opensearch.common.xcontent.XContentOpenSearchExtension$$Lambda/0x00007fcd28090a90
10389:             1             16  org.opensearch.common.xcontent.XContentOpenSearchExtension$$Lambda/0x00007fcd28090f48
10390:             1             16  org.opensearch.common.xcontent.XContentOpenSearchExtension$$Lambda/0x00007fcd28091160
10391:             1             16  org.opensearch.common.xcontent.XContentOpenSearchExtension$$Lambda/0x00007fcd28092ef8
10392:             1             16  org.opensearch.common.xcontent.XContentOpenSearchExtension$$Lambda/0x00007fcd28093610
10393:             1             16  org.opensearch.common.xcontent.XContentOpenSearchExtension$$Lambda/0x00007fcd28093b48
10394:             1             16  org.opensearch.common.xcontent.XContentOpenSearchExtension$$Lambda/0x00007fcd28093d60
10395:             1             16  org.opensearch.common.xcontent.XContentOpenSearchExtension$$Lambda/0x00007fcd28093f78
10396:             1             16  org.opensearch.common.xcontent.XContentOpenSearchExtension$$Lambda/0x00007fcd28094190
10397:             1             16  org.opensearch.common.xcontent.XContentOpenSearchExtension$$Lambda/0x00007fcd280943a8
10398:             1             16  org.opensearch.common.xcontent.XContentOpenSearchExtension$$Lambda/0x00007fcd280945c0
10399:             1             16  org.opensearch.common.xcontent.XContentOpenSearchExtension$$Lambda/0x00007fcd280947d8
10400:             1             16  org.opensearch.common.xcontent.XContentOpenSearchExtension$$Lambda/0x00007fcd280949f0
10401:             1             16  org.opensearch.common.xcontent.XContentOpenSearchExtension$$Lambda/0x00007fcd28094c08
10402:             1             16  org.opensearch.common.xcontent.XContentOpenSearchExtension$$Lambda/0x00007fcd28094e20
10403:             1             16  org.opensearch.common.xcontent.XContentOpenSearchExtension$$Lambda/0x00007fcd28095038
10404:             1             16  org.opensearch.common.xcontent.XContentOpenSearchExtension$$Lambda/0x00007fcd28095250
10405:             1             16  org.opensearch.common.xcontent.XContentOpenSearchExtension$$Lambda/0x00007fcd28095468
10406:             1             16  org.opensearch.common.xcontent.XContentOpenSearchExtension$$Lambda/0x00007fcd28095680
10407:             1             16  org.opensearch.common.xcontent.XContentOpenSearchExtension$$Lambda/0x00007fcd28095fe8
10408:             1             16  org.opensearch.common.xcontent.XContentOpenSearchExtension$$Lambda/0x00007fcd280963f8
10409:             1             16  org.opensearch.common.xcontent.XContentOpenSearchExtension$$Lambda/0x00007fcd28096830
10410:             1             16  org.opensearch.common.xcontent.XContentOpenSearchExtension$$Lambda/0x00007fcd28096c40
10411:             1             16  org.opensearch.common.xcontent.XContentOpenSearchExtension$$Lambda/0x00007fcd28097170
10412:             1             16  org.opensearch.common.xcontent.XContentOpenSearchExtension$$Lambda/0x00007fcd28097388
10413:             1             16  org.opensearch.common.xcontent.XContentOpenSearchExtension$$Lambda/0x00007fcd280975c0
10414:             1             16  org.opensearch.common.xcontent.XContentOpenSearchExtension$$Lambda/0x00007fcd280977f8
10415:             1             16  org.opensearch.common.xcontent.XContentOpenSearchExtension$$Lambda/0x00007fcd28097a30
10416:             1             16  org.opensearch.common.xcontent.XContentOpenSearchExtension$$Lambda/0x00007fcd28097c68
10417:             1             16  org.opensearch.common.xcontent.XContentOpenSearchExtension$$Lambda/0x00007fcd2809c000
10418:             1             16  org.opensearch.common.xcontent.XContentOpenSearchExtension$$Lambda/0x00007fcd2809c238
10419:             1             16  org.opensearch.common.xcontent.XContentOpenSearchExtension$$Lambda/0x00007fcd2809c7d8
10420:             1             16  org.opensearch.common.xcontent.XContentOpenSearchExtension$$Lambda/0x00007fcd2809ca10
10421:             1             16  org.opensearch.common.xcontent.XContentOpenSearchExtension$$Lambda/0x00007fcd2809cc48
10422:             1             16  org.opensearch.common.xcontent.XContentOpenSearchExtension$$Lambda/0x00007fcd2809ce80
10423:             1             16  org.opensearch.common.xcontent.XContentOpenSearchExtension$$Lambda/0x00007fcd2809d0b8
10424:             1             16  org.opensearch.common.xcontent.XContentOpenSearchExtension$$Lambda/0x00007fcd2809d2f0
10425:             1             16  org.opensearch.common.xcontent.XContentOpenSearchExtension$$Lambda/0x00007fcd2809d528
10426:             1             16  org.opensearch.common.xcontent.XContentOpenSearchExtension$$Lambda/0x00007fcd2809d760
10427:             1             16  org.opensearch.common.xcontent.XContentOpenSearchExtension$$Lambda/0x00007fcd2809d998
10428:             1             16  org.opensearch.common.xcontent.json.JsonXContent
10429:             1             16  org.opensearch.common.xcontent.smile.SmileXContent
10430:             1             16  org.opensearch.common.xcontent.yaml.YamlXContent
10431:             1             16  org.opensearch.commons.alerting.action.AlertingActions
10432:             1             16  org.opensearch.commons.alerting.action.AlertingActions
10433:             1             16  org.opensearch.commons.alerting.action.AlertingActions$$Lambda/0x00007fcd28a99f28
10434:             1             16  org.opensearch.commons.alerting.action.AlertingActions$$Lambda/0x00007fcd28a9a3d8
10435:             1             16  org.opensearch.commons.alerting.action.AlertingActions$$Lambda/0x00007fcd28a9a880
10436:             1             16  org.opensearch.commons.alerting.action.AlertingActions$$Lambda/0x00007fcd28a9ad28
10437:             1             16  org.opensearch.commons.alerting.action.AlertingActions$$Lambda/0x00007fcd28a9b1d8
10438:             1             16  org.opensearch.commons.alerting.action.AlertingActions$$Lambda/0x00007fcd28a9b688
10439:             1             16  org.opensearch.commons.alerting.action.AlertingActions$$Lambda/0x00007fcd28a9bb38
10440:             1             16  org.opensearch.commons.alerting.action.AlertingActions$$Lambda/0x00007fcd28c2c000
10441:             1             16  org.opensearch.commons.alerting.action.AlertingActions$$Lambda/0x00007fcd28c2c4a8
10442:             1             16  org.opensearch.commons.alerting.action.AlertingActions$$Lambda/0x00007fcd28c2c950
10443:             1             16  org.opensearch.commons.alerting.action.AlertingActions$$Lambda/0x00007fcd28c2cb68
10444:             1             16  org.opensearch.commons.alerting.action.AlertingActions$$Lambda/0x00007fcd28c2d018
10445:             1             16  org.opensearch.commons.alerting.action.AlertingActions$$Lambda/0x00007fcd28c2d230
10446:             1             16  org.opensearch.commons.alerting.action.AlertingActions$$Lambda/0x00007fcd28c2d6e0
10447:             1             16  org.opensearch.commons.alerting.action.AlertingActions$$Lambda/0x00007fcd28c2d8f8
10448:             1             16  org.opensearch.commons.alerting.action.AlertingActions$$Lambda/0x00007fcd28c2dda0
10449:             1             16  org.opensearch.commons.alerting.action.AlertingActions$$Lambda/0x00007fcd28c738f8
10450:             1             16  org.opensearch.commons.alerting.action.AlertingActions$$Lambda/0x00007fcd28c73da8
10451:             1             16  org.opensearch.commons.alerting.action.AlertingActions$$Lambda/0x00007fcd28c74250
10452:             1             16  org.opensearch.commons.alerting.action.AlertingActions$$Lambda/0x00007fcd28c746f8
10453:             1             16  org.opensearch.commons.alerting.action.AlertingActions$$Lambda/0x00007fcd28c74ba8
10454:             1             16  org.opensearch.commons.alerting.action.AlertingActions$$Lambda/0x00007fcd28c75058
10455:             1             16  org.opensearch.commons.alerting.action.AlertingActions$$Lambda/0x00007fcd28c75508
10456:             1             16  org.opensearch.commons.alerting.action.AlertingActions$$Lambda/0x00007fcd28c759b0
10457:             1             16  org.opensearch.commons.alerting.action.AlertingActions$$Lambda/0x00007fcd28c75e58
10458:             1             16  org.opensearch.commons.alerting.action.AlertingActions$$Lambda/0x00007fcd28c76300
10459:             1             16  org.opensearch.commons.alerting.action.AlertingActions$$Lambda/0x00007fcd28c76518
10460:             1             16  org.opensearch.commons.alerting.action.AlertingActions$$Lambda/0x00007fcd28c769c8
10461:             1             16  org.opensearch.commons.alerting.action.AlertingActions$$Lambda/0x00007fcd28c76be0
10462:             1             16  org.opensearch.commons.alerting.action.AlertingActions$$Lambda/0x00007fcd28c77090
10463:             1             16  org.opensearch.commons.alerting.action.AlertingActions$$Lambda/0x00007fcd28c772a8
10464:             1             16  org.opensearch.commons.alerting.action.AlertingActions$$Lambda/0x00007fcd28c77750
10465:             1             16  org.opensearch.commons.alerting.aggregation.bucketselectorext.BucketSelectorExtAggregationBuilder$Companion
10466:             1             16  org.opensearch.commons.alerting.model.Alert$Companion
10467:             1             16  org.opensearch.commons.alerting.model.BucketLevelTrigger$$Lambda/0x00007fcd288a08e8
10468:             1             16  org.opensearch.commons.alerting.model.BucketLevelTrigger$Companion
10469:             1             16  org.opensearch.commons.alerting.model.ChainedAlertTrigger$$Lambda/0x00007fcd288a1d80
10470:             1             16  org.opensearch.commons.alerting.model.ChainedAlertTrigger$Companion
10471:             1             16  org.opensearch.commons.alerting.model.ClusterMetricsInput$$Lambda/0x00007fcd288a0fb0
10472:             1             16  org.opensearch.commons.alerting.model.ClusterMetricsInput$Companion
10473:             1             16  org.opensearch.commons.alerting.model.DocLevelMonitorInput$$Lambda/0x00007fcd288a0200
10474:             1             16  org.opensearch.commons.alerting.model.DocLevelMonitorInput$Companion
10475:             1             16  org.opensearch.commons.alerting.model.DocumentLevelTrigger$$Lambda/0x00007fcd288a1698
10476:             1             16  org.opensearch.commons.alerting.model.DocumentLevelTrigger$Companion
10477:             1             16  org.opensearch.commons.alerting.model.Monitor$$Lambda/0x00007fcd2861d200
10478:             1             16  org.opensearch.commons.alerting.model.Monitor$Companion
10479:             1             16  org.opensearch.commons.alerting.model.QueryLevelTrigger$$Lambda/0x00007fcd2861dae0
10480:             1             16  org.opensearch.commons.alerting.model.QueryLevelTrigger$Companion
10481:             1             16  org.opensearch.commons.alerting.model.SearchInput$$Lambda/0x00007fcd28623a00
10482:             1             16  org.opensearch.commons.alerting.model.SearchInput$Companion
10483:             1             16  org.opensearch.commons.alerting.model.Workflow$$Lambda/0x00007fcd288a2490
10484:             1             16  org.opensearch.commons.alerting.model.Workflow$Companion
10485:             1             16  org.opensearch.commons.notifications.action.NotificationsActions
10486:             1             16  org.opensearch.commons.notifications.action.NotificationsActions$$Lambda/0x00007fcd28c88720
10487:             1             16  org.opensearch.commons.notifications.action.NotificationsActions$$Lambda/0x00007fcd28c88bc8
10488:             1             16  org.opensearch.commons.notifications.action.NotificationsActions$$Lambda/0x00007fcd28c89070
10489:             1             16  org.opensearch.commons.notifications.action.NotificationsActions$$Lambda/0x00007fcd28c89518
10490:             1             16  org.opensearch.commons.notifications.action.NotificationsActions$$Lambda/0x00007fcd28c899c0
10491:             1             16  org.opensearch.commons.notifications.action.NotificationsActions$$Lambda/0x00007fcd28c89e68
10492:             1             16  org.opensearch.commons.notifications.action.NotificationsActions$$Lambda/0x00007fcd28c8a080
10493:             1             16  org.opensearch.commons.notifications.action.NotificationsActions$$Lambda/0x00007fcd28c8a528
10494:             1             16  org.opensearch.compress.ZstdCompressor
10495:             1             16  org.opensearch.core.ParseField$$Lambda/0x00007fcd2908fa58
10496:             1             16  org.opensearch.core.common.Strings$$Lambda/0x00007fcd29093f68
10497:             1             16  org.opensearch.core.common.io.stream.NamedWriteableRegistry
10498:             1             16  org.opensearch.core.common.io.stream.NamedWriteableRegistry$$Lambda/0x00007fcd2888d340
10499:             1             16  org.opensearch.core.common.io.stream.StreamInput$$Lambda/0x00007fcd28cb5b50
10500:             1             16  org.opensearch.core.common.io.stream.StreamInput$$Lambda/0x00007fcd28cb5d68
10501:             1             16  org.opensearch.core.common.io.stream.StreamInput$$Lambda/0x00007fcd29196100
10502:             1             16  org.opensearch.core.common.io.stream.StreamInput$$Lambda/0x00007fcd2919ab78
10503:             1             16  org.opensearch.core.common.io.stream.StreamInput$$Lambda/0x00007fcd2919d648
10504:             1             16  org.opensearch.core.common.io.stream.StreamInput$$Lambda/0x00007fcd2919dc90
10505:             1             16  org.opensearch.core.common.io.stream.StreamOutput$$Lambda/0x00007fcd28cb17f0
10506:             1             16  org.opensearch.core.common.io.stream.StreamOutput$$Lambda/0x00007fcd28cb1a08
10507:             1             16  org.opensearch.core.common.io.stream.StreamOutput$$Lambda/0x00007fcd28cb1c20
10508:             1             16  org.opensearch.core.common.io.stream.StreamOutput$$Lambda/0x00007fcd28cb1e38
10509:             1             16  org.opensearch.core.common.io.stream.StreamOutput$$Lambda/0x00007fcd28cb2050
10510:             1             16  org.opensearch.core.common.io.stream.StreamOutput$$Lambda/0x00007fcd28cb2268
10511:             1             16  org.opensearch.core.common.io.stream.StreamOutput$$Lambda/0x00007fcd28cb2480
10512:             1             16  org.opensearch.core.common.io.stream.StreamOutput$$Lambda/0x00007fcd28cb2698
10513:             1             16  org.opensearch.core.common.io.stream.StreamOutput$$Lambda/0x00007fcd28cb28b0
10514:             1             16  org.opensearch.core.common.io.stream.StreamOutput$$Lambda/0x00007fcd28cb2ac8
10515:             1             16  org.opensearch.core.common.io.stream.StreamOutput$$Lambda/0x00007fcd28cb2ce0
10516:             1             16  org.opensearch.core.common.io.stream.StreamOutput$$Lambda/0x00007fcd28cb2ef8
10517:             1             16  org.opensearch.core.common.io.stream.StreamOutput$$Lambda/0x00007fcd28cb3110
10518:             1             16  org.opensearch.core.common.io.stream.StreamOutput$$Lambda/0x00007fcd28cb3328
10519:             1             16  org.opensearch.core.common.io.stream.StreamOutput$$Lambda/0x00007fcd28cb37a8
10520:             1             16  org.opensearch.core.common.io.stream.StreamOutput$$Lambda/0x00007fcd28cb39c0
10521:             1             16  org.opensearch.core.common.io.stream.StreamOutput$$Lambda/0x00007fcd28cb3bd8
10522:             1             16  org.opensearch.core.common.io.stream.StreamOutput$$Lambda/0x00007fcd28cb6000
10523:             1             16  org.opensearch.core.common.io.stream.StreamOutput$$Lambda/0x00007fcd28cb6218
10524:             1             16  org.opensearch.core.common.io.stream.StreamOutput$$Lambda/0x00007fcd28cb6430
10525:             1             16  org.opensearch.core.common.io.stream.StreamOutput$$Lambda/0x00007fcd28cb6648
10526:             1             16  org.opensearch.core.common.io.stream.StreamOutput$$Lambda/0x00007fcd28cb6860
10527:             1             16  org.opensearch.core.common.io.stream.StreamOutput$$Lambda/0x00007fcd28cb6a78
10528:             1             16  org.opensearch.core.common.io.stream.StreamOutput$$Lambda/0x00007fcd28cb6c90
10529:             1             16  org.opensearch.core.common.io.stream.StreamOutput$$Lambda/0x00007fcd28cb6ea8
10530:             1             16  org.opensearch.core.common.io.stream.StreamOutput$$Lambda/0x00007fcd29195ab8
10531:             1             16  org.opensearch.core.common.io.stream.StreamOutput$$Lambda/0x00007fcd291a5a40
10532:             1             16  org.opensearch.core.common.io.stream.StreamOutput$$Lambda/0x00007fcd291bf888
10533:             1             16  org.opensearch.core.common.io.stream.StreamOutput$$Lambda/0x00007fcd293ba218
10534:             1             16  org.opensearch.core.compress.CompressorRegistry$$Lambda/0x00007fcd2892ca50
10535:             1             16  org.opensearch.core.compress.CompressorRegistry$$Lambda/0x00007fcd2892cc88
10536:             1             16  org.opensearch.core.compress.CompressorRegistry$$Lambda/0x00007fcd2892cec0
10537:             1             16  org.opensearch.core.compress.NoneCompressor
10538:             1             16  org.opensearch.core.index.Index$$Lambda/0x00007fcd28630828
10539:             1             16  org.opensearch.core.index.Index$$Lambda/0x00007fcd28630a40
10540:             1             16  org.opensearch.core.index.Index$$Lambda/0x00007fcd28630c68
10541:             1             16  org.opensearch.core.tasks.resourcetracker.TaskResourceInfo$$Lambda/0x00007fcd293db900
10542:             1             16  org.opensearch.core.tasks.resourcetracker.TaskResourceUsage$$Lambda/0x00007fcd29235aa8
10543:             1             16  org.opensearch.core.transport.TransportResponse$Empty
10544:             1             16  org.opensearch.core.xcontent.AbstractObjectParser$$Lambda/0x00007fcd28486c38
10545:             1             16  org.opensearch.core.xcontent.AbstractObjectParser$$Lambda/0x00007fcd28487cf0
10546:             1             16  org.opensearch.core.xcontent.AbstractObjectParser$$Lambda/0x00007fcd2848c000
10547:             1             16  org.opensearch.core.xcontent.AbstractObjectParser$$Lambda/0x00007fcd284b6ca0
10548:             1             16  org.opensearch.core.xcontent.AbstractObjectParser$$Lambda/0x00007fcd284b74f0
10549:             1             16  org.opensearch.core.xcontent.AbstractObjectParser$$Lambda/0x00007fcd287b7048
10550:             1             16  org.opensearch.core.xcontent.AbstractObjectParser$$Lambda/0x00007fcd287b8a30
10551:             1             16  org.opensearch.core.xcontent.AbstractObjectParser$$Lambda/0x00007fcd2880a938
10552:             1             16  org.opensearch.core.xcontent.AbstractObjectParser$$Lambda/0x00007fcd291dfb60
10553:             1             16  org.opensearch.core.xcontent.AbstractXContentParser$$Lambda/0x00007fcd280a1e88
10554:             1             16  org.opensearch.core.xcontent.AbstractXContentParser$$Lambda/0x00007fcd280a20a0
10555:             1             16  org.opensearch.core.xcontent.ConstructingObjectParser$$Lambda/0x00007fcd284b61a8
10556:             1             16  org.opensearch.core.xcontent.ConstructingObjectParser$$Lambda/0x00007fcd284b63d0
10557:             1             16  org.opensearch.core.xcontent.ConstructingObjectParser$$Lambda/0x00007fcd290954c0
10558:             1             16  org.opensearch.core.xcontent.DeprecationHandler$1
10559:             1             16  org.opensearch.core.xcontent.DeprecationHandler$2
10560:             1             16  org.opensearch.core.xcontent.MediaTypeRegistry$$Lambda/0x00007fcd2802f2d8
10561:             1             16  org.opensearch.core.xcontent.MediaTypeRegistry$$Lambda/0x00007fcd2802f510
10562:             1             16  org.opensearch.core.xcontent.MediaTypeRegistry$$Lambda/0x00007fcd2802f748
10563:             1             16  org.opensearch.core.xcontent.NamedXContentRegistry$$Lambda/0x00007fcd2888f750
10564:             1             16  org.opensearch.core.xcontent.ObjectParser$$Lambda/0x00007fcd284865c0
10565:             1             16  org.opensearch.core.xcontent.ObjectParser$$Lambda/0x00007fcd287efa30
10566:             1             16  org.opensearch.core.xcontent.ObjectParser$$Lambda/0x00007fcd28d0b7b8
10567:             1             16  org.opensearch.core.xcontent.ObjectParser$$Lambda/0x00007fcd290956e8
10568:             1             16  org.opensearch.core.xcontent.ObjectParser$$Lambda/0x00007fcd29214468
10569:             1             16  org.opensearch.core.xcontent.ObjectParser$$Lambda/0x00007fcd29214688
10570:             1             16  org.opensearch.core.xcontent.ObjectParserHelper$$Lambda/0x00007fcd2924cf50
10571:             1             16  org.opensearch.core.xcontent.ToXContent$1
10572:             1             16  org.opensearch.core.xcontent.XContentBuilder$$Lambda/0x00007fcd28082438
10573:             1             16  org.opensearch.core.xcontent.XContentBuilder$$Lambda/0x00007fcd28082650
10574:             1             16  org.opensearch.core.xcontent.XContentBuilder$$Lambda/0x00007fcd28082868
10575:             1             16  org.opensearch.core.xcontent.XContentBuilder$$Lambda/0x00007fcd28082a80
10576:             1             16  org.opensearch.core.xcontent.XContentBuilder$$Lambda/0x00007fcd28082c98
10577:             1             16  org.opensearch.core.xcontent.XContentBuilder$$Lambda/0x00007fcd28082eb0
10578:             1             16  org.opensearch.core.xcontent.XContentBuilder$$Lambda/0x00007fcd280830c8
10579:             1             16  org.opensearch.core.xcontent.XContentBuilder$$Lambda/0x00007fcd280832e0
10580:             1             16  org.opensearch.core.xcontent.XContentBuilder$$Lambda/0x00007fcd280834f8
10581:             1             16  org.opensearch.core.xcontent.XContentBuilder$$Lambda/0x00007fcd28083710
10582:             1             16  org.opensearch.core.xcontent.XContentBuilder$$Lambda/0x00007fcd28083928
10583:             1             16  org.opensearch.core.xcontent.XContentBuilder$$Lambda/0x00007fcd28083b40
10584:             1             16  org.opensearch.core.xcontent.XContentBuilder$$Lambda/0x00007fcd28083d58
10585:             1             16  org.opensearch.core.xcontent.XContentBuilder$$Lambda/0x00007fcd28086000
10586:             1             16  org.opensearch.core.xcontent.XContentBuilder$$Lambda/0x00007fcd28086218
10587:             1             16  org.opensearch.core.xcontent.XContentBuilder$$Lambda/0x00007fcd28086430
10588:             1             16  org.opensearch.core.xcontent.XContentBuilder$$Lambda/0x00007fcd28086648
10589:             1             16  org.opensearch.core.xcontent.XContentBuilder$$Lambda/0x00007fcd28086860
10590:             1             16  org.opensearch.core.xcontent.XContentBuilder$$Lambda/0x00007fcd28086a78
10591:             1             16  org.opensearch.core.xcontent.XContentBuilder$$Lambda/0x00007fcd28086c90
10592:             1             16  org.opensearch.core.xcontent.XContentBuilder$$Lambda/0x00007fcd28086ea8
10593:             1             16  org.opensearch.core.xcontent.XContentBuilder$$Lambda/0x00007fcd280870c0
10594:             1             16  org.opensearch.core.xcontent.XContentBuilder$$Lambda/0x00007fcd280872d8
10595:             1             16  org.opensearch.core.xcontent.XContentBuilder$$Lambda/0x00007fcd2809dbd0
10596:             1             16  org.opensearch.core.xcontent.XContentBuilder$$Lambda/0x00007fcd2809ddf8
10597:             1             16  org.opensearch.core.xcontent.XContentBuilder$$Lambda/0x00007fcd2809e020
10598:             1             16  org.opensearch.dashboards.OpenSearchDashboardsPlugin
10599:             1             16  org.opensearch.dashboards.OpenSearchDashboardsPlugin$$Lambda/0x00007fcd282385c8
10600:             1             16  org.opensearch.dashboards.OpenSearchDashboardsPlugin$OpenSearchDashboardsWrappedRestHandler$$Lambda/0x00007fcd28fe44b0
10601:             1             16  org.opensearch.discovery.DiscoveryModule$$Lambda/0x00007fcd28cf5540
10602:             1             16  org.opensearch.discovery.DiscoveryModule$$Lambda/0x00007fcd28cf5970
10603:             1             16  org.opensearch.discovery.DiscoveryModule$$Lambda/0x00007fcd28cf5b90
10604:             1             16  org.opensearch.discovery.PeerFinder$$Lambda/0x00007fcd28cf9d00
10605:             1             16  org.opensearch.discovery.PeerFinder$$Lambda/0x00007fcd28cf9f18
10606:             1             16  org.opensearch.discovery.PeerFinder$$Lambda/0x00007fcd290f0000
10607:             1             16  org.opensearch.discovery.PeerFinder$$Lambda/0x00007fcd290f0908
10608:             1             16  org.opensearch.discovery.PeerFinder$$Lambda/0x00007fcd290f0b40
10609:             1             16  org.opensearch.discovery.PeerFinder$Peer$2$$Lambda/0x00007fcd29196318
10610:             1             16  org.opensearch.discovery.PeerFinder$Peer$2$$Lambda/0x00007fcd29196780
10611:             1             16  org.opensearch.discovery.SettingsBasedSeedHostsProvider
10612:             1             16  org.opensearch.env.Environment$$Lambda/0x00007fcd280cb9e0
10613:             1             16  org.opensearch.env.NodeEnvironment$$Lambda/0x00007fcd284a7840
10614:             1             16  org.opensearch.env.NodeEnvironment$$Lambda/0x00007fcd284a7a88
10615:             1             16  org.opensearch.env.NodeEnvironment$$Lambda/0x00007fcd284b0d88
10616:             1             16  org.opensearch.env.NodeEnvironment$$Lambda/0x00007fcd284b0fc0
10617:             1             16  org.opensearch.env.NodeEnvironment$IndexStoreListener$1
10618:             1             16  org.opensearch.env.NodeMetadata$NodeMetadataStateFormat$$Lambda/0x00007fcd2851bfd8
10619:             1             16  org.opensearch.env.NodeMetadata$NodeMetadataStateFormat$$Lambda/0x00007fcd2851c1f0
10620:             1             16  org.opensearch.env.NodeMetadata$NodeMetadataStateFormat$$Lambda/0x00007fcd2851c418
10621:             1             16  org.opensearch.flowframework.FlowFrameworkPlugin
10622:             1             16  org.opensearch.flowframework.common.FlowFrameworkSettings$$Lambda/0x00007fcd283c1ab0
10623:             1             16  org.opensearch.flowframework.common.FlowFrameworkSettings$$Lambda/0x00007fcd283c1ce0
10624:             1             16  org.opensearch.flowframework.common.FlowFrameworkSettings$$Lambda/0x00007fcd28a45000
10625:             1             16  org.opensearch.flowframework.common.FlowFrameworkSettings$$Lambda/0x00007fcd28a45230
10626:             1             16  org.opensearch.flowframework.common.FlowFrameworkSettings$$Lambda/0x00007fcd28a45460
10627:             1             16  org.opensearch.flowframework.indices.FlowFrameworkIndex$$Lambda/0x00007fcd28a4c300
10628:             1             16  org.opensearch.flowframework.indices.FlowFrameworkIndex$$Lambda/0x00007fcd28a4cf68
10629:             1             16  org.opensearch.flowframework.indices.FlowFrameworkIndex$$Lambda/0x00007fcd28a4d180
10630:             1             16  org.opensearch.flowframework.transport.CreateWorkflowAction$$Lambda/0x00007fcd28a50b20
10631:             1             16  org.opensearch.flowframework.transport.CreateWorkflowTransportAction$$Lambda/0x00007fcd28d39710
10632:             1             16  org.opensearch.flowframework.transport.DeleteWorkflowAction$$Lambda/0x00007fcd28a50f58
10633:             1             16  org.opensearch.flowframework.transport.DeleteWorkflowTransportAction$$Lambda/0x00007fcd28d38eb0
10634:             1             16  org.opensearch.flowframework.transport.DeprovisionWorkflowAction$$Lambda/0x00007fcd28a517b8
10635:             1             16  org.opensearch.flowframework.transport.DeprovisionWorkflowTransportAction$$Lambda/0x00007fcd28d38a80
10636:             1             16  org.opensearch.flowframework.transport.GetWorkflowAction$$Lambda/0x00007fcd28a52978
10637:             1             16  org.opensearch.flowframework.transport.GetWorkflowStateAction$$Lambda/0x00007fcd28a522b8
10638:             1             16  org.opensearch.flowframework.transport.GetWorkflowStateTransportAction$$Lambda/0x00007fcd28d390c8
10639:             1             16  org.opensearch.flowframework.transport.GetWorkflowStepAction$$Lambda/0x00007fcd28a53030
10640:             1             16  org.opensearch.flowframework.transport.GetWorkflowStepTransportAction$$Lambda/0x00007fcd28d394f8
10641:             1             16  org.opensearch.flowframework.transport.GetWorkflowTransportAction$$Lambda/0x00007fcd28d39928
10642:             1             16  org.opensearch.flowframework.transport.ProvisionWorkflowAction$$Lambda/0x00007fcd28a51388
10643:             1             16  org.opensearch.flowframework.transport.ProvisionWorkflowTransportAction$$Lambda/0x00007fcd28d38c98
10644:             1             16  org.opensearch.flowframework.transport.SearchWorkflowAction$$Lambda/0x00007fcd28a51be8
10645:             1             16  org.opensearch.flowframework.transport.SearchWorkflowStateAction$$Lambda/0x00007fcd28a53460
10646:             1             16  org.opensearch.flowframework.transport.SearchWorkflowStateTransportAction$$Lambda/0x00007fcd28d38868
10647:             1             16  org.opensearch.flowframework.transport.SearchWorkflowTransportAction$$Lambda/0x00007fcd28d392e0
10648:             1             16  org.opensearch.flowframework.workflow.WorkflowStepFactory
10649:             1             16  org.opensearch.flowframework.workflow.WorkflowStepFactory$$Lambda/0x00007fcd28a4dc98
10650:             1             16  org.opensearch.flowframework.workflow.WorkflowStepFactory$$Lambda/0x00007fcd28a4eb70
10651:             1             16  org.opensearch.flowframework.workflow.WorkflowStepFactory$$Lambda/0x00007fcd28a4efb0
10652:             1             16  org.opensearch.flowframework.workflow.WorkflowStepFactory$$Lambda/0x00007fcd28a4f3f0
10653:             1             16  org.opensearch.flowframework.workflow.WorkflowStepFactory$$Lambda/0x00007fcd28a4fa68
10654:             1             16  org.opensearch.flowframework.workflow.WorkflowStepFactory$$Lambda/0x00007fcd28a50000
10655:             1             16  org.opensearch.forecast.ForecastTaskProfileRunner
10656:             1             16  org.opensearch.forecast.caching.ForecastCacheProvider
10657:             1             16  org.opensearch.forecast.indices.ForecastIndex$$Lambda/0x00007fcd28a3a2d0
10658:             1             16  org.opensearch.forecast.indices.ForecastIndex$$Lambda/0x00007fcd28a3a4e8
10659:             1             16  org.opensearch.forecast.indices.ForecastIndex$$Lambda/0x00007fcd28a3a700
10660:             1             16  org.opensearch.forecast.indices.ForecastIndex$$Lambda/0x00007fcd28a3a918
10661:             1             16  org.opensearch.forecast.indices.ForecastIndex$$Lambda/0x00007fcd28a3ab30
10662:             1             16  org.opensearch.forecast.indices.ForecastIndex$$Lambda/0x00007fcd28a3ad48
10663:             1             16  org.opensearch.forecast.indices.ForecastIndexManagement$$Lambda/0x00007fcd28a3b150
10664:             1             16  org.opensearch.forecast.indices.ForecastIndexManagement$$Lambda/0x00007fcd28a3b368
10665:             1             16  org.opensearch.forecast.indices.ForecastIndexManagement$$Lambda/0x00007fcd28a3b598
10666:             1             16  org.opensearch.forecast.indices.ForecastIndexManagement$$Lambda/0x00007fcd28a3b7c8
10667:             1             16  org.opensearch.forecast.indices.ForecastIndexManagement$$Lambda/0x00007fcd28a3b9f8
10668:             1             16  org.opensearch.forecast.model.Forecaster$$Lambda/0x00007fcd2889c698
10669:             1             16  org.opensearch.forecast.ratelimit.ForecastCheckpointMaintainWorker$$Lambda/0x00007fcd28a3ce80
10670:             1             16  org.opensearch.forecast.ratelimit.ForecastCheckpointMaintainWorker$$Lambda/0x00007fcd28a3d0b0
10671:             1             16  org.opensearch.forecast.ratelimit.ForecastResultWriteWorker$$Lambda/0x00007fcd28a3f4d8
10672:             1             16  org.opensearch.forecast.rest.AbstractForecastSearchAction$$Lambda/0x00007fcd29013dc0
10673:             1             16  org.opensearch.forecast.rest.RestForecasterSuggestAction$$Lambda/0x00007fcd29015330
10674:             1             16  org.opensearch.forecast.stats.ForecastModelsOnNodeSupplier$$Lambda/0x00007fcd28a40000
10675:             1             16  org.opensearch.forecast.stats.ForecastStats
10676:             1             16  org.opensearch.forecast.stats.suppliers.ForecastModelsOnNodeCountSupplier
10677:             1             16  org.opensearch.forecast.transport.DeleteForecastModelAction$$Lambda/0x00007fcd28c257b0
10678:             1             16  org.opensearch.forecast.transport.DeleteForecasterAction$$Lambda/0x00007fcd28c26398
10679:             1             16  org.opensearch.forecast.transport.EntityForecastResultAction$$Lambda/0x00007fcd28c244a8
10680:             1             16  org.opensearch.forecast.transport.EntityForecastResultTransportAction$$Lambda/0x00007fcd28f1f998
10681:             1             16  org.opensearch.forecast.transport.ForecastEntityProfileAction$$Lambda/0x00007fcd28c276f0
10682:             1             16  org.opensearch.forecast.transport.ForecastProfileAction$$Lambda/0x00007fcd28a41460
10683:             1             16  org.opensearch.forecast.transport.ForecastResultAction$$Lambda/0x00007fcd28a41c58
10684:             1             16  org.opensearch.forecast.transport.ForecastResultBulkAction$$Lambda/0x00007fcd28c248d8
10685:             1             16  org.opensearch.forecast.transport.ForecastResultBulkTransportAction$$Lambda/0x00007fcd28e3c448
10686:             1             16  org.opensearch.forecast.transport.ForecastResultBulkTransportAction$$Lambda/0x00007fcd28e3c660
10687:             1             16  org.opensearch.forecast.transport.ForecastResultBulkTransportAction$$Lambda/0x00007fcd28e3c890
10688:             1             16  org.opensearch.forecast.transport.ForecastResultTransportAction$$Lambda/0x00007fcd28f77460
10689:             1             16  org.opensearch.forecast.transport.ForecastRunOnceAction$$Lambda/0x00007fcd28c28b08
10690:             1             16  org.opensearch.forecast.transport.ForecastRunOnceProfileAction$$Lambda/0x00007fcd28c29200
10691:             1             16  org.opensearch.forecast.transport.ForecastRunOnceProfileTransportAction$$Lambda/0x00007fcd28f1f568
10692:             1             16  org.opensearch.forecast.transport.ForecastRunOnceProfileTransportAction$$Lambda/0x00007fcd28f1f780
10693:             1             16  org.opensearch.forecast.transport.ForecastRunOnceTransportAction$$Lambda/0x00007fcd28f1fbb0
10694:             1             16  org.opensearch.forecast.transport.ForecastRunOnceTransportAction$$Lambda/0x00007fcd28f1fdc8
10695:             1             16  org.opensearch.forecast.transport.ForecastRunOnceTransportAction$$Lambda/0x00007fcd28f77000
10696:             1             16  org.opensearch.forecast.transport.ForecastRunOnceTransportAction$$Lambda/0x00007fcd28f77230
10697:             1             16  org.opensearch.forecast.transport.ForecastSingleStreamResultAction$$Lambda/0x00007fcd28c24d28
10698:             1             16  org.opensearch.forecast.transport.ForecastStatsNodesAction$$Lambda/0x00007fcd28c28670
10699:             1             16  org.opensearch.forecast.transport.ForecasterJobAction$$Lambda/0x00007fcd28c25170
10700:             1             16  org.opensearch.forecast.transport.GetForecasterAction$$Lambda/0x00007fcd28c25f00
10701:             1             16  org.opensearch.forecast.transport.IndexForecasterAction$$Lambda/0x00007fcd28c23e58
10702:             1             16  org.opensearch.forecast.transport.IndexForecasterTransportAction$$Lambda/0x00007fcd28f1d180
10703:             1             16  org.opensearch.forecast.transport.IndexForecasterTransportAction$$Lambda/0x00007fcd28f1d398
10704:             1             16  org.opensearch.forecast.transport.SearchForecastTasksAction$$Lambda/0x00007fcd28c27da0
10705:             1             16  org.opensearch.forecast.transport.SearchForecastTasksTransportAction$$Lambda/0x00007fcd28f1d5c8
10706:             1             16  org.opensearch.forecast.transport.SearchForecasterAction$$Lambda/0x00007fcd28c267c8
10707:             1             16  org.opensearch.forecast.transport.SearchForecasterInfoAction$$Lambda/0x00007fcd28c26bf8
10708:             1             16  org.opensearch.forecast.transport.SearchForecasterTransportAction$$Lambda/0x00007fcd28d9df88
10709:             1             16  org.opensearch.forecast.transport.SearchTopForecastResultAction$$Lambda/0x00007fcd28c272b8
10710:             1             16  org.opensearch.forecast.transport.SearchTopForecastResultTransportAction$$Lambda/0x00007fcd28f1dea0
10711:             1             16  org.opensearch.forecast.transport.StatsForecasterAction$$Lambda/0x00007fcd28c28218
10712:             1             16  org.opensearch.forecast.transport.StopForecasterAction$$Lambda/0x00007fcd28a41e70
10713:             1             16  org.opensearch.forecast.transport.StopForecasterTransportAction$$Lambda/0x00007fcd28e3dff0
10714:             1             16  org.opensearch.forecast.transport.SuggestForecasterParamAction$$Lambda/0x00007fcd28c29db8
10715:             1             16  org.opensearch.forecast.transport.ValidateForecasterAction$$Lambda/0x00007fcd28c29690
10716:             1             16  org.opensearch.gateway.ClusterStateUpdaters$$Lambda/0x00007fcd290c3de8
10717:             1             16  org.opensearch.gateway.ClusterStateUpdaters$$Lambda/0x00007fcd290c4010
10718:             1             16  org.opensearch.gateway.ClusterStateUpdaters$$Lambda/0x00007fcd290c4238
10719:             1             16  org.opensearch.gateway.ClusterStateUpdaters$$Lambda/0x00007fcd290c4460
10720:             1             16  org.opensearch.gateway.GatewayMetaState
10721:             1             16  org.opensearch.gateway.GatewayMetaState$$Lambda/0x00007fcd290c3048
10722:             1             16  org.opensearch.gateway.GatewayMetaState$$Lambda/0x00007fcd290c3700
10723:             1             16  org.opensearch.gateway.LocalAllocateDangledIndices$$Lambda/0x00007fcd28dcf5f8
10724:             1             16  org.opensearch.gateway.LocalAllocateDangledIndices$AllocateDangledRequestHandler
10725:             1             16  org.opensearch.gateway.PersistedClusterStateService$$Lambda/0x00007fcd288b0d60
10726:             1             16  org.opensearch.gateway.PersistedClusterStateService$$Lambda/0x00007fcd29089b90
10727:             1             16  org.opensearch.gateway.PersistedClusterStateService$$Lambda/0x00007fcd290cd000
10728:             1             16  org.opensearch.gateway.PersistedClusterStateService$Writer$$Lambda/0x00007fcd290e8ef0
10729:             1             16  org.opensearch.gateway.PersistedClusterStateService$Writer$$Lambda/0x00007fcd290e9128
10730:             1             16  org.opensearch.gateway.PrimaryShardAllocator$$Lambda/0x00007fcd28da68a0
10731:             1             16  org.opensearch.gateway.PrimaryShardAllocator$$Lambda/0x00007fcd28da6ad8
10732:             1             16  org.opensearch.gateway.PrimaryShardAllocator$$Lambda/0x00007fcd28da6d10
10733:             1             16  org.opensearch.gateway.TransportNodesListGatewayMetaState$$Lambda/0x00007fcd28ddc1f0
10734:             1             16  org.opensearch.gateway.TransportNodesListGatewayMetaState$$Lambda/0x00007fcd28ddc408
10735:             1             16  org.opensearch.gateway.TransportNodesListGatewayMetaState$$Lambda/0x00007fcd28ddc620
10736:             1             16  org.opensearch.gateway.TransportNodesListGatewayStartedShards$$Lambda/0x00007fcd28da5298
10737:             1             16  org.opensearch.gateway.TransportNodesListGatewayStartedShards$$Lambda/0x00007fcd28da54b0
10738:             1             16  org.opensearch.gateway.TransportNodesListGatewayStartedShards$$Lambda/0x00007fcd28da56c8
10739:             1             16  org.opensearch.gateway.TransportNodesListGatewayStartedShardsBatch$$Lambda/0x00007fcd28da6f48
10740:             1             16  org.opensearch.gateway.TransportNodesListGatewayStartedShardsBatch$$Lambda/0x00007fcd28da7160
10741:             1             16  org.opensearch.gateway.TransportNodesListGatewayStartedShardsBatch$$Lambda/0x00007fcd28da7378
10742:             1             16  org.opensearch.geo.GeoModulePlugin
10743:             1             16  org.opensearch.geo.GeoModulePlugin$$Lambda/0x00007fcd28825320
10744:             1             16  org.opensearch.geo.GeoModulePlugin$$Lambda/0x00007fcd28825b80
10745:             1             16  org.opensearch.geo.GeoModulePlugin$$Lambda/0x00007fcd28825d98
10746:             1             16  org.opensearch.geo.GeoModulePlugin$$Lambda/0x00007fcd2882a8a8
10747:             1             16  org.opensearch.geo.GeoModulePlugin$$Lambda/0x00007fcd2882b4a0
10748:             1             16  org.opensearch.geo.GeoModulePlugin$$Lambda/0x00007fcd2882b6b8
10749:             1             16  org.opensearch.geo.GeoModulePlugin$$Lambda/0x00007fcd28836480
10750:             1             16  org.opensearch.geo.GeoModulePlugin$$Lambda/0x00007fcd28838a90
10751:             1             16  org.opensearch.geo.GeoModulePlugin$$Lambda/0x00007fcd28838ca8
10752:             1             16  org.opensearch.geo.GeoModulePlugin$$Lambda/0x00007fcd288395a8
10753:             1             16  org.opensearch.geo.GeoModulePlugin$$Lambda/0x00007fcd2883a368
10754:             1             16  org.opensearch.geo.GeoModulePlugin$$Lambda/0x00007fcd2883a580
10755:             1             16  org.opensearch.geo.search.aggregations.bucket.composite.GeoTileGridValuesSourceBuilder$$Lambda/0x00007fcd28825740
10756:             1             16  org.opensearch.geo.search.aggregations.bucket.composite.GeoTileGridValuesSourceBuilder$$Lambda/0x00007fcd28825968
10757:             1             16  org.opensearch.geo.search.aggregations.bucket.composite.GeoTileGridValuesSourceBuilder$$Lambda/0x00007fcd2882a000
10758:             1             16  org.opensearch.geo.search.aggregations.bucket.geogrid.GeoGridAggregationBuilder$$Lambda/0x00007fcd288370f8
10759:             1             16  org.opensearch.geo.search.aggregations.bucket.geogrid.GeoGridAggregationBuilder$$Lambda/0x00007fcd28837320
10760:             1             16  org.opensearch.geo.search.aggregations.bucket.geogrid.GeoGridAggregationBuilder$$Lambda/0x00007fcd28837548
10761:             1             16  org.opensearch.geo.search.aggregations.bucket.geogrid.GeoGridAggregationBuilder$$Lambda/0x00007fcd2883cc50
10762:             1             16  org.opensearch.geo.search.aggregations.bucket.geogrid.GeoGridAggregationBuilder$$Lambda/0x00007fcd28840000
10763:             1             16  org.opensearch.geo.search.aggregations.bucket.geogrid.GeoGridAggregationBuilder$$Lambda/0x00007fcd28840228
10764:             1             16  org.opensearch.geo.search.aggregations.bucket.geogrid.GeoGridAggregationBuilder$$Lambda/0x00007fcd28840450
10765:             1             16  org.opensearch.geo.search.aggregations.bucket.geogrid.GeoHashGridAggregationBuilder$$Lambda/0x00007fcd28836a88
10766:             1             16  org.opensearch.geo.search.aggregations.bucket.geogrid.GeoHashGridAggregationBuilder$$Lambda/0x00007fcd28836ca0
10767:             1             16  org.opensearch.geo.search.aggregations.bucket.geogrid.GeoHashGridAggregatorFactory$$Lambda/0x00007fcd2883e950
10768:             1             16  org.opensearch.geo.search.aggregations.bucket.geogrid.GeoHashGridAggregatorFactory$$Lambda/0x00007fcd2883eb68
10769:             1             16  org.opensearch.geo.search.aggregations.bucket.geogrid.GeoTileGridAggregationBuilder$$Lambda/0x00007fcd288397c0
10770:             1             16  org.opensearch.geo.search.aggregations.bucket.geogrid.GeoTileGridAggregationBuilder$$Lambda/0x00007fcd288399d8
10771:             1             16  org.opensearch.geo.search.aggregations.bucket.geogrid.GeoTileGridAggregatorFactory$$Lambda/0x00007fcd2883f450
10772:             1             16  org.opensearch.geo.search.aggregations.bucket.geogrid.GeoTileGridAggregatorFactory$$Lambda/0x00007fcd2883f668
10773:             1             16  org.opensearch.geo.search.aggregations.metrics.GeoBoundsAggregationBuilder$$Lambda/0x00007fcd2882aac0
10774:             1             16  org.opensearch.geo.search.aggregations.metrics.GeoBoundsAggregationBuilder$$Lambda/0x00007fcd2882acf8
10775:             1             16  org.opensearch.geo.search.aggregations.metrics.GeoBoundsAggregatorFactory$$Lambda/0x00007fcd2883b0d0
10776:             1             16  org.opensearch.geo.search.aggregations.metrics.GeoBoundsAggregatorFactory$$Lambda/0x00007fcd2883b8b0
10777:             1             16  org.opensearch.geospatial.action.upload.geojson.UploadGeoJSONAction$$Lambda/0x00007fcd28ae8950
10778:             1             16  org.opensearch.geospatial.action.upload.geojson.UploadGeoJSONTransportAction$$Lambda/0x00007fcd28d65c48
10779:             1             16  org.opensearch.geospatial.index.mapper.xypoint.XYPointFieldTypeParser
10780:             1             16  org.opensearch.geospatial.index.mapper.xyshape.XYShapeFieldTypeParser
10781:             1             16  org.opensearch.geospatial.ip2geo.action.DeleteDatasourceAction$$Lambda/0x00007fcd28aea420
10782:             1             16  org.opensearch.geospatial.ip2geo.action.DeleteDatasourceTransportAction$$Lambda/0x00007fcd28d65e60
10783:             1             16  org.opensearch.geospatial.ip2geo.action.GetDatasourceAction$$Lambda/0x00007fcd28ae9bb8
10784:             1             16  org.opensearch.geospatial.ip2geo.action.GetDatasourceTransportAction$$Lambda/0x00007fcd28d666c0
10785:             1             16  org.opensearch.geospatial.ip2geo.action.PutDatasourceAction$$Lambda/0x00007fcd28ae94d0
10786:             1             16  org.opensearch.geospatial.ip2geo.action.PutDatasourceTransportAction$$Lambda/0x00007fcd28d668d8
10787:             1             16  org.opensearch.geospatial.ip2geo.action.UpdateDatasourceAction$$Lambda/0x00007fcd28ae9ff0
10788:             1             16  org.opensearch.geospatial.ip2geo.action.UpdateDatasourceTransportAction$$Lambda/0x00007fcd28d664a8
10789:             1             16  org.opensearch.geospatial.ip2geo.common.Ip2GeoExecutor
10790:             1             16  org.opensearch.geospatial.ip2geo.common.Ip2GeoSettings$DatasourceEndpointValidator
10791:             1             16  org.opensearch.geospatial.ip2geo.common.ParameterValidator
10792:             1             16  org.opensearch.geospatial.ip2geo.common.URLDenyListChecker
10793:             1             16  org.opensearch.geospatial.ip2geo.dao.Ip2GeoCachedDao$$Lambda/0x00007fcd28843728
10794:             1             16  org.opensearch.geospatial.ip2geo.dao.Ip2GeoCachedDao$GeoDataCache
10795:             1             16  org.opensearch.geospatial.ip2geo.dao.Ip2GeoProcessorDao
10796:             1             16  org.opensearch.geospatial.ip2geo.jobscheduler.DatasourceExtension$$Lambda/0x00007fcd28449470
10797:             1             16  org.opensearch.geospatial.plugin.GeospatialPlugin$$Lambda/0x00007fcd28752b98
10798:             1             16  org.opensearch.geospatial.plugin.GeospatialPlugin$$Lambda/0x00007fcd28752db0
10799:             1             16  org.opensearch.geospatial.plugin.GeospatialPlugin$$Lambda/0x00007fcd28753b20
10800:             1             16  org.opensearch.geospatial.plugin.GeospatialPlugin$$Lambda/0x00007fcd288418c8
10801:             1             16  org.opensearch.geospatial.plugin.GeospatialPlugin$$Lambda/0x00007fcd28841ae0
10802:             1             16  org.opensearch.geospatial.processor.FeatureProcessor$Factory
10803:             1             16  org.opensearch.geospatial.search.aggregations.bucket.geogrid.GeoHexGridAggregationBuilder$$Lambda/0x00007fcd2883c800
10804:             1             16  org.opensearch.geospatial.search.aggregations.bucket.geogrid.GeoHexGridAggregationBuilder$$Lambda/0x00007fcd2883ca18
10805:             1             16  org.opensearch.geospatial.search.aggregations.bucket.geogrid.GeoHexGridAggregatorFactory$$Lambda/0x00007fcd288429a0
10806:             1             16  org.opensearch.geospatial.stats.upload.UploadStatsAction$$Lambda/0x00007fcd28ae9040
10807:             1             16  org.opensearch.geospatial.stats.upload.UploadStatsTransportAction$$Lambda/0x00007fcd28d66078
10808:             1             16  org.opensearch.geospatial.stats.upload.UploadStatsTransportAction$$Lambda/0x00007fcd28d66290
10809:             1             16  org.opensearch.http.AbstractHttpServerTransport$$Lambda/0x00007fcd28290258
10810:             1             16  org.opensearch.http.CorsHandler
10811:             1             16  org.opensearch.http.CorsHandler$Config$$Lambda/0x00007fcd28ca0d18
10812:             1             16  org.opensearch.http.HttpTracer$$Lambda/0x00007fcd28ca1170
10813:             1             16  org.opensearch.http.HttpTracer$$Lambda/0x00007fcd28ca13a0
10814:             1             16  org.opensearch.http.HttpTransportSettings$$Lambda/0x00007fcd281e4400
10815:             1             16  org.opensearch.http.HttpTransportSettings$$Lambda/0x00007fcd281e4638
10816:             1             16  org.opensearch.http.HttpTransportSettings$$Lambda/0x00007fcd281e4870
10817:             1             16  org.opensearch.http.HttpTransportSettings$$Lambda/0x00007fcd281e4aa8
10818:             1             16  org.opensearch.http.HttpTransportSettings$$Lambda/0x00007fcd281e4ce0
10819:             1             16  org.opensearch.http.HttpTransportSettings$$Lambda/0x00007fcd281e4f18
10820:             1             16  org.opensearch.http.netty4.Netty4HttpServerTransport$$Lambda/0x00007fcd2828e9d8
10821:             1             16  org.opensearch.http.netty4.Netty4HttpServerTransport$$Lambda/0x00007fcd2828ec10
10822:             1             16  org.opensearch.http.netty4.Netty4HttpServerTransport$$Lambda/0x00007fcd28550630
10823:             1             16  org.opensearch.http.netty4.Netty4HttpServerTransport$$Lambda/0x00007fcd28550868
10824:             1             16  org.opensearch.http.netty4.ssl.SecureNetty4HttpServerTransport$$Lambda/0x00007fcd28ca92b0
10825:             1             16  org.opensearch.http.netty4.ssl.SecureNetty4HttpServerTransport$$Lambda/0x00007fcd28ca9738
10826:             1             16  org.opensearch.http.netty4.ssl.SecureNetty4HttpServerTransport$$Lambda/0x00007fcd28ca9980
10827:             1             16  org.opensearch.http.netty4.ssl.SecureNetty4HttpServerTransport$$Lambda/0x00007fcd28cabb78
10828:             1             16  org.opensearch.http.netty4.ssl.SecureNetty4HttpServerTransport$$Lambda/0x00007fcd28cabdc0
10829:             1             16  org.opensearch.index.IndexModule$$Lambda/0x00007fcd284a0600
10830:             1             16  org.opensearch.index.IndexModule$1
10831:             1             16  org.opensearch.index.IndexModule$2
10832:             1             16  org.opensearch.index.IndexService$$Lambda/0x00007fcd2926abc0
10833:             1             16  org.opensearch.index.IndexService$$Lambda/0x00007fcd293a5f08
10834:             1             16  org.opensearch.index.IndexService$$Lambda/0x00007fcd293a6130
10835:             1             16  org.opensearch.index.IndexSettings$$Lambda/0x00007fcd28631af8
10836:             1             16  org.opensearch.index.IndexSettings$$Lambda/0x00007fcd28631d30
10837:             1             16  org.opensearch.index.IndexSettings$$Lambda/0x00007fcd28635fa8
10838:             1             16  org.opensearch.index.IndexSettings$$Lambda/0x00007fcd286361e0
10839:             1             16  org.opensearch.index.IndexSettings$$Lambda/0x00007fcd28636658
10840:             1             16  org.opensearch.index.IndexSettings$$Lambda/0x00007fcd28636a90
10841:             1             16  org.opensearch.index.IndexSortConfig$$Lambda/0x00007fcd2863a4e0
10842:             1             16  org.opensearch.index.IndexSortConfig$$Lambda/0x00007fcd2863a9f8
10843:             1             16  org.opensearch.index.IndexSortConfig$$Lambda/0x00007fcd2863ac30
10844:             1             16  org.opensearch.index.IndexSortConfig$$Lambda/0x00007fcd286475b8
10845:             1             16  org.opensearch.index.IndexSortConfig$$Lambda/0x00007fcd286479e0
10846:             1             16  org.opensearch.index.IndexingPressureService
10847:             1             16  org.opensearch.index.IndexingPressureService$$Lambda/0x00007fcd29236380
10848:             1             16  org.opensearch.index.IndexingSlowLog$$Lambda/0x00007fcd286392b8
10849:             1             16  org.opensearch.index.IndexingSlowLog$$Lambda/0x00007fcd286394f0
10850:             1             16  org.opensearch.index.LogByteSizeMergePolicyProvider$$Lambda/0x00007fcd28646020
10851:             1             16  org.opensearch.index.MergeSchedulerConfig$$Lambda/0x00007fcd28638000
10852:             1             16  org.opensearch.index.MergeSchedulerConfig$$Lambda/0x00007fcd28638238
10853:             1             16  org.opensearch.index.MergeSchedulerConfig$$Lambda/0x00007fcd28638470
10854:             1             16  org.opensearch.index.MergeSchedulerConfig$$Lambda/0x00007fcd286386a8
10855:             1             16  org.opensearch.index.SearchSlowLog$$Lambda/0x00007fcd28638e10
10856:             1             16  org.opensearch.index.SegmentReplicationPressureService$$Lambda/0x00007fcd28dcd520
10857:             1             16  org.opensearch.index.SegmentReplicationPressureService$$Lambda/0x00007fcd28dcd750
10858:             1             16  org.opensearch.index.SegmentReplicationPressureService$$Lambda/0x00007fcd28dcd980
10859:             1             16  org.opensearch.index.SegmentReplicationPressureService$$Lambda/0x00007fcd28dcdbb0
10860:             1             16  org.opensearch.index.SegmentReplicationPressureService$$Lambda/0x00007fcd28dcdde0
10861:             1             16  org.opensearch.index.ShardIndexingPressureMemoryManager$$Lambda/0x00007fcd28ce2f68
10862:             1             16  org.opensearch.index.ShardIndexingPressureMemoryManager$$Lambda/0x00007fcd28ce3198
10863:             1             16  org.opensearch.index.ShardIndexingPressureMemoryManager$$Lambda/0x00007fcd28ce33c8
10864:             1             16  org.opensearch.index.ShardIndexingPressureMemoryManager$$Lambda/0x00007fcd28ce35f8
10865:             1             16  org.opensearch.index.ShardIndexingPressureMemoryManager$$Lambda/0x00007fcd28ce3828
10866:             1             16  org.opensearch.index.ShardIndexingPressureMemoryManager$$Lambda/0x00007fcd28ce3a58
10867:             1             16  org.opensearch.index.ShardIndexingPressureMemoryManager$$Lambda/0x00007fcd28ce3c88
10868:             1             16  org.opensearch.index.ShardIndexingPressureSettings$$Lambda/0x00007fcd28ce2478
10869:             1             16  org.opensearch.index.ShardIndexingPressureSettings$$Lambda/0x00007fcd28ce26a8
10870:             1             16  org.opensearch.index.ShardIndexingPressureSettings$$Lambda/0x00007fcd28ce28d8
10871:             1             16  org.opensearch.index.ShardIndexingPressureSettings$$Lambda/0x00007fcd28ce2b08
10872:             1             16  org.opensearch.index.ShardIndexingPressureStore$$Lambda/0x00007fcd28ce2d38
10873:             1             16  org.opensearch.index.TieredMergePolicyProvider$$Lambda/0x00007fcd28639bf0
10874:             1             16  org.opensearch.index.analysis.Analysis$$Lambda/0x00007fcd29258680
10875:             1             16  org.opensearch.index.analysis.AnalysisRegistry$$Lambda/0x00007fcd2926a0e0
10876:             1             16  org.opensearch.index.analysis.AnalysisRegistry$$Lambda/0x00007fcd2926a580
10877:             1             16  org.opensearch.index.analysis.IndexAnalyzers$$Lambda/0x00007fcd290bb098
10878:             1             16  org.opensearch.index.analysis.IndexAnalyzers$$Lambda/0x00007fcd290bb2d0
10879:             1             16  org.opensearch.index.analysis.NamedAnalyzer$1
10880:             1             16  org.opensearch.index.analysis.PreConfiguredCharFilter$$Lambda/0x00007fcd2869ce48
10881:             1             16  org.opensearch.index.analysis.TokenFilterFactory$1
10882:             1             16  org.opensearch.index.codec.customcodecs.CustomCodecPlugin
10883:             1             16  org.opensearch.index.codec.customcodecs.Lucene99QatCodec$$Lambda/0x00007fcd2839ca28
10884:             1             16  org.opensearch.index.codec.customcodecs.Lucene99QatStoredFieldsFormat$$Lambda/0x00007fcd2839d4a0
10885:             1             16  org.opensearch.index.codec.fuzzy.FuzzySet$SetType$$Lambda/0x00007fcd29272e90
10886:             1             16  org.opensearch.index.engine.CombinedDeletionPolicy$$Lambda/0x00007fcd29378cf0
10887:             1             16  org.opensearch.index.engine.CombinedDeletionPolicy$$Lambda/0x00007fcd2937a070
10888:             1             16  org.opensearch.index.engine.Engine$1$$Lambda/0x00007fcd2935c790
10889:             1             16  org.opensearch.index.engine.Engine$NoOpLock
10890:             1             16  org.opensearch.index.engine.EngineConfig$$Lambda/0x00007fcd28395918
10891:             1             16  org.opensearch.index.engine.EngineConfigFactory$$Lambda/0x00007fcd2924e860
10892:             1             16  org.opensearch.index.engine.InternalEngine$$Lambda/0x00007fcd292c3358
10893:             1             16  org.opensearch.index.engine.SegmentsStats$$Lambda/0x00007fcd293ba000
10894:             1             16  org.opensearch.index.engine.SegmentsStats$$Lambda/0x00007fcd293bfdd8
10895:             1             16  org.opensearch.index.engine.SoftDeletesPolicy$$Lambda/0x00007fcd293738b8
10896:             1             16  org.opensearch.index.fielddata.IndexFieldDataService$$Lambda/0x00007fcd28641a88
10897:             1             16  org.opensearch.index.fielddata.IndexFieldDataService$$Lambda/0x00007fcd28641cc0
10898:             1             16  org.opensearch.index.fielddata.IndexFieldDataService$1
10899:             1             16  org.opensearch.index.fielddata.plain.AbstractLeafOrdinalsFieldData$$Lambda/0x00007fcd29202240
10900:             1             16  org.opensearch.index.fielddata.plain.AbstractLeafOrdinalsFieldData$$Lambda/0x00007fcd29202478
10901:             1             16  org.opensearch.index.mapper.BinaryFieldMapper$$Lambda/0x00007fcd2873e8a0
10902:             1             16  org.opensearch.index.mapper.BooleanFieldMapper$$Lambda/0x00007fcd2873e100
10903:             1             16  org.opensearch.index.mapper.BooleanFieldMapper$Builder$$Lambda/0x00007fcd290befa0
10904:             1             16  org.opensearch.index.mapper.BooleanFieldMapper$Builder$$Lambda/0x00007fcd290bf1d8
10905:             1             16  org.opensearch.index.mapper.BooleanFieldMapper$Builder$$Lambda/0x00007fcd290bf410
10906:             1             16  org.opensearch.index.mapper.BooleanFieldMapper$Builder$$Lambda/0x00007fcd290bf648
10907:             1             16  org.opensearch.index.mapper.BooleanFieldMapper$Builder$$Lambda/0x00007fcd290bf860
10908:             1             16  org.opensearch.index.mapper.BooleanFieldMapper$Builder$$Lambda/0x00007fcd290bfa78
10909:             1             16  org.opensearch.index.mapper.CompletionFieldMapper$$Lambda/0x00007fcd28743d88
10910:             1             16  org.opensearch.index.mapper.ConstantKeywordFieldMapper$TypeParser
10911:             1             16  org.opensearch.index.mapper.DataStreamFieldMapper$$Lambda/0x00007fcd28723c08
10912:             1             16  org.opensearch.index.mapper.DataStreamFieldMapper$$Lambda/0x00007fcd28723e40
10913:             1             16  org.opensearch.index.mapper.DataStreamFieldMapper$Builder$$Lambda/0x00007fcd290b66d8
10914:             1             16  org.opensearch.index.mapper.DataStreamFieldMapper$Builder$$Lambda/0x00007fcd290b6910
10915:             1             16  org.opensearch.index.mapper.DataStreamFieldMapper$Builder$$Lambda/0x00007fcd290b6b28
10916:             1             16  org.opensearch.index.mapper.DataStreamFieldMapper$Builder$$Lambda/0x00007fcd290b6d40
10917:             1             16  org.opensearch.index.mapper.DateFieldMapper$$Lambda/0x00007fcd286191a0
10918:             1             16  org.opensearch.index.mapper.DateFieldMapper$$Lambda/0x00007fcd286193c8
10919:             1             16  org.opensearch.index.mapper.DateFieldMapper$Builder$$Lambda/0x00007fcd290bb708
10920:             1             16  org.opensearch.index.mapper.DateFieldMapper$Builder$$Lambda/0x00007fcd290bb940
10921:             1             16  org.opensearch.index.mapper.DateFieldMapper$Builder$$Lambda/0x00007fcd290bbb78
10922:             1             16  org.opensearch.index.mapper.DateFieldMapper$Builder$$Lambda/0x00007fcd290bbdb0
10923:             1             16  org.opensearch.index.mapper.DateFieldMapper$Builder$$Lambda/0x00007fcd290bbfe8
10924:             1             16  org.opensearch.index.mapper.DateFieldMapper$Builder$$Lambda/0x00007fcd290bc220
10925:             1             16  org.opensearch.index.mapper.DateFieldMapper$Builder$$Lambda/0x00007fcd290bc438
10926:             1             16  org.opensearch.index.mapper.DateFieldMapper$Builder$$Lambda/0x00007fcd290bc650
10927:             1             16  org.opensearch.index.mapper.DateFieldMapper$Builder$$Lambda/0x00007fcd290bc888
10928:             1             16  org.opensearch.index.mapper.DateFieldMapper$Builder$$Lambda/0x00007fcd290bcac0
10929:             1             16  org.opensearch.index.mapper.DerivedFieldMapper$$Lambda/0x00007fcd28748000
10930:             1             16  org.opensearch.index.mapper.DocCountFieldMapper$$Lambda/0x00007fcd28731718
10931:             1             16  org.opensearch.index.mapper.DocCountFieldMapper$$Lambda/0x00007fcd28731950
10932:             1             16  org.opensearch.index.mapper.DocumentMapper$$Lambda/0x00007fcd290baa18
10933:             1             16  org.opensearch.index.mapper.DocumentMapper$$Lambda/0x00007fcd290bae80
10934:             1             16  org.opensearch.index.mapper.DynamicKeyFieldTypeLookup$$Lambda/0x00007fcd29352db0
10935:             1             16  org.opensearch.index.mapper.FieldAliasMapper$TypeParser
10936:             1             16  org.opensearch.index.mapper.FieldMapper$CopyTo
10937:             1             16  org.opensearch.index.mapper.FieldMapper$MultiFields$$Lambda/0x00007fcd290b5ba0
10938:             1             16  org.opensearch.index.mapper.FieldNamesFieldMapper$$Lambda/0x00007fcd28732488
10939:             1             16  org.opensearch.index.mapper.FieldNamesFieldMapper$$Lambda/0x00007fcd287326c0
10940:             1             16  org.opensearch.index.mapper.FieldNamesFieldMapper$Builder$$Lambda/0x00007fcd290b6f78
10941:             1             16  org.opensearch.index.mapper.FlatObjectFieldMapper$$Lambda/0x00007fcd28746d68
10942:             1             16  org.opensearch.index.mapper.FlatObjectFieldMapper$TypeParser
10943:             1             16  org.opensearch.index.mapper.GeoPointFieldMapper$TypeParser
10944:             1             16  org.opensearch.index.mapper.GeoShapeFieldMapper$TypeParser
10945:             1             16  org.opensearch.index.mapper.IdFieldMapper$$Lambda/0x00007fcd287214e0
10946:             1             16  org.opensearch.index.mapper.IgnoredFieldMapper$$Lambda/0x00007fcd28720a08
10947:             1             16  org.opensearch.index.mapper.IndexFieldMapper$$Lambda/0x00007fcd287230e8
10948:             1             16  org.opensearch.index.mapper.IpFieldMapper$$Lambda/0x00007fcd2873f670
10949:             1             16  org.opensearch.index.mapper.KeywordFieldMapper$$Lambda/0x00007fcd28742e00
10950:             1             16  org.opensearch.index.mapper.KeywordFieldMapper$Builder$$Lambda/0x00007fcd290a9000
10951:             1             16  org.opensearch.index.mapper.KeywordFieldMapper$Builder$$Lambda/0x00007fcd290a9238
10952:             1             16  org.opensearch.index.mapper.KeywordFieldMapper$Builder$$Lambda/0x00007fcd290a9470
10953:             1             16  org.opensearch.index.mapper.KeywordFieldMapper$Builder$$Lambda/0x00007fcd290a96a8
10954:             1             16  org.opensearch.index.mapper.KeywordFieldMapper$Builder$$Lambda/0x00007fcd290aaec8
10955:             1             16  org.opensearch.index.mapper.KeywordFieldMapper$Builder$$Lambda/0x00007fcd290ab100
10956:             1             16  org.opensearch.index.mapper.KeywordFieldMapper$Builder$$Lambda/0x00007fcd290ab338
10957:             1             16  org.opensearch.index.mapper.KeywordFieldMapper$Builder$$Lambda/0x00007fcd290ab570
10958:             1             16  org.opensearch.index.mapper.KeywordFieldMapper$Builder$$Lambda/0x00007fcd290ab7a8
10959:             1             16  org.opensearch.index.mapper.KeywordFieldMapper$Builder$$Lambda/0x00007fcd290ab9e0
10960:             1             16  org.opensearch.index.mapper.KeywordFieldMapper$Builder$$Lambda/0x00007fcd290abc18
10961:             1             16  org.opensearch.index.mapper.MapperExtrasPlugin
10962:             1             16  org.opensearch.index.mapper.MapperExtrasPlugin$$Lambda/0x00007fcd28751958
10963:             1             16  org.opensearch.index.mapper.MapperExtrasPlugin$$Lambda/0x00007fcd28751b70
10964:             1             16  org.opensearch.index.mapper.MapperService$$Lambda/0x00007fcd28644368
10965:             1             16  org.opensearch.index.mapper.MapperService$$Lambda/0x00007fcd286445b0
10966:             1             16  org.opensearch.index.mapper.MapperService$$Lambda/0x00007fcd290a1b10
10967:             1             16  org.opensearch.index.mapper.MapperService$$Lambda/0x00007fcd290a1d48
10968:             1             16  org.opensearch.index.mapper.MapperService$$Lambda/0x00007fcd290a1f80
10969:             1             16  org.opensearch.index.mapper.MatchOnlyTextFieldMapper$$Lambda/0x00007fcd287422c0
10970:             1             16  org.opensearch.index.mapper.MetadataFieldMapper$$Lambda/0x00007fcd290b73d0
10971:             1             16  org.opensearch.index.mapper.MetadataFieldMapper$$Lambda/0x00007fcd290b75e8
10972:             1             16  org.opensearch.index.mapper.MetadataFieldMapper$$Lambda/0x00007fcd290b7800
10973:             1             16  org.opensearch.index.mapper.NestedPathFieldMapper$$Lambda/0x00007fcd2872ca60
10974:             1             16  org.opensearch.index.mapper.NumberFieldMapper$Builder$$Lambda/0x00007fcd290a8c00
10975:             1             16  org.opensearch.index.mapper.NumberFieldMapper$Builder$$Lambda/0x00007fcd290a9ae0
10976:             1             16  org.opensearch.index.mapper.NumberFieldMapper$Builder$$Lambda/0x00007fcd290a9d18
10977:             1             16  org.opensearch.index.mapper.NumberFieldMapper$Builder$$Lambda/0x00007fcd290b0000
10978:             1             16  org.opensearch.index.mapper.NumberFieldMapper$Builder$$Lambda/0x00007fcd290b0ac0
10979:             1             16  org.opensearch.index.mapper.NumberFieldMapper$Builder$$Lambda/0x00007fcd290b0cf8
10980:             1             16  org.opensearch.index.mapper.NumberFieldMapper$Builder$$Lambda/0x00007fcd290b1130
10981:             1             16  org.opensearch.index.mapper.ObjectMapper$$Lambda/0x00007fcd290b8f50
10982:             1             16  org.opensearch.index.mapper.ObjectMapper$$Lambda/0x00007fcd290b9198
10983:             1             16  org.opensearch.index.mapper.ObjectMapper$$Lambda/0x00007fcd290b9658
10984:             1             16  org.opensearch.index.mapper.ObjectMapper$$Lambda/0x00007fcd290b98a0
10985:             1             16  org.opensearch.index.mapper.ParametrizedFieldMapper$Parameter$$Lambda/0x00007fcd290a4f48
10986:             1             16  org.opensearch.index.mapper.ParametrizedFieldMapper$Parameter$$Lambda/0x00007fcd290a5358
10987:             1             16  org.opensearch.index.mapper.ParametrizedFieldMapper$Parameter$$Lambda/0x00007fcd290a5768
10988:             1             16  org.opensearch.index.mapper.ParametrizedFieldMapper$Parameter$$Lambda/0x00007fcd290a5980
10989:             1             16  org.opensearch.index.mapper.ParametrizedFieldMapper$Parameter$$Lambda/0x00007fcd290a7148
10990:             1             16  org.opensearch.index.mapper.ParametrizedFieldMapper$Parameter$$Lambda/0x00007fcd290ac218
10991:             1             16  org.opensearch.index.mapper.ParametrizedFieldMapper$Parameter$$Lambda/0x00007fcd290ad9d0
10992:             1             16  org.opensearch.index.mapper.ParametrizedFieldMapper$Parameter$$Lambda/0x00007fcd290ade20
10993:             1             16  org.opensearch.index.mapper.ParametrizedFieldMapper$Parameter$$Lambda/0x00007fcd290ae038
10994:             1             16  org.opensearch.index.mapper.ParametrizedFieldMapper$Parameter$$Lambda/0x00007fcd290ae250
10995:             1             16  org.opensearch.index.mapper.ParametrizedFieldMapper$Parameter$$Lambda/0x00007fcd290ae468
10996:             1             16  org.opensearch.index.mapper.ParametrizedFieldMapper$Parameter$$Lambda/0x00007fcd290aed00
10997:             1             16  org.opensearch.index.mapper.ParametrizedFieldMapper$Parameter$$Lambda/0x00007fcd290aef18
10998:             1             16  org.opensearch.index.mapper.ParametrizedFieldMapper$Parameter$$Lambda/0x00007fcd290af130
10999:             1             16  org.opensearch.index.mapper.ParametrizedFieldMapper$Parameter$$Lambda/0x00007fcd290b0458
11000:             1             16  org.opensearch.index.mapper.ParametrizedFieldMapper$Parameter$$Lambda/0x00007fcd290b0670
11001:             1             16  org.opensearch.index.mapper.ParametrizedFieldMapper$Parameter$$Lambda/0x00007fcd290b0888
11002:             1             16  org.opensearch.index.mapper.ParametrizedFieldMapper$Parameter$$Lambda/0x00007fcd290b8458
11003:             1             16  org.opensearch.index.mapper.RankFeatureFieldMapper$$Lambda/0x00007fcd2874e8d8
11004:             1             16  org.opensearch.index.mapper.RankFeatureMetaFieldMapper$$Lambda/0x00007fcd287508c0
11005:             1             16  org.opensearch.index.mapper.RankFeaturesFieldMapper$$Lambda/0x00007fcd2874f3d8
11006:             1             16  org.opensearch.index.mapper.RoutingFieldMapper$$Lambda/0x00007fcd28722280
11007:             1             16  org.opensearch.index.mapper.RoutingFieldMapper$$Lambda/0x00007fcd287224b8
11008:             1             16  org.opensearch.index.mapper.RoutingFieldMapper$Builder$$Lambda/0x00007fcd290b7a38
11009:             1             16  org.opensearch.index.mapper.ScaledFloatFieldMapper$$Lambda/0x00007fcd2874d5a8
11010:             1             16  org.opensearch.index.mapper.SearchAsYouTypeFieldMapper$$Lambda/0x00007fcd28750000
11011:             1             16  org.opensearch.index.mapper.SeqNoFieldMapper$$Lambda/0x00007fcd28730bf0
11012:             1             16  org.opensearch.index.mapper.SourceFieldMapper$$Lambda/0x00007fcd28724980
11013:             1             16  org.opensearch.index.mapper.SourceFieldMapper$$Lambda/0x00007fcd28724bb8
11014:             1             16  org.opensearch.index.mapper.SourceFieldMapper$Builder$$Lambda/0x00007fcd290b7c70
11015:             1             16  org.opensearch.index.mapper.SourceFieldMapper$Builder$$Lambda/0x00007fcd290b8000
11016:             1             16  org.opensearch.index.mapper.SourceFieldMapper$Builder$$Lambda/0x00007fcd290b8670
11017:             1             16  org.opensearch.index.mapper.SourceFieldMapper$Builder$$Lambda/0x00007fcd290b88a8
11018:             1             16  org.opensearch.index.mapper.SourceFieldMapper$Builder$$Lambda/0x00007fcd290b8ae0
11019:             1             16  org.opensearch.index.mapper.SourceFieldMapper$Builder$$Lambda/0x00007fcd290b8d18
11020:             1             16  org.opensearch.index.mapper.TextFieldMapper$$Lambda/0x00007fcd287416f8
11021:             1             16  org.opensearch.index.mapper.TextFieldMapper$Builder$$Lambda/0x00007fcd290a48d8
11022:             1             16  org.opensearch.index.mapper.TextFieldMapper$Builder$$Lambda/0x00007fcd290a5e00
11023:             1             16  org.opensearch.index.mapper.TextFieldMapper$Builder$$Lambda/0x00007fcd290a6038
11024:             1             16  org.opensearch.index.mapper.TextFieldMapper$Builder$$Lambda/0x00007fcd290a6cf0
11025:             1             16  org.opensearch.index.mapper.TextFieldMapper$Builder$$Lambda/0x00007fcd290a7590
11026:             1             16  org.opensearch.index.mapper.TextFieldMapper$Builder$$Lambda/0x00007fcd290a7a10
11027:             1             16  org.opensearch.index.mapper.TextFieldMapper$Builder$$Lambda/0x00007fcd290a7c48
11028:             1             16  org.opensearch.index.mapper.TextFieldMapper$Builder$$Lambda/0x00007fcd290ac430
11029:             1             16  org.opensearch.index.mapper.TextFieldMapper$Builder$$Lambda/0x00007fcd290ac668
11030:             1             16  org.opensearch.index.mapper.TextFieldMapper$Builder$$Lambda/0x00007fcd290ac880
11031:             1             16  org.opensearch.index.mapper.TextFieldMapper$Builder$$Lambda/0x00007fcd290aca98
11032:             1             16  org.opensearch.index.mapper.TextFieldMapper$Builder$$Lambda/0x00007fcd290accd0
11033:             1             16  org.opensearch.index.mapper.TextFieldMapper$Builder$$Lambda/0x00007fcd290acf08
11034:             1             16  org.opensearch.index.mapper.TextFieldMapper$Builder$$Lambda/0x00007fcd290ad368
11035:             1             16  org.opensearch.index.mapper.TextFieldMapper$Builder$$Lambda/0x00007fcd290ad580
11036:             1             16  org.opensearch.index.mapper.TextFieldMapper$Builder$$Lambda/0x00007fcd290ad798
11037:             1             16  org.opensearch.index.mapper.TextFieldMapper$Builder$$Lambda/0x00007fcd290ba0d0
11038:             1             16  org.opensearch.index.mapper.TextParams$$Lambda/0x00007fcd290a6470
11039:             1             16  org.opensearch.index.mapper.TextParams$$Lambda/0x00007fcd290a6688
11040:             1             16  org.opensearch.index.mapper.TextParams$$Lambda/0x00007fcd290a68a0
11041:             1             16  org.opensearch.index.mapper.TextParams$$Lambda/0x00007fcd290a6ab8
11042:             1             16  org.opensearch.index.mapper.TextParams$$Lambda/0x00007fcd290a77c8
11043:             1             16  org.opensearch.index.mapper.TextParams$Analyzers$$Lambda/0x00007fcd290aa000
11044:             1             16  org.opensearch.index.mapper.TextParams$Analyzers$$Lambda/0x00007fcd290aa228
11045:             1             16  org.opensearch.index.mapper.TextParams$Analyzers$$Lambda/0x00007fcd290aa680
11046:             1             16  org.opensearch.index.mapper.TextParams$Analyzers$$Lambda/0x00007fcd290ae8a8
11047:             1             16  org.opensearch.index.mapper.TextParams$Analyzers$$Lambda/0x00007fcd290af588
11048:             1             16  org.opensearch.index.mapper.TextParams$Analyzers$$Lambda/0x00007fcd290af7b0
11049:             1             16  org.opensearch.index.mapper.TokenCountFieldMapper$$Lambda/0x00007fcd2874dd60
11050:             1             16  org.opensearch.index.mapper.VersionFieldMapper$$Lambda/0x00007fcd28730318
11051:             1             16  org.opensearch.index.mapper.WildcardFieldMapper$$Lambda/0x00007fcd28748d88
11052:             1             16  org.opensearch.index.query.BoolQueryBuilder$$Lambda/0x00007fcd291dd940
11053:             1             16  org.opensearch.index.query.BoolQueryBuilder$$Lambda/0x00007fcd291ddb58
11054:             1             16  org.opensearch.index.query.BoolQueryBuilder$$Lambda/0x00007fcd291ddd80
11055:             1             16  org.opensearch.index.query.BoolQueryBuilder$$Lambda/0x00007fcd291de3e8
11056:             1             16  org.opensearch.index.query.BoolQueryBuilder$$Lambda/0x00007fcd291de610
11057:             1             16  org.opensearch.index.query.BoolQueryBuilder$$Lambda/0x00007fcd291de828
11058:             1             16  org.opensearch.index.query.BoolQueryBuilder$$Lambda/0x00007fcd291dea50
11059:             1             16  org.opensearch.index.query.BoolQueryBuilder$$Lambda/0x00007fcd291dec68
11060:             1             16  org.opensearch.index.query.BoolQueryBuilder$$Lambda/0x00007fcd291dee90
11061:             1             16  org.opensearch.index.query.BoolQueryBuilder$$Lambda/0x00007fcd291df0a8
11062:             1             16  org.opensearch.index.query.BoolQueryBuilder$$Lambda/0x00007fcd291df2d0
11063:             1             16  org.opensearch.index.query.BoolQueryBuilder$$Lambda/0x00007fcd291df4f8
11064:             1             16  org.opensearch.index.query.BoolQueryBuilder$$Lambda/0x00007fcd291df710
11065:             1             16  org.opensearch.index.query.BoolQueryBuilder$$Lambda/0x00007fcd291df938
11066:             1             16  org.opensearch.index.query.BoolQueryBuilder$$Lambda/0x00007fcd291e6f40
11067:             1             16  org.opensearch.index.query.functionscore.ExponentialDecayFunctionBuilder$$Lambda/0x00007fcd28763000
11068:             1             16  org.opensearch.index.query.functionscore.ExponentialDecayFunctionBuilder$ExponentialDecayScoreFunction
11069:             1             16  org.opensearch.index.query.functionscore.GaussDecayFunctionBuilder$$Lambda/0x00007fcd28761d40
11070:             1             16  org.opensearch.index.query.functionscore.GaussDecayFunctionBuilder$GaussScoreFunction
11071:             1             16  org.opensearch.index.query.functionscore.LinearDecayFunctionBuilder$$Lambda/0x00007fcd287626a0
11072:             1             16  org.opensearch.index.query.functionscore.LinearDecayFunctionBuilder$LinearDecayScoreFunction
11073:             1             16  org.opensearch.index.rankeval.RankEvalAction$$Lambda/0x00007fcd28896f38
11074:             1             16  org.opensearch.index.rankeval.RankEvalNamedXContentProvider$$Lambda/0x00007fcd28893780
11075:             1             16  org.opensearch.index.rankeval.RankEvalNamedXContentProvider$$Lambda/0x00007fcd28893998
11076:             1             16  org.opensearch.index.rankeval.RankEvalNamedXContentProvider$$Lambda/0x00007fcd28893bb0
11077:             1             16  org.opensearch.index.rankeval.RankEvalNamedXContentProvider$$Lambda/0x00007fcd28893dc8
11078:             1             16  org.opensearch.index.rankeval.RankEvalNamedXContentProvider$$Lambda/0x00007fcd28896000
11079:             1             16  org.opensearch.index.rankeval.RankEvalNamedXContentProvider$$Lambda/0x00007fcd28896218
11080:             1             16  org.opensearch.index.rankeval.RankEvalNamedXContentProvider$$Lambda/0x00007fcd28896430
11081:             1             16  org.opensearch.index.rankeval.RankEvalNamedXContentProvider$$Lambda/0x00007fcd28896648
11082:             1             16  org.opensearch.index.rankeval.RankEvalNamedXContentProvider$$Lambda/0x00007fcd28896860
11083:             1             16  org.opensearch.index.rankeval.RankEvalNamedXContentProvider$$Lambda/0x00007fcd28896a78
11084:             1             16  org.opensearch.index.rankeval.RankEvalPlugin
11085:             1             16  org.opensearch.index.rankeval.RankEvalPlugin$$Lambda/0x00007fcd288904f8
11086:             1             16  org.opensearch.index.rankeval.RankEvalPlugin$$Lambda/0x00007fcd28890a08
11087:             1             16  org.opensearch.index.rankeval.RankEvalPlugin$$Lambda/0x00007fcd28890f18
11088:             1             16  org.opensearch.index.rankeval.RankEvalPlugin$$Lambda/0x00007fcd28891438
11089:             1             16  org.opensearch.index.rankeval.RankEvalPlugin$$Lambda/0x00007fcd28891960
11090:             1             16  org.opensearch.index.rankeval.RankEvalPlugin$$Lambda/0x00007fcd28892000
11091:             1             16  org.opensearch.index.rankeval.RankEvalPlugin$$Lambda/0x00007fcd288924d8
11092:             1             16  org.opensearch.index.rankeval.RankEvalPlugin$$Lambda/0x00007fcd288929a8
11093:             1             16  org.opensearch.index.rankeval.RankEvalPlugin$$Lambda/0x00007fcd28892e78
11094:             1             16  org.opensearch.index.rankeval.RankEvalPlugin$$Lambda/0x00007fcd28893348
11095:             1             16  org.opensearch.index.rankeval.TransportRankEvalAction$$Lambda/0x00007fcd288976b0
11096:             1             16  org.opensearch.index.reindex.DeleteByQueryAction$$Lambda/0x00007fcd28bfc6f0
11097:             1             16  org.opensearch.index.reindex.ReindexAction$$Lambda/0x00007fcd28bfc2c0
11098:             1             16  org.opensearch.index.reindex.ReindexPlugin
11099:             1             16  org.opensearch.index.reindex.ReindexPlugin$$Lambda/0x00007fcd28549ad8
11100:             1             16  org.opensearch.index.reindex.RethrottleAction$$Lambda/0x00007fcd289006b8
11101:             1             16  org.opensearch.index.reindex.TransportDeleteByQueryAction$$Lambda/0x00007fcd28900e10
11102:             1             16  org.opensearch.index.reindex.TransportReindexAction$$Lambda/0x00007fcd28901888
11103:             1             16  org.opensearch.index.reindex.TransportRethrottleAction$$Lambda/0x00007fcd28901028
11104:             1             16  org.opensearch.index.reindex.TransportRethrottleAction$$Lambda/0x00007fcd28901240
11105:             1             16  org.opensearch.index.reindex.TransportRethrottleAction$$Lambda/0x00007fcd28901458
11106:             1             16  org.opensearch.index.reindex.TransportUpdateByQueryAction$$Lambda/0x00007fcd28901670
11107:             1             16  org.opensearch.index.reindex.UpdateByQueryAction$$Lambda/0x00007fcd28bfc4d8
11108:             1             16  org.opensearch.index.remote.RemoteStorePressureService$BytesLagValidator
11109:             1             16  org.opensearch.index.remote.RemoteStorePressureService$ConsecutiveFailureValidator
11110:             1             16  org.opensearch.index.remote.RemoteStorePressureService$TimeLagValidator
11111:             1             16  org.opensearch.index.remote.RemoteStorePressureSettings$$Lambda/0x00007fcd28dce2b0
11112:             1             16  org.opensearch.index.remote.RemoteStorePressureSettings$$Lambda/0x00007fcd28dce4e0
11113:             1             16  org.opensearch.index.remote.RemoteStorePressureSettings$$Lambda/0x00007fcd28dce710
11114:             1             16  org.opensearch.index.remote.RemoteStorePressureSettings$$Lambda/0x00007fcd28dce940
11115:             1             16  org.opensearch.index.remote.RemoteStoreStatsTrackerFactory$$Lambda/0x00007fcd288c08c0
11116:             1             16  org.opensearch.index.search.QueryParserHelper$$Lambda/0x00007fcd292e0830
11117:             1             16  org.opensearch.index.search.stats.SearchStats$Stats$$Lambda/0x00007fcd293bf9a8
11118:             1             16  org.opensearch.index.search.stats.SearchStats$Stats$$Lambda/0x00007fcd293bfbc0
11119:             1             16  org.opensearch.index.seqno.GlobalCheckpointSyncAction$$Lambda/0x00007fcd28dbec78
11120:             1             16  org.opensearch.index.seqno.GlobalCheckpointSyncAction$$Lambda/0x00007fcd28dbee90
11121:             1             16  org.opensearch.index.seqno.GlobalCheckpointSyncAction$$Lambda/0x00007fcd293ae4e8
11122:             1             16  org.opensearch.index.seqno.LocalCheckpointTracker$$Lambda/0x00007fcd292c2228
11123:             1             16  org.opensearch.index.seqno.LocalCheckpointTracker$$Lambda/0x00007fcd292c2860
11124:             1             16  org.opensearch.index.seqno.ReplicationTracker$$Lambda/0x00007fcd293746f0
11125:             1             16  org.opensearch.index.seqno.ReplicationTracker$$Lambda/0x00007fcd29374928
11126:             1             16  org.opensearch.index.seqno.ReplicationTracker$$Lambda/0x00007fcd29375238
11127:             1             16  org.opensearch.index.seqno.ReplicationTracker$$Lambda/0x00007fcd29375480
11128:             1             16  org.opensearch.index.seqno.ReplicationTracker$$Lambda/0x00007fcd293756b8
11129:             1             16  org.opensearch.index.seqno.ReplicationTracker$$Lambda/0x00007fcd29375900
11130:             1             16  org.opensearch.index.seqno.ReplicationTracker$$Lambda/0x00007fcd2937a298
11131:             1             16  org.opensearch.index.seqno.ReplicationTracker$$Lambda/0x00007fcd293a7238
11132:             1             16  org.opensearch.index.seqno.ReplicationTracker$$Lambda/0x00007fcd293a76d0
11133:             1             16  org.opensearch.index.seqno.ReplicationTracker$$Lambda/0x00007fcd293a7b48
11134:             1             16  org.opensearch.index.seqno.RetentionLease$$Lambda/0x00007fcd2927fda0
11135:             1             16  org.opensearch.index.seqno.RetentionLeaseActions$Add$$Lambda/0x00007fcd28c90438
11136:             1             16  org.opensearch.index.seqno.RetentionLeaseActions$Add$TransportAction$$Lambda/0x00007fcd28e20cf0
11137:             1             16  org.opensearch.index.seqno.RetentionLeaseActions$Remove$$Lambda/0x00007fcd28c91020
11138:             1             16  org.opensearch.index.seqno.RetentionLeaseActions$Remove$TransportAction$$Lambda/0x00007fcd28f5f570
11139:             1             16  org.opensearch.index.seqno.RetentionLeaseActions$Renew$$Lambda/0x00007fcd28c90b70
11140:             1             16  org.opensearch.index.seqno.RetentionLeaseActions$Renew$TransportAction$$Lambda/0x00007fcd28efe7e0
11141:             1             16  org.opensearch.index.seqno.RetentionLeaseBackgroundSyncAction$$Lambda/0x00007fcd28dbf710
11142:             1             16  org.opensearch.index.seqno.RetentionLeaseBackgroundSyncAction$$Lambda/0x00007fcd28dbf928
11143:             1             16  org.opensearch.index.seqno.RetentionLeaseSyncAction$$Lambda/0x00007fcd28dbf0a8
11144:             1             16  org.opensearch.index.seqno.RetentionLeaseSyncAction$$Lambda/0x00007fcd28dbf2c0
11145:             1             16  org.opensearch.index.seqno.RetentionLeaseSyncAction$$Lambda/0x00007fcd28dbf4d8
11146:             1             16  org.opensearch.index.seqno.RetentionLeaseSyncer$$Lambda/0x00007fcd28dbfb40
11147:             1             16  org.opensearch.index.seqno.RetentionLeaseSyncer$$Lambda/0x00007fcd28dbfd58
11148:             1             16  org.opensearch.index.seqno.RetentionLeaseSyncer$$Lambda/0x00007fcd28dcc000
11149:             1             16  org.opensearch.index.seqno.RetentionLeaseSyncer$$Lambda/0x00007fcd28dcc220
11150:             1             16  org.opensearch.index.seqno.RetentionLeases$$Lambda/0x00007fcd29276788
11151:             1             16  org.opensearch.index.seqno.RetentionLeases$$Lambda/0x00007fcd292769c0
11152:             1             16  org.opensearch.index.seqno.RetentionLeases$$Lambda/0x00007fcd29276c00
11153:             1             16  org.opensearch.index.seqno.RetentionLeases$$Lambda/0x00007fcd29276e18
11154:             1             16  org.opensearch.index.seqno.RetentionLeases$$Lambda/0x00007fcd29277050
11155:             1             16  org.opensearch.index.seqno.RetentionLeases$$Lambda/0x00007fcd2932aba8
11156:             1             16  org.opensearch.index.shard.IndexingStats$Stats$DocStatusStats$$Lambda/0x00007fcd293bf790
11157:             1             16  org.opensearch.index.similarity.ScriptedSimilarityProvider
11158:             1             16  org.opensearch.index.similarity.SimilarityService$$Lambda/0x00007fcd2909a000
11159:             1             16  org.opensearch.index.similarity.SimilarityService$$Lambda/0x00007fcd2909a218
11160:             1             16  org.opensearch.index.similarity.SimilarityService$$Lambda/0x00007fcd2909ec10
11161:             1             16  org.opensearch.index.similarity.SimilarityService$$Lambda/0x00007fcd2909ee48
11162:             1             16  org.opensearch.index.similarity.SimilarityService$$Lambda/0x00007fcd2909f080
11163:             1             16  org.opensearch.index.similarity.SimilarityService$$Lambda/0x00007fcd2909f2b8
11164:             1             16  org.opensearch.index.similarity.SimilarityService$$Lambda/0x00007fcd2909f4d0
11165:             1             16  org.opensearch.index.similarity.SimilarityService$$Lambda/0x00007fcd2909f6e8
11166:             1             16  org.opensearch.index.similarity.SimilarityService$$Lambda/0x00007fcd2909f900
11167:             1             16  org.opensearch.index.similarity.SimilarityService$$Lambda/0x00007fcd2909fb18
11168:             1             16  org.opensearch.index.similarity.SimilarityService$$Lambda/0x00007fcd2909fd30
11169:             1             16  org.opensearch.index.similarity.SimilarityService$$Lambda/0x00007fcd290a0640
11170:             1             16  org.opensearch.index.store.FsDirectoryFactory
11171:             1             16  org.opensearch.index.store.FsDirectoryFactory$$Lambda/0x00007fcd2848fcc8
11172:             1             16  org.opensearch.index.store.Store$$Lambda/0x00007fcd29379c10
11173:             1             16  org.opensearch.index.translog.BufferedChecksumStreamInput$$Lambda/0x00007fcd2927d228
11174:             1             16  org.opensearch.index.translog.MultiSnapshot$$Lambda/0x00007fcd2932bca0
11175:             1             16  org.opensearch.index.translog.ReplicationTranslogDeletionPolicy$Companion
11176:             1             16  org.opensearch.index.translog.Translog$$Lambda/0x00007fcd292cb1e0
11177:             1             16  org.opensearch.index.translog.Translog$$Lambda/0x00007fcd29328b28
11178:             1             16  org.opensearch.index.translog.Translog$$Lambda/0x00007fcd2932afd8
11179:             1             16  org.opensearch.index.translog.Translog$$Lambda/0x00007fcd2932b5f0
11180:             1             16  org.opensearch.index.translog.Translog$$Lambda/0x00007fcd2932b808
11181:             1             16  org.opensearch.index.translog.Translog$$Lambda/0x00007fcd29345e08
11182:             1             16  org.opensearch.index.translog.Translog$$Lambda/0x00007fcd293bef68
11183:             1             16  org.opensearch.index.translog.TranslogDeletionPolicy$$Lambda/0x00007fcd29346d70
11184:             1             16  org.opensearch.index.translog.listener.TranslogEventListener$1
11185:             1             16  org.opensearch.indexmanagement.GuiceHolder
11186:             1             16  org.opensearch.indexmanagement.GuiceHolder$Companion
11187:             1             16  org.opensearch.indexmanagement.IndexManagementIndices$$Lambda/0x00007fcd28aaa9a8
11188:             1             16  org.opensearch.indexmanagement.IndexManagementIndices$$Lambda/0x00007fcd28aaabd8
11189:             1             16  org.opensearch.indexmanagement.IndexManagementIndices$Companion
11190:             1             16  org.opensearch.indexmanagement.IndexManagementPlugin$$Lambda/0x00007fcd2847c800
11191:             1             16  org.opensearch.indexmanagement.IndexManagementPlugin$Companion
11192:             1             16  org.opensearch.indexmanagement.IndexManagementRunner
11193:             1             16  org.opensearch.indexmanagement.controlcenter.notification.ControlCenterIndices$Companion
11194:             1             16  org.opensearch.indexmanagement.controlcenter.notification.action.delete.DeleteLRONConfigAction$$Lambda/0x00007fcd28c4aea8
11195:             1             16  org.opensearch.indexmanagement.controlcenter.notification.action.delete.DeleteLRONConfigAction$Companion
11196:             1             16  org.opensearch.indexmanagement.controlcenter.notification.action.delete.TransportDeleteLRONConfigAction$$Lambda/0x00007fcd28dab5d0
11197:             1             16  org.opensearch.indexmanagement.controlcenter.notification.action.get.GetLRONConfigAction$$Lambda/0x00007fcd28c4a660
11198:             1             16  org.opensearch.indexmanagement.controlcenter.notification.action.get.GetLRONConfigAction$Companion
11199:             1             16  org.opensearch.indexmanagement.controlcenter.notification.action.get.TransportGetLRONConfigAction$$Lambda/0x00007fcd28ef7218
11200:             1             16  org.opensearch.indexmanagement.controlcenter.notification.action.index.IndexLRONConfigAction$$Lambda/0x00007fcd28c49b90
11201:             1             16  org.opensearch.indexmanagement.controlcenter.notification.action.index.IndexLRONConfigAction$Companion
11202:             1             16  org.opensearch.indexmanagement.controlcenter.notification.action.index.TransportIndexLRONConfigAction$$Lambda/0x00007fcd28da8b18
11203:             1             16  org.opensearch.indexmanagement.indexstatemanagement.DefaultIndexMetadataService
11204:             1             16  org.opensearch.indexmanagement.indexstatemanagement.DefaultIndexMetadataService$Companion
11205:             1             16  org.opensearch.indexmanagement.indexstatemanagement.ISMActionsParser$Companion
11206:             1             16  org.opensearch.indexmanagement.indexstatemanagement.ISMActionsParser$Companion$instance$2
11207:             1             16  org.opensearch.indexmanagement.indexstatemanagement.ISMActionsParser$HOLDER
11208:             1             16  org.opensearch.indexmanagement.indexstatemanagement.IndexMetadataProvider$$Lambda/0x00007fcd28aae218
11209:             1             16  org.opensearch.indexmanagement.indexstatemanagement.IndexMetadataProvider$Companion
11210:             1             16  org.opensearch.indexmanagement.indexstatemanagement.IndexStateManagementHistory$$Lambda/0x00007fcd28aab6a0
11211:             1             16  org.opensearch.indexmanagement.indexstatemanagement.IndexStateManagementHistory$$Lambda/0x00007fcd28aab8d0
11212:             1             16  org.opensearch.indexmanagement.indexstatemanagement.IndexStateManagementHistory$$Lambda/0x00007fcd28aabb00
11213:             1             16  org.opensearch.indexmanagement.indexstatemanagement.IndexStateManagementHistory$$Lambda/0x00007fcd28aabd30
11214:             1             16  org.opensearch.indexmanagement.indexstatemanagement.IndexStateManagementHistory$$Lambda/0x00007fcd28aabf60
11215:             1             16  org.opensearch.indexmanagement.indexstatemanagement.IndexStateManagementHistory$$Lambda/0x00007fcd28aac190
11216:             1             16  org.opensearch.indexmanagement.indexstatemanagement.IndexStateManagementHistory$$Lambda/0x00007fcd28aac3c0
11217:             1             16  org.opensearch.indexmanagement.indexstatemanagement.ManagedIndexCoordinator$$Lambda/0x00007fcd28aafc88
11218:             1             16  org.opensearch.indexmanagement.indexstatemanagement.ManagedIndexCoordinator$$Lambda/0x00007fcd28ab0000
11219:             1             16  org.opensearch.indexmanagement.indexstatemanagement.ManagedIndexCoordinator$$Lambda/0x00007fcd28ab0230
11220:             1             16  org.opensearch.indexmanagement.indexstatemanagement.ManagedIndexCoordinator$$Lambda/0x00007fcd28ab0460
11221:             1             16  org.opensearch.indexmanagement.indexstatemanagement.ManagedIndexCoordinator$$Lambda/0x00007fcd28ab0690
11222:             1             16  org.opensearch.indexmanagement.indexstatemanagement.ManagedIndexCoordinator$$Lambda/0x00007fcd28ab08c0
11223:             1             16  org.opensearch.indexmanagement.indexstatemanagement.ManagedIndexCoordinator$$Lambda/0x00007fcd28ab0af0
11224:             1             16  org.opensearch.indexmanagement.indexstatemanagement.ManagedIndexCoordinator$Companion
11225:             1             16  org.opensearch.indexmanagement.indexstatemanagement.ManagedIndexRunner
11226:             1             16  org.opensearch.indexmanagement.indexstatemanagement.ManagedIndexRunner$$Lambda/0x00007fcd28aae888
11227:             1             16  org.opensearch.indexmanagement.indexstatemanagement.ManagedIndexRunner$$Lambda/0x00007fcd28aaeab0
11228:             1             16  org.opensearch.indexmanagement.indexstatemanagement.ManagedIndexRunner$$Lambda/0x00007fcd28aaecd8
11229:             1             16  org.opensearch.indexmanagement.indexstatemanagement.ManagedIndexRunner$$Lambda/0x00007fcd28aaef00
11230:             1             16  org.opensearch.indexmanagement.indexstatemanagement.PluginVersionSweepCoordinator$$Lambda/0x00007fcd28ab11c0
11231:             1             16  org.opensearch.indexmanagement.indexstatemanagement.action.AllocationActionParser
11232:             1             16  org.opensearch.indexmanagement.indexstatemanagement.action.CloseActionParser
11233:             1             16  org.opensearch.indexmanagement.indexstatemanagement.action.DeleteActionParser
11234:             1             16  org.opensearch.indexmanagement.indexstatemanagement.action.ForceMergeActionParser
11235:             1             16  org.opensearch.indexmanagement.indexstatemanagement.action.IndexPriorityActionParser
11236:             1             16  org.opensearch.indexmanagement.indexstatemanagement.action.NotificationActionParser
11237:             1             16  org.opensearch.indexmanagement.indexstatemanagement.action.OpenActionParser
11238:             1             16  org.opensearch.indexmanagement.indexstatemanagement.action.ReadOnlyActionParser
11239:             1             16  org.opensearch.indexmanagement.indexstatemanagement.action.ReadWriteActionParser
11240:             1             16  org.opensearch.indexmanagement.indexstatemanagement.action.ReplicaCountActionParser
11241:             1             16  org.opensearch.indexmanagement.indexstatemanagement.action.RolloverActionParser
11242:             1             16  org.opensearch.indexmanagement.indexstatemanagement.action.RollupActionParser
11243:             1             16  org.opensearch.indexmanagement.indexstatemanagement.action.ShrinkActionParser
11244:             1             16  org.opensearch.indexmanagement.indexstatemanagement.action.SnapshotActionParser
11245:             1             16  org.opensearch.indexmanagement.indexstatemanagement.action.TransformActionParser
11246:             1             16  org.opensearch.indexmanagement.indexstatemanagement.resthandler.RestAddPolicyAction$Companion
11247:             1             16  org.opensearch.indexmanagement.indexstatemanagement.resthandler.RestChangePolicyAction$Companion
11248:             1             16  org.opensearch.indexmanagement.indexstatemanagement.resthandler.RestExplainAction$Companion
11249:             1             16  org.opensearch.indexmanagement.indexstatemanagement.resthandler.RestIndexPolicyAction$$Lambda/0x00007fcd28fb5dc8
11250:             1             16  org.opensearch.indexmanagement.indexstatemanagement.resthandler.RestRemovePolicyAction$Companion
11251:             1             16  org.opensearch.indexmanagement.indexstatemanagement.resthandler.RestRetryFailedManagedIndexAction$Companion
11252:             1             16  org.opensearch.indexmanagement.indexstatemanagement.settings.LegacyOpenDistroManagedIndexSettings$Companion
11253:             1             16  org.opensearch.indexmanagement.indexstatemanagement.settings.ManagedIndexSettings$Companion
11254:             1             16  org.opensearch.indexmanagement.indexstatemanagement.transport.action.addpolicy.AddPolicyAction$$Lambda/0x00007fcd28ab3b10
11255:             1             16  org.opensearch.indexmanagement.indexstatemanagement.transport.action.addpolicy.AddPolicyAction$Companion
11256:             1             16  org.opensearch.indexmanagement.indexstatemanagement.transport.action.addpolicy.TransportAddPolicyAction$$Lambda/0x00007fcd28da95c0
11257:             1             16  org.opensearch.indexmanagement.indexstatemanagement.transport.action.addpolicy.TransportAddPolicyAction$$Lambda/0x00007fcd28da97d8
11258:             1             16  org.opensearch.indexmanagement.indexstatemanagement.transport.action.addpolicy.TransportAddPolicyAction$$Lambda/0x00007fcd28da9a08
11259:             1             16  org.opensearch.indexmanagement.indexstatemanagement.transport.action.addpolicy.TransportAddPolicyAction$$Lambda/0x00007fcd28da9c38
11260:             1             16  org.opensearch.indexmanagement.indexstatemanagement.transport.action.addpolicy.TransportAddPolicyAction$Companion
11261:             1             16  org.opensearch.indexmanagement.indexstatemanagement.transport.action.changepolicy.ChangePolicyAction$$Lambda/0x00007fcd28c38c68
11262:             1             16  org.opensearch.indexmanagement.indexstatemanagement.transport.action.changepolicy.ChangePolicyAction$Companion
11263:             1             16  org.opensearch.indexmanagement.indexstatemanagement.transport.action.changepolicy.TransportChangePolicyAction$$Lambda/0x00007fcd28daba00
11264:             1             16  org.opensearch.indexmanagement.indexstatemanagement.transport.action.changepolicy.TransportChangePolicyAction$$Lambda/0x00007fcd28dabc18
11265:             1             16  org.opensearch.indexmanagement.indexstatemanagement.transport.action.deletepolicy.DeletePolicyAction$$Lambda/0x00007fcd28c3aa58
11266:             1             16  org.opensearch.indexmanagement.indexstatemanagement.transport.action.deletepolicy.DeletePolicyAction$Companion
11267:             1             16  org.opensearch.indexmanagement.indexstatemanagement.transport.action.deletepolicy.TransportDeletePolicyAction$$Lambda/0x00007fcd28f07b98
11268:             1             16  org.opensearch.indexmanagement.indexstatemanagement.transport.action.deletepolicy.TransportDeletePolicyAction$$Lambda/0x00007fcd28f07db0
11269:             1             16  org.opensearch.indexmanagement.indexstatemanagement.transport.action.explain.ExplainAction$$Lambda/0x00007fcd28c3a210
11270:             1             16  org.opensearch.indexmanagement.indexstatemanagement.transport.action.explain.ExplainAction$Companion
11271:             1             16  org.opensearch.indexmanagement.indexstatemanagement.transport.action.explain.TransportExplainAction$$Lambda/0x00007fcd28f07768
11272:             1             16  org.opensearch.indexmanagement.indexstatemanagement.transport.action.explain.TransportExplainAction$Companion
11273:             1             16  org.opensearch.indexmanagement.indexstatemanagement.transport.action.getpolicy.GetPoliciesAction$$Lambda/0x00007fcd28c3bff8
11274:             1             16  org.opensearch.indexmanagement.indexstatemanagement.transport.action.getpolicy.GetPoliciesAction$Companion
11275:             1             16  org.opensearch.indexmanagement.indexstatemanagement.transport.action.getpolicy.GetPolicyAction$$Lambda/0x00007fcd28c3b528
11276:             1             16  org.opensearch.indexmanagement.indexstatemanagement.transport.action.getpolicy.GetPolicyAction$Companion
11277:             1             16  org.opensearch.indexmanagement.indexstatemanagement.transport.action.getpolicy.TransportGetPoliciesAction$$Lambda/0x00007fcd28daa2b0
11278:             1             16  org.opensearch.indexmanagement.indexstatemanagement.transport.action.getpolicy.TransportGetPoliciesAction$$Lambda/0x00007fcd28daa4c8
11279:             1             16  org.opensearch.indexmanagement.indexstatemanagement.transport.action.getpolicy.TransportGetPolicyAction$$Lambda/0x00007fcd28f06ef0
11280:             1             16  org.opensearch.indexmanagement.indexstatemanagement.transport.action.getpolicy.TransportGetPolicyAction$$Lambda/0x00007fcd28f07108
11281:             1             16  org.opensearch.indexmanagement.indexstatemanagement.transport.action.indexpolicy.IndexPolicyAction$$Lambda/0x00007fcd28c39738
11282:             1             16  org.opensearch.indexmanagement.indexstatemanagement.transport.action.indexpolicy.IndexPolicyAction$Companion
11283:             1             16  org.opensearch.indexmanagement.indexstatemanagement.transport.action.indexpolicy.TransportIndexPolicyAction$$Lambda/0x00007fcd28f548d0
11284:             1             16  org.opensearch.indexmanagement.indexstatemanagement.transport.action.indexpolicy.TransportIndexPolicyAction$$Lambda/0x00007fcd28f54ae8
11285:             1             16  org.opensearch.indexmanagement.indexstatemanagement.transport.action.managedIndex.ManagedIndexAction$$Lambda/0x00007fcd28c46448
11286:             1             16  org.opensearch.indexmanagement.indexstatemanagement.transport.action.managedIndex.ManagedIndexAction$Companion
11287:             1             16  org.opensearch.indexmanagement.indexstatemanagement.transport.action.managedIndex.TransportManagedIndexAction$$Lambda/0x00007fcd28f06230
11288:             1             16  org.opensearch.indexmanagement.indexstatemanagement.transport.action.removepolicy.RemovePolicyAction$$Lambda/0x00007fcd28ab2770
11289:             1             16  org.opensearch.indexmanagement.indexstatemanagement.transport.action.removepolicy.RemovePolicyAction$Companion
11290:             1             16  org.opensearch.indexmanagement.indexstatemanagement.transport.action.removepolicy.TransportRemovePolicyAction$$Lambda/0x00007fcd28f06448
11291:             1             16  org.opensearch.indexmanagement.indexstatemanagement.transport.action.retryfailedmanagedindex.RetryFailedManagedIndexAction$$Lambda/0x00007fcd28c38420
11292:             1             16  org.opensearch.indexmanagement.indexstatemanagement.transport.action.retryfailedmanagedindex.RetryFailedManagedIndexAction$Companion
11293:             1             16  org.opensearch.indexmanagement.indexstatemanagement.transport.action.retryfailedmanagedindex.TransportRetryFailedManagedIndexAction$$Lambda/0x00007fcd28f55e38
11294:             1             16  org.opensearch.indexmanagement.indexstatemanagement.transport.action.updateindexmetadata.TransportUpdateManagedIndexMetaDataAction$$Lambda/0x00007fcd28f54000
11295:             1             16  org.opensearch.indexmanagement.indexstatemanagement.transport.action.updateindexmetadata.TransportUpdateManagedIndexMetaDataAction$Companion
11296:             1             16  org.opensearch.indexmanagement.indexstatemanagement.transport.action.updateindexmetadata.TransportUpdateManagedIndexMetaDataAction$ManagedIndexMetaDataExecutor
11297:             1             16  org.opensearch.indexmanagement.indexstatemanagement.transport.action.updateindexmetadata.UpdateManagedIndexMetaDataAction$$Lambda/0x00007fcd28ab1c38
11298:             1             16  org.opensearch.indexmanagement.indexstatemanagement.transport.action.updateindexmetadata.UpdateManagedIndexMetaDataAction$Companion
11299:             1             16  org.opensearch.indexmanagement.refreshanalyzer.RefreshSearchAnalyzerAction$$Lambda/0x00007fcd28ab3278
11300:             1             16  org.opensearch.indexmanagement.refreshanalyzer.RefreshSearchAnalyzerAction$Companion
11301:             1             16  org.opensearch.indexmanagement.refreshanalyzer.RestRefreshSearchAnalyzerAction$Companion
11302:             1             16  org.opensearch.indexmanagement.refreshanalyzer.TransportRefreshSearchAnalyzerAction$$Lambda/0x00007fcd28dab7e8
11303:             1             16  org.opensearch.indexmanagement.rollup.RollupIndexer$$Lambda/0x00007fcd28aa92c8
11304:             1             16  org.opensearch.indexmanagement.rollup.RollupMapperService$Companion
11305:             1             16  org.opensearch.indexmanagement.rollup.RollupRunner
11306:             1             16  org.opensearch.indexmanagement.rollup.RollupSearchService$$Lambda/0x00007fcd28aa9700
11307:             1             16  org.opensearch.indexmanagement.rollup.RollupSearchService$$Lambda/0x00007fcd28aa9930
11308:             1             16  org.opensearch.indexmanagement.rollup.action.delete.DeleteRollupAction$$Lambda/0x00007fcd28c3c840
11309:             1             16  org.opensearch.indexmanagement.rollup.action.delete.DeleteRollupAction$Companion
11310:             1             16  org.opensearch.indexmanagement.rollup.action.delete.TransportDeleteRollupAction$$Lambda/0x00007fcd28f56498
11311:             1             16  org.opensearch.indexmanagement.rollup.action.delete.TransportDeleteRollupAction$$Lambda/0x00007fcd28f566b0
11312:             1             16  org.opensearch.indexmanagement.rollup.action.explain.ExplainRollupAction$$Lambda/0x00007fcd28c40480
11313:             1             16  org.opensearch.indexmanagement.rollup.action.explain.ExplainRollupAction$Companion
11314:             1             16  org.opensearch.indexmanagement.rollup.action.explain.TransportExplainRollupAction$$Lambda/0x00007fcd28da86d0
11315:             1             16  org.opensearch.indexmanagement.rollup.action.explain.TransportExplainRollupAction$$Lambda/0x00007fcd28da88e8
11316:             1             16  org.opensearch.indexmanagement.rollup.action.get.GetRollupAction$$Lambda/0x00007fcd28c3d310
11317:             1             16  org.opensearch.indexmanagement.rollup.action.get.GetRollupAction$Companion
11318:             1             16  org.opensearch.indexmanagement.rollup.action.get.GetRollupsAction$$Lambda/0x00007fcd28c3dde0
11319:             1             16  org.opensearch.indexmanagement.rollup.action.get.GetRollupsAction$Companion
11320:             1             16  org.opensearch.indexmanagement.rollup.action.get.TransportGetRollupAction$$Lambda/0x00007fcd28ef7cc0
11321:             1             16  org.opensearch.indexmanagement.rollup.action.get.TransportGetRollupAction$$Lambda/0x00007fcd28f06000
11322:             1             16  org.opensearch.indexmanagement.rollup.action.get.TransportGetRollupsAction$$Lambda/0x00007fcd28daad40
11323:             1             16  org.opensearch.indexmanagement.rollup.action.get.TransportGetRollupsAction$$Lambda/0x00007fcd28daaf58
11324:             1             16  org.opensearch.indexmanagement.rollup.action.index.IndexRollupAction$$Lambda/0x00007fcd28c3e8b0
11325:             1             16  org.opensearch.indexmanagement.rollup.action.index.IndexRollupAction$Companion
11326:             1             16  org.opensearch.indexmanagement.rollup.action.index.TransportIndexRollupAction$$Lambda/0x00007fcd28f55160
11327:             1             16  org.opensearch.indexmanagement.rollup.action.index.TransportIndexRollupAction$$Lambda/0x00007fcd28f55378
11328:             1             16  org.opensearch.indexmanagement.rollup.action.mapping.TransportUpdateRollupMappingAction$$Lambda/0x00007fcd28f07980
11329:             1             16  org.opensearch.indexmanagement.rollup.action.mapping.UpdateRollupMappingAction$$Lambda/0x00007fcd28c40cc8
11330:             1             16  org.opensearch.indexmanagement.rollup.action.mapping.UpdateRollupMappingAction$Companion
11331:             1             16  org.opensearch.indexmanagement.rollup.action.start.StartRollupAction$$Lambda/0x00007fcd28c3f0f8
11332:             1             16  org.opensearch.indexmanagement.rollup.action.start.StartRollupAction$Companion
11333:             1             16  org.opensearch.indexmanagement.rollup.action.start.TransportStartRollupAction$$Lambda/0x00007fcd28f56d28
11334:             1             16  org.opensearch.indexmanagement.rollup.action.start.TransportStartRollupAction$$Lambda/0x00007fcd28f56f40
11335:             1             16  org.opensearch.indexmanagement.rollup.action.stop.StopRollupAction$$Lambda/0x00007fcd28c3f940
11336:             1             16  org.opensearch.indexmanagement.rollup.action.stop.StopRollupAction$Companion
11337:             1             16  org.opensearch.indexmanagement.rollup.action.stop.TransportStopRollupAction$$Lambda/0x00007fcd28da9e68
11338:             1             16  org.opensearch.indexmanagement.rollup.action.stop.TransportStopRollupAction$$Lambda/0x00007fcd28daa080
11339:             1             16  org.opensearch.indexmanagement.rollup.actionfilter.FieldCapsFilter$$Lambda/0x00007fcd28aa7630
11340:             1             16  org.opensearch.indexmanagement.rollup.interceptor.RollupInterceptor$$Lambda/0x00007fcd28585e40
11341:             1             16  org.opensearch.indexmanagement.rollup.interceptor.RollupInterceptor$$Lambda/0x00007fcd28586070
11342:             1             16  org.opensearch.indexmanagement.rollup.settings.LegacyOpenDistroRollupSettings$Companion
11343:             1             16  org.opensearch.indexmanagement.rollup.settings.RollupSettings$Companion
11344:             1             16  org.opensearch.indexmanagement.rollup.util.QueryShardContextFactory
11345:             1             16  org.opensearch.indexmanagement.rollup.util.RollupFieldValueExpressionResolver
11346:             1             16  org.opensearch.indexmanagement.rollup.util.RollupFieldValueExpressionResolver$IndexAliasUtils
11347:             1             16  org.opensearch.indexmanagement.settings.IndexManagementSettings$Companion
11348:             1             16  org.opensearch.indexmanagement.snapshotmanagement.SMRunner
11349:             1             16  org.opensearch.indexmanagement.snapshotmanagement.api.transport.SMActions
11350:             1             16  org.opensearch.indexmanagement.snapshotmanagement.api.transport.SMActions$$Lambda/0x00007fcd28c46cf8
11351:             1             16  org.opensearch.indexmanagement.snapshotmanagement.api.transport.SMActions$$Lambda/0x00007fcd28c47198
11352:             1             16  org.opensearch.indexmanagement.snapshotmanagement.api.transport.SMActions$$Lambda/0x00007fcd28c47638
11353:             1             16  org.opensearch.indexmanagement.snapshotmanagement.api.transport.SMActions$$Lambda/0x00007fcd28c47850
11354:             1             16  org.opensearch.indexmanagement.snapshotmanagement.api.transport.SMActions$$Lambda/0x00007fcd28c47ce8
11355:             1             16  org.opensearch.indexmanagement.snapshotmanagement.api.transport.SMActions$$Lambda/0x00007fcd28c48000
11356:             1             16  org.opensearch.indexmanagement.snapshotmanagement.api.transport.SMActions$$Lambda/0x00007fcd28c48218
11357:             1             16  org.opensearch.indexmanagement.snapshotmanagement.api.transport.delete.TransportDeleteSMPolicyAction$$Lambda/0x00007fcd28f06660
11358:             1             16  org.opensearch.indexmanagement.snapshotmanagement.api.transport.delete.TransportDeleteSMPolicyAction$$Lambda/0x00007fcd28f06878
11359:             1             16  org.opensearch.indexmanagement.snapshotmanagement.api.transport.delete.TransportDeleteSMPolicyAction$Companion
11360:             1             16  org.opensearch.indexmanagement.snapshotmanagement.api.transport.explain.TransportExplainSMAction$$Lambda/0x00007fcd28f54488
11361:             1             16  org.opensearch.indexmanagement.snapshotmanagement.api.transport.explain.TransportExplainSMAction$$Lambda/0x00007fcd28f546a0
11362:             1             16  org.opensearch.indexmanagement.snapshotmanagement.api.transport.get.TransportGetSMPoliciesAction$$Lambda/0x00007fcd28f54d18
11363:             1             16  org.opensearch.indexmanagement.snapshotmanagement.api.transport.get.TransportGetSMPoliciesAction$$Lambda/0x00007fcd28f54f30
11364:             1             16  org.opensearch.indexmanagement.snapshotmanagement.api.transport.get.TransportGetSMPolicyAction$$Lambda/0x00007fcd28f06aa8
11365:             1             16  org.opensearch.indexmanagement.snapshotmanagement.api.transport.get.TransportGetSMPolicyAction$$Lambda/0x00007fcd28f06cc0
11366:             1             16  org.opensearch.indexmanagement.snapshotmanagement.api.transport.index.TransportIndexSMPolicyAction$$Lambda/0x00007fcd28daa6f8
11367:             1             16  org.opensearch.indexmanagement.snapshotmanagement.api.transport.index.TransportIndexSMPolicyAction$$Lambda/0x00007fcd28daab10
11368:             1             16  org.opensearch.indexmanagement.snapshotmanagement.api.transport.start.TransportStartSMAction$$Lambda/0x00007fcd28ef7878
11369:             1             16  org.opensearch.indexmanagement.snapshotmanagement.api.transport.start.TransportStartSMAction$$Lambda/0x00007fcd28ef7a90
11370:             1             16  org.opensearch.indexmanagement.snapshotmanagement.api.transport.start.TransportStartSMAction$Companion
11371:             1             16  org.opensearch.indexmanagement.snapshotmanagement.api.transport.stop.TransportStopSMAction$$Lambda/0x00007fcd28ef7430
11372:             1             16  org.opensearch.indexmanagement.snapshotmanagement.api.transport.stop.TransportStopSMAction$$Lambda/0x00007fcd28ef7648
11373:             1             16  org.opensearch.indexmanagement.snapshotmanagement.api.transport.stop.TransportStopSMAction$Companion
11374:             1             16  org.opensearch.indexmanagement.snapshotmanagement.settings.SnapshotManagementSettings$Companion
11375:             1             16  org.opensearch.indexmanagement.transform.TargetIndexMappingService
11376:             1             16  org.opensearch.indexmanagement.transform.TransformIndexer$$Lambda/0x00007fcd28aa6718
11377:             1             16  org.opensearch.indexmanagement.transform.TransformRunner
11378:             1             16  org.opensearch.indexmanagement.transform.TransformSearchService$$Lambda/0x00007fcd28aa59f8
11379:             1             16  org.opensearch.indexmanagement.transform.TransformSearchService$$Lambda/0x00007fcd28aa5c28
11380:             1             16  org.opensearch.indexmanagement.transform.TransformSearchService$Companion
11381:             1             16  org.opensearch.indexmanagement.transform.TransformValidator$$Lambda/0x00007fcd28aa6fa8
11382:             1             16  org.opensearch.indexmanagement.transform.TransformValidator$$Lambda/0x00007fcd28aa71d8
11383:             1             16  org.opensearch.indexmanagement.transform.TransformValidator$Companion
11384:             1             16  org.opensearch.indexmanagement.transform.action.delete.DeleteTransformsAction$$Lambda/0x00007fcd28c440a8
11385:             1             16  org.opensearch.indexmanagement.transform.action.delete.DeleteTransformsAction$Companion
11386:             1             16  org.opensearch.indexmanagement.transform.action.delete.TransportDeleteTransformsAction$$Lambda/0x00007fcd28dab188
11387:             1             16  org.opensearch.indexmanagement.transform.action.delete.TransportDeleteTransformsAction$$Lambda/0x00007fcd28dab3a0
11388:             1             16  org.opensearch.indexmanagement.transform.action.explain.ExplainTransformAction$$Lambda/0x00007fcd28c44b70
11389:             1             16  org.opensearch.indexmanagement.transform.action.explain.ExplainTransformAction$Companion
11390:             1             16  org.opensearch.indexmanagement.transform.action.explain.TransportExplainTransformAction$$Lambda/0x00007fcd28f568e0
11391:             1             16  org.opensearch.indexmanagement.transform.action.explain.TransportExplainTransformAction$$Lambda/0x00007fcd28f56af8
11392:             1             16  org.opensearch.indexmanagement.transform.action.get.GetTransformAction$$Lambda/0x00007fcd28c422c8
11393:             1             16  org.opensearch.indexmanagement.transform.action.get.GetTransformAction$Companion
11394:             1             16  org.opensearch.indexmanagement.transform.action.get.GetTransformsAction$$Lambda/0x00007fcd28c42d98
11395:             1             16  org.opensearch.indexmanagement.transform.action.get.GetTransformsAction$Companion
11396:             1             16  org.opensearch.indexmanagement.transform.action.get.TransportGetTransformAction$$Lambda/0x00007fcd28f56050
11397:             1             16  org.opensearch.indexmanagement.transform.action.get.TransportGetTransformAction$$Lambda/0x00007fcd28f56268
11398:             1             16  org.opensearch.indexmanagement.transform.action.get.TransportGetTransformsAction$$Lambda/0x00007fcd28da9178
11399:             1             16  org.opensearch.indexmanagement.transform.action.get.TransportGetTransformsAction$$Lambda/0x00007fcd28da9390
11400:             1             16  org.opensearch.indexmanagement.transform.action.index.IndexTransformAction$$Lambda/0x00007fcd28c417f8
11401:             1             16  org.opensearch.indexmanagement.transform.action.index.IndexTransformAction$Companion
11402:             1             16  org.opensearch.indexmanagement.transform.action.index.TransportIndexTransformAction$$Lambda/0x00007fcd28f555a8
11403:             1             16  org.opensearch.indexmanagement.transform.action.index.TransportIndexTransformAction$$Lambda/0x00007fcd28f557c0
11404:             1             16  org.opensearch.indexmanagement.transform.action.preview.PreviewTransformAction$$Lambda/0x00007fcd28c43860
11405:             1             16  org.opensearch.indexmanagement.transform.action.preview.PreviewTransformAction$Companion
11406:             1             16  org.opensearch.indexmanagement.transform.action.preview.TransportPreviewTransformAction$$Lambda/0x00007fcd28ef7000
11407:             1             16  org.opensearch.indexmanagement.transform.action.start.StartTransformAction$$Lambda/0x00007fcd28c453b8
11408:             1             16  org.opensearch.indexmanagement.transform.action.start.StartTransformAction$Companion
11409:             1             16  org.opensearch.indexmanagement.transform.action.start.TransportStartTransformAction$$Lambda/0x00007fcd28f559f0
11410:             1             16  org.opensearch.indexmanagement.transform.action.start.TransportStartTransformAction$$Lambda/0x00007fcd28f55c08
11411:             1             16  org.opensearch.indexmanagement.transform.action.stop.StopTransformAction$$Lambda/0x00007fcd28c45c00
11412:             1             16  org.opensearch.indexmanagement.transform.action.stop.StopTransformAction$Companion
11413:             1             16  org.opensearch.indexmanagement.transform.action.stop.TransportStopTransformAction$$Lambda/0x00007fcd28da8d30
11414:             1             16  org.opensearch.indexmanagement.transform.action.stop.TransportStopTransformAction$$Lambda/0x00007fcd28da8f48
11415:             1             16  org.opensearch.indexmanagement.transform.settings.TransformSettings$Companion
11416:             1             16  org.opensearch.indices.IndicesModule$$Lambda/0x00007fcd2874a0e8
11417:             1             16  org.opensearch.indices.IndicesModule$$Lambda/0x00007fcd2874a300
11418:             1             16  org.opensearch.indices.IndicesModule$$Lambda/0x00007fcd2874a518
11419:             1             16  org.opensearch.indices.IndicesModule$$Lambda/0x00007fcd2888d5d0
11420:             1             16  org.opensearch.indices.IndicesModule$$Lambda/0x00007fcd2888d7e8
11421:             1             16  org.opensearch.indices.IndicesModule$$Lambda/0x00007fcd2888da00
11422:             1             16  org.opensearch.indices.IndicesRequestCache$$Lambda/0x00007fcd2863ca38
11423:             1             16  org.opensearch.indices.IndicesRequestCache$$Lambda/0x00007fcd288c4140
11424:             1             16  org.opensearch.indices.IndicesRequestCache$$Lambda/0x00007fcd288c4838
11425:             1             16  org.opensearch.indices.IndicesRequestCache$$Lambda/0x00007fcd288c4f08
11426:             1             16  org.opensearch.indices.IndicesRequestCache$IndicesRequestCacheCleanupManager$$Lambda/0x00007fcd293d86c8
11427:             1             16  org.opensearch.indices.IndicesRequestCache$IndicesRequestCacheCleanupManager$$Lambda/0x00007fcd293d8900
11428:             1             16  org.opensearch.indices.IndicesRequestCache$IndicesRequestCacheCleanupManager$$Lambda/0x00007fcd293d8fb8
11429:             1             16  org.opensearch.indices.IndicesRequestCache$IndicesRequestCacheCleanupManager$$Lambda/0x00007fcd293d91e0
11430:             1             16  org.opensearch.indices.IndicesService$$Lambda/0x00007fcd2863d920
11431:             1             16  org.opensearch.indices.IndicesService$$Lambda/0x00007fcd288c38a8
11432:             1             16  org.opensearch.indices.IndicesService$$Lambda/0x00007fcd288c3ac8
11433:             1             16  org.opensearch.indices.IndicesService$$Lambda/0x00007fcd288c3ce0
11434:             1             16  org.opensearch.indices.IndicesService$$Lambda/0x00007fcd288c7868
11435:             1             16  org.opensearch.indices.IndicesService$$Lambda/0x00007fcd288c7cc8
11436:             1             16  org.opensearch.indices.IndicesService$$Lambda/0x00007fcd288c84a0
11437:             1             16  org.opensearch.indices.IndicesService$$Lambda/0x00007fcd288c8900
11438:             1             16  org.opensearch.indices.IndicesService$$Lambda/0x00007fcd2924c470
11439:             1             16  org.opensearch.indices.IndicesService$ClusterDefaultRefreshIntervalValidator
11440:             1             16  org.opensearch.indices.IndicesService$ClusterMinimumRefreshIntervalValidator
11441:             1             16  org.opensearch.indices.RemoteStoreSettings$$Lambda/0x00007fcd28705d50
11442:             1             16  org.opensearch.indices.RemoteStoreSettings$$Lambda/0x00007fcd28705f98
11443:             1             16  org.opensearch.indices.RemoteStoreSettings$$Lambda/0x00007fcd287061d0
11444:             1             16  org.opensearch.indices.RemoteStoreSettings$$Lambda/0x00007fcd28706408
11445:             1             16  org.opensearch.indices.RemoteStoreSettings$$Lambda/0x00007fcd288bcea8
11446:             1             16  org.opensearch.indices.RemoteStoreSettings$$Lambda/0x00007fcd288bd0d8
11447:             1             16  org.opensearch.indices.RemoteStoreSettings$$Lambda/0x00007fcd288bd308
11448:             1             16  org.opensearch.indices.RemoteStoreSettings$$Lambda/0x00007fcd288bd7a8
11449:             1             16  org.opensearch.indices.RemoteStoreSettings$$Lambda/0x00007fcd288bd9d8
11450:             1             16  org.opensearch.indices.RemoteStoreSettings$$Lambda/0x00007fcd288bdc08
11451:             1             16  org.opensearch.indices.RemoteStoreSettings$$Lambda/0x00007fcd288bde38
11452:             1             16  org.opensearch.indices.RemoteStoreSettings$$Lambda/0x00007fcd288be068
11453:             1             16  org.opensearch.indices.ShardLimitValidator$$Lambda/0x00007fcd288cb1d8
11454:             1             16  org.opensearch.indices.ShardLimitValidator$$Lambda/0x00007fcd288cb408
11455:             1             16  org.opensearch.indices.ShardLimitValidator$$Lambda/0x00007fcd288cb638
11456:             1             16  org.opensearch.indices.ShardLimitValidator$MaxShardPerClusterLimitValidator
11457:             1             16  org.opensearch.indices.ShardLimitValidator$MaxShardPerNodeLimitValidator
11458:             1             16  org.opensearch.indices.SystemIndices$$Lambda/0x00007fcd288b52a0
11459:             1             16  org.opensearch.indices.SystemIndices$$Lambda/0x00007fcd288b54d8
11460:             1             16  org.opensearch.indices.SystemIndices$$Lambda/0x00007fcd288b6af8
11461:             1             16  org.opensearch.indices.SystemIndices$$Lambda/0x00007fcd288b6d30
11462:             1             16  org.opensearch.indices.SystemIndices$$Lambda/0x00007fcd288b6f68
11463:             1             16  org.opensearch.indices.analysis.AnalysisModule$$Lambda/0x00007fcd28655540
11464:             1             16  org.opensearch.indices.analysis.AnalysisModule$$Lambda/0x00007fcd28656e08
11465:             1             16  org.opensearch.indices.analysis.AnalysisModule$$Lambda/0x00007fcd2865c000
11466:             1             16  org.opensearch.indices.analysis.AnalysisModule$$Lambda/0x00007fcd2865c740
11467:             1             16  org.opensearch.indices.analysis.AnalysisModule$$Lambda/0x00007fcd2865c978
11468:             1             16  org.opensearch.indices.analysis.AnalysisModule$$Lambda/0x00007fcd2865cbb8
11469:             1             16  org.opensearch.indices.analysis.AnalysisModule$$Lambda/0x00007fcd2867da38
11470:             1             16  org.opensearch.indices.analysis.AnalysisModule$$Lambda/0x00007fcd2867dc70
11471:             1             16  org.opensearch.indices.analysis.AnalysisModule$$Lambda/0x00007fcd28688518
11472:             1             16  org.opensearch.indices.analysis.AnalysisModule$$Lambda/0x00007fcd28688750
11473:             1             16  org.opensearch.indices.analysis.AnalysisModule$$Lambda/0x00007fcd28688e90
11474:             1             16  org.opensearch.indices.analysis.AnalysisModule$$Lambda/0x00007fcd286895d8
11475:             1             16  org.opensearch.indices.analysis.AnalysisModule$$Lambda/0x00007fcd28689d18
11476:             1             16  org.opensearch.indices.analysis.AnalysisModule$$Lambda/0x00007fcd2868a1e0
11477:             1             16  org.opensearch.indices.analysis.AnalysisModule$$Lambda/0x00007fcd2868a418
11478:             1             16  org.opensearch.indices.analysis.AnalysisModule$$Lambda/0x00007fcd2869c508
11479:             1             16  org.opensearch.indices.analysis.AnalysisModule$$Lambda/0x00007fcd2869db00
11480:             1             16  org.opensearch.indices.analysis.AnalysisModule$$Lambda/0x00007fcd2869e1c8
11481:             1             16  org.opensearch.indices.analysis.AnalysisModule$$Lambda/0x00007fcd2869f608
11482:             1             16  org.opensearch.indices.analysis.AnalysisModule$1
11483:             1             16  org.opensearch.indices.breaker.BreakerSettings$$Lambda/0x00007fcd286c9680
11484:             1             16  org.opensearch.indices.breaker.BreakerSettings$$Lambda/0x00007fcd286c98b8
11485:             1             16  org.opensearch.indices.breaker.BreakerSettings$$Lambda/0x00007fcd286c9af0
11486:             1             16  org.opensearch.indices.breaker.BreakerSettings$$Lambda/0x00007fcd286c9f68
11487:             1             16  org.opensearch.indices.breaker.BreakerSettings$$Lambda/0x00007fcd286ca1a0
11488:             1             16  org.opensearch.indices.breaker.HierarchyCircuitBreakerService$$Lambda/0x00007fcd286d55d8
11489:             1             16  org.opensearch.indices.breaker.HierarchyCircuitBreakerService$$Lambda/0x00007fcd286d5810
11490:             1             16  org.opensearch.indices.breaker.HierarchyCircuitBreakerService$$Lambda/0x00007fcd286d5a48
11491:             1             16  org.opensearch.indices.breaker.HierarchyCircuitBreakerService$$Lambda/0x00007fcd286d5c80
11492:             1             16  org.opensearch.indices.breaker.HierarchyCircuitBreakerService$$Lambda/0x00007fcd28870438
11493:             1             16  org.opensearch.indices.breaker.HierarchyCircuitBreakerService$$Lambda/0x00007fcd28871538
11494:             1             16  org.opensearch.indices.breaker.HierarchyCircuitBreakerService$$Lambda/0x00007fcd28871768
11495:             1             16  org.opensearch.indices.breaker.HierarchyCircuitBreakerService$$Lambda/0x00007fcd28871998
11496:             1             16  org.opensearch.indices.breaker.HierarchyCircuitBreakerService$$Lambda/0x00007fcd28871bc8
11497:             1             16  org.opensearch.indices.breaker.HierarchyCircuitBreakerService$$Lambda/0x00007fcd28871df8
11498:             1             16  org.opensearch.indices.breaker.HierarchyCircuitBreakerService$$Lambda/0x00007fcd28872028
11499:             1             16  org.opensearch.indices.breaker.HierarchyCircuitBreakerService$$Lambda/0x00007fcd28872258
11500:             1             16  org.opensearch.indices.breaker.HierarchyCircuitBreakerService$$Lambda/0x00007fcd288731d8
11501:             1             16  org.opensearch.indices.breaker.HierarchyCircuitBreakerService$$Lambda/0x00007fcd288733f0
11502:             1             16  org.opensearch.indices.breaker.HierarchyCircuitBreakerService$$Lambda/0x00007fcd28873838
11503:             1             16  org.opensearch.indices.breaker.HierarchyCircuitBreakerService$$Lambda/0x00007fcd28873a58
11504:             1             16  org.opensearch.indices.cluster.IndicesClusterStateService$$Lambda/0x00007fcd28dccca8
11505:             1             16  org.opensearch.indices.cluster.IndicesClusterStateService$$Lambda/0x00007fcd28dccec0
11506:             1             16  org.opensearch.indices.cluster.IndicesClusterStateService$$Lambda/0x00007fcd2923ea88
11507:             1             16  org.opensearch.indices.cluster.IndicesClusterStateService$FailedShardHandler
11508:             1             16  org.opensearch.indices.recovery.MultiChunkTransfer$$Lambda/0x00007fcd29394890
11509:             1             16  org.opensearch.indices.recovery.PeerRecoverySourceService$$Lambda/0x00007fcd28d27a10
11510:             1             16  org.opensearch.indices.recovery.PeerRecoverySourceService$$Lambda/0x00007fcd28d282b8
11511:             1             16  org.opensearch.indices.recovery.PeerRecoverySourceService$OngoingRecoveries$$Lambda/0x00007fcd293854e8
11512:             1             16  org.opensearch.indices.recovery.PeerRecoverySourceService$ReestablishRecoveryTransportRequestHandler
11513:             1             16  org.opensearch.indices.recovery.PeerRecoverySourceService$StartRecoveryTransportRequestHandler
11514:             1             16  org.opensearch.indices.recovery.PeerRecoveryTargetService$$Lambda/0x00007fcd28d299e8
11515:             1             16  org.opensearch.indices.recovery.PeerRecoveryTargetService$$Lambda/0x00007fcd28d2a0d8
11516:             1             16  org.opensearch.indices.recovery.PeerRecoveryTargetService$$Lambda/0x00007fcd28d2a7f0
11517:             1             16  org.opensearch.indices.recovery.PeerRecoveryTargetService$$Lambda/0x00007fcd28d2aef8
11518:             1             16  org.opensearch.indices.recovery.PeerRecoveryTargetService$$Lambda/0x00007fcd28d2b628
11519:             1             16  org.opensearch.indices.recovery.PeerRecoveryTargetService$$Lambda/0x00007fcd28d2bf48
11520:             1             16  org.opensearch.indices.recovery.PeerRecoveryTargetService$$Lambda/0x00007fcd28d2c648
11521:             1             16  org.opensearch.indices.recovery.PeerRecoveryTargetService$CleanFilesRequestHandler
11522:             1             16  org.opensearch.indices.recovery.PeerRecoveryTargetService$FilesInfoRequestHandler
11523:             1             16  org.opensearch.indices.recovery.PeerRecoveryTargetService$FinalizeRecoveryRequestHandler
11524:             1             16  org.opensearch.indices.recovery.PeerRecoveryTargetService$HandoffPrimaryContextRequestHandler
11525:             1             16  org.opensearch.indices.recovery.PeerRecoveryTargetService$PrepareForTranslogOperationsRequestHandler
11526:             1             16  org.opensearch.indices.recovery.PeerRecoveryTargetService$TranslogOperationsRequestHandler
11527:             1             16  org.opensearch.indices.recovery.RecoveryResponse$$Lambda/0x00007fcd29370df8
11528:             1             16  org.opensearch.indices.recovery.RecoveryResponse$$Lambda/0x00007fcd29371ca0
11529:             1             16  org.opensearch.indices.recovery.RecoveryResponse$$Lambda/0x00007fcd29393470
11530:             1             16  org.opensearch.indices.recovery.RecoveryResponse$$Lambda/0x00007fcd293938a0
11531:             1             16  org.opensearch.indices.recovery.RecoverySettings$$Lambda/0x00007fcd286ce7b8
11532:             1             16  org.opensearch.indices.recovery.RecoverySettings$$Lambda/0x00007fcd286ce9f0
11533:             1             16  org.opensearch.indices.recovery.RecoverySettings$$Lambda/0x00007fcd286cec28
11534:             1             16  org.opensearch.indices.recovery.RecoverySettings$$Lambda/0x00007fcd286cee60
11535:             1             16  org.opensearch.indices.recovery.RecoverySettings$$Lambda/0x00007fcd288bb238
11536:             1             16  org.opensearch.indices.recovery.RecoverySettings$$Lambda/0x00007fcd288bb468
11537:             1             16  org.opensearch.indices.recovery.RecoverySettings$$Lambda/0x00007fcd288bb698
11538:             1             16  org.opensearch.indices.recovery.RecoverySettings$$Lambda/0x00007fcd288bb8c8
11539:             1             16  org.opensearch.indices.recovery.RecoverySettings$$Lambda/0x00007fcd288bbaf8
11540:             1             16  org.opensearch.indices.recovery.RecoverySettings$$Lambda/0x00007fcd288bbd28
11541:             1             16  org.opensearch.indices.recovery.RecoverySettings$$Lambda/0x00007fcd288bbf58
11542:             1             16  org.opensearch.indices.recovery.RecoverySettings$$Lambda/0x00007fcd288bc188
11543:             1             16  org.opensearch.indices.recovery.RecoverySettings$$Lambda/0x00007fcd288bc3b8
11544:             1             16  org.opensearch.indices.recovery.RecoverySettings$$Lambda/0x00007fcd288bc5e8
11545:             1             16  org.opensearch.indices.recovery.RecoverySettings$$Lambda/0x00007fcd288bc818
11546:             1             16  org.opensearch.indices.recovery.RecoverySettings$$Lambda/0x00007fcd288bca48
11547:             1             16  org.opensearch.indices.recovery.RecoverySettings$$Lambda/0x00007fcd288bcc78
11548:             1             16  org.opensearch.indices.recovery.RemoteRecoveryTargetHandler$$Lambda/0x00007fcd293893b0
11549:             1             16  org.opensearch.indices.recovery.RemoteRecoveryTargetHandler$$Lambda/0x00007fcd293895c8
11550:             1             16  org.opensearch.indices.recovery.RemoteRecoveryTargetHandler$$Lambda/0x00007fcd29395c28
11551:             1             16  org.opensearch.indices.recovery.RemoteRecoveryTargetHandler$$Lambda/0x00007fcd29396058
11552:             1             16  org.opensearch.indices.recovery.RemoteRecoveryTargetHandler$$Lambda/0x00007fcd29396d78
11553:             1             16  org.opensearch.indices.recovery.RemoteRecoveryTargetHandler$$Lambda/0x00007fcd293971a8
11554:             1             16  org.opensearch.indices.replication.SegmentReplicationSourceService$$Lambda/0x00007fcd28d2fc20
11555:             1             16  org.opensearch.indices.replication.SegmentReplicationSourceService$$Lambda/0x00007fcd28d30748
11556:             1             16  org.opensearch.indices.replication.SegmentReplicationSourceService$$Lambda/0x00007fcd28d30b90
11557:             1             16  org.opensearch.indices.replication.SegmentReplicationSourceService$CheckpointInfoRequestHandler
11558:             1             16  org.opensearch.indices.replication.SegmentReplicationSourceService$GetSegmentFilesRequestHandler
11559:             1             16  org.opensearch.indices.replication.SegmentReplicationSourceService$UpdateVisibleCheckpointRequestHandler
11560:             1             16  org.opensearch.indices.replication.SegmentReplicationTargetService$$Lambda/0x00007fcd28d2ddb8
11561:             1             16  org.opensearch.indices.replication.SegmentReplicationTargetService$$Lambda/0x00007fcd28d2e4b0
11562:             1             16  org.opensearch.indices.replication.SegmentReplicationTargetService$ForceSyncTransportRequestHandler
11563:             1             16  org.opensearch.indices.replication.checkpoint.PublishCheckpointAction$$Lambda/0x00007fcd28dcc440
11564:             1             16  org.opensearch.indices.replication.checkpoint.PublishCheckpointAction$$Lambda/0x00007fcd28dcc658
11565:             1             16  org.opensearch.indices.replication.checkpoint.SegmentReplicationCheckpointPublisher$$Lambda/0x00007fcd28dcc870
11566:             1             16  org.opensearch.indices.replication.checkpoint.SegmentReplicationCheckpointPublisher$$Lambda/0x00007fcd28dcca88
11567:             1             16  org.opensearch.indices.replication.common.ReplicationTarget$$Lambda/0x00007fcd292c7ac8
11568:             1             16  org.opensearch.indices.store.IndicesStore$$Lambda/0x00007fcd28dbdf88
11569:             1             16  org.opensearch.indices.store.IndicesStore$ShardActiveRequestHandler
11570:             1             16  org.opensearch.indices.store.TransportNodesListShardStoreMetadata$$Lambda/0x00007fcd28da58e0
11571:             1             16  org.opensearch.indices.store.TransportNodesListShardStoreMetadata$$Lambda/0x00007fcd28da5af8
11572:             1             16  org.opensearch.indices.store.TransportNodesListShardStoreMetadata$$Lambda/0x00007fcd28da5d10
11573:             1             16  org.opensearch.indices.store.TransportNodesListShardStoreMetadataBatch$$Lambda/0x00007fcd28da7590
11574:             1             16  org.opensearch.indices.store.TransportNodesListShardStoreMetadataBatch$$Lambda/0x00007fcd28da77a8
11575:             1             16  org.opensearch.indices.store.TransportNodesListShardStoreMetadataBatch$$Lambda/0x00007fcd28da79c0
11576:             1             16  org.opensearch.ingest.DropProcessor$Factory
11577:             1             16  org.opensearch.ingest.IngestService$$Lambda/0x00007fcd288c9238
11578:             1             16  org.opensearch.ingest.IngestService$$Lambda/0x00007fcd288c9458
11579:             1             16  org.opensearch.ingest.PipelineProcessor$Factory
11580:             1             16  org.opensearch.ingest.common.AppendProcessor$Factory
11581:             1             16  org.opensearch.ingest.common.BytesProcessor$Factory
11582:             1             16  org.opensearch.ingest.common.CommunityIdProcessor$Factory
11583:             1             16  org.opensearch.ingest.common.ConvertProcessor$Factory
11584:             1             16  org.opensearch.ingest.common.CopyProcessor$Factory
11585:             1             16  org.opensearch.ingest.common.CsvProcessor$Factory
11586:             1             16  org.opensearch.ingest.common.DateIndexNameProcessor$Factory
11587:             1             16  org.opensearch.ingest.common.DateProcessor$Factory
11588:             1             16  org.opensearch.ingest.common.DissectProcessor$Factory
11589:             1             16  org.opensearch.ingest.common.DotExpanderProcessor$Factory
11590:             1             16  org.opensearch.ingest.common.FailProcessor$Factory
11591:             1             16  org.opensearch.ingest.common.ForEachProcessor$Factory
11592:             1             16  org.opensearch.ingest.common.GrokProcessorGetAction$$Lambda/0x00007fcd288ef370
11593:             1             16  org.opensearch.ingest.common.GrokProcessorGetAction$TransportAction$$Lambda/0x00007fcd288efa50
11594:             1             16  org.opensearch.ingest.common.GsubProcessor$Factory
11595:             1             16  org.opensearch.ingest.common.HtmlStripProcessor$Factory
11596:             1             16  org.opensearch.ingest.common.IngestCommonPlugin
11597:             1             16  org.opensearch.ingest.common.IngestCommonPlugin$$Lambda/0x00007fcd288ec8d0
11598:             1             16  org.opensearch.ingest.common.JoinProcessor$Factory
11599:             1             16  org.opensearch.ingest.common.JsonProcessor$Factory
11600:             1             16  org.opensearch.ingest.common.KeyValueProcessor$Factory
11601:             1             16  org.opensearch.ingest.common.LowercaseProcessor$Factory
11602:             1             16  org.opensearch.ingest.common.RemoveByPatternProcessor$Factory
11603:             1             16  org.opensearch.ingest.common.RemoveProcessor$Factory
11604:             1             16  org.opensearch.ingest.common.RenameProcessor$Factory
11605:             1             16  org.opensearch.ingest.common.ScriptProcessor$Factory
11606:             1             16  org.opensearch.ingest.common.SetProcessor$Factory
11607:             1             16  org.opensearch.ingest.common.SortProcessor$Factory
11608:             1             16  org.opensearch.ingest.common.SplitProcessor$Factory
11609:             1             16  org.opensearch.ingest.common.TrimProcessor$Factory
11610:             1             16  org.opensearch.ingest.common.URLDecodeProcessor$Factory
11611:             1             16  org.opensearch.ingest.common.UppercaseProcessor$Factory
11612:             1             16  org.opensearch.ingest.geoip.IngestGeoIpPlugin
11613:             1             16  org.opensearch.ingest.geoip.IngestGeoIpPlugin$GeoIpCache
11614:             1             16  org.opensearch.ingest.useragent.IngestUserAgentPlugin
11615:             1             16  org.opensearch.ingest.useragent.UserAgentCache
11616:             1             16  org.opensearch.ingest.useragent.UserAgentProcessor$Factory
11617:             1             16  org.opensearch.jobscheduler.JobSchedulerPlugin$$Lambda/0x00007fcd285276d8
11618:             1             16  org.opensearch.jobscheduler.scheduler.ScheduledJobInfo
11619:             1             16  org.opensearch.jobscheduler.sweeper.JobSweeper$$Lambda/0x00007fcd28972c00
11620:             1             16  org.opensearch.jobscheduler.sweeper.JobSweeper$$Lambda/0x00007fcd28973468
11621:             1             16  org.opensearch.jobscheduler.sweeper.JobSweeper$$Lambda/0x00007fcd28973698
11622:             1             16  org.opensearch.jobscheduler.sweeper.JobSweeper$$Lambda/0x00007fcd289738c8
11623:             1             16  org.opensearch.jobscheduler.sweeper.JobSweeper$$Lambda/0x00007fcd28973af8
11624:             1             16  org.opensearch.jobscheduler.sweeper.JobSweeper$$Lambda/0x00007fcd28973d28
11625:             1             16  org.opensearch.jobscheduler.sweeper.JobSweeper$$Lambda/0x00007fcd29004b40
11626:             1             16  org.opensearch.jobscheduler.sweeper.JobSweeper$$Lambda/0x00007fcd29004f80
11627:             1             16  org.opensearch.jobscheduler.sweeper.JobSweeper$$Lambda/0x00007fcd290051c8
11628:             1             16  org.opensearch.jobscheduler.sweeper.JobSweeper$$Lambda/0x00007fcd29005400
11629:             1             16  org.opensearch.jobscheduler.sweeper.JobSweeper$$Lambda/0x00007fcd29005888
11630:             1             16  org.opensearch.jobscheduler.sweeper.JobSweeper$$Lambda/0x00007fcd29005ac0
11631:             1             16  org.opensearch.join.ParentJoinPlugin
11632:             1             16  org.opensearch.join.ParentJoinPlugin$$Lambda/0x00007fcd2878d230
11633:             1             16  org.opensearch.join.ParentJoinPlugin$$Lambda/0x00007fcd2878d448
11634:             1             16  org.opensearch.join.ParentJoinPlugin$$Lambda/0x00007fcd2878da28
11635:             1             16  org.opensearch.join.ParentJoinPlugin$$Lambda/0x00007fcd2878dc40
11636:             1             16  org.opensearch.join.ParentJoinPlugin$$Lambda/0x00007fcd2878e388
11637:             1             16  org.opensearch.join.ParentJoinPlugin$$Lambda/0x00007fcd2878e5a0
11638:             1             16  org.opensearch.join.ParentJoinPlugin$$Lambda/0x00007fcd2878ee38
11639:             1             16  org.opensearch.join.ParentJoinPlugin$$Lambda/0x00007fcd2878f050
11640:             1             16  org.opensearch.join.ParentJoinPlugin$$Lambda/0x00007fcd2878f860
11641:             1             16  org.opensearch.join.ParentJoinPlugin$$Lambda/0x00007fcd2883d250
11642:             1             16  org.opensearch.join.ParentJoinPlugin$$Lambda/0x00007fcd2883d468
11643:             1             16  org.opensearch.join.ParentJoinPlugin$$Lambda/0x00007fcd2883dc78
11644:             1             16  org.opensearch.join.mapper.ParentJoinFieldMapper$TypeParser
11645:             1             16  org.opensearch.knn.index.KNNClusterUtil
11646:             1             16  org.opensearch.knn.index.KNNSettings$$Lambda/0x00007fcd2848b790
11647:             1             16  org.opensearch.knn.index.KNNSettings$$Lambda/0x00007fcd28617d20
11648:             1             16  org.opensearch.knn.index.KNNSettings$$Lambda/0x00007fcd28fe6ee8
11649:             1             16  org.opensearch.knn.index.KNNSettings$1$$Lambda/0x00007fcd2848bdc0
11650:             1             16  org.opensearch.knn.index.KNNSettings$SpaceTypeValidator
11651:             1             16  org.opensearch.knn.index.MethodComponent$Builder$$Lambda/0x00007fcd28467cf0
11652:             1             16  org.opensearch.knn.index.VectorDataType$$Lambda/0x00007fcd28491618
11653:             1             16  org.opensearch.knn.index.codec.KNN920Codec.KNN920PerFieldKnnVectorsFormat$$Lambda/0x00007fcd28240678
11654:             1             16  org.opensearch.knn.index.codec.KNN920Codec.KNN920PerFieldKnnVectorsFormat$$Lambda/0x00007fcd28240890
11655:             1             16  org.opensearch.knn.index.codec.KNN940Codec.KNN940PerFieldKnnVectorsFormat$$Lambda/0x00007fcd28241130
11656:             1             16  org.opensearch.knn.index.codec.KNN940Codec.KNN940PerFieldKnnVectorsFormat$$Lambda/0x00007fcd28241348
11657:             1             16  org.opensearch.knn.index.codec.KNN950Codec.KNN950PerFieldKnnVectorsFormat$$Lambda/0x00007fcd28241be8
11658:             1             16  org.opensearch.knn.index.codec.KNN950Codec.KNN950PerFieldKnnVectorsFormat$$Lambda/0x00007fcd28241e00
11659:             1             16  org.opensearch.knn.index.codec.KNN990Codec.KNN990PerFieldKnnVectorsFormat$$Lambda/0x00007fcd282426a0
11660:             1             16  org.opensearch.knn.index.codec.KNN990Codec.KNN990PerFieldKnnVectorsFormat$$Lambda/0x00007fcd282428b8
11661:             1             16  org.opensearch.knn.index.codec.KNNCodecVersion$$Lambda/0x00007fcd28240000
11662:             1             16  org.opensearch.knn.index.codec.KNNCodecVersion$$Lambda/0x00007fcd28240238
11663:             1             16  org.opensearch.knn.index.codec.KNNCodecVersion$$Lambda/0x00007fcd28240460
11664:             1             16  org.opensearch.knn.index.codec.KNNCodecVersion$$Lambda/0x00007fcd28240ab8
11665:             1             16  org.opensearch.knn.index.codec.KNNCodecVersion$$Lambda/0x00007fcd28240cf0
11666:             1             16  org.opensearch.knn.index.codec.KNNCodecVersion$$Lambda/0x00007fcd28240f18
11667:             1             16  org.opensearch.knn.index.codec.KNNCodecVersion$$Lambda/0x00007fcd28241570
11668:             1             16  org.opensearch.knn.index.codec.KNNCodecVersion$$Lambda/0x00007fcd282417a8
11669:             1             16  org.opensearch.knn.index.codec.KNNCodecVersion$$Lambda/0x00007fcd282419d0
11670:             1             16  org.opensearch.knn.index.codec.KNNCodecVersion$$Lambda/0x00007fcd28242028
11671:             1             16  org.opensearch.knn.index.codec.KNNCodecVersion$$Lambda/0x00007fcd28242260
11672:             1             16  org.opensearch.knn.index.codec.KNNCodecVersion$$Lambda/0x00007fcd28242488
11673:             1             16  org.opensearch.knn.index.codec.KNNCodecVersion$$Lambda/0x00007fcd28242ae0
11674:             1             16  org.opensearch.knn.index.codec.KNNCodecVersion$$Lambda/0x00007fcd28242d18
11675:             1             16  org.opensearch.knn.index.codec.KNNCodecVersion$$Lambda/0x00007fcd28242f40
11676:             1             16  org.opensearch.knn.index.mapper.KNNVectorFieldMapper$TypeParser
11677:             1             16  org.opensearch.knn.index.memory.NativeMemoryCacheManager$$Lambda/0x00007fcd28907a70
11678:             1             16  org.opensearch.knn.index.memory.NativeMemoryCacheManager$$Lambda/0x00007fcd28908000
11679:             1             16  org.opensearch.knn.index.memory.NativeMemoryLoadStrategy$IndexLoadStrategy$1
11680:             1             16  org.opensearch.knn.index.util.Faiss$$Lambda/0x00007fcd28490230
11681:             1             16  org.opensearch.knn.index.util.Faiss$$Lambda/0x00007fcd284906c0
11682:             1             16  org.opensearch.knn.index.util.Faiss$$Lambda/0x00007fcd284908f8
11683:             1             16  org.opensearch.knn.index.util.Faiss$$Lambda/0x00007fcd28491850
11684:             1             16  org.opensearch.knn.index.util.Faiss$$Lambda/0x00007fcd28491aa0
11685:             1             16  org.opensearch.knn.index.util.Faiss$$Lambda/0x00007fcd28491ce8
11686:             1             16  org.opensearch.knn.index.util.Faiss$$Lambda/0x00007fcd28491f10
11687:             1             16  org.opensearch.knn.index.util.Faiss$$Lambda/0x00007fcd28492368
11688:             1             16  org.opensearch.knn.index.util.Faiss$$Lambda/0x00007fcd28492590
11689:             1             16  org.opensearch.knn.index.util.Faiss$$Lambda/0x00007fcd284927d8
11690:             1             16  org.opensearch.knn.index.util.Faiss$$Lambda/0x00007fcd28492a00
11691:             1             16  org.opensearch.knn.index.util.Faiss$$Lambda/0x00007fcd28494400
11692:             1             16  org.opensearch.knn.index.util.Faiss$$Lambda/0x00007fcd28494800
11693:             1             16  org.opensearch.knn.index.util.Faiss$$Lambda/0x00007fcd28494a28
11694:             1             16  org.opensearch.knn.index.util.Faiss$$Lambda/0x00007fcd28494c70
11695:             1             16  org.opensearch.knn.index.util.Faiss$$Lambda/0x00007fcd28495000
11696:             1             16  org.opensearch.knn.index.util.Faiss$$Lambda/0x00007fcd28495228
11697:             1             16  org.opensearch.knn.index.util.Faiss$$Lambda/0x00007fcd28495440
11698:             1             16  org.opensearch.knn.index.util.Faiss$$Lambda/0x00007fcd28495688
11699:             1             16  org.opensearch.knn.index.util.Faiss$$Lambda/0x00007fcd284958d0
11700:             1             16  org.opensearch.knn.index.util.Faiss$$Lambda/0x00007fcd28497908
11701:             1             16  org.opensearch.knn.index.util.Faiss$$Lambda/0x00007fcd28497b50
11702:             1             16  org.opensearch.knn.index.util.Faiss$$Lambda/0x00007fcd28497d78
11703:             1             16  org.opensearch.knn.index.util.Faiss$$Lambda/0x00007fcd28498000
11704:             1             16  org.opensearch.knn.index.util.Lucene$$Lambda/0x00007fcd28498830
11705:             1             16  org.opensearch.knn.index.util.Lucene$$Lambda/0x00007fcd28498a78
11706:             1             16  org.opensearch.knn.index.util.Lucene$$Lambda/0x00007fcd28498cc0
11707:             1             16  org.opensearch.knn.index.util.Lucene$$Lambda/0x00007fcd28498ef8
11708:             1             16  org.opensearch.knn.index.util.Nmslib$$Lambda/0x00007fcd28489000
11709:             1             16  org.opensearch.knn.index.util.Nmslib$$Lambda/0x00007fcd28489248
11710:             1             16  org.opensearch.knn.indices.ModelDao$OpenSearchKNNModelDao$$Lambda/0x00007fcd28904218
11711:             1             16  org.opensearch.knn.indices.ModelDao$OpenSearchKNNModelDao$$Lambda/0x00007fcd28904448
11712:             1             16  org.opensearch.knn.plugin.KNNPlugin$$Lambda/0x00007fcd28499d38
11713:             1             16  org.opensearch.knn.plugin.KNNPlugin$$Lambda/0x00007fcd28615bc0
11714:             1             16  org.opensearch.knn.plugin.KNNPlugin$$Lambda/0x00007fcd286161c8
11715:             1             16  org.opensearch.knn.plugin.KNNPlugin$$Lambda/0x00007fcd286163e0
11716:             1             16  org.opensearch.knn.plugin.KNNPlugin$$Lambda/0x00007fcd28616980
11717:             1             16  org.opensearch.knn.plugin.KNNPlugin$$Lambda/0x00007fcd28616b98
11718:             1             16  org.opensearch.knn.plugin.KNNPlugin$$Lambda/0x00007fcd28616db0
11719:             1             16  org.opensearch.knn.plugin.rest.RestKNNStatsHandler$$Lambda/0x00007fcd28fe6840
11720:             1             16  org.opensearch.knn.plugin.rest.RestKNNStatsHandler$$Lambda/0x00007fcd28fe6a78
11721:             1             16  org.opensearch.knn.plugin.rest.RestKNNStatsHandler$$Lambda/0x00007fcd28fe6cb0
11722:             1             16  org.opensearch.knn.plugin.script.KNNScoringScriptEngine
11723:             1             16  org.opensearch.knn.plugin.stats.KNNStats
11724:             1             16  org.opensearch.knn.plugin.stats.KNNStats$$Lambda/0x00007fcd289134e0
11725:             1             16  org.opensearch.knn.plugin.stats.KNNStats$$Lambda/0x00007fcd28913718
11726:             1             16  org.opensearch.knn.plugin.stats.KNNStats$$Lambda/0x00007fcd28913950
11727:             1             16  org.opensearch.knn.plugin.stats.KNNStats$$Lambda/0x00007fcd28913b88
11728:             1             16  org.opensearch.knn.plugin.stats.KNNStats$$Lambda/0x00007fcd28913dc0
11729:             1             16  org.opensearch.knn.plugin.stats.KNNStats$$Lambda/0x00007fcd28913ff8
11730:             1             16  org.opensearch.knn.plugin.stats.KNNStats$$Lambda/0x00007fcd28914458
11731:             1             16  org.opensearch.knn.plugin.stats.KNNStats$$Lambda/0x00007fcd28914690
11732:             1             16  org.opensearch.knn.plugin.stats.KNNStats$$Lambda/0x00007fcd289148c8
11733:             1             16  org.opensearch.knn.plugin.stats.KNNStats$$Lambda/0x00007fcd28914b00
11734:             1             16  org.opensearch.knn.plugin.stats.KNNStats$$Lambda/0x00007fcd289155f8
11735:             1             16  org.opensearch.knn.plugin.stats.KNNStats$$Lambda/0x00007fcd28915a58
11736:             1             16  org.opensearch.knn.plugin.stats.KNNStats$$Lambda/0x00007fcd28915c90
11737:             1             16  org.opensearch.knn.plugin.stats.KNNStats$$Lambda/0x00007fcd28915ec8
11738:             1             16  org.opensearch.knn.plugin.stats.KNNStats$1
11739:             1             16  org.opensearch.knn.plugin.stats.suppliers.KNNCircuitBreakerSupplier
11740:             1             16  org.opensearch.knn.plugin.stats.suppliers.ModelIndexStatusSupplier
11741:             1             16  org.opensearch.knn.plugin.stats.suppliers.ModelIndexingDegradingSupplier
11742:             1             16  org.opensearch.knn.plugin.transport.ClearCacheAction$$Lambda/0x00007fcd28c06910
11743:             1             16  org.opensearch.knn.plugin.transport.ClearCacheTransportAction$$Lambda/0x00007fcd28d88f50
11744:             1             16  org.opensearch.knn.plugin.transport.DeleteModelAction$$Lambda/0x00007fcd28c04748
11745:             1             16  org.opensearch.knn.plugin.transport.DeleteModelTransportAction$$Lambda/0x00007fcd28d88d38
11746:             1             16  org.opensearch.knn.plugin.transport.GetModelAction$$Lambda/0x00007fcd28917de0
11747:             1             16  org.opensearch.knn.plugin.transport.GetModelTransportAction$$Lambda/0x00007fcd28d897b0
11748:             1             16  org.opensearch.knn.plugin.transport.KNNStatsAction$$Lambda/0x00007fcd289165f0
11749:             1             16  org.opensearch.knn.plugin.transport.KNNStatsTransportAction$$Lambda/0x00007fcd28d89e50
11750:             1             16  org.opensearch.knn.plugin.transport.KNNStatsTransportAction$$Lambda/0x00007fcd28d8a068
11751:             1             16  org.opensearch.knn.plugin.transport.KNNWarmupAction$$Lambda/0x00007fcd28916d40
11752:             1             16  org.opensearch.knn.plugin.transport.KNNWarmupTransportAction$$Lambda/0x00007fcd28d8a280
11753:             1             16  org.opensearch.knn.plugin.transport.RemoveModelFromCacheAction$$Lambda/0x00007fcd28c058f0
11754:             1             16  org.opensearch.knn.plugin.transport.RemoveModelFromCacheTransportAction$$Lambda/0x00007fcd28d8a498
11755:             1             16  org.opensearch.knn.plugin.transport.RemoveModelFromCacheTransportAction$$Lambda/0x00007fcd28d8a6b0
11756:             1             16  org.opensearch.knn.plugin.transport.SearchModelAction$$Lambda/0x00007fcd28c05d80
11757:             1             16  org.opensearch.knn.plugin.transport.SearchModelTransportAction$$Lambda/0x00007fcd28d89168
11758:             1             16  org.opensearch.knn.plugin.transport.TrainingJobRouteDecisionInfoAction$$Lambda/0x00007fcd28917950
11759:             1             16  org.opensearch.knn.plugin.transport.TrainingJobRouteDecisionInfoTransportAction$$Lambda/0x00007fcd28d89380
11760:             1             16  org.opensearch.knn.plugin.transport.TrainingJobRouteDecisionInfoTransportAction$$Lambda/0x00007fcd28d89598
11761:             1             16  org.opensearch.knn.plugin.transport.TrainingJobRouterAction$$Lambda/0x00007fcd28c04e08
11762:             1             16  org.opensearch.knn.plugin.transport.TrainingJobRouterTransportAction$$Lambda/0x00007fcd28d8aae0
11763:             1             16  org.opensearch.knn.plugin.transport.TrainingModelAction$$Lambda/0x00007fcd28c05250
11764:             1             16  org.opensearch.knn.plugin.transport.TrainingModelTransportAction$$Lambda/0x00007fcd28d8a8c8
11765:             1             16  org.opensearch.knn.plugin.transport.UpdateModelGraveyardAction$$Lambda/0x00007fcd28c061b0
11766:             1             16  org.opensearch.knn.plugin.transport.UpdateModelGraveyardTransportAction$$Lambda/0x00007fcd28d899c8
11767:             1             16  org.opensearch.knn.plugin.transport.UpdateModelGraveyardTransportAction$UpdateModelGraveyardExecutor
11768:             1             16  org.opensearch.knn.plugin.transport.UpdateModelMetadataAction$$Lambda/0x00007fcd289171f0
11769:             1             16  org.opensearch.knn.plugin.transport.UpdateModelMetadataTransportAction$$Lambda/0x00007fcd28d8acf8
11770:             1             16  org.opensearch.knn.plugin.transport.UpdateModelMetadataTransportAction$UpdateModelMetadataExecutor
11771:             1             16  org.opensearch.ml.action.agents.DeleteAgentTransportAction$$Lambda/0x00007fcd28ebedd8
11772:             1             16  org.opensearch.ml.action.agents.GetAgentTransportAction$$Lambda/0x00007fcd28ebf2b0
11773:             1             16  org.opensearch.ml.action.agents.TransportRegisterAgentAction$$Lambda/0x00007fcd28f14000
11774:             1             16  org.opensearch.ml.action.agents.TransportSearchAgentAction$$Lambda/0x00007fcd28f16ba0
11775:             1             16  org.opensearch.ml.action.config.GetConfigTransportAction$$Lambda/0x00007fcd28f90de0
11776:             1             16  org.opensearch.ml.action.connector.DeleteConnectorTransportAction$$Lambda/0x00007fcd28efb000
11777:             1             16  org.opensearch.ml.action.connector.ExecuteConnectorTransportAction$$Lambda/0x00007fcd28d725d8
11778:             1             16  org.opensearch.ml.action.connector.GetConnectorTransportAction$$Lambda/0x00007fcd28e97aa8
11779:             1             16  org.opensearch.ml.action.connector.SearchConnectorTransportAction$$Lambda/0x00007fcd28d73960
11780:             1             16  org.opensearch.ml.action.connector.TransportCreateConnectorAction$$Lambda/0x00007fcd28ebe6e0
11781:             1             16  org.opensearch.ml.action.connector.TransportCreateConnectorAction$$Lambda/0x00007fcd28ebe8f8
11782:             1             16  org.opensearch.ml.action.connector.UpdateConnectorTransportAction$$Lambda/0x00007fcd28f904d0
11783:             1             16  org.opensearch.ml.action.connector.UpdateConnectorTransportAction$$Lambda/0x00007fcd28f906e8
11784:             1             16  org.opensearch.ml.action.controller.CreateControllerTransportAction$$Lambda/0x00007fcd28e7ed58
11785:             1             16  org.opensearch.ml.action.controller.DeleteControllerTransportAction$$Lambda/0x00007fcd28d73318
11786:             1             16  org.opensearch.ml.action.controller.DeployControllerTransportAction$$Lambda/0x00007fcd28e7fcc0
11787:             1             16  org.opensearch.ml.action.controller.DeployControllerTransportAction$$Lambda/0x00007fcd28e96000
11788:             1             16  org.opensearch.ml.action.controller.GetControllerTransportAction$$Lambda/0x00007fcd28e7f448
11789:             1             16  org.opensearch.ml.action.controller.UndeployControllerTransportAction$$Lambda/0x00007fcd28d727f0
11790:             1             16  org.opensearch.ml.action.controller.UndeployControllerTransportAction$$Lambda/0x00007fcd28d72a08
11791:             1             16  org.opensearch.ml.action.controller.UpdateControllerTransportAction$$Lambda/0x00007fcd28f17068
11792:             1             16  org.opensearch.ml.action.deploy.TransportDeployModelAction$$Lambda/0x00007fcd28f150f0
11793:             1             16  org.opensearch.ml.action.deploy.TransportDeployModelAction$$Lambda/0x00007fcd28f15308
11794:             1             16  org.opensearch.ml.action.deploy.TransportDeployModelOnNodeAction$$Lambda/0x00007fcd28e96b10
11795:             1             16  org.opensearch.ml.action.deploy.TransportDeployModelOnNodeAction$$Lambda/0x00007fcd28e96d28
11796:             1             16  org.opensearch.ml.action.execute.TransportExecuteTaskAction$$Lambda/0x00007fcd28f90918
11797:             1             16  org.opensearch.ml.action.forward.TransportForwardAction$$Lambda/0x00007fcd28f14648
11798:             1             16  org.opensearch.ml.action.forward.TransportForwardAction$$Lambda/0x00007fcd28f14860
11799:             1             16  org.opensearch.ml.action.model_group.DeleteModelGroupTransportAction$$Lambda/0x00007fcd28e968f8
11800:             1             16  org.opensearch.ml.action.model_group.GetModelGroupTransportAction$$Lambda/0x00007fcd28efb910
11801:             1             16  org.opensearch.ml.action.model_group.SearchModelGroupTransportAction$$Lambda/0x00007fcd28d73b78
11802:             1             16  org.opensearch.ml.action.model_group.TransportRegisterModelGroupAction$$Lambda/0x00007fcd28f17530
11803:             1             16  org.opensearch.ml.action.model_group.TransportUpdateModelGroupAction$$Lambda/0x00007fcd28f0f2b0
11804:             1             16  org.opensearch.ml.action.models.DeleteModelTransportAction$$Lambda/0x00007fcd28f90000
11805:             1             16  org.opensearch.ml.action.models.GetModelTransportAction$$Lambda/0x00007fcd28d72110
11806:             1             16  org.opensearch.ml.action.models.SearchModelTransportAction$$Lambda/0x00007fcd28e7ef70
11807:             1             16  org.opensearch.ml.action.models.UpdateModelTransportAction$$Lambda/0x00007fcd28f0f778
11808:             1             16  org.opensearch.ml.action.models.UpdateModelTransportAction$$Lambda/0x00007fcd28f0f990
11809:             1             16  org.opensearch.ml.action.prediction.TransportPredictionTaskAction$$Lambda/0x00007fcd28f16758
11810:             1             16  org.opensearch.ml.action.prediction.TransportPredictionTaskAction$$Lambda/0x00007fcd28f16970
11811:             1             16  org.opensearch.ml.action.profile.MLProfileAction$$Lambda/0x00007fcd28c4e948
11812:             1             16  org.opensearch.ml.action.profile.MLProfileTransportAction$$Lambda/0x00007fcd28e96218
11813:             1             16  org.opensearch.ml.action.profile.MLProfileTransportAction$$Lambda/0x00007fcd28e96430
11814:             1             16  org.opensearch.ml.action.register.TransportRegisterModelAction$$Lambda/0x00007fcd28e96f40
11815:             1             16  org.opensearch.ml.action.register.TransportRegisterModelAction$$Lambda/0x00007fcd28e97158
11816:             1             16  org.opensearch.ml.action.register.TransportRegisterModelAction$$Lambda/0x00007fcd28e97388
11817:             1             16  org.opensearch.ml.action.register.TransportRegisterModelAction$$Lambda/0x00007fcd28e975b8
11818:             1             16  org.opensearch.ml.action.stats.MLStatsNodesAction$$Lambda/0x00007fcd28ae6d88
11819:             1             16  org.opensearch.ml.action.stats.MLStatsNodesTransportAction$$Lambda/0x00007fcd28f17b90
11820:             1             16  org.opensearch.ml.action.stats.MLStatsNodesTransportAction$$Lambda/0x00007fcd28f17da8
11821:             1             16  org.opensearch.ml.action.syncup.TransportSyncUpOnNodeAction$$Lambda/0x00007fcd28e7f660
11822:             1             16  org.opensearch.ml.action.syncup.TransportSyncUpOnNodeAction$$Lambda/0x00007fcd28e7f878
11823:             1             16  org.opensearch.ml.action.syncup.TransportSyncUpOnNodeAction$$Lambda/0x00007fcd28e7fa90
11824:             1             16  org.opensearch.ml.action.tasks.DeleteTaskTransportAction$$Lambda/0x00007fcd28ebe000
11825:             1             16  org.opensearch.ml.action.tasks.GetTaskTransportAction$$Lambda/0x00007fcd28f914c8
11826:             1             16  org.opensearch.ml.action.tasks.SearchTaskTransportAction$$Lambda/0x00007fcd28f14430
11827:             1             16  org.opensearch.ml.action.training.TransportTrainingTaskAction$$Lambda/0x00007fcd28d73d90
11828:             1             16  org.opensearch.ml.action.trainpredict.TransportTrainAndPredictionTaskAction$$Lambda/0x00007fcd28f14218
11829:             1             16  org.opensearch.ml.action.undeploy.TransportUndeployModelAction$$Lambda/0x00007fcd28d73530
11830:             1             16  org.opensearch.ml.action.undeploy.TransportUndeployModelAction$$Lambda/0x00007fcd28d73748
11831:             1             16  org.opensearch.ml.action.undeploy.TransportUndeployModelsAction$$Lambda/0x00007fcd28e7e890
11832:             1             16  org.opensearch.ml.action.update_cache.UpdateModelCacheTransportAction$$Lambda/0x00007fcd28ebfbc8
11833:             1             16  org.opensearch.ml.action.update_cache.UpdateModelCacheTransportAction$$Lambda/0x00007fcd28ebfde0
11834:             1             16  org.opensearch.ml.action.upload_chunk.TransportRegisterModelMetaAction$$Lambda/0x00007fcd28f157e8
11835:             1             16  org.opensearch.ml.action.upload_chunk.TransportUploadModelChunkAction$$Lambda/0x00007fcd28f16540
11836:             1             16  org.opensearch.ml.autoredeploy.MLModelAutoReDeployer$$Lambda/0x00007fcd28ae54e8
11837:             1             16  org.opensearch.ml.autoredeploy.MLModelAutoReDeployer$$Lambda/0x00007fcd28ae5718
11838:             1             16  org.opensearch.ml.autoredeploy.MLModelAutoReDeployer$$Lambda/0x00007fcd28ae5948
11839:             1             16  org.opensearch.ml.autoredeploy.MLModelAutoReDeployer$$Lambda/0x00007fcd28ae5b78
11840:             1             16  org.opensearch.ml.autoredeploy.MLModelAutoReDeployer$SearchRequestBuilderFactory
11841:             1             16  org.opensearch.ml.breaker.MemoryCircuitBreaker$$Lambda/0x00007fcd28ab8488
11842:             1             16  org.opensearch.ml.client.MachineLearningNodeClient
11843:             1             16  org.opensearch.ml.client.MachineLearningNodeClient
11844:             1             16  org.opensearch.ml.cluster.DiscoveryNodeHelper$$Lambda/0x00007fcd28ab44a8
11845:             1             16  org.opensearch.ml.cluster.DiscoveryNodeHelper$$Lambda/0x00007fcd28ab46d8
11846:             1             16  org.opensearch.ml.cluster.DiscoveryNodeHelper$$Lambda/0x00007fcd28ab6218
11847:             1             16  org.opensearch.ml.cluster.DiscoveryNodeHelper$$Lambda/0x00007fcd28ab6448
11848:             1             16  org.opensearch.ml.cluster.DiscoveryNodeHelper$HotDataNodePredicate
11849:             1             16  org.opensearch.ml.cluster.MLCommonsClusterEventListener$$Lambda/0x00007fcd2902d618
11850:             1             16  org.opensearch.ml.cluster.MLCommonsClusterManagerEventListener$$Lambda/0x00007fcd28ae6468
11851:             1             16  org.opensearch.ml.common.input.execute.anomalylocalization.AnomalyLocalizationInput$$Lambda/0x00007fcd288a6650
11852:             1             16  org.opensearch.ml.common.input.execute.metricscorrelation.MetricsCorrelationInput$$Lambda/0x00007fcd288a6138
11853:             1             16  org.opensearch.ml.common.input.execute.samplecalculator.LocalSampleCalculatorInput$$Lambda/0x00007fcd288a5c60
11854:             1             16  org.opensearch.ml.common.input.parameter.ad.AnomalyDetectionLibSVMParams$$Lambda/0x00007fcd288a47a8
11855:             1             16  org.opensearch.ml.common.input.parameter.clustering.KMeansParams$$Lambda/0x00007fcd2853b158
11856:             1             16  org.opensearch.ml.common.input.parameter.clustering.RCFSummarizeParams$$Lambda/0x00007fcd288a6dd8
11857:             1             16  org.opensearch.ml.common.input.parameter.rcf.BatchRCFParams$$Lambda/0x00007fcd288a5778
11858:             1             16  org.opensearch.ml.common.input.parameter.rcf.FitRCFParams$$Lambda/0x00007fcd288a5228
11859:             1             16  org.opensearch.ml.common.input.parameter.regression.LinearRegressionParams$$Lambda/0x00007fcd288a4000
11860:             1             16  org.opensearch.ml.common.input.parameter.regression.LogisticRegressionParams$$Lambda/0x00007fcd288a7a70
11861:             1             16  org.opensearch.ml.common.input.parameter.sample.SampleAlgoParams$$Lambda/0x00007fcd288a4ca8
11862:             1             16  org.opensearch.ml.common.input.parameter.textembedding.AsymmetricTextEmbeddingParameters$$Lambda/0x00007fcd288a8c88
11863:             1             16  org.opensearch.ml.common.model.TextEmbeddingModelConfig$$Lambda/0x00007fcd288a8780
11864:             1             16  org.opensearch.ml.common.transport.agent.MLAgentDeleteAction$$Lambda/0x00007fcd28c5e4a8
11865:             1             16  org.opensearch.ml.common.transport.agent.MLAgentGetAction$$Lambda/0x00007fcd28c5e078
11866:             1             16  org.opensearch.ml.common.transport.agent.MLRegisterAgentAction$$Lambda/0x00007fcd28c59b28
11867:             1             16  org.opensearch.ml.common.transport.agent.MLSearchAgentAction$$Lambda/0x00007fcd28c59f50
11868:             1             16  org.opensearch.ml.common.transport.config.MLConfigGetAction$$Lambda/0x00007fcd28c60940
11869:             1             16  org.opensearch.ml.common.transport.connector.MLConnectorDeleteAction$$Lambda/0x00007fcd28c56840
11870:             1             16  org.opensearch.ml.common.transport.connector.MLConnectorGetAction$$Lambda/0x00007fcd28c56418
11871:             1             16  org.opensearch.ml.common.transport.connector.MLConnectorSearchAction$$Lambda/0x00007fcd28c56c68
11872:             1             16  org.opensearch.ml.common.transport.connector.MLCreateConnectorAction$$Lambda/0x00007fcd28c55940
11873:             1             16  org.opensearch.ml.common.transport.connector.MLExecuteConnectorAction$$Lambda/0x00007fcd28c55d68
11874:             1             16  org.opensearch.ml.common.transport.connector.MLUpdateConnectorAction$$Lambda/0x00007fcd28c59470
11875:             1             16  org.opensearch.ml.common.transport.controller.MLControllerDeleteAction$$Lambda/0x00007fcd28c5d270
11876:             1             16  org.opensearch.ml.common.transport.controller.MLControllerGetAction$$Lambda/0x00007fcd28c5c2d0
11877:             1             16  org.opensearch.ml.common.transport.controller.MLCreateControllerAction$$Lambda/0x00007fcd28c5bc18
11878:             1             16  org.opensearch.ml.common.transport.controller.MLDeployControllerAction$$Lambda/0x00007fcd28c5c9b8
11879:             1             16  org.opensearch.ml.common.transport.controller.MLUndeployControllerAction$$Lambda/0x00007fcd28c5d958
11880:             1             16  org.opensearch.ml.common.transport.controller.MLUpdateControllerAction$$Lambda/0x00007fcd28c5ce48
11881:             1             16  org.opensearch.ml.common.transport.deploy.MLDeployModelAction$$Lambda/0x00007fcd28c4f990
11882:             1             16  org.opensearch.ml.common.transport.deploy.MLDeployModelOnNodeAction$$Lambda/0x00007fcd28c4fdd8
11883:             1             16  org.opensearch.ml.common.transport.execute.MLExecuteTaskAction$$Lambda/0x00007fcd28ae74b8
11884:             1             16  org.opensearch.ml.common.transport.forward.MLForwardAction$$Lambda/0x00007fcd28c52ef0
11885:             1             16  org.opensearch.ml.common.transport.model.MLModelDeleteAction$$Lambda/0x00007fcd28c4cf10
11886:             1             16  org.opensearch.ml.common.transport.model.MLModelGetAction$$Lambda/0x00007fcd28c4cae0
11887:             1             16  org.opensearch.ml.common.transport.model.MLModelSearchAction$$Lambda/0x00007fcd28c4d348
11888:             1             16  org.opensearch.ml.common.transport.model.MLUpdateModelAction$$Lambda/0x00007fcd28c520d8
11889:             1             16  org.opensearch.ml.common.transport.model_group.MLModelGroupDeleteAction$$Lambda/0x00007fcd28c55288
11890:             1             16  org.opensearch.ml.common.transport.model_group.MLModelGroupGetAction$$Lambda/0x00007fcd28c54a30
11891:             1             16  org.opensearch.ml.common.transport.model_group.MLModelGroupSearchAction$$Lambda/0x00007fcd28c54e58
11892:             1             16  org.opensearch.ml.common.transport.model_group.MLRegisterModelGroupAction$$Lambda/0x00007fcd28c53cc0
11893:             1             16  org.opensearch.ml.common.transport.model_group.MLUpdateModelGroupAction$$Lambda/0x00007fcd28c54378
11894:             1             16  org.opensearch.ml.common.transport.prediction.MLPredictionTaskAction$$Lambda/0x00007fcd28ae7b70
11895:             1             16  org.opensearch.ml.common.transport.register.MLRegisterModelAction$$Lambda/0x00007fcd28c4f080
11896:             1             16  org.opensearch.ml.common.transport.sync.MLSyncUpAction$$Lambda/0x00007fcd28c53590
11897:             1             16  org.opensearch.ml.common.transport.task.MLTaskDeleteAction$$Lambda/0x00007fcd28c4de30
11898:             1             16  org.opensearch.ml.common.transport.task.MLTaskGetAction$$Lambda/0x00007fcd28c4da08
11899:             1             16  org.opensearch.ml.common.transport.task.MLTaskSearchAction$$Lambda/0x00007fcd28c4e258
11900:             1             16  org.opensearch.ml.common.transport.tools.MLGetToolAction$$Lambda/0x00007fcd28c60290
11901:             1             16  org.opensearch.ml.common.transport.tools.MLListToolsAction$$Lambda/0x00007fcd28c5faa0
11902:             1             16  org.opensearch.ml.common.transport.training.MLTrainingTaskAction$$Lambda/0x00007fcd28c4c000
11903:             1             16  org.opensearch.ml.common.transport.trainpredict.MLTrainAndPredictionTaskAction$$Lambda/0x00007fcd28c4c428
11904:             1             16  org.opensearch.ml.common.transport.undeploy.MLUndeployModelAction$$Lambda/0x00007fcd28c507f8
11905:             1             16  org.opensearch.ml.common.transport.undeploy.MLUndeployModelsAction$$Lambda/0x00007fcd28c50f28
11906:             1             16  org.opensearch.ml.common.transport.update_cache.MLUpdateModelCacheAction$$Lambda/0x00007fcd28c527c8
11907:             1             16  org.opensearch.ml.common.transport.upload_chunk.MLRegisterModelMetaAction$$Lambda/0x00007fcd28c515f8
11908:             1             16  org.opensearch.ml.common.transport.upload_chunk.MLUploadModelChunkAction$$Lambda/0x00007fcd28c51cb0
11909:             1             16  org.opensearch.ml.engine.MLEngineClassLoader$$Lambda/0x00007fcd28ac6320
11910:             1             16  org.opensearch.ml.engine.ModelHelper
11911:             1             16  org.opensearch.ml.engine.indices.MLInputDatasetHandler
11912:             1             16  org.opensearch.ml.engine.tools.AgentTool$Factory
11913:             1             16  org.opensearch.ml.engine.tools.ConnectorTool$Factory
11914:             1             16  org.opensearch.ml.engine.tools.IndexMappingTool$Factory
11915:             1             16  org.opensearch.ml.engine.tools.MLModelTool$Factory
11916:             1             16  org.opensearch.ml.engine.tools.VisualizationsTool$Factory
11917:             1             16  org.opensearch.ml.helper.ConnectorAccessControlHelper
11918:             1             16  org.opensearch.ml.helper.ConnectorAccessControlHelper$$Lambda/0x00007fcd28abd5f0
11919:             1             16  org.opensearch.ml.helper.ModelAccessControlHelper
11920:             1             16  org.opensearch.ml.helper.ModelAccessControlHelper$$Lambda/0x00007fcd28abd178
11921:             1             16  org.opensearch.ml.memory.action.conversation.CreateConversationAction$$Lambda/0x00007fcd28c57328
11922:             1             16  org.opensearch.ml.memory.action.conversation.CreateConversationTransportAction$$Lambda/0x00007fcd28d72c20
11923:             1             16  org.opensearch.ml.memory.action.conversation.CreateConversationTransportAction$$Lambda/0x00007fcd28d72e38
11924:             1             16  org.opensearch.ml.memory.action.conversation.CreateInteractionAction$$Lambda/0x00007fcd28c58290
11925:             1             16  org.opensearch.ml.memory.action.conversation.CreateInteractionTransportAction$$Lambda/0x00007fcd28d71cc8
11926:             1             16  org.opensearch.ml.memory.action.conversation.CreateInteractionTransportAction$$Lambda/0x00007fcd28d71ee0
11927:             1             16  org.opensearch.ml.memory.action.conversation.DeleteConversationAction$$Lambda/0x00007fcd28c59038
11928:             1             16  org.opensearch.ml.memory.action.conversation.DeleteConversationTransportAction$$Lambda/0x00007fcd28e7e000
11929:             1             16  org.opensearch.ml.memory.action.conversation.DeleteConversationTransportAction$$Lambda/0x00007fcd28e7e218
11930:             1             16  org.opensearch.ml.memory.action.conversation.GetConversationAction$$Lambda/0x00007fcd28c5ae80
11931:             1             16  org.opensearch.ml.memory.action.conversation.GetConversationTransportAction$$Lambda/0x00007fcd28f15e48
11932:             1             16  org.opensearch.ml.memory.action.conversation.GetConversationTransportAction$$Lambda/0x00007fcd28f16060
11933:             1             16  org.opensearch.ml.memory.action.conversation.GetConversationsAction$$Lambda/0x00007fcd28c57a08
11934:             1             16  org.opensearch.ml.memory.action.conversation.GetConversationsTransportAction$$Lambda/0x00007fcd28f17748
11935:             1             16  org.opensearch.ml.memory.action.conversation.GetConversationsTransportAction$$Lambda/0x00007fcd28f17960
11936:             1             16  org.opensearch.ml.memory.action.conversation.GetInteractionAction$$Lambda/0x00007fcd28c5b548
11937:             1             16  org.opensearch.ml.memory.action.conversation.GetInteractionTransportAction$$Lambda/0x00007fcd28efb218
11938:             1             16  org.opensearch.ml.memory.action.conversation.GetInteractionTransportAction$$Lambda/0x00007fcd28efb430
11939:             1             16  org.opensearch.ml.memory.action.conversation.GetInteractionsAction$$Lambda/0x00007fcd28c58970
11940:             1             16  org.opensearch.ml.memory.action.conversation.GetInteractionsTransportAction$$Lambda/0x00007fcd28e7e448
11941:             1             16  org.opensearch.ml.memory.action.conversation.GetInteractionsTransportAction$$Lambda/0x00007fcd28e7e660
11942:             1             16  org.opensearch.ml.memory.action.conversation.GetTracesAction$$Lambda/0x00007fcd28c5f3e0
11943:             1             16  org.opensearch.ml.memory.action.conversation.GetTracesTransportAction$$Lambda/0x00007fcd28f14a90
11944:             1             16  org.opensearch.ml.memory.action.conversation.SearchConversationsAction$$Lambda/0x00007fcd28c5a7b8
11945:             1             16  org.opensearch.ml.memory.action.conversation.SearchConversationsTransportAction$$Lambda/0x00007fcd28efbb28
11946:             1             16  org.opensearch.ml.memory.action.conversation.SearchConversationsTransportAction$$Lambda/0x00007fcd28efbd40
11947:             1             16  org.opensearch.ml.memory.action.conversation.SearchInteractionsAction$$Lambda/0x00007fcd28c5a380
11948:             1             16  org.opensearch.ml.memory.action.conversation.SearchInteractionsTransportAction$$Lambda/0x00007fcd28f15a00
11949:             1             16  org.opensearch.ml.memory.action.conversation.SearchInteractionsTransportAction$$Lambda/0x00007fcd28f15c18
11950:             1             16  org.opensearch.ml.memory.action.conversation.UpdateConversationAction$$Lambda/0x00007fcd28c5e8d8
11951:             1             16  org.opensearch.ml.memory.action.conversation.UpdateConversationTransportAction$$Lambda/0x00007fcd28ebf780
11952:             1             16  org.opensearch.ml.memory.action.conversation.UpdateConversationTransportAction$$Lambda/0x00007fcd28ebf998
11953:             1             16  org.opensearch.ml.memory.action.conversation.UpdateInteractionAction$$Lambda/0x00007fcd28c5ed08
11954:             1             16  org.opensearch.ml.memory.action.conversation.UpdateInteractionTransportAction$$Lambda/0x00007fcd28f14ca8
11955:             1             16  org.opensearch.ml.memory.action.conversation.UpdateInteractionTransportAction$$Lambda/0x00007fcd28f14ec0
11956:             1             16  org.opensearch.ml.model.MLModelCacheHelper$$Lambda/0x00007fcd28ab6ca0
11957:             1             16  org.opensearch.ml.model.MLModelManager$$Lambda/0x00007fcd28abf068
11958:             1             16  org.opensearch.ml.model.MLModelManager$$Lambda/0x00007fcd28abf298
11959:             1             16  org.opensearch.ml.model.MLModelManager$$Lambda/0x00007fcd28abf4c8
11960:             1             16  org.opensearch.ml.plugin.MachineLearningPlugin$$Lambda/0x00007fcd2853a3f0
11961:             1             16  org.opensearch.ml.plugin.MachineLearningPlugin$$Lambda/0x00007fcd2853a608
11962:             1             16  org.opensearch.ml.plugin.MachineLearningPlugin$$Lambda/0x00007fcd28ae6698
11963:             1             16  org.opensearch.ml.plugin.MachineLearningPlugin$$Lambda/0x00007fcd28c60f88
11964:             1             16  org.opensearch.ml.plugin.MachineLearningPlugin$$Lambda/0x00007fcd28c613c8
11965:             1             16  org.opensearch.ml.repackage.com.google.common.collect.RegularImmutableList
11966:             1             16  org.opensearch.ml.repackage.com.google.common.collect.SingletonImmutableList
11967:             1             16  org.opensearch.ml.repackage.com.google.common.collect.SingletonImmutableSet
11968:             1             16  org.opensearch.ml.rest.RestMLRegisterModelMetaAction$$Lambda/0x00007fcd29025300
11969:             1             16  org.opensearch.ml.rest.RestMLStatsAction$$Lambda/0x00007fcd28f919b0
11970:             1             16  org.opensearch.ml.rest.RestMLUndeployModelAction$$Lambda/0x00007fcd29024e08
11971:             1             16  org.opensearch.ml.rest.RestMLUploadModelChunkAction$$Lambda/0x00007fcd290257f8
11972:             1             16  org.opensearch.ml.settings.MLFeatureEnabledSetting$$Lambda/0x00007fcd28abda48
11973:             1             16  org.opensearch.ml.settings.MLFeatureEnabledSetting$$Lambda/0x00007fcd28abdc78
11974:             1             16  org.opensearch.ml.settings.MLFeatureEnabledSetting$$Lambda/0x00007fcd28abdea8
11975:             1             16  org.opensearch.ml.settings.MLFeatureEnabledSetting$$Lambda/0x00007fcd28abe0d8
11976:             1             16  org.opensearch.ml.task.MLExecuteTaskRunner$$Lambda/0x00007fcd28ac1a98
11977:             1             16  org.opensearch.ml.task.MLPredictTaskRunner$$Lambda/0x00007fcd28ac13b8
11978:             1             16  org.opensearch.ml.task.MLTaskDispatcher$$Lambda/0x00007fcd28ac0000
11979:             1             16  org.opensearch.ml.task.MLTaskDispatcher$$Lambda/0x00007fcd28ac0230
11980:             1             16  org.opensearch.ml.tools.GetToolTransportAction$$Lambda/0x00007fcd28f912b0
11981:             1             16  org.opensearch.ml.tools.ListToolsTransportAction$$Lambda/0x00007fcd28ebe4c8
11982:             1             16  org.opensearch.monitor.fs.FsHealthService$$Lambda/0x00007fcd28714000
11983:             1             16  org.opensearch.monitor.fs.FsHealthService$$Lambda/0x00007fcd28714220
11984:             1             16  org.opensearch.monitor.fs.FsHealthService$$Lambda/0x00007fcd28714450
11985:             1             16  org.opensearch.monitor.fs.FsHealthService$$Lambda/0x00007fcd28714680
11986:             1             16  org.opensearch.monitor.fs.FsService
11987:             1             16  org.opensearch.monitor.fs.FsService$$Lambda/0x00007fcd288846f8
11988:             1             16  org.opensearch.monitor.jvm.HotThreads$$Lambda/0x00007fcd29338000
11989:             1             16  org.opensearch.monitor.os.OsProbe$$Lambda/0x00007fcd28874618
11990:             1             16  org.opensearch.monitor.process.ProcessProbe
11991:             1             16  org.opensearch.neuralsearch.ml.MLCommonsClientAccessor
11992:             1             16  org.opensearch.neuralsearch.plugin.NeuralSearch$$Lambda/0x00007fcd2856c840
11993:             1             16  org.opensearch.neuralsearch.plugin.NeuralSearch$$Lambda/0x00007fcd2856ca58
11994:             1             16  org.opensearch.neuralsearch.plugin.NeuralSearch$$Lambda/0x00007fcd28790268
11995:             1             16  org.opensearch.neuralsearch.plugin.NeuralSearch$$Lambda/0x00007fcd28790480
11996:             1             16  org.opensearch.neuralsearch.plugin.NeuralSearch$$Lambda/0x00007fcd28790ad0
11997:             1             16  org.opensearch.neuralsearch.plugin.NeuralSearch$$Lambda/0x00007fcd28790ce8
11998:             1             16  org.opensearch.neuralsearch.plugin.NeuralSearch$$Lambda/0x00007fcd287911a0
11999:             1             16  org.opensearch.neuralsearch.plugin.NeuralSearch$$Lambda/0x00007fcd287913b8
12000:             1             16  org.opensearch.neuralsearch.processor.NeuralQueryEnricherProcessor$Factory
12001:             1             16  org.opensearch.neuralsearch.processor.NeuralSparseTwoPhaseProcessor$Factory
12002:             1             16  org.opensearch.neuralsearch.processor.combination.ScoreCombinationFactory
12003:             1             16  org.opensearch.neuralsearch.processor.combination.ScoreCombinationFactory$$Lambda/0x00007fcd28249640
12004:             1             16  org.opensearch.neuralsearch.processor.combination.ScoreCombinationFactory$$Lambda/0x00007fcd28249878
12005:             1             16  org.opensearch.neuralsearch.processor.combination.ScoreCombinationFactory$$Lambda/0x00007fcd28249ab0
12006:             1             16  org.opensearch.neuralsearch.processor.combination.ScoreCombinationUtil
12007:             1             16  org.opensearch.neuralsearch.processor.combination.ScoreCombiner
12008:             1             16  org.opensearch.neuralsearch.processor.normalization.L2ScoreNormalizationTechnique
12009:             1             16  org.opensearch.neuralsearch.processor.normalization.ScoreNormalizationFactory
12010:             1             16  org.opensearch.neuralsearch.processor.normalization.ScoreNormalizer
12011:             1             16  org.opensearch.neuralsearch.util.HybridQueryUtil$$Lambda/0x00007fcd28d06898
12012:             1             16  org.opensearch.neuralsearch.util.NeuralSearchClusterUtil
12013:             1             16  org.opensearch.node.Node$$Lambda/0x00007fcd280cb100
12014:             1             16  org.opensearch.node.Node$$Lambda/0x00007fcd280cb568
12015:             1             16  org.opensearch.node.Node$$Lambda/0x00007fcd280cb7a8
12016:             1             16  org.opensearch.node.Node$$Lambda/0x00007fcd284a29d8
12017:             1             16  org.opensearch.node.Node$$Lambda/0x00007fcd284a2c10
12018:             1             16  org.opensearch.node.Node$$Lambda/0x00007fcd2851c640
12019:             1             16  org.opensearch.node.Node$$Lambda/0x00007fcd2851c878
12020:             1             16  org.opensearch.node.Node$$Lambda/0x00007fcd285457b0
12021:             1             16  org.opensearch.node.Node$$Lambda/0x00007fcd286c7278
12022:             1             16  org.opensearch.node.Node$$Lambda/0x00007fcd286c74b0
12023:             1             16  org.opensearch.node.Node$$Lambda/0x00007fcd287148b0
12024:             1             16  org.opensearch.node.Node$$Lambda/0x00007fcd28714ad0
12025:             1             16  org.opensearch.node.Node$$Lambda/0x00007fcd28882648
12026:             1             16  org.opensearch.node.Node$$Lambda/0x00007fcd2888dc18
12027:             1             16  org.opensearch.node.Node$$Lambda/0x00007fcd288b0b40
12028:             1             16  org.opensearch.node.Node$$Lambda/0x00007fcd288b0f90
12029:             1             16  org.opensearch.node.Node$$Lambda/0x00007fcd288b1408
12030:             1             16  org.opensearch.node.Node$$Lambda/0x00007fcd288b1a40
12031:             1             16  org.opensearch.node.Node$$Lambda/0x00007fcd288b1c78
12032:             1             16  org.opensearch.node.Node$$Lambda/0x00007fcd288b1eb0
12033:             1             16  org.opensearch.node.Node$$Lambda/0x00007fcd288b20e8
12034:             1             16  org.opensearch.node.Node$$Lambda/0x00007fcd288b2550
12035:             1             16  org.opensearch.node.Node$$Lambda/0x00007fcd288b2788
12036:             1             16  org.opensearch.node.Node$$Lambda/0x00007fcd288b29c0
12037:             1             16  org.opensearch.node.Node$$Lambda/0x00007fcd288b2bf8
12038:             1             16  org.opensearch.node.Node$$Lambda/0x00007fcd288b2e30
12039:             1             16  org.opensearch.node.Node$$Lambda/0x00007fcd288bb008
12040:             1             16  org.opensearch.node.Node$$Lambda/0x00007fcd288beb90
12041:             1             16  org.opensearch.node.Node$$Lambda/0x00007fcd288c1548
12042:             1             16  org.opensearch.node.Node$$Lambda/0x00007fcd288f9708
12043:             1             16  org.opensearch.node.Node$$Lambda/0x00007fcd28ba30f8
12044:             1             16  org.opensearch.node.Node$$Lambda/0x00007fcd28ba3340
12045:             1             16  org.opensearch.node.Node$$Lambda/0x00007fcd28ba3578
12046:             1             16  org.opensearch.node.Node$$Lambda/0x00007fcd28c9ea20
12047:             1             16  org.opensearch.node.Node$$Lambda/0x00007fcd28c9ee60
12048:             1             16  org.opensearch.node.Node$$Lambda/0x00007fcd28ca1e08
12049:             1             16  org.opensearch.node.Node$$Lambda/0x00007fcd28cb4cd0
12050:             1             16  org.opensearch.node.Node$$Lambda/0x00007fcd28cf3bc0
12051:             1             16  org.opensearch.node.Node$$Lambda/0x00007fcd28cf3de0
12052:             1             16  org.opensearch.node.Node$$Lambda/0x00007fcd28cf4440
12053:             1             16  org.opensearch.node.Node$$Lambda/0x00007fcd28cf4660
12054:             1             16  org.opensearch.node.Node$$Lambda/0x00007fcd28cf4880
12055:             1             16  org.opensearch.node.Node$$Lambda/0x00007fcd28d0af28
12056:             1             16  org.opensearch.node.Node$$Lambda/0x00007fcd28d24f58
12057:             1             16  org.opensearch.node.Node$$Lambda/0x00007fcd28f7e7d0
12058:             1             16  org.opensearch.node.Node$$Lambda/0x00007fcd28f7ea18
12059:             1             16  org.opensearch.node.Node$$Lambda/0x00007fcd28f7ee90
12060:             1             16  org.opensearch.node.Node$$Lambda/0x00007fcd28f7f0b0
12061:             1             16  org.opensearch.node.Node$$Lambda/0x00007fcd28fdf268
12062:             1             16  org.opensearch.node.Node$$Lambda/0x00007fcd290451d8
12063:             1             16  org.opensearch.node.Node$$Lambda/0x00007fcd290e9bf0
12064:             1             16  org.opensearch.node.Node$$Lambda/0x00007fcd290f5260
12065:             1             16  org.opensearch.node.NodeRoleSettings$$Lambda/0x00007fcd284b0000
12066:             1             16  org.opensearch.node.NodeRoleSettings$$Lambda/0x00007fcd284b0238
12067:             1             16  org.opensearch.node.NodeRoleSettings$$Lambda/0x00007fcd284b0470
12068:             1             16  org.opensearch.node.NodeRoleSettings$$Lambda/0x00007fcd284b0908
12069:             1             16  org.opensearch.node.ResourceUsageCollectorService$$Lambda/0x00007fcd29044440
12070:             1             16  org.opensearch.node.ResponseCollectorService
12071:             1             16  org.opensearch.node.remotestore.RemoteStoreNodeService$$Lambda/0x00007fcd28544968
12072:             1             16  org.opensearch.node.remotestore.RemoteStoreNodeService$$Lambda/0x00007fcd28544fd0
12073:             1             16  org.opensearch.node.remotestore.RemoteStoreNodeService$$Lambda/0x00007fcd28545208
12074:             1             16  org.opensearch.node.resource.tracker.AverageIoUsageTracker$$Lambda/0x00007fcd29044220
12075:             1             16  org.opensearch.node.resource.tracker.NodeResourceUsageTracker$$Lambda/0x00007fcd28c9b958
12076:             1             16  org.opensearch.node.resource.tracker.NodeResourceUsageTracker$$Lambda/0x00007fcd28c9be98
12077:             1             16  org.opensearch.node.resource.tracker.NodeResourceUsageTracker$$Lambda/0x00007fcd28c9c3f0
12078:             1             16  org.opensearch.notifications.CoreProvider
12079:             1             16  org.opensearch.notifications.NotificationPlugin
12080:             1             16  org.opensearch.notifications.NotificationPlugin$Companion
12081:             1             16  org.opensearch.notifications.action.CreateNotificationConfigAction$$Lambda/0x00007fcd28e50860
12082:             1             16  org.opensearch.notifications.action.DeleteNotificationConfigAction$$Lambda/0x00007fcd28e50ea8
12083:             1             16  org.opensearch.notifications.action.GetChannelListAction$$Lambda/0x00007fcd28e50000
12084:             1             16  org.opensearch.notifications.action.GetNotificationConfigAction$$Lambda/0x00007fcd28e50648
12085:             1             16  org.opensearch.notifications.action.GetPluginFeaturesAction$$Lambda/0x00007fcd28e50218
12086:             1             16  org.opensearch.notifications.action.PluginBaseAction$Companion
12087:             1             16  org.opensearch.notifications.action.PublishNotificationAction$$Lambda/0x00007fcd28e50c90
12088:             1             16  org.opensearch.notifications.action.SendNotificationAction$$Lambda/0x00007fcd28e50a78
12089:             1             16  org.opensearch.notifications.action.SendTestNotificationAction$$Lambda/0x00007fcd28b01db0
12090:             1             16  org.opensearch.notifications.action.SendTestNotificationAction$$Lambda/0x00007fcd28e50430
12091:             1             16  org.opensearch.notifications.action.SendTestNotificationAction$Companion
12092:             1             16  org.opensearch.notifications.action.UpdateNotificationConfigAction$$Lambda/0x00007fcd28e510c0
12093:             1             16  org.opensearch.notifications.core.NotificationCoreImpl
12094:             1             16  org.opensearch.notifications.core.NotificationCorePlugin
12095:             1             16  org.opensearch.notifications.core.NotificationCorePlugin$Companion
12096:             1             16  org.opensearch.notifications.core.setting.PluginSettings
12097:             1             16  org.opensearch.notifications.core.setting.PluginSettings$$Lambda/0x00007fcd2858d148
12098:             1             16  org.opensearch.notifications.core.setting.PluginSettings$$Lambda/0x00007fcd2858d380
12099:             1             16  org.opensearch.notifications.core.setting.PluginSettings$$Lambda/0x00007fcd2858d5b8
12100:             1             16  org.opensearch.notifications.core.setting.PluginSettings$$Lambda/0x00007fcd2858da80
12101:             1             16  org.opensearch.notifications.core.setting.PluginSettings$$Lambda/0x00007fcd2858dcb8
12102:             1             16  org.opensearch.notifications.core.setting.PluginSettings$$Lambda/0x00007fcd2858def0
12103:             1             16  org.opensearch.notifications.core.setting.PluginSettings$$Lambda/0x00007fcd2858e128
12104:             1             16  org.opensearch.notifications.core.setting.PluginSettings$$Lambda/0x00007fcd2858e360
12105:             1             16  org.opensearch.notifications.core.setting.PluginSettings$$Lambda/0x00007fcd2858e7f0
12106:             1             16  org.opensearch.notifications.core.setting.PluginSettings$$Lambda/0x00007fcd2858ea18
12107:             1             16  org.opensearch.notifications.core.setting.PluginSettings$$Lambda/0x00007fcd2858ec40
12108:             1             16  org.opensearch.notifications.core.setting.PluginSettings$$Lambda/0x00007fcd2858ee68
12109:             1             16  org.opensearch.notifications.core.setting.PluginSettings$$Lambda/0x00007fcd2858f090
12110:             1             16  org.opensearch.notifications.core.setting.PluginSettings$$Lambda/0x00007fcd2858f2b8
12111:             1             16  org.opensearch.notifications.core.setting.PluginSettings$$Lambda/0x00007fcd2858f4e0
12112:             1             16  org.opensearch.notifications.core.setting.PluginSettings$$Lambda/0x00007fcd2858f708
12113:             1             16  org.opensearch.notifications.core.setting.PluginSettings$$Lambda/0x00007fcd2858f930
12114:             1             16  org.opensearch.notifications.core.setting.PluginSettings$$Lambda/0x00007fcd2858fb58
12115:             1             16  org.opensearch.notifications.index.ConfigIndexingActions
12116:             1             16  org.opensearch.notifications.index.NotificationConfigIndex
12117:             1             16  org.opensearch.notifications.index.NotificationConfigIndex$searchHitParser$1
12118:             1             16  org.opensearch.notifications.resthandler.NotificationChannelListRestHandler$Companion
12119:             1             16  org.opensearch.notifications.resthandler.NotificationConfigRestHandler$Companion
12120:             1             16  org.opensearch.notifications.resthandler.NotificationFeaturesRestHandler$Companion
12121:             1             16  org.opensearch.notifications.resthandler.SendTestMessageRestHandler$Companion
12122:             1             16  org.opensearch.notifications.security.UserAccessManager
12123:             1             16  org.opensearch.notifications.send.SendMessageActionHelper
12124:             1             16  org.opensearch.notifications.settings.PluginSettings
12125:             1             16  org.opensearch.notifications.settings.PluginSettings$$Lambda/0x00007fcd28457dc8
12126:             1             16  org.opensearch.notifications.settings.PluginSettings$$Lambda/0x00007fcd28b00000
12127:             1             16  org.opensearch.notifications.util.SecureIndexClient
12128:             1             16  org.opensearch.observability.ObservabilityPlugin
12129:             1             16  org.opensearch.observability.ObservabilityPlugin$Companion
12130:             1             16  org.opensearch.observability.action.CreateObservabilityObjectAction$$Lambda/0x00007fcd28c84ec8
12131:             1             16  org.opensearch.observability.action.CreateObservabilityObjectAction$$Lambda/0x00007fcd28d942f0
12132:             1             16  org.opensearch.observability.action.CreateObservabilityObjectAction$Companion
12133:             1             16  org.opensearch.observability.action.DeleteObservabilityObjectAction$$Lambda/0x00007fcd28c85788
12134:             1             16  org.opensearch.observability.action.DeleteObservabilityObjectAction$$Lambda/0x00007fcd28d94508
12135:             1             16  org.opensearch.observability.action.DeleteObservabilityObjectAction$Companion
12136:             1             16  org.opensearch.observability.action.GetObservabilityObjectAction$$Lambda/0x00007fcd28c86050
12137:             1             16  org.opensearch.observability.action.GetObservabilityObjectAction$$Lambda/0x00007fcd28d94720
12138:             1             16  org.opensearch.observability.action.GetObservabilityObjectAction$Companion
12139:             1             16  org.opensearch.observability.action.PluginBaseAction$Companion
12140:             1             16  org.opensearch.observability.action.UpdateObservabilityObjectAction$$Lambda/0x00007fcd28c86910
12141:             1             16  org.opensearch.observability.action.UpdateObservabilityObjectAction$$Lambda/0x00007fcd28d94938
12142:             1             16  org.opensearch.observability.action.UpdateObservabilityObjectAction$Companion
12143:             1             16  org.opensearch.observability.index.ObservabilityIndex
12144:             1             16  org.opensearch.observability.index.ObservabilityIndex$searchHitParser$1
12145:             1             16  org.opensearch.observability.resthandler.ObservabilityRestHandler$Companion
12146:             1             16  org.opensearch.observability.resthandler.ObservabilityStatsRestHandler$Companion
12147:             1             16  org.opensearch.observability.settings.PluginSettings
12148:             1             16  org.opensearch.observability.settings.PluginSettings$$Lambda/0x00007fcd28597b40
12149:             1             16  org.opensearch.observability.settings.PluginSettings$$Lambda/0x00007fcd28597d78
12150:             1             16  org.opensearch.observability.settings.PluginSettings$$Lambda/0x00007fcd28afa000
12151:             1             16  org.opensearch.observability.settings.PluginSettings$$Lambda/0x00007fcd28afa228
12152:             1             16  org.opensearch.observability.settings.PluginSettings$$Lambda/0x00007fcd28afa450
12153:             1             16  org.opensearch.observability.settings.PluginSettings$$Lambda/0x00007fcd28afa678
12154:             1             16  org.opensearch.observability.settings.PluginSettings$$Lambda/0x00007fcd28afa8a0
12155:             1             16  org.opensearch.observability.settings.PluginSettings$$Lambda/0x00007fcd28afaac8
12156:             1             16  org.opensearch.observability.settings.PluginSettings$$Lambda/0x00007fcd28afacf0
12157:             1             16  org.opensearch.observability.settings.PluginSettings$$Lambda/0x00007fcd28afaf18
12158:             1             16  org.opensearch.observability.util.SecureIndexClient
12159:             1             16  org.opensearch.painless.CompilerSettings$$Lambda/0x00007fcd28226660
12160:             1             16  org.opensearch.painless.PainlessPlugin
12161:             1             16  org.opensearch.painless.PainlessPlugin$$Lambda/0x00007fcd28225990
12162:             1             16  org.opensearch.painless.PainlessPlugin$$Lambda/0x00007fcd28225bc8
12163:             1             16  org.opensearch.painless.PainlessPlugin$$Lambda/0x00007fcd28225df0
12164:             1             16  org.opensearch.painless.action.PainlessContextAction$$Lambda/0x00007fcd2861ede8
12165:             1             16  org.opensearch.painless.action.PainlessContextAction$TransportAction$$Lambda/0x00007fcd2861f830
12166:             1             16  org.opensearch.painless.action.PainlessExecuteAction$$Lambda/0x00007fcd2861e6d0
12167:             1             16  org.opensearch.painless.action.PainlessExecuteAction$TransportAction$$Lambda/0x00007fcd2861fa48
12168:             1             16  org.opensearch.painless.lookup.PainlessLookupBuilder$$Lambda/0x00007fcd285d4470
12169:             1             16  org.opensearch.painless.lookup.PainlessLookupBuilder$$Lambda/0x00007fcd285d48b0
12170:             1             16  org.opensearch.painless.lookup.PainlessLookupBuilder$$Lambda/0x00007fcd285d4ce8
12171:             1             16  org.opensearch.painless.lookup.PainlessLookupBuilder$$Lambda/0x00007fcd285d5128
12172:             1             16  org.opensearch.painless.lookup.PainlessLookupBuilder$$Lambda/0x00007fcd2860fd60
12173:             1             16  org.opensearch.painless.lookup.PainlessLookupBuilder$$Lambda/0x00007fcd2861e208
12174:             1             16  org.opensearch.painless.spi.WhitelistClass$$Lambda/0x00007fcd28220840
12175:             1             16  org.opensearch.painless.spi.WhitelistClass$$Lambda/0x00007fcd28220a78
12176:             1             16  org.opensearch.painless.spi.WhitelistClass$$Lambda/0x00007fcd28220cb0
12177:             1             16  org.opensearch.painless.spi.WhitelistConstructor$$Lambda/0x00007fcd28224cb8
12178:             1             16  org.opensearch.painless.spi.WhitelistConstructor$$Lambda/0x00007fcd28224ef0
12179:             1             16  org.opensearch.painless.spi.WhitelistConstructor$$Lambda/0x00007fcd28225128
12180:             1             16  org.opensearch.painless.spi.WhitelistMethod$$Lambda/0x00007fcd28224408
12181:             1             16  org.opensearch.painless.spi.WhitelistMethod$$Lambda/0x00007fcd28224640
12182:             1             16  org.opensearch.painless.spi.WhitelistMethod$$Lambda/0x00007fcd28224878
12183:             1             16  org.opensearch.painless.spi.annotation.DeprecatedAnnotationParser
12184:             1             16  org.opensearch.painless.spi.annotation.InjectConstantAnnotationParser
12185:             1             16  org.opensearch.painless.spi.annotation.NoImportAnnotation
12186:             1             16  org.opensearch.painless.spi.annotation.NoImportAnnotationParser
12187:             1             16  org.opensearch.painless.spi.annotation.NonDeterministicAnnotation
12188:             1             16  org.opensearch.painless.spi.annotation.NonDeterministicAnnotationParser
12189:             1             16  org.opensearch.painless.spi.annotation.WhitelistAnnotationParser$$Lambda/0x00007fcd2821bc80
12190:             1             16  org.opensearch.painless.spi.annotation.WhitelistAnnotationParser$$Lambda/0x00007fcd28220000
12191:             1             16  org.opensearch.percolator.PercolatorFieldMapper$TypeParser
12192:             1             16  org.opensearch.percolator.PercolatorFieldMapperExt$TypeParser
12193:             1             16  org.opensearch.percolator.PercolatorHighlightSubFetchPhase
12194:             1             16  org.opensearch.percolator.PercolatorHighlightSubFetchPhase
12195:             1             16  org.opensearch.percolator.PercolatorMatchedSlotSubFetchPhase
12196:             1             16  org.opensearch.percolator.PercolatorMatchedSlotSubFetchPhase
12197:             1             16  org.opensearch.percolator.PercolatorPlugin
12198:             1             16  org.opensearch.percolator.PercolatorPlugin$$Lambda/0x00007fcd2878c798
12199:             1             16  org.opensearch.percolator.PercolatorPlugin$$Lambda/0x00007fcd2878c9b0
12200:             1             16  org.opensearch.percolator.PercolatorPluginExt$$Lambda/0x00007fcd28621f38
12201:             1             16  org.opensearch.percolator.PercolatorPluginExt$$Lambda/0x00007fcd28622150
12202:             1             16  org.opensearch.performanceanalyzer.action.PerformanceAnalyzerActionFilter
12203:             1             16  org.opensearch.performanceanalyzer.collectors.NodeStatsAllShardsMetricsCollector$1$$Lambda/0x00007fcd284454b8
12204:             1             16  org.opensearch.performanceanalyzer.collectors.NodeStatsAllShardsMetricsCollector$1$$Lambda/0x00007fcd284456d0
12205:             1             16  org.opensearch.performanceanalyzer.collectors.NodeStatsAllShardsMetricsCollector$1$$Lambda/0x00007fcd284458e8
12206:             1             16  org.opensearch.performanceanalyzer.collectors.NodeStatsAllShardsMetricsCollector$1$$Lambda/0x00007fcd28445b00
12207:             1             16  org.opensearch.performanceanalyzer.collectors.NodeStatsAllShardsMetricsCollector$1$$Lambda/0x00007fcd28445d18
12208:             1             16  org.opensearch.performanceanalyzer.collectors.NodeStatsAllShardsMetricsCollector$1$$Lambda/0x00007fcd28445f30
12209:             1             16  org.opensearch.performanceanalyzer.collectors.NodeStatsAllShardsMetricsCollector$1$$Lambda/0x00007fcd28446148
12210:             1             16  org.opensearch.performanceanalyzer.collectors.NodeStatsAllShardsMetricsCollector$1$$Lambda/0x00007fcd28446360
12211:             1             16  org.opensearch.performanceanalyzer.collectors.NodeStatsAllShardsMetricsCollector$1$$Lambda/0x00007fcd28446578
12212:             1             16  org.opensearch.performanceanalyzer.collectors.NodeStatsAllShardsMetricsCollector$1$$Lambda/0x00007fcd28446790
12213:             1             16  org.opensearch.performanceanalyzer.collectors.telemetry.RTFNodeStatsAllShardsMetricsCollector$$Lambda/0x00007fcd2843f6e0
12214:             1             16  org.opensearch.performanceanalyzer.collectors.telemetry.RTFNodeStatsAllShardsMetricsCollector$$Lambda/0x00007fcd2843f8f8
12215:             1             16  org.opensearch.performanceanalyzer.collectors.telemetry.RTFNodeStatsAllShardsMetricsCollector$$Lambda/0x00007fcd2843fb10
12216:             1             16  org.opensearch.performanceanalyzer.collectors.telemetry.RTFNodeStatsAllShardsMetricsCollector$$Lambda/0x00007fcd2843fd28
12217:             1             16  org.opensearch.performanceanalyzer.collectors.telemetry.RTFNodeStatsAllShardsMetricsCollector$$Lambda/0x00007fcd28444000
12218:             1             16  org.opensearch.performanceanalyzer.collectors.telemetry.RTFNodeStatsAllShardsMetricsCollector$$Lambda/0x00007fcd28444218
12219:             1             16  org.opensearch.performanceanalyzer.collectors.telemetry.RTFNodeStatsAllShardsMetricsCollector$$Lambda/0x00007fcd28444430
12220:             1             16  org.opensearch.performanceanalyzer.collectors.telemetry.RTFNodeStatsAllShardsMetricsCollector$$Lambda/0x00007fcd28444648
12221:             1             16  org.opensearch.performanceanalyzer.collectors.telemetry.RTFNodeStatsAllShardsMetricsCollector$$Lambda/0x00007fcd28444860
12222:             1             16  org.opensearch.performanceanalyzer.collectors.telemetry.RTFNodeStatsAllShardsMetricsCollector$$Lambda/0x00007fcd28444a78
12223:             1             16  org.opensearch.performanceanalyzer.commons.config.ConfigStatus
12224:             1             16  org.opensearch.performanceanalyzer.commons.config.PluginSettings$$Lambda/0x00007fcd283f15c8
12225:             1             16  org.opensearch.performanceanalyzer.commons.metrics_generator.linux.LinuxOSMetricsGenerator
12226:             1             16  org.opensearch.performanceanalyzer.commons.stats.ServiceMetrics$$Lambda/0x00007fcd283edeb0
12227:             1             16  org.opensearch.performanceanalyzer.config.setting.ClusterSettingsManager$ClusterSettingsResponseHandler
12228:             1             16  org.opensearch.performanceanalyzer.http_action.whoami.TransportWhoAmIAction$$Lambda/0x00007fcd28c650b8
12229:             1             16  org.opensearch.performanceanalyzer.listener.NoOpSearchListener
12230:             1             16  org.opensearch.performanceanalyzer.transport.PerformanceAnalyzerTransportInterceptor
12231:             1             16  org.opensearch.performanceanalyzer.writer.EventLogQueueProcessor$$Lambda/0x00007fcd28440a20
12232:             1             16  org.opensearch.performanceanalyzer.writer.EventLogQueueProcessor$$Lambda/0x00007fcd28440c40
12233:             1             16  org.opensearch.persistent.CompletionPersistentTaskAction$$Lambda/0x00007fcd28bff5c0
12234:             1             16  org.opensearch.persistent.CompletionPersistentTaskAction$TransportAction$$Lambda/0x00007fcd28e22ac0
12235:             1             16  org.opensearch.persistent.NodePersistentTasksExecutor
12236:             1             16  org.opensearch.persistent.PersistentTasksClusterService$$Lambda/0x00007fcd28d10540
12237:             1             16  org.opensearch.persistent.PersistentTasksExecutorRegistry
12238:             1             16  org.opensearch.persistent.RemovePersistentTaskAction$$Lambda/0x00007fcd28bffa58
12239:             1             16  org.opensearch.persistent.RemovePersistentTaskAction$TransportAction$$Lambda/0x00007fcd28edd5e0
12240:             1             16  org.opensearch.persistent.StartPersistentTaskAction$$Lambda/0x00007fcd28bfec90
12241:             1             16  org.opensearch.persistent.StartPersistentTaskAction$TransportAction$$Lambda/0x00007fcd28e22470
12242:             1             16  org.opensearch.persistent.UpdatePersistentTaskStatusAction$$Lambda/0x00007fcd28bff128
12243:             1             16  org.opensearch.persistent.UpdatePersistentTaskStatusAction$TransportAction$$Lambda/0x00007fcd28f7e180
12244:             1             16  org.opensearch.persistent.decider.EnableAssignmentDecider
12245:             1             16  org.opensearch.persistent.decider.EnableAssignmentDecider$$Lambda/0x00007fcd286f43a0
12246:             1             16  org.opensearch.persistent.decider.EnableAssignmentDecider$$Lambda/0x00007fcd28d0bbe0
12247:             1             16  org.opensearch.plugin.repository.url.URLRepositoryPlugin
12248:             1             16  org.opensearch.plugins.MapperPlugin$$Lambda/0x00007fcd28213db8
12249:             1             16  org.opensearch.plugins.MapperPlugin$$Lambda/0x00007fcd28216000
12250:             1             16  org.opensearch.plugins.MetadataUpgrader
12251:             1             16  org.opensearch.plugins.MetadataUpgrader$$Lambda/0x00007fcd28ca2248
12252:             1             16  org.opensearch.plugins.PluginsService$$Lambda/0x00007fcd281eb350
12253:             1             16  org.opensearch.plugins.PluginsService$$Lambda/0x00007fcd28443220
12254:             1             16  org.opensearch.plugins.PluginsService$$Lambda/0x00007fcd28443458
12255:             1             16  org.opensearch.plugins.PluginsService$$Lambda/0x00007fcd28443690
12256:             1             16  org.opensearch.plugins.PluginsService$$Lambda/0x00007fcd2845e428
12257:             1             16  org.opensearch.plugins.PluginsService$$Lambda/0x00007fcd284a27a0
12258:             1             16  org.opensearch.plugins.PluginsService$$Lambda/0x00007fcd28542238
12259:             1             16  org.opensearch.plugins.PluginsService$$Lambda/0x00007fcd2854ed60
12260:             1             16  org.opensearch.plugins.TransportExceptionHandler$$Lambda/0x00007fcd28ca17c8
12261:             1             16  org.opensearch.ratelimitting.admissioncontrol.AdmissionControlSettings
12262:             1             16  org.opensearch.ratelimitting.admissioncontrol.AdmissionControlSettings$$Lambda/0x00007fcd28704fe0
12263:             1             16  org.opensearch.ratelimitting.admissioncontrol.AdmissionControlSettings$$Lambda/0x00007fcd28c9d418
12264:             1             16  org.opensearch.ratelimitting.admissioncontrol.settings.CpuBasedAdmissionControllerSettings$$Lambda/0x00007fcd28705458
12265:             1             16  org.opensearch.ratelimitting.admissioncontrol.settings.CpuBasedAdmissionControllerSettings$$Lambda/0x00007fcd28c9d648
12266:             1             16  org.opensearch.ratelimitting.admissioncontrol.settings.CpuBasedAdmissionControllerSettings$$Lambda/0x00007fcd28c9d878
12267:             1             16  org.opensearch.ratelimitting.admissioncontrol.settings.CpuBasedAdmissionControllerSettings$$Lambda/0x00007fcd28c9daa8
12268:             1             16  org.opensearch.ratelimitting.admissioncontrol.settings.CpuBasedAdmissionControllerSettings$$Lambda/0x00007fcd28c9dcd8
12269:             1             16  org.opensearch.ratelimitting.admissioncontrol.settings.IoBasedAdmissionControllerSettings$$Lambda/0x00007fcd287058d0
12270:             1             16  org.opensearch.ratelimitting.admissioncontrol.settings.IoBasedAdmissionControllerSettings$$Lambda/0x00007fcd28c9df08
12271:             1             16  org.opensearch.ratelimitting.admissioncontrol.settings.IoBasedAdmissionControllerSettings$$Lambda/0x00007fcd28c9e138
12272:             1             16  org.opensearch.ratelimitting.admissioncontrol.settings.IoBasedAdmissionControllerSettings$$Lambda/0x00007fcd28c9e368
12273:             1             16  org.opensearch.ratelimitting.admissioncontrol.transport.AdmissionControlTransportInterceptor
12274:             1             16  org.opensearch.replication.ReplicationPlugin$$Lambda/0x00007fcd285224f0
12275:             1             16  org.opensearch.replication.ReplicationPlugin$$Lambda/0x00007fcd285229c8
12276:             1             16  org.opensearch.replication.ReplicationPlugin$$Lambda/0x00007fcd28894000
12277:             1             16  org.opensearch.replication.ReplicationPlugin$$Lambda/0x00007fcd288944d0
12278:             1             16  org.opensearch.replication.ReplicationPlugin$$Lambda/0x00007fcd288949d8
12279:             1             16  org.opensearch.replication.ReplicationPlugin$$Lambda/0x00007fcd28894f18
12280:             1             16  org.opensearch.replication.ReplicationPlugin$$Lambda/0x00007fcd288953b8
12281:             1             16  org.opensearch.replication.ReplicationPlugin$$Lambda/0x00007fcd28895a80
12282:             1             16  org.opensearch.replication.ReplicationPlugin$$Lambda/0x00007fcd28895c98
12283:             1             16  org.opensearch.replication.ReplicationPlugin$$Lambda/0x00007fcd28898000
12284:             1             16  org.opensearch.replication.ReplicationPlugin$$Lambda/0x00007fcd28898218
12285:             1             16  org.opensearch.replication.ReplicationPlugin$$Lambda/0x00007fcd28898430
12286:             1             16  org.opensearch.replication.ReplicationPlugin$$Lambda/0x00007fcd28898648
12287:             1             16  org.opensearch.replication.ReplicationPlugin$$Lambda/0x00007fcd28898860
12288:             1             16  org.opensearch.replication.ReplicationPlugin$$Lambda/0x00007fcd29000d80
12289:             1             16  org.opensearch.replication.ReplicationPlugin$Companion
12290:             1             16  org.opensearch.replication.ReplicationSettings$$Lambda/0x00007fcd2889a2e0
12291:             1             16  org.opensearch.replication.ReplicationSettings$$Lambda/0x00007fcd2889a510
12292:             1             16  org.opensearch.replication.ReplicationSettings$$Lambda/0x00007fcd2889a740
12293:             1             16  org.opensearch.replication.ReplicationSettings$$Lambda/0x00007fcd2889a970
12294:             1             16  org.opensearch.replication.ReplicationSettings$$Lambda/0x00007fcd2889aba0
12295:             1             16  org.opensearch.replication.ReplicationSettings$$Lambda/0x00007fcd2889add0
12296:             1             16  org.opensearch.replication.ReplicationSettings$$Lambda/0x00007fcd2889b000
12297:             1             16  org.opensearch.replication.ReplicationSettings$$Lambda/0x00007fcd2889b230
12298:             1             16  org.opensearch.replication.ReplicationSettings$$Lambda/0x00007fcd2889b460
12299:             1             16  org.opensearch.replication.ReplicationSettings$$Lambda/0x00007fcd2889b690
12300:             1             16  org.opensearch.replication.ReplicationSettings$$Lambda/0x00007fcd2889b8c0
12301:             1             16  org.opensearch.replication.ReplicationSettings$$Lambda/0x00007fcd2889baf0
12302:             1             16  org.opensearch.replication.action.autofollow.AutoFollowClusterManagerNodeAction$$Lambda/0x00007fcd28c08860
12303:             1             16  org.opensearch.replication.action.autofollow.AutoFollowClusterManagerNodeAction$Companion
12304:             1             16  org.opensearch.replication.action.autofollow.TransportAutoFollowClusterManagerNodeAction$$Lambda/0x00007fcd28da1b30
12305:             1             16  org.opensearch.replication.action.autofollow.TransportAutoFollowClusterManagerNodeAction$Companion
12306:             1             16  org.opensearch.replication.action.autofollow.TransportUpdateAutoFollowPatternAction$$Lambda/0x00007fcd28e6d440
12307:             1             16  org.opensearch.replication.action.autofollow.TransportUpdateAutoFollowPatternAction$Companion
12308:             1             16  org.opensearch.replication.action.autofollow.UpdateAutoFollowPatternAction$$Lambda/0x00007fcd28c08000
12309:             1             16  org.opensearch.replication.action.autofollow.UpdateAutoFollowPatternAction$Companion
12310:             1             16  org.opensearch.replication.action.changes.GetChangesAction$$Lambda/0x00007fcd28974f10
12311:             1             16  org.opensearch.replication.action.changes.GetChangesAction$Companion
12312:             1             16  org.opensearch.replication.action.changes.TransportGetChangesAction$$Lambda/0x00007fcd28da0a70
12313:             1             16  org.opensearch.replication.action.changes.TransportGetChangesAction$$Lambda/0x00007fcd28da0c88
12314:             1             16  org.opensearch.replication.action.changes.TransportGetChangesAction$Companion
12315:             1             16  org.opensearch.replication.action.index.ReplicateIndexAction$$Lambda/0x00007fcd28975a38
12316:             1             16  org.opensearch.replication.action.index.ReplicateIndexAction$Companion
12317:             1             16  org.opensearch.replication.action.index.ReplicateIndexClusterManagerNodeAction$$Lambda/0x00007fcd28976490
12318:             1             16  org.opensearch.replication.action.index.ReplicateIndexClusterManagerNodeAction$Companion
12319:             1             16  org.opensearch.replication.action.index.TransportReplicateIndexAction$$Lambda/0x00007fcd28e6d658
12320:             1             16  org.opensearch.replication.action.index.TransportReplicateIndexAction$Companion
12321:             1             16  org.opensearch.replication.action.index.TransportReplicateIndexClusterManagerNodeAction$$Lambda/0x00007fcd28e6f7d8
12322:             1             16  org.opensearch.replication.action.index.TransportReplicateIndexClusterManagerNodeAction$Companion
12323:             1             16  org.opensearch.replication.action.index.block.TransportUpddateIndexBlockAction$$Lambda/0x00007fcd28e6cdf8
12324:             1             16  org.opensearch.replication.action.index.block.TransportUpddateIndexBlockAction$Companion
12325:             1             16  org.opensearch.replication.action.index.block.UpdateIndexBlockAction$$Lambda/0x00007fcd28c0b420
12326:             1             16  org.opensearch.replication.action.index.block.UpdateIndexBlockAction$Companion
12327:             1             16  org.opensearch.replication.action.pause.PauseIndexReplicationAction$$Lambda/0x00007fcd28c099e0
12328:             1             16  org.opensearch.replication.action.pause.PauseIndexReplicationAction$Companion
12329:             1             16  org.opensearch.replication.action.pause.TransportPauseIndexReplicationAction$$Lambda/0x00007fcd28e6d228
12330:             1             16  org.opensearch.replication.action.pause.TransportPauseIndexReplicationAction$Companion
12331:             1             16  org.opensearch.replication.action.replay.ReplayChangesAction$$Lambda/0x00007fcd28976fb0
12332:             1             16  org.opensearch.replication.action.replay.ReplayChangesAction$Companion
12333:             1             16  org.opensearch.replication.action.replay.TransportReplayChangesAction$$Lambda/0x00007fcd28da1d48
12334:             1             16  org.opensearch.replication.action.replay.TransportReplayChangesAction$$Lambda/0x00007fcd28da1f80
12335:             1             16  org.opensearch.replication.action.replay.TransportReplayChangesAction$$Lambda/0x00007fcd28da2198
12336:             1             16  org.opensearch.replication.action.replay.TransportReplayChangesAction$Companion
12337:             1             16  org.opensearch.replication.action.replicationstatedetails.TransportUpdateReplicationStateDetails$$Lambda/0x00007fcd28e6f3a8
12338:             1             16  org.opensearch.replication.action.replicationstatedetails.UpdateReplicationStateAction$$Lambda/0x00007fcd28c0deb8
12339:             1             16  org.opensearch.replication.action.replicationstatedetails.UpdateReplicationStateAction$Companion
12340:             1             16  org.opensearch.replication.action.repository.GetFileChunkAction$$Lambda/0x00007fcd28c01660
12341:             1             16  org.opensearch.replication.action.repository.GetFileChunkAction$Companion
12342:             1             16  org.opensearch.replication.action.repository.GetStoreMetadataAction$$Lambda/0x00007fcd28977b48
12343:             1             16  org.opensearch.replication.action.repository.GetStoreMetadataAction$Companion
12344:             1             16  org.opensearch.replication.action.repository.ReleaseLeaderResourcesAction$$Lambda/0x00007fcd28c0bce0
12345:             1             16  org.opensearch.replication.action.repository.ReleaseLeaderResourcesAction$Companion
12346:             1             16  org.opensearch.replication.action.repository.TransportGetFileChunkAction$$Lambda/0x00007fcd28e6e2e8
12347:             1             16  org.opensearch.replication.action.repository.TransportGetFileChunkAction$$Lambda/0x00007fcd28e6e500
12348:             1             16  org.opensearch.replication.action.repository.TransportGetFileChunkAction$Companion
12349:             1             16  org.opensearch.replication.action.repository.TransportGetStoreMetadataAction$$Lambda/0x00007fcd28da12d0
12350:             1             16  org.opensearch.replication.action.repository.TransportGetStoreMetadataAction$$Lambda/0x00007fcd28da14e8
12351:             1             16  org.opensearch.replication.action.repository.TransportGetStoreMetadataAction$Companion
12352:             1             16  org.opensearch.replication.action.repository.TransportReleaseLeaderResourcesAction$$Lambda/0x00007fcd28da1700
12353:             1             16  org.opensearch.replication.action.repository.TransportReleaseLeaderResourcesAction$$Lambda/0x00007fcd28da1918
12354:             1             16  org.opensearch.replication.action.repository.TransportReleaseLeaderResourcesAction$Companion
12355:             1             16  org.opensearch.replication.action.resume.ResumeIndexReplicationAction$$Lambda/0x00007fcd28c0a2a0
12356:             1             16  org.opensearch.replication.action.resume.ResumeIndexReplicationAction$Companion
12357:             1             16  org.opensearch.replication.action.resume.TransportResumeIndexReplicationAction$$Lambda/0x00007fcd28da0ea0
12358:             1             16  org.opensearch.replication.action.resume.TransportResumeIndexReplicationAction$Companion
12359:             1             16  org.opensearch.replication.action.setup.SetupChecksAction$$Lambda/0x00007fcd28c0d670
12360:             1             16  org.opensearch.replication.action.setup.SetupChecksAction$Companion
12361:             1             16  org.opensearch.replication.action.setup.TransportSetupChecksAction$$Lambda/0x00007fcd28e6e718
12362:             1             16  org.opensearch.replication.action.setup.TransportSetupChecksAction$Companion
12363:             1             16  org.opensearch.replication.action.setup.TransportValidatePermissionsAction$$Lambda/0x00007fcd28e6d010
12364:             1             16  org.opensearch.replication.action.setup.TransportValidatePermissionsAction$Companion
12365:             1             16  org.opensearch.replication.action.setup.ValidatePermissionsAction$$Lambda/0x00007fcd28c0ce28
12366:             1             16  org.opensearch.replication.action.setup.ValidatePermissionsAction$Companion
12367:             1             16  org.opensearch.replication.action.stats.AutoFollowStatsAction$$Lambda/0x00007fcd28c114b0
12368:             1             16  org.opensearch.replication.action.stats.AutoFollowStatsAction$Companion
12369:             1             16  org.opensearch.replication.action.stats.FollowerStatsAction$$Lambda/0x00007fcd28c10968
12370:             1             16  org.opensearch.replication.action.stats.FollowerStatsAction$Companion
12371:             1             16  org.opensearch.replication.action.stats.LeaderStatsAction$$Lambda/0x00007fcd28c10000
12372:             1             16  org.opensearch.replication.action.stats.LeaderStatsAction$Companion
12373:             1             16  org.opensearch.replication.action.stats.TransportAutoFollowStatsAction$$Lambda/0x00007fcd28e6dca0
12374:             1             16  org.opensearch.replication.action.stats.TransportAutoFollowStatsAction$$Lambda/0x00007fcd28e6deb8
12375:             1             16  org.opensearch.replication.action.stats.TransportAutoFollowStatsAction$$Lambda/0x00007fcd28e6e0d0
12376:             1             16  org.opensearch.replication.action.stats.TransportAutoFollowStatsAction$Companion
12377:             1             16  org.opensearch.replication.action.stats.TransportFollowerStatsAction$$Lambda/0x00007fcd28e6eb48
12378:             1             16  org.opensearch.replication.action.stats.TransportFollowerStatsAction$$Lambda/0x00007fcd28e6ed60
12379:             1             16  org.opensearch.replication.action.stats.TransportFollowerStatsAction$Companion
12380:             1             16  org.opensearch.replication.action.stats.TransportLeaderStatsAction$$Lambda/0x00007fcd28e6d870
12381:             1             16  org.opensearch.replication.action.stats.TransportLeaderStatsAction$$Lambda/0x00007fcd28e6da88
12382:             1             16  org.opensearch.replication.action.stats.TransportLeaderStatsAction$Companion
12383:             1             16  org.opensearch.replication.action.status.ReplicationStatusAction$$Lambda/0x00007fcd28c0f2d8
12384:             1             16  org.opensearch.replication.action.status.ReplicationStatusAction$Companion
12385:             1             16  org.opensearch.replication.action.status.ShardsInfoAction$$Lambda/0x00007fcd28c0ea40
12386:             1             16  org.opensearch.replication.action.status.ShardsInfoAction$Companion
12387:             1             16  org.opensearch.replication.action.status.TranportShardsInfoAction$$Lambda/0x00007fcd28e6e930
12388:             1             16  org.opensearch.replication.action.status.TranportShardsInfoAction$Companion
12389:             1             16  org.opensearch.replication.action.status.TransportReplicationStatusAction$$Lambda/0x00007fcd28e6ef78
12390:             1             16  org.opensearch.replication.action.status.TransportReplicationStatusAction$Companion
12391:             1             16  org.opensearch.replication.action.stop.StopIndexReplicationAction$$Lambda/0x00007fcd28c09120
12392:             1             16  org.opensearch.replication.action.stop.StopIndexReplicationAction$Companion
12393:             1             16  org.opensearch.replication.action.stop.TransportStopIndexReplicationAction$$Lambda/0x00007fcd28e6f190
12394:             1             16  org.opensearch.replication.action.stop.TransportStopIndexReplicationAction$Companion
12395:             1             16  org.opensearch.replication.action.update.TransportUpdateIndexReplicationAction$$Lambda/0x00007fcd28e6f9f0
12396:             1             16  org.opensearch.replication.action.update.TransportUpdateIndexReplicationAction$Companion
12397:             1             16  org.opensearch.replication.action.update.UpdateIndexReplicationAction$$Lambda/0x00007fcd28c0ab60
12398:             1             16  org.opensearch.replication.action.update.UpdateIndexReplicationAction$Companion
12399:             1             16  org.opensearch.replication.metadata.ReplicationMetadataManager$Companion
12400:             1             16  org.opensearch.replication.metadata.TransportUpdateMetadataAction$$Lambda/0x00007fcd28e6f5c0
12401:             1             16  org.opensearch.replication.metadata.TransportUpdateMetadataAction$Companion
12402:             1             16  org.opensearch.replication.metadata.UpdateMetadataAction$$Lambda/0x00007fcd28c0c580
12403:             1             16  org.opensearch.replication.metadata.UpdateMetadataAction$Companion
12404:             1             16  org.opensearch.replication.metadata.store.ReplicationMetadataStore$Companion
12405:             1             16  org.opensearch.replication.repository.RemoteClusterRepositoriesService
12406:             1             16  org.opensearch.replication.repository.RemoteClusterRepositoriesService$$Lambda/0x00007fcd28974000
12407:             1             16  org.opensearch.replication.repository.RemoteClusterRepositoriesService$$Lambda/0x00007fcd28974230
12408:             1             16  org.opensearch.replication.repository.RemoteClusterRepositoriesService$$Lambda/0x00007fcd28974458
12409:             1             16  org.opensearch.replication.repository.RemoteClusterRepositoriesService$$Lambda/0x00007fcd28974688
12410:             1             16  org.opensearch.replication.rest.AutoFollowStatsHandler$Companion
12411:             1             16  org.opensearch.replication.rest.FollowerStatsHandler$Companion
12412:             1             16  org.opensearch.replication.rest.LeaderStatsHandler$Companion
12413:             1             16  org.opensearch.replication.rest.PauseIndexReplicationHandler$Companion
12414:             1             16  org.opensearch.replication.rest.ReplicationStatusHandler$Companion
12415:             1             16  org.opensearch.replication.rest.ResumeIndexReplicationHandler$Companion
12416:             1             16  org.opensearch.replication.rest.UpdateAutoFollowPatternsHandler$Companion
12417:             1             16  org.opensearch.replication.seqno.RemoteClusterTranslogService$Companion
12418:             1             16  org.opensearch.replication.task.autofollow.AutoFollowExecutor$Companion
12419:             1             16  org.opensearch.replication.task.autofollow.AutoFollowStat$Companion
12420:             1             16  org.opensearch.replication.task.index.IndexReplicationExecutor$Companion
12421:             1             16  org.opensearch.replication.task.index.IndexReplicationState$$Lambda/0x00007fcd28d0c660
12422:             1             16  org.opensearch.replication.task.index.IndexReplicationState$$Lambda/0x00007fcd28d0c878
12423:             1             16  org.opensearch.replication.task.index.IndexReplicationState$Companion
12424:             1             16  org.opensearch.replication.task.index.InitialState
12425:             1             16  org.opensearch.replication.task.shard.FollowerClusterStats
12426:             1             16  org.opensearch.replication.task.shard.ShardReplicationExecutor$Companion
12427:             1             16  org.opensearch.replication.util.ValidationUtil
12428:             1             16  org.opensearch.reportsscheduler.ReportsSchedulerPlugin
12429:             1             16  org.opensearch.reportsscheduler.ReportsSchedulerPlugin$Companion
12430:             1             16  org.opensearch.reportsscheduler.action.CreateReportDefinitionAction$$Lambda/0x00007fcd289796f8
12431:             1             16  org.opensearch.reportsscheduler.action.CreateReportDefinitionAction$$Lambda/0x00007fcd28d81cf0
12432:             1             16  org.opensearch.reportsscheduler.action.CreateReportDefinitionAction$Companion
12433:             1             16  org.opensearch.reportsscheduler.action.DeleteReportDefinitionAction$$Lambda/0x00007fcd28979fb8
12434:             1             16  org.opensearch.reportsscheduler.action.DeleteReportDefinitionAction$$Lambda/0x00007fcd28d82120
12435:             1             16  org.opensearch.reportsscheduler.action.DeleteReportDefinitionAction$Companion
12436:             1             16  org.opensearch.reportsscheduler.action.GetAllReportDefinitionsAction$$Lambda/0x00007fcd2897a880
12437:             1             16  org.opensearch.reportsscheduler.action.GetAllReportDefinitionsAction$$Lambda/0x00007fcd28d82338
12438:             1             16  org.opensearch.reportsscheduler.action.GetAllReportDefinitionsAction$Companion
12439:             1             16  org.opensearch.reportsscheduler.action.GetAllReportInstancesAction$$Lambda/0x00007fcd2897b148
12440:             1             16  org.opensearch.reportsscheduler.action.GetAllReportInstancesAction$$Lambda/0x00007fcd28d81490
12441:             1             16  org.opensearch.reportsscheduler.action.GetAllReportInstancesAction$Companion
12442:             1             16  org.opensearch.reportsscheduler.action.GetReportDefinitionAction$$Lambda/0x00007fcd2897ba10
12443:             1             16  org.opensearch.reportsscheduler.action.GetReportDefinitionAction$$Lambda/0x00007fcd28d816a8
12444:             1             16  org.opensearch.reportsscheduler.action.GetReportDefinitionAction$Companion
12445:             1             16  org.opensearch.reportsscheduler.action.GetReportInstanceAction$$Lambda/0x00007fcd28c14498
12446:             1             16  org.opensearch.reportsscheduler.action.GetReportInstanceAction$$Lambda/0x00007fcd28d81f08
12447:             1             16  org.opensearch.reportsscheduler.action.GetReportInstanceAction$Companion
12448:             1             16  org.opensearch.reportsscheduler.action.InContextReportCreateAction$$Lambda/0x00007fcd28c14d60
12449:             1             16  org.opensearch.reportsscheduler.action.InContextReportCreateAction$$Lambda/0x00007fcd28d82550
12450:             1             16  org.opensearch.reportsscheduler.action.InContextReportCreateAction$Companion
12451:             1             16  org.opensearch.reportsscheduler.action.OnDemandReportCreateAction$$Lambda/0x00007fcd28c15628
12452:             1             16  org.opensearch.reportsscheduler.action.OnDemandReportCreateAction$$Lambda/0x00007fcd28c17d48
12453:             1             16  org.opensearch.reportsscheduler.action.OnDemandReportCreateAction$Companion
12454:             1             16  org.opensearch.reportsscheduler.action.PluginBaseAction$Companion
12455:             1             16  org.opensearch.reportsscheduler.action.UpdateReportDefinitionAction$$Lambda/0x00007fcd28c15ee8
12456:             1             16  org.opensearch.reportsscheduler.action.UpdateReportDefinitionAction$$Lambda/0x00007fcd28d81ad8
12457:             1             16  org.opensearch.reportsscheduler.action.UpdateReportDefinitionAction$Companion
12458:             1             16  org.opensearch.reportsscheduler.action.UpdateReportInstanceStatusAction$$Lambda/0x00007fcd28c167a8
12459:             1             16  org.opensearch.reportsscheduler.action.UpdateReportInstanceStatusAction$$Lambda/0x00007fcd28d818c0
12460:             1             16  org.opensearch.reportsscheduler.action.UpdateReportInstanceStatusAction$Companion
12461:             1             16  org.opensearch.reportsscheduler.index.ReportDefinitionsIndex
12462:             1             16  org.opensearch.reportsscheduler.index.ReportInstancesIndex
12463:             1             16  org.opensearch.reportsscheduler.resthandler.OnDemandReportRestHandler$Companion
12464:             1             16  org.opensearch.reportsscheduler.resthandler.ReportDefinitionListRestHandler$Companion
12465:             1             16  org.opensearch.reportsscheduler.resthandler.ReportDefinitionRestHandler$Companion
12466:             1             16  org.opensearch.reportsscheduler.resthandler.ReportInstanceListRestHandler$Companion
12467:             1             16  org.opensearch.reportsscheduler.resthandler.ReportInstanceRestHandler$Companion
12468:             1             16  org.opensearch.reportsscheduler.resthandler.ReportStatsRestHandler$Companion
12469:             1             16  org.opensearch.reportsscheduler.scheduler.ReportDefinitionJobParser
12470:             1             16  org.opensearch.reportsscheduler.scheduler.ReportDefinitionJobRunner
12471:             1             16  org.opensearch.reportsscheduler.settings.PluginSettings
12472:             1             16  org.opensearch.reportsscheduler.settings.PluginSettings$$Lambda/0x00007fcd28577600
12473:             1             16  org.opensearch.reportsscheduler.settings.PluginSettings$$Lambda/0x00007fcd28577828
12474:             1             16  org.opensearch.repositories.RepositoriesService$$Lambda/0x00007fcd28cef878
12475:             1             16  org.opensearch.repositories.VerifyNodeRepositoryAction$$Lambda/0x00007fcd28cef228
12476:             1             16  org.opensearch.repositories.VerifyNodeRepositoryAction$VerifyNodeRepositoryRequestHandler
12477:             1             16  org.opensearch.repositories.blobstore.BlobStoreRepository$$Lambda/0x00007fcd28531058
12478:             1             16  org.opensearch.repositories.blobstore.BlobStoreRepository$$Lambda/0x00007fcd28532538
12479:             1             16  org.opensearch.repositories.blobstore.BlobStoreRepository$$Lambda/0x00007fcd28532d70
12480:             1             16  org.opensearch.repositories.blobstore.BlobStoreRepository$$Lambda/0x00007fcd285331e8
12481:             1             16  org.opensearch.repositories.blobstore.BlobStoreRepository$$Lambda/0x00007fcd285338b8
12482:             1             16  org.opensearch.repositories.blobstore.BlobStoreRepository$$Lambda/0x00007fcd28533dc8
12483:             1             16  org.opensearch.repositories.blobstore.BlobStoreRepository$$Lambda/0x00007fcd28534298
12484:             1             16  org.opensearch.repositories.blobstore.BlobStoreRepository$$Lambda/0x00007fcd291bc448
12485:             1             16  org.opensearch.repositories.s3.S3ClientSettings$$Lambda/0x00007fcd283c4888
12486:             1             16  org.opensearch.repositories.s3.S3ClientSettings$$Lambda/0x00007fcd283c4ac0
12487:             1             16  org.opensearch.repositories.s3.S3ClientSettings$$Lambda/0x00007fcd283c4cf8
12488:             1             16  org.opensearch.repositories.s3.S3ClientSettings$$Lambda/0x00007fcd283c4f30
12489:             1             16  org.opensearch.repositories.s3.S3ClientSettings$$Lambda/0x00007fcd283c5168
12490:             1             16  org.opensearch.repositories.s3.S3ClientSettings$$Lambda/0x00007fcd283c53a0
12491:             1             16  org.opensearch.repositories.s3.S3ClientSettings$$Lambda/0x00007fcd283c55d8
12492:             1             16  org.opensearch.repositories.s3.S3ClientSettings$$Lambda/0x00007fcd283c5810
12493:             1             16  org.opensearch.repositories.s3.S3ClientSettings$$Lambda/0x00007fcd283c5a48
12494:             1             16  org.opensearch.repositories.s3.S3ClientSettings$$Lambda/0x00007fcd283c5ec0
12495:             1             16  org.opensearch.repositories.s3.S3ClientSettings$$Lambda/0x00007fcd283c60f8
12496:             1             16  org.opensearch.repositories.s3.S3ClientSettings$$Lambda/0x00007fcd283c6570
12497:             1             16  org.opensearch.repositories.s3.S3ClientSettings$$Lambda/0x00007fcd283c67a8
12498:             1             16  org.opensearch.repositories.s3.S3ClientSettings$$Lambda/0x00007fcd283c69e0
12499:             1             16  org.opensearch.repositories.s3.S3ClientSettings$$Lambda/0x00007fcd283c6c18
12500:             1             16  org.opensearch.repositories.s3.S3ClientSettings$$Lambda/0x00007fcd283c6e50
12501:             1             16  org.opensearch.repositories.s3.S3ClientSettings$$Lambda/0x00007fcd283c7088
12502:             1             16  org.opensearch.repositories.s3.S3ClientSettings$$Lambda/0x00007fcd283c72c0
12503:             1             16  org.opensearch.repositories.s3.S3ClientSettings$$Lambda/0x00007fcd283c74f8
12504:             1             16  org.opensearch.repositories.s3.S3ClientSettings$$Lambda/0x00007fcd283c7730
12505:             1             16  org.opensearch.repositories.s3.S3ClientSettings$$Lambda/0x00007fcd283c7968
12506:             1             16  org.opensearch.repositories.s3.S3ClientSettings$$Lambda/0x00007fcd283c7ba0
12507:             1             16  org.opensearch.repositories.s3.S3ClientSettings$$Lambda/0x00007fcd283c8000
12508:             1             16  org.opensearch.repositories.s3.S3ClientSettings$$Lambda/0x00007fcd283c8238
12509:             1             16  org.opensearch.repositories.s3.S3ClientSettings$$Lambda/0x00007fcd283c8470
12510:             1             16  org.opensearch.repositories.s3.S3ClientSettings$$Lambda/0x00007fcd283c86a8
12511:             1             16  org.opensearch.repositories.s3.S3ClientSettings$$Lambda/0x00007fcd283c88e0
12512:             1             16  org.opensearch.repositories.s3.S3ClientSettings$$Lambda/0x00007fcd283c8b18
12513:             1             16  org.opensearch.repositories.s3.S3ClientSettings$$Lambda/0x00007fcd283c8d50
12514:             1             16  org.opensearch.repositories.s3.S3ClientSettings$$Lambda/0x00007fcd283c8f88
12515:             1             16  org.opensearch.repositories.s3.S3Repository$$Lambda/0x00007fcd285285f0
12516:             1             16  org.opensearch.repositories.s3.S3Repository$$Lambda/0x00007fcd28528828
12517:             1             16  org.opensearch.repositories.s3.async.TransferSemaphoresHolder$$Lambda/0x00007fcd28a85110
12518:             1             16  org.opensearch.repositories.s3.async.TransferSemaphoresHolder$$Lambda/0x00007fcd28a85340
12519:             1             16  org.opensearch.repositories.url.URLRepository$$Lambda/0x00007fcd28214af0
12520:             1             16  org.opensearch.repositories.url.URLRepository$$Lambda/0x00007fcd28214d28
12521:             1             16  org.opensearch.repositories.url.URLRepository$$Lambda/0x00007fcd285485d8
12522:             1             16  org.opensearch.repositories.url.URLRepository$$Lambda/0x00007fcd28548810
12523:             1             16  org.opensearch.rest.RestController$$Lambda/0x00007fcd28c9a520
12524:             1             16  org.opensearch.rest.RestUtils$1
12525:             1             16  org.opensearch.rest.action.admin.cluster.RestClusterRerouteAction$$Lambda/0x00007fcd28fc8240
12526:             1             16  org.opensearch.rest.action.admin.cluster.RestClusterRerouteAction$$Lambda/0x00007fcd28fc8458
12527:             1             16  org.opensearch.rest.action.admin.cluster.RestNodesStatsAction$$Lambda/0x00007fcd28fc5cf8
12528:             1             16  org.opensearch.rest.action.admin.cluster.RestReloadSecureSettingsAction$$Lambda/0x00007fcd28fd4020
12529:             1             16  org.opensearch.rest.action.admin.cluster.RestReloadSecureSettingsAction$$Lambda/0x00007fcd28fd4238
12530:             1             16  org.opensearch.script.AbstractSortScript$$Lambda/0x00007fcd285ce0d8
12531:             1             16  org.opensearch.script.AbstractSortScript$$Lambda/0x00007fcd285ce310
12532:             1             16  org.opensearch.script.AbstractSortScript$$Lambda/0x00007fcd285ce548
12533:             1             16  org.opensearch.script.AggregationScript$$Lambda/0x00007fcd285cd598
12534:             1             16  org.opensearch.script.AggregationScript$$Lambda/0x00007fcd285cd7d0
12535:             1             16  org.opensearch.script.AggregationScript$$Lambda/0x00007fcd285cda08
12536:             1             16  org.opensearch.script.DerivedFieldScript$$Lambda/0x00007fcd2822cce0
12537:             1             16  org.opensearch.script.DerivedFieldScript$$Lambda/0x00007fcd2822cf18
12538:             1             16  org.opensearch.script.FieldScript$$Lambda/0x00007fcd285cc2a8
12539:             1             16  org.opensearch.script.FieldScript$$Lambda/0x00007fcd285cc4e0
12540:             1             16  org.opensearch.script.FieldScript$$Lambda/0x00007fcd285cc718
12541:             1             16  org.opensearch.script.ScoreScript$$Lambda/0x00007fcd2821d7b8
12542:             1             16  org.opensearch.script.ScoreScript$$Lambda/0x00007fcd2821d9f0
12543:             1             16  org.opensearch.script.ScoreScript$$Lambda/0x00007fcd2821dc28
12544:             1             16  org.opensearch.script.Script$$Lambda/0x00007fcd2879ebb0
12545:             1             16  org.opensearch.script.Script$$Lambda/0x00007fcd2879edc8
12546:             1             16  org.opensearch.script.Script$$Lambda/0x00007fcd2879eff0
12547:             1             16  org.opensearch.script.Script$$Lambda/0x00007fcd2879f208
12548:             1             16  org.opensearch.script.Script$$Lambda/0x00007fcd2879f430
12549:             1             16  org.opensearch.script.Script$$Lambda/0x00007fcd2879f658
12550:             1             16  org.opensearch.script.Script$$Lambda/0x00007fcd2879f880
12551:             1             16  org.opensearch.script.Script$$Lambda/0x00007fcd2879fa98
12552:             1             16  org.opensearch.script.Script$$Lambda/0x00007fcd2879fcc0
12553:             1             16  org.opensearch.script.Script$$Lambda/0x00007fcd287a0000
12554:             1             16  org.opensearch.script.ScriptModule$$Lambda/0x00007fcd285d2e78
12555:             1             16  org.opensearch.script.ScriptService$$Lambda/0x00007fcd28626440
12556:             1             16  org.opensearch.script.ScriptService$$Lambda/0x00007fcd28626678
12557:             1             16  org.opensearch.script.ScriptService$$Lambda/0x00007fcd286268b0
12558:             1             16  org.opensearch.script.ScriptService$$Lambda/0x00007fcd28626ae8
12559:             1             16  org.opensearch.script.ScriptService$$Lambda/0x00007fcd28626d20
12560:             1             16  org.opensearch.script.ScriptService$$Lambda/0x00007fcd28708860
12561:             1             16  org.opensearch.script.ScriptService$$Lambda/0x00007fcd28709160
12562:             1             16  org.opensearch.script.ScriptService$$Lambda/0x00007fcd28709390
12563:             1             16  org.opensearch.script.ScriptedMetricAggContexts$MapScript$$Lambda/0x00007fcd2845ca58
12564:             1             16  org.opensearch.script.ScriptedMetricAggContexts$MapScript$$Lambda/0x00007fcd2845cc90
12565:             1             16  org.opensearch.script.ScriptedMetricAggContexts$MapScript$$Lambda/0x00007fcd2845cec8
12566:             1             16  org.opensearch.script.ScriptedMetricAggContexts$MapScript$$Lambda/0x00007fcd2845d100
12567:             1             16  org.opensearch.script.TermsSetQueryScript$$Lambda/0x00007fcd285cf7d0
12568:             1             16  org.opensearch.script.TermsSetQueryScript$$Lambda/0x00007fcd285cfa08
12569:             1             16  org.opensearch.script.TermsSetQueryScript$$Lambda/0x00007fcd285cfc40
12570:             1             16  org.opensearch.script.expression.ExpressionPlugin
12571:             1             16  org.opensearch.script.expression.ExpressionScriptEngine
12572:             1             16  org.opensearch.script.expression.ExpressionScriptEngine$$Lambda/0x00007fcd28628668
12573:             1             16  org.opensearch.script.expression.ExpressionScriptEngine$$Lambda/0x00007fcd286288a0
12574:             1             16  org.opensearch.script.expression.ExpressionScriptEngine$$Lambda/0x00007fcd28628ad8
12575:             1             16  org.opensearch.script.expression.ExpressionScriptEngine$$Lambda/0x00007fcd28628d10
12576:             1             16  org.opensearch.script.expression.ExpressionScriptEngine$$Lambda/0x00007fcd28628f48
12577:             1             16  org.opensearch.script.expression.ExpressionScriptEngine$$Lambda/0x00007fcd28629180
12578:             1             16  org.opensearch.script.expression.ExpressionScriptEngine$$Lambda/0x00007fcd286293b8
12579:             1             16  org.opensearch.script.expression.ExpressionScriptEngine$$Lambda/0x00007fcd286295f0
12580:             1             16  org.opensearch.script.mustache.MultiSearchTemplateAction$$Lambda/0x00007fcd28c00b40
12581:             1             16  org.opensearch.script.mustache.MustachePlugin
12582:             1             16  org.opensearch.script.mustache.MustacheScriptEngine
12583:             1             16  org.opensearch.script.mustache.RenderSearchTemplateAction$$Lambda/0x00007fcd28c00430
12584:             1             16  org.opensearch.script.mustache.SearchTemplateAction$$Lambda/0x00007fcd28c00000
12585:             1             16  org.opensearch.script.mustache.TransportMultiSearchTemplateAction$$Lambda/0x00007fcd28d846c8
12586:             1             16  org.opensearch.script.mustache.TransportSearchTemplateAction$$Lambda/0x00007fcd28d848e0
12587:             1             16  org.opensearch.script.mustache.TransportSearchTemplateAction$$Lambda/0x00007fcd28d84af8
12588:             1             16  org.opensearch.search.DocValueFormat$1
12589:             1             16  org.opensearch.search.DocValueFormat$2
12590:             1             16  org.opensearch.search.DocValueFormat$3
12591:             1             16  org.opensearch.search.DocValueFormat$4
12592:             1             16  org.opensearch.search.DocValueFormat$5
12593:             1             16  org.opensearch.search.DocValueFormat$6
12594:             1             16  org.opensearch.search.DocValueFormat$7
12595:             1             16  org.opensearch.search.DocValueFormat$8
12596:             1             16  org.opensearch.search.RescoreDocIds
12597:             1             16  org.opensearch.search.RescoreDocIds$$Lambda/0x00007fcd29213a10
12598:             1             16  org.opensearch.search.RescoreDocIds$$Lambda/0x00007fcd29213c28
12599:             1             16  org.opensearch.search.RescoreDocIds$$Lambda/0x00007fcd293d4400
12600:             1             16  org.opensearch.search.RescoreDocIds$$Lambda/0x00007fcd293d4800
12601:             1             16  org.opensearch.search.RescoreDocIds$$Lambda/0x00007fcd293d4a18
12602:             1             16  org.opensearch.search.RescoreDocIds$$Lambda/0x00007fcd293d4c30
12603:             1             16  org.opensearch.search.SearchHit$$Lambda/0x00007fcd29214038
12604:             1             16  org.opensearch.search.SearchHit$$Lambda/0x00007fcd29214250
12605:             1             16  org.opensearch.search.SearchHit$$Lambda/0x00007fcd292148c8
12606:             1             16  org.opensearch.search.SearchHit$$Lambda/0x00007fcd29214af0
12607:             1             16  org.opensearch.search.SearchHit$$Lambda/0x00007fcd29214d18
12608:             1             16  org.opensearch.search.SearchHit$$Lambda/0x00007fcd29214f40
12609:             1             16  org.opensearch.search.SearchHit$$Lambda/0x00007fcd29215168
12610:             1             16  org.opensearch.search.SearchHit$$Lambda/0x00007fcd29215380
12611:             1             16  org.opensearch.search.SearchHit$$Lambda/0x00007fcd292155a8
12612:             1             16  org.opensearch.search.SearchHit$$Lambda/0x00007fcd292157d0
12613:             1             16  org.opensearch.search.SearchHit$$Lambda/0x00007fcd292159f8
12614:             1             16  org.opensearch.search.SearchHit$$Lambda/0x00007fcd29215c20
12615:             1             16  org.opensearch.search.SearchHit$$Lambda/0x00007fcd29215e38
12616:             1             16  org.opensearch.search.SearchHit$$Lambda/0x00007fcd29216060
12617:             1             16  org.opensearch.search.SearchHit$$Lambda/0x00007fcd29216278
12618:             1             16  org.opensearch.search.SearchHit$$Lambda/0x00007fcd292164a0
12619:             1             16  org.opensearch.search.SearchHit$$Lambda/0x00007fcd292166b8
12620:             1             16  org.opensearch.search.SearchHit$$Lambda/0x00007fcd292168e0
12621:             1             16  org.opensearch.search.SearchHit$$Lambda/0x00007fcd29216af8
12622:             1             16  org.opensearch.search.SearchHit$$Lambda/0x00007fcd29216d20
12623:             1             16  org.opensearch.search.SearchHit$$Lambda/0x00007fcd29218a88
12624:             1             16  org.opensearch.search.SearchHit$$Lambda/0x00007fcd29218cb0
12625:             1             16  org.opensearch.search.SearchHit$$Lambda/0x00007fcd29219268
12626:             1             16  org.opensearch.search.SearchHit$$Lambda/0x00007fcd292196a8
12627:             1             16  org.opensearch.search.SearchHit$$Lambda/0x00007fcd29219cf0
12628:             1             16  org.opensearch.search.SearchHit$$Lambda/0x00007fcd2921b188
12629:             1             16  org.opensearch.search.SearchHit$$Lambda/0x00007fcd2921bc10
12630:             1             16  org.opensearch.search.SearchHit$$Lambda/0x00007fcd29220000
12631:             1             16  org.opensearch.search.SearchHit$$Lambda/0x00007fcd29220218
12632:             1             16  org.opensearch.search.SearchHit$$Lambda/0x00007fcd29220700
12633:             1             16  org.opensearch.search.SearchHit$$Lambda/0x00007fcd29220918
12634:             1             16  org.opensearch.search.SearchHit$$Lambda/0x00007fcd29220b30
12635:             1             16  org.opensearch.search.SearchHit$$Lambda/0x00007fcd292215a8
12636:             1             16  org.opensearch.search.SearchHits$$Lambda/0x00007fcd292217c0
12637:             1             16  org.opensearch.search.SearchHits$$Lambda/0x00007fcd292219d8
12638:             1             16  org.opensearch.search.SearchHits$$Lambda/0x00007fcd29221bf0
12639:             1             16  org.opensearch.search.SearchHits$$Lambda/0x00007fcd29221e08
12640:             1             16  org.opensearch.search.SearchModule$$Lambda/0x00007fcd2874b5e0
12641:             1             16  org.opensearch.search.SearchModule$$Lambda/0x00007fcd2874ba30
12642:             1             16  org.opensearch.search.SearchModule$$Lambda/0x00007fcd28754240
12643:             1             16  org.opensearch.search.SearchModule$$Lambda/0x00007fcd287554b0
12644:             1             16  org.opensearch.search.SearchModule$$Lambda/0x00007fcd287556c8
12645:             1             16  org.opensearch.search.SearchModule$$Lambda/0x00007fcd28756560
12646:             1             16  org.opensearch.search.SearchModule$$Lambda/0x00007fcd28756f08
12647:             1             16  org.opensearch.search.SearchModule$$Lambda/0x00007fcd28757120
12648:             1             16  org.opensearch.search.SearchModule$$Lambda/0x00007fcd28757988
12649:             1             16  org.opensearch.search.SearchModule$$Lambda/0x00007fcd28758660
12650:             1             16  org.opensearch.search.SearchModule$$Lambda/0x00007fcd28758878
12651:             1             16  org.opensearch.search.SearchModule$$Lambda/0x00007fcd287590c0
12652:             1             16  org.opensearch.search.SearchModule$$Lambda/0x00007fcd287592d8
12653:             1             16  org.opensearch.search.SearchModule$$Lambda/0x00007fcd2875b638
12654:             1             16  org.opensearch.search.SearchModule$$Lambda/0x00007fcd2875c4f0
12655:             1             16  org.opensearch.search.SearchModule$$Lambda/0x00007fcd2875c928
12656:             1             16  org.opensearch.search.SearchModule$$Lambda/0x00007fcd2875cd38
12657:             1             16  org.opensearch.search.SearchModule$$Lambda/0x00007fcd2875e078
12658:             1             16  org.opensearch.search.SearchModule$$Lambda/0x00007fcd28762488
12659:             1             16  org.opensearch.search.SearchModule$$Lambda/0x00007fcd28762de8
12660:             1             16  org.opensearch.search.SearchModule$$Lambda/0x00007fcd28763998
12661:             1             16  org.opensearch.search.SearchModule$$Lambda/0x00007fcd28763bb0
12662:             1             16  org.opensearch.search.SearchModule$$Lambda/0x00007fcd28764320
12663:             1             16  org.opensearch.search.SearchModule$$Lambda/0x00007fcd28764538
12664:             1             16  org.opensearch.search.SearchModule$$Lambda/0x00007fcd28764a20
12665:             1             16  org.opensearch.search.SearchModule$$Lambda/0x00007fcd28764c38
12666:             1             16  org.opensearch.search.SearchModule$$Lambda/0x00007fcd28765ca0
12667:             1             16  org.opensearch.search.SearchModule$$Lambda/0x00007fcd287660b0
12668:             1             16  org.opensearch.search.SearchModule$$Lambda/0x00007fcd287668b8
12669:             1             16  org.opensearch.search.SearchModule$$Lambda/0x00007fcd28766ad0
12670:             1             16  org.opensearch.search.SearchModule$$Lambda/0x00007fcd287670c8
12671:             1             16  org.opensearch.search.SearchModule$$Lambda/0x00007fcd287672e0
12672:             1             16  org.opensearch.search.SearchModule$$Lambda/0x00007fcd287679c8
12673:             1             16  org.opensearch.search.SearchModule$$Lambda/0x00007fcd28767be0
12674:             1             16  org.opensearch.search.SearchModule$$Lambda/0x00007fcd287685f8
12675:             1             16  org.opensearch.search.SearchModule$$Lambda/0x00007fcd28768810
12676:             1             16  org.opensearch.search.SearchModule$$Lambda/0x00007fcd28769040
12677:             1             16  org.opensearch.search.SearchModule$$Lambda/0x00007fcd28769258
12678:             1             16  org.opensearch.search.SearchModule$$Lambda/0x00007fcd28769808
12679:             1             16  org.opensearch.search.SearchModule$$Lambda/0x00007fcd28769a20
12680:             1             16  org.opensearch.search.SearchModule$$Lambda/0x00007fcd28769fc0
12681:             1             16  org.opensearch.search.SearchModule$$Lambda/0x00007fcd2876a1d8
12682:             1             16  org.opensearch.search.SearchModule$$Lambda/0x00007fcd2876adc8
12683:             1             16  org.opensearch.search.SearchModule$$Lambda/0x00007fcd2876afe0
12684:             1             16  org.opensearch.search.SearchModule$$Lambda/0x00007fcd2876b7d8
12685:             1             16  org.opensearch.search.SearchModule$$Lambda/0x00007fcd2876b9f0
12686:             1             16  org.opensearch.search.SearchModule$$Lambda/0x00007fcd2876f730
12687:             1             16  org.opensearch.search.SearchModule$$Lambda/0x00007fcd2876f948
12688:             1             16  org.opensearch.search.SearchModule$$Lambda/0x00007fcd287703b0
12689:             1             16  org.opensearch.search.SearchModule$$Lambda/0x00007fcd287705c8
12690:             1             16  org.opensearch.search.SearchModule$$Lambda/0x00007fcd28770b80
12691:             1             16  org.opensearch.search.SearchModule$$Lambda/0x00007fcd28770d98
12692:             1             16  org.opensearch.search.SearchModule$$Lambda/0x00007fcd287715f8
12693:             1             16  org.opensearch.search.SearchModule$$Lambda/0x00007fcd28771810
12694:             1             16  org.opensearch.search.SearchModule$$Lambda/0x00007fcd28771e70
12695:             1             16  org.opensearch.search.SearchModule$$Lambda/0x00007fcd28772088
12696:             1             16  org.opensearch.search.SearchModule$$Lambda/0x00007fcd28772750
12697:             1             16  org.opensearch.search.SearchModule$$Lambda/0x00007fcd28772968
12698:             1             16  org.opensearch.search.SearchModule$$Lambda/0x00007fcd28772fa0
12699:             1             16  org.opensearch.search.SearchModule$$Lambda/0x00007fcd287731b8
12700:             1             16  org.opensearch.search.SearchModule$$Lambda/0x00007fcd287737f0
12701:             1             16  org.opensearch.search.SearchModule$$Lambda/0x00007fcd28773a08
12702:             1             16  org.opensearch.search.SearchModule$$Lambda/0x00007fcd28773fb0
12703:             1             16  org.opensearch.search.SearchModule$$Lambda/0x00007fcd287741c8
12704:             1             16  org.opensearch.search.SearchModule$$Lambda/0x00007fcd287749d8
12705:             1             16  org.opensearch.search.SearchModule$$Lambda/0x00007fcd28774bf0
12706:             1             16  org.opensearch.search.SearchModule$$Lambda/0x00007fcd28775468
12707:             1             16  org.opensearch.search.SearchModule$$Lambda/0x00007fcd28775680
12708:             1             16  org.opensearch.search.SearchModule$$Lambda/0x00007fcd28776138
12709:             1             16  org.opensearch.search.SearchModule$$Lambda/0x00007fcd28776350
12710:             1             16  org.opensearch.search.SearchModule$$Lambda/0x00007fcd28776bb0
12711:             1             16  org.opensearch.search.SearchModule$$Lambda/0x00007fcd28776dc8
12712:             1             16  org.opensearch.search.SearchModule$$Lambda/0x00007fcd287773d0
12713:             1             16  org.opensearch.search.SearchModule$$Lambda/0x00007fcd287775e8
12714:             1             16  org.opensearch.search.SearchModule$$Lambda/0x00007fcd287784c0
12715:             1             16  org.opensearch.search.SearchModule$$Lambda/0x00007fcd287786d8
12716:             1             16  org.opensearch.search.SearchModule$$Lambda/0x00007fcd28778d00
12717:             1             16  org.opensearch.search.SearchModule$$Lambda/0x00007fcd28778f18
12718:             1             16  org.opensearch.search.SearchModule$$Lambda/0x00007fcd287794f8
12719:             1             16  org.opensearch.search.SearchModule$$Lambda/0x00007fcd28779710
12720:             1             16  org.opensearch.search.SearchModule$$Lambda/0x00007fcd28779d18
12721:             1             16  org.opensearch.search.SearchModule$$Lambda/0x00007fcd28779f30
12722:             1             16  org.opensearch.search.SearchModule$$Lambda/0x00007fcd2877acb8
12723:             1             16  org.opensearch.search.SearchModule$$Lambda/0x00007fcd2877aed0
12724:             1             16  org.opensearch.search.SearchModule$$Lambda/0x00007fcd2877b478
12725:             1             16  org.opensearch.search.SearchModule$$Lambda/0x00007fcd2877b690
12726:             1             16  org.opensearch.search.SearchModule$$Lambda/0x00007fcd2877c230
12727:             1             16  org.opensearch.search.SearchModule$$Lambda/0x00007fcd2877c448
12728:             1             16  org.opensearch.search.SearchModule$$Lambda/0x00007fcd2877d740
12729:             1             16  org.opensearch.search.SearchModule$$Lambda/0x00007fcd2877d958
12730:             1             16  org.opensearch.search.SearchModule$$Lambda/0x00007fcd2877e1a0
12731:             1             16  org.opensearch.search.SearchModule$$Lambda/0x00007fcd2877e3b8
12732:             1             16  org.opensearch.search.SearchModule$$Lambda/0x00007fcd2877eba0
12733:             1             16  org.opensearch.search.SearchModule$$Lambda/0x00007fcd2877edb8
12734:             1             16  org.opensearch.search.SearchModule$$Lambda/0x00007fcd2877f440
12735:             1             16  org.opensearch.search.SearchModule$$Lambda/0x00007fcd2877f658
12736:             1             16  org.opensearch.search.SearchModule$$Lambda/0x00007fcd28780000
12737:             1             16  org.opensearch.search.SearchModule$$Lambda/0x00007fcd28780218
12738:             1             16  org.opensearch.search.SearchModule$$Lambda/0x00007fcd28780a30
12739:             1             16  org.opensearch.search.SearchModule$$Lambda/0x00007fcd28780c48
12740:             1             16  org.opensearch.search.SearchModule$$Lambda/0x00007fcd28781278
12741:             1             16  org.opensearch.search.SearchModule$$Lambda/0x00007fcd28781490
12742:             1             16  org.opensearch.search.SearchModule$$Lambda/0x00007fcd28781a68
12743:             1             16  org.opensearch.search.SearchModule$$Lambda/0x00007fcd28781c80
12744:             1             16  org.opensearch.search.SearchModule$$Lambda/0x00007fcd28782228
12745:             1             16  org.opensearch.search.SearchModule$$Lambda/0x00007fcd28782440
12746:             1             16  org.opensearch.search.SearchModule$$Lambda/0x00007fcd287829e0
12747:             1             16  org.opensearch.search.SearchModule$$Lambda/0x00007fcd28782bf8
12748:             1             16  org.opensearch.search.SearchModule$$Lambda/0x00007fcd28783f90
12749:             1             16  org.opensearch.search.SearchModule$$Lambda/0x00007fcd287841a8
12750:             1             16  org.opensearch.search.SearchModule$$Lambda/0x00007fcd28784988
12751:             1             16  org.opensearch.search.SearchModule$$Lambda/0x00007fcd28784ba0
12752:             1             16  org.opensearch.search.SearchModule$$Lambda/0x00007fcd28785158
12753:             1             16  org.opensearch.search.SearchModule$$Lambda/0x00007fcd28785370
12754:             1             16  org.opensearch.search.SearchModule$$Lambda/0x00007fcd287859b0
12755:             1             16  org.opensearch.search.SearchModule$$Lambda/0x00007fcd28785bc8
12756:             1             16  org.opensearch.search.SearchModule$$Lambda/0x00007fcd2878a770
12757:             1             16  org.opensearch.search.SearchModule$$Lambda/0x00007fcd2878a988
12758:             1             16  org.opensearch.search.SearchModule$$Lambda/0x00007fcd2878aba0
12759:             1             16  org.opensearch.search.SearchModule$$Lambda/0x00007fcd287925d8
12760:             1             16  org.opensearch.search.SearchModule$$Lambda/0x00007fcd287927f0
12761:             1             16  org.opensearch.search.SearchModule$$Lambda/0x00007fcd287931f0
12762:             1             16  org.opensearch.search.SearchModule$$Lambda/0x00007fcd28793408
12763:             1             16  org.opensearch.search.SearchModule$$Lambda/0x00007fcd28793620
12764:             1             16  org.opensearch.search.SearchModule$$Lambda/0x00007fcd28793d80
12765:             1             16  org.opensearch.search.SearchModule$$Lambda/0x00007fcd28794888
12766:             1             16  org.opensearch.search.SearchModule$$Lambda/0x00007fcd28794aa0
12767:             1             16  org.opensearch.search.SearchModule$$Lambda/0x00007fcd28794cb8
12768:             1             16  org.opensearch.search.SearchModule$$Lambda/0x00007fcd28794ed8
12769:             1             16  org.opensearch.search.SearchModule$$Lambda/0x00007fcd287960b8
12770:             1             16  org.opensearch.search.SearchModule$$Lambda/0x00007fcd287964c8
12771:             1             16  org.opensearch.search.SearchModule$$Lambda/0x00007fcd28797a08
12772:             1             16  org.opensearch.search.SearchModule$$Lambda/0x00007fcd28797c20
12773:             1             16  org.opensearch.search.SearchModule$$Lambda/0x00007fcd28799728
12774:             1             16  org.opensearch.search.SearchModule$$Lambda/0x00007fcd28799bf0
12775:             1             16  org.opensearch.search.SearchModule$$Lambda/0x00007fcd28799e08
12776:             1             16  org.opensearch.search.SearchModule$$Lambda/0x00007fcd2879a020
12777:             1             16  org.opensearch.search.SearchModule$$Lambda/0x00007fcd2879a238
12778:             1             16  org.opensearch.search.SearchModule$$Lambda/0x00007fcd2879a450
12779:             1             16  org.opensearch.search.SearchModule$$Lambda/0x00007fcd2879a668
12780:             1             16  org.opensearch.search.SearchModule$$Lambda/0x00007fcd2879a880
12781:             1             16  org.opensearch.search.SearchModule$$Lambda/0x00007fcd2879aa98
12782:             1             16  org.opensearch.search.SearchModule$$Lambda/0x00007fcd2879b710
12783:             1             16  org.opensearch.search.SearchModule$$Lambda/0x00007fcd2879c278
12784:             1             16  org.opensearch.search.SearchModule$$Lambda/0x00007fcd2879c978
12785:             1             16  org.opensearch.search.SearchModule$$Lambda/0x00007fcd2879d078
12786:             1             16  org.opensearch.search.SearchModule$$Lambda/0x00007fcd2879d768
12787:             1             16  org.opensearch.search.SearchModule$$Lambda/0x00007fcd2879e108
12788:             1             16  org.opensearch.search.SearchModule$$Lambda/0x00007fcd287a0218
12789:             1             16  org.opensearch.search.SearchModule$$Lambda/0x00007fcd287a2788
12790:             1             16  org.opensearch.search.SearchModule$$Lambda/0x00007fcd287a6198
12791:             1             16  org.opensearch.search.SearchModule$$Lambda/0x00007fcd287a63b0
12792:             1             16  org.opensearch.search.SearchModule$$Lambda/0x00007fcd287aa528
12793:             1             16  org.opensearch.search.SearchModule$$Lambda/0x00007fcd287acc30
12794:             1             16  org.opensearch.search.SearchModule$$Lambda/0x00007fcd287adbf8
12795:             1             16  org.opensearch.search.SearchModule$$Lambda/0x00007fcd287ae428
12796:             1             16  org.opensearch.search.SearchModule$$Lambda/0x00007fcd287ae640
12797:             1             16  org.opensearch.search.SearchModule$$Lambda/0x00007fcd287aeef0
12798:             1             16  org.opensearch.search.SearchModule$$Lambda/0x00007fcd287af948
12799:             1             16  org.opensearch.search.SearchModule$$Lambda/0x00007fcd287afb60
12800:             1             16  org.opensearch.search.SearchModule$$Lambda/0x00007fcd287b0410
12801:             1             16  org.opensearch.search.SearchModule$$Lambda/0x00007fcd287b1690
12802:             1             16  org.opensearch.search.SearchModule$$Lambda/0x00007fcd287b20e8
12803:             1             16  org.opensearch.search.SearchModule$$Lambda/0x00007fcd287b2300
12804:             1             16  org.opensearch.search.SearchModule$$Lambda/0x00007fcd287b3388
12805:             1             16  org.opensearch.search.SearchModule$$Lambda/0x00007fcd287b43f0
12806:             1             16  org.opensearch.search.SearchModule$$Lambda/0x00007fcd287b4608
12807:             1             16  org.opensearch.search.SearchModule$$Lambda/0x00007fcd287b5a08
12808:             1             16  org.opensearch.search.SearchModule$$Lambda/0x00007fcd287b7260
12809:             1             16  org.opensearch.search.SearchModule$$Lambda/0x00007fcd287b7478
12810:             1             16  org.opensearch.search.SearchModule$$Lambda/0x00007fcd287baae8
12811:             1             16  org.opensearch.search.SearchModule$$Lambda/0x00007fcd287bb578
12812:             1             16  org.opensearch.search.SearchModule$$Lambda/0x00007fcd287bb790
12813:             1             16  org.opensearch.search.SearchModule$$Lambda/0x00007fcd287bc000
12814:             1             16  org.opensearch.search.SearchModule$$Lambda/0x00007fcd287bca50
12815:             1             16  org.opensearch.search.SearchModule$$Lambda/0x00007fcd287bcc68
12816:             1             16  org.opensearch.search.SearchModule$$Lambda/0x00007fcd287bee40
12817:             1             16  org.opensearch.search.SearchModule$$Lambda/0x00007fcd287bf058
12818:             1             16  org.opensearch.search.SearchModule$$Lambda/0x00007fcd287c20b8
12819:             1             16  org.opensearch.search.SearchModule$$Lambda/0x00007fcd287c22d0
12820:             1             16  org.opensearch.search.SearchModule$$Lambda/0x00007fcd287c2b68
12821:             1             16  org.opensearch.search.SearchModule$$Lambda/0x00007fcd287c3208
12822:             1             16  org.opensearch.search.SearchModule$$Lambda/0x00007fcd287c3420
12823:             1             16  org.opensearch.search.SearchModule$$Lambda/0x00007fcd287c5680
12824:             1             16  org.opensearch.search.SearchModule$$Lambda/0x00007fcd287c6440
12825:             1             16  org.opensearch.search.SearchModule$$Lambda/0x00007fcd287c72b8
12826:             1             16  org.opensearch.search.SearchModule$$Lambda/0x00007fcd287c74d0
12827:             1             16  org.opensearch.search.SearchModule$$Lambda/0x00007fcd287c8958
12828:             1             16  org.opensearch.search.SearchModule$$Lambda/0x00007fcd287c8b70
12829:             1             16  org.opensearch.search.SearchModule$$Lambda/0x00007fcd287ca958
12830:             1             16  org.opensearch.search.SearchModule$$Lambda/0x00007fcd287cab70
12831:             1             16  org.opensearch.search.SearchModule$$Lambda/0x00007fcd287cbdc8
12832:             1             16  org.opensearch.search.SearchModule$$Lambda/0x00007fcd287ce940
12833:             1             16  org.opensearch.search.SearchModule$$Lambda/0x00007fcd287cf580
12834:             1             16  org.opensearch.search.SearchModule$$Lambda/0x00007fcd287cf798
12835:             1             16  org.opensearch.search.SearchModule$$Lambda/0x00007fcd287d0000
12836:             1             16  org.opensearch.search.SearchModule$$Lambda/0x00007fcd287d0218
12837:             1             16  org.opensearch.search.SearchModule$$Lambda/0x00007fcd287d0a28
12838:             1             16  org.opensearch.search.SearchModule$$Lambda/0x00007fcd287d1260
12839:             1             16  org.opensearch.search.SearchModule$$Lambda/0x00007fcd287d1478
12840:             1             16  org.opensearch.search.SearchModule$$Lambda/0x00007fcd287d2f68
12841:             1             16  org.opensearch.search.SearchModule$$Lambda/0x00007fcd287d3778
12842:             1             16  org.opensearch.search.SearchModule$$Lambda/0x00007fcd287d3990
12843:             1             16  org.opensearch.search.SearchModule$$Lambda/0x00007fcd287d46b0
12844:             1             16  org.opensearch.search.SearchModule$$Lambda/0x00007fcd287d4eb8
12845:             1             16  org.opensearch.search.SearchModule$$Lambda/0x00007fcd287d50d0
12846:             1             16  org.opensearch.search.SearchModule$$Lambda/0x00007fcd287d58e0
12847:             1             16  org.opensearch.search.SearchModule$$Lambda/0x00007fcd287d5ef8
12848:             1             16  org.opensearch.search.SearchModule$$Lambda/0x00007fcd287d67d0
12849:             1             16  org.opensearch.search.SearchModule$$Lambda/0x00007fcd287d8660
12850:             1             16  org.opensearch.search.SearchModule$$Lambda/0x00007fcd287d9de8
12851:             1             16  org.opensearch.search.SearchModule$$Lambda/0x00007fcd287e14f8
12852:             1             16  org.opensearch.search.SearchModule$$Lambda/0x00007fcd287e1ef8
12853:             1             16  org.opensearch.search.SearchModule$$Lambda/0x00007fcd287e2908
12854:             1             16  org.opensearch.search.SearchModule$$Lambda/0x00007fcd287e3318
12855:             1             16  org.opensearch.search.SearchModule$$Lambda/0x00007fcd287e3d28
12856:             1             16  org.opensearch.search.SearchModule$$Lambda/0x00007fcd287e3f40
12857:             1             16  org.opensearch.search.SearchModule$$Lambda/0x00007fcd287e65e0
12858:             1             16  org.opensearch.search.SearchModule$$Lambda/0x00007fcd287e9140
12859:             1             16  org.opensearch.search.SearchModule$$Lambda/0x00007fcd287e9af0
12860:             1             16  org.opensearch.search.SearchModule$$Lambda/0x00007fcd287ea4d0
12861:             1             16  org.opensearch.search.SearchModule$$Lambda/0x00007fcd287ea6e8
12862:             1             16  org.opensearch.search.SearchModule$$Lambda/0x00007fcd287ebe90
12863:             1             16  org.opensearch.search.SearchModule$$Lambda/0x00007fcd287ec0a8
12864:             1             16  org.opensearch.search.SearchModule$$Lambda/0x00007fcd287edb40
12865:             1             16  org.opensearch.search.SearchModule$$Lambda/0x00007fcd287ee580
12866:             1             16  org.opensearch.search.SearchModule$$Lambda/0x00007fcd287eefb0
12867:             1             16  org.opensearch.search.SearchModule$$Lambda/0x00007fcd287ef1c8
12868:             1             16  org.opensearch.search.SearchModule$$Lambda/0x00007fcd287f26b0
12869:             1             16  org.opensearch.search.SearchModule$$Lambda/0x00007fcd287f28c8
12870:             1             16  org.opensearch.search.SearchModule$$Lambda/0x00007fcd287f3888
12871:             1             16  org.opensearch.search.SearchModule$$Lambda/0x00007fcd287f58f8
12872:             1             16  org.opensearch.search.SearchModule$$Lambda/0x00007fcd287f5b10
12873:             1             16  org.opensearch.search.SearchModule$$Lambda/0x00007fcd287f7060
12874:             1             16  org.opensearch.search.SearchModule$$Lambda/0x00007fcd287fa000
12875:             1             16  org.opensearch.search.SearchModule$$Lambda/0x00007fcd287fc3f0
12876:             1             16  org.opensearch.search.SearchModule$$Lambda/0x00007fcd287fc608
12877:             1             16  org.opensearch.search.SearchModule$$Lambda/0x00007fcd287fcec0
12878:             1             16  org.opensearch.search.SearchModule$$Lambda/0x00007fcd287fe500
12879:             1             16  org.opensearch.search.SearchModule$$Lambda/0x00007fcd287fe718
12880:             1             16  org.opensearch.search.SearchModule$$Lambda/0x00007fcd28800000
12881:             1             16  org.opensearch.search.SearchModule$$Lambda/0x00007fcd28800218
12882:             1             16  org.opensearch.search.SearchModule$$Lambda/0x00007fcd288020f8
12883:             1             16  org.opensearch.search.SearchModule$$Lambda/0x00007fcd28804400
12884:             1             16  org.opensearch.search.SearchModule$$Lambda/0x00007fcd28808000
12885:             1             16  org.opensearch.search.SearchModule$$Lambda/0x00007fcd28809ea0
12886:             1             16  org.opensearch.search.SearchModule$$Lambda/0x00007fcd2880b4f8
12887:             1             16  org.opensearch.search.SearchModule$$Lambda/0x00007fcd2880b710
12888:             1             16  org.opensearch.search.SearchModule$$Lambda/0x00007fcd2880cc00
12889:             1             16  org.opensearch.search.SearchModule$$Lambda/0x00007fcd2880f6b0
12890:             1             16  org.opensearch.search.SearchModule$$Lambda/0x00007fcd28810000
12891:             1             16  org.opensearch.search.SearchModule$$Lambda/0x00007fcd28811878
12892:             1             16  org.opensearch.search.SearchModule$$Lambda/0x00007fcd28811a90
12893:             1             16  org.opensearch.search.SearchModule$$Lambda/0x00007fcd28812098
12894:             1             16  org.opensearch.search.SearchModule$$Lambda/0x00007fcd288122b0
12895:             1             16  org.opensearch.search.SearchModule$$Lambda/0x00007fcd28814cd8
12896:             1             16  org.opensearch.search.SearchModule$$Lambda/0x00007fcd28815000
12897:             1             16  org.opensearch.search.SearchModule$$Lambda/0x00007fcd28815218
12898:             1             16  org.opensearch.search.SearchModule$$Lambda/0x00007fcd28815a28
12899:             1             16  org.opensearch.search.SearchModule$$Lambda/0x00007fcd28816c60
12900:             1             16  org.opensearch.search.SearchModule$$Lambda/0x00007fcd28816e78
12901:             1             16  org.opensearch.search.SearchModule$$Lambda/0x00007fcd28817688
12902:             1             16  org.opensearch.search.SearchModule$$Lambda/0x00007fcd28818000
12903:             1             16  org.opensearch.search.SearchModule$$Lambda/0x00007fcd288187a8
12904:             1             16  org.opensearch.search.SearchModule$$Lambda/0x00007fcd28819048
12905:             1             16  org.opensearch.search.SearchModule$$Lambda/0x00007fcd28819a28
12906:             1             16  org.opensearch.search.SearchModule$$Lambda/0x00007fcd28819c40
12907:             1             16  org.opensearch.search.SearchModule$$Lambda/0x00007fcd2881ac68
12908:             1             16  org.opensearch.search.SearchModule$$Lambda/0x00007fcd2881c0d8
12909:             1             16  org.opensearch.search.SearchModule$$Lambda/0x00007fcd2881c8f8
12910:             1             16  org.opensearch.search.SearchModule$$Lambda/0x00007fcd2881e440
12911:             1             16  org.opensearch.search.SearchModule$$Lambda/0x00007fcd2881e658
12912:             1             16  org.opensearch.search.SearchModule$$Lambda/0x00007fcd28829ca0
12913:             1             16  org.opensearch.search.SearchModule$$Lambda/0x00007fcd2882c000
12914:             1             16  org.opensearch.search.SearchModule$$Lambda/0x00007fcd28830000
12915:             1             16  org.opensearch.search.SearchModule$$Lambda/0x00007fcd28830850
12916:             1             16  org.opensearch.search.SearchModule$$Lambda/0x00007fcd28831b20
12917:             1             16  org.opensearch.search.SearchModule$$Lambda/0x00007fcd28833708
12918:             1             16  org.opensearch.search.SearchModule$$Lambda/0x00007fcd28844000
12919:             1             16  org.opensearch.search.SearchModule$$Lambda/0x00007fcd28844720
12920:             1             16  org.opensearch.search.SearchModule$$Lambda/0x00007fcd28844e48
12921:             1             16  org.opensearch.search.SearchModule$$Lambda/0x00007fcd28845578
12922:             1             16  org.opensearch.search.SearchModule$$Lambda/0x00007fcd28845bc8
12923:             1             16  org.opensearch.search.SearchModule$$Lambda/0x00007fcd28846ad0
12924:             1             16  org.opensearch.search.SearchModule$$Lambda/0x00007fcd28846ce8
12925:             1             16  org.opensearch.search.SearchModule$$Lambda/0x00007fcd28846f00
12926:             1             16  org.opensearch.search.SearchModule$$Lambda/0x00007fcd28848000
12927:             1             16  org.opensearch.search.SearchModule$$Lambda/0x00007fcd288492f0
12928:             1             16  org.opensearch.search.SearchModule$$Lambda/0x00007fcd28849b10
12929:             1             16  org.opensearch.search.SearchModule$$Lambda/0x00007fcd2884a190
12930:             1             16  org.opensearch.search.SearchModule$$Lambda/0x00007fcd2884a9d0
12931:             1             16  org.opensearch.search.SearchModule$$Lambda/0x00007fcd2884abe8
12932:             1             16  org.opensearch.search.SearchModule$$Lambda/0x00007fcd2884b658
12933:             1             16  org.opensearch.search.SearchModule$$Lambda/0x00007fcd2884b870
12934:             1             16  org.opensearch.search.SearchModule$$Lambda/0x00007fcd2884bcc0
12935:             1             16  org.opensearch.search.SearchModule$$Lambda/0x00007fcd2884c4f8
12936:             1             16  org.opensearch.search.SearchModule$$Lambda/0x00007fcd2884c710
12937:             1             16  org.opensearch.search.SearchModule$$Lambda/0x00007fcd2884d180
12938:             1             16  org.opensearch.search.SearchModule$$Lambda/0x00007fcd2884da88
12939:             1             16  org.opensearch.search.SearchModule$$Lambda/0x00007fcd2884ded8
12940:             1             16  org.opensearch.search.SearchModule$$Lambda/0x00007fcd2884e720
12941:             1             16  org.opensearch.search.SearchModule$$Lambda/0x00007fcd2884f230
12942:             1             16  org.opensearch.search.SearchModule$$Lambda/0x00007fcd2884f680
12943:             1             16  org.opensearch.search.SearchModule$$Lambda/0x00007fcd28850000
12944:             1             16  org.opensearch.search.SearchModule$$Lambda/0x00007fcd288508b0
12945:             1             16  org.opensearch.search.SearchModule$$Lambda/0x00007fcd28850d00
12946:             1             16  org.opensearch.search.SearchModule$$Lambda/0x00007fcd28851188
12947:             1             16  org.opensearch.search.SearchModule$$Lambda/0x00007fcd288513a0
12948:             1             16  org.opensearch.search.SearchModule$$Lambda/0x00007fcd288515b8
12949:             1             16  org.opensearch.search.SearchModule$$Lambda/0x00007fcd28851db0
12950:             1             16  org.opensearch.search.SearchModule$$Lambda/0x00007fcd28851fc8
12951:             1             16  org.opensearch.search.SearchModule$$Lambda/0x00007fcd28852c18
12952:             1             16  org.opensearch.search.SearchModule$$Lambda/0x00007fcd28852e30
12953:             1             16  org.opensearch.search.SearchModule$$Lambda/0x00007fcd28854320
12954:             1             16  org.opensearch.search.SearchModule$$Lambda/0x00007fcd28854538
12955:             1             16  org.opensearch.search.SearchModule$$Lambda/0x00007fcd28854750
12956:             1             16  org.opensearch.search.SearchModule$$Lambda/0x00007fcd28854f50
12957:             1             16  org.opensearch.search.SearchModule$$Lambda/0x00007fcd28855168
12958:             1             16  org.opensearch.search.SearchModule$$Lambda/0x00007fcd28855380
12959:             1             16  org.opensearch.search.SearchModule$$Lambda/0x00007fcd28855ba0
12960:             1             16  org.opensearch.search.SearchModule$$Lambda/0x00007fcd28855db8
12961:             1             16  org.opensearch.search.SearchModule$$Lambda/0x00007fcd28855fd0
12962:             1             16  org.opensearch.search.SearchModule$$Lambda/0x00007fcd288567f8
12963:             1             16  org.opensearch.search.SearchModule$$Lambda/0x00007fcd28856a10
12964:             1             16  org.opensearch.search.SearchModule$$Lambda/0x00007fcd288578f8
12965:             1             16  org.opensearch.search.SearchModule$$Lambda/0x00007fcd2885a1a8
12966:             1             16  org.opensearch.search.SearchModule$$Lambda/0x00007fcd2886c018
12967:             1             16  org.opensearch.search.SearchModule$$Lambda/0x00007fcd2886c230
12968:             1             16  org.opensearch.search.SearchModule$$Lambda/0x00007fcd2886c448
12969:             1             16  org.opensearch.search.SearchModule$$Lambda/0x00007fcd2886c660
12970:             1             16  org.opensearch.search.SearchModule$$Lambda/0x00007fcd2886c878
12971:             1             16  org.opensearch.search.SearchModule$$Lambda/0x00007fcd2886ca90
12972:             1             16  org.opensearch.search.SearchModule$$Lambda/0x00007fcd2886cca8
12973:             1             16  org.opensearch.search.SearchModule$$Lambda/0x00007fcd2886ec20
12974:             1             16  org.opensearch.search.SearchService$$Lambda/0x00007fcd28d094e0
12975:             1             16  org.opensearch.search.SearchService$$Lambda/0x00007fcd28d09710
12976:             1             16  org.opensearch.search.SearchService$$Lambda/0x00007fcd28d09940
12977:             1             16  org.opensearch.search.SearchService$$Lambda/0x00007fcd28d09b70
12978:             1             16  org.opensearch.search.SearchService$$Lambda/0x00007fcd28d09fc8
12979:             1             16  org.opensearch.search.SearchService$$Lambda/0x00007fcd28d0a1f8
12980:             1             16  org.opensearch.search.SearchService$$Lambda/0x00007fcd28d0a428
12981:             1             16  org.opensearch.search.SearchService$$Lambda/0x00007fcd28d0a658
12982:             1             16  org.opensearch.search.SearchService$$Lambda/0x00007fcd28d0a888
12983:             1             16  org.opensearch.search.SearchService$$Lambda/0x00007fcd28d0aab8
12984:             1             16  org.opensearch.search.SearchService$$Lambda/0x00007fcd292f1000
12985:             1             16  org.opensearch.search.SearchService$$Lambda/0x00007fcd292f1238
12986:             1             16  org.opensearch.search.SearchService$$Lambda/0x00007fcd292f1470
12987:             1             16  org.opensearch.search.SearchService$$Lambda/0x00007fcd292f16a8
12988:             1             16  org.opensearch.search.SearchService$$Lambda/0x00007fcd292f18e0
12989:             1             16  org.opensearch.search.SearchService$$Lambda/0x00007fcd292f1b18
12990:             1             16  org.opensearch.search.SearchService$$Lambda/0x00007fcd292f4660
12991:             1             16  org.opensearch.search.SearchService$$Lambda/0x00007fcd292f4898
12992:             1             16  org.opensearch.search.SearchService$$Lambda/0x00007fcd292f4ad0
12993:             1             16  org.opensearch.search.SearchService$$Lambda/0x00007fcd292f4d08
12994:             1             16  org.opensearch.search.SearchService$Reaper
12995:             1             16  org.opensearch.search.SearchSortValues$$Lambda/0x00007fcd29220d48
12996:             1             16  org.opensearch.search.SearchSortValues$$Lambda/0x00007fcd29220f60
12997:             1             16  org.opensearch.search.SearchSortValues$$Lambda/0x00007fcd29221178
12998:             1             16  org.opensearch.search.SearchSortValues$$Lambda/0x00007fcd29221390
12999:             1             16  org.opensearch.search.aggregations.AggregatorFactories$1
13000:             1             16  org.opensearch.search.aggregations.BucketCollector$1
13001:             1             16  org.opensearch.search.aggregations.CardinalityUpperBound$1
13002:             1             16  org.opensearch.search.aggregations.CardinalityUpperBound$2
13003:             1             16  org.opensearch.search.aggregations.CardinalityUpperBound$KnownCardinalityUpperBound
13004:             1             16  org.opensearch.search.aggregations.InternalAggregations$$Lambda/0x00007fcd293d6cc8
13005:             1             16  org.opensearch.search.aggregations.InternalOrder$$Lambda/0x00007fcd29300000
13006:             1             16  org.opensearch.search.aggregations.InternalOrder$$Lambda/0x00007fcd29300218
13007:             1             16  org.opensearch.search.aggregations.LeafBucketCollector$1
13008:             1             16  org.opensearch.search.aggregations.MultiBucketConsumerService$$Lambda/0x00007fcd28d05d58
13009:             1             16  org.opensearch.search.aggregations.bucket.FastFilterRewriteHelper$$Lambda/0x00007fcd292cd800
13010:             1             16  org.opensearch.search.aggregations.bucket.FastFilterRewriteHelper$$Lambda/0x00007fcd292d0000
13011:             1             16  org.opensearch.search.aggregations.bucket.FastFilterRewriteHelper$$Lambda/0x00007fcd292d0c00
13012:             1             16  org.opensearch.search.aggregations.bucket.FastFilterRewriteHelper$$Lambda/0x00007fcd292d2400
13013:             1             16  org.opensearch.search.aggregations.bucket.composite.CompositeAggregationBuilder$$Lambda/0x00007fcd2881cb10
13014:             1             16  org.opensearch.search.aggregations.bucket.composite.CompositeAggregationBuilder$$Lambda/0x00007fcd2881d058
13015:             1             16  org.opensearch.search.aggregations.bucket.composite.CompositeAggregationBuilder$$Lambda/0x00007fcd2881d270
13016:             1             16  org.opensearch.search.aggregations.bucket.composite.CompositeAggregationBuilder$$Lambda/0x00007fcd2881d498
13017:             1             16  org.opensearch.search.aggregations.bucket.composite.CompositeAggregationBuilder$$Lambda/0x00007fcd2881d6c0
13018:             1             16  org.opensearch.search.aggregations.bucket.composite.CompositeAggregationBuilder$$Lambda/0x00007fcd28826430
13019:             1             16  org.opensearch.search.aggregations.bucket.composite.CompositeValuesSourceParserHelper$$Lambda/0x00007fcd28820c90
13020:             1             16  org.opensearch.search.aggregations.bucket.composite.CompositeValuesSourceParserHelper$$Lambda/0x00007fcd28820eb8
13021:             1             16  org.opensearch.search.aggregations.bucket.composite.CompositeValuesSourceParserHelper$$Lambda/0x00007fcd288210d0
13022:             1             16  org.opensearch.search.aggregations.bucket.composite.CompositeValuesSourceParserHelper$$Lambda/0x00007fcd288212f8
13023:             1             16  org.opensearch.search.aggregations.bucket.composite.CompositeValuesSourceParserHelper$$Lambda/0x00007fcd28821520
13024:             1             16  org.opensearch.search.aggregations.bucket.composite.CompositeValuesSourceParserHelper$$Lambda/0x00007fcd28821748
13025:             1             16  org.opensearch.search.aggregations.bucket.composite.CompositeValuesSourceParserHelper$$Lambda/0x00007fcd28821960
13026:             1             16  org.opensearch.search.aggregations.bucket.composite.CompositeValuesSourceParserHelper$$Lambda/0x00007fcd28821b88
13027:             1             16  org.opensearch.search.aggregations.bucket.composite.CompositeValuesSourceParserHelper$$Lambda/0x00007fcd28821da0
13028:             1             16  org.opensearch.search.aggregations.bucket.composite.CompositeValuesSourceParserHelper$$Lambda/0x00007fcd28821fc8
13029:             1             16  org.opensearch.search.aggregations.bucket.composite.DateHistogramValuesSourceBuilder$$Lambda/0x00007fcd2881f6a8
13030:             1             16  org.opensearch.search.aggregations.bucket.composite.DateHistogramValuesSourceBuilder$$Lambda/0x00007fcd2881f8e0
13031:             1             16  org.opensearch.search.aggregations.bucket.composite.DateHistogramValuesSourceBuilder$$Lambda/0x00007fcd2881fb08
13032:             1             16  org.opensearch.search.aggregations.bucket.composite.DateHistogramValuesSourceBuilder$$Lambda/0x00007fcd2881fd30
13033:             1             16  org.opensearch.search.aggregations.bucket.composite.DateHistogramValuesSourceBuilder$$Lambda/0x00007fcd28820000
13034:             1             16  org.opensearch.search.aggregations.bucket.composite.DateHistogramValuesSourceBuilder$$Lambda/0x00007fcd28820228
13035:             1             16  org.opensearch.search.aggregations.bucket.composite.DateHistogramValuesSourceBuilder$$Lambda/0x00007fcd28822698
13036:             1             16  org.opensearch.search.aggregations.bucket.composite.HistogramValuesSourceBuilder$$Lambda/0x00007fcd28823020
13037:             1             16  org.opensearch.search.aggregations.bucket.composite.HistogramValuesSourceBuilder$$Lambda/0x00007fcd28823248
13038:             1             16  org.opensearch.search.aggregations.bucket.composite.TermsValuesSourceBuilder$$Lambda/0x00007fcd28826000
13039:             1             16  org.opensearch.search.aggregations.bucket.composite.TermsValuesSourceBuilder$$Lambda/0x00007fcd28826218
13040:             1             16  org.opensearch.search.aggregations.bucket.histogram.AutoDateHistogramAggregationBuilder$$Lambda/0x00007fcd2880a2b0
13041:             1             16  org.opensearch.search.aggregations.bucket.histogram.AutoDateHistogramAggregationBuilder$$Lambda/0x00007fcd2880a4e8
13042:             1             16  org.opensearch.search.aggregations.bucket.histogram.AutoDateHistogramAggregationBuilder$$Lambda/0x00007fcd2880a710
13043:             1             16  org.opensearch.search.aggregations.bucket.histogram.AutoDateHistogramAggregatorFactory$$Lambda/0x00007fcd2880ede8
13044:             1             16  org.opensearch.search.aggregations.bucket.histogram.DateHistogramAggregationBuilder$$Lambda/0x00007fcd28805000
13045:             1             16  org.opensearch.search.aggregations.bucket.histogram.DateHistogramAggregationBuilder$$Lambda/0x00007fcd28805228
13046:             1             16  org.opensearch.search.aggregations.bucket.histogram.DateHistogramAggregationBuilder$$Lambda/0x00007fcd28805440
13047:             1             16  org.opensearch.search.aggregations.bucket.histogram.DateHistogramAggregationBuilder$$Lambda/0x00007fcd28805668
13048:             1             16  org.opensearch.search.aggregations.bucket.histogram.DateHistogramAggregationBuilder$$Lambda/0x00007fcd28805880
13049:             1             16  org.opensearch.search.aggregations.bucket.histogram.DateHistogramAggregationBuilder$$Lambda/0x00007fcd28805aa8
13050:             1             16  org.opensearch.search.aggregations.bucket.histogram.DateHistogramAggregationBuilder$$Lambda/0x00007fcd28806000
13051:             1             16  org.opensearch.search.aggregations.bucket.histogram.DateHistogramAggregationBuilder$$Lambda/0x00007fcd28807458
13052:             1             16  org.opensearch.search.aggregations.bucket.histogram.DateHistogramAggregationBuilder$$Lambda/0x00007fcd28807680
13053:             1             16  org.opensearch.search.aggregations.bucket.histogram.DateHistogramAggregationBuilder$$Lambda/0x00007fcd28807898
13054:             1             16  org.opensearch.search.aggregations.bucket.histogram.DateHistogramAggregationBuilder$$Lambda/0x00007fcd28807ac0
13055:             1             16  org.opensearch.search.aggregations.bucket.histogram.DateHistogramAggregationBuilder$$Lambda/0x00007fcd292fa000
13056:             1             16  org.opensearch.search.aggregations.bucket.histogram.DateHistogramAggregationBuilder$$Lambda/0x00007fcd292fa218
13057:             1             16  org.opensearch.search.aggregations.bucket.histogram.DateHistogramAggregationBuilder$$Lambda/0x00007fcd292fa430
13058:             1             16  org.opensearch.search.aggregations.bucket.histogram.DateHistogramAggregationBuilder$$Lambda/0x00007fcd292fa648
13059:             1             16  org.opensearch.search.aggregations.bucket.histogram.DateHistogramAggregationBuilder$$Lambda/0x00007fcd292fa860
13060:             1             16  org.opensearch.search.aggregations.bucket.histogram.DateHistogramAggregationBuilder$$Lambda/0x00007fcd29301120
13061:             1             16  org.opensearch.search.aggregations.bucket.histogram.DateHistogramAggregationBuilder$$Lambda/0x00007fcd29301338
13062:             1             16  org.opensearch.search.aggregations.bucket.histogram.DateHistogramAggregationBuilder$$Lambda/0x00007fcd29301550
13063:             1             16  org.opensearch.search.aggregations.bucket.histogram.DateHistogramAggregationBuilder$$Lambda/0x00007fcd29301768
13064:             1             16  org.opensearch.search.aggregations.bucket.histogram.DateHistogramAggregationBuilder$$Lambda/0x00007fcd29301980
13065:             1             16  org.opensearch.search.aggregations.bucket.histogram.DateHistogramAggregatorFactory$$Lambda/0x00007fcd28808df8
13066:             1             16  org.opensearch.search.aggregations.bucket.histogram.DateHistogramAggregatorFactory$$Lambda/0x00007fcd288095d8
13067:             1             16  org.opensearch.search.aggregations.bucket.histogram.DateIntervalWrapper$$Lambda/0x00007fcd28806518
13068:             1             16  org.opensearch.search.aggregations.bucket.histogram.DateIntervalWrapper$$Lambda/0x00007fcd28806740
13069:             1             16  org.opensearch.search.aggregations.bucket.histogram.DateIntervalWrapper$$Lambda/0x00007fcd28806bd8
13070:             1             16  org.opensearch.search.aggregations.bucket.histogram.DateIntervalWrapper$$Lambda/0x00007fcd28806e00
13071:             1             16  org.opensearch.search.aggregations.bucket.histogram.DateIntervalWrapper$$Lambda/0x00007fcd28807018
13072:             1             16  org.opensearch.search.aggregations.bucket.histogram.DateIntervalWrapper$$Lambda/0x00007fcd28807240
13073:             1             16  org.opensearch.search.aggregations.bucket.histogram.DateIntervalWrapper$$Lambda/0x00007fcd293006a8
13074:             1             16  org.opensearch.search.aggregations.bucket.histogram.DateIntervalWrapper$$Lambda/0x00007fcd293008c0
13075:             1             16  org.opensearch.search.aggregations.bucket.histogram.DateIntervalWrapper$$Lambda/0x00007fcd29300ad8
13076:             1             16  org.opensearch.search.aggregations.bucket.histogram.DateIntervalWrapper$$Lambda/0x00007fcd29300cf0
13077:             1             16  org.opensearch.search.aggregations.bucket.histogram.DateIntervalWrapper$$Lambda/0x00007fcd29300f08
13078:             1             16  org.opensearch.search.aggregations.bucket.histogram.HistogramAggregationBuilder$$Lambda/0x00007fcd287f9000
13079:             1             16  org.opensearch.search.aggregations.bucket.histogram.HistogramAggregationBuilder$$Lambda/0x00007fcd287f9228
13080:             1             16  org.opensearch.search.aggregations.bucket.histogram.HistogramAggregationBuilder$$Lambda/0x00007fcd287f9440
13081:             1             16  org.opensearch.search.aggregations.bucket.histogram.HistogramAggregationBuilder$$Lambda/0x00007fcd287f9668
13082:             1             16  org.opensearch.search.aggregations.bucket.histogram.HistogramAggregationBuilder$$Lambda/0x00007fcd287fa608
13083:             1             16  org.opensearch.search.aggregations.bucket.histogram.HistogramAggregationBuilder$$Lambda/0x00007fcd287fa820
13084:             1             16  org.opensearch.search.aggregations.bucket.histogram.HistogramAggregationBuilder$$Lambda/0x00007fcd287faa48
13085:             1             16  org.opensearch.search.aggregations.bucket.histogram.HistogramAggregationBuilder$$Lambda/0x00007fcd287fac70
13086:             1             16  org.opensearch.search.aggregations.bucket.histogram.HistogramAggregationBuilder$$Lambda/0x00007fcd287faea8
13087:             1             16  org.opensearch.search.aggregations.bucket.histogram.HistogramAggregationBuilder$$Lambda/0x00007fcd287fb0d0
13088:             1             16  org.opensearch.search.aggregations.bucket.histogram.HistogramAggregationBuilder$$Lambda/0x00007fcd287fb2f8
13089:             1             16  org.opensearch.search.aggregations.bucket.histogram.HistogramAggregationBuilder$$Lambda/0x00007fcd287fb520
13090:             1             16  org.opensearch.search.aggregations.bucket.histogram.HistogramAggregationBuilder$$Lambda/0x00007fcd287fb9d8
13091:             1             16  org.opensearch.search.aggregations.bucket.histogram.HistogramAggregationBuilder$$Lambda/0x00007fcd287fbc00
13092:             1             16  org.opensearch.search.aggregations.bucket.histogram.HistogramAggregatorFactory$$Lambda/0x00007fcd288010c8
13093:             1             16  org.opensearch.search.aggregations.bucket.histogram.HistogramAggregatorFactory$$Lambda/0x00007fcd28801548
13094:             1             16  org.opensearch.search.aggregations.bucket.histogram.LongBounds$$Lambda/0x00007fcd29301b98
13095:             1             16  org.opensearch.search.aggregations.bucket.histogram.LongBounds$$Lambda/0x00007fcd29301dd0
13096:             1             16  org.opensearch.search.aggregations.bucket.histogram.VariableWidthHistogramAggregationBuilder$$Lambda/0x00007fcd2880d000
13097:             1             16  org.opensearch.search.aggregations.bucket.histogram.VariableWidthHistogramAggregationBuilder$$Lambda/0x00007fcd2880d228
13098:             1             16  org.opensearch.search.aggregations.bucket.histogram.VariableWidthHistogramAggregationBuilder$$Lambda/0x00007fcd2880fac0
13099:             1             16  org.opensearch.search.aggregations.bucket.histogram.VariableWidthHistogramAggregationBuilder$$Lambda/0x00007fcd2880fcf8
13100:             1             16  org.opensearch.search.aggregations.bucket.histogram.VariableWidthHistogramAggregatorFactory$$Lambda/0x00007fcd28810d00
13101:             1             16  org.opensearch.search.aggregations.bucket.missing.MissingAggregationBuilder$$Lambda/0x00007fcd287ced50
13102:             1             16  org.opensearch.search.aggregations.bucket.missing.MissingAggregatorFactory$$Lambda/0x00007fcd287cc800
13103:             1             16  org.opensearch.search.aggregations.bucket.range.AbstractRangeAggregatorFactory$$Lambda/0x00007fcd287f64a8
13104:             1             16  org.opensearch.search.aggregations.bucket.range.BinaryRangeAggregatorFactory$$Lambda/0x00007fcd287ff660
13105:             1             16  org.opensearch.search.aggregations.bucket.range.DateRangeAggregationBuilder$$Lambda/0x00007fcd287f7278
13106:             1             16  org.opensearch.search.aggregations.bucket.range.DateRangeAggregationBuilder$$Lambda/0x00007fcd287f78f0
13107:             1             16  org.opensearch.search.aggregations.bucket.range.DateRangeAggregationBuilder$$Lambda/0x00007fcd287f7b18
13108:             1             16  org.opensearch.search.aggregations.bucket.range.DateRangeAggregationBuilder$$Lambda/0x00007fcd287f7d40
13109:             1             16  org.opensearch.search.aggregations.bucket.range.GeoDistanceAggregationBuilder$$Lambda/0x00007fcd288126d0
13110:             1             16  org.opensearch.search.aggregations.bucket.range.GeoDistanceAggregationBuilder$$Lambda/0x00007fcd288128f8
13111:             1             16  org.opensearch.search.aggregations.bucket.range.GeoDistanceAggregationBuilder$$Lambda/0x00007fcd28812dd0
13112:             1             16  org.opensearch.search.aggregations.bucket.range.GeoDistanceAggregationBuilder$$Lambda/0x00007fcd28813248
13113:             1             16  org.opensearch.search.aggregations.bucket.range.GeoDistanceAggregationBuilder$$Lambda/0x00007fcd28813470
13114:             1             16  org.opensearch.search.aggregations.bucket.range.GeoDistanceAggregationBuilder$$Lambda/0x00007fcd288138e0
13115:             1             16  org.opensearch.search.aggregations.bucket.range.GeoDistanceAggregationBuilder$$Lambda/0x00007fcd28813b08
13116:             1             16  org.opensearch.search.aggregations.bucket.range.GeoDistanceAggregationBuilder$$Lambda/0x00007fcd28813d20
13117:             1             16  org.opensearch.search.aggregations.bucket.range.GeoDistanceAggregationBuilder$$Lambda/0x00007fcd28816000
13118:             1             16  org.opensearch.search.aggregations.bucket.range.GeoDistanceRangeAggregatorFactory$$Lambda/0x00007fcd28816468
13119:             1             16  org.opensearch.search.aggregations.bucket.range.IpRangeAggregationBuilder$$Lambda/0x00007fcd287fd2d0
13120:             1             16  org.opensearch.search.aggregations.bucket.range.IpRangeAggregationBuilder$$Lambda/0x00007fcd287fd508
13121:             1             16  org.opensearch.search.aggregations.bucket.range.IpRangeAggregationBuilder$$Lambda/0x00007fcd287fd730
13122:             1             16  org.opensearch.search.aggregations.bucket.range.IpRangeAggregationBuilder$$Lambda/0x00007fcd287fdbd0
13123:             1             16  org.opensearch.search.aggregations.bucket.range.RangeAggregationBuilder$$Lambda/0x00007fcd287f3c98
13124:             1             16  org.opensearch.search.aggregations.bucket.range.RangeAggregationBuilder$$Lambda/0x00007fcd287f3ed0
13125:             1             16  org.opensearch.search.aggregations.bucket.range.RangeAggregationBuilder$$Lambda/0x00007fcd287f4ca8
13126:             1             16  org.opensearch.search.aggregations.bucket.range.RangeAggregationBuilder$$Lambda/0x00007fcd287f5180
13127:             1             16  org.opensearch.search.aggregations.bucket.sampler.DiversifiedAggregationBuilder$$Lambda/0x00007fcd287d6be0
13128:             1             16  org.opensearch.search.aggregations.bucket.sampler.DiversifiedAggregationBuilder$$Lambda/0x00007fcd287d6e18
13129:             1             16  org.opensearch.search.aggregations.bucket.sampler.DiversifiedAggregationBuilder$$Lambda/0x00007fcd287d8210
13130:             1             16  org.opensearch.search.aggregations.bucket.sampler.DiversifiedAggregationBuilder$$Lambda/0x00007fcd287d8438
13131:             1             16  org.opensearch.search.aggregations.bucket.sampler.DiversifiedAggregatorFactory$$Lambda/0x00007fcd287d9290
13132:             1             16  org.opensearch.search.aggregations.bucket.sampler.DiversifiedAggregatorFactory$$Lambda/0x00007fcd287d94a8
13133:             1             16  org.opensearch.search.aggregations.bucket.terms.GlobalOrdinalsStringTermsAggregator$$Lambda/0x00007fcd291f0da8
13134:             1             16  org.opensearch.search.aggregations.bucket.terms.GlobalOrdinalsStringTermsAggregator$StandardTermsResults$$Lambda/0x00007fcd293d22e8
13135:             1             16  org.opensearch.search.aggregations.bucket.terms.GlobalOrdinalsStringTermsAggregator$StandardTermsResults$$Lambda/0x00007fcd293d2970
13136:             1             16  org.opensearch.search.aggregations.bucket.terms.GlobalOrdinalsStringTermsAggregator$StandardTermsResults$$Lambda/0x00007fcd293d2b88
13137:             1             16  org.opensearch.search.aggregations.bucket.terms.MultiTermsAggregationBuilder$$Lambda/0x00007fcd28829000
13138:             1             16  org.opensearch.search.aggregations.bucket.terms.MultiTermsAggregationBuilder$$Lambda/0x00007fcd28829228
13139:             1             16  org.opensearch.search.aggregations.bucket.terms.MultiTermsAggregationBuilder$$Lambda/0x00007fcd28829450
13140:             1             16  org.opensearch.search.aggregations.bucket.terms.MultiTermsAggregationBuilder$$Lambda/0x00007fcd28829668
13141:             1             16  org.opensearch.search.aggregations.bucket.terms.MultiTermsAggregationBuilder$$Lambda/0x00007fcd28829890
13142:             1             16  org.opensearch.search.aggregations.bucket.terms.MultiTermsAggregationBuilder$$Lambda/0x00007fcd2882c218
13143:             1             16  org.opensearch.search.aggregations.bucket.terms.MultiTermsAggregationBuilder$$Lambda/0x00007fcd2882f220
13144:             1             16  org.opensearch.search.aggregations.bucket.terms.MultiTermsAggregationBuilder$$Lambda/0x00007fcd2882f448
13145:             1             16  org.opensearch.search.aggregations.bucket.terms.MultiTermsAggregationBuilder$$Lambda/0x00007fcd2882f668
13146:             1             16  org.opensearch.search.aggregations.bucket.terms.MultiTermsAggregationBuilder$$Lambda/0x00007fcd2882f890
13147:             1             16  org.opensearch.search.aggregations.bucket.terms.MultiTermsAggregationBuilder$$Lambda/0x00007fcd2882fab8
13148:             1             16  org.opensearch.search.aggregations.bucket.terms.MultiTermsAggregationBuilder$$Lambda/0x00007fcd2882fce0
13149:             1             16  org.opensearch.search.aggregations.bucket.terms.MultiTermsAggregationFactory$$Lambda/0x00007fcd28830420
13150:             1             16  org.opensearch.search.aggregations.bucket.terms.MultiTermsAggregationFactory$$Lambda/0x00007fcd28830638
13151:             1             16  org.opensearch.search.aggregations.bucket.terms.RareTermsAggregationBuilder$$Lambda/0x00007fcd287e69f0
13152:             1             16  org.opensearch.search.aggregations.bucket.terms.RareTermsAggregationBuilder$$Lambda/0x00007fcd287e6c28
13153:             1             16  org.opensearch.search.aggregations.bucket.terms.RareTermsAggregationBuilder$$Lambda/0x00007fcd287e6e50
13154:             1             16  org.opensearch.search.aggregations.bucket.terms.RareTermsAggregationBuilder$$Lambda/0x00007fcd287e7078
13155:             1             16  org.opensearch.search.aggregations.bucket.terms.RareTermsAggregationBuilder$$Lambda/0x00007fcd287e7290
13156:             1             16  org.opensearch.search.aggregations.bucket.terms.RareTermsAggregationBuilder$$Lambda/0x00007fcd287e74b8
13157:             1             16  org.opensearch.search.aggregations.bucket.terms.RareTermsAggregationBuilder$$Lambda/0x00007fcd287e76d0
13158:             1             16  org.opensearch.search.aggregations.bucket.terms.RareTermsAggregatorFactory$1
13159:             1             16  org.opensearch.search.aggregations.bucket.terms.RareTermsAggregatorFactory$2
13160:             1             16  org.opensearch.search.aggregations.bucket.terms.SignificantTermsAggregationBuilder$$Lambda/0x00007fcd287ef5e8
13161:             1             16  org.opensearch.search.aggregations.bucket.terms.SignificantTermsAggregationBuilder$$Lambda/0x00007fcd287efc70
13162:             1             16  org.opensearch.search.aggregations.bucket.terms.SignificantTermsAggregationBuilder$$Lambda/0x00007fcd287f0000
13163:             1             16  org.opensearch.search.aggregations.bucket.terms.SignificantTermsAggregationBuilder$$Lambda/0x00007fcd287f0228
13164:             1             16  org.opensearch.search.aggregations.bucket.terms.SignificantTermsAggregationBuilder$$Lambda/0x00007fcd287f0450
13165:             1             16  org.opensearch.search.aggregations.bucket.terms.SignificantTermsAggregationBuilder$$Lambda/0x00007fcd287f0678
13166:             1             16  org.opensearch.search.aggregations.bucket.terms.SignificantTermsAggregationBuilder$$Lambda/0x00007fcd287f08a0
13167:             1             16  org.opensearch.search.aggregations.bucket.terms.SignificantTermsAggregationBuilder$$Lambda/0x00007fcd287f0ac8
13168:             1             16  org.opensearch.search.aggregations.bucket.terms.SignificantTermsAggregationBuilder$$Lambda/0x00007fcd287f0ce0
13169:             1             16  org.opensearch.search.aggregations.bucket.terms.SignificantTermsAggregationBuilder$$Lambda/0x00007fcd287f0f08
13170:             1             16  org.opensearch.search.aggregations.bucket.terms.SignificantTermsAggregationBuilder$$Lambda/0x00007fcd287f1120
13171:             1             16  org.opensearch.search.aggregations.bucket.terms.SignificantTermsAggregationBuilder$$Lambda/0x00007fcd287f1348
13172:             1             16  org.opensearch.search.aggregations.bucket.terms.SignificantTermsAggregatorFactory$1
13173:             1             16  org.opensearch.search.aggregations.bucket.terms.SignificantTermsAggregatorFactory$2
13174:             1             16  org.opensearch.search.aggregations.bucket.terms.TermsAggregationBuilder$$Lambda/0x00007fcd287da4b0
13175:             1             16  org.opensearch.search.aggregations.bucket.terms.TermsAggregationBuilder$$Lambda/0x00007fcd287da6e8
13176:             1             16  org.opensearch.search.aggregations.bucket.terms.TermsAggregationBuilder$$Lambda/0x00007fcd287da910
13177:             1             16  org.opensearch.search.aggregations.bucket.terms.TermsAggregationBuilder$$Lambda/0x00007fcd287dab38
13178:             1             16  org.opensearch.search.aggregations.bucket.terms.TermsAggregationBuilder$$Lambda/0x00007fcd287dad60
13179:             1             16  org.opensearch.search.aggregations.bucket.terms.TermsAggregationBuilder$$Lambda/0x00007fcd287daf88
13180:             1             16  org.opensearch.search.aggregations.bucket.terms.TermsAggregationBuilder$$Lambda/0x00007fcd287db1b0
13181:             1             16  org.opensearch.search.aggregations.bucket.terms.TermsAggregationBuilder$$Lambda/0x00007fcd287db630
13182:             1             16  org.opensearch.search.aggregations.bucket.terms.TermsAggregationBuilder$$Lambda/0x00007fcd287db858
13183:             1             16  org.opensearch.search.aggregations.bucket.terms.TermsAggregationBuilder$$Lambda/0x00007fcd287dbc60
13184:             1             16  org.opensearch.search.aggregations.bucket.terms.TermsAggregationBuilder$$Lambda/0x00007fcd287dd420
13185:             1             16  org.opensearch.search.aggregations.bucket.terms.TermsAggregationBuilder$$Lambda/0x00007fcd287dd638
13186:             1             16  org.opensearch.search.aggregations.bucket.terms.TermsAggregationBuilder$$Lambda/0x00007fcd287dd860
13187:             1             16  org.opensearch.search.aggregations.bucket.terms.TermsAggregationBuilder$$Lambda/0x00007fcd287de288
13188:             1             16  org.opensearch.search.aggregations.bucket.terms.TermsAggregationBuilder$$Lambda/0x00007fcd287de758
13189:             1             16  org.opensearch.search.aggregations.bucket.terms.TermsAggregationBuilder$$Lambda/0x00007fcd292f2000
13190:             1             16  org.opensearch.search.aggregations.bucket.terms.TermsAggregationBuilder$$Lambda/0x00007fcd292f2218
13191:             1             16  org.opensearch.search.aggregations.bucket.terms.TermsAggregationBuilder$$Lambda/0x00007fcd292fae80
13192:             1             16  org.opensearch.search.aggregations.bucket.terms.TermsAggregationBuilder$$Lambda/0x00007fcd292fb098
13193:             1             16  org.opensearch.search.aggregations.bucket.terms.TermsAggregationBuilder$$Lambda/0x00007fcd292fb2b0
13194:             1             16  org.opensearch.search.aggregations.bucket.terms.TermsAggregationBuilder$$Lambda/0x00007fcd292fb4c8
13195:             1             16  org.opensearch.search.aggregations.bucket.terms.TermsAggregationBuilder$$Lambda/0x00007fcd292fb6e0
13196:             1             16  org.opensearch.search.aggregations.bucket.terms.TermsAggregationBuilder$$Lambda/0x00007fcd292fb8f8
13197:             1             16  org.opensearch.search.aggregations.bucket.terms.TermsAggregationBuilder$$Lambda/0x00007fcd292fbb10
13198:             1             16  org.opensearch.search.aggregations.bucket.terms.TermsAggregationBuilder$$Lambda/0x00007fcd292fbd28
13199:             1             16  org.opensearch.search.aggregations.bucket.terms.TermsAggregator$$Lambda/0x00007fcd291f7800
13200:             1             16  org.opensearch.search.aggregations.bucket.terms.TermsAggregator$$Lambda/0x00007fcd291f9c00
13201:             1             16  org.opensearch.search.aggregations.bucket.terms.TermsAggregator$$Lambda/0x00007fcd291fb400
13202:             1             16  org.opensearch.search.aggregations.bucket.terms.TermsAggregator$$Lambda/0x00007fcd29201800
13203:             1             16  org.opensearch.search.aggregations.bucket.terms.TermsAggregator$$Lambda/0x00007fcd292cc000
13204:             1             16  org.opensearch.search.aggregations.bucket.terms.TermsAggregatorFactory$1
13205:             1             16  org.opensearch.search.aggregations.bucket.terms.TermsAggregatorFactory$2
13206:             1             16  org.opensearch.search.aggregations.bucket.terms.TermsAggregatorFactory$ExecutionMode$2$$Lambda/0x00007fcd29117800
13207:             1             16  org.opensearch.search.aggregations.bucket.terms.TermsAggregatorFactory$ExecutionMode$2$$Lambda/0x00007fcd29117a38
13208:             1             16  org.opensearch.search.aggregations.bucket.terms.TermsAggregatorFactory$ExecutionMode$2$$Lambda/0x00007fcd29118800
13209:             1             16  org.opensearch.search.aggregations.bucket.terms.TermsAggregatorFactory$ExecutionMode$2$$Lambda/0x00007fcd29118a38
13210:             1             16  org.opensearch.search.aggregations.bucket.terms.TermsAggregatorFactory$ExecutionMode$2$$Lambda/0x00007fcd29118c70
13211:             1             16  org.opensearch.search.aggregations.bucket.terms.heuristic.ChiSquare$$Lambda/0x00007fcd2879b928
13212:             1             16  org.opensearch.search.aggregations.bucket.terms.heuristic.GND$$Lambda/0x00007fcd2879c490
13213:             1             16  org.opensearch.search.aggregations.bucket.terms.heuristic.JLHScore
13214:             1             16  org.opensearch.search.aggregations.bucket.terms.heuristic.JLHScore$$Lambda/0x00007fcd2879cb90
13215:             1             16  org.opensearch.search.aggregations.bucket.terms.heuristic.MutualInformation$$Lambda/0x00007fcd2879d290
13216:             1             16  org.opensearch.search.aggregations.bucket.terms.heuristic.PercentageScore$$Lambda/0x00007fcd2879d980
13217:             1             16  org.opensearch.search.aggregations.bucket.terms.heuristic.ScriptHeuristic$$Lambda/0x00007fcd2879e320
13218:             1             16  org.opensearch.search.aggregations.matrix.MatrixAggregationPlugin
13219:             1             16  org.opensearch.search.aggregations.matrix.MatrixAggregationPlugin$$Lambda/0x00007fcd28834c98
13220:             1             16  org.opensearch.search.aggregations.matrix.MatrixAggregationPlugin$$Lambda/0x00007fcd28835b50
13221:             1             16  org.opensearch.search.aggregations.metrics.AbstractPercentilesAggregationBuilder$$Lambda/0x00007fcd287b8c48
13222:             1             16  org.opensearch.search.aggregations.metrics.AvgAggregationBuilder$$Lambda/0x00007fcd287a2da0
13223:             1             16  org.opensearch.search.aggregations.metrics.AvgAggregatorFactory$$Lambda/0x00007fcd287a8e68
13224:             1             16  org.opensearch.search.aggregations.metrics.CardinalityAggregationBuilder$$Lambda/0x00007fcd287c4800
13225:             1             16  org.opensearch.search.aggregations.metrics.CardinalityAggregationBuilder$$Lambda/0x00007fcd287c5a90
13226:             1             16  org.opensearch.search.aggregations.metrics.CardinalityAggregationBuilder$$Lambda/0x00007fcd287c5cc8
13227:             1             16  org.opensearch.search.aggregations.metrics.CardinalityAggregatorFactory$$Lambda/0x00007fcd287ca168
13228:             1             16  org.opensearch.search.aggregations.metrics.ExtendedStatsAggregationBuilder$$Lambda/0x00007fcd287b5e18
13229:             1             16  org.opensearch.search.aggregations.metrics.ExtendedStatsAggregationBuilder$$Lambda/0x00007fcd287b6050
13230:             1             16  org.opensearch.search.aggregations.metrics.ExtendedStatsAggregatorFactory$$Lambda/0x00007fcd287b76a0
13231:             1             16  org.opensearch.search.aggregations.metrics.GeoCentroidAggregationBuilder$$Lambda/0x00007fcd28819260
13232:             1             16  org.opensearch.search.aggregations.metrics.GeoCentroidAggregatorFactory$$Lambda/0x00007fcd2881a420
13233:             1             16  org.opensearch.search.aggregations.metrics.MaxAggregationBuilder$$Lambda/0x00007fcd287b18a8
13234:             1             16  org.opensearch.search.aggregations.metrics.MaxAggregatorFactory$$Lambda/0x00007fcd287b2ae8
13235:             1             16  org.opensearch.search.aggregations.metrics.MedianAbsoluteDeviationAggregationBuilder$$Lambda/0x00007fcd287c6850
13236:             1             16  org.opensearch.search.aggregations.metrics.MedianAbsoluteDeviationAggregationBuilder$$Lambda/0x00007fcd287c6a88
13237:             1             16  org.opensearch.search.aggregations.metrics.MedianAbsoluteDeviationAggregatorFactory$$Lambda/0x00007fcd287c7cc0
13238:             1             16  org.opensearch.search.aggregations.metrics.MinAggregationBuilder$$Lambda/0x00007fcd287ac800
13239:             1             16  org.opensearch.search.aggregations.metrics.MinAggregatorFactory$$Lambda/0x00007fcd287b0df0
13240:             1             16  org.opensearch.search.aggregations.metrics.PercentileRanksAggregationBuilder$$Lambda/0x00007fcd287c3648
13241:             1             16  org.opensearch.search.aggregations.metrics.PercentileRanksAggregationBuilder$$Lambda/0x00007fcd287c3860
13242:             1             16  org.opensearch.search.aggregations.metrics.PercentileRanksAggregatorFactory$$Lambda/0x00007fcd287c3a78
13243:             1             16  org.opensearch.search.aggregations.metrics.PercentilesAggregationBuilder$$Lambda/0x00007fcd287bbbb0
13244:             1             16  org.opensearch.search.aggregations.metrics.PercentilesAggregationBuilder$$Lambda/0x00007fcd287bbdc8
13245:             1             16  org.opensearch.search.aggregations.metrics.PercentilesAggregatorFactory$$Lambda/0x00007fcd287c17b0
13246:             1             16  org.opensearch.search.aggregations.metrics.PercentilesMethod$$Lambda/0x00007fcd287c04e0
13247:             1             16  org.opensearch.search.aggregations.metrics.PercentilesMethod$$Lambda/0x00007fcd287c06f8
13248:             1             16  org.opensearch.search.aggregations.metrics.PercentilesMethod$$Lambda/0x00007fcd287c1370
13249:             1             16  org.opensearch.search.aggregations.metrics.PercentilesMethod$$Lambda/0x00007fcd287c1588
13250:             1             16  org.opensearch.search.aggregations.metrics.ScriptedMetricAggregationBuilder$$Lambda/0x00007fcd2881ae80
13251:             1             16  org.opensearch.search.aggregations.metrics.ScriptedMetricAggregationBuilder$$Lambda/0x00007fcd2881b0a8
13252:             1             16  org.opensearch.search.aggregations.metrics.ScriptedMetricAggregationBuilder$$Lambda/0x00007fcd2881b2d0
13253:             1             16  org.opensearch.search.aggregations.metrics.ScriptedMetricAggregationBuilder$$Lambda/0x00007fcd2881b4f8
13254:             1             16  org.opensearch.search.aggregations.metrics.ScriptedMetricAggregationBuilder$$Lambda/0x00007fcd2881b720
13255:             1             16  org.opensearch.search.aggregations.metrics.ScriptedMetricAggregationBuilder$$Lambda/0x00007fcd2881b948
13256:             1             16  org.opensearch.search.aggregations.metrics.StatsAggregationBuilder$$Lambda/0x00007fcd287b35a0
13257:             1             16  org.opensearch.search.aggregations.metrics.StatsAggregatorFactory$$Lambda/0x00007fcd287b5158
13258:             1             16  org.opensearch.search.aggregations.metrics.SumAggregationBuilder$$Lambda/0x00007fcd287af108
13259:             1             16  org.opensearch.search.aggregations.metrics.SumAggregatorFactory$$Lambda/0x00007fcd287ad358
13260:             1             16  org.opensearch.search.aggregations.metrics.ValueCountAggregationBuilder$$Lambda/0x00007fcd287bc218
13261:             1             16  org.opensearch.search.aggregations.metrics.ValueCountAggregatorFactory$$Lambda/0x00007fcd287bd920
13262:             1             16  org.opensearch.search.aggregations.metrics.WeightedAvgAggregationBuilder$$Lambda/0x00007fcd287aa740
13263:             1             16  org.opensearch.search.aggregations.pipeline.AvgBucketPipelineAggregationBuilder$1
13264:             1             16  org.opensearch.search.aggregations.pipeline.BucketScriptPipelineAggregationBuilder$$Lambda/0x00007fcd28853048
13265:             1             16  org.opensearch.search.aggregations.pipeline.BucketScriptPipelineAggregationBuilder$$Lambda/0x00007fcd28853270
13266:             1             16  org.opensearch.search.aggregations.pipeline.BucketScriptPipelineAggregationBuilder$$Lambda/0x00007fcd28853488
13267:             1             16  org.opensearch.search.aggregations.pipeline.BucketScriptPipelineAggregationBuilder$$Lambda/0x00007fcd28853910
13268:             1             16  org.opensearch.search.aggregations.pipeline.BucketScriptPipelineAggregationBuilder$$Lambda/0x00007fcd28853b38
13269:             1             16  org.opensearch.search.aggregations.pipeline.CumulativeSumPipelineAggregationBuilder$$Lambda/0x00007fcd288521e0
13270:             1             16  org.opensearch.search.aggregations.pipeline.CumulativeSumPipelineAggregationBuilder$$Lambda/0x00007fcd28852408
13271:             1             16  org.opensearch.search.aggregations.pipeline.EwmaModel$1
13272:             1             16  org.opensearch.search.aggregations.pipeline.ExtendedStatsBucketParser
13273:             1             16  org.opensearch.search.aggregations.pipeline.HoltLinearModel$1
13274:             1             16  org.opensearch.search.aggregations.pipeline.HoltWintersModel$1
13275:             1             16  org.opensearch.search.aggregations.pipeline.LinearModel$1
13276:             1             16  org.opensearch.search.aggregations.pipeline.MaxBucketPipelineAggregationBuilder$1
13277:             1             16  org.opensearch.search.aggregations.pipeline.MinBucketPipelineAggregationBuilder$1
13278:             1             16  org.opensearch.search.aggregations.pipeline.MovFnPipelineAggregationBuilder$$Lambda/0x00007fcd28856c28
13279:             1             16  org.opensearch.search.aggregations.pipeline.MovFnPipelineAggregationBuilder$$Lambda/0x00007fcd28856e50
13280:             1             16  org.opensearch.search.aggregations.pipeline.MovFnPipelineAggregationBuilder$$Lambda/0x00007fcd28857068
13281:             1             16  org.opensearch.search.aggregations.pipeline.MovFnPipelineAggregationBuilder$$Lambda/0x00007fcd28857290
13282:             1             16  org.opensearch.search.aggregations.pipeline.MovFnPipelineAggregationBuilder$$Lambda/0x00007fcd288574b8
13283:             1             16  org.opensearch.search.aggregations.pipeline.MovFnPipelineAggregationBuilder$$Lambda/0x00007fcd288576e0
13284:             1             16  org.opensearch.search.aggregations.pipeline.PercentilesBucketPipelineAggregationBuilder$1
13285:             1             16  org.opensearch.search.aggregations.pipeline.SimpleModel$1
13286:             1             16  org.opensearch.search.aggregations.pipeline.StatsBucketPipelineAggregationBuilder$1
13287:             1             16  org.opensearch.search.aggregations.pipeline.SumBucketPipelineAggregationBuilder$1
13288:             1             16  org.opensearch.search.aggregations.support.AggregationInfo
13289:             1             16  org.opensearch.search.aggregations.support.AggregationUsageService$Builder$$Lambda/0x00007fcd287a92c0
13290:             1             16  org.opensearch.search.aggregations.support.BaseMultiValuesSourceFieldConfig$$Lambda/0x00007fcd2882cbb0
13291:             1             16  org.opensearch.search.aggregations.support.BaseMultiValuesSourceFieldConfig$$Lambda/0x00007fcd2882d678
13292:             1             16  org.opensearch.search.aggregations.support.BaseMultiValuesSourceFieldConfig$$Lambda/0x00007fcd2882d8a0
13293:             1             16  org.opensearch.search.aggregations.support.BaseMultiValuesSourceFieldConfig$$Lambda/0x00007fcd2882dac8
13294:             1             16  org.opensearch.search.aggregations.support.BaseMultiValuesSourceFieldConfig$$Lambda/0x00007fcd2882dce0
13295:             1             16  org.opensearch.search.aggregations.support.BaseMultiValuesSourceFieldConfig$$Lambda/0x00007fcd2882df08
13296:             1             16  org.opensearch.search.aggregations.support.BaseMultiValuesSourceFieldConfig$$Lambda/0x00007fcd2882e120
13297:             1             16  org.opensearch.search.aggregations.support.BaseMultiValuesSourceFieldConfig$$Lambda/0x00007fcd2882e348
13298:             1             16  org.opensearch.search.aggregations.support.MultiTermsValuesSourceConfig$$Lambda/0x00007fcd2882cfc0
13299:             1             16  org.opensearch.search.aggregations.support.MultiTermsValuesSourceConfig$$Lambda/0x00007fcd2882d460
13300:             1             16  org.opensearch.search.aggregations.support.MultiTermsValuesSourceConfig$$Lambda/0x00007fcd2882e560
13301:             1             16  org.opensearch.search.aggregations.support.MultiTermsValuesSourceConfig$$Lambda/0x00007fcd2882e788
13302:             1             16  org.opensearch.search.aggregations.support.MultiTermsValuesSourceConfig$$Lambda/0x00007fcd2882e9a0
13303:             1             16  org.opensearch.search.aggregations.support.MultiTermsValuesSourceConfig$$Lambda/0x00007fcd2882ebc8
13304:             1             16  org.opensearch.search.aggregations.support.MultiTermsValuesSourceConfig$$Lambda/0x00007fcd2882ede0
13305:             1             16  org.opensearch.search.aggregations.support.MultiTermsValuesSourceConfig$$Lambda/0x00007fcd2882f008
13306:             1             16  org.opensearch.search.aggregations.support.MultiValuesSourceParseHelper$$Lambda/0x00007fcd287aab78
13307:             1             16  org.opensearch.search.aggregations.support.MultiValuesSourceParseHelper$$Lambda/0x00007fcd287aafc0
13308:             1             16  org.opensearch.search.aggregations.support.MultiValuesSourceParseHelper$$Lambda/0x00007fcd287ab1e8
13309:             1             16  org.opensearch.search.aggregations.support.ValuesSource$Bytes$WithOrdinals$1
13310:             1             16  org.opensearch.search.aggregations.support.ValuesSource$Numeric$1
13311:             1             16  org.opensearch.search.aggregations.support.ValuesSourceAggregationBuilder$$Lambda/0x00007fcd287a2fd8
13312:             1             16  org.opensearch.search.aggregations.support.ValuesSourceAggregationBuilder$$Lambda/0x00007fcd287a3200
13313:             1             16  org.opensearch.search.aggregations.support.ValuesSourceAggregationBuilder$$Lambda/0x00007fcd287a3618
13314:             1             16  org.opensearch.search.aggregations.support.ValuesSourceAggregationBuilder$$Lambda/0x00007fcd287a3840
13315:             1             16  org.opensearch.search.aggregations.support.ValuesSourceAggregationBuilder$$Lambda/0x00007fcd287a3cb8
13316:             1             16  org.opensearch.search.aggregations.support.ValuesSourceAggregationBuilder$$Lambda/0x00007fcd287a3ee0
13317:             1             16  org.opensearch.search.aggregations.support.ValuesSourceAggregationBuilder$$Lambda/0x00007fcd287a42e8
13318:             1             16  org.opensearch.search.aggregations.support.ValuesSourceAggregationBuilder$$Lambda/0x00007fcd287a4510
13319:             1             16  org.opensearch.search.aggregations.support.ValuesSourceAggregationBuilder$$Lambda/0x00007fcd287a4728
13320:             1             16  org.opensearch.search.aggregations.support.ValuesSourceAggregationBuilder$$Lambda/0x00007fcd287a4950
13321:             1             16  org.opensearch.search.aggregations.support.ValuesSourceAggregationBuilder$$Lambda/0x00007fcd287f74b0
13322:             1             16  org.opensearch.search.aggregations.support.ValuesSourceAggregationBuilder$$Lambda/0x00007fcd287f76d8
13323:             1             16  org.opensearch.search.aggregations.support.ValuesSourceAggregationBuilder$$Lambda/0x00007fcd292faa78
13324:             1             16  org.opensearch.search.aggregations.support.ValuesSourceConfig$$Lambda/0x00007fcd292e8658
13325:             1             16  org.opensearch.search.aggregations.support.ValuesSourceConfig$$Lambda/0x00007fcd292e8870
13326:             1             16  org.opensearch.search.aggregations.support.ValuesSourceConfig$$Lambda/0x00007fcd292e8a88
13327:             1             16  org.opensearch.search.aggregations.support.ValuesSourceConfig$$Lambda/0x00007fcd292e8ca0
13328:             1             16  org.opensearch.search.aggregations.support.ValuesSourceRegistry$$Lambda/0x00007fcd28832888
13329:             1             16  org.opensearch.search.aggregations.support.ValuesSourceRegistry$$Lambda/0x00007fcd28832ac0
13330:             1             16  org.opensearch.search.asynchronous.action.AsynchronousSearchStatsAction$$Lambda/0x00007fcd28af1d38
13331:             1             16  org.opensearch.search.asynchronous.action.DeleteAsynchronousSearchAction$$Lambda/0x00007fcd28c68b88
13332:             1             16  org.opensearch.search.asynchronous.action.GetAsynchronousSearchAction$$Lambda/0x00007fcd28c68278
13333:             1             16  org.opensearch.search.asynchronous.action.SubmitAsynchronousSearchAction$$Lambda/0x00007fcd28af1648
13334:             1             16  org.opensearch.search.asynchronous.context.active.AsynchronousSearchActiveStore$$Lambda/0x00007fcd28591da8
13335:             1             16  org.opensearch.search.asynchronous.management.AsynchronousSearchManagementService$$Lambda/0x00007fcd28f97c30
13336:             1             16  org.opensearch.search.asynchronous.management.AsynchronousSearchManagementService$ActiveContextReaper
13337:             1             16  org.opensearch.search.asynchronous.management.AsynchronousSearchManagementService$PersistedResponseCleanUpTransportHandler
13338:             1             16  org.opensearch.search.asynchronous.service.AsynchronousSearchService$$Lambda/0x00007fcd28aec4d8
13339:             1             16  org.opensearch.search.asynchronous.service.AsynchronousSearchService$$Lambda/0x00007fcd28aec708
13340:             1             16  org.opensearch.search.asynchronous.service.AsynchronousSearchService$$Lambda/0x00007fcd28aec938
13341:             1             16  org.opensearch.search.asynchronous.service.AsynchronousSearchService$$Lambda/0x00007fcd28aecb68
13342:             1             16  org.opensearch.search.asynchronous.service.AsynchronousSearchService$$Lambda/0x00007fcd28aecd98
13343:             1             16  org.opensearch.search.asynchronous.service.AsynchronousSearchService$$Lambda/0x00007fcd28aeda98
13344:             1             16  org.opensearch.search.asynchronous.service.AsynchronousSearchService$$Lambda/0x00007fcd28aedef8
13345:             1             16  org.opensearch.search.asynchronous.service.AsynchronousSearchService$$Lambda/0x00007fcd28aee338
13346:             1             16  org.opensearch.search.asynchronous.service.AsynchronousSearchService$$Lambda/0x00007fcd28aee560
13347:             1             16  org.opensearch.search.asynchronous.service.AsynchronousSearchService$$Lambda/0x00007fcd28aee9a0
13348:             1             16  org.opensearch.search.asynchronous.service.AsynchronousSearchService$$Lambda/0x00007fcd28aeebc8
13349:             1             16  org.opensearch.search.asynchronous.service.AsynchronousSearchService$$Lambda/0x00007fcd28aef008
13350:             1             16  org.opensearch.search.asynchronous.service.AsynchronousSearchService$$Lambda/0x00007fcd28aef238
13351:             1             16  org.opensearch.search.asynchronous.service.AsynchronousSearchService$$Lambda/0x00007fcd28aef460
13352:             1             16  org.opensearch.search.asynchronous.service.AsynchronousSearchService$$Lambda/0x00007fcd28aef690
13353:             1             16  org.opensearch.search.asynchronous.service.AsynchronousSearchService$$Lambda/0x00007fcd28aefac8
13354:             1             16  org.opensearch.search.asynchronous.service.AsynchronousSearchService$$Lambda/0x00007fcd28aefcf0
13355:             1             16  org.opensearch.search.asynchronous.service.AsynchronousSearchService$$Lambda/0x00007fcd28af0210
13356:             1             16  org.opensearch.search.asynchronous.service.AsynchronousSearchService$$Lambda/0x00007fcd28af0438
13357:             1             16  org.opensearch.search.asynchronous.service.AsynchronousSearchService$$Lambda/0x00007fcd28af0660
13358:             1             16  org.opensearch.search.asynchronous.service.AsynchronousSearchService$$Lambda/0x00007fcd28af0890
13359:             1             16  org.opensearch.search.asynchronous.service.AsynchronousSearchService$$Lambda/0x00007fcd28af0ce8
13360:             1             16  org.opensearch.search.asynchronous.service.AsynchronousSearchService$$Lambda/0x00007fcd28af1130
13361:             1             16  org.opensearch.search.asynchronous.service.AsynchronousSearchService$$Lambda/0x00007fcd28fbcf58
13362:             1             16  org.opensearch.search.asynchronous.stats.InternalAsynchronousSearchStats
13363:             1             16  org.opensearch.search.asynchronous.transport.TransportAsynchronousSearchStatsAction$$Lambda/0x00007fcd28f97800
13364:             1             16  org.opensearch.search.asynchronous.transport.TransportAsynchronousSearchStatsAction$$Lambda/0x00007fcd28f97a18
13365:             1             16  org.opensearch.search.asynchronous.transport.TransportDeleteAsynchronousSearchAction$$Lambda/0x00007fcd28c6add0
13366:             1             16  org.opensearch.search.asynchronous.transport.TransportDeleteAsynchronousSearchAction$$Lambda/0x00007fcd28c6afe8
13367:             1             16  org.opensearch.search.asynchronous.transport.TransportGetAsynchronousSearchAction$$Lambda/0x00007fcd28c6b200
13368:             1             16  org.opensearch.search.asynchronous.transport.TransportGetAsynchronousSearchAction$$Lambda/0x00007fcd28c6b418
13369:             1             16  org.opensearch.search.asynchronous.transport.TransportSubmitAsynchronousSearchAction$$Lambda/0x00007fcd28c6bc80
13370:             1             16  org.opensearch.search.backpressure.SearchBackpressureService$$Lambda/0x00007fcd28cea7f0
13371:             1             16  org.opensearch.search.backpressure.SearchBackpressureService$$Lambda/0x00007fcd28ceac18
13372:             1             16  org.opensearch.search.backpressure.SearchBackpressureService$$Lambda/0x00007fcd28ceb050
13373:             1             16  org.opensearch.search.backpressure.SearchBackpressureService$$Lambda/0x00007fcd28ceb270
13374:             1             16  org.opensearch.search.backpressure.SearchBackpressureService$$Lambda/0x00007fcd28ceb490
13375:             1             16  org.opensearch.search.backpressure.SearchBackpressureService$$Lambda/0x00007fcd28ceb6b0
13376:             1             16  org.opensearch.search.backpressure.SearchBackpressureService$$Lambda/0x00007fcd28ceb8d0
13377:             1             16  org.opensearch.search.backpressure.SearchBackpressureService$$Lambda/0x00007fcd28cec7f8
13378:             1             16  org.opensearch.search.backpressure.SearchBackpressureService$$Lambda/0x00007fcd28ceca10
13379:             1             16  org.opensearch.search.backpressure.SearchBackpressureService$$Lambda/0x00007fcd28cecc30
13380:             1             16  org.opensearch.search.backpressure.SearchBackpressureService$$Lambda/0x00007fcd28cece50
13381:             1             16  org.opensearch.search.backpressure.SearchBackpressureService$$Lambda/0x00007fcd28ced070
13382:             1             16  org.opensearch.search.backpressure.SearchBackpressureService$$Lambda/0x00007fcd29044b48
13383:             1             16  org.opensearch.search.backpressure.settings.NodeDuressSettings$$Lambda/0x00007fcd28ce1230
13384:             1             16  org.opensearch.search.backpressure.settings.NodeDuressSettings$$Lambda/0x00007fcd28ce1460
13385:             1             16  org.opensearch.search.backpressure.settings.NodeDuressSettings$$Lambda/0x00007fcd28ce1690
13386:             1             16  org.opensearch.search.backpressure.settings.SearchBackpressureSettings$$Lambda/0x00007fcd286fe490
13387:             1             16  org.opensearch.search.backpressure.settings.SearchBackpressureSettings$$Lambda/0x00007fcd28ce9a00
13388:             1             16  org.opensearch.search.backpressure.settings.SearchBackpressureSettings$$Lambda/0x00007fcd28ce9c30
13389:             1             16  org.opensearch.search.backpressure.settings.SearchBackpressureSettings$$Lambda/0x00007fcd28ce9e60
13390:             1             16  org.opensearch.search.backpressure.settings.SearchBackpressureSettings$$Lambda/0x00007fcd28cea090
13391:             1             16  org.opensearch.search.backpressure.settings.SearchShardTaskSettings$$Lambda/0x00007fcd28ce8460
13392:             1             16  org.opensearch.search.backpressure.settings.SearchShardTaskSettings$$Lambda/0x00007fcd28ce8690
13393:             1             16  org.opensearch.search.backpressure.settings.SearchShardTaskSettings$$Lambda/0x00007fcd28ce88c0
13394:             1             16  org.opensearch.search.backpressure.settings.SearchShardTaskSettings$$Lambda/0x00007fcd28ce8af0
13395:             1             16  org.opensearch.search.backpressure.settings.SearchShardTaskSettings$$Lambda/0x00007fcd28ce8d20
13396:             1             16  org.opensearch.search.backpressure.settings.SearchShardTaskSettings$$Lambda/0x00007fcd28ce8f50
13397:             1             16  org.opensearch.search.backpressure.settings.SearchShardTaskSettings$$Lambda/0x00007fcd28ce9180
13398:             1             16  org.opensearch.search.backpressure.settings.SearchShardTaskSettings$$Lambda/0x00007fcd28ce93b0
13399:             1             16  org.opensearch.search.backpressure.settings.SearchShardTaskSettings$$Lambda/0x00007fcd28ce95e0
13400:             1             16  org.opensearch.search.backpressure.settings.SearchTaskSettings$$Lambda/0x00007fcd28ce0400
13401:             1             16  org.opensearch.search.backpressure.settings.SearchTaskSettings$$Lambda/0x00007fcd28ce0800
13402:             1             16  org.opensearch.search.backpressure.settings.SearchTaskSettings$$Lambda/0x00007fcd28ce0a30
13403:             1             16  org.opensearch.search.backpressure.settings.SearchTaskSettings$$Lambda/0x00007fcd28ce0c60
13404:             1             16  org.opensearch.search.backpressure.settings.SearchTaskSettings$$Lambda/0x00007fcd28ce18c0
13405:             1             16  org.opensearch.search.backpressure.settings.SearchTaskSettings$$Lambda/0x00007fcd28ce1af0
13406:             1             16  org.opensearch.search.backpressure.settings.SearchTaskSettings$$Lambda/0x00007fcd28ce1d20
13407:             1             16  org.opensearch.search.backpressure.settings.SearchTaskSettings$$Lambda/0x00007fcd28ce8000
13408:             1             16  org.opensearch.search.backpressure.settings.SearchTaskSettings$$Lambda/0x00007fcd28ce8230
13409:             1             16  org.opensearch.search.backpressure.trackers.HeapUsageTracker$$Lambda/0x00007fcd292353d8
13410:             1             16  org.opensearch.search.builder.SearchSourceBuilder$$Lambda/0x00007fcd29209a98
13411:             1             16  org.opensearch.search.builder.SearchSourceBuilder$$Lambda/0x00007fcd2920bc78
13412:             1             16  org.opensearch.search.builder.SearchSourceBuilder$$Lambda/0x00007fcd29210000
13413:             1             16  org.opensearch.search.builder.SearchSourceBuilder$$Lambda/0x00007fcd29210eb0
13414:             1             16  org.opensearch.search.builder.SearchSourceBuilder$$Lambda/0x00007fcd29211350
13415:             1             16  org.opensearch.search.builder.SearchSourceBuilder$$Lambda/0x00007fcd29211808
13416:             1             16  org.opensearch.search.builder.SearchSourceBuilder$$Lambda/0x00007fcd29211cb0
13417:             1             16  org.opensearch.search.builder.SearchSourceBuilder$$Lambda/0x00007fcd29212840
13418:             1             16  org.opensearch.search.builder.SearchSourceBuilder$$Lambda/0x00007fcd29212d08
13419:             1             16  org.opensearch.search.builder.SearchSourceBuilder$$Lambda/0x00007fcd29213188
13420:             1             16  org.opensearch.search.dfs.DfsPhase
13421:             1             16  org.opensearch.search.fetch.FetchPhase
13422:             1             16  org.opensearch.search.fetch.subphase.ExplainPhase
13423:             1             16  org.opensearch.search.fetch.subphase.FetchDocValuesPhase
13424:             1             16  org.opensearch.search.fetch.subphase.FetchFieldsPhase
13425:             1             16  org.opensearch.search.fetch.subphase.FetchScorePhase
13426:             1             16  org.opensearch.search.fetch.subphase.FetchSourcePhase
13427:             1             16  org.opensearch.search.fetch.subphase.FetchVersionPhase
13428:             1             16  org.opensearch.search.fetch.subphase.InnerHitsPhase
13429:             1             16  org.opensearch.search.fetch.subphase.MatchedQueriesPhase
13430:             1             16  org.opensearch.search.fetch.subphase.ScriptFieldsPhase
13431:             1             16  org.opensearch.search.fetch.subphase.SeqNoPrimaryTermPhase
13432:             1             16  org.opensearch.search.fetch.subphase.highlight.FastVectorHighlighter
13433:             1             16  org.opensearch.search.fetch.subphase.highlight.PlainHighlighter
13434:             1             16  org.opensearch.search.fetch.subphase.highlight.UnifiedHighlighter
13435:             1             16  org.opensearch.search.internal.SearchContext$1
13436:             1             16  org.opensearch.search.internal.ShardSearchRequest$$Lambda/0x00007fcd291eddc0
13437:             1             16  org.opensearch.search.internal.ShardSearchRequest$$Lambda/0x00007fcd2920b580
13438:             1             16  org.opensearch.search.internal.ShardSearchRequest$$Lambda/0x00007fcd2920b798
13439:             1             16  org.opensearch.search.internal.ShardSearchRequest$$Lambda/0x00007fcd292135e0
13440:             1             16  org.opensearch.search.internal.ShardSearchRequest$$Lambda/0x00007fcd292137f8
13441:             1             16  org.opensearch.search.pipeline.Pipeline$$Lambda/0x00007fcd291e5160
13442:             1             16  org.opensearch.search.pipeline.SearchPipelineService$$Lambda/0x00007fcd29225da8
13443:             1             16  org.opensearch.search.pipeline.SearchPipelineService$$Lambda/0x00007fcd2922a2a8
13444:             1             16  org.opensearch.search.pipeline.common.CollapseResponseProcessor$Factory
13445:             1             16  org.opensearch.search.pipeline.common.FilterQueryRequestProcessor$Factory
13446:             1             16  org.opensearch.search.pipeline.common.OversampleRequestProcessor$Factory
13447:             1             16  org.opensearch.search.pipeline.common.RenameFieldResponseProcessor$Factory
13448:             1             16  org.opensearch.search.pipeline.common.ScriptRequestProcessor$Factory
13449:             1             16  org.opensearch.search.pipeline.common.SearchPipelineCommonModulePlugin
13450:             1             16  org.opensearch.search.pipeline.common.TruncateHitsResponseProcessor$Factory
13451:             1             16  org.opensearch.search.query.QueryCollectorContext$1
13452:             1             16  org.opensearch.search.query.QueryCollectorContext$2
13453:             1             16  org.opensearch.search.query.QueryPhase$$Lambda/0x00007fcd29114000
13454:             1             16  org.opensearch.search.query.QueryPhase$$Lambda/0x00007fcd29115c00
13455:             1             16  org.opensearch.search.query.QueryPhase$$Lambda/0x00007fcd29117000
13456:             1             16  org.opensearch.search.query.QueryPhase$$Lambda/0x00007fcd29118000
13457:             1             16  org.opensearch.search.query.QueryPhase$$Lambda/0x00007fcd2913c400
13458:             1             16  org.opensearch.search.query.QueryPhase$$Lambda/0x00007fcd2913dc00
13459:             1             16  org.opensearch.search.query.QueryPhase$$Lambda/0x00007fcd293c4000
13460:             1             16  org.opensearch.search.query.QueryPhase$$Lambda/0x00007fcd293c4238
13461:             1             16  org.opensearch.search.query.QueryPhase$$Lambda/0x00007fcd293c4470
13462:             1             16  org.opensearch.search.query.QueryPhase$$Lambda/0x00007fcd293c46a8
13463:             1             16  org.opensearch.search.query.QuerySearchResult$$Lambda/0x00007fcd2920af30
13464:             1             16  org.opensearch.search.query.QuerySearchResult$$Lambda/0x00007fcd2920b148
13465:             1             16  org.opensearch.search.rescore.RescoreProcessor
13466:             1             16  org.opensearch.search.sort.FieldSortBuilder$$Lambda/0x00007fcd291ea000
13467:             1             16  org.opensearch.search.sort.FieldSortBuilder$$Lambda/0x00007fcd291ea228
13468:             1             16  org.opensearch.search.sort.FieldSortBuilder$$Lambda/0x00007fcd291ea6b8
13469:             1             16  org.opensearch.search.sort.FieldSortBuilder$$Lambda/0x00007fcd291ead98
13470:             1             16  org.opensearch.search.sort.FieldSortBuilder$$Lambda/0x00007fcd291eafc0
13471:             1             16  org.opensearch.search.sort.FieldSortBuilder$$Lambda/0x00007fcd291eb1d8
13472:             1             16  org.opensearch.search.sort.FieldSortBuilder$$Lambda/0x00007fcd291ef390
13473:             1             16  org.opensearch.search.sort.FieldSortBuilder$$Lambda/0x00007fcd291ef5b8
13474:             1             16  org.opensearch.search.sort.FieldSortBuilder$$Lambda/0x00007fcd291ef7d0
13475:             1             16  org.opensearch.search.sort.FieldSortBuilder$$Lambda/0x00007fcd291ef9f8
13476:             1             16  org.opensearch.search.sort.FieldSortBuilder$$Lambda/0x00007fcd291efc20
13477:             1             16  org.opensearch.search.sort.SortValue$$Lambda/0x00007fcd2886f858
13478:             1             16  org.opensearch.search.sort.SortValue$$Lambda/0x00007fcd2886fa70
13479:             1             16  org.opensearch.search.sort.SortValue$$Lambda/0x00007fcd2886fc88
13480:             1             16  org.opensearch.search.suggest.SuggestProcessor
13481:             1             16  org.opensearch.searchpipelines.questionanswering.generative.GenerativeQARequestProcessor$Factory
13482:             1             16  org.opensearch.security.DefaultObjectMapper$$Lambda/0x00007fcd28ff3930
13483:             1             16  org.opensearch.security.OpenSearchSecurityPlugin$$Lambda/0x00007fcd28386188
13484:             1             16  org.opensearch.security.OpenSearchSecurityPlugin$$Lambda/0x00007fcd2856f7c0
13485:             1             16  org.opensearch.security.OpenSearchSecurityPlugin$$Lambda/0x00007fcd28570f60
13486:             1             16  org.opensearch.security.OpenSearchSecurityPlugin$$Lambda/0x00007fcd285728b8
13487:             1             16  org.opensearch.security.OpenSearchSecurityPlugin$$Lambda/0x00007fcd28572e50
13488:             1             16  org.opensearch.security.OpenSearchSecurityPlugin$$Lambda/0x00007fcd28573068
13489:             1             16  org.opensearch.security.OpenSearchSecurityPlugin$$Lambda/0x00007fcd2896f2f0
13490:             1             16  org.opensearch.security.OpenSearchSecurityPlugin$$Lambda/0x00007fcd28c02b60
13491:             1             16  org.opensearch.security.OpenSearchSecurityPlugin$6
13492:             1             16  org.opensearch.security.OpenSearchSecurityPlugin$GuiceHolder
13493:             1             16  org.opensearch.security.action.configupdate.ConfigUpdateAction$$Lambda/0x00007fcd2896f7c8
13494:             1             16  org.opensearch.security.action.configupdate.TransportConfigUpdateAction$$Lambda/0x00007fcd28caf0f8
13495:             1             16  org.opensearch.security.action.configupdate.TransportConfigUpdateAction$$Lambda/0x00007fcd28caf310
13496:             1             16  org.opensearch.security.action.whoami.TransportWhoAmIAction$$Lambda/0x00007fcd28caeee0
13497:             1             16  org.opensearch.security.action.whoami.WhoAmIAction$$Lambda/0x00007fcd28c02730
13498:             1             16  org.opensearch.security.auditlog.AuditLogSslExceptionHandler
13499:             1             16  org.opensearch.security.auditlog.impl.AuditCategory$$Lambda/0x00007fcd28ff4448
13500:             1             16  org.opensearch.security.auditlog.impl.AuditCategory$$Lambda/0x00007fcd28ff4680
13501:             1             16  org.opensearch.security.auditlog.impl.AuditLogImpl$$Lambda/0x00007fcd28929398
13502:             1             16  org.opensearch.security.auditlog.routing.AuditMessageRouter$$Lambda/0x00007fcd29261110
13503:             1             16  org.opensearch.security.auditlog.routing.AuditMessageRouter$$Lambda/0x00007fcd29261348
13504:             1             16  org.opensearch.security.auth.BackendRegistry$1
13505:             1             16  org.opensearch.security.auth.BackendRegistry$2
13506:             1             16  org.opensearch.security.auth.BackendRegistry$3
13507:             1             16  org.opensearch.security.compliance.ComplianceConfig$$Lambda/0x00007fcd28ff5630
13508:             1             16  org.opensearch.security.compliance.ComplianceConfig$$Lambda/0x00007fcd28ff5868
13509:             1             16  org.opensearch.security.compliance.ComplianceConfig$$Lambda/0x00007fcd28ff5ab0
13510:             1             16  org.opensearch.security.compliance.ComplianceConfig$$Lambda/0x00007fcd28ff5ce8
13511:             1             16  org.opensearch.security.compliance.ComplianceConfig$$Lambda/0x00007fcd28ff5f20
13512:             1             16  org.opensearch.security.compliance.ComplianceConfig$$Lambda/0x00007fcd28ff6168
13513:             1             16  org.opensearch.security.compliance.ComplianceConfig$$Lambda/0x00007fcd28ff63a0
13514:             1             16  org.opensearch.security.compliance.ComplianceConfig$$Lambda/0x00007fcd28ff7030
13515:             1             16  org.opensearch.security.configuration.AdminDNs$$Lambda/0x00007fcd2892b5a0
13516:             1             16  org.opensearch.security.configuration.Salt
13517:             1             16  org.opensearch.security.configuration.SecurityFlsDlsIndexSearcherWrapper$$Lambda/0x00007fcd29262f70
13518:             1             16  org.opensearch.security.dlic.rest.api.AccountApiAction$$Lambda/0x00007fcd28ff0868
13519:             1             16  org.opensearch.security.dlic.rest.api.AccountApiAction$$Lambda/0x00007fcd28ff0a88
13520:             1             16  org.opensearch.security.dlic.rest.api.AccountApiAction$1
13521:             1             16  org.opensearch.security.dlic.rest.api.ActionGroupsApiAction$$Lambda/0x00007fcd28feba60
13522:             1             16  org.opensearch.security.dlic.rest.api.ActionGroupsApiAction$1
13523:             1             16  org.opensearch.security.dlic.rest.api.AuditApiAction$$Lambda/0x00007fcd28ff9840
13524:             1             16  org.opensearch.security.dlic.rest.api.AuditApiAction$$Lambda/0x00007fcd28ff9a60
13525:             1             16  org.opensearch.security.dlic.rest.api.AuditApiAction$$Lambda/0x00007fcd28ff9c80
13526:             1             16  org.opensearch.security.dlic.rest.api.AuditApiAction$2
13527:             1             16  org.opensearch.security.dlic.rest.api.AuthTokenProcessorAction$$Lambda/0x00007fcd28fee218
13528:             1             16  org.opensearch.security.dlic.rest.api.AuthTokenProcessorAction$$Lambda/0x00007fcd28fee440
13529:             1             16  org.opensearch.security.dlic.rest.api.CertificatesApiAction$$Lambda/0x00007fcd28ffcfd0
13530:             1             16  org.opensearch.security.dlic.rest.api.CertificatesApiAction$$Lambda/0x00007fcd28ffd220
13531:             1             16  org.opensearch.security.dlic.rest.api.ConfigUpgradeApiAction$$Lambda/0x00007fcd28ffba90
13532:             1             16  org.opensearch.security.dlic.rest.api.ConfigUpgradeApiAction$$Lambda/0x00007fcd28ffbcb0
13533:             1             16  org.opensearch.security.dlic.rest.api.ConfigUpgradeApiAction$1
13534:             1             16  org.opensearch.security.dlic.rest.api.FlushCacheApiAction$$Lambda/0x00007fcd28fec708
13535:             1             16  org.opensearch.security.dlic.rest.api.InternalUsersApiAction$$Lambda/0x00007fcd28fe8dc0
13536:             1             16  org.opensearch.security.dlic.rest.api.InternalUsersApiAction$$Lambda/0x00007fcd28fe8fe0
13537:             1             16  org.opensearch.security.dlic.rest.api.InternalUsersApiAction$$Lambda/0x00007fcd28fe9200
13538:             1             16  org.opensearch.security.dlic.rest.api.InternalUsersApiAction$$Lambda/0x00007fcd28fe9640
13539:             1             16  org.opensearch.security.dlic.rest.api.InternalUsersApiAction$1
13540:             1             16  org.opensearch.security.dlic.rest.api.MigrateApiAction$$Lambda/0x00007fcd28fef5f8
13541:             1             16  org.opensearch.security.dlic.rest.api.MultiTenancyConfigApiAction$$Lambda/0x00007fcd28ffa938
13542:             1             16  org.opensearch.security.dlic.rest.api.MultiTenancyConfigApiAction$$Lambda/0x00007fcd28ffab58
13543:             1             16  org.opensearch.security.dlic.rest.api.MultiTenancyConfigApiAction$1
13544:             1             16  org.opensearch.security.dlic.rest.api.RequestHandler$$Lambda/0x00007fcd28fc36d0
13545:             1             16  org.opensearch.security.dlic.rest.api.RequestHandler$$Lambda/0x00007fcd28fc38e8
13546:             1             16  org.opensearch.security.dlic.rest.api.RestApiAdminPrivilegesEvaluator$$Lambda/0x00007fcd2838de38
13547:             1             16  org.opensearch.security.dlic.rest.api.RestApiAdminPrivilegesEvaluator$$Lambda/0x00007fcd2838e978
13548:             1             16  org.opensearch.security.dlic.rest.api.RestApiAdminPrivilegesEvaluator$$Lambda/0x00007fcd2838eba0
13549:             1             16  org.opensearch.security.dlic.rest.api.RestApiAdminPrivilegesEvaluator$$Lambda/0x00007fcd2838edc8
13550:             1             16  org.opensearch.security.dlic.rest.api.RestApiAdminPrivilegesEvaluator$$Lambda/0x00007fcd2838eff0
13551:             1             16  org.opensearch.security.dlic.rest.api.RestApiAdminPrivilegesEvaluator$$Lambda/0x00007fcd2838f440
13552:             1             16  org.opensearch.security.dlic.rest.api.RestApiAdminPrivilegesEvaluator$$Lambda/0x00007fcd2838f668
13553:             1             16  org.opensearch.security.dlic.rest.api.RestApiAdminPrivilegesEvaluator$$Lambda/0x00007fcd2838f890
13554:             1             16  org.opensearch.security.dlic.rest.api.RestApiAdminPrivilegesEvaluator$$Lambda/0x00007fcd2838fab8
13555:             1             16  org.opensearch.security.dlic.rest.api.RolesApiAction$$Lambda/0x00007fcd28feafe8
13556:             1             16  org.opensearch.security.dlic.rest.api.RolesApiAction$1
13557:             1             16  org.opensearch.security.dlic.rest.api.RolesMappingApiAction$$Lambda/0x00007fcd28fea0c0
13558:             1             16  org.opensearch.security.dlic.rest.api.RolesMappingApiAction$1
13559:             1             16  org.opensearch.security.dlic.rest.api.SecurityConfigApiAction$$Lambda/0x00007fcd28fed188
13560:             1             16  org.opensearch.security.dlic.rest.api.SecurityConfigApiAction$$Lambda/0x00007fcd28fed828
13561:             1             16  org.opensearch.security.dlic.rest.api.SecurityConfigApiAction$$Lambda/0x00007fcd28feda48
13562:             1             16  org.opensearch.security.dlic.rest.api.SecurityConfigApiAction$1
13563:             1             16  org.opensearch.security.dlic.rest.api.SecuritySSLCertsApiAction$$Lambda/0x00007fcd28ffc418
13564:             1             16  org.opensearch.security.dlic.rest.api.SecuritySSLCertsApiAction$$Lambda/0x00007fcd28ffc668
13565:             1             16  org.opensearch.security.dlic.rest.api.SecuritySSLCertsApiAction$$Lambda/0x00007fcd28ffc888
13566:             1             16  org.opensearch.security.dlic.rest.api.TenantsApiAction$$Lambda/0x00007fcd28feeeb0
13567:             1             16  org.opensearch.security.dlic.rest.api.TenantsApiAction$1
13568:             1             16  org.opensearch.security.dlic.rest.api.ValidateApiAction$$Lambda/0x00007fcd28fefd40
13569:             1             16  org.opensearch.security.dlic.rest.api.ssl.CertificatesActionType$$Lambda/0x00007fcd28c02000
13570:             1             16  org.opensearch.security.dlic.rest.api.ssl.TransportCertificatesInfoNodesAction$$Lambda/0x00007fcd28caf768
13571:             1             16  org.opensearch.security.dlic.rest.api.ssl.TransportCertificatesInfoNodesAction$$Lambda/0x00007fcd28caf980
13572:             1             16  org.opensearch.security.hasher.BCryptPasswordHasher
13573:             1             16  org.opensearch.security.privileges.PitPrivilegesEvaluator
13574:             1             16  org.opensearch.security.privileges.TermsAggregationEvaluator
13575:             1             16  org.opensearch.security.securityconf.impl.CType$$Lambda/0x00007fcd2894db98
13576:             1             16  org.opensearch.security.securityconf.impl.CType$$Lambda/0x00007fcd2894dde0
13577:             1             16  org.opensearch.security.securityconf.impl.SecurityDynamicConfiguration$1
13578:             1             16  org.opensearch.security.setting.OpensearchDynamicSetting$$Lambda/0x00007fcd285734b0
13579:             1             16  org.opensearch.security.ssl.OpenSearchSecureSettingsFactory$1
13580:             1             16  org.opensearch.security.ssl.OpenSearchSecureSettingsFactory$1$1
13581:             1             16  org.opensearch.security.ssl.OpenSearchSecureSettingsFactory$2
13582:             1             16  org.opensearch.security.ssl.OpenSearchSecureSettingsFactory$2$1
13583:             1             16  org.opensearch.security.ssl.OpenSearchSecureSettingsFactory$2$3
13584:             1             16  org.opensearch.security.ssl.OpenSearchSecuritySSLPlugin$$Lambda/0x00007fcd28391b48
13585:             1             16  org.opensearch.security.ssl.OpenSearchSecuritySSLPlugin$$Lambda/0x00007fcd28391d90
13586:             1             16  org.opensearch.security.ssl.OpenSearchSecuritySSLPlugin$1
13587:             1             16  org.opensearch.security.ssl.SecureSSLSettings$$Lambda/0x00007fcd28391910
13588:             1             16  org.opensearch.security.ssl.SecureSSLSettings$InsecureFallbackStringSetting$$Lambda/0x00007fcd28319188
13589:             1             16  org.opensearch.security.ssl.SecureSSLSettings$SSLSetting$$Lambda/0x00007fcd283193c0
13590:             1             16  org.opensearch.security.ssl.SecureSSLSettings$SSLSetting$$Lambda/0x00007fcd28319608
13591:             1             16  org.opensearch.security.ssl.transport.DefaultPrincipalExtractor
13592:             1             16  org.opensearch.security.ssl.transport.DefaultPrincipalExtractor$$Lambda/0x00007fcd2919e000
13593:             1             16  org.opensearch.security.ssl.transport.SSLConfig$$Lambda/0x00007fcd28573280
13594:             1             16  org.opensearch.security.support.Base64JDKHelper$SafeObjectOutputStream$$Lambda/0x00007fcd2919fa90
13595:             1             16  org.opensearch.security.support.SourceFieldsContext$$Lambda/0x00007fcd293805f0
13596:             1             16  org.opensearch.security.support.SourceFieldsContext$$Lambda/0x00007fcd29380808
13597:             1             16  org.opensearch.security.support.StreamableRegistry$$Lambda/0x00007fcd2937c800
13598:             1             16  org.opensearch.security.support.StreamableRegistry$$Lambda/0x00007fcd2937dc10
13599:             1             16  org.opensearch.security.support.WildcardMatcher$$Lambda/0x00007fcd28918220
13600:             1             16  org.opensearch.security.support.WildcardMatcher$$Lambda/0x00007fcd29260000
13601:             1             16  org.opensearch.security.support.WildcardMatcher$1
13602:             1             16  org.opensearch.security.support.WildcardMatcher$2
13603:             1             16  org.opensearch.security.support.WildcardMatcher$CasefoldingMatcher
13604:             1             16  org.opensearch.securityanalytics.SecurityAnalyticsPlugin$$Lambda/0x00007fcd28454658
13605:             1             16  org.opensearch.securityanalytics.SecurityAnalyticsPlugin$$Lambda/0x00007fcd284554c8
13606:             1             16  org.opensearch.securityanalytics.SecurityAnalyticsPlugin$$Lambda/0x00007fcd284556e0
13607:             1             16  org.opensearch.securityanalytics.action.AckAlertsAction$$Lambda/0x00007fcd28af37c0
13608:             1             16  org.opensearch.securityanalytics.action.AckCorrelationAlertsAction$$Lambda/0x00007fcd28c7aa30
13609:             1             16  org.opensearch.securityanalytics.action.CorrelatedFindingAction$$Lambda/0x00007fcd28c72228
13610:             1             16  org.opensearch.securityanalytics.action.CreateIndexMappingsAction$$Lambda/0x00007fcd28c6c430
13611:             1             16  org.opensearch.securityanalytics.action.DeleteCorrelationRuleAction$$Lambda/0x00007fcd28c72da0
13612:             1             16  org.opensearch.securityanalytics.action.DeleteCustomLogTypeAction$$Lambda/0x00007fcd28c79768
13613:             1             16  org.opensearch.securityanalytics.action.DeleteDetectorAction$$Lambda/0x00007fcd28c6d918
13614:             1             16  org.opensearch.securityanalytics.action.DeleteRuleAction$$Lambda/0x00007fcd28c70d78
13615:             1             16  org.opensearch.securityanalytics.action.GetAlertsAction$$Lambda/0x00007fcd28c6fa18
13616:             1             16  org.opensearch.securityanalytics.action.GetAllRuleCategoriesAction$$Lambda/0x00007fcd28c71af0
13617:             1             16  org.opensearch.securityanalytics.action.GetCorrelationAlertsAction$$Lambda/0x00007fcd28c7a2e8
13618:             1             16  org.opensearch.securityanalytics.action.GetDetectorAction$$Lambda/0x00007fcd28c6e6d8
13619:             1             16  org.opensearch.securityanalytics.action.GetFindingsAction$$Lambda/0x00007fcd28c6f2d0
13620:             1             16  org.opensearch.securityanalytics.action.GetIndexMappingsAction$$Lambda/0x00007fcd28c6caf8
13621:             1             16  org.opensearch.securityanalytics.action.GetMappingsViewAction$$Lambda/0x00007fcd28c6e000
13622:             1             16  org.opensearch.securityanalytics.action.IndexCorrelationRuleAction$$Lambda/0x00007fcd28c72970
13623:             1             16  org.opensearch.securityanalytics.action.IndexCustomLogTypeAction$$Lambda/0x00007fcd28c78b70
13624:             1             16  org.opensearch.securityanalytics.action.IndexDetectorAction$$Lambda/0x00007fcd28c6d1d0
13625:             1             16  org.opensearch.securityanalytics.action.IndexRuleAction$$Lambda/0x00007fcd28c70290
13626:             1             16  org.opensearch.securityanalytics.action.ListCorrelationsAction$$Lambda/0x00007fcd28c78000
13627:             1             16  org.opensearch.securityanalytics.action.SearchCorrelationRuleAction$$Lambda/0x00007fcd28c784b0
13628:             1             16  org.opensearch.securityanalytics.action.SearchCustomLogTypeAction$$Lambda/0x00007fcd28c79030
13629:             1             16  org.opensearch.securityanalytics.action.SearchDetectorAction$$Lambda/0x00007fcd28c6eb88
13630:             1             16  org.opensearch.securityanalytics.action.SearchRuleAction$$Lambda/0x00007fcd28c706c0
13631:             1             16  org.opensearch.securityanalytics.action.UpdateIndexMappingsAction$$Lambda/0x00007fcd28c6c000
13632:             1             16  org.opensearch.securityanalytics.action.ValidateRulesAction$$Lambda/0x00007fcd28c71438
13633:             1             16  org.opensearch.securityanalytics.correlation.alert.notifications.NotificationService
13634:             1             16  org.opensearch.securityanalytics.correlation.index.codec.CorrelationCodecVersion$$Lambda/0x00007fcd2844f440
13635:             1             16  org.opensearch.securityanalytics.correlation.index.codec.CorrelationCodecVersion$$Lambda/0x00007fcd2844f668
13636:             1             16  org.opensearch.securityanalytics.correlation.index.codec.CorrelationCodecVersion$$Lambda/0x00007fcd2844fcc0
13637:             1             16  org.opensearch.securityanalytics.correlation.index.codec.CorrelationCodecVersion$$Lambda/0x00007fcd28450000
13638:             1             16  org.opensearch.securityanalytics.correlation.index.codec.correlation950.PerFieldCorrelationVectorsFormat950$$Lambda/0x00007fcd2844f000
13639:             1             16  org.opensearch.securityanalytics.correlation.index.codec.correlation950.PerFieldCorrelationVectorsFormat950$$Lambda/0x00007fcd2844f218
13640:             1             16  org.opensearch.securityanalytics.correlation.index.codec.correlation990.PerFieldCorrelationVectorsFormat990$$Lambda/0x00007fcd2844f880
13641:             1             16  org.opensearch.securityanalytics.correlation.index.codec.correlation990.PerFieldCorrelationVectorsFormat990$$Lambda/0x00007fcd2844fa98
13642:             1             16  org.opensearch.securityanalytics.correlation.index.mapper.CorrelationVectorFieldMapper$TypeParser
13643:             1             16  org.opensearch.securityanalytics.findings.FindingsService
13644:             1             16  org.opensearch.securityanalytics.indexmanagment.DetectorIndexManagementService$$Lambda/0x00007fcd28f83030
13645:             1             16  org.opensearch.securityanalytics.indexmanagment.DetectorIndexManagementService$$Lambda/0x00007fcd28f83260
13646:             1             16  org.opensearch.securityanalytics.indexmanagment.DetectorIndexManagementService$$Lambda/0x00007fcd28f83490
13647:             1             16  org.opensearch.securityanalytics.indexmanagment.DetectorIndexManagementService$$Lambda/0x00007fcd28f836c0
13648:             1             16  org.opensearch.securityanalytics.indexmanagment.DetectorIndexManagementService$$Lambda/0x00007fcd28f838f0
13649:             1             16  org.opensearch.securityanalytics.indexmanagment.DetectorIndexManagementService$$Lambda/0x00007fcd28f83b20
13650:             1             16  org.opensearch.securityanalytics.indexmanagment.DetectorIndexManagementService$$Lambda/0x00007fcd28f83d50
13651:             1             16  org.opensearch.securityanalytics.indexmanagment.DetectorIndexManagementService$$Lambda/0x00007fcd28fba000
13652:             1             16  org.opensearch.securityanalytics.indexmanagment.DetectorIndexManagementService$$Lambda/0x00007fcd28fba230
13653:             1             16  org.opensearch.securityanalytics.indexmanagment.DetectorIndexManagementService$$Lambda/0x00007fcd28fba460
13654:             1             16  org.opensearch.securityanalytics.indexmanagment.DetectorIndexManagementService$$Lambda/0x00007fcd28fba690
13655:             1             16  org.opensearch.securityanalytics.indexmanagment.DetectorIndexManagementService$$Lambda/0x00007fcd28fba8c0
13656:             1             16  org.opensearch.securityanalytics.indexmanagment.DetectorIndexManagementService$$Lambda/0x00007fcd28fbaaf0
13657:             1             16  org.opensearch.securityanalytics.indexmanagment.DetectorIndexManagementService$$Lambda/0x00007fcd28fbad20
13658:             1             16  org.opensearch.securityanalytics.logtype.BuiltinLogTypeLoader$$Lambda/0x00007fcd290384c0
13659:             1             16  org.opensearch.securityanalytics.logtype.BuiltinLogTypeLoader$$Lambda/0x00007fcd29039040
13660:             1             16  org.opensearch.securityanalytics.logtype.BuiltinLogTypeLoader$$Lambda/0x00007fcd2903b870
13661:             1             16  org.opensearch.securityanalytics.logtype.LogTypeService$$Lambda/0x00007fcd29039da0
13662:             1             16  org.opensearch.securityanalytics.logtype.LogTypeService$$Lambda/0x00007fcd2903af88
13663:             1             16  org.opensearch.securityanalytics.model.CustomLogType$$Lambda/0x00007fcd288aced8
13664:             1             16  org.opensearch.securityanalytics.model.Detector$$Lambda/0x00007fcd288ac000
13665:             1             16  org.opensearch.securityanalytics.model.DetectorInput$$Lambda/0x00007fcd288ac4c0
13666:             1             16  org.opensearch.securityanalytics.model.LogType$$Lambda/0x00007fcd29038948
13667:             1             16  org.opensearch.securityanalytics.model.LogType$$Lambda/0x00007fcd29038e08
13668:             1             16  org.opensearch.securityanalytics.model.Rule$$Lambda/0x00007fcd288ac9f8
13669:             1             16  org.opensearch.securityanalytics.model.ThreatIntelFeedData$$Lambda/0x00007fcd288ad388
13670:             1             16  org.opensearch.securityanalytics.threatIntel.action.PutTIFJobAction$$Lambda/0x00007fcd28c79c18
13671:             1             16  org.opensearch.securityanalytics.threatIntel.action.TransportPutTIFJobAction$$Lambda/0x00007fcd28d997d0
13672:             1             16  org.opensearch.securityanalytics.threatIntel.common.TIFMetadata$$Lambda/0x00007fcd290394c0
13673:             1             16  org.opensearch.securityanalytics.threatIntel.feedMetadata.BuiltInTIFMetadataLoader$$Lambda/0x00007fcd29039278
13674:             1             16  org.opensearch.securityanalytics.threatIntel.feedMetadata.BuiltInTIFMetadataLoader$$Lambda/0x00007fcd290396f8
13675:             1             16  org.opensearch.securityanalytics.transport.TransportAckCorrelationAlertsAction$$Lambda/0x00007fcd28ee6288
13676:             1             16  org.opensearch.securityanalytics.transport.TransportAckCorrelationAlertsAction$$Lambda/0x00007fcd28ee64a0
13677:             1             16  org.opensearch.securityanalytics.transport.TransportAcknowledgeAlertsAction$$Lambda/0x00007fcd28f82660
13678:             1             16  org.opensearch.securityanalytics.transport.TransportAcknowledgeAlertsAction$$Lambda/0x00007fcd28f82878
13679:             1             16  org.opensearch.securityanalytics.transport.TransportCorrelateFindingAction$$Lambda/0x00007fcd28d9a970
13680:             1             16  org.opensearch.securityanalytics.transport.TransportCorrelateFindingAction$$Lambda/0x00007fcd28d9ab88
13681:             1             16  org.opensearch.securityanalytics.transport.TransportCorrelateFindingAction$$Lambda/0x00007fcd28d9adb8
13682:             1             16  org.opensearch.securityanalytics.transport.TransportCorrelateFindingAction$$Lambda/0x00007fcd28d9afe8
13683:             1             16  org.opensearch.securityanalytics.transport.TransportCreateIndexMappingsAction$$Lambda/0x00007fcd28ee4890
13684:             1             16  org.opensearch.securityanalytics.transport.TransportDeleteCorrelationRuleAction$$Lambda/0x00007fcd28ee4460
13685:             1             16  org.opensearch.securityanalytics.transport.TransportDeleteCustomLogTypeAction$$Lambda/0x00007fcd28ee79f0
13686:             1             16  org.opensearch.securityanalytics.transport.TransportDeleteCustomLogTypeAction$$Lambda/0x00007fcd28ee7c08
13687:             1             16  org.opensearch.securityanalytics.transport.TransportDeleteCustomLogTypeAction$$Lambda/0x00007fcd28f67c00
13688:             1             16  org.opensearch.securityanalytics.transport.TransportDeleteDetectorAction$$Lambda/0x00007fcd28ee55b0
13689:             1             16  org.opensearch.securityanalytics.transport.TransportDeleteDetectorAction$$Lambda/0x00007fcd28ee57c8
13690:             1             16  org.opensearch.securityanalytics.transport.TransportDeleteRuleAction$$Lambda/0x00007fcd28d999e8
13691:             1             16  org.opensearch.securityanalytics.transport.TransportGetAlertsAction$$Lambda/0x00007fcd28d9a048
13692:             1             16  org.opensearch.securityanalytics.transport.TransportGetAlertsAction$$Lambda/0x00007fcd28d9a498
13693:             1             16  org.opensearch.securityanalytics.transport.TransportGetAllRuleCategoriesAction$$Lambda/0x00007fcd28d4bd88
13694:             1             16  org.opensearch.securityanalytics.transport.TransportGetCorrelationAlertsAction$$Lambda/0x00007fcd28d9b218
13695:             1             16  org.opensearch.securityanalytics.transport.TransportGetCorrelationAlertsAction$$Lambda/0x00007fcd28d9b430
13696:             1             16  org.opensearch.securityanalytics.transport.TransportGetDetectorAction$$Lambda/0x00007fcd28f82218
13697:             1             16  org.opensearch.securityanalytics.transport.TransportGetDetectorAction$$Lambda/0x00007fcd28f82430
13698:             1             16  org.opensearch.securityanalytics.transport.TransportGetFindingsAction$$Lambda/0x00007fcd28ee59f8
13699:             1             16  org.opensearch.securityanalytics.transport.TransportGetFindingsAction$$Lambda/0x00007fcd28ee5e40
13700:             1             16  org.opensearch.securityanalytics.transport.TransportGetIndexMappingsAction$$Lambda/0x00007fcd28f82000
13701:             1             16  org.opensearch.securityanalytics.transport.TransportGetMappingsViewAction$$Lambda/0x00007fcd28ee66d0
13702:             1             16  org.opensearch.securityanalytics.transport.TransportIndexCorrelationRuleAction$$Lambda/0x00007fcd28ee4678
13703:             1             16  org.opensearch.securityanalytics.transport.TransportIndexCustomLogTypeAction$$Lambda/0x00007fcd28ee6d30
13704:             1             16  org.opensearch.securityanalytics.transport.TransportIndexCustomLogTypeAction$$Lambda/0x00007fcd28ee6f48
13705:             1             16  org.opensearch.securityanalytics.transport.TransportIndexCustomLogTypeAction$$Lambda/0x00007fcd28ee7178
13706:             1             16  org.opensearch.securityanalytics.transport.TransportIndexDetectorAction$$Lambda/0x00007fcd28d9b878
13707:             1             16  org.opensearch.securityanalytics.transport.TransportIndexDetectorAction$$Lambda/0x00007fcd28ee4000
13708:             1             16  org.opensearch.securityanalytics.transport.TransportIndexDetectorAction$$Lambda/0x00007fcd28ee4230
13709:             1             16  org.opensearch.securityanalytics.transport.TransportIndexRuleAction$$Lambda/0x00007fcd28ee6070
13710:             1             16  org.opensearch.securityanalytics.transport.TransportListCorrelationAction$$Lambda/0x00007fcd28d9b660
13711:             1             16  org.opensearch.securityanalytics.transport.TransportSearchCorrelationAction$$Lambda/0x00007fcd28ee77d8
13712:             1             16  org.opensearch.securityanalytics.transport.TransportSearchCorrelationRuleAction$$Lambda/0x00007fcd28ee75c0
13713:             1             16  org.opensearch.securityanalytics.transport.TransportSearchCustomLogTypeAction$$Lambda/0x00007fcd28ee68e8
13714:             1             16  org.opensearch.securityanalytics.transport.TransportSearchCustomLogTypeAction$$Lambda/0x00007fcd28ee6b00
13715:             1             16  org.opensearch.securityanalytics.transport.TransportSearchDetectorAction$$Lambda/0x00007fcd28d99c00
13716:             1             16  org.opensearch.securityanalytics.transport.TransportSearchDetectorAction$$Lambda/0x00007fcd28d99e18
13717:             1             16  org.opensearch.securityanalytics.transport.TransportSearchRuleAction$$Lambda/0x00007fcd28f82aa8
13718:             1             16  org.opensearch.securityanalytics.transport.TransportUpdateIndexMappingsAction$$Lambda/0x00007fcd28ee73a8
13719:             1             16  org.opensearch.securityanalytics.transport.TransportValidateRulesAction$$Lambda/0x00007fcd28d993a8
13720:             1             16  org.opensearch.securityanalytics.util.ThrowableCheckingPredicates$$Lambda/0x00007fcd28ee4ce8
13721:             1             16  org.opensearch.securityanalytics.util.ThrowableCheckingPredicates$$Lambda/0x00007fcd28ee4f30
13722:             1             16  org.opensearch.securityanalytics.util.ThrowableCheckingPredicates$$Lambda/0x00007fcd28ee5178
13723:             1             16  org.opensearch.semver.expr.Caret
13724:             1             16  org.opensearch.semver.expr.Tilde
13725:             1             16  org.opensearch.snapshots.InternalSnapshotsInfoService$$Lambda/0x00007fcd286d2cf8
13726:             1             16  org.opensearch.snapshots.InternalSnapshotsInfoService$$Lambda/0x00007fcd286d2f10
13727:             1             16  org.opensearch.snapshots.InternalSnapshotsInfoService$$Lambda/0x00007fcd28714cf0
13728:             1             16  org.opensearch.snapshots.RestoreService$CleanRestoreStateTaskExecutor
13729:             1             16  org.opensearch.snapshots.SnapshotsService$$Lambda/0x00007fcd286fbb58
13730:             1             16  org.opensearch.snapshots.SnapshotsService$$Lambda/0x00007fcd28cf0640
13731:             1             16  org.opensearch.snapshots.SnapshotsService$17
13732:             1             16  org.opensearch.snapshots.SnapshotsService$UpdateSnapshotStatusAction$$Lambda/0x00007fcd28cf0fe0
13733:             1             16  org.opensearch.sql.data.model.ExprIntegerValue
13734:             1             16  org.opensearch.sql.data.model.ExprMissingValue
13735:             1             16  org.opensearch.sql.data.model.ExprNullValue
13736:             1             16  org.opensearch.sql.data.type.ExprCoreType$$Lambda/0x00007fcd28b29da0
13737:             1             16  org.opensearch.sql.data.type.ExprCoreType$$Lambda/0x00007fcd28b29fe8
13738:             1             16  org.opensearch.sql.datasource.model.DataSourceMetadata$$Lambda/0x00007fcd28b14550
13739:             1             16  org.opensearch.sql.datasources.auth.DataSourceUserAuthorizationHelperImpl
13740:             1             16  org.opensearch.sql.datasources.encryptor.EncryptorImpl
13741:             1             16  org.opensearch.sql.datasources.glue.GlueDataSourceFactory
13742:             1             16  org.opensearch.sql.datasources.service.DataSourceLoaderCacheImpl$$Lambda/0x00007fcd28b0a4b8
13743:             1             16  org.opensearch.sql.datasources.service.DataSourceLoaderCacheImpl$$Lambda/0x00007fcd28b0a6f0
13744:             1             16  org.opensearch.sql.datasources.transport.TransportCreateDataSourceAction$$Lambda/0x00007fcd28ea51e8
13745:             1             16  org.opensearch.sql.datasources.transport.TransportCreateDataSourceAction$$Lambda/0x00007fcd28ea5400
13746:             1             16  org.opensearch.sql.datasources.transport.TransportDeleteDataSourceAction$$Lambda/0x00007fcd28ea5618
13747:             1             16  org.opensearch.sql.datasources.transport.TransportDeleteDataSourceAction$$Lambda/0x00007fcd28ea5830
13748:             1             16  org.opensearch.sql.datasources.transport.TransportGetDataSourceAction$$Lambda/0x00007fcd28d6b450
13749:             1             16  org.opensearch.sql.datasources.transport.TransportGetDataSourceAction$$Lambda/0x00007fcd28d6b668
13750:             1             16  org.opensearch.sql.datasources.transport.TransportPatchDataSourceAction$$Lambda/0x00007fcd28d6b880
13751:             1             16  org.opensearch.sql.datasources.transport.TransportPatchDataSourceAction$$Lambda/0x00007fcd28d6ba98
13752:             1             16  org.opensearch.sql.datasources.transport.TransportUpdateDataSourceAction$$Lambda/0x00007fcd28d6bcb0
13753:             1             16  org.opensearch.sql.datasources.transport.TransportUpdateDataSourceAction$$Lambda/0x00007fcd28ea4000
13754:             1             16  org.opensearch.sql.executor.execution.QueryPlanFactory$1
13755:             1             16  org.opensearch.sql.expression.aggregation.AggregatorFunction$$Lambda/0x00007fcd28b3a120
13756:             1             16  org.opensearch.sql.expression.aggregation.AggregatorFunction$$Lambda/0x00007fcd28b3a338
13757:             1             16  org.opensearch.sql.expression.aggregation.AggregatorFunction$$Lambda/0x00007fcd28b3a550
13758:             1             16  org.opensearch.sql.expression.aggregation.AggregatorFunction$$Lambda/0x00007fcd28b3a768
13759:             1             16  org.opensearch.sql.expression.aggregation.AggregatorFunction$$Lambda/0x00007fcd28b3a980
13760:             1             16  org.opensearch.sql.expression.aggregation.AggregatorFunction$$Lambda/0x00007fcd28b3ab98
13761:             1             16  org.opensearch.sql.expression.aggregation.AggregatorFunction$$Lambda/0x00007fcd28b3adb0
13762:             1             16  org.opensearch.sql.expression.aggregation.AggregatorFunction$$Lambda/0x00007fcd28b3afc8
13763:             1             16  org.opensearch.sql.expression.aggregation.AggregatorFunction$$Lambda/0x00007fcd28b3b1e0
13764:             1             16  org.opensearch.sql.expression.aggregation.AggregatorFunction$$Lambda/0x00007fcd28b3b638
13765:             1             16  org.opensearch.sql.expression.aggregation.AggregatorFunction$$Lambda/0x00007fcd28b3b870
13766:             1             16  org.opensearch.sql.expression.aggregation.AggregatorFunction$$Lambda/0x00007fcd28b3ba88
13767:             1             16  org.opensearch.sql.expression.aggregation.AggregatorFunction$$Lambda/0x00007fcd28b3bca0
13768:             1             16  org.opensearch.sql.expression.aggregation.AggregatorFunction$$Lambda/0x00007fcd28b3beb8
13769:             1             16  org.opensearch.sql.expression.aggregation.AggregatorFunction$$Lambda/0x00007fcd28b3c0d0
13770:             1             16  org.opensearch.sql.expression.aggregation.AggregatorFunction$$Lambda/0x00007fcd28b3c2e8
13771:             1             16  org.opensearch.sql.expression.aggregation.AggregatorFunction$$Lambda/0x00007fcd28b3c500
13772:             1             16  org.opensearch.sql.expression.aggregation.AggregatorFunction$$Lambda/0x00007fcd28b3c718
13773:             1             16  org.opensearch.sql.expression.aggregation.AggregatorFunction$$Lambda/0x00007fcd28b3c930
13774:             1             16  org.opensearch.sql.expression.aggregation.AggregatorFunction$$Lambda/0x00007fcd28b3cb48
13775:             1             16  org.opensearch.sql.expression.aggregation.AggregatorFunction$$Lambda/0x00007fcd28b3cd60
13776:             1             16  org.opensearch.sql.expression.aggregation.AggregatorFunction$$Lambda/0x00007fcd28b3cf78
13777:             1             16  org.opensearch.sql.expression.aggregation.AggregatorFunction$$Lambda/0x00007fcd28b3d190
13778:             1             16  org.opensearch.sql.expression.aggregation.AggregatorFunction$$Lambda/0x00007fcd28b3d3a8
13779:             1             16  org.opensearch.sql.expression.aggregation.AggregatorFunction$$Lambda/0x00007fcd28b3d5c0
13780:             1             16  org.opensearch.sql.expression.aggregation.AggregatorFunction$$Lambda/0x00007fcd28b3d7d8
13781:             1             16  org.opensearch.sql.expression.aggregation.AggregatorFunction$$Lambda/0x00007fcd28b3d9f0
13782:             1             16  org.opensearch.sql.expression.aggregation.AggregatorFunction$$Lambda/0x00007fcd28b3dc08
13783:             1             16  org.opensearch.sql.expression.aggregation.AggregatorFunction$$Lambda/0x00007fcd28b3de20
13784:             1             16  org.opensearch.sql.expression.aggregation.AggregatorFunction$$Lambda/0x00007fcd28b3e038
13785:             1             16  org.opensearch.sql.expression.aggregation.AggregatorFunction$$Lambda/0x00007fcd28b3eaf8
13786:             1             16  org.opensearch.sql.expression.aggregation.AggregatorFunction$$Lambda/0x00007fcd28b3ed10
13787:             1             16  org.opensearch.sql.expression.aggregation.AggregatorFunction$$Lambda/0x00007fcd28b3ef28
13788:             1             16  org.opensearch.sql.expression.aggregation.AggregatorFunction$$Lambda/0x00007fcd28b3f140
13789:             1             16  org.opensearch.sql.expression.aggregation.AggregatorFunction$$Lambda/0x00007fcd28b3f358
13790:             1             16  org.opensearch.sql.expression.aggregation.AggregatorFunction$$Lambda/0x00007fcd28b3f570
13791:             1             16  org.opensearch.sql.expression.aggregation.AggregatorFunction$$Lambda/0x00007fcd28b3f788
13792:             1             16  org.opensearch.sql.expression.aggregation.AggregatorFunction$$Lambda/0x00007fcd28b3f9a0
13793:             1             16  org.opensearch.sql.expression.aggregation.AggregatorFunction$$Lambda/0x00007fcd28b3fbb8
13794:             1             16  org.opensearch.sql.expression.aggregation.AggregatorFunction$$Lambda/0x00007fcd28b3fdd0
13795:             1             16  org.opensearch.sql.expression.aggregation.AggregatorFunction$$Lambda/0x00007fcd28b40000
13796:             1             16  org.opensearch.sql.expression.aggregation.AggregatorFunction$$Lambda/0x00007fcd28b40218
13797:             1             16  org.opensearch.sql.expression.datetime.DateTimeFunction$$Lambda/0x00007fcd28b40630
13798:             1             16  org.opensearch.sql.expression.datetime.DateTimeFunction$$Lambda/0x00007fcd28b40a68
13799:             1             16  org.opensearch.sql.expression.datetime.DateTimeFunction$$Lambda/0x00007fcd28b40c80
13800:             1             16  org.opensearch.sql.expression.datetime.DateTimeFunction$$Lambda/0x00007fcd28b40e98
13801:             1             16  org.opensearch.sql.expression.datetime.DateTimeFunction$$Lambda/0x00007fcd28b410b0
13802:             1             16  org.opensearch.sql.expression.datetime.DateTimeFunction$$Lambda/0x00007fcd28b412c8
13803:             1             16  org.opensearch.sql.expression.datetime.DateTimeFunction$$Lambda/0x00007fcd28b414e0
13804:             1             16  org.opensearch.sql.expression.datetime.DateTimeFunction$$Lambda/0x00007fcd28b416f8
13805:             1             16  org.opensearch.sql.expression.datetime.DateTimeFunction$$Lambda/0x00007fcd28b41910
13806:             1             16  org.opensearch.sql.expression.datetime.DateTimeFunction$$Lambda/0x00007fcd28b41b28
13807:             1             16  org.opensearch.sql.expression.datetime.DateTimeFunction$$Lambda/0x00007fcd28b41d40
13808:             1             16  org.opensearch.sql.expression.datetime.DateTimeFunction$$Lambda/0x00007fcd28b41f58
13809:             1             16  org.opensearch.sql.expression.datetime.DateTimeFunction$$Lambda/0x00007fcd28b42170
13810:             1             16  org.opensearch.sql.expression.datetime.DateTimeFunction$$Lambda/0x00007fcd28b42388
13811:             1             16  org.opensearch.sql.expression.datetime.DateTimeFunction$$Lambda/0x00007fcd28b425a0
13812:             1             16  org.opensearch.sql.expression.datetime.DateTimeFunction$$Lambda/0x00007fcd28b427b8
13813:             1             16  org.opensearch.sql.expression.datetime.DateTimeFunction$$Lambda/0x00007fcd28b429d0
13814:             1             16  org.opensearch.sql.expression.datetime.DateTimeFunction$$Lambda/0x00007fcd28b42be8
13815:             1             16  org.opensearch.sql.expression.datetime.DateTimeFunction$$Lambda/0x00007fcd28b42e00
13816:             1             16  org.opensearch.sql.expression.datetime.DateTimeFunction$$Lambda/0x00007fcd28b43018
13817:             1             16  org.opensearch.sql.expression.datetime.DateTimeFunction$$Lambda/0x00007fcd28b43230
13818:             1             16  org.opensearch.sql.expression.datetime.DateTimeFunction$$Lambda/0x00007fcd28b43448
13819:             1             16  org.opensearch.sql.expression.datetime.DateTimeFunction$$Lambda/0x00007fcd28b43698
13820:             1             16  org.opensearch.sql.expression.datetime.DateTimeFunction$$Lambda/0x00007fcd28b438e8
13821:             1             16  org.opensearch.sql.expression.datetime.DateTimeFunction$$Lambda/0x00007fcd28b43b38
13822:             1             16  org.opensearch.sql.expression.datetime.DateTimeFunction$$Lambda/0x00007fcd28b43d88
13823:             1             16  org.opensearch.sql.expression.datetime.DateTimeFunction$$Lambda/0x00007fcd28b43fd8
13824:             1             16  org.opensearch.sql.expression.datetime.DateTimeFunction$$Lambda/0x00007fcd28b44228
13825:             1             16  org.opensearch.sql.expression.datetime.DateTimeFunction$$Lambda/0x00007fcd28b44478
13826:             1             16  org.opensearch.sql.expression.datetime.DateTimeFunction$$Lambda/0x00007fcd28b44690
13827:             1             16  org.opensearch.sql.expression.datetime.DateTimeFunction$$Lambda/0x00007fcd28b448a8
13828:             1             16  org.opensearch.sql.expression.datetime.DateTimeFunction$$Lambda/0x00007fcd28b44ac0
13829:             1             16  org.opensearch.sql.expression.datetime.DateTimeFunction$$Lambda/0x00007fcd28b44cd8
13830:             1             16  org.opensearch.sql.expression.datetime.DateTimeFunction$$Lambda/0x00007fcd28b44ef0
13831:             1             16  org.opensearch.sql.expression.datetime.DateTimeFunction$$Lambda/0x00007fcd28b45108
13832:             1             16  org.opensearch.sql.expression.datetime.DateTimeFunction$$Lambda/0x00007fcd28b45320
13833:             1             16  org.opensearch.sql.expression.datetime.DateTimeFunction$$Lambda/0x00007fcd28b45538
13834:             1             16  org.opensearch.sql.expression.datetime.DateTimeFunction$$Lambda/0x00007fcd28b45750
13835:             1             16  org.opensearch.sql.expression.datetime.DateTimeFunction$$Lambda/0x00007fcd28b45968
13836:             1             16  org.opensearch.sql.expression.datetime.DateTimeFunction$$Lambda/0x00007fcd28b45b80
13837:             1             16  org.opensearch.sql.expression.datetime.DateTimeFunction$$Lambda/0x00007fcd28b45d98
13838:             1             16  org.opensearch.sql.expression.datetime.DateTimeFunction$$Lambda/0x00007fcd28b45fb0
13839:             1             16  org.opensearch.sql.expression.datetime.DateTimeFunction$$Lambda/0x00007fcd28b461c8
13840:             1             16  org.opensearch.sql.expression.datetime.DateTimeFunction$$Lambda/0x00007fcd28b463e0
13841:             1             16  org.opensearch.sql.expression.datetime.DateTimeFunction$$Lambda/0x00007fcd28b465f8
13842:             1             16  org.opensearch.sql.expression.datetime.DateTimeFunction$$Lambda/0x00007fcd28b46838
13843:             1             16  org.opensearch.sql.expression.datetime.DateTimeFunction$$Lambda/0x00007fcd28b46a88
13844:             1             16  org.opensearch.sql.expression.datetime.DateTimeFunction$$Lambda/0x00007fcd28b46ca0
13845:             1             16  org.opensearch.sql.expression.datetime.DateTimeFunction$$Lambda/0x00007fcd28b470b8
13846:             1             16  org.opensearch.sql.expression.datetime.DateTimeFunction$$Lambda/0x00007fcd28b472f8
13847:             1             16  org.opensearch.sql.expression.datetime.DateTimeFunction$$Lambda/0x00007fcd28b47538
13848:             1             16  org.opensearch.sql.expression.datetime.DateTimeFunction$$Lambda/0x00007fcd28b47778
13849:             1             16  org.opensearch.sql.expression.datetime.DateTimeFunction$$Lambda/0x00007fcd28b47990
13850:             1             16  org.opensearch.sql.expression.datetime.DateTimeFunction$$Lambda/0x00007fcd28b47bd0
13851:             1             16  org.opensearch.sql.expression.datetime.DateTimeFunction$$Lambda/0x00007fcd28b47de8
13852:             1             16  org.opensearch.sql.expression.datetime.DateTimeFunction$$Lambda/0x00007fcd28b48000
13853:             1             16  org.opensearch.sql.expression.datetime.DateTimeFunction$$Lambda/0x00007fcd28b48250
13854:             1             16  org.opensearch.sql.expression.datetime.DateTimeFunction$$Lambda/0x00007fcd28b484a0
13855:             1             16  org.opensearch.sql.expression.datetime.DateTimeFunction$$Lambda/0x00007fcd28b486f0
13856:             1             16  org.opensearch.sql.expression.datetime.DateTimeFunction$$Lambda/0x00007fcd28b48940
13857:             1             16  org.opensearch.sql.expression.datetime.DateTimeFunction$$Lambda/0x00007fcd28b48b90
13858:             1             16  org.opensearch.sql.expression.datetime.DateTimeFunction$$Lambda/0x00007fcd28b48de0
13859:             1             16  org.opensearch.sql.expression.datetime.DateTimeFunction$$Lambda/0x00007fcd28b49030
13860:             1             16  org.opensearch.sql.expression.datetime.DateTimeFunction$$Lambda/0x00007fcd28b49280
13861:             1             16  org.opensearch.sql.expression.datetime.DateTimeFunction$$Lambda/0x00007fcd28b49708
13862:             1             16  org.opensearch.sql.expression.datetime.DateTimeFunction$$Lambda/0x00007fcd28b49958
13863:             1             16  org.opensearch.sql.expression.datetime.DateTimeFunction$$Lambda/0x00007fcd28b49ba8
13864:             1             16  org.opensearch.sql.expression.datetime.DateTimeFunction$$Lambda/0x00007fcd28b49df8
13865:             1             16  org.opensearch.sql.expression.datetime.DateTimeFunction$$Lambda/0x00007fcd28b4a048
13866:             1             16  org.opensearch.sql.expression.datetime.DateTimeFunction$$Lambda/0x00007fcd28b4a288
13867:             1             16  org.opensearch.sql.expression.datetime.DateTimeFunction$$Lambda/0x00007fcd28b4a4d8
13868:             1             16  org.opensearch.sql.expression.datetime.DateTimeFunction$$Lambda/0x00007fcd28b4a728
13869:             1             16  org.opensearch.sql.expression.datetime.DateTimeFunction$$Lambda/0x00007fcd28b4a978
13870:             1             16  org.opensearch.sql.expression.datetime.DateTimeFunction$$Lambda/0x00007fcd28b4abc8
13871:             1             16  org.opensearch.sql.expression.datetime.DateTimeFunction$$Lambda/0x00007fcd28b4ae08
13872:             1             16  org.opensearch.sql.expression.datetime.DateTimeFunction$$Lambda/0x00007fcd28b4b058
13873:             1             16  org.opensearch.sql.expression.datetime.DateTimeFunction$$Lambda/0x00007fcd28b4b2a8
13874:             1             16  org.opensearch.sql.expression.datetime.DateTimeFunction$$Lambda/0x00007fcd28b4b4f8
13875:             1             16  org.opensearch.sql.expression.datetime.DateTimeFunction$$Lambda/0x00007fcd28b4b748
13876:             1             16  org.opensearch.sql.expression.datetime.DateTimeFunction$$Lambda/0x00007fcd28b4b960
13877:             1             16  org.opensearch.sql.expression.datetime.DateTimeFunction$$Lambda/0x00007fcd28b4bba0
13878:             1             16  org.opensearch.sql.expression.datetime.DateTimeFunction$$Lambda/0x00007fcd28b4bde0
13879:             1             16  org.opensearch.sql.expression.datetime.DateTimeFunction$$Lambda/0x00007fcd28b4c020
13880:             1             16  org.opensearch.sql.expression.datetime.DateTimeFunction$$Lambda/0x00007fcd28b4c260
13881:             1             16  org.opensearch.sql.expression.datetime.DateTimeFunction$$Lambda/0x00007fcd28b4c4b0
13882:             1             16  org.opensearch.sql.expression.datetime.DateTimeFunction$$Lambda/0x00007fcd28b4c700
13883:             1             16  org.opensearch.sql.expression.datetime.DateTimeFunction$$Lambda/0x00007fcd28b4c940
13884:             1             16  org.opensearch.sql.expression.datetime.DateTimeFunction$$Lambda/0x00007fcd28b4cb80
13885:             1             16  org.opensearch.sql.expression.datetime.DateTimeFunction$$Lambda/0x00007fcd28b4cdd0
13886:             1             16  org.opensearch.sql.expression.datetime.DateTimeFunction$$Lambda/0x00007fcd28b4d020
13887:             1             16  org.opensearch.sql.expression.datetime.DateTimeFunction$$Lambda/0x00007fcd28b4d270
13888:             1             16  org.opensearch.sql.expression.datetime.DateTimeFunction$$Lambda/0x00007fcd28b4d4c0
13889:             1             16  org.opensearch.sql.expression.datetime.DateTimeFunction$$Lambda/0x00007fcd28b4d710
13890:             1             16  org.opensearch.sql.expression.datetime.DateTimeFunction$$Lambda/0x00007fcd28b4d960
13891:             1             16  org.opensearch.sql.expression.datetime.DateTimeFunction$$Lambda/0x00007fcd28b4dba0
13892:             1             16  org.opensearch.sql.expression.datetime.DateTimeFunction$$Lambda/0x00007fcd28b4ddf0
13893:             1             16  org.opensearch.sql.expression.datetime.DateTimeFunction$$Lambda/0x00007fcd28b4e040
13894:             1             16  org.opensearch.sql.expression.datetime.DateTimeFunction$$Lambda/0x00007fcd28b4e290
13895:             1             16  org.opensearch.sql.expression.datetime.DateTimeFunction$$Lambda/0x00007fcd28b4e4d0
13896:             1             16  org.opensearch.sql.expression.datetime.DateTimeFunction$$Lambda/0x00007fcd28b4e6e8
13897:             1             16  org.opensearch.sql.expression.datetime.DateTimeFunction$$Lambda/0x00007fcd28b4e938
13898:             1             16  org.opensearch.sql.expression.datetime.DateTimeFunction$$Lambda/0x00007fcd28b4eb88
13899:             1             16  org.opensearch.sql.expression.datetime.DateTimeFunction$$Lambda/0x00007fcd28b4edd8
13900:             1             16  org.opensearch.sql.expression.datetime.DateTimeFunction$$Lambda/0x00007fcd28b4f028
13901:             1             16  org.opensearch.sql.expression.datetime.DateTimeFunction$$Lambda/0x00007fcd28b4f278
13902:             1             16  org.opensearch.sql.expression.datetime.DateTimeFunction$$Lambda/0x00007fcd28b4f4c8
13903:             1             16  org.opensearch.sql.expression.datetime.DateTimeFunction$$Lambda/0x00007fcd28b4f718
13904:             1             16  org.opensearch.sql.expression.datetime.DateTimeFunction$$Lambda/0x00007fcd28b4f968
13905:             1             16  org.opensearch.sql.expression.datetime.DateTimeFunction$$Lambda/0x00007fcd28b4fbb8
13906:             1             16  org.opensearch.sql.expression.datetime.DateTimeFunction$$Lambda/0x00007fcd28b50000
13907:             1             16  org.opensearch.sql.expression.datetime.DateTimeFunction$$Lambda/0x00007fcd28b50250
13908:             1             16  org.opensearch.sql.expression.datetime.DateTimeFunction$$Lambda/0x00007fcd28b504a0
13909:             1             16  org.opensearch.sql.expression.datetime.DateTimeFunction$$Lambda/0x00007fcd28b506f0
13910:             1             16  org.opensearch.sql.expression.datetime.DateTimeFunction$$Lambda/0x00007fcd28b50940
13911:             1             16  org.opensearch.sql.expression.datetime.DateTimeFunction$$Lambda/0x00007fcd28b50b80
13912:             1             16  org.opensearch.sql.expression.datetime.DateTimeFunction$$Lambda/0x00007fcd28b50dd0
13913:             1             16  org.opensearch.sql.expression.datetime.DateTimeFunction$$Lambda/0x00007fcd28b51020
13914:             1             16  org.opensearch.sql.expression.datetime.DateTimeFunction$$Lambda/0x00007fcd28b51270
13915:             1             16  org.opensearch.sql.expression.datetime.DateTimeFunction$$Lambda/0x00007fcd28b514c0
13916:             1             16  org.opensearch.sql.expression.datetime.DateTimeFunction$$Lambda/0x00007fcd28b51710
13917:             1             16  org.opensearch.sql.expression.datetime.DateTimeFunction$$Lambda/0x00007fcd28b51960
13918:             1             16  org.opensearch.sql.expression.datetime.DateTimeFunction$$Lambda/0x00007fcd28b51bb0
13919:             1             16  org.opensearch.sql.expression.datetime.DateTimeFunction$$Lambda/0x00007fcd28b51e00
13920:             1             16  org.opensearch.sql.expression.datetime.DateTimeFunction$$Lambda/0x00007fcd28b52040
13921:             1             16  org.opensearch.sql.expression.datetime.DateTimeFunction$$Lambda/0x00007fcd28b52280
13922:             1             16  org.opensearch.sql.expression.datetime.DateTimeFunction$$Lambda/0x00007fcd28b524d0
13923:             1             16  org.opensearch.sql.expression.datetime.DateTimeFunction$$Lambda/0x00007fcd28b52720
13924:             1             16  org.opensearch.sql.expression.datetime.DateTimeFunction$$Lambda/0x00007fcd28b52970
13925:             1             16  org.opensearch.sql.expression.datetime.DateTimeFunction$$Lambda/0x00007fcd28b52bc0
13926:             1             16  org.opensearch.sql.expression.datetime.DateTimeFunction$$Lambda/0x00007fcd28b52e10
13927:             1             16  org.opensearch.sql.expression.datetime.DateTimeFunction$$Lambda/0x00007fcd28b53060
13928:             1             16  org.opensearch.sql.expression.datetime.DateTimeFunction$$Lambda/0x00007fcd28b532b0
13929:             1             16  org.opensearch.sql.expression.datetime.DateTimeFunction$$Lambda/0x00007fcd28b53500
13930:             1             16  org.opensearch.sql.expression.datetime.DateTimeFunction$$Lambda/0x00007fcd28b53750
13931:             1             16  org.opensearch.sql.expression.datetime.DateTimeFunction$$Lambda/0x00007fcd28b539a0
13932:             1             16  org.opensearch.sql.expression.datetime.DateTimeFunction$$Lambda/0x00007fcd28b53bf0
13933:             1             16  org.opensearch.sql.expression.datetime.DateTimeFunction$$Lambda/0x00007fcd28b54400
13934:             1             16  org.opensearch.sql.expression.datetime.DateTimeFunction$$Lambda/0x00007fcd28b54800
13935:             1             16  org.opensearch.sql.expression.datetime.DateTimeFunction$$Lambda/0x00007fcd28b54a40
13936:             1             16  org.opensearch.sql.expression.datetime.DateTimeFunction$$Lambda/0x00007fcd28b54c90
13937:             1             16  org.opensearch.sql.expression.datetime.DateTimeFunction$$Lambda/0x00007fcd28b55000
13938:             1             16  org.opensearch.sql.expression.datetime.DateTimeFunction$$Lambda/0x00007fcd28b55218
13939:             1             16  org.opensearch.sql.expression.datetime.DateTimeFunction$$Lambda/0x00007fcd28b55430
13940:             1             16  org.opensearch.sql.expression.datetime.DateTimeFunction$$Lambda/0x00007fcd28b55648
13941:             1             16  org.opensearch.sql.expression.datetime.DateTimeFunction$$Lambda/0x00007fcd28b55860
13942:             1             16  org.opensearch.sql.expression.datetime.DateTimeFunction$$Lambda/0x00007fcd28b55a78
13943:             1             16  org.opensearch.sql.expression.datetime.DateTimeFunction$$Lambda/0x00007fcd28b55c90
13944:             1             16  org.opensearch.sql.expression.datetime.DateTimeFunction$$Lambda/0x00007fcd28b56000
13945:             1             16  org.opensearch.sql.expression.datetime.DateTimeFunction$$Lambda/0x00007fcd28b56250
13946:             1             16  org.opensearch.sql.expression.datetime.DateTimeFunction$$Lambda/0x00007fcd28b56468
13947:             1             16  org.opensearch.sql.expression.datetime.DateTimeFunction$$Lambda/0x00007fcd28b56680
13948:             1             16  org.opensearch.sql.expression.datetime.DateTimeFunction$$Lambda/0x00007fcd28b56898
13949:             1             16  org.opensearch.sql.expression.datetime.DateTimeFunction$$Lambda/0x00007fcd28b56ab0
13950:             1             16  org.opensearch.sql.expression.datetime.DateTimeFunction$$Lambda/0x00007fcd28b56cc8
13951:             1             16  org.opensearch.sql.expression.datetime.DateTimeFunction$$Lambda/0x00007fcd28b56ee0
13952:             1             16  org.opensearch.sql.expression.datetime.DateTimeFunction$$Lambda/0x00007fcd28b570f8
13953:             1             16  org.opensearch.sql.expression.datetime.DateTimeFunction$$Lambda/0x00007fcd28b57310
13954:             1             16  org.opensearch.sql.expression.datetime.DateTimeFunction$$Lambda/0x00007fcd28b57528
13955:             1             16  org.opensearch.sql.expression.datetime.DateTimeFunction$$Lambda/0x00007fcd28b57740
13956:             1             16  org.opensearch.sql.expression.datetime.DateTimeFunction$$Lambda/0x00007fcd28b57958
13957:             1             16  org.opensearch.sql.expression.datetime.DateTimeFunction$$Lambda/0x00007fcd28b57b70
13958:             1             16  org.opensearch.sql.expression.datetime.DateTimeFunction$$Lambda/0x00007fcd28b57d88
13959:             1             16  org.opensearch.sql.expression.datetime.DateTimeFunction$$Lambda/0x00007fcd28b58000
13960:             1             16  org.opensearch.sql.expression.datetime.DateTimeFunction$$Lambda/0x00007fcd28b58250
13961:             1             16  org.opensearch.sql.expression.datetime.DateTimeFunction$$Lambda/0x00007fcd28b584a0
13962:             1             16  org.opensearch.sql.expression.datetime.DateTimeFunction$$Lambda/0x00007fcd28b586e0
13963:             1             16  org.opensearch.sql.expression.datetime.DateTimeFunction$$Lambda/0x00007fcd28b58920
13964:             1             16  org.opensearch.sql.expression.datetime.DateTimeFunction$$Lambda/0x00007fcd28b58b60
13965:             1             16  org.opensearch.sql.expression.datetime.DateTimeFunction$$Lambda/0x00007fcd28b58da0
13966:             1             16  org.opensearch.sql.expression.datetime.DateTimeFunction$$Lambda/0x00007fcd28b58fe0
13967:             1             16  org.opensearch.sql.expression.datetime.DateTimeFunction$$Lambda/0x00007fcd28b59230
13968:             1             16  org.opensearch.sql.expression.datetime.DateTimeFunction$$Lambda/0x00007fcd28b59480
13969:             1             16  org.opensearch.sql.expression.datetime.DateTimeFunction$$Lambda/0x00007fcd28b596d0
13970:             1             16  org.opensearch.sql.expression.datetime.DateTimeFunction$$Lambda/0x00007fcd28b59920
13971:             1             16  org.opensearch.sql.expression.datetime.DateTimeFunction$$Lambda/0x00007fcd28b59b60
13972:             1             16  org.opensearch.sql.expression.datetime.DateTimeFunction$$Lambda/0x00007fcd28b59db0
13973:             1             16  org.opensearch.sql.expression.datetime.DateTimeFunction$$Lambda/0x00007fcd28b59ff0
13974:             1             16  org.opensearch.sql.expression.datetime.DateTimeFunction$$Lambda/0x00007fcd28b5a208
13975:             1             16  org.opensearch.sql.expression.datetime.DateTimeFunction$$Lambda/0x00007fcd28b5a420
13976:             1             16  org.opensearch.sql.expression.datetime.DateTimeFunction$$Lambda/0x00007fcd28b5acd0
13977:             1             16  org.opensearch.sql.expression.datetime.DateTimeFunction$$Lambda/0x00007fcd28b5aee8
13978:             1             16  org.opensearch.sql.expression.datetime.DateTimeFunction$$Lambda/0x00007fcd28b5b100
13979:             1             16  org.opensearch.sql.expression.datetime.DateTimeFunction$$Lambda/0x00007fcd28b5b318
13980:             1             16  org.opensearch.sql.expression.datetime.DateTimeFunction$$Lambda/0x00007fcd28b5b530
13981:             1             16  org.opensearch.sql.expression.datetime.DateTimeFunction$$Lambda/0x00007fcd28b5b748
13982:             1             16  org.opensearch.sql.expression.datetime.DateTimeFunction$$Lambda/0x00007fcd28b5b998
13983:             1             16  org.opensearch.sql.expression.datetime.DateTimeFunction$$Lambda/0x00007fcd28b5bbe8
13984:             1             16  org.opensearch.sql.expression.datetime.DateTimeFunction$$Lambda/0x00007fcd28b5be38
13985:             1             16  org.opensearch.sql.expression.datetime.DateTimeFunction$$Lambda/0x00007fcd28b5c088
13986:             1             16  org.opensearch.sql.expression.datetime.DateTimeFunction$$Lambda/0x00007fcd28b5c2d8
13987:             1             16  org.opensearch.sql.expression.datetime.DateTimeFunction$$Lambda/0x00007fcd28b5c528
13988:             1             16  org.opensearch.sql.expression.datetime.DateTimeFunction$$Lambda/0x00007fcd28b5c778
13989:             1             16  org.opensearch.sql.expression.datetime.DateTimeFunction$$Lambda/0x00007fcd28b5c9c8
13990:             1             16  org.opensearch.sql.expression.datetime.DateTimeFunction$$Lambda/0x00007fcd28b5cc18
13991:             1             16  org.opensearch.sql.expression.datetime.DateTimeFunction$$Lambda/0x00007fcd28b5ce68
13992:             1             16  org.opensearch.sql.expression.datetime.DateTimeFunction$$Lambda/0x00007fcd28b5d0b8
13993:             1             16  org.opensearch.sql.expression.datetime.DateTimeFunction$$Lambda/0x00007fcd28b5d308
13994:             1             16  org.opensearch.sql.expression.datetime.DateTimeFunction$$Lambda/0x00007fcd28b5d558
13995:             1             16  org.opensearch.sql.expression.datetime.DateTimeFunction$$Lambda/0x00007fcd28b5d7a8
13996:             1             16  org.opensearch.sql.expression.datetime.DateTimeFunction$$Lambda/0x00007fcd28b5d9e8
13997:             1             16  org.opensearch.sql.expression.datetime.DateTimeFunction$$Lambda/0x00007fcd28b5dc38
13998:             1             16  org.opensearch.sql.expression.datetime.DateTimeFunction$$Lambda/0x00007fcd28b5de88
13999:             1             16  org.opensearch.sql.expression.datetime.DateTimeFunction$$Lambda/0x00007fcd28b5e0d8
14000:             1             16  org.opensearch.sql.expression.datetime.DateTimeFunction$$Lambda/0x00007fcd28b5e328
14001:             1             16  org.opensearch.sql.expression.datetime.DateTimeFunction$$Lambda/0x00007fcd28b5e540
14002:             1             16  org.opensearch.sql.expression.datetime.DateTimeFunction$$Lambda/0x00007fcd28b5e780
14003:             1             16  org.opensearch.sql.expression.datetime.DateTimeFunction$$Lambda/0x00007fcd28b5e9c0
14004:             1             16  org.opensearch.sql.expression.datetime.DateTimeFunction$$Lambda/0x00007fcd28b5ec00
14005:             1             16  org.opensearch.sql.expression.datetime.DateTimeFunction$$Lambda/0x00007fcd28b5ee40
14006:             1             16  org.opensearch.sql.expression.datetime.DateTimeFunction$$Lambda/0x00007fcd28b5f080
14007:             1             16  org.opensearch.sql.expression.datetime.DateTimeFunction$$Lambda/0x00007fcd28b5f2d0
14008:             1             16  org.opensearch.sql.expression.datetime.DateTimeFunction$$Lambda/0x00007fcd28b5f520
14009:             1             16  org.opensearch.sql.expression.datetime.DateTimeFunction$$Lambda/0x00007fcd28b5f770
14010:             1             16  org.opensearch.sql.expression.datetime.DateTimeFunction$$Lambda/0x00007fcd28b5f9c0
14011:             1             16  org.opensearch.sql.expression.datetime.DateTimeFunction$$Lambda/0x00007fcd28b5fc10
14012:             1             16  org.opensearch.sql.expression.datetime.DateTimeFunction$$Lambda/0x00007fcd28b60000
14013:             1             16  org.opensearch.sql.expression.datetime.DateTimeFunction$$Lambda/0x00007fcd28b60250
14014:             1             16  org.opensearch.sql.expression.datetime.DateTimeFunction$$Lambda/0x00007fcd28b604a0
14015:             1             16  org.opensearch.sql.expression.datetime.DateTimeFunction$$Lambda/0x00007fcd28b606e0
14016:             1             16  org.opensearch.sql.expression.datetime.DateTimeFunction$$Lambda/0x00007fcd28b60930
14017:             1             16  org.opensearch.sql.expression.datetime.DateTimeFunction$$Lambda/0x00007fcd28b60b80
14018:             1             16  org.opensearch.sql.expression.datetime.DateTimeFunction$$Lambda/0x00007fcd28b60dd0
14019:             1             16  org.opensearch.sql.expression.datetime.DateTimeFunction$$Lambda/0x00007fcd28b61020
14020:             1             16  org.opensearch.sql.expression.datetime.DateTimeFunction$$Lambda/0x00007fcd28b61238
14021:             1             16  org.opensearch.sql.expression.datetime.DateTimeFunction$$Lambda/0x00007fcd28b61478
14022:             1             16  org.opensearch.sql.expression.datetime.DateTimeFunction$$Lambda/0x00007fcd28b616b8
14023:             1             16  org.opensearch.sql.expression.datetime.DateTimeFunction$$Lambda/0x00007fcd28b618f8
14024:             1             16  org.opensearch.sql.expression.datetime.IntervalClause$$Lambda/0x00007fcd28b61d38
14025:             1             16  org.opensearch.sql.expression.datetime.IntervalClause$$Lambda/0x00007fcd28b61f78
14026:             1             16  org.opensearch.sql.expression.function.BuiltinFunctionRepository
14027:             1             16  org.opensearch.sql.expression.function.OpenSearchFunctions$1
14028:             1             16  org.opensearch.sql.expression.operator.arthmetic.ArithmeticFunction$$Lambda/0x00007fcd28b198c0
14029:             1             16  org.opensearch.sql.expression.operator.arthmetic.ArithmeticFunction$$Lambda/0x00007fcd28b1b2c0
14030:             1             16  org.opensearch.sql.expression.operator.arthmetic.ArithmeticFunction$$Lambda/0x00007fcd28b1b500
14031:             1             16  org.opensearch.sql.expression.operator.arthmetic.ArithmeticFunction$$Lambda/0x00007fcd28b1b740
14032:             1             16  org.opensearch.sql.expression.operator.arthmetic.ArithmeticFunction$$Lambda/0x00007fcd28b1b980
14033:             1             16  org.opensearch.sql.expression.operator.arthmetic.ArithmeticFunction$$Lambda/0x00007fcd28b1bbc0
14034:             1             16  org.opensearch.sql.expression.operator.arthmetic.ArithmeticFunction$$Lambda/0x00007fcd28b1d398
14035:             1             16  org.opensearch.sql.expression.operator.arthmetic.ArithmeticFunction$$Lambda/0x00007fcd28b1d5d8
14036:             1             16  org.opensearch.sql.expression.operator.arthmetic.ArithmeticFunction$$Lambda/0x00007fcd28b1d818
14037:             1             16  org.opensearch.sql.expression.operator.arthmetic.ArithmeticFunction$$Lambda/0x00007fcd28b1da58
14038:             1             16  org.opensearch.sql.expression.operator.arthmetic.ArithmeticFunction$$Lambda/0x00007fcd28b1dc98
14039:             1             16  org.opensearch.sql.expression.operator.arthmetic.ArithmeticFunction$$Lambda/0x00007fcd28b1ded8
14040:             1             16  org.opensearch.sql.expression.operator.arthmetic.ArithmeticFunction$$Lambda/0x00007fcd28b1e118
14041:             1             16  org.opensearch.sql.expression.operator.arthmetic.ArithmeticFunction$$Lambda/0x00007fcd28b1e358
14042:             1             16  org.opensearch.sql.expression.operator.arthmetic.ArithmeticFunction$$Lambda/0x00007fcd28b1e598
14043:             1             16  org.opensearch.sql.expression.operator.arthmetic.ArithmeticFunction$$Lambda/0x00007fcd28b1e7d8
14044:             1             16  org.opensearch.sql.expression.operator.arthmetic.ArithmeticFunction$$Lambda/0x00007fcd28b1ea18
14045:             1             16  org.opensearch.sql.expression.operator.arthmetic.ArithmeticFunction$$Lambda/0x00007fcd28b1ec58
14046:             1             16  org.opensearch.sql.expression.operator.arthmetic.ArithmeticFunction$$Lambda/0x00007fcd28b1ee98
14047:             1             16  org.opensearch.sql.expression.operator.arthmetic.ArithmeticFunction$$Lambda/0x00007fcd28b1f0d8
14048:             1             16  org.opensearch.sql.expression.operator.arthmetic.ArithmeticFunction$$Lambda/0x00007fcd28b1f318
14049:             1             16  org.opensearch.sql.expression.operator.arthmetic.ArithmeticFunction$$Lambda/0x00007fcd28b1f558
14050:             1             16  org.opensearch.sql.expression.operator.arthmetic.ArithmeticFunction$$Lambda/0x00007fcd28b1f798
14051:             1             16  org.opensearch.sql.expression.operator.arthmetic.ArithmeticFunction$$Lambda/0x00007fcd28b1f9d8
14052:             1             16  org.opensearch.sql.expression.operator.arthmetic.ArithmeticFunction$$Lambda/0x00007fcd28b1fc18
14053:             1             16  org.opensearch.sql.expression.operator.arthmetic.ArithmeticFunction$$Lambda/0x00007fcd28b20000
14054:             1             16  org.opensearch.sql.expression.operator.arthmetic.ArithmeticFunction$$Lambda/0x00007fcd28b20240
14055:             1             16  org.opensearch.sql.expression.operator.arthmetic.ArithmeticFunction$$Lambda/0x00007fcd28b20480
14056:             1             16  org.opensearch.sql.expression.operator.arthmetic.ArithmeticFunction$$Lambda/0x00007fcd28b206c0
14057:             1             16  org.opensearch.sql.expression.operator.arthmetic.ArithmeticFunction$$Lambda/0x00007fcd28b20900
14058:             1             16  org.opensearch.sql.expression.operator.arthmetic.MathematicalFunction$$Lambda/0x00007fcd28b2cf50
14059:             1             16  org.opensearch.sql.expression.operator.arthmetic.MathematicalFunction$$Lambda/0x00007fcd28b2d898
14060:             1             16  org.opensearch.sql.expression.operator.arthmetic.MathematicalFunction$$Lambda/0x00007fcd28b2dae8
14061:             1             16  org.opensearch.sql.expression.operator.arthmetic.MathematicalFunction$$Lambda/0x00007fcd28b2dd38
14062:             1             16  org.opensearch.sql.expression.operator.arthmetic.MathematicalFunction$$Lambda/0x00007fcd28b2df88
14063:             1             16  org.opensearch.sql.expression.operator.arthmetic.MathematicalFunction$$Lambda/0x00007fcd28b2e1d8
14064:             1             16  org.opensearch.sql.expression.operator.arthmetic.MathematicalFunction$$Lambda/0x00007fcd28b2e648
14065:             1             16  org.opensearch.sql.expression.operator.arthmetic.MathematicalFunction$$Lambda/0x00007fcd28b2e880
14066:             1             16  org.opensearch.sql.expression.operator.arthmetic.MathematicalFunction$$Lambda/0x00007fcd28b2ead0
14067:             1             16  org.opensearch.sql.expression.operator.arthmetic.MathematicalFunction$$Lambda/0x00007fcd28b2ed08
14068:             1             16  org.opensearch.sql.expression.operator.arthmetic.MathematicalFunction$$Lambda/0x00007fcd28b2ef58
14069:             1             16  org.opensearch.sql.expression.operator.arthmetic.MathematicalFunction$$Lambda/0x00007fcd28b2f1a8
14070:             1             16  org.opensearch.sql.expression.operator.arthmetic.MathematicalFunction$$Lambda/0x00007fcd28b2f3e8
14071:             1             16  org.opensearch.sql.expression.operator.arthmetic.MathematicalFunction$$Lambda/0x00007fcd28b2f628
14072:             1             16  org.opensearch.sql.expression.operator.arthmetic.MathematicalFunction$$Lambda/0x00007fcd28b2fab8
14073:             1             16  org.opensearch.sql.expression.operator.arthmetic.MathematicalFunction$$Lambda/0x00007fcd28b2fd08
14074:             1             16  org.opensearch.sql.expression.operator.arthmetic.MathematicalFunction$$Lambda/0x00007fcd28b30000
14075:             1             16  org.opensearch.sql.expression.operator.arthmetic.MathematicalFunction$$Lambda/0x00007fcd28b30690
14076:             1             16  org.opensearch.sql.expression.operator.arthmetic.MathematicalFunction$$Lambda/0x00007fcd28b30ac8
14077:             1             16  org.opensearch.sql.expression.operator.arthmetic.MathematicalFunction$$Lambda/0x00007fcd28b30d18
14078:             1             16  org.opensearch.sql.expression.operator.arthmetic.MathematicalFunction$$Lambda/0x00007fcd28b30f68
14079:             1             16  org.opensearch.sql.expression.operator.arthmetic.MathematicalFunction$$Lambda/0x00007fcd28b311a0
14080:             1             16  org.opensearch.sql.expression.operator.arthmetic.MathematicalFunction$$Lambda/0x00007fcd28b313f0
14081:             1             16  org.opensearch.sql.expression.operator.arthmetic.MathematicalFunction$$Lambda/0x00007fcd28b31640
14082:             1             16  org.opensearch.sql.expression.operator.arthmetic.MathematicalFunction$$Lambda/0x00007fcd28b31a88
14083:             1             16  org.opensearch.sql.expression.operator.arthmetic.MathematicalFunction$$Lambda/0x00007fcd28b32380
14084:             1             16  org.opensearch.sql.expression.operator.arthmetic.MathematicalFunction$$Lambda/0x00007fcd28b325d0
14085:             1             16  org.opensearch.sql.expression.operator.arthmetic.MathematicalFunction$$Lambda/0x00007fcd28b32820
14086:             1             16  org.opensearch.sql.expression.operator.arthmetic.MathematicalFunction$$Lambda/0x00007fcd28b32a70
14087:             1             16  org.opensearch.sql.expression.operator.arthmetic.MathematicalFunction$$Lambda/0x00007fcd28b32cc0
14088:             1             16  org.opensearch.sql.expression.operator.arthmetic.MathematicalFunction$$Lambda/0x00007fcd28b32f10
14089:             1             16  org.opensearch.sql.expression.operator.arthmetic.MathematicalFunction$$Lambda/0x00007fcd28b33150
14090:             1             16  org.opensearch.sql.expression.operator.arthmetic.MathematicalFunction$$Lambda/0x00007fcd28b333a0
14091:             1             16  org.opensearch.sql.expression.operator.arthmetic.MathematicalFunction$$Lambda/0x00007fcd28b335f0
14092:             1             16  org.opensearch.sql.expression.operator.arthmetic.MathematicalFunction$$Lambda/0x00007fcd28b33830
14093:             1             16  org.opensearch.sql.expression.operator.arthmetic.MathematicalFunction$$Lambda/0x00007fcd28b33a70
14094:             1             16  org.opensearch.sql.expression.operator.arthmetic.MathematicalFunction$$Lambda/0x00007fcd28b33cb0
14095:             1             16  org.opensearch.sql.expression.operator.arthmetic.MathematicalFunction$$Lambda/0x00007fcd28b33ef0
14096:             1             16  org.opensearch.sql.expression.operator.arthmetic.MathematicalFunction$$Lambda/0x00007fcd28b34130
14097:             1             16  org.opensearch.sql.expression.operator.arthmetic.MathematicalFunction$$Lambda/0x00007fcd28b34370
14098:             1             16  org.opensearch.sql.expression.operator.arthmetic.MathematicalFunction$$Lambda/0x00007fcd28b34598
14099:             1             16  org.opensearch.sql.expression.operator.arthmetic.MathematicalFunction$$Lambda/0x00007fcd28b347d8
14100:             1             16  org.opensearch.sql.expression.operator.arthmetic.MathematicalFunction$$Lambda/0x00007fcd28b34a18
14101:             1             16  org.opensearch.sql.expression.operator.arthmetic.MathematicalFunction$$Lambda/0x00007fcd28b34c58
14102:             1             16  org.opensearch.sql.expression.operator.arthmetic.MathematicalFunction$$Lambda/0x00007fcd28b34e98
14103:             1             16  org.opensearch.sql.expression.operator.arthmetic.MathematicalFunction$$Lambda/0x00007fcd28b350d8
14104:             1             16  org.opensearch.sql.expression.operator.arthmetic.MathematicalFunction$$Lambda/0x00007fcd28b35328
14105:             1             16  org.opensearch.sql.expression.operator.arthmetic.MathematicalFunction$$Lambda/0x00007fcd28b35550
14106:             1             16  org.opensearch.sql.expression.operator.arthmetic.MathematicalFunction$$Lambda/0x00007fcd28b357a0
14107:             1             16  org.opensearch.sql.expression.operator.arthmetic.MathematicalFunction$$Lambda/0x00007fcd28b359f0
14108:             1             16  org.opensearch.sql.expression.operator.arthmetic.MathematicalFunction$$Lambda/0x00007fcd28b35c40
14109:             1             16  org.opensearch.sql.expression.operator.arthmetic.MathematicalFunction$$Lambda/0x00007fcd28b35e90
14110:             1             16  org.opensearch.sql.expression.operator.arthmetic.MathematicalFunction$$Lambda/0x00007fcd28b360e0
14111:             1             16  org.opensearch.sql.expression.operator.arthmetic.MathematicalFunction$$Lambda/0x00007fcd28b36330
14112:             1             16  org.opensearch.sql.expression.operator.arthmetic.MathematicalFunction$$Lambda/0x00007fcd28b36570
14113:             1             16  org.opensearch.sql.expression.operator.arthmetic.MathematicalFunction$$Lambda/0x00007fcd28b367b0
14114:             1             16  org.opensearch.sql.expression.operator.arthmetic.MathematicalFunction$$Lambda/0x00007fcd28b369f0
14115:             1             16  org.opensearch.sql.expression.operator.arthmetic.MathematicalFunction$$Lambda/0x00007fcd28b36c30
14116:             1             16  org.opensearch.sql.expression.operator.arthmetic.MathematicalFunction$$Lambda/0x00007fcd28b36e80
14117:             1             16  org.opensearch.sql.expression.operator.arthmetic.MathematicalFunction$$Lambda/0x00007fcd28b370d0
14118:             1             16  org.opensearch.sql.expression.operator.arthmetic.MathematicalFunction$$Lambda/0x00007fcd28b37320
14119:             1             16  org.opensearch.sql.expression.operator.arthmetic.MathematicalFunction$$Lambda/0x00007fcd28b37570
14120:             1             16  org.opensearch.sql.expression.operator.arthmetic.MathematicalFunction$$Lambda/0x00007fcd28b377c0
14121:             1             16  org.opensearch.sql.expression.operator.arthmetic.MathematicalFunction$$Lambda/0x00007fcd28b37a10
14122:             1             16  org.opensearch.sql.expression.operator.arthmetic.MathematicalFunction$$Lambda/0x00007fcd28b37c50
14123:             1             16  org.opensearch.sql.expression.operator.arthmetic.MathematicalFunction$$Lambda/0x00007fcd28b38000
14124:             1             16  org.opensearch.sql.expression.operator.arthmetic.MathematicalFunction$$Lambda/0x00007fcd28b38240
14125:             1             16  org.opensearch.sql.expression.operator.convert.TypeCastOperator$$Lambda/0x00007fcd28b670d0
14126:             1             16  org.opensearch.sql.expression.operator.convert.TypeCastOperator$$Lambda/0x00007fcd28b67308
14127:             1             16  org.opensearch.sql.expression.operator.convert.TypeCastOperator$$Lambda/0x00007fcd28b67558
14128:             1             16  org.opensearch.sql.expression.operator.convert.TypeCastOperator$$Lambda/0x00007fcd28b677a8
14129:             1             16  org.opensearch.sql.expression.operator.convert.TypeCastOperator$$Lambda/0x00007fcd28b679f8
14130:             1             16  org.opensearch.sql.expression.operator.convert.TypeCastOperator$$Lambda/0x00007fcd28b67c48
14131:             1             16  org.opensearch.sql.expression.operator.convert.TypeCastOperator$$Lambda/0x00007fcd28b68000
14132:             1             16  org.opensearch.sql.expression.operator.convert.TypeCastOperator$$Lambda/0x00007fcd28b68250
14133:             1             16  org.opensearch.sql.expression.operator.convert.TypeCastOperator$$Lambda/0x00007fcd28b684a0
14134:             1             16  org.opensearch.sql.expression.operator.convert.TypeCastOperator$$Lambda/0x00007fcd28b686f0
14135:             1             16  org.opensearch.sql.expression.operator.convert.TypeCastOperator$$Lambda/0x00007fcd28b68940
14136:             1             16  org.opensearch.sql.expression.operator.convert.TypeCastOperator$$Lambda/0x00007fcd28b68b90
14137:             1             16  org.opensearch.sql.expression.operator.convert.TypeCastOperator$$Lambda/0x00007fcd28b68de0
14138:             1             16  org.opensearch.sql.expression.operator.convert.TypeCastOperator$$Lambda/0x00007fcd28b69030
14139:             1             16  org.opensearch.sql.expression.operator.convert.TypeCastOperator$$Lambda/0x00007fcd28b69280
14140:             1             16  org.opensearch.sql.expression.operator.convert.TypeCastOperator$$Lambda/0x00007fcd28b694d0
14141:             1             16  org.opensearch.sql.expression.operator.convert.TypeCastOperator$$Lambda/0x00007fcd28b69720
14142:             1             16  org.opensearch.sql.expression.operator.convert.TypeCastOperator$$Lambda/0x00007fcd28b69970
14143:             1             16  org.opensearch.sql.expression.operator.convert.TypeCastOperator$$Lambda/0x00007fcd28b69bc0
14144:             1             16  org.opensearch.sql.expression.operator.convert.TypeCastOperator$$Lambda/0x00007fcd28b69e10
14145:             1             16  org.opensearch.sql.expression.operator.convert.TypeCastOperator$$Lambda/0x00007fcd28b6a060
14146:             1             16  org.opensearch.sql.expression.operator.convert.TypeCastOperator$$Lambda/0x00007fcd28b6a2b0
14147:             1             16  org.opensearch.sql.expression.operator.convert.TypeCastOperator$$Lambda/0x00007fcd28b6a500
14148:             1             16  org.opensearch.sql.expression.operator.convert.TypeCastOperator$$Lambda/0x00007fcd28b6a750
14149:             1             16  org.opensearch.sql.expression.operator.convert.TypeCastOperator$$Lambda/0x00007fcd28b6a9a0
14150:             1             16  org.opensearch.sql.expression.operator.convert.TypeCastOperator$$Lambda/0x00007fcd28b6abf0
14151:             1             16  org.opensearch.sql.expression.operator.convert.TypeCastOperator$$Lambda/0x00007fcd28b6ae40
14152:             1             16  org.opensearch.sql.expression.operator.convert.TypeCastOperator$$Lambda/0x00007fcd28b6b090
14153:             1             16  org.opensearch.sql.expression.operator.convert.TypeCastOperator$$Lambda/0x00007fcd28b6b2e0
14154:             1             16  org.opensearch.sql.expression.operator.convert.TypeCastOperator$$Lambda/0x00007fcd28b6b530
14155:             1             16  org.opensearch.sql.expression.operator.convert.TypeCastOperator$$Lambda/0x00007fcd28b6b780
14156:             1             16  org.opensearch.sql.expression.operator.convert.TypeCastOperator$$Lambda/0x00007fcd28b6b9d0
14157:             1             16  org.opensearch.sql.expression.operator.convert.TypeCastOperator$$Lambda/0x00007fcd28b6bc20
14158:             1             16  org.opensearch.sql.expression.operator.convert.TypeCastOperator$$Lambda/0x00007fcd28b6be70
14159:             1             16  org.opensearch.sql.expression.operator.convert.TypeCastOperator$$Lambda/0x00007fcd28b6c0c0
14160:             1             16  org.opensearch.sql.expression.operator.convert.TypeCastOperator$$Lambda/0x00007fcd28b6c310
14161:             1             16  org.opensearch.sql.expression.operator.convert.TypeCastOperator$$Lambda/0x00007fcd28b6c550
14162:             1             16  org.opensearch.sql.expression.operator.convert.TypeCastOperator$$Lambda/0x00007fcd28b6c7a0
14163:             1             16  org.opensearch.sql.expression.operator.convert.TypeCastOperator$$Lambda/0x00007fcd28b6c9f0
14164:             1             16  org.opensearch.sql.expression.operator.convert.TypeCastOperator$$Lambda/0x00007fcd28b6cc40
14165:             1             16  org.opensearch.sql.expression.operator.convert.TypeCastOperator$$Lambda/0x00007fcd28b6ce90
14166:             1             16  org.opensearch.sql.expression.operator.convert.TypeCastOperator$$Lambda/0x00007fcd28b6d0d0
14167:             1             16  org.opensearch.sql.expression.operator.predicate.BinaryPredicateOperator$$Lambda/0x00007fcd28b296e0
14168:             1             16  org.opensearch.sql.expression.operator.predicate.BinaryPredicateOperator$$Lambda/0x00007fcd28b29920
14169:             1             16  org.opensearch.sql.expression.operator.predicate.BinaryPredicateOperator$$Lambda/0x00007fcd28b29b60
14170:             1             16  org.opensearch.sql.expression.operator.predicate.BinaryPredicateOperator$$Lambda/0x00007fcd28b2a230
14171:             1             16  org.opensearch.sql.expression.operator.predicate.BinaryPredicateOperator$$Lambda/0x00007fcd28b2a468
14172:             1             16  org.opensearch.sql.expression.operator.predicate.BinaryPredicateOperator$$Lambda/0x00007fcd28b2a6a8
14173:             1             16  org.opensearch.sql.expression.operator.predicate.BinaryPredicateOperator$$Lambda/0x00007fcd28b2a8e0
14174:             1             16  org.opensearch.sql.expression.operator.predicate.BinaryPredicateOperator$$Lambda/0x00007fcd28b2ab20
14175:             1             16  org.opensearch.sql.expression.operator.predicate.BinaryPredicateOperator$$Lambda/0x00007fcd28b2ad58
14176:             1             16  org.opensearch.sql.expression.operator.predicate.BinaryPredicateOperator$$Lambda/0x00007fcd28b2af98
14177:             1             16  org.opensearch.sql.expression.operator.predicate.BinaryPredicateOperator$$Lambda/0x00007fcd28b2b1d0
14178:             1             16  org.opensearch.sql.expression.operator.predicate.BinaryPredicateOperator$$Lambda/0x00007fcd28b2b410
14179:             1             16  org.opensearch.sql.expression.operator.predicate.BinaryPredicateOperator$$Lambda/0x00007fcd28b2b648
14180:             1             16  org.opensearch.sql.expression.operator.predicate.BinaryPredicateOperator$$Lambda/0x00007fcd28b2b888
14181:             1             16  org.opensearch.sql.expression.operator.predicate.BinaryPredicateOperator$$Lambda/0x00007fcd28b2bac0
14182:             1             16  org.opensearch.sql.expression.operator.predicate.BinaryPredicateOperator$$Lambda/0x00007fcd28b2bf00
14183:             1             16  org.opensearch.sql.expression.operator.predicate.BinaryPredicateOperator$$Lambda/0x00007fcd28b2c140
14184:             1             16  org.opensearch.sql.expression.operator.predicate.BinaryPredicateOperator$$Lambda/0x00007fcd28b2cb10
14185:             1             16  org.opensearch.sql.expression.operator.predicate.UnaryPredicateOperator$$Lambda/0x00007fcd28b38680
14186:             1             16  org.opensearch.sql.expression.operator.predicate.UnaryPredicateOperator$$Lambda/0x00007fcd28b388d0
14187:             1             16  org.opensearch.sql.expression.operator.predicate.UnaryPredicateOperator$$Lambda/0x00007fcd28b38b08
14188:             1             16  org.opensearch.sql.expression.operator.predicate.UnaryPredicateOperator$$Lambda/0x00007fcd28b38d58
14189:             1             16  org.opensearch.sql.expression.operator.predicate.UnaryPredicateOperator$$Lambda/0x00007fcd28b38f90
14190:             1             16  org.opensearch.sql.expression.operator.predicate.UnaryPredicateOperator$$Lambda/0x00007fcd28b391d0
14191:             1             16  org.opensearch.sql.expression.operator.predicate.UnaryPredicateOperator$$Lambda/0x00007fcd28b39408
14192:             1             16  org.opensearch.sql.expression.operator.predicate.UnaryPredicateOperator$$Lambda/0x00007fcd28b39648
14193:             1             16  org.opensearch.sql.expression.operator.predicate.UnaryPredicateOperator$$Lambda/0x00007fcd28b39880
14194:             1             16  org.opensearch.sql.expression.operator.predicate.UnaryPredicateOperator$$Lambda/0x00007fcd28b39ad0
14195:             1             16  org.opensearch.sql.expression.operator.predicate.UnaryPredicateOperator$$Lambda/0x00007fcd28b39d08
14196:             1             16  org.opensearch.sql.expression.system.SystemFunctions$1
14197:             1             16  org.opensearch.sql.expression.text.TextFunction$$Lambda/0x00007fcd28b641f8
14198:             1             16  org.opensearch.sql.expression.text.TextFunction$$Lambda/0x00007fcd28b646a0
14199:             1             16  org.opensearch.sql.expression.text.TextFunction$$Lambda/0x00007fcd28b648c0
14200:             1             16  org.opensearch.sql.expression.text.TextFunction$$Lambda/0x00007fcd28b64ad8
14201:             1             16  org.opensearch.sql.expression.text.TextFunction$$Lambda/0x00007fcd28b64d18
14202:             1             16  org.opensearch.sql.expression.text.TextFunction$$Lambda/0x00007fcd28b64f68
14203:             1             16  org.opensearch.sql.expression.text.TextFunction$$Lambda/0x00007fcd28b651a8
14204:             1             16  org.opensearch.sql.expression.text.TextFunction$$Lambda/0x00007fcd28b653c0
14205:             1             16  org.opensearch.sql.expression.text.TextFunction$$Lambda/0x00007fcd28b65610
14206:             1             16  org.opensearch.sql.expression.text.TextFunction$$Lambda/0x00007fcd28b65860
14207:             1             16  org.opensearch.sql.expression.text.TextFunction$$Lambda/0x00007fcd28b65aa0
14208:             1             16  org.opensearch.sql.expression.text.TextFunction$$Lambda/0x00007fcd28b65cb8
14209:             1             16  org.opensearch.sql.expression.text.TextFunction$$Lambda/0x00007fcd28b65f08
14210:             1             16  org.opensearch.sql.expression.text.TextFunction$$Lambda/0x00007fcd28b66148
14211:             1             16  org.opensearch.sql.expression.text.TextFunction$$Lambda/0x00007fcd28b66398
14212:             1             16  org.opensearch.sql.expression.text.TextFunction$$Lambda/0x00007fcd28b665d8
14213:             1             16  org.opensearch.sql.expression.text.TextFunction$$Lambda/0x00007fcd28b66818
14214:             1             16  org.opensearch.sql.expression.text.TextFunction$$Lambda/0x00007fcd28b66a30
14215:             1             16  org.opensearch.sql.expression.text.TextFunction$$Lambda/0x00007fcd28b66c80
14216:             1             16  org.opensearch.sql.expression.window.WindowFunctions$$Lambda/0x00007fcd28b631e0
14217:             1             16  org.opensearch.sql.expression.window.WindowFunctions$$Lambda/0x00007fcd28b638f0
14218:             1             16  org.opensearch.sql.expression.window.WindowFunctions$$Lambda/0x00007fcd28b63de0
14219:             1             16  org.opensearch.sql.legacy.metrics.Metrics
14220:             1             16  org.opensearch.sql.legacy.query.join.BackOffRetryStrategy$$Lambda/0x00007fcd28ea71b8
14221:             1             16  org.opensearch.sql.legacy.query.join.BackOffRetryStrategy$$Lambda/0x00007fcd28ea73d0
14222:             1             16  org.opensearch.sql.opensearch.client.OpenSearchNodeClient$$Lambda/0x00007fcd28b082b8
14223:             1             16  org.opensearch.sql.opensearch.setting.OpenSearchSettings$$Lambda/0x00007fcd285a1e10
14224:             1             16  org.opensearch.sql.opensearch.storage.script.ExpressionScriptEngine
14225:             1             16  org.opensearch.sql.opensearch.storage.script.ExpressionScriptEngine$$Lambda/0x00007fcd285a2718
14226:             1             16  org.opensearch.sql.opensearch.storage.script.ExpressionScriptEngine$$Lambda/0x00007fcd285a2ba0
14227:             1             16  org.opensearch.sql.opensearch.storage.serialization.DefaultExpressionSerializer
14228:             1             16  org.opensearch.sql.planner.optimizer.pattern.Patterns$$Lambda/0x00007fcd28bb1ff0
14229:             1             16  org.opensearch.sql.planner.optimizer.pattern.Patterns$$Lambda/0x00007fcd28bb2fc8
14230:             1             16  org.opensearch.sql.planner.optimizer.pattern.Patterns$$Lambda/0x00007fcd28bb3440
14231:             1             16  org.opensearch.sql.planner.optimizer.pattern.Patterns$$Lambda/0x00007fcd28bb5558
14232:             1             16  org.opensearch.sql.planner.optimizer.rule.read.TableScanPushDown$$Lambda/0x00007fcd28bb3888
14233:             1             16  org.opensearch.sql.planner.optimizer.rule.read.TableScanPushDown$$Lambda/0x00007fcd28bb3ab0
14234:             1             16  org.opensearch.sql.planner.optimizer.rule.read.TableScanPushDown$$Lambda/0x00007fcd28bb3cd8
14235:             1             16  org.opensearch.sql.planner.optimizer.rule.read.TableScanPushDown$$Lambda/0x00007fcd28bb3f00
14236:             1             16  org.opensearch.sql.planner.optimizer.rule.read.TableScanPushDown$$Lambda/0x00007fcd28bb4128
14237:             1             16  org.opensearch.sql.planner.optimizer.rule.read.TableScanPushDown$$Lambda/0x00007fcd28bb45a0
14238:             1             16  org.opensearch.sql.planner.optimizer.rule.read.TableScanPushDown$$Lambda/0x00007fcd28bb4a20
14239:             1             16  org.opensearch.sql.plugin.SQLPlugin$$Lambda/0x00007fcd28bc7880
14240:             1             16  org.opensearch.sql.plugin.SQLPlugin$$Lambda/0x00007fcd28c8c000
14241:             1             16  org.opensearch.sql.plugin.SQLPlugin$$Lambda/0x00007fcd28c8c670
14242:             1             16  org.opensearch.sql.plugin.SQLPlugin$$Lambda/0x00007fcd28c8cce0
14243:             1             16  org.opensearch.sql.plugin.SQLPlugin$$Lambda/0x00007fcd28c8d350
14244:             1             16  org.opensearch.sql.plugin.SQLPlugin$$Lambda/0x00007fcd28c8d9c0
14245:             1             16  org.opensearch.sql.plugin.SQLPlugin$$Lambda/0x00007fcd28c8e030
14246:             1             16  org.opensearch.sql.plugin.SQLPlugin$$Lambda/0x00007fcd28c8e6a0
14247:             1             16  org.opensearch.sql.plugin.SQLPlugin$$Lambda/0x00007fcd28c8ed10
14248:             1             16  org.opensearch.sql.plugin.transport.TransportPPLQueryAction$$Lambda/0x00007fcd28ea4b90
14249:             1             16  org.opensearch.sql.prometheus.storage.PrometheusStorageFactory
14250:             1             16  org.opensearch.sql.spark.cluster.ClusterManagerEventListener$$Lambda/0x00007fcd28bc6d80
14251:             1             16  org.opensearch.sql.spark.cluster.ClusterManagerEventListener$$Lambda/0x00007fcd28bc6fb0
14252:             1             16  org.opensearch.sql.spark.cluster.ClusterManagerEventListener$$Lambda/0x00007fcd28bc71e0
14253:             1             16  org.opensearch.sql.spark.cluster.ClusterManagerEventListener$$Lambda/0x00007fcd28bc7410
14254:             1             16  org.opensearch.sql.spark.flint.FlintIndexMetadataServiceImpl
14255:             1             16  org.opensearch.sql.spark.transport.TransportCancelAsyncQueryRequestAction$$Lambda/0x00007fcd28ea5a48
14256:             1             16  org.opensearch.sql.spark.transport.TransportCancelAsyncQueryRequestAction$$Lambda/0x00007fcd28ea5c60
14257:             1             16  org.opensearch.sql.spark.transport.TransportCreateAsyncQueryRequestAction$$Lambda/0x00007fcd28ea4218
14258:             1             16  org.opensearch.sql.spark.transport.TransportCreateAsyncQueryRequestAction$$Lambda/0x00007fcd28ea4430
14259:             1             16  org.opensearch.sql.spark.transport.TransportGetAsyncQueryResultAction$$Lambda/0x00007fcd28d6b020
14260:             1             16  org.opensearch.sql.spark.transport.TransportGetAsyncQueryResultAction$$Lambda/0x00007fcd28d6b238
14261:             1             16  org.opensearch.systemd.Libsystemd$$Lambda/0x00007fcd291d8800
14262:             1             16  org.opensearch.systemd.SystemdPlugin$$Lambda/0x00007fcd28218b38
14263:             1             16  org.opensearch.tasks.Task$$Lambda/0x00007fcd29226e98
14264:             1             16  org.opensearch.tasks.TaskCancellationMonitoringService$$Lambda/0x00007fcd28d02aa0
14265:             1             16  org.opensearch.tasks.TaskCancellationMonitoringService$$Lambda/0x00007fcd28d02ee0
14266:             1             16  org.opensearch.tasks.TaskCancellationMonitoringService$$Lambda/0x00007fcd29044d68
14267:             1             16  org.opensearch.tasks.TaskCancellationMonitoringService$$Lambda/0x00007fcd293de270
14268:             1             16  org.opensearch.tasks.TaskCancellationMonitoringService$$Lambda/0x00007fcd293de4b8
14269:             1             16  org.opensearch.tasks.TaskCancellationMonitoringService$$Lambda/0x00007fcd293de950
14270:             1             16  org.opensearch.tasks.TaskCancellationMonitoringService$TaskCancellationStatsHolder
14271:             1             16  org.opensearch.tasks.TaskCancellationMonitoringSettings$$Lambda/0x00007fcd28d02130
14272:             1             16  org.opensearch.tasks.TaskCancellationMonitoringSettings$$Lambda/0x00007fcd28d02360
14273:             1             16  org.opensearch.tasks.TaskCancellationService$$Lambda/0x00007fcd290458a8
14274:             1             16  org.opensearch.tasks.TaskCancellationService$$Lambda/0x00007fcd293ddc38
14275:             1             16  org.opensearch.tasks.TaskCancellationService$BanParentRequestHandler
14276:             1             16  org.opensearch.tasks.TaskCancellationService$BanParentRequestHandler$$Lambda/0x00007fcd293dda20
14277:             1             16  org.opensearch.tasks.TaskInfo$$Lambda/0x00007fcd2924cb18
14278:             1             16  org.opensearch.tasks.TaskInfo$$Lambda/0x00007fcd2924d168
14279:             1             16  org.opensearch.tasks.TaskInfo$$Lambda/0x00007fcd2924d608
14280:             1             16  org.opensearch.tasks.TaskInfo$$Lambda/0x00007fcd2924d820
14281:             1             16  org.opensearch.tasks.TaskInfo$$Lambda/0x00007fcd2924da38
14282:             1             16  org.opensearch.tasks.TaskManager$$Lambda/0x00007fcd28cdeae0
14283:             1             16  org.opensearch.tasks.TaskManager$$Lambda/0x00007fcd291bf3a8
14284:             1             16  org.opensearch.tasks.TaskManager$$Lambda/0x00007fcd292dc000
14285:             1             16  org.opensearch.tasks.TaskManager$$Lambda/0x00007fcd292dc228
14286:             1             16  org.opensearch.tasks.TaskManager$$Lambda/0x00007fcd292dc450
14287:             1             16  org.opensearch.tasks.TaskManager$$Lambda/0x00007fcd292dc678
14288:             1             16  org.opensearch.tasks.TaskManager$$Lambda/0x00007fcd292e3c08
14289:             1             16  org.opensearch.tasks.TaskManager$$Lambda/0x00007fcd293dd598
14290:             1             16  org.opensearch.tasks.TaskManager$$Lambda/0x00007fcd293dd7e8
14291:             1             16  org.opensearch.tasks.TaskManager$CancellableTaskHolder$$Lambda/0x00007fcd2920a000
14292:             1             16  org.opensearch.tasks.TaskManager$CancellableTaskHolder$$Lambda/0x00007fcd29222020
14293:             1             16  org.opensearch.tasks.TaskManager$CancellableTaskHolder$$Lambda/0x00007fcd293dde50
14294:             1             16  org.opensearch.tasks.TaskResourceTrackingService$$Lambda/0x00007fcd28ce1000
14295:             1             16  org.opensearch.tasks.TaskResourceTrackingService$$Lambda/0x00007fcd29198e20
14296:             1             16  org.opensearch.tasks.TaskThreadContextStatePropagator
14297:             1             16  org.opensearch.tasks.consumer.TopNSearchTasksLogger$$Lambda/0x00007fcd28ce4f40
14298:             1             16  org.opensearch.tasks.consumer.TopNSearchTasksLogger$$Lambda/0x00007fcd28ce5158
14299:             1             16  org.opensearch.tasks.consumer.TopNSearchTasksLogger$$Lambda/0x00007fcd28ce5388
14300:             1             16  org.opensearch.telemetry.metrics.MetricsRegistryFactory$$Lambda/0x00007fcd2870aef0
14301:             1             16  org.opensearch.telemetry.metrics.noop.NoopCounter
14302:             1             16  org.opensearch.telemetry.metrics.noop.NoopHistogram
14303:             1             16  org.opensearch.telemetry.metrics.noop.NoopMetricsRegistry
14304:             1             16  org.opensearch.telemetry.metrics.tags.Tags
14305:             1             16  org.opensearch.telemetry.tracing.TracerFactory$$Lambda/0x00007fcd2870a190
14306:             1             16  org.opensearch.telemetry.tracing.noop.NoopSpan
14307:             1             16  org.opensearch.telemetry.tracing.noop.NoopSpanScope
14308:             1             16  org.opensearch.telemetry.tracing.noop.NoopTracer
14309:             1             16  org.opensearch.threadpool.ThreadPool$$Lambda/0x00007fcd2853f840
14310:             1             16  org.opensearch.threadpool.ThreadPool$$Lambda/0x00007fcd2853fa88
14311:             1             16  org.opensearch.threadpool.ThreadPoolInfo
14312:             1             16  org.opensearch.timeseries.JobRunner
14313:             1             16  org.opensearch.timeseries.Name$$Lambda/0x00007fcd28f1ef10
14314:             1             16  org.opensearch.timeseries.NodeStateManager$$Lambda/0x00007fcd289c3488
14315:             1             16  org.opensearch.timeseries.NodeStateManager$$Lambda/0x00007fcd289c36b8
14316:             1             16  org.opensearch.timeseries.TimeSeriesAnalyticsPlugin$$Lambda/0x00007fcd283adb40
14317:             1             16  org.opensearch.timeseries.TimeSeriesAnalyticsPlugin$$Lambda/0x00007fcd283beb90
14318:             1             16  org.opensearch.timeseries.TimeSeriesAnalyticsPlugin$$Lambda/0x00007fcd28578bf8
14319:             1             16  org.opensearch.timeseries.TimeSeriesAnalyticsPlugin$$Lambda/0x00007fcd28578e38
14320:             1             16  org.opensearch.timeseries.TimeSeriesAnalyticsPlugin$$Lambda/0x00007fcd289ce8f0
14321:             1             16  org.opensearch.timeseries.TimeSeriesAnalyticsPlugin$$Lambda/0x00007fcd28a129e8
14322:             1             16  org.opensearch.timeseries.TimeSeriesAnalyticsPlugin$$Lambda/0x00007fcd28a3be78
14323:             1             16  org.opensearch.timeseries.TimeSeriesAnalyticsPlugin$$Lambda/0x00007fcd28a3cc40
14324:             1             16  org.opensearch.timeseries.TimeSeriesAnalyticsPlugin$1
14325:             1             16  org.opensearch.timeseries.TimeSeriesAnalyticsPlugin$1$1
14326:             1             16  org.opensearch.timeseries.cluster.ClusterEventListener$$Lambda/0x00007fcd290157e8
14327:             1             16  org.opensearch.timeseries.cluster.ClusterEventListener$$Lambda/0x00007fcd29015a00
14328:             1             16  org.opensearch.timeseries.cluster.ClusterEventListener$$Lambda/0x00007fcd29016078
14329:             1             16  org.opensearch.timeseries.cluster.ClusterEventListener$$Lambda/0x00007fcd29016290
14330:             1             16  org.opensearch.timeseries.cluster.HashRing$$Lambda/0x00007fcd28a2f250
14331:             1             16  org.opensearch.timeseries.cluster.HashRing$$Lambda/0x00007fcd29016ad8
14332:             1             16  org.opensearch.timeseries.cluster.HashRing$$Lambda/0x00007fcd29017160
14333:             1             16  org.opensearch.timeseries.cluster.HashRing$$Lambda/0x00007fcd29017398
14334:             1             16  org.opensearch.timeseries.dataprocessor.LinearUniformImputer
14335:             1             16  org.opensearch.timeseries.feature.SearchFeatureDao$$Lambda/0x00007fcd289c6000
14336:             1             16  org.opensearch.timeseries.feature.SearchFeatureDao$$Lambda/0x00007fcd289c6230
14337:             1             16  org.opensearch.timeseries.model.Job$$Lambda/0x00007fcd2889c480
14338:             1             16  org.opensearch.timeseries.transport.AbstractSingleStreamResultTransportAction$$Lambda/0x00007fcd28e3fb40
14339:             1             16  org.opensearch.timeseries.transport.BaseDeleteConfigTransportAction$$Lambda/0x00007fcd28d9fda0
14340:             1             16  org.opensearch.timeseries.transport.BaseDeleteModelTransportAction$$Lambda/0x00007fcd28e3dbc0
14341:             1             16  org.opensearch.timeseries.transport.BaseDeleteModelTransportAction$$Lambda/0x00007fcd28e3ddd8
14342:             1             16  org.opensearch.timeseries.transport.BaseEntityProfileTransportAction$$Lambda/0x00007fcd28e3d360
14343:             1             16  org.opensearch.timeseries.transport.BaseGetConfigTransportAction$$Lambda/0x00007fcd28f1e918
14344:             1             16  org.opensearch.timeseries.transport.BaseJobTransportAction$$Lambda/0x00007fcd28d9e1a0
14345:             1             16  org.opensearch.timeseries.transport.BaseProfileTransportAction$$Lambda/0x00007fcd28d9ea58
14346:             1             16  org.opensearch.timeseries.transport.BaseProfileTransportAction$$Lambda/0x00007fcd28d9ec70
14347:             1             16  org.opensearch.timeseries.transport.BaseSearchConfigInfoTransportAction$$Lambda/0x00007fcd28d9dd70
14348:             1             16  org.opensearch.timeseries.transport.BaseStatsNodesTransportAction$$Lambda/0x00007fcd28e3e850
14349:             1             16  org.opensearch.timeseries.transport.BaseStatsNodesTransportAction$$Lambda/0x00007fcd28e3ea68
14350:             1             16  org.opensearch.timeseries.transport.BaseStatsTransportAction$$Lambda/0x00007fcd28e3f0b0
14351:             1             16  org.opensearch.timeseries.transport.BaseSuggestConfigParamTransportAction$$Lambda/0x00007fcd28f77678
14352:             1             16  org.opensearch.timeseries.transport.BaseSuggestConfigParamTransportAction$$Lambda/0x00007fcd28f77890
14353:             1             16  org.opensearch.timeseries.transport.BaseValidateConfigTransportAction$$Lambda/0x00007fcd28e3f6f8
14354:             1             16  org.opensearch.timeseries.transport.CronTransportAction$$Lambda/0x00007fcd28e3ec80
14355:             1             16  org.opensearch.timeseries.transport.CronTransportAction$$Lambda/0x00007fcd28e3ee98
14356:             1             16  org.opensearch.timeseries.transport.CronTransportAction$$Lambda/0x00007fcd290175d0
14357:             1             16  org.opensearch.timeseries.transport.CronTransportAction$$Lambda/0x00007fcd290177f0
14358:             1             16  org.opensearch.timeseries.transport.ResultProcessor$$Lambda/0x00007fcd28d9f940
14359:             1             16  org.opensearch.timeseries.transport.ResultProcessor$$Lambda/0x00007fcd28d9fb70
14360:             1             16  org.opensearch.timeseries.util.ClientUtil
14361:             1             16  org.opensearch.timeseries.util.DiscoveryNodeFilterer$HotDataNodePredicate
14362:             1             16  org.opensearch.transport.ConnectionManager$DelegatingNodeConnectionListener
14363:             1             16  org.opensearch.transport.CopyBytesSocketChannel$$Lambda/0x00007fcd290f8c18
14364:             1             16  org.opensearch.transport.EmptyTransportResponseHandler
14365:             1             16  org.opensearch.transport.NativeMessageHandler$$Lambda/0x00007fcd29198000
14366:             1             16  org.opensearch.transport.NativeMessageHandler$$Lambda/0x00007fcd29198238
14367:             1             16  org.opensearch.transport.Netty4Plugin
14368:             1             16  org.opensearch.transport.NettyAllocator$NoDirectBuffers
14369:             1             16  org.opensearch.transport.ProxyConnectionStrategy$$Lambda/0x00007fcd286e2b28
14370:             1             16  org.opensearch.transport.ProxyConnectionStrategy$$Lambda/0x00007fcd286e2d50
14371:             1             16  org.opensearch.transport.ProxyConnectionStrategy$$Lambda/0x00007fcd286e2f78
14372:             1             16  org.opensearch.transport.ProxyConnectionStrategy$$Lambda/0x00007fcd286e31a0
14373:             1             16  org.opensearch.transport.RemoteClusterAware$$Lambda/0x00007fcd28cdf798
14374:             1             16  org.opensearch.transport.RemoteClusterService$$Lambda/0x00007fcd280bd200
14375:             1             16  org.opensearch.transport.RemoteClusterService$$Lambda/0x00007fcd280be830
14376:             1             16  org.opensearch.transport.RemoteClusterService$$Lambda/0x00007fcd280caa58
14377:             1             16  org.opensearch.transport.RemoteClusterService$$Lambda/0x00007fcd28ce4278
14378:             1             16  org.opensearch.transport.RemoteClusterService$$Lambda/0x00007fcd28ce44a8
14379:             1             16  org.opensearch.transport.RemoteConnectionStrategy$$Lambda/0x00007fcd286dfd78
14380:             1             16  org.opensearch.transport.RemoteConnectionStrategy$$Lambda/0x00007fcd286e1500
14381:             1             16  org.opensearch.transport.RemoteConnectionStrategy$$Lambda/0x00007fcd29047120
14382:             1             16  org.opensearch.transport.RemoteConnectionStrategy$ConnectionStrategy$$Lambda/0x00007fcd286e0ab0
14383:             1             16  org.opensearch.transport.RemoteConnectionStrategy$ConnectionStrategy$$Lambda/0x00007fcd286e0cc8
14384:             1             16  org.opensearch.transport.RemoteConnectionStrategy$ConnectionStrategy$$Lambda/0x00007fcd286e0ee0
14385:             1             16  org.opensearch.transport.RemoteConnectionStrategy$ConnectionStrategy$$Lambda/0x00007fcd286e10f8
14386:             1             16  org.opensearch.transport.RemoteConnectionStrategy$StrategyValidator$$Lambda/0x00007fcd286e1df0
14387:             1             16  org.opensearch.transport.SniffConnectionStrategy$$Lambda/0x00007fcd286e1738
14388:             1             16  org.opensearch.transport.SniffConnectionStrategy$$Lambda/0x00007fcd286e1960
14389:             1             16  org.opensearch.transport.SniffConnectionStrategy$$Lambda/0x00007fcd286e2018
14390:             1             16  org.opensearch.transport.SniffConnectionStrategy$$Lambda/0x00007fcd286e2240
14391:             1             16  org.opensearch.transport.SniffConnectionStrategy$$Lambda/0x00007fcd286e2490
14392:             1             16  org.opensearch.transport.SniffConnectionStrategy$$Lambda/0x00007fcd286e26b8
14393:             1             16  org.opensearch.transport.SniffConnectionStrategy$$Lambda/0x00007fcd286e28e0
14394:             1             16  org.opensearch.transport.TcpTransport$$Lambda/0x00007fcd28cb7900
14395:             1             16  org.opensearch.transport.TcpTransport$$Lambda/0x00007fcd29046370
14396:             1             16  org.opensearch.transport.TcpTransport$$Lambda/0x00007fcd290f3728
14397:             1             16  org.opensearch.transport.Transport$RequestHandlers
14398:             1             16  org.opensearch.transport.TransportActionProxy$$Lambda/0x00007fcd28e1c888
14399:             1             16  org.opensearch.transport.TransportMessageListener$1
14400:             1             16  org.opensearch.transport.TransportService$$Lambda/0x00007fcd28cded10
14401:             1             16  org.opensearch.transport.TransportService$$Lambda/0x00007fcd28cdf338
14402:             1             16  org.opensearch.transport.TransportService$$Lambda/0x00007fcd28cdf568
14403:             1             16  org.opensearch.transport.TransportService$$Lambda/0x00007fcd28ce46d0
14404:             1             16  org.opensearch.transport.TransportService$$Lambda/0x00007fcd28ce4900
14405:             1             16  org.opensearch.transport.TransportService$$Lambda/0x00007fcd28ce4b18
14406:             1             16  org.opensearch.transport.TransportService$$Lambda/0x00007fcd29046ce0
14407:             1             16  org.opensearch.transport.TransportService$$Lambda/0x00007fcd29046ef8
14408:             1             16  org.opensearch.transport.TransportService$$Lambda/0x00007fcd2913f4a0
14409:             1             16  org.opensearch.transport.TransportService$$Lambda/0x00007fcd291806f0
14410:             1             16  org.opensearch.transport.TransportService$$Lambda/0x00007fcd29194460
14411:             1             16  org.opensearch.transport.TransportService$2
14412:             1             16  org.opensearch.transport.TransportService$3
14413:             1             16  org.opensearch.transport.TransportService$DelegatingTransportMessageListener
14414:             1             16  org.opensearch.transport.TransportService$HandshakeResponse$$Lambda/0x00007fcd29182638
14415:             1             16  org.opensearch.transport.TransportSettings$$Lambda/0x00007fcd280bee98
14416:             1             16  org.opensearch.transport.TransportSettings$$Lambda/0x00007fcd280bf300
14417:             1             16  org.opensearch.transport.TransportSettings$$Lambda/0x00007fcd280bf538
14418:             1             16  org.opensearch.transport.TransportSettings$$Lambda/0x00007fcd280bfc48
14419:             1             16  org.opensearch.transport.TransportSettings$$Lambda/0x00007fcd280c8238
14420:             1             16  org.opensearch.transport.TransportSettings$$Lambda/0x00007fcd280c8470
14421:             1             16  org.opensearch.transport.TransportSettings$$Lambda/0x00007fcd280c86a8
14422:             1             16  org.opensearch.transport.TransportSettings$$Lambda/0x00007fcd280c88e0
14423:             1             16  org.opensearch.transport.TransportSettings$$Lambda/0x00007fcd280c91e0
14424:             1             16  org.opensearch.transport.TransportSettings$$Lambda/0x00007fcd280c9418
14425:             1             16  org.opensearch.transport.TransportSettings$$Lambda/0x00007fcd280c9650
14426:             1             16  org.opensearch.transport.TransportSettings$$Lambda/0x00007fcd280c9888
14427:             1             16  org.opensearch.transport.TransportSettings$$Lambda/0x00007fcd280c9ac0
14428:             1             16  org.opensearch.transport.TransportSettings$$Lambda/0x00007fcd280c9cf8
14429:             1             16  org.opensearch.transport.TransportSettings$$Lambda/0x00007fcd280c9f30
14430:             1             16  org.opensearch.transport.TransportSettings$$Lambda/0x00007fcd280ca168
14431:             1             16  org.opensearch.transport.TransportSettings$$Lambda/0x00007fcd280ca3a0
14432:             1             16  org.opensearch.transport.nativeprotocol.NativeInboundBytesHandler$$Lambda/0x00007fcd29105d90
14433:             1             16  org.opensearch.transport.netty4.Netty4Transport$$Lambda/0x00007fcd2828c648
14434:             1             16  org.opensearch.transport.netty4.Netty4Transport$$Lambda/0x00007fcd2828c880
14435:             1             16  org.opensearch.transport.netty4.Netty4Transport$$Lambda/0x00007fcd28568870
14436:             1             16  org.opensearch.transport.netty4.Netty4Transport$$Lambda/0x00007fcd28568aa8
14437:             1             16  org.opensearch.transport.netty4.ssl.SecureNetty4Transport$SSLServerChannelInitializer$$Lambda/0x00007fcd2918ae28
14438:             1             16  org.opensearch.usage.UsageService
14439:             1             16  org.reflections.ReflectionUtils$$Lambda/0x00007fcd28adf1a8
14440:             1             16  org.reflections.ReflectionUtils$$Lambda/0x00007fcd28adf3f0
14441:             1             16  org.reflections.Store$$Lambda/0x00007fcd28adb9c0
14442:             1             16  org.reflections.Store$$Lambda/0x00007fcd28adbbf8
14443:             1             16  org.reflections.Store$$Lambda/0x00007fcd28adcb88
14444:             1             16  org.reflections.adapters.JavassistAdapter$$Lambda/0x00007fcd28ad83e0
14445:             1             16  org.reflections.adapters.JavassistAdapter$$Lambda/0x00007fcd28ad8628
14446:             1             16  org.reflections.adapters.JavassistAdapter$$Lambda/0x00007fcd28adaa88
14447:             1             16  org.reflections.scanners.AbstractScanner$$Lambda/0x00007fcd28acafd8
14448:             1             16  org.reflections.vfs.ZipDir$$Lambda/0x00007fcd28ace6a0
14449:             1             16  org.slf4j.helpers.NOPLoggerFactory
14450:             1             16  org.slf4j.helpers.NOPLoggerFactory
14451:             1             16  org.slf4j.helpers.NOPLoggerFactory
14452:             1             16  org.slf4j.impl.StaticLoggerBinder
14453:             1             16  org.slf4j.impl.StaticLoggerBinder
14454:             1             16  org.slf4j.impl.StaticMarkerBinder
14455:             1             16  org.slf4j.impl.StaticMarkerBinder
14456:             1             16  org.yaml.snakeyaml.external.com.google.gdata.util.common.base.UnicodeEscaper$2
14457:             1             16  org.yaml.snakeyaml.inspector.UnTrustedTagInspector
14458:             1             16  sun.management.ClassLoadingImpl (java.management@21.0.3)
14459:             1             16  sun.management.ManagementFactoryHelper$$Lambda/0x00007fcd284df888 (java.management@21.0.3)
14460:             1             16  sun.management.ThreadImpl$$Lambda/0x00007fcd2928a600 (java.management@21.0.3)
14461:             1             16  sun.misc.Unsafe (jdk.unsupported@21.0.3)
14462:             1             16  sun.net.www.protocol.file.Handler (java.base@21.0.3)
14463:             1             16  sun.net.www.protocol.jar.JarFileFactory (java.base@21.0.3)
14464:             1             16  sun.net.www.protocol.jrt.Handler (java.base@21.0.3)
14465:             1             16  sun.net.www.protocol.jrt.JavaRuntimeURLConnection$$Lambda/0x00007fcd28272730 (java.base@21.0.3)
14466:             1             16  sun.nio.ch.DefaultSelectorProvider$$Lambda/0x00007fcd289ee840 (java.base@21.0.3)
14467:             1             16  sun.nio.ch.EPollSelectorProvider (java.base@21.0.3)
14468:             1             16  sun.nio.ch.ExtendedSocketOption$1 (java.base@21.0.3)
14469:             1             16  sun.nio.ch.FileChannelImpl$2 (java.base@21.0.3)
14470:             1             16  sun.nio.ch.FileChannelImpl$3 (java.base@21.0.3)
14471:             1             16  sun.nio.ch.FileDispatcherImpl (java.base@21.0.3)
14472:             1             16  sun.nio.ch.Net$1 (java.base@21.0.3)
14473:             1             16  sun.nio.ch.Util$1 (java.base@21.0.3)
14474:             1             16  sun.nio.fs.LinuxFileSystemProvider (java.base@21.0.3)
14475:             1             16  sun.nio.fs.NativeBuffers$1 (java.base@21.0.3)
14476:             1             16  sun.nio.fs.UnixFileSystem$$Lambda/0x00007fcd29284db8 (java.base@21.0.3)
14477:             1             16  sun.nio.fs.UnixFileSystem$$Lambda/0x00007fcd29285f78 (java.base@21.0.3)
14478:             1             16  sun.reflect.generics.tree.BooleanSignature (java.base@21.0.3)
14479:             1             16  sun.reflect.generics.tree.BottomSignature (java.base@21.0.3)
14480:             1             16  sun.reflect.generics.tree.ByteSignature (java.base@21.0.3)
14481:             1             16  sun.reflect.generics.tree.CharSignature (java.base@21.0.3)
14482:             1             16  sun.reflect.generics.tree.DoubleSignature (java.base@21.0.3)
14483:             1             16  sun.reflect.generics.tree.IntSignature (java.base@21.0.3)
14484:             1             16  sun.reflect.generics.tree.LongSignature (java.base@21.0.3)
14485:             1             16  sun.reflect.generics.tree.VoidDescriptor (java.base@21.0.3)
14486:             1             16  sun.security.ec.ECOperations$PointMultiplier$Secp256R1GeneratorMultiplier (jdk.crypto.ec@21.0.3)
14487:             1             16  sun.security.ec.ECPrivateKeyImpl$$Lambda/0x00007fcd29042bb0 (jdk.crypto.ec@21.0.3)
14488:             1             16  sun.security.ec.XDHKeyAgreement$$Lambda/0x00007fcd291269c0 (jdk.crypto.ec@21.0.3)
14489:             1             16  sun.security.ec.XDHKeyAgreement$$Lambda/0x00007fcd291272a0 (jdk.crypto.ec@21.0.3)
14490:             1             16  sun.security.ec.XDHKeyAgreement$$Lambda/0x00007fcd29127d98 (jdk.crypto.ec@21.0.3)
14491:             1             16  sun.security.ec.XDHKeyAgreement$$Lambda/0x00007fcd2912c430 (jdk.crypto.ec@21.0.3)
14492:             1             16  sun.security.ec.XDHKeyFactory$$Lambda/0x00007fcd29125a38 (jdk.crypto.ec@21.0.3)
14493:             1             16  sun.security.ec.XDHKeyFactory$$Lambda/0x00007fcd29125ea8 (jdk.crypto.ec@21.0.3)
14494:             1             16  sun.security.ec.XDHKeyPairGenerator$$Lambda/0x00007fcd29040e60 (jdk.crypto.ec@21.0.3)
14495:             1             16  sun.security.ec.ed.EdDSAParameters$$Lambda/0x00007fcd28320978 (jdk.crypto.ec@21.0.3)
14496:             1             16  sun.security.ec.ed.EdDSAParameters$$Lambda/0x00007fcd28321320 (jdk.crypto.ec@21.0.3)
14497:             1             16  sun.security.ec.ed.EdDSAParameters$SHA512DigesterFactory (jdk.crypto.ec@21.0.3)
14498:             1             16  sun.security.ec.ed.EdDSAParameters$SHAKE256DigesterFactory (jdk.crypto.ec@21.0.3)
14499:             1             16  sun.security.ec.ed.EdDSASignature$$Lambda/0x00007fcd2831f668 (jdk.crypto.ec@21.0.3)
14500:             1             16  sun.security.jca.ProviderConfig$ProviderLoader (java.base@21.0.3)
14501:             1             16  sun.security.pkcs11.SunPKCS11$$Lambda/0x00007fcd2831e740 (jdk.crypto.cryptoki@21.0.3)
14502:             1             16  sun.security.rsa.RSACore$$Lambda/0x00007fcd2916b348 (java.base@21.0.3)
14503:             1             16  sun.security.ssl.Alert$AlertConsumer (java.base@21.0.3)
14504:             1             16  sun.security.ssl.AlpnExtension$$Lambda/0x00007fcd291414d8 (java.base@21.0.3)
14505:             1             16  sun.security.ssl.AlpnExtension$AlpnStringizer (java.base@21.0.3)
14506:             1             16  sun.security.ssl.AlpnExtension$CHAlpnAbsence (java.base@21.0.3)
14507:             1             16  sun.security.ssl.AlpnExtension$CHAlpnConsumer (java.base@21.0.3)
14508:             1             16  sun.security.ssl.AlpnExtension$CHAlpnProducer (java.base@21.0.3)
14509:             1             16  sun.security.ssl.CertSignAlgsExtension$CHCertSignatureSchemesConsumer (java.base@21.0.3)
14510:             1             16  sun.security.ssl.CertSignAlgsExtension$CHCertSignatureSchemesProducer (java.base@21.0.3)
14511:             1             16  sun.security.ssl.CertSignAlgsExtension$CHCertSignatureSchemesUpdate (java.base@21.0.3)
14512:             1             16  sun.security.ssl.CertSignAlgsExtension$CRCertSignatureSchemesConsumer (java.base@21.0.3)
14513:             1             16  sun.security.ssl.CertSignAlgsExtension$CRCertSignatureSchemesProducer (java.base@21.0.3)
14514:             1             16  sun.security.ssl.CertSignAlgsExtension$CRCertSignatureSchemesUpdate (java.base@21.0.3)
14515:             1             16  sun.security.ssl.CertSignAlgsExtension$CertSignatureSchemesStringizer (java.base@21.0.3)
14516:             1             16  sun.security.ssl.CertStatusExtension$CHCertStatusReqConsumer (java.base@21.0.3)
14517:             1             16  sun.security.ssl.CertStatusExtension$CHCertStatusReqProducer (java.base@21.0.3)
14518:             1             16  sun.security.ssl.CertStatusExtension$CHCertStatusReqV2Consumer (java.base@21.0.3)
14519:             1             16  sun.security.ssl.CertStatusExtension$CHCertStatusReqV2Producer (java.base@21.0.3)
14520:             1             16  sun.security.ssl.CertStatusExtension$CTCertStatusResponseConsumer (java.base@21.0.3)
14521:             1             16  sun.security.ssl.CertStatusExtension$CTCertStatusResponseProducer (java.base@21.0.3)
14522:             1             16  sun.security.ssl.CertStatusExtension$CertStatusRequestSpec (java.base@21.0.3)
14523:             1             16  sun.security.ssl.CertStatusExtension$CertStatusRequestStringizer (java.base@21.0.3)
14524:             1             16  sun.security.ssl.CertStatusExtension$CertStatusRequestV2Spec (java.base@21.0.3)
14525:             1             16  sun.security.ssl.CertStatusExtension$CertStatusRequestsStringizer (java.base@21.0.3)
14526:             1             16  sun.security.ssl.CertStatusExtension$CertStatusRespStringizer (java.base@21.0.3)
14527:             1             16  sun.security.ssl.CertStatusExtension$SHCertStatusReqConsumer (java.base@21.0.3)
14528:             1             16  sun.security.ssl.CertStatusExtension$SHCertStatusReqProducer (java.base@21.0.3)
14529:             1             16  sun.security.ssl.CertStatusExtension$SHCertStatusReqV2Consumer (java.base@21.0.3)
14530:             1             16  sun.security.ssl.CertStatusExtension$SHCertStatusReqV2Producer (java.base@21.0.3)
14531:             1             16  sun.security.ssl.CertificateAuthoritiesExtension$CHCertificateAuthoritiesConsumer (java.base@21.0.3)
14532:             1             16  sun.security.ssl.CertificateAuthoritiesExtension$CHCertificateAuthoritiesProducer (java.base@21.0.3)
14533:             1             16  sun.security.ssl.CertificateAuthoritiesExtension$CRCertificateAuthoritiesConsumer (java.base@21.0.3)
14534:             1             16  sun.security.ssl.CertificateAuthoritiesExtension$CRCertificateAuthoritiesProducer (java.base@21.0.3)
14535:             1             16  sun.security.ssl.CertificateAuthoritiesExtension$CertificateAuthoritiesStringizer (java.base@21.0.3)
14536:             1             16  sun.security.ssl.CertificateMessage$T12CertificateConsumer (java.base@21.0.3)
14537:             1             16  sun.security.ssl.CertificateMessage$T12CertificateProducer (java.base@21.0.3)
14538:             1             16  sun.security.ssl.CertificateMessage$T13CertificateConsumer (java.base@21.0.3)
14539:             1             16  sun.security.ssl.CertificateMessage$T13CertificateProducer (java.base@21.0.3)
14540:             1             16  sun.security.ssl.CertificateMessage$T13CertificateProducer$$Lambda/0x00007fcd29167c40 (java.base@21.0.3)
14541:             1             16  sun.security.ssl.CertificateMessage$T13CertificateProducer$$Lambda/0x00007fcd291690b0 (java.base@21.0.3)
14542:             1             16  sun.security.ssl.CertificateMessage$T13CertificateProducer$$Lambda/0x00007fcd29169c18 (java.base@21.0.3)
14543:             1             16  sun.security.ssl.CertificateRequest$T10CertificateRequestConsumer (java.base@21.0.3)
14544:             1             16  sun.security.ssl.CertificateRequest$T10CertificateRequestProducer (java.base@21.0.3)
14545:             1             16  sun.security.ssl.CertificateRequest$T12CertificateRequestConsumer (java.base@21.0.3)
14546:             1             16  sun.security.ssl.CertificateRequest$T12CertificateRequestProducer (java.base@21.0.3)
14547:             1             16  sun.security.ssl.CertificateRequest$T13CertificateRequestConsumer (java.base@21.0.3)
14548:             1             16  sun.security.ssl.CertificateRequest$T13CertificateRequestProducer (java.base@21.0.3)
14549:             1             16  sun.security.ssl.CertificateStatus$CertificateStatusAbsence (java.base@21.0.3)
14550:             1             16  sun.security.ssl.CertificateStatus$CertificateStatusConsumer (java.base@21.0.3)
14551:             1             16  sun.security.ssl.CertificateStatus$CertificateStatusProducer (java.base@21.0.3)
14552:             1             16  sun.security.ssl.CertificateVerify$S30CertificateVerifyConsumer (java.base@21.0.3)
14553:             1             16  sun.security.ssl.CertificateVerify$S30CertificateVerifyProducer (java.base@21.0.3)
14554:             1             16  sun.security.ssl.CertificateVerify$T10CertificateVerifyConsumer (java.base@21.0.3)
14555:             1             16  sun.security.ssl.CertificateVerify$T10CertificateVerifyProducer (java.base@21.0.3)
14556:             1             16  sun.security.ssl.CertificateVerify$T12CertificateVerifyConsumer (java.base@21.0.3)
14557:             1             16  sun.security.ssl.CertificateVerify$T12CertificateVerifyProducer (java.base@21.0.3)
14558:             1             16  sun.security.ssl.CertificateVerify$T13CertificateVerifyConsumer (java.base@21.0.3)
14559:             1             16  sun.security.ssl.CertificateVerify$T13CertificateVerifyProducer (java.base@21.0.3)
14560:             1             16  sun.security.ssl.ChangeCipherSpec$T10ChangeCipherSpecConsumer (java.base@21.0.3)
14561:             1             16  sun.security.ssl.ChangeCipherSpec$T10ChangeCipherSpecProducer (java.base@21.0.3)
14562:             1             16  sun.security.ssl.ChangeCipherSpec$T13ChangeCipherSpecConsumer (java.base@21.0.3)
14563:             1             16  sun.security.ssl.ClientHello$ClientHelloConsumer (java.base@21.0.3)
14564:             1             16  sun.security.ssl.ClientHello$ClientHelloKickstartProducer (java.base@21.0.3)
14565:             1             16  sun.security.ssl.ClientHello$ClientHelloProducer (java.base@21.0.3)
14566:             1             16  sun.security.ssl.ClientHello$D12ClientHelloConsumer (java.base@21.0.3)
14567:             1             16  sun.security.ssl.ClientHello$D13ClientHelloConsumer (java.base@21.0.3)
14568:             1             16  sun.security.ssl.ClientHello$T12ClientHelloConsumer (java.base@21.0.3)
14569:             1             16  sun.security.ssl.ClientHello$T13ClientHelloConsumer (java.base@21.0.3)
14570:             1             16  sun.security.ssl.ClientKeyExchange$ClientKeyExchangeConsumer (java.base@21.0.3)
14571:             1             16  sun.security.ssl.ClientKeyExchange$ClientKeyExchangeProducer (java.base@21.0.3)
14572:             1             16  sun.security.ssl.CookieExtension$CHCookieConsumer (java.base@21.0.3)
14573:             1             16  sun.security.ssl.CookieExtension$CHCookieProducer (java.base@21.0.3)
14574:             1             16  sun.security.ssl.CookieExtension$CHCookieUpdate (java.base@21.0.3)
14575:             1             16  sun.security.ssl.CookieExtension$CookieStringizer (java.base@21.0.3)
14576:             1             16  sun.security.ssl.CookieExtension$HRRCookieConsumer (java.base@21.0.3)
14577:             1             16  sun.security.ssl.CookieExtension$HRRCookieProducer (java.base@21.0.3)
14578:             1             16  sun.security.ssl.CookieExtension$HRRCookieReproducer (java.base@21.0.3)
14579:             1             16  sun.security.ssl.DummyX509KeyManager (java.base@21.0.3)
14580:             1             16  sun.security.ssl.DummyX509TrustManager (java.base@21.0.3)
14581:             1             16  sun.security.ssl.ECDHKeyExchange$ECDHEKAGenerator (java.base@21.0.3)
14582:             1             16  sun.security.ssl.ECDHKeyExchange$ECDHEPossessionGenerator (java.base@21.0.3)
14583:             1             16  sun.security.ssl.ECDHKeyExchange$ECDHEXDHKAGenerator (java.base@21.0.3)
14584:             1             16  sun.security.ssl.ECDHKeyExchange$ECDHKAGenerator (java.base@21.0.3)
14585:             1             16  sun.security.ssl.ECPointFormatsExtension$CHECPointFormatsConsumer (java.base@21.0.3)
14586:             1             16  sun.security.ssl.ECPointFormatsExtension$CHECPointFormatsProducer (java.base@21.0.3)
14587:             1             16  sun.security.ssl.ECPointFormatsExtension$ECPointFormatsSpec (java.base@21.0.3)
14588:             1             16  sun.security.ssl.ECPointFormatsExtension$ECPointFormatsStringizer (java.base@21.0.3)
14589:             1             16  sun.security.ssl.ECPointFormatsExtension$SHECPointFormatsConsumer (java.base@21.0.3)
14590:             1             16  sun.security.ssl.EncryptedExtensions$EncryptedExtensionsConsumer (java.base@21.0.3)
14591:             1             16  sun.security.ssl.EncryptedExtensions$EncryptedExtensionsProducer (java.base@21.0.3)
14592:             1             16  sun.security.ssl.ExtendedMasterSecretExtension$CHExtendedMasterSecretAbsence (java.base@21.0.3)
14593:             1             16  sun.security.ssl.ExtendedMasterSecretExtension$CHExtendedMasterSecretConsumer (java.base@21.0.3)
14594:             1             16  sun.security.ssl.ExtendedMasterSecretExtension$CHExtendedMasterSecretProducer (java.base@21.0.3)
14595:             1             16  sun.security.ssl.ExtendedMasterSecretExtension$ExtendedMasterSecretSpec (java.base@21.0.3)
14596:             1             16  sun.security.ssl.ExtendedMasterSecretExtension$ExtendedMasterSecretStringizer (java.base@21.0.3)
14597:             1             16  sun.security.ssl.ExtendedMasterSecretExtension$SHExtendedMasterSecretAbsence (java.base@21.0.3)
14598:             1             16  sun.security.ssl.ExtendedMasterSecretExtension$SHExtendedMasterSecretConsumer (java.base@21.0.3)
14599:             1             16  sun.security.ssl.ExtendedMasterSecretExtension$SHExtendedMasterSecretProducer (java.base@21.0.3)
14600:             1             16  sun.security.ssl.Finished$S30VerifyDataGenerator (java.base@21.0.3)
14601:             1             16  sun.security.ssl.Finished$T10VerifyDataGenerator (java.base@21.0.3)
14602:             1             16  sun.security.ssl.Finished$T12FinishedConsumer (java.base@21.0.3)
14603:             1             16  sun.security.ssl.Finished$T12FinishedProducer (java.base@21.0.3)
14604:             1             16  sun.security.ssl.Finished$T12VerifyDataGenerator (java.base@21.0.3)
14605:             1             16  sun.security.ssl.Finished$T13FinishedConsumer (java.base@21.0.3)
14606:             1             16  sun.security.ssl.Finished$T13FinishedProducer (java.base@21.0.3)
14607:             1             16  sun.security.ssl.Finished$T13VerifyDataGenerator (java.base@21.0.3)
14608:             1             16  sun.security.ssl.HelloRequest$HelloRequestConsumer (java.base@21.0.3)
14609:             1             16  sun.security.ssl.HelloRequest$HelloRequestKickstartProducer (java.base@21.0.3)
14610:             1             16  sun.security.ssl.HelloRequest$HelloRequestProducer (java.base@21.0.3)
14611:             1             16  sun.security.ssl.HelloVerifyRequest$HelloVerifyRequestConsumer (java.base@21.0.3)
14612:             1             16  sun.security.ssl.HelloVerifyRequest$HelloVerifyRequestProducer (java.base@21.0.3)
14613:             1             16  sun.security.ssl.KeyShareExtension$CHKeyShareConsumer (java.base@21.0.3)
14614:             1             16  sun.security.ssl.KeyShareExtension$CHKeyShareOnTradeAbsence (java.base@21.0.3)
14615:             1             16  sun.security.ssl.KeyShareExtension$CHKeyShareProducer (java.base@21.0.3)
14616:             1             16  sun.security.ssl.KeyShareExtension$CHKeyShareStringizer (java.base@21.0.3)
14617:             1             16  sun.security.ssl.KeyShareExtension$HRRKeyShareConsumer (java.base@21.0.3)
14618:             1             16  sun.security.ssl.KeyShareExtension$HRRKeyShareProducer (java.base@21.0.3)
14619:             1             16  sun.security.ssl.KeyShareExtension$HRRKeyShareReproducer (java.base@21.0.3)
14620:             1             16  sun.security.ssl.KeyShareExtension$HRRKeyShareStringizer (java.base@21.0.3)
14621:             1             16  sun.security.ssl.KeyShareExtension$SHKeyShareAbsence (java.base@21.0.3)
14622:             1             16  sun.security.ssl.KeyShareExtension$SHKeyShareConsumer (java.base@21.0.3)
14623:             1             16  sun.security.ssl.KeyShareExtension$SHKeyShareProducer (java.base@21.0.3)
14624:             1             16  sun.security.ssl.KeyShareExtension$SHKeyShareStringizer (java.base@21.0.3)
14625:             1             16  sun.security.ssl.KeyUpdate$KeyUpdateConsumer (java.base@21.0.3)
14626:             1             16  sun.security.ssl.KeyUpdate$KeyUpdateKickstartProducer (java.base@21.0.3)
14627:             1             16  sun.security.ssl.KeyUpdate$KeyUpdateProducer (java.base@21.0.3)
14628:             1             16  sun.security.ssl.MaxFragExtension$CHMaxFragmentLengthConsumer (java.base@21.0.3)
14629:             1             16  sun.security.ssl.MaxFragExtension$CHMaxFragmentLengthProducer (java.base@21.0.3)
14630:             1             16  sun.security.ssl.MaxFragExtension$EEMaxFragmentLengthConsumer (java.base@21.0.3)
14631:             1             16  sun.security.ssl.MaxFragExtension$EEMaxFragmentLengthProducer (java.base@21.0.3)
14632:             1             16  sun.security.ssl.MaxFragExtension$EEMaxFragmentLengthUpdate (java.base@21.0.3)
14633:             1             16  sun.security.ssl.MaxFragExtension$MaxFragLenStringizer (java.base@21.0.3)
14634:             1             16  sun.security.ssl.MaxFragExtension$SHMaxFragmentLengthConsumer (java.base@21.0.3)
14635:             1             16  sun.security.ssl.MaxFragExtension$SHMaxFragmentLengthProducer (java.base@21.0.3)
14636:             1             16  sun.security.ssl.MaxFragExtension$SHMaxFragmentLengthUpdate (java.base@21.0.3)
14637:             1             16  sun.security.ssl.NamedGroup$ECDHEScheme (java.base@21.0.3)
14638:             1             16  sun.security.ssl.NamedGroup$FFDHEScheme (java.base@21.0.3)
14639:             1             16  sun.security.ssl.NamedGroup$XDHScheme (java.base@21.0.3)
14640:             1             16  sun.security.ssl.NewSessionTicket$T12NewSessionTicketConsumer (java.base@21.0.3)
14641:             1             16  sun.security.ssl.NewSessionTicket$T12NewSessionTicketProducer (java.base@21.0.3)
14642:             1             16  sun.security.ssl.NewSessionTicket$T13NewSessionTicketConsumer (java.base@21.0.3)
14643:             1             16  sun.security.ssl.NewSessionTicket$T13NewSessionTicketProducer (java.base@21.0.3)
14644:             1             16  sun.security.ssl.PreSharedKeyExtension$CHPreSharedKeyConsumer (java.base@21.0.3)
14645:             1             16  sun.security.ssl.PreSharedKeyExtension$CHPreSharedKeyOnLoadAbsence (java.base@21.0.3)
14646:             1             16  sun.security.ssl.PreSharedKeyExtension$CHPreSharedKeyOnTradeAbsence (java.base@21.0.3)
14647:             1             16  sun.security.ssl.PreSharedKeyExtension$CHPreSharedKeyProducer (java.base@21.0.3)
14648:             1             16  sun.security.ssl.PreSharedKeyExtension$CHPreSharedKeyStringizer (java.base@21.0.3)
14649:             1             16  sun.security.ssl.PreSharedKeyExtension$CHPreSharedKeyUpdate (java.base@21.0.3)
14650:             1             16  sun.security.ssl.PreSharedKeyExtension$SHPreSharedKeyAbsence (java.base@21.0.3)
14651:             1             16  sun.security.ssl.PreSharedKeyExtension$SHPreSharedKeyConsumer (java.base@21.0.3)
14652:             1             16  sun.security.ssl.PreSharedKeyExtension$SHPreSharedKeyProducer (java.base@21.0.3)
14653:             1             16  sun.security.ssl.PreSharedKeyExtension$SHPreSharedKeyStringizer (java.base@21.0.3)
14654:             1             16  sun.security.ssl.PskKeyExchangeModesExtension$PskKeyExchangeModesConsumer (java.base@21.0.3)
14655:             1             16  sun.security.ssl.PskKeyExchangeModesExtension$PskKeyExchangeModesOnLoadAbsence (java.base@21.0.3)
14656:             1             16  sun.security.ssl.PskKeyExchangeModesExtension$PskKeyExchangeModesOnTradeAbsence (java.base@21.0.3)
14657:             1             16  sun.security.ssl.PskKeyExchangeModesExtension$PskKeyExchangeModesProducer (java.base@21.0.3)
14658:             1             16  sun.security.ssl.PskKeyExchangeModesExtension$PskKeyExchangeModesSpec (java.base@21.0.3)
14659:             1             16  sun.security.ssl.PskKeyExchangeModesExtension$PskKeyExchangeModesStringizer (java.base@21.0.3)
14660:             1             16  sun.security.ssl.RSAKeyExchange$EphemeralRSAPossessionGenerator (java.base@21.0.3)
14661:             1             16  sun.security.ssl.RSAKeyExchange$RSAKAGenerator (java.base@21.0.3)
14662:             1             16  sun.security.ssl.RandomCookie (java.base@21.0.3)
14663:             1             16  sun.security.ssl.RenegoInfoExtension$CHRenegotiationInfoAbsence (java.base@21.0.3)
14664:             1             16  sun.security.ssl.RenegoInfoExtension$CHRenegotiationInfoConsumer (java.base@21.0.3)
14665:             1             16  sun.security.ssl.RenegoInfoExtension$CHRenegotiationInfoProducer (java.base@21.0.3)
14666:             1             16  sun.security.ssl.RenegoInfoExtension$RenegotiationInfoSpec (java.base@21.0.3)
14667:             1             16  sun.security.ssl.RenegoInfoExtension$RenegotiationInfoStringizer (java.base@21.0.3)
14668:             1             16  sun.security.ssl.RenegoInfoExtension$SHRenegotiationInfoAbsence (java.base@21.0.3)
14669:             1             16  sun.security.ssl.RenegoInfoExtension$SHRenegotiationInfoConsumer (java.base@21.0.3)
14670:             1             16  sun.security.ssl.RenegoInfoExtension$SHRenegotiationInfoProducer (java.base@21.0.3)
14671:             1             16  sun.security.ssl.SSLCipher$T12CC20P1305ReadCipherGenerator (java.base@21.0.3)
14672:             1             16  sun.security.ssl.SSLCipher$T12CC20P1305WriteCipherGenerator (java.base@21.0.3)
14673:             1             16  sun.security.ssl.SSLCipher$T13CC20P1305ReadCipherGenerator (java.base@21.0.3)
14674:             1             16  sun.security.ssl.SSLCipher$T13CC20P1305WriteCipherGenerator (java.base@21.0.3)
14675:             1             16  sun.security.ssl.SSLContextImpl$$Lambda/0x00007fcd282d5d38 (java.base@21.0.3)
14676:             1             16  sun.security.ssl.SSLTrafficKeyDerivation$S30TrafficKeyDerivationGenerator (java.base@21.0.3)
14677:             1             16  sun.security.ssl.SSLTrafficKeyDerivation$T10TrafficKeyDerivationGenerator (java.base@21.0.3)
14678:             1             16  sun.security.ssl.SSLTrafficKeyDerivation$T12TrafficKeyDerivationGenerator (java.base@21.0.3)
14679:             1             16  sun.security.ssl.SSLTrafficKeyDerivation$T13TrafficKeyDerivationGenerator (java.base@21.0.3)
14680:             1             16  sun.security.ssl.ServerHello$ServerHelloConsumer (java.base@21.0.3)
14681:             1             16  sun.security.ssl.ServerHello$T12ServerHelloProducer (java.base@21.0.3)
14682:             1             16  sun.security.ssl.ServerHello$T13HelloRetryRequestProducer (java.base@21.0.3)
14683:             1             16  sun.security.ssl.ServerHello$T13HelloRetryRequestReproducer (java.base@21.0.3)
14684:             1             16  sun.security.ssl.ServerHello$T13ServerHelloProducer (java.base@21.0.3)
14685:             1             16  sun.security.ssl.ServerHelloDone$ServerHelloDoneConsumer (java.base@21.0.3)
14686:             1             16  sun.security.ssl.ServerHelloDone$ServerHelloDoneProducer (java.base@21.0.3)
14687:             1             16  sun.security.ssl.ServerKeyExchange$ServerKeyExchangeConsumer (java.base@21.0.3)
14688:             1             16  sun.security.ssl.ServerKeyExchange$ServerKeyExchangeProducer (java.base@21.0.3)
14689:             1             16  sun.security.ssl.ServerNameExtension$CHServerNameConsumer (java.base@21.0.3)
14690:             1             16  sun.security.ssl.ServerNameExtension$CHServerNameProducer (java.base@21.0.3)
14691:             1             16  sun.security.ssl.ServerNameExtension$CHServerNamesStringizer (java.base@21.0.3)
14692:             1             16  sun.security.ssl.ServerNameExtension$EEServerNameConsumer (java.base@21.0.3)
14693:             1             16  sun.security.ssl.ServerNameExtension$EEServerNameProducer (java.base@21.0.3)
14694:             1             16  sun.security.ssl.ServerNameExtension$SHServerNameConsumer (java.base@21.0.3)
14695:             1             16  sun.security.ssl.ServerNameExtension$SHServerNameProducer (java.base@21.0.3)
14696:             1             16  sun.security.ssl.ServerNameExtension$SHServerNamesStringizer (java.base@21.0.3)
14697:             1             16  sun.security.ssl.SessionTicketExtension$SessionTicketStringizer (java.base@21.0.3)
14698:             1             16  sun.security.ssl.SessionTicketExtension$T12CHSessionTicketConsumer (java.base@21.0.3)
14699:             1             16  sun.security.ssl.SessionTicketExtension$T12CHSessionTicketProducer (java.base@21.0.3)
14700:             1             16  sun.security.ssl.SessionTicketExtension$T12SHSessionTicketConsumer (java.base@21.0.3)
14701:             1             16  sun.security.ssl.SessionTicketExtension$T12SHSessionTicketProducer (java.base@21.0.3)
14702:             1             16  sun.security.ssl.SignatureAlgorithmsExtension$CHSignatureSchemesConsumer (java.base@21.0.3)
14703:             1             16  sun.security.ssl.SignatureAlgorithmsExtension$CHSignatureSchemesOnLoadAbsence (java.base@21.0.3)
14704:             1             16  sun.security.ssl.SignatureAlgorithmsExtension$CHSignatureSchemesOnTradeAbsence (java.base@21.0.3)
14705:             1             16  sun.security.ssl.SignatureAlgorithmsExtension$CHSignatureSchemesProducer (java.base@21.0.3)
14706:             1             16  sun.security.ssl.SignatureAlgorithmsExtension$CHSignatureSchemesUpdate (java.base@21.0.3)
14707:             1             16  sun.security.ssl.SignatureAlgorithmsExtension$CRSignatureSchemesAbsence (java.base@21.0.3)
14708:             1             16  sun.security.ssl.SignatureAlgorithmsExtension$CRSignatureSchemesConsumer (java.base@21.0.3)
14709:             1             16  sun.security.ssl.SignatureAlgorithmsExtension$CRSignatureSchemesProducer (java.base@21.0.3)
14710:             1             16  sun.security.ssl.SignatureAlgorithmsExtension$CRSignatureSchemesUpdate (java.base@21.0.3)
14711:             1             16  sun.security.ssl.SignatureAlgorithmsExtension$SignatureSchemesStringizer (java.base@21.0.3)
14712:             1             16  sun.security.ssl.SupportedGroupsExtension$CHSupportedGroupsConsumer (java.base@21.0.3)
14713:             1             16  sun.security.ssl.SupportedGroupsExtension$CHSupportedGroupsOnTradeAbsence (java.base@21.0.3)
14714:             1             16  sun.security.ssl.SupportedGroupsExtension$CHSupportedGroupsProducer (java.base@21.0.3)
14715:             1             16  sun.security.ssl.SupportedGroupsExtension$EESupportedGroupsConsumer (java.base@21.0.3)
14716:             1             16  sun.security.ssl.SupportedGroupsExtension$EESupportedGroupsProducer (java.base@21.0.3)
14717:             1             16  sun.security.ssl.SupportedGroupsExtension$SupportedGroupsStringizer (java.base@21.0.3)
14718:             1             16  sun.security.ssl.SupportedVersionsExtension$CHSupportedVersionsConsumer (java.base@21.0.3)
14719:             1             16  sun.security.ssl.SupportedVersionsExtension$CHSupportedVersionsProducer (java.base@21.0.3)
14720:             1             16  sun.security.ssl.SupportedVersionsExtension$CHSupportedVersionsStringizer (java.base@21.0.3)
14721:             1             16  sun.security.ssl.SupportedVersionsExtension$HRRSupportedVersionsConsumer (java.base@21.0.3)
14722:             1             16  sun.security.ssl.SupportedVersionsExtension$HRRSupportedVersionsProducer (java.base@21.0.3)
14723:             1             16  sun.security.ssl.SupportedVersionsExtension$HRRSupportedVersionsReproducer (java.base@21.0.3)
14724:             1             16  sun.security.ssl.SupportedVersionsExtension$SHSupportedVersionsConsumer (java.base@21.0.3)
14725:             1             16  sun.security.ssl.SupportedVersionsExtension$SHSupportedVersionsProducer (java.base@21.0.3)
14726:             1             16  sun.security.ssl.XDHKeyExchange$XDHEKAGenerator (java.base@21.0.3)
14727:             1             16  sun.security.util.ByteArrayLexOrder (java.base@21.0.3)
14728:             1             16  sun.security.util.ByteArrayTagOrder (java.base@21.0.3)
14729:             1             16  sun.security.util.KeyStoreDelegator$$Lambda/0x00007fcd282d2ef8 (java.base@21.0.3)
14730:             1             16  sun.security.util.ManifestDigester$$Lambda/0x00007fcd28260430 (java.base@21.0.3)
14731:             1             16  sun.security.util.math.IntegerModuloP$MultiplicativeInverser$Secp256R1 (java.base@21.0.3)
14732:             1             16  sun.security.x509.X500Name$$Lambda/0x00007fcd28264700 (java.base@21.0.3)
14733:             1             16  sun.util.calendar.Gregorian (java.base@21.0.3)
14734:             1             16  sun.util.locale.InternalLocaleBuilder$CaseInsensitiveChar (java.base@21.0.3)
14735:             1             16  sun.util.locale.provider.AuxLocaleProviderAdapter$$Lambda/0x00007fcd281520f0 (java.base@21.0.3)
14736:             1             16  sun.util.locale.provider.AuxLocaleProviderAdapter$NullProvider (java.base@21.0.3)
14737:             1             16  sun.util.locale.provider.CalendarDataUtility$CalendarWeekParameterGetter (java.base@21.0.3)
14738:             1             16  sun.util.locale.provider.LocaleProviderAdapter$$Lambda/0x80000006d (java.base@21.0.3)
14739:             1             16  sun.util.locale.provider.LocaleProviderAdapter$$Lambda/0x80000006e (java.base@21.0.3)
14740:             1             16  sun.util.locale.provider.SPILocaleProviderAdapter (java.base@21.0.3)
14741:             1             16  sun.util.locale.provider.SPILocaleProviderAdapter$CalendarDataProviderDelegate (java.base@21.0.3)
14742:             1             16  sun.util.logging.internal.LoggingProviderImpl (java.logging@21.0.3)
14743:             1             16  sun.util.resources.LocaleData (java.base@21.0.3)
14744:             1             16  sun.util.resources.LocaleData$LocaleDataStrategy (java.base@21.0.3)
Total      57493224     5616197000
