 num     #instances         #bytes  class name (module)
-------------------------------------------------------
   1:        148283    30235440992  [Ljava.lang.Object; (java.base@21.0.3)
   2:       5448260      280124520  [B (java.base@21.0.3)
   3:        631935      148144664  [J (java.base@21.0.3)
   4:       3556769       85362456  java.lang.String (java.base@21.0.3)
   5:       2500987       80031584  java.util.HashMap$Node (java.base@21.0.3)
   6:       1997093       79883720  org.opensearch.search.aggregations.metrics.InternalMax
   7:       1643747       65749880  java.util.TreeMap$Entry (java.base@21.0.3)
   8:       1997093       63906976  org.opensearch.search.aggregations.bucket.BucketsAggregator$1
   9:       1997094       47930256  org.opensearch.search.aggregations.InternalAggregations
  10:        471167       33924024  org.apache.lucene.index.FieldInfo
  11:        526932       33723648  org.apache.lucene.store.MemorySegmentIndexInput$SingleSegmentImpl
  12:        712885       28515400  org.opensearch.search.aggregations.bucket.histogram.InternalDateHistogram$Bucket
  13:       1179738       28313712  org.apache.lucene.util.BytesRef
  14:        169249       25718432  [Ljava.util.HashMap$Node; (java.base@21.0.3)
  15:        526932       21077280  jdk.internal.foreign.MappedMemorySegmentImpl (java.base@21.0.3)
  16:        291050       20955600  org.apache.lucene.codecs.lucene90.blocktree.FieldReader
  17:        404954       19437792  java.util.HashMap (java.base@21.0.3)
  18:        156862       17568544  org.apache.lucene.codecs.lucene90.Lucene90DocValuesProducer$SortedNumericEntry
  19:        345173       16568304  java.util.TreeMap (java.base@21.0.3)
  20:        144417       15019368  org.apache.lucene.codecs.lucene90.Lucene90DocValuesProducer$TermsDictEntry
  21:        162456       14296128  org.apache.lucene.codecs.lucene90.Lucene90DocValuesProducer$NumericEntry
  22:        291053       13970544  org.apache.lucene.util.fst.FST$FSTMetadata
  23:        422538       13521216  java.util.Collections$UnmodifiableMap (java.base@21.0.3)
  24:        407031       13024992  java.util.concurrent.atomic.LongAdder (java.base@21.0.3)
  25:        526932       12646368  [Ljava.lang.foreign.MemorySegment; (java.base@21.0.3)
  26:        301461       12058440  org.apache.lucene.util.packed.DirectMonotonicReader$Meta
  27:        160524       10273536  org.apache.lucene.util.bkd.BKDReader
  28:        291050        9313600  org.apache.lucene.util.fst.OffHeapFSTStore
  29:             2        8032936  [Lorg.opensearch.search.aggregations.InternalAggregation;
  30:             1        7988392  [Lorg.opensearch.search.aggregations.InternalAggregations;
  31:        301472        7574864  [F (java.base@21.0.3)
  32:         25980        7544912  [I (java.base@21.0.3)
  33:        291053        6985272  org.apache.lucene.util.fst.FST
  34:        138927        6668496  org.apache.lucene.codecs.lucene90.Lucene90NormsProducer$NormsEntry
  35:        160524        6420960  org.apache.lucene.util.bkd.BKDConfig
  36:        253601        6086424  org.opensearch.common.util.concurrent.ReleasableLock
  37:        126558        6074784  java.util.concurrent.locks.ReentrantReadWriteLock$NonfairSync (java.base@21.0.3)
  38:         52055        4182576  [Ljava.util.WeakHashMap$Entry; (java.base@21.0.3)
  39:        125184        4005888  org.opensearch.common.cache.Cache$CacheSegment
  40:         12252        3995632  [Lorg.apache.lucene.index.FieldInfo;
  41:         36770        3824080  org.apache.lucene.index.SegmentCommitInfo
  42:         30713        3626104  java.lang.Class (java.base@21.0.3)
  43:        144417        3466008  org.apache.lucene.codecs.lucene90.Lucene90DocValuesProducer$SortedSetEntry
  44:        144000        3456000  org.apache.lucene.codecs.lucene90.Lucene90DocValuesProducer$SortedEntry
  45:        103835        3322720  java.util.concurrent.ConcurrentHashMap$Node (java.base@21.0.3)
  46:        126105        3026520  java.util.concurrent.locks.ReentrantReadWriteLock (java.base@21.0.3)
  47:        125184        3004416  org.opensearch.common.cache.Cache$CacheSegment$SegmentStats
  48:         87341        2794912  org.apache.lucene.codecs.lucene90.Lucene90CompoundReader$FileEntry
  49:         47409        2654904  org.apache.lucene.document.FieldType
  50:         78383        2508256  java.util.concurrent.locks.ReentrantLock$NonfairSync (java.base@21.0.3)
  51:         52005        2496240  java.util.WeakHashMap (java.base@21.0.3)
  52:         15490        2486688  [C (java.base@21.0.3)
  53:        126562        2024992  java.util.concurrent.locks.ReentrantReadWriteLock$ReadLock (java.base@21.0.3)
  54:        126562        2024992  java.util.concurrent.locks.ReentrantReadWriteLock$Sync$ThreadLocalHoldCounter (java.base@21.0.3)
  55:        126562        2024992  java.util.concurrent.locks.ReentrantReadWriteLock$WriteLock (java.base@21.0.3)
  56:        122055        1952880  java.lang.ThreadLocal (java.base@21.0.3)
  57:         52099        1667168  java.lang.ref.ReferenceQueue (java.base@21.0.3)
  58:         99272        1588352  java.lang.Object (java.base@21.0.3)
  59:         61354        1472496  java.util.ArrayList (java.base@21.0.3)
  60:         85150        1362400  java.util.concurrent.atomic.AtomicInteger (java.base@21.0.3)
  61:         33127        1325080  java.util.LinkedHashMap$Entry (java.base@21.0.3)
  62:         53148        1275552  java.util.concurrent.locks.AbstractQueuedSynchronizer$ConditionObject (java.base@21.0.3)
  63:         39397        1260704  org.apache.lucene.util.Version
  64:         39258        1256256  org.opensearch.common.settings.Setting$Updater
  65:         78339        1253424  java.util.concurrent.locks.ReentrantLock (java.base@21.0.3)
  66:         18310        1171840  org.apache.lucene.index.SegmentInfo
  67:         66592        1065472  java.util.HashSet (java.base@21.0.3)
  68:         26621        1064840  java.util.WeakHashMap$Entry (java.base@21.0.3)
  69:          2640        1027520  [Ljava.util.concurrent.ConcurrentHashMap$Node; (java.base@21.0.3)
  70:         15431         987584  java.util.LinkedHashMap (java.base@21.0.3)
  71:         19556         938688  java.lang.invoke.MemberName (java.base@21.0.3)
  72:         18789         901872  org.apache.lucene.index.LeafReaderContext
  73:         37279         894696  org.apache.lucene.util.packed.DirectReader$DirectPackedReader8
  74:         22060         882400  org.opensearch.index.analysis.NamedAnalyzer
  75:         54547         872752  java.util.HashMap$Values (java.base@21.0.3)
  76:            17         816768  [Ljdk.internal.vm.FillerElement; (java.base@21.0.3)
  77:         50888         814208  java.util.Collections$UnmodifiableCollection (java.base@21.0.3)
  78:         33655         807720  org.apache.lucene.util.packed.DirectReader$DirectPackedReader20
  79:         33458         802992  java.util.Collections$UnmodifiableRandomAccessList (java.base@21.0.3)
  80:         49544         792704  java.util.HashMap$KeySet (java.base@21.0.3)
  81:         10571         761112  io.netty.buffer.PoolSubpage
  82:          8000         704000  java.lang.reflect.Method (java.base@21.0.3)
  83:         12553         702968  org.opensearch.search.aggregations.bucket.terms.StringTerms$Bucket
  84:         28132         675168  org.apache.logging.log4j.message.ReusableMessageFactory
  85:         27604         662496  org.apache.lucene.util.FileDeleter$RefCount
  86:         27544         661056  org.apache.lucene.index.FieldInfos$FieldDimensions
  87:         27544         661056  org.apache.lucene.index.FieldInfos$FieldVectorProperties
  88:         41190         659040  java.util.TreeMap$EntrySet (java.base@21.0.3)
  89:         20136         644352  java.util.ImmutableCollections$Map1 (java.base@21.0.3)
  90:         12283         629752  [Lorg.apache.lucene.util.LongValues;
  91:         25390         609360  org.apache.lucene.util.CloseableThreadLocal
  92:          8455         608760  org.opensearch.index.mapper.TextFieldMapper
  93:         12268         588864  org.apache.lucene.util.packed.DirectMonotonicReader
  94:         18352         587264  java.util.ImmutableCollections$MapN (java.base@21.0.3)
  95:         24345         584280  org.apache.lucene.analysis.DelegatingAnalyzerWrapper$DelegatingReuseStrategy
  96:         14187         567480  java.io.FileDescriptor (java.base@21.0.3)
  97:          8655         553920  org.opensearch.index.mapper.KeywordFieldMapper
  98:         17113         547616  org.opensearch.index.mapper.TextSearchInfo
  99:          6105         537240  org.apache.lucene.codecs.lucene90.compressing.FieldsIndexReader
 100:          6105         537240  org.apache.lucene.codecs.lucene90.compressing.Lucene90CompressingStoredFieldsReader
 101:          8167         522688  java.util.concurrent.ConcurrentHashMap (java.base@21.0.3)
 102:         21518         516432  org.opensearch.common.Explicit
 103:         21392         513408  java.util.concurrent.atomic.AtomicLong (java.base@21.0.3)
 104:           489         508560  [Lorg.opensearch.common.cache.Cache$CacheSegment;
 105:         12701         508040  java.lang.invoke.MethodType (java.base@21.0.3)
 106:         15825         506400  org.opensearch.common.collect.CopyOnWriteHashMap$InnerNode
 107:          6253         500240  org.apache.lucene.index.SegmentReader
 108:         30287         484592  org.opensearch.index.mapper.FieldMapper$MultiFields
 109:          9881         474288  sun.nio.ch.FileChannelImpl$DefaultUnmapper (java.base@21.0.3)
 110:         19678         472272  java.util.Collections$SynchronizedSet (java.base@21.0.3)
 111:          9468         454464  org.opensearch.painless.lookup.PainlessClass
 112:         18699         448776  java.util.Collections$SingletonList (java.base@21.0.3)
 113:          7976         446656  org.opensearch.index.mapper.NumberFieldMapper
 114:          6105         439560  org.apache.lucene.index.SegmentCoreReaders
 115:          8655         415440  org.opensearch.index.mapper.KeywordFieldMapper$KeywordFieldType
 116:         25625         410000  java.util.HashMap$EntrySet (java.base@21.0.3)
 117:         12747         407904  java.lang.invoke.MethodType$ConcurrentWeakInternSet$WeakEntry (java.base@21.0.3)
 118:          8455         405840  org.opensearch.index.mapper.TextFieldMapper$TextFieldType
 119:         14507         401832  [Ljava.lang.Class; (java.base@21.0.3)
 120:         12344         395008  org.opensearch.common.logging.PrefixLogger
 121:         16246         389904  java.util.Collections$SetFromMap (java.base@21.0.3)
 122:          7976         382848  org.opensearch.index.mapper.NumberFieldMapper$NumberFieldType
 123:         11767         376544  java.lang.invoke.LambdaForm$Name (java.base@21.0.3)
 124:          2733         371688  org.opensearch.cluster.metadata.IndexMetadata
 125:         14722         353328  org.apache.lucene.util.packed.DirectReader$DirectPackedReader16
 126:          5487         351168  org.opensearch.cluster.routing.ShardRouting
 127:           640         348160  io.netty.util.internal.shaded.org.jctools.queues.atomic.MpscAtomicArrayQueue
 128:          6105         341880  org.apache.lucene.codecs.lucene90.compressing.Lucene90CompressingStoredFieldsReader$BlockState
 129:          6105         341880  org.apache.lucene.index.ReadersAndUpdates
 130:         14105         338520  org.apache.logging.log4j.message.DefaultFlowMessageFactory
 131:         13895         333480  java.util.Arrays$ArrayList (java.base@21.0.3)
 132:          1253         331312  [Z (java.base@21.0.3)
 133:         13399         321576  java.lang.invoke.ResolvedMethodName (java.base@21.0.3)
 134:          6865         315896  [Ljava.lang.String; (java.base@21.0.3)
 135:          6126         294048  org.apache.lucene.index.FieldInfos
 136:          6111         293328  org.apache.lucene.codecs.lucene90.Lucene90DocValuesProducer
 137:          6101         292848  org.apache.lucene.index.PendingSoftDeletes
 138:           445         292744  [Ljava.nio.ByteBuffer; (java.base@21.0.3)
 139:         17076         273216  org.opensearch.common.metrics.CounterMetric
 140:           855         251200  [[C (java.base@21.0.3)
 141:          6151         246040  java.lang.invoke.DirectMethodHandle (java.base@21.0.3)
 142:          6105         244200  org.apache.lucene.codecs.lucene90.blocktree.Lucene90BlockTreeTermsReader
 143:          6101         244040  org.opensearch.common.lucene.index.OpenSearchLeafReader
 144:          3783         242112  org.opensearch.search.aggregations.bucket.histogram.InternalDateHistogram
 145:          6018         240720  org.apache.lucene.codecs.lucene90.Lucene90NormsProducer
 146:          9881         237144  jdk.internal.foreign.SharedSession (java.base@21.0.3)
 147:          9881         237144  sun.nio.ch.FileChannelImpl$1 (java.base@21.0.3)
 148:            38         233032  [S (java.base@21.0.3)
 149:          4776         229248  jdk.internal.ref.CleanerImpl$PhantomCleanableRef (java.base@21.0.3)
 150:         14277         228432  java.util.WeakHashMap$KeySet (java.base@21.0.3)
 151:          7010         224320  java.lang.ThreadLocal$ThreadLocalMap$Entry (java.base@21.0.3)
 152:         13984         223744  java.util.Collections$UnmodifiableSet (java.base@21.0.3)
 153:          9302         223248  java.util.concurrent.CopyOnWriteArrayList (java.base@21.0.3)
 154:          2740         219200  org.opensearch.cluster.routing.IndexShardRoutingTable
 155:          4457         213936  java.lang.invoke.DirectMethodHandle$Constructor (java.base@21.0.3)
 156:          3262         208768  sun.nio.ch.FileChannelImpl (java.base@21.0.3)
 157:          8686         208464  org.apache.lucene.util.packed.DirectReader$DirectPackedReader12
 158:          3246         207744  java.security.Provider$Service (java.base@21.0.3)
 159:         12815         205040  org.apache.lucene.index.IndexReader$CacheKey
 160:          6111         195552  org.apache.lucene.index.SegmentDocValues$1
 161:          6105         195360  org.apache.lucene.index.LeafMetaData
 162:          6105         195360  org.apache.lucene.index.PendingDeletes
 163:          6105         195360  org.apache.lucene.index.SegmentCoreReaders$1
 164:          6105         195360  org.apache.lucene.index.SegmentCoreReaders$2
 165:          6101         195232  org.apache.lucene.codecs.lucene90.Lucene90PointsReader
 166:          6101         195232  org.apache.lucene.index.SegmentReadState
 167:         12182         194912  java.util.concurrent.atomic.AtomicReference (java.base@21.0.3)
 168:          6042         193344  org.apache.lucene.backward_codecs.lucene90.Lucene90PostingsReader
 169:          4518         180720  java.lang.invoke.BoundMethodHandle$Species_L (java.base@21.0.3)
 170:         11237         179792  java.util.LinkedHashSet (java.base@21.0.3)
 171:          3175         177800  org.apache.lucene.store.NIOFSDirectory$NIOFSIndexInput
 172:          7328         175872  org.apache.lucene.index.ApproximatePriorityQueue
 173:          3658         175584  org.apache.logging.log4j.message.ReusableParameterizedMessage
 174:          7312         175488  org.opensearch.core.index.Index
 175:          5474         175168  org.apache.lucene.codecs.lucene90.Lucene90CompoundReader
 176:          4376         175040  java.lang.ref.SoftReference (java.base@21.0.3)
 177:          4245         169800  java.lang.invoke.BoundMethodHandle$Species_LL (java.base@21.0.3)
 178:          5276         168832  java.util.Hashtable$Entry (java.base@21.0.3)
 179:          6997         167928  java.security.Provider$ServiceKey (java.base@21.0.3)
 180:          2299         165528  java.util.concurrent.ScheduledThreadPoolExecutor$ScheduledFutureTask (java.base@21.0.3)
 181:          2947         165032  java.nio.HeapByteBuffer (java.base@21.0.3)
 182:          6865         164760  org.opensearch.common.metrics.MeanMetric
 183:         10249         163984  java.util.concurrent.atomic.AtomicBoolean (java.base@21.0.3)
 184:          1828         160864  org.opensearch.index.codec.PerFieldMappingPostingFormatCodec
 185:          6608         158592  java.util.LinkedList$Node (java.base@21.0.3)
 186:          4945         158240  sun.nio.fs.UnixPath (java.base@21.0.3)
 187:          9881         158096  jdk.internal.foreign.MemorySessionImpl$1 (java.base@21.0.3)
 188:          9881         158096  jdk.internal.foreign.SharedSession$SharedResourceList (java.base@21.0.3)
 189:          2173         156456  java.lang.reflect.Field (java.base@21.0.3)
 190:          6253         150072  org.apache.lucene.index.SegmentReader$1
 191:          6111         146664  org.apache.lucene.codecs.perfield.PerFieldDocValuesFormat$FieldsReader
 192:          6105         146520  org.apache.lucene.codecs.lucene90.LZ4WithPresetDictCompressionMode$LZ4WithPresetDictDecompressor
 193:          6105         146520  org.apache.lucene.codecs.perfield.PerFieldPostingsFormat$FieldsReader
 194:          6105         146520  org.apache.lucene.index.SegmentCoreReaders$3
 195:          5988         143712  org.opensearch.common.recycler.DequeRecycler$DV
 196:          5988         143712  org.opensearch.common.recycler.Recyclers$1$1
 197:          8802         140832  org.opensearch.common.SetOnce
 198:          2198         140672  java.net.URL (java.base@21.0.3)
 199:          1941         139752  java.lang.reflect.Constructor (java.base@21.0.3)
 200:           459         139536  org.opensearch.index.IndexSettings
 201:           457         135272  org.opensearch.index.shard.IndexShard
 202:          1830         131760  org.apache.lucene.index.SegmentInfos
 203:          8211         131376  org.opensearch.cluster.routing.RotationShardShuffler
 204:          5404         129696  org.opensearch.common.unit.TimeValue
 205:          1675         127256  [Ljava.lang.ref.SoftReference; (java.base@21.0.3)
 206:          3043         121720  jdk.nio.zipfs.ZipFileSystem$IndexNode (jdk.zipfs@21.0.3)
 207:          1374         120912  java.util.regex.Pattern (java.base@21.0.3)
 208:          5029         120696  org.opensearch.cluster.routing.AllocationId
 209:          3697         118304  java.util.Collections$UnmodifiableSortedMap (java.base@21.0.3)
 210:          3694         118208  org.opensearch.common.settings.Settings
 211:          4911         117864  org.opensearch.common.inject.Key
 212:          2818         112720  org.opensearch.painless.lookup.PainlessMethod
 213:          2811         112440  org.opensearch.painless.spi.WhitelistMethod
 214:          2742         109680  [Lorg.opensearch.index.mapper.MetadataFieldMapper;
 215:          6714         107424  java.util.concurrent.CopyOnWriteArraySet (java.base@21.0.3)
 216:          3260         104320  org.opensearch.common.inject.spi.Dependency
 217:          6391         102256  java.util.Collections$UnmodifiableMap$UnmodifiableEntrySet (java.base@21.0.3)
 218:          6253         100048  org.apache.lucene.index.SegmentReader$2
 219:          4168         100032  java.util.regex.Pattern$Slice (java.base@21.0.3)
 220:           458          98928  org.apache.lucene.index.IndexWriter
 221:           457          98712  org.opensearch.index.engine.InternalEngine
 222:          6105          97680  org.apache.lucene.index.SegmentDocValues
 223:          4063          97512  org.opensearch.common.inject.TypeLiteral
 224:          2962          94784  java.util.LinkedList (java.base@21.0.3)
 225:          3939          94536  java.lang.invoke.LambdaForm$NamedFunction (java.base@21.0.3)
 226:          2913          93216  org.tartarus.snowball.Among
 227:          1222          91696  [Ljava.lang.invoke.LambdaForm$Name; (java.base@21.0.3)
 228:           457          91400  org.opensearch.index.IndexService
 229:          2821          90272  org.opensearch.common.collect.CopyOnWriteHashMap
 230:           656          89216  sun.nio.fs.UnixFileAttributes (java.base@21.0.3)
 231:          3662          87888  org.opensearch.common.compress.CompressedXContent
 232:          3658          87792  org.apache.logging.log4j.message.ParameterFormatter$MessagePatternAnalysis
 233:          2731          87392  org.opensearch.cluster.routing.IndexRoutingTable
 234:          3632          87168  org.opensearch.core.index.shard.ShardId
 235:           567          86184  sun.security.ssl.SSLSessionImpl (java.base@21.0.3)
 236:          3526          84624  java.util.regex.Pattern$GroupTail (java.base@21.0.3)
 237:          3519          84456  java.util.regex.Pattern$GroupHead (java.base@21.0.3)
 238:          3365          80760  java.util.ArrayDeque (java.base@21.0.3)
 239:          1641          78768  org.opensearch.common.inject.internal.InstanceBindingImpl
 240:          3262          78288  sun.nio.ch.NativeThreadSet (java.base@21.0.3)
 241:          1423          76552  [Lorg.opensearch.search.aggregations.bucket.terms.StringTerms$Bucket;
 242:          3167          76008  sun.reflect.generics.tree.SimpleClassTypeSignature (java.base@21.0.3)
 243:           150          75744  [Ljava.lang.ThreadLocal$ThreadLocalMap$Entry; (java.base@21.0.3)
 244:          3140          75360  java.util.regex.Pattern$BmpCharProperty (java.base@21.0.3)
 245:          2340          74880  org.opensearch.common.util.concurrent.ThreadContext$$Lambda/0x00007fcd285478f8
 246:          1848          73920  org.apache.lucene.codecs.lucene90.Lucene90TermVectorsFormat
 247:          1536          73728  io.netty.buffer.PoolChunkList
 248:          4597          73552  org.opensearch.common.SetOnce$Wrapper
 249:          1312          73472  io.netty.channel.DefaultChannelHandlerContext
 250:          1771          70840  java.io.FilePermission (java.base@21.0.3)
 251:           679          70616  java.util.jar.JarFile$JarFileEntry (java.base@21.0.3)
 252:          2884          69216  org.apache.lucene.util.packed.DirectReader$DirectPackedReader4
 253:          1710          68400  org.apache.logging.log4j.core.Logger$PrivateConfig
 254:          2827          67848  org.opensearch.common.inject.SingleParameterInjector
 255:          4163          66608  java.lang.Integer (java.base@21.0.3)
 256:           919          66168  org.apache.lucene.index.TieredMergePolicy
 257:           457          65808  org.opensearch.index.translog.TranslogWriter
 258:          2732          65568  org.opensearch.cluster.metadata.MappingMetadata
 259:          2731          65544  org.opensearch.cluster.metadata.IndexAbstraction$Index
 260:           458          62288  org.apache.lucene.index.DocumentsWriterFlushControl
 261:           457          62152  org.opensearch.index.seqno.ReplicationTracker
 262:          3167          61256  [Lsun.reflect.generics.tree.TypeArgument; (java.base@21.0.3)
 263:          1907          61024  org.apache.lucene.search.TermQuery
 264:          3756          60096  java.util.TreeMap$KeySet (java.base@21.0.3)
 265:           284          59840  [Lio.netty.buffer.PoolSubpage;
 266:          1476          59040  org.opensearch.common.settings.Setting
 267:          2457          58968  org.opensearch.core.common.unit.ByteSizeValue
 268:          3677          58832  org.apache.lucene.codecs.lucene90.Lucene90DocValuesFormat
 269:          1835          58720  org.apache.lucene.codecs.lucene99.Lucene99HnswVectorsFormat
 270:           457          58496  org.opensearch.index.engine.EngineConfig
 271:           914          58496  org.opensearch.index.mapper.RootObjectMapper
 272:          1217          58416  java.lang.invoke.LambdaForm (java.base@21.0.3)
 273:          1820          58240  java.util.RegularEnumSet (java.base@21.0.3)
 274:          1800          57600  java.lang.Package (java.base@21.0.3)
 275:          2333          55992  java.util.concurrent.Executors$RunnableAdapter (java.base@21.0.3)
 276:           458          54960  org.apache.lucene.index.IndexWriterConfig
 277:           457          54840  org.opensearch.index.engine.InternalEngine$EngineMergeScheduler
 278:          1710          54720  org.apache.logging.log4j.core.Logger
 279:          2276          54624  org.opensearch.threadpool.ThreadPool$ThreadedRunnable
 280:          1135          54480  java.lang.StackTraceElement (java.base@21.0.3)
 281:          1339          53560  java.lang.Package$VersionInfo (java.base@21.0.3)
 282:           656          52480  java.util.zip.ZipFile$Source (java.base@21.0.3)
 283:          3262          52192  sun.nio.ch.FileChannelImpl$Closer (java.base@21.0.3)
 284:          3154          50464  sun.reflect.generics.tree.ClassTypeSignature (java.base@21.0.3)
 285:          2068          49632  javax.crypto.spec.SecretKeySpec (java.base@21.0.3)
 286:          1206          48240  java.security.CodeSource (java.base@21.0.3)
 287:          1002          48096  org.apache.lucene.analysis.tokenattributes.PackedTokenAttributeImpl
 288:           750          48000  javax.crypto.Cipher (java.base@21.0.3)
 289:           993          47664  org.opensearch.index.mapper.ObjectMapper
 290:          1965          47160  java.util.regex.Pattern$BmpCharPropertyGreedy (java.base@21.0.3)
 291:          1437          45984  java.lang.ref.WeakReference (java.base@21.0.3)
 292:          1908          45792  org.apache.lucene.index.Term
 293:          2855          45680  org.opensearch.common.logging.DeprecationLogger
 294:           711          45504  java.util.zip.Inflater (java.base@21.0.3)
 295:          1877          45048  org.opensearch.common.util.concurrent.ThreadContext$ContextPreservingRunnable
 296:          2805          44880  java.nio.channels.spi.AbstractInterruptibleChannel$1 (java.base@21.0.3)
 297:          1393          44576  java.util.concurrent.Semaphore$NonfairSync (java.base@21.0.3)
 298:          1103          44120  org.opensearch.ingest.useragent.UserAgentParser$UserAgentSubpattern
 299:           919          44112  org.opensearch.common.util.MovingAverage
 300:           787          44072  java.lang.invoke.DirectMethodHandle$StaticAccessor (java.base@21.0.3)
 301:          1836          44064  org.apache.lucene.codecs.lucene99.Lucene99PostingsFormat
 302:          1835          44040  org.apache.lucene.codecs.lucene99.Lucene99Codec$1
 303:          1835          44040  org.apache.lucene.codecs.lucene99.Lucene99Codec$2
 304:          1835          44040  org.apache.lucene.codecs.lucene99.Lucene99Codec$3
 305:          1372          43904  java.util.regex.Pattern$Branch (java.base@21.0.3)
 306:          1828          43872  org.opensearch.index.codec.fuzzy.FuzzySetParameters
 307:           914          43872  org.opensearch.index.mapper.DocumentMapper
 308:          1371          43872  org.opensearch.index.mapper.MapperService$MapperAnalyzerWrapper
 309:          1372          42888  [Ljava.util.regex.Pattern$Node; (java.base@21.0.3)
 310:          2677          42832  java.util.regex.Pattern$$Lambda/0x80000002a (java.base@21.0.3)
 311:           197          42024  [Ljava.lang.invoke.MethodHandle; (java.base@21.0.3)
 312:           375          42000  io.netty.handler.ssl.SslHandler
 313:           375          42000  org.opensearch.transport.CopyBytesSocketChannel
 314:           375          42000  sun.nio.ch.SocketChannelImpl (java.base@21.0.3)
 315:          1048          41920  java.util.IdentityHashMap (java.base@21.0.3)
 316:          1725          41400  java.security.Provider$UString (java.base@21.0.3)
 317:           457          40216  org.opensearch.index.SearchSlowLog
 318:           457          40216  org.opensearch.security.configuration.SecurityFlsDlsIndexSearcherWrapper
 319:          1666          39984  java.util.LinkedHashMap$LinkedValues (java.base@21.0.3)
 320:          1636          39264  java.lang.RuntimePermission (java.base@21.0.3)
 321:           489          39120  org.opensearch.common.cache.Cache
 322:           531          38232  org.apache.lucene.analysis.standard.StandardTokenizerImpl
 323:           663          37128  java.io.FileCleanable (java.base@21.0.3)
 324:          1546          37104  org.apache.logging.log4j.MarkerManager$Log4jMarker
 325:          1537          36888  java.util.concurrent.ConcurrentHashMap$KeySetView (java.base@21.0.3)
 326:           656          36736  java.util.jar.JarFile (java.base@21.0.3)
 327:           458          36640  [Ljava.util.concurrent.locks.Lock; (java.base@21.0.3)
 328:           458          36640  [Lorg.apache.lucene.index.ApproximatePriorityQueue;
 329:           914          36560  org.opensearch.index.mapper.Mapping
 330:           914          36560  org.opensearch.index.mapper.MappingLookup
 331:           914          36560  org.opensearch.index.seqno.RetentionLease
 332:           457          36560  org.opensearch.index.translog.LocalTranslog
 333:            22          36224  [Ljava.util.Hashtable$Entry; (java.base@21.0.3)
 334:           871          34840  com.fasterxml.jackson.databind.introspect.AnnotatedMethod
 335:          1442          34608  java.util.concurrent.ConcurrentLinkedQueue$Node (java.base@21.0.3)
 336:           859          34360  org.jcodings.unicode.UnicodeCodeRange
 337:           857          34280  org.opensearch.common.path.PathTrie$TrieNode
 338:           531          33984  org.apache.lucene.analysis.standard.StandardTokenizer
 339:          1054          33728  io.netty.util.internal.LongAdderCounter
 340:          1048          33536  java.lang.invoke.MethodTypeForm (java.base@21.0.3)
 341:           460          33312  [Lorg.apache.lucene.index.LeafReader;
 342:           459          33192  [Lorg.apache.lucene.index.IndexReaderContext;
 343:           375          33000  sun.security.ssl.TransportContext (java.base@21.0.3)
 344:           458          32976  org.apache.lucene.index.DocumentsWriterDeleteQueue
 345:           457          32952  [Lorg.apache.lucene.index.SegmentReader;
 346:           457          32904  org.apache.lucene.analysis.miscellaneous.FingerprintFilter
 347:           457          32904  org.apache.lucene.index.StandardDirectoryReader
 348:           457          32904  org.opensearch.common.lucene.index.OpenSearchDirectoryReader
 349:           457          32904  org.opensearch.index.IndexModule
 350:           457          32904  org.opensearch.index.search.stats.ShardSearchStats$StatsHolder
 351:           457          32904  org.opensearch.index.translog.Checkpoint
 352:             1          32792  [Lkotlinx.coroutines.scheduling.CoroutineScheduler$Worker;
 353:           810          32400  org.opensearch.indices.replication.common.ReplicationLuceneIndex$FileMetadata
 354:           804          32160  java.lang.invoke.DirectMethodHandle$Special (java.base@21.0.3)
 355:           789          31560  io.netty.buffer.PoolThreadCache$MemoryRegionCache$Entry
 356:           656          31488  jdk.internal.loader.URLClassPath$JarLoader (java.base@21.0.3)
 357:          1911          30576  java.util.AbstractMap$2 (java.base@21.0.3)
 358:          1265          30360  org.opensearch.cluster.node.DiscoveryNodeFilters
 359:           750          30000  io.netty.handler.ssl.SslHandler$LazyChannelPromise
 360:           375          30000  sun.security.ssl.SSLConfiguration (java.base@21.0.3)
 361:           744          29760  java.math.BigInteger (java.base@21.0.3)
 362:          1234          29616  java.util.concurrent.CompletableFuture (java.base@21.0.3)
 363:          1849          29584  java.util.concurrent.Semaphore (java.base@21.0.3)
 364:          1848          29568  org.apache.lucene.codecs.lucene90.Lucene90CompoundFormat
 365:          1848          29568  org.apache.lucene.codecs.lucene90.Lucene90LiveDocsFormat
 366:          1848          29568  org.apache.lucene.codecs.lucene90.Lucene90NormsFormat
 367:          1848          29568  org.apache.lucene.codecs.lucene90.Lucene90StoredFieldsFormat
 368:          1843          29488  org.apache.lucene.codecs.lucene94.Lucene94FieldInfosFormat
 369:           459          29376  org.apache.lucene.index.LogByteSizeMergePolicy
 370:          1835          29360  org.apache.lucene.codecs.lucene99.Lucene99SegmentInfoFormat
 371:          1833          29328  org.opensearch.threadpool.ScheduledCancellableAdapter
 372:           458          29312  org.apache.lucene.index.FieldInfos$FieldNumbers
 373:           915          29280  org.opensearch.index.engine.LiveVersionMap$VersionLookup
 374:           457          29248  org.opensearch.index.IndexingSlowLog
 375:          1828          29248  org.opensearch.index.codec.PerFieldMappingPostingFormatCodec$$Lambda/0x00007fcd29272448
 376:          1828          29248  org.opensearch.index.codec.fuzzy.FuzzySetFactory
 377:           914          29248  org.opensearch.index.mapper.FieldTypeLookup
 378:           457          29248  org.opensearch.index.mapper.MapperService
 379:           457          29248  org.opensearch.index.mapper.SourceFieldMapper
 380:           457          29248  org.opensearch.index.shard.RefreshListeners
 381:           457          29248  org.opensearch.index.translog.ReplicationTranslogDeletionPolicy
 382:           914          29248  org.opensearch.index.translog.Translog$Location
 383:           457          29248  org.opensearch.indices.recovery.RecoveryState$Translog
 384:           457          29248  org.opensearch.indices.replication.common.ReplicationLuceneIndex
 385:          1080          28464  [Ljava.lang.reflect.Type; (java.base@21.0.3)
 386:           584          28032  com.sun.crypto.provider.GaloisCounterMode$AESGCM (java.base@21.0.3)
 387:           583          27984  sun.security.util.MemoryCache$SoftCacheEntry (java.base@21.0.3)
 388:           462          27240  [[B (java.base@21.0.3)
 389:           375          27000  sun.security.ssl.SSLEngineOutputRecord (java.base@21.0.3)
 390:           256          26624  io.netty.buffer.PoolArena$HeapArena
 391:          1106          26544  java.util.concurrent.ConcurrentLinkedQueue (java.base@21.0.3)
 392:          1642          26272  org.opensearch.common.inject.util.Providers$1
 393:          1641          26256  org.opensearch.common.inject.internal.InternalFactory$Instance
 394:            13          26240  [[J (java.base@21.0.3)
 395:           656          26240  java.io.RandomAccessFile (java.base@21.0.3)
 396:             8          26056  [Lorg.opensearch.common.recycler.Recycler$V;
 397:           542          26016  org.apache.lucene.analysis.StopFilter
 398:           647          25880  java.lang.invoke.DirectMethodHandle$Interface (java.base@21.0.3)
 399:          1070          25680  org.opensearch.security.filter.SecurityRestFilter$AuthczRestHandler
 400:           458          25648  org.apache.lucene.index.DocumentsWriter
 401:           458          25648  org.apache.lucene.index.IndexFileDeleter
 402:           458          25648  org.apache.lucene.index.ReaderPool
 403:           458          25648  org.opensearch.cluster.routing.UnassignedInfo
 404:          1068          25632  org.apache.lucene.util.AttributeSource$State
 405:           593          25608  [Ljava.security.ProtectionDomain; (java.base@21.0.3)
 406:           457          25592  org.apache.lucene.analysis.miscellaneous.ASCIIFoldingFilter
 407:           457          25592  org.opensearch.index.engine.CombinedDeletionPolicy
 408:           457          25592  org.opensearch.index.store.Store
 409:           457          25592  org.opensearch.indices.recovery.RecoveryState
 410:           457          25592  org.opensearch.indices.recovery.RecoveryState$VerifyIndex
 411:          1582          25312  com.fasterxml.jackson.databind.introspect.AnnotationMap
 412:           790          25280  org.opensearch.painless.lookup.PainlessField
 413:           790          25280  org.opensearch.painless.spi.WhitelistField
 414:          1042          25008  org.bouncycastle.asn1.ASN1ObjectIdentifier
 415:           623          24920  org.opensearch.transport.RequestHandlerRegistry
 416:           518          24864  org.apache.lucene.analysis.CharArrayMap
 417:           619          24760  java.security.AccessControlContext (java.base@21.0.3)
 418:          1521          24336  org.opensearch.common.settings.Setting$SimpleKey
 419:           377          24128  io.netty.channel.ChannelOutboundBuffer
 420:           377          24128  io.netty.channel.DefaultChannelPipeline$HeadContext
 421:           375          24000  io.netty.channel.socket.nio.NioSocketChannel$NioSocketChannelConfig
 422:          1479          23664  org.opensearch.security.support.WildcardMatcher$Exact
 423:           954          22896  sun.reflect.annotation.AnnotationInvocationHandler (java.base@21.0.3)
 424:          1424          22784  org.opensearch.security.support.WildcardMatcher$SimpleMatcher
 425:           461          22128  org.opensearch.common.settings.IndexScopedSettings
 426:           459          22032  java.util.concurrent.ArrayBlockingQueue (java.base@21.0.3)
 427:           459          22032  org.apache.lucene.index.CompositeReaderContext
 428:           458          21984  org.apache.lucene.index.BufferedUpdates
 429:           458          21984  org.apache.lucene.index.DocumentsWriter$$Lambda/0x00007fcd290cac10
 430:           458          21984  org.apache.lucene.index.IndexFileDeleter$CommitPoint
 431:           916          21984  org.opensearch.core.common.text.Text
 432:          1372          21952  java.util.regex.Pattern$BranchConn (java.base@21.0.3)
 433:           457          21936  org.apache.lucene.index.SoftDeletesRetentionMergePolicy
 434:           457          21936  org.apache.lucene.store.MMapDirectory
 435:           914          21936  org.opensearch.common.util.concurrent.KeyedLock
 436:           457          21936  org.opensearch.index.IndexService$AsyncGlobalCheckpointTask
 437:           457          21936  org.opensearch.index.IndexService$AsyncRefreshTask
 438:           457          21936  org.opensearch.index.IndexService$AsyncRetentionLeaseSyncTask
 439:           457          21936  org.opensearch.index.IndexService$AsyncTrimTranslogTask
 440:           914          21936  org.opensearch.index.analysis.FieldNameAnalyzer
 441:           914          21936  org.opensearch.index.engine.LiveVersionMap$Maps
 442:           457          21936  org.opensearch.index.engine.SoftDeletesPolicy
 443:           457          21936  org.opensearch.index.fielddata.IndexFieldDataService
 444:           457          21936  org.opensearch.index.get.ShardGetService
 445:           457          21936  org.opensearch.index.mapper.DocumentMapperParser
 446:           914          21936  org.opensearch.index.mapper.DocumentParser
 447:           914          21936  org.opensearch.index.mapper.DynamicKeyFieldTypeLookup
 448:           457          21936  org.opensearch.index.store.DirectoryFileTransferTracker
 449:           457          21936  org.opensearch.index.store.FsDirectoryFactory$HybridDirectory
 450:           457          21936  org.opensearch.index.translog.InternalTranslogManager
 451:           457          21936  org.opensearch.indices.replication.common.ReplicationTimer
 452:           913          21912  java.lang.Long (java.base@21.0.3)
 453:           679          21728  java.util.zip.ZipFile$CleanableResource (java.base@21.0.3)
 454:           181          21720  java.lang.Thread (java.base@21.0.3)
 455:           905          21720  org.opensearch.sql.expression.function.FunctionSignature
 456:           338          21632  sun.security.ssl.CipherSuite (java.base@21.0.3)
 457:           536          21440  org.apache.lucene.analysis.LowerCaseFilter
 458:           890          21360  org.opensearch.common.inject.InternalFactoryToProviderAdapter
 459:           890          21360  org.opensearch.common.inject.ProviderToInternalFactoryAdapter
 460:           890          21360  org.opensearch.common.inject.Scopes$1$1
 461:           667          21344  java.io.File (java.base@21.0.3)
 462:           664          21248  javax.crypto.Cipher$Transform (java.base@21.0.3)
 463:           377          21112  io.netty.channel.DefaultChannelPipeline$TailContext
 464:           879          21096  java.util.regex.Pattern$SliceI (java.base@21.0.3)
 465:           376          21056  io.netty.channel.FixedRecvByteBufAllocator$HandleImpl
 466:           876          21024  sun.security.provider.PolicyFile$PolicyEntry (java.base@21.0.3)
 467:           375          21000  org.opensearch.transport.InboundPipeline
 468:           375          21000  sun.security.ssl.SSLCipher$T13GcmReadCipherGenerator$GcmReadCipher (java.base@21.0.3)
 469:           375          21000  sun.security.ssl.SSLCipher$T13GcmWriteCipherGenerator$GcmWriteCipher (java.base@21.0.3)
 470:           653          20896  sun.reflect.generics.repository.ClassRepository (java.base@21.0.3)
 471:           870          20880  java.lang.Class$AnnotationData (java.base@21.0.3)
 472:           652          20864  java.util.PropertyPermission (java.base@21.0.3)
 473:           866          20784  org.opensearch.common.inject.multibindings.RealElement
 474:           639          20448  java.net.InetAddress$InetAddressHolder (java.base@21.0.3)
 475:           849          20376  org.apache.lucene.util.packed.DirectReader$DirectPackedReader24
 476:           849          20376  sun.reflect.generics.factory.CoreReflectionFactory (java.base@21.0.3)
 477:           636          20352  org.opensearch.core.ParseField
 478:           624          19968  io.netty.buffer.PoolThreadCache$SubPageMemoryRegionCache
 479:           831          19944  sun.reflect.generics.reflectiveObjects.ParameterizedTypeImpl (java.base@21.0.3)
 480:           475          19800  [Lorg.opensearch.common.inject.SingleParameterInjector;
 481:           490          19600  org.opensearch.common.util.concurrent.BaseFuture$Sync
 482:          1210          19360  java.util.regex.Pattern$BitClass (java.base@21.0.3)
 483:           472          18880  org.opensearch.common.settings.Setting$1
 484:           584          18688  com.sun.crypto.provider.AESCrypt (java.base@21.0.3)
 485:            32          18432  io.netty.util.internal.shaded.org.jctools.queues.atomic.MpscUnboundedAtomicArrayQueue
 486:           459          18360  org.opensearch.index.OpenSearchTieredMergePolicy
 487:           459          18360  sun.nio.ch.FileLockImpl (java.base@21.0.3)
 488:           458          18320  org.apache.lucene.index.BufferedUpdatesStream
 489:           458          18320  org.apache.lucene.util.ByteBlockPool
 490:           763          18296  [Ljava.security.cert.X509Certificate; (java.base@21.0.3)
 491:           457          18280  org.opensearch.index.cache.bitset.BitsetFilterCache
 492:           457          18280  org.opensearch.index.engine.InternalEngine$ExternalReaderManager
 493:           457          18280  org.opensearch.index.engine.PrunePostingsMergePolicy
 494:           457          18280  org.opensearch.index.engine.RecoverySourcePruneMergePolicy
 495:           457          18280  org.opensearch.index.mapper.DataStreamFieldMapper
 496:           457          18280  org.opensearch.index.mapper.FieldNamesFieldMapper
 497:           457          18280  org.opensearch.index.mapper.FieldNamesFieldMapper$FieldNamesFieldType
 498:           457          18280  org.opensearch.index.mapper.IdFieldMapper$IdFieldType
 499:           457          18280  org.opensearch.index.mapper.Mapper$TypeParser$ParserContext
 500:           457          18280  org.opensearch.index.mapper.RoutingFieldMapper
 501:           457          18280  org.opensearch.index.mapper.SourceFieldMapper$SourceFieldType
 502:           457          18280  org.opensearch.index.shard.GlobalCheckpointListeners
 503:           457          18280  org.opensearch.index.shard.IndexShard$7
 504:           457          18280  org.opensearch.index.shard.IndexShardOperationPermits
 505:           457          18280  org.opensearch.index.shard.InternalIndexingStats$StatsHolder
 506:           457          18280  org.opensearch.index.shard.OpenSearchMergePolicy
 507:           457          18280  org.opensearch.index.store.ByteSizeCachingDirectory
 508:           457          18280  org.opensearch.index.store.ByteSizeCachingDirectory$1
 509:           457          18280  org.opensearch.index.translog.TranslogConfig
 510:           377          18096  io.netty.channel.AbstractChannel$CloseFuture
 511:           377          18096  io.netty.channel.DefaultChannelPipeline
 512:           754          18096  io.netty.channel.VoidChannelPromise
 513:           377          18096  sun.nio.ch.SelectionKeyImpl (java.base@21.0.3)
 514:           750          18000  io.netty.handler.ssl.SslHandler$SslTasksRunner
 515:           375          18000  sun.nio.ch.SocketAdaptor (java.base@21.0.3)
 516:           375          18000  sun.security.ssl.SSLEngineInputRecord (java.base@21.0.3)
 517:           444          17760  java.util.concurrent.CompletableFuture$UniWhenComplete (java.base@21.0.3)
 518:           441          17640  org.opensearch.indices.replication.common.ReplicationCollection$ReplicationMonitor
 519:           545          17440  org.apache.lucene.analysis.ReusableStringReader
 520:           165          17160  java.lang.management.ThreadInfo (java.management@21.0.3)
 521:           715          17160  java.time.format.DateTimeFormatterBuilder$DefaultValueParser (java.base@21.0.3)
 522:           715          17160  jdk.internal.reflect.DirectConstructorHandleAccessor (java.base@21.0.3)
 523:           714          17136  java.util.regex.Pattern$Start (java.base@21.0.3)
 524:           711          17064  java.util.zip.Inflater$InflaterZStreamRef (java.base@21.0.3)
 525:          1066          17056  org.opensearch.common.inject.Initializables$1
 526:           710          17040  sun.reflect.generics.scope.ClassScope (java.base@21.0.3)
 527:           419          16760  org.apache.lucene.util.packed.Packed64
 528:          1033          16528  org.apache.logging.log4j.message.ReusableSimpleMessage
 529:           685          16440  com.fasterxml.jackson.databind.introspect.MemberKey
 530:           683          16392  org.opensearch.rest.RestMethodHandlers
 531:          1016          16256  org.apache.lucene.util.BytesRefBuilder
 532:           337          16176  java.lang.invoke.DirectMethodHandle$Accessor (java.base@21.0.3)
 533:           505          16160  java.nio.file.attribute.FileTime (java.base@21.0.3)
 534:           672          16128  io.netty.buffer.IntPriorityQueue
 535:           669          16056  sun.security.jca.ServiceId (java.base@21.0.3)
 536:           250          16000  java.lang.invoke.BoundMethodHandle$Species_LLLLLLL (java.base@21.0.3)
 537:           656          15744  java.util.zip.ZipFile$Source$Key (java.base@21.0.3)
 538:           653          15672  sun.reflect.generics.tree.ClassSignature (java.base@21.0.3)
 539:           487          15584  com.google.common.collect.RegularImmutableSet
 540:           487          15584  java.util.concurrent.CountDownLatch$Sync (java.base@21.0.3)
 541:           486          15552  org.opensearch.common.inject.ConstructorInjector
 542:           486          15552  org.opensearch.common.inject.MembersInjectorImpl
 543:           194          15520  org.apache.logging.log4j.core.util.datetime.FixedDateFormat
 544:           634          15216  java.util.ImmutableCollections$SetN (java.base@21.0.3)
 545:           269          15064  java.lang.invoke.BoundMethodHandle$Species_LLLLL (java.base@21.0.3)
 546:           626          15024  java.net.InetSocketAddress$InetSocketAddressHolder (java.base@21.0.3)
 547:           375          15000  io.netty.channel.socket.nio.NioSocketChannel$NioSocketChannelUnsafe
 548:           625          15000  java.net.Inet4Address (java.base@21.0.3)
 549:           375          15000  org.opensearch.transport.InboundAggregator
 550:           375          15000  org.opensearch.transport.InboundDecoder
 551:           375          15000  org.opensearch.transport.netty4.Netty4TcpChannel
 552:           825          14960  [Lsun.reflect.generics.tree.FormalTypeParameter; (java.base@21.0.3)
 553:           623          14952  org.opensearch.indexmanagement.rollup.interceptor.RollupInterceptor$interceptHandler$1
 554:           623          14952  org.opensearch.performanceanalyzer.transport.PerformanceAnalyzerTransportRequestHandler
 555:           623          14952  org.opensearch.security.OpenSearchSecurityPlugin$6$1
 556:           417          14816  [Ljava.time.format.DateTimeFormatterBuilder$DateTimePrinterParser; (java.base@21.0.3)
 557:           308          14784  java.lang.invoke.MethodHandleImpl$AsVarargsCollector (java.base@21.0.3)
 558:           462          14784  org.opensearch.common.util.concurrent.ThreadContext$ContextPreservingAbstractRunnable
 559:           461          14752  com.fasterxml.jackson.databind.introspect.AnnotatedField
 560:           914          14696  [Lorg.opensearch.index.mapper.DynamicTemplate;
 561:           459          14688  java.util.concurrent.Semaphore$FairSync (java.base@21.0.3)
 562:           459          14688  org.apache.lucene.store.NativeFSLockFactory$NativeFSLock
 563:           459          14688  sun.nio.ch.FileKey (java.base@21.0.3)
 564:           459          14688  sun.nio.ch.FileLockTable$FileLockReference (java.base@21.0.3)
 565:           141          14664  org.opensearch.security.configuration.DlsFlsFilterLeafReader
 566:           458          14656  org.apache.lucene.index.BufferedUpdates$DeletedTerms
 567:           458          14656  org.apache.lucene.index.BufferedUpdatesStream$FinishedSegments
 568:           458          14656  org.apache.lucene.index.DocumentsWriterPerThreadPool
 569:           458          14656  org.apache.lucene.index.IndexWriter$EventQueue
 570:           916          14656  org.apache.lucene.util.Counter$AtomicCounter
 571:           458          14656  org.apache.lucene.util.FrequencyTrackingRingBuffer
 572:           458          14656  org.opensearch.index.seqno.RetentionLeases
 573:           457          14624  org.apache.lucene.document.NumericDocValuesField
 574:           457          14624  org.apache.lucene.index.ShuffleForcedMergePolicy
 575:           457          14624  org.opensearch.action.support.replication.PendingReplicationActions
 576:           457          14624  org.opensearch.analysis.common.FingerprintAnalyzer
 577:           457          14624  org.opensearch.env.NodeEnvironment$1
 578:           457          14624  org.opensearch.env.NodeEnvironment$InternalShardLock
 579:           457          14624  org.opensearch.index.cache.IndexCache
 580:           457          14624  org.opensearch.index.cache.bitset.ShardBitsetFilterCache
 581:           457          14624  org.opensearch.index.cache.request.ShardRequestCache
 582:           457          14624  org.opensearch.index.engine.Engine$IndexThrottle
 583:           457          14624  org.opensearch.index.engine.LiveVersionMap
 584:           457          14624  org.opensearch.index.mapper.DocCountFieldMapper
 585:           457          14624  org.opensearch.index.mapper.IdFieldMapper
 586:           457          14624  org.opensearch.index.mapper.IgnoredFieldMapper
 587:           457          14624  org.opensearch.index.mapper.IndexFieldMapper
 588:           457          14624  org.opensearch.index.mapper.RankFeatureMetaFieldMapper
 589:           457          14624  org.opensearch.index.mapper.SeqNoFieldMapper
 590:           457          14624  org.opensearch.index.mapper.VersionFieldMapper
 591:           457          14624  org.opensearch.index.seqno.LocalCheckpointTracker
 592:           457          14624  org.opensearch.index.shard.IndexShard$RefreshMetricUpdater
 593:           457          14624  org.opensearch.index.shard.ShardPath
 594:           457          14624  org.opensearch.index.similarity.SimilarityService
 595:           457          14624  org.opensearch.index.store.ByteSizeCachingDirectory$SizeAndModCount
 596:           457          14624  org.opensearch.index.translog.TranslogHeader
 597:           457          14624  org.opensearch.index.warmer.ShardIndexWarmerService
 598:           365          14600  org.opensearch.painless.spi.WhitelistClass
 599:           588          14544  [[I (java.base@21.0.3)
 600:           352          14080  java.time.format.DateTimeFormatter (java.base@21.0.3)
 601:           586          14064  java.util.regex.Pattern$CharPropertyGreedy (java.base@21.0.3)
 602:           561          13904  [Ljava.security.cert.Certificate; (java.base@21.0.3)
 603:           579          13896  org.apache.lucene.util.packed.DirectReader$DirectPackedReader2
 604:           433          13856  org.opensearch.common.inject.FactoryProxy
 605:           866          13856  org.opensearch.common.inject.Key$AnnotationInstanceStrategy
 606:           433          13856  org.opensearch.core.xcontent.ObjectParser$FieldParser
 607:           118          13704  [Lorg.tartarus.snowball.Among;
 608:           339          13560  java.security.ProtectionDomain (java.base@21.0.3)
 609:           280          13440  java.lang.invoke.LambdaFormEditor$Transform (java.base@21.0.3)
 610:           560          13440  java.security.BasicPermissionCollection (java.base@21.0.3)
 611:           557          13368  java.security.SecurityPermission (java.base@21.0.3)
 612:           545          13080  [Lorg.apache.lucene.util.AttributeSource$State;
 613:           545          13080  org.apache.lucene.analysis.Analyzer$TokenStreamComponents
 614:           544          13056  org.opensearch.common.collect.Tuple
 615:           399          12768  java.util.regex.Pattern$Curly (java.base@21.0.3)
 616:           394          12608  sun.security.util.ObjectIdentifier (java.base@21.0.3)
 617:           782          12512  java.util.concurrent.atomic.AtomicReferenceArray (java.base@21.0.3)
 618:             3          12496  [Ljava.util.concurrent.RunnableScheduledFuture; (java.base@21.0.3)
 619:           518          12432  java.util.ImmutableCollections$List12 (java.base@21.0.3)
 620:           193          12352  io.netty.util.concurrent.ScheduledFutureTask
 621:           768          12288  org.opensearch.common.concurrent.CompletableContext
 622:           377          12064  io.netty.channel.DefaultChannelId
 623:           377          12064  sun.nio.ch.DummySocketImpl (java.base@21.0.3)
 624:           375          12000  io.netty.handler.ssl.SslHandler$SslHandlerCoalescingBufferQueue
 625:           750          12000  io.netty.handler.ssl.SslHandler$SslTasksRunner$1
 626:           500          12000  org.opensearch.cluster.metadata.IndexGraveyard$Tombstone
 627:           375          12000  org.opensearch.transport.nativeprotocol.NativeInboundBytesHandler
 628:           375          12000  org.opensearch.transport.netty4.Netty4MessageChannelHandler
 629:           375          12000  org.opensearch.transport.netty4.OpenSearchLoggingHandler
 630:           750          12000  sun.security.ssl.Authenticator$TLS13Authenticator (java.base@21.0.3)
 631:           375          12000  sun.security.ssl.SSLEngineImpl (java.base@21.0.3)
 632:           212          11872  sun.util.calendar.ZoneInfo (java.base@21.0.3)
 633:           488          11712  org.opensearch.securityanalytics.model.LogType$Mapping
 634:           486          11664  org.opensearch.common.inject.DefaultConstructionProxyFactory$1
 635:           486          11664  org.opensearch.common.inject.spi.InjectionPoint
 636:           653          11576  [Lsun.reflect.generics.tree.ClassTypeSignature; (java.base@21.0.3)
 637:           481          11544  java.util.regex.Pattern$$Lambda/0x80000002b (java.base@21.0.3)
 638:           476          11424  org.opensearch.security.support.WildcardMatcher$MatcherCombiner
 639:           531          11360  [Lsun.reflect.generics.tree.FieldTypeSignature; (java.base@21.0.3)
 640:           463          11112  org.opensearch.core.action.ActionListener$1
 641:           459          11016  org.apache.lucene.search.similarities.BM25Similarity
 642:           459          11016  org.opensearch.index.LogByteSizeMergePolicyProvider
 643:           459          11016  org.opensearch.index.MergeSchedulerConfig
 644:           459          11016  org.opensearch.index.TieredMergePolicyProvider
 645:           459          11016  org.opensearch.index.remote.RemoteStorePathStrategy
 646:           459          11016  sun.nio.ch.FileLockTable (java.base@21.0.3)
 647:           458          10992  org.apache.lucene.index.ConcurrentApproximatePriorityQueue
 648:           458          10992  org.apache.lucene.index.DocumentsWriterDeleteQueue$DeleteSlice
 649:           458          10992  org.apache.lucene.index.DocumentsWriterDeleteQueue$Node
 650:           458          10992  org.apache.lucene.index.DocumentsWriterFlushQueue
 651:           458          10992  org.apache.lucene.index.DocumentsWriterStallControl
 652:           458          10992  org.apache.lucene.index.FlushByRamOrCountsPolicy
 653:           458          10992  org.apache.lucene.index.IndexWriter$AddIndexesMergeSource
 654:           458          10992  org.apache.lucene.index.IndexWriter$Merges
 655:           458          10992  org.apache.lucene.index.LockableConcurrentApproximatePriorityQueue
 656:           458          10992  org.apache.lucene.store.LockValidatingDirectoryWrapper
 657:           458          10992  org.apache.lucene.util.ByteBlockPool$DirectTrackingAllocator
 658:           458          10992  org.apache.lucene.util.Counter$SerialCounter
 659:           458          10992  org.apache.lucene.util.FileDeleter
 660:           458          10992  org.apache.lucene.util.FrequencyTrackingRingBuffer$IntBag
 661:           458          10992  org.opensearch.index.engine.SafeCommitInfo
 662:           458          10992  org.opensearch.index.recovery.RecoveryStats
 663:           343          10976  com.fasterxml.jackson.databind.util.internal.PrivateMaxEntriesMap$Node
 664:           457          10968  [Ljava.io.Closeable; (java.base@21.0.3)
 665:           457          10968  [Lorg.apache.lucene.search.ReferenceManager$RefreshListener;
 666:           457          10968  org.apache.lucene.index.SoftDeletesRetentionMergePolicy$$Lambda/0x00007fcd2930d820
 667:           457          10968  org.apache.lucene.index.StandardDirectoryReader$3
 668:           457          10968  org.opensearch.common.lucene.LoggerInfoStream
 669:           457          10968  org.opensearch.common.lucene.index.OpenSearchDirectoryReader$DelegatingCacheHelper
 670:           457          10968  org.opensearch.common.lucene.index.OpenSearchDirectoryReader$DelegatingCacheKey
 671:           457          10968  org.opensearch.index.CompositeIndexEventListener
 672:           457          10968  org.opensearch.index.IndexService$$Lambda/0x00007fcd2926e4d8
 673:           457          10968  org.opensearch.index.IndexService$$Lambda/0x00007fcd2926efb8
 674:           457          10968  org.opensearch.index.IndexService$$Lambda/0x00007fcd29271518
 675:           457          10968  org.opensearch.index.IndexService$FieldDataCacheListener
 676:           457          10968  org.opensearch.index.IndexService$StoreCloseListener
 677:           457          10968  org.opensearch.index.IndexWarmer$FieldDataWarmer
 678:           457          10968  org.opensearch.index.analysis.IndexAnalyzers
 679:           457          10968  org.opensearch.index.analysis.LowercaseNormalizer
 680:           457          10968  org.opensearch.index.cache.bitset.BitsetFilterCache$BitSetProducerWarmer
 681:           457          10968  org.opensearch.index.engine.CompletionStatsCache
 682:           457          10968  org.opensearch.index.engine.EngineConfigFactory
 683:           457          10968  org.opensearch.index.engine.InternalEngine$LastRefreshedCheckpointListener
 684:           457          10968  org.opensearch.index.engine.InternalEngine$RefreshWarmerListener
 685:           457          10968  org.opensearch.index.engine.OpenSearchReaderManager
 686:           457          10968  org.opensearch.index.engine.RecoverySourcePruneMergePolicy$$Lambda/0x00007fcd29310000
 687:           457          10968  org.opensearch.index.fielddata.ShardFieldData
 688:           457          10968  org.opensearch.index.search.stats.ShardSearchStats
 689:           457          10968  org.opensearch.index.shard.IndexShard$$Lambda/0x00007fcd292736d8
 690:           457          10968  org.opensearch.index.shard.IndexShard$$Lambda/0x00007fcd29275c68
 691:           457          10968  org.opensearch.index.shard.IndexShard$10
 692:           457          10968  org.opensearch.index.shard.IndexShard$RefreshPendingLocationListener
 693:           457          10968  org.opensearch.index.shard.IndexShard$ShardEventListener
 694:           457          10968  org.opensearch.index.shard.IndexingOperationListener$CompositeListener
 695:           457          10968  org.opensearch.index.shard.SearchOperationListener$CompositeListener
 696:           457          10968  org.opensearch.index.similarity.SimilarityService$PerFieldSimilarity
 697:           457          10968  org.opensearch.index.store.RemoteStoreFileDownloader
 698:           457          10968  org.opensearch.index.store.Store$1
 699:           457          10968  org.opensearch.index.store.Store$StoreDirectory
 700:           457          10968  org.opensearch.index.translog.InternalTranslogManager$$Lambda/0x00007fcd292ca1c8
 701:           457          10968  org.opensearch.index.translog.ReplicationTranslogDeletionPolicy$$Lambda/0x00007fcd29001410
 702:           457          10968  org.opensearch.index.translog.ReplicationTranslogDeletionPolicy$$Lambda/0x00007fcd29002590
 703:           457          10968  org.opensearch.index.translog.listener.CompositeTranslogEventListener
 704:           457          10968  org.opensearch.indices.IndicesService$$Lambda/0x00007fcd2926cd10
 705:           457          10968  org.opensearch.indices.replication.common.ReplicationLuceneIndex$FilesDetails
 706:           457          10968  org.opensearch.search.suggest.completion.CompletionStats
 707:           457          10968  org.opensearch.security.OpenSearchSecurityPlugin$$Lambda/0x00007fcd2924b720
 708:           457          10968  org.opensearch.security.OpenSearchSecurityPlugin$4
 709:           457          10968  org.opensearch.security.OpenSearchSecurityPlugin$5
 710:           457          10968  org.opensearch.security.compliance.ComplianceIndexingOperationListenerImpl
 711:           274          10960  java.lang.ref.Finalizer (java.base@21.0.3)
 712:           341          10912  jdk.internal.math.FDBigInteger (java.base@21.0.3)
 713:           341          10912  org.opensearch.common.settings.Setting$IntegerParser
 714:           135          10800  java.net.URI (java.base@21.0.3)
 715:           672          10752  org.apache.lucene.analysis.CharArraySet
 716:           446          10704  java.util.concurrent.ConcurrentSkipListMap$Node (java.base@21.0.3)
 717:           165          10560  org.opensearch.monitor.jvm.HotThreads$MyThreadInfo
 718:           264          10560  sun.security.util.KnownOIDs (java.base@21.0.3)
 719:           188          10528  java.nio.HeapCharBuffer (java.base@21.0.3)
 720:           656          10496  sun.nio.fs.UnixFileAttributes$UnixAsBasicFileAttributes (java.base@21.0.3)
 721:           187          10472  java.lang.invoke.BoundMethodHandle$Species_LLLLLL (java.base@21.0.3)
 722:           327          10464  sun.reflect.generics.reflectiveObjects.TypeVariableImpl (java.base@21.0.3)
 723:           433          10392  org.opensearch.common.inject.InjectorImpl$4
 724:           433          10392  org.opensearch.common.inject.multibindings.MapBinder$RealMapBinder$MapEntry
 725:           433          10392  org.opensearch.common.inject.spi.ProviderLookup
 726:           433          10392  org.opensearch.plugins.ActionPlugin$ActionHandler
 727:           416          10248  [Lorg.opensearch.sql.data.type.ExprType;
 728:           423          10152  org.opensearch.core.xcontent.ObjectParser$$Lambda/0x00007fcd28487698
 729:           423          10152  org.opensearch.index.fielddata.plain.SortedSetBytesLeafFieldData
 730:           422          10128  io.netty.util.internal.logging.LocationAwareSlf4JLogger
 731:           408          10120  [Lorg.opensearch.common.settings.Setting$Property;
 732:           626          10016  java.net.InetSocketAddress (java.base@21.0.3)
 733:           417          10008  java.time.format.DateTimeFormatterBuilder$CompositePrinterParser (java.base@21.0.3)
 734:           414           9936  org.opensearch.sql.expression.function.FunctionDSL$$Lambda/0x00007fcd28b2e428
 735:            94           9776  org.apache.logging.log4j.core.impl.MutableLogEvent
 736:           603           9648  sun.security.ssl.SessionId (java.base@21.0.3)
 737:           401           9624  java.util.regex.Pattern$$Lambda/0x800000033 (java.base@21.0.3)
 738:           397           9528  java.security.Permissions (java.base@21.0.3)
 739:           169           9464  java.lang.Module (java.base@21.0.3)
 740:           391           9384  [Lio.netty.util.concurrent.GenericFutureListener;
 741:           391           9384  io.netty.util.concurrent.DefaultFutureListeners
 742:           391           9384  java.util.concurrent.locks.ReentrantReadWriteLock$Sync$HoldCounter (java.base@21.0.3)
 743:           234           9360  java.lang.Thread$FieldHolder (java.base@21.0.3)
 744:           195           9360  sun.nio.cs.UTF_8$Encoder (java.base@21.0.3)
 745:           166           9296  sun.security.jca.ProviderList$ServiceList (java.base@21.0.3)
 746:           387           9288  org.apache.lucene.index.OrdinalMap$1
 747:            16           9216  io.netty.util.internal.shaded.org.jctools.queues.atomic.MpscUnboundedAtomicArrayQueue
 748:           383           9192  org.opensearch.sql.expression.function.FunctionDSL$$Lambda/0x00007fcd28b1c690
 749:           287           9184  java.util.regex.Pattern$BnM (java.base@21.0.3)
 750:           104           9152  com.fasterxml.jackson.databind.ser.BeanPropertyWriter
 751:           190           9120  org.jcodings.util.CaseInsensitiveBytesHash$CaseInsensitiveBytesHashEntry
 752:           378           9072  java.io.ByteArrayOutputStream (java.base@21.0.3)
 753:           378           9064  [Lio.netty.util.DefaultAttributeMap$DefaultAttribute;
 754:           377           9048  [Ljava.nio.channels.SelectionKey; (java.base@21.0.3)
 755:           377           9048  io.netty.channel.SucceededChannelFuture
 756:           377           9048  io.netty.util.DefaultAttributeMap$DefaultAttribute
 757:           377           9048  java.lang.module.ModuleDescriptor$Exports (java.base@21.0.3)
 758:           375           9000  io.netty.channel.PendingBytesTracker$DefaultChannelPipelinePendingBytesTracker
 759:           375           9000  org.opensearch.transport.CopyBytesSocketChannel$WriteConfig
 760:           375           9000  org.opensearch.transport.TcpChannel$ChannelStats
 761:           375           9000  sun.security.ssl.HandshakeHash (java.base@21.0.3)
 762:           375           9000  sun.security.ssl.SSLEngineOutputRecord$HandshakeFragment (java.base@21.0.3)
 763:           557           8912  java.util.IdentityHashMap$KeySet (java.base@21.0.3)
 764:           542           8672  sun.reflect.generics.tree.TypeVariableSignature (java.base@21.0.3)
 765:           536           8576  org.apache.lucene.analysis.Analyzer$TokenStreamComponents$$Lambda/0x00007fcd29264450
 766:           267           8544  java.time.format.DateTimeFormatterBuilder$NumberPrinterParser (java.base@21.0.3)
 767:           353           8472  java.io.FilePermissionCollection (java.base@21.0.3)
 768:           208           8320  sun.security.pkcs11.SunPKCS11$Descriptor (jdk.crypto.cryptoki@21.0.3)
 769:           343           8232  com.fasterxml.jackson.databind.util.internal.PrivateMaxEntriesMap$WeightedValue
 770:           256           8192  io.netty.handler.codec.CodecOutputList
 771:           341           8184  java.util.regex.Pattern$Ques (java.base@21.0.3)
 772:           332           7968  sun.reflect.generics.tree.FormalTypeParameter (java.base@21.0.3)
 773:           489           7824  org.opensearch.common.cache.Cache$$Lambda/0x00007fcd2862cce8
 774:           488           7808  java.util.regex.Pattern$$Lambda/0x800000032 (java.base@21.0.3)
 775:           487           7792  java.util.concurrent.ConcurrentHashMap$EntrySetView (java.base@21.0.3)
 776:           487           7792  java.util.concurrent.CountDownLatch (java.base@21.0.3)
 777:           486           7776  org.opensearch.common.inject.ConstructorBindingImpl$Factory
 778:           486           7776  org.opensearch.common.inject.DefaultConstructionProxyFactory
 779:           194           7760  org.apache.logging.log4j.core.pattern.DatePatternConverter$FixedFormatter
 780:           322           7728  java.util.regex.Pattern$CharProperty (java.base@21.0.3)
 781:           160           7680  java.lang.invoke.BoundMethodHandle$Species_LLL (java.base@21.0.3)
 782:           160           7680  java.net.URLPermission (java.base@21.0.3)
 783:           318           7632  java.util.ImmutableCollections$Set12 (java.base@21.0.3)
 784:           118           7552  java.lang.invoke.BoundMethodHandle$Species_LLLLLLLL (java.base@21.0.3)
 785:           472           7552  jdk.proxy2.$Proxy32 (jdk.proxy2)
 786:           470           7520  org.opensearch.common.settings.Setting$$Lambda/0x00007fcd280be090
 787:           233           7456  org.apache.logging.log4j.core.config.plugins.processor.PluginEntry
 788:           154           7392  org.apache.lucene.analysis.CharArrayMap$UnmodifiableCharArrayMap
 789:           459           7344  [Lorg.opensearch.index.IndexSortConfig$FieldSortSpec;
 790:           459           7344  org.opensearch.index.IndexSettings$$Lambda/0x00007fcd2864bda0
 791:           459           7344  org.opensearch.index.IndexSettings$$Lambda/0x00007fcd2864c448
 792:           459           7344  org.opensearch.index.IndexSettings$$Lambda/0x00007fcd2864c678
 793:           459           7344  org.opensearch.index.IndexSettings$$Lambda/0x00007fcd2864c8a8
 794:           459           7344  org.opensearch.index.IndexSettings$$Lambda/0x00007fcd2864cad8
 795:           459           7344  org.opensearch.index.IndexSettings$$Lambda/0x00007fcd2864cd08
 796:           459           7344  org.opensearch.index.IndexSettings$$Lambda/0x00007fcd2864cf38
 797:           459           7344  org.opensearch.index.IndexSettings$$Lambda/0x00007fcd2864d168
 798:           459           7344  org.opensearch.index.IndexSettings$$Lambda/0x00007fcd2864d398
 799:           459           7344  org.opensearch.index.IndexSettings$$Lambda/0x00007fcd2864d5c8
 800:           459           7344  org.opensearch.index.IndexSettings$$Lambda/0x00007fcd2864d7f8
 801:           459           7344  org.opensearch.index.IndexSettings$$Lambda/0x00007fcd2864da28
 802:           459           7344  org.opensearch.index.IndexSettings$$Lambda/0x00007fcd2864dc58
 803:           459           7344  org.opensearch.index.IndexSettings$$Lambda/0x00007fcd2864de88
 804:           459           7344  org.opensearch.index.IndexSettings$$Lambda/0x00007fcd2864e780
 805:           459           7344  org.opensearch.index.IndexSettings$$Lambda/0x00007fcd2864e9b0
 806:           459           7344  org.opensearch.index.IndexSettings$$Lambda/0x00007fcd2864ebe0
 807:           459           7344  org.opensearch.index.IndexSettings$$Lambda/0x00007fcd2864ee10
 808:           459           7344  org.opensearch.index.IndexSettings$$Lambda/0x00007fcd2864f040
 809:           459           7344  org.opensearch.index.IndexSettings$$Lambda/0x00007fcd2864f270
 810:           459           7344  org.opensearch.index.IndexSettings$$Lambda/0x00007fcd2864f4a0
 811:           459           7344  org.opensearch.index.IndexSettings$$Lambda/0x00007fcd2864f6d0
 812:           459           7344  org.opensearch.index.IndexSettings$$Lambda/0x00007fcd2864f900
 813:           459           7344  org.opensearch.index.IndexSettings$$Lambda/0x00007fcd2864fb30
 814:           459           7344  org.opensearch.index.IndexSettings$$Lambda/0x00007fcd2864fd60
 815:           459           7344  org.opensearch.index.IndexSettings$$Lambda/0x00007fcd28650000
 816:           459           7344  org.opensearch.index.IndexSettings$$Lambda/0x00007fcd28650230
 817:           459           7344  org.opensearch.index.IndexSettings$$Lambda/0x00007fcd28650460
 818:           459           7344  org.opensearch.index.IndexSettings$$Lambda/0x00007fcd28650690
 819:           459           7344  org.opensearch.index.IndexSettings$$Lambda/0x00007fcd286508c0
 820:           459           7344  org.opensearch.index.IndexSettings$$Lambda/0x00007fcd28650af0
 821:           459           7344  org.opensearch.index.IndexSettings$$Lambda/0x00007fcd28650d20
 822:           459           7344  org.opensearch.index.IndexSettings$$Lambda/0x00007fcd28650f50
 823:           459           7344  org.opensearch.index.IndexSettings$$Lambda/0x00007fcd28651180
 824:           459           7344  org.opensearch.index.IndexSettings$$Lambda/0x00007fcd286513b0
 825:           459           7344  org.opensearch.index.IndexSettings$$Lambda/0x00007fcd286515e0
 826:           459           7344  org.opensearch.index.IndexSettings$$Lambda/0x00007fcd28651810
 827:           459           7344  org.opensearch.index.IndexSettings$$Lambda/0x00007fcd28651a40
 828:           459           7344  org.opensearch.index.IndexSettings$$Lambda/0x00007fcd28651c70
 829:           459           7344  org.opensearch.index.IndexSettings$$Lambda/0x00007fcd28651ea0
 830:           459           7344  org.opensearch.index.IndexSettings$$Lambda/0x00007fcd286520d0
 831:           459           7344  org.opensearch.index.IndexSettings$$Lambda/0x00007fcd28652300
 832:           459           7344  org.opensearch.index.IndexSettings$$Lambda/0x00007fcd28652530
 833:           459           7344  org.opensearch.index.IndexSettings$$Lambda/0x00007fcd28652760
 834:           459           7344  org.opensearch.index.IndexSettings$$Lambda/0x00007fcd28652990
 835:           459           7344  org.opensearch.index.IndexSettings$$Lambda/0x00007fcd28652bc0
 836:           459           7344  org.opensearch.index.IndexSettings$$Lambda/0x00007fcd28652df0
 837:           459           7344  org.opensearch.index.IndexSettings$$Lambda/0x00007fcd28653020
 838:           459           7344  org.opensearch.index.IndexSettings$$Lambda/0x00007fcd28653250
 839:           459           7344  org.opensearch.index.IndexSettings$$Lambda/0x00007fcd28653480
 840:           459           7344  org.opensearch.index.IndexSettings$$Lambda/0x00007fcd286536b0
 841:           459           7344  org.opensearch.index.IndexSettings$$Lambda/0x00007fcd286538e0
 842:           459           7344  org.opensearch.index.IndexSettings$$Lambda/0x00007fcd28653b10
 843:           459           7344  org.opensearch.index.IndexSettings$$Lambda/0x00007fcd28653d40
 844:           459           7344  org.opensearch.index.IndexSettings$$Lambda/0x00007fcd28653f70
 845:           459           7344  org.opensearch.index.IndexSettings$$Lambda/0x00007fcd286541a0
 846:           459           7344  org.opensearch.index.IndexSettings$$Lambda/0x00007fcd286543d0
 847:           459           7344  org.opensearch.index.IndexSettings$$Lambda/0x00007fcd28654600
 848:           459           7344  org.opensearch.index.IndexSettings$$Lambda/0x00007fcd28654830
 849:           459           7344  org.opensearch.index.IndexSettings$$Lambda/0x00007fcd28654a60
 850:           459           7344  org.opensearch.index.IndexSettings$$Lambda/0x00007fcd28654c90
 851:           459           7344  org.opensearch.index.IndexSettings$$Lambda/0x00007fcd28654ec0
 852:           459           7344  org.opensearch.index.IndexSettings$$Lambda/0x00007fcd286550f0
 853:           459           7344  org.opensearch.index.IndexSortConfig
 854:           458           7328  org.apache.lucene.index.DocumentsWriterDeleteQueue$$Lambda/0x00007fcd290dd608
 855:           458           7328  org.apache.lucene.index.IndexFileDeleter$$Lambda/0x00007fcd290ced20
 856:           458           7328  org.apache.lucene.index.IndexWriter$$Lambda/0x00007fcd290c88d0
 857:           458           7328  org.apache.lucene.index.IndexWriter$$Lambda/0x00007fcd290ce278
 858:           458           7328  org.apache.lucene.index.IndexWriter$1
 859:           458           7328  org.apache.lucene.index.IndexWriter$IndexWriterMergeSource
 860:           458           7328  org.apache.lucene.search.UsageTrackingQueryCachingPolicy
 861:           458           7328  org.apache.lucene.util.SetOnce
 862:           458           7328  org.apache.lucene.util.SetOnce$Wrapper
 863:           458           7328  org.opensearch.security.configuration.DlsQueryParser
 864:             2           7320  [Ljava.lang.Character$UnicodeScript; (java.base@21.0.3)
 865:           457           7312  org.apache.lucene.misc.search.similarity.LegacyBM25Similarity
 866:           457           7312  org.apache.lucene.search.similarities.BooleanSimilarity
 867:           457           7312  org.opensearch.action.support.PlainActionFuture
 868:           457           7312  org.opensearch.common.FieldMemoryStats
 869:           457           7312  org.opensearch.common.lucene.index.OpenSearchDirectoryReader$SubReaderWrapper
 870:           457           7312  org.opensearch.index.IndexService$$Lambda/0x00007fcd2926a798
 871:           457           7312  org.opensearch.index.IndexService$BitsetCacheListener
 872:           457           7312  org.opensearch.index.IndexWarmer
 873:           457           7312  org.opensearch.index.IndexingSlowLog$$Lambda/0x00007fcd29254230
 874:           457           7312  org.opensearch.index.IndexingSlowLog$$Lambda/0x00007fcd29254460
 875:           457           7312  org.opensearch.index.IndexingSlowLog$$Lambda/0x00007fcd29254690
 876:           457           7312  org.opensearch.index.IndexingSlowLog$$Lambda/0x00007fcd292548c0
 877:           457           7312  org.opensearch.index.IndexingSlowLog$$Lambda/0x00007fcd29254af0
 878:           457           7312  org.opensearch.index.IndexingSlowLog$$Lambda/0x00007fcd29254d20
 879:           457           7312  org.opensearch.index.IndexingSlowLog$$Lambda/0x00007fcd29254f50
 880:           457           7312  org.opensearch.index.SearchSlowLog$$Lambda/0x00007fcd2924ec98
 881:           457           7312  org.opensearch.index.SearchSlowLog$$Lambda/0x00007fcd2924eec8
 882:           457           7312  org.opensearch.index.SearchSlowLog$$Lambda/0x00007fcd2924f0f8
 883:           457           7312  org.opensearch.index.SearchSlowLog$$Lambda/0x00007fcd2924f328
 884:           457           7312  org.opensearch.index.SearchSlowLog$$Lambda/0x00007fcd2924f558
 885:           457           7312  org.opensearch.index.SearchSlowLog$$Lambda/0x00007fcd2924f788
 886:           457           7312  org.opensearch.index.SearchSlowLog$$Lambda/0x00007fcd2924f9b8
 887:           457           7312  org.opensearch.index.SearchSlowLog$$Lambda/0x00007fcd2924fbe8
 888:           457           7312  org.opensearch.index.SearchSlowLog$$Lambda/0x00007fcd29254000
 889:           457           7312  org.opensearch.index.codec.CodecService
 890:           457           7312  org.opensearch.index.engine.InternalEngine$$Lambda/0x00007fcd292c8cb8
 891:           457           7312  org.opensearch.index.engine.InternalEngine$$Lambda/0x00007fcd292c9938
 892:           457           7312  org.opensearch.index.engine.InternalEngine$$Lambda/0x00007fcd29303000
 893:           457           7312  org.opensearch.index.engine.InternalEngine$$Lambda/0x00007fcd29303660
 894:           457           7312  org.opensearch.index.engine.InternalEngine$$Lambda/0x00007fcd29308858
 895:           457           7312  org.opensearch.index.engine.InternalEngine$$Lambda/0x00007fcd29309e30
 896:           457           7312  org.opensearch.index.engine.InternalEngine$$Lambda/0x00007fcd29329198
 897:           457           7312  org.opensearch.index.engine.InternalEngine$1
 898:           457           7312  org.opensearch.index.engine.InternalEngineFactory
 899:           457           7312  org.opensearch.index.engine.PrunePostingsMergePolicy$$Lambda/0x00007fcd2930bc00
 900:           457           7312  org.opensearch.index.mapper.DocumentMapperParser$$Lambda/0x00007fcd290a2870
 901:           457           7312  org.opensearch.index.mapper.DocumentMapperParser$$Lambda/0x00007fcd290a2ab0
 902:           457           7312  org.opensearch.index.mapper.IdFieldMapper$$Lambda/0x00007fcd290b3268
 903:           457           7312  org.opensearch.index.mapper.RootObjectMapper$TypeParser
 904:           457           7312  org.opensearch.index.shard.IndexShard$$Lambda/0x00007fcd29271df8
 905:           457           7312  org.opensearch.index.shard.IndexShard$$Lambda/0x00007fcd29273298
 906:           457           7312  org.opensearch.index.shard.IndexShard$$Lambda/0x00007fcd29275818
 907:           457           7312  org.opensearch.index.shard.IndexShard$$Lambda/0x00007fcd29275a48
 908:           457           7312  org.opensearch.index.shard.IndexShard$$Lambda/0x00007fcd29276098
 909:           457           7312  org.opensearch.index.shard.IndexShard$$Lambda/0x00007fcd292778f0
 910:           457           7312  org.opensearch.index.shard.IndexShard$$Lambda/0x00007fcd29277b10
 911:           457           7312  org.opensearch.index.shard.IndexShard$$Lambda/0x00007fcd2927d440
 912:           457           7312  org.opensearch.index.shard.IndexShard$$Lambda/0x00007fcd2927dcb0
 913:           457           7312  org.opensearch.index.shard.IndexShard$$Lambda/0x00007fcd2927e0f0
 914:           457           7312  org.opensearch.index.shard.IndexShard$$Lambda/0x00007fcd2927e768
 915:           457           7312  org.opensearch.index.shard.IndexShard$$Lambda/0x00007fcd29329a18
 916:           457           7312  org.opensearch.index.shard.InternalIndexingStats
 917:           457           7312  org.opensearch.index.similarity.SimilarityService$$Lambda/0x00007fcd290a0420
 918:           457           7312  org.opensearch.index.similarity.SimilarityService$$Lambda/0x00007fcd290a0a68
 919:           457           7312  org.opensearch.index.translog.InternalTranslogFactory
 920:           457           7312  org.opensearch.index.translog.ReplicationTranslogDeletionPolicy$$Lambda/0x00007fcd29001cd0
 921:           457           7312  org.opensearch.index.translog.TragicExceptionHolder
 922:           457           7312  org.opensearch.index.translog.Translog$$Lambda/0x00007fcd29305590
 923:           457           7312  org.opensearch.indices.IndicesService$$Lambda/0x00007fcd2924ea78
 924:           457           7312  org.opensearch.indices.IndicesService$$Lambda/0x00007fcd29255180
 925:           457           7312  org.opensearch.indices.IndicesService$$Lambda/0x00007fcd292553a0
 926:           457           7312  org.opensearch.indices.IndicesService$3
 927:           457           7312  org.opensearch.performanceanalyzer.listener.PerformanceAnalyzerSearchListener
 928:           457           7312  org.opensearch.security.OpenSearchSecurityPlugin$$Lambda/0x00007fcd2924b960
 929:           457           7312  org.opensearch.security.support.GuardedSearchOperationWrapper$InnerSearchOperationListener
 930:           297           7128  javax.management.ImmutableDescriptor (java.management@21.0.3)
 931:           444           7104  org.opensearch.common.concurrent.CompletableContext$$Lambda/0x00007fcd290fde28
 932:           444           7104  org.opensearch.core.action.ActionListener$$Lambda/0x00007fcd290fd108
 933:           295           7080  java.util.regex.Pattern$StartS (java.base@21.0.3)
 934:           433           6928  org.opensearch.common.inject.spi.ProviderLookup$ProviderImpl
 935:             2           6912  [Lorg.jcodings.unicode.UnicodeCodeRange;
 936:           123           6888  java.net.SocketPermission (java.base@21.0.3)
 937:           172           6880  org.opensearch.common.time.JavaDateFormatter
 938:           172           6880  org.opensearch.common.time.JavaDateFormatter$RoundUpFormatter
 939:           215           6880  sun.nio.fs.UnixFileKey (java.base@21.0.3)
 940:           428           6848  org.opensearch.action.support.HandledTransportAction$TransportHandler
 941:           425           6800  org.opensearch.core.action.ActionListener$$Lambda/0x00007fcd28290668
 942:           425           6800  org.opensearch.core.action.ActionListener$$Lambda/0x00007fcd28290888
 943:            48           6792  [Ljava.lang.ClassValue$Entry; (java.base@21.0.3)
 944:           283           6792  org.opensearch.common.settings.Setting$$Lambda/0x00007fcd28090238
 945:           277           6752  [Lcom.fasterxml.jackson.databind.JavaType;
 946:           136           6528  java.util.concurrent.ThreadPoolExecutor$Worker (java.base@21.0.3)
 947:           204           6528  org.opensearch.sql.expression.function.BuiltinFunctionName
 948:           266           6384  org.opensearch.core.common.io.stream.NamedWriteableRegistry$Entry
 949:           397           6352  org.opensearch.sql.expression.function.FunctionDSL$$Lambda/0x00007fcd28b2d3f8
 950:           158           6320  sun.reflect.generics.repository.MethodRepository (java.base@21.0.3)
 951:           263           6312  com.google.common.collect.ImmutableMapEntry
 952:           195           6240  com.sun.jmx.mbeanserver.ConvertingMethod (java.management@21.0.3)
 953:           252           6048  java.lang.StringBuilder (java.base@21.0.3)
 954:           377           6032  io.netty.channel.VoidChannelPromise$1
 955:           377           6032  io.netty.channel.nio.AbstractNioChannel$1
 956:           377           6032  org.opensearch.transport.netty4.Netty4TcpChannel$$Lambda/0x00007fcd29083b58
 957:           376           6016  io.netty.channel.DefaultMaxMessagesRecvByteBufAllocator$MaxMessageHandle$1
 958:           375           6000  io.netty.channel.nio.AbstractNioByteChannel$1
 959:           375           6000  org.opensearch.transport.InboundAggregator$$Lambda/0x00007fcd29104d90
 960:           375           6000  org.opensearch.transport.TcpTransport$$Lambda/0x00007fcd290ff840
 961:           375           6000  org.opensearch.transport.netty4.Netty4MessageChannelHandler$$Lambda/0x00007fcd291009a0
 962:           375           6000  org.opensearch.transport.netty4.Netty4MessageChannelHandler$$Lambda/0x00007fcd29101660
 963:           375           6000  org.opensearch.transport.netty4.Netty4MessageChannelHandler$$Lambda/0x00007fcd291023e0
 964:           375           6000  org.opensearch.transport.netty4.Netty4Transport$$Lambda/0x00007fcd290fa388
 965:           375           6000  sun.security.ssl.HandshakeHash$CacheOnlyHash (java.base@21.0.3)
 966:           185           5920  org.opensearch.painless.lookup.PainlessConstructor
 967:            41           5904  org.opensearch.repositories.s3.async.SizeBasedBlockingQ$Consumer
 968:             3           5744  [[Lorg.opensearch.search.aggregations.bucket.terms.StringTerms$Bucket;
 969:           141           5640  org.opensearch.search.internal.ExitableDirectoryReader$ExitableLeafReader
 970:           233           5592  org.apache.logging.log4j.core.config.plugins.util.PluginType
 971:           345           5520  org.opensearch.sql.expression.function.FunctionDSL$$Lambda/0x00007fcd28b2d1a0
 972:           172           5504  sun.reflect.generics.tree.MethodTypeSignature (java.base@21.0.3)
 973:           339           5424  [Ljava.security.Principal; (java.base@21.0.3)
 974:           339           5424  java.security.ProtectionDomain$Key (java.base@21.0.3)
 975:            75           5400  org.opensearch.index.mapper.DateFieldMapper
 976:           134           5360  org.apache.logging.log4j.status.StatusData
 977:           328           5248  java.lang.Character$UnicodeBlock (java.base@21.0.3)
 978:           163           5216  com.fasterxml.jackson.core.io.SerializedString
 979:            65           5200  com.fasterxml.jackson.databind.deser.impl.FieldProperty
 980:           108           5184  com.fasterxml.jackson.databind.type.SimpleType
 981:           323           5168  org.opensearch.core.xcontent.AbstractObjectParser$$Lambda/0x00007fcd28487280
 982:           160           5120  java.net.HostPortrange (java.base@21.0.3)
 983:           320           5120  org.opensearch.common.time.OpenSearchDateTimeFormatter
 984:            53           5088  org.opensearch.common.util.concurrent.OpenSearchThreadPoolExecutor
 985:            70           5040  java.lang.invoke.BoundMethodHandle$Species_LLLLLLLLL (java.base@21.0.3)
 986:           210           5040  org.apache.lucene.analysis.pt.RSLPStemmerBase$Rule
 987:           210           5040  org.opensearch.core.xcontent.NamedXContentRegistry$Entry
 988:            62           4960  com.fasterxml.jackson.databind.deser.impl.MethodProperty
 989:           155           4960  com.fasterxml.jackson.databind.type.TypeBindings
 990:            77           4928  java.nio.DirectByteBuffer (java.base@21.0.3)
 991:            68           4896  com.fasterxml.jackson.databind.introspect.AnnotatedClass
 992:           304           4864  org.opensearch.sql.expression.function.FunctionDSL$$Lambda/0x00007fcd28b1abc0
 993:           148           4736  org.opensearch.OpenSearchException$OpenSearchExceptionHandle
 994:           147           4704  java.lang.module.ModuleDescriptor$Requires (java.base@21.0.3)
 995:           195           4680  java.util.concurrent.ConcurrentSkipListMap$Index (java.base@21.0.3)
 996:           195           4680  sun.security.util.math.intpoly.IntegerPolynomial$ImmutableElement (java.base@21.0.3)
 997:           172           4624  [Lsun.reflect.generics.tree.TypeSignature; (java.base@21.0.3)
 998:            72           4608  java.lang.module.ModuleDescriptor (java.base@21.0.3)
 999:           190           4560  jdk.internal.module.ServicesCatalog$ServiceProvider (java.base@21.0.3)
1000:           283           4528  org.opensearch.common.settings.Setting$$Lambda/0x00007fcd28090000
1001:           141           4512  org.opensearch.security.configuration.DlsFlsFilterLeafReader$DlsGetEvaluator
1002:           187           4488  org.opensearch.common.settings.Setting$MinTimeValueParser
1003:            16           4480  java.util.concurrent.ConcurrentHashMap$CounterCell (java.base@21.0.3)
1004:           185           4440  org.opensearch.painless.spi.WhitelistConstructor
1005:           183           4392  org.opensearch.transport.TcpTransport$$Lambda/0x00007fcd291974d0
1006:           181           4344  org.opensearch.sql.expression.function.DefaultFunctionResolver
1007:           271           4336  org.opensearch.sql.expression.function.FunctionDSL$$Lambda/0x00007fcd28b19ef8
1008:            67           4288  sun.security.ssl.SSLExtension (java.base@21.0.3)
1009:           107           4280  sun.util.locale.LocaleObjectCache$CacheEntry (java.base@21.0.3)
1010:           132           4224  jdk.internal.reflect.DirectMethodHandleAccessor (java.base@21.0.3)
1011:           151           4216  [Ljava.lang.reflect.TypeVariable; (java.base@21.0.3)
1012:            75           4200  org.opensearch.index.mapper.DateFieldMapper$DateFieldType
1013:           105           4200  sun.security.util.DerInputStream (java.base@21.0.3)
1014:           103           4120  org.jcodings.EncodingDB$Entry
1015:           256           4096  java.lang.Byte (java.base@21.0.3)
1016:           256           4096  java.lang.Short (java.base@21.0.3)
1017:            85           4080  org.opensearch.common.settings.Setting$AffixSetting
1018:            42           4032  java.net.FactoryURLClassLoader (java.base@21.0.3)
1019:           207           4024  [Lcom.sun.jmx.mbeanserver.MXBeanMapping; (java.management@21.0.3)
1020:           166           3984  sun.security.jca.ProviderList$ServiceList$1 (java.base@21.0.3)
1021:           165           3960  org.opensearch.rest.RestHandler$Route
1022:           165           3960  sun.security.util.Cache$EqualByteArray (java.base@21.0.3)
1023:           164           3936  java.lang.Character$UnicodeScript (java.base@21.0.3)
1024:            97           3880  org.opensearch.index.mapper.BooleanFieldMapper
1025:            97           3880  org.opensearch.index.mapper.BooleanFieldMapper$BooleanFieldType
1026:           241           3856  java.security.SecureClassLoader$CodeSourceKey (java.base@21.0.3)
1027:            33           3824  [Lcom.google.common.collect.ImmutableMapEntry;
1028:           158           3792  sun.reflect.generics.scope.MethodScope (java.base@21.0.3)
1029:            94           3760  java.lang.invoke.VarHandle$AccessDescriptor (java.base@21.0.3)
1030:            39           3744  com.fasterxml.jackson.databind.deser.BeanDeserializer
1031:            78           3744  java.lang.invoke.BoundMethodHandle$Species_LJ (java.base@21.0.3)
1032:            93           3720  com.sun.management.internal.DiagnosticCommandArgumentInfo (jdk.management@21.0.3)
1033:            42           3696  org.opensearch.plugins.ExtendedPluginsClassLoader
1034:           151           3624  com.fasterxml.jackson.databind.PropertyName
1035:           150           3600  java.lang.ThreadLocal$ThreadLocalMap (java.base@21.0.3)
1036:            75           3600  java.lang.invoke.BoundMethodHandle$Species_LLJ (java.base@21.0.3)
1037:           149           3576  org.apache.lucene.util.FixedBits
1038:           149           3576  org.opensearch.rest.DeprecationRestHandler
1039:            88           3520  java.io.ObjectStreamField (java.base@21.0.3)
1040:            88           3520  org.opensearch.common.settings.Setting$ListSetting
1041:            62           3472  com.fasterxml.jackson.databind.type.CollectionType
1042:            62           3472  jdk.internal.module.ModuleReferenceImpl (java.base@21.0.3)
1043:           102           3440  [Lcom.fasterxml.jackson.databind.introspect.AnnotationMap;
1044:            86           3440  org.opensearch.core.xcontent.ObjectParser
1045:            39           3432  com.fasterxml.jackson.databind.deser.std.StdValueInstantiator
1046:           143           3432  java.net.SocketPermissionCollection (java.base@21.0.3)
1047:           141           3384  org.opensearch.common.lucene.ShardCoreKeyMap$$Lambda/0x00007fcd293c3c98
1048:           210           3360  java.time.format.DateTimeFormatterBuilder$CharLiteralPrinterParser (java.base@21.0.3)
1049:           105           3360  sun.security.util.DerValue (java.base@21.0.3)
1050:            59           3352  [Ljavax.management.MBeanAttributeInfo; (java.management@21.0.3)
1051:           137           3288  java.lang.invoke.Invokers (java.base@21.0.3)
1052:           137           3288  java.lang.management.LockInfo (java.management@21.0.3)
1053:            51           3264  javax.management.openmbean.OpenMBeanAttributeInfoSupport (java.management@21.0.3)
1054:           204           3264  org.opensearch.sql.expression.function.FunctionName
1055:           202           3232  java.util.concurrent.ConcurrentHashMap$ValuesView (java.base@21.0.3)
1056:           101           3232  javax.management.MBeanAttributeInfo (java.management@21.0.3)
1057:            32           3200  [Lio.netty.buffer.PoolThreadCache$MemoryRegionCache;
1058:            22           3168  [Ljava.lang.invoke.MemberName; (java.base@21.0.3)
1059:           122           3168  [Ljava.util.Map$Entry; (java.base@21.0.3)
1060:            66           3168  java.lang.invoke.BoundMethodHandle$Species_LLLL (java.base@21.0.3)
1061:            99           3168  java.util.Collections$SynchronizedMap (java.base@21.0.3)
1062:            99           3168  java.util.concurrent.LinkedTransferQueue$DualNode (java.base@21.0.3)
1063:            66           3168  org.opensearch.index.seqno.ReplicationTracker$CheckpointState
1064:            28           3136  [Lio.netty.buffer.IntPriorityQueue;
1065:            98           3136  com.fasterxml.jackson.databind.introspect.AnnotatedConstructor
1066:            87           3128  [Lorg.joda.time.format.InternalParser;
1067:            11           3080  java.util.concurrent.atomic.Striped64$Cell (java.base@21.0.3)
1068:            77           3080  jdk.internal.vm.SharedThreadContainer (java.base@21.0.3)
1069:            24           3072  io.netty.util.internal.InternalThreadLocalMap
1070:           192           3072  org.opensearch.transport.TcpTransport$ChannelsConnectedListener$$Lambda/0x00007fcd29139920
1071:            95           3040  jdk.internal.loader.NativeLibraries (java.base@21.0.3)
1072:            47           3008  java.lang.ClassValue$ClassValueMap (java.base@21.0.3)
1073:           187           2992  org.opensearch.common.settings.Setting$$Lambda/0x00007fcd280bcd38
1074:           184           2944  org.opensearch.common.settings.Setting$$Lambda/0x00007fcd280bcaf8
1075:            36           2880  com.google.common.cache.LocalCache$Segment
1076:            60           2880  org.joda.time.format.DateTimeFormatter
1077:            72           2880  org.opensearch.cluster.metadata.AliasMetadata
1078:            90           2880  sun.nio.fs.NativeBuffer (java.base@21.0.3)
1079:           119           2856  java.util.LinkedHashMap$LinkedEntrySet (java.base@21.0.3)
1080:           176           2816  org.opensearch.common.inject.ConstantFactory
1081:            70           2800  jdk.internal.ref.Cleaner (java.base@21.0.3)
1082:            58           2784  javax.management.MBeanInfo (java.management@21.0.3)
1083:           115           2760  java.util.AbstractMap$SimpleImmutableEntry (java.base@21.0.3)
1084:           115           2760  java.util.PropertyPermissionCollection (java.base@21.0.3)
1085:           113           2712  com.fasterxml.jackson.databind.type.TypeBindings$AsKey
1086:           113           2712  com.google.common.collect.ImmutableMapEntry$NonTerminalImmutableMapEntry
1087:           110           2640  jdk.internal.loader.AbstractClassLoaderValue$Sub (java.base@21.0.3)
1088:            55           2640  org.opensearch.cluster.node.DiscoveryNode
1089:            82           2624  com.fasterxml.jackson.databind.ser.impl.ReadOnlyClassToSerializerMap$Bucket
1090:            82           2624  com.fasterxml.jackson.databind.util.TypeKey
1091:            82           2624  org.opensearch.common.time.FormatNames
1092:           160           2560  java.net.URLPermission$Authority (java.base@21.0.3)
1093:           160           2560  org.opensearch.common.settings.Setting$$Lambda/0x00007fcd2802c2f8
1094:            29           2552  org.apache.lucene.codecs.lucene90.Lucene90DocValuesProducer$TermsDict
1095:            14           2528  [Lcom.fasterxml.jackson.core.sym.CharsToNameCanonicalizer$Bucket;
1096:            79           2528  org.opensearch.performanceanalyzer.commons.stats.metrics.StatExceptionCode
1097:           105           2520  [Lsun.security.x509.AVA; (java.base@21.0.3)
1098:            63           2520  java.util.Collections$SingletonMap (java.base@21.0.3)
1099:           105           2520  sun.security.x509.AVA (java.base@21.0.3)
1100:           105           2520  sun.security.x509.RDN (java.base@21.0.3)
1101:            78           2496  java.lang.ClassValue$Entry (java.base@21.0.3)
1102:            16           2432  io.netty.channel.nio.NioEventLoop
1103:            76           2432  org.apache.lucene.analysis.pt.RSLPStemmerBase$RuleWithSuffixExceptions
1104:            95           2280  java.security.UnresolvedPermissionCollection (java.base@21.0.3)
1105:            71           2272  sun.util.locale.BaseLocale (java.base@21.0.3)
1106:            47           2256  com.sun.management.internal.DiagnosticCommandInfo (jdk.management@21.0.3)
1107:            94           2256  org.apache.logging.log4j.core.time.MutableInstant
1108:           141           2256  org.opensearch.security.configuration.DlsFlsFilterLeafReader$HashingCallback
1109:           141           2256  org.opensearch.security.configuration.DlsFlsFilterLeafReader$MaskedFieldsMap
1110:            28           2240  io.netty.buffer.PoolChunk
1111:            28           2240  java.lang.invoke.BoundMethodHandle$Species_LLLLLLLLLLL (java.base@21.0.3)
1112:            70           2240  java.nio.DirectByteBuffer$Deallocator (java.base@21.0.3)
1113:            92           2208  org.opensearch.core.xcontent.ConstructingObjectParser$ConstructorArgInfo
1114:            68           2176  java.lang.invoke.LambdaForm$Kind (java.base@21.0.3)
1115:            68           2176  org.opensearch.common.settings.Setting$$Lambda/0x00007fcd280c8fa0
1116:            54           2160  org.opensearch.threadpool.ThreadPool$Info
1117:            90           2160  sun.nio.fs.NativeBuffer$Deallocator (java.base@21.0.3)
1118:            89           2136  java.util.ImmutableCollections$ListN (java.base@21.0.3)
1119:            89           2136  org.apache.logging.log4j.message.ParameterizedNoReferenceMessageFactory$StatusMessage
1120:            53           2120  sun.security.util.NamedCurve (java.base@21.0.3)
1121:            66           2112  org.joda.time.format.DateTimeFormatterBuilder$Composite
1122:            88           2112  org.opensearch.common.settings.Setting$ListKey
1123:            87           2088  java.time.LocalDateTime (java.base@21.0.3)
1124:            87           2088  org.opensearch.action.ActionType
1125:            47           2064  [Lorg.joda.time.format.InternalPrinter;
1126:           128           2048  java.lang.Character (java.base@21.0.3)
1127:            64           2048  org.opensearch.Version
1128:            85           2040  org.opensearch.common.settings.Setting$AffixKey
1129:            28           2016  java.lang.invoke.BoundMethodHandle$Species_LLLLLLLLLL (java.base@21.0.3)
1130:            42           2016  java.time.temporal.ValueRange (java.base@21.0.3)
1131:            84           2016  org.apache.logging.log4j.core.pattern.PatternFormatter
1132:            63           2016  org.apache.lucene.codecs.lucene99.Lucene99PostingsReader
1133:            42           2016  org.opensearch.plugins.PluginInfo
1134:            61           1952  jdk.internal.loader.BuiltinClassLoader$LoadedModule (java.base@21.0.3)
1135:            15           1944  [Lorg.opensearch.index.fielddata.LeafOrdinalsFieldData;
1136:           121           1936  org.opensearch.index.analysis.PreBuiltAnalyzerProvider
1137:             4           1928  [Lorg.jcodings.util.Hash$HashEntry;
1138:            40           1920  org.apache.lucene.util.packed.BulkOperationPacked
1139:            48           1920  org.opensearch.common.settings.Setting$LongParser
1140:            24           1920  sun.nio.ch.EPollSelectorImpl (java.base@21.0.3)
1141:            34           1904  sun.security.ssl.NamedGroup (java.base@21.0.3)
1142:            79           1896  java.util.Currency$OtherCurrencyEntry (java.base@21.0.3)
1143:            39           1872  com.fasterxml.jackson.databind.deser.impl.BeanPropertyMap
1144:            78           1872  org.opensearch.common.time.JavaDateMathParser
1145:            46           1840  org.opensearch.common.settings.Setting$DoubleParser
1146:            28           1792  java.util.zip.Deflater (java.base@21.0.3)
1147:            56           1792  joptsimple.internal.AbbreviationMap
1148:            28           1792  org.apache.logging.log4j.jul.CoreLogger
1149:            56           1792  org.opensearch.common.compress.DeflateCompressor$ReleasableReference
1150:            37           1776  java.util.concurrent.ConcurrentSkipListMap (java.base@21.0.3)
1151:            55           1760  [Lsun.nio.fs.NativeBuffer; (java.base@21.0.3)
1152:           110           1760  java.util.TreeSet (java.base@21.0.3)
1153:            73           1752  com.google.common.collect.ImmutableMapEntry
1154:            54           1728  sun.reflect.annotation.AnnotationType (java.base@21.0.3)
1155:            43           1720  jdk.internal.loader.URLClassPath (java.base@21.0.3)
1156:            53           1696  java.security.spec.EllipticCurve (java.base@21.0.3)
1157:            42           1680  java.lang.WeakPairMap$Pair$Weak (java.base@21.0.3)
1158:            52           1664  java.util.concurrent.locks.AbstractQueuedSynchronizer$ConditionNode (java.base@21.0.3)
1159:            52           1664  sun.util.locale.BaseLocale$Key (java.base@21.0.3)
1160:            23           1656  sun.net.www.protocol.jar.URLJarFile (java.base@21.0.3)
1161:            68           1632  org.opensearch.common.settings.Setting$$Lambda/0x00007fcd2853ec48
1162:            29           1624  com.fasterxml.jackson.databind.type.MapType
1163:            67           1600  [Ljavax.management.ObjectName$Property; (java.management@21.0.3)
1164:            33           1584  org.opensearch.index.shard.ReplicationGroup
1165:            66           1584  sun.security.ec.point.ProjectivePoint$Immutable (jdk.crypto.ec@21.0.3)
1166:            49           1568  org.apache.logging.slf4j.Log4jLogger
1167:            49           1568  org.opensearch.index.analysis.PreConfiguredTokenFilter
1168:            39           1560  java.util.EnumMap (java.base@21.0.3)
1169:            39           1560  javax.management.MBeanOperationInfo (java.management@21.0.3)
1170:            65           1560  org.opensearch.common.util.concurrent.OpenSearchExecutors$OpenSearchThreadFactory
1171:            65           1560  org.opensearch.performanceanalyzer.commons.stats.eval.impl.Sum
1172:            64           1536  com.fasterxml.jackson.databind.introspect.AnnotatedClass$Creators
1173:            32           1536  java.util.logging.LogManager$LoggerWeakRef (java.logging@21.0.3)
1174:            96           1536  java.util.regex.Pattern$Begin (java.base@21.0.3)
1175:            48           1536  javax.management.MBeanParameterInfo (java.management@21.0.3)
1176:            32           1536  org.apache.lucene.analysis.snowball.SnowballFilter
1177:            64           1536  org.objectweb.asm.commons.Method
1178:            64           1536  org.opensearch.common.recycler.DequeRecycler
1179:            64           1536  org.opensearch.common.recycler.Recyclers$1
1180:            24           1536  sun.security.ec.SunEC$ProviderServiceA (jdk.crypto.ec@21.0.3)
1181:             1           1528  [Ljava.lang.Character$UnicodeBlock; (java.base@21.0.3)
1182:            63           1520  [Lorg.opensearch.common.time.OpenSearchDateTimeFormatter;
1183:            38           1520  java.math.BigDecimal (java.base@21.0.3)
1184:            47           1504  com.sun.management.internal.DiagnosticCommandImpl$Wrapper (jdk.management@21.0.3)
1185:            47           1504  org.opensearch.core.rest.RestStatus
1186:            62           1488  com.facebook.presto.matching.pattern.TypeOfPattern
1187:            62           1488  java.lang.module.ModuleDescriptor$Provides (java.base@21.0.3)
1188:            62           1488  java.lang.module.ResolvedModule (java.base@21.0.3)
1189:            62           1488  jdk.internal.module.SystemModuleFinders$2 (java.base@21.0.3)
1190:            62           1488  jdk.internal.module.SystemModuleFinders$SystemModuleReader (java.base@21.0.3)
1191:            37           1480  java.time.format.DateTimeFormatterBuilder$NanosPrinterParser (java.base@21.0.3)
1192:            46           1472  jdk.internal.reflect.MethodHandleObjectFieldAccessorImpl (java.base@21.0.3)
1193:            91           1456  org.opensearch.common.settings.Setting$$Lambda/0x00007fcd2802bc50
1194:            91           1456  org.opensearch.common.settings.Setting$ListSetting$$Lambda/0x00007fcd2802c0b8
1195:            91           1456  org.opensearch.core.xcontent.ConstructingObjectParser$$Lambda/0x00007fcd284b72c8
1196:            16           1448  [Ljava.lang.Byte; (java.base@21.0.3)
1197:             7           1448  [Lorg.apache.lucene.analysis.pt.RSLPStemmerBase$Rule;
1198:            30           1440  java.lang.invoke.VarHandleReferences$FieldInstanceReadWrite (java.base@21.0.3)
1199:            30           1440  java.time.temporal.ChronoField (java.base@21.0.3)
1200:            36           1440  java.util.regex.Pattern$Loop (java.base@21.0.3)
1201:            45           1440  org.apache.logging.log4j.core.config.builder.api.Component
1202:            45           1440  org.opensearch.index.analysis.PreBuiltAnalyzerProviderFactory
1203:            45           1440  org.opensearch.plugins.SearchPlugin$AggregationSpec
1204:            30           1440  sun.security.x509.X500Name (java.base@21.0.3)
1205:            42           1424  [Ljava.math.BigInteger; (java.base@21.0.3)
1206:            44           1408  org.apache.lucene.analysis.pt.RSLPStemmerBase$RuleWithSetExceptions
1207:            22           1408  sun.security.ssl.SignatureScheme (java.base@21.0.3)
1208:            48           1400  [Ljavax.management.MBeanOperationInfo; (java.management@21.0.3)
1209:            35           1400  org.opensearch.performanceanalyzer.commons.stats.metrics.StatMetrics
1210:            58           1392  java.time.LocalDate (java.base@21.0.3)
1211:            58           1392  java.util.Collections$UnmodifiableSortedSet (java.base@21.0.3)
1212:            58           1392  org.opensearch.plugins.SearchPlugin$QuerySpec
1213:             1           1376  [Ljdk.internal.math.FDBigInteger; (java.base@21.0.3)
1214:            43           1376  java.security.UnresolvedPermission (java.base@21.0.3)
1215:             1           1368  [Lsun.security.ssl.CipherSuite; (java.base@21.0.3)
1216:            57           1368  com.fasterxml.jackson.core.sym.CharsToNameCanonicalizer$Bucket
1217:            34           1360  com.fasterxml.jackson.databind.MapperFeature
1218:            34           1360  com.fasterxml.jackson.databind.MapperFeature
1219:            34           1360  com.fasterxml.jackson.databind.MapperFeature
1220:            17           1360  com.fasterxml.jackson.databind.util.internal.PrivateMaxEntriesMap
1221:            42           1344  java.lang.WeakPairMap$Pair$Weak$1 (java.base@21.0.3)
1222:            21           1344  org.apache.logging.log4j.core.util.datetime.FixedDateFormat$FixedFormat
1223:            56           1344  org.apache.lucene.util.packed.DirectReader$DirectPackedReader1
1224:            24           1344  org.opensearch.monitor.jvm.JvmStats$MemoryPool
1225:            33           1320  java.util.logging.Logger$ConfigurationData (java.logging@21.0.3)
1226:            55           1320  java.util.regex.Pattern$Bound (java.base@21.0.3)
1227:            55           1320  javax.management.ObjectName$Property (java.management@21.0.3)
1228:            33           1320  org.opensearch.common.util.concurrent.ThreadContext$ThreadContextStruct
1229:            41           1312  java.util.concurrent.FutureTask (java.base@21.0.3)
1230:            41           1312  java.util.concurrent.locks.AbstractQueuedSynchronizer$ExclusiveNode (java.base@21.0.3)
1231:            41           1312  sun.security.x509.URIName (java.base@21.0.3)
1232:            27           1296  com.fasterxml.jackson.databind.deser.std.StringCollectionDeserializer
1233:            54           1296  java.net.NetPermission (java.base@21.0.3)
1234:            54           1296  java.security.spec.ECPoint (java.base@21.0.3)
1235:            27           1296  org.opensearch.script.ScriptCache
1236:            54           1296  org.opensearch.threadpool.ThreadPool$ExecutorHolder
1237:             4           1288  [Ljava.util.concurrent.atomic.AtomicLong; (java.base@21.0.3)
1238:            16           1280  [Lio.netty.handler.codec.CodecOutputList;
1239:            53           1272  java.util.regex.Pattern$Dollar (java.base@21.0.3)
1240:            53           1272  org.bouncycastle.asn1.ASN1ObjectIdentifier$OidHandle
1241:            53           1272  sun.nio.ch.Util$BufferCache (java.base@21.0.3)
1242:            79           1264  org.opensearch.sql.expression.function.FunctionDSL$$Lambda/0x00007fcd28b40848
1243:            40           1248  [Lcom.fasterxml.jackson.databind.deser.SettableBeanProperty;
1244:            22           1232  java.lang.invoke.BoundMethodHandle$Species_LLLJ (java.base@21.0.3)
1245:            77           1232  org.opensearch.core.xcontent.NamedXContentRegistry$Entry$$Lambda/0x00007fcd28484208
1246:             8           1216  io.netty.channel.nio.NioEventLoop
1247:            15           1200  java.util.concurrent.ThreadPoolExecutor (java.base@21.0.3)
1248:            47           1184  [Lcom.sun.management.internal.DiagnosticCommandArgumentInfo; (jdk.management@21.0.3)
1249:            37           1184  org.opensearch.knn.plugin.stats.StatNames
1250:            73           1168  org.opensearch.common.settings.Setting$$Lambda/0x00007fcd2802c538
1251:            18           1152  [Lio.netty.util.internal.PriorityQueueNode;
1252:            24           1152  com.fasterxml.jackson.databind.ser.BeanSerializer
1253:            16           1152  com.fasterxml.jackson.databind.ser.std.MapSerializer
1254:             9           1152  com.google.common.cache.LocalCache
1255:            24           1152  java.lang.invoke.BoundMethodHandle$SpeciesData (java.base@21.0.3)
1256:            72           1152  java.util.concurrent.atomic.AtomicLongArray (java.base@21.0.3)
1257:            48           1152  org.opensearch.common.settings.Setting$ByteSizeValueParser
1258:            48           1152  org.opensearch.common.util.concurrent.ThreadContext$$Lambda/0x00007fcd28fdf490
1259:            36           1152  org.opensearch.sql.legacy.metrics.MetricName
1260:            18           1152  sun.security.ec.SunEC$ProviderService (jdk.crypto.ec@21.0.3)
1261:             2           1144  [Lsun.security.util.KnownOIDs; (java.base@21.0.3)
1262:            71           1136  org.opensearch.common.settings.Setting$$Lambda/0x00007fcd2802b7c8
1263:            28           1128  [Lorg.opensearch.common.settings.Setting;
1264:            47           1128  com.fasterxml.jackson.databind.ser.impl.PropertySerializerMap$Single
1265:            47           1128  sun.security.util.LazyCodeSourcePermissionCollection (java.base@21.0.3)
1266:            14           1120  com.fasterxml.jackson.databind.util.internal.PrivateMaxEntriesMap
1267:            28           1120  io.netty.buffer.LongLongHashMap
1268:            70           1120  org.opensearch.core.common.transport.TransportAddress
1269:            14           1120  sun.security.x509.X509CertImpl (java.base@21.0.3)
1270:            46           1104  com.fasterxml.jackson.databind.introspect.TypeResolutionContext$Basic
1271:            46           1104  org.apache.logging.log4j.message.SimpleMessage
1272:            34           1088  java.security.AlgorithmParameters (java.base@21.0.3)
1273:            34           1088  java.util.concurrent.atomic.AtomicReferenceFieldUpdater$AtomicReferenceFieldUpdaterImpl (java.base@21.0.3)
1274:            34           1088  javax.management.ObjectName (java.management@21.0.3)
1275:            68           1088  org.opensearch.common.settings.Setting$$Lambda/0x00007fcd280c8d60
1276:            34           1088  sun.security.ssl.Alert (java.base@21.0.3)
1277:            15           1080  com.fasterxml.jackson.databind.deser.std.MapDeserializer
1278:            27           1080  org.opensearch.painless.lookup.PainlessLookup
1279:            27           1080  org.opensearch.script.ScriptContext
1280:            15           1080  sun.security.ssl.SSLCipher (java.base@21.0.3)
1281:            45           1080  sun.security.x509.AlgorithmId (java.base@21.0.3)
1282:            15           1072  [Ljava.lang.StackTraceElement; (java.base@21.0.3)
1283:            26           1072  [Ljava.lang.invoke.MethodType; (java.base@21.0.3)
1284:             2           1056  [Lio.netty.buffer.PoolArena;
1285:            44           1056  java.lang.management.ManagementPermission (java.management@21.0.3)
1286:            22           1056  java.util.Hashtable (java.base@21.0.3)
1287:            66           1056  org.apache.lucene.analysis.tokenattributes.KeywordAttributeImpl
1288:            33           1056  org.objectweb.asm.Type
1289:            66           1056  org.opensearch.common.settings.Setting$$Lambda/0x00007fcd2854d890
1290:            11           1056  sun.util.calendar.Gregorian$Date (java.base@21.0.3)
1291:            12           1048  [D (java.base@21.0.3)
1292:             1           1040  [Ljava.lang.Integer; (java.base@21.0.3)
1293:             1           1040  [Ljava.lang.Long; (java.base@21.0.3)
1294:             1           1040  [Ljava.lang.Short; (java.base@21.0.3)
1295:            26           1040  com.sun.jmx.mbeanserver.MXBeanSupport (java.management@21.0.3)
1296:            13           1040  com.sun.jna.Structure$FFIType
1297:            43           1032  com.sun.jmx.mbeanserver.PerInterface$MethodAndSig (java.management@21.0.3)
1298:            43           1032  org.apache.lucene.util.CharsRef
1299:            32           1024  org.opensearch.core.xcontent.ConstructingObjectParser
1300:            32           1024  org.opensearch.security.securityconf.impl.v7.RoleV7
1301:            32           1024  sun.security.provider.PolicyFile (java.base@21.0.3)
1302:            32           1024  sun.security.provider.PolicyFile$PolicyInfo (java.base@21.0.3)
1303:            41           1008  [Ljavax.management.MBeanParameterInfo; (java.management@21.0.3)
1304:            14           1008  com.fasterxml.jackson.core.sym.ByteQuadsCanonicalizer
1305:            63           1008  com.fasterxml.jackson.databind.introspect.AnnotatedMethodMap
1306:            42           1008  java.time.format.DateTimeFormatterBuilder$OffsetIdPrinterParser (java.base@21.0.3)
1307:            63           1008  java.util.TreeMap$Values (java.base@21.0.3)
1308:            42           1008  org.opensearch.semver.SemverRange
1309:            21           1008  org.opensearch.sql.legacy.metrics.RollingCounter
1310:            21           1008  sun.security.ssl.SSLHandshake (java.base@21.0.3)
1311:            25           1000  org.opensearch.ratelimitting.admissioncontrol.transport.AdmissionControlTransportHandler
1312:            31            992  io.netty.channel.ChannelOption
1313:            31            992  java.lang.invoke.VarHandle$AccessMode (java.base@21.0.3)
1314:            31            992  java.security.Policy$PolicyDelegate (java.base@21.0.3)
1315:            62            992  jdk.proxy2.$Proxy1 (jdk.proxy2)
1316:            41            984  org.opensearch.common.settings.Setting$$Lambda/0x00007fcd280c4000
1317:            42            968  [Lsun.security.ssl.ProtocolVersion; (java.base@21.0.3)
1318:            24            960  [Ljava.lang.invoke.BoundMethodHandle$SpeciesData; (java.base@21.0.3)
1319:            30            960  [Lsun.security.x509.RDN; (java.base@21.0.3)
1320:            20            960  java.io.ClassCache$CacheRef (java.base@21.0.3)
1321:            12            960  java.lang.invoke.BoundMethodHandle$Species_LLLLLLLLLLLL (java.base@21.0.3)
1322:            20            960  javax.management.openmbean.ArrayType (java.management@21.0.3)
1323:            60            960  jdk.internal.module.SystemModuleFinders$3 (java.base@21.0.3)
1324:            40            960  org.apache.logging.log4j.core.pattern.SimpleLiteralPatternConverter$StringValue
1325:            30            960  org.opensearch.LegacyESVersion
1326:            30            960  org.opensearch.core.xcontent.ObjectParser$ValueType
1327:            60            960  org.opensearch.indices.analysis.PreBuiltCacheFactory$PreBuiltCacheStrategyOne
1328:            24            960  org.opensearch.monitor.jvm.JvmStats$BufferPool
1329:            30            960  org.opensearch.security.securityconf.ConfigModelV7$IndexPattern
1330:            24            960  org.opensearch.security.ssl.SecureSSLSettings$InsecureFallbackStringSetting
1331:            24            960  org.opensearch.securityanalytics.model.LogType
1332:            40            960  org.opensearch.sql.opensearch.setting.OpenSearchSettings$Updater
1333:            30            960  org.opensearch.timeseries.stats.StatNames
1334:            59            944  org.opensearch.common.settings.Setting$$Lambda/0x00007fcd280bf0d0
1335:            29            928  com.fasterxml.jackson.databind.DeserializationFeature
1336:            29            928  com.fasterxml.jackson.databind.DeserializationFeature
1337:            58            928  org.opensearch.search.SearchModule$$Lambda/0x00007fcd287662c8
1338:            31            920  [Ljava.io.ObjectStreamField; (java.base@21.0.3)
1339:            23            920  java.lang.reflect.AccessFlag (java.base@21.0.3)
1340:            23            920  org.opensearch.security.support.ModuleType
1341:            38            912  java.time.format.DateTimeFormatterBuilder$ZoneIdPrinterParser (java.base@21.0.3)
1342:            38            912  org.apache.lucene.analysis.lv.LatvianStemmer$Affix
1343:            19            912  org.apache.lucene.util.automaton.Automaton
1344:            38            912  org.bouncycastle.jce.provider.BouncyCastleProvider$JcaCryptoService
1345:            19            912  org.opensearch.common.cache.Cache$Entry
1346:            38            912  org.opensearch.index.analysis.PreConfiguredTokenFilter$2
1347:            19            912  org.opensearch.security.securityconf.impl.SecurityDynamicConfiguration
1348:            14            896  com.fasterxml.jackson.core.sym.CharsToNameCanonicalizer
1349:            28            896  com.fasterxml.jackson.databind.DeserializationFeature
1350:            16            896  io.netty.buffer.PoolThreadCache
1351:            16            896  java.util.logging.Logger (java.logging@21.0.3)
1352:            16            896  javax.management.openmbean.OpenMBeanParameterInfoSupport (java.management@21.0.3)
1353:            28            896  org.apache.logging.log4j.jul.WrappedLogger
1354:            28            896  org.opensearch.common.util.concurrent.OpenSearchExecutors$ExecutorScalingQueue
1355:            37            888  java.time.Duration (java.base@21.0.3)
1356:            22            880  com.google.common.collect.RegularImmutableMap
1357:            27            864  com.sun.jmx.mbeanserver.WeakIdentityHashMap$IdentityWeakReference (java.management@21.0.3)
1358:            27            864  java.util.logging.LogManager$LogNode (java.logging@21.0.3)
1359:            36            864  java.util.regex.Pattern$Prolog (java.base@21.0.3)
1360:            54            864  org.opensearch.common.settings.Setting$$Lambda/0x00007fcd280c4240
1361:            54            864  org.opensearch.common.settings.Setting$$Lambda/0x00007fcd280c4480
1362:            27            864  org.opensearch.script.ScriptCache$TokenBucketState
1363:            35            840  com.google.common.collect.ImmutableMapEntry$NonTerminalImmutableMapEntry
1364:            35            840  java.util.Date (java.base@21.0.3)
1365:            21            840  org.opensearch.cluster.metadata.ComposableIndexTemplate
1366:            35            840  org.opensearch.cluster.service.ClusterManagerTaskThrottler$ThrottlingKey
1367:            35            840  org.opensearch.knn.plugin.stats.KNNStat
1368:            35            840  org.opensearch.search.aggregations.support.ValuesSourceRegistry$RegistryKey
1369:            35            840  org.opensearch.sql.legacy.metrics.NumericMetric
1370:            23            832  [Lcom.fasterxml.jackson.databind.ser.BeanPropertyWriter;
1371:             1            832  [Lorg.opensearch.sql.expression.function.BuiltinFunctionName;
1372:            26            832  com.fasterxml.jackson.databind.SerializationFeature
1373:            26            832  com.fasterxml.jackson.databind.SerializationFeature
1374:            26            832  com.fasterxml.jackson.databind.SerializationFeature
1375:            13            832  org.jcp.xml.dsig.internal.dom.XMLDSigRI$ProviderService (java.xml.crypto@21.0.3)
1376:            26            832  org.opensearch.action.admin.cluster.node.stats.NodesStatsRequest$Metric
1377:            52            832  org.opensearch.common.lifecycle.Lifecycle
1378:            26            832  org.opensearch.security.securityconf.impl.v7.ActionGroupsV7
1379:            26            832  org.opensearch.threadpool.ScalingExecutorBuilder
1380:            51            816  jdk.proxy2.$Proxy7 (jdk.proxy2)
1381:            34            816  org.opensearch.timeseries.stats.TimeSeriesStat
1382:            25            800  java.util.Locale (java.base@21.0.3)
1383:            25            800  java.util.concurrent.atomic.AtomicLongFieldUpdater$CASUpdater (java.base@21.0.3)
1384:            25            800  org.opensearch.indices.fielddata.cache.IndicesFieldDataCache$IndexFieldCache
1385:            11            792  org.apache.logging.log4j.core.config.LoggerConfig
1386:            14            784  javax.management.openmbean.CompositeType (java.management@21.0.3)
1387:            14            784  sun.security.x509.X509CertInfo (java.base@21.0.3)
1388:            32            768  [Ljdk.internal.access.JavaSecurityAccess$ProtectionDomainCache; (java.base@21.0.3)
1389:            16            768  com.fasterxml.jackson.databind.ser.impl.IndexedListSerializer
1390:            32            768  com.sun.jmx.mbeanserver.DefaultMXBeanMappingFactory$IdentityMapping (java.management@21.0.3)
1391:            12            768  io.github.resilience4j.retry.internal.RetryImpl
1392:            48            768  java.util.Collections$SingletonSet (java.base@21.0.3)
1393:            24            768  org.opensearch.monitor.jvm.JvmStats$GarbageCollector
1394:            24            768  org.opensearch.monitor.jvm.JvmStats$MemoryPoolGcStats
1395:            24            768  org.opensearch.threadpool.FixedExecutorBuilder$$Lambda/0x00007fcd2851d548
1396:            16            768  org.opensearch.transport.TcpTransport$NodeChannels
1397:            24            768  sun.security.x509.OIDMap$OIDInfo (java.base@21.0.3)
1398:            19            760  org.opensearch.threadpool.Scheduler$ReschedulingRunnable
1399:            31            744  com.facebook.presto.matching.Property
1400:            31            744  com.facebook.presto.matching.PropertyPattern
1401:            31            744  com.facebook.presto.matching.pattern.CapturePattern
1402:            31            744  com.facebook.presto.matching.pattern.WithPattern
1403:            31            744  java.security.Provider$EngineDescription (java.base@21.0.3)
1404:            31            744  java.util.regex.Pattern$$Lambda/0x00007fcd2815f490 (java.base@21.0.3)
1405:            31            744  org.opensearch.sql.expression.function.FunctionDSL$$Lambda/0x00007fcd28b308a8
1406:            23            736  org.joda.time.DateTimeFieldType$StandardDateTimeFieldType
1407:            23            736  org.opensearch.performanceanalyzer.commons.metrics.AllMetrics$ShardStatsValue
1408:            23            736  org.opensearch.security.securityconf.impl.v7.RoleV7$Index
1409:            23            736  org.yaml.snakeyaml.tokens.Token$ID
1410:            46            736  sun.security.x509.GeneralName (java.base@21.0.3)
1411:            23            728  [Ljava.lang.annotation.ElementType; (java.base@21.0.3)
1412:            13            728  com.fasterxml.jackson.databind.deser.std.CollectionDeserializer
1413:            30            720  com.google.common.collect.ImmutableMapEntry
1414:            15            720  java.util.Currency$SpecialCaseEntry (java.base@21.0.3)
1415:            15            720  java.util.concurrent.LinkedBlockingQueue (java.base@21.0.3)
1416:            15            720  org.apache.lucene.index.OrdinalMap
1417:            18            720  org.apache.lucene.util.automaton.CharacterRunAutomaton
1418:            45            720  org.bouncycastle.pqc.jcajce.provider.sphincsplus.SPHINCSPlusKeyFactorySpi
1419:            30            720  org.opensearch.common.inject.internal.MatcherAndConverter
1420:            30            720  org.opensearch.script.ScriptCache$CompilationRate
1421:            45            720  org.opensearch.search.SearchModule$$Lambda/0x00007fcd287a65d8
1422:            18            720  org.opensearch.security.securityconf.impl.v7.RoleMappingsV7
1423:            18            720  sun.security.util.MemoryCache (java.base@21.0.3)
1424:            22            704  java.lang.invoke.VarForm (java.base@21.0.3)
1425:            22            704  java.lang.reflect.ClassFileFormatVersion (java.base@21.0.3)
1426:            11            704  java.security.SecureRandom (java.base@21.0.3)
1427:            22            704  java.util.concurrent.atomic.AtomicIntegerFieldUpdater$AtomicIntegerFieldUpdaterImpl (java.base@21.0.3)
1428:            22            704  org.opensearch.common.settings.Setting$FloatParser
1429:            22            704  org.opensearch.sql.common.setting.Settings$Key
1430:            29            696  java.lang.ProcessEnvironment$Value (java.base@21.0.3)
1431:            29            696  java.lang.ProcessEnvironment$Variable (java.base@21.0.3)
1432:            29            696  java.util.BitSet (java.base@21.0.3)
1433:            29            696  org.opensearch.common.settings.Setting$2
1434:            21            688  [Ljava.lang.invoke.LambdaFormEditor$Transform; (java.base@21.0.3)
1435:            43            688  org.opensearch.action.support.nodes.TransportNodesAction$NodeTransportHandler
1436:            17            680  org.opensearch.cluster.NodeConnectionsService$ConnectionTarget
1437:            17            680  org.opensearch.common.settings.SecureSetting$SecureStringSetting
1438:            17            680  sun.security.ssl.CipherSuite$KeyExchange (java.base@21.0.3)
1439:            14            672  com.fasterxml.jackson.databind.type.SimpleType
1440:            14            672  com.fasterxml.jackson.databind.type.SimpleType
1441:            28            672  com.sun.jmx.mbeanserver.NamedObject (java.management@21.0.3)
1442:            21            672  java.lang.invoke.MethodHandles$Lookup (java.base@21.0.3)
1443:             6            672  java.util.GregorianCalendar (java.base@21.0.3)
1444:            28            672  java.util.concurrent.LinkedTransferQueue (java.base@21.0.3)
1445:            28            672  java.util.regex.Pattern$$Lambda/0x00007fcd2815f238 (java.base@21.0.3)
1446:            28            672  java.util.zip.Deflater$DeflaterZStreamRef (java.base@21.0.3)
1447:            42            672  jdk.proxy4.$Proxy23 (jdk.proxy4)
1448:            41            656  jdk.proxy5.$Proxy36 (jdk.proxy5)
1449:            27            648  com.google.common.collect.ImmutableMapEntry
1450:            27            648  java.time.LocalTime (java.base@21.0.3)
1451:            27            648  org.joni.constants.internal.TokenType
1452:            27            648  org.opensearch.common.inject.TypeConverterBindingProcessor$6
1453:            27            648  org.opensearch.painless.Compiler
1454:            27            648  org.opensearch.script.ScriptMetrics
1455:            27            648  org.opensearch.script.ScriptService$$Lambda/0x00007fcd28708a90
1456:            20            640  java.lang.invoke.SimpleMethodHandle (java.base@21.0.3)
1457:            40            640  org.opensearch.indices.analysis.PreBuiltCacheFactory$PreBuiltCacheStrategyLucene
1458:            16            640  org.opensearch.painless.spi.WhitelistClassBinding
1459:            16            640  org.opensearch.transport.ClusterConnectionManager$$Lambda/0x00007fcd2918df98
1460:            16            640  org.opensearch.transport.TcpTransport$ChannelCloseLogger
1461:            16            640  org.opensearch.transport.TcpTransport$ChannelsConnectedListener
1462:            16            640  org.opensearch.transport.TransportHandshaker$HandshakeResponseHandler
1463:             3            624  [Ljava.lang.invoke.LambdaForm; (java.base@21.0.3)
1464:            13            624  com.fasterxml.jackson.core.JsonToken
1465:            26            624  java.security.spec.ECFieldF2m (java.base@21.0.3)
1466:            26            624  java.util.jar.Attributes$Name (java.base@21.0.3)
1467:            13            624  org.opensearch.common.settings.Setting$GroupSetting
1468:            39            624  org.opensearch.index.analysis.PreConfiguredTokenFilter$$Lambda/0x00007fcd2869df98
1469:            13            624  sun.security.rsa.RSAPublicKeyImpl (java.base@21.0.3)
1470:             7            616  org.opensearch.painless.lookup.PainlessLookupBuilder$BridgeLoader
1471:            19            608  com.fasterxml.jackson.core.JsonParser$Feature
1472:            19            608  com.fasterxml.jackson.databind.BeanProperty$Std
1473:            38            608  org.opensearch.index.analysis.PreBuiltAnalyzerProviderFactory$$Lambda/0x00007fcd286a8510
1474:            19            608  org.opensearch.rest.RestHandler$ReplacedRoute
1475:            25            600  [Lorg.opensearch.index.fielddata.IndexFieldDataCache$Listener;
1476:            15            600  com.fasterxml.jackson.databind.deser.SettableAnyProperty$MethodAnyProperty
1477:            25            600  java.lang.ThreadLocal$SuppliedThreadLocal (java.base@21.0.3)
1478:            25            600  org.opensearch.common.unit.SizeValue
1479:            15            600  org.opensearch.index.fielddata.ordinals.GlobalOrdinalsIndexFieldData
1480:            25            600  sun.reflect.generics.repository.FieldRepository (java.base@21.0.3)
1481:            21            576  [Lcom.google.common.collect.ImmutableMapEntry;
1482:             2            576  [Ljava.lang.Character; (java.base@21.0.3)
1483:            24            576  io.netty.channel.ChannelOutboundBuffer$2
1484:            24            576  java.lang.NamedPackage (java.base@21.0.3)
1485:             4            576  java.text.DecimalFormat (java.base@21.0.3)
1486:            24            576  org.opensearch.core.xcontent.ConstructingObjectParser$$Lambda/0x00007fcd287b8800
1487:            18            576  org.opensearch.security.dlic.rest.api.RequestHandler$RequestHandlersBuilder
1488:            24            576  org.opensearch.threadpool.FixedExecutorBuilder
1489:            24            576  sun.security.x509.AccessDescription (java.base@21.0.3)
1490:            36            576  sun.security.x509.DNSName (java.base@21.0.3)
1491:             6            560  [Lcom.google.common.collect.ImmutableMapEntry;
1492:            14            560  com.fasterxml.jackson.core.sym.ByteQuadsCanonicalizer$TableInfo
1493:            14            560  com.sun.jmx.mbeanserver.PerInterface (java.management@21.0.3)
1494:             7            560  java.util.concurrent.TimeUnit (java.base@21.0.3)
1495:            14            560  javax.management.openmbean.SimpleType (java.management@21.0.3)
1496:            35            560  jdk.proxy4.$Proxy19 (jdk.proxy4)
1497:             5            560  org.apache.logging.log4j.core.appender.rolling.RollingFileManager
1498:            14            560  org.greenrobot.eventbus.SubscriberMethod
1499:            14            560  org.opensearch.cluster.block.ClusterBlock
1500:            14            560  org.opensearch.performanceanalyzer.commons.stats.metrics.CollectorMetrics
1501:            10            560  sun.invoke.util.Wrapper (java.base@21.0.3)
1502:            14            560  sun.security.x509.AuthorityKeyIdentifierExtension (java.base@21.0.3)
1503:            14            560  sun.util.locale.provider.LocaleResources$ResourceReference (java.base@21.0.3)
1504:            23            552  org.opensearch.common.util.concurrent.SizeBlockingQueue
1505:            12            544  [Ljava.lang.reflect.Method; (java.base@21.0.3)
1506:            17            544  io.netty.util.concurrent.DefaultPromise
1507:            34            544  org.opensearch.core.xcontent.ObjectParser$$Lambda/0x00007fcd284b6a60
1508:            17            544  org.opensearch.sql.data.type.ExprCoreType
1509:             1            528  [Lcom.fasterxml.jackson.databind.ser.impl.ReadOnlyClassToSerializerMap$Bucket;
1510:            10            528  [Lcom.google.common.collect.ImmutableMapEntry;
1511:             1            528  [Ljava.util.concurrent.ForkJoinPool$WorkQueue; (java.base@21.0.3)
1512:            22            528  com.google.common.collect.ImmutableMapEntry
1513:            11            528  io.protostuff.runtime.RuntimeReflectionFieldFactory$13$1
1514:            22            528  org.opensearch.cluster.metadata.Template
1515:            11            528  org.opensearch.search.aggregations.support.ValueType
1516:            13            520  com.fasterxml.jackson.core.json.JsonReadFeature
1517:             5            520  sun.util.calendar.ImmutableGregorianDate (java.base@21.0.3)
1518:            23            512  [Ljavax.management.MBeanNotificationInfo; (java.management@21.0.3)
1519:             8            512  com.sun.security.sasl.Provider$ProviderService (java.security.sasl@21.0.3)
1520:            16            512  io.netty.buffer.PoolThreadCache$NormalMemoryRegionCache
1521:            16            512  io.netty.handler.codec.CodecOutputList$CodecOutputLists
1522:            32            512  java.security.ProtectionDomain$JavaSecurityAccessImpl$1 (java.base@21.0.3)
1523:            16            512  java.time.temporal.ChronoUnit (java.base@21.0.3)
1524:            16            512  org.bouncycastle.jcajce.provider.asymmetric.compositesignatures.CompositeSignaturesConstants$CompositeName
1525:            16            512  org.opensearch.action.admin.indices.stats.CommonStatsFlags$Flag
1526:            16            512  org.opensearch.action.support.ThreadedActionListener
1527:            16            512  org.opensearch.knn.plugin.stats.KNNCounter
1528:            16            512  org.opensearch.painless.lookup.PainlessClassBinding
1529:            16            512  org.opensearch.plugins.SearchPlugin$PipelineAggregationSpec
1530:            16            512  org.opensearch.transport.ClusterConnectionManager$$Lambda/0x00007fcd2918e5f8
1531:            16            512  org.opensearch.transport.ClusterConnectionManager$$Lambda/0x00007fcd29194f50
1532:             7            504  org.apache.lucene.codecs.lucene99.Lucene99Codec
1533:            21            504  org.apache.lucene.search.BooleanClause
1534:            21            504  org.joda.time.format.DateTimeFormatterBuilder$MatchingParser
1535:            21            504  org.opensearch.common.inject.TypeConverterBindingProcessor$5
1536:            21            504  org.opensearch.index.analysis.PreConfiguredTokenizer$$Lambda/0x00007fcd29256e08
1537:            21            504  org.opensearch.index.analysis.TokenizerFactory$1
1538:            21            504  sun.security.x509.AVAKeyword (java.base@21.0.3)
1539:            31            496  com.facebook.presto.matching.Capture
1540:            31            496  com.google.common.collect.RegularImmutableList
1541:            31            496  java.security.URIParameter (java.base@21.0.3)
1542:            31            496  org.opensearch.common.util.concurrent.OpenSearchAbortPolicy
1543:            31            496  org.opensearch.core.xcontent.AbstractObjectParser$$Lambda/0x00007fcd284bdcf8
1544:            31            496  sun.security.provider.PolicySpiFile (java.base@21.0.3)
1545:            19            488  [Lsun.security.ssl.NamedGroup$NamedGroupSpec; (java.base@21.0.3)
1546:             3            480  [Lorg.opensearch.performanceanalyzer.commons.stats.metrics.StatMetrics;
1547:             5            480  com.fasterxml.jackson.databind.DeserializationConfig
1548:            20            480  com.google.common.cache.LocalCache$AccessQueue$1
1549:            20            480  com.google.common.cache.LocalCache$WriteQueue$1
1550:            12            480  com.google.common.collect.RegularImmutableMap
1551:            12            480  com.sun.jmx.mbeanserver.DefaultMXBeanMappingFactory$CompositeMapping (java.management@21.0.3)
1552:            12            480  io.github.resilience4j.core.IntervalFunction$$Lambda/0x00007fcd28b91800
1553:            12            480  io.github.resilience4j.retry.RetryConfig
1554:            15            480  io.netty.util.internal.logging.Log4J2Logger
1555:            12            480  java.lang.OutOfMemoryError (java.base@21.0.3)
1556:            15            480  jdk.internal.reflect.MethodHandleBooleanFieldAccessorImpl (java.base@21.0.3)
1557:            12            480  org.apache.lucene.analysis.core.DecimalDigitFilter
1558:            20            480  org.apache.lucene.index.SegmentDocValuesProducer
1559:            20            480  org.apache.lucene.util.FixedBitSet
1560:            12            480  org.joni.Syntax
1561:            15            480  org.opensearch.common.settings.Setting$AffixSetting$2
1562:            30            480  org.opensearch.index.mapper.ParametrizedFieldMapper$TypeParser
1563:            15            480  org.opensearch.indices.fielddata.cache.IndicesFieldDataCache$Key
1564:            20            480  org.opensearch.security.securityconf.ConfigModelV7$SecurityRole
1565:            12            480  org.opensearch.security.securityconf.impl.v7.InternalUserV7
1566:            12            480  org.opensearch.security.ssl.SecureSSLSettings$SSLSetting
1567:            15            480  org.opensearch.sql.common.setting.LegacySettings$Key
1568:            20            480  org.opensearch.sql.legacy.esdomain.LocalClusterState$$Lambda/0x00007fcd28b16740
1569:            19            456  kotlin.coroutines.CombinedContext
1570:            19            456  org.apache.lucene.util.automaton.Automaton$1
1571:            19            456  org.apache.lucene.util.automaton.Automaton$2
1572:            19            456  org.opensearch.dashboards.OpenSearchDashboardsPlugin$OpenSearchDashboardsWrappedRestHandler
1573:            19            456  org.opensearch.index.analysis.PreConfiguredTokenFilter$1
1574:            19            456  org.opensearch.ml.common.FunctionName
1575:             3            456  org.opensearch.search.aggregations.bucket.terms.GlobalOrdinalsStringTermsAggregator
1576:            19            456  org.opensearch.security.securityconf.impl.Meta
1577:            19            456  org.opensearch.threadpool.ThreadPool$$Lambda/0x00007fcd28546bb8
1578:            19            456  org.opensearch.threadpool.ThreadPool$$Lambda/0x00007fcd28546de8
1579:             7            448  [Lorg.apache.logging.log4j.core.pattern.PatternFormatter;
1580:            14            448  com.fasterxml.jackson.core.sym.CharsToNameCanonicalizer$TableInfo
1581:            14            448  com.sun.jna.Structure$FFIType$size_t
1582:            14            448  io.protostuff.WireFormat$FieldType
1583:            14            448  java.net.Inet6Address$Inet6AddressHolder (java.base@21.0.3)
1584:             8            448  java.util.Properties (java.base@21.0.3)
1585:            28            448  jdk.proxy7.$Proxy38 (jdk.proxy7)
1586:            14            448  org.apache.lucene.util.packed.BulkOperationPackedSingleBlock
1587:            28            448  org.joda.time.format.InternalParserDateTimeParser
1588:            28            448  org.opensearch.common.compress.DeflateCompressor$$Lambda/0x00007fcd29093b00
1589:            28            448  org.opensearch.common.compress.DeflateCompressor$$Lambda/0x00007fcd290b6250
1590:             8            448  org.opensearch.common.util.BigLongArray
1591:            28            448  org.opensearch.common.util.concurrent.OpenSearchExecutors$ForceQueuePolicy
1592:             8            448  org.opensearch.monitor.jvm.JvmStats$Mem
1593:            14            448  org.opensearch.search.asynchronous.context.state.AsynchronousSearchTransition
1594:             8            448  sun.management.MemoryPoolImpl (java.management@21.0.3)
1595:            14            448  sun.reflect.generics.repository.ConstructorRepository (java.base@21.0.3)
1596:            28            448  sun.security.x509.KeyIdentifier (java.base@21.0.3)
1597:            14            448  sun.security.x509.KeyUsageExtension (java.base@21.0.3)
1598:            14            448  sun.security.x509.SubjectKeyIdentifierExtension (java.base@21.0.3)
1599:             5            440  com.fasterxml.jackson.databind.SerializationConfig
1600:             5            440  java.text.DecimalFormatSymbols (java.base@21.0.3)
1601:            11            440  org.joni.Syntax$MetaCharTable
1602:            11            440  org.opensearch.cluster.routing.RoutingNode
1603:            11            440  org.opensearch.common.inject.ConstructorBindingImpl
1604:            11            440  org.opensearch.index.fielddata.IndexNumericFieldData$NumericType
1605:            11            440  sun.util.resources.Bundles$BundleReference (java.base@21.0.3)
1606:             1            432  [[[C (java.base@21.0.3)
1607:            18            432  com.fasterxml.jackson.databind.ser.impl.PropertySerializerMap$TypeAndSerializer
1608:             9            432  java.lang.invoke.MethodHandleImpl$IntrinsicMethodHandle (java.base@21.0.3)
1609:            27            432  java.security.spec.ECFieldFp (java.base@21.0.3)
1610:            18            432  java.text.DateFormat$Field (java.base@21.0.3)
1611:            18            432  java.util.LinkedHashMap$LinkedKeySet (java.base@21.0.3)
1612:            18            432  javax.management.StandardMBean (java.management@21.0.3)
1613:            27            432  javax.security.auth.x500.X500Principal (java.base@21.0.3)
1614:            18            432  org.apache.logging.log4j.core.pattern.FormattingInfo
1615:             6            432  org.apache.lucene.backward_codecs.lucene95.Lucene95Codec
1616:             3            432  org.opensearch.common.util.concurrent.QueueResizingOpenSearchThreadPoolExecutor
1617:             9            432  org.opensearch.index.mapper.DynamicTemplate
1618:            27            432  org.opensearch.script.ScriptCache$ScriptCacheRemovalListener
1619:            18            432  org.opensearch.security.dlic.rest.api.Endpoint
1620:            18            432  org.opensearch.transport.TransportActionProxy$ProxyRequestHandler
1621:             2            416  [Lorg.apache.lucene.util.packed.BulkOperation;
1622:            13            416  com.fasterxml.jackson.core.JsonGenerator$Feature
1623:            13            416  javax.management.MBeanServerPermission (java.management@21.0.3)
1624:            13            416  org.opensearch.knn.index.Parameter$IntegerParameter
1625:            26            416  org.opensearch.rest.action.admin.cluster.RestNodesStatsAction$$Lambda/0x00007fcd28fc5ac8
1626:            13            416  sun.security.jca.ProviderConfig (java.base@21.0.3)
1627:            13            416  sun.security.x509.DistributionPoint (java.base@21.0.3)
1628:            17            408  com.fasterxml.jackson.databind.util.LRUMap
1629:            17            408  com.fasterxml.jackson.databind.util.internal.LinkedDeque
1630:            17            408  com.google.common.collect.ImmutableMapEntry$NonTerminalImmutableMapEntry
1631:            17            408  com.google.gson.internal.bind.TypeAdapters$30
1632:            17            408  io.netty.util.internal.DefaultPriorityQueue
1633:            17            408  org.opensearch.action.support.PlainListenableActionFuture
1634:            17            408  org.opensearch.cluster.NodeConnectionsService$ConnectionTarget$1
1635:            17            408  org.opensearch.timeseries.cluster.TimeSeriesNodeInfo
1636:            17            408  sun.nio.ch.OptionKey (java.base@21.0.3)
1637:            17            408  sun.nio.ch.SocketOptionRegistry$RegistryKey (java.base@21.0.3)
1638:            17            408  sun.security.util.DisabledAlgorithmConstraints$DisabledConstraint (java.base@21.0.3)
1639:            17            408  sun.security.x509.PolicyInformation (java.base@21.0.3)
1640:             5            400  com.fasterxml.jackson.databind.util.internal.PrivateMaxEntriesMap
1641:            25            400  jdk.proxy6.$Proxy37 (jdk.proxy6)
1642:            10            400  org.opensearch.security.securityconf.impl.CType
1643:            25            400  sun.security.util.ECParameters (java.base@21.0.3)
1644:             7            392  sun.nio.cs.StreamEncoder (java.base@21.0.3)
1645:             6            384  [Lorg.opensearch.sql.planner.optimizer.Rule;
1646:             4            384  com.fasterxml.jackson.databind.DeserializationConfig
1647:             6            384  com.fasterxml.jackson.databind.cfg.BaseSettings
1648:            12            384  com.fasterxml.jackson.dataformat.yaml.YAMLGenerator$Feature
1649:             8            384  com.google.common.collect.SingletonImmutableBiMap
1650:             8            384  com.sun.jna.Structure$StructField
1651:            24            384  io.github.resilience4j.core.predicate.PredicateCreator$$Lambda/0x00007fcd28b920c8
1652:            12            384  io.github.resilience4j.retry.internal.RetryImpl$RetryEventProcessor
1653:            16            384  io.netty.resolver.AddressResolverGroup$1
1654:            16            384  io.netty.resolver.DefaultNameResolver
1655:            16            384  io.netty.resolver.InetSocketAddressResolver
1656:            16            384  io.netty.util.internal.ThreadExecutorMap$1
1657:            16            384  io.netty.util.internal.ThreadExecutorMap$2
1658:             8            384  java.lang.reflect.ProxyGenerator$PrimitiveTypeInfo (java.base@21.0.3)
1659:            16            384  java.time.Instant (java.base@21.0.3)
1660:            12            384  java.util.Vector (java.base@21.0.3)
1661:             6            384  java.util.jar.JarVerifier (java.base@21.0.3)
1662:             6            384  org.apache.logging.log4j.core.layout.PatternLayout
1663:            16            384  org.apache.lucene.search.Multiset
1664:            12            384  org.joda.time.format.DateTimeFormatterBuilder$PaddedNumber
1665:            16            384  org.opensearch.SpecialPermission
1666:            12            384  org.opensearch.action.admin.cluster.node.info.NodesInfoRequest$Metric
1667:            16            384  org.opensearch.cluster.routing.UnassignedInfo$Reason
1668:            24            384  org.opensearch.common.inject.matcher.Matchers$IdenticalTo
1669:            16            384  org.opensearch.common.util.concurrent.CountDown
1670:            16            384  org.opensearch.common.util.concurrent.ListenableFuture
1671:            16            384  org.opensearch.common.util.concurrent.RunOnce
1672:            16            384  org.opensearch.core.action.ActionListener$4
1673:            12            384  org.opensearch.core.common.bytes.BytesArray
1674:            24            384  org.opensearch.core.xcontent.ConstructingObjectParser$$Lambda/0x00007fcd284b6830
1675:            16            384  org.opensearch.indices.SystemIndexDescriptor
1676:             8            384  org.opensearch.monitor.jvm.JvmStats
1677:             2            384  org.opensearch.repositories.s3.S3Repository
1678:            16            384  org.opensearch.sql.expression.function.FunctionDSL$$Lambda/0x00007fcd28b32160
1679:            24            384  org.opensearch.threadpool.FixedExecutorBuilder$$Lambda/0x00007fcd2851d310
1680:            16            384  org.opensearch.transport.ClusterConnectionManager$$Lambda/0x00007fcd290f6f00
1681:            16            384  org.opensearch.transport.ClusterConnectionManager$$Lambda/0x00007fcd2913b148
1682:            16            384  org.opensearch.transport.TransportService$$Lambda/0x00007fcd29183de0
1683:            24            384  sun.nio.ch.EventFD (java.base@21.0.3)
1684:            24            384  sun.nio.ch.Util$2 (java.base@21.0.3)
1685:            19            368  [Ljavax.management.MBeanConstructorInfo; (java.management@21.0.3)
1686:            12            368  [Lorg.apache.lucene.util.packed.PackedInts$Reader;
1687:            23            368  java.time.Clock$SystemClock (java.base@21.0.3)
1688:            23            368  org.opensearch.sql.opensearch.client.OpenSearchNodeClient
1689:             5            360  [Lorg.opensearch.security.auditlog.impl.AuditCategory;
1690:             5            360  com.fasterxml.jackson.databind.ObjectMapper
1691:             5            360  com.fasterxml.jackson.databind.deser.DefaultDeserializationContext$Impl
1692:             5            360  com.fasterxml.jackson.databind.introspect.AnnotatedClass
1693:             5            360  com.fasterxml.jackson.databind.introspect.AnnotatedClass
1694:             5            360  com.fasterxml.jackson.databind.ser.DefaultSerializerProvider$Impl
1695:             9            360  io.protostuff.runtime.RuntimeReflectionFieldFactory$9$1
1696:             9            360  java.lang.invoke.VarHandleInts$FieldInstanceReadWrite (java.base@21.0.3)
1697:             1            360  java.util.concurrent.ForkJoinPool (java.base@21.0.3)
1698:            15            360  java.util.concurrent.LinkedBlockingQueue$Node (java.base@21.0.3)
1699:            15            360  kotlin.annotation.AnnotationTarget
1700:            15            360  kotlin.annotation.AnnotationTarget
1701:             9            360  org.apache.logging.log4j.core.pattern.DatePatternConverter
1702:            15            360  org.apache.lucene.index.OrdinalMap$SegmentMap
1703:            15            360  org.opensearch.action.support.IndicesOptions
1704:            15            360  org.opensearch.index.analysis.PreConfiguredTokenizer
1705:            15            360  org.opensearch.ml.common.model.MLModelState
1706:             9            360  org.opensearch.ml.engine.indices.MLIndex
1707:             9            360  org.opensearch.securityanalytics.logtype.LogTypeService
1708:            15            360  org.yaml.snakeyaml.nodes.Tag
1709:             9            360  sun.security.ssl.ProtocolVersion (java.base@21.0.3)
1710:             2            352  [Ljava.time.LocalDateTime; (java.base@21.0.3)
1711:             4            352  com.fasterxml.jackson.databind.SerializationConfig
1712:            11            352  io.netty.util.concurrent.DefaultPromise
1713:            11            352  io.protostuff.runtime.ArraySchemas$PojoArray
1714:             4            352  java.lang.invoke.BoundMethodHandle$Species_LLLLLLLLLLLLLL (java.base@21.0.3)
1715:            11            352  javax.management.MBeanNotificationInfo (java.management@21.0.3)
1716:            22            352  jdk.proxy1.$Proxy0 (jdk.proxy1)
1717:            11            352  org.joda.time.format.DateTimeFormatterBuilder$FixedNumber
1718:            11            352  org.opensearch.common.settings.Setting$MinMaxTimeValueParser
1719:            22            352  org.opensearch.core.xcontent.AbstractObjectParser$$Lambda/0x00007fcd284b7708
1720:            11            352  org.opensearch.security.auditlog.config.AuditConfig$Filter$FilterEntries
1721:            11            352  sun.security.ssl.SSLSecretDerivation$SecretSchedule (java.base@21.0.3)
1722:            11            352  sun.security.x509.AuthorityInfoAccessExtension (java.base@21.0.3)
1723:            11            352  sun.security.x509.CRLDistributionPointsExtension (java.base@21.0.3)
1724:            11            352  sun.security.x509.CertificatePoliciesExtension (java.base@21.0.3)
1725:            11            352  sun.util.resources.Bundles$CacheKey (java.base@21.0.3)
1726:             1            344  [Lorg.opensearch.common.time.FormatNames;
1727:             4            336  [Lcom.google.common.collect.ImmutableMapEntry;
1728:             1            336  [Lorg.opensearch.performanceanalyzer.commons.stats.metrics.StatExceptionCode;
1729:             5            336  [Lsun.invoke.util.Wrapper; (java.base@21.0.3)
1730:             6            336  com.fasterxml.jackson.databind.type.IterationType
1731:            14            336  com.fasterxml.jackson.databind.util.LRUMap
1732:            14            336  com.fasterxml.jackson.databind.util.internal.LinkedDeque
1733:            21            336  io.netty.util.internal.TypeParameterMatcher$ReflectiveMatcher
1734:            14            336  java.lang.Double (java.base@21.0.3)
1735:            14            336  java.net.Inet6Address (java.base@21.0.3)
1736:             6            336  java.nio.DirectLongBufferU (java.base@21.0.3)
1737:             7            336  java.util.regex.Pattern$GroupCurly (java.base@21.0.3)
1738:            21            336  jdk.proxy1.$Proxy5 (jdk.proxy1)
1739:             2            336  kotlinx.coroutines.scheduling.CoroutineScheduler$Worker
1740:            14            336  org.greenrobot.eventbus.Subscription
1741:            14            336  org.opensearch.sql.spark.client.EMRServerlessClientFactoryImpl
1742:            14            336  sun.reflect.generics.scope.ConstructorScope (java.base@21.0.3)
1743:            14            336  sun.security.util.BitArray (java.base@21.0.3)
1744:            14            336  sun.security.x509.CertificateExtensions (java.base@21.0.3)
1745:            14            336  sun.security.x509.CertificateValidity (java.base@21.0.3)
1746:             6            320  [Lcom.fasterxml.jackson.core.SerializableString;
1747:             4            320  [Lcom.google.common.collect.HashBiMap$BiEntry;
1748:             4            320  [Lorg.opensearch.common.recycler.Recycler;
1749:             4            320  [Lsun.security.ec.point.ProjectivePoint$Immutable; (jdk.crypto.ec@21.0.3)
1750:             4            320  com.fasterxml.jackson.databind.MappingJsonFactory
1751:             4            320  com.fasterxml.jackson.databind.MappingJsonFactory
1752:             5            320  com.fasterxml.jackson.databind.cfg.BaseSettings
1753:            20            320  com.google.common.cache.LocalCache$AccessQueue
1754:             4            320  com.google.common.cache.LocalCache$Segment
1755:            10            320  com.google.common.cache.LocalCache$StrongEntry
1756:            20            320  com.google.common.cache.LocalCache$WriteQueue
1757:             8            320  com.sun.jna.Function
1758:             8            320  io.protostuff.runtime.RuntimeReflectionFieldFactory$4$1
1759:             8            320  io.protostuff.runtime.RuntimeReflectionFieldFactory$7$1
1760:            10            320  java.time.temporal.WeekFields$ComputedDayOfField (java.base@21.0.3)
1761:             8            320  jdk.internal.loader.NativeLibraries$NativeLibraryImpl (java.base@21.0.3)
1762:            20            320  jdk.internal.misc.InternalLock (java.base@21.0.3)
1763:             5            320  org.apache.logging.log4j.core.appender.RollingFileAppender
1764:             5            320  org.apache.logging.log4j.core.appender.rolling.PatternProcessor
1765:             8            320  org.apache.lucene.analysis.util.ElisionFilter
1766:             8            320  org.apache.lucene.search.BooleanQuery
1767:             8            320  org.opensearch.common.io.stream.BytesStreamOutput
1768:             8            320  org.opensearch.common.util.BigArrays$ByteArrayWrapper
1769:             8            320  org.opensearch.monitor.jvm.JvmStats$Classes
1770:            10            320  org.opensearch.performanceanalyzer.commons.metrics.RTFMetrics$ShardStatsValue
1771:             8            320  org.opensearch.search.aggregations.bucket.terms.TermsAggregator$BucketCountThresholds
1772:            10            320  org.opensearch.timeseries.model.ProfileName
1773:            10            320  org.opensearch.timeseries.model.TaskState
1774:             8            320  sun.management.MemoryPoolImpl$CollectionSensor (java.management@21.0.3)
1775:             8            320  sun.management.MemoryPoolImpl$PoolSensor (java.management@21.0.3)
1776:             8            320  sun.security.ssl.SSLSessionContextImpl (java.base@21.0.3)
1777:            10            320  sun.security.util.DisabledAlgorithmConstraints$KeySizeConstraint (java.base@21.0.3)
1778:            10            320  sun.security.x509.BasicConstraintsExtension (java.base@21.0.3)
1779:            10            320  sun.security.x509.ExtendedKeyUsageExtension (java.base@21.0.3)
1780:             5            320  sun.text.RuleBasedBreakIterator (java.base@21.0.3)
1781:             6            312  [Lcom.fasterxml.jackson.databind.cfg.CoercionAction;
1782:            13            312  com.fasterxml.jackson.databind.type.LogicalType
1783:            13            312  com.fasterxml.jackson.databind.type.LogicalType
1784:            13            312  com.fasterxml.jackson.databind.type.LogicalType
1785:            13            312  com.sun.jna.Pointer
1786:             3            312  java.lang.invoke.BoundMethodHandle$Species_LLLLLLLLLLLLLLLLL (java.base@21.0.3)
1787:            13            312  java.lang.reflect.ReflectPermission (java.base@21.0.3)
1788:            13            312  org.opensearch.action.bulk.BackoffPolicy$ExponentialBackoff
1789:            13            312  org.opensearch.performanceanalyzer.commons.stats.eval.impl.NamedCounter
1790:            13            312  org.opensearch.security.auditlog.impl.AuditCategory
1791:            13            312  sun.reflect.generics.tree.Wildcard (java.base@21.0.3)
1792:            19            304  org.opensearch.common.settings.Setting$$Lambda/0x00007fcd280c7718
1793:             2            304  org.opensearch.monitor.fs.FsInfo$DeviceStats
1794:            19            304  org.opensearch.sql.expression.function.RelevanceFunctionResolver
1795:             9            288  [Lcom.google.common.cache.LocalCache$Segment;
1796:             1            288  [Ljava.lang.invoke.LambdaForm$Kind; (java.base@21.0.3)
1797:             1            288  [Lsun.security.ssl.SSLExtension; (java.base@21.0.3)
1798:             4            288  com.fasterxml.jackson.databind.ObjectMapper
1799:             4            288  com.fasterxml.jackson.databind.deser.DefaultDeserializationContext$Impl
1800:             4            288  com.fasterxml.jackson.databind.ser.DefaultSerializerProvider$Impl
1801:            12            288  com.google.common.cache.LongAddables$PureJavaLongAddable
1802:             6            288  com.google.common.collect.ArrayListMultimap
1803:            12            288  com.google.common.collect.ImmutableMapEntry$NonTerminalImmutableMapEntry
1804:             9            288  io.netty.util.AttributeKey
1805:             9            288  io.protostuff.WireFormat$JavaType
1806:             9            288  io.protostuff.runtime.DefaultIdStrategy$Lazy
1807:             6            288  io.protostuff.runtime.RuntimeReflectionFieldFactory$15$1
1808:            12            288  java.lang.ClassValue$Version (java.base@21.0.3)
1809:            12            288  java.lang.annotation.ElementType (java.base@21.0.3)
1810:             3            288  java.lang.invoke.BoundMethodHandle$Species_LLLLLLLLLLLLLLLL (java.base@21.0.3)
1811:             9            288  java.lang.invoke.VarHandleByteArrayAsLongs$ArrayHandle (java.base@21.0.3)
1812:            12            288  java.net.StandardSocketOptions$StdSocketOption (java.base@21.0.3)
1813:            12            288  java.time.Month (java.base@21.0.3)
1814:            12            288  java.util.function.Predicate$$Lambda/0x00007fcd289f1800 (java.base@21.0.3)
1815:             9            288  java.util.logging.Level (java.logging@21.0.3)
1816:             9            288  java.util.logging.Level$KnownLevel (java.logging@21.0.3)
1817:             6            288  java.util.stream.StreamOpFlag (java.base@21.0.3)
1818:             9            288  jdk.internal.org.objectweb.asm.Type (java.base@21.0.3)
1819:             6            288  org.apache.logging.log4j.core.config.AppenderControl
1820:             9            288  org.apache.logging.log4j.core.pattern.DatePatternConverter$CachedTime
1821:             4            288  org.apache.lucene.analysis.core.LetterTokenizer
1822:             6            288  org.apache.lucene.util.packed.MonotonicLongValues
1823:            12            288  org.bouncycastle.asn1.x509.AlgorithmIdentifier
1824:            12            288  org.joda.time.DurationFieldType$StandardDurationFieldType
1825:            18            288  org.joda.time.format.DateTimeFormatterBuilder$CharacterLiteral
1826:             9            288  org.opensearch.cluster.ClusterState$Metric
1827:             3            288  org.opensearch.cluster.metadata.Metadata
1828:             9            288  org.opensearch.cluster.routing.Preference
1829:            12            288  org.opensearch.ingest.geoip.GeoIpProcessor$Property
1830:            12            288  org.opensearch.ml.stats.MLStat
1831:             9            288  org.opensearch.painless.spi.Whitelist
1832:            18            288  org.opensearch.plugins.AnalysisPlugin$1
1833:            18            288  org.opensearch.security.dlic.rest.api.AbstractApiAction$$Lambda/0x00007fcd28fe5230
1834:            12            288  org.opensearch.security.dlic.rest.api.RequestHandler$RequestHandlersBuilder$$Lambda/0x00007fcd28fed608
1835:             9            288  org.opensearch.security.securityconf.impl.HttpRequestMethods
1836:            12            288  org.opensearch.sql.opensearch.monitor.OpenSearchMemoryHealthy
1837:            12            288  org.opensearch.sql.opensearch.monitor.OpenSearchResourceMonitor
1838:            12            288  org.opensearch.sql.opensearch.storage.OpenSearchStorageEngine
1839:            12            288  sun.reflect.generics.reflectiveObjects.WildcardTypeImpl (java.base@21.0.3)
1840:            18            288  sun.security.x509.GeneralNames (java.base@21.0.3)
1841:             9            288  sun.util.logging.PlatformLogger$Level (java.base@21.0.3)
1842:             7            280  [Lorg.joni.ast.QuantifierNode$ReduceType;
1843:             5            280  [Lorg.opensearch.security.securityconf.impl.HttpRequestMethods;
1844:             7            280  com.fasterxml.jackson.core.StreamWriteFeature
1845:             7            280  com.google.common.collect.RegularImmutableMap
1846:             7            280  com.google.common.collect.RegularImmutableMap
1847:             7            280  org.apache.lucene.search.LRUQueryCache$CachingWrapperWeight
1848:             5            280  org.opensearch.indices.IndicesQueryCache$Stats
1849:             7            280  org.opensearch.security.support.ModuleInfo
1850:             2            272  [Lcom.fasterxml.jackson.databind.DeserializationFeature;
1851:             2            272  [Lcom.fasterxml.jackson.databind.DeserializationFeature;
1852:            17            272  jdk.proxy3.$Proxy26 (jdk.proxy3)
1853:            17            272  org.opensearch.cluster.NodeConnectionsService$ConnectionTarget$2
1854:            17            272  org.opensearch.transport.TransportActionProxy$$Lambda/0x00007fcd28ddeae0
1855:            17            272  org.opensearch.transport.TransportActionProxy$$Lambda/0x00007fcd28ddef30
1856:            17            272  sun.security.x509.CertificatePolicyId (java.base@21.0.3)
1857:            11            264  com.fasterxml.jackson.annotation.JsonFormat$Feature
1858:            11            264  com.fasterxml.jackson.annotation.JsonFormat$Shape
1859:            11            264  com.fasterxml.jackson.annotation.JsonFormat$Shape
1860:            11            264  com.fasterxml.jackson.annotation.JsonFormat$Shape
1861:            11            264  io.protostuff.runtime.ArraySchemas$PojoArray$1
1862:            11            264  java.lang.invoke.MethodHandleImpl$Intrinsic (java.base@21.0.3)
1863:            11            264  java.util.regex.Pattern$$Lambda/0x00007fcd282ee200 (java.base@21.0.3)
1864:            11            264  org.apache.logging.log4j.Level
1865:            11            264  org.apache.logging.log4j.core.util.datetime.FastDateParser$StrategyAndWidth
1866:            11            264  org.apache.lucene.search.ConstantScoreQuery
1867:            11            264  org.bouncycastle.jcajce.provider.asymmetric.ec.KeyFactorySpi$EC
1868:            11            264  org.opensearch.common.inject.internal.MoreTypes$ParameterizedTypeImpl
1869:            11            264  org.opensearch.common.settings.Setting$Property
1870:            11            264  org.opensearch.timeseries.util.SecurityClientUtil
1871:            11            264  org.yaml.snakeyaml.events.Event$ID
1872:             2            256  [Lcom.fasterxml.jackson.databind.DeserializationFeature;
1873:             5            256  [Lcom.fasterxml.jackson.databind.cfg.CoercionAction;
1874:             2            256  [Lio.protostuff.runtime.Field;
1875:             8            256  [Lorg.opensearch.monitor.jvm.JvmStats$GarbageCollector;
1876:             2            256  com.google.common.cache.LocalCache
1877:            16            256  io.netty.buffer.PoolThreadCache$FreeOnFinalize
1878:            16            256  io.netty.channel.nio.NioEventLoop$1
1879:            16            256  io.netty.util.concurrent.SingleThreadEventExecutor$4
1880:             1            256  io.protostuff.runtime.DefaultIdStrategy
1881:             8            256  java.math.RoundingMode (java.base@21.0.3)
1882:            16            256  java.nio.channels.spi.AbstractSelector$1 (java.base@21.0.3)
1883:             8            256  java.security.cert.PolicyQualifierInfo (java.base@21.0.3)
1884:             8            256  java.util.Random (java.base@21.0.3)
1885:             8            256  joptsimple.OptionSpecBuilder
1886:             8            256  org.apache.logging.log4j.spi.StandardLevel
1887:            16            256  org.bouncycastle.jcajce.provider.asymmetric.compositesignatures.KeyFactorySpi
1888:            16            256  org.opensearch.common.settings.Setting$$Lambda/0x00007fcd280bec58
1889:            16            256  org.opensearch.common.settings.Setting$$Lambda/0x00007fcd283967c8
1890:             8            256  org.opensearch.common.settings.Setting$GroupSetting$1
1891:            16            256  org.opensearch.common.settings.Setting$MemorySizeValueParser
1892:             8            256  org.opensearch.knn.index.MethodComponent
1893:            16            256  org.opensearch.knn.plugin.stats.suppliers.KNNCounterSupplier
1894:             4            256  org.opensearch.monitor.fs.FsInfo$Path
1895:            16            256  org.opensearch.rest.action.admin.cluster.RestNodesStatsAction$$Lambda/0x00007fcd28fc5f20
1896:            16            256  org.opensearch.rest.action.admin.indices.RestIndicesStatsAction$$Lambda/0x00007fcd28fcaef0
1897:            16            256  org.opensearch.search.SearchModule$$Lambda/0x00007fcd28848218
1898:             8            256  org.opensearch.security.securityconf.impl.v7.ConfigV7$AuthcDomain
1899:            16            256  org.opensearch.sql.expression.function.FunctionDSL$$Lambda/0x00007fcd28b30218
1900:            16            256  org.opensearch.sql.expression.function.FunctionDSL$$Lambda/0x00007fcd28b494c0
1901:            16            256  org.opensearch.sql.spark.config.SparkExecutionEngineConfigSupplierImpl
1902:            16            256  org.opensearch.transport.ClusterConnectionManager$$Lambda/0x00007fcd2918db58
1903:            16            256  org.opensearch.transport.TcpTransport$ChannelsConnectedListener$$Lambda/0x00007fcd29105fa8
1904:            16            256  org.opensearch.transport.TcpTransport$ChannelsConnectedListener$$Lambda/0x00007fcd29106c68
1905:            16            256  org.opensearch.transport.TransportHandshaker$$Lambda/0x00007fcd29107c38
1906:             8            256  sun.security.ssl.EphemeralKeyManager$EphemeralKeyPair (java.base@21.0.3)
1907:             1            248  org.opensearch.search.DefaultSearchContext
1908:             2            240  [Lcom.fasterxml.jackson.databind.SerializationFeature;
1909:             2            240  [Lcom.fasterxml.jackson.databind.SerializationFeature;
1910:             2            240  [Lcom.fasterxml.jackson.databind.SerializationFeature;
1911:             5            240  [Ljava.lang.invoke.LambdaForm$NamedFunction; (java.base@21.0.3)
1912:             3            240  [Ljava.time.ZoneOffset; (java.base@21.0.3)
1913:             6            240  com.fasterxml.jackson.core.StreamReadFeature
1914:             6            240  com.fasterxml.jackson.core.json.JsonWriteFeature
1915:            10            240  com.fasterxml.jackson.databind.cfg.CoercionInputShape
1916:            10            240  com.fasterxml.jackson.databind.cfg.CoercionInputShape
1917:            10            240  com.fasterxml.jackson.databind.cfg.CoercionInputShape
1918:             5            240  com.fasterxml.jackson.databind.introspect.BasicBeanDescription
1919:             5            240  com.fasterxml.jackson.databind.introspect.BasicBeanDescription
1920:             5            240  com.fasterxml.jackson.databind.introspect.BasicBeanDescription
1921:             5            240  com.google.common.collect.HashBiMap$BiEntry
1922:            15            240  com.google.common.collect.SingletonImmutableSet
1923:             5            240  com.google.common.io.BaseEncoding$Alphabet
1924:             5            240  com.sun.jna.internal.Cleaner$CleanerRef
1925:             6            240  io.protostuff.runtime.RuntimeReflectionFieldFactory$8$1
1926:             6            240  java.io.BufferedWriter (java.base@21.0.3)
1927:             6            240  java.lang.invoke.LambdaForm$BasicType (java.base@21.0.3)
1928:            10            240  java.nio.charset.CoderResult (java.base@21.0.3)
1929:            10            240  java.nio.file.StandardOpenOption (java.base@21.0.3)
1930:            10            240  java.security.CryptoPrimitive (java.base@21.0.3)
1931:            10            240  java.security.PermissionsHash (java.base@21.0.3)
1932:             3            240  java.util.regex.Matcher (java.base@21.0.3)
1933:            10            240  javax.management.MBeanServerPermissionCollection (java.management@21.0.3)
1934:            10            240  kotlin.SynchronizedLazyImpl
1935:             5            240  org.apache.logging.log4j.core.appender.rolling.RollingFileManager$EmptyQueue
1936:             6            240  org.apache.logging.log4j.core.pattern.ExtendedThrowablePatternConverter
1937:             6            240  org.apache.lucene.backward_codecs.lucene50.Lucene50TermVectorsFormat
1938:            10            240  org.apache.lucene.search.DocValuesFieldExistsQuery
1939:            10            240  org.apache.lucene.search.SortField$Type
1940:             6            240  org.apache.lucene.util.packed.PackedLongValues
1941:             5            240  org.jcodings.util.BytesHash$BytesHashEntry
1942:            15            240  org.opensearch.action.support.broadcast.node.TransportBroadcastByNodeAction$$Lambda/0x00007fcd28ddfcb8
1943:            15            240  org.opensearch.action.support.broadcast.node.TransportBroadcastByNodeAction$BroadcastByNodeTransportRequestHandler
1944:            15            240  org.opensearch.action.support.single.shard.TransportSingleShardAction$ShardTransportHandler
1945:             6            240  org.opensearch.ad.indices.ADIndex
1946:            15            240  org.opensearch.alerting.transport.SecureTransportAction$DefaultImpls$$Lambda/0x00007fcd28dfc200
1947:             6            240  org.opensearch.forecast.indices.ForecastIndex
1948:             6            240  org.opensearch.index.query.MultiMatchQueryBuilder$Type
1949:             5            240  org.opensearch.knn.index.codec.KNNCodecVersion
1950:            10            240  org.opensearch.performanceanalyzer.commons.stats.eval.impl.Count
1951:             3            240  org.opensearch.search.aggregations.bucket.terms.TermsAggregationBuilder
1952:             5            240  org.opensearch.search.aggregations.support.ValuesSourceConfig
1953:            15            240  org.opensearch.security.dlic.rest.api.AbstractApiAction$$Lambda/0x00007fcd28fc3d30
1954:            10            240  org.opensearch.security.dlic.rest.api.RequestHandler$RequestHandlersBuilder$$Lambda/0x00007fcd28fe8440
1955:            10            240  org.opensearch.timeseries.settings.DynamicNumericSetting$$Lambda/0x00007fcd289c6ba8
1956:            10            240  org.opensearch.timeseries.stats.suppliers.IndexStatusSupplier
1957:            15            240  sun.invoke.util.ValueConversions$WrapperCache (java.base@21.0.3)
1958:             6            240  sun.security.ssl.SSLKeyExchange$T12KeyAgreement (java.base@21.0.3)
1959:             3            240  sun.text.DictionaryBasedBreakIterator (java.base@21.0.3)
1960:             8            224  [Lorg.apache.lucene.search.BooleanClause;
1961:             4            224  com.google.common.collect.DenseImmutableTable
1962:             7            224  com.sun.jmx.mbeanserver.DefaultMXBeanMappingFactory$CollectionMapping (java.management@21.0.3)
1963:             7            224  java.io.FileOutputStream (java.base@21.0.3)
1964:             7            224  java.lang.System$Logger$Level (java.base@21.0.3)
1965:            14            224  java.security.spec.MGF1ParameterSpec (java.base@21.0.3)
1966:             4            224  javax.management.openmbean.OpenMBeanOperationInfoSupport (java.management@21.0.3)
1967:            14            224  jdk.proxy4.$Proxy25 (jdk.proxy4)
1968:             7            224  org.apache.lucene.analysis.pt.RSLPStemmerBase$Step
1969:             7            224  org.apache.lucene.analysis.standard.StandardAnalyzer
1970:            14            224  org.apache.lucene.backward_codecs.lucene90.Lucene90PostingsFormat
1971:            14            224  org.opensearch.common.settings.Setting$$Lambda/0x00007fcd281e5150
1972:            14            224  org.opensearch.common.settings.Setting$$Lambda/0x00007fcd28442b50
1973:            14            224  org.opensearch.core.xcontent.AbstractObjectParser$$Lambda/0x00007fcd284bc000
1974:            14            224  org.opensearch.sql.legacy.metrics.BasicCounter
1975:            14            224  org.opensearch.timeseries.stats.suppliers.CounterSupplier
1976:             7            224  sun.security.rsa.RSACore$BlindingParameters (java.base@21.0.3)
1977:            14            224  sun.security.x509.CertificateAlgorithmId (java.base@21.0.3)
1978:            14            224  sun.security.x509.CertificateSerialNumber (java.base@21.0.3)
1979:            14            224  sun.security.x509.CertificateVersion (java.base@21.0.3)
1980:            14            224  sun.security.x509.CertificateX509Key (java.base@21.0.3)
1981:            14            224  sun.security.x509.SerialNumber (java.base@21.0.3)
1982:             9            216  java.lang.reflect.AccessFlag$Location (java.base@21.0.3)
1983:             9            216  java.nio.file.attribute.PosixFilePermission (java.base@21.0.3)
1984:             9            216  java.time.ZoneOffset (java.base@21.0.3)
1985:             9            216  java.util.concurrent.Executors$DefaultThreadFactory (java.base@21.0.3)
1986:             9            216  org.apache.lucene.analysis.in.IndicNormalizer$ScriptData
1987:             9            216  org.opensearch.action.bulk.BackoffPolicy$ConstantBackoff
1988:             9            216  org.opensearch.knn.index.codec.KNN80Codec.KNN80DocValuesFormat
1989:             9            216  org.opensearch.rest.RestRequest$Method
1990:             9            216  org.opensearch.search.asynchronous.context.state.AsynchronousSearchState
1991:             3            216  org.opensearch.security.compliance.ComplianceConfig
1992:             9            216  org.opensearch.security.dlic.rest.api.RequestHandler$RequestHandlersBuilder$$Lambda/0x00007fcd28fe9420
1993:             9            216  org.opensearch.transport.TransportRequestOptions
1994:             3            216  sun.security.provider.NativePRNG$RandomIO (java.base@21.0.3)
1995:             9            216  sun.security.util.SafeDHParameterSpec (java.base@21.0.3)
1996:             9            216  sun.security.x509.Extension (java.base@21.0.3)
1997:             1            208  [Lorg.opensearch.core.rest.RestStatus;
1998:             2            208  com.fasterxml.jackson.dataformat.yaml.YAMLFactory
1999:            13            208  java.text.NumberFormat$Field (java.base@21.0.3)
2000:            13            208  kotlinx.coroutines.internal.ContextScope
2001:             2            208  org.apache.lucene.analysis.cjk.CJKBigramFilter
2002:            13            208  org.apache.lucene.backward_codecs.lucene90.Lucene90SegmentInfoFormat
2003:             2            208  org.bouncycastle.jce.provider.BouncyCastleProvider
2004:            13            208  org.opensearch.action.support.single.shard.TransportSingleShardAction$TransportHandler
2005:            13            208  org.opensearch.common.settings.Setting$GroupKey
2006:             2            208  org.opensearch.common.util.concurrent.PrioritizedOpenSearchThreadPoolExecutor
2007:            13            208  org.opensearch.plugins.SearchPlugin$AggregationSpec$$Lambda/0x00007fcd287bf270
2008:             2            208  org.opensearch.transport.CopyBytesServerSocketChannel
2009:             2            208  sun.security.provider.Sun (java.base@21.0.3)
2010:             2            200  [Ljava.text.DateFormat$Field; (java.base@21.0.3)
2011:             5            200  com.fasterxml.jackson.core.JsonEncoding
2012:             5            200  com.fasterxml.jackson.databind.cfg.ConfigOverrides
2013:             5            200  io.netty.util.internal.ObjectPool$RecyclerObjectPool$1
2014:             5            200  java.lang.ExceptionInInitializerError (java.base@21.0.3)
2015:             5            200  java.lang.UnsupportedOperationException (java.base@21.0.3)
2016:             5            200  javax.management.MBeanPermission (java.management@21.0.3)
2017:             5            200  org.apache.logging.log4j.core.appender.rolling.DefaultRolloverStrategy
2018:             5            200  org.opensearch.client.OriginSettingClient
2019:             5            200  org.opensearch.cluster.metadata.IndexMetadata$APIBlock
2020:             5            200  org.opensearch.common.settings.Setting$$Lambda/0x00007fcd2854e1a0
2021:             5            200  org.opensearch.common.settings.Setting$$Lambda/0x00007fcd2854e870
2022:             5            200  org.opensearch.common.util.BigArrays$LongArrayWrapper
2023:             1            200  org.opensearch.indices.IndicesService
2024:             5            200  sun.security.ssl.CipherSuite$MacAlg (java.base@21.0.3)
2025:             5            200  sun.security.ssl.ContentType (java.base@21.0.3)
2026:             5            200  sun.util.calendar.Era (java.base@21.0.3)
2027:             5            200  sun.util.locale.provider.LocaleProviderAdapter$Type (java.base@21.0.3)
2028:             8            192  [Ljava.util.concurrent.ConcurrentHashMap$CounterCell; (java.base@21.0.3)
2029:             2            192  [Lorg.opensearch.ml.common.FunctionName;
2030:            12            192  com.fasterxml.jackson.databind.node.IntNode
2031:             6            192  com.fasterxml.jackson.databind.util.EnumValues
2032:             6            192  com.fasterxml.jackson.dataformat.smile.SmileGenerator$Feature
2033:            12            192  com.google.common.collect.RegularImmutableList
2034:             4            192  com.google.common.collect.SingletonImmutableBiMap
2035:             8            192  com.google.gson.internal.bind.TypeAdapters$31
2036:             8            192  com.sun.management.VMOption$Origin (jdk.management@21.0.3)
2037:            12            192  io.github.resilience4j.retry.internal.RetryImpl$RetryMetrics
2038:             8            192  io.netty.util.internal.ThreadExecutorMap$1
2039:             6            192  io.protostuff.runtime.ArraySchemas$DoubleArray
2040:             4            192  java.io.PrintStream (java.base@21.0.3)
2041:            12            192  java.lang.ClassValue$Identity (java.base@21.0.3)
2042:             2            192  java.lang.invoke.BoundMethodHandle$Species_LLLLLLLLLLLLLLL (java.base@21.0.3)
2043:             6            192  java.lang.invoke.VarHandleByteArrayAsInts$ArrayHandle (java.base@21.0.3)
2044:             3            192  java.nio.DirectByteBufferR (java.base@21.0.3)
2045:             3            192  java.text.DateFormatSymbols (java.base@21.0.3)
2046:             3            192  java.text.SimpleDateFormat (java.base@21.0.3)
2047:             6            192  java.time.format.TextStyle (java.base@21.0.3)
2048:             8            192  java.util.Collections$SynchronizedCollection (java.base@21.0.3)
2049:             4            192  java.util.concurrent.locks.ReentrantReadWriteLock$FairSync (java.base@21.0.3)
2050:            12            192  java.util.function.Predicate$$Lambda/0x00007fcd284e8820 (java.base@21.0.3)
2051:             6            192  javax.management.MBeanConstructorInfo (java.management@21.0.3)
2052:             6            192  javax.management.StandardEmitterMBean (java.management@21.0.3)
2053:            12            192  jdk.proxy4.$Proxy47 (jdk.proxy4)
2054:             6            192  org.apache.logging.log4j.core.appender.DefaultErrorHandler
2055:             8            192  org.apache.logging.log4j.core.appender.rolling.RolloverFrequency
2056:             6            192  org.apache.logging.log4j.core.config.AwaitCompletionReliabilityStrategy
2057:             6            192  org.apache.logging.log4j.core.layout.StringBuilderEncoder
2058:             4            192  org.apache.logging.log4j.core.lookup.ConfigurationStrSubstitutor
2059:             6            192  org.apache.lucene.analysis.CharacterUtils$CharacterBuffer
2060:             3            192  org.apache.lucene.analysis.pattern.PatternTokenizer
2061:             8            192  org.apache.lucene.index.MergeTrigger
2062:            12            192  org.apache.lucene.util.packed.PackedInts$NullReader
2063:             6            192  org.bouncycastle.jcajce.provider.config.ProviderConfigurationPermission
2064:             6            192  org.opensearch.Build$Type
2065:             6            192  org.opensearch.action.search.SearchPhaseName
2066:             3            192  org.opensearch.cluster.ClusterState
2067:             1            192  org.opensearch.cluster.coordination.Coordinator
2068:             6            192  org.opensearch.cluster.routing.UnassignedInfo$AllocationStatus
2069:             6            192  org.opensearch.common.Priority
2070:             6            192  org.opensearch.common.util.BigArrays
2071:            12            192  org.opensearch.core.xcontent.ObjectParser$$Lambda/0x00007fcd284bcb40
2072:             6            192  org.opensearch.index.IndexModule$Type
2073:            12            192  org.opensearch.index.analysis.PreConfiguredTokenizer$$Lambda/0x00007fcd2869fa80
2074:             6            192  org.opensearch.indices.recovery.RecoveryState$Stage
2075:             8            192  org.opensearch.monitor.jvm.JvmStats$Threads
2076:             6            192  org.opensearch.repositories.blobstore.ChecksumBlobStoreFormat
2077:             3            192  org.opensearch.search.aggregations.bucket.terms.TermsAggregatorFactory
2078:             3            192  org.opensearch.security.auditlog.config.AuditConfig$Filter
2079:             8            192  org.opensearch.security.securityconf.impl.v7.ConfigV7$AuthcBackend
2080:             8            192  org.opensearch.security.securityconf.impl.v7.ConfigV7$HttpAuthenticator
2081:             6            192  org.opensearch.sql.analysis.Analyzer
2082:             8            192  org.opensearch.sql.opensearch.executor.OpenSearchExecutionEngine
2083:            12            192  org.opensearch.sql.opensearch.monitor.OpenSearchMemoryHealthy$MemoryUsage
2084:            12            192  org.opensearch.sql.opensearch.monitor.OpenSearchMemoryHealthy$RandomFail
2085:             6            192  org.opensearch.sql.spark.execution.session.SessionManager
2086:            12            192  org.opensearch.timeseries.ratelimit.RateLimitedRequestWorker$$Lambda/0x00007fcd28a113f8
2087:             3            192  sun.security.rsa.RSAPrivateCrtKeyImpl (java.base@21.0.3)
2088:             6            192  sun.security.ssl.X509Authentication (java.base@21.0.3)
2089:            12            192  sun.util.logging.internal.LoggingProviderImpl$JULWrapper (java.logging@21.0.3)
2090:             3            184  [Lkotlin.annotation.AnnotationTarget;
2091:             3            184  [Lkotlin.annotation.AnnotationTarget;
2092:             6            176  [Lorg.apache.logging.log4j.core.pattern.FormattingInfo;
2093:             5            176  [[Ljava.lang.Object; (java.base@21.0.3)
2094:             2            176  java.lang.invoke.BoundMethodHandle$Species_LLLLLLLLLLLLL (java.base@21.0.3)
2095:            11            176  jdk.proxy9.$Proxy40 (jdk.proxy9)
2096:             1            176  org.apache.commons.pool2.impl.GenericObjectPool
2097:            11            176  org.apache.logging.log4j.core.config.AppenderControlArraySet
2098:             1            176  org.apache.logging.log4j.core.config.properties.PropertiesConfiguration
2099:            11            176  org.apache.logging.log4j.core.util.datetime.FastDateParser$NumberStrategy
2100:             2            176  org.apache.lucene.analysis.th.ThaiTokenizer
2101:            11            176  org.opensearch.action.support.replication.TransportReplicationAction$$Lambda/0x00007fcd28db7660
2102:            11            176  org.opensearch.action.support.replication.TransportReplicationAction$$Lambda/0x00007fcd28db7cc0
2103:            11            176  org.opensearch.action.support.replication.TransportReplicationAction$$Lambda/0x00007fcd28dbc000
2104:            11            176  org.opensearch.action.support.replication.TransportReplicationAction$$Lambda/0x00007fcd28dbc220
2105:            11            176  org.opensearch.action.support.replication.TransportReplicationAction$$Lambda/0x00007fcd28dbc450
2106:            11            176  org.opensearch.cluster.routing.RoutingNode$BucketedShards
2107:            11            176  org.opensearch.common.settings.Setting$$Lambda/0x00007fcd283948c8
2108:            11            176  org.opensearch.core.xcontent.ToXContent$MapParams
2109:             1            176  org.opensearch.index.search.stats.SearchStats$Stats
2110:             2            176  org.opensearch.monitor.fs.FsInfo$IoStats
2111:            11            176  org.opensearch.plugins.SearchPlugin$PipelineAggregationSpec$$Lambda/0x00007fcd28847118
2112:             2            176  sun.nio.ch.ServerSocketChannelImpl (java.base@21.0.3)
2113:            11            176  sun.security.provider.NativePRNG (java.base@21.0.3)
2114:             5            168  [Lcom.fasterxml.jackson.databind.ser.impl.PropertySerializerMap$TypeAndSerializer;
2115:             1            168  [Lorg.apache.lucene.analysis.lv.LatvianStemmer$Affix;
2116:             1            168  [Lorg.bouncycastle.crypto.CryptoServiceProperties;
2117:             1            168  [Lorg.opensearch.knn.plugin.stats.StatNames;
2118:             1            168  [[Ljava.math.BigInteger; (java.base@21.0.3)
2119:             7            168  com.fasterxml.jackson.annotation.JsonInclude$Include
2120:             7            168  com.fasterxml.jackson.annotation.JsonInclude$Include
2121:             7            168  com.fasterxml.jackson.annotation.JsonInclude$Include
2122:             7            168  com.fasterxml.jackson.annotation.PropertyAccessor
2123:             7            168  com.fasterxml.jackson.annotation.PropertyAccessor
2124:             3            168  com.fasterxml.jackson.core.util.DefaultPrettyPrinter
2125:             3            168  com.fasterxml.jackson.databind.deser.std.EnumDeserializer
2126:             3            168  com.fasterxml.jackson.databind.type.ResolvedRecursiveType
2127:             7            168  com.fasterxml.jackson.databind.util.CompactStringObjectMap
2128:             3            168  com.sun.jna.NativeLibrary
2129:             7            168  io.protostuff.runtime.ArraySchemas$DoubleArray$1
2130:             7            168  java.io.OutputStreamWriter (java.base@21.0.3)
2131:             7            168  java.security.cert.CertPathValidatorException$BasicReason (java.base@21.0.3)
2132:             7            168  java.time.DayOfWeek (java.base@21.0.3)
2133:             7            168  javax.naming.ldap.Rdn$RdnEntry (java.naming@21.0.3)
2134:             7            168  jdk.net.ExtendedSocketOptions$ExtSocketOption (jdk.net@21.0.3)
2135:             7            168  kotlinx.coroutines.JobImpl
2136:             3            168  org.apache.lucene.store.ByteBuffersDataOutput
2137:             7            168  org.bouncycastle.asn1.ASN1Tag
2138:             1            168  org.joni.Regex
2139:             7            168  org.opensearch.cluster.DiffableUtils$DiffableValueReader
2140:             3            168  org.opensearch.cluster.node.DiscoveryNodes
2141:             7            168  org.opensearch.common.ExponentiallyWeightedMovingAverage
2142:             3            168  org.opensearch.common.util.LongLongHash
2143:             7            168  org.opensearch.index.analysis.PreBuiltAnalyzerProviderFactory$PreBuiltAnalyzersDelegateCache
2144:             7            168  org.opensearch.indices.IndicesQueryCache$CachingWeightWrapper
2145:             7            168  org.opensearch.ml.stats.MLClusterLevelStat
2146:             7            168  org.opensearch.performanceanalyzer.commons.stats.eval.Statistics
2147:             7            168  org.opensearch.replication.task.ReplicationState
2148:             7            168  org.opensearch.securityanalytics.model.LogType$IocFields
2149:             7            168  org.opensearch.sql.planner.optimizer.rule.read.TableScanPushDown
2150:             7            168  org.opensearch.sql.spark.execution.statestore.OpenSearchSessionStorageService
2151:             7            168  org.opensearch.sql.spark.execution.statestore.OpenSearchStatementStorageService
2152:             7            168  org.yaml.snakeyaml.scanner.Constant
2153:             3            168  sun.security.ssl.SSLContextImpl$TLSContext (java.base@21.0.3)
2154:             7            168  sun.security.x509.NetscapeCertTypeExtension$MapEntry (java.base@21.0.3)
2155:             3            160  [Ljava.util.logging.Level; (java.logging@21.0.3)
2156:             5            160  [Lorg.apache.logging.log4j.core.pattern.ArrayPatternConverter;
2157:             2            160  [Lorg.opensearch.action.admin.indices.stats.CommonStatsFlags$Flag;
2158:             5            160  [Lorg.opensearch.security.securityconf.impl.DashboardSignInOption;
2159:             1            160  [Lorg.opensearch.sql.legacy.metrics.MetricName;
2160:             4            160  com.fasterxml.jackson.core.Base64Variant
2161:             2            160  com.fasterxml.jackson.core.JsonFactory
2162:             5            160  com.fasterxml.jackson.core.JsonFactory$Feature
2163:             4            160  com.fasterxml.jackson.core.StreamReadConstraints
2164:             5            160  com.fasterxml.jackson.databind.cfg.CoercionConfigs
2165:             4            160  com.fasterxml.jackson.databind.cfg.ConfigOverrides
2166:             5            160  com.fasterxml.jackson.databind.cfg.JsonNodeFeature
2167:             5            160  com.fasterxml.jackson.databind.cfg.JsonNodeFeature
2168:             5            160  com.fasterxml.jackson.databind.ser.impl.PropertySerializerMap$Double
2169:             2            160  com.google.common.cache.LocalCache$Segment
2170:            10            160  com.google.common.cache.LocalCache$StrongValueReference
2171:             4            160  com.google.common.collect.DenseImmutableTable$ColumnMap
2172:             4            160  com.google.common.collect.DenseImmutableTable$RowMap
2173:             5            160  io.netty.handler.logging.LogLevel
2174:             4            160  io.protostuff.runtime.RuntimeReflectionFieldFactory$5$1
2175:             4            160  java.lang.StackWalker (java.base@21.0.3)
2176:             5            160  java.lang.invoke.VarHandle$AccessType (java.base@21.0.3)
2177:             4            160  java.text.DigitList (java.base@21.0.3)
2178:             5            160  java.time.format.DateTimeFormatterBuilder$TextPrinterParser (java.base@21.0.3)
2179:             5            160  java.util.HashMap$ValueIterator (java.base@21.0.3)
2180:             2            160  java.util.concurrent.ScheduledThreadPoolExecutor (java.base@21.0.3)
2181:            10            160  jdk.proxy10.$Proxy41 (jdk.proxy10)
2182:            10            160  kotlinx.coroutines.internal.Symbol
2183:             5            160  org.apache.logging.log4j.core.appender.rolling.SizeBasedTriggeringPolicy
2184:             4            160  org.apache.logging.log4j.core.config.Node
2185:             5            160  org.apache.logging.log4j.core.lookup.Interpolator
2186:            10            160  org.apache.logging.log4j.core.lookup.SystemPropertiesLookup
2187:             5            160  org.apache.logging.log4j.core.util.Log4jThreadFactory
2188:             4            160  org.apache.lucene.analysis.ar.ArabicNormalizationFilter
2189:             4            160  org.apache.lucene.analysis.en.EnglishPossessiveFilter
2190:             4            160  org.apache.lucene.analysis.in.IndicNormalizationFilter
2191:             5            160  org.apache.lucene.search.ScoreMode
2192:             4            160  org.apache.lucene.search.SortField
2193:             5            160  org.apache.lucene.store.IOContext
2194:             4            160  org.apache.lucene.store.RateLimiter$SimpleRateLimiter
2195:             2            160  org.apache.lucene.util.fst.FST$Arc
2196:             4            160  org.bouncycastle.crypto.params.DHParameters
2197:             4            160  org.joni.NameEntry
2198:             5            160  org.ldaptive.ReturnAttributes
2199:             5            160  org.opensearch.action.DocWriteResponse$Result
2200:            10            160  org.opensearch.action.support.replication.TransportReplicationAction$$Lambda/0x00007fcd28db7880
2201:            10            160  org.opensearch.action.support.replication.TransportReplicationAction$$Lambda/0x00007fcd28db7aa0
2202:             1            160  org.opensearch.ad.ratelimit.ADCheckpointReadWorker
2203:             5            160  org.opensearch.alerting.util.DestinationType
2204:             4            160  org.opensearch.bootstrap.SystemCallFilter$Arch
2205:             5            160  org.opensearch.cluster.metadata.IndexAbstraction$Alias
2206:            10            160  org.opensearch.common.settings.Setting$$Lambda/0x00007fcd280cb338
2207:             4            160  org.opensearch.common.util.TokenBucket
2208:             1            160  org.opensearch.forecast.ratelimit.ForecastCheckpointReadWorker
2209:             5            160  org.opensearch.index.shard.IndexShardState
2210:             5            160  org.opensearch.indices.IndicesRequestCache$Key
2211:            10            160  org.opensearch.indices.analysis.PreBuiltCacheFactory$PreBuiltCacheStrategyOpenSearch
2212:             5            160  org.opensearch.jobscheduler.ScheduledJobProvider
2213:             5            160  org.opensearch.ml.model.MLModelGroupManager
2214:             4            160  org.opensearch.performanceanalyzer.commons.stats.metrics.ExceptionsAndErrors
2215:             5            160  org.opensearch.security.dlic.rest.validation.PasswordValidator$ScoreStrength
2216:             4            160  org.opensearch.security.user.User
2217:            10            160  org.opensearch.sql.executor.pagination.PlanSerializer
2218:            10            160  org.opensearch.sql.opensearch.executor.protector.OpenSearchExecutionProtector
2219:             5            160  org.opensearch.transport.ConnectionProfile$ConnectionTypeHandle
2220:             5            160  org.yaml.snakeyaml.DumperOptions$ScalarStyle
2221:             5            160  sun.security.ssl.NamedGroup$NamedGroupSpec (java.base@21.0.3)
2222:             5            160  sun.security.x509.SubjectAlternativeNameExtension (java.base@21.0.3)
2223:             1            152  [Lcom.fasterxml.jackson.databind.MapperFeature;
2224:             1            152  [Lcom.fasterxml.jackson.databind.MapperFeature;
2225:             1            152  [Lcom.fasterxml.jackson.databind.MapperFeature;
2226:             1            152  [Lsun.security.ssl.Alert; (java.base@21.0.3)
2227:             1            152  [Lsun.security.ssl.NamedGroup; (java.base@21.0.3)
2228:             2            152  [[Ljava.lang.String; (java.base@21.0.3)
2229:             1            152  org.opensearch.alerting.transport.TransportDocLevelMonitorFanOutAction
2230:             1            152  org.opensearch.http.netty4.ssl.SecureNetty4HttpServerTransport
2231:             1            144  [Ljava.lang.invoke.VarHandle$AccessMode; (java.base@21.0.3)
2232:             2            144  [Ljava.math.BigDecimal; (java.base@21.0.3)
2233:             6            144  [Ljava.security.CodeSigner; (java.base@21.0.3)
2234:             6            144  [Ljava.util.concurrent.atomic.Striped64$Cell; (java.base@21.0.3)
2235:             3            144  [Lorg.bouncycastle.asn1.ASN1ObjectIdentifier;
2236:             2            144  [Lorg.opensearch.performanceanalyzer.commons.stats.metrics.CollectorMetrics;
2237:             6            144  com.fasterxml.jackson.annotation.JsonAutoDetect$Visibility
2238:             6            144  com.fasterxml.jackson.annotation.JsonAutoDetect$Visibility
2239:             6            144  com.fasterxml.jackson.annotation.JsonAutoDetect$Visibility
2240:             6            144  com.fasterxml.jackson.core.JsonParser$NumberType
2241:             3            144  com.fasterxml.jackson.databind.ser.std.CollectionSerializer
2242:             9            144  com.google.common.collect.RegularImmutableList
2243:             3            144  com.sun.management.internal.GarbageCollectorExtImpl (jdk.management@21.0.3)
2244:             6            144  java.lang.Thread$State (java.base@21.0.3)
2245:             3            144  java.lang.ThreadGroup (java.base@21.0.3)
2246:             6            144  java.lang.invoke.MethodHandleImpl$BindCaller$InjectedInvokerHolder (java.base@21.0.3)
2247:             3            144  java.time.temporal.JulianFields$Field (java.base@21.0.3)
2248:             6            144  javax.net.ssl.SSLEngineResult$HandshakeStatus (java.base@21.0.3)
2249:             3            144  jdk.internal.foreign.layout.ValueLayouts$OfFloatImpl (java.base@21.0.3)
2250:             3            144  jdk.internal.foreign.layout.ValueLayouts$OfIntImpl (java.base@21.0.3)
2251:             3            144  jdk.internal.foreign.layout.ValueLayouts$OfLongImpl (java.base@21.0.3)
2252:             3            144  jdk.internal.foreign.layout.ValueLayouts$OfShortImpl (java.base@21.0.3)
2253:             6            144  jdk.internal.perf.PerfCounter (java.base@21.0.3)
2254:             6            144  jdk.net.NetworkPermission (jdk.net@21.0.3)
2255:             9            144  jdk.proxy1.$Proxy4 (jdk.proxy1)
2256:             6            144  kotlin.coroutines.CombinedContext
2257:             6            144  kotlinx.coroutines.CoroutineName
2258:             6            144  kotlinx.coroutines.SupervisorJobImpl
2259:             6            144  org.apache.logging.log4j.core.LifeCycle$State
2260:             6            144  org.apache.logging.log4j.core.config.AppenderRef
2261:             1            144  org.apache.logging.log4j.core.config.composite.CompositeConfiguration
2262:             3            144  org.apache.logging.log4j.core.lookup.RuntimeStrSubstitutor
2263:             6            144  org.apache.logging.log4j.core.pattern.MarkerPatternConverter
2264:             3            144  org.apache.logging.log4j.simple.SimpleLogger
2265:             2            144  org.apache.lucene.analysis.classic.ClassicTokenizerImpl
2266:             2            144  org.apache.lucene.analysis.core.WhitespaceTokenizer
2267:             9            144  org.apache.lucene.backward_codecs.lucene50.Lucene50CompoundFormat
2268:             6            144  org.apache.lucene.backward_codecs.lucene80.Lucene80DocValuesFormat
2269:             2            144  org.apache.lucene.backward_codecs.lucene91.Lucene91Codec
2270:             2            144  org.apache.lucene.backward_codecs.lucene92.Lucene92Codec
2271:             2            144  org.apache.lucene.backward_codecs.lucene94.Lucene94Codec
2272:             6            144  org.apache.lucene.backward_codecs.lucene95.Lucene95Codec$1
2273:             6            144  org.apache.lucene.backward_codecs.lucene95.Lucene95Codec$2
2274:             6            144  org.apache.lucene.backward_codecs.lucene95.Lucene95Codec$3
2275:             6            144  org.apache.lucene.backward_codecs.lucene95.Lucene95HnswVectorsFormat
2276:             6            144  org.apache.lucene.document.StoredValue$Type
2277:             6            144  org.apache.lucene.index.DocValuesType
2278:             6            144  org.apache.lucene.search.BooleanWeight$WeightedBooleanClause
2279:             3            144  org.apache.lucene.util.fst.ReadWriteDataOutput
2280:             6            144  org.bouncycastle.pqc.jcajce.provider.dilithium.DilithiumKeyFactorySpi
2281:             6            144  org.bouncycastle.pqc.jcajce.provider.kyber.KyberKeyFactorySpi
2282:             6            144  org.joda.time.format.DateTimeFormatterBuilder$Fraction
2283:             6            144  org.joni.ast.QuantifierNode$ReduceType
2284:             6            144  org.opensearch.action.search.SearchRequestStats$StatsHolder
2285:             6            144  org.opensearch.action.support.ActiveShardsObserver
2286:             6            144  org.opensearch.action.support.IndicesOptions$Option
2287:             6            144  org.opensearch.ad.model.ADTaskType
2288:             1            144  org.opensearch.alerting.MonitorRunnerExecutionContext
2289:             6            144  org.opensearch.client.support.AbstractClient$Admin
2290:             6            144  org.opensearch.cluster.routing.RecoverySource$Type
2291:             3            144  org.opensearch.common.inject.InheritingState
2292:             3            144  org.opensearch.common.inject.InjectorImpl
2293:             6            144  org.opensearch.common.logging.NodeNamePatternConverter
2294:             6            144  org.opensearch.commons.utils.HelpersKt$logger$1
2295:             2            144  org.opensearch.index.IndexingPressure
2296:             9            144  org.opensearch.knn.index.codec.KNN80Codec.KNN80CompoundFormat
2297:             6            144  org.opensearch.ml.common.MLTaskState
2298:             6            144  org.opensearch.ml.stats.MLNodeLevelStat
2299:             6            144  org.opensearch.monitor.jvm.JvmService
2300:             1            144  org.opensearch.performanceanalyzer.commons.collectors.ScheduledMetricCollectorsExecutor
2301:             6            144  org.opensearch.plugins.SearchPlugin$ScoreFunctionSpec
2302:             6            144  org.opensearch.plugins.SearchPlugin$SignificanceHeuristicSpec
2303:             6            144  org.opensearch.rest.RestHandler$DeprecatedRoute
2304:             6            144  org.opensearch.search.aggregations.AggregatorFactories$Builder
2305:             9            144  org.opensearch.search.aggregations.bucket.histogram.DateHistogramInterval
2306:             1            144  org.opensearch.search.builder.SearchSourceBuilder
2307:             1            144  org.opensearch.security.OpenSearchSecurityPlugin
2308:             9            144  org.opensearch.security.dlic.rest.api.RequestHandler$RequestHandlersBuilder$$Lambda/0x00007fcd28fe58a8
2309:             9            144  org.opensearch.securityanalytics.logtype.LogTypeService$$Lambda/0x00007fcd288ade40
2310:             6            144  org.opensearch.sql.analysis.SelectExpressionAnalyzer
2311:             6            144  org.opensearch.sql.executor.QueryService
2312:             6            144  org.opensearch.sql.planner.optimizer.rule.MergeFilterAndFilter
2313:             6            144  org.opensearch.sql.planner.optimizer.rule.PushFilterUnderSort
2314:             6            144  org.opensearch.sql.planner.optimizer.rule.read.CreateTableScanBuilder
2315:             6            144  org.opensearch.sql.planner.optimizer.rule.write.CreateTableWriteBuilder
2316:             3            144  org.opensearch.threadpool.AutoQueueAdjustingExecutorBuilder
2317:             1            144  org.opensearch.threadpool.ThreadPool$CachedTimeThread
2318:             3            144  org.opensearch.timeseries.transport.handler.ResultBulkIndexingHandler
2319:             1            144  org.opensearch.transport.netty4.ssl.SecureNetty4Transport
2320:             1            144  sun.security.pkcs11.SunPKCS11 (jdk.crypto.cryptoki@21.0.3)
2321:             6            144  sun.security.provider.certpath.X509CertPath (java.base@21.0.3)
2322:             6            144  sun.security.util.DisabledAlgorithmConstraints$Constraint$Operator (java.base@21.0.3)
2323:             4            136  [Ljava.lang.CharSequence; (java.base@21.0.3)
2324:             1            136  [Ljava.time.temporal.ChronoField; (java.base@21.0.3)
2325:             6            136  [Lorg.apache.logging.log4j.core.config.AppenderControl;
2326:             6            136  [Lorg.apache.logging.log4j.core.config.AppenderRef;
2327:             1            136  [Lorg.opensearch.core.xcontent.ObjectParser$ValueType;
2328:             6            136  [Lorg.opensearch.search.aggregations.AggregatorFactory;
2329:             3            136  [Lorg.opensearch.search.aggregations.support.ValueType;
2330:             1            136  [Lorg.opensearch.timeseries.stats.StatNames;
2331:             1            136  org.apache.logging.log4j.core.config.NullConfiguration
2332:             1            136  org.opensearch.ad.task.ADTaskManager
2333:             1            136  org.opensearch.search.SearchService
2334:             5            128  [Ljava.net.InetAddress; (java.base@21.0.3)
2335:             2            128  [Ljava.time.Month; (java.base@21.0.3)
2336:             1            128  [Lorg.joni.constants.internal.TokenType;
2337:             2            128  [Lorg.opensearch.ingest.geoip.GeoIpProcessor$Property;
2338:             2            128  [Lsun.security.ssl.SSLSecretDerivation$SecretSchedule; (java.base@21.0.3)
2339:             4            128  com.fasterxml.jackson.annotation.JsonInclude$Value
2340:             4            128  com.fasterxml.jackson.core.StreamReadCapability
2341:             4            128  com.fasterxml.jackson.core.util.Separators$Spacing
2342:             2            128  com.fasterxml.jackson.databind.cfg.BaseSettings
2343:             4            128  com.fasterxml.jackson.databind.cfg.CoercionConfigs
2344:             4            128  com.fasterxml.jackson.databind.cfg.JsonNodeFeature
2345:             4            128  com.fasterxml.jackson.databind.ser.AnyGetterWriter
2346:             1            128  com.google.common.cache.LocalCache
2347:             1            128  com.google.common.cache.LocalCache
2348:             4            128  com.google.common.collect.RegularImmutableSet
2349:             8            128  com.google.gson.TypeAdapter$1
2350:             4            128  com.sun.jmx.mbeanserver.DefaultMXBeanMappingFactory$ArrayMapping (java.management@21.0.3)
2351:             4            128  com.sun.jmx.mbeanserver.DefaultMXBeanMappingFactory$EnumMapping (java.management@21.0.3)
2352:             2            128  com.sun.security.sasl.gsskerb.JdkSASL$ProviderService (jdk.security.jgss@21.0.3)
2353:             2            128  io.netty.bootstrap.ServerBootstrap
2354:             2            128  io.netty.buffer.PooledByteBufAllocator
2355:             2            128  io.netty.buffer.SizeClasses
2356:             8            128  io.netty.channel.nio.NioEventLoop$1
2357:             2            128  io.netty.channel.socket.nio.NioServerSocketChannel$NioServerSocketChannelConfig
2358:             4            128  io.netty.util.AttributeKey
2359:             4            128  io.netty.util.internal.logging.Log4J2Logger
2360:             4            128  java.io.FileInputStream (java.base@21.0.3)
2361:             8            128  java.lang.Float (java.base@21.0.3)
2362:             4            128  java.lang.invoke.VarHandleByteArrayAsDoubles$ArrayHandle (java.base@21.0.3)
2363:             4            128  java.lang.invoke.VarHandleByteArrayAsFloats$ArrayHandle (java.base@21.0.3)
2364:             4            128  java.lang.invoke.VarHandleByteArrayAsShorts$ArrayHandle (java.base@21.0.3)
2365:             4            128  java.lang.module.ModuleDescriptor$Modifier (java.base@21.0.3)
2366:             4            128  java.lang.module.ModuleDescriptor$Requires$Modifier (java.base@21.0.3)
2367:             4            128  java.security.spec.PSSParameterSpec (java.base@21.0.3)
2368:             8            128  java.time.format.DateTimeFormatterBuilder$StringLiteralPrinterParser (java.base@21.0.3)
2369:             4            128  java.util.HexFormat (java.base@21.0.3)
2370:             4            128  java.util.stream.FindOps$FindOp (java.base@21.0.3)
2371:             4            128  jdk.internal.logger.BootstrapLogger$LoggingBackend (java.base@21.0.3)
2372:             1            128  jdk.nio.zipfs.ZipFileSystem (jdk.zipfs@21.0.3)
2373:             8            128  jdk.proxy1.$Proxy10 (jdk.proxy1)
2374:             8            128  jdk.proxy3.$Proxy18 (jdk.proxy3)
2375:             8            128  jdk.proxy4.$Proxy20 (jdk.proxy4)
2376:             2            128  org.apache.lucene.analysis.classic.ClassicTokenizer
2377:             2            128  org.apache.lucene.backward_codecs.lucene87.Lucene87Codec
2378:             4            128  org.bouncycastle.crypto.params.DSAParameters
2379:             4            128  org.objectweb.asm.Handle
2380:             4            128  org.opensearch.action.DocWriteRequest$OpType
2381:             4            128  org.opensearch.action.search.PitService
2382:             4            128  org.opensearch.action.search.ShardStatsFieldNames
2383:             1            128  org.opensearch.ad.ratelimit.ADCheckpointWriteWorker
2384:             1            128  org.opensearch.ad.ratelimit.ADColdStartWorker
2385:             1            128  org.opensearch.ad.ratelimit.ADResultWriteWorker
2386:             4            128  org.opensearch.analysis.common.PatternAnalyzer
2387:             4            128  org.opensearch.cluster.routing.ShardRoutingState
2388:             4            128  org.opensearch.common.geo.ShapeRelation
2389:             4            128  org.opensearch.common.logging.SlowLogLevel
2390:             4            128  org.opensearch.common.util.TokenBucket$State
2391:             2            128  org.opensearch.env.Environment
2392:             1            128  org.opensearch.forecast.ratelimit.ForecastCheckpointWriteWorker
2393:             1            128  org.opensearch.forecast.ratelimit.ForecastColdStartWorker
2394:             1            128  org.opensearch.forecast.ratelimit.ForecastResultWriteWorker
2395:             2            128  org.opensearch.index.engine.Engine$Searcher
2396:             8            128  org.opensearch.index.mapper.NumberFieldMapper$NumberType$$Lambda/0x00007fcd287397e8
2397:             4            128  org.opensearch.index.search.MatchQuery$Type
2398:             4            128  org.opensearch.index.translog.Translog$Operation$Type
2399:             2            128  org.opensearch.indexmanagement.IndexManagementPlugin
2400:             1            128  org.opensearch.ml.plugin.MachineLearningPlugin
2401:             1            128  org.opensearch.monitor.jvm.JvmInfo
2402:             8            128  org.opensearch.monitor.jvm.JvmStats$GarbageCollectors
2403:             4            128  org.opensearch.performanceanalyzer.commons.stats.collectors.SampleAggregator
2404:             4            128  org.opensearch.repositories.s3.ProxySettings$ProxyType
2405:             4            128  org.opensearch.search.aggregations.InternalOrder$SimpleOrder
2406:             2            128  org.opensearch.search.backpressure.SearchBackpressureState
2407:             4            128  org.opensearch.security.auth.AuthDomain
2408:             2            128  org.opensearch.security.dlic.rest.api.RestApiPrivilegesEvaluator
2409:             4            128  org.opensearch.security.securityconf.impl.DashboardSignInOption
2410:             2            128  org.opensearch.security.securityconf.impl.v7.ConfigV7$Dynamic
2411:             1            128  org.opensearch.securityanalytics.indexmanagment.DetectorIndexManagementService
2412:             4            128  org.opensearch.semver.SemverRange$RangeOperator
2413:             4            128  org.opensearch.sql.datasource.model.DataSourceType
2414:             4            128  org.opensearch.sql.spark.flint.operation.FlintIndexOpFactory
2415:             4            128  org.opensearch.threadpool.ThreadPool$ThreadPoolType
2416:             2            128  org.opensearch.timeseries.MemoryTracker
2417:             4            128  org.opensearch.timeseries.model.EntityProfileName
2418:             8            128  org.opensearch.timeseries.ratelimit.ConcurrentWorker$$Lambda/0x00007fcd28a11628
2419:             2            128  sun.security.jgss.SunProvider$ProviderService (java.security.jgss@21.0.3)
2420:             4            128  sun.security.ssl.Finished$VerifyDataScheme (java.base@21.0.3)
2421:             4            128  sun.security.ssl.SSLTrafficKeyDerivation (java.base@21.0.3)
2422:             4            128  sun.security.util.DisabledAlgorithmConstraints (java.base@21.0.3)
2423:             4            128  sun.text.CompactByteArray (java.base@21.0.3)
2424:             3            120  [Ljava.lang.invoke.LambdaForm$BasicType; (java.base@21.0.3)
2425:             3            120  [Ljava.nio.charset.Charset; (java.base@21.0.3)
2426:             5            120  [Lorg.apache.logging.log4j.core.appender.rolling.TriggeringPolicy;
2427:             1            120  [Lorg.apache.lucene.index.TermsEnum;
2428:             1            120  [Lorg.opensearch.action.admin.cluster.node.stats.NodesStatsRequest$Metric;
2429:             3            120  [Lorg.opensearch.index.shard.IndexShardState;
2430:             3            120  [Lorg.opensearch.rest.RestHandler$ReplacedRoute;
2431:             2            120  [Lsun.security.util.ObjectIdentifier; (java.base@21.0.3)
2432:             5            120  com.fasterxml.jackson.annotation.Nulls
2433:             5            120  com.fasterxml.jackson.annotation.Nulls
2434:             5            120  com.fasterxml.jackson.annotation.Nulls
2435:             3            120  com.fasterxml.jackson.databind.PropertyMetadata
2436:             5            120  com.fasterxml.jackson.databind.cfg.MutableCoercionConfig
2437:             5            120  com.fasterxml.jackson.databind.deser.DeserializerCache
2438:             5            120  com.fasterxml.jackson.databind.introspect.SimpleMixInResolver
2439:             5            120  com.fasterxml.jackson.databind.ser.SerializerCache
2440:             5            120  com.fasterxml.jackson.databind.ser.impl.PropertySerializerMap$Multi
2441:             5            120  com.fasterxml.jackson.databind.util.LRUMap
2442:             5            120  com.fasterxml.jackson.databind.util.internal.LinkedDeque
2443:             3            120  com.google.common.collect.RegularImmutableMap
2444:             5            120  com.sun.crypto.provider.DHParameters (java.base@21.0.3)
2445:             3            120  com.sun.jna.Structure$LayoutInfo
2446:             1            120  com.sun.jna.internal.Cleaner$1
2447:             3            120  io.netty.handler.codec.base64.Base64Dialect
2448:             5            120  io.netty.util.Recycler$2
2449:             5            120  io.netty.util.internal.logging.InternalLogLevel
2450:             3            120  java.lang.invoke.VarHandleBooleans$FieldInstanceReadWrite (java.base@21.0.3)
2451:             1            120  java.lang.ref.Finalizer$FinalizerThread (java.base@21.0.3)
2452:             1            120  java.lang.ref.Reference$ReferenceHandler (java.base@21.0.3)
2453:             3            120  java.lang.reflect.ProxyGenerator$ProxyMethod (java.base@21.0.3)
2454:             3            120  java.net.InetAddress$CachedLookup (java.base@21.0.3)
2455:             5            120  java.net.InterfaceAddress (java.base@21.0.3)
2456:             5            120  java.time.ZoneRegion (java.base@21.0.3)
2457:             5            120  java.time.chrono.JapaneseEra (java.base@21.0.3)
2458:             5            120  java.time.format.SignStyle (java.base@21.0.3)
2459:             5            120  java.util.Locale$FilteringMode (java.base@21.0.3)
2460:             5            120  java.util.concurrent.Executors$AutoShutdownDelegatedExecutorService (java.base@21.0.3)
2461:             1            120  java.util.logging.LogManager$Cleaner (java.logging@21.0.3)
2462:             5            120  java.util.stream.StreamOpFlag$Type (java.base@21.0.3)
2463:             5            120  jdk.internal.math.FloatingDecimal$PreparedASCIIToBinaryBuffer (java.base@21.0.3)
2464:             1            120  jdk.internal.misc.InnocuousThread (java.base@21.0.3)
2465:             5            120  kotlinx.coroutines.scheduling.CoroutineScheduler$WorkerState
2466:             5            120  org.apache.logging.log4j.core.appender.rolling.CompositeTriggeringPolicy
2467:             3            120  org.apache.logging.log4j.core.config.ConfigurationSource
2468:             5            120  org.apache.logging.log4j.core.lookup.PropertiesLookup
2469:             5            120  org.apache.logging.log4j.core.pattern.LoggerPatternConverter
2470:             5            120  org.apache.logging.log4j.core.pattern.PatternParser$ParserState
2471:             3            120  org.apache.logging.log4j.core.util.WatchManager
2472:             3            120  org.apache.logging.log4j.core.util.datetime.FixedDateFormat$FixedTimeZoneFormat
2473:             3            120  org.apache.lucene.codecs.lucene90.Lucene90DocValuesProducer$20
2474:             5            120  org.apache.lucene.index.IndexOptions
2475:             5            120  org.apache.lucene.store.ByteArrayDataInput
2476:             5            120  org.bouncycastle.jcajce.provider.asymmetric.ec.KeyFactorySpi$ECMQV
2477:             5            120  org.greenrobot.eventbus.ThreadMode
2478:             3            120  org.opensearch.action.admin.indices.stats.CommonStatsFlags
2479:             1            120  org.opensearch.ad.ratelimit.ADCheckpointMaintainWorker
2480:             1            120  org.opensearch.ad.ratelimit.ADColdEntityWorker
2481:             1            120  org.opensearch.ad.transport.GetAnomalyDetectorTransportAction
2482:             1            120  org.opensearch.bootstrap.Bootstrap$2
2483:             1            120  org.opensearch.bootstrap.Bootstrap$4
2484:             5            120  org.opensearch.cluster.block.ClusterBlockLevel
2485:             5            120  org.opensearch.cluster.block.ClusterBlocks$ImmutableLevelHolder
2486:             5            120  org.opensearch.cluster.routing.allocation.Constraint
2487:             1            120  org.opensearch.common.PidFile$1
2488:             3            120  org.opensearch.common.breaker.ChildMemoryCircuitBreaker
2489:             5            120  org.opensearch.common.cache.ICacheKey
2490:             5            120  org.opensearch.common.unit.Fuzziness
2491:             3            120  org.opensearch.flowframework.indices.FlowFrameworkIndex
2492:             1            120  org.opensearch.forecast.ratelimit.ForecastCheckpointMaintainWorker
2493:             1            120  org.opensearch.forecast.ratelimit.ForecastColdEntityWorker
2494:             1            120  org.opensearch.forecast.transport.GetForecasterTransportAction
2495:             5            120  org.opensearch.index.engine.Engine$Operation$Origin
2496:             5            120  org.opensearch.index.mapper.MetadataFieldMapper$ConfigurableTypeParser
2497:             1            120  org.opensearch.indexmanagement.indexstatemanagement.ManagedIndexCoordinator
2498:             5            120  org.opensearch.knn.index.codec.KNNFormatFacade
2499:             5            120  org.opensearch.ml.stats.suppliers.IndexStatusSupplier
2500:             3            120  org.opensearch.monitor.jvm.JvmGcMonitorService$GcThreshold
2501:             1            120  org.opensearch.node.NodeService
2502:             5            120  org.opensearch.performanceanalyzer.config.setting.PerformanceAnalyzerClusterSettings$PerformanceAnalyzerFeatureBits
2503:             1            120  org.opensearch.search.aggregations.bucket.histogram.DateHistogramAggregator
2504:             5            120  org.opensearch.search.aggregations.bucket.histogram.DateIntervalWrapper$IntervalTypeEnum
2505:             5            120  org.opensearch.search.aggregations.support.FieldContext
2506:             5            120  org.opensearch.security.dlic.rest.api.RequestHandler$RequestHandlersBuilder$$Lambda/0x00007fcd28fe8000
2507:             3            120  org.opensearch.sql.spark.dispatcher.QueryHandlerFactory
2508:             5            120  org.opensearch.sql.spark.flint.OpenSearchFlintIndexStateModelService
2509:             5            120  org.opensearch.tasks.TaskManager$$Lambda/0x00007fcd292e3168
2510:             5            120  org.opensearch.tasks.TaskManager$ChannelPendingTaskTracker
2511:             5            120  org.opensearch.transport.TransportRequestOptions$Type
2512:             3            120  sun.security.ssl.CipherSuite$HashAlg (java.base@21.0.3)
2513:             3            120  sun.security.ssl.SignatureScheme$SigAlgParamSpec (java.base@21.0.3)
2514:             3            120  sun.security.ssl.X509TrustManagerImpl (java.base@21.0.3)
2515:             3            120  sun.util.locale.provider.LocaleResources (java.base@21.0.3)
2516:             7            112  [Ljava.lang.annotation.Annotation; (java.base@21.0.3)
2517:             1            112  [Ljava.lang.reflect.AccessFlag; (java.base@21.0.3)
2518:             2            112  [Ljava.nio.file.attribute.PosixFilePermission; (java.base@21.0.3)
2519:             2            112  [Ljava.security.CryptoPrimitive; (java.base@21.0.3)
2520:             1            112  [Ljava.time.LocalTime; (java.base@21.0.3)
2521:             7            112  [Lorg.apache.logging.log4j.core.config.Property;
2522:             5            112  [Lorg.apache.logging.log4j.core.pattern.NameAbbreviator$PatternAbbreviatorFragment;
2523:             2            112  [Lorg.apache.lucene.search.SortField$Type;
2524:             2            112  [Lorg.opensearch.cluster.ClusterState$Metric;
2525:             2            112  [Lorg.opensearch.cluster.node.DiscoveryNode;
2526:             2            112  [Lorg.opensearch.core.xcontent.XContentParser$Token;
2527:             1            112  [Lorg.opensearch.performanceanalyzer.commons.metrics.AllMetrics$ShardStatsValue;
2528:             5            112  [Lorg.opensearch.search.aggregations.Aggregator;
2529:             2            112  [Lorg.opensearch.search.asynchronous.context.state.AsynchronousSearchState;
2530:             2            112  [Lorg.opensearch.security.securityconf.impl.CType;
2531:             1            112  [Lorg.opensearch.security.support.ModuleType;
2532:             2            112  [Lorg.opensearch.timeseries.model.ProfileName;
2533:             1            112  [Lorg.yaml.snakeyaml.tokens.Token$ID;
2534:             3            112  [Lsun.invoke.util.ValueConversions$WrapperCache; (java.base@21.0.3)
2535:             2            112  com.google.common.collect.HashBiMap
2536:             2            112  java.nio.DirectIntBufferRU (java.base@21.0.3)
2537:             2            112  java.security.cert.PKIXBuilderParameters (java.base@21.0.3)
2538:             7            112  javax.naming.ldap.Rdn (java.naming@21.0.3)
2539:             7            112  jdk.proxy4.$Proxy24 (jdk.proxy4)
2540:             7            112  kotlinx.coroutines.internal.Symbol
2541:             7            112  kotlinx.coroutines.internal.Symbol
2542:             7            112  kotlinx.coroutines.internal.Symbol
2543:             7            112  org.apache.logging.log4j.core.impl.ThreadContextDataInjector$ForCopyOnWriteThreadContextMap
2544:             2            112  org.apache.lucene.analysis.miscellaneous.StemmerOverrideFilter
2545:             1            112  org.opensearch.action.bulk.TransportShardBulkAction
2546:             1            112  org.opensearch.ad.ml.ADColdStart
2547:             1            112  org.opensearch.ad.transport.ADResultProcessor
2548:             7            112  org.opensearch.cluster.ClusterName
2549:             7            112  org.opensearch.cluster.coordination.CoordinationMetadata$VotingConfiguration
2550:             2            112  org.opensearch.cluster.routing.allocation.DiskThresholdSettings
2551:             7            112  org.opensearch.common.settings.Setting$$Lambda/0x00007fcd2854d468
2552:             2            112  org.opensearch.common.util.BigDoubleArray
2553:             1            112  org.opensearch.forecast.ml.ForecastColdStart
2554:             1            112  org.opensearch.forecast.transport.ForecastRunOnceTransportAction
2555:             7            112  org.opensearch.index.analysis.PreBuiltAnalyzerProviderFactory$$Lambda/0x00007fcd286c7038
2556:             7            112  org.opensearch.index.mapper.MetadataFieldMapper$FixedTypeParser
2557:             1            112  org.opensearch.index.query.QueryShardContext
2558:             1            112  org.opensearch.index.query.QueryStringQueryBuilder
2559:             7            112  org.opensearch.ml.stats.suppliers.CounterSupplier
2560:             1            112  org.opensearch.performanceanalyzer.collectors.telemetry.RTFNodeStatsAllShardsMetricsCollector
2561:             1            112  org.opensearch.replication.action.replay.TransportReplayChangesAction
2562:             7            112  org.opensearch.search.aggregations.BucketCollectorProcessor
2563:             1            112  org.opensearch.search.internal.ShardSearchRequest
2564:             7            112  org.opensearch.security.dlic.rest.api.AbstractApiAction$$Lambda/0x00007fcd28fe5688
2565:             7            112  org.opensearch.sql.spark.execution.session.OpenSearchSessionConfigSupplier
2566:             7            112  org.opensearch.sql.spark.execution.xcontent.SessionModelXContentSerializer
2567:             7            112  org.opensearch.sql.spark.execution.xcontent.StatementModelXContentSerializer
2568:             2            112  org.opensearch.transport.TcpTransportChannel
2569:             2            112  org.tartarus.snowball.ext.FinnishStemmer
2570:             2            112  org.tartarus.snowball.ext.RomanianStemmer
2571:             2            112  sun.security.ec.ed.EdDSAParameters (jdk.crypto.ec@21.0.3)
2572:             1            104  [Ljava.lang.reflect.ClassFileFormatVersion; (java.base@21.0.3)
2573:             1            104  [Lorg.apache.logging.log4j.core.util.datetime.FixedDateFormat$FixedFormat;
2574:             1            104  [Lorg.opensearch.sql.common.setting.Settings$Key;
2575:             1            104  [Lsun.security.ssl.SSLHandshake; (java.base@21.0.3)
2576:             1            104  [Lsun.security.ssl.SignatureScheme; (java.base@21.0.3)
2577:             2            104  [Lsun.util.logging.PlatformLogger$Level; (java.base@21.0.3)
2578:             1            104  com.sun.crypto.provider.SunJCE (java.base@21.0.3)
2579:             1            104  com.sun.security.sasl.Provider (java.security.sasl@21.0.3)
2580:             1            104  com.sun.security.sasl.gsskerb.JdkSASL (jdk.security.jgss@21.0.3)
2581:             1            104  java.lang.invoke.BoundMethodHandle$Species_LLLLLLLLLLLLLLLLLL (java.base@21.0.3)
2582:             1            104  jdk.internal.loader.ClassLoaders$AppClassLoader (java.base@21.0.3)
2583:             1            104  jdk.internal.loader.ClassLoaders$BootClassLoader (java.base@21.0.3)
2584:             1            104  jdk.internal.loader.ClassLoaders$PlatformClassLoader (java.base@21.0.3)
2585:             1            104  org.jcp.xml.dsig.internal.dom.XMLDSigRI (java.xml.crypto@21.0.3)
2586:             1            104  org.opensearch.ad.indices.ADIndexManagement
2587:             1            104  org.opensearch.ad.task.ADBatchTaskRunner
2588:             1            104  org.opensearch.forecast.indices.ForecastIndexManagement
2589:             1            104  org.opensearch.index.merge.MergeStats
2590:             1            104  org.opensearch.ml.action.register.TransportRegisterModelAction
2591:             1            104  org.opensearch.securityanalytics.transport.TransportIndexDetectorAction
2592:             1            104  org.opensearch.transport.TransportService
2593:             1            104  sun.security.ec.SunEC (jdk.crypto.ec@21.0.3)
2594:             1            104  sun.security.jca.ProviderList$1 (java.base@21.0.3)
2595:             1            104  sun.security.jgss.SunProvider (java.security.jgss@21.0.3)
2596:             1            104  sun.security.provider.certpath.ldap.JdkLDAP (java.naming@21.0.3)
2597:             1            104  sun.security.rsa.SunRsaSign (java.base@21.0.3)
2598:             1            104  sun.security.smartcardio.SunPCSC (java.smartcardio@21.0.3)
2599:             1            104  sun.security.ssl.SunJSSE (java.base@21.0.3)
2600:             2             96  [Lcom.fasterxml.jackson.annotation.JsonInclude$Include;
2601:             1             96  [Lcom.fasterxml.jackson.core.JsonParser$Feature;
2602:             2             96  [Lcom.google.common.cache.LocalCache$EntryFactory;
2603:             2             96  [Lcom.google.common.cache.LocalCache$EntryFactory;
2604:             2             96  [Lcom.google.common.cache.LocalCache$EntryFactory;
2605:             2             96  [Lcom.google.common.cache.LocalCache$EntryFactory;
2606:             2             96  [Ljava.lang.System$Logger$Level; (java.base@21.0.3)
2607:             2             96  [Ljava.time.DayOfWeek; (java.base@21.0.3)
2608:             2             96  [Ljava.util.concurrent.TimeUnit; (java.base@21.0.3)
2609:             4             96  [Lorg.apache.logging.log4j.Marker;
2610:             3             96  [Lorg.apache.logging.log4j.core.util.datetime.FastDatePrinter$Rule;
2611:             2             96  [Lorg.apache.logging.log4j.spi.StandardLevel;
2612:             2             96  [Lorg.opensearch.search.aggregations.support.CoreValuesSourceType;
2613:             4             96  [Lorg.opensearch.sql.spark.leasemanager.DefaultLeaseManager$Rule;
2614:             4             96  [Lsun.security.ssl.EphemeralKeyManager$EphemeralKeyPair; (java.base@21.0.3)
2615:             1             96  [Lsun.util.locale.BaseLocale; (java.base@21.0.3)
2616:             1             96  [[Ljava.lang.Byte; (java.base@21.0.3)
2617:             4             96  [[Lorg.opensearch.search.aggregations.InternalAggregation;
2618:             4             96  com.fasterxml.jackson.annotation.JsonCreator$Mode
2619:             4             96  com.fasterxml.jackson.annotation.JsonProperty$Access
2620:             1             96  com.fasterxml.jackson.databind.DeserializationConfig
2621:             4             96  com.fasterxml.jackson.databind.cfg.CoercionAction
2622:             4             96  com.fasterxml.jackson.databind.cfg.CoercionAction
2623:             4             96  com.fasterxml.jackson.databind.cfg.CoercionAction
2624:             4             96  com.fasterxml.jackson.databind.cfg.ConstructorDetector
2625:             4             96  com.fasterxml.jackson.databind.cfg.ConstructorDetector$SingleArgConstructor
2626:             4             96  com.fasterxml.jackson.databind.cfg.MutableCoercionConfig
2627:             4             96  com.fasterxml.jackson.databind.deser.DeserializerCache
2628:             4             96  com.fasterxml.jackson.databind.introspect.AnnotationCollector$OneAnnotation
2629:             4             96  com.fasterxml.jackson.databind.introspect.SimpleMixInResolver
2630:             3             96  com.fasterxml.jackson.databind.introspect.VisibilityChecker$Std
2631:             4             96  com.fasterxml.jackson.databind.ser.SerializerCache
2632:             3             96  com.fasterxml.jackson.databind.ser.std.EnumSerializer
2633:             6             96  com.fasterxml.jackson.databind.ser.std.ToStringSerializer
2634:             6             96  com.fasterxml.jackson.databind.ser.std.ToStringSerializer
2635:             6             96  com.fasterxml.jackson.databind.ser.std.ToStringSerializer
2636:             4             96  com.google.common.cache.LocalCache$AccessQueue$1
2637:             6             96  com.google.common.cache.LocalCache$LocalManualCache
2638:             4             96  com.google.common.collect.AbstractIterator$State
2639:             4             96  com.google.common.collect.AbstractIterator$State
2640:             3             96  com.google.common.collect.RegularImmutableSet
2641:             3             96  com.google.common.collect.RegularImmutableSet
2642:             2             96  com.google.common.collect.SingletonImmutableBiMap
2643:             6             96  com.google.common.collect.SingletonImmutableList
2644:             4             96  com.password4j.types.Bcrypt
2645:             3             96  com.sun.jna.NativeLong
2646:             3             96  io.netty.buffer.EmptyByteBuf
2647:             3             96  io.netty.channel.nio.NioEventLoopGroup
2648:             4             96  io.netty.handler.ssl.ApplicationProtocolConfig$Protocol
2649:             2             96  io.netty.handler.ssl.JdkSslServerContext
2650:             4             96  io.netty.util.ResourceLeakDetector$Level
2651:             3             96  java.io.SerializablePermission (java.base@21.0.3)
2652:             3             96  java.lang.Runtime$Version (java.base@21.0.3)
2653:             2             96  java.lang.invoke.MethodHandleImpl$WrappedMember (java.base@21.0.3)
2654:             2             96  java.lang.invoke.VarHandleReferences$FieldStaticReadWrite (java.base@21.0.3)
2655:             4             96  java.lang.module.ModuleDescriptor$Opens (java.base@21.0.3)
2656:             4             96  java.math.MathContext (java.base@21.0.3)
2657:             2             96  java.net.NetworkInterface (java.base@21.0.3)
2658:             4             96  java.nio.file.FileVisitResult (java.base@21.0.3)
2659:             4             96  java.text.Normalizer$Form (java.base@21.0.3)
2660:             3             96  java.text.StringCharacterIterator (java.base@21.0.3)
2661:             2             96  java.time.format.DateTimeFormatterBuilder$FractionPrinterParser (java.base@21.0.3)
2662:             4             96  java.time.format.DateTimeFormatterBuilder$SettingsParser (java.base@21.0.3)
2663:             4             96  java.time.format.FormatStyle (java.base@21.0.3)
2664:             2             96  java.time.zone.ZoneOffsetTransitionRule (java.base@21.0.3)
2665:             2             96  java.util.Locale$Category (java.base@21.0.3)
2666:             3             96  java.util.UUID (java.base@21.0.3)
2667:             3             96  java.util.concurrent.ScheduledThreadPoolExecutor$DelayedWorkQueue (java.base@21.0.3)
2668:             4             96  java.util.regex.Pattern$Qtype (java.base@21.0.3)
2669:             3             96  java.util.stream.Collectors$CollectorImpl (java.base@21.0.3)
2670:             3             96  java.util.stream.MatchOps$MatchKind (java.base@21.0.3)
2671:             4             96  java.util.stream.StreamShape (java.base@21.0.3)
2672:             4             96  javax.management.MBeanTrustPermission (java.management@21.0.3)
2673:             2             96  javax.management.openmbean.TabularType (java.management@21.0.3)
2674:             4             96  javax.net.ssl.SSLContext (java.base@21.0.3)
2675:             4             96  javax.net.ssl.SSLEngineResult$Status (java.base@21.0.3)
2676:             2             96  jdk.internal.foreign.layout.ValueLayouts$OfAddressImpl (java.base@21.0.3)
2677:             2             96  jdk.internal.foreign.layout.ValueLayouts$OfCharImpl (java.base@21.0.3)
2678:             2             96  jdk.internal.foreign.layout.ValueLayouts$OfDoubleImpl (java.base@21.0.3)
2679:             1             96  jdk.internal.jimage.ImageReader$SharedImageReader (java.base@21.0.3)
2680:             6             96  jdk.internal.loader.ClassLoaderValue (java.base@21.0.3)
2681:             3             96  jdk.internal.reflect.MethodHandleShortFieldAccessorImpl (java.base@21.0.3)
2682:             3             96  jdk.internal.util.ClassFileDumper (java.base@21.0.3)
2683:             4             96  jdk.internal.util.OperatingSystem (java.base@21.0.3)
2684:             4             96  jdk.jfr.internal.SecuritySupport$SafePath (jdk.jfr@21.0.3)
2685:             6             96  jdk.proxy4.$Proxy22 (jdk.proxy4)
2686:             4             96  kotlin.SynchronizedLazyImpl
2687:             4             96  kotlinx.coroutines.CoroutineStart
2688:             4             96  kotlinx.coroutines.SupervisorJobImpl
2689:             4             96  org.apache.commons.lang3.tuple.ImmutablePair
2690:             3             96  org.apache.logging.log4j.core.config.ConfigurationScheduler
2691:             6             96  org.apache.logging.log4j.core.layout.PatternLayout$PatternFormatterPatternSerializer
2692:             6             96  org.apache.logging.log4j.core.lookup.JmxRuntimeInputArgumentsLookup
2693:             6             96  org.apache.logging.log4j.core.lookup.MapLookup
2694:             3             96  org.apache.logging.log4j.core.pattern.DatePatternConverter$PatternFormatter
2695:             4             96  org.apache.logging.log4j.core.pattern.NameAbbreviator$PatternAbbreviatorFragment
2696:             3             96  org.apache.lucene.analysis.ar.ArabicAnalyzer
2697:             2             96  org.apache.lucene.analysis.ar.ArabicStemFilter
2698:             3             96  org.apache.lucene.analysis.bg.BulgarianAnalyzer
2699:             2             96  org.apache.lucene.analysis.bg.BulgarianStemFilter
2700:             3             96  org.apache.lucene.analysis.bn.BengaliAnalyzer
2701:             2             96  org.apache.lucene.analysis.bn.BengaliNormalizationFilter
2702:             2             96  org.apache.lucene.analysis.bn.BengaliStemFilter
2703:             3             96  org.apache.lucene.analysis.br.BrazilianAnalyzer
2704:             2             96  org.apache.lucene.analysis.br.BrazilianStemFilter
2705:             3             96  org.apache.lucene.analysis.ca.CatalanAnalyzer
2706:             3             96  org.apache.lucene.analysis.ckb.SoraniAnalyzer
2707:             2             96  org.apache.lucene.analysis.ckb.SoraniStemFilter
2708:             3             96  org.apache.lucene.analysis.cz.CzechAnalyzer
2709:             2             96  org.apache.lucene.analysis.cz.CzechStemFilter
2710:             3             96  org.apache.lucene.analysis.da.DanishAnalyzer
2711:             3             96  org.apache.lucene.analysis.de.GermanAnalyzer
2712:             2             96  org.apache.lucene.analysis.de.GermanLightStemFilter
2713:             2             96  org.apache.lucene.analysis.el.GreekStemFilter
2714:             3             96  org.apache.lucene.analysis.en.EnglishAnalyzer
2715:             2             96  org.apache.lucene.analysis.en.PorterStemFilter
2716:             3             96  org.apache.lucene.analysis.es.SpanishAnalyzer
2717:             2             96  org.apache.lucene.analysis.es.SpanishLightStemFilter
2718:             3             96  org.apache.lucene.analysis.et.EstonianAnalyzer
2719:             3             96  org.apache.lucene.analysis.eu.BasqueAnalyzer
2720:             3             96  org.apache.lucene.analysis.fi.FinnishAnalyzer
2721:             3             96  org.apache.lucene.analysis.fr.FrenchAnalyzer
2722:             2             96  org.apache.lucene.analysis.fr.FrenchLightStemFilter
2723:             3             96  org.apache.lucene.analysis.ga.IrishAnalyzer
2724:             3             96  org.apache.lucene.analysis.gl.GalicianAnalyzer
2725:             2             96  org.apache.lucene.analysis.gl.GalicianStemFilter
2726:             3             96  org.apache.lucene.analysis.hi.HindiAnalyzer
2727:             2             96  org.apache.lucene.analysis.hi.HindiNormalizationFilter
2728:             2             96  org.apache.lucene.analysis.hi.HindiStemFilter
2729:             3             96  org.apache.lucene.analysis.hu.HungarianAnalyzer
2730:             3             96  org.apache.lucene.analysis.hy.ArmenianAnalyzer
2731:             3             96  org.apache.lucene.analysis.id.IndonesianAnalyzer
2732:             2             96  org.apache.lucene.analysis.id.IndonesianStemFilter
2733:             3             96  org.apache.lucene.analysis.it.ItalianAnalyzer
2734:             2             96  org.apache.lucene.analysis.it.ItalianLightStemFilter
2735:             3             96  org.apache.lucene.analysis.lt.LithuanianAnalyzer
2736:             3             96  org.apache.lucene.analysis.lv.LatvianAnalyzer
2737:             2             96  org.apache.lucene.analysis.lv.LatvianStemFilter
2738:             2             96  org.apache.lucene.analysis.miscellaneous.SetKeywordMarkerFilter
2739:             3             96  org.apache.lucene.analysis.nl.DutchAnalyzer
2740:             3             96  org.apache.lucene.analysis.no.NorwegianAnalyzer
2741:             3             96  org.apache.lucene.analysis.pt.PortugueseAnalyzer
2742:             2             96  org.apache.lucene.analysis.pt.PortugueseLightStemFilter
2743:             3             96  org.apache.lucene.analysis.ro.RomanianAnalyzer
2744:             3             96  org.apache.lucene.analysis.ru.RussianAnalyzer
2745:             4             96  org.apache.lucene.analysis.standard.StandardAnalyzer$$Lambda/0x00007fcd2925b7e8
2746:             3             96  org.apache.lucene.analysis.sv.SwedishAnalyzer
2747:             3             96  org.apache.lucene.analysis.tr.TurkishAnalyzer
2748:             6             96  org.apache.lucene.backward_codecs.lucene50.Lucene50LiveDocsFormat
2749:             6             96  org.apache.lucene.backward_codecs.lucene60.Lucene60FieldInfosFormat
2750:             3             96  org.apache.lucene.search.BooleanWeight
2751:             4             96  org.apache.lucene.store.IOContext$Context
2752:             4             96  org.apache.lucene.util.automaton.CompiledAutomaton$AUTOMATON_TYPE
2753:             4             96  org.bouncycastle.crypto.CryptoServicesPermission
2754:             4             96  org.bouncycastle.crypto.params.DHValidationParameters
2755:             4             96  org.bouncycastle.crypto.params.DSAValidationParameters
2756:             3             96  org.joda.time.format.DateTimeFormatterBuilder$TimeZoneOffset
2757:             4             96  org.joni.ast.CClassNode$CCSTATE
2758:             4             96  org.locationtech.spatial4j.context.jts.ValidationRule
2759:             2             96  org.locationtech.spatial4j.shape.impl.RectangleImpl
2760:             1             96  org.opensearch.action.resync.TransportResyncReplicationAction
2761:             1             96  org.opensearch.action.search.TransportSearchAction
2762:             3             96  org.opensearch.action.support.WriteRequest$RefreshPolicy
2763:             1             96  org.opensearch.ad.caching.ADPriorityCache
2764:             1             96  org.opensearch.alerting.core.JobSweeper
2765:             3             96  org.opensearch.analysis.common.SnowballAnalyzer
2766:             6             96  org.opensearch.client.support.AbstractClient$ClusterAdmin
2767:             6             96  org.opensearch.client.support.AbstractClient$IndicesAdmin
2768:             3             96  org.opensearch.cluster.coordination.CoordinationMetadata
2769:             3             96  org.opensearch.cluster.metadata.IndexAbstraction$Type
2770:             2             96  org.opensearch.cluster.metadata.RepositoryMetadata
2771:             3             96  org.opensearch.cluster.routing.WeightedRoutingService
2772:             4             96  org.opensearch.cluster.routing.allocation.decider.EnableAllocationDecider$Allocation
2773:             4             96  org.opensearch.cluster.routing.allocation.decider.EnableAllocationDecider$Rebalance
2774:             3             96  org.opensearch.common.breaker.ChildMemoryCircuitBreaker$LimitAndOverhead
2775:             3             96  org.opensearch.common.inject.internal.Errors
2776:             4             96  org.opensearch.common.lifecycle.Lifecycle$State
2777:             4             96  org.opensearch.common.path.PathTrie$TrieMatchingMode
2778:             4             96  org.opensearch.common.recycler.Recyclers$$Lambda/0x00007fcd28885010
2779:             4             96  org.opensearch.common.recycler.Recyclers$2
2780:             2             96  org.opensearch.common.settings.SecureSetting$InsecureStringSetting
2781:             3             96  org.opensearch.common.settings.Setting$AffixSetting$3
2782:             6             96  org.opensearch.common.util.concurrent.ConcurrentHashMapLong
2783:             3             96  org.opensearch.common.util.concurrent.ResizableBlockingQueue
2784:             4             96  org.opensearch.core.tasks.TaskId
2785:             1             96  org.opensearch.forecast.caching.ForecastPriorityCache
2786:             4             96  org.opensearch.forecast.model.ForecastTaskType
2787:             1             96  org.opensearch.forecast.task.ForecastTaskManager
2788:             1             96  org.opensearch.forecast.transport.ForecastResultTransportAction
2789:             3             96  org.opensearch.forecast.transport.SuggestName
2790:             3             96  org.opensearch.index.IndexSettings$IndexMergePolicy
2791:             6             96  org.opensearch.index.analysis.PreConfiguredTokenFilter$$Lambda/0x00007fcd2869e638
2792:             3             96  org.opensearch.index.codec.customcodecs.backward_codecs.Lucene95CustomCodec$Mode
2793:             3             96  org.opensearch.index.codec.customcodecs.backward_codecs.Lucene95CustomStoredFieldsFormat
2794:             3             96  org.opensearch.index.fielddata.plain.SortedSetOrdinalsIndexFieldData
2795:             4             96  org.opensearch.index.mapper.MapperService$MergeReason
2796:             6             96  org.opensearch.index.mapper.RangeType$$Lambda/0x00007fcd2873d5e8
2797:             3             96  org.opensearch.index.search.MatchQuery$ZeroTermsQuery
2798:             1             96  org.opensearch.index.seqno.RetentionLeaseSyncAction
2799:             4             96  org.opensearch.index.shard.IndexShard$ShardMigrationState
2800:             1             96  org.opensearch.index.shard.IndexingStats$Stats
2801:             1             96  org.opensearch.indices.IndicesQueryCache$OpenSearchLRUQueryCache
2802:             4             96  org.opensearch.indices.IndicesRequestCache$CleanupKey
2803:             4             96  org.opensearch.indices.IndicesService$ShardDeletionCheckResult
2804:             1             96  org.opensearch.indices.cluster.IndicesClusterStateService
2805:             3             96  org.opensearch.ingest.geoip.DatabaseReaderLazyLoader
2806:             1             96  org.opensearch.jobscheduler.sweeper.JobSweeper
2807:             4             96  org.opensearch.knn.index.KNNMethod
2808:             3             96  org.opensearch.knn.index.util.KNNEngine
2809:             6             96  org.opensearch.knn.plugin.stats.suppliers.KNNInnerCacheStatsSupplier
2810:             6             96  org.opensearch.knn.plugin.stats.suppliers.NativeMemoryCacheManagerSupplier
2811:             1             96  org.opensearch.ml.action.deploy.TransportDeployModelOnNodeAction
2812:             1             96  org.opensearch.ml.action.syncup.TransportSyncUpOnNodeAction
2813:             2             96  org.opensearch.monitor.os.OsInfo
2814:             3             96  org.opensearch.node.remotestore.RemoteStoreNodeService$Direction
2815:             4             96  org.opensearch.observability.settings.PluginSettings$FilterBy
2816:             3             96  org.opensearch.painless.CompilerSettings$RegexEnabled
2817:             4             96  org.opensearch.performanceanalyzer.commons.metrics.MetricsConfiguration$MetricConfig
2818:             3             96  org.opensearch.performanceanalyzer.commons.stats.metrics.StatsType
2819:             3             96  org.opensearch.performanceanalyzer.commons.util.Util$CollectorMode
2820:             4             96  org.opensearch.plugins.SearchPlugin$SortSpec
2821:             3             96  org.opensearch.ratelimitting.admissioncontrol.enums.AdmissionControlActionType
2822:             3             96  org.opensearch.ratelimitting.admissioncontrol.enums.AdmissionControlMode
2823:             4             96  org.opensearch.reportsscheduler.util.HelpersKt$logger$1
2824:             2             96  org.opensearch.repositories.s3.async.AsyncTransferManager
2825:             6             96  org.opensearch.search.SearchModule$$Lambda/0x00007fcd2875cf50
2826:             6             96  org.opensearch.search.SearchModule$$Lambda/0x00007fcd2879bd90
2827:             6             96  org.opensearch.search.aggregations.AggregatorFactories
2828:             1             96  org.opensearch.search.asynchronous.service.AsynchronousSearchService
2829:             6             96  org.opensearch.search.asynchronous.service.AsynchronousSearchService$$Lambda/0x00007fcd28af0ab8
2830:             3             96  org.opensearch.search.backpressure.settings.SearchBackpressureMode
2831:             1             96  org.opensearch.search.query.QuerySearchResult
2832:             1             96  org.opensearch.security.configuration.DlsFlsFilterLeafReader$DlsFlsDirectoryReader
2833:             6             96  org.opensearch.security.dlic.rest.api.AbstractApiAction$1
2834:             1             96  org.opensearch.security.ssl.DefaultSecurityKeyStore
2835:             3             96  org.opensearch.security.support.Base64CustomHelper$CustomSerializationFormat
2836:             2             96  org.opensearch.securityanalytics.correlation.index.codec.CorrelationCodecVersion
2837:             1             96  org.opensearch.securityanalytics.transport.TransportCorrelateFindingAction
2838:             3             96  org.opensearch.securityanalytics.util.ThrowableCheckingPredicates
2839:             1             96  org.opensearch.snapshots.SnapshotsService
2840:             6             96  org.opensearch.sql.analysis.ExpressionAnalyzer
2841:             6             96  org.opensearch.sql.analysis.NamedExpressionAnalyzer
2842:             6             96  org.opensearch.sql.executor.execution.QueryPlanFactory
2843:             6             96  org.opensearch.sql.planner.Planner
2844:             6             96  org.opensearch.sql.planner.optimizer.LogicalPlanOptimizer
2845:             6             96  org.opensearch.sql.planner.optimizer.PushDownPageSize
2846:             6             96  org.opensearch.sql.spark.execution.session.DatasourceEmbeddedSessionIdProvider
2847:             4             96  org.opensearch.sql.spark.flint.OpenSearchIndexDMLResultStorageService
2848:             4             96  org.opensearch.sql.spark.leasemanager.DefaultLeaseManager
2849:             4             96  org.opensearch.sql.spark.leasemanager.DefaultLeaseManager$ConcurrentRefreshJobRule
2850:             4             96  org.opensearch.sql.spark.leasemanager.DefaultLeaseManager$ConcurrentSessionRule
2851:             3             96  org.opensearch.threadpool.AutoQueueAdjustingExecutorBuilder$$Lambda/0x00007fcd28535f90
2852:             1             96  org.opensearch.timeseries.TimeSeriesAnalyticsPlugin
2853:             6             96  org.opensearch.timeseries.ratelimit.BatchWorker$$Lambda/0x00007fcd28a11858
2854:             6             96  org.opensearch.timeseries.stats.suppliers.SettableSupplier
2855:             1             96  org.opensearch.timeseries.transport.CronTransportAction
2856:             2             96  org.opensearch.transport.nativeprotocol.NativeOutboundHandler
2857:             3             96  org.opensearch.watcher.ResourceWatcherService$Frequency
2858:             2             96  org.tartarus.snowball.ext.ArmenianStemmer
2859:             2             96  org.tartarus.snowball.ext.BasqueStemmer
2860:             2             96  org.tartarus.snowball.ext.CatalanStemmer
2861:             2             96  org.tartarus.snowball.ext.DanishStemmer
2862:             2             96  org.tartarus.snowball.ext.DutchStemmer
2863:             2             96  org.tartarus.snowball.ext.EnglishStemmer
2864:             2             96  org.tartarus.snowball.ext.EstonianStemmer
2865:             2             96  org.tartarus.snowball.ext.IrishStemmer
2866:             2             96  org.tartarus.snowball.ext.NorwegianStemmer
2867:             2             96  org.tartarus.snowball.ext.RussianStemmer
2868:             2             96  org.tartarus.snowball.ext.SwedishStemmer
2869:             3             96  org.yaml.snakeyaml.DumperOptions$FlowStyle
2870:             4             96  org.yaml.snakeyaml.nodes.NodeId
2871:             4             96  sun.security.ssl.CipherType (java.base@21.0.3)
2872:             3             96  sun.security.ssl.ECPointFormatsExtension$ECPointFormat (java.base@21.0.3)
2873:             4             96  sun.security.ssl.EphemeralKeyManager (java.base@21.0.3)
2874:             3             96  sun.security.ssl.SSLTrafficKeyDerivation$KeySchedule (java.base@21.0.3)
2875:             3             96  sun.security.util.DisabledAlgorithmConstraints$DenyAfterConstraint (java.base@21.0.3)
2876:             4             96  sun.security.util.DisabledAlgorithmConstraints$UsageConstraint (java.base@21.0.3)
2877:             6             96  sun.security.util.math.intpoly.IntegerPolynomial$Limb (java.base@21.0.3)
2878:             2             96  sun.security.validator.PKIXValidator (java.base@21.0.3)
2879:             3             96  sun.util.locale.UnicodeLocaleExtension (java.base@21.0.3)
2880:             2             88  [Lcom.fasterxml.jackson.databind.cfg.CoercionAction;
2881:             1             88  [Lio.protostuff.WireFormat$FieldType;
2882:             4             88  [Ljava.nio.file.Path; (java.base@21.0.3)
2883:             1             88  [Ljava.util.concurrent.ConcurrentMap; (java.base@21.0.3)
2884:             1             88  [Lorg.opensearch.security.dlic.rest.api.Endpoint;
2885:             1             88  [Lorg.opensearch.sql.data.type.ExprCoreType;
2886:             2             88  [Lsun.security.jca.ProviderConfig; (java.base@21.0.3)
2887:             1             88  [Lsun.security.ssl.CipherSuite$KeyExchange; (java.base@21.0.3)
2888:             1             88  com.fasterxml.jackson.databind.SerializationConfig
2889:             1             88  com.fasterxml.jackson.databind.deser.CreatorProperty
2890:             1             88  com.fasterxml.jackson.dataformat.smile.SmileFactory
2891:             1             88  com.google.gson.Gson
2892:             1             88  org.apache.lucene.codecs.lucene99.Lucene99PostingsFormat$IntBlockTermState
2893:             1             88  org.apache.lucene.search.LRUQueryCache
2894:             1             88  org.opensearch.ad.ml.ADCheckpointDao
2895:             1             88  org.opensearch.alerting.alerts.AlertIndices
2896:             1             88  org.opensearch.bootstrap.Bootstrap$5
2897:             1             88  org.opensearch.index.ShardIndexingPressureMemoryManager
2898:             1             88  org.opensearch.ml.action.deploy.TransportDeployModelAction
2899:             1             88  org.opensearch.performanceanalyzer.collectors.ClusterManagerServiceEventMetrics
2900:             1             88  org.opensearch.performanceanalyzer.collectors.telemetry.RTFThreadPoolMetricsCollector
2901:             1             88  org.opensearch.search.aggregations.bucket.histogram.DateHistogramAggregationBuilder
2902:             1             88  org.opensearch.search.backpressure.settings.SearchShardTaskSettings
2903:             1             88  org.opensearch.search.backpressure.settings.SearchTaskSettings
2904:             1             88  org.opensearch.security.auth.BackendRegistry
2905:             2             80  [Lcom.fasterxml.jackson.annotation.JsonAutoDetect$Visibility;
2906:             3             80  [Lio.netty.util.concurrent.EventExecutor;
2907:             1             80  [Lio.netty.util.concurrent.EventExecutor;
2908:             2             80  [Lio.netty.util.internal.PriorityQueueNode;
2909:             2             80  [Ljava.lang.OutOfMemoryError; (java.base@21.0.3)
2910:             1             80  [Ljava.time.temporal.ChronoUnit; (java.base@21.0.3)
2911:             2             80  [Ljava.util.stream.StreamOpFlag$Type; (java.base@21.0.3)
2912:             5             80  [Lorg.apache.logging.log4j.core.appender.rolling.action.Action;
2913:             1             80  [Lorg.bouncycastle.jcajce.provider.asymmetric.compositesignatures.CompositeSignaturesConstants$CompositeName;
2914:             2             80  [Lorg.greenrobot.eventbus.ThreadMode;
2915:             2             80  [Lorg.opensearch.action.search.SearchPhaseName;
2916:             2             80  [Lorg.opensearch.action.support.IndicesOptions$Option;
2917:             2             80  [Lorg.opensearch.ad.indices.ADIndex;
2918:             2             80  [Lorg.opensearch.cluster.block.ClusterBlockLevel;
2919:             2             80  [Lorg.opensearch.cluster.routing.Preference;
2920:             1             80  [Lorg.opensearch.cluster.routing.UnassignedInfo$Reason;
2921:             2             80  [Lorg.opensearch.common.Priority;
2922:             2             80  [Lorg.opensearch.forecast.indices.ForecastIndex;
2923:             2             80  [Lorg.opensearch.indices.recovery.RecoveryState$Stage;
2924:             1             80  [Lorg.opensearch.knn.plugin.stats.KNNCounter;
2925:             1             80  [Lorg.opensearch.ml.common.model.MLModelState;
2926:             2             80  [Lorg.opensearch.ml.stats.MLNodeLevelStat;
2927:             2             80  [Lorg.opensearch.search.aggregations.bucket.histogram.DateIntervalWrapper$IntervalTypeEnum;
2928:             1             80  [Lorg.opensearch.search.fetch.FetchSubPhase;
2929:             1             80  [Lorg.opensearch.sql.common.setting.LegacySettings$Key;
2930:             2             80  [Lorg.opensearch.transport.TransportRequestOptions$Type;
2931:             1             80  [Lsun.security.ssl.SSLCipher; (java.base@21.0.3)
2932:             2             80  [Lsun.util.calendar.Era; (java.base@21.0.3)
2933:             2             80  [Lsun.util.locale.provider.LocaleProviderAdapter$Type; (java.base@21.0.3)
2934:             2             80  [[Ljava.lang.invoke.MethodHandle; (java.base@21.0.3)
2935:             1             80  com.amazon.dlic.auth.http.jwt.keybyoidc.SelfRefreshingKeySet
2936:             5             80  com.fasterxml.jackson.core.util.JacksonFeatureSet
2937:             1             80  com.fasterxml.jackson.databind.MappingJsonFactory
2938:             2             80  com.fasterxml.jackson.databind.deser.std.NumberDeserializers$BooleanDeserializer
2939:             2             80  com.fasterxml.jackson.databind.deser.std.NumberDeserializers$IntegerDeserializer
2940:             5             80  com.fasterxml.jackson.databind.introspect.BasicClassIntrospector
2941:             5             80  com.fasterxml.jackson.databind.jsontype.impl.StdSubtypeResolver
2942:             5             80  com.fasterxml.jackson.databind.util.RootNameLookup
2943:             2             80  com.google.common.cache.AbstractCache$SimpleStatsCounter
2944:             1             80  com.google.common.cache.LocalCache$Segment
2945:             2             80  com.google.common.collect.Multimaps$UnmodifiableMultimap
2946:             5             80  com.google.common.collect.RegularImmutableList
2947:             5             80  com.google.common.collect.SingletonImmutableList
2948:             2             80  com.sun.jmx.mbeanserver.DefaultMXBeanMappingFactory$TabularMapping (java.management@21.0.3)
2949:             2             80  com.sun.jna.Library$Handler$FunctionInfo
2950:             2             80  io.netty.bootstrap.ServerBootstrap$ServerBootstrapAcceptor
2951:             2             80  io.netty.channel.nio.AbstractNioMessageChannel$NioMessageUnsafe
2952:             5             80  io.netty.util.internal.ObjectPool$RecyclerObjectPool
2953:             2             80  java.io.BufferedOutputStream (java.base@21.0.3)
2954:             2             80  java.io.FileNotFoundException (java.base@21.0.3)
2955:             2             80  java.io.PrintWriter (java.base@21.0.3)
2956:             2             80  java.lang.ModuleLayer (java.base@21.0.3)
2957:             2             80  java.lang.UnsatisfiedLinkError (java.base@21.0.3)
2958:             2             80  java.lang.invoke.BoundMethodHandle$Species_LI (java.base@21.0.3)
2959:             2             80  java.lang.invoke.VarHandleLongs$FieldInstanceReadWrite (java.base@21.0.3)
2960:             2             80  java.lang.module.Configuration (java.base@21.0.3)
2961:             2             80  java.lang.ref.NativeReferenceQueue (java.base@21.0.3)
2962:             5             80  java.nio.channels.FileChannel$MapMode (java.base@21.0.3)
2963:             2             80  java.security.AccessControlException (java.base@21.0.3)
2964:             2             80  java.security.cert.TrustAnchor (java.base@21.0.3)
2965:             2             80  java.time.temporal.WeekFields (java.base@21.0.3)
2966:             2             80  java.time.zone.ZoneRules (java.base@21.0.3)
2967:             5             80  java.util.IdentityHashMap$Values (java.base@21.0.3)
2968:             5             80  java.util.Optional (java.base@21.0.3)
2969:             5             80  java.util.concurrent.Executors$AutoShutdownDelegatedExecutorService$$Lambda/0x00007fcd284e5660 (java.base@21.0.3)
2970:             2             80  java.util.concurrent.PriorityBlockingQueue (java.base@21.0.3)
2971:             1             80  jdk.internal.event.X509CertificateEvent (java.base@21.0.3)
2972:             1             80  jdk.internal.icu.impl.NormalizerImpl (java.base@21.0.3)
2973:             2             80  jdk.internal.math.FloatingDecimal$BinaryToASCIIBuffer (java.base@21.0.3)
2974:             2             80  jdk.internal.misc.ScopedMemoryAccess$ScopedAccessError (java.base@21.0.3)
2975:             5             80  jdk.internal.module.ServicesCatalog (java.base@21.0.3)
2976:             5             80  jdk.proxy4.$Proxy52 (jdk.proxy4)
2977:             5             80  jdk.proxy8.$Proxy39 (jdk.proxy8)
2978:             2             80  joptsimple.RequiredArgumentOptionSpec
2979:             2             80  kotlinx.coroutines.internal.LockFreeTaskQueueCore
2980:             2             80  kotlinx.coroutines.internal.LockFreeTaskQueueCore
2981:             2             80  kotlinx.coroutines.internal.LockFreeTaskQueueCore
2982:             2             80  kotlinx.coroutines.internal.LockFreeTaskQueueCore
2983:             5             80  kotlinx.coroutines.internal.Symbol
2984:             5             80  org.apache.logging.log4j.core.config.DefaultReliabilityStrategy
2985:             5             80  org.apache.logging.log4j.core.lookup.ContextMapLookup
2986:             5             80  org.apache.logging.log4j.core.lookup.DateLookup
2987:             5             80  org.apache.logging.log4j.core.lookup.EnvironmentLookup
2988:             5             80  org.apache.logging.log4j.core.lookup.EventLookup
2989:             5             80  org.apache.logging.log4j.core.lookup.JavaLookup
2990:             5             80  org.apache.logging.log4j.core.lookup.Log4jLookup
2991:             5             80  org.apache.logging.log4j.core.lookup.LowerLookup
2992:             5             80  org.apache.logging.log4j.core.lookup.MainMapLookup
2993:             5             80  org.apache.logging.log4j.core.lookup.MarkerLookup
2994:             5             80  org.apache.logging.log4j.core.lookup.ResourceBundleLookup
2995:             5             80  org.apache.logging.log4j.core.lookup.StrMatcher$CharMatcher
2996:             5             80  org.apache.logging.log4j.core.lookup.StructuredDataLookup
2997:             5             80  org.apache.logging.log4j.core.lookup.UpperLookup
2998:             2             80  org.apache.logging.log4j.core.util.datetime.FastDateParser
2999:             5             80  org.apache.logging.log4j.core.util.datetime.FastDateParser$CopyQuotedStrategy
3000:             5             80  org.apache.logging.log4j.core.util.datetime.FastDatePrinter$CharacterLiteral
3001:             2             80  org.apache.lucene.analysis.cjk.CJKWidthFilter
3002:             2             80  org.apache.lucene.analysis.ckb.SoraniNormalizationFilter
3003:             2             80  org.apache.lucene.analysis.classic.ClassicFilter
3004:             2             80  org.apache.lucene.analysis.de.GermanNormalizationFilter
3005:             2             80  org.apache.lucene.analysis.el.GreekLowerCaseFilter
3006:             2             80  org.apache.lucene.analysis.en.PorterStemmer
3007:             2             80  org.apache.lucene.analysis.fa.PersianNormalizationFilter
3008:             2             80  org.apache.lucene.analysis.ga.IrishLowerCaseFilter
3009:             2             80  org.apache.lucene.analysis.tr.ApostropheFilter
3010:             2             80  org.apache.lucene.analysis.tr.TurkishLowerCaseFilter
3011:             5             80  org.apache.lucene.backward_codecs.lucene80.Lucene80NormsFormat
3012:             5             80  org.apache.lucene.backward_codecs.lucene84.Lucene84PostingsFormat
3013:             5             80  org.apache.lucene.backward_codecs.lucene90.Lucene90FieldInfosFormat
3014:             5             80  org.bouncycastle.pqc.jcajce.provider.cmce.CMCEKeyFactorySpi
3015:             5             80  org.bouncycastle.pqc.jcajce.provider.ntru.NTRUKeyFactorySpi
3016:             2             80  org.greenrobot.eventbus.EventBusBuilder
3017:             2             80  org.locationtech.spatial4j.io.SupportedFormats
3018:             1             80  org.opensearch.action.ActionModule
3019:             1             80  org.opensearch.action.admin.indices.close.TransportVerifyShardBeforeCloseAction
3020:             1             80  org.opensearch.action.admin.indices.flush.TransportShardFlushAction
3021:             1             80  org.opensearch.action.admin.indices.readonly.TransportVerifyShardIndexBlockAction
3022:             1             80  org.opensearch.action.admin.indices.refresh.TransportShardRefreshAction
3023:             1             80  org.opensearch.action.bulk.TransportBulkAction
3024:             1             80  org.opensearch.action.search.SearchShardTask
3025:             1             80  org.opensearch.ad.ml.ADModelManager
3026:             1             80  org.opensearch.ad.transport.ADSingleStreamResultTransportAction
3027:             1             80  org.opensearch.ad.transport.AnomalyDetectorJobTransportAction
3028:             1             80  org.opensearch.ad.transport.DeleteADModelTransportAction
3029:             1             80  org.opensearch.ad.transport.EntityADResultTransportAction
3030:             1             80  org.opensearch.alerting.transport.TransportIndexMonitorAction
3031:             1             80  org.opensearch.alerting.transport.TransportIndexWorkflowAction
3032:             2             80  org.opensearch.cluster.decommission.DecommissionService
3033:             1             80  org.opensearch.cluster.metadata.MetadataCreateIndexService
3034:             5             80  org.opensearch.common.settings.Setting$$Lambda/0x00007fcd2848de90
3035:             5             80  org.opensearch.common.settings.Setting$$Lambda/0x00007fcd2854df60
3036:             5             80  org.opensearch.common.settings.Setting$$Lambda/0x00007fcd2854e630
3037:             1             80  org.opensearch.forecast.transport.EntityForecastResultTransportAction
3038:             1             80  org.opensearch.forecast.transport.ForecastSingleStreamResultTransportAction
3039:             1             80  org.opensearch.forecast.transport.ForecasterJobTransportAction
3040:             1             80  org.opensearch.index.ShardIndexingPressure
3041:             2             80  org.opensearch.index.mapper.NestedPathFieldMapper$NestedPathFieldType
3042:             1             80  org.opensearch.index.seqno.GlobalCheckpointSyncAction
3043:             1             80  org.opensearch.index.seqno.RetentionLeaseBackgroundSyncAction
3044:             1             80  org.opensearch.indexmanagement.indexstatemanagement.migration.ISMTemplateService
3045:             5             80  org.opensearch.indices.IndicesService$IndexShardCacheEntity
3046:             1             80  org.opensearch.indices.replication.checkpoint.PublishCheckpointAction
3047:             1             80  org.opensearch.ml.action.controller.DeployControllerTransportAction
3048:             1             80  org.opensearch.ml.action.controller.UndeployControllerTransportAction
3049:             1             80  org.opensearch.ml.action.undeploy.TransportUndeployModelsAction
3050:             1             80  org.opensearch.ml.action.update_cache.UpdateModelCacheTransportAction
3051:             1             80  org.opensearch.ml.model.MLModelManager
3052:             2             80  org.opensearch.monitor.os.OsService$OsStatsCache
3053:             2             80  org.opensearch.monitor.os.OsStats
3054:             1             80  org.opensearch.performanceanalyzer.collectors.telemetry.RTFDisksCollector
3055:             1             80  org.opensearch.performanceanalyzer.collectors.telemetry.RTFHeapMetricsCollector
3056:             2             80  org.opensearch.replication.repository.RemoteClusterRestoreLeaderService
3057:             1             80  org.opensearch.repositories.s3.S3ClientSettings
3058:             5             80  org.opensearch.search.aggregations.DefaultAggregationProcessor
3059:             1             80  org.opensearch.search.aggregations.metrics.MaxAggregator
3060:             5             80  org.opensearch.search.internal.ContextIndexSearcher$MutableQueryTimeout
3061:             1             80  org.opensearch.security.configuration.ConfigurationRepository
3062:             5             80  org.opensearch.security.dlic.rest.api.AbstractApiAction$$Lambda/0x00007fcd28fe5ac8
3063:             1             80  org.opensearch.security.privileges.PrivilegesEvaluator
3064:             2             80  org.opensearch.security.securityconf.impl.v7.ConfigV7$Kibana
3065:             1             80  org.opensearch.securityanalytics.transport.TransportDeleteDetectorAction
3066:             5             80  org.opensearch.sql.spark.execution.xcontent.FlintIndexStateModelXContentSerializer
3067:             1             80  org.opensearch.threadpool.Scheduler$SafeScheduledThreadPoolExecutor
3068:             1             80  org.opensearch.timeseries.cluster.HashRing
3069:             2             80  org.opensearch.timeseries.rest.RestValidateAction
3070:             2             80  org.tartarus.snowball.ext.HungarianStemmer
3071:             2             80  org.tartarus.snowball.ext.LithuanianStemmer
3072:             2             80  org.tartarus.snowball.ext.TurkishStemmer
3073:             2             80  sun.management.MemoryManagerImpl (java.management@21.0.3)
3074:             2             80  sun.nio.ch.ServerSocketAdaptor (java.base@21.0.3)
3075:             2             80  sun.security.ec.XECParameters (jdk.crypto.ec@21.0.3)
3076:             2             80  sun.security.rsa.RSAUtil$KeyType (java.base@21.0.3)
3077:             5             80  sun.security.ssl.SSLCipher$T10BlockReadCipherGenerator (java.base@21.0.3)
3078:             5             80  sun.security.ssl.SSLCipher$T10BlockWriteCipherGenerator (java.base@21.0.3)
3079:             1             80  sun.util.locale.provider.JRELocaleProviderAdapter (java.base@21.0.3)
3080:             1             72  [Lcom.fasterxml.jackson.core.JsonGenerator$Feature;
3081:             1             72  [Lcom.fasterxml.jackson.core.JsonToken;
3082:             1             72  [Lcom.fasterxml.jackson.core.json.JsonReadFeature;
3083:             1             72  [Lcom.fasterxml.jackson.databind.type.LogicalType;
3084:             1             72  [Lcom.fasterxml.jackson.databind.type.LogicalType;
3085:             1             72  [Lcom.fasterxml.jackson.databind.type.LogicalType;
3086:             1             72  [Ljavax.management.openmbean.SimpleType; (java.management@21.0.3)
3087:             1             72  com.amazon.dlic.auth.http.jwt.keybyoidc.KeySetRetriever
3088:             3             72  com.fasterxml.jackson.annotation.OptBoolean
3089:             3             72  com.fasterxml.jackson.core.Base64Variant$PaddingReadBehaviour
3090:             1             72  com.fasterxml.jackson.core.util.InternCache
3091:             1             72  com.fasterxml.jackson.databind.ObjectMapper
3092:             3             72  com.fasterxml.jackson.databind.PropertyName
3093:             3             72  com.fasterxml.jackson.databind.PropertyName
3094:             3             72  com.fasterxml.jackson.databind.annotation.JsonSerialize$Typing
3095:             1             72  com.fasterxml.jackson.databind.deser.DefaultDeserializationContext$Impl
3096:             1             72  com.fasterxml.jackson.databind.ser.DefaultSerializerProvider$Impl
3097:             3             72  com.fasterxml.jackson.databind.ser.std.NumberSerializer
3098:             3             72  com.fasterxml.jackson.databind.ser.std.NumberSerializer
3099:             3             72  com.fasterxml.jackson.databind.ser.std.NumberSerializer
3100:             3             72  com.fasterxml.jackson.databind.util.AccessPattern
3101:             3             72  com.google.common.collect.AbstractMapBasedMultimap$KeySet
3102:             3             72  com.google.common.collect.ImmutableMapEntry$NonTerminalImmutableMapEntry
3103:             3             72  com.sun.jna.NativeLibrary$NativeLibraryDisposer
3104:             3             72  com.sun.jna.StructureReadContext
3105:             3             72  io.netty.handler.ssl.ApplicationProtocolConfig$SelectedListenerFailureBehavior
3106:             3             72  io.netty.handler.ssl.ApplicationProtocolConfig$SelectorFailureBehavior
3107:             3             72  io.netty.handler.ssl.ClientAuth
3108:             3             72  io.netty.handler.ssl.SslProvider
3109:             3             72  io.netty.util.concurrent.DefaultEventExecutorChooserFactory$PowerOfTwoEventExecutorChooser
3110:             3             72  io.protostuff.runtime.ArraySchemas$BoolArray$1
3111:             3             72  io.protostuff.runtime.ArraySchemas$CharArray$1
3112:             3             72  io.protostuff.runtime.ArraySchemas$FloatArray$1
3113:             3             72  io.protostuff.runtime.ArraySchemas$Int32Array$1
3114:             3             72  io.protostuff.runtime.ArraySchemas$Int64Array$1
3115:             3             72  io.protostuff.runtime.ArraySchemas$ShortArray$1
3116:             3             72  java.lang.ProcessImpl$LaunchMechanism (java.base@21.0.3)
3117:             3             72  java.lang.StackStreamFactory$WalkerState (java.base@21.0.3)
3118:             3             72  java.lang.StackWalker$Option (java.base@21.0.3)
3119:             3             72  java.lang.WeakPairMap (java.base@21.0.3)
3120:             3             72  java.lang.annotation.RetentionPolicy (java.base@21.0.3)
3121:             3             72  java.lang.invoke.MethodHandleImpl$ArrayAccess (java.base@21.0.3)
3122:             3             72  java.net.StandardProtocolFamily (java.base@21.0.3)
3123:             3             72  java.nio.file.AccessMode (java.base@21.0.3)
3124:             3             72  java.nio.file.FileTreeWalker$EventType (java.base@21.0.3)
3125:             3             72  java.nio.file.StandardCopyOption (java.base@21.0.3)
3126:             3             72  java.security.CodeSigner (java.base@21.0.3)
3127:             3             72  java.security.Timestamp (java.base@21.0.3)
3128:             3             72  java.security.cert.CertificateFactory (java.base@21.0.3)
3129:             3             72  java.time.ZonedDateTime (java.base@21.0.3)
3130:             3             72  java.time.format.DateTimeTextProvider$LocaleStore (java.base@21.0.3)
3131:             3             72  java.time.format.ResolverStyle (java.base@21.0.3)
3132:             3             72  java.time.zone.ZoneOffsetTransitionRule$TimeDefinition (java.base@21.0.3)
3133:             3             72  java.util.Base64$Encoder (java.base@21.0.3)
3134:             3             72  java.util.concurrent.ConcurrentLinkedDeque$Node (java.base@21.0.3)
3135:             3             72  java.util.logging.LoggingPermission (java.logging@21.0.3)
3136:             3             72  java.util.stream.Collector$Characteristics (java.base@21.0.3)
3137:             3             72  java.util.zip.ZipCoder$Comparison (java.base@21.0.3)
3138:             3             72  jdk.internal.icu.util.CodePointTrie$ValueWidth (java.base@21.0.3)
3139:             3             72  jdk.internal.math.FloatingDecimal$ExceptionalBinaryToASCIIBuffer (java.base@21.0.3)
3140:             3             72  jdk.internal.misc.Signal (java.base@21.0.3)
3141:             3             72  kotlin.SynchronizedLazyImpl
3142:             3             72  kotlin.annotation.AnnotationRetention
3143:             3             72  kotlin.annotation.AnnotationRetention
3144:             3             72  kotlin.coroutines.intrinsics.CoroutineSingletons
3145:             3             72  kotlinx.coroutines.CoroutineName
3146:             1             72  kotlinx.coroutines.scheduling.CoroutineScheduler
3147:             3             72  org.apache.commons.lang3.tuple.ImmutablePair
3148:             3             72  org.apache.commons.pool2.impl.BaseGenericObjectPool$StatsStore
3149:             3             72  org.apache.logging.log4j.core.util.DummyNanoClock
3150:             3             72  org.apache.lucene.analysis.cjk.CJKAnalyzer
3151:             3             72  org.apache.lucene.analysis.core.KeywordAnalyzer
3152:             3             72  org.apache.lucene.analysis.core.WhitespaceAnalyzer
3153:             3             72  org.apache.lucene.analysis.el.GreekAnalyzer
3154:             3             72  org.apache.lucene.analysis.fa.PersianAnalyzer
3155:             3             72  org.apache.lucene.analysis.miscellaneous.StemmerOverrideFilter$StemmerOverrideMap
3156:             3             72  org.apache.lucene.analysis.th.ThaiAnalyzer
3157:             1             72  org.apache.lucene.backward_codecs.lucene90.Lucene90Codec
3158:             3             72  org.apache.lucene.codecs.lucene90.compressing.Lucene90CompressingStoredFieldsWriter$MergeStrategy
3159:             3             72  org.apache.lucene.index.IndexWriterConfig$OpenMode
3160:             3             72  org.apache.lucene.index.MergePolicy$OneMergeProgress$PauseReason
3161:             3             72  org.apache.lucene.index.PointValues$Relation
3162:             3             72  org.apache.lucene.index.SingletonSortedSetDocValues
3163:             3             72  org.apache.lucene.index.StoredFieldVisitor$Status
3164:             3             72  org.apache.lucene.index.TermsEnum$SeekStatus
3165:             3             72  org.apache.lucene.index.TieredMergePolicy$MERGE_TYPE
3166:             3             72  org.apache.lucene.search.IndexSearcher$CachingLeafSlicesSupplier
3167:             3             72  org.apache.lucene.search.Pruning
3168:             3             72  org.apache.lucene.search.TotalHits
3169:             3             72  org.apache.lucene.search.suggest.document.CompletionPostingsFormat$FSTLoadMode
3170:             3             72  org.apache.lucene.util.NamedSPILoader
3171:             3             72  org.apache.lucene.util.fst.FST$INPUT_TYPE
3172:             3             72  org.bouncycastle.crypto.CryptoServicesRegistrar$Property
3173:             1             72  org.greenrobot.eventbus.EventBus
3174:             3             72  org.jcodings.util.CaseInsensitiveBytesHash
3175:             3             72  org.joni.ast.CClassNode$CCVALTYPE
3176:             3             72  org.locationtech.spatial4j.context.jts.DatelineRule
3177:             1             72  org.opensearch.action.admin.cluster.allocation.TransportClusterAllocationExplainAction
3178:             1             72  org.opensearch.action.admin.cluster.node.usage.TransportNodesUsageAction
3179:             1             72  org.opensearch.action.admin.indices.segments.TransportPitSegmentsAction
3180:             3             72  org.opensearch.action.support.IndicesOptions$WildcardStates
3181:             3             72  org.opensearch.action.support.replication.ReplicationMode
3182:             1             72  org.opensearch.action.update.TransportUpdateAction
3183:             1             72  org.opensearch.ad.task.ADTaskCacheManager
3184:             1             72  org.opensearch.ad.transport.DeleteAnomalyDetectorTransportAction
3185:             1             72  org.opensearch.ad.transport.IndexAnomalyDetectorTransportAction
3186:             1             72  org.opensearch.alerting.transport.TransportIndexAlertingCommentAction
3187:             1             72  org.opensearch.bootstrap.JNACLibrary$Rlimit
3188:             3             72  org.opensearch.cli.Terminal$Verbosity
3189:             3             72  org.opensearch.cluster.NodeConnectionsService$ActivityType
3190:             1             72  org.opensearch.cluster.coordination.Coordinator$CoordinatorPeerFinder
3191:             3             72  org.opensearch.cluster.coordination.Coordinator$Mode
3192:             3             72  org.opensearch.cluster.coordination.NodeRemovalClusterStateTaskExecutor
3193:             3             72  org.opensearch.cluster.metadata.DiffableStringMap
3194:             3             72  org.opensearch.cluster.metadata.Metadata$XContentContext
3195:             3             72  org.opensearch.cluster.routing.ShardMovementStrategy
3196:             3             72  org.opensearch.cluster.routing.allocation.decider.ClusterRebalanceAllocationDecider$ClusterRebalanceType
3197:             1             72  org.opensearch.cluster.service.ClusterApplierService
3198:             3             72  org.opensearch.common.cache.Cache$State
3199:             3             72  org.opensearch.common.inject.ConstructorInjectorStore
3200:             3             72  org.opensearch.common.inject.ConstructorInjectorStore$1
3201:             3             72  org.opensearch.common.inject.Initializer
3202:             3             72  org.opensearch.common.inject.MembersInjectorStore
3203:             3             72  org.opensearch.common.inject.MembersInjectorStore$1
3204:             3             72  org.opensearch.common.inject.Stage
3205:             3             72  org.opensearch.common.inject.TypeConverterBindingProcessor
3206:             3             72  org.opensearch.common.metrics.OperationMetrics
3207:             3             72  org.opensearch.common.settings.KeyStoreWrapper$Entry
3208:             3             72  org.opensearch.common.util.concurrent.OpenSearchExecutors$$Lambda/0x00007fcd2853f3e8
3209:             3             72  org.opensearch.core.common.breaker.CircuitBreaker$Type
3210:             1             72  org.opensearch.forecast.transport.DeleteForecastModelTransportAction
3211:             1             72  org.opensearch.forecast.transport.DeleteForecasterTransportAction
3212:             1             72  org.opensearch.forecast.transport.IndexForecasterTransportAction
3213:             1             72  org.opensearch.gateway.GatewayService
3214:             1             72  org.opensearch.gateway.TransportNodesListGatewayStartedShards
3215:             1             72  org.opensearch.gateway.TransportNodesListGatewayStartedShardsBatch
3216:             3             72  org.opensearch.index.analysis.AnalyzerScope
3217:             3             72  org.opensearch.index.codec.customcodecs.backward_codecs.Lucene95CustomStoredFieldsFormat$1
3218:             3             72  org.opensearch.index.codec.customcodecs.backward_codecs.Lucene95CustomStoredFieldsFormat$2
3219:             3             72  org.opensearch.index.engine.Engine$Result$Type
3220:             3             72  org.opensearch.index.mapper.MappedFieldType$Relation
3221:             3             72  org.opensearch.index.mapper.ObjectMapper$Dynamic
3222:             3             72  org.opensearch.indexmanagement.indexstatemanagement.util.MetadataCheck
3223:             3             72  org.opensearch.indices.analysis.PreBuiltCacheFactory$CachingStrategy
3224:             1             72  org.opensearch.indices.breaker.HierarchyCircuitBreakerService$G1OverLimitStrategy
3225:             3             72  org.opensearch.indices.recovery.MultiChunkTransfer$Status
3226:             1             72  org.opensearch.indices.recovery.RecoverySettings
3227:             3             72  org.opensearch.ingest.geoip.IngestGeoIpPlugin$$Lambda/0x00007fcd288cc778
3228:             3             72  org.opensearch.jobscheduler.spi.utils.LockService
3229:             1             72  org.opensearch.ml.action.prediction.TransportPredictionTaskAction
3230:             1             72  org.opensearch.ml.action.profile.MLProfileTransportAction
3231:             1             72  org.opensearch.ml.action.stats.MLStatsNodesTransportAction
3232:             1             72  org.opensearch.ml.action.undeploy.TransportUndeployModelAction
3233:             3             72  org.opensearch.ml.breaker.BreakerName
3234:             1             72  org.opensearch.ml.task.MLPredictTaskRunner
3235:             3             72  org.opensearch.monitor.jvm.JvmGcMonitorService$JvmMonitor$Threshold
3236:             1             72  org.opensearch.performanceanalyzer.collectors.NodeStatsAllShardsMetricsCollector
3237:             3             72  org.opensearch.performanceanalyzer.commons.collectors.PerformanceAnalyzerMetricsCollector$State
3238:             1             72  org.opensearch.performanceanalyzer.commons.collectors.StatsCollector
3239:             3             72  org.opensearch.performanceanalyzer.config.setting.ClusterSettingsManager$$Lambda/0x00007fcd291cc000
3240:             1             72  org.opensearch.replication.action.index.TransportReplicateIndexClusterManagerNodeAction
3241:             1             72  org.opensearch.replication.action.stats.TransportFollowerStatsAction
3242:             1             72  org.opensearch.replication.action.stats.TransportLeaderStatsAction
3243:             3             72  org.opensearch.repositories.s3.async.AsyncExecutorContainer
3244:             3             72  org.opensearch.repositories.s3.async.AsyncTransferEventLoopGroup
3245:             3             72  org.opensearch.search.aggregations.bucket.LocalBucketCountThresholds
3246:             3             72  org.opensearch.search.aggregations.bucket.terms.GlobalOrdinalsStringTermsAggregator$RemapGlobalOrds
3247:             3             72  org.opensearch.search.aggregations.bucket.terms.GlobalOrdinalsStringTermsAggregator$StandardTermsResults
3248:             1             72  org.opensearch.search.internal.ContextIndexSearcher
3249:             1             72  org.opensearch.search.pipeline.SearchPipelineService
3250:             1             72  org.opensearch.security.action.configupdate.TransportConfigUpdateAction
3251:             3             72  org.opensearch.security.auditlog.AuditLog$Origin
3252:             1             72  org.opensearch.security.auditlog.impl.AuditLogImpl
3253:             3             72  org.opensearch.security.configuration.DlsFlsValveImpl$Mode
3254:             3             72  org.opensearch.security.privileges.PrivilegesInterceptor$ReplaceResult
3255:             1             72  org.opensearch.security.securityconf.DynamicConfigModelV7
3256:             3             72  org.opensearch.security.securityconf.impl.WhitelistingSettings
3257:             3             72  org.opensearch.security.support.ConfigConstants$RolesMappingResolution
3258:             1             72  org.opensearch.securityanalytics.transport.TransportIndexCustomLogTypeAction
3259:             3             72  org.opensearch.sql.legacy.metrics.GaugeMetric
3260:             1             72  org.opensearch.tasks.Task
3261:             1             72  org.opensearch.tasks.TaskManager
3262:             3             72  org.opensearch.telemetry.tracing.SpanKind
3263:             3             72  org.opensearch.threadpool.AutoQueueAdjustingExecutorBuilder$1
3264:             3             72  org.opensearch.threadpool.AutoQueueAdjustingExecutorBuilder$2
3265:             3             72  org.opensearch.timeseries.MemoryTracker$Origin
3266:             1             72  org.opensearch.timeseries.ml.MemoryAwareConcurrentHashmap
3267:             3             72  org.opensearch.timeseries.stats.StatType
3268:             3             72  org.opensearch.transport.netty4.ssl.SecureConnectionTestUtil$SSLConnectionTestResult
3269:             3             72  org.opensearch.watcher.ResourceWatcherService$ResourceMonitor
3270:             3             72  org.yaml.snakeyaml.comments.CommentType
3271:             3             72  sun.management.ManagementFactoryHelper$1 (java.management@21.0.3)
3272:             3             72  sun.security.provider.NativePRNG$Variant (java.base@21.0.3)
3273:             3             72  sun.security.ssl.ClientAuthType (java.base@21.0.3)
3274:             3             72  sun.security.ssl.SunX509KeyManagerImpl (java.base@21.0.3)
3275:             3             72  sun.security.ssl.SunX509KeyManagerImpl$X509Credentials (java.base@21.0.3)
3276:             3             72  sun.util.locale.LocaleExtensions (java.base@21.0.3)
3277:             2             64  [Lcom.fasterxml.jackson.annotation.JsonCreator$Mode;
3278:             1             64  [Lcom.fasterxml.jackson.annotation.JsonFormat$Feature;
3279:             1             64  [Lcom.fasterxml.jackson.annotation.JsonFormat$Shape;
3280:             1             64  [Lcom.fasterxml.jackson.annotation.JsonFormat$Shape;
3281:             1             64  [Lcom.fasterxml.jackson.annotation.JsonFormat$Shape;
3282:             2             64  [Lcom.fasterxml.jackson.annotation.JsonProperty$Access;
3283:             2             64  [Lcom.fasterxml.jackson.annotation.OptBoolean;
3284:             1             64  [Lcom.fasterxml.jackson.databind.node.IntNode;
3285:             1             64  [Lcom.fasterxml.jackson.dataformat.yaml.YAMLGenerator$Feature;
3286:             2             64  [Lio.netty.handler.ssl.ClientAuth;
3287:             1             64  [Lio.protostuff.runtime.PolymorphicSchemaFactories;
3288:             2             64  [Ljava.lang.StackWalker$Option; (java.base@21.0.3)
3289:             2             64  [Ljava.lang.annotation.RetentionPolicy; (java.base@21.0.3)
3290:             1             64  [Ljava.lang.invoke.MethodHandleImpl$Intrinsic; (java.base@21.0.3)
3291:             2             64  [Ljava.nio.charset.CoderResult; (java.base@21.0.3)
3292:             2             64  [Ljava.util.stream.Collector$Characteristics; (java.base@21.0.3)
3293:             2             64  [Ljdk.internal.util.OperatingSystem; (java.base@21.0.3)
3294:             2             64  [Lkotlin.annotation.AnnotationRetention;
3295:             2             64  [Lkotlin.annotation.AnnotationRetention;
3296:             2             64  [Lorg.apache.lucene.codecs.lucene90.blocktree.CompressionAlgorithm;
3297:             2             64  [Lorg.apache.lucene.index.MergePolicy$OneMergeProgress$PauseReason;
3298:             2             64  [Lorg.apache.lucene.search.BooleanClause$Occur;
3299:             4             64  [Lorg.apache.lucene.search.ScoreDoc;
3300:             1             64  [Lorg.opensearch.action.admin.cluster.node.info.NodesInfoRequest$Metric;
3301:             2             64  [Lorg.opensearch.action.search.ShardStatsFieldNames;
3302:             2             64  [Lorg.opensearch.action.support.IndicesOptions$WildcardStates;
3303:             2             64  [Lorg.opensearch.cluster.metadata.Metadata$XContentContext;
3304:             2             64  [Lorg.opensearch.cluster.routing.ShardMovementStrategy;
3305:             2             64  [Lorg.opensearch.cluster.routing.allocation.decider.EnableAllocationDecider$Allocation;
3306:             2             64  [Lorg.opensearch.cluster.routing.allocation.decider.EnableAllocationDecider$Rebalance;
3307:             2             64  [Lorg.opensearch.common.logging.SlowLogLevel;
3308:             2             64  [Lorg.opensearch.common.path.PathTrie$TrieMatchingMode;
3309:             2             64  [Lorg.opensearch.common.util.PageCacheRecycler$Type;
3310:             1             64  [Lorg.opensearch.index.fielddata.IndexNumericFieldData$NumericType;
3311:             2             64  [Lorg.opensearch.index.remote.RemoteStoreEnums$PathType;
3312:             2             64  [Lorg.opensearch.node.remotestore.RemoteStoreNodeService$Direction;
3313:             2             64  [Lorg.opensearch.observability.settings.PluginSettings$FilterBy;
3314:             2             64  [Lorg.opensearch.performanceanalyzer.commons.stats.metrics.ExceptionsAndErrors;
3315:             2             64  [Lorg.opensearch.repositories.s3.ProxySettings$ProxyType;
3316:             1             64  [Lorg.opensearch.security.auditlog.config.AuditConfig$Filter$FilterEntries;
3317:             1             64  [Lorg.opensearch.security.ssl.SecureSSLSettings$SSLSetting;
3318:             2             64  [Lorg.opensearch.security.support.ConfigConstants$RolesMappingResolution;
3319:             2             64  [Lorg.opensearch.timeseries.MemoryTracker$Origin;
3320:             2             64  [Lorg.opensearch.timeseries.model.EntityProfileName;
3321:             1             64  [Lorg.yaml.snakeyaml.events.Event$ID;
3322:             2             64  [Lsun.security.ssl.SSLTrafficKeyDerivation$KeySchedule; (java.base@21.0.3)
3323:             2             64  com.fasterxml.jackson.core.StreamWriteCapability
3324:             4             64  com.fasterxml.jackson.core.StreamWriteConstraints
3325:             2             64  com.fasterxml.jackson.core.io.ContentReference
3326:             2             64  com.fasterxml.jackson.databind.cfg.EnumFeature
3327:             2             64  com.fasterxml.jackson.databind.cfg.EnumFeature
3328:             2             64  com.fasterxml.jackson.databind.cfg.EnumFeature
3329:             2             64  com.fasterxml.jackson.databind.introspect.AnnotationCollector$TwoAnnotations
3330:             4             64  com.fasterxml.jackson.databind.introspect.BasicClassIntrospector
3331:             2             64  com.fasterxml.jackson.databind.introspect.VisibilityChecker$Std
3332:             2             64  com.fasterxml.jackson.databind.introspect.VisibilityChecker$Std
3333:             4             64  com.fasterxml.jackson.databind.jsontype.impl.StdSubtypeResolver
3334:             2             64  com.fasterxml.jackson.databind.ser.std.NumberSerializers$DoubleSerializer
3335:             2             64  com.fasterxml.jackson.databind.ser.std.NumberSerializers$DoubleSerializer
3336:             2             64  com.fasterxml.jackson.databind.ser.std.NumberSerializers$DoubleSerializer
3337:             2             64  com.fasterxml.jackson.databind.ser.std.NumberSerializers$IntegerSerializer
3338:             2             64  com.fasterxml.jackson.databind.ser.std.NumberSerializers$IntegerSerializer
3339:             2             64  com.fasterxml.jackson.databind.ser.std.NumberSerializers$IntegerSerializer
3340:             2             64  com.fasterxml.jackson.databind.ser.std.NumberSerializers$LongSerializer
3341:             2             64  com.fasterxml.jackson.databind.ser.std.NumberSerializers$LongSerializer
3342:             2             64  com.fasterxml.jackson.databind.ser.std.NumberSerializers$LongSerializer
3343:             4             64  com.fasterxml.jackson.databind.util.RootNameLookup
3344:             2             64  com.fasterxml.jackson.dataformat.yaml.YAMLParser$Feature
3345:             1             64  com.google.common.cache.CacheStats
3346:             1             64  com.google.common.cache.CacheStats
3347:             1             64  com.google.common.cache.CacheStats
3348:             1             64  com.google.common.cache.CacheStats
3349:             4             64  com.google.common.cache.LocalCache$AccessQueue
3350:             4             64  com.google.common.collect.$Proxy54
3351:             2             64  com.google.common.collect.RegularImmutableSet
3352:             2             64  com.google.common.collect.RegularImmutableSet
3353:             4             64  com.google.common.collect.SingletonImmutableList
3354:             2             64  com.google.common.io.BaseEncoding$Base64Encoding
3355:             2             64  com.google.common.io.BaseEncoding$StandardBaseEncoding
3356:             1             64  io.netty.util.concurrent.GlobalEventExecutor
3357:             1             64  io.netty.util.concurrent.GlobalEventExecutor
3358:             1             64  io.netty.util.concurrent.ScheduledFutureTask
3359:             2             64  io.protostuff.runtime.ArraySchemas$BoolArray
3360:             2             64  io.protostuff.runtime.ArraySchemas$CharArray
3361:             2             64  io.protostuff.runtime.ArraySchemas$FloatArray
3362:             2             64  io.protostuff.runtime.ArraySchemas$Int32Array
3363:             2             64  io.protostuff.runtime.ArraySchemas$Int64Array
3364:             2             64  io.protostuff.runtime.ArraySchemas$ShortArray
3365:             2             64  io.protostuff.runtime.RuntimeSchema
3366:             2             64  java.io.ByteArrayInputStream (java.base@21.0.3)
3367:             2             64  java.io.ClassCache$1 (java.base@21.0.3)
3368:             2             64  java.lang.invoke.MethodHandles$Lookup$ClassOption (java.base@21.0.3)
3369:             2             64  java.lang.ref.ReferenceQueue$Null (java.base@21.0.3)
3370:             4             64  java.security.spec.NamedParameterSpec (java.base@21.0.3)
3371:             2             64  java.time.temporal.IsoFields$Unit (java.base@21.0.3)
3372:             2             64  java.time.zone.ZoneOffsetTransition (java.base@21.0.3)
3373:             4             64  java.util.Collections$ReverseComparator2 (java.base@21.0.3)
3374:             4             64  java.util.concurrent.ConcurrentSkipListSet (java.base@21.0.3)
3375:             2             64  java.util.concurrent.SynchronousQueue (java.base@21.0.3)
3376:             1             64  java.util.logging.LogManager$RootLogger (java.logging@21.0.3)
3377:             2             64  javax.crypto.JceSecurity$WeakIdentityWrapper (java.base@21.0.3)
3378:             2             64  jdk.internal.foreign.GlobalSession (java.base@21.0.3)
3379:             4             64  jdk.internal.util.Preconditions$4 (java.base@21.0.3)
3380:             2             64  jdk.jfr.internal.jfc.JFC$KnownConfiguration (jdk.jfr@21.0.3)
3381:             4             64  jdk.proxy2.$Proxy6 (jdk.proxy2)
3382:             4             64  jdk.proxy4.$Proxy21 (jdk.proxy4)
3383:             2             64  joptsimple.internal.Rows
3384:             1             64  kotlinx.coroutines.scheduling.CoroutineScheduler
3385:             1             64  kotlinx.coroutines.scheduling.CoroutineScheduler
3386:             1             64  kotlinx.coroutines.scheduling.CoroutineScheduler
3387:             1             64  kotlinx.coroutines.scheduling.CoroutineScheduler
3388:             2             64  kotlinx.coroutines.scheduling.WorkQueue
3389:             4             64  org.apache.logging.log4j.core.lookup.StrMatcher$StringMatcher
3390:             4             64  org.apache.logging.log4j.core.pattern.NameAbbreviator$PatternAbbreviator
3391:             2             64  org.apache.logging.log4j.core.util.datetime.FastDatePrinter
3392:             1             64  org.apache.logging.log4j.jul.LogManager
3393:             2             64  org.apache.logging.log4j.util.SortedArrayStringMap
3394:             4             64  org.apache.lucene.analysis.ar.ArabicNormalizer
3395:             2             64  org.apache.lucene.analysis.br.BrazilianStemmer
3396:             2             64  org.apache.lucene.analysis.classic.ClassicAnalyzer
3397:             4             64  org.apache.lucene.analysis.in.IndicNormalizer
3398:             2             64  org.apache.lucene.analysis.util.CharArrayIterator$2
3399:             2             64  org.apache.lucene.analysis.util.CharArrayIterator$4
3400:             4             64  org.apache.lucene.backward_codecs.lucene50.Lucene50StoredFieldsFormat
3401:             1             64  org.apache.lucene.backward_codecs.lucene84.Lucene84Codec
3402:             1             64  org.apache.lucene.backward_codecs.lucene86.Lucene86Codec
3403:             2             64  org.apache.lucene.backward_codecs.lucene87.Lucene87Codec$Mode
3404:             2             64  org.apache.lucene.backward_codecs.lucene90.Lucene90Codec$Mode
3405:             2             64  org.apache.lucene.backward_codecs.lucene91.Lucene91Codec$Mode
3406:             2             64  org.apache.lucene.backward_codecs.lucene92.Lucene92Codec$Mode
3407:             2             64  org.apache.lucene.backward_codecs.lucene94.Lucene94Codec$Mode
3408:             2             64  org.apache.lucene.backward_codecs.lucene95.Lucene95Codec$Mode
3409:             2             64  org.apache.lucene.codecs.lucene99.Lucene99Codec$Mode
3410:             4             64  org.apache.lucene.index.DocValues$2
3411:             2             64  org.apache.lucene.index.VectorEncoding
3412:             2             64  org.apache.lucene.search.FieldExistsQuery$1
3413:             4             64  org.apache.lucene.search.TaskExecutor
3414:             2             64  org.apache.lucene.util.VirtualMethod
3415:             2             64  org.apache.lucene.util.VirtualMethod$1
3416:             4             64  org.bouncycastle.asn1.x9.X962Parameters
3417:             4             64  org.bouncycastle.jcajce.provider.asymmetric.ecgost12.KeyFactorySpi
3418:             1             64  org.jcodings.specific.UTF8Encoding
3419:             1             64  org.jooq.tools.json.Yylex
3420:             1             64  org.opensearch.action.admin.cluster.node.reload.TransportNodesReloadSecureSettingsAction
3421:             1             64  org.opensearch.action.admin.cluster.repositories.cleanup.TransportCleanupRepositoryAction
3422:             1             64  org.opensearch.action.admin.cluster.settings.TransportClusterUpdateSettingsAction
3423:             1             64  org.opensearch.action.admin.cluster.stats.TransportClusterStatsAction
3424:             1             64  org.opensearch.action.admin.indices.analyze.TransportAnalyzeAction
3425:             1             64  org.opensearch.action.admin.indices.close.TransportCloseIndexAction
3426:             1             64  org.opensearch.action.admin.indices.create.AutoCreateAction$TransportAction
3427:             1             64  org.opensearch.action.admin.indices.dangling.delete.TransportDeleteDanglingIndexAction
3428:             1             64  org.opensearch.action.admin.indices.dangling.find.TransportFindDanglingIndexAction
3429:             1             64  org.opensearch.action.admin.indices.dangling.list.TransportListDanglingIndicesAction
3430:             1             64  org.opensearch.action.admin.indices.get.TransportGetIndexAction
3431:             1             64  org.opensearch.action.admin.indices.mapping.get.TransportGetFieldMappingsIndexAction
3432:             1             64  org.opensearch.action.admin.indices.rollover.TransportRolloverAction
3433:             1             64  org.opensearch.action.admin.indices.template.post.TransportSimulateIndexTemplateAction
3434:             1             64  org.opensearch.action.admin.indices.template.post.TransportSimulateTemplateAction
3435:             1             64  org.opensearch.action.search.SearchResponse
3436:             2             64  org.opensearch.action.search.SearchType
3437:             4             64  org.opensearch.action.support.ActiveShardCount
3438:             4             64  org.opensearch.action.support.tasks.TransportTasksAction$$Lambda/0x00007fcd28edcb48
3439:             4             64  org.opensearch.action.support.tasks.TransportTasksAction$NodeTransportHandler
3440:             1             64  org.opensearch.ad.ADJobProcessor
3441:             1             64  org.opensearch.ad.ExecuteADResultResponseRecorder
3442:             1             64  org.opensearch.ad.rest.handler.ADIndexJobActionHandler
3443:             1             64  org.opensearch.ad.transport.ADCancelTaskTransportAction
3444:             1             64  org.opensearch.ad.transport.ADProfileTransportAction
3445:             1             64  org.opensearch.ad.transport.ADResultBulkTransportAction
3446:             1             64  org.opensearch.ad.transport.ADStatsNodesTransportAction
3447:             1             64  org.opensearch.ad.transport.ADTaskProfileTransportAction
3448:             1             64  org.opensearch.ad.transport.PreviewAnomalyDetectorTransportAction
3449:             2             64  org.opensearch.ad.transport.SearchTopAnomalyResultTransportAction$OrderType
3450:             1             64  org.opensearch.ad.transport.ValidateAnomalyDetectorTransportAction
3451:             1             64  org.opensearch.alerting.core.action.node.ScheduledJobsStatsTransportAction
3452:             1             64  org.opensearch.alerting.transport.TransportExecuteMonitorAction
3453:             1             64  org.opensearch.bootstrap.OpenSearch
3454:             1             64  org.opensearch.cluster.coordination.FollowersChecker
3455:             2             64  org.opensearch.cluster.decommission.DecommissionController
3456:             2             64  org.opensearch.cluster.metadata.IndexMetadata$State
3457:             2             64  org.opensearch.cluster.metadata.IndexNameExpressionResolver
3458:             1             64  org.opensearch.cluster.metadata.MetadataIndexTemplateService
3459:             4             64  org.opensearch.cluster.metadata.TemplatesMetadata
3460:             1             64  org.opensearch.cluster.routing.RoutingNodes
3461:             1             64  org.opensearch.cluster.service.ClusterManagerService
3462:             4             64  org.opensearch.common.recycler.NoneRecycler
3463:             4             64  org.opensearch.common.settings.Setting$$Lambda/0x00007fcd280c7be0
3464:             2             64  org.opensearch.common.util.LazyInitializable
3465:             2             64  org.opensearch.common.util.PageCacheRecycler
3466:             1             64  org.opensearch.common.util.ReorganizingLongHash
3467:             2             64  org.opensearch.core.tasks.resourcetracker.ResourceStats
3468:             4             64  org.opensearch.core.xcontent.AbstractObjectParser$$Lambda/0x00007fcd291ddf98
3469:             4             64  org.opensearch.core.xcontent.AbstractObjectParser$$Lambda/0x00007fcd291de1c8
3470:             1             64  org.opensearch.extensions.NoopExtensionsManager
3471:             1             64  org.opensearch.forecast.ExecuteForecastResultResponseRecorder
3472:             1             64  org.opensearch.forecast.ForecastJobProcessor
3473:             1             64  org.opensearch.forecast.rest.handler.ForecastIndexJobActionHandler
3474:             1             64  org.opensearch.forecast.transport.ForecastProfileTransportAction
3475:             1             64  org.opensearch.forecast.transport.ForecastResultBulkTransportAction
3476:             1             64  org.opensearch.forecast.transport.ForecastRunOnceProfileTransportAction
3477:             1             64  org.opensearch.forecast.transport.ValidateForecasterTransportAction
3478:             2             64  org.opensearch.geometry.utils.WellKnownText
3479:             1             64  org.opensearch.geospatial.stats.upload.UploadStatsTransportAction
3480:             2             64  org.opensearch.index.codec.customcodecs.Lucene99CustomCodec$Mode
3481:             2             64  org.opensearch.index.codec.customcodecs.Lucene99CustomStoredFieldsFormat
3482:             2             64  org.opensearch.index.codec.customcodecs.Lucene99QatCodec$Mode
3483:             2             64  org.opensearch.index.mapper.NestedPathFieldMapper
3484:             1             64  org.opensearch.index.shard.IndexShard$NonClosingReaderWrapper
3485:             1             64  org.opensearch.indexmanagement.indexstatemanagement.IndexStateManagementHistory
3486:             1             64  org.opensearch.indexmanagement.indexstatemanagement.MetadataService
3487:             1             64  org.opensearch.indexmanagement.indexstatemanagement.transport.action.addpolicy.TransportAddPolicyAction
3488:             1             64  org.opensearch.indexmanagement.indexstatemanagement.transport.action.updateindexmetadata.TransportUpdateManagedIndexMetaDataAction
3489:             1             64  org.opensearch.indexmanagement.snapshotmanagement.api.transport.index.TransportIndexSMPolicyAction
3490:             1             64  org.opensearch.indexmanagement.transform.action.index.TransportIndexTransformAction
3491:             1             64  org.opensearch.indices.store.TransportNodesListShardStoreMetadata
3492:             1             64  org.opensearch.indices.store.TransportNodesListShardStoreMetadataBatch
3493:             2             64  org.opensearch.knn.index.Parameter$MethodComponentContextParameter
3494:             1             64  org.opensearch.ml.action.forward.TransportForwardAction
3495:             1             64  org.opensearch.ml.action.model_group.TransportRegisterModelGroupAction
3496:             1             64  org.opensearch.ml.action.models.UpdateModelTransportAction
3497:             1             64  org.opensearch.ml.task.MLExecuteTaskRunner
3498:             1             64  org.opensearch.ml.task.MLTrainAndPredictTaskRunner
3499:             1             64  org.opensearch.ml.task.MLTrainingTaskRunner
3500:             1             64  org.opensearch.monitor.fs.FsHealthService
3501:             2             64  org.opensearch.monitor.fs.FsInfo
3502:             2             64  org.opensearch.monitor.os.OsStats$Mem
3503:             2             64  org.opensearch.monitor.os.OsStats$Swap
3504:             4             64  org.opensearch.node.Node$$Lambda/0x00007fcd288b11c8
3505:             2             64  org.opensearch.node.ResponseCollectorService$NodeStatistics
3506:             2             64  org.opensearch.node.remotestore.RemoteStoreNodeService$CompatibilityMode
3507:             1             64  org.opensearch.node.resource.tracker.AverageIoUsageTracker
3508:             1             64  org.opensearch.painless.action.PainlessExecuteAction$TransportAction
3509:             4             64  org.opensearch.painless.spi.annotation.InjectConstantAnnotation
3510:             1             64  org.opensearch.performanceanalyzer.collectors.AdmissionControlMetricsCollector
3511:             1             64  org.opensearch.performanceanalyzer.collectors.ClusterApplierServiceStatsCollector
3512:             1             64  org.opensearch.performanceanalyzer.collectors.ElectionTermCollector
3513:             1             64  org.opensearch.performanceanalyzer.collectors.FaultDetectionMetricsCollector
3514:             1             64  org.opensearch.performanceanalyzer.collectors.ShardIndexingPressureMetricsCollector
3515:             1             64  org.opensearch.performanceanalyzer.collectors.ShardStateCollector
3516:             1             64  org.opensearch.performanceanalyzer.collectors.ThreadPoolMetricsCollector
3517:             1             64  org.opensearch.performanceanalyzer.commons.collectors.OSMetricsCollector
3518:             2             64  org.opensearch.performanceanalyzer.commons.config.overrides.ConfigOverrides$Overrides
3519:             1             64  org.opensearch.performanceanalyzer.writer.EventLogQueueProcessor
3520:             1             64  org.opensearch.replication.ReplicationSettings
3521:             1             64  org.opensearch.replication.action.autofollow.TransportAutoFollowClusterManagerNodeAction
3522:             1             64  org.opensearch.replication.action.changes.TransportGetChangesAction
3523:             1             64  org.opensearch.replication.action.pause.TransportPauseIndexReplicationAction
3524:             1             64  org.opensearch.replication.action.repository.TransportGetFileChunkAction
3525:             1             64  org.opensearch.replication.action.resume.TransportResumeIndexReplicationAction
3526:             1             64  org.opensearch.replication.action.stop.TransportStopIndexReplicationAction
3527:             1             64  org.opensearch.replication.action.update.TransportUpdateIndexReplicationAction
3528:             1             64  org.opensearch.replication.metadata.TransportUpdateMetadataAction
3529:             1             64  org.opensearch.repositories.RepositoriesService
3530:             1             64  org.opensearch.repositories.s3.S3RepositoryPlugin
3531:             1             64  org.opensearch.repositories.s3.S3RepositoryPlugin$LowPrioritySizeBasedBlockingQ
3532:             1             64  org.opensearch.repositories.s3.async.SizeBasedBlockingQ
3533:             2             64  org.opensearch.repositories.s3.utils.Protocol
3534:             2             64  org.opensearch.rest.NamedRoute
3535:             2             64  org.opensearch.script.Script
3536:             2             64  org.opensearch.script.ScriptType
3537:             2             64  org.opensearch.search.DocValueFormat$DateTime
3538:             4             64  org.opensearch.search.SearchModule$$Lambda/0x00007fcd287966e0
3539:             2             64  org.opensearch.search.aggregations.Aggregator$SubAggCollectionMode
3540:             4             64  org.opensearch.search.aggregations.bucket.DocCountProvider
3541:             1             64  org.opensearch.search.aggregations.bucket.histogram.DateHistogramAggregatorFactory
3542:             2             64  org.opensearch.search.aggregations.bucket.histogram.LongBounds
3543:             2             64  org.opensearch.search.aggregations.pipeline.HoltWintersModel$SeasonalityType
3544:             1             64  org.opensearch.search.asynchronous.transport.TransportDeleteAsynchronousSearchAction
3545:             1             64  org.opensearch.search.asynchronous.transport.TransportGetAsynchronousSearchAction
3546:             2             64  org.opensearch.search.backpressure.trackers.HeapUsageTracker
3547:             2             64  org.opensearch.search.fetch.subphase.FetchSourceContext
3548:             1             64  org.opensearch.search.internal.ExitableDirectoryReader
3549:             1             64  org.opensearch.search.internal.ReaderContext
3550:             1             64  org.opensearch.security.auditlog.sink.Log4JSink
3551:             2             64  org.opensearch.security.auth.UserInjector
3552:             4             64  org.opensearch.security.dlic.rest.api.AbstractApiAction$$Lambda/0x00007fcd28fe8220
3553:             1             64  org.opensearch.security.dlic.rest.api.ssl.TransportCertificatesInfoNodesAction
3554:             1             64  org.opensearch.security.filter.SecurityFilter
3555:             1             64  org.opensearch.security.transport.SecurityInterceptor
3556:             1             64  org.opensearch.securityanalytics.transport.TransportDeleteCustomLogTypeAction
3557:             1             64  org.opensearch.securityanalytics.transport.TransportGetFindingsAction
3558:             1             64  org.opensearch.securityanalytics.transport.TransportIndexRuleAction
3559:             1             64  org.opensearch.securityanalytics.transport.TransportSearchDetectorAction
3560:             2             64  org.opensearch.sql.datasource.model.DataSourceStatus
3561:             2             64  org.opensearch.sql.ppl.PPLService
3562:             1             64  org.opensearch.sql.spark.cluster.ClusterManagerEventListener
3563:             2             64  org.opensearch.sql.spark.dispatcher.SparkQueryDispatcher
3564:             4             64  org.opensearch.sql.spark.response.OpenSearchJobExecutionResponseReader
3565:             2             64  org.opensearch.timeseries.breaker.BreakerName
3566:             2             64  org.opensearch.timeseries.indices.IndexManagement$IndexState
3567:             2             64  org.opensearch.timeseries.ratelimit.CheckPointMaintainRequestAdapter
3568:             1             64  org.opensearch.transport.TransportService$1
3569:             4             64  sun.reflect.generics.tree.ArrayTypeSignature (java.base@21.0.3)
3570:             2             64  sun.security.provider.FileInputStreamPool$StreamRef (java.base@21.0.3)
3571:             1             64  sun.security.provider.certpath.ldap.JdkLDAP$ProviderService (java.naming@21.0.3)
3572:             1             64  sun.security.smartcardio.SunPCSC$ProviderService (java.smartcardio@21.0.3)
3573:             2             64  sun.security.ssl.Alert$Level (java.base@21.0.3)
3574:             2             64  sun.security.ssl.CertStatusExtension$CertStatusRequestType (java.base@21.0.3)
3575:             2             64  sun.security.ssl.CertStatusExtension$OCSPStatusRequest (java.base@21.0.3)
3576:             2             64  sun.security.ssl.PskKeyExchangeModesExtension$PskKeyExchangeMode (java.base@21.0.3)
3577:             4             64  sun.security.ssl.SSLCipher$T11BlockReadCipherGenerator (java.base@21.0.3)
3578:             4             64  sun.security.ssl.SSLCipher$T11BlockWriteCipherGenerator (java.base@21.0.3)
3579:             4             64  sun.security.util.DisabledAlgorithmConstraints$Constraints (java.base@21.0.3)
3580:             4             64  sun.text.SupplementaryCharacterData (java.base@21.0.3)
3581:             1             56  [Lcom.fasterxml.jackson.databind.cfg.CoercionInputShape;
3582:             1             56  [Lcom.fasterxml.jackson.databind.cfg.CoercionInputShape;
3583:             1             56  [Lcom.fasterxml.jackson.databind.cfg.CoercionInputShape;
3584:             1             56  [Lio.protostuff.WireFormat$JavaType;
3585:             1             56  [Ljava.lang.Runnable; (java.base@21.0.3)
3586:             1             56  [Ljava.lang.reflect.AccessFlag$Location; (java.base@21.0.3)
3587:             2             56  [Ljava.net.InterfaceAddress; (java.base@21.0.3)
3588:             1             56  [Ljava.nio.file.StandardOpenOption; (java.base@21.0.3)
3589:             1             56  [Lorg.opensearch.common.geo.GeoShapeType;
3590:             1             56  [Lorg.opensearch.common.settings.Setting$AffixSetting;
3591:             1             56  [Lorg.opensearch.ml.engine.indices.MLIndex;
3592:             1             56  [Lorg.opensearch.performanceanalyzer.commons.metrics.RTFMetrics$ShardStatsValue;
3593:             1             56  [Lorg.opensearch.rest.RestRequest$Method;
3594:             1             56  [Lorg.opensearch.timeseries.model.TaskState;
3595:             1             56  com.amazon.dlic.auth.http.jwt.keybyoidc.HTTPJwtKeyByOpenIdConnectAuthenticator
3596:             1             56  com.fasterxml.jackson.databind.type.ArrayType
3597:             1             56  io.netty.bootstrap.Bootstrap
3598:             1             56  java.lang.invoke.BoundMethodHandle$Specializer (java.base@21.0.3)
3599:             1             56  java.time.chrono.HijrahChronology (java.base@21.0.3)
3600:             1             56  java.util.ServiceLoader (java.base@21.0.3)
3601:             1             56  java.util.logging.ConsoleHandler (java.logging@21.0.3)
3602:             1             56  jdk.internal.org.objectweb.asm.Label (java.base@21.0.3)
3603:             1             56  org.apache.logging.log4j.core.LoggerContext
3604:             1             56  org.apache.lucene.analysis.core.KeywordTokenizer
3605:             1             56  org.apache.lucene.backward_codecs.lucene70.Lucene70Codec
3606:             1             56  org.apache.lucene.backward_codecs.lucene80.Lucene80Codec
3607:             1             56  org.objectweb.asm.Label
3608:             1             56  org.opensearch.action.admin.cluster.configuration.TransportAddVotingConfigExclusionsAction
3609:             1             56  org.opensearch.action.admin.cluster.decommission.awareness.delete.TransportDeleteDecommissionStateAction
3610:             1             56  org.opensearch.action.admin.cluster.decommission.awareness.put.TransportDecommissionAction
3611:             1             56  org.opensearch.action.admin.cluster.health.TransportClusterHealthAction
3612:             1             56  org.opensearch.action.admin.cluster.node.hotthreads.NodesHotThreadsRequest
3613:             1             56  org.opensearch.action.admin.cluster.node.hotthreads.TransportNodesHotThreadsAction
3614:             1             56  org.opensearch.action.admin.cluster.node.info.TransportNodesInfoAction
3615:             1             56  org.opensearch.action.admin.cluster.node.stats.TransportNodesStatsAction
3616:             1             56  org.opensearch.action.admin.cluster.node.tasks.cancel.TransportCancelTasksAction
3617:             1             56  org.opensearch.action.admin.cluster.node.tasks.get.TransportGetTaskAction
3618:             1             56  org.opensearch.action.admin.cluster.node.tasks.list.TransportListTasksAction
3619:             1             56  org.opensearch.action.admin.cluster.remotestore.restore.TransportRestoreRemoteStoreAction
3620:             1             56  org.opensearch.action.admin.cluster.remotestore.stats.TransportRemoteStoreStatsAction
3621:             1             56  org.opensearch.action.admin.cluster.repositories.delete.TransportDeleteRepositoryAction
3622:             1             56  org.opensearch.action.admin.cluster.repositories.put.TransportPutRepositoryAction
3623:             1             56  org.opensearch.action.admin.cluster.repositories.verify.TransportVerifyRepositoryAction
3624:             1             56  org.opensearch.action.admin.cluster.reroute.TransportClusterRerouteAction
3625:             1             56  org.opensearch.action.admin.cluster.shards.TransportClusterSearchShardsAction
3626:             1             56  org.opensearch.action.admin.cluster.shards.routing.weighted.delete.TransportDeleteWeightedRoutingAction
3627:             1             56  org.opensearch.action.admin.cluster.shards.routing.weighted.get.TransportGetWeightedRoutingAction
3628:             1             56  org.opensearch.action.admin.cluster.shards.routing.weighted.put.TransportAddWeightedRoutingAction
3629:             1             56  org.opensearch.action.admin.cluster.snapshots.clone.TransportCloneSnapshotAction
3630:             1             56  org.opensearch.action.admin.cluster.snapshots.create.TransportCreateSnapshotAction
3631:             1             56  org.opensearch.action.admin.cluster.snapshots.delete.TransportDeleteSnapshotAction
3632:             1             56  org.opensearch.action.admin.cluster.snapshots.get.TransportGetSnapshotsAction
3633:             1             56  org.opensearch.action.admin.cluster.snapshots.restore.TransportRestoreSnapshotAction
3634:             1             56  org.opensearch.action.admin.cluster.snapshots.status.TransportNodesSnapshotsStatus
3635:             1             56  org.opensearch.action.admin.cluster.snapshots.status.TransportSnapshotsStatusAction
3636:             1             56  org.opensearch.action.admin.cluster.state.TransportClusterStateAction
3637:             1             56  org.opensearch.action.admin.cluster.storedscripts.TransportDeleteStoredScriptAction
3638:             1             56  org.opensearch.action.admin.cluster.storedscripts.TransportGetStoredScriptAction
3639:             1             56  org.opensearch.action.admin.cluster.storedscripts.TransportPutStoredScriptAction
3640:             1             56  org.opensearch.action.admin.cluster.tasks.TransportPendingClusterTasksAction
3641:             1             56  org.opensearch.action.admin.indices.alias.TransportIndicesAliasesAction
3642:             1             56  org.opensearch.action.admin.indices.alias.get.TransportGetAliasesAction
3643:             1             56  org.opensearch.action.admin.indices.cache.clear.TransportClearIndicesCacheAction
3644:             1             56  org.opensearch.action.admin.indices.create.TransportCreateIndexAction
3645:             1             56  org.opensearch.action.admin.indices.datastream.CreateDataStreamAction$TransportAction
3646:             1             56  org.opensearch.action.admin.indices.datastream.DataStreamsStatsAction$TransportAction
3647:             1             56  org.opensearch.action.admin.indices.datastream.DeleteDataStreamAction$TransportAction
3648:             1             56  org.opensearch.action.admin.indices.delete.TransportDeleteIndexAction
3649:             1             56  org.opensearch.action.admin.indices.mapping.get.TransportGetMappingsAction
3650:             1             56  org.opensearch.action.admin.indices.mapping.put.TransportAutoPutMappingAction
3651:             1             56  org.opensearch.action.admin.indices.mapping.put.TransportPutMappingAction
3652:             1             56  org.opensearch.action.admin.indices.open.TransportOpenIndexAction
3653:             1             56  org.opensearch.action.admin.indices.readonly.TransportAddIndexBlockAction
3654:             1             56  org.opensearch.action.admin.indices.replication.TransportSegmentReplicationStatsAction
3655:             1             56  org.opensearch.action.admin.indices.settings.get.TransportGetSettingsAction
3656:             1             56  org.opensearch.action.admin.indices.settings.put.TransportUpdateSettingsAction
3657:             1             56  org.opensearch.action.admin.indices.shards.TransportIndicesShardStoresAction
3658:             1             56  org.opensearch.action.admin.indices.shrink.TransportResizeAction
3659:             1             56  org.opensearch.action.admin.indices.template.delete.TransportDeleteComponentTemplateAction
3660:             1             56  org.opensearch.action.admin.indices.template.delete.TransportDeleteComposableIndexTemplateAction
3661:             1             56  org.opensearch.action.admin.indices.template.delete.TransportDeleteIndexTemplateAction
3662:             1             56  org.opensearch.action.admin.indices.template.put.TransportPutComponentTemplateAction
3663:             1             56  org.opensearch.action.admin.indices.template.put.TransportPutComposableIndexTemplateAction
3664:             1             56  org.opensearch.action.admin.indices.template.put.TransportPutIndexTemplateAction
3665:             1             56  org.opensearch.action.admin.indices.upgrade.post.TransportUpgradeAction
3666:             1             56  org.opensearch.action.admin.indices.upgrade.post.TransportUpgradeSettingsAction
3667:             1             56  org.opensearch.action.admin.indices.validate.query.TransportValidateQueryAction
3668:             1             56  org.opensearch.action.explain.TransportExplainAction
3669:             1             56  org.opensearch.action.get.TransportGetAction
3670:             1             56  org.opensearch.action.get.TransportShardMultiGetAction
3671:             1             56  org.opensearch.action.ingest.DeletePipelineTransportAction
3672:             1             56  org.opensearch.action.ingest.PutPipelineTransportAction
3673:             1             56  org.opensearch.action.search.DeleteSearchPipelineTransportAction
3674:             1             56  org.opensearch.action.search.PutSearchPipelineTransportAction
3675:             1             56  org.opensearch.action.search.SearchRequestSlowLog
3676:             1             56  org.opensearch.action.search.TransportCreatePitAction
3677:             1             56  org.opensearch.action.search.TransportGetAllPitsAction
3678:             1             56  org.opensearch.action.support.clustermanager.term.TransportGetTermVersionAction
3679:             1             56  org.opensearch.action.termvectors.TransportShardMultiTermsVectorAction
3680:             1             56  org.opensearch.action.termvectors.TransportTermVectorsAction
3681:             1             56  org.opensearch.ad.rest.RestIndexAnomalyDetectorAction
3682:             1             56  org.opensearch.ad.rest.RestSearchADTasksAction
3683:             1             56  org.opensearch.ad.rest.RestSearchAnomalyDetectorAction
3684:             1             56  org.opensearch.ad.rest.RestSearchAnomalyResultAction
3685:             1             56  org.opensearch.ad.rest.RestValidateAnomalyDetectorAction
3686:             1             56  org.opensearch.ad.transport.ADEntityProfileTransportAction
3687:             1             56  org.opensearch.ad.transport.AnomalyResultTransportAction
3688:             1             56  org.opensearch.ad.transport.ForwardADTaskTransportAction
3689:             1             56  org.opensearch.alerting.AlertingPlugin
3690:             1             56  org.opensearch.alerting.comments.CommentsIndices
3691:             1             56  org.opensearch.alerting.transport.TransportDeleteWorkflowAction
3692:             1             56  org.opensearch.alerting.transport.TransportGetRemoteIndexesAction
3693:             1             56  org.opensearch.cluster.InternalClusterInfoService
3694:             1             56  org.opensearch.cluster.coordination.JoinHelper
3695:             1             56  org.opensearch.cluster.coordination.LeaderChecker
3696:             1             56  org.opensearch.cluster.coordination.PublicationTransportHandler
3697:             1             56  org.opensearch.cluster.routing.allocation.DiskThresholdMonitor
3698:             1             56  org.opensearch.cluster.service.ClusterService
3699:             1             56  org.opensearch.common.Rounding$DateTimeUnit$1
3700:             1             56  org.opensearch.common.Rounding$DateTimeUnit$2
3701:             1             56  org.opensearch.common.Rounding$DateTimeUnit$3
3702:             1             56  org.opensearch.common.Rounding$DateTimeUnit$4
3703:             1             56  org.opensearch.common.cache.stats.ImmutableCacheStats
3704:             1             56  org.opensearch.common.util.BigByteArray
3705:             1             56  org.opensearch.discovery.SeedHostsResolver
3706:             1             56  org.opensearch.env.NodeEnvironment
3707:             1             56  org.opensearch.flowframework.transport.CreateWorkflowTransportAction
3708:             1             56  org.opensearch.flowframework.transport.DeprovisionWorkflowTransportAction
3709:             1             56  org.opensearch.flowframework.transport.ProvisionWorkflowTransportAction
3710:             1             56  org.opensearch.forecast.ml.ForecastCheckpointDao
3711:             1             56  org.opensearch.forecast.rest.RestIndexForecasterAction
3712:             1             56  org.opensearch.forecast.rest.RestSearchForecastTasksAction
3713:             1             56  org.opensearch.forecast.rest.RestSearchForecasterAction
3714:             1             56  org.opensearch.forecast.rest.RestValidateForecasterAction
3715:             1             56  org.opensearch.forecast.transport.ForecastEntityProfileTransportAction
3716:             1             56  org.opensearch.forecast.transport.ForecastStatsNodesTransportAction
3717:             1             56  org.opensearch.forecast.transport.StatsForecasterTransportAction
3718:             1             56  org.opensearch.forecast.transport.SuggestForecasterParamTransportAction
3719:             1             56  org.opensearch.gateway.ShardsBatchGatewayAllocator
3720:             1             56  org.opensearch.gateway.TransportNodesListGatewayMetaState
3721:             1             56  org.opensearch.geospatial.ip2geo.action.DeleteDatasourceTransportAction
3722:             1             56  org.opensearch.index.SegmentReplicationPressureService
3723:             1             56  org.opensearch.index.ShardIndexingPressureSettings
3724:             1             56  org.opensearch.index.get.GetStats
3725:             1             56  org.opensearch.index.reindex.TransportRethrottleAction
3726:             1             56  org.opensearch.index.seqno.RetentionLeaseActions$Add$TransportAction
3727:             1             56  org.opensearch.index.seqno.RetentionLeaseActions$Remove$TransportAction
3728:             1             56  org.opensearch.index.seqno.RetentionLeaseActions$Renew$TransportAction
3729:             1             56  org.opensearch.indexmanagement.indexstatemanagement.transport.action.changepolicy.TransportChangePolicyAction
3730:             1             56  org.opensearch.indexmanagement.indexstatemanagement.transport.action.getpolicy.TransportGetPolicyAction
3731:             1             56  org.opensearch.indexmanagement.indexstatemanagement.transport.action.indexpolicy.TransportIndexPolicyAction
3732:             1             56  org.opensearch.indexmanagement.refreshanalyzer.TransportRefreshSearchAnalyzerAction
3733:             1             56  org.opensearch.indexmanagement.rollup.action.delete.TransportDeleteRollupAction
3734:             1             56  org.opensearch.indexmanagement.rollup.action.get.TransportGetRollupAction
3735:             1             56  org.opensearch.indexmanagement.rollup.action.get.TransportGetRollupsAction
3736:             1             56  org.opensearch.indexmanagement.rollup.action.index.TransportIndexRollupAction
3737:             1             56  org.opensearch.indexmanagement.rollup.action.mapping.TransportUpdateRollupMappingAction
3738:             1             56  org.opensearch.indexmanagement.rollup.action.start.TransportStartRollupAction
3739:             1             56  org.opensearch.indexmanagement.rollup.action.stop.TransportStopRollupAction
3740:             1             56  org.opensearch.indexmanagement.snapshotmanagement.api.transport.delete.TransportDeleteSMPolicyAction
3741:             1             56  org.opensearch.indexmanagement.snapshotmanagement.api.transport.explain.TransportExplainSMAction
3742:             1             56  org.opensearch.indexmanagement.snapshotmanagement.api.transport.get.TransportGetSMPoliciesAction
3743:             1             56  org.opensearch.indexmanagement.snapshotmanagement.api.transport.get.TransportGetSMPolicyAction
3744:             1             56  org.opensearch.indexmanagement.snapshotmanagement.api.transport.start.TransportStartSMAction
3745:             1             56  org.opensearch.indexmanagement.snapshotmanagement.api.transport.stop.TransportStopSMAction
3746:             1             56  org.opensearch.indexmanagement.transform.action.delete.TransportDeleteTransformsAction
3747:             1             56  org.opensearch.indexmanagement.transform.action.explain.TransportExplainTransformAction
3748:             1             56  org.opensearch.indexmanagement.transform.action.get.TransportGetTransformAction
3749:             1             56  org.opensearch.indexmanagement.transform.action.get.TransportGetTransformsAction
3750:             1             56  org.opensearch.indexmanagement.transform.action.start.TransportStartTransformAction
3751:             1             56  org.opensearch.indexmanagement.transform.action.stop.TransportStopTransformAction
3752:             1             56  org.opensearch.indices.replication.SegmentReplicationTargetService
3753:             1             56  org.opensearch.ingest.IngestService
3754:             1             56  org.opensearch.knn.plugin.transport.KNNStatsTransportAction
3755:             1             56  org.opensearch.knn.plugin.transport.RemoveModelFromCacheTransportAction
3756:             1             56  org.opensearch.knn.plugin.transport.TrainingJobRouteDecisionInfoTransportAction
3757:             1             56  org.opensearch.knn.plugin.transport.UpdateModelGraveyardTransportAction
3758:             1             56  org.opensearch.knn.plugin.transport.UpdateModelMetadataTransportAction
3759:             1             56  org.opensearch.ml.action.connector.ExecuteConnectorTransportAction
3760:             1             56  org.opensearch.ml.action.connector.TransportCreateConnectorAction
3761:             1             56  org.opensearch.ml.action.controller.CreateControllerTransportAction
3762:             1             56  org.opensearch.ml.action.controller.DeleteControllerTransportAction
3763:             1             56  org.opensearch.ml.action.model_group.TransportUpdateModelGroupAction
3764:             1             56  org.opensearch.ml.action.upload_chunk.TransportRegisterModelMetaAction
3765:             1             56  org.opensearch.ml.engine.algorithms.metrics_correlation.MetricsCorrelation
3766:             1             56  org.opensearch.monitor.jvm.JvmInfo$Mem
3767:             1             56  org.opensearch.performanceanalyzer.OpenSearchResources
3768:             1             56  org.opensearch.performanceanalyzer.collectors.CacheConfigMetricsCollector
3769:             1             56  org.opensearch.performanceanalyzer.collectors.CircuitBreakerCollector
3770:             1             56  org.opensearch.performanceanalyzer.collectors.ClusterManagerServiceMetrics
3771:             1             56  org.opensearch.performanceanalyzer.collectors.NodeDetailsCollector
3772:             1             56  org.opensearch.performanceanalyzer.commons.collectors.DisksCollector
3773:             1             56  org.opensearch.performanceanalyzer.commons.collectors.GCInfoCollector
3774:             1             56  org.opensearch.performanceanalyzer.commons.collectors.HeapMetricsCollector
3775:             1             56  org.opensearch.performanceanalyzer.commons.collectors.NetworkInterfaceCollector
3776:             1             56  org.opensearch.performanceanalyzer.commons.config.PluginSettings
3777:             1             56  org.opensearch.persistent.CompletionPersistentTaskAction$TransportAction
3778:             1             56  org.opensearch.persistent.RemovePersistentTaskAction$TransportAction
3779:             1             56  org.opensearch.persistent.StartPersistentTaskAction$TransportAction
3780:             1             56  org.opensearch.persistent.UpdatePersistentTaskStatusAction$TransportAction
3781:             1             56  org.opensearch.replication.action.index.TransportReplicateIndexAction
3782:             1             56  org.opensearch.replication.action.index.block.TransportUpddateIndexBlockAction
3783:             1             56  org.opensearch.replication.action.replicationstatedetails.TransportUpdateReplicationStateDetails
3784:             1             56  org.opensearch.replication.action.repository.TransportGetStoreMetadataAction
3785:             1             56  org.opensearch.replication.action.repository.TransportReleaseLeaderResourcesAction
3786:             1             56  org.opensearch.replication.action.stats.TransportAutoFollowStatsAction
3787:             1             56  org.opensearch.repositories.s3.GenericStatsMetricPublisher
3788:             1             56  org.opensearch.search.aggregations.metrics.MaxAggregationBuilder
3789:             1             56  org.opensearch.search.asynchronous.management.AsynchronousSearchManagementService
3790:             1             56  org.opensearch.search.asynchronous.transport.TransportAsynchronousSearchStatsAction
3791:             1             56  org.opensearch.search.backpressure.SearchBackpressureService
3792:             1             56  org.opensearch.search.dfs.DfsSearchResult
3793:             1             56  org.opensearch.security.dlic.rest.api.AccountApiAction
3794:             1             56  org.opensearch.security.dlic.rest.api.AuditApiAction
3795:             1             56  org.opensearch.security.dlic.rest.api.InternalUsersApiAction
3796:             1             56  org.opensearch.security.dlic.rest.api.SecurityConfigApiAction
3797:             1             56  org.opensearch.security.dlic.rest.api.SecuritySSLCertsApiAction
3798:             1             56  org.opensearch.security.filter.SecurityRestFilter
3799:             1             56  org.opensearch.security.transport.SecurityRequestHandler
3800:             1             56  org.opensearch.securityanalytics.SecurityAnalyticsPlugin
3801:             1             56  org.opensearch.securityanalytics.transport.TransportAckCorrelationAlertsAction
3802:             1             56  org.opensearch.securityanalytics.transport.TransportAcknowledgeAlertsAction
3803:             1             56  org.opensearch.securityanalytics.transport.TransportGetAlertsAction
3804:             1             56  org.opensearch.securityanalytics.transport.TransportGetCorrelationAlertsAction
3805:             1             56  org.opensearch.securityanalytics.transport.TransportGetDetectorAction
3806:             1             56  org.opensearch.securityanalytics.transport.TransportSearchCustomLogTypeAction
3807:             1             56  org.opensearch.securityanalytics.transport.TransportSearchRuleAction
3808:             1             56  org.opensearch.snapshots.InternalSnapshotsInfoService
3809:             1             56  org.opensearch.snapshots.RestoreService
3810:             1             56  org.opensearch.snapshots.SnapshotsService$UpdateSnapshotStatusAction
3811:             1             56  org.opensearch.timeseries.cluster.ClusterManagerEventListener
3812:             1             56  org.opensearch.timeseries.feature.FeatureManager
3813:             1             56  org.opensearch.transport.TcpTransport$ProfileSettings
3814:             1             56  sun.security.provider.SHA (java.base@21.0.3)
3815:             1             56  sun.security.ssl.SSLContextImpl$TLS13Context (java.base@21.0.3)
3816:             1             48  [Lcom.fasterxml.jackson.annotation.JsonInclude$Include;
3817:             1             48  [Lcom.fasterxml.jackson.annotation.JsonInclude$Include;
3818:             1             48  [Lcom.fasterxml.jackson.annotation.PropertyAccessor;
3819:             1             48  [Lcom.fasterxml.jackson.annotation.PropertyAccessor;
3820:             1             48  [Lcom.fasterxml.jackson.core.StreamWriteFeature;
3821:             3             48  [Lcom.fasterxml.jackson.databind.JavaType;
3822:             3             48  [Lcom.fasterxml.jackson.databind.JavaType;
3823:             2             48  [Lcom.google.common.cache.LocalCache$Segment;
3824:             1             48  [Lcom.sun.management.VMOption$Origin; (jdk.management@21.0.3)
3825:             1             48  [Ljava.lang.management.MemoryPoolMXBean; (java.management@21.0.3)
3826:             1             48  [Ljava.lang.reflect.ProxyGenerator$PrimitiveTypeInfo; (java.base@21.0.3)
3827:             1             48  [Ljava.math.RoundingMode; (java.base@21.0.3)
3828:             2             48  [Ljava.nio.file.FileVisitOption; (java.base@21.0.3)
3829:             1             48  [Ljava.security.cert.CertPathValidatorException$BasicReason; (java.base@21.0.3)
3830:             3             48  [Ljava.util.regex.IntHashSet; (java.base@21.0.3)
3831:             1             48  [Lorg.apache.logging.log4j.core.appender.rolling.FileExtension;
3832:             1             48  [Lorg.apache.logging.log4j.core.appender.rolling.RolloverFrequency;
3833:             2             48  [Lorg.apache.lucene.codecs.lucene90.Lucene90StoredFieldsFormat$Mode;
3834:             1             48  [Lorg.apache.lucene.index.MergeTrigger;
3835:             2             48  [Lorg.apache.lucene.search.SortField;
3836:             2             48  [Lorg.apache.lucene.search.TotalHits$Relation;
3837:             2             48  [Lorg.opensearch.action.search.SearchType;
3838:             1             48  [Lorg.opensearch.common.Rounding$DateTimeUnit;
3839:             2             48  [Lorg.opensearch.common.cache.CacheType;
3840:             2             48  [Lorg.opensearch.core.common.transport.TransportAddress;
3841:             2             48  [Lorg.opensearch.core.tasks.resourcetracker.ResourceStats;
3842:             1             48  [Lorg.opensearch.index.mapper.DynamicTemplate$XContentFieldType;
3843:             1             48  [Lorg.opensearch.index.mapper.NumberFieldMapper$NumberType;
3844:             2             48  [Lorg.opensearch.index.query.Operator;
3845:             2             48  [Lorg.opensearch.index.remote.RemoteStoreEnums$PathHashAlgorithm;
3846:             2             48  [Lorg.opensearch.index.translog.Translog$Durability;
3847:             1             48  [Lorg.opensearch.indices.analysis.PreBuiltAnalyzers;
3848:             2             48  [Lorg.opensearch.indices.replication.common.ReplicationType;
3849:             1             48  [Lorg.opensearch.ml.stats.MLClusterLevelStat;
3850:             2             48  [Lorg.opensearch.monitor.fs.FsInfo$DeviceStats;
3851:             2             48  [Lorg.opensearch.monitor.fs.FsInfo$Path;
3852:             2             48  [Lorg.opensearch.node.remotestore.RemoteStoreNodeService$CompatibilityMode;
3853:             2             48  [Lorg.opensearch.observability.settings.PluginSettings$AdminAccess;
3854:             1             48  [Lorg.opensearch.performanceanalyzer.commons.stats.eval.Statistics;
3855:             2             48  [Lorg.opensearch.persistent.decider.EnableAssignmentDecider$Allocation;
3856:             1             48  [Lorg.opensearch.replication.task.ReplicationState;
3857:             2             48  [Lorg.opensearch.repositories.s3.utils.Protocol;
3858:             2             48  [Lorg.opensearch.rest.RestHandler$Route;
3859:             1             48  [Lorg.reflections.vfs.Vfs$DefaultUrlTypes;
3860:             2             48  [Lsun.security.validator.CADistrustPolicy; (java.base@21.0.3)
3861:             1             48  [Lsun.security.x509.NetscapeCertTypeExtension$MapEntry; (java.base@21.0.3)
3862:             1             48  com.amazon.dlic.auth.ldap.backend.LDAPAuthorizationBackend
3863:             2             48  com.fasterxml.jackson.annotation.JacksonInject$Value
3864:             1             48  com.fasterxml.jackson.core.JsonLocation
3865:             2             48  com.fasterxml.jackson.core.util.DefaultIndenter
3866:             1             48  com.fasterxml.jackson.core.util.Separators
3867:             2             48  com.fasterxml.jackson.databind.AnnotationIntrospector$ReferenceProperty$Type
3868:             1             48  com.fasterxml.jackson.databind.cfg.ConfigOverride$Empty
3869:             1             48  com.fasterxml.jackson.databind.cfg.ConfigOverride$Empty
3870:             1             48  com.fasterxml.jackson.databind.cfg.ConfigOverride$Empty
3871:             2             48  com.fasterxml.jackson.databind.deser.impl.NullsConstantProvider
3872:             2             48  com.fasterxml.jackson.databind.deser.std.StdKeyDeserializer$StringKD
3873:             1             48  com.fasterxml.jackson.databind.deser.std.UntypedObjectDeserializer
3874:             2             48  com.fasterxml.jackson.databind.ser.std.BooleanSerializer
3875:             2             48  com.fasterxml.jackson.databind.ser.std.BooleanSerializer
3876:             2             48  com.fasterxml.jackson.databind.ser.std.BooleanSerializer
3877:             1             48  com.fasterxml.jackson.databind.util.StdDateFormat
3878:             1             48  com.fasterxml.jackson.databind.util.StdDateFormat
3879:             1             48  com.fasterxml.jackson.databind.util.StdDateFormat
3880:             2             48  com.google.common.cache.LocalCache$AccessQueue$1
3881:             3             48  com.google.common.cache.LocalCache$LocalLoadingCache
3882:             1             48  com.google.common.collect.Multimaps$CustomSetMultimap
3883:             2             48  com.google.common.collect.Sets$1
3884:             2             48  com.google.gson.internal.bind.TypeAdapters$33
3885:             2             48  com.intel.qat.QatZipper$Algorithm
3886:             2             48  com.intel.qat.QatZipper$Mode
3887:             2             48  com.sun.jmx.mbeanserver.ClassLoaderRepositorySupport$LoaderEntry (java.management@21.0.3)
3888:             1             48  com.sun.jmx.mbeanserver.DefaultMXBeanMappingFactory$Mappings (java.management@21.0.3)
3889:             1             48  com.sun.jmx.mbeanserver.MBeanIntrospector$MBeanInfoMap (java.management@21.0.3)
3890:             1             48  com.sun.jmx.mbeanserver.MBeanIntrospector$PerInterfaceMap (java.management@21.0.3)
3891:             2             48  com.sun.jmx.mbeanserver.WeakIdentityHashMap (java.management@21.0.3)
3892:             2             48  com.sun.jna.Memory$MemoryDisposer
3893:             2             48  com.sun.jna.NativeMappedConverter
3894:             2             48  io.netty.bootstrap.ServerBootstrap$ServerBootstrapAcceptor$1
3895:             2             48  io.netty.buffer.PoolArena$SizeClass
3896:             2             48  io.netty.buffer.PooledByteBufAllocator$PoolThreadLocalCache
3897:             2             48  io.netty.channel.ChannelMetadata
3898:             2             48  io.netty.channel.FixedRecvByteBufAllocator
3899:             3             48  io.netty.channel.ReflectiveChannelFactory
3900:             2             48  io.netty.handler.logging.ByteBufFormat
3901:             1             48  io.netty.handler.ssl.JdkSslClientContext
3902:             3             48  io.netty.util.DefaultAttributeMap
3903:             1             48  io.netty.util.ResourceLeakDetector$TraceRecord$1
3904:             3             48  io.netty.util.concurrent.MultithreadEventExecutorGroup$1
3905:             3             48  io.netty.util.concurrent.PromiseTask$SentinelRunnable
3906:             3             48  io.netty.util.concurrent.PromiseTask$SentinelRunnable
3907:             3             48  io.netty.util.concurrent.ThreadPerTaskExecutor
3908:             2             48  io.protostuff.runtime.ArrayFieldMap
3909:             2             48  io.protostuff.runtime.RuntimePipeSchema
3910:             1             48  java.io.BufferedInputStream (java.base@21.0.3)
3911:             2             48  java.io.File$PathStatus (java.base@21.0.3)
3912:             1             48  java.lang.NullPointerException (java.base@21.0.3)
3913:             1             48  java.lang.invoke.BoundMethodHandle$Specializer$Factory (java.base@21.0.3)
3914:             1             48  java.lang.invoke.VarHandleReferences$Array (java.base@21.0.3)
3915:             1             48  java.lang.invoke.VarHandleSegmentAsBytes (java.base@21.0.3)
3916:             1             48  java.lang.invoke.VarHandleSegmentAsInts (java.base@21.0.3)
3917:             1             48  java.lang.invoke.VarHandleSegmentAsLongs (java.base@21.0.3)
3918:             1             48  java.lang.invoke.VarHandleSegmentAsShorts (java.base@21.0.3)
3919:             3             48  java.nio.charset.CodingErrorAction (java.base@21.0.3)
3920:             3             48  java.security.AllPermissionCollection (java.base@21.0.3)
3921:             2             48  java.security.Provider$OPType (java.base@21.0.3)
3922:             3             48  java.text.AttributedCharacterIterator$Attribute (java.base@21.0.3)
3923:             2             48  java.time.OffsetDateTime (java.base@21.0.3)
3924:             2             48  java.time.OffsetTime (java.base@21.0.3)
3925:             2             48  java.time.chrono.IsoEra (java.base@21.0.3)
3926:             2             48  java.time.chrono.MinguoEra (java.base@21.0.3)
3927:             2             48  java.time.chrono.ThaiBuddhistEra (java.base@21.0.3)
3928:             3             48  java.time.format.DateTimeFormatterBuilder$1 (java.base@21.0.3)
3929:             3             48  java.util.Base64$Decoder (java.base@21.0.3)
3930:             2             48  java.util.Collections$UnmodifiableList (java.base@21.0.3)
3931:             3             48  java.util.Comparator$$Lambda/0x00007fcd289f2cc8 (java.base@21.0.3)
3932:             3             48  java.util.EnumMap$KeySet (java.base@21.0.3)
3933:             3             48  java.util.EnumMap$Values (java.base@21.0.3)
3934:             2             48  java.util.Formatter$BigDecimalLayoutForm (java.base@21.0.3)
3935:             3             48  java.util.ResourceBundle$NoFallbackControl (java.base@21.0.3)
3936:             3             48  java.util.concurrent.ConcurrentSkipListMap$KeySet (java.base@21.0.3)
3937:             2             48  java.util.concurrent.SynchronousQueue$Transferer (java.base@21.0.3)
3938:             2             48  java.util.logging.Logger$LoggerBundle (java.logging@21.0.3)
3939:             2             48  javax.crypto.CryptoPermissions (java.base@21.0.3)
3940:             2             48  javax.management.NotificationBroadcasterSupport (java.management@21.0.3)
3941:             2             48  javax.security.auth.AuthPermission (java.base@21.0.3)
3942:             1             48  jdk.internal.foreign.layout.ValueLayouts$OfBooleanImpl (java.base@21.0.3)
3943:             1             48  jdk.internal.foreign.layout.ValueLayouts$OfByteImpl (java.base@21.0.3)
3944:             1             48  jdk.internal.icu.util.CodePointTrie$Fast16 (java.base@21.0.3)
3945:             2             48  jdk.internal.icu.util.CodePointTrie$Type (java.base@21.0.3)
3946:             1             48  jdk.internal.jimage.ImageHeader (java.base@21.0.3)
3947:             2             48  jdk.internal.misc.Signal$NativeHandler (java.base@21.0.3)
3948:             2             48  jdk.internal.reflect.ReflectionFactory$Config (java.base@21.0.3)
3949:             1             48  jdk.management.jfr.FlightRecorderMXBeanImpl (jdk.management.jfr@21.0.3)
3950:             3             48  jdk.proxy1.$Proxy42 (jdk.proxy1)
3951:             3             48  jdk.proxy2.$Proxy30 (jdk.proxy2)
3952:             1             48  joptsimple.OptionParser
3953:             2             48  kotlin.coroutines.CombinedContext
3954:             2             48  kotlinx.coroutines.JobImpl
3955:             3             48  kotlinx.coroutines.internal.ContextScope
3956:             3             48  kotlinx.coroutines.internal.Symbol
3957:             2             48  kotlinx.coroutines.scheduling.TaskMode
3958:             1             48  org.apache.logging.log4j.core.appender.ConsoleAppender
3959:             3             48  org.apache.logging.log4j.core.config.DefaultAdvertiser
3960:             2             48  org.apache.logging.log4j.core.config.plugins.util.PluginManager
3961:             2             48  org.apache.logging.log4j.core.config.status.StatusConfiguration$Verbosity
3962:             1             48  org.apache.logging.log4j.core.impl.Log4jProvider
3963:             2             48  org.apache.logging.log4j.core.util.datetime.FastDateFormat
3964:             2             48  org.apache.logging.log4j.core.util.datetime.FastDatePrinter$PaddedNumberField
3965:             2             48  org.apache.logging.log4j.core.util.datetime.FormatCache$MultipartKey
3966:             1             48  org.apache.logging.log4j.status.StatusLogger
3967:             2             48  org.apache.logging.log4j.util.PropertiesUtil$Environment
3968:             2             48  org.apache.logging.log4j.util.PropertyFilePropertySource
3969:             3             48  org.apache.lucene.analysis.Analyzer$TokenStreamComponents$$Lambda/0x00007fcd29266150
3970:             1             48  org.apache.lucene.analysis.CharArrayMap$EmptyCharArrayMap
3971:             2             48  org.apache.lucene.analysis.classic.ClassicAnalyzer$$Lambda/0x00007fcd29268420
3972:             2             48  org.apache.lucene.analysis.core.SimpleAnalyzer
3973:             2             48  org.apache.lucene.analysis.core.StopAnalyzer
3974:             2             48  org.apache.lucene.analysis.id.IndonesianStemmer
3975:             2             48  org.apache.lucene.backward_codecs.lucene50.Lucene50StoredFieldsFormat$Mode
3976:             3             48  org.apache.lucene.backward_codecs.lucene70.Lucene70SegmentInfoFormat
3977:             2             48  org.apache.lucene.backward_codecs.lucene80.Lucene80DocValuesFormat$Mode
3978:             3             48  org.apache.lucene.backward_codecs.lucene86.Lucene86PointsFormat
3979:             3             48  org.apache.lucene.backward_codecs.lucene86.Lucene86SegmentInfoFormat
3980:             2             48  org.apache.lucene.backward_codecs.lucene87.Lucene87Codec$1
3981:             2             48  org.apache.lucene.backward_codecs.lucene87.Lucene87Codec$2
3982:             2             48  org.apache.lucene.backward_codecs.lucene87.Lucene87StoredFieldsFormat$Mode
3983:             2             48  org.apache.lucene.backward_codecs.lucene91.Lucene91Codec$1
3984:             2             48  org.apache.lucene.backward_codecs.lucene91.Lucene91Codec$2
3985:             2             48  org.apache.lucene.backward_codecs.lucene91.Lucene91Codec$3
3986:             2             48  org.apache.lucene.backward_codecs.lucene91.Lucene91HnswVectorsFormat
3987:             2             48  org.apache.lucene.backward_codecs.lucene92.Lucene92Codec$1
3988:             2             48  org.apache.lucene.backward_codecs.lucene92.Lucene92Codec$2
3989:             2             48  org.apache.lucene.backward_codecs.lucene92.Lucene92Codec$3
3990:             2             48  org.apache.lucene.backward_codecs.lucene92.Lucene92HnswVectorsFormat
3991:             2             48  org.apache.lucene.backward_codecs.lucene94.Lucene94Codec$1
3992:             2             48  org.apache.lucene.backward_codecs.lucene94.Lucene94Codec$2
3993:             2             48  org.apache.lucene.backward_codecs.lucene94.Lucene94Codec$3
3994:             2             48  org.apache.lucene.backward_codecs.lucene94.Lucene94HnswVectorsFormat
3995:             2             48  org.apache.lucene.codecs.lucene90.Lucene90StoredFieldsFormat$Mode
3996:             2             48  org.apache.lucene.document.Field$Store
3997:             2             48  org.apache.lucene.document.InvertableType
3998:             2             48  org.apache.lucene.queryparser.classic.QueryParser$Operator
3999:             2             48  org.apache.lucene.search.MatchAllDocsQuery
4000:             1             48  org.apache.lucene.search.PrefixQuery
4001:             2             48  org.apache.lucene.search.TopDocs
4002:             2             48  org.apache.lucene.search.TotalHits$Relation
4003:             2             48  org.apache.lucene.util.FileDeleter$MsgType
4004:             1             48  org.apache.lucene.util.automaton.CompiledAutomaton
4005:             2             48  org.apache.lucene.util.fst.ReverseBytesReader
4006:             1             48  org.apache.lucene.util.packed.BulkOperationPacked1
4007:             1             48  org.apache.lucene.util.packed.BulkOperationPacked10
4008:             1             48  org.apache.lucene.util.packed.BulkOperationPacked11
4009:             1             48  org.apache.lucene.util.packed.BulkOperationPacked12
4010:             1             48  org.apache.lucene.util.packed.BulkOperationPacked13
4011:             1             48  org.apache.lucene.util.packed.BulkOperationPacked14
4012:             1             48  org.apache.lucene.util.packed.BulkOperationPacked15
4013:             1             48  org.apache.lucene.util.packed.BulkOperationPacked16
4014:             1             48  org.apache.lucene.util.packed.BulkOperationPacked17
4015:             1             48  org.apache.lucene.util.packed.BulkOperationPacked18
4016:             1             48  org.apache.lucene.util.packed.BulkOperationPacked19
4017:             1             48  org.apache.lucene.util.packed.BulkOperationPacked2
4018:             1             48  org.apache.lucene.util.packed.BulkOperationPacked20
4019:             1             48  org.apache.lucene.util.packed.BulkOperationPacked21
4020:             1             48  org.apache.lucene.util.packed.BulkOperationPacked22
4021:             1             48  org.apache.lucene.util.packed.BulkOperationPacked23
4022:             1             48  org.apache.lucene.util.packed.BulkOperationPacked24
4023:             1             48  org.apache.lucene.util.packed.BulkOperationPacked3
4024:             1             48  org.apache.lucene.util.packed.BulkOperationPacked4
4025:             1             48  org.apache.lucene.util.packed.BulkOperationPacked5
4026:             1             48  org.apache.lucene.util.packed.BulkOperationPacked6
4027:             1             48  org.apache.lucene.util.packed.BulkOperationPacked7
4028:             1             48  org.apache.lucene.util.packed.BulkOperationPacked8
4029:             1             48  org.apache.lucene.util.packed.BulkOperationPacked9
4030:             3             48  org.bouncycastle.pqc.jcajce.provider.bike.BIKEKeyFactorySpi
4031:             2             48  org.bouncycastle.pqc.jcajce.provider.falcon.FalconKeyFactorySpi
4032:             3             48  org.bouncycastle.pqc.jcajce.provider.hqc.HQCKeyFactorySpi
4033:             2             48  org.greenrobot.eventbus.PendingPostQueue
4034:             1             48  org.greenrobot.eventbus.SubscriberMethodFinder$FindState
4035:             2             48  org.ietf.jgss.Oid (java.security.jgss@21.0.3)
4036:             3             48  org.locationtech.jts.geom.PrecisionModel$Type
4037:             2             48  org.locationtech.spatial4j.io.PolyshapeReader
4038:             2             48  org.locationtech.spatial4j.io.WKTReader
4039:             2             48  org.opensearch.action.OriginalIndices
4040:             1             48  org.opensearch.action.admin.cluster.configuration.TransportClearVotingConfigExclusionsAction
4041:             1             48  org.opensearch.action.admin.cluster.decommission.awareness.get.TransportGetDecommissionStateAction
4042:             1             48  org.opensearch.action.admin.cluster.repositories.get.TransportGetRepositoriesAction
4043:             1             48  org.opensearch.action.admin.indices.datastream.GetDataStreamAction$TransportAction
4044:             1             48  org.opensearch.action.admin.indices.exists.indices.TransportIndicesExistsAction
4045:             1             48  org.opensearch.action.admin.indices.forcemerge.TransportForceMergeAction
4046:             1             48  org.opensearch.action.admin.indices.recovery.TransportRecoveryAction
4047:             1             48  org.opensearch.action.admin.indices.resolve.ResolveIndexAction$TransportAction
4048:             1             48  org.opensearch.action.admin.indices.segments.TransportIndicesSegmentsAction
4049:             1             48  org.opensearch.action.admin.indices.stats.TransportIndicesStatsAction
4050:             1             48  org.opensearch.action.admin.indices.template.get.TransportGetComponentTemplateAction
4051:             1             48  org.opensearch.action.admin.indices.template.get.TransportGetComposableIndexTemplateAction
4052:             1             48  org.opensearch.action.admin.indices.template.get.TransportGetIndexTemplatesAction
4053:             1             48  org.opensearch.action.admin.indices.upgrade.get.TransportUpgradeStatusAction
4054:             1             48  org.opensearch.action.fieldcaps.TransportFieldCapabilitiesAction
4055:             1             48  org.opensearch.action.fieldcaps.TransportFieldCapabilitiesIndexAction
4056:             1             48  org.opensearch.action.ingest.GetPipelineTransportAction
4057:             1             48  org.opensearch.action.search.GetSearchPipelineTransportAction
4058:             1             48  org.opensearch.action.search.TransportMultiSearchAction
4059:             2             48  org.opensearch.ad.ADTaskProfileRunner
4060:             2             48  org.opensearch.ad.client.AnomalyDetectionNodeClient
4061:             1             48  org.opensearch.ad.settings.ADEnabledSetting$1
4062:             1             48  org.opensearch.ad.settings.ADNumericSetting$1
4063:             1             48  org.opensearch.ad.transport.RCFPollingTransportAction
4064:             1             48  org.opensearch.ad.transport.RCFResultTransportAction
4065:             1             48  org.opensearch.ad.transport.SearchAnomalyResultTransportAction
4066:             1             48  org.opensearch.ad.transport.StatsAnomalyDetectorTransportAction
4067:             1             48  org.opensearch.alerting.transport.TransportAcknowledgeAlertAction
4068:             1             48  org.opensearch.alerting.transport.TransportAcknowledgeChainedAlertAction
4069:             1             48  org.opensearch.alerting.transport.TransportDeleteAlertingCommentAction
4070:             1             48  org.opensearch.alerting.transport.TransportDeleteMonitorAction
4071:             1             48  org.opensearch.alerting.transport.TransportExecuteWorkflowAction
4072:             1             48  org.opensearch.alerting.transport.TransportGetAlertsAction
4073:             1             48  org.opensearch.alerting.transport.TransportGetDestinationsAction
4074:             1             48  org.opensearch.alerting.transport.TransportGetEmailAccountAction
4075:             1             48  org.opensearch.alerting.transport.TransportGetEmailGroupAction
4076:             1             48  org.opensearch.alerting.transport.TransportGetFindingsSearchAction
4077:             1             48  org.opensearch.alerting.transport.TransportGetMonitorAction
4078:             1             48  org.opensearch.alerting.transport.TransportGetWorkflowAction
4079:             1             48  org.opensearch.alerting.transport.TransportGetWorkflowAlertsAction
4080:             1             48  org.opensearch.alerting.transport.TransportSearchAlertingCommentAction
4081:             1             48  org.opensearch.alerting.transport.TransportSearchMonitorAction
4082:             2             48  org.opensearch.alerting.util.DocLevelMonitorQueries
4083:             2             48  org.opensearch.bootstrap.OpenSearchPolicy$BadDefaultPermission
4084:             1             48  org.opensearch.client.node.NodeClient
4085:             1             48  org.opensearch.cluster.NodeConnectionsService
4086:             1             48  org.opensearch.cluster.coordination.CoordinationState
4087:             2             48  org.opensearch.cluster.coordination.CoordinationState$VoteCollection
4088:             2             48  org.opensearch.cluster.coordination.PersistedStateRegistry$PersistedStateType
4089:             3             48  org.opensearch.cluster.metadata.AliasValidator
4090:             2             48  org.opensearch.cluster.metadata.ComponentTemplate
4091:             3             48  org.opensearch.cluster.metadata.DataStream$TimestampField
4092:             1             48  org.opensearch.cluster.metadata.MetadataIndexStateService
4093:             1             48  org.opensearch.cluster.metadata.MetadataUpdateSettingsService
4094:             2             48  org.opensearch.cluster.node.DiscoveryNodeFilters$OpType
4095:             2             48  org.opensearch.cluster.routing.RoutingTable
4096:             3             48  org.opensearch.cluster.routing.WeightedRoutingService$$Lambda/0x00007fcd28e22ef0
4097:             3             48  org.opensearch.cluster.routing.WeightedRoutingService$$Lambda/0x00007fcd28e23120
4098:             1             48  org.opensearch.common.Rounding$DateTimeUnit$5
4099:             1             48  org.opensearch.common.Rounding$DateTimeUnit$6
4100:             1             48  org.opensearch.common.Rounding$DateTimeUnit$7
4101:             1             48  org.opensearch.common.Rounding$DateTimeUnit$8
4102:             3             48  org.opensearch.common.hash.MessageDigests$$Lambda/0x00007fcd280d6c78
4103:             3             48  org.opensearch.common.inject.InjectorImpl$BindingsMultimap
4104:             3             48  org.opensearch.common.inject.TypeConverterBindingProcessor$1
4105:             3             48  org.opensearch.common.inject.TypeConverterBindingProcessor$2
4106:             3             48  org.opensearch.common.inject.TypeConverterBindingProcessor$3
4107:             3             48  org.opensearch.common.inject.TypeConverterBindingProcessor$4
4108:             3             48  org.opensearch.common.inject.WeakKeySet
4109:             3             48  org.opensearch.common.inject.matcher.Matchers$SubclassesOf
4110:             2             48  org.opensearch.common.logging.LoggingOutputStream
4111:             1             48  org.opensearch.common.settings.ClusterSettings
4112:             2             48  org.opensearch.common.settings.Setting$$Lambda/0x00007fcd280bde50
4113:             3             48  org.opensearch.common.settings.Setting$$Lambda/0x00007fcd284a0a78
4114:             1             48  org.opensearch.common.settings.SettingsModule
4115:             1             48  org.opensearch.common.time.EpochTime$6
4116:             1             48  org.opensearch.common.util.concurrent.TimedRunnable
4117:             2             48  org.opensearch.core.common.breaker.CircuitBreaker$Durability
4118:             2             48  org.opensearch.core.common.transport.BoundTransportAddress
4119:             2             48  org.opensearch.core.tasks.resourcetracker.ResourceUsageInfo$ResourceStatsInfo
4120:             1             48  org.opensearch.flowframework.transport.GetWorkflowTransportAction
4121:             1             48  org.opensearch.forecast.ml.ForecastModelManager
4122:             1             48  org.opensearch.forecast.settings.ForecastEnabledSetting$1
4123:             1             48  org.opensearch.forecast.settings.ForecastNumericSetting$1
4124:             1             48  org.opensearch.gateway.PersistedClusterStateService$Writer
4125:             1             48  org.opensearch.geospatial.ip2geo.action.PutDatasourceTransportAction
4126:             1             48  org.opensearch.geospatial.ip2geo.action.UpdateDatasourceTransportAction
4127:             1             48  org.opensearch.grok.MatcherWatchdog$Default
4128:             1             48  org.opensearch.http.HttpHandlingSettings
4129:             1             48  org.opensearch.http.netty4.ssl.SecureNetty4HttpServerTransport$SslHttpChannelHandler
4130:             2             48  org.opensearch.identity.IdentityService
4131:             2             48  org.opensearch.index.IndexService$IndexCreationContext
4132:             1             48  org.opensearch.index.SegmentReplicationPressureService$AsyncFailStaleReplicaTask
4133:             1             48  org.opensearch.index.analysis.AnalysisRegistry
4134:             2             48  org.opensearch.index.codec.customcodecs.Lucene99QatStoredFieldsFormat
4135:             2             48  org.opensearch.index.codec.customcodecs.QatCompressionMode
4136:             2             48  org.opensearch.index.engine.Engine$SearcherScope
4137:             2             48  org.opensearch.index.fielddata.plain.SortedNumericIndexFieldData
4138:             1             48  org.opensearch.index.query.BoolQueryBuilder
4139:             2             48  org.opensearch.index.query.Operator
4140:             1             48  org.opensearch.index.query.RangeQueryBuilder
4141:             3             48  org.opensearch.index.query.functionscore.DecayFunctionParser
4142:             1             48  org.opensearch.index.refresh.RefreshStats
4143:             1             48  org.opensearch.index.reindex.TransportDeleteByQueryAction
4144:             1             48  org.opensearch.index.reindex.TransportUpdateByQueryAction
4145:             1             48  org.opensearch.index.remote.RemoteStorePressureSettings
4146:             2             48  org.opensearch.index.seqno.RetentionLeaseSyncer
4147:             2             48  org.opensearch.index.shard.ShardStateMetadata$IndexDataLocation
4148:             2             48  org.opensearch.index.store.remote.filecache.FileCacheSettings
4149:             2             48  org.opensearch.index.translog.Translog$Durability
4150:             1             48  org.opensearch.indexmanagement.controlcenter.notification.action.index.TransportIndexLRONConfigAction
4151:             1             48  org.opensearch.indexmanagement.indexstatemanagement.transport.action.deletepolicy.TransportDeletePolicyAction
4152:             1             48  org.opensearch.indexmanagement.indexstatemanagement.transport.action.explain.TransportExplainAction
4153:             1             48  org.opensearch.indexmanagement.indexstatemanagement.transport.action.getpolicy.TransportGetPoliciesAction
4154:             1             48  org.opensearch.indexmanagement.rollup.action.explain.TransportExplainRollupAction
4155:             1             48  org.opensearch.indexmanagement.transform.action.preview.TransportPreviewTransformAction
4156:             1             48  org.opensearch.indices.IndexingMemoryController
4157:             1             48  org.opensearch.indices.RemoteStoreSettings
4158:             1             48  org.opensearch.indices.recovery.RecoverySourceHandler$SendFileResult
4159:             2             48  org.opensearch.indices.replication.common.ReplicationCollection
4160:             2             48  org.opensearch.indices.replication.common.ReplicationType
4161:             1             48  org.opensearch.knn.index.KNNSettings$1
4162:             2             48  org.opensearch.knn.index.MethodComponentContext
4163:             3             48  org.opensearch.knn.plugin.stats.suppliers.LibraryInitializedSupplier
4164:             1             48  org.opensearch.knn.plugin.transport.ClearCacheTransportAction
4165:             1             48  org.opensearch.knn.plugin.transport.KNNWarmupTransportAction
4166:             1             48  org.opensearch.ml.action.connector.UpdateConnectorTransportAction
4167:             1             48  org.opensearch.ml.action.controller.GetControllerTransportAction
4168:             1             48  org.opensearch.ml.action.controller.UpdateControllerTransportAction
4169:             1             48  org.opensearch.ml.action.model_group.DeleteModelGroupTransportAction
4170:             1             48  org.opensearch.ml.action.model_group.GetModelGroupTransportAction
4171:             1             48  org.opensearch.ml.action.models.DeleteModelTransportAction
4172:             1             48  org.opensearch.ml.action.models.GetModelTransportAction
4173:             1             48  org.opensearch.ml.autoredeploy.MLModelAutoReDeployer
4174:             1             48  org.opensearch.ml.cluster.MLCommonsClusterManagerEventListener
4175:             2             48  org.opensearch.ml.memory.index.ConversationMetaIndex
4176:             1             48  org.opensearch.ml.task.MLTaskDispatcher
4177:             2             48  org.opensearch.monitor.StatusInfo$Status
4178:             1             48  org.opensearch.monitor.jvm.JvmGcMonitorService
4179:             1             48  org.opensearch.monitor.jvm.JvmGcMonitorService$1
4180:             2             48  org.opensearch.monitor.os.OsService
4181:             2             48  org.opensearch.monitor.os.OsStats$Cpu
4182:             1             48  org.opensearch.monitor.process.ProcessStats
4183:             1             48  org.opensearch.node.NodeResourceUsageStats
4184:             1             48  org.opensearch.node.resource.tracker.NodeResourceUsageTracker
4185:             2             48  org.opensearch.observability.settings.PluginSettings$AdminAccess
4186:             1             48  org.opensearch.painless.CompilerSettings
4187:             1             48  org.opensearch.performanceanalyzer.PerformanceAnalyzerPlugin
4188:             1             48  org.opensearch.performanceanalyzer.collectors.ClusterApplierServiceStatsCollector$ClusterApplierServiceStats
4189:             1             48  org.opensearch.performanceanalyzer.collectors.NodeStatsAllShardsMetricsCollector$1
4190:             1             48  org.opensearch.persistent.PersistentTasksClusterService
4191:             1             48  org.opensearch.persistent.PersistentTasksClusterService$PeriodicRechecker
4192:             2             48  org.opensearch.persistent.PersistentTasksCustomMetadata$Assignment
4193:             2             48  org.opensearch.persistent.decider.EnableAssignmentDecider$Allocation
4194:             1             48  org.opensearch.replication.action.status.TranportShardsInfoAction
4195:             1             48  org.opensearch.replication.action.status.TransportReplicationStatusAction
4196:             2             48  org.opensearch.replication.seqno.RemoteClusterStats
4197:             2             48  org.opensearch.replication.seqno.RemoteClusterTranslogService
4198:             1             48  org.opensearch.replication.task.index.IndexReplicationExecutor
4199:             1             48  org.opensearch.replication.task.shard.ShardReplicationExecutor
4200:             2             48  org.opensearch.repositories.RepositoryInfo
4201:             2             48  org.opensearch.repositories.s3.async.SizeBasedBlockingQ$QueueEventType
4202:             2             48  org.opensearch.repositories.s3.async.TransferSemaphoresHolder$TypeSemaphore
4203:             2             48  org.opensearch.repositories.s3.async.TransferSemaphoresHolder$TypeSemaphore$PermitType
4204:             2             48  org.opensearch.rest.action.admin.indices.RestCreateIndexAction
4205:             2             48  org.opensearch.rest.action.admin.indices.RestGetAliasesAction
4206:             2             48  org.opensearch.rest.action.admin.indices.RestGetIndicesAction
4207:             2             48  org.opensearch.rest.action.admin.indices.RestIndexPutAliasAction
4208:             2             48  org.opensearch.rest.action.admin.indices.RestRefreshAction
4209:             2             48  org.opensearch.rest.action.admin.indices.RestUpdateSettingsAction
4210:             2             48  org.opensearch.rest.action.document.RestBulkAction
4211:             2             48  org.opensearch.rest.action.document.RestBulkStreamingAction
4212:             2             48  org.opensearch.rest.action.document.RestDeleteAction
4213:             2             48  org.opensearch.rest.action.document.RestGetAction
4214:             2             48  org.opensearch.rest.action.document.RestIndexAction
4215:             2             48  org.opensearch.rest.action.document.RestIndexAction$AutoIdHandler
4216:             2             48  org.opensearch.rest.action.document.RestIndexAction$CreateHandler
4217:             2             48  org.opensearch.rest.action.document.RestMultiGetAction
4218:             2             48  org.opensearch.rest.action.document.RestUpdateAction
4219:             2             48  org.opensearch.rest.action.search.RestClearScrollAction
4220:             2             48  org.opensearch.rest.action.search.RestSearchAction
4221:             2             48  org.opensearch.rest.action.search.RestSearchScrollAction
4222:             1             48  org.opensearch.search.SearchModule
4223:             3             48  org.opensearch.search.aggregations.InternalOrder$SimpleOrder$$Lambda/0x00007fcd292f9400
4224:             1             48  org.opensearch.search.aggregations.bucket.FastFilterRewriteHelper$FastFilterContext
4225:             3             48  org.opensearch.search.aggregations.bucket.terms.LongKeyedBucketOrds$FromMany
4226:             2             48  org.opensearch.search.aggregations.metrics.AbstractPercentilesAggregationBuilder$$Lambda/0x00007fcd287b9cc0
4227:             3             48  org.opensearch.search.aggregations.support.ValuesSource$Bytes$WithOrdinals$FieldData
4228:             1             48  org.opensearch.search.asynchronous.stats.InternalAsynchronousSearchStats$CountStatsHolder
4229:             1             48  org.opensearch.search.asynchronous.transport.TransportSubmitAsynchronousSearchAction
4230:             2             48  org.opensearch.search.backpressure.trackers.CpuUsageTracker
4231:             2             48  org.opensearch.search.backpressure.trackers.ElapsedTimeTracker
4232:             2             48  org.opensearch.search.backpressure.trackers.NodeDuressTracker
4233:             1             48  org.opensearch.search.fetch.FetchSearchResult
4234:             3             48  org.opensearch.search.fetch.subphase.highlight.HighlightPhase
4235:             2             48  org.opensearch.search.internal.AliasFilter
4236:             1             48  org.opensearch.search.internal.InternalSearchResponse
4237:             1             48  org.opensearch.search.pipeline.Pipeline
4238:             2             48  org.opensearch.search.sort.SortFieldAndFormat
4239:             2             48  org.opensearch.secure_sm.ThreadPermission
4240:             1             48  org.opensearch.security.auditlog.sink.DebugSink
4241:             1             48  org.opensearch.security.auditlog.sink.SinkProvider
4242:             3             48  org.opensearch.security.compliance.ComplianceConfig$1
4243:             1             48  org.opensearch.security.dlic.rest.api.ActionGroupsApiAction
4244:             1             48  org.opensearch.security.dlic.rest.api.AllowlistApiAction
4245:             1             48  org.opensearch.security.dlic.rest.api.AuthTokenProcessorAction
4246:             1             48  org.opensearch.security.dlic.rest.api.CertificatesApiAction
4247:             1             48  org.opensearch.security.dlic.rest.api.ConfigUpgradeApiAction
4248:             1             48  org.opensearch.security.dlic.rest.api.FlushCacheApiAction
4249:             1             48  org.opensearch.security.dlic.rest.api.MigrateApiAction
4250:             1             48  org.opensearch.security.dlic.rest.api.MultiTenancyConfigApiAction
4251:             1             48  org.opensearch.security.dlic.rest.api.RolesApiAction
4252:             1             48  org.opensearch.security.dlic.rest.api.RolesMappingApiAction
4253:             1             48  org.opensearch.security.dlic.rest.api.TenantsApiAction
4254:             1             48  org.opensearch.security.dlic.rest.api.ValidateApiAction
4255:             1             48  org.opensearch.security.dlic.rest.api.WhitelistApiAction
4256:             1             48  org.opensearch.security.privileges.SecurityIndexAccessEvaluator
4257:             1             48  org.opensearch.security.rest.SecurityWhoAmIAction
4258:             1             48  org.opensearch.security.rest.TenantInfoAction
4259:             1             48  org.opensearch.security.securityconf.ConfigModelV7
4260:             1             48  org.opensearch.security.securityconf.ConfigModelV7$RoleMappingHolder
4261:             1             48  org.opensearch.security.securityconf.DynamicConfigFactory
4262:             2             48  org.opensearch.security.securityconf.impl.v7.ConfigV7$AuthzBackend
4263:             2             48  org.opensearch.security.securityconf.impl.v7.ConfigV7$AuthzDomain
4264:             2             48  org.opensearch.security.securityconf.impl.v7.ConfigV7$Http
4265:             2             48  org.opensearch.security.securityconf.impl.v7.ConfigV7$OnBehalfOfSettings
4266:             2             48  org.opensearch.security.securityconf.impl.v7.ConfigV7$Xff
4267:             2             48  org.opensearch.security.ssl.transport.PrincipalExtractor$Type
4268:             2             48  org.opensearch.security.support.SerializationFormat
4269:             1             48  org.opensearch.securityanalytics.threatIntel.common.TIFMetadata
4270:             1             48  org.opensearch.securityanalytics.transport.TransportDeleteRuleAction
4271:             1             48  org.opensearch.securityanalytics.transport.TransportListCorrelationAction
4272:             1             48  org.opensearch.securityanalytics.transport.TransportSearchCorrelationAction
4273:             1             48  org.opensearch.securityanalytics.transport.TransportSearchCorrelationRuleAction
4274:             2             48  org.opensearch.securityanalytics.util.WorkflowService
4275:             1             48  org.opensearch.snapshots.SnapshotShardsService
4276:             3             48  org.opensearch.sql.expression.function.FunctionDSL$$Lambda/0x00007fcd28b31cb0
4277:             2             48  org.opensearch.sql.expression.function.FunctionDSL$$Lambda/0x00007fcd28b5aab0
4278:             3             48  org.opensearch.sql.expression.window.WindowFunctions$$Lambda/0x00007fcd28b633f8
4279:             2             48  org.opensearch.sql.opensearch.setting.OpenSearchSettings
4280:             2             48  org.opensearch.sql.spark.asyncquery.OpenSearchAsyncQueryJobMetadataStorageService
4281:             3             48  org.opensearch.sql.spark.dispatcher.DatasourceEmbeddedQueryIdProvider
4282:             2             48  org.opensearch.sql.sql.SQLService
4283:             1             48  org.opensearch.tasks.TaskCancellationMonitoringService
4284:             3             48  org.opensearch.threadpool.AutoQueueAdjustingExecutorBuilder$$Lambda/0x00007fcd28535d58
4285:             3             48  org.opensearch.threadpool.AutoQueueAdjustingExecutorBuilder$$Lambda/0x00007fcd285361d0
4286:             3             48  org.opensearch.threadpool.AutoQueueAdjustingExecutorBuilder$$Lambda/0x00007fcd28536678
4287:             2             48  org.opensearch.timeseries.AnalysisType
4288:             1             48  org.opensearch.timeseries.NodeStateManager
4289:             2             48  org.opensearch.timeseries.caching.PriorityCache$$Lambda/0x00007fcd28a146b8
4290:             1             48  org.opensearch.timeseries.feature.SearchFeatureDao
4291:             1             48  org.opensearch.timeseries.settings.TimeSeriesEnabledSetting$1
4292:             1             48  org.opensearch.transport.ClusterConnectionManager
4293:             2             48  org.opensearch.transport.InboundAggregator$BreakerControl
4294:             1             48  org.opensearch.transport.NativeMessageHandler
4295:             2             48  org.opensearch.transport.NettyByteBufSizer
4296:             2             48  org.opensearch.transport.RequestHandlerRegistry$$Lambda/0x00007fcd29199060
4297:             2             48  org.opensearch.transport.SharedGroupFactory$SharedGroup
4298:             2             48  org.opensearch.transport.TaskTransportChannel
4299:             2             48  software.amazon.awssdk.auth.credentials.AwsBasicCredentials
4300:             3             48  sun.nio.ch.SocketDispatcher (java.base@21.0.3)
4301:             1             48  sun.nio.fs.UnixMountEntry (java.base@21.0.3)
4302:             2             48  sun.security.ec.ParametersMap (jdk.crypto.ec@21.0.3)
4303:             2             48  sun.security.jca.ProviderList (java.base@21.0.3)
4304:             2             48  sun.security.jca.ProviderList$3 (java.base@21.0.3)
4305:             3             48  sun.security.provider.X509Factory (java.base@21.0.3)
4306:             3             48  sun.security.rsa.PSSParameters (java.base@21.0.3)
4307:             2             48  sun.security.ssl.SSLAlgorithmConstraints (java.base@21.0.3)
4308:             3             48  sun.security.ssl.SSLAlgorithmDecomposer (java.base@21.0.3)
4309:             3             48  sun.security.ssl.SSLCipher$StreamReadCipherGenerator (java.base@21.0.3)
4310:             3             48  sun.security.ssl.SSLCipher$StreamWriteCipherGenerator (java.base@21.0.3)
4311:             2             48  sun.security.util.DisabledAlgorithmConstraints$jdkCAConstraint (java.base@21.0.3)
4312:             2             48  sun.security.validator.EndEntityChecker (java.base@21.0.3)
4313:             1             48  sun.text.BreakDictionary (java.base@21.0.3)
4314:             1             40  [Lcom.fasterxml.jackson.annotation.JsonAutoDetect$Visibility;
4315:             1             40  [Lcom.fasterxml.jackson.annotation.JsonAutoDetect$Visibility;
4316:             1             40  [Lcom.fasterxml.jackson.annotation.Nulls;
4317:             1             40  [Lcom.fasterxml.jackson.annotation.Nulls;
4318:             1             40  [Lcom.fasterxml.jackson.annotation.Nulls;
4319:             1             40  [Lcom.fasterxml.jackson.core.JsonEncoding;
4320:             1             40  [Lcom.fasterxml.jackson.core.JsonFactory$Feature;
4321:             1             40  [Lcom.fasterxml.jackson.core.JsonParser$NumberType;
4322:             1             40  [Lcom.fasterxml.jackson.core.StreamReadFeature;
4323:             1             40  [Lcom.fasterxml.jackson.core.json.JsonWriteFeature;
4324:             1             40  [Lcom.fasterxml.jackson.databind.cfg.JsonNodeFeature;
4325:             1             40  [Lcom.fasterxml.jackson.databind.cfg.JsonNodeFeature;
4326:             1             40  [Lcom.fasterxml.jackson.dataformat.smile.SmileGenerator$Feature;
4327:             1             40  [Lcom.google.gson.FieldNamingPolicy;
4328:             2             40  [Lcom.sun.jmx.mbeanserver.ClassLoaderRepositorySupport$LoaderEntry; (java.management@21.0.3)
4329:             1             40  [Lio.netty.handler.logging.LogLevel;
4330:             1             40  [Lio.netty.util.internal.logging.InternalLogLevel;
4331:             1             40  [Ljava.lang.Thread$State; (java.base@21.0.3)
4332:             1             40  [Ljava.lang.invoke.VarHandle$AccessType; (java.base@21.0.3)
4333:             1             40  [Ljava.lang.management.MemoryManagerMXBean; (java.management@21.0.3)
4334:             1             40  [Ljava.time.chrono.JapaneseEra; (java.base@21.0.3)
4335:             1             40  [Ljava.time.format.SignStyle; (java.base@21.0.3)
4336:             1             40  [Ljava.time.format.TextStyle; (java.base@21.0.3)
4337:             2             40  [Ljava.time.zone.ZoneOffsetTransitionRule; (java.base@21.0.3)
4338:             1             40  [Ljava.util.Locale$FilteringMode; (java.base@21.0.3)
4339:             1             40  [Ljava.util.stream.StreamOpFlag; (java.base@21.0.3)
4340:             1             40  [Ljavax.net.ssl.SSLEngineResult$HandshakeStatus; (java.base@21.0.3)
4341:             1             40  [Lkotlinx.coroutines.scheduling.CoroutineScheduler$WorkerState;
4342:             1             40  [Lorg.apache.logging.log4j.core.LifeCycle$State;
4343:             1             40  [Lorg.apache.logging.log4j.core.pattern.PatternParser$ParserState;
4344:             1             40  [Lorg.apache.lucene.document.StoredValue$Type;
4345:             1             40  [Lorg.apache.lucene.index.DocValuesType;
4346:             1             40  [Lorg.apache.lucene.index.IndexOptions;
4347:             1             40  [Lorg.apache.lucene.search.ScoreMode;
4348:             1             40  [Lorg.ldaptive.ReturnAttributes;
4349:             1             40  [Lorg.opensearch.Build$Type;
4350:             1             40  [Lorg.opensearch.action.DocWriteResponse$Result;
4351:             1             40  [Lorg.opensearch.ad.model.ADTaskType;
4352:             1             40  [Lorg.opensearch.alerting.util.DestinationType;
4353:             1             40  [Lorg.opensearch.cluster.metadata.IndexMetadata$APIBlock;
4354:             1             40  [Lorg.opensearch.cluster.routing.RecoverySource$Type;
4355:             1             40  [Lorg.opensearch.cluster.routing.UnassignedInfo$AllocationStatus;
4356:             1             40  [Lorg.opensearch.common.unit.SizeUnit;
4357:             1             40  [Lorg.opensearch.core.common.unit.ByteSizeUnit;
4358:             1             40  [Lorg.opensearch.index.IndexModule$Type;
4359:             1             40  [Lorg.opensearch.index.analysis.AnalysisRegistry$Component;
4360:             1             40  [Lorg.opensearch.index.engine.Engine$Operation$Origin;
4361:             1             40  [Lorg.opensearch.index.mapper.RangeType;
4362:             1             40  [Lorg.opensearch.index.query.MultiMatchQueryBuilder$Type;
4363:             1             40  [Lorg.opensearch.knn.index.SpaceType;
4364:             1             40  [Lorg.opensearch.knn.index.codec.KNNCodecVersion;
4365:             1             40  [Lorg.opensearch.ml.common.MLTaskState;
4366:             1             40  [Lorg.opensearch.performanceanalyzer.config.setting.PerformanceAnalyzerClusterSettings$PerformanceAnalyzerFeatureBits;
4367:             1             40  [Lorg.opensearch.search.MultiValueMode;
4368:             1             40  [Lorg.opensearch.security.dlic.rest.validation.PasswordValidator$ScoreStrength;
4369:             1             40  [Lorg.yaml.snakeyaml.DumperOptions$ScalarStyle;
4370:             1             40  [Lsun.security.ssl.CipherSuite$MacAlg; (java.base@21.0.3)
4371:             1             40  [Lsun.security.ssl.ContentType; (java.base@21.0.3)
4372:             1             40  [Lsun.security.ssl.SSLKeyExchange$T12KeyAgreement; (java.base@21.0.3)
4373:             1             40  [Lsun.security.ssl.X509Authentication; (java.base@21.0.3)
4374:             1             40  [Lsun.security.util.DisabledAlgorithmConstraints$Constraint$Operator; (java.base@21.0.3)
4375:             1             40  [[Ljava.lang.invoke.LambdaForm$Name; (java.base@21.0.3)
4376:             1             40  [[Lorg.joni.ast.QuantifierNode$ReduceType;
4377:             1             40  com.amazon.dlic.auth.ldap.backend.LDAPAuthenticationBackend
4378:             1             40  com.fasterxml.jackson.annotation.JsonFormat$Value
4379:             1             40  com.fasterxml.jackson.annotation.JsonFormat$Value
4380:             1             40  com.fasterxml.jackson.annotation.JsonFormat$Value
4381:             1             40  com.fasterxml.jackson.databind.cfg.ConfigOverrides
4382:             1             40  com.google.common.io.BaseEncoding$Base16Encoding
4383:             1             40  com.google.common.util.concurrent.ThreadFactoryBuilder$1
4384:             1             40  com.google.gson.internal.Excluder
4385:             1             40  com.sun.jmx.interceptor.DefaultMBeanServerInterceptor (java.management@21.0.3)
4386:             1             40  com.sun.jmx.mbeanserver.JmxMBeanServer (java.management@21.0.3)
4387:             1             40  com.sun.jmx.mbeanserver.MBeanServerDelegateImpl (java.management@21.0.3)
4388:             1             40  com.sun.management.internal.DiagnosticCommandImpl (jdk.management@21.0.3)
4389:             1             40  com.sun.management.internal.OperatingSystemImpl$ProcessCpuTicks (jdk.management@21.0.3)
4390:             1             40  com.sun.management.internal.OperatingSystemImpl$SystemCpuTicks (jdk.management@21.0.3)
4391:             1             40  io.netty.channel.AdaptiveRecvByteBufAllocator
4392:             1             40  io.netty.util.ResourceLeakDetector
4393:             1             40  io.netty.util.concurrent.DefaultPromise$StacklessCancellationException
4394:             1             40  io.netty.util.concurrent.DefaultPromise$StacklessCancellationException
4395:             1             40  java.io.IOException (java.base@21.0.3)
4396:             1             40  java.lang.ArithmeticException (java.base@21.0.3)
4397:             1             40  java.lang.ClassNotFoundException (java.base@21.0.3)
4398:             1             40  java.lang.VirtualMachineError (java.base@21.0.3)
4399:             1             40  java.lang.invoke.VarHandleLongs$Array (java.base@21.0.3)
4400:             1             40  java.util.ResourceBundle$2 (java.base@21.0.3)
4401:             1             40  java.util.ServiceLoader$LazyClassPathLookupIterator (java.base@21.0.3)
4402:             1             40  java.util.concurrent.CompletableFuture$UniHandle (java.base@21.0.3)
4403:             1             40  javax.crypto.CryptoAllPermission (java.base@21.0.3)
4404:             1             40  jdk.internal.event.SecurityProviderServiceEvent (java.base@21.0.3)
4405:             1             40  jdk.internal.event.ThreadSleepEvent (java.base@21.0.3)
4406:             1             40  jdk.internal.foreign.NativeMemorySegmentImpl (java.base@21.0.3)
4407:             1             40  jdk.internal.logger.LazyLoggers$LazyLoggerAccessor (java.base@21.0.3)
4408:             1             40  jdk.internal.ref.CleanerImpl$CleanerCleanable (java.base@21.0.3)
4409:             1             40  jdk.nio.zipfs.ZipFileSystem$END (jdk.zipfs@21.0.3)
4410:             1             40  kotlinx.coroutines.internal.LockFreeTaskQueueCore
4411:             1             40  kotlinx.coroutines.scheduling.DefaultScheduler
4412:             1             40  kotlinx.coroutines.scheduling.DefaultScheduler
4413:             1             40  kotlinx.coroutines.scheduling.DefaultScheduler
4414:             1             40  kotlinx.coroutines.scheduling.DefaultScheduler
4415:             1             40  kotlinx.coroutines.scheduling.DefaultScheduler
4416:             1             40  kotlinx.coroutines.scheduling.LimitingDispatcher
4417:             1             40  kotlinx.coroutines.scheduling.LimitingDispatcher
4418:             1             40  kotlinx.coroutines.scheduling.LimitingDispatcher
4419:             1             40  kotlinx.coroutines.scheduling.LimitingDispatcher
4420:             1             40  kotlinx.coroutines.scheduling.LimitingDispatcher
4421:             1             40  org.apache.commons.pool2.impl.LinkedBlockingDeque
4422:             1             40  org.apache.logging.log4j.core.appender.OutputStreamManager
4423:             1             40  org.apache.logging.log4j.core.config.status.StatusConfiguration
4424:             1             40  org.apache.lucene.document.LongPoint$1
4425:             1             40  org.apache.lucene.document.SortedNumericDocValuesRangeQuery
4426:             1             40  org.apache.lucene.queryparser.classic.QueryParser$LookaheadSuccess
4427:             1             40  org.apache.lucene.store.NIOFSDirectory
4428:             1             40  org.apache.lucene.util.automaton.ByteRunAutomaton
4429:             1             40  org.bouncycastle.jce.provider.BouncyCastleProviderConfiguration
4430:             1             40  org.joni.ast.StringNode
4431:             1             40  org.locationtech.jts.geom.Coordinate
4432:             1             40  org.locationtech.spatial4j.context.SpatialContext
4433:             1             40  org.locationtech.spatial4j.context.jts.JtsSpatialContext
4434:             1             40  org.locationtech.spatial4j.shape.jts.JtsShapeFactory
4435:             1             40  org.opensearch.Build
4436:             1             40  org.opensearch.action.admin.indices.dangling.import_index.TransportImportDanglingIndexAction
4437:             1             40  org.opensearch.action.admin.indices.flush.TransportFlushAction
4438:             1             40  org.opensearch.action.admin.indices.mapping.get.TransportGetFieldMappingsAction
4439:             1             40  org.opensearch.action.admin.indices.refresh.TransportRefreshAction
4440:             1             40  org.opensearch.action.bulk.BulkResponse
4441:             1             40  org.opensearch.action.get.TransportMultiGetAction
4442:             1             40  org.opensearch.action.ingest.SimulatePipelineTransportAction
4443:             1             40  org.opensearch.action.main.TransportMainAction
4444:             1             40  org.opensearch.action.search.TransportClearScrollAction
4445:             1             40  org.opensearch.action.search.TransportDeletePitAction
4446:             1             40  org.opensearch.action.search.TransportSearchScrollAction
4447:             1             40  org.opensearch.action.termvectors.TransportMultiTermVectorsAction
4448:             1             40  org.opensearch.ad.transport.ADBatchAnomalyResultTransportAction
4449:             1             40  org.opensearch.ad.transport.ADBatchTaskRemoteExecutionTransportAction
4450:             1             40  org.opensearch.ad.transport.DeleteAnomalyResultsTransportAction
4451:             1             40  org.opensearch.ad.transport.SearchTopAnomalyResultTransportAction
4452:             1             40  org.opensearch.ad.transport.StopDetectorTransportAction
4453:             1             40  org.opensearch.alerting.InputService
4454:             1             40  org.opensearch.alerting.transport.TransportSearchEmailAccountAction
4455:             1             40  org.opensearch.alerting.transport.TransportSearchEmailGroupAction
4456:             1             40  org.opensearch.alerting.util.destinationmigration.DestinationMigrationCoordinator
4457:             1             40  org.opensearch.bootstrap.OpenSearchPolicy
4458:             1             40  org.opensearch.cluster.ClusterManagerMetrics
4459:             1             40  org.opensearch.cluster.coordination.ClusterBootstrapService
4460:             1             40  org.opensearch.cluster.coordination.ElectionSchedulerFactory
4461:             1             40  org.opensearch.cluster.coordination.JoinHelper$$Lambda/0x00007fcd28cf6f18
4462:             1             40  org.opensearch.cluster.coordination.PreVoteCollector
4463:             1             40  org.opensearch.cluster.coordination.PreVoteResponse
4464:             1             40  org.opensearch.cluster.metadata.MetadataIndexAliasesService
4465:             1             40  org.opensearch.cluster.metadata.MetadataIndexUpgradeService
4466:             1             40  org.opensearch.cluster.routing.DelayedAllocationService
4467:             1             40  org.opensearch.cluster.routing.allocation.AllocationService
4468:             1             40  org.opensearch.cluster.routing.allocation.allocator.BalancedShardsAllocator
4469:             1             40  org.opensearch.cluster.routing.allocation.allocator.BalancedShardsAllocator$WeightFunction
4470:             1             40  org.opensearch.cluster.service.ClusterManagerTaskThrottler
4471:             1             40  org.opensearch.cluster.service.MasterService$Batcher
4472:             1             40  org.opensearch.common.cache.store.OpenSearchOnHeapCache
4473:             1             40  org.opensearch.common.settings.AbstractScopedSettings$1
4474:             1             40  org.opensearch.common.settings.SecureSetting$SecureFileSetting
4475:             1             40  org.opensearch.common.ssl.SslConfiguration
4476:             1             40  org.opensearch.common.util.concurrent.ThreadContext
4477:             1             40  org.opensearch.env.NodeEnvironment$NodePath
4478:             1             40  org.opensearch.flowframework.rest.RestSearchWorkflowAction
4479:             1             40  org.opensearch.flowframework.rest.RestSearchWorkflowStateAction
4480:             1             40  org.opensearch.flowframework.transport.DeleteWorkflowTransportAction
4481:             1             40  org.opensearch.flowframework.transport.GetWorkflowStateTransportAction
4482:             1             40  org.opensearch.flowframework.transport.GetWorkflowStepTransportAction
4483:             1             40  org.opensearch.flowframework.transport.SearchWorkflowStateTransportAction
4484:             1             40  org.opensearch.flowframework.transport.SearchWorkflowTransportAction
4485:             1             40  org.opensearch.forecast.transport.SearchTopForecastResultTransportAction
4486:             1             40  org.opensearch.forecast.transport.StopForecasterTransportAction
4487:             1             40  org.opensearch.gateway.DanglingIndicesState
4488:             1             40  org.opensearch.gateway.GatewayAllocator
4489:             1             40  org.opensearch.gateway.GatewayMetaState$AsyncLucenePersistedState
4490:             1             40  org.opensearch.gateway.GatewayMetaState$LucenePersistedState
4491:             1             40  org.opensearch.gateway.PersistedClusterStateService
4492:             1             40  org.opensearch.gateway.PersistedClusterStateService$OnDiskState
4493:             1             40  org.opensearch.geospatial.action.upload.geojson.UploadGeoJSONTransportAction
4494:             1             40  org.opensearch.geospatial.ip2geo.jobscheduler.DatasourceRunner
4495:             1             40  org.opensearch.geospatial.ip2geo.listener.Ip2GeoListener
4496:             1             40  org.opensearch.http.CorsHandler$Config
4497:             1             40  org.opensearch.index.engine.Engine$1
4498:             1             40  org.opensearch.index.engine.EngineConfig$1
4499:             1             40  org.opensearch.index.flush.FlushStats
4500:             1             40  org.opensearch.index.mapper.DataStreamFieldMapper$DataStreamFieldType
4501:             1             40  org.opensearch.index.mapper.DocCountFieldMapper$DocCountFieldType
4502:             1             40  org.opensearch.index.mapper.IgnoredFieldMapper$IgnoredFieldType
4503:             1             40  org.opensearch.index.mapper.IndexFieldMapper$IndexFieldType
4504:             1             40  org.opensearch.index.mapper.NumberFieldMapper$NumberType$1
4505:             1             40  org.opensearch.index.mapper.NumberFieldMapper$NumberType$2
4506:             1             40  org.opensearch.index.mapper.NumberFieldMapper$NumberType$3
4507:             1             40  org.opensearch.index.mapper.NumberFieldMapper$NumberType$4
4508:             1             40  org.opensearch.index.mapper.NumberFieldMapper$NumberType$5
4509:             1             40  org.opensearch.index.mapper.NumberFieldMapper$NumberType$6
4510:             1             40  org.opensearch.index.mapper.NumberFieldMapper$NumberType$7
4511:             1             40  org.opensearch.index.mapper.NumberFieldMapper$NumberType$8
4512:             1             40  org.opensearch.index.mapper.RangeType$1
4513:             1             40  org.opensearch.index.mapper.RangeType$2
4514:             1             40  org.opensearch.index.mapper.RangeType$3
4515:             1             40  org.opensearch.index.mapper.RangeType$4
4516:             1             40  org.opensearch.index.mapper.RangeType$5
4517:             1             40  org.opensearch.index.mapper.RangeType$6
4518:             1             40  org.opensearch.index.mapper.RankFeatureMetaFieldMapper$RankFeatureMetaFieldType
4519:             1             40  org.opensearch.index.mapper.RoutingFieldMapper$RoutingFieldType
4520:             1             40  org.opensearch.index.mapper.SeqNoFieldMapper$SeqNoFieldType
4521:             1             40  org.opensearch.index.mapper.VersionFieldMapper$VersionFieldType
4522:             1             40  org.opensearch.index.rankeval.TransportRankEvalAction
4523:             1             40  org.opensearch.index.recovery.RemoteStoreRestoreService
4524:             1             40  org.opensearch.index.reindex.Reindexer
4525:             1             40  org.opensearch.index.reindex.TransportReindexAction
4526:             1             40  org.opensearch.indexmanagement.controlcenter.notification.action.delete.TransportDeleteLRONConfigAction
4527:             1             40  org.opensearch.indexmanagement.controlcenter.notification.action.get.TransportGetLRONConfigAction
4528:             1             40  org.opensearch.indexmanagement.indexstatemanagement.PluginVersionSweepCoordinator
4529:             1             40  org.opensearch.indexmanagement.indexstatemanagement.transport.action.removepolicy.TransportRemovePolicyAction
4530:             1             40  org.opensearch.indexmanagement.indexstatemanagement.transport.action.retryfailedmanagedindex.TransportRetryFailedManagedIndexAction
4531:             1             40  org.opensearch.indexmanagement.rollup.interceptor.RollupInterceptor
4532:             1             40  org.opensearch.indexmanagement.transform.TransformSearchService
4533:             1             40  org.opensearch.indexmanagement.transform.TransformValidator
4534:             1             40  org.opensearch.indices.IndicesQueryCache
4535:             1             40  org.opensearch.indices.IndicesRequestCache
4536:             1             40  org.opensearch.indices.IndicesRequestCache$IndicesRequestCacheCleanupManager
4537:             1             40  org.opensearch.indices.IndicesService$OldShardsStats
4538:             1             40  org.opensearch.indices.breaker.BreakerSettings
4539:             1             40  org.opensearch.indices.breaker.HierarchyCircuitBreakerService
4540:             1             40  org.opensearch.indices.recovery.PeerRecoverySourceService
4541:             1             40  org.opensearch.indices.replication.SegmentReplicationSourceService
4542:             1             40  org.opensearch.indices.store.IndicesStore
4543:             1             40  org.opensearch.ingest.common.GrokProcessorGetAction$TransportAction
4544:             1             40  org.opensearch.jobscheduler.JobSchedulerPlugin
4545:             1             40  org.opensearch.knn.index.codec.KNN86Codec.KNN86Codec
4546:             1             40  org.opensearch.knn.index.codec.KNN920Codec.KNN920PerFieldKnnVectorsFormat
4547:             1             40  org.opensearch.knn.index.codec.KNN940Codec.KNN940PerFieldKnnVectorsFormat
4548:             1             40  org.opensearch.knn.index.codec.KNN950Codec.KNN950PerFieldKnnVectorsFormat
4549:             1             40  org.opensearch.knn.index.codec.KNN990Codec.KNN990PerFieldKnnVectorsFormat
4550:             1             40  org.opensearch.knn.index.util.Faiss
4551:             1             40  org.opensearch.knn.plugin.transport.TrainingJobRouterTransportAction
4552:             1             40  org.opensearch.ml.action.agents.DeleteAgentTransportAction
4553:             1             40  org.opensearch.ml.action.agents.GetAgentTransportAction
4554:             1             40  org.opensearch.ml.action.agents.TransportRegisterAgentAction
4555:             1             40  org.opensearch.ml.action.config.GetConfigTransportAction
4556:             1             40  org.opensearch.ml.action.connector.DeleteConnectorTransportAction
4557:             1             40  org.opensearch.ml.action.connector.GetConnectorTransportAction
4558:             1             40  org.opensearch.ml.action.connector.SearchConnectorTransportAction
4559:             1             40  org.opensearch.ml.action.execute.TransportExecuteTaskAction
4560:             1             40  org.opensearch.ml.action.model_group.SearchModelGroupTransportAction
4561:             1             40  org.opensearch.ml.action.tasks.DeleteTaskTransportAction
4562:             1             40  org.opensearch.ml.action.tasks.GetTaskTransportAction
4563:             1             40  org.opensearch.ml.action.training.TransportTrainingTaskAction
4564:             1             40  org.opensearch.ml.action.trainpredict.TransportTrainAndPredictionTaskAction
4565:             1             40  org.opensearch.ml.action.upload_chunk.TransportUploadModelChunkAction
4566:             1             40  org.opensearch.ml.cluster.DiscoveryNodeHelper
4567:             1             40  org.opensearch.ml.engine.algorithms.agent.MLAgentExecutor
4568:             1             40  org.opensearch.ml.memory.action.conversation.CreateConversationTransportAction
4569:             1             40  org.opensearch.ml.memory.action.conversation.CreateInteractionTransportAction
4570:             1             40  org.opensearch.ml.memory.action.conversation.DeleteConversationTransportAction
4571:             1             40  org.opensearch.ml.memory.action.conversation.GetConversationTransportAction
4572:             1             40  org.opensearch.ml.memory.action.conversation.GetConversationsTransportAction
4573:             1             40  org.opensearch.ml.memory.action.conversation.GetInteractionTransportAction
4574:             1             40  org.opensearch.ml.memory.action.conversation.GetInteractionsTransportAction
4575:             1             40  org.opensearch.ml.memory.action.conversation.GetTracesTransportAction
4576:             1             40  org.opensearch.ml.memory.action.conversation.SearchConversationsTransportAction
4577:             1             40  org.opensearch.ml.memory.action.conversation.SearchInteractionsTransportAction
4578:             1             40  org.opensearch.ml.memory.action.conversation.UpdateConversationTransportAction
4579:             1             40  org.opensearch.ml.memory.action.conversation.UpdateInteractionTransportAction
4580:             1             40  org.opensearch.ml.rest.RestMLSearchAgentAction
4581:             1             40  org.opensearch.ml.rest.RestMLSearchConnectorAction
4582:             1             40  org.opensearch.ml.rest.RestMLSearchModelAction
4583:             1             40  org.opensearch.ml.rest.RestMLSearchModelGroupAction
4584:             1             40  org.opensearch.ml.rest.RestMLSearchTaskAction
4585:             1             40  org.opensearch.ml.rest.RestMLStatsAction
4586:             1             40  org.opensearch.ml.rest.RestMemorySearchConversationsAction
4587:             1             40  org.opensearch.monitor.MonitorService
4588:             1             40  org.opensearch.monitor.fs.FsService$FsInfoCache
4589:             1             40  org.opensearch.monitor.jvm.HotThreads
4590:             1             40  org.opensearch.monitor.process.ProcessService$ProcessStatsCache
4591:             1             40  org.opensearch.node.ResourceUsageCollectorService
4592:             1             40  org.opensearch.node.resource.tracker.AverageCpuUsageTracker
4593:             1             40  org.opensearch.node.resource.tracker.AverageMemoryUsageTracker
4594:             1             40  org.opensearch.node.resource.tracker.ResourceTrackerSettings
4595:             1             40  org.opensearch.notifications.action.CreateNotificationConfigAction
4596:             1             40  org.opensearch.notifications.action.DeleteNotificationConfigAction
4597:             1             40  org.opensearch.notifications.action.GetChannelListAction
4598:             1             40  org.opensearch.notifications.action.GetNotificationConfigAction
4599:             1             40  org.opensearch.notifications.action.GetPluginFeaturesAction
4600:             1             40  org.opensearch.notifications.action.PublishNotificationAction
4601:             1             40  org.opensearch.notifications.action.SendNotificationAction
4602:             1             40  org.opensearch.notifications.action.SendTestNotificationAction
4603:             1             40  org.opensearch.notifications.action.UpdateNotificationConfigAction
4604:             1             40  org.opensearch.observability.action.CreateObservabilityObjectAction
4605:             1             40  org.opensearch.observability.action.DeleteObservabilityObjectAction
4606:             1             40  org.opensearch.observability.action.GetObservabilityObjectAction
4607:             1             40  org.opensearch.observability.action.UpdateObservabilityObjectAction
4608:             1             40  org.opensearch.performanceanalyzer.config.setting.ClusterSettingsManager
4609:             1             40  org.opensearch.ratelimitting.admissioncontrol.AdmissionControlService
4610:             1             40  org.opensearch.replication.ReplicationPlugin
4611:             1             40  org.opensearch.replication.action.autofollow.TransportUpdateAutoFollowPatternAction
4612:             1             40  org.opensearch.replication.action.setup.TransportSetupChecksAction
4613:             1             40  org.opensearch.replication.action.setup.TransportValidatePermissionsAction
4614:             1             40  org.opensearch.replication.task.autofollow.AutoFollowExecutor
4615:             1             40  org.opensearch.reportsscheduler.action.CreateReportDefinitionAction
4616:             1             40  org.opensearch.reportsscheduler.action.DeleteReportDefinitionAction
4617:             1             40  org.opensearch.reportsscheduler.action.GetAllReportDefinitionsAction
4618:             1             40  org.opensearch.reportsscheduler.action.GetAllReportInstancesAction
4619:             1             40  org.opensearch.reportsscheduler.action.GetReportDefinitionAction
4620:             1             40  org.opensearch.reportsscheduler.action.GetReportInstanceAction
4621:             1             40  org.opensearch.reportsscheduler.action.InContextReportCreateAction
4622:             1             40  org.opensearch.reportsscheduler.action.OnDemandReportCreateAction
4623:             1             40  org.opensearch.reportsscheduler.action.UpdateReportDefinitionAction
4624:             1             40  org.opensearch.reportsscheduler.action.UpdateReportInstanceStatusAction
4625:             1             40  org.opensearch.repositories.s3.async.TransferSemaphoresHolder
4626:             1             40  org.opensearch.rest.RestController
4627:             1             40  org.opensearch.script.ScriptService
4628:             1             40  org.opensearch.script.mustache.TransportMultiSearchTemplateAction
4629:             1             40  org.opensearch.script.mustache.TransportRenderSearchTemplateAction
4630:             1             40  org.opensearch.script.mustache.TransportSearchTemplateAction
4631:             1             40  org.opensearch.search.SearchHits
4632:             1             40  org.opensearch.search.SearchService$SearchOperationListenerExecutor
4633:             1             40  org.opensearch.search.aggregations.MultiBucketConsumerService$MultiBucketConsumer
4634:             1             40  org.opensearch.search.aggregations.metrics.MaxAggregatorFactory
4635:             1             40  org.opensearch.search.backpressure.settings.SearchBackpressureSettings
4636:             1             40  org.opensearch.search.query.TopDocsCollectorContext$EmptyTopDocsCollectorContext
4637:             1             40  org.opensearch.security.action.whoami.TransportWhoAmIAction
4638:             1             40  org.opensearch.security.configuration.AdminDNs
4639:             1             40  org.opensearch.security.configuration.ClusterInfoHolder
4640:             1             40  org.opensearch.security.configuration.ConfigurationLoaderSecurity7
4641:             1             40  org.opensearch.security.configuration.DlsFlsValveImpl
4642:             1             40  org.opensearch.security.dlic.rest.api.PermissionsInfoAction
4643:             1             40  org.opensearch.security.dlic.rest.api.SecurityApiDependencies
4644:             1             40  org.opensearch.security.privileges.ProtectedIndexAccessEvaluator
4645:             1             40  org.opensearch.security.rest.SecurityConfigUpdateAction
4646:             1             40  org.opensearch.security.ssl.rest.SecuritySSLInfoAction
4647:             1             40  org.opensearch.security.user.UserService
4648:             1             40  org.opensearch.securityanalytics.correlation.index.codec.correlation950.PerFieldCorrelationVectorsFormat950
4649:             1             40  org.opensearch.securityanalytics.correlation.index.codec.correlation990.PerFieldCorrelationVectorsFormat990
4650:             1             40  org.opensearch.securityanalytics.threatIntel.action.TransportPutTIFJobAction
4651:             1             40  org.opensearch.securityanalytics.threatIntel.jobscheduler.TIFJobRunner
4652:             1             40  org.opensearch.securityanalytics.transport.TransportCreateIndexMappingsAction
4653:             1             40  org.opensearch.securityanalytics.transport.TransportDeleteCorrelationRuleAction
4654:             1             40  org.opensearch.securityanalytics.transport.TransportGetAllRuleCategoriesAction
4655:             1             40  org.opensearch.securityanalytics.transport.TransportGetIndexMappingsAction
4656:             1             40  org.opensearch.securityanalytics.transport.TransportGetMappingsViewAction
4657:             1             40  org.opensearch.securityanalytics.transport.TransportIndexCorrelationRuleAction
4658:             1             40  org.opensearch.securityanalytics.transport.TransportUpdateIndexMappingsAction
4659:             1             40  org.opensearch.securityanalytics.transport.TransportValidateRulesAction
4660:             1             40  org.opensearch.sql.datasources.transport.TransportCreateDataSourceAction
4661:             1             40  org.opensearch.sql.plugin.transport.TransportPPLQueryAction
4662:             1             40  org.opensearch.sql.spark.transport.TransportCreateAsyncQueryRequestAction
4663:             1             40  org.opensearch.tasks.consumer.TopNSearchTasksLogger
4664:             1             40  org.opensearch.threadpool.ThreadPool
4665:             1             40  org.opensearch.timeseries.cluster.ADDataMigrator
4666:             1             40  org.opensearch.timeseries.cluster.ClusterManagerEventListener$$Lambda/0x00007fcd28a42990
4667:             1             40  org.opensearch.transport.ConnectionProfile
4668:             1             40  org.opensearch.transport.RemoteClusterService
4669:             1             40  org.opensearch.transport.RemoteConnectionStrategy$ConnectionStrategy$1
4670:             1             40  org.opensearch.transport.RemoteConnectionStrategy$ConnectionStrategy$2
4671:             1             40  org.opensearch.transport.TransportKeepAlive
4672:             1             40  org.opensearch.transport.nativeprotocol.NativeInboundMessage
4673:             1             40  org.opensearch.transport.netty4.ssl.SecureNetty4Transport$SSLServerChannelInitializer
4674:             1             40  org.opensearch.watcher.ResourceWatcherService
4675:             1             40  org.yaml.snakeyaml.LoaderOptions
4676:             1             40  sun.nio.cs.StandardCharsets$Aliases (java.base@21.0.3)
4677:             1             40  sun.nio.cs.StandardCharsets$Cache (java.base@21.0.3)
4678:             1             40  sun.nio.cs.UTF_8$Decoder (java.base@21.0.3)
4679:             1             40  sun.security.ec.ECOperations (jdk.crypto.ec@21.0.3)
4680:             1             40  sun.security.provider.DSAPublicKeyImpl (java.base@21.0.3)
4681:             1             40  sun.security.ssl.Plaintext (java.base@21.0.3)
4682:             1             40  sun.security.ssl.TrustStoreManager$TrustStoreDescriptor (java.base@21.0.3)
4683:             1             40  sun.security.util.KnownOIDs$1 (java.base@21.0.3)
4684:             1             40  sun.security.util.KnownOIDs$10 (java.base@21.0.3)
4685:             1             40  sun.security.util.KnownOIDs$2 (java.base@21.0.3)
4686:             1             40  sun.security.util.KnownOIDs$3 (java.base@21.0.3)
4687:             1             40  sun.security.util.KnownOIDs$4 (java.base@21.0.3)
4688:             1             40  sun.security.util.KnownOIDs$5 (java.base@21.0.3)
4689:             1             40  sun.security.util.KnownOIDs$6 (java.base@21.0.3)
4690:             1             40  sun.security.util.KnownOIDs$7 (java.base@21.0.3)
4691:             1             40  sun.security.util.KnownOIDs$8 (java.base@21.0.3)
4692:             1             40  sun.security.util.KnownOIDs$9 (java.base@21.0.3)
4693:             1             40  sun.util.locale.InternalLocaleBuilder (java.base@21.0.3)
4694:             1             40  sun.util.resources.Bundles$1 (java.base@21.0.3)
4695:             1             32  [Lcom.fasterxml.jackson.core.Base64Variant$PaddingReadBehaviour;
4696:             1             32  [Lcom.fasterxml.jackson.core.StreamReadCapability;
4697:             1             32  [Lcom.fasterxml.jackson.core.util.Separators$Spacing;
4698:             1             32  [Lcom.fasterxml.jackson.databind.annotation.JsonSerialize$Typing;
4699:             1             32  [Lcom.fasterxml.jackson.databind.cfg.ConstructorDetector$SingleArgConstructor;
4700:             1             32  [Lcom.fasterxml.jackson.databind.cfg.JsonNodeFeature;
4701:             2             32  [Lcom.fasterxml.jackson.databind.deser.Deserializers;
4702:             2             32  [Lcom.fasterxml.jackson.databind.deser.Deserializers;
4703:             2             32  [Lcom.fasterxml.jackson.databind.deser.Deserializers;
4704:             1             32  [Lcom.fasterxml.jackson.databind.util.AccessPattern;
4705:             1             32  [Lcom.fasterxml.jackson.databind.util.internal.PrivateMaxEntriesMap$DrainStatus;
4706:             1             32  [Lcom.fasterxml.jackson.databind.util.internal.PrivateMaxEntriesMap$DrainStatus;
4707:             1             32  [Lcom.fasterxml.jackson.databind.util.internal.PrivateMaxEntriesMap$DrainStatus;
4708:             1             32  [Lcom.google.common.cache.LocalCache$Segment;
4709:             1             32  [Lcom.google.common.cache.LocalCache$Strength;
4710:             1             32  [Lcom.google.common.cache.LocalCache$Strength;
4711:             1             32  [Lcom.google.common.cache.LocalCache$Strength;
4712:             1             32  [Lcom.google.common.cache.LocalCache$Strength;
4713:             1             32  [Lcom.google.common.collect.AbstractIterator$State;
4714:             1             32  [Lcom.google.common.collect.AbstractIterator$State;
4715:             1             32  [Lcom.google.gson.ToNumberPolicy;
4716:             1             32  [Lcom.password4j.types.Bcrypt;
4717:             1             32  [Lio.netty.handler.codec.base64.Base64Dialect;
4718:             1             32  [Lio.netty.handler.ssl.ApplicationProtocolConfig$Protocol;
4719:             1             32  [Lio.netty.handler.ssl.ApplicationProtocolConfig$SelectedListenerFailureBehavior;
4720:             1             32  [Lio.netty.handler.ssl.ApplicationProtocolConfig$SelectorFailureBehavior;
4721:             1             32  [Lio.netty.handler.ssl.SslHandler$SslEngineType;
4722:             1             32  [Lio.netty.handler.ssl.SslProvider;
4723:             1             32  [Lio.netty.util.ResourceLeakDetector$Level;
4724:             1             32  [Ljava.lang.ProcessImpl$LaunchMechanism; (java.base@21.0.3)
4725:             1             32  [Ljava.lang.StackStreamFactory$WalkerState; (java.base@21.0.3)
4726:             1             32  [Ljava.lang.ThreadGroup; (java.base@21.0.3)
4727:             2             32  [Ljava.lang.Throwable; (java.base@21.0.3)
4728:             1             32  [Ljava.lang.invoke.MethodHandleImpl$ArrayAccess; (java.base@21.0.3)
4729:             1             32  [Ljava.lang.module.ModuleDescriptor$Modifier; (java.base@21.0.3)
4730:             1             32  [Ljava.lang.module.ModuleDescriptor$Requires$Modifier; (java.base@21.0.3)
4731:             1             32  [Ljava.lang.ref.WeakReference; (java.base@21.0.3)
4732:             2             32  [Ljava.net.NetworkInterface; (java.base@21.0.3)
4733:             1             32  [Ljava.net.StandardProtocolFamily; (java.base@21.0.3)
4734:             1             32  [Ljava.nio.file.AccessMode; (java.base@21.0.3)
4735:             1             32  [Ljava.nio.file.FileTreeWalker$EventType; (java.base@21.0.3)
4736:             1             32  [Ljava.nio.file.FileVisitResult; (java.base@21.0.3)
4737:             1             32  [Ljava.nio.file.StandardCopyOption; (java.base@21.0.3)
4738:             1             32  [Ljava.text.Normalizer$Form; (java.base@21.0.3)
4739:             1             32  [Ljava.time.format.DateTimeFormatterBuilder$SettingsParser; (java.base@21.0.3)
4740:             1             32  [Ljava.time.format.FormatStyle; (java.base@21.0.3)
4741:             1             32  [Ljava.time.format.ResolverStyle; (java.base@21.0.3)
4742:             1             32  [Ljava.time.temporal.IsoFields$Field; (java.base@21.0.3)
4743:             1             32  [Ljava.time.temporal.JulianFields$Field; (java.base@21.0.3)
4744:             1             32  [Ljava.time.zone.ZoneOffsetTransitionRule$TimeDefinition; (java.base@21.0.3)
4745:             1             32  [Ljava.util.regex.Pattern$Qtype; (java.base@21.0.3)
4746:             1             32  [Ljava.util.stream.MatchOps$MatchKind; (java.base@21.0.3)
4747:             1             32  [Ljava.util.stream.StreamShape; (java.base@21.0.3)
4748:             1             32  [Ljava.util.zip.ZipCoder$Comparison; (java.base@21.0.3)
4749:             1             32  [Ljavax.net.ssl.SSLEngineResult$Status; (java.base@21.0.3)
4750:             1             32  [Ljdk.internal.icu.util.CodePointTrie$ValueWidth; (java.base@21.0.3)
4751:             1             32  [Ljdk.internal.logger.BootstrapLogger$LoggingBackend; (java.base@21.0.3)
4752:             1             32  [Ljdk.internal.module.ServicesCatalog; (java.base@21.0.3)
4753:             1             32  [Lkotlin.coroutines.intrinsics.CoroutineSingletons;
4754:             1             32  [Lkotlinx.coroutines.CoroutineStart;
4755:             1             32  [Lorg.apache.logging.log4j.core.config.LoggerConfig$LoggerConfigPredicate;
4756:             1             32  [Lorg.apache.logging.log4j.core.util.datetime.FixedDateFormat$FixedTimeZoneFormat;
4757:             1             32  [Lorg.apache.lucene.codecs.lucene90.IndexedDISI$Method;
4758:             1             32  [Lorg.apache.lucene.codecs.lucene90.compressing.Lucene90CompressingStoredFieldsWriter$MergeStrategy;
4759:             1             32  [Lorg.apache.lucene.index.IndexWriterConfig$OpenMode;
4760:             1             32  [Lorg.apache.lucene.index.PointValues$Relation;
4761:             1             32  [Lorg.apache.lucene.index.StoredFieldVisitor$Status;
4762:             1             32  [Lorg.apache.lucene.index.TermsEnum$SeekStatus;
4763:             1             32  [Lorg.apache.lucene.index.TieredMergePolicy$MERGE_TYPE;
4764:             1             32  [Lorg.apache.lucene.index.VectorSimilarityFunction;
4765:             1             32  [Lorg.apache.lucene.search.Pruning;
4766:             1             32  [Lorg.apache.lucene.search.suggest.document.CompletionPostingsFormat$FSTLoadMode;
4767:             1             32  [Lorg.apache.lucene.store.IOContext$Context;
4768:             1             32  [Lorg.apache.lucene.util.automaton.CompiledAutomaton$AUTOMATON_TYPE;
4769:             1             32  [Lorg.apache.lucene.util.fst.FST$INPUT_TYPE;
4770:             1             32  [Lorg.bouncycastle.crypto.params.DHParameters;
4771:             1             32  [Lorg.bouncycastle.crypto.params.DSAParameters;
4772:             1             32  [Lorg.greenrobot.eventbus.SubscriberMethodFinder$FindState;
4773:             1             32  [Lorg.joni.ast.CClassNode$CCSTATE;
4774:             1             32  [Lorg.joni.ast.CClassNode$CCVALTYPE;
4775:             1             32  [Lorg.locationtech.spatial4j.context.jts.DatelineRule;
4776:             1             32  [Lorg.locationtech.spatial4j.context.jts.ValidationRule;
4777:             1             32  [Lorg.opensearch.action.DocWriteRequest$OpType;
4778:             1             32  [Lorg.opensearch.action.support.ActionFilter;
4779:             1             32  [Lorg.opensearch.action.support.WriteRequest$RefreshPolicy;
4780:             1             32  [Lorg.opensearch.action.support.replication.ReplicationMode;
4781:             1             32  [Lorg.opensearch.cli.Terminal$Verbosity;
4782:             1             32  [Lorg.opensearch.cluster.NodeConnectionsService$ActivityType;
4783:             1             32  [Lorg.opensearch.cluster.coordination.Coordinator$Mode;
4784:             1             32  [Lorg.opensearch.cluster.metadata.IndexAbstraction$Type;
4785:             1             32  [Lorg.opensearch.cluster.routing.ShardRoutingState;
4786:             1             32  [Lorg.opensearch.cluster.routing.allocation.decider.ClusterRebalanceAllocationDecider$ClusterRebalanceType;
4787:             1             32  [Lorg.opensearch.common.cache.Cache$State;
4788:             1             32  [Lorg.opensearch.common.geo.ShapeRelation;
4789:             1             32  [Lorg.opensearch.common.inject.Stage;
4790:             1             32  [Lorg.opensearch.common.inject.internal.Errors$Converter;
4791:             1             32  [Lorg.opensearch.common.lifecycle.Lifecycle$State;
4792:             1             32  [Lorg.opensearch.common.ssl.SslClientAuthenticationMode;
4793:             1             32  [Lorg.opensearch.common.ssl.SslVerificationMode;
4794:             1             32  [Lorg.opensearch.common.xcontent.XContentType;
4795:             1             32  [Lorg.opensearch.core.common.breaker.CircuitBreaker$Type;
4796:             1             32  [Lorg.opensearch.flowframework.indices.FlowFrameworkIndex;
4797:             1             32  [Lorg.opensearch.forecast.model.ForecastTaskType;
4798:             1             32  [Lorg.opensearch.forecast.transport.SuggestName;
4799:             1             32  [Lorg.opensearch.index.IndexSettings$IndexMergePolicy;
4800:             1             32  [Lorg.opensearch.index.VersionType;
4801:             1             32  [Lorg.opensearch.index.analysis.AnalysisMode;
4802:             1             32  [Lorg.opensearch.index.analysis.AnalyzerScope;
4803:             1             32  [Lorg.opensearch.index.codec.customcodecs.backward_codecs.Lucene95CustomCodec$Mode;
4804:             1             32  [Lorg.opensearch.index.engine.Engine$Result$Type;
4805:             1             32  [Lorg.opensearch.index.mapper.MappedFieldType$Relation;
4806:             1             32  [Lorg.opensearch.index.mapper.MapperService$MergeReason;
4807:             1             32  [Lorg.opensearch.index.mapper.ObjectMapper$Dynamic;
4808:             1             32  [Lorg.opensearch.index.mapper.RangeType$LengthType;
4809:             1             32  [Lorg.opensearch.index.remote.RemoteStorePressureService$LagValidator;
4810:             1             32  [Lorg.opensearch.index.search.MatchQuery$Type;
4811:             1             32  [Lorg.opensearch.index.search.MatchQuery$ZeroTermsQuery;
4812:             1             32  [Lorg.opensearch.index.shard.IndexShard$ShardMigrationState;
4813:             1             32  [Lorg.opensearch.index.translog.Translog$Operation$Type;
4814:             1             32  [Lorg.opensearch.indexmanagement.indexstatemanagement.util.MetadataCheck;
4815:             1             32  [Lorg.opensearch.indices.IndicesService$ShardDeletionCheckResult;
4816:             1             32  [Lorg.opensearch.indices.analysis.PreBuiltCacheFactory$CachingStrategy;
4817:             1             32  [Lorg.opensearch.indices.recovery.MultiChunkTransfer$Status;
4818:             1             32  [Lorg.opensearch.knn.index.util.KNNEngine;
4819:             1             32  [Lorg.opensearch.ml.breaker.BreakerName;
4820:             1             32  [Lorg.opensearch.monitor.jvm.JvmGcMonitorService$JvmMonitor$Threshold;
4821:             1             32  [Lorg.opensearch.painless.CompilerSettings$RegexEnabled;
4822:             1             32  [Lorg.opensearch.performanceanalyzer.commons.collectors.PerformanceAnalyzerMetricsCollector$State;
4823:             1             32  [Lorg.opensearch.performanceanalyzer.commons.stats.metrics.StatsType;
4824:             1             32  [Lorg.opensearch.performanceanalyzer.commons.util.Util$CollectorMode;
4825:             1             32  [Lorg.opensearch.ratelimitting.admissioncontrol.enums.AdmissionControlActionType;
4826:             1             32  [Lorg.opensearch.ratelimitting.admissioncontrol.enums.AdmissionControlMode;
4827:             2             32  [Lorg.opensearch.search.SearchHit;
4828:             1             32  [Lorg.opensearch.search.backpressure.settings.SearchBackpressureMode;
4829:             1             32  [Lorg.opensearch.security.auditlog.AuditLog$Origin;
4830:             1             32  [Lorg.opensearch.security.configuration.DlsFlsValveImpl$Mode;
4831:             1             32  [Lorg.opensearch.security.support.Base64CustomHelper$CustomSerializationFormat;
4832:             1             32  [Lorg.opensearch.securityanalytics.util.ThrowableCheckingPredicates;
4833:             1             32  [Lorg.opensearch.semver.SemverRange$RangeOperator;
4834:             1             32  [Lorg.opensearch.sql.datasource.model.DataSourceType;
4835:             1             32  [Lorg.opensearch.telemetry.tracing.SpanKind;
4836:             1             32  [Lorg.opensearch.threadpool.ThreadPool$ThreadPoolType;
4837:             1             32  [Lorg.opensearch.timeseries.stats.StatType;
4838:             1             32  [Lorg.opensearch.transport.netty4.ssl.SecureConnectionTestUtil$SSLConnectionTestResult;
4839:             1             32  [Lorg.opensearch.watcher.ResourceWatcherService$Frequency;
4840:             1             32  [Lorg.yaml.snakeyaml.DumperOptions$FlowStyle;
4841:             1             32  [Lorg.yaml.snakeyaml.comments.CommentType;
4842:             1             32  [Lorg.yaml.snakeyaml.nodes.NodeId;
4843:             1             32  [Lsun.security.provider.NativePRNG$Variant; (java.base@21.0.3)
4844:             1             32  [Lsun.security.ssl.CipherSuite$HashAlg; (java.base@21.0.3)
4845:             1             32  [Lsun.security.ssl.CipherType; (java.base@21.0.3)
4846:             1             32  [Lsun.security.ssl.ClientAuthType; (java.base@21.0.3)
4847:             1             32  [Lsun.security.ssl.ECPointFormatsExtension$ECPointFormat; (java.base@21.0.3)
4848:             1             32  [Lsun.security.ssl.Finished$VerifyDataScheme; (java.base@21.0.3)
4849:             1             32  [Lsun.security.ssl.SSLTrafficKeyDerivation; (java.base@21.0.3)
4850:             1             32  [Lsun.security.ssl.SignatureScheme$SigAlgParamSpec; (java.base@21.0.3)
4851:             1             32  [[Lsun.security.ec.point.ProjectivePoint$Immutable; (jdk.crypto.ec@21.0.3)
4852:             1             32  com.amazon.dlic.auth.http.jwt.keybyoidc.JwtVerifier
4853:             1             32  com.amazon.dlic.auth.http.kerberos.HTTPSpnegoAuthenticator
4854:             1             32  com.fasterxml.jackson.annotation.JsonInclude$Value
4855:             1             32  com.fasterxml.jackson.annotation.JsonInclude$Value
4856:             1             32  com.fasterxml.jackson.databind.cfg.CoercionConfigs
4857:             1             32  com.fasterxml.jackson.databind.cfg.DatatypeFeatures
4858:             1             32  com.fasterxml.jackson.databind.cfg.DatatypeFeatures
4859:             1             32  com.fasterxml.jackson.databind.cfg.DatatypeFeatures
4860:             1             32  com.fasterxml.jackson.databind.cfg.DeserializerFactoryConfig
4861:             1             32  com.fasterxml.jackson.databind.cfg.DeserializerFactoryConfig
4862:             1             32  com.fasterxml.jackson.databind.cfg.DeserializerFactoryConfig
4863:             1             32  com.fasterxml.jackson.databind.deser.std.JsonNodeDeserializer
4864:             1             32  com.fasterxml.jackson.databind.introspect.AnnotatedParameter
4865:             1             32  com.fasterxml.jackson.databind.introspect.DefaultAccessorNamingStrategy$Provider
4866:             1             32  com.fasterxml.jackson.databind.introspect.DefaultAccessorNamingStrategy$Provider
4867:             1             32  com.fasterxml.jackson.databind.introspect.DefaultAccessorNamingStrategy$Provider
4868:             2             32  com.fasterxml.jackson.databind.node.BooleanNode
4869:             2             32  com.fasterxml.jackson.databind.ser.impl.PropertySerializerMap$Empty
4870:             1             32  com.fasterxml.jackson.databind.ser.std.CalendarSerializer
4871:             1             32  com.fasterxml.jackson.databind.ser.std.CalendarSerializer
4872:             1             32  com.fasterxml.jackson.databind.ser.std.CalendarSerializer
4873:             1             32  com.fasterxml.jackson.databind.ser.std.DateSerializer
4874:             1             32  com.fasterxml.jackson.databind.ser.std.DateSerializer
4875:             1             32  com.fasterxml.jackson.databind.ser.std.DateSerializer
4876:             1             32  com.fasterxml.jackson.databind.ser.std.NumberSerializers$FloatSerializer
4877:             1             32  com.fasterxml.jackson.databind.ser.std.NumberSerializers$FloatSerializer
4878:             1             32  com.fasterxml.jackson.databind.ser.std.NumberSerializers$FloatSerializer
4879:             1             32  com.fasterxml.jackson.databind.ser.std.NumberSerializers$IntLikeSerializer
4880:             1             32  com.fasterxml.jackson.databind.ser.std.NumberSerializers$IntLikeSerializer
4881:             1             32  com.fasterxml.jackson.databind.ser.std.NumberSerializers$IntLikeSerializer
4882:             1             32  com.fasterxml.jackson.databind.ser.std.NumberSerializers$ShortSerializer
4883:             1             32  com.fasterxml.jackson.databind.ser.std.NumberSerializers$ShortSerializer
4884:             1             32  com.fasterxml.jackson.databind.ser.std.NumberSerializers$ShortSerializer
4885:             1             32  com.fasterxml.jackson.databind.type.TypeBindings
4886:             1             32  com.fasterxml.jackson.databind.type.TypeBindings
4887:             1             32  com.fasterxml.jackson.databind.type.TypeFactory
4888:             1             32  com.fasterxml.jackson.databind.type.TypeFactory
4889:             1             32  com.fasterxml.jackson.databind.type.TypeFactory
4890:             1             32  com.fasterxml.jackson.dataformat.smile.SmileParser$Feature
4891:             2             32  com.google.common.cache.LocalCache$AccessQueue
4892:             2             32  com.google.common.cache.LocalCache$LocalManualCache
4893:             2             32  com.google.common.cache.LocalCache$Values
4894:             1             32  com.google.common.collect.Iterators$ArrayItr
4895:             1             32  com.google.common.collect.Iterators$ArrayItr
4896:             1             32  com.google.common.collect.Iterators$ArrayItr
4897:             1             32  com.google.common.collect.Iterators$ArrayItr
4898:             1             32  com.google.common.collect.Iterators$ArrayItr
4899:             2             32  com.google.common.collect.RegularImmutableList
4900:             2             32  com.google.gson.internal.$Gson$Types$GenericArrayTypeImpl
4901:             1             32  com.google.gson.internal.bind.ReflectiveTypeAdapterFactory
4902:             1             32  com.sun.jmx.mbeanserver.Repository (java.management@21.0.3)
4903:             1             32  com.sun.jna.Library$Handler
4904:             1             32  com.sun.jna.Memory
4905:             1             32  com.sun.jna.Structure$AutoAllocated
4906:             1             32  com.sun.management.internal.OperatingSystemImpl (jdk.management@21.0.3)
4907:             2             32  io.netty.bootstrap.ServerBootstrapConfig
4908:             2             32  io.netty.buffer.PooledByteBufAllocator$1
4909:             2             32  io.netty.buffer.PooledByteBufAllocatorMetric
4910:             1             32  io.netty.channel.nio.NioEventLoopGroup
4911:             1             32  io.netty.handler.ssl.ApplicationProtocolConfig
4912:             2             32  io.netty.handler.ssl.EnhancingX509ExtendedTrustManager
4913:             2             32  io.netty.handler.ssl.IdentityCipherSuiteFilter
4914:             1             32  io.netty.handler.ssl.SslHandler$SslEngineType$1
4915:             1             32  io.netty.handler.ssl.SslHandler$SslEngineType$2
4916:             1             32  io.netty.handler.ssl.SslHandler$SslEngineType$3
4917:             1             32  io.netty.util.AsciiString
4918:             1             32  io.netty.util.concurrent.DefaultThreadFactory
4919:             1             32  io.netty.util.concurrent.DefaultThreadFactory
4920:             2             32  io.netty.util.internal.logging.Slf4JLoggerFactory
4921:             1             32  io.protostuff.WireFormat$FieldType$1
4922:             1             32  io.protostuff.WireFormat$FieldType$2
4923:             1             32  io.protostuff.WireFormat$FieldType$3
4924:             1             32  io.protostuff.WireFormat$FieldType$4
4925:             1             32  io.protostuff.runtime.IdStrategy$26
4926:             1             32  io.protostuff.runtime.IdStrategy$27
4927:             1             32  io.protostuff.runtime.IdStrategy$28
4928:             1             32  io.protostuff.runtime.IdStrategy$29
4929:             1             32  io.protostuff.runtime.IdStrategy$30
4930:             1             32  io.protostuff.runtime.IdStrategy$31
4931:             1             32  io.protostuff.runtime.IdStrategy$32
4932:             1             32  io.protostuff.runtime.IdStrategy$33
4933:             1             32  io.protostuff.runtime.IdStrategy$34
4934:             1             32  io.protostuff.runtime.IdStrategy$35
4935:             1             32  io.protostuff.runtime.IdStrategy$36
4936:             1             32  io.protostuff.runtime.IdStrategy$37
4937:             1             32  io.protostuff.runtime.IdStrategy$38
4938:             2             32  io.protostuff.runtime.RuntimeEnv$DefaultInstantiator
4939:             2             32  java.lang.Boolean (java.base@21.0.3)
4940:             1             32  java.lang.Module$ArchivedData (java.base@21.0.3)
4941:             1             32  java.lang.ProcessHandleImpl (java.base@21.0.3)
4942:             2             32  java.lang.Shutdown$Lock (java.base@21.0.3)
4943:             1             32  java.lang.StringBuffer (java.base@21.0.3)
4944:             1             32  java.lang.invoke.VarHandleByteArrayAsChars$ArrayHandle (java.base@21.0.3)
4945:             1             32  java.lang.module.ModuleDescriptor$Version (java.base@21.0.3)
4946:             2             32  java.lang.ref.NativeReferenceQueue$Lock (java.base@21.0.3)
4947:             1             32  java.net.InetAddress$CachedLocalHost (java.base@21.0.3)
4948:             2             32  java.nio.ByteOrder (java.base@21.0.3)
4949:             2             32  java.nio.file.attribute.PosixFilePermissions$1 (java.base@21.0.3)
4950:             1             32  java.security.MessageDigest$Delegate$CloneableDelegate (java.base@21.0.3)
4951:             2             32  java.util.Comparator$$Lambda/0x00007fcd282ff128 (java.base@21.0.3)
4952:             2             32  java.util.Comparator$$Lambda/0x00007fcd284ddd48 (java.base@21.0.3)
4953:             1             32  java.util.HashMap$KeyIterator (java.base@21.0.3)
4954:             1             32  java.util.PriorityQueue (java.base@21.0.3)
4955:             2             32  java.util.ResourceBundle$SingleFormatControl (java.base@21.0.3)
4956:             1             32  java.util.ServiceLoader$ModuleServicesLookupIterator (java.base@21.0.3)
4957:             1             32  java.util.concurrent.ThreadLocalRandom (java.base@21.0.3)
4958:             1             32  java.util.concurrent.locks.AbstractQueuedSynchronizer$SharedNode (java.base@21.0.3)
4959:             2             32  java.util.regex.CharPredicates$$Lambda/0x00007fcd282f9580 (java.base@21.0.3)
4960:             1             32  java.util.regex.Pattern$NotBehind (java.base@21.0.3)
4961:             1             32  java.util.zip.ZipCoder$UTF8ZipCoder (java.base@21.0.3)
4962:             1             32  jdk.internal.loader.ArchivedClassLoaders (java.base@21.0.3)
4963:             2             32  jdk.internal.misc.ThreadTracker (java.base@21.0.3)
4964:             1             32  jdk.internal.module.ArchivedModuleGraph (java.base@21.0.3)
4965:             1             32  jdk.internal.org.objectweb.asm.ConstantDynamic (java.base@21.0.3)
4966:             1             32  jdk.internal.org.objectweb.asm.Handle (java.base@21.0.3)
4967:             1             32  jdk.internal.reflect.MethodHandleIntegerFieldAccessorImpl (java.base@21.0.3)
4968:             1             32  jdk.net.ExtendedSocketOptions$1 (jdk.net@21.0.3)
4969:             1             32  jdk.nio.zipfs.ZipPath (jdk.zipfs@21.0.3)
4970:             2             32  jdk.proxy3.$Proxy27 (jdk.proxy3)
4971:             2             32  jdk.proxy4.$Proxy48 (jdk.proxy4)
4972:             2             32  jdk.proxy4.$Proxy50 (jdk.proxy4)
4973:             1             32  joptsimple.NonOptionArgumentSpec
4974:             2             32  kotlinx.coroutines.Empty
4975:             2             32  kotlinx.coroutines.Empty
4976:             2             32  kotlinx.coroutines.Empty
4977:             2             32  kotlinx.coroutines.Empty
4978:             2             32  kotlinx.coroutines.Empty
4979:             2             32  kotlinx.coroutines.Empty
4980:             2             32  kotlinx.coroutines.internal.ContextScope
4981:             2             32  kotlinx.coroutines.scheduling.GlobalQueue
4982:             2             32  kotlinx.coroutines.scheduling.GlobalQueue
4983:             2             32  kotlinx.coroutines.scheduling.GlobalQueue
4984:             2             32  kotlinx.coroutines.scheduling.GlobalQueue
4985:             1             32  org.apache.logging.log4j.core.appender.rolling.FileExtension$1
4986:             1             32  org.apache.logging.log4j.core.appender.rolling.FileExtension$2
4987:             1             32  org.apache.logging.log4j.core.appender.rolling.FileExtension$3
4988:             1             32  org.apache.logging.log4j.core.appender.rolling.FileExtension$4
4989:             1             32  org.apache.logging.log4j.core.appender.rolling.FileExtension$5
4990:             1             32  org.apache.logging.log4j.core.appender.rolling.FileExtension$6
4991:             1             32  org.apache.logging.log4j.core.appender.rolling.FileExtension$7
4992:             1             32  org.apache.logging.log4j.core.impl.ThrowableFormatOptions
4993:             2             32  org.apache.logging.log4j.core.lookup.StrMatcher$CharSetMatcher
4994:             1             32  org.apache.logging.log4j.core.pattern.NameAbbreviator$MaxElementAbbreviator$Strategy$1
4995:             1             32  org.apache.logging.log4j.core.pattern.NameAbbreviator$MaxElementAbbreviator$Strategy$2
4996:             1             32  org.apache.logging.log4j.core.util.DefaultShutdownCallbackRegistry
4997:             2             32  org.apache.logging.log4j.core.util.SystemClock
4998:             2             32  org.apache.logging.log4j.core.util.datetime.FastDatePrinter$TwoDigitNumberField
4999:             1             32  org.apache.logging.log4j.status.StatusConsoleListener
5000:             1             32  org.apache.logging.log4j.status.StatusLogger$BoundedQueue
5001:             2             32  org.apache.logging.log4j.util.EnvironmentPropertySource
5002:             2             32  org.apache.logging.log4j.util.PropertiesUtil
5003:             2             32  org.apache.logging.log4j.util.PropertySource$Comparator
5004:             2             32  org.apache.logging.log4j.util.SystemPropertiesPropertySource
5005:             1             32  org.apache.logging.slf4j.Log4jLogger
5006:             2             32  org.apache.lucene.analysis.ar.ArabicStemmer
5007:             2             32  org.apache.lucene.analysis.bg.BulgarianStemmer
5008:             2             32  org.apache.lucene.analysis.bn.BengaliNormalizer
5009:             2             32  org.apache.lucene.analysis.bn.BengaliStemmer
5010:             2             32  org.apache.lucene.analysis.ckb.SoraniNormalizer
5011:             2             32  org.apache.lucene.analysis.ckb.SoraniStemmer
5012:             2             32  org.apache.lucene.analysis.cz.CzechStemmer
5013:             2             32  org.apache.lucene.analysis.de.GermanLightStemmer
5014:             2             32  org.apache.lucene.analysis.el.GreekStemmer
5015:             2             32  org.apache.lucene.analysis.es.SpanishLightStemmer
5016:             2             32  org.apache.lucene.analysis.fa.PersianNormalizer
5017:             2             32  org.apache.lucene.analysis.fr.FrenchLightStemmer
5018:             2             32  org.apache.lucene.analysis.gl.GalicianStemmer
5019:             2             32  org.apache.lucene.analysis.hi.HindiNormalizer
5020:             2             32  org.apache.lucene.analysis.hi.HindiStemmer
5021:             2             32  org.apache.lucene.analysis.it.ItalianLightStemmer
5022:             2             32  org.apache.lucene.analysis.lv.LatvianStemmer
5023:             2             32  org.apache.lucene.analysis.pt.PortugueseLightStemmer
5024:             2             32  org.apache.lucene.backward_codecs.lucene87.Lucene87StoredFieldsFormat
5025:             1             32  org.apache.lucene.codecs.lucene90.blocktree.CompressionAlgorithm$1
5026:             1             32  org.apache.lucene.codecs.lucene90.blocktree.CompressionAlgorithm$2
5027:             1             32  org.apache.lucene.codecs.lucene90.blocktree.CompressionAlgorithm$3
5028:             1             32  org.apache.lucene.document.SortedNumericDocValuesRangeQuery$1
5029:             1             32  org.apache.lucene.search.IndexOrDocValuesQuery
5030:             1             32  org.apache.lucene.search.IndexOrDocValuesQuery$1
5031:             2             32  org.apache.lucene.search.LRUQueryCache$MinSegmentSizePredicate
5032:             1             32  org.apache.lucene.search.MatchAllDocsQuery$1
5033:             1             32  org.apache.lucene.search.PointRangeQuery$1
5034:             2             32  org.apache.lucene.search.Sort
5035:             2             32  org.apache.lucene.search.vectorhighlight.BreakIteratorBoundaryScanner
5036:             1             32  org.apache.lucene.util.AttributeFactory$DefaultAttributeFactory$1
5037:             1             32  org.apache.lucene.util.automaton.Transition
5038:             1             32  org.apache.lucene.util.packed.PackedInts$Format$1
5039:             1             32  org.apache.lucene.util.packed.PackedInts$Format$2
5040:             2             32  org.bouncycastle.jcajce.provider.asymmetric.dh.KeyFactorySpi
5041:             2             32  org.bouncycastle.jcajce.provider.asymmetric.dstu.KeyFactorySpi
5042:             2             32  org.bouncycastle.jcajce.provider.asymmetric.ecgost.KeyFactorySpi
5043:             2             32  org.bouncycastle.pqc.jcajce.provider.xmss.XMSSKeyFactorySpi
5044:             2             32  org.bouncycastle.pqc.jcajce.provider.xmss.XMSSMTKeyFactorySpi
5045:             1             32  org.jooq.tools.json.JSONParser
5046:             2             32  org.locationtech.spatial4j.distance.GeodesicSphereDistCalc$Haversine
5047:             2             32  org.locationtech.spatial4j.io.LegacyShapeReader
5048:             2             32  org.locationtech.spatial4j.io.LegacyShapeWriter
5049:             1             32  org.opensearch.action.ActionModule$1
5050:             1             32  org.opensearch.action.ActionModule$2
5051:             1             32  org.opensearch.action.ActionModule$DynamicActionRegistry
5052:             2             32  org.opensearch.action.RequestValidators
5053:             1             32  org.opensearch.action.admin.cluster.remote.TransportRemoteInfoAction
5054:             1             32  org.opensearch.action.admin.cluster.storedscripts.TransportGetScriptContextAction
5055:             1             32  org.opensearch.action.admin.cluster.storedscripts.TransportGetScriptLanguageAction
5056:             1             32  org.opensearch.action.admin.indices.rollover.MetadataRolloverService
5057:             1             32  org.opensearch.action.admin.indices.rollover.RolloverInfo
5058:             1             32  org.opensearch.action.delete.TransportDeleteAction
5059:             1             32  org.opensearch.action.index.TransportIndexAction
5060:             1             32  org.opensearch.action.search.CreatePitController
5061:             1             32  org.opensearch.action.search.SearchPhaseController$SortedTopDocs
5062:             1             32  org.opensearch.ad.AnomalyDetectorRunner
5063:             2             32  org.opensearch.ad.rest.AbstractAnomalyDetectorAction$$Lambda/0x00007fcd2900cf80
5064:             2             32  org.opensearch.ad.rest.AbstractAnomalyDetectorAction$$Lambda/0x00007fcd2900d1b0
5065:             2             32  org.opensearch.ad.rest.AbstractAnomalyDetectorAction$$Lambda/0x00007fcd2900d3e0
5066:             2             32  org.opensearch.ad.rest.AbstractAnomalyDetectorAction$$Lambda/0x00007fcd2900d610
5067:             2             32  org.opensearch.ad.rest.AbstractAnomalyDetectorAction$$Lambda/0x00007fcd2900d840
5068:             2             32  org.opensearch.ad.rest.AbstractAnomalyDetectorAction$$Lambda/0x00007fcd2900da70
5069:             1             32  org.opensearch.ad.rest.RestExecuteAnomalyDetectorAction
5070:             1             32  org.opensearch.ad.rest.RestStatsAnomalyDetectorAction
5071:             1             32  org.opensearch.ad.transport.SearchADTasksTransportAction
5072:             1             32  org.opensearch.ad.transport.SearchAnomalyDetectorInfoTransportAction
5073:             1             32  org.opensearch.ad.transport.SearchAnomalyDetectorTransportAction
5074:             1             32  org.opensearch.ad.transport.ThresholdResultTransportAction
5075:             1             32  org.opensearch.alerting.AlertService
5076:             1             32  org.opensearch.alerting.TriggerService
5077:             1             32  org.opensearch.alerting.core.schedule.JobScheduler
5078:             1             32  org.opensearch.alerting.resthandler.RestSearchMonitorAction
5079:             1             32  org.opensearch.bootstrap.Bootstrap
5080:             2             32  org.opensearch.cluster.DiffableUtils$IntKeySerializer
5081:             2             32  org.opensearch.cluster.NamedDiffableValueSerializer
5082:             2             32  org.opensearch.cluster.RestoreInProgress
5083:             1             32  org.opensearch.cluster.action.index.MappingUpdatedAction
5084:             1             32  org.opensearch.cluster.action.shard.ShardStateAction
5085:             1             32  org.opensearch.cluster.action.shard.ShardStateAction$ShardFailedClusterStateTaskExecutor
5086:             1             32  org.opensearch.cluster.action.shard.ShardStateAction$ShardStartedClusterStateTaskExecutor
5087:             1             32  org.opensearch.cluster.coordination.ClusterFormationFailureHelper
5088:             1             32  org.opensearch.cluster.coordination.LagDetector
5089:             1             32  org.opensearch.cluster.coordination.LeaderChecker$CheckScheduler
5090:             2             32  org.opensearch.cluster.decommission.DecommissionService$$Lambda/0x00007fcd28e21bc8
5091:             2             32  org.opensearch.cluster.decommission.DecommissionService$$Lambda/0x00007fcd28e21df8
5092:             2             32  org.opensearch.cluster.decommission.DecommissionService$$Lambda/0x00007fcd28e22028
5093:             2             32  org.opensearch.cluster.metadata.ComposableIndexTemplate$DataStreamTemplate
5094:             2             32  org.opensearch.cluster.metadata.IndexAbstractionResolver
5095:             2             32  org.opensearch.cluster.metadata.IndexGraveyard
5096:             2             32  org.opensearch.cluster.metadata.IndexNameExpressionResolver$DateMathExpressionResolver
5097:             2             32  org.opensearch.cluster.metadata.IndexNameExpressionResolver$WildcardExpressionResolver
5098:             1             32  org.opensearch.cluster.metadata.MetadataCreateDataStreamService
5099:             1             32  org.opensearch.cluster.metadata.MetadataDeleteIndexService
5100:             1             32  org.opensearch.cluster.metadata.MetadataMappingService
5101:             1             32  org.opensearch.cluster.routing.BatchedRerouteService
5102:             1             32  org.opensearch.cluster.routing.OperationRouting
5103:             2             32  org.opensearch.cluster.routing.RecoverySource$ExistingStoreRecoverySource
5104:             1             32  org.opensearch.cluster.routing.RoutingNodes$UnassignedShards
5105:             2             32  org.opensearch.cluster.routing.allocation.ConstraintTypes$$Lambda/0x00007fcd2871ac90
5106:             2             32  org.opensearch.cluster.routing.allocation.DiskThresholdSettings$$Lambda/0x00007fcd28711000
5107:             2             32  org.opensearch.cluster.routing.allocation.DiskThresholdSettings$$Lambda/0x00007fcd28711230
5108:             2             32  org.opensearch.cluster.routing.allocation.DiskThresholdSettings$$Lambda/0x00007fcd287134d8
5109:             2             32  org.opensearch.cluster.routing.allocation.DiskThresholdSettings$$Lambda/0x00007fcd28713708
5110:             2             32  org.opensearch.cluster.routing.allocation.DiskThresholdSettings$$Lambda/0x00007fcd28713938
5111:             2             32  org.opensearch.cluster.routing.allocation.DiskThresholdSettings$$Lambda/0x00007fcd28713b68
5112:             2             32  org.opensearch.cluster.routing.allocation.DiskThresholdSettings$$Lambda/0x00007fcd28713d98
5113:             1             32  org.opensearch.cluster.routing.allocation.decider.FilterAllocationDecider
5114:             1             32  org.opensearch.cluster.routing.allocation.decider.NodeLoadAwareAllocationDecider
5115:             1             32  org.opensearch.cluster.routing.allocation.decider.ThrottlingAllocationDecider
5116:             1             32  org.opensearch.cluster.service.ClusterStateStats
5117:             2             32  org.opensearch.common.blobstore.BlobPath
5118:             1             32  org.opensearch.common.cache.Cache$$Lambda/0x00007fcd292e9ca0
5119:             1             32  org.opensearch.common.cache.CacheType
5120:             1             32  org.opensearch.common.geo.GeoShapeType$1
5121:             1             32  org.opensearch.common.geo.GeoShapeType$2
5122:             1             32  org.opensearch.common.geo.GeoShapeType$3
5123:             1             32  org.opensearch.common.geo.GeoShapeType$4
5124:             1             32  org.opensearch.common.geo.GeoShapeType$5
5125:             1             32  org.opensearch.common.geo.GeoShapeType$6
5126:             1             32  org.opensearch.common.geo.GeoShapeType$7
5127:             1             32  org.opensearch.common.geo.GeoShapeType$8
5128:             1             32  org.opensearch.common.geo.GeoShapeType$9
5129:             1             32  org.opensearch.common.logging.LogConfigurator$1
5130:             2             32  org.opensearch.common.logging.LoggingOutputStream$$Lambda/0x00007fcd281bf678
5131:             1             32  org.opensearch.common.settings.AbstractScopedSettings$2
5132:             1             32  org.opensearch.common.settings.KeyStoreWrapper
5133:             2             32  org.opensearch.common.settings.Setting$$Lambda/0x00007fcd2863dd90
5134:             1             32  org.opensearch.common.util.CancellableThreads
5135:             2             32  org.opensearch.common.util.PageCacheRecycler$1
5136:             2             32  org.opensearch.common.util.PageCacheRecycler$2
5137:             2             32  org.opensearch.common.util.PageCacheRecycler$3
5138:             2             32  org.opensearch.common.util.PageCacheRecycler$4
5139:             2             32  org.opensearch.common.util.Streak
5140:             2             32  org.opensearch.common.util.concurrent.OpenSearchExecutors$$Lambda/0x00007fcd2828a328
5141:             1             32  org.opensearch.common.xcontent.XContentType$1
5142:             1             32  org.opensearch.common.xcontent.XContentType$2
5143:             1             32  org.opensearch.common.xcontent.XContentType$3
5144:             1             32  org.opensearch.common.xcontent.XContentType$4
5145:             1             32  org.opensearch.core.tasks.resourcetracker.ResourceStatsType
5146:             1             32  org.opensearch.core.tasks.resourcetracker.ThreadResourceInfo
5147:             2             32  org.opensearch.core.xcontent.NamedXContentRegistry
5148:             1             32  org.opensearch.core.xcontent.ObjectParser$$Lambda/0x00007fcd29095b48
5149:             1             32  org.opensearch.flowframework.common.FlowFrameworkSettings
5150:             1             32  org.opensearch.flowframework.indices.FlowFrameworkIndicesHandler
5151:             1             32  org.opensearch.flowframework.util.EncryptorUtils
5152:             1             32  org.opensearch.flowframework.workflow.WorkflowProcessSorter
5153:             1             32  org.opensearch.flowframework.workflow.WorkflowStepFactory$$Lambda/0x00007fcd28a4e2f0
5154:             1             32  org.opensearch.flowframework.workflow.WorkflowStepFactory$$Lambda/0x00007fcd28a4e510
5155:             1             32  org.opensearch.flowframework.workflow.WorkflowStepFactory$$Lambda/0x00007fcd28a4e730
5156:             1             32  org.opensearch.flowframework.workflow.WorkflowStepFactory$$Lambda/0x00007fcd28a4ed90
5157:             2             32  org.opensearch.forecast.rest.AbstractForecasterAction$$Lambda/0x00007fcd290124e8
5158:             2             32  org.opensearch.forecast.rest.AbstractForecasterAction$$Lambda/0x00007fcd29012718
5159:             2             32  org.opensearch.forecast.rest.AbstractForecasterAction$$Lambda/0x00007fcd29012948
5160:             2             32  org.opensearch.forecast.rest.AbstractForecasterAction$$Lambda/0x00007fcd29012b78
5161:             2             32  org.opensearch.forecast.rest.AbstractForecasterAction$$Lambda/0x00007fcd29012da8
5162:             1             32  org.opensearch.forecast.rest.RestStatsForecasterAction
5163:             1             32  org.opensearch.forecast.transport.SearchForecastTasksTransportAction
5164:             1             32  org.opensearch.forecast.transport.SearchForecasterInfoTransportAction
5165:             1             32  org.opensearch.forecast.transport.SearchForecasterTransportAction
5166:             1             32  org.opensearch.gateway.LocalAllocateDangledIndices
5167:             1             32  org.opensearch.gateway.MetaStateService
5168:             2             32  org.opensearch.geo.search.aggregations.bucket.geogrid.GeoGridAggregationBuilder$$Lambda/0x00007fcd28836ed8
5169:             2             32  org.opensearch.geometry.utils.StandardValidator
5170:             1             32  org.opensearch.geospatial.ip2geo.action.GetDatasourceTransportAction
5171:             1             32  org.opensearch.geospatial.ip2geo.action.RestPutDatasourceHandler
5172:             1             32  org.opensearch.geospatial.ip2geo.dao.GeoIpDataDao
5173:             1             32  org.opensearch.geospatial.ip2geo.dao.Ip2GeoCachedDao
5174:             1             32  org.opensearch.geospatial.ip2geo.jobscheduler.DatasourceUpdateService
5175:             1             32  org.opensearch.geospatial.ip2geo.processor.Ip2GeoProcessor$Factory
5176:             1             32  org.opensearch.geospatial.plugin.GeospatialPlugin
5177:             2             32  org.opensearch.identity.noop.NoopIdentityPlugin
5178:             1             32  org.opensearch.index.ShardIndexingPressureStore
5179:             1             32  org.opensearch.index.VersionType$1
5180:             1             32  org.opensearch.index.VersionType$2
5181:             1             32  org.opensearch.index.VersionType$3
5182:             1             32  org.opensearch.index.analysis.AnalysisMode$1
5183:             1             32  org.opensearch.index.analysis.AnalysisMode$2
5184:             1             32  org.opensearch.index.analysis.AnalysisMode$3
5185:             1             32  org.opensearch.index.analysis.AnalysisRegistry$PrebuiltAnalysis
5186:             1             32  org.opensearch.index.analysis.PreConfiguredCharFilter
5187:             2             32  org.opensearch.index.codec.customcodecs.ZstdCompressionMode
5188:             2             32  org.opensearch.index.codec.customcodecs.ZstdNoDictCompressionMode
5189:             1             32  org.opensearch.index.codec.fuzzy.FuzzySet$SetType
5190:             1             32  org.opensearch.index.fielddata.ordinals.GlobalOrdinalMapping
5191:             1             32  org.opensearch.index.mapper.DateFieldMapper$Resolution$1
5192:             1             32  org.opensearch.index.mapper.DateFieldMapper$Resolution$2
5193:             1             32  org.opensearch.index.mapper.FieldTypeInference
5194:             2             32  org.opensearch.index.mapper.ObjectMapper$TypeParser
5195:             1             32  org.opensearch.index.mapper.TextFieldMapper$FielddataFrequencyFilter
5196:             1             32  org.opensearch.index.query.SearchIndexNameMatcher
5197:             1             32  org.opensearch.index.reindex.ReindexValidator
5198:             1             32  org.opensearch.index.remote.RemoteStoreEnums$PathHashAlgorithm$1
5199:             1             32  org.opensearch.index.remote.RemoteStoreEnums$PathHashAlgorithm$2
5200:             1             32  org.opensearch.index.remote.RemoteStoreEnums$PathType$1
5201:             1             32  org.opensearch.index.remote.RemoteStoreEnums$PathType$2
5202:             1             32  org.opensearch.index.remote.RemoteStoreEnums$PathType$3
5203:             1             32  org.opensearch.index.search.stats.SearchStats
5204:             1             32  org.opensearch.index.store.Store$MetadataSnapshot
5205:             2             32  org.opensearch.index.store.lockmanager.RemoteStoreLockManagerFactory
5206:             2             32  org.opensearch.index.store.remote.filecache.FileCacheSettings$$Lambda/0x00007fcd28711460
5207:             1             32  org.opensearch.indexmanagement.IndexManagementIndices
5208:             1             32  org.opensearch.indexmanagement.controlcenter.notification.filter.IndexOperationActionFilter
5209:             1             32  org.opensearch.indexmanagement.indexstatemanagement.IndexMetadataProvider
5210:             1             32  org.opensearch.indexmanagement.indexstatemanagement.resthandler.RestIndexPolicyAction
5211:             1             32  org.opensearch.indexmanagement.indexstatemanagement.transport.action.managedIndex.TransportManagedIndexAction
5212:             1             32  org.opensearch.indexmanagement.rollup.RollupMapperService
5213:             1             32  org.opensearch.indexmanagement.rollup.RollupSearchService
5214:             1             32  org.opensearch.indexmanagement.rollup.actionfilter.FieldCapsFilter
5215:             1             32  org.opensearch.indexmanagement.transform.TransformIndexer
5216:             1             32  org.opensearch.indices.IndicesRequestCache$IndicesRequestCacheCleanupManager$IndicesRequestCacheCleaner
5217:             1             32  org.opensearch.indices.IndicesService$$Lambda/0x00007fcd288c86d0
5218:             1             32  org.opensearch.indices.IndicesService$2
5219:             1             32  org.opensearch.indices.IndicesService$CacheCleaner
5220:             1             32  org.opensearch.indices.ShardLimitValidator
5221:             1             32  org.opensearch.indices.analysis.HunspellService
5222:             1             32  org.opensearch.indices.analysis.PreBuiltAnalyzers$1
5223:             1             32  org.opensearch.indices.analysis.PreBuiltAnalyzers$2
5224:             1             32  org.opensearch.indices.analysis.PreBuiltAnalyzers$3
5225:             1             32  org.opensearch.indices.analysis.PreBuiltAnalyzers$4
5226:             1             32  org.opensearch.indices.analysis.PreBuiltAnalyzers$5
5227:             1             32  org.opensearch.indices.analysis.PreBuiltAnalyzers$6
5228:             1             32  org.opensearch.indices.analysis.PreBuiltAnalyzers$7
5229:             1             32  org.opensearch.indices.analysis.PreBuiltTokenizers$1
5230:             1             32  org.opensearch.indices.mapper.MapperRegistry
5231:             1             32  org.opensearch.indices.recovery.PeerRecoverySourceService$OngoingRecoveries
5232:             1             32  org.opensearch.indices.recovery.PeerRecoveryTargetService
5233:             2             32  org.opensearch.indices.replication.checkpoint.SegmentReplicationCheckpointPublisher
5234:             1             32  org.opensearch.ingest.useragent.UserAgentParser
5235:             1             32  org.opensearch.jobscheduler.rest.action.RestGetJobDetailsAction
5236:             1             32  org.opensearch.jobscheduler.rest.action.RestGetLockAction
5237:             1             32  org.opensearch.jobscheduler.rest.action.RestReleaseLockAction
5238:             1             32  org.opensearch.jobscheduler.scheduler.JobScheduler
5239:             1             32  org.opensearch.jobscheduler.utils.JobDetailsService
5240:             1             32  org.opensearch.knn.index.Parameter$BooleanParameter
5241:             2             32  org.opensearch.knn.index.Parameter$MethodComponentContextParameter$$Lambda/0x00007fcd28495b18
5242:             2             32  org.opensearch.knn.index.Parameter$MethodComponentContextParameter$$Lambda/0x00007fcd28495d68
5243:             1             32  org.opensearch.knn.index.Parameter$StringParameter
5244:             1             32  org.opensearch.knn.index.SpaceType$1
5245:             1             32  org.opensearch.knn.index.SpaceType$2
5246:             1             32  org.opensearch.knn.index.SpaceType$3
5247:             1             32  org.opensearch.knn.index.SpaceType$4
5248:             1             32  org.opensearch.knn.index.SpaceType$5
5249:             1             32  org.opensearch.knn.index.SpaceType$6
5250:             1             32  org.opensearch.knn.index.VectorDataType$1
5251:             1             32  org.opensearch.knn.index.VectorDataType$2
5252:             1             32  org.opensearch.knn.index.codec.KNN80Codec.KNN80Codec
5253:             1             32  org.opensearch.knn.index.codec.KNN84Codec.KNN84Codec
5254:             1             32  org.opensearch.knn.index.codec.KNN87Codec.KNN87Codec
5255:             1             32  org.opensearch.knn.index.codec.KNN920Codec.KNN920Codec
5256:             1             32  org.opensearch.knn.index.codec.KNN940Codec.KNN940Codec
5257:             1             32  org.opensearch.knn.index.codec.KNN950Codec.KNN950Codec
5258:             1             32  org.opensearch.knn.index.codec.KNN990Codec.KNN990Codec
5259:             1             32  org.opensearch.knn.index.memory.NativeMemoryCacheManager
5260:             1             32  org.opensearch.knn.index.util.Lucene
5261:             1             32  org.opensearch.knn.index.util.Nmslib
5262:             1             32  org.opensearch.knn.plugin.rest.RestClearCacheHandler
5263:             1             32  org.opensearch.knn.plugin.rest.RestKNNWarmupHandler
5264:             1             32  org.opensearch.knn.plugin.stats.suppliers.EventOccurredWithinThresholdSupplier
5265:             1             32  org.opensearch.knn.plugin.transport.DeleteModelTransportAction
5266:             1             32  org.opensearch.knn.plugin.transport.GetModelTransportAction
5267:             1             32  org.opensearch.knn.plugin.transport.SearchModelTransportAction
5268:             1             32  org.opensearch.knn.plugin.transport.TrainingModelTransportAction
5269:             1             32  org.opensearch.ml.action.agents.TransportSearchAgentAction
5270:             1             32  org.opensearch.ml.action.handler.MLSearchHandler
5271:             1             32  org.opensearch.ml.action.models.SearchModelTransportAction
5272:             1             32  org.opensearch.ml.action.tasks.SearchTaskTransportAction
5273:             1             32  org.opensearch.ml.action.upload_chunk.MLModelChunkUploader
5274:             1             32  org.opensearch.ml.breaker.MLCircuitBreakerService
5275:             1             32  org.opensearch.ml.cluster.MLCommonsClusterEventListener
5276:             1             32  org.opensearch.ml.engine.MLEngine
5277:             1             32  org.opensearch.ml.engine.algorithms.anomalylocalization.AnomalyLocalizerImpl
5278:             1             32  org.opensearch.ml.engine.encryptor.EncryptorImpl
5279:             1             32  org.opensearch.ml.engine.memory.ConversationIndexMemory$Factory
5280:             1             32  org.opensearch.ml.memory.index.InteractionsIndex
5281:             1             32  org.opensearch.ml.repackage.com.google.common.collect.Iterators$ArrayItr
5282:             1             32  org.opensearch.ml.rest.RestMLPredictionAction
5283:             1             32  org.opensearch.ml.rest.RestMLUndeployModelAction
5284:             1             32  org.opensearch.ml.settings.MLFeatureEnabledSetting
5285:             1             32  org.opensearch.ml.task.MLTaskManager
5286:             1             32  org.opensearch.ml.tools.GetToolTransportAction
5287:             1             32  org.opensearch.ml.tools.ListToolsTransportAction
5288:             1             32  org.opensearch.monitor.process.ProcessInfo
5289:             1             32  org.opensearch.neuralsearch.plugin.NeuralSearch
5290:             2             32  org.opensearch.neuralsearch.processor.normalization.MinMaxScoreNormalizationTechnique
5291:             1             32  org.opensearch.neuralsearch.search.query.HybridQueryPhaseSearcher
5292:             1             32  org.opensearch.node.Node$LocalNodeFactory
5293:             2             32  org.opensearch.node.resource.tracker.AbstractAverageUsageTracker$$Lambda/0x00007fcd29044000
5294:             1             32  org.opensearch.painless.action.PainlessContextAction$TransportAction
5295:             1             32  org.opensearch.performanceanalyzer.commons.config.overrides.ConfigOverridesWrapper
5296:             1             32  org.opensearch.performanceanalyzer.commons.event_process.EventLogFileHandler
5297:             1             32  org.opensearch.performanceanalyzer.config.PerformanceAnalyzerController
5298:             1             32  org.opensearch.performanceanalyzer.http_action.config.PerformanceAnalyzerClusterConfigAction
5299:             1             32  org.opensearch.performanceanalyzer.http_action.config.PerformanceAnalyzerOverridesClusterConfigAction
5300:             1             32  org.opensearch.performanceanalyzer.http_action.config.PerformanceAnalyzerResourceProvider
5301:             1             32  org.opensearch.performanceanalyzer.http_action.whoami.TransportWhoAmIAction
5302:             1             32  org.opensearch.persistent.PersistentTasksNodeService
5303:             1             32  org.opensearch.plugin.repository.url.URLRepositoryPlugin$$Lambda/0x00007fcd28548a48
5304:             1             32  org.opensearch.plugins.PluginsService
5305:             1             32  org.opensearch.ratelimitting.admissioncontrol.controllers.CpuBasedAdmissionController
5306:             1             32  org.opensearch.ratelimitting.admissioncontrol.controllers.IoBasedAdmissionController
5307:             1             32  org.opensearch.ratelimitting.admissioncontrol.settings.CpuBasedAdmissionControllerSettings
5308:             1             32  org.opensearch.ratelimitting.admissioncontrol.settings.IoBasedAdmissionControllerSettings
5309:             1             32  org.opensearch.replication.metadata.store.ReplicationMetadataStore
5310:             2             32  org.opensearch.reportsscheduler.util.SecureIndexClient
5311:             1             32  org.opensearch.repositories.RepositoriesModule$$Lambda/0x00007fcd28cee920
5312:             1             32  org.opensearch.repositories.RepositoriesModule$$Lambda/0x00007fcd28ceeb50
5313:             1             32  org.opensearch.repositories.RepositoriesStatsArchive
5314:             1             32  org.opensearch.repositories.s3.ProxySettings
5315:             1             32  org.opensearch.repositories.s3.S3RepositoryPlugin$$Lambda/0x00007fcd28a85570
5316:             1             32  org.opensearch.rest.action.admin.cluster.RestClusterGetSettingsAction
5317:             1             32  org.opensearch.search.SearchService$2
5318:             1             32  org.opensearch.search.SearchService$2$$Lambda/0x00007fcd29204ce0
5319:             1             32  org.opensearch.search.SearchShardTarget
5320:             2             32  org.opensearch.search.aggregations.ConcurrentAggregationProcessor
5321:             1             32  org.opensearch.search.aggregations.NonGlobalAggCollectorManagerWithSingleCollector
5322:             1             32  org.opensearch.search.aggregations.bucket.histogram.DateHistogramAggregator$DateHistogramAggregationType
5323:             1             32  org.opensearch.search.aggregations.bucket.terms.TermsAggregatorFactory$ExecutionMode$1
5324:             1             32  org.opensearch.search.aggregations.bucket.terms.TermsAggregatorFactory$ExecutionMode$2
5325:             2             32  org.opensearch.search.aggregations.bucket.terms.heuristic.NXYSignificanceHeuristic$$Lambda/0x00007fcd2879bb50
5326:             1             32  org.opensearch.search.aggregations.metrics.PercentilesMethod$1
5327:             1             32  org.opensearch.search.aggregations.metrics.PercentilesMethod$2
5328:             2             32  org.opensearch.search.aggregations.support.MultiValuesSourceParseHelper$$Lambda/0x00007fcd287ab8b0
5329:             2             32  org.opensearch.search.aggregations.support.MultiValuesSourceParseHelper$$Lambda/0x00007fcd287abae0
5330:             1             32  org.opensearch.search.asynchronous.context.state.AsynchronousSearchStateMachine
5331:             1             32  org.opensearch.search.asynchronous.processor.AsynchronousSearchPostProcessor
5332:             2             32  org.opensearch.search.backpressure.SearchBackpressureState$$Lambda/0x00007fcd28cedb38
5333:             1             32  org.opensearch.search.backpressure.settings.NodeDuressSettings
5334:             2             32  org.opensearch.search.backpressure.trackers.HeapUsageTracker$$Lambda/0x00007fcd28cec390
5335:             1             32  org.opensearch.search.query.EarlyTerminatingCollector
5336:             2             32  org.opensearch.search.query.QueryPhase$DefaultQueryPhaseSearcher
5337:             1             32  org.opensearch.security.auditlog.routing.AuditMessageRouter
5338:             2             32  org.opensearch.security.auth.internal.NoOpAuthenticationBackend
5339:             1             32  org.opensearch.security.configuration.CompatConfig
5340:             1             32  org.opensearch.security.configuration.PrivilegesInterceptorImpl
5341:             2             32  org.opensearch.security.dlic.rest.api.AllowlistApiAction$$Lambda/0x00007fcd28ff2908
5342:             2             32  org.opensearch.security.dlic.rest.api.AllowlistApiAction$$Lambda/0x00007fcd28ff2b28
5343:             2             32  org.opensearch.security.dlic.rest.api.AllowlistApiAction$1
5344:             1             32  org.opensearch.security.dlic.rest.api.RestApiAdminPrivilegesEvaluator
5345:             2             32  org.opensearch.security.http.HTTPBasicAuthenticator
5346:             1             32  org.opensearch.security.http.XFFResolver
5347:             1             32  org.opensearch.security.identity.SecurityTokenManager
5348:             1             32  org.opensearch.security.privileges.RestLayerPrivilegesEvaluator
5349:             1             32  org.opensearch.security.privileges.SnapshotRestoreEvaluator
5350:             1             32  org.opensearch.security.resolver.IndexResolverReplacer
5351:             1             32  org.opensearch.security.rest.DashboardsInfoAction
5352:             1             32  org.opensearch.security.rest.SecurityInfoAction
5353:             2             32  org.opensearch.security.securityconf.impl.v7.ConfigV7
5354:             2             32  org.opensearch.security.securityconf.impl.v7.ConfigV7$AuthFailureListeners
5355:             2             32  org.opensearch.security.securityconf.impl.v7.ConfigV7$Authc
5356:             2             32  org.opensearch.security.securityconf.impl.v7.ConfigV7$Authz
5357:             1             32  org.opensearch.security.ssl.OpenSearchSecureSettingsFactory
5358:             1             32  org.opensearch.security.ssl.http.netty.Netty4HttpRequestHeaderVerifier
5359:             1             32  org.opensearch.security.ssl.http.netty.ValidatingDispatcher
5360:             2             32  org.opensearch.security.ssl.transport.SSLConfig
5361:             1             32  org.opensearch.security.transport.DefaultInterClusterRequestEvaluator
5362:             2             32  org.opensearch.securityanalytics.alerts.AlertsService
5363:             1             32  org.opensearch.securityanalytics.logtype.BuiltinLogTypeLoader
5364:             1             32  org.opensearch.securityanalytics.mapper.IndexTemplateManager
5365:             1             32  org.opensearch.securityanalytics.mapper.MapperService
5366:             1             32  org.opensearch.securityanalytics.threatIntel.ThreatIntelFeedDataService
5367:             1             32  org.opensearch.securityanalytics.threatIntel.feedMetadata.BuiltInTIFMetadataLoader
5368:             1             32  org.opensearch.securityanalytics.threatIntel.jobscheduler.TIFJobUpdateService
5369:             2             32  org.opensearch.securityanalytics.util.ExceptionChecker
5370:             2             32  org.opensearch.securityanalytics.util.MonitorService
5371:             1             32  org.opensearch.securityanalytics.util.RuleIndices
5372:             2             32  org.opensearch.semver.expr.Equal
5373:             2             32  org.opensearch.sql.data.model.ExprBooleanValue
5374:             1             32  org.opensearch.sql.datasources.transport.TransportDeleteDataSourceAction
5375:             1             32  org.opensearch.sql.datasources.transport.TransportGetDataSourceAction
5376:             1             32  org.opensearch.sql.datasources.transport.TransportPatchDataSourceAction
5377:             1             32  org.opensearch.sql.datasources.transport.TransportUpdateDataSourceAction
5378:             2             32  org.opensearch.sql.expression.function.FunctionDSL$$Lambda/0x00007fcd28b5a638
5379:             1             32  org.opensearch.sql.legacy.esdomain.LocalClusterState
5380:             1             32  org.opensearch.sql.legacy.plugin.RestSqlAction
5381:             2             32  org.opensearch.sql.opensearch.executor.OpenSearchQueryManager
5382:             1             32  org.opensearch.sql.plugin.SQLPlugin
5383:             2             32  org.opensearch.sql.ppl.antlr.PPLSyntaxParser
5384:             2             32  org.opensearch.sql.ppl.utils.PPLQueryDataAnonymizer
5385:             2             32  org.opensearch.sql.ppl.utils.PPLQueryDataAnonymizer$AnonymizerExpressionAnalyzer
5386:             2             32  org.opensearch.sql.spark.execution.xcontent.AsyncQueryJobMetadataXContentSerializer
5387:             1             32  org.opensearch.sql.spark.transport.TransportCancelAsyncQueryRequestAction
5388:             1             32  org.opensearch.sql.spark.transport.TransportGetAsyncQueryResultAction
5389:             2             32  org.opensearch.sql.sql.antlr.SQLSyntaxParser
5390:             1             32  org.opensearch.tasks.TaskCancellationMonitoringSettings
5391:             1             32  org.opensearch.tasks.TaskManager$CancellableTaskHolder
5392:             1             32  org.opensearch.tasks.TaskResourceTrackingService
5393:             2             32  org.opensearch.timeseries.MemoryTracker$$Lambda/0x00007fcd289cde08
5394:             2             32  org.opensearch.timeseries.caching.PriorityCache$$Lambda/0x00007fcd28a14028
5395:             2             32  org.opensearch.timeseries.caching.PriorityCache$$Lambda/0x00007fcd28a14258
5396:             2             32  org.opensearch.timeseries.caching.PriorityCache$$Lambda/0x00007fcd28a14488
5397:             2             32  org.opensearch.timeseries.caching.PriorityCache$$Lambda/0x00007fcd28a148e8
5398:             2             32  org.opensearch.timeseries.ratelimit.CheckPointMaintainRequestAdapter$$Lambda/0x00007fcd28a10880
5399:             2             32  org.opensearch.timeseries.ratelimit.ColdEntityWorker$$Lambda/0x00007fcd28a2cc80
5400:             2             32  org.opensearch.timeseries.ratelimit.ColdEntityWorker$$Lambda/0x00007fcd28a2ceb0
5401:             1             32  org.opensearch.timeseries.task.TaskCacheManager
5402:             2             32  org.opensearch.timeseries.task.TaskCacheManager$$Lambda/0x00007fcd28a2e0b8
5403:             2             32  org.opensearch.timeseries.task.TaskManager$$Lambda/0x00007fcd28a35ee8
5404:             2             32  org.opensearch.timeseries.task.TaskManager$$Lambda/0x00007fcd28a36118
5405:             2             32  org.opensearch.timeseries.transport.BaseDeleteConfigTransportAction$$Lambda/0x00007fcd28e3c000
5406:             2             32  org.opensearch.timeseries.transport.BaseGetConfigTransportAction$$Lambda/0x00007fcd28f1f338
5407:             2             32  org.opensearch.timeseries.transport.BaseJobTransportAction$$Lambda/0x00007fcd28d9e3b8
5408:             2             32  org.opensearch.timeseries.transport.BaseProfileTransportAction$$Lambda/0x00007fcd28d9ee88
5409:             2             32  org.opensearch.timeseries.transport.BaseValidateConfigTransportAction$$Lambda/0x00007fcd28e3f910
5410:             2             32  org.opensearch.timeseries.transport.handler.SearchHandler$$Lambda/0x00007fcd28a2eda0
5411:             1             32  org.opensearch.transport.InboundHandler
5412:             1             32  org.opensearch.transport.SharedGroupFactory
5413:             1             32  org.opensearch.transport.TransportHandshaker
5414:             2             32  org.opensearch.transport.TransportRequestDeduplicator
5415:             1             32  sun.net.www.protocol.https.Handler (java.base@21.0.3)
5416:             2             32  sun.net.www.protocol.jar.Handler (java.base@21.0.3)
5417:             1             32  sun.nio.fs.LinuxFileStore (java.base@21.0.3)
5418:             1             32  sun.nio.fs.LinuxFileSystem (java.base@21.0.3)
5419:             1             32  sun.security.ec.ed.Ed25519Operations (jdk.crypto.ec@21.0.3)
5420:             1             32  sun.security.ec.ed.Ed448Operations (jdk.crypto.ec@21.0.3)
5421:             1             32  sun.security.ec.point.ExtendedHomogeneousPoint$Immutable (jdk.crypto.ec@21.0.3)
5422:             2             32  sun.security.provider.FileInputStreamPool$UnclosableInputStream (java.base@21.0.3)
5423:             1             32  sun.security.provider.SecureRandom (java.base@21.0.3)
5424:             2             32  sun.security.ssl.AlpnExtension$SHAlpnAbsence (java.base@21.0.3)
5425:             2             32  sun.security.ssl.AlpnExtension$SHAlpnConsumer (java.base@21.0.3)
5426:             2             32  sun.security.ssl.AlpnExtension$SHAlpnProducer (java.base@21.0.3)
5427:             2             32  sun.security.ssl.DHKeyExchange$DHEKAGenerator (java.base@21.0.3)
5428:             2             32  sun.security.ssl.DHKeyExchange$DHEPossessionGenerator (java.base@21.0.3)
5429:             2             32  sun.security.ssl.SSLCipher$NullReadCipherGenerator (java.base@21.0.3)
5430:             2             32  sun.security.ssl.SSLCipher$NullWriteCipherGenerator (java.base@21.0.3)
5431:             2             32  sun.security.ssl.SSLCipher$T12GcmReadCipherGenerator (java.base@21.0.3)
5432:             2             32  sun.security.ssl.SSLCipher$T12GcmWriteCipherGenerator (java.base@21.0.3)
5433:             2             32  sun.security.ssl.SSLCipher$T13GcmReadCipherGenerator (java.base@21.0.3)
5434:             2             32  sun.security.ssl.SSLCipher$T13GcmWriteCipherGenerator (java.base@21.0.3)
5435:             2             32  sun.security.ssl.ServerHello$T12ServerHelloConsumer (java.base@21.0.3)
5436:             2             32  sun.security.ssl.ServerHello$T13HelloRetryRequestConsumer (java.base@21.0.3)
5437:             2             32  sun.security.ssl.ServerHello$T13ServerHelloConsumer (java.base@21.0.3)
5438:             1             32  sun.security.ssl.SessionTicketExtension$StatelessKey (java.base@21.0.3)
5439:             2             32  sun.security.ssl.SupportedVersionsExtension$SHSupportedVersionsStringizer (java.base@21.0.3)
5440:             1             32  sun.security.ssl.TrustStoreManager$TrustAnchorManager (java.base@21.0.3)
5441:             2             32  sun.security.util.AlgorithmDecomposer (java.base@21.0.3)
5442:             1             32  sun.security.util.math.intpoly.Curve25519OrderField (java.base@21.0.3)
5443:             1             32  sun.security.util.math.intpoly.Curve448OrderField (java.base@21.0.3)
5444:             1             32  sun.security.util.math.intpoly.IntegerPolynomial25519 (java.base@21.0.3)
5445:             1             32  sun.security.util.math.intpoly.IntegerPolynomial448 (java.base@21.0.3)
5446:             1             32  sun.security.util.math.intpoly.IntegerPolynomialP256 (java.base@21.0.3)
5447:             1             32  sun.security.util.math.intpoly.IntegerPolynomialP384 (java.base@21.0.3)
5448:             1             32  sun.security.util.math.intpoly.IntegerPolynomialP521 (java.base@21.0.3)
5449:             1             32  sun.security.util.math.intpoly.P256OrderField (java.base@21.0.3)
5450:             1             32  sun.security.util.math.intpoly.P384OrderField (java.base@21.0.3)
5451:             1             32  sun.security.util.math.intpoly.P521OrderField (java.base@21.0.3)
5452:             1             24  [Lcom.fasterxml.jackson.core.StreamWriteCapability;
5453:             1             24  [Lcom.fasterxml.jackson.databind.AnnotationIntrospector$ReferenceProperty$Type;
5454:             1             24  [Lcom.fasterxml.jackson.databind.cfg.EnumFeature;
5455:             1             24  [Lcom.fasterxml.jackson.databind.cfg.EnumFeature;
5456:             1             24  [Lcom.fasterxml.jackson.databind.cfg.EnumFeature;
5457:             1             24  [Lcom.fasterxml.jackson.databind.deser.KeyDeserializers;
5458:             1             24  [Lcom.fasterxml.jackson.databind.deser.KeyDeserializers;
5459:             1             24  [Lcom.fasterxml.jackson.databind.deser.KeyDeserializers;
5460:             1             24  [Lcom.fasterxml.jackson.dataformat.smile.SmileParser$Feature;
5461:             1             24  [Lcom.fasterxml.jackson.dataformat.yaml.YAMLParser$Feature;
5462:             1             24  [Lcom.google.common.cache.CacheBuilder$NullListener;
5463:             1             24  [Lcom.google.common.cache.CacheBuilder$NullListener;
5464:             1             24  [Lcom.google.common.cache.CacheBuilder$NullListener;
5465:             1             24  [Lcom.google.common.cache.CacheBuilder$NullListener;
5466:             1             24  [Lcom.google.common.cache.CacheBuilder$OneWeigher;
5467:             1             24  [Lcom.google.common.cache.CacheBuilder$OneWeigher;
5468:             1             24  [Lcom.google.common.cache.CacheBuilder$OneWeigher;
5469:             1             24  [Lcom.google.common.cache.CacheBuilder$OneWeigher;
5470:             1             24  [Lcom.google.common.cache.LocalCache$Segment;
5471:             1             24  [Lcom.google.common.collect.Maps$EntryFunction;
5472:             1             24  [Lcom.google.gson.LongSerializationPolicy;
5473:             1             24  [Lcom.intel.qat.QatZipper$Algorithm;
5474:             1             24  [Lcom.intel.qat.QatZipper$Mode;
5475:             1             24  [Lio.netty.buffer.PoolArena$SizeClass;
5476:             1             24  [Lio.netty.handler.logging.ByteBufFormat;
5477:             1             24  [Ljava.io.File$PathStatus; (java.base@21.0.3)
5478:             1             24  [Ljava.lang.StackWalker$ExtendedOption; (java.base@21.0.3)
5479:             1             24  [Ljava.lang.invoke.MethodHandles$Lookup$ClassOption; (java.base@21.0.3)
5480:             1             24  [Ljava.net.URL; (java.base@21.0.3)
5481:             1             24  [Ljava.nio.file.LinkOption; (java.base@21.0.3)
5482:             1             24  [Ljava.security.Provider$OPType; (java.base@21.0.3)
5483:             1             24  [Ljava.time.chrono.HijrahEra; (java.base@21.0.3)
5484:             1             24  [Ljava.time.chrono.IsoEra; (java.base@21.0.3)
5485:             1             24  [Ljava.time.chrono.MinguoEra; (java.base@21.0.3)
5486:             1             24  [Ljava.time.chrono.ThaiBuddhistEra; (java.base@21.0.3)
5487:             1             24  [Ljava.time.temporal.IsoFields$Unit; (java.base@21.0.3)
5488:             1             24  [Ljava.time.zone.ZoneOffsetTransition; (java.base@21.0.3)
5489:             1             24  [Ljava.util.Comparators$NaturalOrderComparator; (java.base@21.0.3)
5490:             1             24  [Ljava.util.Formatter$BigDecimalLayoutForm; (java.base@21.0.3)
5491:             1             24  [Ljava.util.Locale$Category; (java.base@21.0.3)
5492:             1             24  [Ljava.util.jar.Manifest; (java.base@21.0.3)
5493:             1             24  [Ljdk.internal.icu.util.CodePointTrie$Type; (java.base@21.0.3)
5494:             1             24  [Lkotlinx.coroutines.scheduling.TaskMode;
5495:             1             24  [Lorg.apache.logging.log4j.core.appender.ConsoleAppender$Target;
5496:             1             24  [Lorg.apache.logging.log4j.core.async.ThreadNameCachingStrategy;
5497:             1             24  [Lorg.apache.logging.log4j.core.config.status.StatusConfiguration$Verbosity;
5498:             1             24  [Lorg.apache.logging.log4j.core.pattern.NameAbbreviator$MaxElementAbbreviator$Strategy;
5499:             1             24  [Lorg.apache.lucene.backward_codecs.lucene50.Lucene50StoredFieldsFormat$Mode;
5500:             1             24  [Lorg.apache.lucene.backward_codecs.lucene80.Lucene80DocValuesFormat$Mode;
5501:             1             24  [Lorg.apache.lucene.backward_codecs.lucene87.Lucene87Codec$Mode;
5502:             1             24  [Lorg.apache.lucene.backward_codecs.lucene87.Lucene87StoredFieldsFormat$Mode;
5503:             1             24  [Lorg.apache.lucene.backward_codecs.lucene90.Lucene90Codec$Mode;
5504:             1             24  [Lorg.apache.lucene.backward_codecs.lucene91.Lucene91Codec$Mode;
5505:             1             24  [Lorg.apache.lucene.backward_codecs.lucene92.Lucene92Codec$Mode;
5506:             1             24  [Lorg.apache.lucene.backward_codecs.lucene94.Lucene94Codec$Mode;
5507:             1             24  [Lorg.apache.lucene.backward_codecs.lucene95.Lucene95Codec$Mode;
5508:             1             24  [Lorg.apache.lucene.codecs.lucene99.Lucene99Codec$Mode;
5509:             1             24  [Lorg.apache.lucene.document.Field$Store;
5510:             1             24  [Lorg.apache.lucene.document.InvertableType;
5511:             1             24  [Lorg.apache.lucene.index.VectorEncoding;
5512:             1             24  [Lorg.apache.lucene.queryparser.classic.QueryParser$Operator;
5513:             1             24  [Lorg.apache.lucene.search.Collector;
5514:             1             24  [Lorg.apache.lucene.store.Lock;
5515:             1             24  [Lorg.apache.lucene.util.FileDeleter$MsgType;
5516:             1             24  [Lorg.apache.lucene.util.packed.PackedInts$Format;
5517:             1             24  [Lorg.ietf.jgss.Oid; (java.security.jgss@21.0.3)
5518:             1             24  [Lorg.opensearch.ad.transport.SearchTopAnomalyResultTransportAction$OrderType;
5519:             1             24  [Lorg.opensearch.cluster.coordination.PersistedStateRegistry$PersistedStateType;
5520:             1             24  [Lorg.opensearch.cluster.metadata.IndexMetadata$State;
5521:             1             24  [Lorg.opensearch.cluster.node.DiscoveryNodeFilters$OpType;
5522:             1             24  [Lorg.opensearch.common.inject.Key$NullAnnotationStrategy;
5523:             1             24  [Lorg.opensearch.common.lease.Releasable;
5524:             1             24  [Lorg.opensearch.common.time.DateFormatter;
5525:             1             24  [Lorg.opensearch.core.common.breaker.CircuitBreaker$Durability;
5526:             1             24  [Lorg.opensearch.core.tasks.resourcetracker.ResourceStatsType;
5527:             1             24  [Lorg.opensearch.env.NodeEnvironment$NodePath;
5528:             1             24  [Lorg.opensearch.index.IndexService$IndexCreationContext;
5529:             1             24  [Lorg.opensearch.index.codec.customcodecs.Lucene99CustomCodec$Mode;
5530:             1             24  [Lorg.opensearch.index.codec.customcodecs.Lucene99QatCodec$Mode;
5531:             1             24  [Lorg.opensearch.index.codec.fuzzy.FuzzySet$SetType;
5532:             1             24  [Lorg.opensearch.index.engine.Engine$SearcherScope;
5533:             1             24  [Lorg.opensearch.index.mapper.DateFieldMapper$Resolution;
5534:             1             24  [Lorg.opensearch.index.mapper.DynamicTemplate$MatchType;
5535:             1             24  [Lorg.opensearch.index.shard.ShardStateMetadata$IndexDataLocation;
5536:             1             24  [Lorg.opensearch.indices.analysis.PreBuiltTokenizers;
5537:             1             24  [Lorg.opensearch.knn.index.VectorDataType;
5538:             1             24  [Lorg.opensearch.monitor.StatusInfo$Status;
5539:             1             24  [Lorg.opensearch.repositories.s3.async.SizeBasedBlockingQ$QueueEventType;
5540:             1             24  [Lorg.opensearch.repositories.s3.async.TransferSemaphoresHolder$TypeSemaphore$PermitType;
5541:             1             24  [Lorg.opensearch.script.ScriptType;
5542:             1             24  [Lorg.opensearch.search.aggregations.Aggregator$SubAggCollectionMode;
5543:             1             24  [Lorg.opensearch.search.aggregations.bucket.terms.TermsAggregatorFactory$ExecutionMode;
5544:             1             24  [Lorg.opensearch.search.aggregations.metrics.PercentilesMethod;
5545:             1             24  [Lorg.opensearch.search.aggregations.pipeline.HoltWintersModel$SeasonalityType;
5546:             1             24  [Lorg.opensearch.search.sort.SortOrder;
5547:             1             24  [Lorg.opensearch.security.ssl.transport.PrincipalExtractor$Type;
5548:             1             24  [Lorg.opensearch.security.support.SerializationFormat;
5549:             1             24  [Lorg.opensearch.securityanalytics.correlation.index.codec.CorrelationCodecVersion;
5550:             1             24  [Lorg.opensearch.sql.datasource.model.DataSourceStatus;
5551:             1             24  [Lorg.opensearch.timeseries.AnalysisType;
5552:             1             24  [Lorg.opensearch.timeseries.breaker.BreakerName;
5553:             1             24  [Lorg.opensearch.transport.RemoteConnectionStrategy$ConnectionStrategy;
5554:             1             24  [Lsun.security.rsa.RSAUtil$KeyType; (java.base@21.0.3)
5555:             1             24  [Lsun.security.ssl.Alert$Level; (java.base@21.0.3)
5556:             1             24  [Lsun.security.ssl.CertStatusExtension$CertStatusRequest; (java.base@21.0.3)
5557:             1             24  [Lsun.security.ssl.CertStatusExtension$CertStatusRequestType; (java.base@21.0.3)
5558:             1             24  [Lsun.security.ssl.PskKeyExchangeModesExtension$PskKeyExchangeMode; (java.base@21.0.3)
5559:             1             24  com.amazon.randomcutforest.state.RandomCutForestMapper
5560:             1             24  com.fasterxml.jackson.annotation.JsonFormat$Features
5561:             1             24  com.fasterxml.jackson.annotation.JsonFormat$Features
5562:             1             24  com.fasterxml.jackson.annotation.JsonFormat$Features
5563:             1             24  com.fasterxml.jackson.annotation.JsonIgnoreProperties$Value
5564:             1             24  com.fasterxml.jackson.annotation.JsonSetter$Value
5565:             1             24  com.fasterxml.jackson.annotation.JsonSetter$Value
5566:             1             24  com.fasterxml.jackson.annotation.JsonSetter$Value
5567:             1             24  com.fasterxml.jackson.core.ErrorReportConfiguration
5568:             1             24  com.fasterxml.jackson.databind.AnnotationIntrospector$ReferenceProperty
5569:             1             24  com.fasterxml.jackson.databind.cfg.ContextAttributes$Impl
5570:             1             24  com.fasterxml.jackson.databind.cfg.ContextAttributes$Impl
5571:             1             24  com.fasterxml.jackson.databind.cfg.ContextAttributes$Impl
5572:             1             24  com.fasterxml.jackson.databind.cfg.DefaultCacheProvider
5573:             1             24  com.fasterxml.jackson.databind.cfg.DefaultCacheProvider
5574:             1             24  com.fasterxml.jackson.databind.cfg.DefaultCacheProvider
5575:             1             24  com.fasterxml.jackson.databind.cfg.MutableCoercionConfig
5576:             1             24  com.fasterxml.jackson.databind.cfg.SerializerFactoryConfig
5577:             1             24  com.fasterxml.jackson.databind.cfg.SerializerFactoryConfig
5578:             1             24  com.fasterxml.jackson.databind.cfg.SerializerFactoryConfig
5579:             1             24  com.fasterxml.jackson.databind.deser.DeserializerCache
5580:             1             24  com.fasterxml.jackson.databind.deser.impl.FailingDeserializer
5581:             1             24  com.fasterxml.jackson.databind.deser.std.NumberDeserializers$NumberDeserializer
5582:             1             24  com.fasterxml.jackson.databind.deser.std.StringDeserializer
5583:             1             24  com.fasterxml.jackson.databind.deser.std.UntypedObjectDeserializerNR
5584:             1             24  com.fasterxml.jackson.databind.ext.OptionalHandlerFactory
5585:             1             24  com.fasterxml.jackson.databind.introspect.AnnotatedClass$Creators
5586:             1             24  com.fasterxml.jackson.databind.introspect.AnnotatedClass$Creators
5587:             1             24  com.fasterxml.jackson.databind.introspect.JacksonAnnotationIntrospector
5588:             1             24  com.fasterxml.jackson.databind.introspect.JacksonAnnotationIntrospector
5589:             1             24  com.fasterxml.jackson.databind.introspect.JacksonAnnotationIntrospector
5590:             1             24  com.fasterxml.jackson.databind.introspect.SimpleMixInResolver
5591:             1             24  com.fasterxml.jackson.databind.ser.SerializerCache
5592:             1             24  com.fasterxml.jackson.databind.ser.impl.FailingSerializer
5593:             1             24  com.fasterxml.jackson.databind.ser.impl.FailingSerializer
5594:             1             24  com.fasterxml.jackson.databind.ser.impl.FailingSerializer
5595:             1             24  com.fasterxml.jackson.databind.ser.impl.IndexedStringListSerializer
5596:             1             24  com.fasterxml.jackson.databind.ser.impl.ReadOnlyClassToSerializerMap
5597:             1             24  com.fasterxml.jackson.databind.ser.impl.StringCollectionSerializer
5598:             1             24  com.fasterxml.jackson.databind.ser.std.StdKeySerializers$Dynamic
5599:             1             24  com.fasterxml.jackson.databind.ser.std.UUIDSerializer
5600:             1             24  com.fasterxml.jackson.databind.ser.std.UUIDSerializer
5601:             1             24  com.fasterxml.jackson.databind.ser.std.UUIDSerializer
5602:             1             24  com.fasterxml.jackson.databind.util.internal.PrivateMaxEntriesMap$DrainStatus$1
5603:             1             24  com.fasterxml.jackson.databind.util.internal.PrivateMaxEntriesMap$DrainStatus$1
5604:             1             24  com.fasterxml.jackson.databind.util.internal.PrivateMaxEntriesMap$DrainStatus$1
5605:             1             24  com.fasterxml.jackson.databind.util.internal.PrivateMaxEntriesMap$DrainStatus$2
5606:             1             24  com.fasterxml.jackson.databind.util.internal.PrivateMaxEntriesMap$DrainStatus$2
5607:             1             24  com.fasterxml.jackson.databind.util.internal.PrivateMaxEntriesMap$DrainStatus$2
5608:             1             24  com.fasterxml.jackson.databind.util.internal.PrivateMaxEntriesMap$DrainStatus$3
5609:             1             24  com.fasterxml.jackson.databind.util.internal.PrivateMaxEntriesMap$DrainStatus$3
5610:             1             24  com.fasterxml.jackson.databind.util.internal.PrivateMaxEntriesMap$DrainStatus$3
5611:             1             24  com.fasterxml.jackson.databind.util.internal.PrivateMaxEntriesMap$EntrySet
5612:             1             24  com.google.common.cache.CacheBuilder$NullListener
5613:             1             24  com.google.common.cache.CacheBuilder$NullListener
5614:             1             24  com.google.common.cache.CacheBuilder$NullListener
5615:             1             24  com.google.common.cache.CacheBuilder$NullListener
5616:             1             24  com.google.common.cache.CacheBuilder$OneWeigher
5617:             1             24  com.google.common.cache.CacheBuilder$OneWeigher
5618:             1             24  com.google.common.cache.CacheBuilder$OneWeigher
5619:             1             24  com.google.common.cache.CacheBuilder$OneWeigher
5620:             1             24  com.google.common.cache.LocalCache$AccessQueue$1
5621:             1             24  com.google.common.cache.LocalCache$EntryFactory$1
5622:             1             24  com.google.common.cache.LocalCache$EntryFactory$1
5623:             1             24  com.google.common.cache.LocalCache$EntryFactory$1
5624:             1             24  com.google.common.cache.LocalCache$EntryFactory$1
5625:             1             24  com.google.common.cache.LocalCache$EntryFactory$2
5626:             1             24  com.google.common.cache.LocalCache$EntryFactory$2
5627:             1             24  com.google.common.cache.LocalCache$EntryFactory$2
5628:             1             24  com.google.common.cache.LocalCache$EntryFactory$2
5629:             1             24  com.google.common.cache.LocalCache$EntryFactory$3
5630:             1             24  com.google.common.cache.LocalCache$EntryFactory$3
5631:             1             24  com.google.common.cache.LocalCache$EntryFactory$3
5632:             1             24  com.google.common.cache.LocalCache$EntryFactory$3
5633:             1             24  com.google.common.cache.LocalCache$EntryFactory$4
5634:             1             24  com.google.common.cache.LocalCache$EntryFactory$4
5635:             1             24  com.google.common.cache.LocalCache$EntryFactory$4
5636:             1             24  com.google.common.cache.LocalCache$EntryFactory$4
5637:             1             24  com.google.common.cache.LocalCache$EntryFactory$5
5638:             1             24  com.google.common.cache.LocalCache$EntryFactory$5
5639:             1             24  com.google.common.cache.LocalCache$EntryFactory$5
5640:             1             24  com.google.common.cache.LocalCache$EntryFactory$5
5641:             1             24  com.google.common.cache.LocalCache$EntryFactory$6
5642:             1             24  com.google.common.cache.LocalCache$EntryFactory$6
5643:             1             24  com.google.common.cache.LocalCache$EntryFactory$6
5644:             1             24  com.google.common.cache.LocalCache$EntryFactory$6
5645:             1             24  com.google.common.cache.LocalCache$EntryFactory$7
5646:             1             24  com.google.common.cache.LocalCache$EntryFactory$7
5647:             1             24  com.google.common.cache.LocalCache$EntryFactory$7
5648:             1             24  com.google.common.cache.LocalCache$EntryFactory$7
5649:             1             24  com.google.common.cache.LocalCache$EntryFactory$8
5650:             1             24  com.google.common.cache.LocalCache$EntryFactory$8
5651:             1             24  com.google.common.cache.LocalCache$EntryFactory$8
5652:             1             24  com.google.common.cache.LocalCache$EntryFactory$8
5653:             1             24  com.google.common.cache.LocalCache$Strength$1
5654:             1             24  com.google.common.cache.LocalCache$Strength$1
5655:             1             24  com.google.common.cache.LocalCache$Strength$1
5656:             1             24  com.google.common.cache.LocalCache$Strength$1
5657:             1             24  com.google.common.cache.LocalCache$Strength$2
5658:             1             24  com.google.common.cache.LocalCache$Strength$2
5659:             1             24  com.google.common.cache.LocalCache$Strength$2
5660:             1             24  com.google.common.cache.LocalCache$Strength$2
5661:             1             24  com.google.common.cache.LocalCache$Strength$3
5662:             1             24  com.google.common.cache.LocalCache$Strength$3
5663:             1             24  com.google.common.cache.LocalCache$Strength$3
5664:             1             24  com.google.common.cache.LocalCache$Strength$3
5665:             1             24  com.google.common.collect.HashBiMap$Inverse
5666:             1             24  com.google.common.collect.ImmutableEntry
5667:             1             24  com.google.common.collect.ImmutableMapEntrySet$RegularEntrySet
5668:             1             24  com.google.common.collect.ImmutableMapEntrySet$RegularEntrySet
5669:             1             24  com.google.common.collect.ImmutableSet$EmptySetBuilderImpl
5670:             1             24  com.google.common.collect.ImmutableSet$EmptySetBuilderImpl
5671:             1             24  com.google.common.collect.Maps$EntryFunction$1
5672:             1             24  com.google.common.collect.Maps$EntryFunction$2
5673:             1             24  com.google.gson.FieldNamingPolicy$1
5674:             1             24  com.google.gson.FieldNamingPolicy$2
5675:             1             24  com.google.gson.FieldNamingPolicy$3
5676:             1             24  com.google.gson.FieldNamingPolicy$4
5677:             1             24  com.google.gson.FieldNamingPolicy$5
5678:             1             24  com.google.gson.FieldNamingPolicy$6
5679:             1             24  com.google.gson.LongSerializationPolicy$1
5680:             1             24  com.google.gson.LongSerializationPolicy$2
5681:             1             24  com.google.gson.ToNumberPolicy$1
5682:             1             24  com.google.gson.ToNumberPolicy$2
5683:             1             24  com.google.gson.ToNumberPolicy$3
5684:             1             24  com.google.gson.ToNumberPolicy$4
5685:             1             24  com.google.gson.internal.ConstructorConstructor
5686:             1             24  com.google.gson.internal.bind.MapTypeAdapterFactory
5687:             1             24  com.google.gson.internal.bind.TypeAdapters$32
5688:             1             24  com.google.gson.internal.reflect.UnsafeReflectionAccessor
5689:             1             24  com.google.gson.reflect.TypeToken
5690:             1             24  com.nimbusds.jose.jwk.JWKSet
5691:             1             24  com.password4j.BcryptFunction
5692:             1             24  com.sun.jmx.mbeanserver.ClassLoaderRepositorySupport (java.management@21.0.3)
5693:             1             24  com.sun.jmx.mbeanserver.MXBeanLookup (java.management@21.0.3)
5694:             1             24  com.sun.jmx.remote.util.ClassLogger (java.management@21.0.3)
5695:             1             24  com.sun.jna.Structure$3
5696:             1             24  com.sun.jna.WeakMemoryHolder
5697:             1             24  com.sun.jna.internal.Cleaner
5698:             1             24  com.sun.management.internal.HotSpotThreadImpl (jdk.management@21.0.3)
5699:             1             24  com.sun.management.internal.PlatformMBeanProviderImpl$2 (jdk.management@21.0.3)
5700:             1             24  com.sun.management.internal.PlatformMBeanProviderImpl$5 (jdk.management@21.0.3)
5701:             1             24  io.netty.buffer.UnpooledByteBufAllocator
5702:             1             24  io.netty.buffer.UnpooledByteBufAllocator$UnpooledByteBufAllocatorMetric
5703:             1             24  io.netty.channel.ChannelOption$1
5704:             1             24  io.netty.channel.WriteBufferWaterMark
5705:             1             24  io.netty.resolver.DefaultAddressResolverGroup
5706:             1             24  io.netty.util.AttributeKey$1
5707:             1             24  io.netty.util.AttributeKey$1
5708:             1             24  io.netty.util.ResourceLeakDetectorFactory$DefaultResourceLeakDetectorFactory
5709:             1             24  io.netty.util.concurrent.DefaultEventExecutorChooserFactory$PowerOfTwoEventExecutorChooser
5710:             1             24  io.netty.util.concurrent.FailedFuture
5711:             1             24  io.netty.util.concurrent.FailedFuture
5712:             1             24  io.netty.util.internal.DefaultPriorityQueue
5713:             1             24  io.netty.util.internal.ThreadExecutorMap$3
5714:             1             24  io.netty.util.internal.ThreadExecutorMap$3
5715:             1             24  io.protostuff.ByteString
5716:             1             24  io.protostuff.runtime.ArraySchema$1
5717:             1             24  io.protostuff.runtime.ArraySchemas$BigDecimalArray$1
5718:             1             24  io.protostuff.runtime.ArraySchemas$BigIntegerArray$1
5719:             1             24  io.protostuff.runtime.ArraySchemas$ByteArrayArray$1
5720:             1             24  io.protostuff.runtime.ArraySchemas$ByteStringArray$1
5721:             1             24  io.protostuff.runtime.ArraySchemas$DateArray$1
5722:             1             24  io.protostuff.runtime.ArraySchemas$StringArray$1
5723:             1             24  io.protostuff.runtime.ClassSchema$1
5724:             1             24  io.protostuff.runtime.DerivativeSchema$1
5725:             1             24  io.protostuff.runtime.IdStrategy$1
5726:             1             24  io.protostuff.runtime.IdStrategy$11
5727:             1             24  io.protostuff.runtime.IdStrategy$13
5728:             1             24  io.protostuff.runtime.IdStrategy$15
5729:             1             24  io.protostuff.runtime.IdStrategy$17
5730:             1             24  io.protostuff.runtime.IdStrategy$19
5731:             1             24  io.protostuff.runtime.IdStrategy$2
5732:             1             24  io.protostuff.runtime.IdStrategy$21
5733:             1             24  io.protostuff.runtime.IdStrategy$23
5734:             1             24  io.protostuff.runtime.IdStrategy$25
5735:             1             24  io.protostuff.runtime.IdStrategy$3
5736:             1             24  io.protostuff.runtime.IdStrategy$4
5737:             1             24  io.protostuff.runtime.IdStrategy$5
5738:             1             24  io.protostuff.runtime.IdStrategy$6
5739:             1             24  io.protostuff.runtime.IdStrategy$7
5740:             1             24  io.protostuff.runtime.IdStrategy$9
5741:             1             24  io.protostuff.runtime.NumberSchema$1
5742:             1             24  io.protostuff.runtime.ObjectSchema$1
5743:             1             24  io.protostuff.runtime.PolymorphicEnumSchema$1
5744:             1             24  io.protostuff.runtime.PolymorphicSchemaFactories$1
5745:             1             24  io.protostuff.runtime.PolymorphicSchemaFactories$10
5746:             1             24  io.protostuff.runtime.PolymorphicSchemaFactories$11
5747:             1             24  io.protostuff.runtime.PolymorphicSchemaFactories$2
5748:             1             24  io.protostuff.runtime.PolymorphicSchemaFactories$3
5749:             1             24  io.protostuff.runtime.PolymorphicSchemaFactories$4
5750:             1             24  io.protostuff.runtime.PolymorphicSchemaFactories$5
5751:             1             24  io.protostuff.runtime.PolymorphicSchemaFactories$6
5752:             1             24  io.protostuff.runtime.PolymorphicSchemaFactories$7
5753:             1             24  io.protostuff.runtime.PolymorphicSchemaFactories$8
5754:             1             24  io.protostuff.runtime.PolymorphicSchemaFactories$9
5755:             1             24  io.protostuff.runtime.PolymorphicThrowableSchema$1
5756:             1             24  java.io.ObjectInputStream$Caches$1 (java.base@21.0.3)
5757:             1             24  java.io.ObjectStreamClass$Caches$1 (java.base@21.0.3)
5758:             1             24  java.io.ObjectStreamClass$Caches$2 (java.base@21.0.3)
5759:             1             24  java.io.UnixFileSystem (java.base@21.0.3)
5760:             1             24  java.lang.ProcessEnvironment$StringEnvironment (java.base@21.0.3)
5761:             1             24  java.lang.ProcessHandleImpl$$Lambda/0x00007fcd28165b30 (java.base@21.0.3)
5762:             1             24  java.lang.StackWalker$ExtendedOption (java.base@21.0.3)
5763:             1             24  java.lang.Thread$Caches$1 (java.base@21.0.3)
5764:             1             24  java.lang.invoke.MethodHandleImpl$ArrayAccessor$1 (java.base@21.0.3)
5765:             1             24  java.lang.invoke.MethodHandleImpl$BindCaller$1 (java.base@21.0.3)
5766:             1             24  java.lang.invoke.MethodType$ConcurrentWeakInternSet (java.base@21.0.3)
5767:             1             24  java.lang.invoke.VarHandles$1 (java.base@21.0.3)
5768:             1             24  java.lang.reflect.Proxy$1 (java.base@21.0.3)
5769:             1             24  java.math.MutableBigInteger (java.base@21.0.3)
5770:             1             24  java.net.Inet6AddressImpl (java.base@21.0.3)
5771:             1             24  java.nio.file.FileVisitOption (java.base@21.0.3)
5772:             1             24  java.nio.file.LinkOption (java.base@21.0.3)
5773:             1             24  java.nio.file.LinkPermission (java.base@21.0.3)
5774:             1             24  java.security.Policy$PolicyInfo (java.base@21.0.3)
5775:             1             24  java.security.Policy$UnsupportedEmptyCollection (java.base@21.0.3)
5776:             1             24  java.time.Period (java.base@21.0.3)
5777:             1             24  java.time.chrono.HijrahEra (java.base@21.0.3)
5778:             1             24  java.time.format.DecimalStyle (java.base@21.0.3)
5779:             1             24  java.time.temporal.IsoFields$Field$1 (java.base@21.0.3)
5780:             1             24  java.time.temporal.IsoFields$Field$2 (java.base@21.0.3)
5781:             1             24  java.time.temporal.IsoFields$Field$3 (java.base@21.0.3)
5782:             1             24  java.time.temporal.IsoFields$Field$4 (java.base@21.0.3)
5783:             1             24  java.time.zone.TzdbZoneRulesProvider (java.base@21.0.3)
5784:             1             24  java.util.Collections$3 (java.base@21.0.3)
5785:             1             24  java.util.Collections$EmptyMap (java.base@21.0.3)
5786:             1             24  java.util.Collections$UnmodifiableNavigableSet$EmptyNavigableSet (java.base@21.0.3)
5787:             1             24  java.util.Comparator$$Lambda/0x00007fcd284ddfe0 (java.base@21.0.3)
5788:             1             24  java.util.Comparator$$Lambda/0x00007fcd289f3bc8 (java.base@21.0.3)
5789:             1             24  java.util.Comparators$NaturalOrderComparator (java.base@21.0.3)
5790:             1             24  java.util.Comparators$NullComparator (java.base@21.0.3)
5791:             1             24  java.util.Formatter (java.base@21.0.3)
5792:             1             24  java.util.Locale$Cache (java.base@21.0.3)
5793:             1             24  java.util.Locale$LocaleKey (java.base@21.0.3)
5794:             1             24  java.util.OptionalDouble (java.base@21.0.3)
5795:             1             24  java.util.OptionalInt (java.base@21.0.3)
5796:             1             24  java.util.OptionalLong (java.base@21.0.3)
5797:             1             24  java.util.ResourceBundle$Control$CandidateListCache (java.base@21.0.3)
5798:             1             24  java.util.ServiceLoader$2 (java.base@21.0.3)
5799:             1             24  java.util.concurrent.ConcurrentLinkedDeque (java.base@21.0.3)
5800:             1             24  java.util.concurrent.CopyOnWriteArrayList$COWIterator (java.base@21.0.3)
5801:             1             24  java.util.concurrent.FutureTask$WaitNode (java.base@21.0.3)
5802:             1             24  java.util.function.Function$$Lambda/0x00007fcd2806ad20 (java.base@21.0.3)
5803:             1             24  java.util.logging.LogManager$LoggerContext (java.logging@21.0.3)
5804:             1             24  java.util.logging.LogManager$SystemLoggerContext (java.logging@21.0.3)
5805:             1             24  java.util.regex.Pattern$$Lambda/0x00007fcd282fb048 (java.base@21.0.3)
5806:             1             24  java.util.regex.Pattern$Pos (java.base@21.0.3)
5807:             1             24  javax.naming.ldap.LdapName (java.naming@21.0.3)
5808:             1             24  jdk.internal.icu.impl.Norm2AllModes (java.base@21.0.3)
5809:             1             24  jdk.internal.icu.impl.Norm2AllModes$ComposeNormalizer2 (java.base@21.0.3)
5810:             1             24  jdk.internal.icu.impl.Norm2AllModes$Norm2AllModesSingleton (java.base@21.0.3)
5811:             1             24  jdk.internal.jimage.ImageReader (java.base@21.0.3)
5812:             1             24  jdk.internal.logger.BootstrapLogger$RedirectedLoggers (java.base@21.0.3)
5813:             1             24  jdk.internal.module.ModuleHashes (java.base@21.0.3)
5814:             1             24  jdk.internal.module.SystemModuleFinders$SystemModuleFinder (java.base@21.0.3)
5815:             1             24  jdk.internal.ref.CleanerImpl (java.base@21.0.3)
5816:             1             24  jdk.internal.vm.ThreadContainers$RootContainer$TrackingRootContainer (java.base@21.0.3)
5817:             1             24  jdk.jfr.internal.management.StreamManager (jdk.jfr@21.0.3)
5818:             1             24  jdk.management.jfr.internal.FlightRecorderMXBeanProvider$SingleMBeanComponent (jdk.management.jfr@21.0.3)
5819:             1             24  jdk.nio.zipfs.ZipCoder$UTF8 (jdk.zipfs@21.0.3)
5820:             1             24  joptsimple.BuiltinHelpFormatter
5821:             1             24  joptsimple.internal.MethodInvokingValueConverter
5822:             1             24  kotlin.SynchronizedLazyImpl
5823:             1             24  kotlin.coroutines.CombinedContext
5824:             1             24  kotlin.coroutines.CombinedContext
5825:             1             24  kotlin.coroutines.CombinedContext
5826:             1             24  kotlin.ranges.IntRange
5827:             1             24  kotlin.ranges.IntRange
5828:             1             24  kotlin.ranges.IntRange
5829:             1             24  kotlinx.coroutines.CoroutineDispatcher$Key
5830:             1             24  kotlinx.coroutines.CoroutineDispatcher$Key
5831:             1             24  kotlinx.coroutines.CoroutineDispatcher$Key
5832:             1             24  kotlinx.coroutines.CoroutineDispatcher$Key
5833:             1             24  kotlinx.coroutines.CoroutineDispatcher$Key
5834:             1             24  kotlinx.coroutines.ExecutorCoroutineDispatcher$Key
5835:             1             24  kotlinx.coroutines.ExecutorCoroutineDispatcher$Key
5836:             1             24  kotlinx.coroutines.ExecutorCoroutineDispatcher$Key
5837:             1             24  kotlinx.coroutines.ExecutorCoroutineDispatcher$Key
5838:             1             24  kotlinx.coroutines.ExecutorCoroutineDispatcher$Key
5839:             1             24  kotlinx.coroutines.ExecutorCoroutineDispatcherImpl
5840:             1             24  kotlinx.coroutines.JobImpl
5841:             1             24  kotlinx.coroutines.JobImpl
5842:             1             24  kotlinx.coroutines.SupervisorJobImpl
5843:             1             24  org.apache.commons.lang3.tuple.ImmutablePair
5844:             1             24  org.apache.commons.pool2.impl.BaseGenericObjectPool$Evictor
5845:             1             24  org.apache.logging.log4j.core.appender.ConsoleAppender$Target$1
5846:             1             24  org.apache.logging.log4j.core.appender.ConsoleAppender$Target$2
5847:             1             24  org.apache.logging.log4j.core.async.ThreadNameCachingStrategy$1
5848:             1             24  org.apache.logging.log4j.core.async.ThreadNameCachingStrategy$2
5849:             1             24  org.apache.logging.log4j.core.config.LoggerConfig$LoggerConfigPredicate$1
5850:             1             24  org.apache.logging.log4j.core.config.LoggerConfig$LoggerConfigPredicate$2
5851:             1             24  org.apache.logging.log4j.core.config.LoggerConfig$LoggerConfigPredicate$3
5852:             1             24  org.apache.logging.log4j.core.config.Loggers
5853:             1             24  org.apache.logging.log4j.core.config.plugins.util.PluginRegistry
5854:             1             24  org.apache.logging.log4j.core.impl.Log4jContextFactory
5855:             1             24  org.apache.logging.log4j.core.pattern.IntegerPatternConverter
5856:             1             24  org.apache.logging.log4j.core.pattern.LevelPatternConverter$SimpleLevelPatternConverter
5857:             1             24  org.apache.logging.log4j.core.pattern.LineSeparatorPatternConverter
5858:             1             24  org.apache.logging.log4j.core.pattern.MessagePatternConverter$SimpleMessagePatternConverter
5859:             1             24  org.apache.logging.log4j.core.pattern.PatternParser
5860:             1             24  org.apache.logging.log4j.core.pattern.SimpleLiteralPatternConverter$Space
5861:             1             24  org.apache.logging.log4j.core.pattern.ThreadNamePatternConverter
5862:             1             24  org.apache.logging.log4j.core.util.Source
5863:             1             24  org.apache.logging.log4j.jul.CoreLoggerAdapter
5864:             1             24  org.apache.logging.log4j.jul.DefaultLevelConverter
5865:             1             24  org.apache.logging.log4j.spi.LoggerRegistry
5866:             1             24  org.apache.logging.slf4j.Log4jLoggerFactory
5867:             1             24  org.apache.logging.slf4j.Log4jLoggerFactory
5868:             1             24  org.apache.logging.slf4j.Log4jMarker
5869:             1             24  org.apache.logging.slf4j.Log4jMarker
5870:             1             24  org.apache.lucene.analysis.CharArrayMap$EntrySet
5871:             1             24  org.apache.lucene.analysis.Tokenizer$1
5872:             1             24  org.apache.lucene.backward_codecs.lucene70.Lucene70Codec$1
5873:             1             24  org.apache.lucene.backward_codecs.lucene70.Lucene70Codec$2
5874:             1             24  org.apache.lucene.backward_codecs.lucene80.Lucene80Codec$1
5875:             1             24  org.apache.lucene.backward_codecs.lucene80.Lucene80Codec$2
5876:             1             24  org.apache.lucene.backward_codecs.lucene84.Lucene84Codec$1
5877:             1             24  org.apache.lucene.backward_codecs.lucene84.Lucene84Codec$2
5878:             1             24  org.apache.lucene.backward_codecs.lucene86.Lucene86Codec$1
5879:             1             24  org.apache.lucene.backward_codecs.lucene86.Lucene86Codec$2
5880:             1             24  org.apache.lucene.backward_codecs.lucene90.Lucene90Codec$1
5881:             1             24  org.apache.lucene.backward_codecs.lucene90.Lucene90Codec$2
5882:             1             24  org.apache.lucene.backward_codecs.lucene90.Lucene90Codec$3
5883:             1             24  org.apache.lucene.backward_codecs.lucene90.Lucene90HnswVectorsFormat
5884:             1             24  org.apache.lucene.codecs.lucene90.IndexedDISI$Method$1
5885:             1             24  org.apache.lucene.codecs.lucene90.IndexedDISI$Method$2
5886:             1             24  org.apache.lucene.codecs.lucene90.IndexedDISI$Method$3
5887:             1             24  org.apache.lucene.index.Impact
5888:             1             24  org.apache.lucene.index.VectorSimilarityFunction$1
5889:             1             24  org.apache.lucene.index.VectorSimilarityFunction$2
5890:             1             24  org.apache.lucene.index.VectorSimilarityFunction$3
5891:             1             24  org.apache.lucene.index.VectorSimilarityFunction$4
5892:             1             24  org.apache.lucene.sandbox.codecs.idversion.IDVersionPostingsFormat
5893:             1             24  org.apache.lucene.search.BooleanClause$Occur$1
5894:             1             24  org.apache.lucene.search.BooleanClause$Occur$2
5895:             1             24  org.apache.lucene.search.BooleanClause$Occur$3
5896:             1             24  org.apache.lucene.search.BooleanClause$Occur$4
5897:             1             24  org.apache.lucene.search.MultiCollector
5898:             1             24  org.apache.lucene.search.TotalHitCountCollector
5899:             1             24  org.apache.lucene.search.suggest.document.Completion50PostingsFormat
5900:             1             24  org.apache.lucene.search.suggest.document.Completion84PostingsFormat
5901:             1             24  org.apache.lucene.search.suggest.document.Completion90PostingsFormat
5902:             1             24  org.apache.lucene.search.suggest.document.Completion99PostingsFormat
5903:             1             24  org.apache.lucene.search.vectorhighlight.SimpleBoundaryScanner
5904:             1             24  org.apache.lucene.util.AttributeFactory$1
5905:             1             24  org.apache.lucene.util.AttributeSource$2
5906:             1             24  org.apache.lucene.util.HotspotVMOptions$$Lambda/0x00007fcd280c55c0
5907:             1             24  org.bouncycastle.asn1.ASN1Integer$1
5908:             1             24  org.bouncycastle.asn1.ASN1Null$1
5909:             1             24  org.bouncycastle.asn1.ASN1ObjectIdentifier$1
5910:             1             24  org.bouncycastle.asn1.ASN1OctetString$1
5911:             1             24  org.bouncycastle.asn1.ASN1RelativeOID$1
5912:             1             24  org.bouncycastle.asn1.ASN1Sequence$1
5913:             1             24  org.bouncycastle.asn1.ASN1Set$1
5914:             1             24  org.bouncycastle.asn1.DLSequence
5915:             1             24  org.bouncycastle.asn1.DLSet
5916:             1             24  org.bouncycastle.jcajce.provider.asymmetric.edec.KeyFactorySpi$Ed25519
5917:             1             24  org.bouncycastle.jcajce.provider.asymmetric.edec.KeyFactorySpi$Ed448
5918:             1             24  org.bouncycastle.jcajce.provider.asymmetric.edec.KeyFactorySpi$X25519
5919:             1             24  org.bouncycastle.jcajce.provider.asymmetric.edec.KeyFactorySpi$X448
5920:             1             24  org.bouncycastle.util.BigIntegers$Cache
5921:             1             24  org.bouncycastle.util.encoders.Base64Encoder
5922:             1             24  org.bouncycastle.util.encoders.HexEncoder
5923:             1             24  org.greenrobot.eventbus.AsyncPoster
5924:             1             24  org.greenrobot.eventbus.BackgroundPoster
5925:             1             24  org.greenrobot.eventbus.EventBus$1
5926:             1             24  org.greenrobot.eventbus.SubscriberMethodFinder
5927:             1             24  org.jcodings.util.BytesHash
5928:             1             24  org.joda.time.format.DateTimeFormatterBuilder$UnpaddedNumber
5929:             1             24  org.locationtech.jts.geom.GeometryFactory
5930:             1             24  org.locationtech.jts.geom.PrecisionModel
5931:             1             24  org.locationtech.spatial4j.io.jts.JtsBinaryCodec
5932:             1             24  org.locationtech.spatial4j.shape.impl.ShapeFactoryImpl
5933:             1             24  org.opensearch.action.ActionRunnable$2
5934:             1             24  org.opensearch.action.admin.cluster.allocation.ClusterAllocationExplainAction
5935:             1             24  org.opensearch.action.admin.cluster.configuration.AddVotingConfigExclusionsAction
5936:             1             24  org.opensearch.action.admin.cluster.configuration.ClearVotingConfigExclusionsAction
5937:             1             24  org.opensearch.action.admin.cluster.decommission.awareness.delete.DeleteDecommissionStateAction
5938:             1             24  org.opensearch.action.admin.cluster.decommission.awareness.get.GetDecommissionStateAction
5939:             1             24  org.opensearch.action.admin.cluster.decommission.awareness.put.DecommissionAction
5940:             1             24  org.opensearch.action.admin.cluster.health.ClusterHealthAction
5941:             1             24  org.opensearch.action.admin.cluster.node.hotthreads.NodeHotThreads
5942:             1             24  org.opensearch.action.admin.cluster.node.hotthreads.NodesHotThreadsAction
5943:             1             24  org.opensearch.action.admin.cluster.node.hotthreads.TransportNodesHotThreadsAction$NodeRequest
5944:             1             24  org.opensearch.action.admin.cluster.node.info.NodesInfoAction
5945:             1             24  org.opensearch.action.admin.cluster.node.info.PluginsAndModules
5946:             1             24  org.opensearch.action.admin.cluster.node.reload.NodesReloadSecureSettingsAction
5947:             1             24  org.opensearch.action.admin.cluster.node.stats.NodesStatsAction
5948:             1             24  org.opensearch.action.admin.cluster.node.tasks.cancel.CancelTasksAction
5949:             1             24  org.opensearch.action.admin.cluster.node.tasks.get.GetTaskAction
5950:             1             24  org.opensearch.action.admin.cluster.node.tasks.list.ListTasksAction
5951:             1             24  org.opensearch.action.admin.cluster.node.usage.NodesUsageAction
5952:             1             24  org.opensearch.action.admin.cluster.remote.RemoteInfoAction
5953:             1             24  org.opensearch.action.admin.cluster.remotestore.restore.RestoreRemoteStoreAction
5954:             1             24  org.opensearch.action.admin.cluster.remotestore.stats.RemoteStoreStatsAction
5955:             1             24  org.opensearch.action.admin.cluster.repositories.cleanup.CleanupRepositoryAction
5956:             1             24  org.opensearch.action.admin.cluster.repositories.delete.DeleteRepositoryAction
5957:             1             24  org.opensearch.action.admin.cluster.repositories.get.GetRepositoriesAction
5958:             1             24  org.opensearch.action.admin.cluster.repositories.put.PutRepositoryAction
5959:             1             24  org.opensearch.action.admin.cluster.repositories.verify.VerifyRepositoryAction
5960:             1             24  org.opensearch.action.admin.cluster.reroute.ClusterRerouteAction
5961:             1             24  org.opensearch.action.admin.cluster.settings.ClusterUpdateSettingsAction
5962:             1             24  org.opensearch.action.admin.cluster.shards.ClusterSearchShardsAction
5963:             1             24  org.opensearch.action.admin.cluster.shards.routing.weighted.delete.ClusterDeleteWeightedRoutingAction
5964:             1             24  org.opensearch.action.admin.cluster.shards.routing.weighted.get.ClusterGetWeightedRoutingAction
5965:             1             24  org.opensearch.action.admin.cluster.shards.routing.weighted.put.ClusterAddWeightedRoutingAction
5966:             1             24  org.opensearch.action.admin.cluster.snapshots.clone.CloneSnapshotAction
5967:             1             24  org.opensearch.action.admin.cluster.snapshots.create.CreateSnapshotAction
5968:             1             24  org.opensearch.action.admin.cluster.snapshots.delete.DeleteSnapshotAction
5969:             1             24  org.opensearch.action.admin.cluster.snapshots.get.GetSnapshotsAction
5970:             1             24  org.opensearch.action.admin.cluster.snapshots.restore.RestoreSnapshotAction
5971:             1             24  org.opensearch.action.admin.cluster.snapshots.status.SnapshotsStatusAction
5972:             1             24  org.opensearch.action.admin.cluster.state.ClusterStateAction
5973:             1             24  org.opensearch.action.admin.cluster.stats.ClusterStatsAction
5974:             1             24  org.opensearch.action.admin.cluster.storedscripts.DeleteStoredScriptAction
5975:             1             24  org.opensearch.action.admin.cluster.storedscripts.GetScriptContextAction
5976:             1             24  org.opensearch.action.admin.cluster.storedscripts.GetScriptLanguageAction
5977:             1             24  org.opensearch.action.admin.cluster.storedscripts.GetStoredScriptAction
5978:             1             24  org.opensearch.action.admin.cluster.storedscripts.PutStoredScriptAction
5979:             1             24  org.opensearch.action.admin.cluster.tasks.PendingClusterTasksAction
5980:             1             24  org.opensearch.action.admin.indices.alias.IndicesAliasesAction
5981:             1             24  org.opensearch.action.admin.indices.alias.get.GetAliasesAction
5982:             1             24  org.opensearch.action.admin.indices.analyze.AnalyzeAction
5983:             1             24  org.opensearch.action.admin.indices.cache.clear.ClearIndicesCacheAction
5984:             1             24  org.opensearch.action.admin.indices.close.CloseIndexAction
5985:             1             24  org.opensearch.action.admin.indices.create.AutoCreateAction
5986:             1             24  org.opensearch.action.admin.indices.create.CreateIndexAction
5987:             1             24  org.opensearch.action.admin.indices.dangling.delete.DeleteDanglingIndexAction
5988:             1             24  org.opensearch.action.admin.indices.dangling.find.FindDanglingIndexAction
5989:             1             24  org.opensearch.action.admin.indices.dangling.import_index.ImportDanglingIndexAction
5990:             1             24  org.opensearch.action.admin.indices.dangling.list.ListDanglingIndicesAction
5991:             1             24  org.opensearch.action.admin.indices.datastream.CreateDataStreamAction
5992:             1             24  org.opensearch.action.admin.indices.datastream.DataStreamsStatsAction
5993:             1             24  org.opensearch.action.admin.indices.datastream.DeleteDataStreamAction
5994:             1             24  org.opensearch.action.admin.indices.datastream.GetDataStreamAction
5995:             1             24  org.opensearch.action.admin.indices.delete.DeleteIndexAction
5996:             1             24  org.opensearch.action.admin.indices.exists.indices.IndicesExistsAction
5997:             1             24  org.opensearch.action.admin.indices.flush.FlushAction
5998:             1             24  org.opensearch.action.admin.indices.forcemerge.ForceMergeAction
5999:             1             24  org.opensearch.action.admin.indices.get.GetIndexAction
6000:             1             24  org.opensearch.action.admin.indices.mapping.get.GetFieldMappingsAction
6001:             1             24  org.opensearch.action.admin.indices.mapping.get.GetMappingsAction
6002:             1             24  org.opensearch.action.admin.indices.mapping.put.AutoPutMappingAction
6003:             1             24  org.opensearch.action.admin.indices.mapping.put.PutMappingAction
6004:             1             24  org.opensearch.action.admin.indices.open.OpenIndexAction
6005:             1             24  org.opensearch.action.admin.indices.readonly.AddIndexBlockAction
6006:             1             24  org.opensearch.action.admin.indices.recovery.RecoveryAction
6007:             1             24  org.opensearch.action.admin.indices.refresh.RefreshAction
6008:             1             24  org.opensearch.action.admin.indices.replication.SegmentReplicationStatsAction
6009:             1             24  org.opensearch.action.admin.indices.resolve.ResolveIndexAction
6010:             1             24  org.opensearch.action.admin.indices.rollover.MaxAgeCondition
6011:             1             24  org.opensearch.action.admin.indices.rollover.RolloverAction
6012:             1             24  org.opensearch.action.admin.indices.segments.IndicesSegmentsAction
6013:             1             24  org.opensearch.action.admin.indices.segments.PitSegmentsAction
6014:             1             24  org.opensearch.action.admin.indices.settings.get.GetSettingsAction
6015:             1             24  org.opensearch.action.admin.indices.settings.put.UpdateSettingsAction
6016:             1             24  org.opensearch.action.admin.indices.shards.IndicesShardStoresAction
6017:             1             24  org.opensearch.action.admin.indices.shrink.ResizeAction
6018:             1             24  org.opensearch.action.admin.indices.stats.IndicesStatsAction
6019:             1             24  org.opensearch.action.admin.indices.template.delete.DeleteComponentTemplateAction
6020:             1             24  org.opensearch.action.admin.indices.template.delete.DeleteComposableIndexTemplateAction
6021:             1             24  org.opensearch.action.admin.indices.template.delete.DeleteIndexTemplateAction
6022:             1             24  org.opensearch.action.admin.indices.template.get.GetComponentTemplateAction
6023:             1             24  org.opensearch.action.admin.indices.template.get.GetComposableIndexTemplateAction
6024:             1             24  org.opensearch.action.admin.indices.template.get.GetIndexTemplatesAction
6025:             1             24  org.opensearch.action.admin.indices.template.post.SimulateIndexTemplateAction
6026:             1             24  org.opensearch.action.admin.indices.template.post.SimulateTemplateAction
6027:             1             24  org.opensearch.action.admin.indices.template.put.PutComponentTemplateAction
6028:             1             24  org.opensearch.action.admin.indices.template.put.PutComposableIndexTemplateAction
6029:             1             24  org.opensearch.action.admin.indices.template.put.PutIndexTemplateAction
6030:             1             24  org.opensearch.action.admin.indices.upgrade.get.UpgradeStatusAction
6031:             1             24  org.opensearch.action.admin.indices.upgrade.post.UpgradeAction
6032:             1             24  org.opensearch.action.admin.indices.upgrade.post.UpgradeSettingsAction
6033:             1             24  org.opensearch.action.admin.indices.validate.query.ValidateQueryAction
6034:             1             24  org.opensearch.action.bulk.BulkAction
6035:             1             24  org.opensearch.action.delete.DeleteAction
6036:             1             24  org.opensearch.action.explain.ExplainAction
6037:             1             24  org.opensearch.action.fieldcaps.FieldCapabilitiesAction
6038:             1             24  org.opensearch.action.get.GetAction
6039:             1             24  org.opensearch.action.get.MultiGetAction
6040:             1             24  org.opensearch.action.index.IndexAction
6041:             1             24  org.opensearch.action.ingest.DeletePipelineAction
6042:             1             24  org.opensearch.action.ingest.GetPipelineAction
6043:             1             24  org.opensearch.action.ingest.IngestActionForwarder
6044:             1             24  org.opensearch.action.ingest.PutPipelineAction
6045:             1             24  org.opensearch.action.ingest.SimulatePipelineAction
6046:             1             24  org.opensearch.action.main.MainAction
6047:             1             24  org.opensearch.action.search.ClearScrollAction
6048:             1             24  org.opensearch.action.search.CreatePitAction
6049:             1             24  org.opensearch.action.search.DeletePitAction
6050:             1             24  org.opensearch.action.search.DeleteSearchPipelineAction
6051:             1             24  org.opensearch.action.search.GetAllPitsAction
6052:             1             24  org.opensearch.action.search.GetSearchPipelineAction
6053:             1             24  org.opensearch.action.search.MultiSearchAction
6054:             1             24  org.opensearch.action.search.PutSearchPipelineAction
6055:             1             24  org.opensearch.action.search.SearchAction
6056:             1             24  org.opensearch.action.search.SearchPhaseController
6057:             1             24  org.opensearch.action.search.SearchRequestStats
6058:             1             24  org.opensearch.action.search.SearchResponse$Clusters
6059:             1             24  org.opensearch.action.search.SearchScrollAction
6060:             1             24  org.opensearch.action.search.SearchShard
6061:             1             24  org.opensearch.action.search.SearchTransportService
6062:             1             24  org.opensearch.action.support.AutoCreateIndex
6063:             1             24  org.opensearch.action.support.AutoCreateIndex$AutoCreate
6064:             1             24  org.opensearch.action.support.ChannelActionListener
6065:             1             24  org.opensearch.action.support.clustermanager.term.GetTermVersionAction
6066:             1             24  org.opensearch.action.termvectors.MultiTermVectorsAction
6067:             1             24  org.opensearch.action.termvectors.TermVectorsAction
6068:             1             24  org.opensearch.action.update.UpdateAction
6069:             1             24  org.opensearch.ad.ratelimit.ADSaveResultStrategy
6070:             1             24  org.opensearch.ad.rest.RestAnomalyDetectorJobAction
6071:             1             24  org.opensearch.ad.rest.RestDeleteAnomalyDetectorAction
6072:             1             24  org.opensearch.ad.rest.RestDeleteAnomalyResultsAction
6073:             1             24  org.opensearch.ad.rest.RestGetAnomalyDetectorAction
6074:             1             24  org.opensearch.ad.rest.RestPreviewAnomalyDetectorAction
6075:             1             24  org.opensearch.ad.rest.RestSearchAnomalyDetectorInfoAction
6076:             1             24  org.opensearch.ad.rest.RestSearchTopAnomalyResultAction
6077:             1             24  org.opensearch.ad.settings.ADEnabledSetting
6078:             1             24  org.opensearch.ad.settings.ADNumericSetting
6079:             1             24  org.opensearch.ad.stats.suppliers.ADModelsOnNodeCountSupplier
6080:             1             24  org.opensearch.ad.stats.suppliers.ADModelsOnNodeSupplier
6081:             1             24  org.opensearch.ad.transport.ADBatchAnomalyResultAction
6082:             1             24  org.opensearch.ad.transport.ADBatchTaskRemoteExecutionAction
6083:             1             24  org.opensearch.ad.transport.ADCancelTaskAction
6084:             1             24  org.opensearch.ad.transport.ADEntityProfileAction
6085:             1             24  org.opensearch.ad.transport.ADProfileAction
6086:             1             24  org.opensearch.ad.transport.ADResultBulkAction
6087:             1             24  org.opensearch.ad.transport.ADSingleStreamResultAction
6088:             1             24  org.opensearch.ad.transport.ADStatsNodesAction
6089:             1             24  org.opensearch.ad.transport.ADTaskProfileAction
6090:             1             24  org.opensearch.ad.transport.AnomalyDetectorJobAction
6091:             1             24  org.opensearch.ad.transport.AnomalyResultAction
6092:             1             24  org.opensearch.ad.transport.CronAction
6093:             1             24  org.opensearch.ad.transport.DeleteADModelAction
6094:             1             24  org.opensearch.ad.transport.DeleteAnomalyDetectorAction
6095:             1             24  org.opensearch.ad.transport.DeleteAnomalyResultsAction
6096:             1             24  org.opensearch.ad.transport.EntityADResultAction
6097:             1             24  org.opensearch.ad.transport.ForwardADTaskAction
6098:             1             24  org.opensearch.ad.transport.GetAnomalyDetectorAction
6099:             1             24  org.opensearch.ad.transport.IndexAnomalyDetectorAction
6100:             1             24  org.opensearch.ad.transport.PreviewAnomalyDetectorAction
6101:             1             24  org.opensearch.ad.transport.RCFPollingAction
6102:             1             24  org.opensearch.ad.transport.RCFResultAction
6103:             1             24  org.opensearch.ad.transport.SearchADTasksAction
6104:             1             24  org.opensearch.ad.transport.SearchAnomalyDetectorAction
6105:             1             24  org.opensearch.ad.transport.SearchAnomalyDetectorInfoAction
6106:             1             24  org.opensearch.ad.transport.SearchAnomalyResultAction
6107:             1             24  org.opensearch.ad.transport.SearchTopAnomalyResultAction
6108:             1             24  org.opensearch.ad.transport.StatsAnomalyDetectorAction
6109:             1             24  org.opensearch.ad.transport.StopDetectorAction
6110:             1             24  org.opensearch.ad.transport.ThresholdResultAction
6111:             1             24  org.opensearch.ad.transport.ValidateAnomalyDetectorAction
6112:             1             24  org.opensearch.ad.transport.handler.ADIndexMemoryPressureAwareResultHandler
6113:             1             24  org.opensearch.ad.transport.handler.ADSearchHandler
6114:             1             24  org.opensearch.agent.ToolPlugin
6115:             1             24  org.opensearch.agent.tools.NeuralSparseSearchTool$Factory
6116:             1             24  org.opensearch.agent.tools.RAGTool$Factory
6117:             1             24  org.opensearch.agent.tools.SearchAnomalyDetectorsTool$Factory
6118:             1             24  org.opensearch.agent.tools.SearchAnomalyResultsTool$Factory
6119:             1             24  org.opensearch.agent.tools.VectorDBTool$Factory
6120:             1             24  org.opensearch.alerting.MonitorRunnerService
6121:             1             24  org.opensearch.alerting.WorkflowService
6122:             1             24  org.opensearch.alerting.action.DocLevelMonitorFanOutAction
6123:             1             24  org.opensearch.alerting.action.ExecuteMonitorAction
6124:             1             24  org.opensearch.alerting.action.ExecuteWorkflowAction
6125:             1             24  org.opensearch.alerting.action.GetDestinationsAction
6126:             1             24  org.opensearch.alerting.action.GetEmailAccountAction
6127:             1             24  org.opensearch.alerting.action.GetEmailGroupAction
6128:             1             24  org.opensearch.alerting.action.GetRemoteIndexesAction
6129:             1             24  org.opensearch.alerting.action.SearchEmailAccountAction
6130:             1             24  org.opensearch.alerting.action.SearchEmailGroupAction
6131:             1             24  org.opensearch.alerting.core.ScheduledJobIndices
6132:             1             24  org.opensearch.alerting.core.action.node.ScheduledJobsStatsAction
6133:             1             24  org.opensearch.alerting.core.lock.LockService
6134:             1             24  org.opensearch.alerting.core.resthandler.RestScheduledJobStatsHandler
6135:             1             24  org.opensearch.alerting.model.destination.DestinationContextFactory
6136:             1             24  org.opensearch.alerting.resthandler.RestAcknowledgeAlertAction
6137:             1             24  org.opensearch.alerting.resthandler.RestAcknowledgeChainedAlertAction
6138:             1             24  org.opensearch.alerting.resthandler.RestDeleteAlertingCommentAction
6139:             1             24  org.opensearch.alerting.resthandler.RestDeleteMonitorAction
6140:             1             24  org.opensearch.alerting.resthandler.RestDeleteWorkflowAction
6141:             1             24  org.opensearch.alerting.resthandler.RestExecuteMonitorAction
6142:             1             24  org.opensearch.alerting.resthandler.RestExecuteWorkflowAction
6143:             1             24  org.opensearch.alerting.resthandler.RestGetAlertsAction
6144:             1             24  org.opensearch.alerting.resthandler.RestGetDestinationsAction
6145:             1             24  org.opensearch.alerting.resthandler.RestGetEmailAccountAction
6146:             1             24  org.opensearch.alerting.resthandler.RestGetEmailGroupAction
6147:             1             24  org.opensearch.alerting.resthandler.RestGetFindingsAction
6148:             1             24  org.opensearch.alerting.resthandler.RestGetMonitorAction
6149:             1             24  org.opensearch.alerting.resthandler.RestGetRemoteIndexesAction
6150:             1             24  org.opensearch.alerting.resthandler.RestGetWorkflowAction
6151:             1             24  org.opensearch.alerting.resthandler.RestGetWorkflowAlertsAction
6152:             1             24  org.opensearch.alerting.resthandler.RestIndexAlertingCommentAction
6153:             1             24  org.opensearch.alerting.resthandler.RestIndexMonitorAction
6154:             1             24  org.opensearch.alerting.resthandler.RestIndexWorkflowAction
6155:             1             24  org.opensearch.alerting.resthandler.RestSearchAlertingCommentAction
6156:             1             24  org.opensearch.alerting.resthandler.RestSearchEmailAccountAction
6157:             1             24  org.opensearch.alerting.resthandler.RestSearchEmailGroupAction
6158:             1             24  org.opensearch.bootstrap.OpenSearchPolicy$SystemPolicy
6159:             1             24  org.opensearch.bootstrap.Spawner
6160:             1             24  org.opensearch.cli.Command$$Lambda/0x00007fcd280261f0
6161:             1             24  org.opensearch.cli.Terminal$SystemTerminal
6162:             1             24  org.opensearch.cluster.InternalClusterInfoService$IndicesStatsSummary
6163:             1             24  org.opensearch.cluster.action.index.MappingUpdatedAction$AdjustableSemaphore
6164:             1             24  org.opensearch.cluster.action.index.NodeMappingRefreshAction
6165:             1             24  org.opensearch.cluster.action.shard.ShardStateAction$ShardFailedTransportHandler
6166:             1             24  org.opensearch.cluster.action.shard.ShardStateAction$ShardStartedTransportHandler
6167:             1             24  org.opensearch.cluster.block.ClusterBlocks
6168:             1             24  org.opensearch.cluster.coordination.FollowersChecker$FastResponseState
6169:             1             24  org.opensearch.cluster.coordination.JoinHelper$$Lambda/0x00007fcd28cf7350
6170:             1             24  org.opensearch.cluster.coordination.JoinHelper$$Lambda/0x00007fcd28cf7788
6171:             1             24  org.opensearch.cluster.coordination.JoinHelper$$Lambda/0x00007fcd28cf7bc0
6172:             1             24  org.opensearch.cluster.coordination.JoinHelper$$Lambda/0x00007fcd28cf8000
6173:             1             24  org.opensearch.cluster.coordination.PublicationTransportHandler$$Lambda/0x00007fcd28cfbee8
6174:             1             24  org.opensearch.cluster.metadata.AutoExpandReplicas
6175:             1             24  org.opensearch.cluster.metadata.DiffableStringMap$DiffableStringMapDiff
6176:             1             24  org.opensearch.cluster.metadata.IndexMetadata$6
6177:             1             24  org.opensearch.cluster.metadata.Manifest$1
6178:             1             24  org.opensearch.cluster.metadata.Metadata$1
6179:             1             24  org.opensearch.cluster.node.DiscoveryNodeRole$1
6180:             1             24  org.opensearch.cluster.node.DiscoveryNodeRole$2
6181:             1             24  org.opensearch.cluster.node.DiscoveryNodeRole$3
6182:             1             24  org.opensearch.cluster.node.DiscoveryNodeRole$4
6183:             1             24  org.opensearch.cluster.node.DiscoveryNodeRole$5
6184:             1             24  org.opensearch.cluster.node.DiscoveryNodeRole$6
6185:             1             24  org.opensearch.cluster.routing.RoutingNodes$Recoveries
6186:             1             24  org.opensearch.cluster.routing.allocation.AwarenessReplicaBalance
6187:             1             24  org.opensearch.cluster.routing.allocation.decider.AwarenessAllocationDecider
6188:             1             24  org.opensearch.cluster.routing.allocation.decider.DiskThresholdDecider
6189:             1             24  org.opensearch.cluster.routing.allocation.decider.EnableAllocationDecider
6190:             1             24  org.opensearch.cluster.routing.allocation.decider.RemoteStoreMigrationAllocationDecider
6191:             1             24  org.opensearch.cluster.routing.allocation.decider.ShardsLimitAllocationDecider
6192:             1             24  org.opensearch.common.LocalTimeOffset$NoPrevious
6193:             1             24  org.opensearch.common.MemoizedSupplier
6194:             1             24  org.opensearch.common.Rounding$TimeIntervalRounding
6195:             1             24  org.opensearch.common.Rounding$TimeIntervalRounding$FixedRounding
6196:             1             24  org.opensearch.common.TimeBasedUUIDGenerator
6197:             1             24  org.opensearch.common.cache.service.CacheService
6198:             1             24  org.opensearch.common.cache.stats.ImmutableCacheStatsHolder
6199:             1             24  org.opensearch.common.cache.stats.ImmutableCacheStatsHolder$Node
6200:             1             24  org.opensearch.common.cache.store.OpenSearchOnHeapCache$$Lambda/0x00007fcd292f0a50
6201:             1             24  org.opensearch.common.inject.Key$NullAnnotationStrategy
6202:             1             24  org.opensearch.common.lease.Releasables$$Lambda/0x00007fcd2920a480
6203:             1             24  org.opensearch.common.lucene.ShardCoreKeyMap
6204:             1             24  org.opensearch.common.path.PathTrie
6205:             1             24  org.opensearch.common.settings.ClusterSettings$LoggingSettingUpdater
6206:             1             24  org.opensearch.common.settings.Setting$$Lambda/0x00007fcd280caec0
6207:             1             24  org.opensearch.common.settings.SettingsFilter
6208:             1             24  org.opensearch.common.ssl.SslClientAuthenticationMode$1
6209:             1             24  org.opensearch.common.ssl.SslClientAuthenticationMode$2
6210:             1             24  org.opensearch.common.ssl.SslClientAuthenticationMode$3
6211:             1             24  org.opensearch.common.ssl.SslVerificationMode$1
6212:             1             24  org.opensearch.common.ssl.SslVerificationMode$2
6213:             1             24  org.opensearch.common.ssl.SslVerificationMode$3
6214:             1             24  org.opensearch.common.time.EpochTime$1
6215:             1             24  org.opensearch.common.time.EpochTime$2
6216:             1             24  org.opensearch.common.time.EpochTime$3
6217:             1             24  org.opensearch.common.time.EpochTime$4
6218:             1             24  org.opensearch.common.time.EpochTime$5
6219:             1             24  org.opensearch.common.time.RFC3339CompatibleDateTimeFormatter
6220:             1             24  org.opensearch.common.unit.SizeUnit$1
6221:             1             24  org.opensearch.common.unit.SizeUnit$2
6222:             1             24  org.opensearch.common.unit.SizeUnit$3
6223:             1             24  org.opensearch.common.unit.SizeUnit$4
6224:             1             24  org.opensearch.common.unit.SizeUnit$5
6225:             1             24  org.opensearch.common.unit.SizeUnit$6
6226:             1             24  org.opensearch.common.util.PageCacheRecycler$Type$1
6227:             1             24  org.opensearch.common.util.PageCacheRecycler$Type$2
6228:             1             24  org.opensearch.common.util.PageCacheRecycler$Type$3
6229:             1             24  org.opensearch.common.xcontent.ParseFieldRegistry
6230:             1             24  org.opensearch.commons.utils.HelpersKt$logger$1
6231:             1             24  org.opensearch.core.common.io.stream.ByteBufferStreamInput
6232:             1             24  org.opensearch.core.common.unit.ByteSizeUnit$1
6233:             1             24  org.opensearch.core.common.unit.ByteSizeUnit$2
6234:             1             24  org.opensearch.core.common.unit.ByteSizeUnit$3
6235:             1             24  org.opensearch.core.common.unit.ByteSizeUnit$4
6236:             1             24  org.opensearch.core.common.unit.ByteSizeUnit$5
6237:             1             24  org.opensearch.core.common.unit.ByteSizeUnit$6
6238:             1             24  org.opensearch.core.xcontent.ObjectParser$$Lambda/0x00007fcd287ef810
6239:             1             24  org.opensearch.core.xcontent.ObjectParser$$Lambda/0x00007fcd29095918
6240:             1             24  org.opensearch.core.xcontent.XContentLocation
6241:             1             24  org.opensearch.core.xcontent.XContentParser$Token$1
6242:             1             24  org.opensearch.core.xcontent.XContentParser$Token$10
6243:             1             24  org.opensearch.core.xcontent.XContentParser$Token$2
6244:             1             24  org.opensearch.core.xcontent.XContentParser$Token$3
6245:             1             24  org.opensearch.core.xcontent.XContentParser$Token$4
6246:             1             24  org.opensearch.core.xcontent.XContentParser$Token$5
6247:             1             24  org.opensearch.core.xcontent.XContentParser$Token$6
6248:             1             24  org.opensearch.core.xcontent.XContentParser$Token$7
6249:             1             24  org.opensearch.core.xcontent.XContentParser$Token$8
6250:             1             24  org.opensearch.core.xcontent.XContentParser$Token$9
6251:             1             24  org.opensearch.crypto.CryptoHandlerRegistry
6252:             1             24  org.opensearch.discovery.HandshakingTransportAddressConnector
6253:             1             24  org.opensearch.env.NodeMetadata
6254:             1             24  org.opensearch.env.NodeMetadata$NodeMetadataStateFormat
6255:             1             24  org.opensearch.env.OpenSearchFileStore
6256:             1             24  org.opensearch.flowframework.rest.RestCreateWorkflowAction
6257:             1             24  org.opensearch.flowframework.rest.RestDeleteWorkflowAction
6258:             1             24  org.opensearch.flowframework.rest.RestDeprovisionWorkflowAction
6259:             1             24  org.opensearch.flowframework.rest.RestGetWorkflowAction
6260:             1             24  org.opensearch.flowframework.rest.RestGetWorkflowStateAction
6261:             1             24  org.opensearch.flowframework.rest.RestGetWorkflowStepAction
6262:             1             24  org.opensearch.flowframework.rest.RestProvisionWorkflowAction
6263:             1             24  org.opensearch.flowframework.transport.CreateWorkflowAction
6264:             1             24  org.opensearch.flowframework.transport.DeleteWorkflowAction
6265:             1             24  org.opensearch.flowframework.transport.DeprovisionWorkflowAction
6266:             1             24  org.opensearch.flowframework.transport.GetWorkflowAction
6267:             1             24  org.opensearch.flowframework.transport.GetWorkflowStateAction
6268:             1             24  org.opensearch.flowframework.transport.GetWorkflowStepAction
6269:             1             24  org.opensearch.flowframework.transport.ProvisionWorkflowAction
6270:             1             24  org.opensearch.flowframework.transport.SearchWorkflowAction
6271:             1             24  org.opensearch.flowframework.transport.SearchWorkflowStateAction
6272:             1             24  org.opensearch.flowframework.workflow.WorkflowStepFactory$$Lambda/0x00007fcd28a4deb0
6273:             1             24  org.opensearch.flowframework.workflow.WorkflowStepFactory$$Lambda/0x00007fcd28a4e0d0
6274:             1             24  org.opensearch.flowframework.workflow.WorkflowStepFactory$$Lambda/0x00007fcd28a4e950
6275:             1             24  org.opensearch.flowframework.workflow.WorkflowStepFactory$$Lambda/0x00007fcd28a4f1d0
6276:             1             24  org.opensearch.flowframework.workflow.WorkflowStepFactory$$Lambda/0x00007fcd28a4f610
6277:             1             24  org.opensearch.flowframework.workflow.WorkflowStepFactory$$Lambda/0x00007fcd28a4fc80
6278:             1             24  org.opensearch.flowframework.workflow.WorkflowStepFactory$$Lambda/0x00007fcd28a50220
6279:             1             24  org.opensearch.flowframework.workflow.WorkflowStepFactory$$Lambda/0x00007fcd28a50440
6280:             1             24  org.opensearch.forecast.ratelimit.ForecastSaveResultStrategy
6281:             1             24  org.opensearch.forecast.rest.RestDeleteForecasterAction
6282:             1             24  org.opensearch.forecast.rest.RestForecasterJobAction
6283:             1             24  org.opensearch.forecast.rest.RestForecasterSuggestAction
6284:             1             24  org.opensearch.forecast.rest.RestGetForecasterAction
6285:             1             24  org.opensearch.forecast.rest.RestRunOnceForecasterAction
6286:             1             24  org.opensearch.forecast.rest.RestSearchForecasterInfoAction
6287:             1             24  org.opensearch.forecast.rest.RestSearchTopForecastResultAction
6288:             1             24  org.opensearch.forecast.settings.ForecastEnabledSetting
6289:             1             24  org.opensearch.forecast.settings.ForecastNumericSetting
6290:             1             24  org.opensearch.forecast.stats.ForecastModelsOnNodeSupplier
6291:             1             24  org.opensearch.forecast.transport.DeleteForecastModelAction
6292:             1             24  org.opensearch.forecast.transport.DeleteForecasterAction
6293:             1             24  org.opensearch.forecast.transport.EntityForecastResultAction
6294:             1             24  org.opensearch.forecast.transport.ForecastEntityProfileAction
6295:             1             24  org.opensearch.forecast.transport.ForecastProfileAction
6296:             1             24  org.opensearch.forecast.transport.ForecastResultAction
6297:             1             24  org.opensearch.forecast.transport.ForecastResultBulkAction
6298:             1             24  org.opensearch.forecast.transport.ForecastRunOnceAction
6299:             1             24  org.opensearch.forecast.transport.ForecastRunOnceProfileAction
6300:             1             24  org.opensearch.forecast.transport.ForecastSingleStreamResultAction
6301:             1             24  org.opensearch.forecast.transport.ForecastStatsNodesAction
6302:             1             24  org.opensearch.forecast.transport.ForecasterJobAction
6303:             1             24  org.opensearch.forecast.transport.GetForecasterAction
6304:             1             24  org.opensearch.forecast.transport.IndexForecasterAction
6305:             1             24  org.opensearch.forecast.transport.SearchForecastTasksAction
6306:             1             24  org.opensearch.forecast.transport.SearchForecasterAction
6307:             1             24  org.opensearch.forecast.transport.SearchForecasterInfoAction
6308:             1             24  org.opensearch.forecast.transport.SearchTopForecastResultAction
6309:             1             24  org.opensearch.forecast.transport.StatsForecasterAction
6310:             1             24  org.opensearch.forecast.transport.StopForecasterAction
6311:             1             24  org.opensearch.forecast.transport.SuggestForecasterParamAction
6312:             1             24  org.opensearch.forecast.transport.ValidateForecasterAction
6313:             1             24  org.opensearch.forecast.transport.handler.ForecastIndexMemoryPressureAwareResultHandler
6314:             1             24  org.opensearch.forecast.transport.handler.ForecastSearchHandler
6315:             1             24  org.opensearch.gateway.GatewayAllocator$InternalPrimaryShardAllocator
6316:             1             24  org.opensearch.gateway.GatewayAllocator$InternalReplicaShardAllocator
6317:             1             24  org.opensearch.gateway.GatewayService$$Lambda/0x00007fcd28ddc838
6318:             1             24  org.opensearch.gateway.PersistedClusterStateService$MetadataIndexWriter
6319:             1             24  org.opensearch.gateway.ShardsBatchGatewayAllocator$InternalPrimaryBatchShardAllocator
6320:             1             24  org.opensearch.gateway.ShardsBatchGatewayAllocator$InternalReplicaBatchShardAllocator
6321:             1             24  org.opensearch.geospatial.action.upload.geojson.UploadGeoJSONAction
6322:             1             24  org.opensearch.geospatial.ip2geo.action.DeleteDatasourceAction
6323:             1             24  org.opensearch.geospatial.ip2geo.action.GetDatasourceAction
6324:             1             24  org.opensearch.geospatial.ip2geo.action.PutDatasourceAction
6325:             1             24  org.opensearch.geospatial.ip2geo.action.RestDeleteDatasourceHandler
6326:             1             24  org.opensearch.geospatial.ip2geo.action.RestGetDatasourceHandler
6327:             1             24  org.opensearch.geospatial.ip2geo.action.RestUpdateDatasourceHandler
6328:             1             24  org.opensearch.geospatial.ip2geo.action.UpdateDatasourceAction
6329:             1             24  org.opensearch.geospatial.ip2geo.common.Ip2GeoLockService
6330:             1             24  org.opensearch.geospatial.ip2geo.dao.DatasourceDao
6331:             1             24  org.opensearch.geospatial.rest.action.upload.geojson.RestUploadGeoJSONAction
6332:             1             24  org.opensearch.geospatial.stats.upload.RestUploadStatsAction
6333:             1             24  org.opensearch.geospatial.stats.upload.UploadStats
6334:             1             24  org.opensearch.geospatial.stats.upload.UploadStatsAction
6335:             1             24  org.opensearch.http.HttpTracer
6336:             1             24  org.opensearch.http.netty4.Netty4HttpRequestCreator
6337:             1             24  org.opensearch.http.netty4.Netty4HttpRequestHandler
6338:             1             24  org.opensearch.http.netty4.Netty4HttpResponseCreator
6339:             1             24  org.opensearch.http.netty4.Netty4HttpServerChannel
6340:             1             24  org.opensearch.http.netty4.Netty4HttpServerTransport$ServerChannelExceptionHandler
6341:             1             24  org.opensearch.index.SegmentReplicationStatsTracker
6342:             1             24  org.opensearch.index.analysis.AnalysisRegistry$Component$1
6343:             1             24  org.opensearch.index.analysis.AnalysisRegistry$Component$2
6344:             1             24  org.opensearch.index.analysis.AnalysisRegistry$Component$3
6345:             1             24  org.opensearch.index.analysis.AnalysisRegistry$Component$4
6346:             1             24  org.opensearch.index.analysis.AnalysisRegistry$Component$5
6347:             1             24  org.opensearch.index.analysis.PreConfiguredCharFilter$2
6348:             1             24  org.opensearch.index.codec.customcodecs.QatDeflate99Codec
6349:             1             24  org.opensearch.index.codec.customcodecs.QatLz499Codec
6350:             1             24  org.opensearch.index.codec.customcodecs.Zstd99Codec
6351:             1             24  org.opensearch.index.codec.customcodecs.ZstdNoDict99Codec
6352:             1             24  org.opensearch.index.codec.customcodecs.backward_codecs.Zstd95Codec
6353:             1             24  org.opensearch.index.codec.customcodecs.backward_codecs.Zstd95DeprecatedCodec
6354:             1             24  org.opensearch.index.codec.customcodecs.backward_codecs.ZstdNoDict95Codec
6355:             1             24  org.opensearch.index.codec.fuzzy.FuzzyFilterPostingsFormat
6356:             1             24  org.opensearch.index.mapper.DefaultDerivedFieldResolver
6357:             1             24  org.opensearch.index.mapper.DynamicTemplate$MatchType$1
6358:             1             24  org.opensearch.index.mapper.DynamicTemplate$MatchType$2
6359:             1             24  org.opensearch.index.mapper.DynamicTemplate$XContentFieldType$1
6360:             1             24  org.opensearch.index.mapper.DynamicTemplate$XContentFieldType$2
6361:             1             24  org.opensearch.index.mapper.DynamicTemplate$XContentFieldType$3
6362:             1             24  org.opensearch.index.mapper.DynamicTemplate$XContentFieldType$4
6363:             1             24  org.opensearch.index.mapper.DynamicTemplate$XContentFieldType$5
6364:             1             24  org.opensearch.index.mapper.DynamicTemplate$XContentFieldType$6
6365:             1             24  org.opensearch.index.mapper.DynamicTemplate$XContentFieldType$7
6366:             1             24  org.opensearch.index.mapper.ObjectMapper$Nested
6367:             1             24  org.opensearch.index.mapper.RangeType$LengthType$1
6368:             1             24  org.opensearch.index.mapper.RangeType$LengthType$2
6369:             1             24  org.opensearch.index.mapper.RangeType$LengthType$3
6370:             1             24  org.opensearch.index.mapper.RangeType$LengthType$4
6371:             1             24  org.opensearch.index.query.MatchNoneQueryBuilder
6372:             1             24  org.opensearch.index.query.ParsedQuery
6373:             1             24  org.opensearch.index.query.support.NestedScope
6374:             1             24  org.opensearch.index.rankeval.RankEvalAction
6375:             1             24  org.opensearch.index.rankeval.RestRankEvalAction
6376:             1             24  org.opensearch.index.reindex.DeleteByQueryAction
6377:             1             24  org.opensearch.index.reindex.ReindexAction
6378:             1             24  org.opensearch.index.reindex.ReindexSslConfig
6379:             1             24  org.opensearch.index.reindex.RestDeleteByQueryAction
6380:             1             24  org.opensearch.index.reindex.RestDeleteByQueryAction
6381:             1             24  org.opensearch.index.reindex.RestReindexAction
6382:             1             24  org.opensearch.index.reindex.RestRethrottleAction
6383:             1             24  org.opensearch.index.reindex.RestUpdateByQueryAction
6384:             1             24  org.opensearch.index.reindex.RethrottleAction
6385:             1             24  org.opensearch.index.reindex.UpdateByQueryAction
6386:             1             24  org.opensearch.index.remote.RemoteStorePressureService
6387:             1             24  org.opensearch.index.remote.RemoteStoreStatsTrackerFactory
6388:             1             24  org.opensearch.index.seqno.RetentionLeaseActions$Add
6389:             1             24  org.opensearch.index.seqno.RetentionLeaseActions$Remove
6390:             1             24  org.opensearch.index.seqno.RetentionLeaseActions$Renew
6391:             1             24  org.opensearch.index.seqno.RetentionLeases$1
6392:             1             24  org.opensearch.index.shard.IndexShard$$Lambda/0x00007fcd29302238
6393:             1             24  org.opensearch.index.shard.PrimaryReplicaSyncer
6394:             1             24  org.opensearch.index.shard.ShardStateMetadata$1
6395:             1             24  org.opensearch.index.store.RemoteSegmentStoreDirectoryFactory
6396:             1             24  org.opensearch.index.store.remote.directory.RemoteSnapshotDirectoryFactory
6397:             1             24  org.opensearch.indexmanagement.controlcenter.notification.ControlCenterIndices
6398:             1             24  org.opensearch.indexmanagement.controlcenter.notification.action.delete.DeleteLRONConfigAction
6399:             1             24  org.opensearch.indexmanagement.controlcenter.notification.action.get.GetLRONConfigAction
6400:             1             24  org.opensearch.indexmanagement.controlcenter.notification.action.index.IndexLRONConfigAction
6401:             1             24  org.opensearch.indexmanagement.controlcenter.notification.resthandler.RestDeleteLRONConfigAction
6402:             1             24  org.opensearch.indexmanagement.controlcenter.notification.resthandler.RestGetLRONConfigAction
6403:             1             24  org.opensearch.indexmanagement.controlcenter.notification.resthandler.RestIndexLRONConfigAction
6404:             1             24  org.opensearch.indexmanagement.indexstatemanagement.ExtensionStatusChecker
6405:             1             24  org.opensearch.indexmanagement.indexstatemanagement.ISMActionsParser
6406:             1             24  org.opensearch.indexmanagement.indexstatemanagement.SkipExecution
6407:             1             24  org.opensearch.indexmanagement.indexstatemanagement.action.AliasActionParser
6408:             1             24  org.opensearch.indexmanagement.indexstatemanagement.resthandler.RestAddPolicyAction
6409:             1             24  org.opensearch.indexmanagement.indexstatemanagement.resthandler.RestChangePolicyAction
6410:             1             24  org.opensearch.indexmanagement.indexstatemanagement.resthandler.RestDeletePolicyAction
6411:             1             24  org.opensearch.indexmanagement.indexstatemanagement.resthandler.RestExplainAction
6412:             1             24  org.opensearch.indexmanagement.indexstatemanagement.resthandler.RestGetPolicyAction
6413:             1             24  org.opensearch.indexmanagement.indexstatemanagement.resthandler.RestRemovePolicyAction
6414:             1             24  org.opensearch.indexmanagement.indexstatemanagement.resthandler.RestRetryFailedManagedIndexAction
6415:             1             24  org.opensearch.indexmanagement.indexstatemanagement.transport.action.addpolicy.AddPolicyAction
6416:             1             24  org.opensearch.indexmanagement.indexstatemanagement.transport.action.changepolicy.ChangePolicyAction
6417:             1             24  org.opensearch.indexmanagement.indexstatemanagement.transport.action.deletepolicy.DeletePolicyAction
6418:             1             24  org.opensearch.indexmanagement.indexstatemanagement.transport.action.explain.ExplainAction
6419:             1             24  org.opensearch.indexmanagement.indexstatemanagement.transport.action.getpolicy.GetPoliciesAction
6420:             1             24  org.opensearch.indexmanagement.indexstatemanagement.transport.action.getpolicy.GetPolicyAction
6421:             1             24  org.opensearch.indexmanagement.indexstatemanagement.transport.action.indexpolicy.IndexPolicyAction
6422:             1             24  org.opensearch.indexmanagement.indexstatemanagement.transport.action.managedIndex.ManagedIndexAction
6423:             1             24  org.opensearch.indexmanagement.indexstatemanagement.transport.action.removepolicy.RemovePolicyAction
6424:             1             24  org.opensearch.indexmanagement.indexstatemanagement.transport.action.retryfailedmanagedindex.RetryFailedManagedIndexAction
6425:             1             24  org.opensearch.indexmanagement.indexstatemanagement.transport.action.updateindexmetadata.UpdateManagedIndexMetaDataAction
6426:             1             24  org.opensearch.indexmanagement.indexstatemanagement.validation.ActionValidation
6427:             1             24  org.opensearch.indexmanagement.refreshanalyzer.RefreshSearchAnalyzerAction
6428:             1             24  org.opensearch.indexmanagement.refreshanalyzer.RestRefreshSearchAnalyzerAction
6429:             1             24  org.opensearch.indexmanagement.rollup.RollupIndexer
6430:             1             24  org.opensearch.indexmanagement.rollup.RollupMetadataService
6431:             1             24  org.opensearch.indexmanagement.rollup.action.delete.DeleteRollupAction
6432:             1             24  org.opensearch.indexmanagement.rollup.action.explain.ExplainRollupAction
6433:             1             24  org.opensearch.indexmanagement.rollup.action.get.GetRollupAction
6434:             1             24  org.opensearch.indexmanagement.rollup.action.get.GetRollupsAction
6435:             1             24  org.opensearch.indexmanagement.rollup.action.index.IndexRollupAction
6436:             1             24  org.opensearch.indexmanagement.rollup.action.mapping.UpdateRollupMappingAction
6437:             1             24  org.opensearch.indexmanagement.rollup.action.start.StartRollupAction
6438:             1             24  org.opensearch.indexmanagement.rollup.action.stop.StopRollupAction
6439:             1             24  org.opensearch.indexmanagement.rollup.resthandler.RestDeleteRollupAction
6440:             1             24  org.opensearch.indexmanagement.rollup.resthandler.RestExplainRollupAction
6441:             1             24  org.opensearch.indexmanagement.rollup.resthandler.RestGetRollupAction
6442:             1             24  org.opensearch.indexmanagement.rollup.resthandler.RestIndexRollupAction
6443:             1             24  org.opensearch.indexmanagement.rollup.resthandler.RestStartRollupAction
6444:             1             24  org.opensearch.indexmanagement.rollup.resthandler.RestStopRollupAction
6445:             1             24  org.opensearch.indexmanagement.snapshotmanagement.api.resthandler.RestCreateSMPolicyHandler
6446:             1             24  org.opensearch.indexmanagement.snapshotmanagement.api.resthandler.RestDeleteSMPolicyHandler
6447:             1             24  org.opensearch.indexmanagement.snapshotmanagement.api.resthandler.RestExplainSMPolicyHandler
6448:             1             24  org.opensearch.indexmanagement.snapshotmanagement.api.resthandler.RestGetSMPolicyHandler
6449:             1             24  org.opensearch.indexmanagement.snapshotmanagement.api.resthandler.RestStartSMPolicyHandler
6450:             1             24  org.opensearch.indexmanagement.snapshotmanagement.api.resthandler.RestStopSMPolicyHandler
6451:             1             24  org.opensearch.indexmanagement.snapshotmanagement.api.resthandler.RestUpdateSMPolicyHandler
6452:             1             24  org.opensearch.indexmanagement.transform.TransformMetadataService
6453:             1             24  org.opensearch.indexmanagement.transform.action.delete.DeleteTransformsAction
6454:             1             24  org.opensearch.indexmanagement.transform.action.explain.ExplainTransformAction
6455:             1             24  org.opensearch.indexmanagement.transform.action.get.GetTransformAction
6456:             1             24  org.opensearch.indexmanagement.transform.action.get.GetTransformsAction
6457:             1             24  org.opensearch.indexmanagement.transform.action.index.IndexTransformAction
6458:             1             24  org.opensearch.indexmanagement.transform.action.preview.PreviewTransformAction
6459:             1             24  org.opensearch.indexmanagement.transform.action.start.StartTransformAction
6460:             1             24  org.opensearch.indexmanagement.transform.action.stop.StopTransformAction
6461:             1             24  org.opensearch.indexmanagement.transform.resthandler.RestDeleteTransformAction
6462:             1             24  org.opensearch.indexmanagement.transform.resthandler.RestExplainTransformAction
6463:             1             24  org.opensearch.indexmanagement.transform.resthandler.RestGetTransformAction
6464:             1             24  org.opensearch.indexmanagement.transform.resthandler.RestIndexTransformAction
6465:             1             24  org.opensearch.indexmanagement.transform.resthandler.RestPreviewTransformAction
6466:             1             24  org.opensearch.indexmanagement.transform.resthandler.RestStartTransformAction
6467:             1             24  org.opensearch.indexmanagement.transform.resthandler.RestStopTransformAction
6468:             1             24  org.opensearch.indices.IndexingMemoryController$ShardsIndicesStatusChecker
6469:             1             24  org.opensearch.indices.IndicesRequestCache$Loader
6470:             1             24  org.opensearch.indices.IndicesService$$Lambda/0x00007fcd292fd460
6471:             1             24  org.opensearch.indices.IndicesService$1
6472:             1             24  org.opensearch.indices.SystemIndices
6473:             1             24  org.opensearch.indices.analysis.AnalysisModule
6474:             1             24  org.opensearch.indices.analysis.HunspellService$$Lambda/0x00007fcd28657528
6475:             1             24  org.opensearch.indices.fielddata.cache.IndicesFieldDataCache
6476:             1             24  org.opensearch.indices.recovery.PeerRecoveryTargetService$FileChunkTransportRequestHandler
6477:             1             24  org.opensearch.indices.replication.OngoingSegmentReplications
6478:             1             24  org.opensearch.indices.replication.SegmentReplicationSourceFactory
6479:             1             24  org.opensearch.indices.replication.SegmentReplicationTargetService$FileChunkTransportRequestHandler
6480:             1             24  org.opensearch.ingest.common.GrokProcessor$Factory
6481:             1             24  org.opensearch.ingest.common.GrokProcessorGetAction
6482:             1             24  org.opensearch.ingest.common.GrokProcessorGetAction$RestAction
6483:             1             24  org.opensearch.ingest.geoip.GeoIpProcessor$Factory
6484:             1             24  org.opensearch.knn.index.KNNCircuitBreaker
6485:             1             24  org.opensearch.knn.index.KNNCircuitBreaker$$Lambda/0x00007fcd2890fd68
6486:             1             24  org.opensearch.knn.index.KNNSettings
6487:             1             24  org.opensearch.knn.index.codec.KNN80Codec.KNN80Codec$1
6488:             1             24  org.opensearch.knn.index.codec.KNN84Codec.KNN84Codec$1
6489:             1             24  org.opensearch.knn.index.codec.KNN86Codec.KNN86Codec$1
6490:             1             24  org.opensearch.knn.index.codec.KNN910Codec.KNN910Codec
6491:             1             24  org.opensearch.knn.index.memory.NativeMemoryLoadStrategy$IndexLoadStrategy
6492:             1             24  org.opensearch.knn.index.memory.NativeMemoryLoadStrategy$TrainingLoadStrategy
6493:             1             24  org.opensearch.knn.indices.ModelDao$OpenSearchKNNModelDao
6494:             1             24  org.opensearch.knn.plugin.KNNPlugin
6495:             1             24  org.opensearch.knn.plugin.rest.RestDeleteModelHandler
6496:             1             24  org.opensearch.knn.plugin.rest.RestGetModelHandler
6497:             1             24  org.opensearch.knn.plugin.rest.RestKNNStatsHandler
6498:             1             24  org.opensearch.knn.plugin.rest.RestSearchModelHandler
6499:             1             24  org.opensearch.knn.plugin.rest.RestTrainModelHandler
6500:             1             24  org.opensearch.knn.plugin.transport.ClearCacheAction
6501:             1             24  org.opensearch.knn.plugin.transport.DeleteModelAction
6502:             1             24  org.opensearch.knn.plugin.transport.GetModelAction
6503:             1             24  org.opensearch.knn.plugin.transport.KNNStatsAction
6504:             1             24  org.opensearch.knn.plugin.transport.KNNWarmupAction
6505:             1             24  org.opensearch.knn.plugin.transport.RemoveModelFromCacheAction
6506:             1             24  org.opensearch.knn.plugin.transport.SearchModelAction
6507:             1             24  org.opensearch.knn.plugin.transport.TrainingJobRouteDecisionInfoAction
6508:             1             24  org.opensearch.knn.plugin.transport.TrainingJobRouterAction
6509:             1             24  org.opensearch.knn.plugin.transport.TrainingModelAction
6510:             1             24  org.opensearch.knn.plugin.transport.UpdateModelGraveyardAction
6511:             1             24  org.opensearch.knn.plugin.transport.UpdateModelMetadataAction
6512:             1             24  org.opensearch.knn.training.TrainingJobClusterStateListener
6513:             1             24  org.opensearch.knn.training.VectorReader
6514:             1             24  org.opensearch.ml.action.profile.MLProfileAction
6515:             1             24  org.opensearch.ml.action.stats.MLStatsNodesAction
6516:             1             24  org.opensearch.ml.breaker.DiskCircuitBreaker
6517:             1             24  org.opensearch.ml.breaker.MemoryCircuitBreaker
6518:             1             24  org.opensearch.ml.common.transport.agent.MLAgentDeleteAction
6519:             1             24  org.opensearch.ml.common.transport.agent.MLAgentGetAction
6520:             1             24  org.opensearch.ml.common.transport.agent.MLRegisterAgentAction
6521:             1             24  org.opensearch.ml.common.transport.agent.MLSearchAgentAction
6522:             1             24  org.opensearch.ml.common.transport.config.MLConfigGetAction
6523:             1             24  org.opensearch.ml.common.transport.connector.MLConnectorDeleteAction
6524:             1             24  org.opensearch.ml.common.transport.connector.MLConnectorGetAction
6525:             1             24  org.opensearch.ml.common.transport.connector.MLConnectorSearchAction
6526:             1             24  org.opensearch.ml.common.transport.connector.MLCreateConnectorAction
6527:             1             24  org.opensearch.ml.common.transport.connector.MLExecuteConnectorAction
6528:             1             24  org.opensearch.ml.common.transport.connector.MLUpdateConnectorAction
6529:             1             24  org.opensearch.ml.common.transport.controller.MLControllerDeleteAction
6530:             1             24  org.opensearch.ml.common.transport.controller.MLControllerGetAction
6531:             1             24  org.opensearch.ml.common.transport.controller.MLCreateControllerAction
6532:             1             24  org.opensearch.ml.common.transport.controller.MLDeployControllerAction
6533:             1             24  org.opensearch.ml.common.transport.controller.MLUndeployControllerAction
6534:             1             24  org.opensearch.ml.common.transport.controller.MLUpdateControllerAction
6535:             1             24  org.opensearch.ml.common.transport.deploy.MLDeployModelAction
6536:             1             24  org.opensearch.ml.common.transport.deploy.MLDeployModelOnNodeAction
6537:             1             24  org.opensearch.ml.common.transport.execute.MLExecuteTaskAction
6538:             1             24  org.opensearch.ml.common.transport.forward.MLForwardAction
6539:             1             24  org.opensearch.ml.common.transport.model.MLModelDeleteAction
6540:             1             24  org.opensearch.ml.common.transport.model.MLModelGetAction
6541:             1             24  org.opensearch.ml.common.transport.model.MLModelSearchAction
6542:             1             24  org.opensearch.ml.common.transport.model.MLUpdateModelAction
6543:             1             24  org.opensearch.ml.common.transport.model_group.MLModelGroupDeleteAction
6544:             1             24  org.opensearch.ml.common.transport.model_group.MLModelGroupGetAction
6545:             1             24  org.opensearch.ml.common.transport.model_group.MLModelGroupSearchAction
6546:             1             24  org.opensearch.ml.common.transport.model_group.MLRegisterModelGroupAction
6547:             1             24  org.opensearch.ml.common.transport.model_group.MLUpdateModelGroupAction
6548:             1             24  org.opensearch.ml.common.transport.prediction.MLPredictionTaskAction
6549:             1             24  org.opensearch.ml.common.transport.register.MLRegisterModelAction
6550:             1             24  org.opensearch.ml.common.transport.sync.MLSyncUpAction
6551:             1             24  org.opensearch.ml.common.transport.task.MLTaskDeleteAction
6552:             1             24  org.opensearch.ml.common.transport.task.MLTaskGetAction
6553:             1             24  org.opensearch.ml.common.transport.task.MLTaskSearchAction
6554:             1             24  org.opensearch.ml.common.transport.tools.MLGetToolAction
6555:             1             24  org.opensearch.ml.common.transport.tools.MLListToolsAction
6556:             1             24  org.opensearch.ml.common.transport.training.MLTrainingTaskAction
6557:             1             24  org.opensearch.ml.common.transport.trainpredict.MLTrainAndPredictionTaskAction
6558:             1             24  org.opensearch.ml.common.transport.undeploy.MLUndeployModelAction
6559:             1             24  org.opensearch.ml.common.transport.undeploy.MLUndeployModelsAction
6560:             1             24  org.opensearch.ml.common.transport.update_cache.MLUpdateModelCacheAction
6561:             1             24  org.opensearch.ml.common.transport.upload_chunk.MLRegisterModelMetaAction
6562:             1             24  org.opensearch.ml.common.transport.upload_chunk.MLUploadModelChunkAction
6563:             1             24  org.opensearch.ml.engine.algorithms.sample.LocalSampleCalculator
6564:             1             24  org.opensearch.ml.engine.indices.MLIndicesHandler
6565:             1             24  org.opensearch.ml.engine.memory.MLMemoryManager
6566:             1             24  org.opensearch.ml.engine.tools.CatIndexTool$Factory
6567:             1             24  org.opensearch.ml.engine.tools.SearchIndexTool$Factory
6568:             1             24  org.opensearch.ml.memory.action.conversation.CreateConversationAction
6569:             1             24  org.opensearch.ml.memory.action.conversation.CreateInteractionAction
6570:             1             24  org.opensearch.ml.memory.action.conversation.DeleteConversationAction
6571:             1             24  org.opensearch.ml.memory.action.conversation.GetConversationAction
6572:             1             24  org.opensearch.ml.memory.action.conversation.GetConversationsAction
6573:             1             24  org.opensearch.ml.memory.action.conversation.GetInteractionAction
6574:             1             24  org.opensearch.ml.memory.action.conversation.GetInteractionsAction
6575:             1             24  org.opensearch.ml.memory.action.conversation.GetTracesAction
6576:             1             24  org.opensearch.ml.memory.action.conversation.SearchConversationsAction
6577:             1             24  org.opensearch.ml.memory.action.conversation.SearchInteractionsAction
6578:             1             24  org.opensearch.ml.memory.action.conversation.UpdateConversationAction
6579:             1             24  org.opensearch.ml.memory.action.conversation.UpdateInteractionAction
6580:             1             24  org.opensearch.ml.memory.index.OpenSearchConversationalMemoryHandler
6581:             1             24  org.opensearch.ml.model.MLModelCacheHelper
6582:             1             24  org.opensearch.ml.processor.MLInferenceIngestProcessor$Factory
6583:             1             24  org.opensearch.ml.rest.RestMLCreateConnectorAction
6584:             1             24  org.opensearch.ml.rest.RestMLCreateControllerAction
6585:             1             24  org.opensearch.ml.rest.RestMLDeleteAgentAction
6586:             1             24  org.opensearch.ml.rest.RestMLDeleteConnectorAction
6587:             1             24  org.opensearch.ml.rest.RestMLDeleteControllerAction
6588:             1             24  org.opensearch.ml.rest.RestMLDeleteModelAction
6589:             1             24  org.opensearch.ml.rest.RestMLDeleteModelGroupAction
6590:             1             24  org.opensearch.ml.rest.RestMLDeleteTaskAction
6591:             1             24  org.opensearch.ml.rest.RestMLDeployModelAction
6592:             1             24  org.opensearch.ml.rest.RestMLExecuteAction
6593:             1             24  org.opensearch.ml.rest.RestMLGetAgentAction
6594:             1             24  org.opensearch.ml.rest.RestMLGetConfigAction
6595:             1             24  org.opensearch.ml.rest.RestMLGetConnectorAction
6596:             1             24  org.opensearch.ml.rest.RestMLGetControllerAction
6597:             1             24  org.opensearch.ml.rest.RestMLGetModelAction
6598:             1             24  org.opensearch.ml.rest.RestMLGetModelGroupAction
6599:             1             24  org.opensearch.ml.rest.RestMLGetTaskAction
6600:             1             24  org.opensearch.ml.rest.RestMLGetToolAction
6601:             1             24  org.opensearch.ml.rest.RestMLListToolsAction
6602:             1             24  org.opensearch.ml.rest.RestMLProfileAction
6603:             1             24  org.opensearch.ml.rest.RestMLRegisterAgentAction
6604:             1             24  org.opensearch.ml.rest.RestMLRegisterModelAction
6605:             1             24  org.opensearch.ml.rest.RestMLRegisterModelGroupAction
6606:             1             24  org.opensearch.ml.rest.RestMLRegisterModelMetaAction
6607:             1             24  org.opensearch.ml.rest.RestMLTrainAndPredictAction
6608:             1             24  org.opensearch.ml.rest.RestMLTrainingAction
6609:             1             24  org.opensearch.ml.rest.RestMLUpdateConnectorAction
6610:             1             24  org.opensearch.ml.rest.RestMLUpdateControllerAction
6611:             1             24  org.opensearch.ml.rest.RestMLUpdateModelAction
6612:             1             24  org.opensearch.ml.rest.RestMLUpdateModelGroupAction
6613:             1             24  org.opensearch.ml.rest.RestMLUploadModelChunkAction
6614:             1             24  org.opensearch.ml.rest.RestMemoryCreateConversationAction
6615:             1             24  org.opensearch.ml.rest.RestMemoryCreateInteractionAction
6616:             1             24  org.opensearch.ml.rest.RestMemoryDeleteConversationAction
6617:             1             24  org.opensearch.ml.rest.RestMemoryGetConversationAction
6618:             1             24  org.opensearch.ml.rest.RestMemoryGetConversationsAction
6619:             1             24  org.opensearch.ml.rest.RestMemoryGetInteractionAction
6620:             1             24  org.opensearch.ml.rest.RestMemoryGetInteractionsAction
6621:             1             24  org.opensearch.ml.rest.RestMemoryGetTracesAction
6622:             1             24  org.opensearch.ml.rest.RestMemorySearchInteractionsAction
6623:             1             24  org.opensearch.ml.rest.RestMemoryUpdateConversationAction
6624:             1             24  org.opensearch.ml.rest.RestMemoryUpdateInteractionAction
6625:             1             24  org.opensearch.ml.stats.MLStats
6626:             1             24  org.opensearch.ml.utils.IndexUtils
6627:             1             24  org.opensearch.monitor.fs.FsHealthService$FsHealthMonitor
6628:             1             24  org.opensearch.monitor.fs.FsProbe
6629:             1             24  org.opensearch.monitor.jvm.JvmGcMonitorService$GcOverheadThreshold
6630:             1             24  org.opensearch.monitor.os.OsProbe
6631:             1             24  org.opensearch.monitor.process.ProcessService
6632:             1             24  org.opensearch.monitor.process.ProcessStats$Cpu
6633:             1             24  org.opensearch.monitor.process.ProcessStats$Mem
6634:             1             24  org.opensearch.neuralsearch.processor.NormalizationProcessorWorkflow
6635:             1             24  org.opensearch.neuralsearch.processor.combination.ArithmeticMeanScoreCombinationTechnique
6636:             1             24  org.opensearch.neuralsearch.processor.factory.NormalizationProcessorFactory
6637:             1             24  org.opensearch.neuralsearch.processor.factory.RerankProcessorFactory
6638:             1             24  org.opensearch.neuralsearch.processor.factory.SparseEncodingProcessorFactory
6639:             1             24  org.opensearch.neuralsearch.processor.factory.TextChunkingProcessorFactory
6640:             1             24  org.opensearch.neuralsearch.processor.factory.TextEmbeddingProcessorFactory
6641:             1             24  org.opensearch.neuralsearch.processor.factory.TextImageEmbeddingProcessorFactory
6642:             1             24  org.opensearch.neuralsearch.search.query.HybridQueryPhaseSearcher$ConcurrentQueryPhaseSearcherWithEmptyQueryCollectorContext
6643:             1             24  org.opensearch.neuralsearch.search.query.HybridQueryPhaseSearcher$DefaultQueryPhaseSearcherWithEmptyQueryCollectorContext
6644:             1             24  org.opensearch.node.IoUsageStats
6645:             1             24  org.opensearch.node.remotestore.RemoteStoreNodeService
6646:             1             24  org.opensearch.notifications.resthandler.NotificationChannelListRestHandler
6647:             1             24  org.opensearch.notifications.resthandler.NotificationConfigRestHandler
6648:             1             24  org.opensearch.notifications.resthandler.NotificationFeaturesRestHandler
6649:             1             24  org.opensearch.notifications.resthandler.SendTestMessageRestHandler
6650:             1             24  org.opensearch.observability.resthandler.ObservabilityRestHandler
6651:             1             24  org.opensearch.observability.resthandler.ObservabilityStatsRestHandler
6652:             1             24  org.opensearch.observability.util.HelpersKt$logger$1
6653:             1             24  org.opensearch.painless.PainlessScriptEngine
6654:             1             24  org.opensearch.painless.action.PainlessContextAction
6655:             1             24  org.opensearch.painless.action.PainlessContextAction$RestAction
6656:             1             24  org.opensearch.painless.action.PainlessExecuteAction
6657:             1             24  org.opensearch.painless.action.PainlessExecuteAction$RestAction
6658:             1             24  org.opensearch.performanceanalyzer.commons.config.overrides.ConfigOverrides
6659:             1             24  org.opensearch.performanceanalyzer.commons.event_process.EventLog
6660:             1             24  org.opensearch.performanceanalyzer.commons.stats.StatsReporter
6661:             1             24  org.opensearch.performanceanalyzer.config.setting.ClusterSettingsManager$$Lambda/0x00007fcd291cc230
6662:             1             24  org.opensearch.performanceanalyzer.config.setting.handler.ConfigOverridesClusterSettingHandler
6663:             1             24  org.opensearch.performanceanalyzer.config.setting.handler.NodeStatsSettingHandler
6664:             1             24  org.opensearch.performanceanalyzer.config.setting.handler.PerformanceAnalyzerClusterSettingHandler
6665:             1             24  org.opensearch.performanceanalyzer.config.setting.handler.PerformanceAnalyzerCollectorsSettingHandler
6666:             1             24  org.opensearch.performanceanalyzer.http_action.config.PerformanceAnalyzerConfigAction
6667:             1             24  org.opensearch.performanceanalyzer.http_action.whoami.WhoAmIAction
6668:             1             24  org.opensearch.persistent.CompletionPersistentTaskAction
6669:             1             24  org.opensearch.persistent.PersistentTasksService
6670:             1             24  org.opensearch.persistent.RemovePersistentTaskAction
6671:             1             24  org.opensearch.persistent.StartPersistentTaskAction
6672:             1             24  org.opensearch.persistent.UpdatePersistentTaskStatusAction
6673:             1             24  org.opensearch.plugins.SearchPlugin$RescorerSpec
6674:             1             24  org.opensearch.replication.ReplicationPlugin$$Lambda/0x00007fcd28c11928
6675:             1             24  org.opensearch.replication.action.autofollow.AutoFollowClusterManagerNodeAction
6676:             1             24  org.opensearch.replication.action.autofollow.UpdateAutoFollowPatternAction
6677:             1             24  org.opensearch.replication.action.changes.GetChangesAction
6678:             1             24  org.opensearch.replication.action.index.ReplicateIndexAction
6679:             1             24  org.opensearch.replication.action.index.ReplicateIndexClusterManagerNodeAction
6680:             1             24  org.opensearch.replication.action.index.block.UpdateIndexBlockAction
6681:             1             24  org.opensearch.replication.action.pause.PauseIndexReplicationAction
6682:             1             24  org.opensearch.replication.action.replay.ReplayChangesAction
6683:             1             24  org.opensearch.replication.action.replicationstatedetails.UpdateReplicationStateAction
6684:             1             24  org.opensearch.replication.action.repository.GetFileChunkAction
6685:             1             24  org.opensearch.replication.action.repository.GetStoreMetadataAction
6686:             1             24  org.opensearch.replication.action.repository.ReleaseLeaderResourcesAction
6687:             1             24  org.opensearch.replication.action.resume.ResumeIndexReplicationAction
6688:             1             24  org.opensearch.replication.action.setup.SetupChecksAction
6689:             1             24  org.opensearch.replication.action.setup.ValidatePermissionsAction
6690:             1             24  org.opensearch.replication.action.stats.AutoFollowStatsAction
6691:             1             24  org.opensearch.replication.action.stats.FollowerStatsAction
6692:             1             24  org.opensearch.replication.action.stats.LeaderStatsAction
6693:             1             24  org.opensearch.replication.action.status.ReplicationStatusAction
6694:             1             24  org.opensearch.replication.action.status.ShardsInfoAction
6695:             1             24  org.opensearch.replication.action.stop.StopIndexReplicationAction
6696:             1             24  org.opensearch.replication.action.update.UpdateIndexReplicationAction
6697:             1             24  org.opensearch.replication.metadata.ReplicationMetadataManager
6698:             1             24  org.opensearch.replication.metadata.UpdateMetadataAction
6699:             1             24  org.opensearch.replication.rest.AutoFollowStatsHandler
6700:             1             24  org.opensearch.replication.rest.FollowerStatsHandler
6701:             1             24  org.opensearch.replication.rest.LeaderStatsHandler
6702:             1             24  org.opensearch.replication.rest.PauseIndexReplicationHandler
6703:             1             24  org.opensearch.replication.rest.ReplicateIndexHandler
6704:             1             24  org.opensearch.replication.rest.ReplicationStatusHandler
6705:             1             24  org.opensearch.replication.rest.ResumeIndexReplicationHandler
6706:             1             24  org.opensearch.replication.rest.StopIndexReplicationHandler
6707:             1             24  org.opensearch.replication.rest.UpdateAutoFollowPatternsHandler
6708:             1             24  org.opensearch.replication.rest.UpdateIndexHandler
6709:             1             24  org.opensearch.replication.util.Injectables
6710:             1             24  org.opensearch.reportsscheduler.resthandler.OnDemandReportRestHandler
6711:             1             24  org.opensearch.reportsscheduler.resthandler.ReportDefinitionListRestHandler
6712:             1             24  org.opensearch.reportsscheduler.resthandler.ReportDefinitionRestHandler
6713:             1             24  org.opensearch.reportsscheduler.resthandler.ReportInstanceListRestHandler
6714:             1             24  org.opensearch.reportsscheduler.resthandler.ReportInstanceRestHandler
6715:             1             24  org.opensearch.reportsscheduler.resthandler.ReportStatsRestHandler
6716:             1             24  org.opensearch.repositories.VerifyNodeRepositoryAction
6717:             1             24  org.opensearch.repositories.s3.S3AsyncService
6718:             1             24  org.opensearch.repositories.s3.S3Service
6719:             1             24  org.opensearch.rest.RestHeaderDefinition
6720:             1             24  org.opensearch.rest.action.RestFieldCapabilitiesAction
6721:             1             24  org.opensearch.rest.action.RestMainAction
6722:             1             24  org.opensearch.rest.action.admin.cluster.RestAddVotingConfigExclusionAction
6723:             1             24  org.opensearch.rest.action.admin.cluster.RestCancelTasksAction
6724:             1             24  org.opensearch.rest.action.admin.cluster.RestCleanupRepositoryAction
6725:             1             24  org.opensearch.rest.action.admin.cluster.RestClearVotingConfigExclusionsAction
6726:             1             24  org.opensearch.rest.action.admin.cluster.RestCloneSnapshotAction
6727:             1             24  org.opensearch.rest.action.admin.cluster.RestClusterAllocationExplainAction
6728:             1             24  org.opensearch.rest.action.admin.cluster.RestClusterDeleteWeightedRoutingAction
6729:             1             24  org.opensearch.rest.action.admin.cluster.RestClusterGetWeightedRoutingAction
6730:             1             24  org.opensearch.rest.action.admin.cluster.RestClusterHealthAction
6731:             1             24  org.opensearch.rest.action.admin.cluster.RestClusterPutWeightedRoutingAction
6732:             1             24  org.opensearch.rest.action.admin.cluster.RestClusterRerouteAction
6733:             1             24  org.opensearch.rest.action.admin.cluster.RestClusterSearchShardsAction
6734:             1             24  org.opensearch.rest.action.admin.cluster.RestClusterStateAction
6735:             1             24  org.opensearch.rest.action.admin.cluster.RestClusterStatsAction
6736:             1             24  org.opensearch.rest.action.admin.cluster.RestClusterUpdateSettingsAction
6737:             1             24  org.opensearch.rest.action.admin.cluster.RestCreateSnapshotAction
6738:             1             24  org.opensearch.rest.action.admin.cluster.RestDecommissionAction
6739:             1             24  org.opensearch.rest.action.admin.cluster.RestDeleteDecommissionStateAction
6740:             1             24  org.opensearch.rest.action.admin.cluster.RestDeleteRepositoryAction
6741:             1             24  org.opensearch.rest.action.admin.cluster.RestDeleteSnapshotAction
6742:             1             24  org.opensearch.rest.action.admin.cluster.RestDeleteStoredScriptAction
6743:             1             24  org.opensearch.rest.action.admin.cluster.RestGetDecommissionStateAction
6744:             1             24  org.opensearch.rest.action.admin.cluster.RestGetRepositoriesAction
6745:             1             24  org.opensearch.rest.action.admin.cluster.RestGetScriptContextAction
6746:             1             24  org.opensearch.rest.action.admin.cluster.RestGetScriptLanguageAction
6747:             1             24  org.opensearch.rest.action.admin.cluster.RestGetSnapshotsAction
6748:             1             24  org.opensearch.rest.action.admin.cluster.RestGetStoredScriptAction
6749:             1             24  org.opensearch.rest.action.admin.cluster.RestGetTaskAction
6750:             1             24  org.opensearch.rest.action.admin.cluster.RestListTasksAction
6751:             1             24  org.opensearch.rest.action.admin.cluster.RestNodesHotThreadsAction
6752:             1             24  org.opensearch.rest.action.admin.cluster.RestNodesInfoAction
6753:             1             24  org.opensearch.rest.action.admin.cluster.RestNodesStatsAction
6754:             1             24  org.opensearch.rest.action.admin.cluster.RestNodesUsageAction
6755:             1             24  org.opensearch.rest.action.admin.cluster.RestPendingClusterTasksAction
6756:             1             24  org.opensearch.rest.action.admin.cluster.RestPutRepositoryAction
6757:             1             24  org.opensearch.rest.action.admin.cluster.RestPutStoredScriptAction
6758:             1             24  org.opensearch.rest.action.admin.cluster.RestReloadSecureSettingsAction
6759:             1             24  org.opensearch.rest.action.admin.cluster.RestRemoteClusterInfoAction
6760:             1             24  org.opensearch.rest.action.admin.cluster.RestRemoteStoreStatsAction
6761:             1             24  org.opensearch.rest.action.admin.cluster.RestRestoreRemoteStoreAction
6762:             1             24  org.opensearch.rest.action.admin.cluster.RestRestoreSnapshotAction
6763:             1             24  org.opensearch.rest.action.admin.cluster.RestSnapshotsStatusAction
6764:             1             24  org.opensearch.rest.action.admin.cluster.RestVerifyRepositoryAction
6765:             1             24  org.opensearch.rest.action.admin.cluster.dangling.RestDeleteDanglingIndexAction
6766:             1             24  org.opensearch.rest.action.admin.cluster.dangling.RestImportDanglingIndexAction
6767:             1             24  org.opensearch.rest.action.admin.cluster.dangling.RestListDanglingIndicesAction
6768:             1             24  org.opensearch.rest.action.admin.indices.RestAddIndexBlockAction
6769:             1             24  org.opensearch.rest.action.admin.indices.RestAnalyzeAction
6770:             1             24  org.opensearch.rest.action.admin.indices.RestClearIndicesCacheAction
6771:             1             24  org.opensearch.rest.action.admin.indices.RestCloseIndexAction
6772:             1             24  org.opensearch.rest.action.admin.indices.RestCreateDataStreamAction
6773:             1             24  org.opensearch.rest.action.admin.indices.RestDataStreamsStatsAction
6774:             1             24  org.opensearch.rest.action.admin.indices.RestDeleteComponentTemplateAction
6775:             1             24  org.opensearch.rest.action.admin.indices.RestDeleteComposableIndexTemplateAction
6776:             1             24  org.opensearch.rest.action.admin.indices.RestDeleteDataStreamAction
6777:             1             24  org.opensearch.rest.action.admin.indices.RestDeleteIndexAction
6778:             1             24  org.opensearch.rest.action.admin.indices.RestDeleteIndexTemplateAction
6779:             1             24  org.opensearch.rest.action.admin.indices.RestFlushAction
6780:             1             24  org.opensearch.rest.action.admin.indices.RestForceMergeAction
6781:             1             24  org.opensearch.rest.action.admin.indices.RestGetComponentTemplateAction
6782:             1             24  org.opensearch.rest.action.admin.indices.RestGetComposableIndexTemplateAction
6783:             1             24  org.opensearch.rest.action.admin.indices.RestGetDataStreamsAction
6784:             1             24  org.opensearch.rest.action.admin.indices.RestGetFieldMappingAction
6785:             1             24  org.opensearch.rest.action.admin.indices.RestGetIndexTemplateAction
6786:             1             24  org.opensearch.rest.action.admin.indices.RestGetMappingAction
6787:             1             24  org.opensearch.rest.action.admin.indices.RestGetSettingsAction
6788:             1             24  org.opensearch.rest.action.admin.indices.RestIndexDeleteAliasesAction
6789:             1             24  org.opensearch.rest.action.admin.indices.RestIndicesAliasesAction
6790:             1             24  org.opensearch.rest.action.admin.indices.RestIndicesSegmentsAction
6791:             1             24  org.opensearch.rest.action.admin.indices.RestIndicesShardStoresAction
6792:             1             24  org.opensearch.rest.action.admin.indices.RestIndicesStatsAction
6793:             1             24  org.opensearch.rest.action.admin.indices.RestOpenIndexAction
6794:             1             24  org.opensearch.rest.action.admin.indices.RestPutComponentTemplateAction
6795:             1             24  org.opensearch.rest.action.admin.indices.RestPutComposableIndexTemplateAction
6796:             1             24  org.opensearch.rest.action.admin.indices.RestPutIndexTemplateAction
6797:             1             24  org.opensearch.rest.action.admin.indices.RestPutMappingAction
6798:             1             24  org.opensearch.rest.action.admin.indices.RestRecoveryAction
6799:             1             24  org.opensearch.rest.action.admin.indices.RestResizeHandler$RestCloneIndexAction
6800:             1             24  org.opensearch.rest.action.admin.indices.RestResizeHandler$RestShrinkIndexAction
6801:             1             24  org.opensearch.rest.action.admin.indices.RestResizeHandler$RestSplitIndexAction
6802:             1             24  org.opensearch.rest.action.admin.indices.RestResolveIndexAction
6803:             1             24  org.opensearch.rest.action.admin.indices.RestRolloverIndexAction
6804:             1             24  org.opensearch.rest.action.admin.indices.RestSimulateIndexTemplateAction
6805:             1             24  org.opensearch.rest.action.admin.indices.RestSimulateTemplateAction
6806:             1             24  org.opensearch.rest.action.admin.indices.RestSyncedFlushAction
6807:             1             24  org.opensearch.rest.action.admin.indices.RestUpgradeAction
6808:             1             24  org.opensearch.rest.action.admin.indices.RestUpgradeStatusAction
6809:             1             24  org.opensearch.rest.action.admin.indices.RestValidateQueryAction
6810:             1             24  org.opensearch.rest.action.cat.RestAliasAction
6811:             1             24  org.opensearch.rest.action.cat.RestAllocationAction
6812:             1             24  org.opensearch.rest.action.cat.RestCatAction
6813:             1             24  org.opensearch.rest.action.cat.RestCatRecoveryAction
6814:             1             24  org.opensearch.rest.action.cat.RestCatSegmentReplicationAction
6815:             1             24  org.opensearch.rest.action.cat.RestClusterManagerAction
6816:             1             24  org.opensearch.rest.action.cat.RestCountAction
6817:             1             24  org.opensearch.rest.action.cat.RestFielddataAction
6818:             1             24  org.opensearch.rest.action.cat.RestHealthAction
6819:             1             24  org.opensearch.rest.action.cat.RestIndicesAction
6820:             1             24  org.opensearch.rest.action.cat.RestNodeAttrsAction
6821:             1             24  org.opensearch.rest.action.cat.RestNodesAction
6822:             1             24  org.opensearch.rest.action.cat.RestPendingClusterTasksAction
6823:             1             24  org.opensearch.rest.action.cat.RestPitSegmentsAction
6824:             1             24  org.opensearch.rest.action.cat.RestPluginsAction
6825:             1             24  org.opensearch.rest.action.cat.RestRepositoriesAction
6826:             1             24  org.opensearch.rest.action.cat.RestSegmentsAction
6827:             1             24  org.opensearch.rest.action.cat.RestShardsAction
6828:             1             24  org.opensearch.rest.action.cat.RestSnapshotAction
6829:             1             24  org.opensearch.rest.action.cat.RestTasksAction
6830:             1             24  org.opensearch.rest.action.cat.RestTemplatesAction
6831:             1             24  org.opensearch.rest.action.cat.RestThreadPoolAction
6832:             1             24  org.opensearch.rest.action.document.RestGetSourceAction
6833:             1             24  org.opensearch.rest.action.document.RestMultiTermVectorsAction
6834:             1             24  org.opensearch.rest.action.document.RestTermVectorsAction
6835:             1             24  org.opensearch.rest.action.ingest.RestDeletePipelineAction
6836:             1             24  org.opensearch.rest.action.ingest.RestGetPipelineAction
6837:             1             24  org.opensearch.rest.action.ingest.RestPutPipelineAction
6838:             1             24  org.opensearch.rest.action.ingest.RestSimulatePipelineAction
6839:             1             24  org.opensearch.rest.action.search.RestCountAction
6840:             1             24  org.opensearch.rest.action.search.RestCreatePitAction
6841:             1             24  org.opensearch.rest.action.search.RestDeletePitAction
6842:             1             24  org.opensearch.rest.action.search.RestDeleteSearchPipelineAction
6843:             1             24  org.opensearch.rest.action.search.RestExplainAction
6844:             1             24  org.opensearch.rest.action.search.RestGetAllPitsAction
6845:             1             24  org.opensearch.rest.action.search.RestGetSearchPipelineAction
6846:             1             24  org.opensearch.rest.action.search.RestMultiSearchAction
6847:             1             24  org.opensearch.rest.action.search.RestPutSearchPipelineAction
6848:             1             24  org.opensearch.script.ScriptService$CacheHolder
6849:             1             24  org.opensearch.script.mustache.MultiSearchTemplateAction
6850:             1             24  org.opensearch.script.mustache.RenderSearchTemplateAction
6851:             1             24  org.opensearch.script.mustache.RestMultiSearchTemplateAction
6852:             1             24  org.opensearch.script.mustache.RestRenderSearchTemplateAction
6853:             1             24  org.opensearch.script.mustache.RestSearchTemplateAction
6854:             1             24  org.opensearch.script.mustache.SearchTemplateAction
6855:             1             24  org.opensearch.search.MultiValueMode$1
6856:             1             24  org.opensearch.search.MultiValueMode$2
6857:             1             24  org.opensearch.search.MultiValueMode$3
6858:             1             24  org.opensearch.search.MultiValueMode$4
6859:             1             24  org.opensearch.search.MultiValueMode$5
6860:             1             24  org.opensearch.search.SearchService$$Lambda/0x00007fcd2934e6d0
6861:             1             24  org.opensearch.search.SearchSortValues
6862:             1             24  org.opensearch.search.aggregations.MultiBucketConsumerService
6863:             1             24  org.opensearch.search.aggregations.SearchContextAggregations
6864:             1             24  org.opensearch.search.aggregations.bucket.histogram.DateIntervalWrapper
6865:             1             24  org.opensearch.search.aggregations.matrix.stats.MatrixStatsParser
6866:             1             24  org.opensearch.search.aggregations.support.AggregationUsageService
6867:             1             24  org.opensearch.search.aggregations.support.CoreValuesSourceType$1
6868:             1             24  org.opensearch.search.aggregations.support.CoreValuesSourceType$2
6869:             1             24  org.opensearch.search.aggregations.support.CoreValuesSourceType$3
6870:             1             24  org.opensearch.search.aggregations.support.CoreValuesSourceType$4
6871:             1             24  org.opensearch.search.aggregations.support.CoreValuesSourceType$5
6872:             1             24  org.opensearch.search.aggregations.support.CoreValuesSourceType$6
6873:             1             24  org.opensearch.search.aggregations.support.CoreValuesSourceType$7
6874:             1             24  org.opensearch.search.aggregations.support.CoreValuesSourceType$7$1
6875:             1             24  org.opensearch.search.aggregations.support.CoreValuesSourceType$8
6876:             1             24  org.opensearch.search.aggregations.support.MultiValuesSourceParseHelper$$Lambda/0x00007fcd287aada0
6877:             1             24  org.opensearch.search.aggregations.support.ValuesSourceRegistry
6878:             1             24  org.opensearch.search.asynchronous.action.AsynchronousSearchStatsAction
6879:             1             24  org.opensearch.search.asynchronous.action.DeleteAsynchronousSearchAction
6880:             1             24  org.opensearch.search.asynchronous.action.GetAsynchronousSearchAction
6881:             1             24  org.opensearch.search.asynchronous.action.SubmitAsynchronousSearchAction
6882:             1             24  org.opensearch.search.asynchronous.context.active.AsynchronousSearchActiveStore
6883:             1             24  org.opensearch.search.asynchronous.plugin.AsynchronousSearchPlugin
6884:             1             24  org.opensearch.search.asynchronous.rest.RestAsynchronousSearchStatsAction
6885:             1             24  org.opensearch.search.asynchronous.rest.RestDeleteAsynchronousSearchAction
6886:             1             24  org.opensearch.search.asynchronous.rest.RestGetAsynchronousSearchAction
6887:             1             24  org.opensearch.search.asynchronous.rest.RestSubmitAsynchronousSearchAction
6888:             1             24  org.opensearch.search.asynchronous.service.AsynchronousSearchPersistenceService
6889:             1             24  org.opensearch.search.internal.ContextIndexSearcher$1
6890:             1             24  org.opensearch.search.internal.ReaderContext$1
6891:             1             24  org.opensearch.search.internal.ShardSearchContextId
6892:             1             24  org.opensearch.search.query.ConcurrentQueryPhaseSearcher
6893:             1             24  org.opensearch.search.query.QueryCollectorContext$5
6894:             1             24  org.opensearch.search.query.QueryPhase
6895:             1             24  org.opensearch.search.query.QueryPhase$$Lambda/0x00007fcd293c5de0
6896:             1             24  org.opensearch.search.query.TopDocsCollectorContext$EmptyTopDocsCollectorContext$$Lambda/0x00007fcd293c2258
6897:             1             24  org.opensearch.search.sort.SortOrder$1
6898:             1             24  org.opensearch.search.sort.SortOrder$2
6899:             1             24  org.opensearch.searchpipelines.questionanswering.generative.GenerativeQAResponseProcessor$Factory
6900:             1             24  org.opensearch.secure_sm.SecureSM
6901:             1             24  org.opensearch.security.OpenSearchSecurityPlugin$6$2
6902:             1             24  org.opensearch.security.action.configupdate.ConfigUpdateAction
6903:             1             24  org.opensearch.security.action.onbehalf.CreateOnBehalfOfTokenAction
6904:             1             24  org.opensearch.security.action.whoami.WhoAmIAction
6905:             1             24  org.opensearch.security.auditlog.config.AuditConfig
6906:             1             24  org.opensearch.security.auditlog.config.ThreadPoolConfig
6907:             1             24  org.opensearch.security.auditlog.routing.AsyncStoragePool
6908:             1             24  org.opensearch.security.auth.RolesInjector
6909:             1             24  org.opensearch.security.auth.internal.InternalAuthenticationBackend
6910:             1             24  org.opensearch.security.dlic.rest.api.ssl.CertificatesActionType
6911:             1             24  org.opensearch.security.rest.SecurityHealthAction
6912:             1             24  org.opensearch.security.securityconf.ConfigModelV7$1
6913:             1             24  org.opensearch.security.securityconf.ConfigModelV7$SecurityRoles
6914:             1             24  org.opensearch.security.securityconf.ConfigModelV7$TenantHolder
6915:             1             24  org.opensearch.security.securityconf.DynamicConfigFactory$InternalUsersModelV7
6916:             1             24  org.opensearch.security.securityconf.impl.AllowlistingSettings
6917:             1             24  org.opensearch.security.securityconf.impl.v7.RoleV7$Tenant
6918:             1             24  org.opensearch.security.securityconf.impl.v7.TenantV7
6919:             1             24  org.opensearch.security.setting.TransportPassiveAuthSetting
6920:             1             24  org.opensearch.security.support.SecurityIndexHandler
6921:             1             24  org.opensearch.security.support.StreamableRegistry
6922:             1             24  org.opensearch.security.support.StreamableRegistry$Entry
6923:             1             24  org.opensearch.securityanalytics.action.AckAlertsAction
6924:             1             24  org.opensearch.securityanalytics.action.AckCorrelationAlertsAction
6925:             1             24  org.opensearch.securityanalytics.action.CorrelatedFindingAction
6926:             1             24  org.opensearch.securityanalytics.action.CreateIndexMappingsAction
6927:             1             24  org.opensearch.securityanalytics.action.DeleteCorrelationRuleAction
6928:             1             24  org.opensearch.securityanalytics.action.DeleteCustomLogTypeAction
6929:             1             24  org.opensearch.securityanalytics.action.DeleteDetectorAction
6930:             1             24  org.opensearch.securityanalytics.action.DeleteRuleAction
6931:             1             24  org.opensearch.securityanalytics.action.GetAlertsAction
6932:             1             24  org.opensearch.securityanalytics.action.GetAllRuleCategoriesAction
6933:             1             24  org.opensearch.securityanalytics.action.GetCorrelationAlertsAction
6934:             1             24  org.opensearch.securityanalytics.action.GetDetectorAction
6935:             1             24  org.opensearch.securityanalytics.action.GetFindingsAction
6936:             1             24  org.opensearch.securityanalytics.action.GetIndexMappingsAction
6937:             1             24  org.opensearch.securityanalytics.action.GetMappingsViewAction
6938:             1             24  org.opensearch.securityanalytics.action.IndexCorrelationRuleAction
6939:             1             24  org.opensearch.securityanalytics.action.IndexCustomLogTypeAction
6940:             1             24  org.opensearch.securityanalytics.action.IndexDetectorAction
6941:             1             24  org.opensearch.securityanalytics.action.IndexRuleAction
6942:             1             24  org.opensearch.securityanalytics.action.ListCorrelationsAction
6943:             1             24  org.opensearch.securityanalytics.action.SearchCorrelationRuleAction
6944:             1             24  org.opensearch.securityanalytics.action.SearchCustomLogTypeAction
6945:             1             24  org.opensearch.securityanalytics.action.SearchDetectorAction
6946:             1             24  org.opensearch.securityanalytics.action.SearchRuleAction
6947:             1             24  org.opensearch.securityanalytics.action.UpdateIndexMappingsAction
6948:             1             24  org.opensearch.securityanalytics.action.ValidateRulesAction
6949:             1             24  org.opensearch.securityanalytics.correlation.alert.CorrelationAlertService
6950:             1             24  org.opensearch.securityanalytics.correlation.index.codec.correlation950.CorrelationCodec950
6951:             1             24  org.opensearch.securityanalytics.correlation.index.codec.correlation990.CorrelationCodec990
6952:             1             24  org.opensearch.securityanalytics.resthandler.RestAcknowledgeAlertsAction
6953:             1             24  org.opensearch.securityanalytics.resthandler.RestAcknowledgeCorrelationAlertsAction
6954:             1             24  org.opensearch.securityanalytics.resthandler.RestCreateIndexMappingsAction
6955:             1             24  org.opensearch.securityanalytics.resthandler.RestDeleteCorrelationRuleAction
6956:             1             24  org.opensearch.securityanalytics.resthandler.RestDeleteCustomLogTypeAction
6957:             1             24  org.opensearch.securityanalytics.resthandler.RestDeleteDetectorAction
6958:             1             24  org.opensearch.securityanalytics.resthandler.RestDeleteRuleAction
6959:             1             24  org.opensearch.securityanalytics.resthandler.RestGetAlertsAction
6960:             1             24  org.opensearch.securityanalytics.resthandler.RestGetAllRuleCategoriesAction
6961:             1             24  org.opensearch.securityanalytics.resthandler.RestGetCorrelationsAlertsAction
6962:             1             24  org.opensearch.securityanalytics.resthandler.RestGetDetectorAction
6963:             1             24  org.opensearch.securityanalytics.resthandler.RestGetFindingsAction
6964:             1             24  org.opensearch.securityanalytics.resthandler.RestGetIndexMappingsAction
6965:             1             24  org.opensearch.securityanalytics.resthandler.RestGetMappingsViewAction
6966:             1             24  org.opensearch.securityanalytics.resthandler.RestIndexCorrelationRuleAction
6967:             1             24  org.opensearch.securityanalytics.resthandler.RestIndexCustomLogTypeAction
6968:             1             24  org.opensearch.securityanalytics.resthandler.RestIndexDetectorAction
6969:             1             24  org.opensearch.securityanalytics.resthandler.RestIndexRuleAction
6970:             1             24  org.opensearch.securityanalytics.resthandler.RestListCorrelationAction
6971:             1             24  org.opensearch.securityanalytics.resthandler.RestSearchCorrelationAction
6972:             1             24  org.opensearch.securityanalytics.resthandler.RestSearchCorrelationRuleAction
6973:             1             24  org.opensearch.securityanalytics.resthandler.RestSearchCustomLogTypeAction
6974:             1             24  org.opensearch.securityanalytics.resthandler.RestSearchDetectorAction
6975:             1             24  org.opensearch.securityanalytics.resthandler.RestSearchRuleAction
6976:             1             24  org.opensearch.securityanalytics.resthandler.RestUpdateIndexMappingsAction
6977:             1             24  org.opensearch.securityanalytics.resthandler.RestValidateRulesAction
6978:             1             24  org.opensearch.securityanalytics.threatIntel.DetectorThreatIntelService
6979:             1             24  org.opensearch.securityanalytics.threatIntel.action.PutTIFJobAction
6980:             1             24  org.opensearch.securityanalytics.threatIntel.common.TIFLockService
6981:             1             24  org.opensearch.securityanalytics.threatIntel.jobscheduler.TIFJobParameterService
6982:             1             24  org.opensearch.securityanalytics.util.CorrelationIndices
6983:             1             24  org.opensearch.securityanalytics.util.CorrelationRuleIndices
6984:             1             24  org.opensearch.securityanalytics.util.CustomLogTypeIndices
6985:             1             24  org.opensearch.securityanalytics.util.DetectorIndices
6986:             1             24  org.opensearch.securityanalytics.util.RuleTopicIndices
6987:             1             24  org.opensearch.securityanalytics.util.RuleValidator
6988:             1             24  org.opensearch.snapshots.SnapshotsService$OngoingRepositoryOperations
6989:             1             24  org.opensearch.sql.datasources.rest.RestDataSourceQueryAction
6990:             1             24  org.opensearch.sql.datasources.service.DataSourceLoaderCacheImpl
6991:             1             24  org.opensearch.sql.datasources.service.DataSourceServiceImpl
6992:             1             24  org.opensearch.sql.datasources.storage.OpenSearchDataSourceMetadataStorage
6993:             1             24  org.opensearch.sql.legacy.plugin.RestSQLQueryAction
6994:             1             24  org.opensearch.sql.legacy.plugin.RestSqlStatsAction
6995:             1             24  org.opensearch.sql.opensearch.storage.OpenSearchDataSourceFactory
6996:             1             24  org.opensearch.sql.plugin.rest.RestPPLQueryAction
6997:             1             24  org.opensearch.sql.plugin.rest.RestPPLStatsAction
6998:             1             24  org.opensearch.sql.plugin.rest.RestQuerySettingsAction
6999:             1             24  org.opensearch.sql.plugin.transport.TransportPPLQueryAction$$Lambda/0x00007fcd28ea4fc8
7000:             1             24  org.opensearch.sql.spark.asyncquery.AsyncQueryExecutorServiceImpl
7001:             1             24  org.opensearch.sql.spark.execution.statestore.StateStore
7002:             1             24  org.opensearch.sql.spark.execution.statestore.StateStore$$Lambda/0x00007fcd28bb9cd8
7003:             1             24  org.opensearch.sql.spark.execution.statestore.StateStore$$Lambda/0x00007fcd28bb9ef8
7004:             1             24  org.opensearch.sql.spark.rest.RestAsyncQueryManagementAction
7005:             1             24  org.opensearch.sql.spark.storage.SparkStorageFactory
7006:             1             24  org.opensearch.systemd.SystemdPlugin
7007:             1             24  org.opensearch.tasks.CancellableTask$CancelledInfo
7008:             1             24  org.opensearch.tasks.TaskCancellationService
7009:             1             24  org.opensearch.tasks.TaskManager$$Lambda/0x00007fcd292dc8a0
7010:             1             24  org.opensearch.tasks.TaskManager$1
7011:             1             24  org.opensearch.tasks.TaskResultsService
7012:             1             24  org.opensearch.threadpool.TaskAwareRunnable
7013:             1             24  org.opensearch.timeseries.breaker.CircuitBreakerService
7014:             1             24  org.opensearch.timeseries.breaker.MemoryCircuitBreaker
7015:             1             24  org.opensearch.timeseries.cluster.ClusterEventListener
7016:             1             24  org.opensearch.timeseries.settings.TimeSeriesEnabledSetting
7017:             1             24  org.opensearch.timeseries.util.DiscoveryNodeFilterer
7018:             1             24  org.opensearch.timeseries.util.IndexUtils
7019:             1             24  org.opensearch.transport.ClusterConnectionManager$1
7020:             1             24  org.opensearch.transport.NativeMessageHandler$RequestHandler
7021:             1             24  org.opensearch.transport.OutboundHandler
7022:             1             24  org.opensearch.transport.SharedGroupFactory$RefCountedGroup
7023:             1             24  org.opensearch.transport.StatsTracker
7024:             1             24  org.opensearch.transport.TcpTransport$$Lambda/0x00007fcd28cb1398
7025:             1             24  org.opensearch.transport.Transport$ResponseHandlers
7026:             1             24  org.opensearch.transport.TransportService$HandshakeRequest
7027:             1             24  org.opensearch.transport.netty4.Netty4TcpServerChannel
7028:             1             24  org.opensearch.transport.netty4.Netty4Transport$ServerChannelExceptionHandler
7029:             1             24  org.reflections.vfs.Vfs$DefaultUrlTypes$1
7030:             1             24  org.reflections.vfs.Vfs$DefaultUrlTypes$2
7031:             1             24  org.reflections.vfs.Vfs$DefaultUrlTypes$3
7032:             1             24  org.reflections.vfs.Vfs$DefaultUrlTypes$4
7033:             1             24  org.reflections.vfs.Vfs$DefaultUrlTypes$5
7034:             1             24  org.reflections.vfs.Vfs$DefaultUrlTypes$6
7035:             1             24  org.reflections.vfs.Vfs$DefaultUrlTypes$7
7036:             1             24  org.slf4j.helpers.FormattingTuple
7037:             1             24  org.slf4j.helpers.SubstituteLoggerFactory
7038:             1             24  org.slf4j.helpers.SubstituteLoggerFactory
7039:             1             24  org.slf4j.helpers.SubstituteLoggerFactory
7040:             1             24  org.yaml.snakeyaml.external.com.google.gdata.util.common.base.PercentEscaper
7041:             1             24  sun.management.CompilationImpl (java.management@21.0.3)
7042:             1             24  sun.management.ManagementFactoryHelper$LoggingMXBeanAccess (java.management@21.0.3)
7043:             1             24  sun.management.ManagementFactoryHelper$PlatformLoggingImpl (java.management@21.0.3)
7044:             1             24  sun.management.MemoryImpl (java.management@21.0.3)
7045:             1             24  sun.management.RuntimeImpl (java.management@21.0.3)
7046:             1             24  sun.management.VMManagementImpl (java.management@21.0.3)
7047:             1             24  sun.net.sdp.SdpProvider (java.base@21.0.3)
7048:             1             24  sun.net.www.protocol.http.Handler (java.base@21.0.3)
7049:             1             24  sun.nio.cs.ISO_8859_1 (java.base@21.0.3)
7050:             1             24  sun.nio.cs.StandardCharsets (java.base@21.0.3)
7051:             1             24  sun.nio.cs.ThreadLocalCoders$1 (java.base@21.0.3)
7052:             1             24  sun.nio.cs.ThreadLocalCoders$2 (java.base@21.0.3)
7053:             1             24  sun.nio.cs.US_ASCII (java.base@21.0.3)
7054:             1             24  sun.nio.cs.UTF_16 (java.base@21.0.3)
7055:             1             24  sun.nio.cs.UTF_16BE (java.base@21.0.3)
7056:             1             24  sun.nio.cs.UTF_16LE (java.base@21.0.3)
7057:             1             24  sun.nio.cs.UTF_8 (java.base@21.0.3)
7058:             1             24  sun.security.provider.DSAParameters (java.base@21.0.3)
7059:             1             24  sun.security.util.LegacyAlgorithmConstraints (java.base@21.0.3)
7060:             1             24  sun.security.validator.CADistrustPolicy$1 (java.base@21.0.3)
7061:             1             24  sun.util.calendar.LocalGregorianCalendar (java.base@21.0.3)
7062:             1             24  sun.util.locale.BaseLocale$Cache (java.base@21.0.3)
7063:             1             24  sun.util.locale.provider.BreakIteratorProviderImpl (java.base@21.0.3)
7064:             1             24  sun.util.locale.provider.CalendarDataProviderImpl (java.base@21.0.3)
7065:             1             24  sun.util.locale.provider.CalendarProviderImpl (java.base@21.0.3)
7066:             1             24  sun.util.locale.provider.DateFormatSymbolsProviderImpl (java.base@21.0.3)
7067:             1             24  sun.util.locale.provider.DecimalFormatSymbolsProviderImpl (java.base@21.0.3)
7068:             1             24  sun.util.locale.provider.LocaleServiceProviderPool (java.base@21.0.3)
7069:             1             24  sun.util.locale.provider.NumberFormatProviderImpl (java.base@21.0.3)
7070:             1             16  [Lcom.fasterxml.jackson.databind.AbstractTypeResolver;
7071:             1             16  [Lcom.fasterxml.jackson.databind.AbstractTypeResolver;
7072:             1             16  [Lcom.fasterxml.jackson.databind.AbstractTypeResolver;
7073:             1             16  [Lcom.fasterxml.jackson.databind.deser.BeanDeserializerModifier;
7074:             1             16  [Lcom.fasterxml.jackson.databind.deser.BeanDeserializerModifier;
7075:             1             16  [Lcom.fasterxml.jackson.databind.deser.BeanDeserializerModifier;
7076:             1             16  [Lcom.fasterxml.jackson.databind.deser.ValueInstantiators;
7077:             1             16  [Lcom.fasterxml.jackson.databind.deser.ValueInstantiators;
7078:             1             16  [Lcom.fasterxml.jackson.databind.deser.ValueInstantiators;
7079:             1             16  [Lcom.fasterxml.jackson.databind.ser.BeanSerializerModifier;
7080:             1             16  [Lcom.fasterxml.jackson.databind.ser.BeanSerializerModifier;
7081:             1             16  [Lcom.fasterxml.jackson.databind.ser.BeanSerializerModifier;
7082:             1             16  [Lcom.fasterxml.jackson.databind.ser.Serializers;
7083:             1             16  [Lcom.fasterxml.jackson.databind.ser.Serializers;
7084:             1             16  [Lcom.fasterxml.jackson.databind.ser.Serializers;
7085:             1             16  [Lcom.fasterxml.jackson.databind.util.ClassUtil$Ctor;
7086:             1             16  [Lcom.fasterxml.jackson.databind.util.ClassUtil$Ctor;
7087:             1             16  [Lcom.fasterxml.jackson.databind.util.ClassUtil$Ctor;
7088:             1             16  [Lio.netty.util.AsciiString;
7089:             1             16  [Ljava.lang.ClassLoader; (java.base@21.0.3)
7090:             1             16  [Ljava.lang.management.LockInfo; (java.management@21.0.3)
7091:             1             16  [Ljava.lang.management.MonitorInfo; (java.management@21.0.3)
7092:             1             16  [Ljava.lang.reflect.Field; (java.base@21.0.3)
7093:             1             16  [Ljava.nio.file.attribute.FileAttribute; (java.base@21.0.3)
7094:             1             16  [Ljava.security.Provider; (java.base@21.0.3)
7095:             1             16  [Ljava.text.FieldPosition; (java.base@21.0.3)
7096:             1             16  [Ljava.util.logging.Handler; (java.logging@21.0.3)
7097:             1             16  [Ljavax.security.cert.X509Certificate; (java.base@21.0.3)
7098:             1             16  [Ljoptsimple.util.PathProperties;
7099:             1             16  [Lkotlin.reflect.KClass;
7100:             1             16  [Lorg.apache.commons.lang3.tuple.ImmutablePair;
7101:             1             16  [Lorg.apache.commons.lang3.tuple.ImmutablePair;
7102:             1             16  [Lorg.apache.commons.lang3.tuple.ImmutablePair;
7103:             1             16  [Lorg.apache.commons.lang3.tuple.Pair$PairAdapter;
7104:             1             16  [Lorg.apache.commons.lang3.tuple.Pair;
7105:             1             16  [Lorg.apache.commons.lang3.tuple.Pair;
7106:             1             16  [Lorg.apache.logging.log4j.Level;
7107:             1             16  [Lorg.apache.logging.log4j.core.Appender;
7108:             1             16  [Lorg.apache.logging.log4j.core.impl.ExtendedStackTraceElement;
7109:             1             16  [Lorg.apache.logging.log4j.core.impl.ThrowableProxy;
7110:             1             16  [Lorg.apache.logging.log4j.spi.LoggerContext;
7111:             1             16  [Lorg.apache.lucene.codecs.PostingsFormat;
7112:             1             16  [Lorg.apache.lucene.index.Fields;
7113:             1             16  [Lorg.apache.lucene.index.ReaderSlice;
7114:             1             16  [Lorg.apache.lucene.index.Term;
7115:             1             16  [Lorg.apache.lucene.index.Terms;
7116:             1             16  [Lorg.apache.lucene.index.TermsEnumIndex;
7117:             1             16  [Lorg.apache.lucene.search.TermStatistics;
7118:             1             16  [Lorg.bouncycastle.asn1.ASN1Encodable;
7119:             1             16  [Lorg.jcodings.CaseFoldCodeItem;
7120:             1             16  [Lorg.locationtech.jts.geom.LinearRing;
7121:             1             16  [Lorg.opensearch.action.bulk.BulkItemResponse;
7122:             1             16  [Lorg.opensearch.action.search.ShardSearchFailure;
7123:             1             16  [Lorg.opensearch.action.support.replication.ReplicationResponse$ShardInfo$Failure;
7124:             1             16  [Lorg.opensearch.common.lease.Releasables;
7125:             1             16  [Lorg.opensearch.common.recycler.Recyclers;
7126:             1             16  [Lorg.opensearch.common.unit.MemorySizeValue;
7127:             1             16  [Lorg.opensearch.core.common.text.Text;
7128:             1             16  [Lorg.opensearch.core.index.Index;
7129:             1             16  [Lorg.opensearch.index.fielddata.FieldData;
7130:             1             16  [Lorg.opensearch.index.fielddata.ordinals.GlobalOrdinalsBuilder;
7131:             1             16  [Lorg.opensearch.index.translog.Translog$Operation;
7132:             1             16  [[Lorg.locationtech.jts.geom.Coordinate;
7133:             1             16  com.amazon.randomcutforest.parkservices.state.RCFCasterMapper
7134:             1             16  com.amazon.randomcutforest.parkservices.state.ThresholdedRandomCutForestMapper
7135:             1             16  com.amazon.randomcutforest.serialize.json.v1.V1JsonToV3StateConverter
7136:             1             16  com.fasterxml.jackson.annotation.JsonIncludeProperties$Value
7137:             1             16  com.fasterxml.jackson.core.io.JsonStringEncoder
7138:             1             16  com.fasterxml.jackson.core.util.DefaultPrettyPrinter$FixedSpaceIndenter
7139:             1             16  com.fasterxml.jackson.core.util.DefaultPrettyPrinter$NopIndenter
7140:             1             16  com.fasterxml.jackson.core.util.JsonRecyclerPools$ThreadLocalPool
7141:             1             16  com.fasterxml.jackson.databind.InjectableValues$Std
7142:             1             16  com.fasterxml.jackson.databind.deser.BeanDeserializerFactory
7143:             1             16  com.fasterxml.jackson.databind.deser.BeanDeserializerFactory
7144:             1             16  com.fasterxml.jackson.databind.deser.BeanDeserializerFactory
7145:             1             16  com.fasterxml.jackson.databind.deser.impl.JDKValueInstantiators$ArrayListInstantiator
7146:             1             16  com.fasterxml.jackson.databind.deser.impl.JDKValueInstantiators$HashSetInstantiator
7147:             1             16  com.fasterxml.jackson.databind.deser.impl.JDKValueInstantiators$LinkedHashMapInstantiator
7148:             1             16  com.fasterxml.jackson.databind.deser.std.StdKeyDeserializers
7149:             1             16  com.fasterxml.jackson.databind.deser.std.StdKeyDeserializers
7150:             1             16  com.fasterxml.jackson.databind.deser.std.StdKeyDeserializers
7151:             1             16  com.fasterxml.jackson.databind.ext.Java7HandlersImpl
7152:             1             16  com.fasterxml.jackson.databind.ext.Java7SupportImpl
7153:             1             16  com.fasterxml.jackson.databind.ext.Java7SupportImpl
7154:             1             16  com.fasterxml.jackson.databind.ext.Java7SupportImpl
7155:             1             16  com.fasterxml.jackson.databind.introspect.AnnotationCollector$EmptyCollector
7156:             1             16  com.fasterxml.jackson.databind.introspect.AnnotationCollector$NoAnnotations
7157:             1             16  com.fasterxml.jackson.databind.introspect.AnnotationCollector$NoAnnotations
7158:             1             16  com.fasterxml.jackson.databind.introspect.AnnotationCollector$NoAnnotations
7159:             1             16  com.fasterxml.jackson.databind.introspect.BasicClassIntrospector
7160:             1             16  com.fasterxml.jackson.databind.jsontype.impl.LaissezFaireSubTypeValidator
7161:             1             16  com.fasterxml.jackson.databind.jsontype.impl.LaissezFaireSubTypeValidator
7162:             1             16  com.fasterxml.jackson.databind.jsontype.impl.LaissezFaireSubTypeValidator
7163:             1             16  com.fasterxml.jackson.databind.jsontype.impl.StdSubtypeResolver
7164:             1             16  com.fasterxml.jackson.databind.jsontype.impl.SubTypeValidator
7165:             1             16  com.fasterxml.jackson.databind.node.JsonNodeFactory
7166:             1             16  com.fasterxml.jackson.databind.node.JsonNodeFactory
7167:             1             16  com.fasterxml.jackson.databind.node.JsonNodeFactory
7168:             1             16  com.fasterxml.jackson.databind.node.TextNode
7169:             1             16  com.fasterxml.jackson.databind.ser.BeanSerializerFactory
7170:             1             16  com.fasterxml.jackson.databind.ser.BeanSerializerFactory
7171:             1             16  com.fasterxml.jackson.databind.ser.BeanSerializerFactory
7172:             1             16  com.fasterxml.jackson.databind.ser.impl.UnknownSerializer
7173:             1             16  com.fasterxml.jackson.databind.ser.impl.UnknownSerializer
7174:             1             16  com.fasterxml.jackson.databind.ser.impl.UnknownSerializer
7175:             1             16  com.fasterxml.jackson.databind.ser.std.NullSerializer
7176:             1             16  com.fasterxml.jackson.databind.ser.std.NullSerializer
7177:             1             16  com.fasterxml.jackson.databind.ser.std.NullSerializer
7178:             1             16  com.fasterxml.jackson.databind.ser.std.SerializableSerializer
7179:             1             16  com.fasterxml.jackson.databind.ser.std.StdKeySerializer
7180:             1             16  com.fasterxml.jackson.databind.ser.std.StdKeySerializers$StringKeySerializer
7181:             1             16  com.fasterxml.jackson.databind.ser.std.StringSerializer
7182:             1             16  com.fasterxml.jackson.databind.ser.std.StringSerializer
7183:             1             16  com.fasterxml.jackson.databind.ser.std.StringSerializer
7184:             1             16  com.fasterxml.jackson.databind.type.TypeParser
7185:             1             16  com.fasterxml.jackson.databind.type.TypeParser
7186:             1             16  com.fasterxml.jackson.databind.type.TypeParser
7187:             1             16  com.fasterxml.jackson.databind.util.RootNameLookup
7188:             1             16  com.fasterxml.jackson.dataformat.yaml.util.StringQuotingChecker$Default
7189:             1             16  com.google.common.base.Absent
7190:             1             16  com.google.common.base.Equivalence$Equals
7191:             1             16  com.google.common.base.Equivalence$Equals
7192:             1             16  com.google.common.base.Equivalence$Equals
7193:             1             16  com.google.common.base.Equivalence$Equals
7194:             1             16  com.google.common.base.Platform$JdkPatternCompiler
7195:             1             16  com.google.common.base.Suppliers$SupplierOfInstance
7196:             1             16  com.google.common.base.Suppliers$SupplierOfInstance
7197:             1             16  com.google.common.base.Suppliers$SupplierOfInstance
7198:             1             16  com.google.common.base.Suppliers$SupplierOfInstance
7199:             1             16  com.google.common.base.Ticker$1
7200:             1             16  com.google.common.base.Ticker$1
7201:             1             16  com.google.common.base.Ticker$1
7202:             1             16  com.google.common.base.Ticker$1
7203:             1             16  com.google.common.cache.CacheBuilder$$Lambda/0x00007fcd28b0c3b8
7204:             1             16  com.google.common.cache.CacheBuilder$1
7205:             1             16  com.google.common.cache.CacheBuilder$1
7206:             1             16  com.google.common.cache.CacheBuilder$1
7207:             1             16  com.google.common.cache.CacheBuilder$1
7208:             1             16  com.google.common.cache.CacheBuilder$2
7209:             1             16  com.google.common.cache.CacheBuilder$2
7210:             1             16  com.google.common.cache.CacheBuilder$2
7211:             1             16  com.google.common.cache.CacheBuilder$2
7212:             1             16  com.google.common.cache.CacheBuilder$3
7213:             1             16  com.google.common.cache.CacheBuilder$3
7214:             1             16  com.google.common.cache.CacheBuilder$3
7215:             1             16  com.google.common.cache.LocalCache$1
7216:             1             16  com.google.common.cache.LocalCache$1
7217:             1             16  com.google.common.cache.LocalCache$1
7218:             1             16  com.google.common.cache.LocalCache$1
7219:             1             16  com.google.common.cache.LocalCache$2
7220:             1             16  com.google.common.cache.LocalCache$2
7221:             1             16  com.google.common.cache.LocalCache$2
7222:             1             16  com.google.common.cache.LocalCache$2
7223:             1             16  com.google.common.cache.LocalCache$AccessQueue
7224:             1             16  com.google.common.cache.LocalCache$LocalManualCache
7225:             1             16  com.google.common.cache.LocalCache$LocalManualCache
7226:             1             16  com.google.common.cache.LongAddables$2
7227:             1             16  com.google.common.collect.CollectCollectors$$Lambda/0x00007fcd28930000
7228:             1             16  com.google.common.collect.CollectCollectors$$Lambda/0x00007fcd28930218
7229:             1             16  com.google.common.collect.CollectCollectors$$Lambda/0x00007fcd28930440
7230:             1             16  com.google.common.collect.CollectCollectors$$Lambda/0x00007fcd28930680
7231:             1             16  com.google.common.collect.CollectCollectors$$Lambda/0x00007fcd28930b28
7232:             1             16  com.google.common.collect.CollectCollectors$$Lambda/0x00007fcd28930d40
7233:             1             16  com.google.common.collect.CollectCollectors$$Lambda/0x00007fcd28930f68
7234:             1             16  com.google.common.collect.CollectCollectors$$Lambda/0x00007fcd289311a8
7235:             1             16  com.google.common.collect.CollectCollectors$$Lambda/0x00007fcd28934d08
7236:             1             16  com.google.common.collect.CollectCollectors$$Lambda/0x00007fcd289353a0
7237:             1             16  com.google.common.collect.CollectCollectors$$Lambda/0x00007fcd289355c8
7238:             1             16  com.google.common.collect.CollectCollectors$$Lambda/0x00007fcd28935808
7239:             1             16  com.google.common.collect.CollectCollectors$$Lambda/0x00007fcd28935a40
7240:             1             16  com.google.common.collect.CollectCollectors$$Lambda/0x00007fcd28935e88
7241:             1             16  com.google.common.collect.CollectCollectors$$Lambda/0x00007fcd289360c8
7242:             1             16  com.google.common.collect.CollectCollectors$$Lambda/0x00007fcd292617a0
7243:             1             16  com.google.common.collect.CollectCollectors$$Lambda/0x00007fcd29261be8
7244:             1             16  com.google.common.collect.CollectCollectors$$Lambda/0x00007fcd29261e28
7245:             1             16  com.google.common.collect.CollectCollectors$$Lambda/0x00007fcd29262060
7246:             1             16  com.google.common.collect.MultimapBuilder$HashSetSupplier
7247:             1             16  com.google.common.collect.Tables$1
7248:             1             16  com.google.common.io.ByteStreams$1
7249:             1             16  com.google.common.io.Closer$SuppressingSuppressor
7250:             1             16  com.google.gson.Gson$4
7251:             1             16  com.google.gson.Gson$5
7252:             1             16  com.google.gson.JsonParser
7253:             1             16  com.google.gson.internal.bind.ArrayTypeAdapter$1
7254:             1             16  com.google.gson.internal.bind.CollectionTypeAdapterFactory
7255:             1             16  com.google.gson.internal.bind.DateTypeAdapter$1
7256:             1             16  com.google.gson.internal.bind.DefaultDateTypeAdapter$DateType$1
7257:             1             16  com.google.gson.internal.bind.JsonAdapterAnnotationTypeAdapterFactory
7258:             1             16  com.google.gson.internal.bind.NumberTypeAdapter
7259:             1             16  com.google.gson.internal.bind.NumberTypeAdapter$1
7260:             1             16  com.google.gson.internal.bind.ObjectTypeAdapter$1
7261:             1             16  com.google.gson.internal.bind.TypeAdapters$1
7262:             1             16  com.google.gson.internal.bind.TypeAdapters$10
7263:             1             16  com.google.gson.internal.bind.TypeAdapters$11
7264:             1             16  com.google.gson.internal.bind.TypeAdapters$12
7265:             1             16  com.google.gson.internal.bind.TypeAdapters$13
7266:             1             16  com.google.gson.internal.bind.TypeAdapters$14
7267:             1             16  com.google.gson.internal.bind.TypeAdapters$15
7268:             1             16  com.google.gson.internal.bind.TypeAdapters$16
7269:             1             16  com.google.gson.internal.bind.TypeAdapters$17
7270:             1             16  com.google.gson.internal.bind.TypeAdapters$18
7271:             1             16  com.google.gson.internal.bind.TypeAdapters$19
7272:             1             16  com.google.gson.internal.bind.TypeAdapters$2
7273:             1             16  com.google.gson.internal.bind.TypeAdapters$20
7274:             1             16  com.google.gson.internal.bind.TypeAdapters$21
7275:             1             16  com.google.gson.internal.bind.TypeAdapters$22
7276:             1             16  com.google.gson.internal.bind.TypeAdapters$23
7277:             1             16  com.google.gson.internal.bind.TypeAdapters$24
7278:             1             16  com.google.gson.internal.bind.TypeAdapters$25
7279:             1             16  com.google.gson.internal.bind.TypeAdapters$26
7280:             1             16  com.google.gson.internal.bind.TypeAdapters$27
7281:             1             16  com.google.gson.internal.bind.TypeAdapters$28
7282:             1             16  com.google.gson.internal.bind.TypeAdapters$3
7283:             1             16  com.google.gson.internal.bind.TypeAdapters$4
7284:             1             16  com.google.gson.internal.bind.TypeAdapters$5
7285:             1             16  com.google.gson.internal.bind.TypeAdapters$6
7286:             1             16  com.google.gson.internal.bind.TypeAdapters$7
7287:             1             16  com.google.gson.internal.bind.TypeAdapters$8
7288:             1             16  com.google.gson.internal.bind.TypeAdapters$9
7289:             1             16  com.google.gson.internal.sql.SqlDateTypeAdapter$1
7290:             1             16  com.google.gson.internal.sql.SqlTimeTypeAdapter$1
7291:             1             16  com.google.gson.internal.sql.SqlTimestampTypeAdapter$1
7292:             1             16  com.google.gson.internal.sql.SqlTypesSupport$1
7293:             1             16  com.google.gson.internal.sql.SqlTypesSupport$2
7294:             1             16  com.sun.jmx.interceptor.DefaultMBeanServerInterceptor$ResourceContext$1 (java.management@21.0.3)
7295:             1             16  com.sun.jmx.mbeanserver.DefaultMXBeanMappingFactory (java.management@21.0.3)
7296:             1             16  com.sun.jmx.mbeanserver.DescriptorCache (java.management@21.0.3)
7297:             1             16  com.sun.jmx.mbeanserver.MBeanAnalyzer$MethodOrder (java.management@21.0.3)
7298:             1             16  com.sun.jmx.mbeanserver.MBeanInstantiator (java.management@21.0.3)
7299:             1             16  com.sun.jmx.mbeanserver.MXBeanIntrospector (java.management@21.0.3)
7300:             1             16  com.sun.jmx.mbeanserver.SecureClassLoaderRepository (java.management@21.0.3)
7301:             1             16  com.sun.jna.JNIEnv
7302:             1             16  com.sun.jna.Native$1
7303:             1             16  com.sun.jna.Native$2
7304:             1             16  com.sun.jna.Native$7
7305:             1             16  com.sun.jna.NativeLibrary$1
7306:             1             16  com.sun.jna.Structure$1
7307:             1             16  com.sun.jna.Structure$2
7308:             1             16  com.sun.jna.VarArgsChecker$RealVarArgsChecker
7309:             1             16  com.sun.management.internal.HotSpotDiagnostic (jdk.management@21.0.3)
7310:             1             16  com.sun.management.internal.PlatformMBeanProviderImpl$$Lambda/0x00007fcd2807be10 (jdk.management@21.0.3)
7311:             1             16  com.sun.management.internal.PlatformMBeanProviderImpl$1 (jdk.management@21.0.3)
7312:             1             16  com.sun.management.internal.PlatformMBeanProviderImpl$3 (jdk.management@21.0.3)
7313:             1             16  com.sun.management.internal.PlatformMBeanProviderImpl$4 (jdk.management@21.0.3)
7314:             1             16  com.sun.proxy.jdk.proxy1.$Proxy28 (jdk.proxy1)
7315:             1             16  io.github.resilience4j.core.predicate.PredicateCreator$$Lambda/0x00007fcd28b91c50
7316:             1             16  io.github.resilience4j.core.predicate.PredicateCreator$$Lambda/0x00007fcd28b91e88
7317:             1             16  io.github.resilience4j.core.predicate.PredicateCreator$$Lambda/0x00007fcd28b92778
7318:             1             16  io.github.resilience4j.retry.RetryConfig$$Lambda/0x00007fcd28b90ce0
7319:             1             16  io.github.resilience4j.retry.RetryConfig$$Lambda/0x00007fcd28b90f30
7320:             1             16  io.github.resilience4j.retry.internal.RetryImpl$$Lambda/0x00007fcd28b98ec8
7321:             1             16  io.netty.bootstrap.BootstrapConfig
7322:             1             16  io.netty.bootstrap.ChannelInitializerExtensions$EmptyExtensions
7323:             1             16  io.netty.buffer.AbstractReferenceCountedByteBuf$1
7324:             1             16  io.netty.buffer.ByteBufUtil$1
7325:             1             16  io.netty.buffer.ByteBufUtil$2
7326:             1             16  io.netty.buffer.CompositeByteBuf$1
7327:             1             16  io.netty.buffer.CompositeByteBuf$2
7328:             1             16  io.netty.buffer.PoolThreadCache$MemoryRegionCache$1
7329:             1             16  io.netty.buffer.PooledHeapByteBuf$1
7330:             1             16  io.netty.channel.AbstractChannelHandlerContext$WriteTask$1
7331:             1             16  io.netty.channel.ChannelFutureListener$1
7332:             1             16  io.netty.channel.ChannelFutureListener$2
7333:             1             16  io.netty.channel.ChannelFutureListener$3
7334:             1             16  io.netty.channel.ChannelHandlerMask$1
7335:             1             16  io.netty.channel.ChannelOutboundBuffer$1
7336:             1             16  io.netty.channel.ChannelOutboundBuffer$Entry$1
7337:             1             16  io.netty.channel.DefaultChannelPipeline$1
7338:             1             16  io.netty.channel.DefaultMessageSizeEstimator
7339:             1             16  io.netty.channel.DefaultMessageSizeEstimator$HandleImpl
7340:             1             16  io.netty.channel.DefaultSelectStrategy
7341:             1             16  io.netty.channel.DefaultSelectStrategy
7342:             1             16  io.netty.channel.DefaultSelectStrategyFactory
7343:             1             16  io.netty.channel.DefaultSelectStrategyFactory
7344:             1             16  io.netty.handler.codec.ByteToMessageDecoder$1
7345:             1             16  io.netty.handler.codec.ByteToMessageDecoder$2
7346:             1             16  io.netty.handler.codec.CodecOutputList$1
7347:             1             16  io.netty.handler.codec.CodecOutputList$2
7348:             1             16  io.netty.handler.ssl.JdkDefaultApplicationProtocolNegotiator
7349:             1             16  io.netty.handler.ssl.JdkDefaultApplicationProtocolNegotiator$1
7350:             1             16  io.netty.handler.ssl.SslCloseCompletionEvent
7351:             1             16  io.netty.handler.ssl.SslHandshakeCompletionEvent
7352:             1             16  io.netty.util.AbstractReferenceCounted$1
7353:             1             16  io.netty.util.AsciiString$1
7354:             1             16  io.netty.util.AsciiString$2
7355:             1             16  io.netty.util.NettyRuntime$AvailableProcessorsHolder
7356:             1             16  io.netty.util.NettyRuntime$AvailableProcessorsHolder
7357:             1             16  io.netty.util.Recycler$1
7358:             1             16  io.netty.util.concurrent.AbstractScheduledEventExecutor$1
7359:             1             16  io.netty.util.concurrent.AbstractScheduledEventExecutor$1
7360:             1             16  io.netty.util.concurrent.AbstractScheduledEventExecutor$2
7361:             1             16  io.netty.util.concurrent.AbstractScheduledEventExecutor$2
7362:             1             16  io.netty.util.concurrent.DefaultEventExecutorChooserFactory
7363:             1             16  io.netty.util.concurrent.DefaultEventExecutorChooserFactory
7364:             1             16  io.netty.util.concurrent.DefaultPromise$CauseHolder
7365:             1             16  io.netty.util.concurrent.DefaultPromise$CauseHolder
7366:             1             16  io.netty.util.concurrent.FastThreadLocal
7367:             1             16  io.netty.util.concurrent.FastThreadLocal
7368:             1             16  io.netty.util.concurrent.GlobalEventExecutor$1
7369:             1             16  io.netty.util.concurrent.GlobalEventExecutor$1
7370:             1             16  io.netty.util.concurrent.GlobalEventExecutor$TaskRunner
7371:             1             16  io.netty.util.concurrent.GlobalEventExecutor$TaskRunner
7372:             1             16  io.netty.util.concurrent.ImmediateExecutor
7373:             1             16  io.netty.util.concurrent.MultithreadEventExecutorGroup$1
7374:             1             16  io.netty.util.concurrent.RejectedExecutionHandlers$1
7375:             1             16  io.netty.util.concurrent.RejectedExecutionHandlers$1
7376:             1             16  io.netty.util.concurrent.SingleThreadEventExecutor$1
7377:             1             16  io.netty.util.concurrent.SingleThreadEventExecutor$1
7378:             1             16  io.netty.util.concurrent.ThreadPerTaskExecutor
7379:             1             16  io.netty.util.internal.PlatformDependent$1
7380:             1             16  io.netty.util.internal.PlatformDependent$1
7381:             1             16  io.netty.util.internal.PlatformDependent$1
7382:             1             16  io.netty.util.internal.PlatformDependent$2
7383:             1             16  io.netty.util.internal.PlatformDependent$2
7384:             1             16  io.netty.util.internal.PlatformDependent$2
7385:             1             16  io.netty.util.internal.RecyclableArrayList$1
7386:             1             16  io.netty.util.internal.TypeParameterMatcher$1
7387:             1             16  io.netty.util.internal.logging.Log4J2LoggerFactory
7388:             1             16  io.netty.util.internal.logging.Log4J2LoggerFactory
7389:             1             16  io.netty.util.internal.logging.Slf4JLoggerFactory
7390:             1             16  io.netty.util.internal.logging.Slf4JLoggerFactory
7391:             1             16  io.protostuff.runtime.ArraySchemas$1
7392:             1             16  io.protostuff.runtime.IdStrategy$10
7393:             1             16  io.protostuff.runtime.IdStrategy$12
7394:             1             16  io.protostuff.runtime.IdStrategy$14
7395:             1             16  io.protostuff.runtime.IdStrategy$16
7396:             1             16  io.protostuff.runtime.IdStrategy$18
7397:             1             16  io.protostuff.runtime.IdStrategy$20
7398:             1             16  io.protostuff.runtime.IdStrategy$22
7399:             1             16  io.protostuff.runtime.IdStrategy$24
7400:             1             16  io.protostuff.runtime.IdStrategy$8
7401:             1             16  io.protostuff.runtime.ReflectAccessor$1
7402:             1             16  io.protostuff.runtime.RuntimeFieldFactory$1
7403:             1             16  io.protostuff.runtime.RuntimeReflectionFieldFactory$1
7404:             1             16  io.protostuff.runtime.RuntimeReflectionFieldFactory$10
7405:             1             16  io.protostuff.runtime.RuntimeReflectionFieldFactory$11
7406:             1             16  io.protostuff.runtime.RuntimeReflectionFieldFactory$12
7407:             1             16  io.protostuff.runtime.RuntimeReflectionFieldFactory$13
7408:             1             16  io.protostuff.runtime.RuntimeReflectionFieldFactory$14
7409:             1             16  io.protostuff.runtime.RuntimeReflectionFieldFactory$15
7410:             1             16  io.protostuff.runtime.RuntimeReflectionFieldFactory$16
7411:             1             16  io.protostuff.runtime.RuntimeReflectionFieldFactory$17
7412:             1             16  io.protostuff.runtime.RuntimeReflectionFieldFactory$18
7413:             1             16  io.protostuff.runtime.RuntimeReflectionFieldFactory$19
7414:             1             16  io.protostuff.runtime.RuntimeReflectionFieldFactory$2
7415:             1             16  io.protostuff.runtime.RuntimeReflectionFieldFactory$3
7416:             1             16  io.protostuff.runtime.RuntimeReflectionFieldFactory$4
7417:             1             16  io.protostuff.runtime.RuntimeReflectionFieldFactory$5
7418:             1             16  io.protostuff.runtime.RuntimeReflectionFieldFactory$6
7419:             1             16  io.protostuff.runtime.RuntimeReflectionFieldFactory$7
7420:             1             16  io.protostuff.runtime.RuntimeReflectionFieldFactory$8
7421:             1             16  io.protostuff.runtime.RuntimeReflectionFieldFactory$9
7422:             1             16  io.vavr.collection.HashArrayMappedTrieModule$EmptyNode
7423:             1             16  io.vavr.collection.HashMap
7424:             1             16  java.io.Console$$Lambda/0x00007fcd28065c28 (java.base@21.0.3)
7425:             1             16  java.io.Console$$Lambda/0x00007fcd280664e0 (java.base@21.0.3)
7426:             1             16  java.io.Console$$Lambda/0x00007fcd28067868 (java.base@21.0.3)
7427:             1             16  java.io.Console$1 (java.base@21.0.3)
7428:             1             16  java.io.DeleteOnExitHook$1 (java.base@21.0.3)
7429:             1             16  java.io.FileDescriptor$1 (java.base@21.0.3)
7430:             1             16  java.io.FilePermission$1 (java.base@21.0.3)
7431:             1             16  java.io.FilePermissionCollection$$Lambda/0x00007fcd28058f00 (java.base@21.0.3)
7432:             1             16  java.io.ObjectInputFilter$Config$$Lambda/0x00007fcd29177138 (java.base@21.0.3)
7433:             1             16  java.io.ObjectInputFilter$Config$$Lambda/0x00007fcd29177350 (java.base@21.0.3)
7434:             1             16  java.io.ObjectInputFilter$Config$$Lambda/0x00007fcd291779a0 (java.base@21.0.3)
7435:             1             16  java.io.ObjectInputFilter$Config$BuiltinFilterFactory (java.base@21.0.3)
7436:             1             16  java.io.ObjectInputStream$$Lambda/0x00007fcd29175368 (java.base@21.0.3)
7437:             1             16  java.io.ObjectInputStream$$Lambda/0x00007fcd29175778 (java.base@21.0.3)
7438:             1             16  java.io.PrintStream$1 (java.base@21.0.3)
7439:             1             16  java.io.PrintWriter$1 (java.base@21.0.3)
7440:             1             16  java.io.RandomAccessFile$2 (java.base@21.0.3)
7441:             1             16  java.lang.ApplicationShutdownHooks$1 (java.base@21.0.3)
7442:             1             16  java.lang.CharacterData00 (java.base@21.0.3)
7443:             1             16  java.lang.CharacterDataLatin1 (java.base@21.0.3)
7444:             1             16  java.lang.Class$$Lambda/0x00007fcd280e4930 (java.base@21.0.3)
7445:             1             16  java.lang.Module$$Lambda/0x00007fcd28148a28 (java.base@21.0.3)
7446:             1             16  java.lang.ProcessBuilder$NullInputStream (java.base@21.0.3)
7447:             1             16  java.lang.ProcessBuilder$NullOutputStream (java.base@21.0.3)
7448:             1             16  java.lang.ProcessEnvironment$StringKeySet (java.base@21.0.3)
7449:             1             16  java.lang.ProcessHandleImpl$$Lambda/0x00007fcd28165918 (java.base@21.0.3)
7450:             1             16  java.lang.Runtime (java.base@21.0.3)
7451:             1             16  java.lang.Runtime$Version$$Lambda/0x00007fcd280795c0 (java.base@21.0.3)
7452:             1             16  java.lang.SecurityManager$$Lambda/0x00007fcd28046e18 (java.base@21.0.3)
7453:             1             16  java.lang.SecurityManager$$Lambda/0x00007fcd280472a0 (java.base@21.0.3)
7454:             1             16  java.lang.SecurityManager$$Lambda/0x00007fcd280474d8 (java.base@21.0.3)
7455:             1             16  java.lang.SecurityManager$$Lambda/0x00007fcd28047710 (java.base@21.0.3)
7456:             1             16  java.lang.SecurityManager$$Lambda/0x00007fcd28047938 (java.base@21.0.3)
7457:             1             16  java.lang.SecurityManager$$Lambda/0x00007fcd28047b80 (java.base@21.0.3)
7458:             1             16  java.lang.SecurityManager$$Lambda/0x00007fcd28047fe8 (java.base@21.0.3)
7459:             1             16  java.lang.SecurityManager$$Lambda/0x00007fcd28048230 (java.base@21.0.3)
7460:             1             16  java.lang.String$CaseInsensitiveComparator (java.base@21.0.3)
7461:             1             16  java.lang.System$2 (java.base@21.0.3)
7462:             1             16  java.lang.System$LoggerFinder$$Lambda/0x00007fcd28168d28 (java.base@21.0.3)
7463:             1             16  java.lang.Terminator$1 (java.base@21.0.3)
7464:             1             16  java.lang.invoke.ClassSpecializer$1 (java.base@21.0.3)
7465:             1             16  java.lang.invoke.MemberName$Factory (java.base@21.0.3)
7466:             1             16  java.lang.invoke.MethodHandleImpl$1 (java.base@21.0.3)
7467:             1             16  java.lang.management.DefaultPlatformMBeanProvider$1 (java.management@21.0.3)
7468:             1             16  java.lang.management.DefaultPlatformMBeanProvider$10 (java.management@21.0.3)
7469:             1             16  java.lang.management.DefaultPlatformMBeanProvider$2 (java.management@21.0.3)
7470:             1             16  java.lang.management.DefaultPlatformMBeanProvider$3 (java.management@21.0.3)
7471:             1             16  java.lang.management.DefaultPlatformMBeanProvider$5 (java.management@21.0.3)
7472:             1             16  java.lang.management.DefaultPlatformMBeanProvider$5$$Lambda/0x00007fcd284fb058 (java.management@21.0.3)
7473:             1             16  java.lang.management.DefaultPlatformMBeanProvider$6 (java.management@21.0.3)
7474:             1             16  java.lang.management.DefaultPlatformMBeanProvider$7 (java.management@21.0.3)
7475:             1             16  java.lang.management.DefaultPlatformMBeanProvider$9 (java.management@21.0.3)
7476:             1             16  java.lang.management.ManagementFactory$$Lambda/0x00007fcd2807a018 (java.management@21.0.3)
7477:             1             16  java.lang.management.ManagementFactory$$Lambda/0x00007fcd284f23e0 (java.management@21.0.3)
7478:             1             16  java.lang.management.ManagementFactory$$Lambda/0x00007fcd284f2628 (java.management@21.0.3)
7479:             1             16  java.lang.management.ManagementFactory$$Lambda/0x00007fcd284f2860 (java.management@21.0.3)
7480:             1             16  java.lang.module.ModuleDescriptor$1 (java.base@21.0.3)
7481:             1             16  java.lang.module.ModuleDescriptor$Builder$$Lambda/0x800000002 (java.base@21.0.3)
7482:             1             16  java.lang.ref.Cleaner (java.base@21.0.3)
7483:             1             16  java.lang.ref.Cleaner$1 (java.base@21.0.3)
7484:             1             16  java.lang.ref.Reference$1 (java.base@21.0.3)
7485:             1             16  java.lang.reflect.AccessFlag$1 (java.base@21.0.3)
7486:             1             16  java.lang.reflect.AccessFlag$10 (java.base@21.0.3)
7487:             1             16  java.lang.reflect.AccessFlag$11 (java.base@21.0.3)
7488:             1             16  java.lang.reflect.AccessFlag$12 (java.base@21.0.3)
7489:             1             16  java.lang.reflect.AccessFlag$13 (java.base@21.0.3)
7490:             1             16  java.lang.reflect.AccessFlag$14 (java.base@21.0.3)
7491:             1             16  java.lang.reflect.AccessFlag$15 (java.base@21.0.3)
7492:             1             16  java.lang.reflect.AccessFlag$16 (java.base@21.0.3)
7493:             1             16  java.lang.reflect.AccessFlag$17 (java.base@21.0.3)
7494:             1             16  java.lang.reflect.AccessFlag$18 (java.base@21.0.3)
7495:             1             16  java.lang.reflect.AccessFlag$2 (java.base@21.0.3)
7496:             1             16  java.lang.reflect.AccessFlag$3 (java.base@21.0.3)
7497:             1             16  java.lang.reflect.AccessFlag$4 (java.base@21.0.3)
7498:             1             16  java.lang.reflect.AccessFlag$5 (java.base@21.0.3)
7499:             1             16  java.lang.reflect.AccessFlag$6 (java.base@21.0.3)
7500:             1             16  java.lang.reflect.AccessFlag$7 (java.base@21.0.3)
7501:             1             16  java.lang.reflect.AccessFlag$8 (java.base@21.0.3)
7502:             1             16  java.lang.reflect.AccessFlag$9 (java.base@21.0.3)
7503:             1             16  java.lang.reflect.Proxy$$Lambda/0x00007fcd28147cc0 (java.base@21.0.3)
7504:             1             16  java.lang.reflect.Proxy$ProxyBuilder$$Lambda/0x00007fcd281480f0 (java.base@21.0.3)
7505:             1             16  java.lang.reflect.ProxyGenerator$$Lambda/0x00007fcd281497d8 (java.base@21.0.3)
7506:             1             16  java.lang.reflect.ProxyGenerator$$Lambda/0x00007fcd28149a10 (java.base@21.0.3)
7507:             1             16  java.lang.reflect.ReflectAccess (java.base@21.0.3)
7508:             1             16  java.net.InetAddress$$Lambda/0x00007fcd28156650 (java.base@21.0.3)
7509:             1             16  java.net.InetAddress$$Lambda/0x00007fcd28156a78 (java.base@21.0.3)
7510:             1             16  java.net.InetAddress$$Lambda/0x00007fcd28156cb0 (java.base@21.0.3)
7511:             1             16  java.net.InetAddress$1 (java.base@21.0.3)
7512:             1             16  java.net.InetAddress$PlatformResolver (java.base@21.0.3)
7513:             1             16  java.net.URI$1 (java.base@21.0.3)
7514:             1             16  java.net.URL$3 (java.base@21.0.3)
7515:             1             16  java.net.URL$DefaultFactory (java.base@21.0.3)
7516:             1             16  java.net.spi.InetAddressResolver$LookupPolicy (java.base@21.0.3)
7517:             1             16  java.nio.Bits$1 (java.base@21.0.3)
7518:             1             16  java.nio.Buffer$1 (java.base@21.0.3)
7519:             1             16  java.nio.Buffer$2 (java.base@21.0.3)
7520:             1             16  java.nio.channels.spi.SelectorProvider$Holder$$Lambda/0x00007fcd289edf88 (java.base@21.0.3)
7521:             1             16  java.nio.file.Files$$Lambda/0x00007fcd282f8420 (java.base@21.0.3)
7522:             1             16  java.nio.file.Files$AcceptAllFilter (java.base@21.0.3)
7523:             1             16  java.security.AllPermission (java.base@21.0.3)
7524:             1             16  java.security.KeyStore$$Lambda/0x00007fcd282d1c28 (java.base@21.0.3)
7525:             1             16  java.security.ProtectionDomain$JavaSecurityAccessImpl (java.base@21.0.3)
7526:             1             16  java.security.Security$$Lambda/0x80000000b (java.base@21.0.3)
7527:             1             16  java.security.Security$1 (java.base@21.0.3)
7528:             1             16  java.security.Signature$1 (java.base@21.0.3)
7529:             1             16  java.security.cert.CertPathHelperImpl (java.base@21.0.3)
7530:             1             16  java.security.spec.EncodedKeySpec$$Lambda/0x00007fcd28266c20 (java.base@21.0.3)
7531:             1             16  java.text.DecimalFormatSymbols$$Lambda/0x80000000d (java.base@21.0.3)
7532:             1             16  java.text.MessageFormat$Field (java.base@21.0.3)
7533:             1             16  java.time.ZoneOffset$$Lambda/0x80000000e (java.base@21.0.3)
7534:             1             16  java.time.chrono.HijrahChronology$$Lambda/0x00007fcd284cc538 (java.base@21.0.3)
7535:             1             16  java.time.chrono.HijrahChronology$$Lambda/0x00007fcd284cc750 (java.base@21.0.3)
7536:             1             16  java.time.chrono.IsoChronology (java.base@21.0.3)
7537:             1             16  java.time.chrono.JapaneseChronology (java.base@21.0.3)
7538:             1             16  java.time.chrono.MinguoChronology (java.base@21.0.3)
7539:             1             16  java.time.chrono.ThaiBuddhistChronology (java.base@21.0.3)
7540:             1             16  java.time.format.DateTimeFormatter$$Lambda/0x80000000f (java.base@21.0.3)
7541:             1             16  java.time.format.DateTimeFormatter$$Lambda/0x800000010 (java.base@21.0.3)
7542:             1             16  java.time.format.DateTimeFormatterBuilder$$Lambda/0x800000011 (java.base@21.0.3)
7543:             1             16  java.time.format.DateTimeFormatterBuilder$InstantPrinterParser (java.base@21.0.3)
7544:             1             16  java.time.format.DateTimeFormatterBuilder$LocalizedOffsetIdPrinterParser (java.base@21.0.3)
7545:             1             16  java.time.format.DateTimeTextProvider (java.base@21.0.3)
7546:             1             16  java.time.format.DateTimeTextProvider$1 (java.base@21.0.3)
7547:             1             16  java.time.temporal.TemporalQueries$1 (java.base@21.0.3)
7548:             1             16  java.time.temporal.TemporalQueries$2 (java.base@21.0.3)
7549:             1             16  java.time.temporal.TemporalQueries$3 (java.base@21.0.3)
7550:             1             16  java.time.temporal.TemporalQueries$4 (java.base@21.0.3)
7551:             1             16  java.time.temporal.TemporalQueries$5 (java.base@21.0.3)
7552:             1             16  java.time.temporal.TemporalQueries$6 (java.base@21.0.3)
7553:             1             16  java.time.temporal.TemporalQueries$7 (java.base@21.0.3)
7554:             1             16  java.util.AbstractMap$1 (java.base@21.0.3)
7555:             1             16  java.util.Collections$EmptyEnumeration (java.base@21.0.3)
7556:             1             16  java.util.Collections$EmptyIterator (java.base@21.0.3)
7557:             1             16  java.util.Collections$EmptyList (java.base@21.0.3)
7558:             1             16  java.util.Collections$EmptyListIterator (java.base@21.0.3)
7559:             1             16  java.util.Collections$EmptySet (java.base@21.0.3)
7560:             1             16  java.util.Collections$ReverseComparator (java.base@21.0.3)
7561:             1             16  java.util.EnumMap$1 (java.base@21.0.3)
7562:             1             16  java.util.ImmutableCollections$Access$1 (java.base@21.0.3)
7563:             1             16  java.util.ImmutableCollections$MapN$1 (java.base@21.0.3)
7564:             1             16  java.util.Locale$Builder (java.base@21.0.3)
7565:             1             16  java.util.Map$Entry$$Lambda/0x00007fcd29074e50 (java.base@21.0.3)
7566:             1             16  java.util.Properties$EntrySet (java.base@21.0.3)
7567:             1             16  java.util.ResourceBundle$1 (java.base@21.0.3)
7568:             1             16  java.util.ResourceBundle$Control (java.base@21.0.3)
7569:             1             16  java.util.Spliterators$EmptySpliterator$OfDouble (java.base@21.0.3)
7570:             1             16  java.util.Spliterators$EmptySpliterator$OfInt (java.base@21.0.3)
7571:             1             16  java.util.Spliterators$EmptySpliterator$OfLong (java.base@21.0.3)
7572:             1             16  java.util.Spliterators$EmptySpliterator$OfRef (java.base@21.0.3)
7573:             1             16  java.util.concurrent.CompletableFuture$AltResult (java.base@21.0.3)
7574:             1             16  java.util.concurrent.ForkJoinPool$2 (java.base@21.0.3)
7575:             1             16  java.util.concurrent.ForkJoinPool$DefaultForkJoinWorkerThreadFactory (java.base@21.0.3)
7576:             1             16  java.util.concurrent.ThreadPoolExecutor$AbortPolicy (java.base@21.0.3)
7577:             1             16  java.util.function.Function$$Lambda/0x00007fcd28068a50 (java.base@21.0.3)
7578:             1             16  java.util.function.UnaryOperator$$Lambda/0x00007fcd289f2348 (java.base@21.0.3)
7579:             1             16  java.util.jar.JavaUtilJarAccessImpl (java.base@21.0.3)
7580:             1             16  java.util.logging.ErrorManager (java.logging@21.0.3)
7581:             1             16  java.util.logging.Level$$Lambda/0x800000013 (java.logging@21.0.3)
7582:             1             16  java.util.logging.Level$KnownLevel$$Lambda/0x800000023 (java.logging@21.0.3)
7583:             1             16  java.util.logging.Level$KnownLevel$$Lambda/0x800000024 (java.logging@21.0.3)
7584:             1             16  java.util.logging.Level$KnownLevel$$Lambda/0x800000025 (java.logging@21.0.3)
7585:             1             16  java.util.logging.LogManager$CloseOnReset (java.logging@21.0.3)
7586:             1             16  java.util.logging.LogManager$LoggingProviderAccess (java.logging@21.0.3)
7587:             1             16  java.util.logging.LogManager$VisitedLoggers (java.logging@21.0.3)
7588:             1             16  java.util.logging.Logging (java.logging@21.0.3)
7589:             1             16  java.util.logging.SimpleFormatter (java.logging@21.0.3)
7590:             1             16  java.util.logging.SimpleFormatter$$Lambda/0x00007fcd28171fb0 (java.logging@21.0.3)
7591:             1             16  java.util.regex.CharPredicates$$Lambda/0x00007fcd28078698 (java.base@21.0.3)
7592:             1             16  java.util.regex.CharPredicates$$Lambda/0x00007fcd282fa940 (java.base@21.0.3)
7593:             1             16  java.util.regex.CharPredicates$$Lambda/0x00007fcd282fadf0 (java.base@21.0.3)
7594:             1             16  java.util.regex.CharPredicates$$Lambda/0x800000026 (java.base@21.0.3)
7595:             1             16  java.util.regex.CharPredicates$$Lambda/0x800000027 (java.base@21.0.3)
7596:             1             16  java.util.regex.Pattern$$Lambda/0x00007fcd280771b0 (java.base@21.0.3)
7597:             1             16  java.util.regex.Pattern$$Lambda/0x00007fcd282fab98 (java.base@21.0.3)
7598:             1             16  java.util.regex.Pattern$$Lambda/0x00007fcd289f9b38 (java.base@21.0.3)
7599:             1             16  java.util.regex.Pattern$LastNode (java.base@21.0.3)
7600:             1             16  java.util.regex.Pattern$LookBehindEndNode (java.base@21.0.3)
7601:             1             16  java.util.regex.Pattern$Node (java.base@21.0.3)
7602:             1             16  java.util.stream.Collectors$$Lambda/0x00007fcd2806a460 (java.base@21.0.3)
7603:             1             16  java.util.stream.Collectors$$Lambda/0x00007fcd2806a8a8 (java.base@21.0.3)
7604:             1             16  java.util.stream.Collectors$$Lambda/0x00007fcd2806aae8 (java.base@21.0.3)
7605:             1             16  java.util.stream.Collectors$$Lambda/0x00007fcd2806ca08 (java.base@21.0.3)
7606:             1             16  java.util.stream.Collectors$$Lambda/0x00007fcd2806cc20 (java.base@21.0.3)
7607:             1             16  java.util.stream.Collectors$$Lambda/0x00007fcd2806ce48 (java.base@21.0.3)
7608:             1             16  java.util.stream.Collectors$$Lambda/0x00007fcd282fe858 (java.base@21.0.3)
7609:             1             16  java.util.stream.Collectors$$Lambda/0x00007fcd284c7b58 (java.base@21.0.3)
7610:             1             16  java.util.stream.Collectors$$Lambda/0x00007fcd284c7d80 (java.base@21.0.3)
7611:             1             16  java.util.stream.Collectors$$Lambda/0x00007fcd289e1850 (java.base@21.0.3)
7612:             1             16  java.util.stream.Collectors$$Lambda/0x00007fcd29164990 (java.base@21.0.3)
7613:             1             16  java.util.stream.Collectors$$Lambda/0x00007fcd2916b990 (java.base@21.0.3)
7614:             1             16  java.util.stream.Collectors$$Lambda/0x00007fcd29177bb8 (java.base@21.0.3)
7615:             1             16  java.util.stream.Collectors$$Lambda/0x00007fcd29178a88 (java.base@21.0.3)
7616:             1             16  java.util.stream.Collectors$$Lambda/0x00007fcd29178ed0 (java.base@21.0.3)
7617:             1             16  java.util.stream.Collectors$$Lambda/0x00007fcd291790e8 (java.base@21.0.3)
7618:             1             16  java.util.stream.Collectors$$Lambda/0x00007fcd29179310 (java.base@21.0.3)
7619:             1             16  java.util.stream.Collectors$$Lambda/0x00007fcd29179550 (java.base@21.0.3)
7620:             1             16  java.util.stream.Collectors$$Lambda/0x00007fcd2917b5b0 (java.base@21.0.3)
7621:             1             16  java.util.stream.Collectors$$Lambda/0x80000003a (java.base@21.0.3)
7622:             1             16  java.util.stream.Collectors$$Lambda/0x80000003f (java.base@21.0.3)
7623:             1             16  java.util.stream.Collectors$$Lambda/0x800000041 (java.base@21.0.3)
7624:             1             16  java.util.stream.Collectors$$Lambda/0x800000042 (java.base@21.0.3)
7625:             1             16  java.util.stream.Collectors$$Lambda/0x800000043 (java.base@21.0.3)
7626:             1             16  java.util.stream.Collectors$$Lambda/0x800000044 (java.base@21.0.3)
7627:             1             16  java.util.stream.Collectors$$Lambda/0x800000046 (java.base@21.0.3)
7628:             1             16  java.util.stream.FindOps$FindSink$OfInt$$Lambda/0x800000049 (java.base@21.0.3)
7629:             1             16  java.util.stream.FindOps$FindSink$OfInt$$Lambda/0x80000004a (java.base@21.0.3)
7630:             1             16  java.util.stream.FindOps$FindSink$OfInt$$Lambda/0x80000004b (java.base@21.0.3)
7631:             1             16  java.util.stream.FindOps$FindSink$OfInt$$Lambda/0x80000004c (java.base@21.0.3)
7632:             1             16  java.util.stream.FindOps$FindSink$OfRef$$Lambda/0x80000004d (java.base@21.0.3)
7633:             1             16  java.util.stream.FindOps$FindSink$OfRef$$Lambda/0x80000004e (java.base@21.0.3)
7634:             1             16  java.util.stream.FindOps$FindSink$OfRef$$Lambda/0x80000004f (java.base@21.0.3)
7635:             1             16  java.util.stream.FindOps$FindSink$OfRef$$Lambda/0x800000050 (java.base@21.0.3)
7636:             1             16  java.util.stream.IntPipeline$$Lambda/0x00007fcd28073878 (java.base@21.0.3)
7637:             1             16  java.util.stream.IntPipeline$$Lambda/0x00007fcd290758f0 (java.base@21.0.3)
7638:             1             16  java.util.stream.LongPipeline$$Lambda/0x00007fcd284c5330 (java.base@21.0.3)
7639:             1             16  java.util.stream.LongPipeline$$Lambda/0x00007fcd289f85c0 (java.base@21.0.3)
7640:             1             16  java.util.stream.LongPipeline$$Lambda/0x00007fcd290750e0 (java.base@21.0.3)
7641:             1             16  java.util.stream.LongPipeline$$Lambda/0x00007fcd292893d8 (java.base@21.0.3)
7642:             1             16  java.util.stream.Nodes$EmptyNode$OfDouble (java.base@21.0.3)
7643:             1             16  java.util.stream.Nodes$EmptyNode$OfInt (java.base@21.0.3)
7644:             1             16  java.util.stream.Nodes$EmptyNode$OfLong (java.base@21.0.3)
7645:             1             16  java.util.stream.Nodes$EmptyNode$OfRef (java.base@21.0.3)
7646:             1             16  java.util.stream.ReferencePipeline$$Lambda/0x00007fcd289e0000 (java.base@21.0.3)
7647:             1             16  java.util.zip.ZipFile$1 (java.base@21.0.3)
7648:             1             16  javax.crypto.CryptoAllPermissionCollection (java.base@21.0.3)
7649:             1             16  javax.crypto.JceSecurityManager (java.base@21.0.3)
7650:             1             16  javax.crypto.JceSecurityManager$$Lambda/0x00007fcd282c7e30 (java.base@21.0.3)
7651:             1             16  javax.crypto.JceSecurityManager$$Lambda/0x00007fcd282c8048 (java.base@21.0.3)
7652:             1             16  javax.crypto.spec.SecretKeySpec$$Lambda/0x00007fcd280fc3c8 (java.base@21.0.3)
7653:             1             16  javax.management.JMX (java.management@21.0.3)
7654:             1             16  javax.management.MBeanServerBuilder (java.management@21.0.3)
7655:             1             16  javax.management.NotificationBroadcasterSupport$1 (java.management@21.0.3)
7656:             1             16  javax.net.ssl.KeyManagerFactory$$Lambda/0x00007fcd282f5ef8 (java.base@21.0.3)
7657:             1             16  javax.net.ssl.TrustManagerFactory$$Lambda/0x00007fcd282d0750 (java.base@21.0.3)
7658:             1             16  jdk.internal.foreign.MemorySessionImpl$$Lambda/0x00007fcd2917c0d8 (java.base@21.0.3)
7659:             1             16  jdk.internal.foreign.MemorySessionImpl$$Lambda/0x00007fcd2917c548 (java.base@21.0.3)
7660:             1             16  jdk.internal.foreign.MemorySessionImpl$ResourceList$ResourceCleanup$1 (java.base@21.0.3)
7661:             1             16  jdk.internal.icu.impl.Norm2AllModes$DecomposeNormalizer2 (java.base@21.0.3)
7662:             1             16  jdk.internal.icu.impl.Norm2AllModes$NoopNormalizer2 (java.base@21.0.3)
7663:             1             16  jdk.internal.icu.impl.NormalizerImpl$IsAcceptable (java.base@21.0.3)
7664:             1             16  jdk.internal.icu.text.NormalizerBase$ModeImpl (java.base@21.0.3)
7665:             1             16  jdk.internal.icu.text.NormalizerBase$NFCMode (java.base@21.0.3)
7666:             1             16  jdk.internal.icu.text.NormalizerBase$NFDMode (java.base@21.0.3)
7667:             1             16  jdk.internal.icu.text.NormalizerBase$NFKCMode (java.base@21.0.3)
7668:             1             16  jdk.internal.icu.text.NormalizerBase$NFKDMode (java.base@21.0.3)
7669:             1             16  jdk.internal.icu.text.NormalizerBase$NONEMode (java.base@21.0.3)
7670:             1             16  jdk.internal.icu.util.CodePointTrie$Data16 (java.base@21.0.3)
7671:             1             16  jdk.internal.icu.util.VersionInfo (java.base@21.0.3)
7672:             1             16  jdk.internal.jimage.ImageBufferCache$1 (java.base@21.0.3)
7673:             1             16  jdk.internal.jimage.ImageBufferCache$2 (java.base@21.0.3)
7674:             1             16  jdk.internal.jimage.ImageReaderFactory$1 (java.base@21.0.3)
7675:             1             16  jdk.internal.jimage.ImageStringsReader (java.base@21.0.3)
7676:             1             16  jdk.internal.jimage.decompressor.Decompressor (java.base@21.0.3)
7677:             1             16  jdk.internal.jrtfs.JrtFileSystemProvider (java.base@21.0.3)
7678:             1             16  jdk.internal.logger.LazyLoggers$$Lambda/0x00007fcd28168b10 (java.base@21.0.3)
7679:             1             16  jdk.internal.logger.LazyLoggers$1 (java.base@21.0.3)
7680:             1             16  jdk.internal.logger.LazyLoggers$JdkLazyLogger (java.base@21.0.3)
7681:             1             16  jdk.internal.logger.LazyLoggers$LazyLoggerFactories (java.base@21.0.3)
7682:             1             16  jdk.internal.logger.LoggerFinderLoader$$Lambda/0x00007fcd28169140 (java.base@21.0.3)
7683:             1             16  jdk.internal.logger.LoggerFinderLoader$$Lambda/0x00007fcd28169358 (java.base@21.0.3)
7684:             1             16  jdk.internal.math.FloatingDecimal$1 (java.base@21.0.3)
7685:             1             16  jdk.internal.misc.ExtendedMapMode$$Lambda/0x00007fcd2917da28 (java.base@21.0.3)
7686:             1             16  jdk.internal.misc.ScopedMemoryAccess (java.base@21.0.3)
7687:             1             16  jdk.internal.misc.TerminatingThreadLocal$1 (java.base@21.0.3)
7688:             1             16  jdk.internal.misc.Unsafe (java.base@21.0.3)
7689:             1             16  jdk.internal.module.ArchivedBootLayer (java.base@21.0.3)
7690:             1             16  jdk.internal.module.ModuleLoaderMap$Mapper (java.base@21.0.3)
7691:             1             16  jdk.internal.module.ModulePatcher (java.base@21.0.3)
7692:             1             16  jdk.internal.module.ModuleTarget (java.base@21.0.3)
7693:             1             16  jdk.internal.perf.Perf (java.base@21.0.3)
7694:             1             16  jdk.internal.platform.CgroupMetrics (java.base@21.0.3)
7695:             1             16  jdk.internal.platform.CgroupSubsystemFactory$$Lambda/0x00007fcd281770d8 (java.base@21.0.3)
7696:             1             16  jdk.internal.platform.cgroupv2.CgroupV2Subsystem (java.base@21.0.3)
7697:             1             16  jdk.internal.platform.cgroupv2.CgroupV2Subsystem$$Lambda/0x00007fcd284de6f0 (java.base@21.0.3)
7698:             1             16  jdk.internal.platform.cgroupv2.CgroupV2SubsystemController (java.base@21.0.3)
7699:             1             16  jdk.internal.reflect.ReflectionFactory (java.base@21.0.3)
7700:             1             16  jdk.internal.util.Preconditions$1 (java.base@21.0.3)
7701:             1             16  jdk.internal.util.Preconditions$2 (java.base@21.0.3)
7702:             1             16  jdk.internal.util.Preconditions$3 (java.base@21.0.3)
7703:             1             16  jdk.jfr.internal.SecuritySupport$$Lambda/0x00007fcd289e2bd0 (jdk.jfr@21.0.3)
7704:             1             16  jdk.jfr.internal.SecuritySupport$Privileged (jdk.jfr@21.0.3)
7705:             1             16  jdk.jfr.internal.consumer.FileAccess$UnPrivileged (jdk.jfr@21.0.3)
7706:             1             16  jdk.jfr.internal.dcmd.DCmdCheck$$Lambda/0x00007fcd289ea088 (jdk.jfr@21.0.3)
7707:             1             16  jdk.jfr.internal.dcmd.DCmdDump$$Lambda/0x00007fcd289e9e70 (jdk.jfr@21.0.3)
7708:             1             16  jdk.jfr.internal.dcmd.DCmdStart$$Lambda/0x00007fcd289e3430 (jdk.jfr@21.0.3)
7709:             1             16  jdk.jfr.internal.dcmd.DCmdStart$$Lambda/0x00007fcd289e9c58 (jdk.jfr@21.0.3)
7710:             1             16  jdk.jfr.internal.dcmd.DCmdStop$$Lambda/0x00007fcd289e1438 (jdk.jfr@21.0.3)
7711:             1             16  jdk.jfr.internal.dcmd.DCmdView$$Lambda/0x00007fcd289e1220 (jdk.jfr@21.0.3)
7712:             1             16  jdk.jfr.internal.jfc.model.JFCModel$$Lambda/0x00007fcd289e97f8 (jdk.jfr@21.0.3)
7713:             1             16  jdk.jfr.internal.jfc.model.JFCModel$$Lambda/0x00007fcd289e9a20 (jdk.jfr@21.0.3)
7714:             1             16  jdk.management.jfr.SettingDescriptorInfo$1 (jdk.management.jfr@21.0.3)
7715:             1             16  jdk.net.LinuxSocketOptions (jdk.net@21.0.3)
7716:             1             16  jdk.net.LinuxSocketOptions$$Lambda/0x00007fcd289fe8d8 (jdk.net@21.0.3)
7717:             1             16  jdk.nio.zipfs.ZipFileSystem$$Lambda/0x00007fcd2903d790 (jdk.zipfs@21.0.3)
7718:             1             16  jdk.nio.zipfs.ZipFileSystemProvider (jdk.zipfs@21.0.3)
7719:             1             16  jdk.proxy2.$Proxy14 (jdk.proxy2)
7720:             1             16  jdk.proxy2.$Proxy16 (jdk.proxy2)
7721:             1             16  jdk.proxy2.$Proxy31 (jdk.proxy2)
7722:             1             16  jdk.proxy2.$Proxy33 (jdk.proxy2)
7723:             1             16  jdk.proxy2.$Proxy8 (jdk.proxy2)
7724:             1             16  jdk.proxy4.$Proxy49 (jdk.proxy4)
7725:             1             16  jdk.proxy5.$Proxy45 (jdk.proxy5)
7726:             1             16  jdk.proxy5.$Proxy46 (jdk.proxy5)
7727:             1             16  jdk.proxy7.$Proxy43 (jdk.proxy7)
7728:             1             16  jdk.proxy7.$Proxy44 (jdk.proxy7)
7729:             1             16  joptsimple.OptionParserState$2
7730:             1             16  joptsimple.util.PathConverter
7731:             1             16  kotlin.Result$Companion
7732:             1             16  kotlin.UNINITIALIZED_VALUE
7733:             1             16  kotlin.UNINITIALIZED_VALUE
7734:             1             16  kotlin.UNINITIALIZED_VALUE
7735:             1             16  kotlin.UNINITIALIZED_VALUE
7736:             1             16  kotlin.Unit
7737:             1             16  kotlin.collections.EmptyIterator
7738:             1             16  kotlin.collections.EmptyIterator
7739:             1             16  kotlin.collections.EmptyIterator
7740:             1             16  kotlin.collections.EmptyIterator
7741:             1             16  kotlin.collections.EmptyList
7742:             1             16  kotlin.collections.EmptyList
7743:             1             16  kotlin.collections.EmptyList
7744:             1             16  kotlin.collections.EmptyList
7745:             1             16  kotlin.collections.EmptyList
7746:             1             16  kotlin.collections.EmptyList
7747:             1             16  kotlin.collections.EmptyMap
7748:             1             16  kotlin.collections.EmptySet
7749:             1             16  kotlin.coroutines.ContinuationInterceptor$Key
7750:             1             16  kotlin.coroutines.ContinuationInterceptor$Key
7751:             1             16  kotlin.coroutines.ContinuationInterceptor$Key
7752:             1             16  kotlin.coroutines.ContinuationInterceptor$Key
7753:             1             16  kotlin.coroutines.ContinuationInterceptor$Key
7754:             1             16  kotlin.coroutines.ContinuationInterceptor$Key
7755:             1             16  kotlin.coroutines.CoroutineContext$plus$1
7756:             1             16  kotlin.coroutines.CoroutineContext$plus$1
7757:             1             16  kotlin.coroutines.CoroutineContext$plus$1
7758:             1             16  kotlin.coroutines.CoroutineContext$plus$1
7759:             1             16  kotlin.coroutines.CoroutineContext$plus$1
7760:             1             16  kotlin.coroutines.CoroutineContext$plus$1
7761:             1             16  kotlin.coroutines.EmptyCoroutineContext
7762:             1             16  kotlin.coroutines.EmptyCoroutineContext
7763:             1             16  kotlin.coroutines.EmptyCoroutineContext
7764:             1             16  kotlin.coroutines.EmptyCoroutineContext
7765:             1             16  kotlin.coroutines.EmptyCoroutineContext
7766:             1             16  kotlin.coroutines.EmptyCoroutineContext
7767:             1             16  kotlin.coroutines.jvm.internal.CompletedContinuation
7768:             1             16  kotlin.internal.jdk8.JDK8PlatformImplementations
7769:             1             16  kotlin.internal.jdk8.JDK8PlatformImplementations$ReflectSdkVersion
7770:             1             16  kotlin.jvm.internal.ClassReference$Companion
7771:             1             16  kotlin.jvm.internal.ReflectionFactory
7772:             1             16  kotlin.random.Random$Default
7773:             1             16  kotlin.random.jdk8.PlatformThreadLocalRandom
7774:             1             16  kotlin.ranges.IntProgression$Companion
7775:             1             16  kotlin.ranges.IntProgression$Companion
7776:             1             16  kotlin.ranges.IntProgression$Companion
7777:             1             16  kotlin.ranges.IntRange$Companion
7778:             1             16  kotlin.ranges.IntRange$Companion
7779:             1             16  kotlin.ranges.IntRange$Companion
7780:             1             16  kotlin.text.Charsets
7781:             1             16  kotlin.text.Charsets
7782:             1             16  kotlin.text.Charsets
7783:             1             16  kotlin.text.Charsets
7784:             1             16  kotlinx.coroutines.CoroutineDispatcher$Key$1
7785:             1             16  kotlinx.coroutines.CoroutineDispatcher$Key$1
7786:             1             16  kotlinx.coroutines.CoroutineDispatcher$Key$1
7787:             1             16  kotlinx.coroutines.CoroutineDispatcher$Key$1
7788:             1             16  kotlinx.coroutines.CoroutineDispatcher$Key$1
7789:             1             16  kotlinx.coroutines.CoroutineExceptionHandler$Key
7790:             1             16  kotlinx.coroutines.CoroutineExceptionHandler$Key
7791:             1             16  kotlinx.coroutines.CoroutineExceptionHandler$Key
7792:             1             16  kotlinx.coroutines.CoroutineExceptionHandler$Key
7793:             1             16  kotlinx.coroutines.CoroutineExceptionHandler$Key
7794:             1             16  kotlinx.coroutines.CoroutineExceptionHandler$Key
7795:             1             16  kotlinx.coroutines.CoroutineName$Key
7796:             1             16  kotlinx.coroutines.CoroutineName$Key
7797:             1             16  kotlinx.coroutines.Dispatchers
7798:             1             16  kotlinx.coroutines.Dispatchers
7799:             1             16  kotlinx.coroutines.Dispatchers
7800:             1             16  kotlinx.coroutines.Dispatchers
7801:             1             16  kotlinx.coroutines.Dispatchers
7802:             1             16  kotlinx.coroutines.ExecutorCoroutineDispatcher$Key$1
7803:             1             16  kotlinx.coroutines.ExecutorCoroutineDispatcher$Key$1
7804:             1             16  kotlinx.coroutines.ExecutorCoroutineDispatcher$Key$1
7805:             1             16  kotlinx.coroutines.ExecutorCoroutineDispatcher$Key$1
7806:             1             16  kotlinx.coroutines.ExecutorCoroutineDispatcher$Key$1
7807:             1             16  kotlinx.coroutines.GlobalScope
7808:             1             16  kotlinx.coroutines.Job$Key
7809:             1             16  kotlinx.coroutines.Job$Key
7810:             1             16  kotlinx.coroutines.Job$Key
7811:             1             16  kotlinx.coroutines.Job$Key
7812:             1             16  kotlinx.coroutines.Job$Key
7813:             1             16  kotlinx.coroutines.Job$Key
7814:             1             16  kotlinx.coroutines.NonDisposableHandle
7815:             1             16  kotlinx.coroutines.NonDisposableHandle
7816:             1             16  kotlinx.coroutines.NonDisposableHandle
7817:             1             16  kotlinx.coroutines.NonDisposableHandle
7818:             1             16  kotlinx.coroutines.NonDisposableHandle
7819:             1             16  kotlinx.coroutines.NonDisposableHandle
7820:             1             16  kotlinx.coroutines.Unconfined
7821:             1             16  kotlinx.coroutines.Unconfined
7822:             1             16  kotlinx.coroutines.Unconfined
7823:             1             16  kotlinx.coroutines.Unconfined
7824:             1             16  kotlinx.coroutines.Unconfined
7825:             1             16  kotlinx.coroutines.internal.ContextScope
7826:             1             16  kotlinx.coroutines.internal.ContextScope
7827:             1             16  kotlinx.coroutines.internal.ContextScope
7828:             1             16  kotlinx.coroutines.internal.LockFreeTaskQueueCore$Companion
7829:             1             16  kotlinx.coroutines.internal.LockFreeTaskQueueCore$Companion
7830:             1             16  kotlinx.coroutines.internal.LockFreeTaskQueueCore$Companion
7831:             1             16  kotlinx.coroutines.internal.LockFreeTaskQueueCore$Companion
7832:             1             16  kotlinx.coroutines.internal.LockFreeTaskQueueCore$Companion
7833:             1             16  kotlinx.coroutines.internal.ThreadContextKt$countAll$1
7834:             1             16  kotlinx.coroutines.internal.ThreadContextKt$findOne$1
7835:             1             16  kotlinx.coroutines.internal.ThreadContextKt$restoreState$1
7836:             1             16  kotlinx.coroutines.internal.ThreadContextKt$updateState$1
7837:             1             16  kotlinx.coroutines.scheduling.CoroutineScheduler$Companion
7838:             1             16  kotlinx.coroutines.scheduling.CoroutineScheduler$Companion
7839:             1             16  kotlinx.coroutines.scheduling.CoroutineScheduler$Companion
7840:             1             16  kotlinx.coroutines.scheduling.CoroutineScheduler$Companion
7841:             1             16  kotlinx.coroutines.scheduling.CoroutineScheduler$Companion
7842:             1             16  kotlinx.coroutines.scheduling.GlobalQueue
7843:             1             16  kotlinx.coroutines.scheduling.NanoTimeSource
7844:             1             16  kotlinx.coroutines.scheduling.NanoTimeSource
7845:             1             16  kotlinx.coroutines.scheduling.NanoTimeSource
7846:             1             16  kotlinx.coroutines.scheduling.NanoTimeSource
7847:             1             16  kotlinx.coroutines.scheduling.NanoTimeSource
7848:             1             16  kotlinx.coroutines.scheduling.NonBlockingContext
7849:             1             16  org.apache.commons.pool2.impl.BaseGenericObjectPool$StatsStore$$Lambda/0x00007fcd289c0d68
7850:             1             16  org.apache.commons.pool2.impl.DefaultEvictionPolicy
7851:             1             16  org.apache.commons.pool2.impl.EvictionTimer$EvictorThreadFactory
7852:             1             16  org.apache.commons.pool2.impl.EvictionTimer$Reaper
7853:             1             16  org.apache.commons.pool2.impl.EvictionTimer$WeakRunner
7854:             1             16  org.apache.commons.pool2.impl.InterruptibleReentrantLock
7855:             1             16  org.apache.logging.log4j.LogBuilder$1
7856:             1             16  org.apache.logging.log4j.ThreadContext$EmptyIterator
7857:             1             16  org.apache.logging.log4j.ThreadContext$EmptyThreadContextStack
7858:             1             16  org.apache.logging.log4j.core.LoggerContext$$Lambda/0x00007fcd2819afb0
7859:             1             16  org.apache.logging.log4j.core.appender.ConsoleAppender$ConsoleManagerFactory
7860:             1             16  org.apache.logging.log4j.core.appender.FileManager$FileManagerFactory
7861:             1             16  org.apache.logging.log4j.core.appender.rolling.RollingFileManager$RollingFileManagerFactory
7862:             1             16  org.apache.logging.log4j.core.config.ConfigurationFactory$Factory
7863:             1             16  org.apache.logging.log4j.core.config.composite.DefaultMergeStrategy
7864:             1             16  org.apache.logging.log4j.core.config.plugins.convert.EnumConverter
7865:             1             16  org.apache.logging.log4j.core.config.plugins.convert.TypeConverterRegistry
7866:             1             16  org.apache.logging.log4j.core.config.plugins.convert.TypeConverters$BigDecimalConverter
7867:             1             16  org.apache.logging.log4j.core.config.plugins.convert.TypeConverters$BigIntegerConverter
7868:             1             16  org.apache.logging.log4j.core.config.plugins.convert.TypeConverters$BooleanConverter
7869:             1             16  org.apache.logging.log4j.core.config.plugins.convert.TypeConverters$ByteArrayConverter
7870:             1             16  org.apache.logging.log4j.core.config.plugins.convert.TypeConverters$ByteConverter
7871:             1             16  org.apache.logging.log4j.core.config.plugins.convert.TypeConverters$CharArrayConverter
7872:             1             16  org.apache.logging.log4j.core.config.plugins.convert.TypeConverters$CharacterConverter
7873:             1             16  org.apache.logging.log4j.core.config.plugins.convert.TypeConverters$CharsetConverter
7874:             1             16  org.apache.logging.log4j.core.config.plugins.convert.TypeConverters$ClassConverter
7875:             1             16  org.apache.logging.log4j.core.config.plugins.convert.TypeConverters$CronExpressionConverter
7876:             1             16  org.apache.logging.log4j.core.config.plugins.convert.TypeConverters$DoubleConverter
7877:             1             16  org.apache.logging.log4j.core.config.plugins.convert.TypeConverters$DurationConverter
7878:             1             16  org.apache.logging.log4j.core.config.plugins.convert.TypeConverters$FileConverter
7879:             1             16  org.apache.logging.log4j.core.config.plugins.convert.TypeConverters$FloatConverter
7880:             1             16  org.apache.logging.log4j.core.config.plugins.convert.TypeConverters$InetAddressConverter
7881:             1             16  org.apache.logging.log4j.core.config.plugins.convert.TypeConverters$IntegerConverter
7882:             1             16  org.apache.logging.log4j.core.config.plugins.convert.TypeConverters$LevelConverter
7883:             1             16  org.apache.logging.log4j.core.config.plugins.convert.TypeConverters$LongConverter
7884:             1             16  org.apache.logging.log4j.core.config.plugins.convert.TypeConverters$PathConverter
7885:             1             16  org.apache.logging.log4j.core.config.plugins.convert.TypeConverters$PatternConverter
7886:             1             16  org.apache.logging.log4j.core.config.plugins.convert.TypeConverters$SecurityProviderConverter
7887:             1             16  org.apache.logging.log4j.core.config.plugins.convert.TypeConverters$ShortConverter
7888:             1             16  org.apache.logging.log4j.core.config.plugins.convert.TypeConverters$StringConverter
7889:             1             16  org.apache.logging.log4j.core.config.plugins.convert.TypeConverters$UriConverter
7890:             1             16  org.apache.logging.log4j.core.config.plugins.convert.TypeConverters$UrlConverter
7891:             1             16  org.apache.logging.log4j.core.config.plugins.convert.TypeConverters$UuidConverter
7892:             1             16  org.apache.logging.log4j.core.config.plugins.processor.PluginCache$$Lambda/0x00007fcd2810c430
7893:             1             16  org.apache.logging.log4j.core.impl.ReusableLogEventFactory
7894:             1             16  org.apache.logging.log4j.core.impl.ThreadContextDataProvider
7895:             1             16  org.apache.logging.log4j.core.lookup.StrMatcher$NoMatcher
7896:             1             16  org.apache.logging.log4j.core.lookup.StrMatcher$TrimMatcher
7897:             1             16  org.apache.logging.log4j.core.net.JndiManager$JndiManagerFactory
7898:             1             16  org.apache.logging.log4j.core.pattern.NameAbbreviator$NOPAbbreviator
7899:             1             16  org.apache.logging.log4j.core.pattern.PlainTextRenderer
7900:             1             16  org.apache.logging.log4j.core.selector.ClassLoaderContextSelector
7901:             1             16  org.apache.logging.log4j.core.util.CloseShieldOutputStream
7902:             1             16  org.apache.logging.log4j.core.util.datetime.FastDateFormat$1
7903:             1             16  org.apache.logging.log4j.core.util.datetime.FastDateParser$$Lambda/0x00007fcd281ab908
7904:             1             16  org.apache.logging.log4j.core.util.datetime.FastDateParser$1
7905:             1             16  org.apache.logging.log4j.core.util.datetime.FastDateParser$2
7906:             1             16  org.apache.logging.log4j.core.util.datetime.FastDateParser$3
7907:             1             16  org.apache.logging.log4j.core.util.datetime.FastDateParser$4
7908:             1             16  org.apache.logging.log4j.core.util.datetime.FastDateParser$5
7909:             1             16  org.apache.logging.log4j.core.util.datetime.FastDatePrinter$TwoDigitMonthField
7910:             1             16  org.apache.logging.log4j.jul.LogManager$$Lambda/0x00007fcd281c2390
7911:             1             16  org.apache.logging.log4j.message.MessageFormatMessageFactory
7912:             1             16  org.apache.logging.log4j.message.ParameterizedMessage$$Lambda/0x00007fcd2819f510
7913:             1             16  org.apache.logging.log4j.message.ParameterizedNoReferenceMessageFactory
7914:             1             16  org.apache.logging.log4j.spi.AbstractLogger$$Lambda/0x00007fcd28013250
7915:             1             16  org.apache.logging.log4j.spi.CopyOnWriteSortedArrayThreadContextMap
7916:             1             16  org.apache.logging.log4j.spi.DefaultThreadContextStack
7917:             1             16  org.apache.logging.log4j.spi.LoggerRegistry$ConcurrentMapFactory
7918:             1             16  org.apache.logging.log4j.status.SimpleLoggerFactory
7919:             1             16  org.apache.logging.log4j.util.LoaderUtil$ThreadContextClassLoaderGetter
7920:             1             16  org.apache.logging.log4j.util.PropertiesUtil$Environment$$Lambda/0x00007fcd280108c8
7921:             1             16  org.apache.logging.log4j.util.PropertiesUtil$Environment$$Lambda/0x00007fcd28011a88
7922:             1             16  org.apache.logging.log4j.util.PropertiesUtil$Environment$$Lambda/0x00007fcd28011ef0
7923:             1             16  org.apache.logging.log4j.util.ProviderUtil
7924:             1             16  org.apache.logging.log4j.util.ProviderUtil$$Lambda/0x00007fcd2813fb70
7925:             1             16  org.apache.logging.log4j.util.SortedArrayStringMap$$Lambda/0x00007fcd2813e000
7926:             1             16  org.apache.logging.log4j.util.StackLocator
7927:             1             16  org.apache.logging.log4j.util.StackLocator$$Lambda/0x00007fcd28198b30
7928:             1             16  org.apache.logging.log4j.util.StackLocator$$Lambda/0x00007fcd281c6250
7929:             1             16  org.apache.logging.log4j.util.StackLocator$$Lambda/0x00007fcd2823f300
7930:             1             16  org.apache.logging.log4j.util.StackLocator$$Lambda/0x00007fcd288bfa90
7931:             1             16  org.apache.logging.log4j.util.Strings$$Lambda/0x00007fcd28005a40
7932:             1             16  org.apache.logging.slf4j.Log4jLoggerFactory$$Lambda/0x00007fcd28281a20
7933:             1             16  org.apache.logging.slf4j.Log4jLoggerFactory$$Lambda/0x00007fcd28ac7b98
7934:             1             16  org.apache.logging.slf4j.Log4jMarkerFactory
7935:             1             16  org.apache.logging.slf4j.Log4jMarkerFactory
7936:             1             16  org.apache.lucene.analysis.Analyzer$1
7937:             1             16  org.apache.lucene.analysis.Analyzer$2
7938:             1             16  org.apache.lucene.backward_codecs.compressing.CompressionMode$1
7939:             1             16  org.apache.lucene.backward_codecs.compressing.CompressionMode$2
7940:             1             16  org.apache.lucene.backward_codecs.compressing.CompressionMode$3
7941:             1             16  org.apache.lucene.backward_codecs.compressing.CompressionMode$4
7942:             1             16  org.apache.lucene.backward_codecs.lucene50.Lucene50PostingsFormat
7943:             1             16  org.apache.lucene.backward_codecs.lucene50.Lucene50StoredFieldsFormat$1
7944:             1             16  org.apache.lucene.backward_codecs.lucene50.Lucene50StoredFieldsFormat$2
7945:             1             16  org.apache.lucene.backward_codecs.lucene70.Lucene70DocValuesFormat
7946:             1             16  org.apache.lucene.backward_codecs.lucene70.Lucene70NormsFormat
7947:             1             16  org.apache.lucene.backward_codecs.lucene87.DeflateWithPresetDictCompressionMode
7948:             1             16  org.apache.lucene.backward_codecs.lucene87.LZ4WithPresetDictCompressionMode
7949:             1             16  org.apache.lucene.codecs.KnnVectorsFormat$1
7950:             1             16  org.apache.lucene.codecs.PointsFormat$1
7951:             1             16  org.apache.lucene.codecs.compressing.CompressionMode$1
7952:             1             16  org.apache.lucene.codecs.compressing.CompressionMode$2
7953:             1             16  org.apache.lucene.codecs.compressing.CompressionMode$3
7954:             1             16  org.apache.lucene.codecs.compressing.CompressionMode$4
7955:             1             16  org.apache.lucene.codecs.lucene90.DeflateWithPresetDictCompressionMode
7956:             1             16  org.apache.lucene.codecs.lucene90.LZ4WithPresetDictCompressionMode
7957:             1             16  org.apache.lucene.codecs.lucene90.Lucene90CompoundReader$$Lambda/0x00007fcd2850d598
7958:             1             16  org.apache.lucene.codecs.lucene90.Lucene90CompoundReader$$Lambda/0x00007fcd2850d7b0
7959:             1             16  org.apache.lucene.codecs.lucene99.Lucene99FlatVectorsFormat
7960:             1             16  org.apache.lucene.codecs.perfield.PerFieldPostingsFormat$FieldsWriter$$Lambda/0x00007fcd2939fbe8
7961:             1             16  org.apache.lucene.codecs.perfield.PerFieldPostingsFormat$FieldsWriter$$Lambda/0x00007fcd293a0000
7962:             1             16  org.apache.lucene.codecs.perfield.PerFieldPostingsFormat$FieldsWriter$$Lambda/0x00007fcd293a0238
7963:             1             16  org.apache.lucene.index.ConcurrentMergeScheduler$2
7964:             1             16  org.apache.lucene.index.DocumentsWriter$$Lambda/0x00007fcd290cda90
7965:             1             16  org.apache.lucene.index.DocumentsWriterDeleteQueue$$Lambda/0x00007fcd290c9be8
7966:             1             16  org.apache.lucene.index.FrozenBufferedUpdates$$Lambda/0x00007fcd290df9a0
7967:             1             16  org.apache.lucene.index.IndexWriter$$Lambda/0x00007fcd290e8a68
7968:             1             16  org.apache.lucene.index.IndexWriter$1$$Lambda/0x00007fcd290e3d58
7969:             1             16  org.apache.lucene.index.IndexWriter$4
7970:             1             16  org.apache.lucene.index.IndexWriter$5
7971:             1             16  org.apache.lucene.index.IndexWriterEventListener$1
7972:             1             16  org.apache.lucene.index.KeepOnlyLastCommitDeletionPolicy
7973:             1             16  org.apache.lucene.index.LockableConcurrentApproximatePriorityQueue$$Lambda/0x00007fcd290d2cc0
7974:             1             16  org.apache.lucene.index.MergePolicy$OneMerge$$Lambda/0x00007fcd29392c80
7975:             1             16  org.apache.lucene.index.MultiTermsEnum$1
7976:             1             16  org.apache.lucene.index.PrefixCodedTerms$$Lambda/0x00007fcd290dfbc8
7977:             1             16  org.apache.lucene.index.SegmentReader$3
7978:             1             16  org.apache.lucene.index.SerialMergeScheduler
7979:             1             16  org.apache.lucene.index.SlowCompositeCodecReaderWrapper$$Lambda/0x00007fcd2939a1e0
7980:             1             16  org.apache.lucene.index.SlowCompositeCodecReaderWrapper$$Lambda/0x00007fcd2939a3f8
7981:             1             16  org.apache.lucene.index.SlowImpactsEnum$1
7982:             1             16  org.apache.lucene.index.StandardDirectoryReader$$Lambda/0x00007fcd2851a3a0
7983:             1             16  org.apache.lucene.index.TermStates$1
7984:             1             16  org.apache.lucene.index.Terms$2
7985:             1             16  org.apache.lucene.index.TermsEnum$1
7986:             1             16  org.apache.lucene.index.TieredMergePolicy$$Lambda/0x00007fcd290e0c08
7987:             1             16  org.apache.lucene.index.TieredMergePolicy$$Lambda/0x00007fcd290e8430
7988:             1             16  org.apache.lucene.internal.tests.TestSecrets$$Lambda/0x00007fcd285052b0
7989:             1             16  org.apache.lucene.search.Boolean2ScorerSupplier$$Lambda/0x00007fcd293ce400
7990:             1             16  org.apache.lucene.search.Boolean2ScorerSupplier$$Lambda/0x00007fcd293ce618
7991:             1             16  org.apache.lucene.search.BooleanWeight$$Lambda/0x00007fcd293d8490
7992:             1             16  org.apache.lucene.search.BooleanWeight$$Lambda/0x00007fcd293d8b38
7993:             1             16  org.apache.lucene.search.BooleanWeight$$Lambda/0x00007fcd293d8d80
7994:             1             16  org.apache.lucene.search.BooleanWeight$$Lambda/0x00007fcd293d9408
7995:             1             16  org.apache.lucene.search.ConjunctionDISI$$Lambda/0x00007fcd293da7c8
7996:             1             16  org.apache.lucene.search.ConjunctionDISI$ConjunctionTwoPhaseIterator$$Lambda/0x00007fcd293dc8d0
7997:             1             16  org.apache.lucene.search.DocValuesRewriteMethod
7998:             1             16  org.apache.lucene.search.DoubleValues$2
7999:             1             16  org.apache.lucene.search.HitsThresholdChecker$1
8000:             1             16  org.apache.lucene.search.IndexSearcher$$Lambda/0x00007fcd29047bd0
8001:             1             16  org.apache.lucene.search.IndexSearcher$$Lambda/0x00007fcd290841f0
8002:             1             16  org.apache.lucene.search.IndexSearcher$LeafSlice$$Lambda/0x00007fcd29362380
8003:             1             16  org.apache.lucene.search.MultiTermQuery$1
8004:             1             16  org.apache.lucene.search.MultiTermQuery$2
8005:             1             16  org.apache.lucene.search.QueryVisitor$2
8006:             1             16  org.apache.lucene.search.ScorerUtil$$Lambda/0x00007fcd293cf120
8007:             1             16  org.apache.lucene.search.ScoringRewrite$1
8008:             1             16  org.apache.lucene.search.ScoringRewrite$2
8009:             1             16  org.apache.lucene.search.SortField$1
8010:             1             16  org.apache.lucene.search.SortField$2
8011:             1             16  org.apache.lucene.search.TaskExecutor$$Lambda/0x00007fcd288facc0
8012:             1             16  org.apache.lucene.search.TopDocs$$Lambda/0x00007fcd2872a150
8013:             1             16  org.apache.lucene.search.TopDocs$$Lambda/0x00007fcd2872a368
8014:             1             16  org.apache.lucene.search.similarities.AfterEffectB
8015:             1             16  org.apache.lucene.search.similarities.AfterEffectL
8016:             1             16  org.apache.lucene.search.similarities.BasicModelG
8017:             1             16  org.apache.lucene.search.similarities.BasicModelIF
8018:             1             16  org.apache.lucene.search.similarities.BasicModelIn
8019:             1             16  org.apache.lucene.search.similarities.BasicModelIne
8020:             1             16  org.apache.lucene.search.similarities.DistributionLL
8021:             1             16  org.apache.lucene.search.similarities.DistributionSPL
8022:             1             16  org.apache.lucene.search.similarities.IndependenceChiSquared
8023:             1             16  org.apache.lucene.search.similarities.IndependenceSaturated
8024:             1             16  org.apache.lucene.search.similarities.IndependenceStandardized
8025:             1             16  org.apache.lucene.search.similarities.LambdaDF
8026:             1             16  org.apache.lucene.search.similarities.LambdaTTF
8027:             1             16  org.apache.lucene.store.ByteBuffersDataInput$$Lambda/0x00007fcd290dcd70
8028:             1             16  org.apache.lucene.store.ByteBuffersDataOutput$$Lambda/0x00007fcd285137d0
8029:             1             16  org.apache.lucene.store.ByteBuffersDataOutput$$Lambda/0x00007fcd285139e8
8030:             1             16  org.apache.lucene.store.MMapDirectory$$Lambda/0x00007fcd284a6268
8031:             1             16  org.apache.lucene.store.MMapDirectory$$Lambda/0x00007fcd284a64b0
8032:             1             16  org.apache.lucene.store.MMapDirectory$$Lambda/0x00007fcd284a66f8
8033:             1             16  org.apache.lucene.store.MMapDirectory$$Lambda/0x00007fcd284a6940
8034:             1             16  org.apache.lucene.store.MMapDirectory$$Lambda/0x00007fcd284a6b58
8035:             1             16  org.apache.lucene.store.MemorySegmentIndexInputProvider
8036:             1             16  org.apache.lucene.store.NativeFSLockFactory
8037:             1             16  org.apache.lucene.util.Accountable$$Lambda/0x00007fcd28504c08
8038:             1             16  org.apache.lucene.util.ArrayUtil$$Lambda/0x00007fcd29315a78
8039:             1             16  org.apache.lucene.util.ArrayUtil$$Lambda/0x00007fcd2931d2d8
8040:             1             16  org.apache.lucene.util.AttributeFactory$DefaultAttributeFactory
8041:             1             16  org.apache.lucene.util.BytesRefComparator$1
8042:             1             16  org.apache.lucene.util.CharsRef$UTF16SortedAsUTF8Comparator
8043:             1             16  org.apache.lucene.util.Constants$$Lambda/0x00007fcd280c5800
8044:             1             16  org.apache.lucene.util.Constants$$Lambda/0x00007fcd280c5c58
8045:             1             16  org.apache.lucene.util.Constants$$Lambda/0x00007fcd280c5e90
8046:             1             16  org.apache.lucene.util.Constants$$Lambda/0x00007fcd280c60c8
8047:             1             16  org.apache.lucene.util.FileDeleter$$Lambda/0x00007fcd290cef50
8048:             1             16  org.apache.lucene.util.FileDeleter$$Lambda/0x00007fcd290cf400
8049:             1             16  org.apache.lucene.util.HotspotVMOptions$$Lambda/0x00007fcd280c5388
8050:             1             16  org.apache.lucene.util.IOUtils$$Lambda/0x00007fcd2851a5b8
8051:             1             16  org.apache.lucene.util.InfoStream$NoOutput
8052:             1             16  org.apache.lucene.util.LongValues$1
8053:             1             16  org.apache.lucene.util.LongValues$2
8054:             1             16  org.apache.lucene.util.PriorityQueue$$Lambda/0x00007fcd290e3520
8055:             1             16  org.apache.lucene.util.RamUsageEstimator$$Lambda/0x00007fcd281da9e0
8056:             1             16  org.apache.lucene.util.RamUsageEstimator$$Lambda/0x00007fcd281dac18
8057:             1             16  org.apache.lucene.util.UnicodeUtil$$Lambda/0x00007fcd280a08c0
8058:             1             16  org.apache.lucene.util.fst.ByteSequenceOutputs
8059:             1             16  org.apache.lucene.util.fst.FSTCompiler$NullFSTReader
8060:             1             16  org.bouncycastle.asn1.DERNull
8061:             1             16  org.bouncycastle.crypto.CryptoServicesRegistrar$1
8062:             1             16  org.bouncycastle.crypto.CryptoServicesRegistrar$ThreadLocalSecureRandomProvider
8063:             1             16  org.bouncycastle.jcajce.provider.asymmetric.COMPOSITE$CompositeKeyInfoConverter
8064:             1             16  org.bouncycastle.jcajce.provider.asymmetric.EXTERNAL$ExternalKeyInfoConverter
8065:             1             16  org.bouncycastle.jcajce.provider.asymmetric.dsa.KeyFactorySpi
8066:             1             16  org.bouncycastle.jcajce.provider.asymmetric.elgamal.KeyFactorySpi
8067:             1             16  org.bouncycastle.jcajce.provider.asymmetric.gost.KeyFactorySpi
8068:             1             16  org.bouncycastle.jcajce.provider.asymmetric.rsa.KeyFactorySpi
8069:             1             16  org.bouncycastle.jcajce.provider.drbg.EntropyDaemon
8070:             1             16  org.bouncycastle.pqc.jcajce.provider.lms.LMSKeyFactorySpi
8071:             1             16  org.bouncycastle.pqc.jcajce.provider.newhope.NHKeyFactorySpi
8072:             1             16  org.bouncycastle.pqc.jcajce.provider.picnic.PicnicKeyFactorySpi
8073:             1             16  org.bouncycastle.pqc.jcajce.provider.sphincs.Sphincs256KeyFactorySpi
8074:             1             16  org.greenrobot.eventbus.Logger$SystemOutLogger
8075:             1             16  org.jcodings.ObjPtr
8076:             1             16  org.joda.time.UTCDateTimeZone
8077:             1             16  org.joda.time.format.DateTimeFormatterBuilder$StringLiteral
8078:             1             16  org.joni.MatcherFactory$1
8079:             1             16  org.joni.Search$1
8080:             1             16  org.joni.Search$10
8081:             1             16  org.joni.Search$11
8082:             1             16  org.joni.Search$12
8083:             1             16  org.joni.Search$13
8084:             1             16  org.joni.Search$14
8085:             1             16  org.joni.Search$15
8086:             1             16  org.joni.Search$16
8087:             1             16  org.joni.Search$17
8088:             1             16  org.joni.Search$2
8089:             1             16  org.joni.Search$3
8090:             1             16  org.joni.Search$4
8091:             1             16  org.joni.Search$5
8092:             1             16  org.joni.Search$6
8093:             1             16  org.joni.Search$7
8094:             1             16  org.joni.Search$8
8095:             1             16  org.joni.Search$9
8096:             1             16  org.joni.WarnCallback$1
8097:             1             16  org.joni.WarnCallback$2
8098:             1             16  org.locationtech.jts.geom.impl.CoordinateArraySequenceFactory
8099:             1             16  org.locationtech.spatial4j.io.BinaryCodec
8100:             1             16  org.locationtech.spatial4j.io.GeoJSONWriter
8101:             1             16  org.locationtech.spatial4j.io.PolyshapeWriter
8102:             1             16  org.locationtech.spatial4j.io.WKTWriter
8103:             1             16  org.locationtech.spatial4j.io.jts.JtsGeoJSONWriter
8104:             1             16  org.locationtech.spatial4j.io.jts.JtsPolyshapeWriter
8105:             1             16  org.locationtech.spatial4j.io.jts.JtsWKTWriter
8106:             1             16  org.opensearch.OpenSearchException$$Lambda/0x00007fcd28712208
8107:             1             16  org.opensearch.OpenSearchException$$Lambda/0x00007fcd28712620
8108:             1             16  org.opensearch.OpenSearchException$$Lambda/0x00007fcd28712838
8109:             1             16  org.opensearch.OpenSearchException$$Lambda/0x00007fcd28712a50
8110:             1             16  org.opensearch.OpenSearchException$$Lambda/0x00007fcd28712ea8
8111:             1             16  org.opensearch.OpenSearchException$$Lambda/0x00007fcd287130c0
8112:             1             16  org.opensearch.OpenSearchException$$Lambda/0x00007fcd293e8d50
8113:             1             16  org.opensearch.OpenSearchException$$Lambda/0x00007fcd293e9398
8114:             1             16  org.opensearch.OpenSearchException$$Lambda/0x00007fcd293e99e0
8115:             1             16  org.opensearch.OpenSearchException$$Lambda/0x00007fcd293ea028
8116:             1             16  org.opensearch.OpenSearchException$$Lambda/0x00007fcd293eacd0
8117:             1             16  org.opensearch.OpenSearchException$$Lambda/0x00007fcd293eb318
8118:             1             16  org.opensearch.OpenSearchServerException$$Lambda/0x00007fcd28cbb328
8119:             1             16  org.opensearch.OpenSearchServerException$$Lambda/0x00007fcd28cbb540
8120:             1             16  org.opensearch.OpenSearchServerException$$Lambda/0x00007fcd28cbbae8
8121:             1             16  org.opensearch.OpenSearchServerException$$Lambda/0x00007fcd28cbbd00
8122:             1             16  org.opensearch.OpenSearchServerException$$Lambda/0x00007fcd28cbbf18
8123:             1             16  org.opensearch.OpenSearchServerException$$Lambda/0x00007fcd28cbc130
8124:             1             16  org.opensearch.OpenSearchServerException$$Lambda/0x00007fcd28cbc348
8125:             1             16  org.opensearch.OpenSearchServerException$$Lambda/0x00007fcd28cbc900
8126:             1             16  org.opensearch.OpenSearchServerException$$Lambda/0x00007fcd28cbcb18
8127:             1             16  org.opensearch.OpenSearchServerException$$Lambda/0x00007fcd28cbd0c0
8128:             1             16  org.opensearch.OpenSearchServerException$$Lambda/0x00007fcd28cbd2d8
8129:             1             16  org.opensearch.OpenSearchServerException$$Lambda/0x00007fcd28cbd4f0
8130:             1             16  org.opensearch.OpenSearchServerException$$Lambda/0x00007fcd28cbda98
8131:             1             16  org.opensearch.OpenSearchServerException$$Lambda/0x00007fcd28cbdcb0
8132:             1             16  org.opensearch.OpenSearchServerException$$Lambda/0x00007fcd28cbdec8
8133:             1             16  org.opensearch.OpenSearchServerException$$Lambda/0x00007fcd28cbe0e0
8134:             1             16  org.opensearch.OpenSearchServerException$$Lambda/0x00007fcd28cbea20
8135:             1             16  org.opensearch.OpenSearchServerException$$Lambda/0x00007fcd28cbefe0
8136:             1             16  org.opensearch.OpenSearchServerException$$Lambda/0x00007fcd28cbf1f8
8137:             1             16  org.opensearch.OpenSearchServerException$$Lambda/0x00007fcd28cbf410
8138:             1             16  org.opensearch.OpenSearchServerException$$Lambda/0x00007fcd28cbf628
8139:             1             16  org.opensearch.OpenSearchServerException$$Lambda/0x00007fcd28cbfbd8
8140:             1             16  org.opensearch.OpenSearchServerException$$Lambda/0x00007fcd28cc0000
8141:             1             16  org.opensearch.OpenSearchServerException$$Lambda/0x00007fcd28cc0218
8142:             1             16  org.opensearch.OpenSearchServerException$$Lambda/0x00007fcd28cc0430
8143:             1             16  org.opensearch.OpenSearchServerException$$Lambda/0x00007fcd28cc0648
8144:             1             16  org.opensearch.OpenSearchServerException$$Lambda/0x00007fcd28cc0860
8145:             1             16  org.opensearch.OpenSearchServerException$$Lambda/0x00007fcd28cc0a78
8146:             1             16  org.opensearch.OpenSearchServerException$$Lambda/0x00007fcd28cc0c90
8147:             1             16  org.opensearch.OpenSearchServerException$$Lambda/0x00007fcd28cc1238
8148:             1             16  org.opensearch.OpenSearchServerException$$Lambda/0x00007fcd28cc1450
8149:             1             16  org.opensearch.OpenSearchServerException$$Lambda/0x00007fcd28cc1668
8150:             1             16  org.opensearch.OpenSearchServerException$$Lambda/0x00007fcd28cc1880
8151:             1             16  org.opensearch.OpenSearchServerException$$Lambda/0x00007fcd28cc1a98
8152:             1             16  org.opensearch.OpenSearchServerException$$Lambda/0x00007fcd28cc2050
8153:             1             16  org.opensearch.OpenSearchServerException$$Lambda/0x00007fcd28cc2600
8154:             1             16  org.opensearch.OpenSearchServerException$$Lambda/0x00007fcd28cc2bd8
8155:             1             16  org.opensearch.OpenSearchServerException$$Lambda/0x00007fcd28cc2df0
8156:             1             16  org.opensearch.OpenSearchServerException$$Lambda/0x00007fcd28cc3728
8157:             1             16  org.opensearch.OpenSearchServerException$$Lambda/0x00007fcd28cc3cd8
8158:             1             16  org.opensearch.OpenSearchServerException$$Lambda/0x00007fcd28cc4298
8159:             1             16  org.opensearch.OpenSearchServerException$$Lambda/0x00007fcd28cc44b0
8160:             1             16  org.opensearch.OpenSearchServerException$$Lambda/0x00007fcd28cc46c8
8161:             1             16  org.opensearch.OpenSearchServerException$$Lambda/0x00007fcd28cc4c90
8162:             1             16  org.opensearch.OpenSearchServerException$$Lambda/0x00007fcd28cc4ea8
8163:             1             16  org.opensearch.OpenSearchServerException$$Lambda/0x00007fcd28cc50c0
8164:             1             16  org.opensearch.OpenSearchServerException$$Lambda/0x00007fcd28cc5a08
8165:             1             16  org.opensearch.OpenSearchServerException$$Lambda/0x00007fcd28cc5c20
8166:             1             16  org.opensearch.OpenSearchServerException$$Lambda/0x00007fcd28cc61d0
8167:             1             16  org.opensearch.OpenSearchServerException$$Lambda/0x00007fcd28cc67a0
8168:             1             16  org.opensearch.OpenSearchServerException$$Lambda/0x00007fcd28cc6d48
8169:             1             16  org.opensearch.OpenSearchServerException$$Lambda/0x00007fcd28cc72f0
8170:             1             16  org.opensearch.OpenSearchServerException$$Lambda/0x00007fcd28cc78a0
8171:             1             16  org.opensearch.OpenSearchServerException$$Lambda/0x00007fcd28cc7ab8
8172:             1             16  org.opensearch.OpenSearchServerException$$Lambda/0x00007fcd28cc7cd0
8173:             1             16  org.opensearch.OpenSearchServerException$$Lambda/0x00007fcd28cc8000
8174:             1             16  org.opensearch.OpenSearchServerException$$Lambda/0x00007fcd28cc85a8
8175:             1             16  org.opensearch.OpenSearchServerException$$Lambda/0x00007fcd28cc8b80
8176:             1             16  org.opensearch.OpenSearchServerException$$Lambda/0x00007fcd28cc8d98
8177:             1             16  org.opensearch.OpenSearchServerException$$Lambda/0x00007fcd28cc8fb0
8178:             1             16  org.opensearch.OpenSearchServerException$$Lambda/0x00007fcd28cc91c8
8179:             1             16  org.opensearch.OpenSearchServerException$$Lambda/0x00007fcd28cc9770
8180:             1             16  org.opensearch.OpenSearchServerException$$Lambda/0x00007fcd28cc9d20
8181:             1             16  org.opensearch.OpenSearchServerException$$Lambda/0x00007fcd28cc9f38
8182:             1             16  org.opensearch.OpenSearchServerException$$Lambda/0x00007fcd28cca4e8
8183:             1             16  org.opensearch.OpenSearchServerException$$Lambda/0x00007fcd28cca700
8184:             1             16  org.opensearch.OpenSearchServerException$$Lambda/0x00007fcd28cca918
8185:             1             16  org.opensearch.OpenSearchServerException$$Lambda/0x00007fcd28ccab30
8186:             1             16  org.opensearch.OpenSearchServerException$$Lambda/0x00007fcd28ccb0e8
8187:             1             16  org.opensearch.OpenSearchServerException$$Lambda/0x00007fcd28ccb6a8
8188:             1             16  org.opensearch.OpenSearchServerException$$Lambda/0x00007fcd28ccb8c0
8189:             1             16  org.opensearch.OpenSearchServerException$$Lambda/0x00007fcd28ccbe70
8190:             1             16  org.opensearch.OpenSearchServerException$$Lambda/0x00007fcd28ccc418
8191:             1             16  org.opensearch.OpenSearchServerException$$Lambda/0x00007fcd28ccc630
8192:             1             16  org.opensearch.OpenSearchServerException$$Lambda/0x00007fcd28cccbd8
8193:             1             16  org.opensearch.OpenSearchServerException$$Lambda/0x00007fcd28ccd180
8194:             1             16  org.opensearch.OpenSearchServerException$$Lambda/0x00007fcd28ccd398
8195:             1             16  org.opensearch.OpenSearchServerException$$Lambda/0x00007fcd28ccd5b0
8196:             1             16  org.opensearch.OpenSearchServerException$$Lambda/0x00007fcd28ccd7c8
8197:             1             16  org.opensearch.OpenSearchServerException$$Lambda/0x00007fcd28ccdd78
8198:             1             16  org.opensearch.OpenSearchServerException$$Lambda/0x00007fcd28ccdf90
8199:             1             16  org.opensearch.OpenSearchServerException$$Lambda/0x00007fcd28cce1a8
8200:             1             16  org.opensearch.OpenSearchServerException$$Lambda/0x00007fcd28cce3c0
8201:             1             16  org.opensearch.OpenSearchServerException$$Lambda/0x00007fcd28cce5d8
8202:             1             16  org.opensearch.OpenSearchServerException$$Lambda/0x00007fcd28cceb80
8203:             1             16  org.opensearch.OpenSearchServerException$$Lambda/0x00007fcd28cced98
8204:             1             16  org.opensearch.OpenSearchServerException$$Lambda/0x00007fcd28ccf340
8205:             1             16  org.opensearch.OpenSearchServerException$$Lambda/0x00007fcd28ccf558
8206:             1             16  org.opensearch.OpenSearchServerException$$Lambda/0x00007fcd28ccfb00
8207:             1             16  org.opensearch.OpenSearchServerException$$Lambda/0x00007fcd28ccfd18
8208:             1             16  org.opensearch.OpenSearchServerException$$Lambda/0x00007fcd28cd0390
8209:             1             16  org.opensearch.OpenSearchServerException$$Lambda/0x00007fcd28cd0938
8210:             1             16  org.opensearch.OpenSearchServerException$$Lambda/0x00007fcd28cd0ee8
8211:             1             16  org.opensearch.OpenSearchServerException$$Lambda/0x00007fcd28cd1100
8212:             1             16  org.opensearch.OpenSearchServerException$$Lambda/0x00007fcd28cd1318
8213:             1             16  org.opensearch.OpenSearchServerException$$Lambda/0x00007fcd28cd18c0
8214:             1             16  org.opensearch.OpenSearchServerException$$Lambda/0x00007fcd28cd1ad8
8215:             1             16  org.opensearch.OpenSearchServerException$$Lambda/0x00007fcd28cd1cf0
8216:             1             16  org.opensearch.OpenSearchServerException$$Lambda/0x00007fcd28cd1f08
8217:             1             16  org.opensearch.OpenSearchServerException$$Lambda/0x00007fcd28cd2120
8218:             1             16  org.opensearch.OpenSearchServerException$$Lambda/0x00007fcd28cd2338
8219:             1             16  org.opensearch.OpenSearchServerException$$Lambda/0x00007fcd28cd2550
8220:             1             16  org.opensearch.OpenSearchServerException$$Lambda/0x00007fcd28cd2768
8221:             1             16  org.opensearch.OpenSearchServerException$$Lambda/0x00007fcd28cd2d10
8222:             1             16  org.opensearch.OpenSearchServerException$$Lambda/0x00007fcd28cd32b8
8223:             1             16  org.opensearch.OpenSearchServerException$$Lambda/0x00007fcd28cd3860
8224:             1             16  org.opensearch.OpenSearchServerException$$Lambda/0x00007fcd28cd3e08
8225:             1             16  org.opensearch.OpenSearchServerException$$Lambda/0x00007fcd28cd4020
8226:             1             16  org.opensearch.OpenSearchServerException$$Lambda/0x00007fcd28cd45c8
8227:             1             16  org.opensearch.OpenSearchServerException$$Lambda/0x00007fcd28cd4b70
8228:             1             16  org.opensearch.OpenSearchServerException$$Lambda/0x00007fcd28cd5118
8229:             1             16  org.opensearch.OpenSearchServerException$$Lambda/0x00007fcd28cd5330
8230:             1             16  org.opensearch.OpenSearchServerException$$Lambda/0x00007fcd28cd5548
8231:             1             16  org.opensearch.OpenSearchServerException$$Lambda/0x00007fcd28cd5af0
8232:             1             16  org.opensearch.OpenSearchServerException$$Lambda/0x00007fcd28cd5d08
8233:             1             16  org.opensearch.OpenSearchServerException$$Lambda/0x00007fcd28cd5f20
8234:             1             16  org.opensearch.OpenSearchServerException$$Lambda/0x00007fcd28cd6138
8235:             1             16  org.opensearch.OpenSearchServerException$$Lambda/0x00007fcd28cd6350
8236:             1             16  org.opensearch.OpenSearchServerException$$Lambda/0x00007fcd28cd6568
8237:             1             16  org.opensearch.OpenSearchServerException$$Lambda/0x00007fcd28cd6780
8238:             1             16  org.opensearch.OpenSearchServerException$$Lambda/0x00007fcd28cd6998
8239:             1             16  org.opensearch.OpenSearchServerException$$Lambda/0x00007fcd28cd6bb0
8240:             1             16  org.opensearch.OpenSearchServerException$$Lambda/0x00007fcd28cd7158
8241:             1             16  org.opensearch.OpenSearchServerException$$Lambda/0x00007fcd28cd7700
8242:             1             16  org.opensearch.OpenSearchServerException$$Lambda/0x00007fcd28cd7cb0
8243:             1             16  org.opensearch.OpenSearchServerException$$Lambda/0x00007fcd28cd8390
8244:             1             16  org.opensearch.OpenSearchServerException$$Lambda/0x00007fcd28cd8950
8245:             1             16  org.opensearch.OpenSearchServerException$$Lambda/0x00007fcd28cd8ef8
8246:             1             16  org.opensearch.OpenSearchServerException$$Lambda/0x00007fcd28cd9110
8247:             1             16  org.opensearch.OpenSearchServerException$$Lambda/0x00007fcd28cd9328
8248:             1             16  org.opensearch.OpenSearchServerException$$Lambda/0x00007fcd28cd9540
8249:             1             16  org.opensearch.OpenSearchServerException$$Lambda/0x00007fcd28cd9af0
8250:             1             16  org.opensearch.OpenSearchServerException$$Lambda/0x00007fcd28cda0a0
8251:             1             16  org.opensearch.OpenSearchServerException$$Lambda/0x00007fcd28cda648
8252:             1             16  org.opensearch.OpenSearchServerException$$Lambda/0x00007fcd28cda860
8253:             1             16  org.opensearch.OpenSearchServerException$$Lambda/0x00007fcd28cdae18
8254:             1             16  org.opensearch.OpenSearchServerException$$Lambda/0x00007fcd28cdb3c0
8255:             1             16  org.opensearch.OpenSearchServerException$$Lambda/0x00007fcd28cdb5d8
8256:             1             16  org.opensearch.OpenSearchServerException$$Lambda/0x00007fcd28cdbb80
8257:             1             16  org.opensearch.OpenSearchServerException$$Lambda/0x00007fcd28cdc140
8258:             1             16  org.opensearch.OpenSearchServerException$$Lambda/0x00007fcd28cdc6f8
8259:             1             16  org.opensearch.OpenSearchServerException$$Lambda/0x00007fcd28cdccb0
8260:             1             16  org.opensearch.action.ActionModule$$Lambda/0x00007fcd28bfb960
8261:             1             16  org.opensearch.action.ActionModule$$Lambda/0x00007fcd28c97570
8262:             1             16  org.opensearch.action.ActionModule$$Lambda/0x00007fcd28c98230
8263:             1             16  org.opensearch.action.ActionModule$$Lambda/0x00007fcd28c98880
8264:             1             16  org.opensearch.action.ActionModule$$Lambda/0x00007fcd28c98ab8
8265:             1             16  org.opensearch.action.ActionRunnable$$Lambda/0x00007fcd291c21a8
8266:             1             16  org.opensearch.action.admin.cluster.allocation.ClusterAllocationExplainAction$$Lambda/0x00007fcd28bd2818
8267:             1             16  org.opensearch.action.admin.cluster.allocation.TransportClusterAllocationExplainAction$$Lambda/0x00007fcd28f7d920
8268:             1             16  org.opensearch.action.admin.cluster.configuration.AddVotingConfigExclusionsAction$$Lambda/0x00007fcd28bd1c98
8269:             1             16  org.opensearch.action.admin.cluster.configuration.ClearVotingConfigExclusionsAction$$Lambda/0x00007fcd28bd2138
8270:             1             16  org.opensearch.action.admin.cluster.configuration.TransportAddVotingConfigExclusionsAction$$Lambda/0x00007fcd28e77080
8271:             1             16  org.opensearch.action.admin.cluster.configuration.TransportAddVotingConfigExclusionsAction$$Lambda/0x00007fcd28e77298
8272:             1             16  org.opensearch.action.admin.cluster.configuration.TransportClearVotingConfigExclusionsAction$$Lambda/0x00007fcd28f7cea8
8273:             1             16  org.opensearch.action.admin.cluster.decommission.awareness.delete.DeleteDecommissionStateAction$$Lambda/0x00007fcd28c95e20
8274:             1             16  org.opensearch.action.admin.cluster.decommission.awareness.delete.TransportDeleteDecommissionStateAction$$Lambda/0x00007fcd28efe3b0
8275:             1             16  org.opensearch.action.admin.cluster.decommission.awareness.get.GetDecommissionStateAction$$Lambda/0x00007fcd28c956f8
8276:             1             16  org.opensearch.action.admin.cluster.decommission.awareness.get.TransportGetDecommissionStateAction$$Lambda/0x00007fcd28e0d970
8277:             1             16  org.opensearch.action.admin.cluster.decommission.awareness.put.DecommissionAction$$Lambda/0x00007fcd28c94fc0
8278:             1             16  org.opensearch.action.admin.cluster.decommission.awareness.put.TransportDecommissionAction$$Lambda/0x00007fcd28e22258
8279:             1             16  org.opensearch.action.admin.cluster.health.ClusterHealthAction$$Lambda/0x00007fcd28bd4790
8280:             1             16  org.opensearch.action.admin.cluster.health.TransportClusterHealthAction$$Lambda/0x00007fcd28edc240
8281:             1             16  org.opensearch.action.admin.cluster.node.hotthreads.NodesHotThreadsAction$$Lambda/0x00007fcd28bc9c60
8282:             1             16  org.opensearch.action.admin.cluster.node.hotthreads.TransportNodesHotThreadsAction$$Lambda/0x00007fcd28f7c860
8283:             1             16  org.opensearch.action.admin.cluster.node.hotthreads.TransportNodesHotThreadsAction$$Lambda/0x00007fcd28f7ca78
8284:             1             16  org.opensearch.action.admin.cluster.node.info.NodeInfo$$Lambda/0x00007fcd291b9000
8285:             1             16  org.opensearch.action.admin.cluster.node.info.NodeInfo$$Lambda/0x00007fcd291b9218
8286:             1             16  org.opensearch.action.admin.cluster.node.info.NodeInfo$$Lambda/0x00007fcd291b9430
8287:             1             16  org.opensearch.action.admin.cluster.node.info.NodeInfo$$Lambda/0x00007fcd291b9648
8288:             1             16  org.opensearch.action.admin.cluster.node.info.NodeInfo$$Lambda/0x00007fcd291b9860
8289:             1             16  org.opensearch.action.admin.cluster.node.info.NodeInfo$$Lambda/0x00007fcd291b9a78
8290:             1             16  org.opensearch.action.admin.cluster.node.info.NodeInfo$$Lambda/0x00007fcd291b9c90
8291:             1             16  org.opensearch.action.admin.cluster.node.info.NodeInfo$$Lambda/0x00007fcd291c0a78
8292:             1             16  org.opensearch.action.admin.cluster.node.info.NodeInfo$$Lambda/0x00007fcd291c10c0
8293:             1             16  org.opensearch.action.admin.cluster.node.info.NodeInfo$$Lambda/0x00007fcd291c1708
8294:             1             16  org.opensearch.action.admin.cluster.node.info.NodesInfoAction$$Lambda/0x00007fcd28bca000
8295:             1             16  org.opensearch.action.admin.cluster.node.info.NodesInfoRequest$Metric$$Lambda/0x00007fcd28fc4ee0
8296:             1             16  org.opensearch.action.admin.cluster.node.info.PluginsAndModules$$Lambda/0x00007fcd2845e1f0
8297:             1             16  org.opensearch.action.admin.cluster.node.info.PluginsAndModules$$Lambda/0x00007fcd2845e660
8298:             1             16  org.opensearch.action.admin.cluster.node.info.PluginsAndModules$$Lambda/0x00007fcd291c0218
8299:             1             16  org.opensearch.action.admin.cluster.node.info.PluginsAndModules$$Lambda/0x00007fcd291c0430
8300:             1             16  org.opensearch.action.admin.cluster.node.info.TransportNodesInfoAction$$Lambda/0x00007fcd28efcc90
8301:             1             16  org.opensearch.action.admin.cluster.node.info.TransportNodesInfoAction$$Lambda/0x00007fcd28efcea8
8302:             1             16  org.opensearch.action.admin.cluster.node.liveness.TransportLivenessAction
8303:             1             16  org.opensearch.action.admin.cluster.node.liveness.TransportLivenessAction$$Lambda/0x00007fcd28ddca58
8304:             1             16  org.opensearch.action.admin.cluster.node.reload.NodesReloadSecureSettingsAction$$Lambda/0x00007fcd28bf6e38
8305:             1             16  org.opensearch.action.admin.cluster.node.reload.TransportNodesReloadSecureSettingsAction$$Lambda/0x00007fcd28f7d0c0
8306:             1             16  org.opensearch.action.admin.cluster.node.reload.TransportNodesReloadSecureSettingsAction$$Lambda/0x00007fcd28f7d2d8
8307:             1             16  org.opensearch.action.admin.cluster.node.stats.NodesStatsAction$$Lambda/0x00007fcd28bcb050
8308:             1             16  org.opensearch.action.admin.cluster.node.stats.TransportNodesStatsAction$$Lambda/0x00007fcd28ede488
8309:             1             16  org.opensearch.action.admin.cluster.node.stats.TransportNodesStatsAction$$Lambda/0x00007fcd28ede6a0
8310:             1             16  org.opensearch.action.admin.cluster.node.tasks.cancel.CancelTasksAction$$Lambda/0x00007fcd28bd1820
8311:             1             16  org.opensearch.action.admin.cluster.node.tasks.cancel.TransportCancelTasksAction$$Lambda/0x00007fcd28f2cea8
8312:             1             16  org.opensearch.action.admin.cluster.node.tasks.cancel.TransportCancelTasksAction$$Lambda/0x00007fcd28f2d0c0
8313:             1             16  org.opensearch.action.admin.cluster.node.tasks.cancel.TransportCancelTasksAction$$Lambda/0x00007fcd28f2d2d8
8314:             1             16  org.opensearch.action.admin.cluster.node.tasks.get.GetTaskAction$$Lambda/0x00007fcd28bd10f8
8315:             1             16  org.opensearch.action.admin.cluster.node.tasks.get.TransportGetTaskAction$$Lambda/0x00007fcd28f5f9a0
8316:             1             16  org.opensearch.action.admin.cluster.node.tasks.list.ListTasksAction$$Lambda/0x00007fcd28bd07a8
8317:             1             16  org.opensearch.action.admin.cluster.node.tasks.list.TransportListTasksAction$$Lambda/0x00007fcd28edfbb0
8318:             1             16  org.opensearch.action.admin.cluster.node.tasks.list.TransportListTasksAction$$Lambda/0x00007fcd28edfdc8
8319:             1             16  org.opensearch.action.admin.cluster.node.tasks.list.TransportListTasksAction$$Lambda/0x00007fcd28efc000
8320:             1             16  org.opensearch.action.admin.cluster.node.usage.NodesUsageAction$$Lambda/0x00007fcd28bc9558
8321:             1             16  org.opensearch.action.admin.cluster.node.usage.TransportNodesUsageAction$$Lambda/0x00007fcd28f2ef48
8322:             1             16  org.opensearch.action.admin.cluster.node.usage.TransportNodesUsageAction$$Lambda/0x00007fcd28f2f160
8323:             1             16  org.opensearch.action.admin.cluster.remote.RemoteInfoAction$$Lambda/0x00007fcd28bca968
8324:             1             16  org.opensearch.action.admin.cluster.remote.TransportRemoteInfoAction$$Lambda/0x00007fcd28efc430
8325:             1             16  org.opensearch.action.admin.cluster.remotestore.restore.RestoreRemoteStoreAction$$Lambda/0x00007fcd28c92e98
8326:             1             16  org.opensearch.action.admin.cluster.remotestore.restore.TransportRestoreRemoteStoreAction$$Lambda/0x00007fcd28f5f788
8327:             1             16  org.opensearch.action.admin.cluster.remotestore.stats.RemoteStoreStatsAction$$Lambda/0x00007fcd28bcba70
8328:             1             16  org.opensearch.action.admin.cluster.remotestore.stats.TransportRemoteStoreStatsAction$$Lambda/0x00007fcd28edf998
8329:             1             16  org.opensearch.action.admin.cluster.repositories.cleanup.CleanupRepositoryAction$$Lambda/0x00007fcd28bd8508
8330:             1             16  org.opensearch.action.admin.cluster.repositories.cleanup.TransportCleanupRepositoryAction$$Lambda/0x00007fcd28f7e398
8331:             1             16  org.opensearch.action.admin.cluster.repositories.cleanup.TransportCleanupRepositoryAction$$Lambda/0x00007fcd28f7e5b0
8332:             1             16  org.opensearch.action.admin.cluster.repositories.delete.DeleteRepositoryAction$$Lambda/0x00007fcd28bd7540
8333:             1             16  org.opensearch.action.admin.cluster.repositories.delete.TransportDeleteRepositoryAction$$Lambda/0x00007fcd28f2cc90
8334:             1             16  org.opensearch.action.admin.cluster.repositories.get.GetRepositoriesAction$$Lambda/0x00007fcd28bd70a0
8335:             1             16  org.opensearch.action.admin.cluster.repositories.get.TransportGetRepositoriesAction$$Lambda/0x00007fcd28e74ec0
8336:             1             16  org.opensearch.action.admin.cluster.repositories.put.PutRepositoryAction$$Lambda/0x00007fcd28bd6970
8337:             1             16  org.opensearch.action.admin.cluster.repositories.put.TransportPutRepositoryAction$$Lambda/0x00007fcd28e23bb0
8338:             1             16  org.opensearch.action.admin.cluster.repositories.verify.TransportVerifyRepositoryAction$$Lambda/0x00007fcd28e76a38
8339:             1             16  org.opensearch.action.admin.cluster.repositories.verify.VerifyRepositoryAction$$Lambda/0x00007fcd28bd7c78
8340:             1             16  org.opensearch.action.admin.cluster.reroute.ClusterRerouteAction$$Lambda/0x00007fcd28bd5618
8341:             1             16  org.opensearch.action.admin.cluster.reroute.TransportClusterRerouteAction$$Lambda/0x00007fcd28f5eaf8
8342:             1             16  org.opensearch.action.admin.cluster.settings.ClusterUpdateSettingsAction$$Lambda/0x00007fcd28bd4ed0
8343:             1             16  org.opensearch.action.admin.cluster.settings.TransportClusterUpdateSettingsAction$$Lambda/0x00007fcd28edd3c8
8344:             1             16  org.opensearch.action.admin.cluster.shards.ClusterSearchShardsAction$$Lambda/0x00007fcd28bd5d58
8345:             1             16  org.opensearch.action.admin.cluster.shards.TransportClusterSearchShardsAction$$Lambda/0x00007fcd28f5ed10
8346:             1             16  org.opensearch.action.admin.cluster.shards.routing.weighted.delete.ClusterDeleteWeightedRoutingAction$$Lambda/0x00007fcd28bdc088
8347:             1             16  org.opensearch.action.admin.cluster.shards.routing.weighted.delete.TransportDeleteWeightedRoutingAction$$Lambda/0x00007fcd28e23350
8348:             1             16  org.opensearch.action.admin.cluster.shards.routing.weighted.get.ClusterGetWeightedRoutingAction$$Lambda/0x00007fcd28bdb960
8349:             1             16  org.opensearch.action.admin.cluster.shards.routing.weighted.get.TransportGetWeightedRoutingAction$$Lambda/0x00007fcd28efd2d8
8350:             1             16  org.opensearch.action.admin.cluster.shards.routing.weighted.put.ClusterAddWeightedRoutingAction$$Lambda/0x00007fcd28bdb210
8351:             1             16  org.opensearch.action.admin.cluster.shards.routing.weighted.put.TransportAddWeightedRoutingAction$$Lambda/0x00007fcd28e774c8
8352:             1             16  org.opensearch.action.admin.cluster.snapshots.clone.CloneSnapshotAction$$Lambda/0x00007fcd28bd9c98
8353:             1             16  org.opensearch.action.admin.cluster.snapshots.clone.TransportCloneSnapshotAction$$Lambda/0x00007fcd28f2d4f0
8354:             1             16  org.opensearch.action.admin.cluster.snapshots.create.CreateSnapshotAction$$Lambda/0x00007fcd28bd97f8
8355:             1             16  org.opensearch.action.admin.cluster.snapshots.create.TransportCreateSnapshotAction$$Lambda/0x00007fcd28e0cac0
8356:             1             16  org.opensearch.action.admin.cluster.snapshots.delete.DeleteSnapshotAction$$Lambda/0x00007fcd28bd90c0
8357:             1             16  org.opensearch.action.admin.cluster.snapshots.delete.TransportDeleteSnapshotAction$$Lambda/0x00007fcd28ddf170
8358:             1             16  org.opensearch.action.admin.cluster.snapshots.get.GetSnapshotsAction$$Lambda/0x00007fcd28bd8c20
8359:             1             16  org.opensearch.action.admin.cluster.snapshots.get.TransportGetSnapshotsAction$$Lambda/0x00007fcd28f5ef28
8360:             1             16  org.opensearch.action.admin.cluster.snapshots.restore.RestoreSnapshotAction$$Lambda/0x00007fcd28bda3b8
8361:             1             16  org.opensearch.action.admin.cluster.snapshots.restore.TransportRestoreSnapshotAction$$Lambda/0x00007fcd28e75530
8362:             1             16  org.opensearch.action.admin.cluster.snapshots.status.SnapshotsStatusAction$$Lambda/0x00007fcd28bdaae8
8363:             1             16  org.opensearch.action.admin.cluster.snapshots.status.TransportNodesSnapshotsStatus$$Lambda/0x00007fcd28cf28e0
8364:             1             16  org.opensearch.action.admin.cluster.snapshots.status.TransportNodesSnapshotsStatus$$Lambda/0x00007fcd28cf2dc0
8365:             1             16  org.opensearch.action.admin.cluster.snapshots.status.TransportNodesSnapshotsStatus$$Lambda/0x00007fcd28cf2fd8
8366:             1             16  org.opensearch.action.admin.cluster.snapshots.status.TransportSnapshotsStatusAction$$Lambda/0x00007fcd28e74878
8367:             1             16  org.opensearch.action.admin.cluster.state.ClusterStateAction$$Lambda/0x00007fcd28bd3438
8368:             1             16  org.opensearch.action.admin.cluster.state.ClusterStateResponse$$Lambda/0x00007fcd291d0d48
8369:             1             16  org.opensearch.action.admin.cluster.state.TransportClusterStateAction$$Lambda/0x00007fcd28e21360
8370:             1             16  org.opensearch.action.admin.cluster.stats.ClusterStatsAction$$Lambda/0x00007fcd28bd2fa8
8371:             1             16  org.opensearch.action.admin.cluster.stats.TransportClusterStatsAction$$Lambda/0x00007fcd28e0d110
8372:             1             16  org.opensearch.action.admin.cluster.stats.TransportClusterStatsAction$$Lambda/0x00007fcd28e0d328
8373:             1             16  org.opensearch.action.admin.cluster.storedscripts.DeleteStoredScriptAction$$Lambda/0x00007fcd28bf84a0
8374:             1             16  org.opensearch.action.admin.cluster.storedscripts.GetScriptContextAction$$Lambda/0x00007fcd28bf8bf0
8375:             1             16  org.opensearch.action.admin.cluster.storedscripts.GetScriptLanguageAction$$Lambda/0x00007fcd28bf92d0
8376:             1             16  org.opensearch.action.admin.cluster.storedscripts.GetStoredScriptAction$$Lambda/0x00007fcd28bf8000
8377:             1             16  org.opensearch.action.admin.cluster.storedscripts.PutStoredScriptAction$$Lambda/0x00007fcd28bf7758
8378:             1             16  org.opensearch.action.admin.cluster.storedscripts.TransportDeleteStoredScriptAction$$Lambda/0x00007fcd28f2c648
8379:             1             16  org.opensearch.action.admin.cluster.storedscripts.TransportGetScriptContextAction$$Lambda/0x00007fcd28dde430
8380:             1             16  org.opensearch.action.admin.cluster.storedscripts.TransportGetScriptLanguageAction$$Lambda/0x00007fcd28edf780
8381:             1             16  org.opensearch.action.admin.cluster.storedscripts.TransportGetStoredScriptAction$$Lambda/0x00007fcd28edd7f8
8382:             1             16  org.opensearch.action.admin.cluster.storedscripts.TransportPutStoredScriptAction$$Lambda/0x00007fcd28e77d28
8383:             1             16  org.opensearch.action.admin.cluster.tasks.PendingClusterTasksAction$$Lambda/0x00007fcd28bd64d0
8384:             1             16  org.opensearch.action.admin.cluster.tasks.TransportPendingClusterTasksAction$$Lambda/0x00007fcd28edcf98
8385:             1             16  org.opensearch.action.admin.indices.alias.IndicesAliasesAction$$Lambda/0x00007fcd28be3448
8386:             1             16  org.opensearch.action.admin.indices.alias.TransportIndicesAliasesAction$$Lambda/0x00007fcd28edde40
8387:             1             16  org.opensearch.action.admin.indices.alias.get.GetAliasesAction$$Lambda/0x00007fcd28bec1b8
8388:             1             16  org.opensearch.action.admin.indices.alias.get.TransportGetAliasesAction$$Lambda/0x00007fcd28ede270
8389:             1             16  org.opensearch.action.admin.indices.analyze.AnalyzeAction$$Lambda/0x00007fcd28be4020
8390:             1             16  org.opensearch.action.admin.indices.analyze.TransportAnalyzeAction$$Lambda/0x00007fcd28e21790
8391:             1             16  org.opensearch.action.admin.indices.cache.clear.ClearIndicesCacheAction$$Lambda/0x00007fcd28bebac8
8392:             1             16  org.opensearch.action.admin.indices.cache.clear.TransportClearIndicesCacheAction$$Lambda/0x00007fcd28f2c430
8393:             1             16  org.opensearch.action.admin.indices.close.CloseIndexAction$$Lambda/0x00007fcd28be07c0
8394:             1             16  org.opensearch.action.admin.indices.close.TransportCloseIndexAction$$Lambda/0x00007fcd28f2f7a8
8395:             1             16  org.opensearch.action.admin.indices.close.TransportCloseIndexAction$$Lambda/0x00007fcd28f2f9c0
8396:             1             16  org.opensearch.action.admin.indices.close.TransportVerifyShardBeforeCloseAction$$Lambda/0x00007fcd28db7230
8397:             1             16  org.opensearch.action.admin.indices.close.TransportVerifyShardBeforeCloseAction$$Lambda/0x00007fcd28db7448
8398:             1             16  org.opensearch.action.admin.indices.create.AutoCreateAction$$Lambda/0x00007fcd28bf72d0
8399:             1             16  org.opensearch.action.admin.indices.create.AutoCreateAction$TransportAction$$Lambda/0x00007fcd28efc218
8400:             1             16  org.opensearch.action.admin.indices.create.CreateIndexAction$$Lambda/0x00007fcd28bdde28
8401:             1             16  org.opensearch.action.admin.indices.create.TransportCreateIndexAction$$Lambda/0x00007fcd28e76820
8402:             1             16  org.opensearch.action.admin.indices.dangling.delete.DeleteDanglingIndexAction$$Lambda/0x00007fcd28c92078
8403:             1             16  org.opensearch.action.admin.indices.dangling.delete.TransportDeleteDanglingIndexAction$$Lambda/0x00007fcd28f7db38
8404:             1             16  org.opensearch.action.admin.indices.dangling.find.FindDanglingIndexAction$$Lambda/0x00007fcd28c92788
8405:             1             16  org.opensearch.action.admin.indices.dangling.find.TransportFindDanglingIndexAction$$Lambda/0x00007fcd28e23568
8406:             1             16  org.opensearch.action.admin.indices.dangling.find.TransportFindDanglingIndexAction$$Lambda/0x00007fcd28e23780
8407:             1             16  org.opensearch.action.admin.indices.dangling.import_index.ImportDanglingIndexAction$$Lambda/0x00007fcd28c91c48
8408:             1             16  org.opensearch.action.admin.indices.dangling.import_index.TransportImportDanglingIndexAction$$Lambda/0x00007fcd28f2e6e8
8409:             1             16  org.opensearch.action.admin.indices.dangling.list.ListDanglingIndicesAction$$Lambda/0x00007fcd28c917b8
8410:             1             16  org.opensearch.action.admin.indices.dangling.list.TransportListDanglingIndicesAction$$Lambda/0x00007fcd28edda10
8411:             1             16  org.opensearch.action.admin.indices.dangling.list.TransportListDanglingIndicesAction$$Lambda/0x00007fcd28eddc28
8412:             1             16  org.opensearch.action.admin.indices.datastream.CreateDataStreamAction$$Lambda/0x00007fcd28bfcb78
8413:             1             16  org.opensearch.action.admin.indices.datastream.CreateDataStreamAction$TransportAction$$Lambda/0x00007fcd28e22cd8
8414:             1             16  org.opensearch.action.admin.indices.datastream.DataStreamsStatsAction$$Lambda/0x00007fcd28bfe5a0
8415:             1             16  org.opensearch.action.admin.indices.datastream.DataStreamsStatsAction$TransportAction$$Lambda/0x00007fcd28efd0c0
8416:             1             16  org.opensearch.action.admin.indices.datastream.DeleteDataStreamAction$$Lambda/0x00007fcd28bfd018
8417:             1             16  org.opensearch.action.admin.indices.datastream.DeleteDataStreamAction$TransportAction$$Lambda/0x00007fcd28dddba0
8418:             1             16  org.opensearch.action.admin.indices.datastream.GetDataStreamAction$$Lambda/0x00007fcd28bfd748
8419:             1             16  org.opensearch.action.admin.indices.datastream.GetDataStreamAction$TransportAction$$Lambda/0x00007fcd28f2f590
8420:             1             16  org.opensearch.action.admin.indices.delete.DeleteIndexAction$$Lambda/0x00007fcd28bdf158
8421:             1             16  org.opensearch.action.admin.indices.delete.TransportDeleteIndexAction$$Lambda/0x00007fcd28f7cc90
8422:             1             16  org.opensearch.action.admin.indices.exists.indices.IndicesExistsAction$$Lambda/0x00007fcd28be0c18
8423:             1             16  org.opensearch.action.admin.indices.exists.indices.TransportIndicesExistsAction$$Lambda/0x00007fcd28edd1b0
8424:             1             16  org.opensearch.action.admin.indices.flush.FlushAction$$Lambda/0x00007fcd28be9880
8425:             1             16  org.opensearch.action.admin.indices.flush.TransportFlushAction$$Lambda/0x00007fcd28ddd988
8426:             1             16  org.opensearch.action.admin.indices.flush.TransportShardFlushAction$$Lambda/0x00007fcd28ddce88
8427:             1             16  org.opensearch.action.admin.indices.flush.TransportShardFlushAction$$Lambda/0x00007fcd28ddd0a0
8428:             1             16  org.opensearch.action.admin.indices.flush.TransportShardFlushAction$$Lambda/0x00007fcd28ddd550
8429:             1             16  org.opensearch.action.admin.indices.flush.TransportShardFlushAction$PreSyncedFlushTransportHandler
8430:             1             16  org.opensearch.action.admin.indices.forcemerge.ForceMergeAction$$Lambda/0x00007fcd28be9fa8
8431:             1             16  org.opensearch.action.admin.indices.forcemerge.TransportForceMergeAction$$Lambda/0x00007fcd28e76c50
8432:             1             16  org.opensearch.action.admin.indices.get.GetIndexAction$$Lambda/0x00007fcd28bdf8e8
8433:             1             16  org.opensearch.action.admin.indices.get.TransportGetIndexAction$$Lambda/0x00007fcd28f2eb18
8434:             1             16  org.opensearch.action.admin.indices.mapping.get.GetFieldMappingsAction$$Lambda/0x00007fcd28be21f0
8435:             1             16  org.opensearch.action.admin.indices.mapping.get.GetMappingsAction$$Lambda/0x00007fcd28be1aa8
8436:             1             16  org.opensearch.action.admin.indices.mapping.get.TransportGetFieldMappingsAction$$Lambda/0x00007fcd28f7c218
8437:             1             16  org.opensearch.action.admin.indices.mapping.get.TransportGetFieldMappingsIndexAction$$Lambda/0x00007fcd28f7c000
8438:             1             16  org.opensearch.action.admin.indices.mapping.get.TransportGetFieldMappingsIndexAction$1
8439:             1             16  org.opensearch.action.admin.indices.mapping.get.TransportGetMappingsAction$$Lambda/0x00007fcd28e0c490
8440:             1             16  org.opensearch.action.admin.indices.mapping.put.AutoPutMappingAction$$Lambda/0x00007fcd28be2fa0
8441:             1             16  org.opensearch.action.admin.indices.mapping.put.PutMappingAction$$Lambda/0x00007fcd28be2b00
8442:             1             16  org.opensearch.action.admin.indices.mapping.put.TransportAutoPutMappingAction$$Lambda/0x00007fcd28e76608
8443:             1             16  org.opensearch.action.admin.indices.mapping.put.TransportPutMappingAction$$Lambda/0x00007fcd28ddcc70
8444:             1             16  org.opensearch.action.admin.indices.open.OpenIndexAction$$Lambda/0x00007fcd28bdfd88
8445:             1             16  org.opensearch.action.admin.indices.open.TransportOpenIndexAction$$Lambda/0x00007fcd28e21578
8446:             1             16  org.opensearch.action.admin.indices.readonly.AddIndexBlockAction$$Lambda/0x00007fcd28be1360
8447:             1             16  org.opensearch.action.admin.indices.readonly.TransportAddIndexBlockAction$$Lambda/0x00007fcd28e763f0
8448:             1             16  org.opensearch.action.admin.indices.readonly.TransportVerifyShardIndexBlockAction$$Lambda/0x00007fcd28dbc680
8449:             1             16  org.opensearch.action.admin.indices.readonly.TransportVerifyShardIndexBlockAction$$Lambda/0x00007fcd28dbc898
8450:             1             16  org.opensearch.action.admin.indices.readonly.TransportVerifyShardIndexBlockAction$$Lambda/0x00007fcd28dbcab0
8451:             1             16  org.opensearch.action.admin.indices.recovery.RecoveryAction$$Lambda/0x00007fcd28bf5f50
8452:             1             16  org.opensearch.action.admin.indices.recovery.TransportRecoveryAction$$Lambda/0x00007fcd28e0d540
8453:             1             16  org.opensearch.action.admin.indices.refresh.RefreshAction$$Lambda/0x00007fcd28be8f18
8454:             1             16  org.opensearch.action.admin.indices.refresh.TransportRefreshAction$$Lambda/0x00007fcd28efca78
8455:             1             16  org.opensearch.action.admin.indices.refresh.TransportShardRefreshAction$$Lambda/0x00007fcd28efc648
8456:             1             16  org.opensearch.action.admin.indices.refresh.TransportShardRefreshAction$$Lambda/0x00007fcd28efc860
8457:             1             16  org.opensearch.action.admin.indices.replication.SegmentReplicationStatsAction$$Lambda/0x00007fcd28bf66c8
8458:             1             16  org.opensearch.action.admin.indices.replication.TransportSegmentReplicationStatsAction$$Lambda/0x00007fcd28edef18
8459:             1             16  org.opensearch.action.admin.indices.resolve.ResolveIndexAction$$Lambda/0x00007fcd28bfde88
8460:             1             16  org.opensearch.action.admin.indices.resolve.ResolveIndexAction$TransportAction$$Lambda/0x00007fcd28edf348
8461:             1             16  org.opensearch.action.admin.indices.rollover.RolloverAction$$Lambda/0x00007fcd28bdecb0
8462:             1             16  org.opensearch.action.admin.indices.rollover.RolloverInfo$$Lambda/0x00007fcd29094e88
8463:             1             16  org.opensearch.action.admin.indices.rollover.RolloverInfo$$Lambda/0x00007fcd290952a8
8464:             1             16  org.opensearch.action.admin.indices.rollover.TransportRolloverAction$$Lambda/0x00007fcd28e21148
8465:             1             16  org.opensearch.action.admin.indices.segments.IndicesSegmentsAction$$Lambda/0x00007fcd28bdcf98
8466:             1             16  org.opensearch.action.admin.indices.segments.PitSegmentsAction$$Lambda/0x00007fcd28c94128
8467:             1             16  org.opensearch.action.admin.indices.segments.TransportIndicesSegmentsAction$$Lambda/0x00007fcd28f2e4d0
8468:             1             16  org.opensearch.action.admin.indices.segments.TransportPitSegmentsAction$$Lambda/0x00007fcd28e23998
8469:             1             16  org.opensearch.action.admin.indices.settings.get.GetSettingsAction$$Lambda/0x00007fcd28bec8f8
8470:             1             16  org.opensearch.action.admin.indices.settings.get.TransportGetSettingsAction$$Lambda/0x00007fcd28ede058
8471:             1             16  org.opensearch.action.admin.indices.settings.put.TransportUpdateSettingsAction$$Lambda/0x00007fcd28ddf388
8472:             1             16  org.opensearch.action.admin.indices.settings.put.UpdateSettingsAction$$Lambda/0x00007fcd28be38e8
8473:             1             16  org.opensearch.action.admin.indices.shards.IndicesShardStoresAction$$Lambda/0x00007fcd28bdd6e0
8474:             1             16  org.opensearch.action.admin.indices.shards.TransportIndicesShardStoresAction$$Lambda/0x00007fcd28e75b78
8475:             1             16  org.opensearch.action.admin.indices.shrink.ResizeAction$$Lambda/0x00007fcd28bde570
8476:             1             16  org.opensearch.action.admin.indices.shrink.TransportResizeAction$$Lambda/0x00007fcd28f2e2b8
8477:             1             16  org.opensearch.action.admin.indices.stats.IndicesStatsAction$$Lambda/0x00007fcd28bdc820
8478:             1             16  org.opensearch.action.admin.indices.stats.TransportIndicesStatsAction$$Lambda/0x00007fcd28e23dc8
8479:             1             16  org.opensearch.action.admin.indices.template.delete.DeleteComponentTemplateAction$$Lambda/0x00007fcd28be60f0
8480:             1             16  org.opensearch.action.admin.indices.template.delete.DeleteComposableIndexTemplateAction$$Lambda/0x00007fcd28be7160
8481:             1             16  org.opensearch.action.admin.indices.template.delete.DeleteIndexTemplateAction$$Lambda/0x00007fcd28be5080
8482:             1             16  org.opensearch.action.admin.indices.template.delete.TransportDeleteComponentTemplateAction$$Lambda/0x00007fcd28e75960
8483:             1             16  org.opensearch.action.admin.indices.template.delete.TransportDeleteComposableIndexTemplateAction$$Lambda/0x00007fcd28f2c218
8484:             1             16  org.opensearch.action.admin.indices.template.delete.TransportDeleteIndexTemplateAction$$Lambda/0x00007fcd28f5f358
8485:             1             16  org.opensearch.action.admin.indices.template.get.GetComponentTemplateAction$$Lambda/0x00007fcd28be5c50
8486:             1             16  org.opensearch.action.admin.indices.template.get.GetComposableIndexTemplateAction$$Lambda/0x00007fcd28be6cc0
8487:             1             16  org.opensearch.action.admin.indices.template.get.GetIndexTemplatesAction$$Lambda/0x00007fcd28be4be0
8488:             1             16  org.opensearch.action.admin.indices.template.get.TransportGetComponentTemplateAction$$Lambda/0x00007fcd28e750d8
8489:             1             16  org.opensearch.action.admin.indices.template.get.TransportGetComposableIndexTemplateAction$$Lambda/0x00007fcd28efd4f0
8490:             1             16  org.opensearch.action.admin.indices.template.get.TransportGetIndexTemplatesAction$$Lambda/0x00007fcd28f2de60
8491:             1             16  org.opensearch.action.admin.indices.template.post.SimulateIndexTemplateAction$$Lambda/0x00007fcd28be7888
8492:             1             16  org.opensearch.action.admin.indices.template.post.SimulateTemplateAction$$Lambda/0x00007fcd28be7d28
8493:             1             16  org.opensearch.action.admin.indices.template.post.TransportSimulateIndexTemplateAction$$Lambda/0x00007fcd28e74a90
8494:             1             16  org.opensearch.action.admin.indices.template.post.TransportSimulateTemplateAction$$Lambda/0x00007fcd28f5f140
8495:             1             16  org.opensearch.action.admin.indices.template.put.PutComponentTemplateAction$$Lambda/0x00007fcd28be5520
8496:             1             16  org.opensearch.action.admin.indices.template.put.PutComposableIndexTemplateAction$$Lambda/0x00007fcd28be6590
8497:             1             16  org.opensearch.action.admin.indices.template.put.PutIndexTemplateAction$$Lambda/0x00007fcd28be44b0
8498:             1             16  org.opensearch.action.admin.indices.template.put.TransportPutComponentTemplateAction$$Lambda/0x00007fcd28e0d758
8499:             1             16  org.opensearch.action.admin.indices.template.put.TransportPutComposableIndexTemplateAction$$Lambda/0x00007fcd28f2e900
8500:             1             16  org.opensearch.action.admin.indices.template.put.TransportPutIndexTemplateAction$$Lambda/0x00007fcd28efd708
8501:             1             16  org.opensearch.action.admin.indices.upgrade.get.TransportUpgradeStatusAction$$Lambda/0x00007fcd28efe5c8
8502:             1             16  org.opensearch.action.admin.indices.upgrade.get.UpgradeStatusAction$$Lambda/0x00007fcd28beaeb8
8503:             1             16  org.opensearch.action.admin.indices.upgrade.post.TransportUpgradeAction$$Lambda/0x00007fcd28eded00
8504:             1             16  org.opensearch.action.admin.indices.upgrade.post.TransportUpgradeSettingsAction$$Lambda/0x00007fcd28f2f378
8505:             1             16  org.opensearch.action.admin.indices.upgrade.post.UpgradeAction$$Lambda/0x00007fcd28bea720
8506:             1             16  org.opensearch.action.admin.indices.upgrade.post.UpgradeSettingsAction$$Lambda/0x00007fcd28beb368
8507:             1             16  org.opensearch.action.admin.indices.validate.query.TransportValidateQueryAction$$Lambda/0x00007fcd28e74218
8508:             1             16  org.opensearch.action.admin.indices.validate.query.TransportValidateQueryAction$$Lambda/0x00007fcd28e74430
8509:             1             16  org.opensearch.action.admin.indices.validate.query.ValidateQueryAction$$Lambda/0x00007fcd28be8560
8510:             1             16  org.opensearch.action.bulk.BackoffPolicy$NoBackoff
8511:             1             16  org.opensearch.action.bulk.BulkAction$$Lambda/0x00007fcd28bf25d8
8512:             1             16  org.opensearch.action.bulk.BulkRequest$$Lambda/0x00007fcd2922af78
8513:             1             16  org.opensearch.action.bulk.BulkShardRequest$$Lambda/0x00007fcd29236f10
8514:             1             16  org.opensearch.action.bulk.BulkShardResponse$$Lambda/0x00007fcd2937efd8
8515:             1             16  org.opensearch.action.bulk.TransportBulkAction$$Lambda/0x00007fcd28eff8d8
8516:             1             16  org.opensearch.action.bulk.TransportBulkAction$$Lambda/0x00007fcd28effaf0
8517:             1             16  org.opensearch.action.bulk.TransportBulkAction$$Lambda/0x00007fcd2922bcd8
8518:             1             16  org.opensearch.action.bulk.TransportBulkAction$$Lambda/0x00007fcd29234000
8519:             1             16  org.opensearch.action.bulk.TransportBulkAction$$Lambda/0x00007fcd29234238
8520:             1             16  org.opensearch.action.bulk.TransportBulkAction$$Lambda/0x00007fcd29234470
8521:             1             16  org.opensearch.action.bulk.TransportBulkAction$BulkOperation$$Lambda/0x00007fcd292355f0
8522:             1             16  org.opensearch.action.bulk.TransportShardBulkAction$$Lambda/0x00007fcd28efe9f8
8523:             1             16  org.opensearch.action.bulk.TransportShardBulkAction$$Lambda/0x00007fcd28efec30
8524:             1             16  org.opensearch.action.bulk.TransportShardBulkAction$$Lambda/0x00007fcd28efee48
8525:             1             16  org.opensearch.action.bulk.TransportShardBulkAction$$Lambda/0x00007fcd28eff4a0
8526:             1             16  org.opensearch.action.bulk.TransportShardBulkAction$$Lambda/0x00007fcd28eff6b8
8527:             1             16  org.opensearch.action.delete.DeleteAction$$Lambda/0x00007fcd28bf0828
8528:             1             16  org.opensearch.action.delete.TransportDeleteAction$$Lambda/0x00007fcd28f2c000
8529:             1             16  org.opensearch.action.explain.ExplainAction$$Lambda/0x00007fcd28bf50e0
8530:             1             16  org.opensearch.action.explain.TransportExplainAction$$Lambda/0x00007fcd28ddddb8
8531:             1             16  org.opensearch.action.fieldcaps.FieldCapabilitiesAction$$Lambda/0x00007fcd28bf99a8
8532:             1             16  org.opensearch.action.fieldcaps.TransportFieldCapabilitiesAction$$Lambda/0x00007fcd28efe198
8533:             1             16  org.opensearch.action.fieldcaps.TransportFieldCapabilitiesIndexAction$$Lambda/0x00007fcd28efd920
8534:             1             16  org.opensearch.action.fieldcaps.TransportFieldCapabilitiesIndexAction$$Lambda/0x00007fcd28efdb38
8535:             1             16  org.opensearch.action.fieldcaps.TransportFieldCapabilitiesIndexAction$$Lambda/0x00007fcd28efdd50
8536:             1             16  org.opensearch.action.fieldcaps.TransportFieldCapabilitiesIndexAction$ShardTransportHandler
8537:             1             16  org.opensearch.action.get.GetAction$$Lambda/0x00007fcd28bee698
8538:             1             16  org.opensearch.action.get.MultiGetAction$$Lambda/0x00007fcd28bf1be8
8539:             1             16  org.opensearch.action.get.TransportGetAction$$Lambda/0x00007fcd28edf130
8540:             1             16  org.opensearch.action.get.TransportMultiGetAction$$Lambda/0x00007fcd28f2ca78
8541:             1             16  org.opensearch.action.get.TransportShardMultiGetAction$$Lambda/0x00007fcd28f2c860
8542:             1             16  org.opensearch.action.get.TransportShardMultiGetAction$$Lambda/0x00007fcd291dd288
8543:             1             16  org.opensearch.action.index.IndexAction$$Lambda/0x00007fcd28bedd10
8544:             1             16  org.opensearch.action.index.TransportIndexAction$$Lambda/0x00007fcd28f2ed30
8545:             1             16  org.opensearch.action.ingest.DeletePipelineAction$$Lambda/0x00007fcd28bfabf0
8546:             1             16  org.opensearch.action.ingest.DeletePipelineTransportAction$$Lambda/0x00007fcd28e20ad8
8547:             1             16  org.opensearch.action.ingest.GetPipelineAction$$Lambda/0x00007fcd28bfa750
8548:             1             16  org.opensearch.action.ingest.GetPipelineTransportAction$$Lambda/0x00007fcd28f7df68
8549:             1             16  org.opensearch.action.ingest.PutPipelineAction$$Lambda/0x00007fcd28bf9ff0
8550:             1             16  org.opensearch.action.ingest.PutPipelineTransportAction$$Lambda/0x00007fcd28f7d4f0
8551:             1             16  org.opensearch.action.ingest.SimulateExecutionService
8552:             1             16  org.opensearch.action.ingest.SimulatePipelineAction$$Lambda/0x00007fcd28bfb530
8553:             1             16  org.opensearch.action.ingest.SimulatePipelineTransportAction$$Lambda/0x00007fcd28ddf5a0
8554:             1             16  org.opensearch.action.main.MainAction$$Lambda/0x00007fcd28bcf828
8555:             1             16  org.opensearch.action.main.TransportMainAction$$Lambda/0x00007fcd28ede8b8
8556:             1             16  org.opensearch.action.main.TransportMainAction$$Lambda/0x00007fcd28edead0
8557:             1             16  org.opensearch.action.resync.TransportResyncReplicationAction$$Lambda/0x00007fcd28dbe610
8558:             1             16  org.opensearch.action.resync.TransportResyncReplicationAction$$Lambda/0x00007fcd28dbe848
8559:             1             16  org.opensearch.action.resync.TransportResyncReplicationAction$$Lambda/0x00007fcd28dbea60
8560:             1             16  org.opensearch.action.resync.TransportResyncReplicationAction$$Lambda/0x00007fcd293e2e20
8561:             1             16  org.opensearch.action.search.ClearScrollAction$$Lambda/0x00007fcd28bf5850
8562:             1             16  org.opensearch.action.search.CreatePitAction$$Lambda/0x00007fcd28c93610
8563:             1             16  org.opensearch.action.search.DeletePitAction$$Lambda/0x00007fcd28c93cf8
8564:             1             16  org.opensearch.action.search.DeleteSearchPipelineAction$$Lambda/0x00007fcd28c96ec0
8565:             1             16  org.opensearch.action.search.DeleteSearchPipelineTransportAction$$Lambda/0x00007fcd28e75d90
8566:             1             16  org.opensearch.action.search.GetAllPitsAction$$Lambda/0x00007fcd28c948a8
8567:             1             16  org.opensearch.action.search.GetSearchPipelineAction$$Lambda/0x00007fcd28c96a20
8568:             1             16  org.opensearch.action.search.GetSearchPipelineTransportAction$$Lambda/0x00007fcd28e74ca8
8569:             1             16  org.opensearch.action.search.MultiSearchAction$$Lambda/0x00007fcd28bf49b0
8570:             1             16  org.opensearch.action.search.PutSearchPipelineAction$$Lambda/0x00007fcd28c962c0
8571:             1             16  org.opensearch.action.search.PutSearchPipelineTransportAction$$Lambda/0x00007fcd28e75748
8572:             1             16  org.opensearch.action.search.QueryPhaseResultConsumer$$Lambda/0x00007fcd29222a98
8573:             1             16  org.opensearch.action.search.QueryPhaseResultConsumer$PendingMerges$$Lambda/0x00007fcd29227738
8574:             1             16  org.opensearch.action.search.SearchAction$$Lambda/0x00007fcd28bf4088
8575:             1             16  org.opensearch.action.search.SearchExecutionStatsCollector$$Lambda/0x00007fcd28ce2248
8576:             1             16  org.opensearch.action.search.SearchPhaseController$$Lambda/0x00007fcd29227950
8577:             1             16  org.opensearch.action.search.SearchProgressListener$$Lambda/0x00007fcd29206fa0
8578:             1             16  org.opensearch.action.search.SearchProgressListener$$Lambda/0x00007fcd29225000
8579:             1             16  org.opensearch.action.search.SearchProgressListener$$Lambda/0x00007fcd29225238
8580:             1             16  org.opensearch.action.search.SearchProgressListener$$Lambda/0x00007fcd29227da0
8581:             1             16  org.opensearch.action.search.SearchProgressListener$1
8582:             1             16  org.opensearch.action.search.SearchRequestOperationsCompositeListenerFactory
8583:             1             16  org.opensearch.action.search.SearchRequestOperationsListener$1
8584:             1             16  org.opensearch.action.search.SearchRequestSlowLog$$Lambda/0x00007fcd28700000
8585:             1             16  org.opensearch.action.search.SearchRequestSlowLog$$Lambda/0x00007fcd288bfcc8
8586:             1             16  org.opensearch.action.search.SearchRequestSlowLog$$Lambda/0x00007fcd288c0000
8587:             1             16  org.opensearch.action.search.SearchRequestSlowLog$$Lambda/0x00007fcd288c0230
8588:             1             16  org.opensearch.action.search.SearchRequestSlowLog$$Lambda/0x00007fcd288c0460
8589:             1             16  org.opensearch.action.search.SearchRequestSlowLog$$Lambda/0x00007fcd288c0690
8590:             1             16  org.opensearch.action.search.SearchRequestStats$$Lambda/0x00007fcd288bf1e0
8591:             1             16  org.opensearch.action.search.SearchScrollAction$$Lambda/0x00007fcd28bf42a0
8592:             1             16  org.opensearch.action.search.SearchShardIterator$$Lambda/0x00007fcd291e2240
8593:             1             16  org.opensearch.action.search.SearchTransportService$$Lambda/0x00007fcd28e0dda0
8594:             1             16  org.opensearch.action.search.SearchTransportService$$Lambda/0x00007fcd28e0dfb8
8595:             1             16  org.opensearch.action.search.SearchTransportService$$Lambda/0x00007fcd28e0e1d8
8596:             1             16  org.opensearch.action.search.SearchTransportService$$Lambda/0x00007fcd28e0e3f0
8597:             1             16  org.opensearch.action.search.SearchTransportService$$Lambda/0x00007fcd28e0e608
8598:             1             16  org.opensearch.action.search.SearchTransportService$$Lambda/0x00007fcd28e0e828
8599:             1             16  org.opensearch.action.search.SearchTransportService$$Lambda/0x00007fcd28e0ea40
8600:             1             16  org.opensearch.action.search.SearchTransportService$$Lambda/0x00007fcd28e0ec58
8601:             1             16  org.opensearch.action.search.SearchTransportService$$Lambda/0x00007fcd28e0ee78
8602:             1             16  org.opensearch.action.search.SearchTransportService$$Lambda/0x00007fcd28e0f090
8603:             1             16  org.opensearch.action.search.SearchTransportService$$Lambda/0x00007fcd28e0f2a8
8604:             1             16  org.opensearch.action.search.SearchTransportService$$Lambda/0x00007fcd28e0f4c8
8605:             1             16  org.opensearch.action.search.SearchTransportService$$Lambda/0x00007fcd28e0f6e0
8606:             1             16  org.opensearch.action.search.SearchTransportService$$Lambda/0x00007fcd28e0f8f8
8607:             1             16  org.opensearch.action.search.SearchTransportService$$Lambda/0x00007fcd28e1c000
8608:             1             16  org.opensearch.action.search.SearchTransportService$$Lambda/0x00007fcd28e1c218
8609:             1             16  org.opensearch.action.search.SearchTransportService$$Lambda/0x00007fcd28e1c430
8610:             1             16  org.opensearch.action.search.SearchTransportService$$Lambda/0x00007fcd28e1c650
8611:             1             16  org.opensearch.action.search.SearchTransportService$$Lambda/0x00007fcd28e1caa8
8612:             1             16  org.opensearch.action.search.SearchTransportService$$Lambda/0x00007fcd28e1ccc0
8613:             1             16  org.opensearch.action.search.SearchTransportService$$Lambda/0x00007fcd28e1cee0
8614:             1             16  org.opensearch.action.search.SearchTransportService$$Lambda/0x00007fcd28e1d0f8
8615:             1             16  org.opensearch.action.search.SearchTransportService$$Lambda/0x00007fcd28e1d310
8616:             1             16  org.opensearch.action.search.SearchTransportService$$Lambda/0x00007fcd28e1d7c8
8617:             1             16  org.opensearch.action.search.SearchTransportService$$Lambda/0x00007fcd28e1d9e0
8618:             1             16  org.opensearch.action.search.SearchTransportService$$Lambda/0x00007fcd28e1dbf8
8619:             1             16  org.opensearch.action.search.SearchTransportService$$Lambda/0x00007fcd28e1e0b0
8620:             1             16  org.opensearch.action.search.SearchTransportService$$Lambda/0x00007fcd28e1e2c8
8621:             1             16  org.opensearch.action.search.SearchTransportService$$Lambda/0x00007fcd28e1e4e0
8622:             1             16  org.opensearch.action.search.SearchTransportService$$Lambda/0x00007fcd28e1e9a0
8623:             1             16  org.opensearch.action.search.SearchTransportService$$Lambda/0x00007fcd28e1ebb8
8624:             1             16  org.opensearch.action.search.SearchTransportService$$Lambda/0x00007fcd28e1edd0
8625:             1             16  org.opensearch.action.search.SearchTransportService$$Lambda/0x00007fcd28e1eff0
8626:             1             16  org.opensearch.action.search.SearchTransportService$$Lambda/0x00007fcd28e1f208
8627:             1             16  org.opensearch.action.search.SearchTransportService$$Lambda/0x00007fcd28e1f420
8628:             1             16  org.opensearch.action.search.SearchTransportService$$Lambda/0x00007fcd28e1f640
8629:             1             16  org.opensearch.action.search.SearchTransportService$$Lambda/0x00007fcd28e1f858
8630:             1             16  org.opensearch.action.search.SearchTransportService$$Lambda/0x00007fcd28e1fa70
8631:             1             16  org.opensearch.action.search.SearchTransportService$$Lambda/0x00007fcd28e1fc90
8632:             1             16  org.opensearch.action.search.SearchTransportService$$Lambda/0x00007fcd28e20000
8633:             1             16  org.opensearch.action.search.SearchTransportService$$Lambda/0x00007fcd28e20218
8634:             1             16  org.opensearch.action.search.SearchTransportService$$Lambda/0x00007fcd28e20690
8635:             1             16  org.opensearch.action.search.SearchTransportService$$Lambda/0x00007fcd29207838
8636:             1             16  org.opensearch.action.search.SearchTransportService$ConnectionCountingHandler$$Lambda/0x00007fcd29207ce8
8637:             1             16  org.opensearch.action.search.SearchTransportService$ConnectionCountingHandler$$Lambda/0x00007fcd29226000
8638:             1             16  org.opensearch.action.search.TransportClearScrollAction$$Lambda/0x00007fcd28f7dd50
8639:             1             16  org.opensearch.action.search.TransportCreatePitAction$$Lambda/0x00007fcd28e776e0
8640:             1             16  org.opensearch.action.search.TransportDeletePitAction$$Lambda/0x00007fcd28f7d708
8641:             1             16  org.opensearch.action.search.TransportGetAllPitsAction$$Lambda/0x00007fcd28f7c430
8642:             1             16  org.opensearch.action.search.TransportGetAllPitsAction$$Lambda/0x00007fcd28f7c648
8643:             1             16  org.opensearch.action.search.TransportMultiSearchAction$$Lambda/0x00007fcd28f2da30
8644:             1             16  org.opensearch.action.search.TransportMultiSearchAction$$Lambda/0x00007fcd28f2dc48
8645:             1             16  org.opensearch.action.search.TransportSearchAction$$Lambda/0x00007fcd28e0db88
8646:             1             16  org.opensearch.action.search.TransportSearchAction$$Lambda/0x00007fcd28e208a8
8647:             1             16  org.opensearch.action.search.TransportSearchAction$$Lambda/0x00007fcd291dba70
8648:             1             16  org.opensearch.action.search.TransportSearchAction$$Lambda/0x00007fcd291e75e0
8649:             1             16  org.opensearch.action.search.TransportSearchScrollAction$$Lambda/0x00007fcd28e76e68
8650:             1             16  org.opensearch.action.support.ActionFilters
8651:             1             16  org.opensearch.action.support.AutoCreateIndex$$Lambda/0x00007fcd286e8000
8652:             1             16  org.opensearch.action.support.AutoCreateIndex$$Lambda/0x00007fcd28c97c40
8653:             1             16  org.opensearch.action.support.DestructiveOperations
8654:             1             16  org.opensearch.action.support.DestructiveOperations$$Lambda/0x00007fcd28c98000
8655:             1             16  org.opensearch.action.support.TransportAction$$Lambda/0x00007fcd291be1f8
8656:             1             16  org.opensearch.action.support.broadcast.TransportBroadcastAction$ShardTransportHandler
8657:             1             16  org.opensearch.action.support.broadcast.node.TransportBroadcastByNodeAction$$Lambda/0x00007fcd29376630
8658:             1             16  org.opensearch.action.support.clustermanager.term.GetTermVersionAction$$Lambda/0x00007fcd28bd3d90
8659:             1             16  org.opensearch.action.support.clustermanager.term.TransportGetTermVersionAction$$Lambda/0x00007fcd28e74000
8660:             1             16  org.opensearch.action.support.master.AcknowledgedResponse$$Lambda/0x00007fcd293788a0
8661:             1             16  org.opensearch.action.support.master.AcknowledgedResponse$$Lambda/0x00007fcd29378ad8
8662:             1             16  org.opensearch.action.support.nodes.BaseNodesRequest$$Lambda/0x00007fcd291a53a0
8663:             1             16  org.opensearch.action.support.nodes.BaseNodesRequest$$Lambda/0x00007fcd291a55b8
8664:             1             16  org.opensearch.action.support.nodes.TransportNodesAction$$Lambda/0x00007fcd291beef0
8665:             1             16  org.opensearch.action.support.replication.PendingReplicationActions$$Lambda/0x00007fcd293761c8
8666:             1             16  org.opensearch.action.support.replication.ReplicationRequest$$Lambda/0x00007fcd2937a728
8667:             1             16  org.opensearch.action.support.replication.TransportReplicationAction$$Lambda/0x00007fcd28eff060
8668:             1             16  org.opensearch.action.support.replication.TransportReplicationAction$$Lambda/0x00007fcd28eff280
8669:             1             16  org.opensearch.action.support.replication.TransportReplicationAction$$Lambda/0x00007fcd2937a940
8670:             1             16  org.opensearch.action.support.replication.TransportReplicationAction$$Lambda/0x00007fcd293ae930
8671:             1             16  org.opensearch.action.support.replication.TransportReplicationAction$AsyncPrimaryAction$$Lambda/0x00007fcd293b21b0
8672:             1             16  org.opensearch.action.support.replication.TransportReplicationAction$ReplicasProxy$$Lambda/0x00007fcd293b5520
8673:             1             16  org.opensearch.action.support.single.instance.TransportInstanceSingleOperationAction$ShardTransportHandler
8674:             1             16  org.opensearch.action.support.single.shard.TransportSingleShardAction$AsyncSingleAction$$Lambda/0x00007fcd291dd070
8675:             1             16  org.opensearch.action.termvectors.MultiTermVectorsAction$$Lambda/0x00007fcd28befa70
8676:             1             16  org.opensearch.action.termvectors.TermVectorsAction$$Lambda/0x00007fcd28bef2f8
8677:             1             16  org.opensearch.action.termvectors.TransportMultiTermVectorsAction$$Lambda/0x00007fcd28e77b10
8678:             1             16  org.opensearch.action.termvectors.TransportShardMultiTermsVectorAction$$Lambda/0x00007fcd28e778f8
8679:             1             16  org.opensearch.action.termvectors.TransportTermVectorsAction$$Lambda/0x00007fcd28edc698
8680:             1             16  org.opensearch.action.update.TransportUpdateAction$$Lambda/0x00007fcd28e75fa8
8681:             1             16  org.opensearch.action.update.UpdateAction$$Lambda/0x00007fcd28bf1210
8682:             1             16  org.opensearch.action.update.UpdateHelper
8683:             1             16  org.opensearch.ad.caching.ADCacheProvider
8684:             1             16  org.opensearch.ad.indices.ADIndex$$Lambda/0x00007fcd289c7610
8685:             1             16  org.opensearch.ad.indices.ADIndex$$Lambda/0x00007fcd289c7828
8686:             1             16  org.opensearch.ad.indices.ADIndex$$Lambda/0x00007fcd289c7a40
8687:             1             16  org.opensearch.ad.indices.ADIndex$$Lambda/0x00007fcd289c7c58
8688:             1             16  org.opensearch.ad.indices.ADIndex$$Lambda/0x00007fcd289cc000
8689:             1             16  org.opensearch.ad.indices.ADIndex$$Lambda/0x00007fcd289cc218
8690:             1             16  org.opensearch.ad.indices.ADIndexManagement$$Lambda/0x00007fcd289cca08
8691:             1             16  org.opensearch.ad.indices.ADIndexManagement$$Lambda/0x00007fcd289ccc20
8692:             1             16  org.opensearch.ad.indices.ADIndexManagement$$Lambda/0x00007fcd289cce50
8693:             1             16  org.opensearch.ad.indices.ADIndexManagement$$Lambda/0x00007fcd289cd080
8694:             1             16  org.opensearch.ad.indices.ADIndexManagement$$Lambda/0x00007fcd289cd2b0
8695:             1             16  org.opensearch.ad.ml.ADModelManager$$Lambda/0x00007fcd28a154f8
8696:             1             16  org.opensearch.ad.ml.ADModelManager$$Lambda/0x00007fcd29016f28
8697:             1             16  org.opensearch.ad.model.AnomalyDetector$$Lambda/0x00007fcd2857a7f0
8698:             1             16  org.opensearch.ad.model.AnomalyResult$$Lambda/0x00007fcd2857b468
8699:             1             16  org.opensearch.ad.model.DetectorInternalState$$Lambda/0x00007fcd2857b8f8
8700:             1             16  org.opensearch.ad.ratelimit.ADCheckpointMaintainWorker$$Lambda/0x00007fcd28a12c28
8701:             1             16  org.opensearch.ad.ratelimit.ADCheckpointMaintainWorker$$Lambda/0x00007fcd28a12e58
8702:             1             16  org.opensearch.ad.ratelimit.ADResultWriteWorker$$Lambda/0x00007fcd28a17138
8703:             1             16  org.opensearch.ad.rest.AbstractADSearchAction$$Lambda/0x00007fcd2900f068
8704:             1             16  org.opensearch.ad.rest.RestAnomalyDetectorJobAction$$Lambda/0x00007fcd29010b20
8705:             1             16  org.opensearch.ad.rest.RestExecuteAnomalyDetectorAction$$Lambda/0x00007fcd2900fda0
8706:             1             16  org.opensearch.ad.stats.ADStats
8707:             1             16  org.opensearch.ad.stats.suppliers.ADModelsOnNodeSupplier$$Lambda/0x00007fcd28a27ba0
8708:             1             16  org.opensearch.ad.task.ADBatchTaskRunner$$Lambda/0x00007fcd28a372b0
8709:             1             16  org.opensearch.ad.task.ADBatchTaskRunner$$Lambda/0x00007fcd28a374e0
8710:             1             16  org.opensearch.ad.task.ADBatchTaskRunner$$Lambda/0x00007fcd28a37710
8711:             1             16  org.opensearch.ad.task.ADBatchTaskRunner$$Lambda/0x00007fcd28a37940
8712:             1             16  org.opensearch.ad.task.ADBatchTaskRunner$$Lambda/0x00007fcd28a37b70
8713:             1             16  org.opensearch.ad.task.ADTaskCacheManager$$Lambda/0x00007fcd28a2e2e8
8714:             1             16  org.opensearch.ad.task.ADTaskManager$$Lambda/0x00007fcd28a36548
8715:             1             16  org.opensearch.ad.task.ADTaskManager$$Lambda/0x00007fcd28a36778
8716:             1             16  org.opensearch.ad.task.ADTaskManager$$Lambda/0x00007fcd28a369a8
8717:             1             16  org.opensearch.ad.task.ADTaskManager$$Lambda/0x00007fcd28a36bd8
8718:             1             16  org.opensearch.ad.transport.ADBatchAnomalyResultAction$$Lambda/0x00007fcd28c20688
8719:             1             16  org.opensearch.ad.transport.ADBatchAnomalyResultTransportAction$$Lambda/0x00007fcd28e3c230
8720:             1             16  org.opensearch.ad.transport.ADBatchTaskRemoteExecutionAction$$Lambda/0x00007fcd28c20ab8
8721:             1             16  org.opensearch.ad.transport.ADBatchTaskRemoteExecutionTransportAction$$Lambda/0x00007fcd28f1e2d0
8722:             1             16  org.opensearch.ad.transport.ADCancelTaskAction$$Lambda/0x00007fcd28c21858
8723:             1             16  org.opensearch.ad.transport.ADCancelTaskTransportAction$$Lambda/0x00007fcd28e3d578
8724:             1             16  org.opensearch.ad.transport.ADCancelTaskTransportAction$$Lambda/0x00007fcd28e3d790
8725:             1             16  org.opensearch.ad.transport.ADEntityProfileAction$$Lambda/0x00007fcd28c1ed20
8726:             1             16  org.opensearch.ad.transport.ADProfileAction$$Lambda/0x00007fcd28a388c8
8727:             1             16  org.opensearch.ad.transport.ADResultBulkAction$$Lambda/0x00007fcd28c1dfc0
8728:             1             16  org.opensearch.ad.transport.ADResultBulkTransportAction$$Lambda/0x00007fcd28d9d6f8
8729:             1             16  org.opensearch.ad.transport.ADResultBulkTransportAction$$Lambda/0x00007fcd28d9d910
8730:             1             16  org.opensearch.ad.transport.ADResultBulkTransportAction$$Lambda/0x00007fcd28d9db40
8731:             1             16  org.opensearch.ad.transport.ADSingleStreamResultAction$$Lambda/0x00007fcd28c23550
8732:             1             16  org.opensearch.ad.transport.ADStatsNodesAction$$Lambda/0x00007fcd28c19500
8733:             1             16  org.opensearch.ad.transport.ADTaskProfileAction$$Lambda/0x00007fcd28c21158
8734:             1             16  org.opensearch.ad.transport.ADTaskProfileTransportAction$$Lambda/0x00007fcd28d9f0b8
8735:             1             16  org.opensearch.ad.transport.ADTaskProfileTransportAction$$Lambda/0x00007fcd28d9f2d0
8736:             1             16  org.opensearch.ad.transport.AnomalyDetectorJobAction$$Lambda/0x00007fcd28c1d730
8737:             1             16  org.opensearch.ad.transport.AnomalyResultAction$$Lambda/0x00007fcd28a399f0
8738:             1             16  org.opensearch.ad.transport.AnomalyResultTransportAction$$Lambda/0x00007fcd28d9f4e8
8739:             1             16  org.opensearch.ad.transport.CronAction$$Lambda/0x00007fcd28c18db0
8740:             1             16  org.opensearch.ad.transport.DeleteADModelAction$$Lambda/0x00007fcd28a430a8
8741:             1             16  org.opensearch.ad.transport.DeleteAnomalyDetectorAction$$Lambda/0x00007fcd28c1bdd0
8742:             1             16  org.opensearch.ad.transport.DeleteAnomalyResultsAction$$Lambda/0x00007fcd28c22118
8743:             1             16  org.opensearch.ad.transport.DeleteAnomalyResultsTransportAction$$Lambda/0x00007fcd28e3cac0
8744:             1             16  org.opensearch.ad.transport.DeleteAnomalyResultsTransportAction$$Lambda/0x00007fcd28e3ccd8
8745:             1             16  org.opensearch.ad.transport.EntityADResultAction$$Lambda/0x00007fcd28c1e640
8746:             1             16  org.opensearch.ad.transport.EntityADResultTransportAction$$Lambda/0x00007fcd28e3d9a8
8747:             1             16  org.opensearch.ad.transport.ForwardADTaskAction$$Lambda/0x00007fcd28c21ce8
8748:             1             16  org.opensearch.ad.transport.ForwardADTaskTransportAction$$Lambda/0x00007fcd28f1cf68
8749:             1             16  org.opensearch.ad.transport.GetAnomalyDetectorAction$$Lambda/0x00007fcd28c1c6d0
8750:             1             16  org.opensearch.ad.transport.IndexAnomalyDetectorAction$$Lambda/0x00007fcd28c1d068
8751:             1             16  org.opensearch.ad.transport.IndexAnomalyDetectorTransportAction$$Lambda/0x00007fcd28f1c690
8752:             1             16  org.opensearch.ad.transport.IndexAnomalyDetectorTransportAction$$Lambda/0x00007fcd28f1c8a8
8753:             1             16  org.opensearch.ad.transport.PreviewAnomalyDetectorAction$$Lambda/0x00007fcd28c20000
8754:             1             16  org.opensearch.ad.transport.PreviewAnomalyDetectorTransportAction$$Lambda/0x00007fcd28e3fd58
8755:             1             16  org.opensearch.ad.transport.PreviewAnomalyDetectorTransportAction$$Lambda/0x00007fcd28f1c000
8756:             1             16  org.opensearch.ad.transport.PreviewAnomalyDetectorTransportAction$$Lambda/0x00007fcd28f1c230
8757:             1             16  org.opensearch.ad.transport.PreviewAnomalyDetectorTransportAction$$Lambda/0x00007fcd28f1c460
8758:             1             16  org.opensearch.ad.transport.RCFPollingAction$$Lambda/0x00007fcd28c1a3a8
8759:             1             16  org.opensearch.ad.transport.RCFPollingTransportAction$$Lambda/0x00007fcd28f1e700
8760:             1             16  org.opensearch.ad.transport.RCFResultAction$$Lambda/0x00007fcd28a43ca0
8761:             1             16  org.opensearch.ad.transport.RCFResultTransportAction$$Lambda/0x00007fcd28d9e5e8
8762:             1             16  org.opensearch.ad.transport.SearchADTasksAction$$Lambda/0x00007fcd28c1b078
8763:             1             16  org.opensearch.ad.transport.SearchADTasksTransportAction$$Lambda/0x00007fcd28f1e0b8
8764:             1             16  org.opensearch.ad.transport.SearchAnomalyDetectorAction$$Lambda/0x00007fcd28c1a7d8
8765:             1             16  org.opensearch.ad.transport.SearchAnomalyDetectorInfoAction$$Lambda/0x00007fcd28c1f600
8766:             1             16  org.opensearch.ad.transport.SearchAnomalyDetectorTransportAction$$Lambda/0x00007fcd28e3f2c8
8767:             1             16  org.opensearch.ad.transport.SearchAnomalyResultAction$$Lambda/0x00007fcd28c1ac08
8768:             1             16  org.opensearch.ad.transport.SearchAnomalyResultTransportAction$$Lambda/0x00007fcd28f1cad8
8769:             1             16  org.opensearch.ad.transport.SearchTopAnomalyResultAction$$Lambda/0x00007fcd28c227e0
8770:             1             16  org.opensearch.ad.transport.SearchTopAnomalyResultTransportAction$$Lambda/0x00007fcd28e3e638
8771:             1             16  org.opensearch.ad.transport.StatsAnomalyDetectorAction$$Lambda/0x00007fcd28c1b738
8772:             1             16  org.opensearch.ad.transport.StopDetectorAction$$Lambda/0x00007fcd28a39e98
8773:             1             16  org.opensearch.ad.transport.StopDetectorTransportAction$$Lambda/0x00007fcd28e3f4e0
8774:             1             16  org.opensearch.ad.transport.ThresholdResultAction$$Lambda/0x00007fcd28c184b0
8775:             1             16  org.opensearch.ad.transport.ThresholdResultTransportAction$$Lambda/0x00007fcd28f1e4e8
8776:             1             16  org.opensearch.ad.transport.ValidateAnomalyDetectorAction$$Lambda/0x00007fcd28c22ea8
8777:             1             16  org.opensearch.agent.tools.PPLTool$Factory
8778:             1             16  org.opensearch.agent.tools.SearchAlertsTool$Factory
8779:             1             16  org.opensearch.agent.tools.SearchMonitorsTool$Factory
8780:             1             16  org.opensearch.alerting.AlertService$Companion
8781:             1             16  org.opensearch.alerting.AlertingPlugin$$Lambda/0x00007fcd286228c0
8782:             1             16  org.opensearch.alerting.AlertingPlugin$$Lambda/0x00007fcd28622ad8
8783:             1             16  org.opensearch.alerting.AlertingPlugin$Companion
8784:             1             16  org.opensearch.alerting.MonitorMetadataService
8785:             1             16  org.opensearch.alerting.MonitorMetadataService$$Lambda/0x00007fcd28a98420
8786:             1             16  org.opensearch.alerting.MonitorRunnerService$$Lambda/0x00007fcd28a8a600
8787:             1             16  org.opensearch.alerting.MonitorRunnerService$$Lambda/0x00007fcd28a8a828
8788:             1             16  org.opensearch.alerting.MonitorRunnerService$$Lambda/0x00007fcd28a8aa50
8789:             1             16  org.opensearch.alerting.MonitorRunnerService$$Lambda/0x00007fcd28a8ac78
8790:             1             16  org.opensearch.alerting.MonitorRunnerService$$Lambda/0x00007fcd28a8aea0
8791:             1             16  org.opensearch.alerting.MonitorRunnerService$$Lambda/0x00007fcd28a8b0c8
8792:             1             16  org.opensearch.alerting.MonitorRunnerService$$Lambda/0x00007fcd28a8b2f0
8793:             1             16  org.opensearch.alerting.MonitorRunnerService$$Lambda/0x00007fcd28a8b518
8794:             1             16  org.opensearch.alerting.MonitorRunnerService$$Lambda/0x00007fcd28a8b740
8795:             1             16  org.opensearch.alerting.MonitorRunnerService$$Lambda/0x00007fcd28a8b968
8796:             1             16  org.opensearch.alerting.MonitorRunnerService$$Lambda/0x00007fcd28a8bb90
8797:             1             16  org.opensearch.alerting.WorkflowMetadataService
8798:             1             16  org.opensearch.alerting.WorkflowMetadataService$$Lambda/0x00007fcd28a98868
8799:             1             16  org.opensearch.alerting.action.DocLevelMonitorFanOutAction$$Lambda/0x00007fcd28c35f10
8800:             1             16  org.opensearch.alerting.action.DocLevelMonitorFanOutAction$Companion
8801:             1             16  org.opensearch.alerting.action.ExecuteMonitorAction$$Lambda/0x00007fcd28c2ed10
8802:             1             16  org.opensearch.alerting.action.ExecuteMonitorAction$Companion
8803:             1             16  org.opensearch.alerting.action.ExecuteWorkflowAction$$Lambda/0x00007fcd28c34930
8804:             1             16  org.opensearch.alerting.action.ExecuteWorkflowAction$Companion
8805:             1             16  org.opensearch.alerting.action.GetDestinationsAction$$Lambda/0x00007fcd28c328b0
8806:             1             16  org.opensearch.alerting.action.GetDestinationsAction$Companion
8807:             1             16  org.opensearch.alerting.action.GetEmailAccountAction$$Lambda/0x00007fcd28c30288
8808:             1             16  org.opensearch.alerting.action.GetEmailAccountAction$Companion
8809:             1             16  org.opensearch.alerting.action.GetEmailGroupAction$$Lambda/0x00007fcd28c315a0
8810:             1             16  org.opensearch.alerting.action.GetEmailGroupAction$Companion
8811:             1             16  org.opensearch.alerting.action.GetRemoteIndexesAction$$Lambda/0x00007fcd28c353f8
8812:             1             16  org.opensearch.alerting.action.GetRemoteIndexesAction$Companion
8813:             1             16  org.opensearch.alerting.action.SearchEmailAccountAction$$Lambda/0x00007fcd28c30ad0
8814:             1             16  org.opensearch.alerting.action.SearchEmailAccountAction$Companion
8815:             1             16  org.opensearch.alerting.action.SearchEmailGroupAction$$Lambda/0x00007fcd28c31de8
8816:             1             16  org.opensearch.alerting.action.SearchEmailGroupAction$Companion
8817:             1             16  org.opensearch.alerting.alerts.AlertIndices$$Lambda/0x00007fcd288a30c8
8818:             1             16  org.opensearch.alerting.alerts.AlertIndices$$Lambda/0x00007fcd288a32f8
8819:             1             16  org.opensearch.alerting.alerts.AlertIndices$$Lambda/0x00007fcd288a3528
8820:             1             16  org.opensearch.alerting.alerts.AlertIndices$$Lambda/0x00007fcd288a3758
8821:             1             16  org.opensearch.alerting.alerts.AlertIndices$$Lambda/0x00007fcd288a3988
8822:             1             16  org.opensearch.alerting.alerts.AlertIndices$$Lambda/0x00007fcd288a3bb8
8823:             1             16  org.opensearch.alerting.alerts.AlertIndices$$Lambda/0x00007fcd28a88000
8824:             1             16  org.opensearch.alerting.alerts.AlertIndices$$Lambda/0x00007fcd28a88230
8825:             1             16  org.opensearch.alerting.alerts.AlertIndices$$Lambda/0x00007fcd28a88460
8826:             1             16  org.opensearch.alerting.alerts.AlertIndices$$Lambda/0x00007fcd28a88690
8827:             1             16  org.opensearch.alerting.alerts.AlertIndices$$Lambda/0x00007fcd28a888c0
8828:             1             16  org.opensearch.alerting.alerts.AlertIndices$Companion
8829:             1             16  org.opensearch.alerting.comments.CommentsIndices$$Lambda/0x00007fcd28a8c7e8
8830:             1             16  org.opensearch.alerting.comments.CommentsIndices$$Lambda/0x00007fcd28a8ca18
8831:             1             16  org.opensearch.alerting.comments.CommentsIndices$$Lambda/0x00007fcd28a8cc48
8832:             1             16  org.opensearch.alerting.comments.CommentsIndices$$Lambda/0x00007fcd28a8ce78
8833:             1             16  org.opensearch.alerting.comments.CommentsIndices$Companion
8834:             1             16  org.opensearch.alerting.core.JobSweeper$$Lambda/0x00007fcd28a8d568
8835:             1             16  org.opensearch.alerting.core.JobSweeper$$Lambda/0x00007fcd28a8d798
8836:             1             16  org.opensearch.alerting.core.JobSweeper$$Lambda/0x00007fcd28a8d9c8
8837:             1             16  org.opensearch.alerting.core.JobSweeper$$Lambda/0x00007fcd28a8dbf8
8838:             1             16  org.opensearch.alerting.core.JobSweeper$$Lambda/0x00007fcd28a8de28
8839:             1             16  org.opensearch.alerting.core.JobSweeper$$Lambda/0x00007fcd28a8e058
8840:             1             16  org.opensearch.alerting.core.JobSweeper$$Lambda/0x00007fcd29019560
8841:             1             16  org.opensearch.alerting.core.ScheduledJobIndices$Companion
8842:             1             16  org.opensearch.alerting.core.action.node.ScheduledJobsStatsAction$$Lambda/0x00007fcd28a99390
8843:             1             16  org.opensearch.alerting.core.action.node.ScheduledJobsStatsAction$Companion
8844:             1             16  org.opensearch.alerting.core.action.node.ScheduledJobsStatsTransportAction$$Lambda/0x00007fcd28dfc430
8845:             1             16  org.opensearch.alerting.core.action.node.ScheduledJobsStatsTransportAction$$Lambda/0x00007fcd28dfc648
8846:             1             16  org.opensearch.alerting.core.lock.LockService$Companion
8847:             1             16  org.opensearch.alerting.core.resthandler.RestScheduledJobStatsHandler$Companion
8848:             1             16  org.opensearch.alerting.core.resthandler.RestScheduledJobStatsHandler$Companion$METRICS$1
8849:             1             16  org.opensearch.alerting.core.resthandler.RestScheduledJobStatsHandler$Companion$METRICS$2
8850:             1             16  org.opensearch.alerting.core.settings.LegacyOpenDistroScheduledJobSettings$Companion
8851:             1             16  org.opensearch.alerting.core.settings.ScheduledJobSettings$Companion
8852:             1             16  org.opensearch.alerting.model.AlertContext$Companion
8853:             1             16  org.opensearch.alerting.resthandler.RestGetRemoteIndexesAction$Companion
8854:             1             16  org.opensearch.alerting.resthandler.RestSearchMonitorAction$$Lambda/0x00007fcd28f85208
8855:             1             16  org.opensearch.alerting.script.TriggerScript$Companion
8856:             1             16  org.opensearch.alerting.service.DeleteMonitorService
8857:             1             16  org.opensearch.alerting.settings.AlertingSettings$Companion
8858:             1             16  org.opensearch.alerting.settings.DestinationSettings$$Lambda/0x00007fcd2846acf0
8859:             1             16  org.opensearch.alerting.settings.DestinationSettings$$Lambda/0x00007fcd2846af28
8860:             1             16  org.opensearch.alerting.settings.DestinationSettings$Companion
8861:             1             16  org.opensearch.alerting.settings.LegacyOpenDistroAlertingSettings$Companion
8862:             1             16  org.opensearch.alerting.settings.LegacyOpenDistroDestinationSettings$$Lambda/0x00007fcd2846a880
8863:             1             16  org.opensearch.alerting.settings.LegacyOpenDistroDestinationSettings$$Lambda/0x00007fcd2846aab8
8864:             1             16  org.opensearch.alerting.settings.LegacyOpenDistroDestinationSettings$Companion
8865:             1             16  org.opensearch.alerting.transport.TransportAcknowledgeAlertAction$$Lambda/0x00007fcd28eed6d8
8866:             1             16  org.opensearch.alerting.transport.TransportAcknowledgeAlertAction$$Lambda/0x00007fcd28eed8f0
8867:             1             16  org.opensearch.alerting.transport.TransportAcknowledgeChainedAlertAction$$Lambda/0x00007fcd28dfe2b8
8868:             1             16  org.opensearch.alerting.transport.TransportAcknowledgeChainedAlertAction$$Lambda/0x00007fcd28dfe4d0
8869:             1             16  org.opensearch.alerting.transport.TransportDeleteAlertingCommentAction$$Lambda/0x00007fcd28eef888
8870:             1             16  org.opensearch.alerting.transport.TransportDeleteAlertingCommentAction$$Lambda/0x00007fcd28eefaa0
8871:             1             16  org.opensearch.alerting.transport.TransportDeleteMonitorAction$$Lambda/0x00007fcd28eef1b0
8872:             1             16  org.opensearch.alerting.transport.TransportDeleteWorkflowAction$$Lambda/0x00007fcd28eec6f0
8873:             1             16  org.opensearch.alerting.transport.TransportDocLevelMonitorFanOutAction$$Lambda/0x00007fcd28dfe918
8874:             1             16  org.opensearch.alerting.transport.TransportDocLevelMonitorFanOutAction$$Lambda/0x00007fcd28dfeb30
8875:             1             16  org.opensearch.alerting.transport.TransportDocLevelMonitorFanOutAction$$Lambda/0x00007fcd28dfed60
8876:             1             16  org.opensearch.alerting.transport.TransportDocLevelMonitorFanOutAction$$Lambda/0x00007fcd28dfef90
8877:             1             16  org.opensearch.alerting.transport.TransportDocLevelMonitorFanOutAction$$Lambda/0x00007fcd28dff1c0
8878:             1             16  org.opensearch.alerting.transport.TransportDocLevelMonitorFanOutAction$$Lambda/0x00007fcd28dff3f0
8879:             1             16  org.opensearch.alerting.transport.TransportDocLevelMonitorFanOutAction$$Lambda/0x00007fcd28dff620
8880:             1             16  org.opensearch.alerting.transport.TransportDocLevelMonitorFanOutAction$$Lambda/0x00007fcd28dff850
8881:             1             16  org.opensearch.alerting.transport.TransportDocLevelMonitorFanOutAction$$Lambda/0x00007fcd28dffa80
8882:             1             16  org.opensearch.alerting.transport.TransportExecuteMonitorAction$$Lambda/0x00007fcd28f84230
8883:             1             16  org.opensearch.alerting.transport.TransportExecuteWorkflowAction$$Lambda/0x00007fcd28eef3c8
8884:             1             16  org.opensearch.alerting.transport.TransportGetAlertsAction$$Lambda/0x00007fcd28dfcca8
8885:             1             16  org.opensearch.alerting.transport.TransportGetDestinationsAction$$Lambda/0x00007fcd28dfe700
8886:             1             16  org.opensearch.alerting.transport.TransportGetEmailAccountAction$$Lambda/0x00007fcd28d86d68
8887:             1             16  org.opensearch.alerting.transport.TransportGetEmailAccountAction$$Lambda/0x00007fcd28d86f80
8888:             1             16  org.opensearch.alerting.transport.TransportGetEmailGroupAction$$Lambda/0x00007fcd28eecb20
8889:             1             16  org.opensearch.alerting.transport.TransportGetEmailGroupAction$$Lambda/0x00007fcd28eecd38
8890:             1             16  org.opensearch.alerting.transport.TransportGetFindingsSearchAction$$Lambda/0x00007fcd28eec908
8891:             1             16  org.opensearch.alerting.transport.TransportGetMonitorAction$$Lambda/0x00007fcd28eed218
8892:             1             16  org.opensearch.alerting.transport.TransportGetRemoteIndexesAction$$Lambda/0x00007fcd28eedb20
8893:             1             16  org.opensearch.alerting.transport.TransportGetRemoteIndexesAction$$Lambda/0x00007fcd28eedd38
8894:             1             16  org.opensearch.alerting.transport.TransportGetWorkflowAction$$Lambda/0x00007fcd28eedf68
8895:             1             16  org.opensearch.alerting.transport.TransportGetWorkflowAlertsAction$$Lambda/0x00007fcd28dffcb0
8896:             1             16  org.opensearch.alerting.transport.TransportGetWorkflowAlertsAction$$Lambda/0x00007fcd28eec000
8897:             1             16  org.opensearch.alerting.transport.TransportIndexAlertingCommentAction$$Lambda/0x00007fcd28eee430
8898:             1             16  org.opensearch.alerting.transport.TransportIndexAlertingCommentAction$$Lambda/0x00007fcd28eee648
8899:             1             16  org.opensearch.alerting.transport.TransportIndexAlertingCommentAction$$Lambda/0x00007fcd28eee878
8900:             1             16  org.opensearch.alerting.transport.TransportIndexAlertingCommentAction$$Lambda/0x00007fcd28eeeaa8
8901:             1             16  org.opensearch.alerting.transport.TransportIndexAlertingCommentAction$$Lambda/0x00007fcd28eeecd8
8902:             1             16  org.opensearch.alerting.transport.TransportIndexMonitorAction$$Lambda/0x00007fcd28dfd308
8903:             1             16  org.opensearch.alerting.transport.TransportIndexMonitorAction$$Lambda/0x00007fcd28dfd520
8904:             1             16  org.opensearch.alerting.transport.TransportIndexMonitorAction$$Lambda/0x00007fcd28dfd750
8905:             1             16  org.opensearch.alerting.transport.TransportIndexMonitorAction$$Lambda/0x00007fcd28dfd980
8906:             1             16  org.opensearch.alerting.transport.TransportIndexMonitorAction$$Lambda/0x00007fcd28dfdbb0
8907:             1             16  org.opensearch.alerting.transport.TransportIndexMonitorAction$$Lambda/0x00007fcd28dfdde0
8908:             1             16  org.opensearch.alerting.transport.TransportIndexWorkflowAction$$Lambda/0x00007fcd28d871b0
8909:             1             16  org.opensearch.alerting.transport.TransportIndexWorkflowAction$$Lambda/0x00007fcd28d873c8
8910:             1             16  org.opensearch.alerting.transport.TransportIndexWorkflowAction$$Lambda/0x00007fcd28d875f8
8911:             1             16  org.opensearch.alerting.transport.TransportIndexWorkflowAction$$Lambda/0x00007fcd28d87828
8912:             1             16  org.opensearch.alerting.transport.TransportIndexWorkflowAction$$Lambda/0x00007fcd28d87a58
8913:             1             16  org.opensearch.alerting.transport.TransportIndexWorkflowAction$$Lambda/0x00007fcd28d87c88
8914:             1             16  org.opensearch.alerting.transport.TransportSearchAlertingCommentAction$$Lambda/0x00007fcd28dfcec0
8915:             1             16  org.opensearch.alerting.transport.TransportSearchAlertingCommentAction$$Lambda/0x00007fcd28dfd0d8
8916:             1             16  org.opensearch.alerting.transport.TransportSearchEmailAccountAction$$Lambda/0x00007fcd28eefcd0
8917:             1             16  org.opensearch.alerting.transport.TransportSearchEmailAccountAction$$Lambda/0x00007fcd28f84000
8918:             1             16  org.opensearch.alerting.transport.TransportSearchEmailGroupAction$$Lambda/0x00007fcd28dfc860
8919:             1             16  org.opensearch.alerting.transport.TransportSearchEmailGroupAction$$Lambda/0x00007fcd28dfca78
8920:             1             16  org.opensearch.alerting.transport.TransportSearchMonitorAction$$Lambda/0x00007fcd28eec230
8921:             1             16  org.opensearch.alerting.util.DocLevelMonitorQueries$Companion
8922:             1             16  org.opensearch.alerting.util.destinationmigration.DestinationMigrationUtilService$Companion
8923:             1             16  org.opensearch.analysis.common.CommonAnalysisPlugin
8924:             1             16  org.opensearch.analysis.common.CommonAnalysisPlugin$$Lambda/0x00007fcd2845a8c8
8925:             1             16  org.opensearch.analysis.common.CommonAnalysisPlugin$$Lambda/0x00007fcd2845ada8
8926:             1             16  org.opensearch.analysis.common.CommonAnalysisPlugin$$Lambda/0x00007fcd28658400
8927:             1             16  org.opensearch.analysis.common.CommonAnalysisPlugin$$Lambda/0x00007fcd28658ab0
8928:             1             16  org.opensearch.analysis.common.CommonAnalysisPlugin$$Lambda/0x00007fcd286592b0
8929:             1             16  org.opensearch.analysis.common.CommonAnalysisPlugin$$Lambda/0x00007fcd28659798
8930:             1             16  org.opensearch.analysis.common.CommonAnalysisPlugin$$Lambda/0x00007fcd28659ca8
8931:             1             16  org.opensearch.analysis.common.CommonAnalysisPlugin$$Lambda/0x00007fcd2865a298
8932:             1             16  org.opensearch.analysis.common.CommonAnalysisPlugin$$Lambda/0x00007fcd2865a780
8933:             1             16  org.opensearch.analysis.common.CommonAnalysisPlugin$$Lambda/0x00007fcd2865ac90
8934:             1             16  org.opensearch.analysis.common.CommonAnalysisPlugin$$Lambda/0x00007fcd2865b178
8935:             1             16  org.opensearch.analysis.common.CommonAnalysisPlugin$$Lambda/0x00007fcd2865b688
8936:             1             16  org.opensearch.analysis.common.CommonAnalysisPlugin$$Lambda/0x00007fcd2865bb98
8937:             1             16  org.opensearch.analysis.common.CommonAnalysisPlugin$$Lambda/0x00007fcd286602b8
8938:             1             16  org.opensearch.analysis.common.CommonAnalysisPlugin$$Lambda/0x00007fcd286607a8
8939:             1             16  org.opensearch.analysis.common.CommonAnalysisPlugin$$Lambda/0x00007fcd286609e0
8940:             1             16  org.opensearch.analysis.common.CommonAnalysisPlugin$$Lambda/0x00007fcd28660ef8
8941:             1             16  org.opensearch.analysis.common.CommonAnalysisPlugin$$Lambda/0x00007fcd286613e8
8942:             1             16  org.opensearch.analysis.common.CommonAnalysisPlugin$$Lambda/0x00007fcd286618d0
8943:             1             16  org.opensearch.analysis.common.CommonAnalysisPlugin$$Lambda/0x00007fcd28662078
8944:             1             16  org.opensearch.analysis.common.CommonAnalysisPlugin$$Lambda/0x00007fcd28662560
8945:             1             16  org.opensearch.analysis.common.CommonAnalysisPlugin$$Lambda/0x00007fcd28662a48
8946:             1             16  org.opensearch.analysis.common.CommonAnalysisPlugin$$Lambda/0x00007fcd28662c80
8947:             1             16  org.opensearch.analysis.common.CommonAnalysisPlugin$$Lambda/0x00007fcd28663190
8948:             1             16  org.opensearch.analysis.common.CommonAnalysisPlugin$$Lambda/0x00007fcd28663678
8949:             1             16  org.opensearch.analysis.common.CommonAnalysisPlugin$$Lambda/0x00007fcd28663b60
8950:             1             16  org.opensearch.analysis.common.CommonAnalysisPlugin$$Lambda/0x00007fcd28663d98
8951:             1             16  org.opensearch.analysis.common.CommonAnalysisPlugin$$Lambda/0x00007fcd28668588
8952:             1             16  org.opensearch.analysis.common.CommonAnalysisPlugin$$Lambda/0x00007fcd28668a70
8953:             1             16  org.opensearch.analysis.common.CommonAnalysisPlugin$$Lambda/0x00007fcd28668f80
8954:             1             16  org.opensearch.analysis.common.CommonAnalysisPlugin$$Lambda/0x00007fcd28669470
8955:             1             16  org.opensearch.analysis.common.CommonAnalysisPlugin$$Lambda/0x00007fcd28669980
8956:             1             16  org.opensearch.analysis.common.CommonAnalysisPlugin$$Lambda/0x00007fcd28669e68
8957:             1             16  org.opensearch.analysis.common.CommonAnalysisPlugin$$Lambda/0x00007fcd2866a350
8958:             1             16  org.opensearch.analysis.common.CommonAnalysisPlugin$$Lambda/0x00007fcd2866a838
8959:             1             16  org.opensearch.analysis.common.CommonAnalysisPlugin$$Lambda/0x00007fcd2866ad20
8960:             1             16  org.opensearch.analysis.common.CommonAnalysisPlugin$$Lambda/0x00007fcd2866b208
8961:             1             16  org.opensearch.analysis.common.CommonAnalysisPlugin$$Lambda/0x00007fcd2866b6f0
8962:             1             16  org.opensearch.analysis.common.CommonAnalysisPlugin$$Lambda/0x00007fcd2866bc00
8963:             1             16  org.opensearch.analysis.common.CommonAnalysisPlugin$$Lambda/0x00007fcd2866c0e8
8964:             1             16  org.opensearch.analysis.common.CommonAnalysisPlugin$$Lambda/0x00007fcd2866c5d8
8965:             1             16  org.opensearch.analysis.common.CommonAnalysisPlugin$$Lambda/0x00007fcd2866cac0
8966:             1             16  org.opensearch.analysis.common.CommonAnalysisPlugin$$Lambda/0x00007fcd2866ccf8
8967:             1             16  org.opensearch.analysis.common.CommonAnalysisPlugin$$Lambda/0x00007fcd2866d1f0
8968:             1             16  org.opensearch.analysis.common.CommonAnalysisPlugin$$Lambda/0x00007fcd2866d6e0
8969:             1             16  org.opensearch.analysis.common.CommonAnalysisPlugin$$Lambda/0x00007fcd2866dbf0
8970:             1             16  org.opensearch.analysis.common.CommonAnalysisPlugin$$Lambda/0x00007fcd2866e0d8
8971:             1             16  org.opensearch.analysis.common.CommonAnalysisPlugin$$Lambda/0x00007fcd2866e310
8972:             1             16  org.opensearch.analysis.common.CommonAnalysisPlugin$$Lambda/0x00007fcd2866e800
8973:             1             16  org.opensearch.analysis.common.CommonAnalysisPlugin$$Lambda/0x00007fcd2866ece8
8974:             1             16  org.opensearch.analysis.common.CommonAnalysisPlugin$$Lambda/0x00007fcd2866f1d0
8975:             1             16  org.opensearch.analysis.common.CommonAnalysisPlugin$$Lambda/0x00007fcd2866f6e0
8976:             1             16  org.opensearch.analysis.common.CommonAnalysisPlugin$$Lambda/0x00007fcd2866fbf0
8977:             1             16  org.opensearch.analysis.common.CommonAnalysisPlugin$$Lambda/0x00007fcd286702d8
8978:             1             16  org.opensearch.analysis.common.CommonAnalysisPlugin$$Lambda/0x00007fcd286707c0
8979:             1             16  org.opensearch.analysis.common.CommonAnalysisPlugin$$Lambda/0x00007fcd28670cd0
8980:             1             16  org.opensearch.analysis.common.CommonAnalysisPlugin$$Lambda/0x00007fcd286711b8
8981:             1             16  org.opensearch.analysis.common.CommonAnalysisPlugin$$Lambda/0x00007fcd28671920
8982:             1             16  org.opensearch.analysis.common.CommonAnalysisPlugin$$Lambda/0x00007fcd28672050
8983:             1             16  org.opensearch.analysis.common.CommonAnalysisPlugin$$Lambda/0x00007fcd28672558
8984:             1             16  org.opensearch.analysis.common.CommonAnalysisPlugin$$Lambda/0x00007fcd28672a68
8985:             1             16  org.opensearch.analysis.common.CommonAnalysisPlugin$$Lambda/0x00007fcd28672f50
8986:             1             16  org.opensearch.analysis.common.CommonAnalysisPlugin$$Lambda/0x00007fcd286736c0
8987:             1             16  org.opensearch.analysis.common.CommonAnalysisPlugin$$Lambda/0x00007fcd28673bd0
8988:             1             16  org.opensearch.analysis.common.CommonAnalysisPlugin$$Lambda/0x00007fcd286802b8
8989:             1             16  org.opensearch.analysis.common.CommonAnalysisPlugin$$Lambda/0x00007fcd286807b0
8990:             1             16  org.opensearch.analysis.common.CommonAnalysisPlugin$$Lambda/0x00007fcd28680c48
8991:             1             16  org.opensearch.analysis.common.CommonAnalysisPlugin$$Lambda/0x00007fcd286810e0
8992:             1             16  org.opensearch.analysis.common.CommonAnalysisPlugin$$Lambda/0x00007fcd28681578
8993:             1             16  org.opensearch.analysis.common.CommonAnalysisPlugin$$Lambda/0x00007fcd286817b0
8994:             1             16  org.opensearch.analysis.common.CommonAnalysisPlugin$$Lambda/0x00007fcd28681ec0
8995:             1             16  org.opensearch.analysis.common.CommonAnalysisPlugin$$Lambda/0x00007fcd286820f8
8996:             1             16  org.opensearch.analysis.common.CommonAnalysisPlugin$$Lambda/0x00007fcd28682808
8997:             1             16  org.opensearch.analysis.common.CommonAnalysisPlugin$$Lambda/0x00007fcd28682f18
8998:             1             16  org.opensearch.analysis.common.CommonAnalysisPlugin$$Lambda/0x00007fcd286833b0
8999:             1             16  org.opensearch.analysis.common.CommonAnalysisPlugin$$Lambda/0x00007fcd28683848
9000:             1             16  org.opensearch.analysis.common.CommonAnalysisPlugin$$Lambda/0x00007fcd28683f48
9001:             1             16  org.opensearch.analysis.common.CommonAnalysisPlugin$$Lambda/0x00007fcd286843e0
9002:             1             16  org.opensearch.analysis.common.CommonAnalysisPlugin$$Lambda/0x00007fcd28684618
9003:             1             16  org.opensearch.analysis.common.CommonAnalysisPlugin$$Lambda/0x00007fcd28684ab8
9004:             1             16  org.opensearch.analysis.common.CommonAnalysisPlugin$$Lambda/0x00007fcd28684f50
9005:             1             16  org.opensearch.analysis.common.CommonAnalysisPlugin$$Lambda/0x00007fcd286853e8
9006:             1             16  org.opensearch.analysis.common.CommonAnalysisPlugin$$Lambda/0x00007fcd28685880
9007:             1             16  org.opensearch.analysis.common.CommonAnalysisPlugin$$Lambda/0x00007fcd28685fc8
9008:             1             16  org.opensearch.analysis.common.CommonAnalysisPlugin$$Lambda/0x00007fcd28686490
9009:             1             16  org.opensearch.analysis.common.CommonAnalysisPlugin$$Lambda/0x00007fcd28686958
9010:             1             16  org.opensearch.analysis.common.CommonAnalysisPlugin$$Lambda/0x00007fcd28686e20
9011:             1             16  org.opensearch.analysis.common.CommonAnalysisPlugin$$Lambda/0x00007fcd286872e8
9012:             1             16  org.opensearch.analysis.common.CommonAnalysisPlugin$$Lambda/0x00007fcd286877b0
9013:             1             16  org.opensearch.analysis.common.CommonAnalysisPlugin$$Lambda/0x00007fcd28687c78
9014:             1             16  org.opensearch.analysis.common.CommonAnalysisPlugin$$Lambda/0x00007fcd2868c290
9015:             1             16  org.opensearch.analysis.common.CommonAnalysisPlugin$$Lambda/0x00007fcd2868c758
9016:             1             16  org.opensearch.analysis.common.CommonAnalysisPlugin$$Lambda/0x00007fcd2868cc20
9017:             1             16  org.opensearch.analysis.common.CommonAnalysisPlugin$$Lambda/0x00007fcd2868d0e8
9018:             1             16  org.opensearch.analysis.common.CommonAnalysisPlugin$$Lambda/0x00007fcd2868d5b0
9019:             1             16  org.opensearch.analysis.common.CommonAnalysisPlugin$$Lambda/0x00007fcd2868da78
9020:             1             16  org.opensearch.analysis.common.CommonAnalysisPlugin$$Lambda/0x00007fcd2868df40
9021:             1             16  org.opensearch.analysis.common.CommonAnalysisPlugin$$Lambda/0x00007fcd2868e408
9022:             1             16  org.opensearch.analysis.common.CommonAnalysisPlugin$$Lambda/0x00007fcd2868e8d0
9023:             1             16  org.opensearch.analysis.common.CommonAnalysisPlugin$$Lambda/0x00007fcd2868ed98
9024:             1             16  org.opensearch.analysis.common.CommonAnalysisPlugin$$Lambda/0x00007fcd2868f260
9025:             1             16  org.opensearch.analysis.common.CommonAnalysisPlugin$$Lambda/0x00007fcd2868f728
9026:             1             16  org.opensearch.analysis.common.CommonAnalysisPlugin$$Lambda/0x00007fcd2868fbf0
9027:             1             16  org.opensearch.analysis.common.CommonAnalysisPlugin$$Lambda/0x00007fcd28694290
9028:             1             16  org.opensearch.analysis.common.CommonAnalysisPlugin$$Lambda/0x00007fcd28694758
9029:             1             16  org.opensearch.analysis.common.CommonAnalysisPlugin$$Lambda/0x00007fcd28694c20
9030:             1             16  org.opensearch.analysis.common.CommonAnalysisPlugin$$Lambda/0x00007fcd286950e8
9031:             1             16  org.opensearch.analysis.common.CommonAnalysisPlugin$$Lambda/0x00007fcd286955b0
9032:             1             16  org.opensearch.analysis.common.CommonAnalysisPlugin$$Lambda/0x00007fcd28695a78
9033:             1             16  org.opensearch.analysis.common.CommonAnalysisPlugin$$Lambda/0x00007fcd28695f40
9034:             1             16  org.opensearch.analysis.common.CommonAnalysisPlugin$$Lambda/0x00007fcd28696408
9035:             1             16  org.opensearch.analysis.common.CommonAnalysisPlugin$$Lambda/0x00007fcd286968d0
9036:             1             16  org.opensearch.analysis.common.CommonAnalysisPlugin$$Lambda/0x00007fcd28696d98
9037:             1             16  org.opensearch.analysis.common.CommonAnalysisPlugin$$Lambda/0x00007fcd28697260
9038:             1             16  org.opensearch.analysis.common.CommonAnalysisPlugin$$Lambda/0x00007fcd28697728
9039:             1             16  org.opensearch.analysis.common.CommonAnalysisPlugin$$Lambda/0x00007fcd28697bf0
9040:             1             16  org.opensearch.analysis.common.CommonAnalysisPlugin$$Lambda/0x00007fcd28698290
9041:             1             16  org.opensearch.analysis.common.CommonAnalysisPlugin$$Lambda/0x00007fcd28698758
9042:             1             16  org.opensearch.analysis.common.CommonAnalysisPlugin$$Lambda/0x00007fcd28698c20
9043:             1             16  org.opensearch.analysis.common.CommonAnalysisPlugin$$Lambda/0x00007fcd286990e8
9044:             1             16  org.opensearch.analysis.common.CommonAnalysisPlugin$$Lambda/0x00007fcd286995b0
9045:             1             16  org.opensearch.analysis.common.CommonAnalysisPlugin$$Lambda/0x00007fcd28699a78
9046:             1             16  org.opensearch.analysis.common.CommonAnalysisPlugin$$Lambda/0x00007fcd28699cb0
9047:             1             16  org.opensearch.analysis.common.CommonAnalysisPlugin$$Lambda/0x00007fcd28699ee8
9048:             1             16  org.opensearch.analysis.common.CommonAnalysisPlugin$$Lambda/0x00007fcd2869a120
9049:             1             16  org.opensearch.analysis.common.CommonAnalysisPlugin$$Lambda/0x00007fcd2869a358
9050:             1             16  org.opensearch.analysis.common.CommonAnalysisPlugin$$Lambda/0x00007fcd2869a590
9051:             1             16  org.opensearch.analysis.common.CommonAnalysisPlugin$$Lambda/0x00007fcd2869a7c8
9052:             1             16  org.opensearch.analysis.common.CommonAnalysisPlugin$$Lambda/0x00007fcd2869aa00
9053:             1             16  org.opensearch.analysis.common.CommonAnalysisPlugin$$Lambda/0x00007fcd2869ac38
9054:             1             16  org.opensearch.analysis.common.CommonAnalysisPlugin$$Lambda/0x00007fcd2869ae70
9055:             1             16  org.opensearch.analysis.common.CommonAnalysisPlugin$$Lambda/0x00007fcd2869b0a8
9056:             1             16  org.opensearch.analysis.common.CommonAnalysisPlugin$$Lambda/0x00007fcd2869b2e0
9057:             1             16  org.opensearch.analysis.common.CommonAnalysisPlugin$$Lambda/0x00007fcd2869b518
9058:             1             16  org.opensearch.analysis.common.CommonAnalysisPlugin$$Lambda/0x00007fcd2869b750
9059:             1             16  org.opensearch.analysis.common.CommonAnalysisPlugin$$Lambda/0x00007fcd2869b988
9060:             1             16  org.opensearch.analysis.common.CommonAnalysisPlugin$$Lambda/0x00007fcd2869bbc0
9061:             1             16  org.opensearch.analysis.common.CommonAnalysisPlugin$$Lambda/0x00007fcd286a0000
9062:             1             16  org.opensearch.analysis.common.CommonAnalysisPlugin$$Lambda/0x00007fcd286a0238
9063:             1             16  org.opensearch.analysis.common.CommonAnalysisPlugin$$Lambda/0x00007fcd286a0470
9064:             1             16  org.opensearch.analysis.common.CommonAnalysisPlugin$$Lambda/0x00007fcd286a0698
9065:             1             16  org.opensearch.analysis.common.CommonAnalysisPlugin$$Lambda/0x00007fcd286a08d0
9066:             1             16  org.opensearch.analysis.common.CommonAnalysisPlugin$$Lambda/0x00007fcd286a0b08
9067:             1             16  org.opensearch.analysis.common.CommonAnalysisPlugin$$Lambda/0x00007fcd286a0d40
9068:             1             16  org.opensearch.analysis.common.CommonAnalysisPlugin$$Lambda/0x00007fcd286a0f78
9069:             1             16  org.opensearch.analysis.common.CommonAnalysisPlugin$$Lambda/0x00007fcd286a11b0
9070:             1             16  org.opensearch.analysis.common.CommonAnalysisPlugin$$Lambda/0x00007fcd286a13e8
9071:             1             16  org.opensearch.analysis.common.CommonAnalysisPlugin$$Lambda/0x00007fcd286a1620
9072:             1             16  org.opensearch.analysis.common.CommonAnalysisPlugin$$Lambda/0x00007fcd286a1858
9073:             1             16  org.opensearch.analysis.common.CommonAnalysisPlugin$$Lambda/0x00007fcd286a1a90
9074:             1             16  org.opensearch.analysis.common.CommonAnalysisPlugin$$Lambda/0x00007fcd286a1cc8
9075:             1             16  org.opensearch.analysis.common.CommonAnalysisPlugin$$Lambda/0x00007fcd286a1f00
9076:             1             16  org.opensearch.analysis.common.CommonAnalysisPlugin$$Lambda/0x00007fcd286a2128
9077:             1             16  org.opensearch.analysis.common.CommonAnalysisPlugin$$Lambda/0x00007fcd286a2360
9078:             1             16  org.opensearch.analysis.common.CommonAnalysisPlugin$$Lambda/0x00007fcd286a2598
9079:             1             16  org.opensearch.analysis.common.CommonAnalysisPlugin$$Lambda/0x00007fcd286a27d0
9080:             1             16  org.opensearch.analysis.common.CommonAnalysisPlugin$$Lambda/0x00007fcd286a2a08
9081:             1             16  org.opensearch.analysis.common.CommonAnalysisPlugin$$Lambda/0x00007fcd286a2c40
9082:             1             16  org.opensearch.analysis.common.CommonAnalysisPlugin$$Lambda/0x00007fcd286a2e78
9083:             1             16  org.opensearch.analysis.common.CommonAnalysisPlugin$$Lambda/0x00007fcd286a30b0
9084:             1             16  org.opensearch.analysis.common.CommonAnalysisPlugin$$Lambda/0x00007fcd286a32e8
9085:             1             16  org.opensearch.analysis.common.CommonAnalysisPlugin$$Lambda/0x00007fcd286a3520
9086:             1             16  org.opensearch.analysis.common.CommonAnalysisPlugin$$Lambda/0x00007fcd286a3758
9087:             1             16  org.opensearch.analysis.common.CommonAnalysisPlugin$$Lambda/0x00007fcd286a3990
9088:             1             16  org.opensearch.analysis.common.CommonAnalysisPlugin$$Lambda/0x00007fcd286a3bc8
9089:             1             16  org.opensearch.analysis.common.CommonAnalysisPlugin$$Lambda/0x00007fcd286a3e00
9090:             1             16  org.opensearch.analysis.common.CommonAnalysisPlugin$$Lambda/0x00007fcd286a4038
9091:             1             16  org.opensearch.analysis.common.CommonAnalysisPlugin$$Lambda/0x00007fcd286a4270
9092:             1             16  org.opensearch.analysis.common.CommonAnalysisPlugin$$Lambda/0x00007fcd286a44a8
9093:             1             16  org.opensearch.analysis.common.CommonAnalysisPlugin$$Lambda/0x00007fcd286a46e0
9094:             1             16  org.opensearch.analysis.common.CommonAnalysisPlugin$$Lambda/0x00007fcd286a4908
9095:             1             16  org.opensearch.analysis.common.CommonAnalysisPlugin$$Lambda/0x00007fcd286a4b20
9096:             1             16  org.opensearch.analysis.common.CommonAnalysisPlugin$$Lambda/0x00007fcd286a4d38
9097:             1             16  org.opensearch.analysis.common.CommonAnalysisPlugin$$Lambda/0x00007fcd286a4f50
9098:             1             16  org.opensearch.analysis.common.CommonAnalysisPlugin$$Lambda/0x00007fcd286a5168
9099:             1             16  org.opensearch.analysis.common.CommonAnalysisPlugin$$Lambda/0x00007fcd286a5380
9100:             1             16  org.opensearch.analysis.common.CommonAnalysisPlugin$$Lambda/0x00007fcd286a5598
9101:             1             16  org.opensearch.analysis.common.CommonAnalysisPlugin$$Lambda/0x00007fcd286a57b0
9102:             1             16  org.opensearch.analysis.common.CommonAnalysisPlugin$$Lambda/0x00007fcd286a59e8
9103:             1             16  org.opensearch.analysis.common.CommonAnalysisPlugin$$Lambda/0x00007fcd286a5c00
9104:             1             16  org.opensearch.analysis.common.CommonAnalysisPlugin$$Lambda/0x00007fcd286a5e18
9105:             1             16  org.opensearch.analysis.common.CommonAnalysisPlugin$$Lambda/0x00007fcd286a6030
9106:             1             16  org.opensearch.analysis.common.CommonAnalysisPlugin$$Lambda/0x00007fcd286a6268
9107:             1             16  org.opensearch.analysis.common.CommonAnalysisPlugin$$Lambda/0x00007fcd286a64a0
9108:             1             16  org.opensearch.analysis.common.CommonAnalysisPlugin$$Lambda/0x00007fcd286a66b8
9109:             1             16  org.opensearch.analysis.common.CommonAnalysisPlugin$$Lambda/0x00007fcd286a68d0
9110:             1             16  org.opensearch.analysis.common.CommonAnalysisPlugin$$Lambda/0x00007fcd286a6ae8
9111:             1             16  org.opensearch.analysis.common.CommonAnalysisPlugin$$Lambda/0x00007fcd286a6d00
9112:             1             16  org.opensearch.analysis.common.CommonAnalysisPlugin$$Lambda/0x00007fcd286a6f18
9113:             1             16  org.opensearch.analysis.common.CommonAnalysisPlugin$$Lambda/0x00007fcd286a7130
9114:             1             16  org.opensearch.analysis.common.CommonAnalysisPlugin$$Lambda/0x00007fcd286a7348
9115:             1             16  org.opensearch.analysis.common.CommonAnalysisPlugin$$Lambda/0x00007fcd286a7560
9116:             1             16  org.opensearch.analysis.common.CommonAnalysisPlugin$$Lambda/0x00007fcd286a7778
9117:             1             16  org.opensearch.analysis.common.CommonAnalysisPlugin$$Lambda/0x00007fcd286a7990
9118:             1             16  org.opensearch.analysis.common.CommonAnalysisPlugin$$Lambda/0x00007fcd286a7ba8
9119:             1             16  org.opensearch.analysis.common.CommonAnalysisPlugin$$Lambda/0x00007fcd286a7dc0
9120:             1             16  org.opensearch.analysis.common.CommonAnalysisPlugin$$Lambda/0x00007fcd286b0000
9121:             1             16  org.opensearch.analysis.common.CommonAnalysisPlugin$$Lambda/0x00007fcd286b0218
9122:             1             16  org.opensearch.analysis.common.CommonAnalysisPlugin$$Lambda/0x00007fcd286b0430
9123:             1             16  org.opensearch.analysis.common.CommonAnalysisPlugin$$Lambda/0x00007fcd286b0648
9124:             1             16  org.opensearch.analysis.common.CommonAnalysisPlugin$$Lambda/0x00007fcd286b0860
9125:             1             16  org.opensearch.analysis.common.CommonAnalysisPlugin$$Lambda/0x00007fcd286b0a78
9126:             1             16  org.opensearch.analysis.common.CommonAnalysisPlugin$$Lambda/0x00007fcd286b0c90
9127:             1             16  org.opensearch.analysis.common.CommonAnalysisPlugin$$Lambda/0x00007fcd286b0ea8
9128:             1             16  org.opensearch.analysis.common.CommonAnalysisPlugin$$Lambda/0x00007fcd286b10c0
9129:             1             16  org.opensearch.analysis.common.CommonAnalysisPlugin$$Lambda/0x00007fcd286b12d8
9130:             1             16  org.opensearch.analysis.common.CommonAnalysisPlugin$$Lambda/0x00007fcd286b14f0
9131:             1             16  org.opensearch.analysis.common.CommonAnalysisPlugin$$Lambda/0x00007fcd286b1708
9132:             1             16  org.opensearch.analysis.common.CommonAnalysisPlugin$$Lambda/0x00007fcd286b1920
9133:             1             16  org.opensearch.analysis.common.CommonAnalysisPlugin$$Lambda/0x00007fcd286b1b38
9134:             1             16  org.opensearch.analysis.common.CommonAnalysisPlugin$$Lambda/0x00007fcd286b1d50
9135:             1             16  org.opensearch.analysis.common.CommonAnalysisPlugin$$Lambda/0x00007fcd286b1f68
9136:             1             16  org.opensearch.analysis.common.CommonAnalysisPlugin$$Lambda/0x00007fcd286b2180
9137:             1             16  org.opensearch.analysis.common.CommonAnalysisPlugin$$Lambda/0x00007fcd286b2398
9138:             1             16  org.opensearch.analysis.common.CommonAnalysisPlugin$$Lambda/0x00007fcd286b25b0
9139:             1             16  org.opensearch.analysis.common.CommonAnalysisPlugin$$Lambda/0x00007fcd286b27c8
9140:             1             16  org.opensearch.analysis.common.CommonAnalysisPlugin$$Lambda/0x00007fcd286b29e0
9141:             1             16  org.opensearch.analysis.common.CommonAnalysisPlugin$$Lambda/0x00007fcd286b2bf8
9142:             1             16  org.opensearch.analysis.common.CommonAnalysisPlugin$$Lambda/0x00007fcd286b2e10
9143:             1             16  org.opensearch.analysis.common.CommonAnalysisPlugin$$Lambda/0x00007fcd286b3028
9144:             1             16  org.opensearch.analysis.common.CommonAnalysisPlugin$$Lambda/0x00007fcd286b3240
9145:             1             16  org.opensearch.analysis.common.CommonAnalysisPlugin$$Lambda/0x00007fcd286b3458
9146:             1             16  org.opensearch.bootstrap.$Proxy17
9147:             1             16  org.opensearch.bootstrap.Bootstrap$$Lambda/0x00007fcd280d6e98
9148:             1             16  org.opensearch.bootstrap.Bootstrap$1
9149:             1             16  org.opensearch.bootstrap.BootstrapCheck$BootstrapCheckResult
9150:             1             16  org.opensearch.bootstrap.BootstrapChecks$$Lambda/0x00007fcd290ecca8
9151:             1             16  org.opensearch.bootstrap.BootstrapChecks$JavaVersionCheck$$Lambda/0x00007fcd290eeda8
9152:             1             16  org.opensearch.bootstrap.BootstrapInfo$1
9153:             1             16  org.opensearch.bootstrap.JNAKernel32Library
9154:             1             16  org.opensearch.bootstrap.OpenSearch$$Lambda/0x00007fcd28013c70
9155:             1             16  org.opensearch.bootstrap.OpenSearch$1
9156:             1             16  org.opensearch.bootstrap.OpenSearchPolicy$$Lambda/0x00007fcd281dfa20
9157:             1             16  org.opensearch.bootstrap.OpenSearchPolicy$$Lambda/0x00007fcd281dfc68
9158:             1             16  org.opensearch.bootstrap.OpenSearchUncaughtExceptionHandler
9159:             1             16  org.opensearch.bootstrap.jvm.DenyJvmVersionsParser$$Lambda/0x00007fcd290ed4f0
9160:             1             16  org.opensearch.bootstrap.jvm.DenyJvmVersionsParser$$Lambda/0x00007fcd290ed728
9161:             1             16  org.opensearch.bootstrap.jvm.DenyJvmVersionsParser$$Lambda/0x00007fcd290ed970
9162:             1             16  org.opensearch.bootstrap.jvm.DenyJvmVersionsParser$$Lambda/0x00007fcd290edbb8
9163:             1             16  org.opensearch.bootstrap.jvm.DenyJvmVersionsParser$$Lambda/0x00007fcd290eddf0
9164:             1             16  org.opensearch.bootstrap.jvm.DenyJvmVersionsParser$$Lambda/0x00007fcd290ee028
9165:             1             16  org.opensearch.bootstrap.jvm.DenyJvmVersionsParser$$Lambda/0x00007fcd290ee240
9166:             1             16  org.opensearch.bootstrap.jvm.DenyJvmVersionsParser$$Lambda/0x00007fcd290ee478
9167:             1             16  org.opensearch.cache.common.tier.TieredSpilloverCache$TieredSpilloverCacheFactory
9168:             1             16  org.opensearch.cache.common.tier.TieredSpilloverCachePlugin
9169:             1             16  org.opensearch.cache.common.tier.TieredSpilloverCacheSettings$$Lambda/0x00007fcd28219cf8
9170:             1             16  org.opensearch.cache.common.tier.TieredSpilloverCacheSettings$$Lambda/0x00007fcd28541c00
9171:             1             16  org.opensearch.cache.common.tier.TieredSpilloverCacheSettings$$Lambda/0x00007fcd2854a000
9172:             1             16  org.opensearch.cache.common.tier.TieredSpilloverCacheSettings$$Lambda/0x00007fcd2854a238
9173:             1             16  org.opensearch.cli.EnvironmentAwareCommand$$Lambda/0x00007fcd28025a40
9174:             1             16  org.opensearch.client.Client$$Lambda/0x00007fcd281ea6a0
9175:             1             16  org.opensearch.cluster.AbstractDiffable$CompleteDiff
9176:             1             16  org.opensearch.cluster.ClusterChangedEvent$$Lambda/0x00007fcd291bd938
9177:             1             16  org.opensearch.cluster.ClusterModule$$Lambda/0x00007fcd28880400
9178:             1             16  org.opensearch.cluster.ClusterModule$$Lambda/0x00007fcd28880800
9179:             1             16  org.opensearch.cluster.ClusterModule$$Lambda/0x00007fcd28880a18
9180:             1             16  org.opensearch.cluster.ClusterModule$$Lambda/0x00007fcd28881000
9181:             1             16  org.opensearch.cluster.ClusterModule$$Lambda/0x00007fcd28881218
9182:             1             16  org.opensearch.cluster.ClusterModule$$Lambda/0x00007fcd28881788
9183:             1             16  org.opensearch.cluster.ClusterModule$$Lambda/0x00007fcd288819a0
9184:             1             16  org.opensearch.cluster.ClusterModule$$Lambda/0x00007fcd28882e68
9185:             1             16  org.opensearch.cluster.ClusterModule$$Lambda/0x00007fcd28883080
9186:             1             16  org.opensearch.cluster.ClusterModule$$Lambda/0x00007fcd28883658
9187:             1             16  org.opensearch.cluster.ClusterModule$$Lambda/0x00007fcd28883870
9188:             1             16  org.opensearch.cluster.ClusterModule$$Lambda/0x00007fcd28888000
9189:             1             16  org.opensearch.cluster.ClusterModule$$Lambda/0x00007fcd28888580
9190:             1             16  org.opensearch.cluster.ClusterModule$$Lambda/0x00007fcd28888798
9191:             1             16  org.opensearch.cluster.ClusterModule$$Lambda/0x00007fcd28888cd8
9192:             1             16  org.opensearch.cluster.ClusterModule$$Lambda/0x00007fcd28888ef0
9193:             1             16  org.opensearch.cluster.ClusterModule$$Lambda/0x00007fcd28889108
9194:             1             16  org.opensearch.cluster.ClusterModule$$Lambda/0x00007fcd28889320
9195:             1             16  org.opensearch.cluster.ClusterModule$$Lambda/0x00007fcd28889888
9196:             1             16  org.opensearch.cluster.ClusterModule$$Lambda/0x00007fcd28889aa0
9197:             1             16  org.opensearch.cluster.ClusterModule$$Lambda/0x00007fcd2888a020
9198:             1             16  org.opensearch.cluster.ClusterModule$$Lambda/0x00007fcd2888a238
9199:             1             16  org.opensearch.cluster.ClusterModule$$Lambda/0x00007fcd2888a7b8
9200:             1             16  org.opensearch.cluster.ClusterModule$$Lambda/0x00007fcd2888a9d0
9201:             1             16  org.opensearch.cluster.ClusterModule$$Lambda/0x00007fcd2888af50
9202:             1             16  org.opensearch.cluster.ClusterModule$$Lambda/0x00007fcd2888b168
9203:             1             16  org.opensearch.cluster.ClusterModule$$Lambda/0x00007fcd2888b700
9204:             1             16  org.opensearch.cluster.ClusterModule$$Lambda/0x00007fcd2888b918
9205:             1             16  org.opensearch.cluster.ClusterModule$$Lambda/0x00007fcd2888beb8
9206:             1             16  org.opensearch.cluster.ClusterModule$$Lambda/0x00007fcd2888c0d0
9207:             1             16  org.opensearch.cluster.ClusterModule$$Lambda/0x00007fcd2888c5a8
9208:             1             16  org.opensearch.cluster.ClusterModule$$Lambda/0x00007fcd2888de50
9209:             1             16  org.opensearch.cluster.ClusterModule$$Lambda/0x00007fcd2888e068
9210:             1             16  org.opensearch.cluster.ClusterModule$$Lambda/0x00007fcd2888e280
9211:             1             16  org.opensearch.cluster.ClusterModule$$Lambda/0x00007fcd2888e498
9212:             1             16  org.opensearch.cluster.ClusterModule$$Lambda/0x00007fcd2888e6b0
9213:             1             16  org.opensearch.cluster.ClusterModule$$Lambda/0x00007fcd2888e8c8
9214:             1             16  org.opensearch.cluster.ClusterModule$$Lambda/0x00007fcd2888eae0
9215:             1             16  org.opensearch.cluster.ClusterModule$$Lambda/0x00007fcd2888ecf8
9216:             1             16  org.opensearch.cluster.ClusterModule$$Lambda/0x00007fcd2888ef10
9217:             1             16  org.opensearch.cluster.ClusterModule$$Lambda/0x00007fcd2888f128
9218:             1             16  org.opensearch.cluster.ClusterModule$$Lambda/0x00007fcd2888f340
9219:             1             16  org.opensearch.cluster.ClusterName$$Lambda/0x00007fcd280b7670
9220:             1             16  org.opensearch.cluster.ClusterState$Builder$$Lambda/0x00007fcd29222cb0
9221:             1             16  org.opensearch.cluster.ClusterStateObserver$$Lambda/0x00007fcd290f2e30
9222:             1             16  org.opensearch.cluster.DiffableUtils$DiffableValueSerializer$1
9223:             1             16  org.opensearch.cluster.DiffableUtils$NonDiffableValueSerializer$1
9224:             1             16  org.opensearch.cluster.DiffableUtils$StringKeySerializer
9225:             1             16  org.opensearch.cluster.DiffableUtils$StringSetValueSerializer
9226:             1             16  org.opensearch.cluster.InternalClusterInfoService$$Lambda/0x00007fcd2870f400
9227:             1             16  org.opensearch.cluster.InternalClusterInfoService$$Lambda/0x00007fcd2870f630
9228:             1             16  org.opensearch.cluster.InternalClusterInfoService$$Lambda/0x00007fcd2870f860
9229:             1             16  org.opensearch.cluster.NodeConnectionsService$$Lambda/0x00007fcd291b6000
9230:             1             16  org.opensearch.cluster.NodeConnectionsService$$Lambda/0x00007fcd291bdfd0
9231:             1             16  org.opensearch.cluster.NodeConnectionsService$$Lambda/0x00007fcd293a5878
9232:             1             16  org.opensearch.cluster.NodeConnectionsService$ConnectionChecker
9233:             1             16  org.opensearch.cluster.RepositoryCleanupInProgress
9234:             1             16  org.opensearch.cluster.SnapshotDeletionsInProgress
9235:             1             16  org.opensearch.cluster.SnapshotsInProgress
9236:             1             16  org.opensearch.cluster.action.index.MappingUpdatedAction$$Lambda/0x00007fcd28dbd890
9237:             1             16  org.opensearch.cluster.action.index.MappingUpdatedAction$$Lambda/0x00007fcd28dbdac0
9238:             1             16  org.opensearch.cluster.action.index.NodeMappingRefreshAction$$Lambda/0x00007fcd28dbd1b8
9239:             1             16  org.opensearch.cluster.action.index.NodeMappingRefreshAction$NodeMappingRefreshTransportHandler
9240:             1             16  org.opensearch.cluster.action.shard.ShardStateAction$$Lambda/0x00007fcd286d1b68
9241:             1             16  org.opensearch.cluster.action.shard.ShardStateAction$$Lambda/0x00007fcd28da7dd8
9242:             1             16  org.opensearch.cluster.action.shard.ShardStateAction$$Lambda/0x00007fcd28db6000
9243:             1             16  org.opensearch.cluster.action.shard.ShardStateAction$$Lambda/0x00007fcd28db6728
9244:             1             16  org.opensearch.cluster.action.shard.ShardStateAction$$Lambda/0x00007fcd28db6948
9245:             1             16  org.opensearch.cluster.action.shard.ShardStateAction$$Lambda/0x00007fcd28db7010
9246:             1             16  org.opensearch.cluster.block.ClusterBlocks$$Lambda/0x00007fcd291a4030
9247:             1             16  org.opensearch.cluster.block.ClusterBlocks$$Lambda/0x00007fcd291a4248
9248:             1             16  org.opensearch.cluster.block.ClusterBlocks$$Lambda/0x00007fcd291a4460
9249:             1             16  org.opensearch.cluster.block.ClusterBlocks$$Lambda/0x00007fcd29219ad8
9250:             1             16  org.opensearch.cluster.coordination.CoordinationMetadata$$Lambda/0x00007fcd284b65f8
9251:             1             16  org.opensearch.cluster.coordination.CoordinationMetadata$$Lambda/0x00007fcd2919a960
9252:             1             16  org.opensearch.cluster.coordination.CoordinationMetadata$VotingConfigExclusion$$Lambda/0x00007fcd284b7bb0
9253:             1             16  org.opensearch.cluster.coordination.Coordinator$$Lambda/0x00007fcd28cf61d8
9254:             1             16  org.opensearch.cluster.coordination.Coordinator$$Lambda/0x00007fcd28cf63f8
9255:             1             16  org.opensearch.cluster.coordination.Coordinator$$Lambda/0x00007fcd28cf6618
9256:             1             16  org.opensearch.cluster.coordination.Coordinator$$Lambda/0x00007fcd28cf6aa8
9257:             1             16  org.opensearch.cluster.coordination.Coordinator$$Lambda/0x00007fcd28cf6ce8
9258:             1             16  org.opensearch.cluster.coordination.Coordinator$$Lambda/0x00007fcd28cf8af8
9259:             1             16  org.opensearch.cluster.coordination.Coordinator$$Lambda/0x00007fcd28cf8d18
9260:             1             16  org.opensearch.cluster.coordination.Coordinator$$Lambda/0x00007fcd28cfa7c0
9261:             1             16  org.opensearch.cluster.coordination.Coordinator$$Lambda/0x00007fcd28cfaf60
9262:             1             16  org.opensearch.cluster.coordination.Coordinator$$Lambda/0x00007fcd28cfc108
9263:             1             16  org.opensearch.cluster.coordination.Coordinator$$Lambda/0x00007fcd28cfd140
9264:             1             16  org.opensearch.cluster.coordination.Coordinator$$Lambda/0x00007fcd28cfd370
9265:             1             16  org.opensearch.cluster.coordination.Coordinator$$Lambda/0x00007fcd28cfe770
9266:             1             16  org.opensearch.cluster.coordination.Coordinator$$Lambda/0x00007fcd28cfebc0
9267:             1             16  org.opensearch.cluster.coordination.Coordinator$$Lambda/0x00007fcd28cfede0
9268:             1             16  org.opensearch.cluster.coordination.Coordinator$$Lambda/0x00007fcd28cff000
9269:             1             16  org.opensearch.cluster.coordination.Coordinator$$Lambda/0x00007fcd28cff480
9270:             1             16  org.opensearch.cluster.coordination.Coordinator$$Lambda/0x00007fcd28cff6b0
9271:             1             16  org.opensearch.cluster.coordination.Coordinator$$Lambda/0x00007fcd28cffae8
9272:             1             16  org.opensearch.cluster.coordination.Coordinator$$Lambda/0x00007fcd28cffd08
9273:             1             16  org.opensearch.cluster.coordination.ElectionStrategy$1
9274:             1             16  org.opensearch.cluster.coordination.FollowersChecker$$Lambda/0x00007fcd28cfd5a0
9275:             1             16  org.opensearch.cluster.coordination.FollowersChecker$$Lambda/0x00007fcd28cfde08
9276:             1             16  org.opensearch.cluster.coordination.FollowersChecker$$Lambda/0x00007fcd28cfe020
9277:             1             16  org.opensearch.cluster.coordination.FollowersChecker$1
9278:             1             16  org.opensearch.cluster.coordination.JoinHelper$$Lambda/0x00007fcd28cf7138
9279:             1             16  org.opensearch.cluster.coordination.JoinHelper$$Lambda/0x00007fcd28cf7570
9280:             1             16  org.opensearch.cluster.coordination.JoinHelper$$Lambda/0x00007fcd28cf79a8
9281:             1             16  org.opensearch.cluster.coordination.JoinHelper$$Lambda/0x00007fcd28cf7de0
9282:             1             16  org.opensearch.cluster.coordination.JoinHelper$$Lambda/0x00007fcd29196be8
9283:             1             16  org.opensearch.cluster.coordination.JoinHelper$CandidateJoinAccumulator$$Lambda/0x00007fcd291a60d0
9284:             1             16  org.opensearch.cluster.coordination.JoinHelper$FollowerJoinAccumulator
9285:             1             16  org.opensearch.cluster.coordination.JoinTaskExecutor$$Lambda/0x00007fcd28cf5fb0
9286:             1             16  org.opensearch.cluster.coordination.JoinTaskExecutor$$Lambda/0x00007fcd291a48a8
9287:             1             16  org.opensearch.cluster.coordination.LeaderChecker$$Lambda/0x00007fcd28cfc338
9288:             1             16  org.opensearch.cluster.coordination.LeaderChecker$$Lambda/0x00007fcd28cfc808
9289:             1             16  org.opensearch.cluster.coordination.LeaderChecker$$Lambda/0x00007fcd28cfca20
9290:             1             16  org.opensearch.cluster.coordination.LeaderChecker$1
9291:             1             16  org.opensearch.cluster.coordination.LeaderChecker$CheckScheduler$3
9292:             1             16  org.opensearch.cluster.coordination.NoClusterManagerBlockService
9293:             1             16  org.opensearch.cluster.coordination.NoClusterManagerBlockService$$Lambda/0x00007fcd286d3550
9294:             1             16  org.opensearch.cluster.coordination.NoClusterManagerBlockService$$Lambda/0x00007fcd286d3788
9295:             1             16  org.opensearch.cluster.coordination.NoClusterManagerBlockService$$Lambda/0x00007fcd28cf8220
9296:             1             16  org.opensearch.cluster.coordination.PeersResponse$$Lambda/0x00007fcd29195cd0
9297:             1             16  org.opensearch.cluster.coordination.PeersResponse$$Lambda/0x00007fcd29195ee8
9298:             1             16  org.opensearch.cluster.coordination.PersistedStateRegistry
9299:             1             16  org.opensearch.cluster.coordination.PreVoteCollector$$Lambda/0x00007fcd28cf91f0
9300:             1             16  org.opensearch.cluster.coordination.PreVoteCollector$$Lambda/0x00007fcd28cf9408
9301:             1             16  org.opensearch.cluster.coordination.PublicationTransportHandler$$Lambda/0x00007fcd28cfb190
9302:             1             16  org.opensearch.cluster.coordination.PublicationTransportHandler$$Lambda/0x00007fcd28cfb3a8
9303:             1             16  org.opensearch.cluster.coordination.PublicationTransportHandler$$Lambda/0x00007fcd28cfb898
9304:             1             16  org.opensearch.cluster.coordination.PublicationTransportHandler$$Lambda/0x00007fcd28cfbab0
9305:             1             16  org.opensearch.cluster.coordination.PublicationTransportHandler$$Lambda/0x00007fcd28cfbcd0
9306:             1             16  org.opensearch.cluster.coordination.Reconfigurator
9307:             1             16  org.opensearch.cluster.coordination.Reconfigurator$$Lambda/0x00007fcd28cfe990
9308:             1             16  org.opensearch.cluster.metadata.AutoExpandReplicas$$Lambda/0x00007fcd2862f028
9309:             1             16  org.opensearch.cluster.metadata.ClusterNameExpressionResolver
9310:             1             16  org.opensearch.cluster.metadata.ClusterNameExpressionResolver$WildcardExpressionResolver
9311:             1             16  org.opensearch.cluster.metadata.ComponentTemplate$$Lambda/0x00007fcd29090218
9312:             1             16  org.opensearch.cluster.metadata.ComponentTemplate$$Lambda/0x00007fcd29090ed8
9313:             1             16  org.opensearch.cluster.metadata.ComponentTemplateMetadata
9314:             1             16  org.opensearch.cluster.metadata.ComponentTemplateMetadata$$Lambda/0x00007fcd2908fc70
9315:             1             16  org.opensearch.cluster.metadata.ComponentTemplateMetadata$$Lambda/0x00007fcd29090000
9316:             1             16  org.opensearch.cluster.metadata.ComponentTemplateMetadata$$Lambda/0x00007fcd2919b2c0
9317:             1             16  org.opensearch.cluster.metadata.ComponentTemplateMetadata$$Lambda/0x00007fcd2919b4d8
9318:             1             16  org.opensearch.cluster.metadata.ComposableIndexTemplate$$Lambda/0x00007fcd29091fc0
9319:             1             16  org.opensearch.cluster.metadata.ComposableIndexTemplate$$Lambda/0x00007fcd290921f8
9320:             1             16  org.opensearch.cluster.metadata.ComposableIndexTemplate$$Lambda/0x00007fcd291a0000
9321:             1             16  org.opensearch.cluster.metadata.ComposableIndexTemplate$DataStreamTemplate$$Lambda/0x00007fcd29092698
9322:             1             16  org.opensearch.cluster.metadata.ComposableIndexTemplate$DataStreamTemplate$$Lambda/0x00007fcd291a0218
9323:             1             16  org.opensearch.cluster.metadata.ComposableIndexTemplateMetadata
9324:             1             16  org.opensearch.cluster.metadata.ComposableIndexTemplateMetadata$$Lambda/0x00007fcd29091b70
9325:             1             16  org.opensearch.cluster.metadata.ComposableIndexTemplateMetadata$$Lambda/0x00007fcd29091da8
9326:             1             16  org.opensearch.cluster.metadata.ComposableIndexTemplateMetadata$$Lambda/0x00007fcd2919d218
9327:             1             16  org.opensearch.cluster.metadata.ComposableIndexTemplateMetadata$$Lambda/0x00007fcd2919d430
9328:             1             16  org.opensearch.cluster.metadata.DataStream$TimestampField$$Lambda/0x00007fcd29092dd8
9329:             1             16  org.opensearch.cluster.metadata.DataStreamMetadata
9330:             1             16  org.opensearch.cluster.metadata.DataStreamMetadata$$Lambda/0x00007fcd29091720
9331:             1             16  org.opensearch.cluster.metadata.DataStreamMetadata$$Lambda/0x00007fcd29091958
9332:             1             16  org.opensearch.cluster.metadata.DataStreamMetadata$$Lambda/0x00007fcd2919bd68
9333:             1             16  org.opensearch.cluster.metadata.DataStreamMetadata$$Lambda/0x00007fcd2919d000
9334:             1             16  org.opensearch.cluster.metadata.DiffableStringMap$DiffableStringMapDiff$$Lambda/0x00007fcd29219490
9335:             1             16  org.opensearch.cluster.metadata.DiffableStringMap$DiffableStringMapDiff$$Lambda/0x00007fcd292198c0
9336:             1             16  org.opensearch.cluster.metadata.IndexGraveyard$$Lambda/0x00007fcd284bc928
9337:             1             16  org.opensearch.cluster.metadata.IndexGraveyard$$Lambda/0x00007fcd284bcd80
9338:             1             16  org.opensearch.cluster.metadata.IndexGraveyard$$Lambda/0x00007fcd291a0430
9339:             1             16  org.opensearch.cluster.metadata.IndexGraveyard$Tombstone$$Lambda/0x00007fcd284bd418
9340:             1             16  org.opensearch.cluster.metadata.IndexGraveyard$Tombstone$$Lambda/0x00007fcd284bd8b8
9341:             1             16  org.opensearch.cluster.metadata.IndexGraveyard$Tombstone$$Lambda/0x00007fcd284bdae0
9342:             1             16  org.opensearch.cluster.metadata.IndexGraveyard$Tombstone$$Lambda/0x00007fcd284bdf18
9343:             1             16  org.opensearch.cluster.metadata.IndexGraveyard$Tombstone$$Lambda/0x00007fcd284be140
9344:             1             16  org.opensearch.cluster.metadata.IndexGraveyard$Tombstone$$Lambda/0x00007fcd284be7e8
9345:             1             16  org.opensearch.cluster.metadata.IndexMetadata$$Lambda/0x00007fcd2862b000
9346:             1             16  org.opensearch.cluster.metadata.IndexMetadata$$Lambda/0x00007fcd2862b488
9347:             1             16  org.opensearch.cluster.metadata.IndexMetadata$$Lambda/0x00007fcd2862b910
9348:             1             16  org.opensearch.cluster.metadata.IndexMetadata$$Lambda/0x00007fcd2862bd60
9349:             1             16  org.opensearch.cluster.metadata.IndexMetadata$$Lambda/0x00007fcd2862e038
9350:             1             16  org.opensearch.cluster.metadata.IndexMetadata$$Lambda/0x00007fcd2862fb20
9351:             1             16  org.opensearch.cluster.metadata.IndexMetadata$1
9352:             1             16  org.opensearch.cluster.metadata.IndexMetadata$2
9353:             1             16  org.opensearch.cluster.metadata.IndexMetadata$3
9354:             1             16  org.opensearch.cluster.metadata.IndexMetadata$4
9355:             1             16  org.opensearch.cluster.metadata.IndexMetadata$5
9356:             1             16  org.opensearch.cluster.metadata.IndexMetadata$Builder$$Lambda/0x00007fcd29093d50
9357:             1             16  org.opensearch.cluster.metadata.IndexMetadata$IndexMetadataDiff$$Lambda/0x00007fcd29237378
9358:             1             16  org.opensearch.cluster.metadata.IndexMetadata$IndexMetadataDiff$$Lambda/0x00007fcd29237590
9359:             1             16  org.opensearch.cluster.metadata.IndexMetadata$IndexMetadataDiff$$Lambda/0x00007fcd292377a8
9360:             1             16  org.opensearch.cluster.metadata.IndexMetadata$IndexMetadataDiff$$Lambda/0x00007fcd292379c0
9361:             1             16  org.opensearch.cluster.metadata.IndexMetadata$IndexMetadataDiff$$Lambda/0x00007fcd29237bd8
9362:             1             16  org.opensearch.cluster.metadata.IndexMetadata$IndexMetadataDiff$$Lambda/0x00007fcd2923e000
9363:             1             16  org.opensearch.cluster.metadata.IndexMetadata$IndexMetadataDiff$$Lambda/0x00007fcd2923e218
9364:             1             16  org.opensearch.cluster.metadata.IndexMetadata$IndexMetadataDiff$$Lambda/0x00007fcd2923e430
9365:             1             16  org.opensearch.cluster.metadata.IndexNameExpressionResolver$$Lambda/0x00007fcd291e2890
9366:             1             16  org.opensearch.cluster.metadata.Manifest$$Lambda/0x00007fcd288b0268
9367:             1             16  org.opensearch.cluster.metadata.Manifest$$Lambda/0x00007fcd290e95a8
9368:             1             16  org.opensearch.cluster.metadata.Manifest$IndexEntry$$Lambda/0x00007fcd288b06f0
9369:             1             16  org.opensearch.cluster.metadata.Manifest$IndexEntry$$Lambda/0x00007fcd288b0928
9370:             1             16  org.opensearch.cluster.metadata.Metadata$$Lambda/0x00007fcd291d3a08
9371:             1             16  org.opensearch.cluster.metadata.Metadata$Builder$$Lambda/0x00007fcd284bec08
9372:             1             16  org.opensearch.cluster.metadata.Metadata$Builder$$Lambda/0x00007fcd284bee50
9373:             1             16  org.opensearch.cluster.metadata.Metadata$Builder$$Lambda/0x00007fcd29218400
9374:             1             16  org.opensearch.cluster.metadata.Metadata$MetadataDiff$$Lambda/0x00007fcd2921b3b0
9375:             1             16  org.opensearch.cluster.metadata.Metadata$MetadataDiff$$Lambda/0x00007fcd2921b5c8
9376:             1             16  org.opensearch.cluster.metadata.Metadata$MetadataDiff$$Lambda/0x00007fcd2921b7e0
9377:             1             16  org.opensearch.cluster.metadata.Metadata$MetadataDiff$$Lambda/0x00007fcd2921b9f8
9378:             1             16  org.opensearch.cluster.metadata.MetadataIndexUpgradeService$$Lambda/0x00007fcd290a1028
9379:             1             16  org.opensearch.cluster.metadata.MetadataIndexUpgradeService$$Lambda/0x00007fcd290a1240
9380:             1             16  org.opensearch.cluster.metadata.MetadataMappingService$PutMappingExecutor
9381:             1             16  org.opensearch.cluster.metadata.MetadataMappingService$RefreshTaskExecutor
9382:             1             16  org.opensearch.cluster.metadata.RepositoriesMetadata
9383:             1             16  org.opensearch.cluster.metadata.RepositoriesMetadata$$Lambda/0x00007fcd2919b6f0
9384:             1             16  org.opensearch.cluster.metadata.RepositoryMetadata$$Lambda/0x00007fcd2919bb50
9385:             1             16  org.opensearch.cluster.metadata.Template$$Lambda/0x00007fcd29090450
9386:             1             16  org.opensearch.cluster.metadata.Template$$Lambda/0x00007fcd29090688
9387:             1             16  org.opensearch.cluster.metadata.Template$$Lambda/0x00007fcd29090aa8
9388:             1             16  org.opensearch.cluster.metadata.Template$$Lambda/0x00007fcd29090cc0
9389:             1             16  org.opensearch.cluster.metadata.Template$$Lambda/0x00007fcd2919d860
9390:             1             16  org.opensearch.cluster.metadata.Template$$Lambda/0x00007fcd2919da78
9391:             1             16  org.opensearch.cluster.node.DiscoveryNode$$Lambda/0x00007fcd284a44f8
9392:             1             16  org.opensearch.cluster.node.DiscoveryNode$$Lambda/0x00007fcd284a4730
9393:             1             16  org.opensearch.cluster.node.DiscoveryNode$$Lambda/0x00007fcd284b0b40
9394:             1             16  org.opensearch.cluster.node.DiscoveryNode$$Lambda/0x00007fcd29046a98
9395:             1             16  org.opensearch.cluster.node.DiscoveryNode$$Lambda/0x00007fcd290c3ba0
9396:             1             16  org.opensearch.cluster.node.DiscoveryNode$$Lambda/0x00007fcd2918ec88
9397:             1             16  org.opensearch.cluster.node.DiscoveryNode$$Lambda/0x00007fcd2918f0f0
9398:             1             16  org.opensearch.cluster.node.DiscoveryNode$$Lambda/0x00007fcd2918f338
9399:             1             16  org.opensearch.cluster.node.DiscoveryNode$$Lambda/0x00007fcd2918f570
9400:             1             16  org.opensearch.cluster.node.DiscoveryNode$$Lambda/0x00007fcd291a4d10
9401:             1             16  org.opensearch.cluster.node.DiscoveryNodeFilters$$Lambda/0x00007fcd28716050
9402:             1             16  org.opensearch.cluster.node.DiscoveryNodes$$Lambda/0x00007fcd290f1ed8
9403:             1             16  org.opensearch.cluster.node.DiscoveryNodes$$Lambda/0x00007fcd290f2348
9404:             1             16  org.opensearch.cluster.node.DiscoveryNodes$$Lambda/0x00007fcd291c2818
9405:             1             16  org.opensearch.cluster.node.DiscoveryNodes$$Lambda/0x00007fcd291c2a50
9406:             1             16  org.opensearch.cluster.node.DiscoveryNodes$Delta$$Lambda/0x00007fcd291b4898
9407:             1             16  org.opensearch.cluster.routing.AllocationId$$Lambda/0x00007fcd291a2d20
9408:             1             16  org.opensearch.cluster.routing.AllocationId$$Lambda/0x00007fcd291a2f48
9409:             1             16  org.opensearch.cluster.routing.FailAwareWeightedRouting
9410:             1             16  org.opensearch.cluster.routing.IndexRoutingTable$$Lambda/0x00007fcd2921ab00
9411:             1             16  org.opensearch.cluster.routing.OperationRouting$$Lambda/0x00007fcd2870dbe0
9412:             1             16  org.opensearch.cluster.routing.OperationRouting$$Lambda/0x00007fcd2870de10
9413:             1             16  org.opensearch.cluster.routing.OperationRouting$$Lambda/0x00007fcd2870e040
9414:             1             16  org.opensearch.cluster.routing.OperationRouting$$Lambda/0x00007fcd2870e270
9415:             1             16  org.opensearch.cluster.routing.OperationRouting$$Lambda/0x00007fcd2870e4a0
9416:             1             16  org.opensearch.cluster.routing.OperationRouting$$Lambda/0x00007fcd2870e6d0
9417:             1             16  org.opensearch.cluster.routing.OperationRouting$$Lambda/0x00007fcd2870e900
9418:             1             16  org.opensearch.cluster.routing.RecoverySource$PeerRecoverySource
9419:             1             16  org.opensearch.cluster.routing.RoutingNode$$Lambda/0x00007fcd291bd4c8
9420:             1             16  org.opensearch.cluster.routing.RoutingNodes$$Lambda/0x00007fcd291bd700
9421:             1             16  org.opensearch.cluster.routing.RoutingTable$$Lambda/0x00007fcd29097660
9422:             1             16  org.opensearch.cluster.routing.RoutingTable$$Lambda/0x00007fcd290978a8
9423:             1             16  org.opensearch.cluster.routing.RoutingTable$RoutingTableDiff$$Lambda/0x00007fcd292178f0
9424:             1             16  org.opensearch.cluster.routing.RoutingTable$RoutingTableDiff$$Lambda/0x00007fcd29217b08
9425:             1             16  org.opensearch.cluster.routing.ShardRouting$$Lambda/0x00007fcd291a2448
9426:             1             16  org.opensearch.cluster.routing.ShardRouting$$Lambda/0x00007fcd291a28e8
9427:             1             16  org.opensearch.cluster.routing.UnassignedInfo$$Lambda/0x00007fcd291a3e18
9428:             1             16  org.opensearch.cluster.routing.UnassignedInfo$$Lambda/0x00007fcd293774e0
9429:             1             16  org.opensearch.cluster.routing.allocation.AllocationConstraints
9430:             1             16  org.opensearch.cluster.routing.allocation.AwarenessReplicaBalance$$Lambda/0x00007fcd288cb868
9431:             1             16  org.opensearch.cluster.routing.allocation.AwarenessReplicaBalance$$Lambda/0x00007fcd288cba98
9432:             1             16  org.opensearch.cluster.routing.allocation.AwarenessReplicaBalance$$Lambda/0x00007fcd288cbcc8
9433:             1             16  org.opensearch.cluster.routing.allocation.ConstraintTypes$$Lambda/0x00007fcd2871a800
9434:             1             16  org.opensearch.cluster.routing.allocation.ConstraintTypes$$Lambda/0x00007fcd2871aa48
9435:             1             16  org.opensearch.cluster.routing.allocation.DiskThresholdSettings$$Lambda/0x00007fcd286d0000
9436:             1             16  org.opensearch.cluster.routing.allocation.DiskThresholdSettings$$Lambda/0x00007fcd286d0470
9437:             1             16  org.opensearch.cluster.routing.allocation.DiskThresholdSettings$$Lambda/0x00007fcd286d08e0
9438:             1             16  org.opensearch.cluster.routing.allocation.DiskThresholdSettings$FloodStageValidator
9439:             1             16  org.opensearch.cluster.routing.allocation.DiskThresholdSettings$HighDiskWatermarkValidator
9440:             1             16  org.opensearch.cluster.routing.allocation.DiskThresholdSettings$LowDiskWatermarkValidator
9441:             1             16  org.opensearch.cluster.routing.allocation.RebalanceConstraints
9442:             1             16  org.opensearch.cluster.routing.allocation.allocator.BalancedShardsAllocator$$Lambda/0x00007fcd286c9238
9443:             1             16  org.opensearch.cluster.routing.allocation.allocator.BalancedShardsAllocator$$Lambda/0x00007fcd2871b0f0
9444:             1             16  org.opensearch.cluster.routing.allocation.allocator.BalancedShardsAllocator$$Lambda/0x00007fcd2871b320
9445:             1             16  org.opensearch.cluster.routing.allocation.allocator.BalancedShardsAllocator$$Lambda/0x00007fcd2871b550
9446:             1             16  org.opensearch.cluster.routing.allocation.allocator.BalancedShardsAllocator$$Lambda/0x00007fcd2871b780
9447:             1             16  org.opensearch.cluster.routing.allocation.allocator.BalancedShardsAllocator$$Lambda/0x00007fcd2871b9b0
9448:             1             16  org.opensearch.cluster.routing.allocation.allocator.BalancedShardsAllocator$$Lambda/0x00007fcd2871bbe0
9449:             1             16  org.opensearch.cluster.routing.allocation.allocator.BalancedShardsAllocator$$Lambda/0x00007fcd2871e000
9450:             1             16  org.opensearch.cluster.routing.allocation.allocator.BalancedShardsAllocator$$Lambda/0x00007fcd2871e230
9451:             1             16  org.opensearch.cluster.routing.allocation.command.AbstractAllocateAllocationCommand$$Lambda/0x00007fcd28483000
9452:             1             16  org.opensearch.cluster.routing.allocation.command.AbstractAllocateAllocationCommand$$Lambda/0x00007fcd28486a10
9453:             1             16  org.opensearch.cluster.routing.allocation.command.AbstractAllocateAllocationCommand$$Lambda/0x00007fcd28487ac8
9454:             1             16  org.opensearch.cluster.routing.allocation.command.BasePrimaryAllocationCommand$$Lambda/0x00007fcd28482c58
9455:             1             16  org.opensearch.cluster.routing.allocation.decider.AllocationDeciders
9456:             1             16  org.opensearch.cluster.routing.allocation.decider.AwarenessAllocationDecider$$Lambda/0x00007fcd28710a30
9457:             1             16  org.opensearch.cluster.routing.allocation.decider.AwarenessAllocationDecider$$Lambda/0x00007fcd28710c60
9458:             1             16  org.opensearch.cluster.routing.allocation.decider.ClusterRebalanceAllocationDecider
9459:             1             16  org.opensearch.cluster.routing.allocation.decider.ClusterRebalanceAllocationDecider$$Lambda/0x00007fcd286caa78
9460:             1             16  org.opensearch.cluster.routing.allocation.decider.ClusterRebalanceAllocationDecider$$Lambda/0x00007fcd28714f20
9461:             1             16  org.opensearch.cluster.routing.allocation.decider.ConcurrentRebalanceAllocationDecider
9462:             1             16  org.opensearch.cluster.routing.allocation.decider.ConcurrentRebalanceAllocationDecider$$Lambda/0x00007fcd28715150
9463:             1             16  org.opensearch.cluster.routing.allocation.decider.ConcurrentRecoveriesAllocationDecider
9464:             1             16  org.opensearch.cluster.routing.allocation.decider.ConcurrentRecoveriesAllocationDecider$$Lambda/0x00007fcd28715380
9465:             1             16  org.opensearch.cluster.routing.allocation.decider.EnableAllocationDecider$$Lambda/0x00007fcd286408f8
9466:             1             16  org.opensearch.cluster.routing.allocation.decider.EnableAllocationDecider$$Lambda/0x00007fcd28640b30
9467:             1             16  org.opensearch.cluster.routing.allocation.decider.EnableAllocationDecider$$Lambda/0x00007fcd28641198
9468:             1             16  org.opensearch.cluster.routing.allocation.decider.EnableAllocationDecider$$Lambda/0x00007fcd286413d0
9469:             1             16  org.opensearch.cluster.routing.allocation.decider.EnableAllocationDecider$$Lambda/0x00007fcd287155b0
9470:             1             16  org.opensearch.cluster.routing.allocation.decider.EnableAllocationDecider$$Lambda/0x00007fcd287157e0
9471:             1             16  org.opensearch.cluster.routing.allocation.decider.FilterAllocationDecider$$Lambda/0x00007fcd286cb630
9472:             1             16  org.opensearch.cluster.routing.allocation.decider.FilterAllocationDecider$$Lambda/0x00007fcd286cbab8
9473:             1             16  org.opensearch.cluster.routing.allocation.decider.FilterAllocationDecider$$Lambda/0x00007fcd286cbf40
9474:             1             16  org.opensearch.cluster.routing.allocation.decider.FilterAllocationDecider$$Lambda/0x00007fcd28716278
9475:             1             16  org.opensearch.cluster.routing.allocation.decider.FilterAllocationDecider$$Lambda/0x00007fcd287164a8
9476:             1             16  org.opensearch.cluster.routing.allocation.decider.FilterAllocationDecider$$Lambda/0x00007fcd28716948
9477:             1             16  org.opensearch.cluster.routing.allocation.decider.FilterAllocationDecider$$Lambda/0x00007fcd28716b78
9478:             1             16  org.opensearch.cluster.routing.allocation.decider.FilterAllocationDecider$$Lambda/0x00007fcd28716da0
9479:             1             16  org.opensearch.cluster.routing.allocation.decider.FilterAllocationDecider$$Lambda/0x00007fcd28716fd0
9480:             1             16  org.opensearch.cluster.routing.allocation.decider.FilterAllocationDecider$$Lambda/0x00007fcd287171f8
9481:             1             16  org.opensearch.cluster.routing.allocation.decider.FilterAllocationDecider$$Lambda/0x00007fcd28717428
9482:             1             16  org.opensearch.cluster.routing.allocation.decider.MaxRetryAllocationDecider
9483:             1             16  org.opensearch.cluster.routing.allocation.decider.NodeLoadAwareAllocationDecider$$Lambda/0x00007fcd28710400
9484:             1             16  org.opensearch.cluster.routing.allocation.decider.NodeLoadAwareAllocationDecider$$Lambda/0x00007fcd28718000
9485:             1             16  org.opensearch.cluster.routing.allocation.decider.NodeLoadAwareAllocationDecider$$Lambda/0x00007fcd28718230
9486:             1             16  org.opensearch.cluster.routing.allocation.decider.NodeLoadAwareAllocationDecider$$Lambda/0x00007fcd28718460
9487:             1             16  org.opensearch.cluster.routing.allocation.decider.NodeVersionAllocationDecider
9488:             1             16  org.opensearch.cluster.routing.allocation.decider.RebalanceOnlyWhenActiveAllocationDecider
9489:             1             16  org.opensearch.cluster.routing.allocation.decider.RemoteStoreMigrationAllocationDecider$$Lambda/0x00007fcd28718690
9490:             1             16  org.opensearch.cluster.routing.allocation.decider.RemoteStoreMigrationAllocationDecider$$Lambda/0x00007fcd287188c0
9491:             1             16  org.opensearch.cluster.routing.allocation.decider.ReplicaAfterPrimaryActiveAllocationDecider
9492:             1             16  org.opensearch.cluster.routing.allocation.decider.ResizeAllocationDecider
9493:             1             16  org.opensearch.cluster.routing.allocation.decider.RestoreInProgressAllocationDecider
9494:             1             16  org.opensearch.cluster.routing.allocation.decider.SameShardAllocationDecider
9495:             1             16  org.opensearch.cluster.routing.allocation.decider.SameShardAllocationDecider$$Lambda/0x00007fcd28717658
9496:             1             16  org.opensearch.cluster.routing.allocation.decider.ShardsLimitAllocationDecider$$Lambda/0x00007fcd28710800
9497:             1             16  org.opensearch.cluster.routing.allocation.decider.SnapshotInProgressAllocationDecider
9498:             1             16  org.opensearch.cluster.routing.allocation.decider.TargetPoolAllocationDecider
9499:             1             16  org.opensearch.cluster.routing.allocation.decider.ThrottlingAllocationDecider$$Lambda/0x00007fcd286cf2f8
9500:             1             16  org.opensearch.cluster.routing.allocation.decider.ThrottlingAllocationDecider$$Lambda/0x00007fcd286cf530
9501:             1             16  org.opensearch.cluster.routing.allocation.decider.ThrottlingAllocationDecider$$Lambda/0x00007fcd286cf768
9502:             1             16  org.opensearch.cluster.routing.allocation.decider.ThrottlingAllocationDecider$$Lambda/0x00007fcd28711690
9503:             1             16  org.opensearch.cluster.routing.allocation.decider.ThrottlingAllocationDecider$$Lambda/0x00007fcd287118c0
9504:             1             16  org.opensearch.cluster.routing.allocation.decider.ThrottlingAllocationDecider$$Lambda/0x00007fcd28711af0
9505:             1             16  org.opensearch.cluster.routing.allocation.decider.ThrottlingAllocationDecider$$Lambda/0x00007fcd28711d20
9506:             1             16  org.opensearch.cluster.routing.remote.InternalRemoteRoutingTableService$$Lambda/0x00007fcd28703e48
9507:             1             16  org.opensearch.cluster.routing.remote.InternalRemoteRoutingTableService$$Lambda/0x00007fcd28704960
9508:             1             16  org.opensearch.cluster.service.ClusterApplierService$$Lambda/0x00007fcd2870d9b0
9509:             1             16  org.opensearch.cluster.service.ClusterManagerTaskThrottler$$Lambda/0x00007fcd2870cbc0
9510:             1             16  org.opensearch.cluster.service.ClusterManagerTaskThrottler$$Lambda/0x00007fcd2870cdf0
9511:             1             16  org.opensearch.cluster.service.ClusterManagerTaskThrottler$$Lambda/0x00007fcd2870d298
9512:             1             16  org.opensearch.cluster.service.ClusterManagerTaskThrottler$$Lambda/0x00007fcd2870d4c8
9513:             1             16  org.opensearch.cluster.service.ClusterManagerThrottlingStats
9514:             1             16  org.opensearch.cluster.service.ClusterService$$Lambda/0x00007fcd286d7448
9515:             1             16  org.opensearch.cluster.service.ClusterService$$Lambda/0x00007fcd2870eb30
9516:             1             16  org.opensearch.cluster.service.ClusterService$$Lambda/0x00007fcd2870ed58
9517:             1             16  org.opensearch.cluster.service.MasterService$$Lambda/0x00007fcd2870c4c8
9518:             1             16  org.opensearch.cluster.service.MasterService$$Lambda/0x00007fcd2870c9a0
9519:             1             16  org.opensearch.common.RandomBasedUUIDGenerator
9520:             1             16  org.opensearch.common.bytes.ReleasableBytesReference$$Lambda/0x00007fcd29134570
9521:             1             16  org.opensearch.common.cache.Cache$$Lambda/0x00007fcd28627cc0
9522:             1             16  org.opensearch.common.cache.Cache$$Lambda/0x00007fcd2862c220
9523:             1             16  org.opensearch.common.cache.settings.CacheSettings$$Lambda/0x00007fcd28706a80
9524:             1             16  org.opensearch.common.cache.stats.NoopCacheStatsHolder
9525:             1             16  org.opensearch.common.cache.store.OpenSearchOnHeapCache$OpenSearchOnHeapCacheFactory
9526:             1             16  org.opensearch.common.cache.store.settings.OpenSearchOnHeapCacheSettings$$Lambda/0x00007fcd28706eb8
9527:             1             16  org.opensearch.common.cache.store.settings.OpenSearchOnHeapCacheSettings$$Lambda/0x00007fcd287070f0
9528:             1             16  org.opensearch.common.compress.DeflateCompressor
9529:             1             16  org.opensearch.common.compress.DeflateCompressor$$Lambda/0x00007fcd28530250
9530:             1             16  org.opensearch.common.compress.DeflateCompressor$$Lambda/0x00007fcd28530468
9531:             1             16  org.opensearch.common.compress.DeflateCompressor$$Lambda/0x00007fcd28530a10
9532:             1             16  org.opensearch.common.compress.DeflateCompressor$$Lambda/0x00007fcd28530c28
9533:             1             16  org.opensearch.common.compress.DeflateCompressor$$Lambda/0x00007fcd28530e40
9534:             1             16  org.opensearch.common.geo.GeoShapeType$$Lambda/0x00007fcd28868de8
9535:             1             16  org.opensearch.common.geo.GeoShapeType$$Lambda/0x00007fcd28869000
9536:             1             16  org.opensearch.common.geo.GeoShapeType$$Lambda/0x00007fcd28869218
9537:             1             16  org.opensearch.common.geo.GeoShapeType$$Lambda/0x00007fcd28869430
9538:             1             16  org.opensearch.common.geo.GeoShapeType$$Lambda/0x00007fcd28869648
9539:             1             16  org.opensearch.common.geo.GeoShapeType$$Lambda/0x00007fcd28869860
9540:             1             16  org.opensearch.common.geo.GeoShapeType$$Lambda/0x00007fcd28869e58
9541:             1             16  org.opensearch.common.geo.GeoShapeType$$Lambda/0x00007fcd2886a070
9542:             1             16  org.opensearch.common.geo.GeoShapeType$$Lambda/0x00007fcd2886a5e8
9543:             1             16  org.opensearch.common.geo.builders.ShapeBuilder$IntersectionOrder
9544:             1             16  org.opensearch.common.inject.InjectorImpl$ProviderBindingImpl$1
9545:             1             16  org.opensearch.common.inject.MembersInjectorImpl$$Lambda/0x00007fcd28b8f570
9546:             1             16  org.opensearch.common.inject.Scopes$1
9547:             1             16  org.opensearch.common.inject.Scopes$2
9548:             1             16  org.opensearch.common.inject.State$1
9549:             1             16  org.opensearch.common.inject.internal.Errors$2
9550:             1             16  org.opensearch.common.inject.internal.Errors$3
9551:             1             16  org.opensearch.common.inject.internal.Errors$4
9552:             1             16  org.opensearch.common.inject.internal.Scoping$1
9553:             1             16  org.opensearch.common.inject.internal.Scoping$2
9554:             1             16  org.opensearch.common.inject.internal.Scoping$3
9555:             1             16  org.opensearch.common.inject.internal.Scoping$4
9556:             1             16  org.opensearch.common.inject.internal.SourceProvider
9557:             1             16  org.opensearch.common.inject.matcher.Matchers$Any
9558:             1             16  org.opensearch.common.inject.spi.InjectionPoint$Factory$1
9559:             1             16  org.opensearch.common.inject.spi.InjectionPoint$Factory$2
9560:             1             16  org.opensearch.common.inject.util.Modules$1
9561:             1             16  org.opensearch.common.io.DiskIoBufferPool$$Lambda/0x00007fcd29347a98
9562:             1             16  org.opensearch.common.io.Streams$1
9563:             1             16  org.opensearch.common.io.stream.Streamables$$Lambda/0x00007fcd28cba100
9564:             1             16  org.opensearch.common.io.stream.Streamables$$Lambda/0x00007fcd28cba518
9565:             1             16  org.opensearch.common.io.stream.Streamables$$Lambda/0x00007fcd28cba730
9566:             1             16  org.opensearch.common.io.stream.Streamables$$Lambda/0x00007fcd28cba948
9567:             1             16  org.opensearch.common.io.stream.Streamables$$Lambda/0x00007fcd28cbab60
9568:             1             16  org.opensearch.common.joda.Joda$$Lambda/0x00007fcd290bd778
9569:             1             16  org.opensearch.common.joda.Joda$1
9570:             1             16  org.opensearch.common.joda.Joda$2
9571:             1             16  org.opensearch.common.lease.Releasables$$Lambda/0x00007fcd292dd430
9572:             1             16  org.opensearch.common.logging.HeaderWarning$$Lambda/0x00007fcd28394000
9573:             1             16  org.opensearch.common.logging.HeaderWarning$$Lambda/0x00007fcd28394248
9574:             1             16  org.opensearch.common.logging.LogConfigurator$$Lambda/0x00007fcd281b67a8
9575:             1             16  org.opensearch.common.logging.Loggers$$Lambda/0x00007fcd281b5a30
9576:             1             16  org.opensearch.common.logging.Loggers$$Lambda/0x00007fcd281b5c68
9577:             1             16  org.opensearch.common.logging.Loggers$$Lambda/0x00007fcd281b5ea0
9578:             1             16  org.opensearch.common.logging.NodeAndClusterIdStateListener$$Lambda/0x00007fcd290f3940
9579:             1             16  org.opensearch.common.lucene.search.Queries$$Lambda/0x00007fcd29349460
9580:             1             16  org.opensearch.common.network.NetworkModule$$Lambda/0x00007fcd2845f920
9581:             1             16  org.opensearch.common.network.NetworkModule$$Lambda/0x00007fcd2845fb38
9582:             1             16  org.opensearch.common.network.NetworkModule$$Lambda/0x00007fcd28482800
9583:             1             16  org.opensearch.common.network.NetworkModule$$Lambda/0x00007fcd28483db8
9584:             1             16  org.opensearch.common.network.NetworkModule$$Lambda/0x00007fcd28484940
9585:             1             16  org.opensearch.common.network.NetworkModule$$Lambda/0x00007fcd28484b58
9586:             1             16  org.opensearch.common.network.NetworkModule$$Lambda/0x00007fcd28485770
9587:             1             16  org.opensearch.common.network.NetworkModule$$Lambda/0x00007fcd28485988
9588:             1             16  org.opensearch.common.network.NetworkModule$$Lambda/0x00007fcd2848c7e0
9589:             1             16  org.opensearch.common.network.NetworkModule$$Lambda/0x00007fcd2848c9f8
9590:             1             16  org.opensearch.common.network.NetworkModule$$Lambda/0x00007fcd2848d0c8
9591:             1             16  org.opensearch.common.network.NetworkModule$$Lambda/0x00007fcd2848d5a8
9592:             1             16  org.opensearch.common.network.NetworkModule$$Lambda/0x00007fcd2848da80
9593:             1             16  org.opensearch.common.network.NetworkModule$$Lambda/0x00007fcd28c9f2d8
9594:             1             16  org.opensearch.common.network.NetworkModule$$Lambda/0x00007fcd28c9f718
9595:             1             16  org.opensearch.common.network.NetworkModule$$Lambda/0x00007fcd28c9fb90
9596:             1             16  org.opensearch.common.network.NetworkModule$$Lambda/0x00007fcd28ca0000
9597:             1             16  org.opensearch.common.network.NetworkModule$CompositeTransportInterceptor
9598:             1             16  org.opensearch.common.network.NetworkService
9599:             1             16  org.opensearch.common.settings.AbstractScopedSettings$$Lambda/0x00007fcd28646678
9600:             1             16  org.opensearch.common.settings.AbstractScopedSettings$$Lambda/0x00007fcd2864bfd0
9601:             1             16  org.opensearch.common.settings.AbstractScopedSettings$$Lambda/0x00007fcd2864e0b8
9602:             1             16  org.opensearch.common.settings.AbstractScopedSettings$$Lambda/0x00007fcd28872480
9603:             1             16  org.opensearch.common.settings.AbstractScopedSettings$$Lambda/0x00007fcd288726a8
9604:             1             16  org.opensearch.common.settings.AbstractScopedSettings$$Lambda/0x00007fcd288728d0
9605:             1             16  org.opensearch.common.settings.AbstractScopedSettings$$Lambda/0x00007fcd28872af8
9606:             1             16  org.opensearch.common.settings.AbstractScopedSettings$$Lambda/0x00007fcd28cdf9c8
9607:             1             16  org.opensearch.common.settings.AbstractScopedSettings$$Lambda/0x00007fcd28cdfbf0
9608:             1             16  org.opensearch.common.settings.AbstractScopedSettings$SettingUpdater$$Lambda/0x00007fcd291b2ab8
9609:             1             16  org.opensearch.common.settings.ClusterSettings$LoggingSettingUpdater$$Lambda/0x00007fcd28707cb0
9610:             1             16  org.opensearch.common.settings.IndexScopedSettings$$Lambda/0x00007fcd286372a8
9611:             1             16  org.opensearch.common.settings.IndexScopedSettings$$Lambda/0x00007fcd286374f0
9612:             1             16  org.opensearch.common.settings.IndexScopedSettings$$Lambda/0x00007fcd28646258
9613:             1             16  org.opensearch.common.settings.SecureSetting$InsecureStringSetting$$Lambda/0x00007fcd285344b0
9614:             1             16  org.opensearch.common.settings.Setting$$Lambda/0x00007fcd2802af28
9615:             1             16  org.opensearch.common.settings.Setting$$Lambda/0x00007fcd2802b580
9616:             1             16  org.opensearch.common.settings.Setting$$Lambda/0x00007fcd2802ba08
9617:             1             16  org.opensearch.common.settings.Setting$$Lambda/0x00007fcd2802c778
9618:             1             16  org.opensearch.common.settings.Setting$$Lambda/0x00007fcd280bf770
9619:             1             16  org.opensearch.common.settings.Setting$$Lambda/0x00007fcd280c3800
9620:             1             16  org.opensearch.common.settings.Setting$$Lambda/0x00007fcd280c8b18
9621:             1             16  org.opensearch.common.settings.Setting$$Lambda/0x00007fcd280ca5d8
9622:             1             16  org.opensearch.common.settings.Setting$$Lambda/0x00007fcd280ca818
9623:             1             16  org.opensearch.common.settings.Setting$$Lambda/0x00007fcd280cac80
9624:             1             16  org.opensearch.common.settings.Setting$$Lambda/0x00007fcd28216c58
9625:             1             16  org.opensearch.common.settings.Setting$$Lambda/0x00007fcd28396a08
9626:             1             16  org.opensearch.common.settings.Setting$$Lambda/0x00007fcd2848e0d0
9627:             1             16  org.opensearch.common.settings.Setting$$Lambda/0x00007fcd2854dad0
9628:             1             16  org.opensearch.common.settings.Setting$$Lambda/0x00007fcd2854dd18
9629:             1             16  org.opensearch.common.settings.Setting$$Lambda/0x00007fcd2854e3e8
9630:             1             16  org.opensearch.common.settings.Setting$$Lambda/0x00007fcd2862e990
9631:             1             16  org.opensearch.common.settings.Setting$$Lambda/0x00007fcd2862f6a8
9632:             1             16  org.opensearch.common.settings.Setting$$Lambda/0x00007fcd2862f8e8
9633:             1             16  org.opensearch.common.settings.Setting$$Lambda/0x00007fcd2864e2e0
9634:             1             16  org.opensearch.common.settings.Setting$$Lambda/0x00007fcd286e5068
9635:             1             16  org.opensearch.common.settings.Setting$$Lambda/0x00007fcd28708cc0
9636:             1             16  org.opensearch.common.settings.Setting$GroupSetting$$Lambda/0x00007fcd280c3c50
9637:             1             16  org.opensearch.common.settings.Setting$GroupSetting$$Lambda/0x00007fcd280c8000
9638:             1             16  org.opensearch.common.settings.Settings$$Lambda/0x00007fcd281e9010
9639:             1             16  org.opensearch.common.settings.Settings$Builder$$Lambda/0x00007fcd28028ca0
9640:             1             16  org.opensearch.common.settings.SettingsModule$$Lambda/0x00007fcd28707610
9641:             1             16  org.opensearch.common.ssl.DefaultJdkTrustConfig$$Lambda/0x00007fcd288fe8c0
9642:             1             16  org.opensearch.common.ssl.EmptyKeyConfig
9643:             1             16  org.opensearch.common.ssl.SslConfigurationLoader$$Lambda/0x00007fcd288fd440
9644:             1             16  org.opensearch.common.ssl.SslConfigurationLoader$$Lambda/0x00007fcd288fd678
9645:             1             16  org.opensearch.common.ssl.TrustEverythingConfig
9646:             1             16  org.opensearch.common.ssl.TrustEverythingConfig$1
9647:             1             16  org.opensearch.common.time.DateFormatter$$Lambda/0x00007fcd2808c708
9648:             1             16  org.opensearch.common.time.DateFormatters$$Lambda/0x00007fcd2808cd40
9649:             1             16  org.opensearch.common.time.DateFormatters$1
9650:             1             16  org.opensearch.common.time.EpochTime$$Lambda/0x00007fcd286186c8
9651:             1             16  org.opensearch.common.time.EpochTime$$Lambda/0x00007fcd286188f0
9652:             1             16  org.opensearch.common.time.FormatNames$$Lambda/0x00007fcd2808fa90
9653:             1             16  org.opensearch.common.time.IsoCalendarDataProvider
9654:             1             16  org.opensearch.common.time.JavaDateFormatter$$Lambda/0x00007fcd2808dba8
9655:             1             16  org.opensearch.common.time.JavaDateFormatter$$Lambda/0x00007fcd2808e080
9656:             1             16  org.opensearch.common.time.JavaDateFormatter$$Lambda/0x00007fcd2808e698
9657:             1             16  org.opensearch.common.time.JavaDateFormatter$$Lambda/0x00007fcd2808e8b0
9658:             1             16  org.opensearch.common.time.JavaDateFormatter$$Lambda/0x00007fcd2808eae8
9659:             1             16  org.opensearch.common.time.JavaDateFormatter$$Lambda/0x00007fcd2808ef50
9660:             1             16  org.opensearch.common.transport.PortsRange
9661:             1             16  org.opensearch.common.transport.PortsRange$$Lambda/0x00007fcd281dea38
9662:             1             16  org.opensearch.common.util.LazyInitializable$$Lambda/0x00007fcd2808cf58
9663:             1             16  org.opensearch.common.util.LazyInitializable$$Lambda/0x00007fcd2808d180
9664:             1             16  org.opensearch.common.util.PageCacheRecycler$$Lambda/0x00007fcd286ec2c0
9665:             1             16  org.opensearch.common.util.concurrent.OpenSearchExecutors$$Lambda/0x00007fcd2828a0f0
9666:             1             16  org.opensearch.common.util.concurrent.OpenSearchExecutors$DirectExecutorService
9667:             1             16  org.opensearch.common.util.concurrent.PrioritizedRunnable$$Lambda/0x00007fcd290f4940
9668:             1             16  org.opensearch.common.util.concurrent.ThreadContext$$Lambda/0x00007fcd28536f88
9669:             1             16  org.opensearch.common.util.concurrent.ThreadContext$$Lambda/0x00007fcd29131000
9670:             1             16  org.opensearch.common.util.concurrent.ThreadContext$$Lambda/0x00007fcd29131c90
9671:             1             16  org.opensearch.common.util.concurrent.ThreadContext$$Lambda/0x00007fcd291368d0
9672:             1             16  org.opensearch.common.util.concurrent.ThreadContext$$Lambda/0x00007fcd29137348
9673:             1             16  org.opensearch.common.util.concurrent.ThreadContext$$Lambda/0x00007fcd293dbb38
9674:             1             16  org.opensearch.common.util.concurrent.ThreadContext$LinkedHashSetCollector
9675:             1             16  org.opensearch.common.util.concurrent.ThreadContext$ThreadContextStruct$$Lambda/0x00007fcd2911c230
9676:             1             16  org.opensearch.common.util.concurrent.ThreadContext$ThreadContextStruct$$Lambda/0x00007fcd2911cec0
9677:             1             16  org.opensearch.common.util.io.Streams$$Lambda/0x00007fcd28a33848
9678:             1             16  org.opensearch.common.util.iterable.Iterables$FlattenedIterables$$Lambda/0x00007fcd290dd3d0
9679:             1             16  org.opensearch.common.xcontent.LoggingDeprecationHandler
9680:             1             16  org.opensearch.common.xcontent.XContentOpenSearchExtension$$Lambda/0x00007fcd28090878
9681:             1             16  org.opensearch.common.xcontent.XContentOpenSearchExtension$$Lambda/0x00007fcd28090a90
9682:             1             16  org.opensearch.common.xcontent.XContentOpenSearchExtension$$Lambda/0x00007fcd28090f48
9683:             1             16  org.opensearch.common.xcontent.XContentOpenSearchExtension$$Lambda/0x00007fcd28091160
9684:             1             16  org.opensearch.common.xcontent.XContentOpenSearchExtension$$Lambda/0x00007fcd28092ef8
9685:             1             16  org.opensearch.common.xcontent.XContentOpenSearchExtension$$Lambda/0x00007fcd28093610
9686:             1             16  org.opensearch.common.xcontent.XContentOpenSearchExtension$$Lambda/0x00007fcd28093b48
9687:             1             16  org.opensearch.common.xcontent.XContentOpenSearchExtension$$Lambda/0x00007fcd28093d60
9688:             1             16  org.opensearch.common.xcontent.XContentOpenSearchExtension$$Lambda/0x00007fcd28093f78
9689:             1             16  org.opensearch.common.xcontent.XContentOpenSearchExtension$$Lambda/0x00007fcd28094190
9690:             1             16  org.opensearch.common.xcontent.XContentOpenSearchExtension$$Lambda/0x00007fcd280943a8
9691:             1             16  org.opensearch.common.xcontent.XContentOpenSearchExtension$$Lambda/0x00007fcd280945c0
9692:             1             16  org.opensearch.common.xcontent.XContentOpenSearchExtension$$Lambda/0x00007fcd280947d8
9693:             1             16  org.opensearch.common.xcontent.XContentOpenSearchExtension$$Lambda/0x00007fcd280949f0
9694:             1             16  org.opensearch.common.xcontent.XContentOpenSearchExtension$$Lambda/0x00007fcd28094c08
9695:             1             16  org.opensearch.common.xcontent.XContentOpenSearchExtension$$Lambda/0x00007fcd28094e20
9696:             1             16  org.opensearch.common.xcontent.XContentOpenSearchExtension$$Lambda/0x00007fcd28095038
9697:             1             16  org.opensearch.common.xcontent.XContentOpenSearchExtension$$Lambda/0x00007fcd28095250
9698:             1             16  org.opensearch.common.xcontent.XContentOpenSearchExtension$$Lambda/0x00007fcd28095468
9699:             1             16  org.opensearch.common.xcontent.XContentOpenSearchExtension$$Lambda/0x00007fcd28095680
9700:             1             16  org.opensearch.common.xcontent.XContentOpenSearchExtension$$Lambda/0x00007fcd28095fe8
9701:             1             16  org.opensearch.common.xcontent.XContentOpenSearchExtension$$Lambda/0x00007fcd280963f8
9702:             1             16  org.opensearch.common.xcontent.XContentOpenSearchExtension$$Lambda/0x00007fcd28096830
9703:             1             16  org.opensearch.common.xcontent.XContentOpenSearchExtension$$Lambda/0x00007fcd28096c40
9704:             1             16  org.opensearch.common.xcontent.XContentOpenSearchExtension$$Lambda/0x00007fcd28097170
9705:             1             16  org.opensearch.common.xcontent.XContentOpenSearchExtension$$Lambda/0x00007fcd28097388
9706:             1             16  org.opensearch.common.xcontent.XContentOpenSearchExtension$$Lambda/0x00007fcd280975c0
9707:             1             16  org.opensearch.common.xcontent.XContentOpenSearchExtension$$Lambda/0x00007fcd280977f8
9708:             1             16  org.opensearch.common.xcontent.XContentOpenSearchExtension$$Lambda/0x00007fcd28097a30
9709:             1             16  org.opensearch.common.xcontent.XContentOpenSearchExtension$$Lambda/0x00007fcd28097c68
9710:             1             16  org.opensearch.common.xcontent.XContentOpenSearchExtension$$Lambda/0x00007fcd2809c000
9711:             1             16  org.opensearch.common.xcontent.XContentOpenSearchExtension$$Lambda/0x00007fcd2809c238
9712:             1             16  org.opensearch.common.xcontent.XContentOpenSearchExtension$$Lambda/0x00007fcd2809c7d8
9713:             1             16  org.opensearch.common.xcontent.XContentOpenSearchExtension$$Lambda/0x00007fcd2809ca10
9714:             1             16  org.opensearch.common.xcontent.XContentOpenSearchExtension$$Lambda/0x00007fcd2809cc48
9715:             1             16  org.opensearch.common.xcontent.XContentOpenSearchExtension$$Lambda/0x00007fcd2809ce80
9716:             1             16  org.opensearch.common.xcontent.XContentOpenSearchExtension$$Lambda/0x00007fcd2809d0b8
9717:             1             16  org.opensearch.common.xcontent.XContentOpenSearchExtension$$Lambda/0x00007fcd2809d2f0
9718:             1             16  org.opensearch.common.xcontent.XContentOpenSearchExtension$$Lambda/0x00007fcd2809d528
9719:             1             16  org.opensearch.common.xcontent.XContentOpenSearchExtension$$Lambda/0x00007fcd2809d760
9720:             1             16  org.opensearch.common.xcontent.XContentOpenSearchExtension$$Lambda/0x00007fcd2809d998
9721:             1             16  org.opensearch.common.xcontent.json.JsonXContent
9722:             1             16  org.opensearch.common.xcontent.smile.SmileXContent
9723:             1             16  org.opensearch.common.xcontent.yaml.YamlXContent
9724:             1             16  org.opensearch.commons.alerting.action.AlertingActions
9725:             1             16  org.opensearch.commons.alerting.action.AlertingActions
9726:             1             16  org.opensearch.commons.alerting.action.AlertingActions$$Lambda/0x00007fcd28a99f28
9727:             1             16  org.opensearch.commons.alerting.action.AlertingActions$$Lambda/0x00007fcd28a9a3d8
9728:             1             16  org.opensearch.commons.alerting.action.AlertingActions$$Lambda/0x00007fcd28a9a880
9729:             1             16  org.opensearch.commons.alerting.action.AlertingActions$$Lambda/0x00007fcd28a9ad28
9730:             1             16  org.opensearch.commons.alerting.action.AlertingActions$$Lambda/0x00007fcd28a9b1d8
9731:             1             16  org.opensearch.commons.alerting.action.AlertingActions$$Lambda/0x00007fcd28a9b688
9732:             1             16  org.opensearch.commons.alerting.action.AlertingActions$$Lambda/0x00007fcd28a9bb38
9733:             1             16  org.opensearch.commons.alerting.action.AlertingActions$$Lambda/0x00007fcd28c2c000
9734:             1             16  org.opensearch.commons.alerting.action.AlertingActions$$Lambda/0x00007fcd28c2c4a8
9735:             1             16  org.opensearch.commons.alerting.action.AlertingActions$$Lambda/0x00007fcd28c2c950
9736:             1             16  org.opensearch.commons.alerting.action.AlertingActions$$Lambda/0x00007fcd28c2cb68
9737:             1             16  org.opensearch.commons.alerting.action.AlertingActions$$Lambda/0x00007fcd28c2d018
9738:             1             16  org.opensearch.commons.alerting.action.AlertingActions$$Lambda/0x00007fcd28c2d230
9739:             1             16  org.opensearch.commons.alerting.action.AlertingActions$$Lambda/0x00007fcd28c2d6e0
9740:             1             16  org.opensearch.commons.alerting.action.AlertingActions$$Lambda/0x00007fcd28c2d8f8
9741:             1             16  org.opensearch.commons.alerting.action.AlertingActions$$Lambda/0x00007fcd28c2dda0
9742:             1             16  org.opensearch.commons.alerting.action.AlertingActions$$Lambda/0x00007fcd28c738f8
9743:             1             16  org.opensearch.commons.alerting.action.AlertingActions$$Lambda/0x00007fcd28c73da8
9744:             1             16  org.opensearch.commons.alerting.action.AlertingActions$$Lambda/0x00007fcd28c74250
9745:             1             16  org.opensearch.commons.alerting.action.AlertingActions$$Lambda/0x00007fcd28c746f8
9746:             1             16  org.opensearch.commons.alerting.action.AlertingActions$$Lambda/0x00007fcd28c74ba8
9747:             1             16  org.opensearch.commons.alerting.action.AlertingActions$$Lambda/0x00007fcd28c75058
9748:             1             16  org.opensearch.commons.alerting.action.AlertingActions$$Lambda/0x00007fcd28c75508
9749:             1             16  org.opensearch.commons.alerting.action.AlertingActions$$Lambda/0x00007fcd28c759b0
9750:             1             16  org.opensearch.commons.alerting.action.AlertingActions$$Lambda/0x00007fcd28c75e58
9751:             1             16  org.opensearch.commons.alerting.action.AlertingActions$$Lambda/0x00007fcd28c76300
9752:             1             16  org.opensearch.commons.alerting.action.AlertingActions$$Lambda/0x00007fcd28c76518
9753:             1             16  org.opensearch.commons.alerting.action.AlertingActions$$Lambda/0x00007fcd28c769c8
9754:             1             16  org.opensearch.commons.alerting.action.AlertingActions$$Lambda/0x00007fcd28c76be0
9755:             1             16  org.opensearch.commons.alerting.action.AlertingActions$$Lambda/0x00007fcd28c77090
9756:             1             16  org.opensearch.commons.alerting.action.AlertingActions$$Lambda/0x00007fcd28c772a8
9757:             1             16  org.opensearch.commons.alerting.action.AlertingActions$$Lambda/0x00007fcd28c77750
9758:             1             16  org.opensearch.commons.alerting.aggregation.bucketselectorext.BucketSelectorExtAggregationBuilder$Companion
9759:             1             16  org.opensearch.commons.alerting.model.Alert$Companion
9760:             1             16  org.opensearch.commons.alerting.model.BucketLevelTrigger$$Lambda/0x00007fcd288a08e8
9761:             1             16  org.opensearch.commons.alerting.model.BucketLevelTrigger$Companion
9762:             1             16  org.opensearch.commons.alerting.model.ChainedAlertTrigger$$Lambda/0x00007fcd288a1d80
9763:             1             16  org.opensearch.commons.alerting.model.ChainedAlertTrigger$Companion
9764:             1             16  org.opensearch.commons.alerting.model.ClusterMetricsInput$$Lambda/0x00007fcd288a0fb0
9765:             1             16  org.opensearch.commons.alerting.model.ClusterMetricsInput$Companion
9766:             1             16  org.opensearch.commons.alerting.model.DocLevelMonitorInput$$Lambda/0x00007fcd288a0200
9767:             1             16  org.opensearch.commons.alerting.model.DocLevelMonitorInput$Companion
9768:             1             16  org.opensearch.commons.alerting.model.DocumentLevelTrigger$$Lambda/0x00007fcd288a1698
9769:             1             16  org.opensearch.commons.alerting.model.DocumentLevelTrigger$Companion
9770:             1             16  org.opensearch.commons.alerting.model.Monitor$$Lambda/0x00007fcd2861d200
9771:             1             16  org.opensearch.commons.alerting.model.Monitor$Companion
9772:             1             16  org.opensearch.commons.alerting.model.QueryLevelTrigger$$Lambda/0x00007fcd2861dae0
9773:             1             16  org.opensearch.commons.alerting.model.QueryLevelTrigger$Companion
9774:             1             16  org.opensearch.commons.alerting.model.SearchInput$$Lambda/0x00007fcd28623a00
9775:             1             16  org.opensearch.commons.alerting.model.SearchInput$Companion
9776:             1             16  org.opensearch.commons.alerting.model.Workflow$$Lambda/0x00007fcd288a2490
9777:             1             16  org.opensearch.commons.alerting.model.Workflow$Companion
9778:             1             16  org.opensearch.commons.notifications.action.NotificationsActions
9779:             1             16  org.opensearch.commons.notifications.action.NotificationsActions$$Lambda/0x00007fcd28c88720
9780:             1             16  org.opensearch.commons.notifications.action.NotificationsActions$$Lambda/0x00007fcd28c88bc8
9781:             1             16  org.opensearch.commons.notifications.action.NotificationsActions$$Lambda/0x00007fcd28c89070
9782:             1             16  org.opensearch.commons.notifications.action.NotificationsActions$$Lambda/0x00007fcd28c89518
9783:             1             16  org.opensearch.commons.notifications.action.NotificationsActions$$Lambda/0x00007fcd28c899c0
9784:             1             16  org.opensearch.commons.notifications.action.NotificationsActions$$Lambda/0x00007fcd28c89e68
9785:             1             16  org.opensearch.commons.notifications.action.NotificationsActions$$Lambda/0x00007fcd28c8a080
9786:             1             16  org.opensearch.commons.notifications.action.NotificationsActions$$Lambda/0x00007fcd28c8a528
9787:             1             16  org.opensearch.compress.ZstdCompressor
9788:             1             16  org.opensearch.core.ParseField$$Lambda/0x00007fcd2908fa58
9789:             1             16  org.opensearch.core.common.Strings$$Lambda/0x00007fcd29093f68
9790:             1             16  org.opensearch.core.common.io.stream.NamedWriteableRegistry
9791:             1             16  org.opensearch.core.common.io.stream.NamedWriteableRegistry$$Lambda/0x00007fcd2888d340
9792:             1             16  org.opensearch.core.common.io.stream.StreamInput$$Lambda/0x00007fcd28cb5b50
9793:             1             16  org.opensearch.core.common.io.stream.StreamInput$$Lambda/0x00007fcd28cb5d68
9794:             1             16  org.opensearch.core.common.io.stream.StreamInput$$Lambda/0x00007fcd29196100
9795:             1             16  org.opensearch.core.common.io.stream.StreamInput$$Lambda/0x00007fcd2919ab78
9796:             1             16  org.opensearch.core.common.io.stream.StreamInput$$Lambda/0x00007fcd2919d648
9797:             1             16  org.opensearch.core.common.io.stream.StreamInput$$Lambda/0x00007fcd2919dc90
9798:             1             16  org.opensearch.core.common.io.stream.StreamOutput$$Lambda/0x00007fcd28cb17f0
9799:             1             16  org.opensearch.core.common.io.stream.StreamOutput$$Lambda/0x00007fcd28cb1a08
9800:             1             16  org.opensearch.core.common.io.stream.StreamOutput$$Lambda/0x00007fcd28cb1c20
9801:             1             16  org.opensearch.core.common.io.stream.StreamOutput$$Lambda/0x00007fcd28cb1e38
9802:             1             16  org.opensearch.core.common.io.stream.StreamOutput$$Lambda/0x00007fcd28cb2050
9803:             1             16  org.opensearch.core.common.io.stream.StreamOutput$$Lambda/0x00007fcd28cb2268
9804:             1             16  org.opensearch.core.common.io.stream.StreamOutput$$Lambda/0x00007fcd28cb2480
9805:             1             16  org.opensearch.core.common.io.stream.StreamOutput$$Lambda/0x00007fcd28cb2698
9806:             1             16  org.opensearch.core.common.io.stream.StreamOutput$$Lambda/0x00007fcd28cb28b0
9807:             1             16  org.opensearch.core.common.io.stream.StreamOutput$$Lambda/0x00007fcd28cb2ac8
9808:             1             16  org.opensearch.core.common.io.stream.StreamOutput$$Lambda/0x00007fcd28cb2ce0
9809:             1             16  org.opensearch.core.common.io.stream.StreamOutput$$Lambda/0x00007fcd28cb2ef8
9810:             1             16  org.opensearch.core.common.io.stream.StreamOutput$$Lambda/0x00007fcd28cb3110
9811:             1             16  org.opensearch.core.common.io.stream.StreamOutput$$Lambda/0x00007fcd28cb3328
9812:             1             16  org.opensearch.core.common.io.stream.StreamOutput$$Lambda/0x00007fcd28cb37a8
9813:             1             16  org.opensearch.core.common.io.stream.StreamOutput$$Lambda/0x00007fcd28cb39c0
9814:             1             16  org.opensearch.core.common.io.stream.StreamOutput$$Lambda/0x00007fcd28cb3bd8
9815:             1             16  org.opensearch.core.common.io.stream.StreamOutput$$Lambda/0x00007fcd28cb6000
9816:             1             16  org.opensearch.core.common.io.stream.StreamOutput$$Lambda/0x00007fcd28cb6218
9817:             1             16  org.opensearch.core.common.io.stream.StreamOutput$$Lambda/0x00007fcd28cb6430
9818:             1             16  org.opensearch.core.common.io.stream.StreamOutput$$Lambda/0x00007fcd28cb6648
9819:             1             16  org.opensearch.core.common.io.stream.StreamOutput$$Lambda/0x00007fcd28cb6860
9820:             1             16  org.opensearch.core.common.io.stream.StreamOutput$$Lambda/0x00007fcd28cb6a78
9821:             1             16  org.opensearch.core.common.io.stream.StreamOutput$$Lambda/0x00007fcd28cb6c90
9822:             1             16  org.opensearch.core.common.io.stream.StreamOutput$$Lambda/0x00007fcd28cb6ea8
9823:             1             16  org.opensearch.core.common.io.stream.StreamOutput$$Lambda/0x00007fcd29195ab8
9824:             1             16  org.opensearch.core.common.io.stream.StreamOutput$$Lambda/0x00007fcd291a5a40
9825:             1             16  org.opensearch.core.common.io.stream.StreamOutput$$Lambda/0x00007fcd291bf888
9826:             1             16  org.opensearch.core.common.io.stream.StreamOutput$$Lambda/0x00007fcd293ba218
9827:             1             16  org.opensearch.core.compress.CompressorRegistry$$Lambda/0x00007fcd2892ca50
9828:             1             16  org.opensearch.core.compress.CompressorRegistry$$Lambda/0x00007fcd2892cc88
9829:             1             16  org.opensearch.core.compress.CompressorRegistry$$Lambda/0x00007fcd2892cec0
9830:             1             16  org.opensearch.core.compress.NoneCompressor
9831:             1             16  org.opensearch.core.index.Index$$Lambda/0x00007fcd28630828
9832:             1             16  org.opensearch.core.index.Index$$Lambda/0x00007fcd28630a40
9833:             1             16  org.opensearch.core.index.Index$$Lambda/0x00007fcd28630c68
9834:             1             16  org.opensearch.core.tasks.resourcetracker.ResourceUsageInfo
9835:             1             16  org.opensearch.core.tasks.resourcetracker.TaskResourceInfo$$Lambda/0x00007fcd293db900
9836:             1             16  org.opensearch.core.tasks.resourcetracker.TaskResourceUsage$$Lambda/0x00007fcd29235aa8
9837:             1             16  org.opensearch.core.transport.TransportResponse$Empty
9838:             1             16  org.opensearch.core.xcontent.AbstractObjectParser$$Lambda/0x00007fcd28486c38
9839:             1             16  org.opensearch.core.xcontent.AbstractObjectParser$$Lambda/0x00007fcd28487cf0
9840:             1             16  org.opensearch.core.xcontent.AbstractObjectParser$$Lambda/0x00007fcd2848c000
9841:             1             16  org.opensearch.core.xcontent.AbstractObjectParser$$Lambda/0x00007fcd284b6ca0
9842:             1             16  org.opensearch.core.xcontent.AbstractObjectParser$$Lambda/0x00007fcd284b74f0
9843:             1             16  org.opensearch.core.xcontent.AbstractObjectParser$$Lambda/0x00007fcd287b7048
9844:             1             16  org.opensearch.core.xcontent.AbstractObjectParser$$Lambda/0x00007fcd287b8a30
9845:             1             16  org.opensearch.core.xcontent.AbstractObjectParser$$Lambda/0x00007fcd2880a938
9846:             1             16  org.opensearch.core.xcontent.AbstractObjectParser$$Lambda/0x00007fcd291dfb60
9847:             1             16  org.opensearch.core.xcontent.AbstractXContentParser$$Lambda/0x00007fcd280a1e88
9848:             1             16  org.opensearch.core.xcontent.AbstractXContentParser$$Lambda/0x00007fcd280a20a0
9849:             1             16  org.opensearch.core.xcontent.ConstructingObjectParser$$Lambda/0x00007fcd284b61a8
9850:             1             16  org.opensearch.core.xcontent.ConstructingObjectParser$$Lambda/0x00007fcd284b63d0
9851:             1             16  org.opensearch.core.xcontent.ConstructingObjectParser$$Lambda/0x00007fcd290954c0
9852:             1             16  org.opensearch.core.xcontent.DeprecationHandler$1
9853:             1             16  org.opensearch.core.xcontent.DeprecationHandler$2
9854:             1             16  org.opensearch.core.xcontent.MediaTypeRegistry$$Lambda/0x00007fcd2802f2d8
9855:             1             16  org.opensearch.core.xcontent.MediaTypeRegistry$$Lambda/0x00007fcd2802f510
9856:             1             16  org.opensearch.core.xcontent.MediaTypeRegistry$$Lambda/0x00007fcd2802f748
9857:             1             16  org.opensearch.core.xcontent.NamedXContentRegistry$$Lambda/0x00007fcd2888f750
9858:             1             16  org.opensearch.core.xcontent.ObjectParser$$Lambda/0x00007fcd284865c0
9859:             1             16  org.opensearch.core.xcontent.ObjectParser$$Lambda/0x00007fcd287efa30
9860:             1             16  org.opensearch.core.xcontent.ObjectParser$$Lambda/0x00007fcd28d0b7b8
9861:             1             16  org.opensearch.core.xcontent.ObjectParser$$Lambda/0x00007fcd290956e8
9862:             1             16  org.opensearch.core.xcontent.ObjectParser$$Lambda/0x00007fcd29214468
9863:             1             16  org.opensearch.core.xcontent.ObjectParser$$Lambda/0x00007fcd29214688
9864:             1             16  org.opensearch.core.xcontent.ObjectParserHelper$$Lambda/0x00007fcd2924cf50
9865:             1             16  org.opensearch.core.xcontent.ToXContent$1
9866:             1             16  org.opensearch.core.xcontent.XContentBuilder$$Lambda/0x00007fcd28082438
9867:             1             16  org.opensearch.core.xcontent.XContentBuilder$$Lambda/0x00007fcd28082650
9868:             1             16  org.opensearch.core.xcontent.XContentBuilder$$Lambda/0x00007fcd28082868
9869:             1             16  org.opensearch.core.xcontent.XContentBuilder$$Lambda/0x00007fcd28082a80
9870:             1             16  org.opensearch.core.xcontent.XContentBuilder$$Lambda/0x00007fcd28082c98
9871:             1             16  org.opensearch.core.xcontent.XContentBuilder$$Lambda/0x00007fcd28082eb0
9872:             1             16  org.opensearch.core.xcontent.XContentBuilder$$Lambda/0x00007fcd280830c8
9873:             1             16  org.opensearch.core.xcontent.XContentBuilder$$Lambda/0x00007fcd280832e0
9874:             1             16  org.opensearch.core.xcontent.XContentBuilder$$Lambda/0x00007fcd280834f8
9875:             1             16  org.opensearch.core.xcontent.XContentBuilder$$Lambda/0x00007fcd28083710
9876:             1             16  org.opensearch.core.xcontent.XContentBuilder$$Lambda/0x00007fcd28083928
9877:             1             16  org.opensearch.core.xcontent.XContentBuilder$$Lambda/0x00007fcd28083b40
9878:             1             16  org.opensearch.core.xcontent.XContentBuilder$$Lambda/0x00007fcd28083d58
9879:             1             16  org.opensearch.core.xcontent.XContentBuilder$$Lambda/0x00007fcd28086000
9880:             1             16  org.opensearch.core.xcontent.XContentBuilder$$Lambda/0x00007fcd28086218
9881:             1             16  org.opensearch.core.xcontent.XContentBuilder$$Lambda/0x00007fcd28086430
9882:             1             16  org.opensearch.core.xcontent.XContentBuilder$$Lambda/0x00007fcd28086648
9883:             1             16  org.opensearch.core.xcontent.XContentBuilder$$Lambda/0x00007fcd28086860
9884:             1             16  org.opensearch.core.xcontent.XContentBuilder$$Lambda/0x00007fcd28086a78
9885:             1             16  org.opensearch.core.xcontent.XContentBuilder$$Lambda/0x00007fcd28086c90
9886:             1             16  org.opensearch.core.xcontent.XContentBuilder$$Lambda/0x00007fcd28086ea8
9887:             1             16  org.opensearch.core.xcontent.XContentBuilder$$Lambda/0x00007fcd280870c0
9888:             1             16  org.opensearch.core.xcontent.XContentBuilder$$Lambda/0x00007fcd280872d8
9889:             1             16  org.opensearch.core.xcontent.XContentBuilder$$Lambda/0x00007fcd2809dbd0
9890:             1             16  org.opensearch.core.xcontent.XContentBuilder$$Lambda/0x00007fcd2809ddf8
9891:             1             16  org.opensearch.core.xcontent.XContentBuilder$$Lambda/0x00007fcd2809e020
9892:             1             16  org.opensearch.dashboards.OpenSearchDashboardsPlugin
9893:             1             16  org.opensearch.dashboards.OpenSearchDashboardsPlugin$$Lambda/0x00007fcd282385c8
9894:             1             16  org.opensearch.dashboards.OpenSearchDashboardsPlugin$OpenSearchDashboardsWrappedRestHandler$$Lambda/0x00007fcd28fe44b0
9895:             1             16  org.opensearch.discovery.DiscoveryModule$$Lambda/0x00007fcd28cf5540
9896:             1             16  org.opensearch.discovery.DiscoveryModule$$Lambda/0x00007fcd28cf5970
9897:             1             16  org.opensearch.discovery.DiscoveryModule$$Lambda/0x00007fcd28cf5b90
9898:             1             16  org.opensearch.discovery.PeerFinder$$Lambda/0x00007fcd28cf9d00
9899:             1             16  org.opensearch.discovery.PeerFinder$$Lambda/0x00007fcd28cf9f18
9900:             1             16  org.opensearch.discovery.PeerFinder$$Lambda/0x00007fcd290f0000
9901:             1             16  org.opensearch.discovery.PeerFinder$$Lambda/0x00007fcd290f0908
9902:             1             16  org.opensearch.discovery.PeerFinder$$Lambda/0x00007fcd290f0b40
9903:             1             16  org.opensearch.discovery.PeerFinder$Peer$2$$Lambda/0x00007fcd29196318
9904:             1             16  org.opensearch.discovery.PeerFinder$Peer$2$$Lambda/0x00007fcd29196780
9905:             1             16  org.opensearch.discovery.SettingsBasedSeedHostsProvider
9906:             1             16  org.opensearch.env.Environment$$Lambda/0x00007fcd280cb9e0
9907:             1             16  org.opensearch.env.NodeEnvironment$$Lambda/0x00007fcd284a7840
9908:             1             16  org.opensearch.env.NodeEnvironment$$Lambda/0x00007fcd284a7a88
9909:             1             16  org.opensearch.env.NodeEnvironment$$Lambda/0x00007fcd284b0d88
9910:             1             16  org.opensearch.env.NodeEnvironment$$Lambda/0x00007fcd284b0fc0
9911:             1             16  org.opensearch.env.NodeEnvironment$IndexStoreListener$1
9912:             1             16  org.opensearch.env.NodeMetadata$NodeMetadataStateFormat$$Lambda/0x00007fcd2851bfd8
9913:             1             16  org.opensearch.env.NodeMetadata$NodeMetadataStateFormat$$Lambda/0x00007fcd2851c1f0
9914:             1             16  org.opensearch.env.NodeMetadata$NodeMetadataStateFormat$$Lambda/0x00007fcd2851c418
9915:             1             16  org.opensearch.flowframework.FlowFrameworkPlugin
9916:             1             16  org.opensearch.flowframework.common.FlowFrameworkSettings$$Lambda/0x00007fcd283c1ab0
9917:             1             16  org.opensearch.flowframework.common.FlowFrameworkSettings$$Lambda/0x00007fcd283c1ce0
9918:             1             16  org.opensearch.flowframework.common.FlowFrameworkSettings$$Lambda/0x00007fcd28a45000
9919:             1             16  org.opensearch.flowframework.common.FlowFrameworkSettings$$Lambda/0x00007fcd28a45230
9920:             1             16  org.opensearch.flowframework.common.FlowFrameworkSettings$$Lambda/0x00007fcd28a45460
9921:             1             16  org.opensearch.flowframework.indices.FlowFrameworkIndex$$Lambda/0x00007fcd28a4c300
9922:             1             16  org.opensearch.flowframework.indices.FlowFrameworkIndex$$Lambda/0x00007fcd28a4cf68
9923:             1             16  org.opensearch.flowframework.indices.FlowFrameworkIndex$$Lambda/0x00007fcd28a4d180
9924:             1             16  org.opensearch.flowframework.transport.CreateWorkflowAction$$Lambda/0x00007fcd28a50b20
9925:             1             16  org.opensearch.flowframework.transport.CreateWorkflowTransportAction$$Lambda/0x00007fcd28d39710
9926:             1             16  org.opensearch.flowframework.transport.DeleteWorkflowAction$$Lambda/0x00007fcd28a50f58
9927:             1             16  org.opensearch.flowframework.transport.DeleteWorkflowTransportAction$$Lambda/0x00007fcd28d38eb0
9928:             1             16  org.opensearch.flowframework.transport.DeprovisionWorkflowAction$$Lambda/0x00007fcd28a517b8
9929:             1             16  org.opensearch.flowframework.transport.DeprovisionWorkflowTransportAction$$Lambda/0x00007fcd28d38a80
9930:             1             16  org.opensearch.flowframework.transport.GetWorkflowAction$$Lambda/0x00007fcd28a52978
9931:             1             16  org.opensearch.flowframework.transport.GetWorkflowStateAction$$Lambda/0x00007fcd28a522b8
9932:             1             16  org.opensearch.flowframework.transport.GetWorkflowStateTransportAction$$Lambda/0x00007fcd28d390c8
9933:             1             16  org.opensearch.flowframework.transport.GetWorkflowStepAction$$Lambda/0x00007fcd28a53030
9934:             1             16  org.opensearch.flowframework.transport.GetWorkflowStepTransportAction$$Lambda/0x00007fcd28d394f8
9935:             1             16  org.opensearch.flowframework.transport.GetWorkflowTransportAction$$Lambda/0x00007fcd28d39928
9936:             1             16  org.opensearch.flowframework.transport.ProvisionWorkflowAction$$Lambda/0x00007fcd28a51388
9937:             1             16  org.opensearch.flowframework.transport.ProvisionWorkflowTransportAction$$Lambda/0x00007fcd28d38c98
9938:             1             16  org.opensearch.flowframework.transport.SearchWorkflowAction$$Lambda/0x00007fcd28a51be8
9939:             1             16  org.opensearch.flowframework.transport.SearchWorkflowStateAction$$Lambda/0x00007fcd28a53460
9940:             1             16  org.opensearch.flowframework.transport.SearchWorkflowStateTransportAction$$Lambda/0x00007fcd28d38868
9941:             1             16  org.opensearch.flowframework.transport.SearchWorkflowTransportAction$$Lambda/0x00007fcd28d392e0
9942:             1             16  org.opensearch.flowframework.workflow.WorkflowStepFactory
9943:             1             16  org.opensearch.flowframework.workflow.WorkflowStepFactory$$Lambda/0x00007fcd28a4dc98
9944:             1             16  org.opensearch.flowframework.workflow.WorkflowStepFactory$$Lambda/0x00007fcd28a4eb70
9945:             1             16  org.opensearch.flowframework.workflow.WorkflowStepFactory$$Lambda/0x00007fcd28a4efb0
9946:             1             16  org.opensearch.flowframework.workflow.WorkflowStepFactory$$Lambda/0x00007fcd28a4f3f0
9947:             1             16  org.opensearch.flowframework.workflow.WorkflowStepFactory$$Lambda/0x00007fcd28a4fa68
9948:             1             16  org.opensearch.flowframework.workflow.WorkflowStepFactory$$Lambda/0x00007fcd28a50000
9949:             1             16  org.opensearch.forecast.ForecastTaskProfileRunner
9950:             1             16  org.opensearch.forecast.caching.ForecastCacheProvider
9951:             1             16  org.opensearch.forecast.indices.ForecastIndex$$Lambda/0x00007fcd28a3a2d0
9952:             1             16  org.opensearch.forecast.indices.ForecastIndex$$Lambda/0x00007fcd28a3a4e8
9953:             1             16  org.opensearch.forecast.indices.ForecastIndex$$Lambda/0x00007fcd28a3a700
9954:             1             16  org.opensearch.forecast.indices.ForecastIndex$$Lambda/0x00007fcd28a3a918
9955:             1             16  org.opensearch.forecast.indices.ForecastIndex$$Lambda/0x00007fcd28a3ab30
9956:             1             16  org.opensearch.forecast.indices.ForecastIndex$$Lambda/0x00007fcd28a3ad48
9957:             1             16  org.opensearch.forecast.indices.ForecastIndexManagement$$Lambda/0x00007fcd28a3b150
9958:             1             16  org.opensearch.forecast.indices.ForecastIndexManagement$$Lambda/0x00007fcd28a3b368
9959:             1             16  org.opensearch.forecast.indices.ForecastIndexManagement$$Lambda/0x00007fcd28a3b598
9960:             1             16  org.opensearch.forecast.indices.ForecastIndexManagement$$Lambda/0x00007fcd28a3b7c8
9961:             1             16  org.opensearch.forecast.indices.ForecastIndexManagement$$Lambda/0x00007fcd28a3b9f8
9962:             1             16  org.opensearch.forecast.model.Forecaster$$Lambda/0x00007fcd2889c698
9963:             1             16  org.opensearch.forecast.ratelimit.ForecastCheckpointMaintainWorker$$Lambda/0x00007fcd28a3ce80
9964:             1             16  org.opensearch.forecast.ratelimit.ForecastCheckpointMaintainWorker$$Lambda/0x00007fcd28a3d0b0
9965:             1             16  org.opensearch.forecast.ratelimit.ForecastResultWriteWorker$$Lambda/0x00007fcd28a3f4d8
9966:             1             16  org.opensearch.forecast.rest.AbstractForecastSearchAction$$Lambda/0x00007fcd29013dc0
9967:             1             16  org.opensearch.forecast.rest.RestForecasterSuggestAction$$Lambda/0x00007fcd29015330
9968:             1             16  org.opensearch.forecast.stats.ForecastModelsOnNodeSupplier$$Lambda/0x00007fcd28a40000
9969:             1             16  org.opensearch.forecast.stats.ForecastStats
9970:             1             16  org.opensearch.forecast.stats.suppliers.ForecastModelsOnNodeCountSupplier
9971:             1             16  org.opensearch.forecast.transport.DeleteForecastModelAction$$Lambda/0x00007fcd28c257b0
9972:             1             16  org.opensearch.forecast.transport.DeleteForecasterAction$$Lambda/0x00007fcd28c26398
9973:             1             16  org.opensearch.forecast.transport.EntityForecastResultAction$$Lambda/0x00007fcd28c244a8
9974:             1             16  org.opensearch.forecast.transport.EntityForecastResultTransportAction$$Lambda/0x00007fcd28f1f998
9975:             1             16  org.opensearch.forecast.transport.ForecastEntityProfileAction$$Lambda/0x00007fcd28c276f0
9976:             1             16  org.opensearch.forecast.transport.ForecastProfileAction$$Lambda/0x00007fcd28a41460
9977:             1             16  org.opensearch.forecast.transport.ForecastResultAction$$Lambda/0x00007fcd28a41c58
9978:             1             16  org.opensearch.forecast.transport.ForecastResultBulkAction$$Lambda/0x00007fcd28c248d8
9979:             1             16  org.opensearch.forecast.transport.ForecastResultBulkTransportAction$$Lambda/0x00007fcd28e3c448
9980:             1             16  org.opensearch.forecast.transport.ForecastResultBulkTransportAction$$Lambda/0x00007fcd28e3c660
9981:             1             16  org.opensearch.forecast.transport.ForecastResultBulkTransportAction$$Lambda/0x00007fcd28e3c890
9982:             1             16  org.opensearch.forecast.transport.ForecastResultTransportAction$$Lambda/0x00007fcd28f77460
9983:             1             16  org.opensearch.forecast.transport.ForecastRunOnceAction$$Lambda/0x00007fcd28c28b08
9984:             1             16  org.opensearch.forecast.transport.ForecastRunOnceProfileAction$$Lambda/0x00007fcd28c29200
9985:             1             16  org.opensearch.forecast.transport.ForecastRunOnceProfileTransportAction$$Lambda/0x00007fcd28f1f568
9986:             1             16  org.opensearch.forecast.transport.ForecastRunOnceProfileTransportAction$$Lambda/0x00007fcd28f1f780
9987:             1             16  org.opensearch.forecast.transport.ForecastRunOnceTransportAction$$Lambda/0x00007fcd28f1fbb0
9988:             1             16  org.opensearch.forecast.transport.ForecastRunOnceTransportAction$$Lambda/0x00007fcd28f1fdc8
9989:             1             16  org.opensearch.forecast.transport.ForecastRunOnceTransportAction$$Lambda/0x00007fcd28f77000
9990:             1             16  org.opensearch.forecast.transport.ForecastRunOnceTransportAction$$Lambda/0x00007fcd28f77230
9991:             1             16  org.opensearch.forecast.transport.ForecastSingleStreamResultAction$$Lambda/0x00007fcd28c24d28
9992:             1             16  org.opensearch.forecast.transport.ForecastStatsNodesAction$$Lambda/0x00007fcd28c28670
9993:             1             16  org.opensearch.forecast.transport.ForecasterJobAction$$Lambda/0x00007fcd28c25170
9994:             1             16  org.opensearch.forecast.transport.GetForecasterAction$$Lambda/0x00007fcd28c25f00
9995:             1             16  org.opensearch.forecast.transport.IndexForecasterAction$$Lambda/0x00007fcd28c23e58
9996:             1             16  org.opensearch.forecast.transport.IndexForecasterTransportAction$$Lambda/0x00007fcd28f1d180
9997:             1             16  org.opensearch.forecast.transport.IndexForecasterTransportAction$$Lambda/0x00007fcd28f1d398
9998:             1             16  org.opensearch.forecast.transport.SearchForecastTasksAction$$Lambda/0x00007fcd28c27da0
9999:             1             16  org.opensearch.forecast.transport.SearchForecastTasksTransportAction$$Lambda/0x00007fcd28f1d5c8
10000:             1             16  org.opensearch.forecast.transport.SearchForecasterAction$$Lambda/0x00007fcd28c267c8
10001:             1             16  org.opensearch.forecast.transport.SearchForecasterInfoAction$$Lambda/0x00007fcd28c26bf8
10002:             1             16  org.opensearch.forecast.transport.SearchForecasterTransportAction$$Lambda/0x00007fcd28d9df88
10003:             1             16  org.opensearch.forecast.transport.SearchTopForecastResultAction$$Lambda/0x00007fcd28c272b8
10004:             1             16  org.opensearch.forecast.transport.SearchTopForecastResultTransportAction$$Lambda/0x00007fcd28f1dea0
10005:             1             16  org.opensearch.forecast.transport.StatsForecasterAction$$Lambda/0x00007fcd28c28218
10006:             1             16  org.opensearch.forecast.transport.StopForecasterAction$$Lambda/0x00007fcd28a41e70
10007:             1             16  org.opensearch.forecast.transport.StopForecasterTransportAction$$Lambda/0x00007fcd28e3dff0
10008:             1             16  org.opensearch.forecast.transport.SuggestForecasterParamAction$$Lambda/0x00007fcd28c29db8
10009:             1             16  org.opensearch.forecast.transport.ValidateForecasterAction$$Lambda/0x00007fcd28c29690
10010:             1             16  org.opensearch.gateway.ClusterStateUpdaters$$Lambda/0x00007fcd290c3de8
10011:             1             16  org.opensearch.gateway.ClusterStateUpdaters$$Lambda/0x00007fcd290c4010
10012:             1             16  org.opensearch.gateway.ClusterStateUpdaters$$Lambda/0x00007fcd290c4238
10013:             1             16  org.opensearch.gateway.ClusterStateUpdaters$$Lambda/0x00007fcd290c4460
10014:             1             16  org.opensearch.gateway.GatewayMetaState
10015:             1             16  org.opensearch.gateway.GatewayMetaState$$Lambda/0x00007fcd290c3048
10016:             1             16  org.opensearch.gateway.GatewayMetaState$$Lambda/0x00007fcd290c3700
10017:             1             16  org.opensearch.gateway.LocalAllocateDangledIndices$$Lambda/0x00007fcd28dcf5f8
10018:             1             16  org.opensearch.gateway.LocalAllocateDangledIndices$AllocateDangledRequestHandler
10019:             1             16  org.opensearch.gateway.PersistedClusterStateService$$Lambda/0x00007fcd288b0d60
10020:             1             16  org.opensearch.gateway.PersistedClusterStateService$$Lambda/0x00007fcd29089b90
10021:             1             16  org.opensearch.gateway.PersistedClusterStateService$$Lambda/0x00007fcd290cd000
10022:             1             16  org.opensearch.gateway.PersistedClusterStateService$Writer$$Lambda/0x00007fcd290e8ef0
10023:             1             16  org.opensearch.gateway.PersistedClusterStateService$Writer$$Lambda/0x00007fcd290e9128
10024:             1             16  org.opensearch.gateway.PrimaryShardAllocator$$Lambda/0x00007fcd28da68a0
10025:             1             16  org.opensearch.gateway.PrimaryShardAllocator$$Lambda/0x00007fcd28da6ad8
10026:             1             16  org.opensearch.gateway.PrimaryShardAllocator$$Lambda/0x00007fcd28da6d10
10027:             1             16  org.opensearch.gateway.TransportNodesListGatewayMetaState$$Lambda/0x00007fcd28ddc1f0
10028:             1             16  org.opensearch.gateway.TransportNodesListGatewayMetaState$$Lambda/0x00007fcd28ddc408
10029:             1             16  org.opensearch.gateway.TransportNodesListGatewayMetaState$$Lambda/0x00007fcd28ddc620
10030:             1             16  org.opensearch.gateway.TransportNodesListGatewayStartedShards$$Lambda/0x00007fcd28da5298
10031:             1             16  org.opensearch.gateway.TransportNodesListGatewayStartedShards$$Lambda/0x00007fcd28da54b0
10032:             1             16  org.opensearch.gateway.TransportNodesListGatewayStartedShards$$Lambda/0x00007fcd28da56c8
10033:             1             16  org.opensearch.gateway.TransportNodesListGatewayStartedShardsBatch$$Lambda/0x00007fcd28da6f48
10034:             1             16  org.opensearch.gateway.TransportNodesListGatewayStartedShardsBatch$$Lambda/0x00007fcd28da7160
10035:             1             16  org.opensearch.gateway.TransportNodesListGatewayStartedShardsBatch$$Lambda/0x00007fcd28da7378
10036:             1             16  org.opensearch.geo.GeoModulePlugin
10037:             1             16  org.opensearch.geo.GeoModulePlugin$$Lambda/0x00007fcd28825320
10038:             1             16  org.opensearch.geo.GeoModulePlugin$$Lambda/0x00007fcd28825b80
10039:             1             16  org.opensearch.geo.GeoModulePlugin$$Lambda/0x00007fcd28825d98
10040:             1             16  org.opensearch.geo.GeoModulePlugin$$Lambda/0x00007fcd2882a8a8
10041:             1             16  org.opensearch.geo.GeoModulePlugin$$Lambda/0x00007fcd2882b4a0
10042:             1             16  org.opensearch.geo.GeoModulePlugin$$Lambda/0x00007fcd2882b6b8
10043:             1             16  org.opensearch.geo.GeoModulePlugin$$Lambda/0x00007fcd28836480
10044:             1             16  org.opensearch.geo.GeoModulePlugin$$Lambda/0x00007fcd28838a90
10045:             1             16  org.opensearch.geo.GeoModulePlugin$$Lambda/0x00007fcd28838ca8
10046:             1             16  org.opensearch.geo.GeoModulePlugin$$Lambda/0x00007fcd288395a8
10047:             1             16  org.opensearch.geo.GeoModulePlugin$$Lambda/0x00007fcd2883a368
10048:             1             16  org.opensearch.geo.GeoModulePlugin$$Lambda/0x00007fcd2883a580
10049:             1             16  org.opensearch.geo.search.aggregations.bucket.composite.GeoTileGridValuesSourceBuilder$$Lambda/0x00007fcd28825740
10050:             1             16  org.opensearch.geo.search.aggregations.bucket.composite.GeoTileGridValuesSourceBuilder$$Lambda/0x00007fcd28825968
10051:             1             16  org.opensearch.geo.search.aggregations.bucket.composite.GeoTileGridValuesSourceBuilder$$Lambda/0x00007fcd2882a000
10052:             1             16  org.opensearch.geo.search.aggregations.bucket.geogrid.GeoGridAggregationBuilder$$Lambda/0x00007fcd288370f8
10053:             1             16  org.opensearch.geo.search.aggregations.bucket.geogrid.GeoGridAggregationBuilder$$Lambda/0x00007fcd28837320
10054:             1             16  org.opensearch.geo.search.aggregations.bucket.geogrid.GeoGridAggregationBuilder$$Lambda/0x00007fcd28837548
10055:             1             16  org.opensearch.geo.search.aggregations.bucket.geogrid.GeoGridAggregationBuilder$$Lambda/0x00007fcd2883cc50
10056:             1             16  org.opensearch.geo.search.aggregations.bucket.geogrid.GeoGridAggregationBuilder$$Lambda/0x00007fcd28840000
10057:             1             16  org.opensearch.geo.search.aggregations.bucket.geogrid.GeoGridAggregationBuilder$$Lambda/0x00007fcd28840228
10058:             1             16  org.opensearch.geo.search.aggregations.bucket.geogrid.GeoGridAggregationBuilder$$Lambda/0x00007fcd28840450
10059:             1             16  org.opensearch.geo.search.aggregations.bucket.geogrid.GeoHashGridAggregationBuilder$$Lambda/0x00007fcd28836a88
10060:             1             16  org.opensearch.geo.search.aggregations.bucket.geogrid.GeoHashGridAggregationBuilder$$Lambda/0x00007fcd28836ca0
10061:             1             16  org.opensearch.geo.search.aggregations.bucket.geogrid.GeoHashGridAggregatorFactory$$Lambda/0x00007fcd2883e950
10062:             1             16  org.opensearch.geo.search.aggregations.bucket.geogrid.GeoHashGridAggregatorFactory$$Lambda/0x00007fcd2883eb68
10063:             1             16  org.opensearch.geo.search.aggregations.bucket.geogrid.GeoTileGridAggregationBuilder$$Lambda/0x00007fcd288397c0
10064:             1             16  org.opensearch.geo.search.aggregations.bucket.geogrid.GeoTileGridAggregationBuilder$$Lambda/0x00007fcd288399d8
10065:             1             16  org.opensearch.geo.search.aggregations.bucket.geogrid.GeoTileGridAggregatorFactory$$Lambda/0x00007fcd2883f450
10066:             1             16  org.opensearch.geo.search.aggregations.bucket.geogrid.GeoTileGridAggregatorFactory$$Lambda/0x00007fcd2883f668
10067:             1             16  org.opensearch.geo.search.aggregations.metrics.GeoBoundsAggregationBuilder$$Lambda/0x00007fcd2882aac0
10068:             1             16  org.opensearch.geo.search.aggregations.metrics.GeoBoundsAggregationBuilder$$Lambda/0x00007fcd2882acf8
10069:             1             16  org.opensearch.geo.search.aggregations.metrics.GeoBoundsAggregatorFactory$$Lambda/0x00007fcd2883b0d0
10070:             1             16  org.opensearch.geo.search.aggregations.metrics.GeoBoundsAggregatorFactory$$Lambda/0x00007fcd2883b8b0
10071:             1             16  org.opensearch.geospatial.action.upload.geojson.UploadGeoJSONAction$$Lambda/0x00007fcd28ae8950
10072:             1             16  org.opensearch.geospatial.action.upload.geojson.UploadGeoJSONTransportAction$$Lambda/0x00007fcd28d65c48
10073:             1             16  org.opensearch.geospatial.index.mapper.xypoint.XYPointFieldTypeParser
10074:             1             16  org.opensearch.geospatial.index.mapper.xyshape.XYShapeFieldTypeParser
10075:             1             16  org.opensearch.geospatial.ip2geo.action.DeleteDatasourceAction$$Lambda/0x00007fcd28aea420
10076:             1             16  org.opensearch.geospatial.ip2geo.action.DeleteDatasourceTransportAction$$Lambda/0x00007fcd28d65e60
10077:             1             16  org.opensearch.geospatial.ip2geo.action.GetDatasourceAction$$Lambda/0x00007fcd28ae9bb8
10078:             1             16  org.opensearch.geospatial.ip2geo.action.GetDatasourceTransportAction$$Lambda/0x00007fcd28d666c0
10079:             1             16  org.opensearch.geospatial.ip2geo.action.PutDatasourceAction$$Lambda/0x00007fcd28ae94d0
10080:             1             16  org.opensearch.geospatial.ip2geo.action.PutDatasourceTransportAction$$Lambda/0x00007fcd28d668d8
10081:             1             16  org.opensearch.geospatial.ip2geo.action.UpdateDatasourceAction$$Lambda/0x00007fcd28ae9ff0
10082:             1             16  org.opensearch.geospatial.ip2geo.action.UpdateDatasourceTransportAction$$Lambda/0x00007fcd28d664a8
10083:             1             16  org.opensearch.geospatial.ip2geo.common.Ip2GeoExecutor
10084:             1             16  org.opensearch.geospatial.ip2geo.common.Ip2GeoSettings$DatasourceEndpointValidator
10085:             1             16  org.opensearch.geospatial.ip2geo.common.ParameterValidator
10086:             1             16  org.opensearch.geospatial.ip2geo.common.URLDenyListChecker
10087:             1             16  org.opensearch.geospatial.ip2geo.dao.Ip2GeoCachedDao$$Lambda/0x00007fcd28843728
10088:             1             16  org.opensearch.geospatial.ip2geo.dao.Ip2GeoCachedDao$GeoDataCache
10089:             1             16  org.opensearch.geospatial.ip2geo.dao.Ip2GeoProcessorDao
10090:             1             16  org.opensearch.geospatial.ip2geo.jobscheduler.DatasourceExtension$$Lambda/0x00007fcd28449470
10091:             1             16  org.opensearch.geospatial.plugin.GeospatialPlugin$$Lambda/0x00007fcd28752b98
10092:             1             16  org.opensearch.geospatial.plugin.GeospatialPlugin$$Lambda/0x00007fcd28752db0
10093:             1             16  org.opensearch.geospatial.plugin.GeospatialPlugin$$Lambda/0x00007fcd28753b20
10094:             1             16  org.opensearch.geospatial.plugin.GeospatialPlugin$$Lambda/0x00007fcd288418c8
10095:             1             16  org.opensearch.geospatial.plugin.GeospatialPlugin$$Lambda/0x00007fcd28841ae0
10096:             1             16  org.opensearch.geospatial.processor.FeatureProcessor$Factory
10097:             1             16  org.opensearch.geospatial.search.aggregations.bucket.geogrid.GeoHexGridAggregationBuilder$$Lambda/0x00007fcd2883c800
10098:             1             16  org.opensearch.geospatial.search.aggregations.bucket.geogrid.GeoHexGridAggregationBuilder$$Lambda/0x00007fcd2883ca18
10099:             1             16  org.opensearch.geospatial.search.aggregations.bucket.geogrid.GeoHexGridAggregatorFactory$$Lambda/0x00007fcd288429a0
10100:             1             16  org.opensearch.geospatial.stats.upload.UploadStatsAction$$Lambda/0x00007fcd28ae9040
10101:             1             16  org.opensearch.geospatial.stats.upload.UploadStatsTransportAction$$Lambda/0x00007fcd28d66078
10102:             1             16  org.opensearch.geospatial.stats.upload.UploadStatsTransportAction$$Lambda/0x00007fcd28d66290
10103:             1             16  org.opensearch.http.AbstractHttpServerTransport$$Lambda/0x00007fcd28290258
10104:             1             16  org.opensearch.http.CorsHandler
10105:             1             16  org.opensearch.http.CorsHandler$Config$$Lambda/0x00007fcd28ca0d18
10106:             1             16  org.opensearch.http.HttpTracer$$Lambda/0x00007fcd28ca1170
10107:             1             16  org.opensearch.http.HttpTracer$$Lambda/0x00007fcd28ca13a0
10108:             1             16  org.opensearch.http.HttpTransportSettings$$Lambda/0x00007fcd281e4400
10109:             1             16  org.opensearch.http.HttpTransportSettings$$Lambda/0x00007fcd281e4638
10110:             1             16  org.opensearch.http.HttpTransportSettings$$Lambda/0x00007fcd281e4870
10111:             1             16  org.opensearch.http.HttpTransportSettings$$Lambda/0x00007fcd281e4aa8
10112:             1             16  org.opensearch.http.HttpTransportSettings$$Lambda/0x00007fcd281e4ce0
10113:             1             16  org.opensearch.http.HttpTransportSettings$$Lambda/0x00007fcd281e4f18
10114:             1             16  org.opensearch.http.netty4.Netty4HttpServerTransport$$Lambda/0x00007fcd2828e9d8
10115:             1             16  org.opensearch.http.netty4.Netty4HttpServerTransport$$Lambda/0x00007fcd2828ec10
10116:             1             16  org.opensearch.http.netty4.Netty4HttpServerTransport$$Lambda/0x00007fcd28550630
10117:             1             16  org.opensearch.http.netty4.Netty4HttpServerTransport$$Lambda/0x00007fcd28550868
10118:             1             16  org.opensearch.http.netty4.ssl.SecureNetty4HttpServerTransport$$Lambda/0x00007fcd28ca92b0
10119:             1             16  org.opensearch.http.netty4.ssl.SecureNetty4HttpServerTransport$$Lambda/0x00007fcd28ca9738
10120:             1             16  org.opensearch.http.netty4.ssl.SecureNetty4HttpServerTransport$$Lambda/0x00007fcd28ca9980
10121:             1             16  org.opensearch.http.netty4.ssl.SecureNetty4HttpServerTransport$$Lambda/0x00007fcd28cabb78
10122:             1             16  org.opensearch.http.netty4.ssl.SecureNetty4HttpServerTransport$$Lambda/0x00007fcd28cabdc0
10123:             1             16  org.opensearch.index.IndexModule$$Lambda/0x00007fcd284a0600
10124:             1             16  org.opensearch.index.IndexModule$1
10125:             1             16  org.opensearch.index.IndexModule$2
10126:             1             16  org.opensearch.index.IndexService$$Lambda/0x00007fcd2926abc0
10127:             1             16  org.opensearch.index.IndexService$$Lambda/0x00007fcd292f7000
10128:             1             16  org.opensearch.index.IndexService$$Lambda/0x00007fcd293a5f08
10129:             1             16  org.opensearch.index.IndexService$$Lambda/0x00007fcd293a6130
10130:             1             16  org.opensearch.index.IndexSettings$$Lambda/0x00007fcd28631af8
10131:             1             16  org.opensearch.index.IndexSettings$$Lambda/0x00007fcd28631d30
10132:             1             16  org.opensearch.index.IndexSettings$$Lambda/0x00007fcd28635fa8
10133:             1             16  org.opensearch.index.IndexSettings$$Lambda/0x00007fcd286361e0
10134:             1             16  org.opensearch.index.IndexSettings$$Lambda/0x00007fcd28636658
10135:             1             16  org.opensearch.index.IndexSettings$$Lambda/0x00007fcd28636a90
10136:             1             16  org.opensearch.index.IndexSortConfig$$Lambda/0x00007fcd2863a4e0
10137:             1             16  org.opensearch.index.IndexSortConfig$$Lambda/0x00007fcd2863a9f8
10138:             1             16  org.opensearch.index.IndexSortConfig$$Lambda/0x00007fcd2863ac30
10139:             1             16  org.opensearch.index.IndexSortConfig$$Lambda/0x00007fcd286475b8
10140:             1             16  org.opensearch.index.IndexSortConfig$$Lambda/0x00007fcd286479e0
10141:             1             16  org.opensearch.index.IndexingPressureService
10142:             1             16  org.opensearch.index.IndexingPressureService$$Lambda/0x00007fcd29236380
10143:             1             16  org.opensearch.index.IndexingSlowLog$$Lambda/0x00007fcd286392b8
10144:             1             16  org.opensearch.index.IndexingSlowLog$$Lambda/0x00007fcd286394f0
10145:             1             16  org.opensearch.index.LogByteSizeMergePolicyProvider$$Lambda/0x00007fcd28646020
10146:             1             16  org.opensearch.index.MergeSchedulerConfig$$Lambda/0x00007fcd28638000
10147:             1             16  org.opensearch.index.MergeSchedulerConfig$$Lambda/0x00007fcd28638238
10148:             1             16  org.opensearch.index.MergeSchedulerConfig$$Lambda/0x00007fcd28638470
10149:             1             16  org.opensearch.index.MergeSchedulerConfig$$Lambda/0x00007fcd286386a8
10150:             1             16  org.opensearch.index.SearchSlowLog$$Lambda/0x00007fcd28638e10
10151:             1             16  org.opensearch.index.SegmentReplicationPressureService$$Lambda/0x00007fcd28dcd520
10152:             1             16  org.opensearch.index.SegmentReplicationPressureService$$Lambda/0x00007fcd28dcd750
10153:             1             16  org.opensearch.index.SegmentReplicationPressureService$$Lambda/0x00007fcd28dcd980
10154:             1             16  org.opensearch.index.SegmentReplicationPressureService$$Lambda/0x00007fcd28dcdbb0
10155:             1             16  org.opensearch.index.SegmentReplicationPressureService$$Lambda/0x00007fcd28dcdde0
10156:             1             16  org.opensearch.index.ShardIndexingPressureMemoryManager$$Lambda/0x00007fcd28ce2f68
10157:             1             16  org.opensearch.index.ShardIndexingPressureMemoryManager$$Lambda/0x00007fcd28ce3198
10158:             1             16  org.opensearch.index.ShardIndexingPressureMemoryManager$$Lambda/0x00007fcd28ce33c8
10159:             1             16  org.opensearch.index.ShardIndexingPressureMemoryManager$$Lambda/0x00007fcd28ce35f8
10160:             1             16  org.opensearch.index.ShardIndexingPressureMemoryManager$$Lambda/0x00007fcd28ce3828
10161:             1             16  org.opensearch.index.ShardIndexingPressureMemoryManager$$Lambda/0x00007fcd28ce3a58
10162:             1             16  org.opensearch.index.ShardIndexingPressureMemoryManager$$Lambda/0x00007fcd28ce3c88
10163:             1             16  org.opensearch.index.ShardIndexingPressureSettings$$Lambda/0x00007fcd28ce2478
10164:             1             16  org.opensearch.index.ShardIndexingPressureSettings$$Lambda/0x00007fcd28ce26a8
10165:             1             16  org.opensearch.index.ShardIndexingPressureSettings$$Lambda/0x00007fcd28ce28d8
10166:             1             16  org.opensearch.index.ShardIndexingPressureSettings$$Lambda/0x00007fcd28ce2b08
10167:             1             16  org.opensearch.index.ShardIndexingPressureStore$$Lambda/0x00007fcd28ce2d38
10168:             1             16  org.opensearch.index.TieredMergePolicyProvider$$Lambda/0x00007fcd28639bf0
10169:             1             16  org.opensearch.index.analysis.Analysis$$Lambda/0x00007fcd29258680
10170:             1             16  org.opensearch.index.analysis.AnalysisRegistry$$Lambda/0x00007fcd2926a0e0
10171:             1             16  org.opensearch.index.analysis.AnalysisRegistry$$Lambda/0x00007fcd2926a580
10172:             1             16  org.opensearch.index.analysis.IndexAnalyzers$$Lambda/0x00007fcd290bb098
10173:             1             16  org.opensearch.index.analysis.IndexAnalyzers$$Lambda/0x00007fcd290bb2d0
10174:             1             16  org.opensearch.index.analysis.NamedAnalyzer$1
10175:             1             16  org.opensearch.index.analysis.PreConfiguredCharFilter$$Lambda/0x00007fcd2869ce48
10176:             1             16  org.opensearch.index.analysis.TokenFilterFactory$1
10177:             1             16  org.opensearch.index.codec.customcodecs.CustomCodecPlugin
10178:             1             16  org.opensearch.index.codec.customcodecs.Lucene99QatCodec$$Lambda/0x00007fcd2839ca28
10179:             1             16  org.opensearch.index.codec.customcodecs.Lucene99QatStoredFieldsFormat$$Lambda/0x00007fcd2839d4a0
10180:             1             16  org.opensearch.index.codec.fuzzy.FuzzySet$SetType$$Lambda/0x00007fcd29272e90
10181:             1             16  org.opensearch.index.engine.CombinedDeletionPolicy$$Lambda/0x00007fcd29378cf0
10182:             1             16  org.opensearch.index.engine.CombinedDeletionPolicy$$Lambda/0x00007fcd2937a070
10183:             1             16  org.opensearch.index.engine.Engine$1$$Lambda/0x00007fcd2935c790
10184:             1             16  org.opensearch.index.engine.Engine$NoOpLock
10185:             1             16  org.opensearch.index.engine.EngineConfig$$Lambda/0x00007fcd28395918
10186:             1             16  org.opensearch.index.engine.EngineConfigFactory$$Lambda/0x00007fcd2924e860
10187:             1             16  org.opensearch.index.engine.InternalEngine$$Lambda/0x00007fcd292c3358
10188:             1             16  org.opensearch.index.engine.SegmentsStats$$Lambda/0x00007fcd293ba000
10189:             1             16  org.opensearch.index.engine.SegmentsStats$$Lambda/0x00007fcd293bfdd8
10190:             1             16  org.opensearch.index.engine.SoftDeletesPolicy$$Lambda/0x00007fcd293738b8
10191:             1             16  org.opensearch.index.fielddata.IndexFieldDataService$$Lambda/0x00007fcd28641a88
10192:             1             16  org.opensearch.index.fielddata.IndexFieldDataService$$Lambda/0x00007fcd28641cc0
10193:             1             16  org.opensearch.index.fielddata.IndexFieldDataService$1
10194:             1             16  org.opensearch.index.fielddata.plain.AbstractLeafOrdinalsFieldData$$Lambda/0x00007fcd29202240
10195:             1             16  org.opensearch.index.fielddata.plain.AbstractLeafOrdinalsFieldData$$Lambda/0x00007fcd29202478
10196:             1             16  org.opensearch.index.mapper.BinaryFieldMapper$$Lambda/0x00007fcd2873e8a0
10197:             1             16  org.opensearch.index.mapper.BooleanFieldMapper$$Lambda/0x00007fcd2873e100
10198:             1             16  org.opensearch.index.mapper.BooleanFieldMapper$Builder$$Lambda/0x00007fcd290befa0
10199:             1             16  org.opensearch.index.mapper.BooleanFieldMapper$Builder$$Lambda/0x00007fcd290bf1d8
10200:             1             16  org.opensearch.index.mapper.BooleanFieldMapper$Builder$$Lambda/0x00007fcd290bf410
10201:             1             16  org.opensearch.index.mapper.BooleanFieldMapper$Builder$$Lambda/0x00007fcd290bf648
10202:             1             16  org.opensearch.index.mapper.BooleanFieldMapper$Builder$$Lambda/0x00007fcd290bf860
10203:             1             16  org.opensearch.index.mapper.BooleanFieldMapper$Builder$$Lambda/0x00007fcd290bfa78
10204:             1             16  org.opensearch.index.mapper.CompletionFieldMapper$$Lambda/0x00007fcd28743d88
10205:             1             16  org.opensearch.index.mapper.ConstantKeywordFieldMapper$TypeParser
10206:             1             16  org.opensearch.index.mapper.DataStreamFieldMapper$$Lambda/0x00007fcd28723c08
10207:             1             16  org.opensearch.index.mapper.DataStreamFieldMapper$$Lambda/0x00007fcd28723e40
10208:             1             16  org.opensearch.index.mapper.DataStreamFieldMapper$Builder$$Lambda/0x00007fcd290b66d8
10209:             1             16  org.opensearch.index.mapper.DataStreamFieldMapper$Builder$$Lambda/0x00007fcd290b6910
10210:             1             16  org.opensearch.index.mapper.DataStreamFieldMapper$Builder$$Lambda/0x00007fcd290b6b28
10211:             1             16  org.opensearch.index.mapper.DataStreamFieldMapper$Builder$$Lambda/0x00007fcd290b6d40
10212:             1             16  org.opensearch.index.mapper.DateFieldMapper$$Lambda/0x00007fcd286191a0
10213:             1             16  org.opensearch.index.mapper.DateFieldMapper$$Lambda/0x00007fcd286193c8
10214:             1             16  org.opensearch.index.mapper.DateFieldMapper$Builder$$Lambda/0x00007fcd290bb708
10215:             1             16  org.opensearch.index.mapper.DateFieldMapper$Builder$$Lambda/0x00007fcd290bb940
10216:             1             16  org.opensearch.index.mapper.DateFieldMapper$Builder$$Lambda/0x00007fcd290bbb78
10217:             1             16  org.opensearch.index.mapper.DateFieldMapper$Builder$$Lambda/0x00007fcd290bbdb0
10218:             1             16  org.opensearch.index.mapper.DateFieldMapper$Builder$$Lambda/0x00007fcd290bbfe8
10219:             1             16  org.opensearch.index.mapper.DateFieldMapper$Builder$$Lambda/0x00007fcd290bc220
10220:             1             16  org.opensearch.index.mapper.DateFieldMapper$Builder$$Lambda/0x00007fcd290bc438
10221:             1             16  org.opensearch.index.mapper.DateFieldMapper$Builder$$Lambda/0x00007fcd290bc650
10222:             1             16  org.opensearch.index.mapper.DateFieldMapper$Builder$$Lambda/0x00007fcd290bc888
10223:             1             16  org.opensearch.index.mapper.DateFieldMapper$Builder$$Lambda/0x00007fcd290bcac0
10224:             1             16  org.opensearch.index.mapper.DerivedFieldMapper$$Lambda/0x00007fcd28748000
10225:             1             16  org.opensearch.index.mapper.DocCountFieldMapper$$Lambda/0x00007fcd28731718
10226:             1             16  org.opensearch.index.mapper.DocCountFieldMapper$$Lambda/0x00007fcd28731950
10227:             1             16  org.opensearch.index.mapper.DocumentMapper$$Lambda/0x00007fcd290baa18
10228:             1             16  org.opensearch.index.mapper.DocumentMapper$$Lambda/0x00007fcd290bae80
10229:             1             16  org.opensearch.index.mapper.DynamicKeyFieldTypeLookup$$Lambda/0x00007fcd29352db0
10230:             1             16  org.opensearch.index.mapper.FieldAliasMapper$TypeParser
10231:             1             16  org.opensearch.index.mapper.FieldMapper$CopyTo
10232:             1             16  org.opensearch.index.mapper.FieldMapper$MultiFields$$Lambda/0x00007fcd290b5ba0
10233:             1             16  org.opensearch.index.mapper.FieldNamesFieldMapper$$Lambda/0x00007fcd28732488
10234:             1             16  org.opensearch.index.mapper.FieldNamesFieldMapper$$Lambda/0x00007fcd287326c0
10235:             1             16  org.opensearch.index.mapper.FieldNamesFieldMapper$Builder$$Lambda/0x00007fcd290b6f78
10236:             1             16  org.opensearch.index.mapper.FlatObjectFieldMapper$$Lambda/0x00007fcd28746d68
10237:             1             16  org.opensearch.index.mapper.FlatObjectFieldMapper$TypeParser
10238:             1             16  org.opensearch.index.mapper.GeoPointFieldMapper$TypeParser
10239:             1             16  org.opensearch.index.mapper.GeoShapeFieldMapper$TypeParser
10240:             1             16  org.opensearch.index.mapper.IdFieldMapper$$Lambda/0x00007fcd287214e0
10241:             1             16  org.opensearch.index.mapper.IgnoredFieldMapper$$Lambda/0x00007fcd28720a08
10242:             1             16  org.opensearch.index.mapper.IndexFieldMapper$$Lambda/0x00007fcd287230e8
10243:             1             16  org.opensearch.index.mapper.IpFieldMapper$$Lambda/0x00007fcd2873f670
10244:             1             16  org.opensearch.index.mapper.KeywordFieldMapper$$Lambda/0x00007fcd28742e00
10245:             1             16  org.opensearch.index.mapper.KeywordFieldMapper$Builder$$Lambda/0x00007fcd290a9000
10246:             1             16  org.opensearch.index.mapper.KeywordFieldMapper$Builder$$Lambda/0x00007fcd290a9238
10247:             1             16  org.opensearch.index.mapper.KeywordFieldMapper$Builder$$Lambda/0x00007fcd290a9470
10248:             1             16  org.opensearch.index.mapper.KeywordFieldMapper$Builder$$Lambda/0x00007fcd290a96a8
10249:             1             16  org.opensearch.index.mapper.KeywordFieldMapper$Builder$$Lambda/0x00007fcd290aaec8
10250:             1             16  org.opensearch.index.mapper.KeywordFieldMapper$Builder$$Lambda/0x00007fcd290ab100
10251:             1             16  org.opensearch.index.mapper.KeywordFieldMapper$Builder$$Lambda/0x00007fcd290ab338
10252:             1             16  org.opensearch.index.mapper.KeywordFieldMapper$Builder$$Lambda/0x00007fcd290ab570
10253:             1             16  org.opensearch.index.mapper.KeywordFieldMapper$Builder$$Lambda/0x00007fcd290ab7a8
10254:             1             16  org.opensearch.index.mapper.KeywordFieldMapper$Builder$$Lambda/0x00007fcd290ab9e0
10255:             1             16  org.opensearch.index.mapper.KeywordFieldMapper$Builder$$Lambda/0x00007fcd290abc18
10256:             1             16  org.opensearch.index.mapper.MapperExtrasPlugin
10257:             1             16  org.opensearch.index.mapper.MapperExtrasPlugin$$Lambda/0x00007fcd28751958
10258:             1             16  org.opensearch.index.mapper.MapperExtrasPlugin$$Lambda/0x00007fcd28751b70
10259:             1             16  org.opensearch.index.mapper.MapperService$$Lambda/0x00007fcd28644368
10260:             1             16  org.opensearch.index.mapper.MapperService$$Lambda/0x00007fcd286445b0
10261:             1             16  org.opensearch.index.mapper.MapperService$$Lambda/0x00007fcd290a1b10
10262:             1             16  org.opensearch.index.mapper.MapperService$$Lambda/0x00007fcd290a1d48
10263:             1             16  org.opensearch.index.mapper.MapperService$$Lambda/0x00007fcd290a1f80
10264:             1             16  org.opensearch.index.mapper.MatchOnlyTextFieldMapper$$Lambda/0x00007fcd287422c0
10265:             1             16  org.opensearch.index.mapper.MetadataFieldMapper$$Lambda/0x00007fcd290b73d0
10266:             1             16  org.opensearch.index.mapper.MetadataFieldMapper$$Lambda/0x00007fcd290b75e8
10267:             1             16  org.opensearch.index.mapper.MetadataFieldMapper$$Lambda/0x00007fcd290b7800
10268:             1             16  org.opensearch.index.mapper.NestedPathFieldMapper$$Lambda/0x00007fcd2872ca60
10269:             1             16  org.opensearch.index.mapper.NumberFieldMapper$Builder$$Lambda/0x00007fcd290a8c00
10270:             1             16  org.opensearch.index.mapper.NumberFieldMapper$Builder$$Lambda/0x00007fcd290a9ae0
10271:             1             16  org.opensearch.index.mapper.NumberFieldMapper$Builder$$Lambda/0x00007fcd290a9d18
10272:             1             16  org.opensearch.index.mapper.NumberFieldMapper$Builder$$Lambda/0x00007fcd290b0000
10273:             1             16  org.opensearch.index.mapper.NumberFieldMapper$Builder$$Lambda/0x00007fcd290b0ac0
10274:             1             16  org.opensearch.index.mapper.NumberFieldMapper$Builder$$Lambda/0x00007fcd290b0cf8
10275:             1             16  org.opensearch.index.mapper.NumberFieldMapper$Builder$$Lambda/0x00007fcd290b1130
10276:             1             16  org.opensearch.index.mapper.ObjectMapper$$Lambda/0x00007fcd290b8f50
10277:             1             16  org.opensearch.index.mapper.ObjectMapper$$Lambda/0x00007fcd290b9198
10278:             1             16  org.opensearch.index.mapper.ObjectMapper$$Lambda/0x00007fcd290b9658
10279:             1             16  org.opensearch.index.mapper.ObjectMapper$$Lambda/0x00007fcd290b98a0
10280:             1             16  org.opensearch.index.mapper.ParametrizedFieldMapper$Parameter$$Lambda/0x00007fcd290a4f48
10281:             1             16  org.opensearch.index.mapper.ParametrizedFieldMapper$Parameter$$Lambda/0x00007fcd290a5358
10282:             1             16  org.opensearch.index.mapper.ParametrizedFieldMapper$Parameter$$Lambda/0x00007fcd290a5768
10283:             1             16  org.opensearch.index.mapper.ParametrizedFieldMapper$Parameter$$Lambda/0x00007fcd290a5980
10284:             1             16  org.opensearch.index.mapper.ParametrizedFieldMapper$Parameter$$Lambda/0x00007fcd290a7148
10285:             1             16  org.opensearch.index.mapper.ParametrizedFieldMapper$Parameter$$Lambda/0x00007fcd290ac218
10286:             1             16  org.opensearch.index.mapper.ParametrizedFieldMapper$Parameter$$Lambda/0x00007fcd290ad9d0
10287:             1             16  org.opensearch.index.mapper.ParametrizedFieldMapper$Parameter$$Lambda/0x00007fcd290ade20
10288:             1             16  org.opensearch.index.mapper.ParametrizedFieldMapper$Parameter$$Lambda/0x00007fcd290ae038
10289:             1             16  org.opensearch.index.mapper.ParametrizedFieldMapper$Parameter$$Lambda/0x00007fcd290ae250
10290:             1             16  org.opensearch.index.mapper.ParametrizedFieldMapper$Parameter$$Lambda/0x00007fcd290ae468
10291:             1             16  org.opensearch.index.mapper.ParametrizedFieldMapper$Parameter$$Lambda/0x00007fcd290aed00
10292:             1             16  org.opensearch.index.mapper.ParametrizedFieldMapper$Parameter$$Lambda/0x00007fcd290aef18
10293:             1             16  org.opensearch.index.mapper.ParametrizedFieldMapper$Parameter$$Lambda/0x00007fcd290af130
10294:             1             16  org.opensearch.index.mapper.ParametrizedFieldMapper$Parameter$$Lambda/0x00007fcd290b0458
10295:             1             16  org.opensearch.index.mapper.ParametrizedFieldMapper$Parameter$$Lambda/0x00007fcd290b0670
10296:             1             16  org.opensearch.index.mapper.ParametrizedFieldMapper$Parameter$$Lambda/0x00007fcd290b0888
10297:             1             16  org.opensearch.index.mapper.ParametrizedFieldMapper$Parameter$$Lambda/0x00007fcd290b8458
10298:             1             16  org.opensearch.index.mapper.RankFeatureFieldMapper$$Lambda/0x00007fcd2874e8d8
10299:             1             16  org.opensearch.index.mapper.RankFeatureMetaFieldMapper$$Lambda/0x00007fcd287508c0
10300:             1             16  org.opensearch.index.mapper.RankFeaturesFieldMapper$$Lambda/0x00007fcd2874f3d8
10301:             1             16  org.opensearch.index.mapper.RoutingFieldMapper$$Lambda/0x00007fcd28722280
10302:             1             16  org.opensearch.index.mapper.RoutingFieldMapper$$Lambda/0x00007fcd287224b8
10303:             1             16  org.opensearch.index.mapper.RoutingFieldMapper$Builder$$Lambda/0x00007fcd290b7a38
10304:             1             16  org.opensearch.index.mapper.ScaledFloatFieldMapper$$Lambda/0x00007fcd2874d5a8
10305:             1             16  org.opensearch.index.mapper.SearchAsYouTypeFieldMapper$$Lambda/0x00007fcd28750000
10306:             1             16  org.opensearch.index.mapper.SeqNoFieldMapper$$Lambda/0x00007fcd28730bf0
10307:             1             16  org.opensearch.index.mapper.SourceFieldMapper$$Lambda/0x00007fcd28724980
10308:             1             16  org.opensearch.index.mapper.SourceFieldMapper$$Lambda/0x00007fcd28724bb8
10309:             1             16  org.opensearch.index.mapper.SourceFieldMapper$Builder$$Lambda/0x00007fcd290b7c70
10310:             1             16  org.opensearch.index.mapper.SourceFieldMapper$Builder$$Lambda/0x00007fcd290b8000
10311:             1             16  org.opensearch.index.mapper.SourceFieldMapper$Builder$$Lambda/0x00007fcd290b8670
10312:             1             16  org.opensearch.index.mapper.SourceFieldMapper$Builder$$Lambda/0x00007fcd290b88a8
10313:             1             16  org.opensearch.index.mapper.SourceFieldMapper$Builder$$Lambda/0x00007fcd290b8ae0
10314:             1             16  org.opensearch.index.mapper.SourceFieldMapper$Builder$$Lambda/0x00007fcd290b8d18
10315:             1             16  org.opensearch.index.mapper.TextFieldMapper$$Lambda/0x00007fcd287416f8
10316:             1             16  org.opensearch.index.mapper.TextFieldMapper$Builder$$Lambda/0x00007fcd290a48d8
10317:             1             16  org.opensearch.index.mapper.TextFieldMapper$Builder$$Lambda/0x00007fcd290a5e00
10318:             1             16  org.opensearch.index.mapper.TextFieldMapper$Builder$$Lambda/0x00007fcd290a6038
10319:             1             16  org.opensearch.index.mapper.TextFieldMapper$Builder$$Lambda/0x00007fcd290a6cf0
10320:             1             16  org.opensearch.index.mapper.TextFieldMapper$Builder$$Lambda/0x00007fcd290a7590
10321:             1             16  org.opensearch.index.mapper.TextFieldMapper$Builder$$Lambda/0x00007fcd290a7a10
10322:             1             16  org.opensearch.index.mapper.TextFieldMapper$Builder$$Lambda/0x00007fcd290a7c48
10323:             1             16  org.opensearch.index.mapper.TextFieldMapper$Builder$$Lambda/0x00007fcd290ac430
10324:             1             16  org.opensearch.index.mapper.TextFieldMapper$Builder$$Lambda/0x00007fcd290ac668
10325:             1             16  org.opensearch.index.mapper.TextFieldMapper$Builder$$Lambda/0x00007fcd290ac880
10326:             1             16  org.opensearch.index.mapper.TextFieldMapper$Builder$$Lambda/0x00007fcd290aca98
10327:             1             16  org.opensearch.index.mapper.TextFieldMapper$Builder$$Lambda/0x00007fcd290accd0
10328:             1             16  org.opensearch.index.mapper.TextFieldMapper$Builder$$Lambda/0x00007fcd290acf08
10329:             1             16  org.opensearch.index.mapper.TextFieldMapper$Builder$$Lambda/0x00007fcd290ad368
10330:             1             16  org.opensearch.index.mapper.TextFieldMapper$Builder$$Lambda/0x00007fcd290ad580
10331:             1             16  org.opensearch.index.mapper.TextFieldMapper$Builder$$Lambda/0x00007fcd290ad798
10332:             1             16  org.opensearch.index.mapper.TextFieldMapper$Builder$$Lambda/0x00007fcd290ba0d0
10333:             1             16  org.opensearch.index.mapper.TextParams$$Lambda/0x00007fcd290a6470
10334:             1             16  org.opensearch.index.mapper.TextParams$$Lambda/0x00007fcd290a6688
10335:             1             16  org.opensearch.index.mapper.TextParams$$Lambda/0x00007fcd290a68a0
10336:             1             16  org.opensearch.index.mapper.TextParams$$Lambda/0x00007fcd290a6ab8
10337:             1             16  org.opensearch.index.mapper.TextParams$$Lambda/0x00007fcd290a77c8
10338:             1             16  org.opensearch.index.mapper.TextParams$Analyzers$$Lambda/0x00007fcd290aa000
10339:             1             16  org.opensearch.index.mapper.TextParams$Analyzers$$Lambda/0x00007fcd290aa228
10340:             1             16  org.opensearch.index.mapper.TextParams$Analyzers$$Lambda/0x00007fcd290aa680
10341:             1             16  org.opensearch.index.mapper.TextParams$Analyzers$$Lambda/0x00007fcd290ae8a8
10342:             1             16  org.opensearch.index.mapper.TextParams$Analyzers$$Lambda/0x00007fcd290af588
10343:             1             16  org.opensearch.index.mapper.TextParams$Analyzers$$Lambda/0x00007fcd290af7b0
10344:             1             16  org.opensearch.index.mapper.TokenCountFieldMapper$$Lambda/0x00007fcd2874dd60
10345:             1             16  org.opensearch.index.mapper.VersionFieldMapper$$Lambda/0x00007fcd28730318
10346:             1             16  org.opensearch.index.mapper.WildcardFieldMapper$$Lambda/0x00007fcd28748d88
10347:             1             16  org.opensearch.index.query.BoolQueryBuilder$$Lambda/0x00007fcd291dd940
10348:             1             16  org.opensearch.index.query.BoolQueryBuilder$$Lambda/0x00007fcd291ddb58
10349:             1             16  org.opensearch.index.query.BoolQueryBuilder$$Lambda/0x00007fcd291ddd80
10350:             1             16  org.opensearch.index.query.BoolQueryBuilder$$Lambda/0x00007fcd291de3e8
10351:             1             16  org.opensearch.index.query.BoolQueryBuilder$$Lambda/0x00007fcd291de610
10352:             1             16  org.opensearch.index.query.BoolQueryBuilder$$Lambda/0x00007fcd291de828
10353:             1             16  org.opensearch.index.query.BoolQueryBuilder$$Lambda/0x00007fcd291dea50
10354:             1             16  org.opensearch.index.query.BoolQueryBuilder$$Lambda/0x00007fcd291dec68
10355:             1             16  org.opensearch.index.query.BoolQueryBuilder$$Lambda/0x00007fcd291dee90
10356:             1             16  org.opensearch.index.query.BoolQueryBuilder$$Lambda/0x00007fcd291df0a8
10357:             1             16  org.opensearch.index.query.BoolQueryBuilder$$Lambda/0x00007fcd291df2d0
10358:             1             16  org.opensearch.index.query.BoolQueryBuilder$$Lambda/0x00007fcd291df4f8
10359:             1             16  org.opensearch.index.query.BoolQueryBuilder$$Lambda/0x00007fcd291df710
10360:             1             16  org.opensearch.index.query.BoolQueryBuilder$$Lambda/0x00007fcd291df938
10361:             1             16  org.opensearch.index.query.BoolQueryBuilder$$Lambda/0x00007fcd291e6f40
10362:             1             16  org.opensearch.index.query.functionscore.ExponentialDecayFunctionBuilder$$Lambda/0x00007fcd28763000
10363:             1             16  org.opensearch.index.query.functionscore.ExponentialDecayFunctionBuilder$ExponentialDecayScoreFunction
10364:             1             16  org.opensearch.index.query.functionscore.GaussDecayFunctionBuilder$$Lambda/0x00007fcd28761d40
10365:             1             16  org.opensearch.index.query.functionscore.GaussDecayFunctionBuilder$GaussScoreFunction
10366:             1             16  org.opensearch.index.query.functionscore.LinearDecayFunctionBuilder$$Lambda/0x00007fcd287626a0
10367:             1             16  org.opensearch.index.query.functionscore.LinearDecayFunctionBuilder$LinearDecayScoreFunction
10368:             1             16  org.opensearch.index.rankeval.RankEvalAction$$Lambda/0x00007fcd28896f38
10369:             1             16  org.opensearch.index.rankeval.RankEvalNamedXContentProvider$$Lambda/0x00007fcd28893780
10370:             1             16  org.opensearch.index.rankeval.RankEvalNamedXContentProvider$$Lambda/0x00007fcd28893998
10371:             1             16  org.opensearch.index.rankeval.RankEvalNamedXContentProvider$$Lambda/0x00007fcd28893bb0
10372:             1             16  org.opensearch.index.rankeval.RankEvalNamedXContentProvider$$Lambda/0x00007fcd28893dc8
10373:             1             16  org.opensearch.index.rankeval.RankEvalNamedXContentProvider$$Lambda/0x00007fcd28896000
10374:             1             16  org.opensearch.index.rankeval.RankEvalNamedXContentProvider$$Lambda/0x00007fcd28896218
10375:             1             16  org.opensearch.index.rankeval.RankEvalNamedXContentProvider$$Lambda/0x00007fcd28896430
10376:             1             16  org.opensearch.index.rankeval.RankEvalNamedXContentProvider$$Lambda/0x00007fcd28896648
10377:             1             16  org.opensearch.index.rankeval.RankEvalNamedXContentProvider$$Lambda/0x00007fcd28896860
10378:             1             16  org.opensearch.index.rankeval.RankEvalNamedXContentProvider$$Lambda/0x00007fcd28896a78
10379:             1             16  org.opensearch.index.rankeval.RankEvalPlugin
10380:             1             16  org.opensearch.index.rankeval.RankEvalPlugin$$Lambda/0x00007fcd288904f8
10381:             1             16  org.opensearch.index.rankeval.RankEvalPlugin$$Lambda/0x00007fcd28890a08
10382:             1             16  org.opensearch.index.rankeval.RankEvalPlugin$$Lambda/0x00007fcd28890f18
10383:             1             16  org.opensearch.index.rankeval.RankEvalPlugin$$Lambda/0x00007fcd28891438
10384:             1             16  org.opensearch.index.rankeval.RankEvalPlugin$$Lambda/0x00007fcd28891960
10385:             1             16  org.opensearch.index.rankeval.RankEvalPlugin$$Lambda/0x00007fcd28892000
10386:             1             16  org.opensearch.index.rankeval.RankEvalPlugin$$Lambda/0x00007fcd288924d8
10387:             1             16  org.opensearch.index.rankeval.RankEvalPlugin$$Lambda/0x00007fcd288929a8
10388:             1             16  org.opensearch.index.rankeval.RankEvalPlugin$$Lambda/0x00007fcd28892e78
10389:             1             16  org.opensearch.index.rankeval.RankEvalPlugin$$Lambda/0x00007fcd28893348
10390:             1             16  org.opensearch.index.rankeval.TransportRankEvalAction$$Lambda/0x00007fcd288976b0
10391:             1             16  org.opensearch.index.reindex.DeleteByQueryAction$$Lambda/0x00007fcd28bfc6f0
10392:             1             16  org.opensearch.index.reindex.ReindexAction$$Lambda/0x00007fcd28bfc2c0
10393:             1             16  org.opensearch.index.reindex.ReindexPlugin
10394:             1             16  org.opensearch.index.reindex.ReindexPlugin$$Lambda/0x00007fcd28549ad8
10395:             1             16  org.opensearch.index.reindex.RethrottleAction$$Lambda/0x00007fcd289006b8
10396:             1             16  org.opensearch.index.reindex.TransportDeleteByQueryAction$$Lambda/0x00007fcd28900e10
10397:             1             16  org.opensearch.index.reindex.TransportReindexAction$$Lambda/0x00007fcd28901888
10398:             1             16  org.opensearch.index.reindex.TransportRethrottleAction$$Lambda/0x00007fcd28901028
10399:             1             16  org.opensearch.index.reindex.TransportRethrottleAction$$Lambda/0x00007fcd28901240
10400:             1             16  org.opensearch.index.reindex.TransportRethrottleAction$$Lambda/0x00007fcd28901458
10401:             1             16  org.opensearch.index.reindex.TransportUpdateByQueryAction$$Lambda/0x00007fcd28901670
10402:             1             16  org.opensearch.index.reindex.UpdateByQueryAction$$Lambda/0x00007fcd28bfc4d8
10403:             1             16  org.opensearch.index.remote.RemoteStorePressureService$BytesLagValidator
10404:             1             16  org.opensearch.index.remote.RemoteStorePressureService$ConsecutiveFailureValidator
10405:             1             16  org.opensearch.index.remote.RemoteStorePressureService$TimeLagValidator
10406:             1             16  org.opensearch.index.remote.RemoteStorePressureSettings$$Lambda/0x00007fcd28dce2b0
10407:             1             16  org.opensearch.index.remote.RemoteStorePressureSettings$$Lambda/0x00007fcd28dce4e0
10408:             1             16  org.opensearch.index.remote.RemoteStorePressureSettings$$Lambda/0x00007fcd28dce710
10409:             1             16  org.opensearch.index.remote.RemoteStorePressureSettings$$Lambda/0x00007fcd28dce940
10410:             1             16  org.opensearch.index.remote.RemoteStoreStatsTrackerFactory$$Lambda/0x00007fcd288c08c0
10411:             1             16  org.opensearch.index.search.QueryParserHelper$$Lambda/0x00007fcd292e0830
10412:             1             16  org.opensearch.index.search.stats.SearchStats$Stats$$Lambda/0x00007fcd293bf9a8
10413:             1             16  org.opensearch.index.search.stats.SearchStats$Stats$$Lambda/0x00007fcd293bfbc0
10414:             1             16  org.opensearch.index.seqno.GlobalCheckpointSyncAction$$Lambda/0x00007fcd28dbec78
10415:             1             16  org.opensearch.index.seqno.GlobalCheckpointSyncAction$$Lambda/0x00007fcd28dbee90
10416:             1             16  org.opensearch.index.seqno.GlobalCheckpointSyncAction$$Lambda/0x00007fcd293ae4e8
10417:             1             16  org.opensearch.index.seqno.LocalCheckpointTracker$$Lambda/0x00007fcd292c2228
10418:             1             16  org.opensearch.index.seqno.LocalCheckpointTracker$$Lambda/0x00007fcd292c2860
10419:             1             16  org.opensearch.index.seqno.ReplicationTracker$$Lambda/0x00007fcd293746f0
10420:             1             16  org.opensearch.index.seqno.ReplicationTracker$$Lambda/0x00007fcd29374928
10421:             1             16  org.opensearch.index.seqno.ReplicationTracker$$Lambda/0x00007fcd29375238
10422:             1             16  org.opensearch.index.seqno.ReplicationTracker$$Lambda/0x00007fcd29375480
10423:             1             16  org.opensearch.index.seqno.ReplicationTracker$$Lambda/0x00007fcd293756b8
10424:             1             16  org.opensearch.index.seqno.ReplicationTracker$$Lambda/0x00007fcd29375900
10425:             1             16  org.opensearch.index.seqno.ReplicationTracker$$Lambda/0x00007fcd2937a298
10426:             1             16  org.opensearch.index.seqno.ReplicationTracker$$Lambda/0x00007fcd293a7238
10427:             1             16  org.opensearch.index.seqno.ReplicationTracker$$Lambda/0x00007fcd293a76d0
10428:             1             16  org.opensearch.index.seqno.ReplicationTracker$$Lambda/0x00007fcd293a7b48
10429:             1             16  org.opensearch.index.seqno.RetentionLease$$Lambda/0x00007fcd2927fda0
10430:             1             16  org.opensearch.index.seqno.RetentionLeaseActions$Add$$Lambda/0x00007fcd28c90438
10431:             1             16  org.opensearch.index.seqno.RetentionLeaseActions$Add$TransportAction$$Lambda/0x00007fcd28e20cf0
10432:             1             16  org.opensearch.index.seqno.RetentionLeaseActions$Remove$$Lambda/0x00007fcd28c91020
10433:             1             16  org.opensearch.index.seqno.RetentionLeaseActions$Remove$TransportAction$$Lambda/0x00007fcd28f5f570
10434:             1             16  org.opensearch.index.seqno.RetentionLeaseActions$Renew$$Lambda/0x00007fcd28c90b70
10435:             1             16  org.opensearch.index.seqno.RetentionLeaseActions$Renew$TransportAction$$Lambda/0x00007fcd28efe7e0
10436:             1             16  org.opensearch.index.seqno.RetentionLeaseBackgroundSyncAction$$Lambda/0x00007fcd28dbf710
10437:             1             16  org.opensearch.index.seqno.RetentionLeaseBackgroundSyncAction$$Lambda/0x00007fcd28dbf928
10438:             1             16  org.opensearch.index.seqno.RetentionLeaseSyncAction$$Lambda/0x00007fcd28dbf0a8
10439:             1             16  org.opensearch.index.seqno.RetentionLeaseSyncAction$$Lambda/0x00007fcd28dbf2c0
10440:             1             16  org.opensearch.index.seqno.RetentionLeaseSyncAction$$Lambda/0x00007fcd28dbf4d8
10441:             1             16  org.opensearch.index.seqno.RetentionLeaseSyncer$$Lambda/0x00007fcd28dbfb40
10442:             1             16  org.opensearch.index.seqno.RetentionLeaseSyncer$$Lambda/0x00007fcd28dbfd58
10443:             1             16  org.opensearch.index.seqno.RetentionLeaseSyncer$$Lambda/0x00007fcd28dcc000
10444:             1             16  org.opensearch.index.seqno.RetentionLeaseSyncer$$Lambda/0x00007fcd28dcc220
10445:             1             16  org.opensearch.index.seqno.RetentionLeases$$Lambda/0x00007fcd29276788
10446:             1             16  org.opensearch.index.seqno.RetentionLeases$$Lambda/0x00007fcd292769c0
10447:             1             16  org.opensearch.index.seqno.RetentionLeases$$Lambda/0x00007fcd29276c00
10448:             1             16  org.opensearch.index.seqno.RetentionLeases$$Lambda/0x00007fcd29276e18
10449:             1             16  org.opensearch.index.seqno.RetentionLeases$$Lambda/0x00007fcd29277050
10450:             1             16  org.opensearch.index.seqno.RetentionLeases$$Lambda/0x00007fcd2932aba8
10451:             1             16  org.opensearch.index.shard.IndexShard$$Lambda/0x00007fcd29205be0
10452:             1             16  org.opensearch.index.shard.IndexShard$$Lambda/0x00007fcd293e15e0
10453:             1             16  org.opensearch.index.shard.IndexingStats
10454:             1             16  org.opensearch.index.shard.IndexingStats$Stats$DocStatusStats
10455:             1             16  org.opensearch.index.shard.IndexingStats$Stats$DocStatusStats$$Lambda/0x00007fcd293bf790
10456:             1             16  org.opensearch.index.similarity.ScriptedSimilarityProvider
10457:             1             16  org.opensearch.index.similarity.SimilarityService$$Lambda/0x00007fcd2909a000
10458:             1             16  org.opensearch.index.similarity.SimilarityService$$Lambda/0x00007fcd2909a218
10459:             1             16  org.opensearch.index.similarity.SimilarityService$$Lambda/0x00007fcd2909ec10
10460:             1             16  org.opensearch.index.similarity.SimilarityService$$Lambda/0x00007fcd2909ee48
10461:             1             16  org.opensearch.index.similarity.SimilarityService$$Lambda/0x00007fcd2909f080
10462:             1             16  org.opensearch.index.similarity.SimilarityService$$Lambda/0x00007fcd2909f2b8
10463:             1             16  org.opensearch.index.similarity.SimilarityService$$Lambda/0x00007fcd2909f4d0
10464:             1             16  org.opensearch.index.similarity.SimilarityService$$Lambda/0x00007fcd2909f6e8
10465:             1             16  org.opensearch.index.similarity.SimilarityService$$Lambda/0x00007fcd2909f900
10466:             1             16  org.opensearch.index.similarity.SimilarityService$$Lambda/0x00007fcd2909fb18
10467:             1             16  org.opensearch.index.similarity.SimilarityService$$Lambda/0x00007fcd2909fd30
10468:             1             16  org.opensearch.index.similarity.SimilarityService$$Lambda/0x00007fcd290a0640
10469:             1             16  org.opensearch.index.store.FsDirectoryFactory
10470:             1             16  org.opensearch.index.store.FsDirectoryFactory$$Lambda/0x00007fcd2848fcc8
10471:             1             16  org.opensearch.index.store.Store$$Lambda/0x00007fcd29379c10
10472:             1             16  org.opensearch.index.translog.BufferedChecksumStreamInput$$Lambda/0x00007fcd2927d228
10473:             1             16  org.opensearch.index.translog.MultiSnapshot$$Lambda/0x00007fcd2932bca0
10474:             1             16  org.opensearch.index.translog.ReplicationTranslogDeletionPolicy$Companion
10475:             1             16  org.opensearch.index.translog.Translog$$Lambda/0x00007fcd292cb1e0
10476:             1             16  org.opensearch.index.translog.Translog$$Lambda/0x00007fcd29328b28
10477:             1             16  org.opensearch.index.translog.Translog$$Lambda/0x00007fcd2932afd8
10478:             1             16  org.opensearch.index.translog.Translog$$Lambda/0x00007fcd2932b5f0
10479:             1             16  org.opensearch.index.translog.Translog$$Lambda/0x00007fcd2932b808
10480:             1             16  org.opensearch.index.translog.Translog$$Lambda/0x00007fcd29345e08
10481:             1             16  org.opensearch.index.translog.Translog$$Lambda/0x00007fcd293bef68
10482:             1             16  org.opensearch.index.translog.TranslogDeletionPolicy$$Lambda/0x00007fcd29346d70
10483:             1             16  org.opensearch.index.translog.listener.TranslogEventListener$1
10484:             1             16  org.opensearch.indexmanagement.GuiceHolder
10485:             1             16  org.opensearch.indexmanagement.GuiceHolder$Companion
10486:             1             16  org.opensearch.indexmanagement.IndexManagementIndices$$Lambda/0x00007fcd28aaa9a8
10487:             1             16  org.opensearch.indexmanagement.IndexManagementIndices$$Lambda/0x00007fcd28aaabd8
10488:             1             16  org.opensearch.indexmanagement.IndexManagementIndices$Companion
10489:             1             16  org.opensearch.indexmanagement.IndexManagementPlugin$$Lambda/0x00007fcd2847c800
10490:             1             16  org.opensearch.indexmanagement.IndexManagementPlugin$Companion
10491:             1             16  org.opensearch.indexmanagement.IndexManagementRunner
10492:             1             16  org.opensearch.indexmanagement.controlcenter.notification.ControlCenterIndices$Companion
10493:             1             16  org.opensearch.indexmanagement.controlcenter.notification.action.delete.DeleteLRONConfigAction$$Lambda/0x00007fcd28c4aea8
10494:             1             16  org.opensearch.indexmanagement.controlcenter.notification.action.delete.DeleteLRONConfigAction$Companion
10495:             1             16  org.opensearch.indexmanagement.controlcenter.notification.action.delete.TransportDeleteLRONConfigAction$$Lambda/0x00007fcd28dab5d0
10496:             1             16  org.opensearch.indexmanagement.controlcenter.notification.action.get.GetLRONConfigAction$$Lambda/0x00007fcd28c4a660
10497:             1             16  org.opensearch.indexmanagement.controlcenter.notification.action.get.GetLRONConfigAction$Companion
10498:             1             16  org.opensearch.indexmanagement.controlcenter.notification.action.get.TransportGetLRONConfigAction$$Lambda/0x00007fcd28ef7218
10499:             1             16  org.opensearch.indexmanagement.controlcenter.notification.action.index.IndexLRONConfigAction$$Lambda/0x00007fcd28c49b90
10500:             1             16  org.opensearch.indexmanagement.controlcenter.notification.action.index.IndexLRONConfigAction$Companion
10501:             1             16  org.opensearch.indexmanagement.controlcenter.notification.action.index.TransportIndexLRONConfigAction$$Lambda/0x00007fcd28da8b18
10502:             1             16  org.opensearch.indexmanagement.indexstatemanagement.DefaultIndexMetadataService
10503:             1             16  org.opensearch.indexmanagement.indexstatemanagement.DefaultIndexMetadataService$Companion
10504:             1             16  org.opensearch.indexmanagement.indexstatemanagement.ISMActionsParser$Companion
10505:             1             16  org.opensearch.indexmanagement.indexstatemanagement.ISMActionsParser$Companion$instance$2
10506:             1             16  org.opensearch.indexmanagement.indexstatemanagement.ISMActionsParser$HOLDER
10507:             1             16  org.opensearch.indexmanagement.indexstatemanagement.IndexMetadataProvider$$Lambda/0x00007fcd28aae218
10508:             1             16  org.opensearch.indexmanagement.indexstatemanagement.IndexMetadataProvider$Companion
10509:             1             16  org.opensearch.indexmanagement.indexstatemanagement.IndexStateManagementHistory$$Lambda/0x00007fcd28aab6a0
10510:             1             16  org.opensearch.indexmanagement.indexstatemanagement.IndexStateManagementHistory$$Lambda/0x00007fcd28aab8d0
10511:             1             16  org.opensearch.indexmanagement.indexstatemanagement.IndexStateManagementHistory$$Lambda/0x00007fcd28aabb00
10512:             1             16  org.opensearch.indexmanagement.indexstatemanagement.IndexStateManagementHistory$$Lambda/0x00007fcd28aabd30
10513:             1             16  org.opensearch.indexmanagement.indexstatemanagement.IndexStateManagementHistory$$Lambda/0x00007fcd28aabf60
10514:             1             16  org.opensearch.indexmanagement.indexstatemanagement.IndexStateManagementHistory$$Lambda/0x00007fcd28aac190
10515:             1             16  org.opensearch.indexmanagement.indexstatemanagement.IndexStateManagementHistory$$Lambda/0x00007fcd28aac3c0
10516:             1             16  org.opensearch.indexmanagement.indexstatemanagement.ManagedIndexCoordinator$$Lambda/0x00007fcd28aafc88
10517:             1             16  org.opensearch.indexmanagement.indexstatemanagement.ManagedIndexCoordinator$$Lambda/0x00007fcd28ab0000
10518:             1             16  org.opensearch.indexmanagement.indexstatemanagement.ManagedIndexCoordinator$$Lambda/0x00007fcd28ab0230
10519:             1             16  org.opensearch.indexmanagement.indexstatemanagement.ManagedIndexCoordinator$$Lambda/0x00007fcd28ab0460
10520:             1             16  org.opensearch.indexmanagement.indexstatemanagement.ManagedIndexCoordinator$$Lambda/0x00007fcd28ab0690
10521:             1             16  org.opensearch.indexmanagement.indexstatemanagement.ManagedIndexCoordinator$$Lambda/0x00007fcd28ab08c0
10522:             1             16  org.opensearch.indexmanagement.indexstatemanagement.ManagedIndexCoordinator$$Lambda/0x00007fcd28ab0af0
10523:             1             16  org.opensearch.indexmanagement.indexstatemanagement.ManagedIndexCoordinator$Companion
10524:             1             16  org.opensearch.indexmanagement.indexstatemanagement.ManagedIndexRunner
10525:             1             16  org.opensearch.indexmanagement.indexstatemanagement.ManagedIndexRunner$$Lambda/0x00007fcd28aae888
10526:             1             16  org.opensearch.indexmanagement.indexstatemanagement.ManagedIndexRunner$$Lambda/0x00007fcd28aaeab0
10527:             1             16  org.opensearch.indexmanagement.indexstatemanagement.ManagedIndexRunner$$Lambda/0x00007fcd28aaecd8
10528:             1             16  org.opensearch.indexmanagement.indexstatemanagement.ManagedIndexRunner$$Lambda/0x00007fcd28aaef00
10529:             1             16  org.opensearch.indexmanagement.indexstatemanagement.PluginVersionSweepCoordinator$$Lambda/0x00007fcd28ab11c0
10530:             1             16  org.opensearch.indexmanagement.indexstatemanagement.PluginVersionSweepCoordinator$$Lambda/0x00007fcd29022100
10531:             1             16  org.opensearch.indexmanagement.indexstatemanagement.action.AllocationActionParser
10532:             1             16  org.opensearch.indexmanagement.indexstatemanagement.action.CloseActionParser
10533:             1             16  org.opensearch.indexmanagement.indexstatemanagement.action.DeleteActionParser
10534:             1             16  org.opensearch.indexmanagement.indexstatemanagement.action.ForceMergeActionParser
10535:             1             16  org.opensearch.indexmanagement.indexstatemanagement.action.IndexPriorityActionParser
10536:             1             16  org.opensearch.indexmanagement.indexstatemanagement.action.NotificationActionParser
10537:             1             16  org.opensearch.indexmanagement.indexstatemanagement.action.OpenActionParser
10538:             1             16  org.opensearch.indexmanagement.indexstatemanagement.action.ReadOnlyActionParser
10539:             1             16  org.opensearch.indexmanagement.indexstatemanagement.action.ReadWriteActionParser
10540:             1             16  org.opensearch.indexmanagement.indexstatemanagement.action.ReplicaCountActionParser
10541:             1             16  org.opensearch.indexmanagement.indexstatemanagement.action.RolloverActionParser
10542:             1             16  org.opensearch.indexmanagement.indexstatemanagement.action.RollupActionParser
10543:             1             16  org.opensearch.indexmanagement.indexstatemanagement.action.ShrinkActionParser
10544:             1             16  org.opensearch.indexmanagement.indexstatemanagement.action.SnapshotActionParser
10545:             1             16  org.opensearch.indexmanagement.indexstatemanagement.action.TransformActionParser
10546:             1             16  org.opensearch.indexmanagement.indexstatemanagement.resthandler.RestAddPolicyAction$Companion
10547:             1             16  org.opensearch.indexmanagement.indexstatemanagement.resthandler.RestChangePolicyAction$Companion
10548:             1             16  org.opensearch.indexmanagement.indexstatemanagement.resthandler.RestExplainAction$Companion
10549:             1             16  org.opensearch.indexmanagement.indexstatemanagement.resthandler.RestIndexPolicyAction$$Lambda/0x00007fcd28fb5dc8
10550:             1             16  org.opensearch.indexmanagement.indexstatemanagement.resthandler.RestRemovePolicyAction$Companion
10551:             1             16  org.opensearch.indexmanagement.indexstatemanagement.resthandler.RestRetryFailedManagedIndexAction$Companion
10552:             1             16  org.opensearch.indexmanagement.indexstatemanagement.settings.LegacyOpenDistroManagedIndexSettings$Companion
10553:             1             16  org.opensearch.indexmanagement.indexstatemanagement.settings.ManagedIndexSettings$Companion
10554:             1             16  org.opensearch.indexmanagement.indexstatemanagement.transport.action.addpolicy.AddPolicyAction$$Lambda/0x00007fcd28ab3b10
10555:             1             16  org.opensearch.indexmanagement.indexstatemanagement.transport.action.addpolicy.AddPolicyAction$Companion
10556:             1             16  org.opensearch.indexmanagement.indexstatemanagement.transport.action.addpolicy.TransportAddPolicyAction$$Lambda/0x00007fcd28da95c0
10557:             1             16  org.opensearch.indexmanagement.indexstatemanagement.transport.action.addpolicy.TransportAddPolicyAction$$Lambda/0x00007fcd28da97d8
10558:             1             16  org.opensearch.indexmanagement.indexstatemanagement.transport.action.addpolicy.TransportAddPolicyAction$$Lambda/0x00007fcd28da9a08
10559:             1             16  org.opensearch.indexmanagement.indexstatemanagement.transport.action.addpolicy.TransportAddPolicyAction$$Lambda/0x00007fcd28da9c38
10560:             1             16  org.opensearch.indexmanagement.indexstatemanagement.transport.action.addpolicy.TransportAddPolicyAction$Companion
10561:             1             16  org.opensearch.indexmanagement.indexstatemanagement.transport.action.changepolicy.ChangePolicyAction$$Lambda/0x00007fcd28c38c68
10562:             1             16  org.opensearch.indexmanagement.indexstatemanagement.transport.action.changepolicy.ChangePolicyAction$Companion
10563:             1             16  org.opensearch.indexmanagement.indexstatemanagement.transport.action.changepolicy.TransportChangePolicyAction$$Lambda/0x00007fcd28daba00
10564:             1             16  org.opensearch.indexmanagement.indexstatemanagement.transport.action.changepolicy.TransportChangePolicyAction$$Lambda/0x00007fcd28dabc18
10565:             1             16  org.opensearch.indexmanagement.indexstatemanagement.transport.action.deletepolicy.DeletePolicyAction$$Lambda/0x00007fcd28c3aa58
10566:             1             16  org.opensearch.indexmanagement.indexstatemanagement.transport.action.deletepolicy.DeletePolicyAction$Companion
10567:             1             16  org.opensearch.indexmanagement.indexstatemanagement.transport.action.deletepolicy.TransportDeletePolicyAction$$Lambda/0x00007fcd28f07b98
10568:             1             16  org.opensearch.indexmanagement.indexstatemanagement.transport.action.deletepolicy.TransportDeletePolicyAction$$Lambda/0x00007fcd28f07db0
10569:             1             16  org.opensearch.indexmanagement.indexstatemanagement.transport.action.explain.ExplainAction$$Lambda/0x00007fcd28c3a210
10570:             1             16  org.opensearch.indexmanagement.indexstatemanagement.transport.action.explain.ExplainAction$Companion
10571:             1             16  org.opensearch.indexmanagement.indexstatemanagement.transport.action.explain.TransportExplainAction$$Lambda/0x00007fcd28f07768
10572:             1             16  org.opensearch.indexmanagement.indexstatemanagement.transport.action.explain.TransportExplainAction$Companion
10573:             1             16  org.opensearch.indexmanagement.indexstatemanagement.transport.action.getpolicy.GetPoliciesAction$$Lambda/0x00007fcd28c3bff8
10574:             1             16  org.opensearch.indexmanagement.indexstatemanagement.transport.action.getpolicy.GetPoliciesAction$Companion
10575:             1             16  org.opensearch.indexmanagement.indexstatemanagement.transport.action.getpolicy.GetPolicyAction$$Lambda/0x00007fcd28c3b528
10576:             1             16  org.opensearch.indexmanagement.indexstatemanagement.transport.action.getpolicy.GetPolicyAction$Companion
10577:             1             16  org.opensearch.indexmanagement.indexstatemanagement.transport.action.getpolicy.TransportGetPoliciesAction$$Lambda/0x00007fcd28daa2b0
10578:             1             16  org.opensearch.indexmanagement.indexstatemanagement.transport.action.getpolicy.TransportGetPoliciesAction$$Lambda/0x00007fcd28daa4c8
10579:             1             16  org.opensearch.indexmanagement.indexstatemanagement.transport.action.getpolicy.TransportGetPolicyAction$$Lambda/0x00007fcd28f06ef0
10580:             1             16  org.opensearch.indexmanagement.indexstatemanagement.transport.action.getpolicy.TransportGetPolicyAction$$Lambda/0x00007fcd28f07108
10581:             1             16  org.opensearch.indexmanagement.indexstatemanagement.transport.action.indexpolicy.IndexPolicyAction$$Lambda/0x00007fcd28c39738
10582:             1             16  org.opensearch.indexmanagement.indexstatemanagement.transport.action.indexpolicy.IndexPolicyAction$Companion
10583:             1             16  org.opensearch.indexmanagement.indexstatemanagement.transport.action.indexpolicy.TransportIndexPolicyAction$$Lambda/0x00007fcd28f548d0
10584:             1             16  org.opensearch.indexmanagement.indexstatemanagement.transport.action.indexpolicy.TransportIndexPolicyAction$$Lambda/0x00007fcd28f54ae8
10585:             1             16  org.opensearch.indexmanagement.indexstatemanagement.transport.action.managedIndex.ManagedIndexAction$$Lambda/0x00007fcd28c46448
10586:             1             16  org.opensearch.indexmanagement.indexstatemanagement.transport.action.managedIndex.ManagedIndexAction$Companion
10587:             1             16  org.opensearch.indexmanagement.indexstatemanagement.transport.action.managedIndex.TransportManagedIndexAction$$Lambda/0x00007fcd28f06230
10588:             1             16  org.opensearch.indexmanagement.indexstatemanagement.transport.action.removepolicy.RemovePolicyAction$$Lambda/0x00007fcd28ab2770
10589:             1             16  org.opensearch.indexmanagement.indexstatemanagement.transport.action.removepolicy.RemovePolicyAction$Companion
10590:             1             16  org.opensearch.indexmanagement.indexstatemanagement.transport.action.removepolicy.TransportRemovePolicyAction$$Lambda/0x00007fcd28f06448
10591:             1             16  org.opensearch.indexmanagement.indexstatemanagement.transport.action.retryfailedmanagedindex.RetryFailedManagedIndexAction$$Lambda/0x00007fcd28c38420
10592:             1             16  org.opensearch.indexmanagement.indexstatemanagement.transport.action.retryfailedmanagedindex.RetryFailedManagedIndexAction$Companion
10593:             1             16  org.opensearch.indexmanagement.indexstatemanagement.transport.action.retryfailedmanagedindex.TransportRetryFailedManagedIndexAction$$Lambda/0x00007fcd28f55e38
10594:             1             16  org.opensearch.indexmanagement.indexstatemanagement.transport.action.updateindexmetadata.TransportUpdateManagedIndexMetaDataAction$$Lambda/0x00007fcd28f54000
10595:             1             16  org.opensearch.indexmanagement.indexstatemanagement.transport.action.updateindexmetadata.TransportUpdateManagedIndexMetaDataAction$Companion
10596:             1             16  org.opensearch.indexmanagement.indexstatemanagement.transport.action.updateindexmetadata.TransportUpdateManagedIndexMetaDataAction$ManagedIndexMetaDataExecutor
10597:             1             16  org.opensearch.indexmanagement.indexstatemanagement.transport.action.updateindexmetadata.UpdateManagedIndexMetaDataAction$$Lambda/0x00007fcd28ab1c38
10598:             1             16  org.opensearch.indexmanagement.indexstatemanagement.transport.action.updateindexmetadata.UpdateManagedIndexMetaDataAction$Companion
10599:             1             16  org.opensearch.indexmanagement.refreshanalyzer.RefreshSearchAnalyzerAction$$Lambda/0x00007fcd28ab3278
10600:             1             16  org.opensearch.indexmanagement.refreshanalyzer.RefreshSearchAnalyzerAction$Companion
10601:             1             16  org.opensearch.indexmanagement.refreshanalyzer.RestRefreshSearchAnalyzerAction$Companion
10602:             1             16  org.opensearch.indexmanagement.refreshanalyzer.TransportRefreshSearchAnalyzerAction$$Lambda/0x00007fcd28dab7e8
10603:             1             16  org.opensearch.indexmanagement.rollup.RollupIndexer$$Lambda/0x00007fcd28aa92c8
10604:             1             16  org.opensearch.indexmanagement.rollup.RollupMapperService$Companion
10605:             1             16  org.opensearch.indexmanagement.rollup.RollupRunner
10606:             1             16  org.opensearch.indexmanagement.rollup.RollupSearchService$$Lambda/0x00007fcd28aa9700
10607:             1             16  org.opensearch.indexmanagement.rollup.RollupSearchService$$Lambda/0x00007fcd28aa9930
10608:             1             16  org.opensearch.indexmanagement.rollup.action.delete.DeleteRollupAction$$Lambda/0x00007fcd28c3c840
10609:             1             16  org.opensearch.indexmanagement.rollup.action.delete.DeleteRollupAction$Companion
10610:             1             16  org.opensearch.indexmanagement.rollup.action.delete.TransportDeleteRollupAction$$Lambda/0x00007fcd28f56498
10611:             1             16  org.opensearch.indexmanagement.rollup.action.delete.TransportDeleteRollupAction$$Lambda/0x00007fcd28f566b0
10612:             1             16  org.opensearch.indexmanagement.rollup.action.explain.ExplainRollupAction$$Lambda/0x00007fcd28c40480
10613:             1             16  org.opensearch.indexmanagement.rollup.action.explain.ExplainRollupAction$Companion
10614:             1             16  org.opensearch.indexmanagement.rollup.action.explain.TransportExplainRollupAction$$Lambda/0x00007fcd28da86d0
10615:             1             16  org.opensearch.indexmanagement.rollup.action.explain.TransportExplainRollupAction$$Lambda/0x00007fcd28da88e8
10616:             1             16  org.opensearch.indexmanagement.rollup.action.get.GetRollupAction$$Lambda/0x00007fcd28c3d310
10617:             1             16  org.opensearch.indexmanagement.rollup.action.get.GetRollupAction$Companion
10618:             1             16  org.opensearch.indexmanagement.rollup.action.get.GetRollupsAction$$Lambda/0x00007fcd28c3dde0
10619:             1             16  org.opensearch.indexmanagement.rollup.action.get.GetRollupsAction$Companion
10620:             1             16  org.opensearch.indexmanagement.rollup.action.get.TransportGetRollupAction$$Lambda/0x00007fcd28ef7cc0
10621:             1             16  org.opensearch.indexmanagement.rollup.action.get.TransportGetRollupAction$$Lambda/0x00007fcd28f06000
10622:             1             16  org.opensearch.indexmanagement.rollup.action.get.TransportGetRollupsAction$$Lambda/0x00007fcd28daad40
10623:             1             16  org.opensearch.indexmanagement.rollup.action.get.TransportGetRollupsAction$$Lambda/0x00007fcd28daaf58
10624:             1             16  org.opensearch.indexmanagement.rollup.action.index.IndexRollupAction$$Lambda/0x00007fcd28c3e8b0
10625:             1             16  org.opensearch.indexmanagement.rollup.action.index.IndexRollupAction$Companion
10626:             1             16  org.opensearch.indexmanagement.rollup.action.index.TransportIndexRollupAction$$Lambda/0x00007fcd28f55160
10627:             1             16  org.opensearch.indexmanagement.rollup.action.index.TransportIndexRollupAction$$Lambda/0x00007fcd28f55378
10628:             1             16  org.opensearch.indexmanagement.rollup.action.mapping.TransportUpdateRollupMappingAction$$Lambda/0x00007fcd28f07980
10629:             1             16  org.opensearch.indexmanagement.rollup.action.mapping.UpdateRollupMappingAction$$Lambda/0x00007fcd28c40cc8
10630:             1             16  org.opensearch.indexmanagement.rollup.action.mapping.UpdateRollupMappingAction$Companion
10631:             1             16  org.opensearch.indexmanagement.rollup.action.start.StartRollupAction$$Lambda/0x00007fcd28c3f0f8
10632:             1             16  org.opensearch.indexmanagement.rollup.action.start.StartRollupAction$Companion
10633:             1             16  org.opensearch.indexmanagement.rollup.action.start.TransportStartRollupAction$$Lambda/0x00007fcd28f56d28
10634:             1             16  org.opensearch.indexmanagement.rollup.action.start.TransportStartRollupAction$$Lambda/0x00007fcd28f56f40
10635:             1             16  org.opensearch.indexmanagement.rollup.action.stop.StopRollupAction$$Lambda/0x00007fcd28c3f940
10636:             1             16  org.opensearch.indexmanagement.rollup.action.stop.StopRollupAction$Companion
10637:             1             16  org.opensearch.indexmanagement.rollup.action.stop.TransportStopRollupAction$$Lambda/0x00007fcd28da9e68
10638:             1             16  org.opensearch.indexmanagement.rollup.action.stop.TransportStopRollupAction$$Lambda/0x00007fcd28daa080
10639:             1             16  org.opensearch.indexmanagement.rollup.actionfilter.FieldCapsFilter$$Lambda/0x00007fcd28aa7630
10640:             1             16  org.opensearch.indexmanagement.rollup.interceptor.RollupInterceptor$$Lambda/0x00007fcd28585e40
10641:             1             16  org.opensearch.indexmanagement.rollup.interceptor.RollupInterceptor$$Lambda/0x00007fcd28586070
10642:             1             16  org.opensearch.indexmanagement.rollup.settings.LegacyOpenDistroRollupSettings$Companion
10643:             1             16  org.opensearch.indexmanagement.rollup.settings.RollupSettings$Companion
10644:             1             16  org.opensearch.indexmanagement.rollup.util.QueryShardContextFactory
10645:             1             16  org.opensearch.indexmanagement.rollup.util.RollupFieldValueExpressionResolver
10646:             1             16  org.opensearch.indexmanagement.rollup.util.RollupFieldValueExpressionResolver$IndexAliasUtils
10647:             1             16  org.opensearch.indexmanagement.settings.IndexManagementSettings$Companion
10648:             1             16  org.opensearch.indexmanagement.snapshotmanagement.SMRunner
10649:             1             16  org.opensearch.indexmanagement.snapshotmanagement.api.transport.SMActions
10650:             1             16  org.opensearch.indexmanagement.snapshotmanagement.api.transport.SMActions$$Lambda/0x00007fcd28c46cf8
10651:             1             16  org.opensearch.indexmanagement.snapshotmanagement.api.transport.SMActions$$Lambda/0x00007fcd28c47198
10652:             1             16  org.opensearch.indexmanagement.snapshotmanagement.api.transport.SMActions$$Lambda/0x00007fcd28c47638
10653:             1             16  org.opensearch.indexmanagement.snapshotmanagement.api.transport.SMActions$$Lambda/0x00007fcd28c47850
10654:             1             16  org.opensearch.indexmanagement.snapshotmanagement.api.transport.SMActions$$Lambda/0x00007fcd28c47ce8
10655:             1             16  org.opensearch.indexmanagement.snapshotmanagement.api.transport.SMActions$$Lambda/0x00007fcd28c48000
10656:             1             16  org.opensearch.indexmanagement.snapshotmanagement.api.transport.SMActions$$Lambda/0x00007fcd28c48218
10657:             1             16  org.opensearch.indexmanagement.snapshotmanagement.api.transport.delete.TransportDeleteSMPolicyAction$$Lambda/0x00007fcd28f06660
10658:             1             16  org.opensearch.indexmanagement.snapshotmanagement.api.transport.delete.TransportDeleteSMPolicyAction$$Lambda/0x00007fcd28f06878
10659:             1             16  org.opensearch.indexmanagement.snapshotmanagement.api.transport.delete.TransportDeleteSMPolicyAction$Companion
10660:             1             16  org.opensearch.indexmanagement.snapshotmanagement.api.transport.explain.TransportExplainSMAction$$Lambda/0x00007fcd28f54488
10661:             1             16  org.opensearch.indexmanagement.snapshotmanagement.api.transport.explain.TransportExplainSMAction$$Lambda/0x00007fcd28f546a0
10662:             1             16  org.opensearch.indexmanagement.snapshotmanagement.api.transport.get.TransportGetSMPoliciesAction$$Lambda/0x00007fcd28f54d18
10663:             1             16  org.opensearch.indexmanagement.snapshotmanagement.api.transport.get.TransportGetSMPoliciesAction$$Lambda/0x00007fcd28f54f30
10664:             1             16  org.opensearch.indexmanagement.snapshotmanagement.api.transport.get.TransportGetSMPolicyAction$$Lambda/0x00007fcd28f06aa8
10665:             1             16  org.opensearch.indexmanagement.snapshotmanagement.api.transport.get.TransportGetSMPolicyAction$$Lambda/0x00007fcd28f06cc0
10666:             1             16  org.opensearch.indexmanagement.snapshotmanagement.api.transport.index.TransportIndexSMPolicyAction$$Lambda/0x00007fcd28daa6f8
10667:             1             16  org.opensearch.indexmanagement.snapshotmanagement.api.transport.index.TransportIndexSMPolicyAction$$Lambda/0x00007fcd28daab10
10668:             1             16  org.opensearch.indexmanagement.snapshotmanagement.api.transport.start.TransportStartSMAction$$Lambda/0x00007fcd28ef7878
10669:             1             16  org.opensearch.indexmanagement.snapshotmanagement.api.transport.start.TransportStartSMAction$$Lambda/0x00007fcd28ef7a90
10670:             1             16  org.opensearch.indexmanagement.snapshotmanagement.api.transport.start.TransportStartSMAction$Companion
10671:             1             16  org.opensearch.indexmanagement.snapshotmanagement.api.transport.stop.TransportStopSMAction$$Lambda/0x00007fcd28ef7430
10672:             1             16  org.opensearch.indexmanagement.snapshotmanagement.api.transport.stop.TransportStopSMAction$$Lambda/0x00007fcd28ef7648
10673:             1             16  org.opensearch.indexmanagement.snapshotmanagement.api.transport.stop.TransportStopSMAction$Companion
10674:             1             16  org.opensearch.indexmanagement.snapshotmanagement.settings.SnapshotManagementSettings$Companion
10675:             1             16  org.opensearch.indexmanagement.transform.TargetIndexMappingService
10676:             1             16  org.opensearch.indexmanagement.transform.TransformIndexer$$Lambda/0x00007fcd28aa6718
10677:             1             16  org.opensearch.indexmanagement.transform.TransformRunner
10678:             1             16  org.opensearch.indexmanagement.transform.TransformSearchService$$Lambda/0x00007fcd28aa59f8
10679:             1             16  org.opensearch.indexmanagement.transform.TransformSearchService$$Lambda/0x00007fcd28aa5c28
10680:             1             16  org.opensearch.indexmanagement.transform.TransformSearchService$Companion
10681:             1             16  org.opensearch.indexmanagement.transform.TransformValidator$$Lambda/0x00007fcd28aa6fa8
10682:             1             16  org.opensearch.indexmanagement.transform.TransformValidator$$Lambda/0x00007fcd28aa71d8
10683:             1             16  org.opensearch.indexmanagement.transform.TransformValidator$Companion
10684:             1             16  org.opensearch.indexmanagement.transform.action.delete.DeleteTransformsAction$$Lambda/0x00007fcd28c440a8
10685:             1             16  org.opensearch.indexmanagement.transform.action.delete.DeleteTransformsAction$Companion
10686:             1             16  org.opensearch.indexmanagement.transform.action.delete.TransportDeleteTransformsAction$$Lambda/0x00007fcd28dab188
10687:             1             16  org.opensearch.indexmanagement.transform.action.delete.TransportDeleteTransformsAction$$Lambda/0x00007fcd28dab3a0
10688:             1             16  org.opensearch.indexmanagement.transform.action.explain.ExplainTransformAction$$Lambda/0x00007fcd28c44b70
10689:             1             16  org.opensearch.indexmanagement.transform.action.explain.ExplainTransformAction$Companion
10690:             1             16  org.opensearch.indexmanagement.transform.action.explain.TransportExplainTransformAction$$Lambda/0x00007fcd28f568e0
10691:             1             16  org.opensearch.indexmanagement.transform.action.explain.TransportExplainTransformAction$$Lambda/0x00007fcd28f56af8
10692:             1             16  org.opensearch.indexmanagement.transform.action.get.GetTransformAction$$Lambda/0x00007fcd28c422c8
10693:             1             16  org.opensearch.indexmanagement.transform.action.get.GetTransformAction$Companion
10694:             1             16  org.opensearch.indexmanagement.transform.action.get.GetTransformsAction$$Lambda/0x00007fcd28c42d98
10695:             1             16  org.opensearch.indexmanagement.transform.action.get.GetTransformsAction$Companion
10696:             1             16  org.opensearch.indexmanagement.transform.action.get.TransportGetTransformAction$$Lambda/0x00007fcd28f56050
10697:             1             16  org.opensearch.indexmanagement.transform.action.get.TransportGetTransformAction$$Lambda/0x00007fcd28f56268
10698:             1             16  org.opensearch.indexmanagement.transform.action.get.TransportGetTransformsAction$$Lambda/0x00007fcd28da9178
10699:             1             16  org.opensearch.indexmanagement.transform.action.get.TransportGetTransformsAction$$Lambda/0x00007fcd28da9390
10700:             1             16  org.opensearch.indexmanagement.transform.action.index.IndexTransformAction$$Lambda/0x00007fcd28c417f8
10701:             1             16  org.opensearch.indexmanagement.transform.action.index.IndexTransformAction$Companion
10702:             1             16  org.opensearch.indexmanagement.transform.action.index.TransportIndexTransformAction$$Lambda/0x00007fcd28f555a8
10703:             1             16  org.opensearch.indexmanagement.transform.action.index.TransportIndexTransformAction$$Lambda/0x00007fcd28f557c0
10704:             1             16  org.opensearch.indexmanagement.transform.action.preview.PreviewTransformAction$$Lambda/0x00007fcd28c43860
10705:             1             16  org.opensearch.indexmanagement.transform.action.preview.PreviewTransformAction$Companion
10706:             1             16  org.opensearch.indexmanagement.transform.action.preview.TransportPreviewTransformAction$$Lambda/0x00007fcd28ef7000
10707:             1             16  org.opensearch.indexmanagement.transform.action.start.StartTransformAction$$Lambda/0x00007fcd28c453b8
10708:             1             16  org.opensearch.indexmanagement.transform.action.start.StartTransformAction$Companion
10709:             1             16  org.opensearch.indexmanagement.transform.action.start.TransportStartTransformAction$$Lambda/0x00007fcd28f559f0
10710:             1             16  org.opensearch.indexmanagement.transform.action.start.TransportStartTransformAction$$Lambda/0x00007fcd28f55c08
10711:             1             16  org.opensearch.indexmanagement.transform.action.stop.StopTransformAction$$Lambda/0x00007fcd28c45c00
10712:             1             16  org.opensearch.indexmanagement.transform.action.stop.StopTransformAction$Companion
10713:             1             16  org.opensearch.indexmanagement.transform.action.stop.TransportStopTransformAction$$Lambda/0x00007fcd28da8d30
10714:             1             16  org.opensearch.indexmanagement.transform.action.stop.TransportStopTransformAction$$Lambda/0x00007fcd28da8f48
10715:             1             16  org.opensearch.indexmanagement.transform.settings.TransformSettings$Companion
10716:             1             16  org.opensearch.indices.IndicesModule$$Lambda/0x00007fcd2874a0e8
10717:             1             16  org.opensearch.indices.IndicesModule$$Lambda/0x00007fcd2874a300
10718:             1             16  org.opensearch.indices.IndicesModule$$Lambda/0x00007fcd2874a518
10719:             1             16  org.opensearch.indices.IndicesModule$$Lambda/0x00007fcd2888d5d0
10720:             1             16  org.opensearch.indices.IndicesModule$$Lambda/0x00007fcd2888d7e8
10721:             1             16  org.opensearch.indices.IndicesModule$$Lambda/0x00007fcd2888da00
10722:             1             16  org.opensearch.indices.IndicesRequestCache$$Lambda/0x00007fcd2863ca38
10723:             1             16  org.opensearch.indices.IndicesRequestCache$$Lambda/0x00007fcd288c4140
10724:             1             16  org.opensearch.indices.IndicesRequestCache$$Lambda/0x00007fcd288c4838
10725:             1             16  org.opensearch.indices.IndicesRequestCache$$Lambda/0x00007fcd288c4f08
10726:             1             16  org.opensearch.indices.IndicesRequestCache$IndicesRequestCacheCleanupManager$$Lambda/0x00007fcd293d8900
10727:             1             16  org.opensearch.indices.IndicesRequestCache$IndicesRequestCacheCleanupManager$$Lambda/0x00007fcd293d8fb8
10728:             1             16  org.opensearch.indices.IndicesService$$Lambda/0x00007fcd2863d920
10729:             1             16  org.opensearch.indices.IndicesService$$Lambda/0x00007fcd288c38a8
10730:             1             16  org.opensearch.indices.IndicesService$$Lambda/0x00007fcd288c3ac8
10731:             1             16  org.opensearch.indices.IndicesService$$Lambda/0x00007fcd288c3ce0
10732:             1             16  org.opensearch.indices.IndicesService$$Lambda/0x00007fcd288c7868
10733:             1             16  org.opensearch.indices.IndicesService$$Lambda/0x00007fcd288c7cc8
10734:             1             16  org.opensearch.indices.IndicesService$$Lambda/0x00007fcd288c84a0
10735:             1             16  org.opensearch.indices.IndicesService$$Lambda/0x00007fcd288c8900
10736:             1             16  org.opensearch.indices.IndicesService$$Lambda/0x00007fcd2924c470
10737:             1             16  org.opensearch.indices.IndicesService$$Lambda/0x00007fcd292f8800
10738:             1             16  org.opensearch.indices.IndicesService$ClusterDefaultRefreshIntervalValidator
10739:             1             16  org.opensearch.indices.IndicesService$ClusterMinimumRefreshIntervalValidator
10740:             1             16  org.opensearch.indices.RemoteStoreSettings$$Lambda/0x00007fcd28705d50
10741:             1             16  org.opensearch.indices.RemoteStoreSettings$$Lambda/0x00007fcd28705f98
10742:             1             16  org.opensearch.indices.RemoteStoreSettings$$Lambda/0x00007fcd287061d0
10743:             1             16  org.opensearch.indices.RemoteStoreSettings$$Lambda/0x00007fcd28706408
10744:             1             16  org.opensearch.indices.RemoteStoreSettings$$Lambda/0x00007fcd288bcea8
10745:             1             16  org.opensearch.indices.RemoteStoreSettings$$Lambda/0x00007fcd288bd0d8
10746:             1             16  org.opensearch.indices.RemoteStoreSettings$$Lambda/0x00007fcd288bd308
10747:             1             16  org.opensearch.indices.RemoteStoreSettings$$Lambda/0x00007fcd288bd7a8
10748:             1             16  org.opensearch.indices.RemoteStoreSettings$$Lambda/0x00007fcd288bd9d8
10749:             1             16  org.opensearch.indices.RemoteStoreSettings$$Lambda/0x00007fcd288bdc08
10750:             1             16  org.opensearch.indices.RemoteStoreSettings$$Lambda/0x00007fcd288bde38
10751:             1             16  org.opensearch.indices.RemoteStoreSettings$$Lambda/0x00007fcd288be068
10752:             1             16  org.opensearch.indices.ShardLimitValidator$$Lambda/0x00007fcd288cb1d8
10753:             1             16  org.opensearch.indices.ShardLimitValidator$$Lambda/0x00007fcd288cb408
10754:             1             16  org.opensearch.indices.ShardLimitValidator$$Lambda/0x00007fcd288cb638
10755:             1             16  org.opensearch.indices.ShardLimitValidator$MaxShardPerClusterLimitValidator
10756:             1             16  org.opensearch.indices.ShardLimitValidator$MaxShardPerNodeLimitValidator
10757:             1             16  org.opensearch.indices.SystemIndices$$Lambda/0x00007fcd288b52a0
10758:             1             16  org.opensearch.indices.SystemIndices$$Lambda/0x00007fcd288b54d8
10759:             1             16  org.opensearch.indices.SystemIndices$$Lambda/0x00007fcd288b6af8
10760:             1             16  org.opensearch.indices.SystemIndices$$Lambda/0x00007fcd288b6d30
10761:             1             16  org.opensearch.indices.SystemIndices$$Lambda/0x00007fcd288b6f68
10762:             1             16  org.opensearch.indices.analysis.AnalysisModule$$Lambda/0x00007fcd28655540
10763:             1             16  org.opensearch.indices.analysis.AnalysisModule$$Lambda/0x00007fcd28656e08
10764:             1             16  org.opensearch.indices.analysis.AnalysisModule$$Lambda/0x00007fcd2865c000
10765:             1             16  org.opensearch.indices.analysis.AnalysisModule$$Lambda/0x00007fcd2865c740
10766:             1             16  org.opensearch.indices.analysis.AnalysisModule$$Lambda/0x00007fcd2865c978
10767:             1             16  org.opensearch.indices.analysis.AnalysisModule$$Lambda/0x00007fcd2865cbb8
10768:             1             16  org.opensearch.indices.analysis.AnalysisModule$$Lambda/0x00007fcd2867da38
10769:             1             16  org.opensearch.indices.analysis.AnalysisModule$$Lambda/0x00007fcd2867dc70
10770:             1             16  org.opensearch.indices.analysis.AnalysisModule$$Lambda/0x00007fcd28688518
10771:             1             16  org.opensearch.indices.analysis.AnalysisModule$$Lambda/0x00007fcd28688750
10772:             1             16  org.opensearch.indices.analysis.AnalysisModule$$Lambda/0x00007fcd28688e90
10773:             1             16  org.opensearch.indices.analysis.AnalysisModule$$Lambda/0x00007fcd286895d8
10774:             1             16  org.opensearch.indices.analysis.AnalysisModule$$Lambda/0x00007fcd28689d18
10775:             1             16  org.opensearch.indices.analysis.AnalysisModule$$Lambda/0x00007fcd2868a1e0
10776:             1             16  org.opensearch.indices.analysis.AnalysisModule$$Lambda/0x00007fcd2868a418
10777:             1             16  org.opensearch.indices.analysis.AnalysisModule$$Lambda/0x00007fcd2869c508
10778:             1             16  org.opensearch.indices.analysis.AnalysisModule$$Lambda/0x00007fcd2869db00
10779:             1             16  org.opensearch.indices.analysis.AnalysisModule$$Lambda/0x00007fcd2869e1c8
10780:             1             16  org.opensearch.indices.analysis.AnalysisModule$$Lambda/0x00007fcd2869f608
10781:             1             16  org.opensearch.indices.analysis.AnalysisModule$1
10782:             1             16  org.opensearch.indices.breaker.BreakerSettings$$Lambda/0x00007fcd286c9680
10783:             1             16  org.opensearch.indices.breaker.BreakerSettings$$Lambda/0x00007fcd286c98b8
10784:             1             16  org.opensearch.indices.breaker.BreakerSettings$$Lambda/0x00007fcd286c9af0
10785:             1             16  org.opensearch.indices.breaker.BreakerSettings$$Lambda/0x00007fcd286c9f68
10786:             1             16  org.opensearch.indices.breaker.BreakerSettings$$Lambda/0x00007fcd286ca1a0
10787:             1             16  org.opensearch.indices.breaker.HierarchyCircuitBreakerService$$Lambda/0x00007fcd286d55d8
10788:             1             16  org.opensearch.indices.breaker.HierarchyCircuitBreakerService$$Lambda/0x00007fcd286d5810
10789:             1             16  org.opensearch.indices.breaker.HierarchyCircuitBreakerService$$Lambda/0x00007fcd286d5a48
10790:             1             16  org.opensearch.indices.breaker.HierarchyCircuitBreakerService$$Lambda/0x00007fcd286d5c80
10791:             1             16  org.opensearch.indices.breaker.HierarchyCircuitBreakerService$$Lambda/0x00007fcd28870438
10792:             1             16  org.opensearch.indices.breaker.HierarchyCircuitBreakerService$$Lambda/0x00007fcd28871538
10793:             1             16  org.opensearch.indices.breaker.HierarchyCircuitBreakerService$$Lambda/0x00007fcd28871768
10794:             1             16  org.opensearch.indices.breaker.HierarchyCircuitBreakerService$$Lambda/0x00007fcd28871998
10795:             1             16  org.opensearch.indices.breaker.HierarchyCircuitBreakerService$$Lambda/0x00007fcd28871bc8
10796:             1             16  org.opensearch.indices.breaker.HierarchyCircuitBreakerService$$Lambda/0x00007fcd28871df8
10797:             1             16  org.opensearch.indices.breaker.HierarchyCircuitBreakerService$$Lambda/0x00007fcd28872028
10798:             1             16  org.opensearch.indices.breaker.HierarchyCircuitBreakerService$$Lambda/0x00007fcd28872258
10799:             1             16  org.opensearch.indices.breaker.HierarchyCircuitBreakerService$$Lambda/0x00007fcd288731d8
10800:             1             16  org.opensearch.indices.breaker.HierarchyCircuitBreakerService$$Lambda/0x00007fcd288733f0
10801:             1             16  org.opensearch.indices.breaker.HierarchyCircuitBreakerService$$Lambda/0x00007fcd28873838
10802:             1             16  org.opensearch.indices.breaker.HierarchyCircuitBreakerService$$Lambda/0x00007fcd28873a58
10803:             1             16  org.opensearch.indices.breaker.HierarchyCircuitBreakerService$$Lambda/0x00007fcd2942f260
10804:             1             16  org.opensearch.indices.cluster.IndicesClusterStateService$$Lambda/0x00007fcd28dccca8
10805:             1             16  org.opensearch.indices.cluster.IndicesClusterStateService$$Lambda/0x00007fcd28dccec0
10806:             1             16  org.opensearch.indices.cluster.IndicesClusterStateService$$Lambda/0x00007fcd2923ea88
10807:             1             16  org.opensearch.indices.cluster.IndicesClusterStateService$FailedShardHandler
10808:             1             16  org.opensearch.indices.recovery.MultiChunkTransfer$$Lambda/0x00007fcd29394890
10809:             1             16  org.opensearch.indices.recovery.PeerRecoverySourceService$$Lambda/0x00007fcd28d27a10
10810:             1             16  org.opensearch.indices.recovery.PeerRecoverySourceService$$Lambda/0x00007fcd28d282b8
10811:             1             16  org.opensearch.indices.recovery.PeerRecoverySourceService$OngoingRecoveries$$Lambda/0x00007fcd293854e8
10812:             1             16  org.opensearch.indices.recovery.PeerRecoverySourceService$ReestablishRecoveryTransportRequestHandler
10813:             1             16  org.opensearch.indices.recovery.PeerRecoverySourceService$StartRecoveryTransportRequestHandler
10814:             1             16  org.opensearch.indices.recovery.PeerRecoveryTargetService$$Lambda/0x00007fcd28d299e8
10815:             1             16  org.opensearch.indices.recovery.PeerRecoveryTargetService$$Lambda/0x00007fcd28d2a0d8
10816:             1             16  org.opensearch.indices.recovery.PeerRecoveryTargetService$$Lambda/0x00007fcd28d2a7f0
10817:             1             16  org.opensearch.indices.recovery.PeerRecoveryTargetService$$Lambda/0x00007fcd28d2aef8
10818:             1             16  org.opensearch.indices.recovery.PeerRecoveryTargetService$$Lambda/0x00007fcd28d2b628
10819:             1             16  org.opensearch.indices.recovery.PeerRecoveryTargetService$$Lambda/0x00007fcd28d2bf48
10820:             1             16  org.opensearch.indices.recovery.PeerRecoveryTargetService$$Lambda/0x00007fcd28d2c648
10821:             1             16  org.opensearch.indices.recovery.PeerRecoveryTargetService$CleanFilesRequestHandler
10822:             1             16  org.opensearch.indices.recovery.PeerRecoveryTargetService$FilesInfoRequestHandler
10823:             1             16  org.opensearch.indices.recovery.PeerRecoveryTargetService$FinalizeRecoveryRequestHandler
10824:             1             16  org.opensearch.indices.recovery.PeerRecoveryTargetService$HandoffPrimaryContextRequestHandler
10825:             1             16  org.opensearch.indices.recovery.PeerRecoveryTargetService$PrepareForTranslogOperationsRequestHandler
10826:             1             16  org.opensearch.indices.recovery.PeerRecoveryTargetService$TranslogOperationsRequestHandler
10827:             1             16  org.opensearch.indices.recovery.RecoveryResponse$$Lambda/0x00007fcd29370df8
10828:             1             16  org.opensearch.indices.recovery.RecoveryResponse$$Lambda/0x00007fcd29371ca0
10829:             1             16  org.opensearch.indices.recovery.RecoveryResponse$$Lambda/0x00007fcd29393470
10830:             1             16  org.opensearch.indices.recovery.RecoveryResponse$$Lambda/0x00007fcd293938a0
10831:             1             16  org.opensearch.indices.recovery.RecoverySettings$$Lambda/0x00007fcd286ce7b8
10832:             1             16  org.opensearch.indices.recovery.RecoverySettings$$Lambda/0x00007fcd286ce9f0
10833:             1             16  org.opensearch.indices.recovery.RecoverySettings$$Lambda/0x00007fcd286cec28
10834:             1             16  org.opensearch.indices.recovery.RecoverySettings$$Lambda/0x00007fcd286cee60
10835:             1             16  org.opensearch.indices.recovery.RecoverySettings$$Lambda/0x00007fcd288bb238
10836:             1             16  org.opensearch.indices.recovery.RecoverySettings$$Lambda/0x00007fcd288bb468
10837:             1             16  org.opensearch.indices.recovery.RecoverySettings$$Lambda/0x00007fcd288bb698
10838:             1             16  org.opensearch.indices.recovery.RecoverySettings$$Lambda/0x00007fcd288bb8c8
10839:             1             16  org.opensearch.indices.recovery.RecoverySettings$$Lambda/0x00007fcd288bbaf8
10840:             1             16  org.opensearch.indices.recovery.RecoverySettings$$Lambda/0x00007fcd288bbd28
10841:             1             16  org.opensearch.indices.recovery.RecoverySettings$$Lambda/0x00007fcd288bbf58
10842:             1             16  org.opensearch.indices.recovery.RecoverySettings$$Lambda/0x00007fcd288bc188
10843:             1             16  org.opensearch.indices.recovery.RecoverySettings$$Lambda/0x00007fcd288bc3b8
10844:             1             16  org.opensearch.indices.recovery.RecoverySettings$$Lambda/0x00007fcd288bc5e8
10845:             1             16  org.opensearch.indices.recovery.RecoverySettings$$Lambda/0x00007fcd288bc818
10846:             1             16  org.opensearch.indices.recovery.RecoverySettings$$Lambda/0x00007fcd288bca48
10847:             1             16  org.opensearch.indices.recovery.RecoverySettings$$Lambda/0x00007fcd288bcc78
10848:             1             16  org.opensearch.indices.recovery.RemoteRecoveryTargetHandler$$Lambda/0x00007fcd293893b0
10849:             1             16  org.opensearch.indices.recovery.RemoteRecoveryTargetHandler$$Lambda/0x00007fcd293895c8
10850:             1             16  org.opensearch.indices.recovery.RemoteRecoveryTargetHandler$$Lambda/0x00007fcd29395c28
10851:             1             16  org.opensearch.indices.recovery.RemoteRecoveryTargetHandler$$Lambda/0x00007fcd29396058
10852:             1             16  org.opensearch.indices.recovery.RemoteRecoveryTargetHandler$$Lambda/0x00007fcd29396d78
10853:             1             16  org.opensearch.indices.recovery.RemoteRecoveryTargetHandler$$Lambda/0x00007fcd293971a8
10854:             1             16  org.opensearch.indices.replication.OngoingSegmentReplications$$Lambda/0x00007fcd29429c50
10855:             1             16  org.opensearch.indices.replication.SegmentReplicationSourceService$$Lambda/0x00007fcd28d2fc20
10856:             1             16  org.opensearch.indices.replication.SegmentReplicationSourceService$$Lambda/0x00007fcd28d30748
10857:             1             16  org.opensearch.indices.replication.SegmentReplicationSourceService$$Lambda/0x00007fcd28d30b90
10858:             1             16  org.opensearch.indices.replication.SegmentReplicationSourceService$CheckpointInfoRequestHandler
10859:             1             16  org.opensearch.indices.replication.SegmentReplicationSourceService$GetSegmentFilesRequestHandler
10860:             1             16  org.opensearch.indices.replication.SegmentReplicationSourceService$UpdateVisibleCheckpointRequestHandler
10861:             1             16  org.opensearch.indices.replication.SegmentReplicationTargetService$$Lambda/0x00007fcd28d2ddb8
10862:             1             16  org.opensearch.indices.replication.SegmentReplicationTargetService$$Lambda/0x00007fcd28d2e4b0
10863:             1             16  org.opensearch.indices.replication.SegmentReplicationTargetService$ForceSyncTransportRequestHandler
10864:             1             16  org.opensearch.indices.replication.checkpoint.PublishCheckpointAction$$Lambda/0x00007fcd28dcc440
10865:             1             16  org.opensearch.indices.replication.checkpoint.PublishCheckpointAction$$Lambda/0x00007fcd28dcc658
10866:             1             16  org.opensearch.indices.replication.checkpoint.SegmentReplicationCheckpointPublisher$$Lambda/0x00007fcd28dcc870
10867:             1             16  org.opensearch.indices.replication.checkpoint.SegmentReplicationCheckpointPublisher$$Lambda/0x00007fcd28dcca88
10868:             1             16  org.opensearch.indices.replication.common.ReplicationTarget$$Lambda/0x00007fcd292c7ac8
10869:             1             16  org.opensearch.indices.store.IndicesStore$$Lambda/0x00007fcd28dbdf88
10870:             1             16  org.opensearch.indices.store.IndicesStore$ShardActiveRequestHandler
10871:             1             16  org.opensearch.indices.store.TransportNodesListShardStoreMetadata$$Lambda/0x00007fcd28da58e0
10872:             1             16  org.opensearch.indices.store.TransportNodesListShardStoreMetadata$$Lambda/0x00007fcd28da5af8
10873:             1             16  org.opensearch.indices.store.TransportNodesListShardStoreMetadata$$Lambda/0x00007fcd28da5d10
10874:             1             16  org.opensearch.indices.store.TransportNodesListShardStoreMetadataBatch$$Lambda/0x00007fcd28da7590
10875:             1             16  org.opensearch.indices.store.TransportNodesListShardStoreMetadataBatch$$Lambda/0x00007fcd28da77a8
10876:             1             16  org.opensearch.indices.store.TransportNodesListShardStoreMetadataBatch$$Lambda/0x00007fcd28da79c0
10877:             1             16  org.opensearch.ingest.DropProcessor$Factory
10878:             1             16  org.opensearch.ingest.IngestService$$Lambda/0x00007fcd288c9238
10879:             1             16  org.opensearch.ingest.IngestService$$Lambda/0x00007fcd288c9458
10880:             1             16  org.opensearch.ingest.PipelineProcessor$Factory
10881:             1             16  org.opensearch.ingest.common.AppendProcessor$Factory
10882:             1             16  org.opensearch.ingest.common.BytesProcessor$Factory
10883:             1             16  org.opensearch.ingest.common.CommunityIdProcessor$Factory
10884:             1             16  org.opensearch.ingest.common.ConvertProcessor$Factory
10885:             1             16  org.opensearch.ingest.common.CopyProcessor$Factory
10886:             1             16  org.opensearch.ingest.common.CsvProcessor$Factory
10887:             1             16  org.opensearch.ingest.common.DateIndexNameProcessor$Factory
10888:             1             16  org.opensearch.ingest.common.DateProcessor$Factory
10889:             1             16  org.opensearch.ingest.common.DissectProcessor$Factory
10890:             1             16  org.opensearch.ingest.common.DotExpanderProcessor$Factory
10891:             1             16  org.opensearch.ingest.common.FailProcessor$Factory
10892:             1             16  org.opensearch.ingest.common.ForEachProcessor$Factory
10893:             1             16  org.opensearch.ingest.common.GrokProcessorGetAction$$Lambda/0x00007fcd288ef370
10894:             1             16  org.opensearch.ingest.common.GrokProcessorGetAction$TransportAction$$Lambda/0x00007fcd288efa50
10895:             1             16  org.opensearch.ingest.common.GsubProcessor$Factory
10896:             1             16  org.opensearch.ingest.common.HtmlStripProcessor$Factory
10897:             1             16  org.opensearch.ingest.common.IngestCommonPlugin
10898:             1             16  org.opensearch.ingest.common.IngestCommonPlugin$$Lambda/0x00007fcd288ec8d0
10899:             1             16  org.opensearch.ingest.common.JoinProcessor$Factory
10900:             1             16  org.opensearch.ingest.common.JsonProcessor$Factory
10901:             1             16  org.opensearch.ingest.common.KeyValueProcessor$Factory
10902:             1             16  org.opensearch.ingest.common.LowercaseProcessor$Factory
10903:             1             16  org.opensearch.ingest.common.RemoveByPatternProcessor$Factory
10904:             1             16  org.opensearch.ingest.common.RemoveProcessor$Factory
10905:             1             16  org.opensearch.ingest.common.RenameProcessor$Factory
10906:             1             16  org.opensearch.ingest.common.ScriptProcessor$Factory
10907:             1             16  org.opensearch.ingest.common.SetProcessor$Factory
10908:             1             16  org.opensearch.ingest.common.SortProcessor$Factory
10909:             1             16  org.opensearch.ingest.common.SplitProcessor$Factory
10910:             1             16  org.opensearch.ingest.common.TrimProcessor$Factory
10911:             1             16  org.opensearch.ingest.common.URLDecodeProcessor$Factory
10912:             1             16  org.opensearch.ingest.common.UppercaseProcessor$Factory
10913:             1             16  org.opensearch.ingest.geoip.IngestGeoIpPlugin
10914:             1             16  org.opensearch.ingest.geoip.IngestGeoIpPlugin$GeoIpCache
10915:             1             16  org.opensearch.ingest.useragent.IngestUserAgentPlugin
10916:             1             16  org.opensearch.ingest.useragent.UserAgentCache
10917:             1             16  org.opensearch.ingest.useragent.UserAgentProcessor$Factory
10918:             1             16  org.opensearch.jobscheduler.JobSchedulerPlugin$$Lambda/0x00007fcd285276d8
10919:             1             16  org.opensearch.jobscheduler.scheduler.ScheduledJobInfo
10920:             1             16  org.opensearch.jobscheduler.sweeper.JobSweeper$$Lambda/0x00007fcd28972c00
10921:             1             16  org.opensearch.jobscheduler.sweeper.JobSweeper$$Lambda/0x00007fcd28973468
10922:             1             16  org.opensearch.jobscheduler.sweeper.JobSweeper$$Lambda/0x00007fcd28973698
10923:             1             16  org.opensearch.jobscheduler.sweeper.JobSweeper$$Lambda/0x00007fcd289738c8
10924:             1             16  org.opensearch.jobscheduler.sweeper.JobSweeper$$Lambda/0x00007fcd28973af8
10925:             1             16  org.opensearch.jobscheduler.sweeper.JobSweeper$$Lambda/0x00007fcd28973d28
10926:             1             16  org.opensearch.jobscheduler.sweeper.JobSweeper$$Lambda/0x00007fcd29004b40
10927:             1             16  org.opensearch.jobscheduler.sweeper.JobSweeper$$Lambda/0x00007fcd29004f80
10928:             1             16  org.opensearch.jobscheduler.sweeper.JobSweeper$$Lambda/0x00007fcd290051c8
10929:             1             16  org.opensearch.jobscheduler.sweeper.JobSweeper$$Lambda/0x00007fcd29005400
10930:             1             16  org.opensearch.jobscheduler.sweeper.JobSweeper$$Lambda/0x00007fcd29005888
10931:             1             16  org.opensearch.jobscheduler.sweeper.JobSweeper$$Lambda/0x00007fcd29005ac0
10932:             1             16  org.opensearch.join.ParentJoinPlugin
10933:             1             16  org.opensearch.join.ParentJoinPlugin$$Lambda/0x00007fcd2878d230
10934:             1             16  org.opensearch.join.ParentJoinPlugin$$Lambda/0x00007fcd2878d448
10935:             1             16  org.opensearch.join.ParentJoinPlugin$$Lambda/0x00007fcd2878da28
10936:             1             16  org.opensearch.join.ParentJoinPlugin$$Lambda/0x00007fcd2878dc40
10937:             1             16  org.opensearch.join.ParentJoinPlugin$$Lambda/0x00007fcd2878e388
10938:             1             16  org.opensearch.join.ParentJoinPlugin$$Lambda/0x00007fcd2878e5a0
10939:             1             16  org.opensearch.join.ParentJoinPlugin$$Lambda/0x00007fcd2878ee38
10940:             1             16  org.opensearch.join.ParentJoinPlugin$$Lambda/0x00007fcd2878f050
10941:             1             16  org.opensearch.join.ParentJoinPlugin$$Lambda/0x00007fcd2878f860
10942:             1             16  org.opensearch.join.ParentJoinPlugin$$Lambda/0x00007fcd2883d250
10943:             1             16  org.opensearch.join.ParentJoinPlugin$$Lambda/0x00007fcd2883d468
10944:             1             16  org.opensearch.join.ParentJoinPlugin$$Lambda/0x00007fcd2883dc78
10945:             1             16  org.opensearch.join.mapper.ParentJoinFieldMapper$TypeParser
10946:             1             16  org.opensearch.knn.index.KNNClusterUtil
10947:             1             16  org.opensearch.knn.index.KNNSettings$$Lambda/0x00007fcd2848b790
10948:             1             16  org.opensearch.knn.index.KNNSettings$$Lambda/0x00007fcd28617d20
10949:             1             16  org.opensearch.knn.index.KNNSettings$$Lambda/0x00007fcd28fe6ee8
10950:             1             16  org.opensearch.knn.index.KNNSettings$1$$Lambda/0x00007fcd2848bdc0
10951:             1             16  org.opensearch.knn.index.KNNSettings$SpaceTypeValidator
10952:             1             16  org.opensearch.knn.index.MethodComponent$Builder$$Lambda/0x00007fcd28467cf0
10953:             1             16  org.opensearch.knn.index.VectorDataType$$Lambda/0x00007fcd28491618
10954:             1             16  org.opensearch.knn.index.codec.KNN920Codec.KNN920PerFieldKnnVectorsFormat$$Lambda/0x00007fcd28240678
10955:             1             16  org.opensearch.knn.index.codec.KNN920Codec.KNN920PerFieldKnnVectorsFormat$$Lambda/0x00007fcd28240890
10956:             1             16  org.opensearch.knn.index.codec.KNN940Codec.KNN940PerFieldKnnVectorsFormat$$Lambda/0x00007fcd28241130
10957:             1             16  org.opensearch.knn.index.codec.KNN940Codec.KNN940PerFieldKnnVectorsFormat$$Lambda/0x00007fcd28241348
10958:             1             16  org.opensearch.knn.index.codec.KNN950Codec.KNN950PerFieldKnnVectorsFormat$$Lambda/0x00007fcd28241be8
10959:             1             16  org.opensearch.knn.index.codec.KNN950Codec.KNN950PerFieldKnnVectorsFormat$$Lambda/0x00007fcd28241e00
10960:             1             16  org.opensearch.knn.index.codec.KNN990Codec.KNN990PerFieldKnnVectorsFormat$$Lambda/0x00007fcd282426a0
10961:             1             16  org.opensearch.knn.index.codec.KNN990Codec.KNN990PerFieldKnnVectorsFormat$$Lambda/0x00007fcd282428b8
10962:             1             16  org.opensearch.knn.index.codec.KNNCodecVersion$$Lambda/0x00007fcd28240000
10963:             1             16  org.opensearch.knn.index.codec.KNNCodecVersion$$Lambda/0x00007fcd28240238
10964:             1             16  org.opensearch.knn.index.codec.KNNCodecVersion$$Lambda/0x00007fcd28240460
10965:             1             16  org.opensearch.knn.index.codec.KNNCodecVersion$$Lambda/0x00007fcd28240ab8
10966:             1             16  org.opensearch.knn.index.codec.KNNCodecVersion$$Lambda/0x00007fcd28240cf0
10967:             1             16  org.opensearch.knn.index.codec.KNNCodecVersion$$Lambda/0x00007fcd28240f18
10968:             1             16  org.opensearch.knn.index.codec.KNNCodecVersion$$Lambda/0x00007fcd28241570
10969:             1             16  org.opensearch.knn.index.codec.KNNCodecVersion$$Lambda/0x00007fcd282417a8
10970:             1             16  org.opensearch.knn.index.codec.KNNCodecVersion$$Lambda/0x00007fcd282419d0
10971:             1             16  org.opensearch.knn.index.codec.KNNCodecVersion$$Lambda/0x00007fcd28242028
10972:             1             16  org.opensearch.knn.index.codec.KNNCodecVersion$$Lambda/0x00007fcd28242260
10973:             1             16  org.opensearch.knn.index.codec.KNNCodecVersion$$Lambda/0x00007fcd28242488
10974:             1             16  org.opensearch.knn.index.codec.KNNCodecVersion$$Lambda/0x00007fcd28242ae0
10975:             1             16  org.opensearch.knn.index.codec.KNNCodecVersion$$Lambda/0x00007fcd28242d18
10976:             1             16  org.opensearch.knn.index.codec.KNNCodecVersion$$Lambda/0x00007fcd28242f40
10977:             1             16  org.opensearch.knn.index.mapper.KNNVectorFieldMapper$TypeParser
10978:             1             16  org.opensearch.knn.index.memory.NativeMemoryCacheManager$$Lambda/0x00007fcd28907a70
10979:             1             16  org.opensearch.knn.index.memory.NativeMemoryCacheManager$$Lambda/0x00007fcd28908000
10980:             1             16  org.opensearch.knn.index.memory.NativeMemoryLoadStrategy$IndexLoadStrategy$1
10981:             1             16  org.opensearch.knn.index.util.Faiss$$Lambda/0x00007fcd28490230
10982:             1             16  org.opensearch.knn.index.util.Faiss$$Lambda/0x00007fcd284906c0
10983:             1             16  org.opensearch.knn.index.util.Faiss$$Lambda/0x00007fcd284908f8
10984:             1             16  org.opensearch.knn.index.util.Faiss$$Lambda/0x00007fcd28491850
10985:             1             16  org.opensearch.knn.index.util.Faiss$$Lambda/0x00007fcd28491aa0
10986:             1             16  org.opensearch.knn.index.util.Faiss$$Lambda/0x00007fcd28491ce8
10987:             1             16  org.opensearch.knn.index.util.Faiss$$Lambda/0x00007fcd28491f10
10988:             1             16  org.opensearch.knn.index.util.Faiss$$Lambda/0x00007fcd28492368
10989:             1             16  org.opensearch.knn.index.util.Faiss$$Lambda/0x00007fcd28492590
10990:             1             16  org.opensearch.knn.index.util.Faiss$$Lambda/0x00007fcd284927d8
10991:             1             16  org.opensearch.knn.index.util.Faiss$$Lambda/0x00007fcd28492a00
10992:             1             16  org.opensearch.knn.index.util.Faiss$$Lambda/0x00007fcd28494400
10993:             1             16  org.opensearch.knn.index.util.Faiss$$Lambda/0x00007fcd28494800
10994:             1             16  org.opensearch.knn.index.util.Faiss$$Lambda/0x00007fcd28494a28
10995:             1             16  org.opensearch.knn.index.util.Faiss$$Lambda/0x00007fcd28494c70
10996:             1             16  org.opensearch.knn.index.util.Faiss$$Lambda/0x00007fcd28495000
10997:             1             16  org.opensearch.knn.index.util.Faiss$$Lambda/0x00007fcd28495228
10998:             1             16  org.opensearch.knn.index.util.Faiss$$Lambda/0x00007fcd28495440
10999:             1             16  org.opensearch.knn.index.util.Faiss$$Lambda/0x00007fcd28495688
11000:             1             16  org.opensearch.knn.index.util.Faiss$$Lambda/0x00007fcd284958d0
11001:             1             16  org.opensearch.knn.index.util.Faiss$$Lambda/0x00007fcd28497908
11002:             1             16  org.opensearch.knn.index.util.Faiss$$Lambda/0x00007fcd28497b50
11003:             1             16  org.opensearch.knn.index.util.Faiss$$Lambda/0x00007fcd28497d78
11004:             1             16  org.opensearch.knn.index.util.Faiss$$Lambda/0x00007fcd28498000
11005:             1             16  org.opensearch.knn.index.util.Lucene$$Lambda/0x00007fcd28498830
11006:             1             16  org.opensearch.knn.index.util.Lucene$$Lambda/0x00007fcd28498a78
11007:             1             16  org.opensearch.knn.index.util.Lucene$$Lambda/0x00007fcd28498cc0
11008:             1             16  org.opensearch.knn.index.util.Lucene$$Lambda/0x00007fcd28498ef8
11009:             1             16  org.opensearch.knn.index.util.Nmslib$$Lambda/0x00007fcd28489000
11010:             1             16  org.opensearch.knn.index.util.Nmslib$$Lambda/0x00007fcd28489248
11011:             1             16  org.opensearch.knn.indices.ModelDao$OpenSearchKNNModelDao$$Lambda/0x00007fcd28904218
11012:             1             16  org.opensearch.knn.indices.ModelDao$OpenSearchKNNModelDao$$Lambda/0x00007fcd28904448
11013:             1             16  org.opensearch.knn.plugin.KNNPlugin$$Lambda/0x00007fcd28499d38
11014:             1             16  org.opensearch.knn.plugin.KNNPlugin$$Lambda/0x00007fcd28615bc0
11015:             1             16  org.opensearch.knn.plugin.KNNPlugin$$Lambda/0x00007fcd286161c8
11016:             1             16  org.opensearch.knn.plugin.KNNPlugin$$Lambda/0x00007fcd286163e0
11017:             1             16  org.opensearch.knn.plugin.KNNPlugin$$Lambda/0x00007fcd28616980
11018:             1             16  org.opensearch.knn.plugin.KNNPlugin$$Lambda/0x00007fcd28616b98
11019:             1             16  org.opensearch.knn.plugin.KNNPlugin$$Lambda/0x00007fcd28616db0
11020:             1             16  org.opensearch.knn.plugin.rest.RestKNNStatsHandler$$Lambda/0x00007fcd28fe6840
11021:             1             16  org.opensearch.knn.plugin.rest.RestKNNStatsHandler$$Lambda/0x00007fcd28fe6a78
11022:             1             16  org.opensearch.knn.plugin.rest.RestKNNStatsHandler$$Lambda/0x00007fcd28fe6cb0
11023:             1             16  org.opensearch.knn.plugin.script.KNNScoringScriptEngine
11024:             1             16  org.opensearch.knn.plugin.stats.KNNStats
11025:             1             16  org.opensearch.knn.plugin.stats.KNNStats$$Lambda/0x00007fcd289134e0
11026:             1             16  org.opensearch.knn.plugin.stats.KNNStats$$Lambda/0x00007fcd28913718
11027:             1             16  org.opensearch.knn.plugin.stats.KNNStats$$Lambda/0x00007fcd28913950
11028:             1             16  org.opensearch.knn.plugin.stats.KNNStats$$Lambda/0x00007fcd28913b88
11029:             1             16  org.opensearch.knn.plugin.stats.KNNStats$$Lambda/0x00007fcd28913dc0
11030:             1             16  org.opensearch.knn.plugin.stats.KNNStats$$Lambda/0x00007fcd28913ff8
11031:             1             16  org.opensearch.knn.plugin.stats.KNNStats$$Lambda/0x00007fcd28914458
11032:             1             16  org.opensearch.knn.plugin.stats.KNNStats$$Lambda/0x00007fcd28914690
11033:             1             16  org.opensearch.knn.plugin.stats.KNNStats$$Lambda/0x00007fcd289148c8
11034:             1             16  org.opensearch.knn.plugin.stats.KNNStats$$Lambda/0x00007fcd28914b00
11035:             1             16  org.opensearch.knn.plugin.stats.KNNStats$$Lambda/0x00007fcd289155f8
11036:             1             16  org.opensearch.knn.plugin.stats.KNNStats$$Lambda/0x00007fcd28915a58
11037:             1             16  org.opensearch.knn.plugin.stats.KNNStats$$Lambda/0x00007fcd28915c90
11038:             1             16  org.opensearch.knn.plugin.stats.KNNStats$$Lambda/0x00007fcd28915ec8
11039:             1             16  org.opensearch.knn.plugin.stats.KNNStats$1
11040:             1             16  org.opensearch.knn.plugin.stats.suppliers.KNNCircuitBreakerSupplier
11041:             1             16  org.opensearch.knn.plugin.stats.suppliers.ModelIndexStatusSupplier
11042:             1             16  org.opensearch.knn.plugin.stats.suppliers.ModelIndexingDegradingSupplier
11043:             1             16  org.opensearch.knn.plugin.transport.ClearCacheAction$$Lambda/0x00007fcd28c06910
11044:             1             16  org.opensearch.knn.plugin.transport.ClearCacheTransportAction$$Lambda/0x00007fcd28d88f50
11045:             1             16  org.opensearch.knn.plugin.transport.DeleteModelAction$$Lambda/0x00007fcd28c04748
11046:             1             16  org.opensearch.knn.plugin.transport.DeleteModelTransportAction$$Lambda/0x00007fcd28d88d38
11047:             1             16  org.opensearch.knn.plugin.transport.GetModelAction$$Lambda/0x00007fcd28917de0
11048:             1             16  org.opensearch.knn.plugin.transport.GetModelTransportAction$$Lambda/0x00007fcd28d897b0
11049:             1             16  org.opensearch.knn.plugin.transport.KNNStatsAction$$Lambda/0x00007fcd289165f0
11050:             1             16  org.opensearch.knn.plugin.transport.KNNStatsTransportAction$$Lambda/0x00007fcd28d89e50
11051:             1             16  org.opensearch.knn.plugin.transport.KNNStatsTransportAction$$Lambda/0x00007fcd28d8a068
11052:             1             16  org.opensearch.knn.plugin.transport.KNNWarmupAction$$Lambda/0x00007fcd28916d40
11053:             1             16  org.opensearch.knn.plugin.transport.KNNWarmupTransportAction$$Lambda/0x00007fcd28d8a280
11054:             1             16  org.opensearch.knn.plugin.transport.RemoveModelFromCacheAction$$Lambda/0x00007fcd28c058f0
11055:             1             16  org.opensearch.knn.plugin.transport.RemoveModelFromCacheTransportAction$$Lambda/0x00007fcd28d8a498
11056:             1             16  org.opensearch.knn.plugin.transport.RemoveModelFromCacheTransportAction$$Lambda/0x00007fcd28d8a6b0
11057:             1             16  org.opensearch.knn.plugin.transport.SearchModelAction$$Lambda/0x00007fcd28c05d80
11058:             1             16  org.opensearch.knn.plugin.transport.SearchModelTransportAction$$Lambda/0x00007fcd28d89168
11059:             1             16  org.opensearch.knn.plugin.transport.TrainingJobRouteDecisionInfoAction$$Lambda/0x00007fcd28917950
11060:             1             16  org.opensearch.knn.plugin.transport.TrainingJobRouteDecisionInfoTransportAction$$Lambda/0x00007fcd28d89380
11061:             1             16  org.opensearch.knn.plugin.transport.TrainingJobRouteDecisionInfoTransportAction$$Lambda/0x00007fcd28d89598
11062:             1             16  org.opensearch.knn.plugin.transport.TrainingJobRouterAction$$Lambda/0x00007fcd28c04e08
11063:             1             16  org.opensearch.knn.plugin.transport.TrainingJobRouterTransportAction$$Lambda/0x00007fcd28d8aae0
11064:             1             16  org.opensearch.knn.plugin.transport.TrainingModelAction$$Lambda/0x00007fcd28c05250
11065:             1             16  org.opensearch.knn.plugin.transport.TrainingModelTransportAction$$Lambda/0x00007fcd28d8a8c8
11066:             1             16  org.opensearch.knn.plugin.transport.UpdateModelGraveyardAction$$Lambda/0x00007fcd28c061b0
11067:             1             16  org.opensearch.knn.plugin.transport.UpdateModelGraveyardTransportAction$$Lambda/0x00007fcd28d899c8
11068:             1             16  org.opensearch.knn.plugin.transport.UpdateModelGraveyardTransportAction$UpdateModelGraveyardExecutor
11069:             1             16  org.opensearch.knn.plugin.transport.UpdateModelMetadataAction$$Lambda/0x00007fcd289171f0
11070:             1             16  org.opensearch.knn.plugin.transport.UpdateModelMetadataTransportAction$$Lambda/0x00007fcd28d8acf8
11071:             1             16  org.opensearch.knn.plugin.transport.UpdateModelMetadataTransportAction$UpdateModelMetadataExecutor
11072:             1             16  org.opensearch.ml.action.agents.DeleteAgentTransportAction$$Lambda/0x00007fcd28ebedd8
11073:             1             16  org.opensearch.ml.action.agents.GetAgentTransportAction$$Lambda/0x00007fcd28ebf2b0
11074:             1             16  org.opensearch.ml.action.agents.TransportRegisterAgentAction$$Lambda/0x00007fcd28f14000
11075:             1             16  org.opensearch.ml.action.agents.TransportSearchAgentAction$$Lambda/0x00007fcd28f16ba0
11076:             1             16  org.opensearch.ml.action.config.GetConfigTransportAction$$Lambda/0x00007fcd28f90de0
11077:             1             16  org.opensearch.ml.action.connector.DeleteConnectorTransportAction$$Lambda/0x00007fcd28efb000
11078:             1             16  org.opensearch.ml.action.connector.ExecuteConnectorTransportAction$$Lambda/0x00007fcd28d725d8
11079:             1             16  org.opensearch.ml.action.connector.GetConnectorTransportAction$$Lambda/0x00007fcd28e97aa8
11080:             1             16  org.opensearch.ml.action.connector.SearchConnectorTransportAction$$Lambda/0x00007fcd28d73960
11081:             1             16  org.opensearch.ml.action.connector.TransportCreateConnectorAction$$Lambda/0x00007fcd28ebe6e0
11082:             1             16  org.opensearch.ml.action.connector.TransportCreateConnectorAction$$Lambda/0x00007fcd28ebe8f8
11083:             1             16  org.opensearch.ml.action.connector.UpdateConnectorTransportAction$$Lambda/0x00007fcd28f904d0
11084:             1             16  org.opensearch.ml.action.connector.UpdateConnectorTransportAction$$Lambda/0x00007fcd28f906e8
11085:             1             16  org.opensearch.ml.action.controller.CreateControllerTransportAction$$Lambda/0x00007fcd28e7ed58
11086:             1             16  org.opensearch.ml.action.controller.DeleteControllerTransportAction$$Lambda/0x00007fcd28d73318
11087:             1             16  org.opensearch.ml.action.controller.DeployControllerTransportAction$$Lambda/0x00007fcd28e7fcc0
11088:             1             16  org.opensearch.ml.action.controller.DeployControllerTransportAction$$Lambda/0x00007fcd28e96000
11089:             1             16  org.opensearch.ml.action.controller.GetControllerTransportAction$$Lambda/0x00007fcd28e7f448
11090:             1             16  org.opensearch.ml.action.controller.UndeployControllerTransportAction$$Lambda/0x00007fcd28d727f0
11091:             1             16  org.opensearch.ml.action.controller.UndeployControllerTransportAction$$Lambda/0x00007fcd28d72a08
11092:             1             16  org.opensearch.ml.action.controller.UpdateControllerTransportAction$$Lambda/0x00007fcd28f17068
11093:             1             16  org.opensearch.ml.action.deploy.TransportDeployModelAction$$Lambda/0x00007fcd28f150f0
11094:             1             16  org.opensearch.ml.action.deploy.TransportDeployModelAction$$Lambda/0x00007fcd28f15308
11095:             1             16  org.opensearch.ml.action.deploy.TransportDeployModelOnNodeAction$$Lambda/0x00007fcd28e96b10
11096:             1             16  org.opensearch.ml.action.deploy.TransportDeployModelOnNodeAction$$Lambda/0x00007fcd28e96d28
11097:             1             16  org.opensearch.ml.action.execute.TransportExecuteTaskAction$$Lambda/0x00007fcd28f90918
11098:             1             16  org.opensearch.ml.action.forward.TransportForwardAction$$Lambda/0x00007fcd28f14648
11099:             1             16  org.opensearch.ml.action.forward.TransportForwardAction$$Lambda/0x00007fcd28f14860
11100:             1             16  org.opensearch.ml.action.model_group.DeleteModelGroupTransportAction$$Lambda/0x00007fcd28e968f8
11101:             1             16  org.opensearch.ml.action.model_group.GetModelGroupTransportAction$$Lambda/0x00007fcd28efb910
11102:             1             16  org.opensearch.ml.action.model_group.SearchModelGroupTransportAction$$Lambda/0x00007fcd28d73b78
11103:             1             16  org.opensearch.ml.action.model_group.TransportRegisterModelGroupAction$$Lambda/0x00007fcd28f17530
11104:             1             16  org.opensearch.ml.action.model_group.TransportUpdateModelGroupAction$$Lambda/0x00007fcd28f0f2b0
11105:             1             16  org.opensearch.ml.action.models.DeleteModelTransportAction$$Lambda/0x00007fcd28f90000
11106:             1             16  org.opensearch.ml.action.models.GetModelTransportAction$$Lambda/0x00007fcd28d72110
11107:             1             16  org.opensearch.ml.action.models.SearchModelTransportAction$$Lambda/0x00007fcd28e7ef70
11108:             1             16  org.opensearch.ml.action.models.UpdateModelTransportAction$$Lambda/0x00007fcd28f0f778
11109:             1             16  org.opensearch.ml.action.models.UpdateModelTransportAction$$Lambda/0x00007fcd28f0f990
11110:             1             16  org.opensearch.ml.action.prediction.TransportPredictionTaskAction$$Lambda/0x00007fcd28f16758
11111:             1             16  org.opensearch.ml.action.prediction.TransportPredictionTaskAction$$Lambda/0x00007fcd28f16970
11112:             1             16  org.opensearch.ml.action.profile.MLProfileAction$$Lambda/0x00007fcd28c4e948
11113:             1             16  org.opensearch.ml.action.profile.MLProfileTransportAction$$Lambda/0x00007fcd28e96218
11114:             1             16  org.opensearch.ml.action.profile.MLProfileTransportAction$$Lambda/0x00007fcd28e96430
11115:             1             16  org.opensearch.ml.action.register.TransportRegisterModelAction$$Lambda/0x00007fcd28e96f40
11116:             1             16  org.opensearch.ml.action.register.TransportRegisterModelAction$$Lambda/0x00007fcd28e97158
11117:             1             16  org.opensearch.ml.action.register.TransportRegisterModelAction$$Lambda/0x00007fcd28e97388
11118:             1             16  org.opensearch.ml.action.register.TransportRegisterModelAction$$Lambda/0x00007fcd28e975b8
11119:             1             16  org.opensearch.ml.action.stats.MLStatsNodesAction$$Lambda/0x00007fcd28ae6d88
11120:             1             16  org.opensearch.ml.action.stats.MLStatsNodesTransportAction$$Lambda/0x00007fcd28f17b90
11121:             1             16  org.opensearch.ml.action.stats.MLStatsNodesTransportAction$$Lambda/0x00007fcd28f17da8
11122:             1             16  org.opensearch.ml.action.syncup.TransportSyncUpOnNodeAction$$Lambda/0x00007fcd28e7f660
11123:             1             16  org.opensearch.ml.action.syncup.TransportSyncUpOnNodeAction$$Lambda/0x00007fcd28e7f878
11124:             1             16  org.opensearch.ml.action.syncup.TransportSyncUpOnNodeAction$$Lambda/0x00007fcd28e7fa90
11125:             1             16  org.opensearch.ml.action.tasks.DeleteTaskTransportAction$$Lambda/0x00007fcd28ebe000
11126:             1             16  org.opensearch.ml.action.tasks.GetTaskTransportAction$$Lambda/0x00007fcd28f914c8
11127:             1             16  org.opensearch.ml.action.tasks.SearchTaskTransportAction$$Lambda/0x00007fcd28f14430
11128:             1             16  org.opensearch.ml.action.training.TransportTrainingTaskAction$$Lambda/0x00007fcd28d73d90
11129:             1             16  org.opensearch.ml.action.trainpredict.TransportTrainAndPredictionTaskAction$$Lambda/0x00007fcd28f14218
11130:             1             16  org.opensearch.ml.action.undeploy.TransportUndeployModelAction$$Lambda/0x00007fcd28d73530
11131:             1             16  org.opensearch.ml.action.undeploy.TransportUndeployModelAction$$Lambda/0x00007fcd28d73748
11132:             1             16  org.opensearch.ml.action.undeploy.TransportUndeployModelsAction$$Lambda/0x00007fcd28e7e890
11133:             1             16  org.opensearch.ml.action.update_cache.UpdateModelCacheTransportAction$$Lambda/0x00007fcd28ebfbc8
11134:             1             16  org.opensearch.ml.action.update_cache.UpdateModelCacheTransportAction$$Lambda/0x00007fcd28ebfde0
11135:             1             16  org.opensearch.ml.action.upload_chunk.TransportRegisterModelMetaAction$$Lambda/0x00007fcd28f157e8
11136:             1             16  org.opensearch.ml.action.upload_chunk.TransportUploadModelChunkAction$$Lambda/0x00007fcd28f16540
11137:             1             16  org.opensearch.ml.autoredeploy.MLModelAutoReDeployer$$Lambda/0x00007fcd28ae54e8
11138:             1             16  org.opensearch.ml.autoredeploy.MLModelAutoReDeployer$$Lambda/0x00007fcd28ae5718
11139:             1             16  org.opensearch.ml.autoredeploy.MLModelAutoReDeployer$$Lambda/0x00007fcd28ae5948
11140:             1             16  org.opensearch.ml.autoredeploy.MLModelAutoReDeployer$$Lambda/0x00007fcd28ae5b78
11141:             1             16  org.opensearch.ml.autoredeploy.MLModelAutoReDeployer$SearchRequestBuilderFactory
11142:             1             16  org.opensearch.ml.breaker.MemoryCircuitBreaker$$Lambda/0x00007fcd28ab8488
11143:             1             16  org.opensearch.ml.client.MachineLearningNodeClient
11144:             1             16  org.opensearch.ml.client.MachineLearningNodeClient
11145:             1             16  org.opensearch.ml.cluster.DiscoveryNodeHelper$$Lambda/0x00007fcd28ab44a8
11146:             1             16  org.opensearch.ml.cluster.DiscoveryNodeHelper$$Lambda/0x00007fcd28ab46d8
11147:             1             16  org.opensearch.ml.cluster.DiscoveryNodeHelper$$Lambda/0x00007fcd28ab6218
11148:             1             16  org.opensearch.ml.cluster.DiscoveryNodeHelper$$Lambda/0x00007fcd28ab6448
11149:             1             16  org.opensearch.ml.cluster.DiscoveryNodeHelper$HotDataNodePredicate
11150:             1             16  org.opensearch.ml.cluster.MLCommonsClusterEventListener$$Lambda/0x00007fcd2902d618
11151:             1             16  org.opensearch.ml.cluster.MLCommonsClusterEventListener$$Lambda/0x00007fcd2902d850
11152:             1             16  org.opensearch.ml.cluster.MLCommonsClusterManagerEventListener$$Lambda/0x00007fcd28ae6468
11153:             1             16  org.opensearch.ml.common.input.execute.anomalylocalization.AnomalyLocalizationInput$$Lambda/0x00007fcd288a6650
11154:             1             16  org.opensearch.ml.common.input.execute.metricscorrelation.MetricsCorrelationInput$$Lambda/0x00007fcd288a6138
11155:             1             16  org.opensearch.ml.common.input.execute.samplecalculator.LocalSampleCalculatorInput$$Lambda/0x00007fcd288a5c60
11156:             1             16  org.opensearch.ml.common.input.parameter.ad.AnomalyDetectionLibSVMParams$$Lambda/0x00007fcd288a47a8
11157:             1             16  org.opensearch.ml.common.input.parameter.clustering.KMeansParams$$Lambda/0x00007fcd2853b158
11158:             1             16  org.opensearch.ml.common.input.parameter.clustering.RCFSummarizeParams$$Lambda/0x00007fcd288a6dd8
11159:             1             16  org.opensearch.ml.common.input.parameter.rcf.BatchRCFParams$$Lambda/0x00007fcd288a5778
11160:             1             16  org.opensearch.ml.common.input.parameter.rcf.FitRCFParams$$Lambda/0x00007fcd288a5228
11161:             1             16  org.opensearch.ml.common.input.parameter.regression.LinearRegressionParams$$Lambda/0x00007fcd288a4000
11162:             1             16  org.opensearch.ml.common.input.parameter.regression.LogisticRegressionParams$$Lambda/0x00007fcd288a7a70
11163:             1             16  org.opensearch.ml.common.input.parameter.sample.SampleAlgoParams$$Lambda/0x00007fcd288a4ca8
11164:             1             16  org.opensearch.ml.common.input.parameter.textembedding.AsymmetricTextEmbeddingParameters$$Lambda/0x00007fcd288a8c88
11165:             1             16  org.opensearch.ml.common.model.TextEmbeddingModelConfig$$Lambda/0x00007fcd288a8780
11166:             1             16  org.opensearch.ml.common.transport.agent.MLAgentDeleteAction$$Lambda/0x00007fcd28c5e4a8
11167:             1             16  org.opensearch.ml.common.transport.agent.MLAgentGetAction$$Lambda/0x00007fcd28c5e078
11168:             1             16  org.opensearch.ml.common.transport.agent.MLRegisterAgentAction$$Lambda/0x00007fcd28c59b28
11169:             1             16  org.opensearch.ml.common.transport.agent.MLSearchAgentAction$$Lambda/0x00007fcd28c59f50
11170:             1             16  org.opensearch.ml.common.transport.config.MLConfigGetAction$$Lambda/0x00007fcd28c60940
11171:             1             16  org.opensearch.ml.common.transport.connector.MLConnectorDeleteAction$$Lambda/0x00007fcd28c56840
11172:             1             16  org.opensearch.ml.common.transport.connector.MLConnectorGetAction$$Lambda/0x00007fcd28c56418
11173:             1             16  org.opensearch.ml.common.transport.connector.MLConnectorSearchAction$$Lambda/0x00007fcd28c56c68
11174:             1             16  org.opensearch.ml.common.transport.connector.MLCreateConnectorAction$$Lambda/0x00007fcd28c55940
11175:             1             16  org.opensearch.ml.common.transport.connector.MLExecuteConnectorAction$$Lambda/0x00007fcd28c55d68
11176:             1             16  org.opensearch.ml.common.transport.connector.MLUpdateConnectorAction$$Lambda/0x00007fcd28c59470
11177:             1             16  org.opensearch.ml.common.transport.controller.MLControllerDeleteAction$$Lambda/0x00007fcd28c5d270
11178:             1             16  org.opensearch.ml.common.transport.controller.MLControllerGetAction$$Lambda/0x00007fcd28c5c2d0
11179:             1             16  org.opensearch.ml.common.transport.controller.MLCreateControllerAction$$Lambda/0x00007fcd28c5bc18
11180:             1             16  org.opensearch.ml.common.transport.controller.MLDeployControllerAction$$Lambda/0x00007fcd28c5c9b8
11181:             1             16  org.opensearch.ml.common.transport.controller.MLUndeployControllerAction$$Lambda/0x00007fcd28c5d958
11182:             1             16  org.opensearch.ml.common.transport.controller.MLUpdateControllerAction$$Lambda/0x00007fcd28c5ce48
11183:             1             16  org.opensearch.ml.common.transport.deploy.MLDeployModelAction$$Lambda/0x00007fcd28c4f990
11184:             1             16  org.opensearch.ml.common.transport.deploy.MLDeployModelOnNodeAction$$Lambda/0x00007fcd28c4fdd8
11185:             1             16  org.opensearch.ml.common.transport.execute.MLExecuteTaskAction$$Lambda/0x00007fcd28ae74b8
11186:             1             16  org.opensearch.ml.common.transport.forward.MLForwardAction$$Lambda/0x00007fcd28c52ef0
11187:             1             16  org.opensearch.ml.common.transport.model.MLModelDeleteAction$$Lambda/0x00007fcd28c4cf10
11188:             1             16  org.opensearch.ml.common.transport.model.MLModelGetAction$$Lambda/0x00007fcd28c4cae0
11189:             1             16  org.opensearch.ml.common.transport.model.MLModelSearchAction$$Lambda/0x00007fcd28c4d348
11190:             1             16  org.opensearch.ml.common.transport.model.MLUpdateModelAction$$Lambda/0x00007fcd28c520d8
11191:             1             16  org.opensearch.ml.common.transport.model_group.MLModelGroupDeleteAction$$Lambda/0x00007fcd28c55288
11192:             1             16  org.opensearch.ml.common.transport.model_group.MLModelGroupGetAction$$Lambda/0x00007fcd28c54a30
11193:             1             16  org.opensearch.ml.common.transport.model_group.MLModelGroupSearchAction$$Lambda/0x00007fcd28c54e58
11194:             1             16  org.opensearch.ml.common.transport.model_group.MLRegisterModelGroupAction$$Lambda/0x00007fcd28c53cc0
11195:             1             16  org.opensearch.ml.common.transport.model_group.MLUpdateModelGroupAction$$Lambda/0x00007fcd28c54378
11196:             1             16  org.opensearch.ml.common.transport.prediction.MLPredictionTaskAction$$Lambda/0x00007fcd28ae7b70
11197:             1             16  org.opensearch.ml.common.transport.register.MLRegisterModelAction$$Lambda/0x00007fcd28c4f080
11198:             1             16  org.opensearch.ml.common.transport.sync.MLSyncUpAction$$Lambda/0x00007fcd28c53590
11199:             1             16  org.opensearch.ml.common.transport.task.MLTaskDeleteAction$$Lambda/0x00007fcd28c4de30
11200:             1             16  org.opensearch.ml.common.transport.task.MLTaskGetAction$$Lambda/0x00007fcd28c4da08
11201:             1             16  org.opensearch.ml.common.transport.task.MLTaskSearchAction$$Lambda/0x00007fcd28c4e258
11202:             1             16  org.opensearch.ml.common.transport.tools.MLGetToolAction$$Lambda/0x00007fcd28c60290
11203:             1             16  org.opensearch.ml.common.transport.tools.MLListToolsAction$$Lambda/0x00007fcd28c5faa0
11204:             1             16  org.opensearch.ml.common.transport.training.MLTrainingTaskAction$$Lambda/0x00007fcd28c4c000
11205:             1             16  org.opensearch.ml.common.transport.trainpredict.MLTrainAndPredictionTaskAction$$Lambda/0x00007fcd28c4c428
11206:             1             16  org.opensearch.ml.common.transport.undeploy.MLUndeployModelAction$$Lambda/0x00007fcd28c507f8
11207:             1             16  org.opensearch.ml.common.transport.undeploy.MLUndeployModelsAction$$Lambda/0x00007fcd28c50f28
11208:             1             16  org.opensearch.ml.common.transport.update_cache.MLUpdateModelCacheAction$$Lambda/0x00007fcd28c527c8
11209:             1             16  org.opensearch.ml.common.transport.upload_chunk.MLRegisterModelMetaAction$$Lambda/0x00007fcd28c515f8
11210:             1             16  org.opensearch.ml.common.transport.upload_chunk.MLUploadModelChunkAction$$Lambda/0x00007fcd28c51cb0
11211:             1             16  org.opensearch.ml.engine.MLEngineClassLoader$$Lambda/0x00007fcd28ac6320
11212:             1             16  org.opensearch.ml.engine.ModelHelper
11213:             1             16  org.opensearch.ml.engine.indices.MLInputDatasetHandler
11214:             1             16  org.opensearch.ml.engine.tools.AgentTool$Factory
11215:             1             16  org.opensearch.ml.engine.tools.ConnectorTool$Factory
11216:             1             16  org.opensearch.ml.engine.tools.IndexMappingTool$Factory
11217:             1             16  org.opensearch.ml.engine.tools.MLModelTool$Factory
11218:             1             16  org.opensearch.ml.engine.tools.VisualizationsTool$Factory
11219:             1             16  org.opensearch.ml.helper.ConnectorAccessControlHelper
11220:             1             16  org.opensearch.ml.helper.ConnectorAccessControlHelper$$Lambda/0x00007fcd28abd5f0
11221:             1             16  org.opensearch.ml.helper.ModelAccessControlHelper
11222:             1             16  org.opensearch.ml.helper.ModelAccessControlHelper$$Lambda/0x00007fcd28abd178
11223:             1             16  org.opensearch.ml.memory.action.conversation.CreateConversationAction$$Lambda/0x00007fcd28c57328
11224:             1             16  org.opensearch.ml.memory.action.conversation.CreateConversationTransportAction$$Lambda/0x00007fcd28d72c20
11225:             1             16  org.opensearch.ml.memory.action.conversation.CreateConversationTransportAction$$Lambda/0x00007fcd28d72e38
11226:             1             16  org.opensearch.ml.memory.action.conversation.CreateInteractionAction$$Lambda/0x00007fcd28c58290
11227:             1             16  org.opensearch.ml.memory.action.conversation.CreateInteractionTransportAction$$Lambda/0x00007fcd28d71cc8
11228:             1             16  org.opensearch.ml.memory.action.conversation.CreateInteractionTransportAction$$Lambda/0x00007fcd28d71ee0
11229:             1             16  org.opensearch.ml.memory.action.conversation.DeleteConversationAction$$Lambda/0x00007fcd28c59038
11230:             1             16  org.opensearch.ml.memory.action.conversation.DeleteConversationTransportAction$$Lambda/0x00007fcd28e7e000
11231:             1             16  org.opensearch.ml.memory.action.conversation.DeleteConversationTransportAction$$Lambda/0x00007fcd28e7e218
11232:             1             16  org.opensearch.ml.memory.action.conversation.GetConversationAction$$Lambda/0x00007fcd28c5ae80
11233:             1             16  org.opensearch.ml.memory.action.conversation.GetConversationTransportAction$$Lambda/0x00007fcd28f15e48
11234:             1             16  org.opensearch.ml.memory.action.conversation.GetConversationTransportAction$$Lambda/0x00007fcd28f16060
11235:             1             16  org.opensearch.ml.memory.action.conversation.GetConversationsAction$$Lambda/0x00007fcd28c57a08
11236:             1             16  org.opensearch.ml.memory.action.conversation.GetConversationsTransportAction$$Lambda/0x00007fcd28f17748
11237:             1             16  org.opensearch.ml.memory.action.conversation.GetConversationsTransportAction$$Lambda/0x00007fcd28f17960
11238:             1             16  org.opensearch.ml.memory.action.conversation.GetInteractionAction$$Lambda/0x00007fcd28c5b548
11239:             1             16  org.opensearch.ml.memory.action.conversation.GetInteractionTransportAction$$Lambda/0x00007fcd28efb218
11240:             1             16  org.opensearch.ml.memory.action.conversation.GetInteractionTransportAction$$Lambda/0x00007fcd28efb430
11241:             1             16  org.opensearch.ml.memory.action.conversation.GetInteractionsAction$$Lambda/0x00007fcd28c58970
11242:             1             16  org.opensearch.ml.memory.action.conversation.GetInteractionsTransportAction$$Lambda/0x00007fcd28e7e448
11243:             1             16  org.opensearch.ml.memory.action.conversation.GetInteractionsTransportAction$$Lambda/0x00007fcd28e7e660
11244:             1             16  org.opensearch.ml.memory.action.conversation.GetTracesAction$$Lambda/0x00007fcd28c5f3e0
11245:             1             16  org.opensearch.ml.memory.action.conversation.GetTracesTransportAction$$Lambda/0x00007fcd28f14a90
11246:             1             16  org.opensearch.ml.memory.action.conversation.SearchConversationsAction$$Lambda/0x00007fcd28c5a7b8
11247:             1             16  org.opensearch.ml.memory.action.conversation.SearchConversationsTransportAction$$Lambda/0x00007fcd28efbb28
11248:             1             16  org.opensearch.ml.memory.action.conversation.SearchConversationsTransportAction$$Lambda/0x00007fcd28efbd40
11249:             1             16  org.opensearch.ml.memory.action.conversation.SearchInteractionsAction$$Lambda/0x00007fcd28c5a380
11250:             1             16  org.opensearch.ml.memory.action.conversation.SearchInteractionsTransportAction$$Lambda/0x00007fcd28f15a00
11251:             1             16  org.opensearch.ml.memory.action.conversation.SearchInteractionsTransportAction$$Lambda/0x00007fcd28f15c18
11252:             1             16  org.opensearch.ml.memory.action.conversation.UpdateConversationAction$$Lambda/0x00007fcd28c5e8d8
11253:             1             16  org.opensearch.ml.memory.action.conversation.UpdateConversationTransportAction$$Lambda/0x00007fcd28ebf780
11254:             1             16  org.opensearch.ml.memory.action.conversation.UpdateConversationTransportAction$$Lambda/0x00007fcd28ebf998
11255:             1             16  org.opensearch.ml.memory.action.conversation.UpdateInteractionAction$$Lambda/0x00007fcd28c5ed08
11256:             1             16  org.opensearch.ml.memory.action.conversation.UpdateInteractionTransportAction$$Lambda/0x00007fcd28f14ca8
11257:             1             16  org.opensearch.ml.memory.action.conversation.UpdateInteractionTransportAction$$Lambda/0x00007fcd28f14ec0
11258:             1             16  org.opensearch.ml.model.MLModelCacheHelper$$Lambda/0x00007fcd28ab6ca0
11259:             1             16  org.opensearch.ml.model.MLModelManager$$Lambda/0x00007fcd28abf068
11260:             1             16  org.opensearch.ml.model.MLModelManager$$Lambda/0x00007fcd28abf298
11261:             1             16  org.opensearch.ml.model.MLModelManager$$Lambda/0x00007fcd28abf4c8
11262:             1             16  org.opensearch.ml.plugin.MachineLearningPlugin$$Lambda/0x00007fcd2853a3f0
11263:             1             16  org.opensearch.ml.plugin.MachineLearningPlugin$$Lambda/0x00007fcd2853a608
11264:             1             16  org.opensearch.ml.plugin.MachineLearningPlugin$$Lambda/0x00007fcd28ae6698
11265:             1             16  org.opensearch.ml.plugin.MachineLearningPlugin$$Lambda/0x00007fcd28c60f88
11266:             1             16  org.opensearch.ml.plugin.MachineLearningPlugin$$Lambda/0x00007fcd28c613c8
11267:             1             16  org.opensearch.ml.repackage.com.google.common.collect.RegularImmutableList
11268:             1             16  org.opensearch.ml.repackage.com.google.common.collect.SingletonImmutableList
11269:             1             16  org.opensearch.ml.repackage.com.google.common.collect.SingletonImmutableSet
11270:             1             16  org.opensearch.ml.rest.RestMLRegisterModelMetaAction$$Lambda/0x00007fcd29025300
11271:             1             16  org.opensearch.ml.rest.RestMLStatsAction$$Lambda/0x00007fcd28f919b0
11272:             1             16  org.opensearch.ml.rest.RestMLUndeployModelAction$$Lambda/0x00007fcd29024e08
11273:             1             16  org.opensearch.ml.rest.RestMLUploadModelChunkAction$$Lambda/0x00007fcd290257f8
11274:             1             16  org.opensearch.ml.settings.MLFeatureEnabledSetting$$Lambda/0x00007fcd28abda48
11275:             1             16  org.opensearch.ml.settings.MLFeatureEnabledSetting$$Lambda/0x00007fcd28abdc78
11276:             1             16  org.opensearch.ml.settings.MLFeatureEnabledSetting$$Lambda/0x00007fcd28abdea8
11277:             1             16  org.opensearch.ml.settings.MLFeatureEnabledSetting$$Lambda/0x00007fcd28abe0d8
11278:             1             16  org.opensearch.ml.task.MLExecuteTaskRunner$$Lambda/0x00007fcd28ac1a98
11279:             1             16  org.opensearch.ml.task.MLPredictTaskRunner$$Lambda/0x00007fcd28ac13b8
11280:             1             16  org.opensearch.ml.task.MLTaskDispatcher$$Lambda/0x00007fcd28ac0000
11281:             1             16  org.opensearch.ml.task.MLTaskDispatcher$$Lambda/0x00007fcd28ac0230
11282:             1             16  org.opensearch.ml.tools.GetToolTransportAction$$Lambda/0x00007fcd28f912b0
11283:             1             16  org.opensearch.ml.tools.ListToolsTransportAction$$Lambda/0x00007fcd28ebe4c8
11284:             1             16  org.opensearch.monitor.fs.FsHealthService$$Lambda/0x00007fcd28714000
11285:             1             16  org.opensearch.monitor.fs.FsHealthService$$Lambda/0x00007fcd28714220
11286:             1             16  org.opensearch.monitor.fs.FsHealthService$$Lambda/0x00007fcd28714450
11287:             1             16  org.opensearch.monitor.fs.FsHealthService$$Lambda/0x00007fcd28714680
11288:             1             16  org.opensearch.monitor.fs.FsService
11289:             1             16  org.opensearch.monitor.fs.FsService$$Lambda/0x00007fcd288846f8
11290:             1             16  org.opensearch.monitor.jvm.HotThreads$$Lambda/0x00007fcd29338000
11291:             1             16  org.opensearch.monitor.os.OsProbe$$Lambda/0x00007fcd28874618
11292:             1             16  org.opensearch.monitor.process.ProcessProbe
11293:             1             16  org.opensearch.neuralsearch.ml.MLCommonsClientAccessor
11294:             1             16  org.opensearch.neuralsearch.plugin.NeuralSearch$$Lambda/0x00007fcd2856c840
11295:             1             16  org.opensearch.neuralsearch.plugin.NeuralSearch$$Lambda/0x00007fcd2856ca58
11296:             1             16  org.opensearch.neuralsearch.plugin.NeuralSearch$$Lambda/0x00007fcd28790268
11297:             1             16  org.opensearch.neuralsearch.plugin.NeuralSearch$$Lambda/0x00007fcd28790480
11298:             1             16  org.opensearch.neuralsearch.plugin.NeuralSearch$$Lambda/0x00007fcd28790ad0
11299:             1             16  org.opensearch.neuralsearch.plugin.NeuralSearch$$Lambda/0x00007fcd28790ce8
11300:             1             16  org.opensearch.neuralsearch.plugin.NeuralSearch$$Lambda/0x00007fcd287911a0
11301:             1             16  org.opensearch.neuralsearch.plugin.NeuralSearch$$Lambda/0x00007fcd287913b8
11302:             1             16  org.opensearch.neuralsearch.processor.NeuralQueryEnricherProcessor$Factory
11303:             1             16  org.opensearch.neuralsearch.processor.NeuralSparseTwoPhaseProcessor$Factory
11304:             1             16  org.opensearch.neuralsearch.processor.combination.ScoreCombinationFactory
11305:             1             16  org.opensearch.neuralsearch.processor.combination.ScoreCombinationFactory$$Lambda/0x00007fcd28249640
11306:             1             16  org.opensearch.neuralsearch.processor.combination.ScoreCombinationFactory$$Lambda/0x00007fcd28249878
11307:             1             16  org.opensearch.neuralsearch.processor.combination.ScoreCombinationFactory$$Lambda/0x00007fcd28249ab0
11308:             1             16  org.opensearch.neuralsearch.processor.combination.ScoreCombinationUtil
11309:             1             16  org.opensearch.neuralsearch.processor.combination.ScoreCombiner
11310:             1             16  org.opensearch.neuralsearch.processor.normalization.L2ScoreNormalizationTechnique
11311:             1             16  org.opensearch.neuralsearch.processor.normalization.ScoreNormalizationFactory
11312:             1             16  org.opensearch.neuralsearch.processor.normalization.ScoreNormalizer
11313:             1             16  org.opensearch.neuralsearch.search.query.HybridAggregationProcessor
11314:             1             16  org.opensearch.neuralsearch.util.HybridQueryUtil$$Lambda/0x00007fcd28d06898
11315:             1             16  org.opensearch.neuralsearch.util.NeuralSearchClusterUtil
11316:             1             16  org.opensearch.node.Node$$Lambda/0x00007fcd280cb100
11317:             1             16  org.opensearch.node.Node$$Lambda/0x00007fcd280cb568
11318:             1             16  org.opensearch.node.Node$$Lambda/0x00007fcd280cb7a8
11319:             1             16  org.opensearch.node.Node$$Lambda/0x00007fcd284a29d8
11320:             1             16  org.opensearch.node.Node$$Lambda/0x00007fcd284a2c10
11321:             1             16  org.opensearch.node.Node$$Lambda/0x00007fcd2851c640
11322:             1             16  org.opensearch.node.Node$$Lambda/0x00007fcd2851c878
11323:             1             16  org.opensearch.node.Node$$Lambda/0x00007fcd285457b0
11324:             1             16  org.opensearch.node.Node$$Lambda/0x00007fcd286c7278
11325:             1             16  org.opensearch.node.Node$$Lambda/0x00007fcd286c74b0
11326:             1             16  org.opensearch.node.Node$$Lambda/0x00007fcd287148b0
11327:             1             16  org.opensearch.node.Node$$Lambda/0x00007fcd28714ad0
11328:             1             16  org.opensearch.node.Node$$Lambda/0x00007fcd28882648
11329:             1             16  org.opensearch.node.Node$$Lambda/0x00007fcd2888dc18
11330:             1             16  org.opensearch.node.Node$$Lambda/0x00007fcd288b0b40
11331:             1             16  org.opensearch.node.Node$$Lambda/0x00007fcd288b0f90
11332:             1             16  org.opensearch.node.Node$$Lambda/0x00007fcd288b1408
11333:             1             16  org.opensearch.node.Node$$Lambda/0x00007fcd288b1a40
11334:             1             16  org.opensearch.node.Node$$Lambda/0x00007fcd288b1c78
11335:             1             16  org.opensearch.node.Node$$Lambda/0x00007fcd288b1eb0
11336:             1             16  org.opensearch.node.Node$$Lambda/0x00007fcd288b20e8
11337:             1             16  org.opensearch.node.Node$$Lambda/0x00007fcd288b2550
11338:             1             16  org.opensearch.node.Node$$Lambda/0x00007fcd288b2788
11339:             1             16  org.opensearch.node.Node$$Lambda/0x00007fcd288b29c0
11340:             1             16  org.opensearch.node.Node$$Lambda/0x00007fcd288b2bf8
11341:             1             16  org.opensearch.node.Node$$Lambda/0x00007fcd288b2e30
11342:             1             16  org.opensearch.node.Node$$Lambda/0x00007fcd288bb008
11343:             1             16  org.opensearch.node.Node$$Lambda/0x00007fcd288beb90
11344:             1             16  org.opensearch.node.Node$$Lambda/0x00007fcd288c1548
11345:             1             16  org.opensearch.node.Node$$Lambda/0x00007fcd288f9708
11346:             1             16  org.opensearch.node.Node$$Lambda/0x00007fcd28ba30f8
11347:             1             16  org.opensearch.node.Node$$Lambda/0x00007fcd28ba3340
11348:             1             16  org.opensearch.node.Node$$Lambda/0x00007fcd28ba3578
11349:             1             16  org.opensearch.node.Node$$Lambda/0x00007fcd28c9ea20
11350:             1             16  org.opensearch.node.Node$$Lambda/0x00007fcd28c9ee60
11351:             1             16  org.opensearch.node.Node$$Lambda/0x00007fcd28ca1e08
11352:             1             16  org.opensearch.node.Node$$Lambda/0x00007fcd28cb4cd0
11353:             1             16  org.opensearch.node.Node$$Lambda/0x00007fcd28cf3bc0
11354:             1             16  org.opensearch.node.Node$$Lambda/0x00007fcd28cf3de0
11355:             1             16  org.opensearch.node.Node$$Lambda/0x00007fcd28cf4440
11356:             1             16  org.opensearch.node.Node$$Lambda/0x00007fcd28cf4660
11357:             1             16  org.opensearch.node.Node$$Lambda/0x00007fcd28cf4880
11358:             1             16  org.opensearch.node.Node$$Lambda/0x00007fcd28d0af28
11359:             1             16  org.opensearch.node.Node$$Lambda/0x00007fcd28d24f58
11360:             1             16  org.opensearch.node.Node$$Lambda/0x00007fcd28f7e7d0
11361:             1             16  org.opensearch.node.Node$$Lambda/0x00007fcd28f7ea18
11362:             1             16  org.opensearch.node.Node$$Lambda/0x00007fcd28f7ee90
11363:             1             16  org.opensearch.node.Node$$Lambda/0x00007fcd28f7f0b0
11364:             1             16  org.opensearch.node.Node$$Lambda/0x00007fcd28fdf268
11365:             1             16  org.opensearch.node.Node$$Lambda/0x00007fcd290451d8
11366:             1             16  org.opensearch.node.Node$$Lambda/0x00007fcd290e9bf0
11367:             1             16  org.opensearch.node.Node$$Lambda/0x00007fcd290f5260
11368:             1             16  org.opensearch.node.NodeRoleSettings$$Lambda/0x00007fcd284b0000
11369:             1             16  org.opensearch.node.NodeRoleSettings$$Lambda/0x00007fcd284b0238
11370:             1             16  org.opensearch.node.NodeRoleSettings$$Lambda/0x00007fcd284b0470
11371:             1             16  org.opensearch.node.NodeRoleSettings$$Lambda/0x00007fcd284b0908
11372:             1             16  org.opensearch.node.ResourceUsageCollectorService$$Lambda/0x00007fcd29044440
11373:             1             16  org.opensearch.node.ResponseCollectorService
11374:             1             16  org.opensearch.node.remotestore.RemoteStoreNodeService$$Lambda/0x00007fcd28544968
11375:             1             16  org.opensearch.node.remotestore.RemoteStoreNodeService$$Lambda/0x00007fcd28544fd0
11376:             1             16  org.opensearch.node.remotestore.RemoteStoreNodeService$$Lambda/0x00007fcd28545208
11377:             1             16  org.opensearch.node.resource.tracker.AverageIoUsageTracker$$Lambda/0x00007fcd29044220
11378:             1             16  org.opensearch.node.resource.tracker.NodeResourceUsageTracker$$Lambda/0x00007fcd28c9b958
11379:             1             16  org.opensearch.node.resource.tracker.NodeResourceUsageTracker$$Lambda/0x00007fcd28c9be98
11380:             1             16  org.opensearch.node.resource.tracker.NodeResourceUsageTracker$$Lambda/0x00007fcd28c9c3f0
11381:             1             16  org.opensearch.notifications.CoreProvider
11382:             1             16  org.opensearch.notifications.NotificationPlugin
11383:             1             16  org.opensearch.notifications.NotificationPlugin$Companion
11384:             1             16  org.opensearch.notifications.action.CreateNotificationConfigAction$$Lambda/0x00007fcd28e50860
11385:             1             16  org.opensearch.notifications.action.DeleteNotificationConfigAction$$Lambda/0x00007fcd28e50ea8
11386:             1             16  org.opensearch.notifications.action.GetChannelListAction$$Lambda/0x00007fcd28e50000
11387:             1             16  org.opensearch.notifications.action.GetNotificationConfigAction$$Lambda/0x00007fcd28e50648
11388:             1             16  org.opensearch.notifications.action.GetPluginFeaturesAction$$Lambda/0x00007fcd28e50218
11389:             1             16  org.opensearch.notifications.action.PluginBaseAction$Companion
11390:             1             16  org.opensearch.notifications.action.PublishNotificationAction$$Lambda/0x00007fcd28e50c90
11391:             1             16  org.opensearch.notifications.action.SendNotificationAction$$Lambda/0x00007fcd28e50a78
11392:             1             16  org.opensearch.notifications.action.SendTestNotificationAction$$Lambda/0x00007fcd28b01db0
11393:             1             16  org.opensearch.notifications.action.SendTestNotificationAction$$Lambda/0x00007fcd28e50430
11394:             1             16  org.opensearch.notifications.action.SendTestNotificationAction$Companion
11395:             1             16  org.opensearch.notifications.action.UpdateNotificationConfigAction$$Lambda/0x00007fcd28e510c0
11396:             1             16  org.opensearch.notifications.core.NotificationCoreImpl
11397:             1             16  org.opensearch.notifications.core.NotificationCorePlugin
11398:             1             16  org.opensearch.notifications.core.NotificationCorePlugin$Companion
11399:             1             16  org.opensearch.notifications.core.setting.PluginSettings
11400:             1             16  org.opensearch.notifications.core.setting.PluginSettings$$Lambda/0x00007fcd2858d148
11401:             1             16  org.opensearch.notifications.core.setting.PluginSettings$$Lambda/0x00007fcd2858d380
11402:             1             16  org.opensearch.notifications.core.setting.PluginSettings$$Lambda/0x00007fcd2858d5b8
11403:             1             16  org.opensearch.notifications.core.setting.PluginSettings$$Lambda/0x00007fcd2858da80
11404:             1             16  org.opensearch.notifications.core.setting.PluginSettings$$Lambda/0x00007fcd2858dcb8
11405:             1             16  org.opensearch.notifications.core.setting.PluginSettings$$Lambda/0x00007fcd2858def0
11406:             1             16  org.opensearch.notifications.core.setting.PluginSettings$$Lambda/0x00007fcd2858e128
11407:             1             16  org.opensearch.notifications.core.setting.PluginSettings$$Lambda/0x00007fcd2858e360
11408:             1             16  org.opensearch.notifications.core.setting.PluginSettings$$Lambda/0x00007fcd2858e7f0
11409:             1             16  org.opensearch.notifications.core.setting.PluginSettings$$Lambda/0x00007fcd2858ea18
11410:             1             16  org.opensearch.notifications.core.setting.PluginSettings$$Lambda/0x00007fcd2858ec40
11411:             1             16  org.opensearch.notifications.core.setting.PluginSettings$$Lambda/0x00007fcd2858ee68
11412:             1             16  org.opensearch.notifications.core.setting.PluginSettings$$Lambda/0x00007fcd2858f090
11413:             1             16  org.opensearch.notifications.core.setting.PluginSettings$$Lambda/0x00007fcd2858f2b8
11414:             1             16  org.opensearch.notifications.core.setting.PluginSettings$$Lambda/0x00007fcd2858f4e0
11415:             1             16  org.opensearch.notifications.core.setting.PluginSettings$$Lambda/0x00007fcd2858f708
11416:             1             16  org.opensearch.notifications.core.setting.PluginSettings$$Lambda/0x00007fcd2858f930
11417:             1             16  org.opensearch.notifications.core.setting.PluginSettings$$Lambda/0x00007fcd2858fb58
11418:             1             16  org.opensearch.notifications.index.ConfigIndexingActions
11419:             1             16  org.opensearch.notifications.index.NotificationConfigIndex
11420:             1             16  org.opensearch.notifications.index.NotificationConfigIndex$searchHitParser$1
11421:             1             16  org.opensearch.notifications.resthandler.NotificationChannelListRestHandler$Companion
11422:             1             16  org.opensearch.notifications.resthandler.NotificationConfigRestHandler$Companion
11423:             1             16  org.opensearch.notifications.resthandler.NotificationFeaturesRestHandler$Companion
11424:             1             16  org.opensearch.notifications.resthandler.SendTestMessageRestHandler$Companion
11425:             1             16  org.opensearch.notifications.security.UserAccessManager
11426:             1             16  org.opensearch.notifications.send.SendMessageActionHelper
11427:             1             16  org.opensearch.notifications.settings.PluginSettings
11428:             1             16  org.opensearch.notifications.settings.PluginSettings$$Lambda/0x00007fcd28457dc8
11429:             1             16  org.opensearch.notifications.settings.PluginSettings$$Lambda/0x00007fcd28b00000
11430:             1             16  org.opensearch.notifications.util.SecureIndexClient
11431:             1             16  org.opensearch.observability.ObservabilityPlugin
11432:             1             16  org.opensearch.observability.ObservabilityPlugin$Companion
11433:             1             16  org.opensearch.observability.action.CreateObservabilityObjectAction$$Lambda/0x00007fcd28c84ec8
11434:             1             16  org.opensearch.observability.action.CreateObservabilityObjectAction$$Lambda/0x00007fcd28d942f0
11435:             1             16  org.opensearch.observability.action.CreateObservabilityObjectAction$Companion
11436:             1             16  org.opensearch.observability.action.DeleteObservabilityObjectAction$$Lambda/0x00007fcd28c85788
11437:             1             16  org.opensearch.observability.action.DeleteObservabilityObjectAction$$Lambda/0x00007fcd28d94508
11438:             1             16  org.opensearch.observability.action.DeleteObservabilityObjectAction$Companion
11439:             1             16  org.opensearch.observability.action.GetObservabilityObjectAction$$Lambda/0x00007fcd28c86050
11440:             1             16  org.opensearch.observability.action.GetObservabilityObjectAction$$Lambda/0x00007fcd28d94720
11441:             1             16  org.opensearch.observability.action.GetObservabilityObjectAction$Companion
11442:             1             16  org.opensearch.observability.action.PluginBaseAction$Companion
11443:             1             16  org.opensearch.observability.action.UpdateObservabilityObjectAction$$Lambda/0x00007fcd28c86910
11444:             1             16  org.opensearch.observability.action.UpdateObservabilityObjectAction$$Lambda/0x00007fcd28d94938
11445:             1             16  org.opensearch.observability.action.UpdateObservabilityObjectAction$Companion
11446:             1             16  org.opensearch.observability.index.ObservabilityIndex
11447:             1             16  org.opensearch.observability.index.ObservabilityIndex$searchHitParser$1
11448:             1             16  org.opensearch.observability.resthandler.ObservabilityRestHandler$Companion
11449:             1             16  org.opensearch.observability.resthandler.ObservabilityStatsRestHandler$Companion
11450:             1             16  org.opensearch.observability.settings.PluginSettings
11451:             1             16  org.opensearch.observability.settings.PluginSettings$$Lambda/0x00007fcd28597b40
11452:             1             16  org.opensearch.observability.settings.PluginSettings$$Lambda/0x00007fcd28597d78
11453:             1             16  org.opensearch.observability.settings.PluginSettings$$Lambda/0x00007fcd28afa000
11454:             1             16  org.opensearch.observability.settings.PluginSettings$$Lambda/0x00007fcd28afa228
11455:             1             16  org.opensearch.observability.settings.PluginSettings$$Lambda/0x00007fcd28afa450
11456:             1             16  org.opensearch.observability.settings.PluginSettings$$Lambda/0x00007fcd28afa678
11457:             1             16  org.opensearch.observability.settings.PluginSettings$$Lambda/0x00007fcd28afa8a0
11458:             1             16  org.opensearch.observability.settings.PluginSettings$$Lambda/0x00007fcd28afaac8
11459:             1             16  org.opensearch.observability.settings.PluginSettings$$Lambda/0x00007fcd28afacf0
11460:             1             16  org.opensearch.observability.settings.PluginSettings$$Lambda/0x00007fcd28afaf18
11461:             1             16  org.opensearch.observability.util.SecureIndexClient
11462:             1             16  org.opensearch.painless.CompilerSettings$$Lambda/0x00007fcd28226660
11463:             1             16  org.opensearch.painless.PainlessPlugin
11464:             1             16  org.opensearch.painless.PainlessPlugin$$Lambda/0x00007fcd28225990
11465:             1             16  org.opensearch.painless.PainlessPlugin$$Lambda/0x00007fcd28225bc8
11466:             1             16  org.opensearch.painless.PainlessPlugin$$Lambda/0x00007fcd28225df0
11467:             1             16  org.opensearch.painless.action.PainlessContextAction$$Lambda/0x00007fcd2861ede8
11468:             1             16  org.opensearch.painless.action.PainlessContextAction$TransportAction$$Lambda/0x00007fcd2861f830
11469:             1             16  org.opensearch.painless.action.PainlessExecuteAction$$Lambda/0x00007fcd2861e6d0
11470:             1             16  org.opensearch.painless.action.PainlessExecuteAction$TransportAction$$Lambda/0x00007fcd2861fa48
11471:             1             16  org.opensearch.painless.lookup.PainlessLookupBuilder$$Lambda/0x00007fcd285d4470
11472:             1             16  org.opensearch.painless.lookup.PainlessLookupBuilder$$Lambda/0x00007fcd285d48b0
11473:             1             16  org.opensearch.painless.lookup.PainlessLookupBuilder$$Lambda/0x00007fcd285d4ce8
11474:             1             16  org.opensearch.painless.lookup.PainlessLookupBuilder$$Lambda/0x00007fcd285d5128
11475:             1             16  org.opensearch.painless.lookup.PainlessLookupBuilder$$Lambda/0x00007fcd2860fd60
11476:             1             16  org.opensearch.painless.lookup.PainlessLookupBuilder$$Lambda/0x00007fcd2861e208
11477:             1             16  org.opensearch.painless.spi.WhitelistClass$$Lambda/0x00007fcd28220840
11478:             1             16  org.opensearch.painless.spi.WhitelistClass$$Lambda/0x00007fcd28220a78
11479:             1             16  org.opensearch.painless.spi.WhitelistClass$$Lambda/0x00007fcd28220cb0
11480:             1             16  org.opensearch.painless.spi.WhitelistConstructor$$Lambda/0x00007fcd28224cb8
11481:             1             16  org.opensearch.painless.spi.WhitelistConstructor$$Lambda/0x00007fcd28224ef0
11482:             1             16  org.opensearch.painless.spi.WhitelistConstructor$$Lambda/0x00007fcd28225128
11483:             1             16  org.opensearch.painless.spi.WhitelistMethod$$Lambda/0x00007fcd28224408
11484:             1             16  org.opensearch.painless.spi.WhitelistMethod$$Lambda/0x00007fcd28224640
11485:             1             16  org.opensearch.painless.spi.WhitelistMethod$$Lambda/0x00007fcd28224878
11486:             1             16  org.opensearch.painless.spi.annotation.DeprecatedAnnotationParser
11487:             1             16  org.opensearch.painless.spi.annotation.InjectConstantAnnotationParser
11488:             1             16  org.opensearch.painless.spi.annotation.NoImportAnnotation
11489:             1             16  org.opensearch.painless.spi.annotation.NoImportAnnotationParser
11490:             1             16  org.opensearch.painless.spi.annotation.NonDeterministicAnnotation
11491:             1             16  org.opensearch.painless.spi.annotation.NonDeterministicAnnotationParser
11492:             1             16  org.opensearch.painless.spi.annotation.WhitelistAnnotationParser$$Lambda/0x00007fcd2821bc80
11493:             1             16  org.opensearch.painless.spi.annotation.WhitelistAnnotationParser$$Lambda/0x00007fcd28220000
11494:             1             16  org.opensearch.percolator.PercolatorFieldMapper$TypeParser
11495:             1             16  org.opensearch.percolator.PercolatorFieldMapperExt$TypeParser
11496:             1             16  org.opensearch.percolator.PercolatorHighlightSubFetchPhase
11497:             1             16  org.opensearch.percolator.PercolatorHighlightSubFetchPhase
11498:             1             16  org.opensearch.percolator.PercolatorMatchedSlotSubFetchPhase
11499:             1             16  org.opensearch.percolator.PercolatorMatchedSlotSubFetchPhase
11500:             1             16  org.opensearch.percolator.PercolatorPlugin
11501:             1             16  org.opensearch.percolator.PercolatorPlugin$$Lambda/0x00007fcd2878c798
11502:             1             16  org.opensearch.percolator.PercolatorPlugin$$Lambda/0x00007fcd2878c9b0
11503:             1             16  org.opensearch.percolator.PercolatorPluginExt$$Lambda/0x00007fcd28621f38
11504:             1             16  org.opensearch.percolator.PercolatorPluginExt$$Lambda/0x00007fcd28622150
11505:             1             16  org.opensearch.performanceanalyzer.action.PerformanceAnalyzerActionFilter
11506:             1             16  org.opensearch.performanceanalyzer.collectors.NodeStatsAllShardsMetricsCollector$1$$Lambda/0x00007fcd284454b8
11507:             1             16  org.opensearch.performanceanalyzer.collectors.NodeStatsAllShardsMetricsCollector$1$$Lambda/0x00007fcd284456d0
11508:             1             16  org.opensearch.performanceanalyzer.collectors.NodeStatsAllShardsMetricsCollector$1$$Lambda/0x00007fcd284458e8
11509:             1             16  org.opensearch.performanceanalyzer.collectors.NodeStatsAllShardsMetricsCollector$1$$Lambda/0x00007fcd28445b00
11510:             1             16  org.opensearch.performanceanalyzer.collectors.NodeStatsAllShardsMetricsCollector$1$$Lambda/0x00007fcd28445d18
11511:             1             16  org.opensearch.performanceanalyzer.collectors.NodeStatsAllShardsMetricsCollector$1$$Lambda/0x00007fcd28445f30
11512:             1             16  org.opensearch.performanceanalyzer.collectors.NodeStatsAllShardsMetricsCollector$1$$Lambda/0x00007fcd28446148
11513:             1             16  org.opensearch.performanceanalyzer.collectors.NodeStatsAllShardsMetricsCollector$1$$Lambda/0x00007fcd28446360
11514:             1             16  org.opensearch.performanceanalyzer.collectors.NodeStatsAllShardsMetricsCollector$1$$Lambda/0x00007fcd28446578
11515:             1             16  org.opensearch.performanceanalyzer.collectors.NodeStatsAllShardsMetricsCollector$1$$Lambda/0x00007fcd28446790
11516:             1             16  org.opensearch.performanceanalyzer.collectors.telemetry.RTFNodeStatsAllShardsMetricsCollector$$Lambda/0x00007fcd2843f6e0
11517:             1             16  org.opensearch.performanceanalyzer.collectors.telemetry.RTFNodeStatsAllShardsMetricsCollector$$Lambda/0x00007fcd2843f8f8
11518:             1             16  org.opensearch.performanceanalyzer.collectors.telemetry.RTFNodeStatsAllShardsMetricsCollector$$Lambda/0x00007fcd2843fb10
11519:             1             16  org.opensearch.performanceanalyzer.collectors.telemetry.RTFNodeStatsAllShardsMetricsCollector$$Lambda/0x00007fcd2843fd28
11520:             1             16  org.opensearch.performanceanalyzer.collectors.telemetry.RTFNodeStatsAllShardsMetricsCollector$$Lambda/0x00007fcd28444000
11521:             1             16  org.opensearch.performanceanalyzer.collectors.telemetry.RTFNodeStatsAllShardsMetricsCollector$$Lambda/0x00007fcd28444218
11522:             1             16  org.opensearch.performanceanalyzer.collectors.telemetry.RTFNodeStatsAllShardsMetricsCollector$$Lambda/0x00007fcd28444430
11523:             1             16  org.opensearch.performanceanalyzer.collectors.telemetry.RTFNodeStatsAllShardsMetricsCollector$$Lambda/0x00007fcd28444648
11524:             1             16  org.opensearch.performanceanalyzer.collectors.telemetry.RTFNodeStatsAllShardsMetricsCollector$$Lambda/0x00007fcd28444860
11525:             1             16  org.opensearch.performanceanalyzer.collectors.telemetry.RTFNodeStatsAllShardsMetricsCollector$$Lambda/0x00007fcd28444a78
11526:             1             16  org.opensearch.performanceanalyzer.commons.config.ConfigStatus
11527:             1             16  org.opensearch.performanceanalyzer.commons.config.PluginSettings$$Lambda/0x00007fcd283f15c8
11528:             1             16  org.opensearch.performanceanalyzer.commons.metrics_generator.linux.LinuxOSMetricsGenerator
11529:             1             16  org.opensearch.performanceanalyzer.commons.stats.ServiceMetrics$$Lambda/0x00007fcd283edeb0
11530:             1             16  org.opensearch.performanceanalyzer.config.setting.ClusterSettingsManager$ClusterSettingsResponseHandler
11531:             1             16  org.opensearch.performanceanalyzer.http_action.whoami.TransportWhoAmIAction$$Lambda/0x00007fcd28c650b8
11532:             1             16  org.opensearch.performanceanalyzer.listener.NoOpSearchListener
11533:             1             16  org.opensearch.performanceanalyzer.transport.PerformanceAnalyzerTransportInterceptor
11534:             1             16  org.opensearch.performanceanalyzer.writer.EventLogQueueProcessor$$Lambda/0x00007fcd28440a20
11535:             1             16  org.opensearch.performanceanalyzer.writer.EventLogQueueProcessor$$Lambda/0x00007fcd28440c40
11536:             1             16  org.opensearch.persistent.CompletionPersistentTaskAction$$Lambda/0x00007fcd28bff5c0
11537:             1             16  org.opensearch.persistent.CompletionPersistentTaskAction$TransportAction$$Lambda/0x00007fcd28e22ac0
11538:             1             16  org.opensearch.persistent.NodePersistentTasksExecutor
11539:             1             16  org.opensearch.persistent.PersistentTasksClusterService$$Lambda/0x00007fcd28d10540
11540:             1             16  org.opensearch.persistent.PersistentTasksExecutorRegistry
11541:             1             16  org.opensearch.persistent.RemovePersistentTaskAction$$Lambda/0x00007fcd28bffa58
11542:             1             16  org.opensearch.persistent.RemovePersistentTaskAction$TransportAction$$Lambda/0x00007fcd28edd5e0
11543:             1             16  org.opensearch.persistent.StartPersistentTaskAction$$Lambda/0x00007fcd28bfec90
11544:             1             16  org.opensearch.persistent.StartPersistentTaskAction$TransportAction$$Lambda/0x00007fcd28e22470
11545:             1             16  org.opensearch.persistent.UpdatePersistentTaskStatusAction$$Lambda/0x00007fcd28bff128
11546:             1             16  org.opensearch.persistent.UpdatePersistentTaskStatusAction$TransportAction$$Lambda/0x00007fcd28f7e180
11547:             1             16  org.opensearch.persistent.decider.EnableAssignmentDecider
11548:             1             16  org.opensearch.persistent.decider.EnableAssignmentDecider$$Lambda/0x00007fcd286f43a0
11549:             1             16  org.opensearch.persistent.decider.EnableAssignmentDecider$$Lambda/0x00007fcd28d0bbe0
11550:             1             16  org.opensearch.plugin.repository.url.URLRepositoryPlugin
11551:             1             16  org.opensearch.plugins.MapperPlugin$$Lambda/0x00007fcd28213db8
11552:             1             16  org.opensearch.plugins.MapperPlugin$$Lambda/0x00007fcd28216000
11553:             1             16  org.opensearch.plugins.MetadataUpgrader
11554:             1             16  org.opensearch.plugins.MetadataUpgrader$$Lambda/0x00007fcd28ca2248
11555:             1             16  org.opensearch.plugins.PluginsService$$Lambda/0x00007fcd281eb350
11556:             1             16  org.opensearch.plugins.PluginsService$$Lambda/0x00007fcd28443220
11557:             1             16  org.opensearch.plugins.PluginsService$$Lambda/0x00007fcd28443458
11558:             1             16  org.opensearch.plugins.PluginsService$$Lambda/0x00007fcd28443690
11559:             1             16  org.opensearch.plugins.PluginsService$$Lambda/0x00007fcd2845e428
11560:             1             16  org.opensearch.plugins.PluginsService$$Lambda/0x00007fcd284a27a0
11561:             1             16  org.opensearch.plugins.PluginsService$$Lambda/0x00007fcd28542238
11562:             1             16  org.opensearch.plugins.PluginsService$$Lambda/0x00007fcd2854ed60
11563:             1             16  org.opensearch.plugins.TransportExceptionHandler$$Lambda/0x00007fcd28ca17c8
11564:             1             16  org.opensearch.ratelimitting.admissioncontrol.AdmissionControlSettings
11565:             1             16  org.opensearch.ratelimitting.admissioncontrol.AdmissionControlSettings$$Lambda/0x00007fcd28704fe0
11566:             1             16  org.opensearch.ratelimitting.admissioncontrol.AdmissionControlSettings$$Lambda/0x00007fcd28c9d418
11567:             1             16  org.opensearch.ratelimitting.admissioncontrol.settings.CpuBasedAdmissionControllerSettings$$Lambda/0x00007fcd28705458
11568:             1             16  org.opensearch.ratelimitting.admissioncontrol.settings.CpuBasedAdmissionControllerSettings$$Lambda/0x00007fcd28c9d648
11569:             1             16  org.opensearch.ratelimitting.admissioncontrol.settings.CpuBasedAdmissionControllerSettings$$Lambda/0x00007fcd28c9d878
11570:             1             16  org.opensearch.ratelimitting.admissioncontrol.settings.CpuBasedAdmissionControllerSettings$$Lambda/0x00007fcd28c9daa8
11571:             1             16  org.opensearch.ratelimitting.admissioncontrol.settings.CpuBasedAdmissionControllerSettings$$Lambda/0x00007fcd28c9dcd8
11572:             1             16  org.opensearch.ratelimitting.admissioncontrol.settings.IoBasedAdmissionControllerSettings$$Lambda/0x00007fcd287058d0
11573:             1             16  org.opensearch.ratelimitting.admissioncontrol.settings.IoBasedAdmissionControllerSettings$$Lambda/0x00007fcd28c9df08
11574:             1             16  org.opensearch.ratelimitting.admissioncontrol.settings.IoBasedAdmissionControllerSettings$$Lambda/0x00007fcd28c9e138
11575:             1             16  org.opensearch.ratelimitting.admissioncontrol.settings.IoBasedAdmissionControllerSettings$$Lambda/0x00007fcd28c9e368
11576:             1             16  org.opensearch.ratelimitting.admissioncontrol.transport.AdmissionControlTransportInterceptor
11577:             1             16  org.opensearch.replication.ReplicationPlugin$$Lambda/0x00007fcd285224f0
11578:             1             16  org.opensearch.replication.ReplicationPlugin$$Lambda/0x00007fcd285229c8
11579:             1             16  org.opensearch.replication.ReplicationPlugin$$Lambda/0x00007fcd28894000
11580:             1             16  org.opensearch.replication.ReplicationPlugin$$Lambda/0x00007fcd288944d0
11581:             1             16  org.opensearch.replication.ReplicationPlugin$$Lambda/0x00007fcd288949d8
11582:             1             16  org.opensearch.replication.ReplicationPlugin$$Lambda/0x00007fcd28894f18
11583:             1             16  org.opensearch.replication.ReplicationPlugin$$Lambda/0x00007fcd288953b8
11584:             1             16  org.opensearch.replication.ReplicationPlugin$$Lambda/0x00007fcd28895a80
11585:             1             16  org.opensearch.replication.ReplicationPlugin$$Lambda/0x00007fcd28895c98
11586:             1             16  org.opensearch.replication.ReplicationPlugin$$Lambda/0x00007fcd28898000
11587:             1             16  org.opensearch.replication.ReplicationPlugin$$Lambda/0x00007fcd28898218
11588:             1             16  org.opensearch.replication.ReplicationPlugin$$Lambda/0x00007fcd28898430
11589:             1             16  org.opensearch.replication.ReplicationPlugin$$Lambda/0x00007fcd28898648
11590:             1             16  org.opensearch.replication.ReplicationPlugin$$Lambda/0x00007fcd28898860
11591:             1             16  org.opensearch.replication.ReplicationPlugin$$Lambda/0x00007fcd29000d80
11592:             1             16  org.opensearch.replication.ReplicationPlugin$Companion
11593:             1             16  org.opensearch.replication.ReplicationSettings$$Lambda/0x00007fcd2889a2e0
11594:             1             16  org.opensearch.replication.ReplicationSettings$$Lambda/0x00007fcd2889a510
11595:             1             16  org.opensearch.replication.ReplicationSettings$$Lambda/0x00007fcd2889a740
11596:             1             16  org.opensearch.replication.ReplicationSettings$$Lambda/0x00007fcd2889a970
11597:             1             16  org.opensearch.replication.ReplicationSettings$$Lambda/0x00007fcd2889aba0
11598:             1             16  org.opensearch.replication.ReplicationSettings$$Lambda/0x00007fcd2889add0
11599:             1             16  org.opensearch.replication.ReplicationSettings$$Lambda/0x00007fcd2889b000
11600:             1             16  org.opensearch.replication.ReplicationSettings$$Lambda/0x00007fcd2889b230
11601:             1             16  org.opensearch.replication.ReplicationSettings$$Lambda/0x00007fcd2889b460
11602:             1             16  org.opensearch.replication.ReplicationSettings$$Lambda/0x00007fcd2889b690
11603:             1             16  org.opensearch.replication.ReplicationSettings$$Lambda/0x00007fcd2889b8c0
11604:             1             16  org.opensearch.replication.ReplicationSettings$$Lambda/0x00007fcd2889baf0
11605:             1             16  org.opensearch.replication.action.autofollow.AutoFollowClusterManagerNodeAction$$Lambda/0x00007fcd28c08860
11606:             1             16  org.opensearch.replication.action.autofollow.AutoFollowClusterManagerNodeAction$Companion
11607:             1             16  org.opensearch.replication.action.autofollow.TransportAutoFollowClusterManagerNodeAction$$Lambda/0x00007fcd28da1b30
11608:             1             16  org.opensearch.replication.action.autofollow.TransportAutoFollowClusterManagerNodeAction$Companion
11609:             1             16  org.opensearch.replication.action.autofollow.TransportUpdateAutoFollowPatternAction$$Lambda/0x00007fcd28e6d440
11610:             1             16  org.opensearch.replication.action.autofollow.TransportUpdateAutoFollowPatternAction$Companion
11611:             1             16  org.opensearch.replication.action.autofollow.UpdateAutoFollowPatternAction$$Lambda/0x00007fcd28c08000
11612:             1             16  org.opensearch.replication.action.autofollow.UpdateAutoFollowPatternAction$Companion
11613:             1             16  org.opensearch.replication.action.changes.GetChangesAction$$Lambda/0x00007fcd28974f10
11614:             1             16  org.opensearch.replication.action.changes.GetChangesAction$Companion
11615:             1             16  org.opensearch.replication.action.changes.TransportGetChangesAction$$Lambda/0x00007fcd28da0a70
11616:             1             16  org.opensearch.replication.action.changes.TransportGetChangesAction$$Lambda/0x00007fcd28da0c88
11617:             1             16  org.opensearch.replication.action.changes.TransportGetChangesAction$Companion
11618:             1             16  org.opensearch.replication.action.index.ReplicateIndexAction$$Lambda/0x00007fcd28975a38
11619:             1             16  org.opensearch.replication.action.index.ReplicateIndexAction$Companion
11620:             1             16  org.opensearch.replication.action.index.ReplicateIndexClusterManagerNodeAction$$Lambda/0x00007fcd28976490
11621:             1             16  org.opensearch.replication.action.index.ReplicateIndexClusterManagerNodeAction$Companion
11622:             1             16  org.opensearch.replication.action.index.TransportReplicateIndexAction$$Lambda/0x00007fcd28e6d658
11623:             1             16  org.opensearch.replication.action.index.TransportReplicateIndexAction$Companion
11624:             1             16  org.opensearch.replication.action.index.TransportReplicateIndexClusterManagerNodeAction$$Lambda/0x00007fcd28e6f7d8
11625:             1             16  org.opensearch.replication.action.index.TransportReplicateIndexClusterManagerNodeAction$Companion
11626:             1             16  org.opensearch.replication.action.index.block.TransportUpddateIndexBlockAction$$Lambda/0x00007fcd28e6cdf8
11627:             1             16  org.opensearch.replication.action.index.block.TransportUpddateIndexBlockAction$Companion
11628:             1             16  org.opensearch.replication.action.index.block.UpdateIndexBlockAction$$Lambda/0x00007fcd28c0b420
11629:             1             16  org.opensearch.replication.action.index.block.UpdateIndexBlockAction$Companion
11630:             1             16  org.opensearch.replication.action.pause.PauseIndexReplicationAction$$Lambda/0x00007fcd28c099e0
11631:             1             16  org.opensearch.replication.action.pause.PauseIndexReplicationAction$Companion
11632:             1             16  org.opensearch.replication.action.pause.TransportPauseIndexReplicationAction$$Lambda/0x00007fcd28e6d228
11633:             1             16  org.opensearch.replication.action.pause.TransportPauseIndexReplicationAction$Companion
11634:             1             16  org.opensearch.replication.action.replay.ReplayChangesAction$$Lambda/0x00007fcd28976fb0
11635:             1             16  org.opensearch.replication.action.replay.ReplayChangesAction$Companion
11636:             1             16  org.opensearch.replication.action.replay.TransportReplayChangesAction$$Lambda/0x00007fcd28da1d48
11637:             1             16  org.opensearch.replication.action.replay.TransportReplayChangesAction$$Lambda/0x00007fcd28da1f80
11638:             1             16  org.opensearch.replication.action.replay.TransportReplayChangesAction$$Lambda/0x00007fcd28da2198
11639:             1             16  org.opensearch.replication.action.replay.TransportReplayChangesAction$Companion
11640:             1             16  org.opensearch.replication.action.replicationstatedetails.TransportUpdateReplicationStateDetails$$Lambda/0x00007fcd28e6f3a8
11641:             1             16  org.opensearch.replication.action.replicationstatedetails.UpdateReplicationStateAction$$Lambda/0x00007fcd28c0deb8
11642:             1             16  org.opensearch.replication.action.replicationstatedetails.UpdateReplicationStateAction$Companion
11643:             1             16  org.opensearch.replication.action.repository.GetFileChunkAction$$Lambda/0x00007fcd28c01660
11644:             1             16  org.opensearch.replication.action.repository.GetFileChunkAction$Companion
11645:             1             16  org.opensearch.replication.action.repository.GetStoreMetadataAction$$Lambda/0x00007fcd28977b48
11646:             1             16  org.opensearch.replication.action.repository.GetStoreMetadataAction$Companion
11647:             1             16  org.opensearch.replication.action.repository.ReleaseLeaderResourcesAction$$Lambda/0x00007fcd28c0bce0
11648:             1             16  org.opensearch.replication.action.repository.ReleaseLeaderResourcesAction$Companion
11649:             1             16  org.opensearch.replication.action.repository.TransportGetFileChunkAction$$Lambda/0x00007fcd28e6e2e8
11650:             1             16  org.opensearch.replication.action.repository.TransportGetFileChunkAction$$Lambda/0x00007fcd28e6e500
11651:             1             16  org.opensearch.replication.action.repository.TransportGetFileChunkAction$Companion
11652:             1             16  org.opensearch.replication.action.repository.TransportGetStoreMetadataAction$$Lambda/0x00007fcd28da12d0
11653:             1             16  org.opensearch.replication.action.repository.TransportGetStoreMetadataAction$$Lambda/0x00007fcd28da14e8
11654:             1             16  org.opensearch.replication.action.repository.TransportGetStoreMetadataAction$Companion
11655:             1             16  org.opensearch.replication.action.repository.TransportReleaseLeaderResourcesAction$$Lambda/0x00007fcd28da1700
11656:             1             16  org.opensearch.replication.action.repository.TransportReleaseLeaderResourcesAction$$Lambda/0x00007fcd28da1918
11657:             1             16  org.opensearch.replication.action.repository.TransportReleaseLeaderResourcesAction$Companion
11658:             1             16  org.opensearch.replication.action.resume.ResumeIndexReplicationAction$$Lambda/0x00007fcd28c0a2a0
11659:             1             16  org.opensearch.replication.action.resume.ResumeIndexReplicationAction$Companion
11660:             1             16  org.opensearch.replication.action.resume.TransportResumeIndexReplicationAction$$Lambda/0x00007fcd28da0ea0
11661:             1             16  org.opensearch.replication.action.resume.TransportResumeIndexReplicationAction$Companion
11662:             1             16  org.opensearch.replication.action.setup.SetupChecksAction$$Lambda/0x00007fcd28c0d670
11663:             1             16  org.opensearch.replication.action.setup.SetupChecksAction$Companion
11664:             1             16  org.opensearch.replication.action.setup.TransportSetupChecksAction$$Lambda/0x00007fcd28e6e718
11665:             1             16  org.opensearch.replication.action.setup.TransportSetupChecksAction$Companion
11666:             1             16  org.opensearch.replication.action.setup.TransportValidatePermissionsAction$$Lambda/0x00007fcd28e6d010
11667:             1             16  org.opensearch.replication.action.setup.TransportValidatePermissionsAction$Companion
11668:             1             16  org.opensearch.replication.action.setup.ValidatePermissionsAction$$Lambda/0x00007fcd28c0ce28
11669:             1             16  org.opensearch.replication.action.setup.ValidatePermissionsAction$Companion
11670:             1             16  org.opensearch.replication.action.stats.AutoFollowStatsAction$$Lambda/0x00007fcd28c114b0
11671:             1             16  org.opensearch.replication.action.stats.AutoFollowStatsAction$Companion
11672:             1             16  org.opensearch.replication.action.stats.FollowerStatsAction$$Lambda/0x00007fcd28c10968
11673:             1             16  org.opensearch.replication.action.stats.FollowerStatsAction$Companion
11674:             1             16  org.opensearch.replication.action.stats.LeaderStatsAction$$Lambda/0x00007fcd28c10000
11675:             1             16  org.opensearch.replication.action.stats.LeaderStatsAction$Companion
11676:             1             16  org.opensearch.replication.action.stats.TransportAutoFollowStatsAction$$Lambda/0x00007fcd28e6dca0
11677:             1             16  org.opensearch.replication.action.stats.TransportAutoFollowStatsAction$$Lambda/0x00007fcd28e6deb8
11678:             1             16  org.opensearch.replication.action.stats.TransportAutoFollowStatsAction$$Lambda/0x00007fcd28e6e0d0
11679:             1             16  org.opensearch.replication.action.stats.TransportAutoFollowStatsAction$Companion
11680:             1             16  org.opensearch.replication.action.stats.TransportFollowerStatsAction$$Lambda/0x00007fcd28e6eb48
11681:             1             16  org.opensearch.replication.action.stats.TransportFollowerStatsAction$$Lambda/0x00007fcd28e6ed60
11682:             1             16  org.opensearch.replication.action.stats.TransportFollowerStatsAction$Companion
11683:             1             16  org.opensearch.replication.action.stats.TransportLeaderStatsAction$$Lambda/0x00007fcd28e6d870
11684:             1             16  org.opensearch.replication.action.stats.TransportLeaderStatsAction$$Lambda/0x00007fcd28e6da88
11685:             1             16  org.opensearch.replication.action.stats.TransportLeaderStatsAction$Companion
11686:             1             16  org.opensearch.replication.action.status.ReplicationStatusAction$$Lambda/0x00007fcd28c0f2d8
11687:             1             16  org.opensearch.replication.action.status.ReplicationStatusAction$Companion
11688:             1             16  org.opensearch.replication.action.status.ShardsInfoAction$$Lambda/0x00007fcd28c0ea40
11689:             1             16  org.opensearch.replication.action.status.ShardsInfoAction$Companion
11690:             1             16  org.opensearch.replication.action.status.TranportShardsInfoAction$$Lambda/0x00007fcd28e6e930
11691:             1             16  org.opensearch.replication.action.status.TranportShardsInfoAction$Companion
11692:             1             16  org.opensearch.replication.action.status.TransportReplicationStatusAction$$Lambda/0x00007fcd28e6ef78
11693:             1             16  org.opensearch.replication.action.status.TransportReplicationStatusAction$Companion
11694:             1             16  org.opensearch.replication.action.stop.StopIndexReplicationAction$$Lambda/0x00007fcd28c09120
11695:             1             16  org.opensearch.replication.action.stop.StopIndexReplicationAction$Companion
11696:             1             16  org.opensearch.replication.action.stop.TransportStopIndexReplicationAction$$Lambda/0x00007fcd28e6f190
11697:             1             16  org.opensearch.replication.action.stop.TransportStopIndexReplicationAction$Companion
11698:             1             16  org.opensearch.replication.action.update.TransportUpdateIndexReplicationAction$$Lambda/0x00007fcd28e6f9f0
11699:             1             16  org.opensearch.replication.action.update.TransportUpdateIndexReplicationAction$Companion
11700:             1             16  org.opensearch.replication.action.update.UpdateIndexReplicationAction$$Lambda/0x00007fcd28c0ab60
11701:             1             16  org.opensearch.replication.action.update.UpdateIndexReplicationAction$Companion
11702:             1             16  org.opensearch.replication.metadata.ReplicationMetadataManager$Companion
11703:             1             16  org.opensearch.replication.metadata.TransportUpdateMetadataAction$$Lambda/0x00007fcd28e6f5c0
11704:             1             16  org.opensearch.replication.metadata.TransportUpdateMetadataAction$Companion
11705:             1             16  org.opensearch.replication.metadata.UpdateMetadataAction$$Lambda/0x00007fcd28c0c580
11706:             1             16  org.opensearch.replication.metadata.UpdateMetadataAction$Companion
11707:             1             16  org.opensearch.replication.metadata.store.ReplicationMetadataStore$Companion
11708:             1             16  org.opensearch.replication.repository.RemoteClusterRepositoriesService
11709:             1             16  org.opensearch.replication.repository.RemoteClusterRepositoriesService$$Lambda/0x00007fcd28974000
11710:             1             16  org.opensearch.replication.repository.RemoteClusterRepositoriesService$$Lambda/0x00007fcd28974230
11711:             1             16  org.opensearch.replication.repository.RemoteClusterRepositoriesService$$Lambda/0x00007fcd28974458
11712:             1             16  org.opensearch.replication.repository.RemoteClusterRepositoriesService$$Lambda/0x00007fcd28974688
11713:             1             16  org.opensearch.replication.rest.AutoFollowStatsHandler$Companion
11714:             1             16  org.opensearch.replication.rest.FollowerStatsHandler$Companion
11715:             1             16  org.opensearch.replication.rest.LeaderStatsHandler$Companion
11716:             1             16  org.opensearch.replication.rest.PauseIndexReplicationHandler$Companion
11717:             1             16  org.opensearch.replication.rest.ReplicationStatusHandler$Companion
11718:             1             16  org.opensearch.replication.rest.ResumeIndexReplicationHandler$Companion
11719:             1             16  org.opensearch.replication.rest.UpdateAutoFollowPatternsHandler$Companion
11720:             1             16  org.opensearch.replication.seqno.RemoteClusterTranslogService$Companion
11721:             1             16  org.opensearch.replication.task.autofollow.AutoFollowExecutor$Companion
11722:             1             16  org.opensearch.replication.task.autofollow.AutoFollowStat$Companion
11723:             1             16  org.opensearch.replication.task.index.IndexReplicationExecutor$Companion
11724:             1             16  org.opensearch.replication.task.index.IndexReplicationState$$Lambda/0x00007fcd28d0c660
11725:             1             16  org.opensearch.replication.task.index.IndexReplicationState$$Lambda/0x00007fcd28d0c878
11726:             1             16  org.opensearch.replication.task.index.IndexReplicationState$Companion
11727:             1             16  org.opensearch.replication.task.index.InitialState
11728:             1             16  org.opensearch.replication.task.shard.FollowerClusterStats
11729:             1             16  org.opensearch.replication.task.shard.ShardReplicationExecutor$Companion
11730:             1             16  org.opensearch.replication.util.ValidationUtil
11731:             1             16  org.opensearch.reportsscheduler.ReportsSchedulerPlugin
11732:             1             16  org.opensearch.reportsscheduler.ReportsSchedulerPlugin$Companion
11733:             1             16  org.opensearch.reportsscheduler.action.CreateReportDefinitionAction$$Lambda/0x00007fcd289796f8
11734:             1             16  org.opensearch.reportsscheduler.action.CreateReportDefinitionAction$$Lambda/0x00007fcd28d81cf0
11735:             1             16  org.opensearch.reportsscheduler.action.CreateReportDefinitionAction$Companion
11736:             1             16  org.opensearch.reportsscheduler.action.DeleteReportDefinitionAction$$Lambda/0x00007fcd28979fb8
11737:             1             16  org.opensearch.reportsscheduler.action.DeleteReportDefinitionAction$$Lambda/0x00007fcd28d82120
11738:             1             16  org.opensearch.reportsscheduler.action.DeleteReportDefinitionAction$Companion
11739:             1             16  org.opensearch.reportsscheduler.action.GetAllReportDefinitionsAction$$Lambda/0x00007fcd2897a880
11740:             1             16  org.opensearch.reportsscheduler.action.GetAllReportDefinitionsAction$$Lambda/0x00007fcd28d82338
11741:             1             16  org.opensearch.reportsscheduler.action.GetAllReportDefinitionsAction$Companion
11742:             1             16  org.opensearch.reportsscheduler.action.GetAllReportInstancesAction$$Lambda/0x00007fcd2897b148
11743:             1             16  org.opensearch.reportsscheduler.action.GetAllReportInstancesAction$$Lambda/0x00007fcd28d81490
11744:             1             16  org.opensearch.reportsscheduler.action.GetAllReportInstancesAction$Companion
11745:             1             16  org.opensearch.reportsscheduler.action.GetReportDefinitionAction$$Lambda/0x00007fcd2897ba10
11746:             1             16  org.opensearch.reportsscheduler.action.GetReportDefinitionAction$$Lambda/0x00007fcd28d816a8
11747:             1             16  org.opensearch.reportsscheduler.action.GetReportDefinitionAction$Companion
11748:             1             16  org.opensearch.reportsscheduler.action.GetReportInstanceAction$$Lambda/0x00007fcd28c14498
11749:             1             16  org.opensearch.reportsscheduler.action.GetReportInstanceAction$$Lambda/0x00007fcd28d81f08
11750:             1             16  org.opensearch.reportsscheduler.action.GetReportInstanceAction$Companion
11751:             1             16  org.opensearch.reportsscheduler.action.InContextReportCreateAction$$Lambda/0x00007fcd28c14d60
11752:             1             16  org.opensearch.reportsscheduler.action.InContextReportCreateAction$$Lambda/0x00007fcd28d82550
11753:             1             16  org.opensearch.reportsscheduler.action.InContextReportCreateAction$Companion
11754:             1             16  org.opensearch.reportsscheduler.action.OnDemandReportCreateAction$$Lambda/0x00007fcd28c15628
11755:             1             16  org.opensearch.reportsscheduler.action.OnDemandReportCreateAction$$Lambda/0x00007fcd28c17d48
11756:             1             16  org.opensearch.reportsscheduler.action.OnDemandReportCreateAction$Companion
11757:             1             16  org.opensearch.reportsscheduler.action.PluginBaseAction$Companion
11758:             1             16  org.opensearch.reportsscheduler.action.UpdateReportDefinitionAction$$Lambda/0x00007fcd28c15ee8
11759:             1             16  org.opensearch.reportsscheduler.action.UpdateReportDefinitionAction$$Lambda/0x00007fcd28d81ad8
11760:             1             16  org.opensearch.reportsscheduler.action.UpdateReportDefinitionAction$Companion
11761:             1             16  org.opensearch.reportsscheduler.action.UpdateReportInstanceStatusAction$$Lambda/0x00007fcd28c167a8
11762:             1             16  org.opensearch.reportsscheduler.action.UpdateReportInstanceStatusAction$$Lambda/0x00007fcd28d818c0
11763:             1             16  org.opensearch.reportsscheduler.action.UpdateReportInstanceStatusAction$Companion
11764:             1             16  org.opensearch.reportsscheduler.index.ReportDefinitionsIndex
11765:             1             16  org.opensearch.reportsscheduler.index.ReportInstancesIndex
11766:             1             16  org.opensearch.reportsscheduler.resthandler.OnDemandReportRestHandler$Companion
11767:             1             16  org.opensearch.reportsscheduler.resthandler.ReportDefinitionListRestHandler$Companion
11768:             1             16  org.opensearch.reportsscheduler.resthandler.ReportDefinitionRestHandler$Companion
11769:             1             16  org.opensearch.reportsscheduler.resthandler.ReportInstanceListRestHandler$Companion
11770:             1             16  org.opensearch.reportsscheduler.resthandler.ReportInstanceRestHandler$Companion
11771:             1             16  org.opensearch.reportsscheduler.resthandler.ReportStatsRestHandler$Companion
11772:             1             16  org.opensearch.reportsscheduler.scheduler.ReportDefinitionJobParser
11773:             1             16  org.opensearch.reportsscheduler.scheduler.ReportDefinitionJobRunner
11774:             1             16  org.opensearch.reportsscheduler.settings.PluginSettings
11775:             1             16  org.opensearch.reportsscheduler.settings.PluginSettings$$Lambda/0x00007fcd28577600
11776:             1             16  org.opensearch.reportsscheduler.settings.PluginSettings$$Lambda/0x00007fcd28577828
11777:             1             16  org.opensearch.repositories.RepositoriesService$$Lambda/0x00007fcd28cef878
11778:             1             16  org.opensearch.repositories.VerifyNodeRepositoryAction$$Lambda/0x00007fcd28cef228
11779:             1             16  org.opensearch.repositories.VerifyNodeRepositoryAction$VerifyNodeRepositoryRequestHandler
11780:             1             16  org.opensearch.repositories.blobstore.BlobStoreRepository$$Lambda/0x00007fcd28531058
11781:             1             16  org.opensearch.repositories.blobstore.BlobStoreRepository$$Lambda/0x00007fcd28532538
11782:             1             16  org.opensearch.repositories.blobstore.BlobStoreRepository$$Lambda/0x00007fcd28532d70
11783:             1             16  org.opensearch.repositories.blobstore.BlobStoreRepository$$Lambda/0x00007fcd285331e8
11784:             1             16  org.opensearch.repositories.blobstore.BlobStoreRepository$$Lambda/0x00007fcd285338b8
11785:             1             16  org.opensearch.repositories.blobstore.BlobStoreRepository$$Lambda/0x00007fcd28533dc8
11786:             1             16  org.opensearch.repositories.blobstore.BlobStoreRepository$$Lambda/0x00007fcd28534298
11787:             1             16  org.opensearch.repositories.blobstore.BlobStoreRepository$$Lambda/0x00007fcd291bc448
11788:             1             16  org.opensearch.repositories.s3.S3ClientSettings$$Lambda/0x00007fcd283c4888
11789:             1             16  org.opensearch.repositories.s3.S3ClientSettings$$Lambda/0x00007fcd283c4ac0
11790:             1             16  org.opensearch.repositories.s3.S3ClientSettings$$Lambda/0x00007fcd283c4cf8
11791:             1             16  org.opensearch.repositories.s3.S3ClientSettings$$Lambda/0x00007fcd283c4f30
11792:             1             16  org.opensearch.repositories.s3.S3ClientSettings$$Lambda/0x00007fcd283c5168
11793:             1             16  org.opensearch.repositories.s3.S3ClientSettings$$Lambda/0x00007fcd283c53a0
11794:             1             16  org.opensearch.repositories.s3.S3ClientSettings$$Lambda/0x00007fcd283c55d8
11795:             1             16  org.opensearch.repositories.s3.S3ClientSettings$$Lambda/0x00007fcd283c5810
11796:             1             16  org.opensearch.repositories.s3.S3ClientSettings$$Lambda/0x00007fcd283c5a48
11797:             1             16  org.opensearch.repositories.s3.S3ClientSettings$$Lambda/0x00007fcd283c5ec0
11798:             1             16  org.opensearch.repositories.s3.S3ClientSettings$$Lambda/0x00007fcd283c60f8
11799:             1             16  org.opensearch.repositories.s3.S3ClientSettings$$Lambda/0x00007fcd283c6570
11800:             1             16  org.opensearch.repositories.s3.S3ClientSettings$$Lambda/0x00007fcd283c67a8
11801:             1             16  org.opensearch.repositories.s3.S3ClientSettings$$Lambda/0x00007fcd283c69e0
11802:             1             16  org.opensearch.repositories.s3.S3ClientSettings$$Lambda/0x00007fcd283c6c18
11803:             1             16  org.opensearch.repositories.s3.S3ClientSettings$$Lambda/0x00007fcd283c6e50
11804:             1             16  org.opensearch.repositories.s3.S3ClientSettings$$Lambda/0x00007fcd283c7088
11805:             1             16  org.opensearch.repositories.s3.S3ClientSettings$$Lambda/0x00007fcd283c72c0
11806:             1             16  org.opensearch.repositories.s3.S3ClientSettings$$Lambda/0x00007fcd283c74f8
11807:             1             16  org.opensearch.repositories.s3.S3ClientSettings$$Lambda/0x00007fcd283c7730
11808:             1             16  org.opensearch.repositories.s3.S3ClientSettings$$Lambda/0x00007fcd283c7968
11809:             1             16  org.opensearch.repositories.s3.S3ClientSettings$$Lambda/0x00007fcd283c7ba0
11810:             1             16  org.opensearch.repositories.s3.S3ClientSettings$$Lambda/0x00007fcd283c8000
11811:             1             16  org.opensearch.repositories.s3.S3ClientSettings$$Lambda/0x00007fcd283c8238
11812:             1             16  org.opensearch.repositories.s3.S3ClientSettings$$Lambda/0x00007fcd283c8470
11813:             1             16  org.opensearch.repositories.s3.S3ClientSettings$$Lambda/0x00007fcd283c86a8
11814:             1             16  org.opensearch.repositories.s3.S3ClientSettings$$Lambda/0x00007fcd283c88e0
11815:             1             16  org.opensearch.repositories.s3.S3ClientSettings$$Lambda/0x00007fcd283c8b18
11816:             1             16  org.opensearch.repositories.s3.S3ClientSettings$$Lambda/0x00007fcd283c8d50
11817:             1             16  org.opensearch.repositories.s3.S3ClientSettings$$Lambda/0x00007fcd283c8f88
11818:             1             16  org.opensearch.repositories.s3.S3Repository$$Lambda/0x00007fcd285285f0
11819:             1             16  org.opensearch.repositories.s3.S3Repository$$Lambda/0x00007fcd28528828
11820:             1             16  org.opensearch.repositories.s3.async.TransferSemaphoresHolder$$Lambda/0x00007fcd28a85110
11821:             1             16  org.opensearch.repositories.s3.async.TransferSemaphoresHolder$$Lambda/0x00007fcd28a85340
11822:             1             16  org.opensearch.repositories.url.URLRepository$$Lambda/0x00007fcd28214af0
11823:             1             16  org.opensearch.repositories.url.URLRepository$$Lambda/0x00007fcd28214d28
11824:             1             16  org.opensearch.repositories.url.URLRepository$$Lambda/0x00007fcd285485d8
11825:             1             16  org.opensearch.repositories.url.URLRepository$$Lambda/0x00007fcd28548810
11826:             1             16  org.opensearch.rest.RestController$$Lambda/0x00007fcd28c9a520
11827:             1             16  org.opensearch.rest.RestUtils$1
11828:             1             16  org.opensearch.rest.action.admin.cluster.RestClusterRerouteAction$$Lambda/0x00007fcd28fc8240
11829:             1             16  org.opensearch.rest.action.admin.cluster.RestClusterRerouteAction$$Lambda/0x00007fcd28fc8458
11830:             1             16  org.opensearch.rest.action.admin.cluster.RestNodesStatsAction$$Lambda/0x00007fcd28fc5cf8
11831:             1             16  org.opensearch.rest.action.admin.cluster.RestReloadSecureSettingsAction$$Lambda/0x00007fcd28fd4020
11832:             1             16  org.opensearch.rest.action.admin.cluster.RestReloadSecureSettingsAction$$Lambda/0x00007fcd28fd4238
11833:             1             16  org.opensearch.script.AbstractSortScript$$Lambda/0x00007fcd285ce0d8
11834:             1             16  org.opensearch.script.AbstractSortScript$$Lambda/0x00007fcd285ce310
11835:             1             16  org.opensearch.script.AbstractSortScript$$Lambda/0x00007fcd285ce548
11836:             1             16  org.opensearch.script.AggregationScript$$Lambda/0x00007fcd285cd598
11837:             1             16  org.opensearch.script.AggregationScript$$Lambda/0x00007fcd285cd7d0
11838:             1             16  org.opensearch.script.AggregationScript$$Lambda/0x00007fcd285cda08
11839:             1             16  org.opensearch.script.DerivedFieldScript$$Lambda/0x00007fcd2822cce0
11840:             1             16  org.opensearch.script.DerivedFieldScript$$Lambda/0x00007fcd2822cf18
11841:             1             16  org.opensearch.script.FieldScript$$Lambda/0x00007fcd285cc2a8
11842:             1             16  org.opensearch.script.FieldScript$$Lambda/0x00007fcd285cc4e0
11843:             1             16  org.opensearch.script.FieldScript$$Lambda/0x00007fcd285cc718
11844:             1             16  org.opensearch.script.ScoreScript$$Lambda/0x00007fcd2821d7b8
11845:             1             16  org.opensearch.script.ScoreScript$$Lambda/0x00007fcd2821d9f0
11846:             1             16  org.opensearch.script.ScoreScript$$Lambda/0x00007fcd2821dc28
11847:             1             16  org.opensearch.script.Script$$Lambda/0x00007fcd2879ebb0
11848:             1             16  org.opensearch.script.Script$$Lambda/0x00007fcd2879edc8
11849:             1             16  org.opensearch.script.Script$$Lambda/0x00007fcd2879eff0
11850:             1             16  org.opensearch.script.Script$$Lambda/0x00007fcd2879f208
11851:             1             16  org.opensearch.script.Script$$Lambda/0x00007fcd2879f430
11852:             1             16  org.opensearch.script.Script$$Lambda/0x00007fcd2879f658
11853:             1             16  org.opensearch.script.Script$$Lambda/0x00007fcd2879f880
11854:             1             16  org.opensearch.script.Script$$Lambda/0x00007fcd2879fa98
11855:             1             16  org.opensearch.script.Script$$Lambda/0x00007fcd2879fcc0
11856:             1             16  org.opensearch.script.Script$$Lambda/0x00007fcd287a0000
11857:             1             16  org.opensearch.script.ScriptModule$$Lambda/0x00007fcd285d2e78
11858:             1             16  org.opensearch.script.ScriptService$$Lambda/0x00007fcd28626440
11859:             1             16  org.opensearch.script.ScriptService$$Lambda/0x00007fcd28626678
11860:             1             16  org.opensearch.script.ScriptService$$Lambda/0x00007fcd286268b0
11861:             1             16  org.opensearch.script.ScriptService$$Lambda/0x00007fcd28626ae8
11862:             1             16  org.opensearch.script.ScriptService$$Lambda/0x00007fcd28626d20
11863:             1             16  org.opensearch.script.ScriptService$$Lambda/0x00007fcd28708860
11864:             1             16  org.opensearch.script.ScriptService$$Lambda/0x00007fcd28709160
11865:             1             16  org.opensearch.script.ScriptService$$Lambda/0x00007fcd28709390
11866:             1             16  org.opensearch.script.ScriptedMetricAggContexts$MapScript$$Lambda/0x00007fcd2845ca58
11867:             1             16  org.opensearch.script.ScriptedMetricAggContexts$MapScript$$Lambda/0x00007fcd2845cc90
11868:             1             16  org.opensearch.script.ScriptedMetricAggContexts$MapScript$$Lambda/0x00007fcd2845cec8
11869:             1             16  org.opensearch.script.ScriptedMetricAggContexts$MapScript$$Lambda/0x00007fcd2845d100
11870:             1             16  org.opensearch.script.TermsSetQueryScript$$Lambda/0x00007fcd285cf7d0
11871:             1             16  org.opensearch.script.TermsSetQueryScript$$Lambda/0x00007fcd285cfa08
11872:             1             16  org.opensearch.script.TermsSetQueryScript$$Lambda/0x00007fcd285cfc40
11873:             1             16  org.opensearch.script.expression.ExpressionPlugin
11874:             1             16  org.opensearch.script.expression.ExpressionScriptEngine
11875:             1             16  org.opensearch.script.expression.ExpressionScriptEngine$$Lambda/0x00007fcd28628668
11876:             1             16  org.opensearch.script.expression.ExpressionScriptEngine$$Lambda/0x00007fcd286288a0
11877:             1             16  org.opensearch.script.expression.ExpressionScriptEngine$$Lambda/0x00007fcd28628ad8
11878:             1             16  org.opensearch.script.expression.ExpressionScriptEngine$$Lambda/0x00007fcd28628d10
11879:             1             16  org.opensearch.script.expression.ExpressionScriptEngine$$Lambda/0x00007fcd28628f48
11880:             1             16  org.opensearch.script.expression.ExpressionScriptEngine$$Lambda/0x00007fcd28629180
11881:             1             16  org.opensearch.script.expression.ExpressionScriptEngine$$Lambda/0x00007fcd286293b8
11882:             1             16  org.opensearch.script.expression.ExpressionScriptEngine$$Lambda/0x00007fcd286295f0
11883:             1             16  org.opensearch.script.mustache.MultiSearchTemplateAction$$Lambda/0x00007fcd28c00b40
11884:             1             16  org.opensearch.script.mustache.MustachePlugin
11885:             1             16  org.opensearch.script.mustache.MustacheScriptEngine
11886:             1             16  org.opensearch.script.mustache.RenderSearchTemplateAction$$Lambda/0x00007fcd28c00430
11887:             1             16  org.opensearch.script.mustache.SearchTemplateAction$$Lambda/0x00007fcd28c00000
11888:             1             16  org.opensearch.script.mustache.TransportMultiSearchTemplateAction$$Lambda/0x00007fcd28d846c8
11889:             1             16  org.opensearch.script.mustache.TransportSearchTemplateAction$$Lambda/0x00007fcd28d848e0
11890:             1             16  org.opensearch.script.mustache.TransportSearchTemplateAction$$Lambda/0x00007fcd28d84af8
11891:             1             16  org.opensearch.search.DefaultSearchContext$$Lambda/0x00007fcd292fc000
11892:             1             16  org.opensearch.search.DocValueFormat$1
11893:             1             16  org.opensearch.search.DocValueFormat$2
11894:             1             16  org.opensearch.search.DocValueFormat$3
11895:             1             16  org.opensearch.search.DocValueFormat$4
11896:             1             16  org.opensearch.search.DocValueFormat$5
11897:             1             16  org.opensearch.search.DocValueFormat$6
11898:             1             16  org.opensearch.search.DocValueFormat$7
11899:             1             16  org.opensearch.search.DocValueFormat$8
11900:             1             16  org.opensearch.search.RescoreDocIds
11901:             1             16  org.opensearch.search.RescoreDocIds$$Lambda/0x00007fcd29213a10
11902:             1             16  org.opensearch.search.RescoreDocIds$$Lambda/0x00007fcd29213c28
11903:             1             16  org.opensearch.search.RescoreDocIds$$Lambda/0x00007fcd293d4800
11904:             1             16  org.opensearch.search.RescoreDocIds$$Lambda/0x00007fcd293d4c30
11905:             1             16  org.opensearch.search.SearchHit$$Lambda/0x00007fcd29214038
11906:             1             16  org.opensearch.search.SearchHit$$Lambda/0x00007fcd29214250
11907:             1             16  org.opensearch.search.SearchHit$$Lambda/0x00007fcd292148c8
11908:             1             16  org.opensearch.search.SearchHit$$Lambda/0x00007fcd29214af0
11909:             1             16  org.opensearch.search.SearchHit$$Lambda/0x00007fcd29214d18
11910:             1             16  org.opensearch.search.SearchHit$$Lambda/0x00007fcd29214f40
11911:             1             16  org.opensearch.search.SearchHit$$Lambda/0x00007fcd29215168
11912:             1             16  org.opensearch.search.SearchHit$$Lambda/0x00007fcd29215380
11913:             1             16  org.opensearch.search.SearchHit$$Lambda/0x00007fcd292155a8
11914:             1             16  org.opensearch.search.SearchHit$$Lambda/0x00007fcd292157d0
11915:             1             16  org.opensearch.search.SearchHit$$Lambda/0x00007fcd292159f8
11916:             1             16  org.opensearch.search.SearchHit$$Lambda/0x00007fcd29215c20
11917:             1             16  org.opensearch.search.SearchHit$$Lambda/0x00007fcd29215e38
11918:             1             16  org.opensearch.search.SearchHit$$Lambda/0x00007fcd29216060
11919:             1             16  org.opensearch.search.SearchHit$$Lambda/0x00007fcd29216278
11920:             1             16  org.opensearch.search.SearchHit$$Lambda/0x00007fcd292164a0
11921:             1             16  org.opensearch.search.SearchHit$$Lambda/0x00007fcd292166b8
11922:             1             16  org.opensearch.search.SearchHit$$Lambda/0x00007fcd292168e0
11923:             1             16  org.opensearch.search.SearchHit$$Lambda/0x00007fcd29216af8
11924:             1             16  org.opensearch.search.SearchHit$$Lambda/0x00007fcd29216d20
11925:             1             16  org.opensearch.search.SearchHit$$Lambda/0x00007fcd29218a88
11926:             1             16  org.opensearch.search.SearchHit$$Lambda/0x00007fcd29218cb0
11927:             1             16  org.opensearch.search.SearchHit$$Lambda/0x00007fcd29219268
11928:             1             16  org.opensearch.search.SearchHit$$Lambda/0x00007fcd292196a8
11929:             1             16  org.opensearch.search.SearchHit$$Lambda/0x00007fcd29219cf0
11930:             1             16  org.opensearch.search.SearchHit$$Lambda/0x00007fcd2921b188
11931:             1             16  org.opensearch.search.SearchHit$$Lambda/0x00007fcd2921bc10
11932:             1             16  org.opensearch.search.SearchHit$$Lambda/0x00007fcd29220000
11933:             1             16  org.opensearch.search.SearchHit$$Lambda/0x00007fcd29220218
11934:             1             16  org.opensearch.search.SearchHit$$Lambda/0x00007fcd29220700
11935:             1             16  org.opensearch.search.SearchHit$$Lambda/0x00007fcd29220918
11936:             1             16  org.opensearch.search.SearchHit$$Lambda/0x00007fcd29220b30
11937:             1             16  org.opensearch.search.SearchHit$$Lambda/0x00007fcd292215a8
11938:             1             16  org.opensearch.search.SearchHits$$Lambda/0x00007fcd292217c0
11939:             1             16  org.opensearch.search.SearchHits$$Lambda/0x00007fcd292219d8
11940:             1             16  org.opensearch.search.SearchHits$$Lambda/0x00007fcd29221bf0
11941:             1             16  org.opensearch.search.SearchHits$$Lambda/0x00007fcd29221e08
11942:             1             16  org.opensearch.search.SearchModule$$Lambda/0x00007fcd2874b5e0
11943:             1             16  org.opensearch.search.SearchModule$$Lambda/0x00007fcd2874ba30
11944:             1             16  org.opensearch.search.SearchModule$$Lambda/0x00007fcd28754240
11945:             1             16  org.opensearch.search.SearchModule$$Lambda/0x00007fcd287554b0
11946:             1             16  org.opensearch.search.SearchModule$$Lambda/0x00007fcd287556c8
11947:             1             16  org.opensearch.search.SearchModule$$Lambda/0x00007fcd28756560
11948:             1             16  org.opensearch.search.SearchModule$$Lambda/0x00007fcd28756f08
11949:             1             16  org.opensearch.search.SearchModule$$Lambda/0x00007fcd28757120
11950:             1             16  org.opensearch.search.SearchModule$$Lambda/0x00007fcd28757988
11951:             1             16  org.opensearch.search.SearchModule$$Lambda/0x00007fcd28758660
11952:             1             16  org.opensearch.search.SearchModule$$Lambda/0x00007fcd28758878
11953:             1             16  org.opensearch.search.SearchModule$$Lambda/0x00007fcd287590c0
11954:             1             16  org.opensearch.search.SearchModule$$Lambda/0x00007fcd287592d8
11955:             1             16  org.opensearch.search.SearchModule$$Lambda/0x00007fcd2875b638
11956:             1             16  org.opensearch.search.SearchModule$$Lambda/0x00007fcd2875c4f0
11957:             1             16  org.opensearch.search.SearchModule$$Lambda/0x00007fcd2875c928
11958:             1             16  org.opensearch.search.SearchModule$$Lambda/0x00007fcd2875cd38
11959:             1             16  org.opensearch.search.SearchModule$$Lambda/0x00007fcd2875e078
11960:             1             16  org.opensearch.search.SearchModule$$Lambda/0x00007fcd28762488
11961:             1             16  org.opensearch.search.SearchModule$$Lambda/0x00007fcd28762de8
11962:             1             16  org.opensearch.search.SearchModule$$Lambda/0x00007fcd28763998
11963:             1             16  org.opensearch.search.SearchModule$$Lambda/0x00007fcd28763bb0
11964:             1             16  org.opensearch.search.SearchModule$$Lambda/0x00007fcd28764320
11965:             1             16  org.opensearch.search.SearchModule$$Lambda/0x00007fcd28764538
11966:             1             16  org.opensearch.search.SearchModule$$Lambda/0x00007fcd28764a20
11967:             1             16  org.opensearch.search.SearchModule$$Lambda/0x00007fcd28764c38
11968:             1             16  org.opensearch.search.SearchModule$$Lambda/0x00007fcd28765ca0
11969:             1             16  org.opensearch.search.SearchModule$$Lambda/0x00007fcd287660b0
11970:             1             16  org.opensearch.search.SearchModule$$Lambda/0x00007fcd287668b8
11971:             1             16  org.opensearch.search.SearchModule$$Lambda/0x00007fcd28766ad0
11972:             1             16  org.opensearch.search.SearchModule$$Lambda/0x00007fcd287670c8
11973:             1             16  org.opensearch.search.SearchModule$$Lambda/0x00007fcd287672e0
11974:             1             16  org.opensearch.search.SearchModule$$Lambda/0x00007fcd287679c8
11975:             1             16  org.opensearch.search.SearchModule$$Lambda/0x00007fcd28767be0
11976:             1             16  org.opensearch.search.SearchModule$$Lambda/0x00007fcd287685f8
11977:             1             16  org.opensearch.search.SearchModule$$Lambda/0x00007fcd28768810
11978:             1             16  org.opensearch.search.SearchModule$$Lambda/0x00007fcd28769040
11979:             1             16  org.opensearch.search.SearchModule$$Lambda/0x00007fcd28769258
11980:             1             16  org.opensearch.search.SearchModule$$Lambda/0x00007fcd28769808
11981:             1             16  org.opensearch.search.SearchModule$$Lambda/0x00007fcd28769a20
11982:             1             16  org.opensearch.search.SearchModule$$Lambda/0x00007fcd28769fc0
11983:             1             16  org.opensearch.search.SearchModule$$Lambda/0x00007fcd2876a1d8
11984:             1             16  org.opensearch.search.SearchModule$$Lambda/0x00007fcd2876adc8
11985:             1             16  org.opensearch.search.SearchModule$$Lambda/0x00007fcd2876afe0
11986:             1             16  org.opensearch.search.SearchModule$$Lambda/0x00007fcd2876b7d8
11987:             1             16  org.opensearch.search.SearchModule$$Lambda/0x00007fcd2876b9f0
11988:             1             16  org.opensearch.search.SearchModule$$Lambda/0x00007fcd2876f730
11989:             1             16  org.opensearch.search.SearchModule$$Lambda/0x00007fcd2876f948
11990:             1             16  org.opensearch.search.SearchModule$$Lambda/0x00007fcd287703b0
11991:             1             16  org.opensearch.search.SearchModule$$Lambda/0x00007fcd287705c8
11992:             1             16  org.opensearch.search.SearchModule$$Lambda/0x00007fcd28770b80
11993:             1             16  org.opensearch.search.SearchModule$$Lambda/0x00007fcd28770d98
11994:             1             16  org.opensearch.search.SearchModule$$Lambda/0x00007fcd287715f8
11995:             1             16  org.opensearch.search.SearchModule$$Lambda/0x00007fcd28771810
11996:             1             16  org.opensearch.search.SearchModule$$Lambda/0x00007fcd28771e70
11997:             1             16  org.opensearch.search.SearchModule$$Lambda/0x00007fcd28772088
11998:             1             16  org.opensearch.search.SearchModule$$Lambda/0x00007fcd28772750
11999:             1             16  org.opensearch.search.SearchModule$$Lambda/0x00007fcd28772968
12000:             1             16  org.opensearch.search.SearchModule$$Lambda/0x00007fcd28772fa0
12001:             1             16  org.opensearch.search.SearchModule$$Lambda/0x00007fcd287731b8
12002:             1             16  org.opensearch.search.SearchModule$$Lambda/0x00007fcd287737f0
12003:             1             16  org.opensearch.search.SearchModule$$Lambda/0x00007fcd28773a08
12004:             1             16  org.opensearch.search.SearchModule$$Lambda/0x00007fcd28773fb0
12005:             1             16  org.opensearch.search.SearchModule$$Lambda/0x00007fcd287741c8
12006:             1             16  org.opensearch.search.SearchModule$$Lambda/0x00007fcd287749d8
12007:             1             16  org.opensearch.search.SearchModule$$Lambda/0x00007fcd28774bf0
12008:             1             16  org.opensearch.search.SearchModule$$Lambda/0x00007fcd28775468
12009:             1             16  org.opensearch.search.SearchModule$$Lambda/0x00007fcd28775680
12010:             1             16  org.opensearch.search.SearchModule$$Lambda/0x00007fcd28776138
12011:             1             16  org.opensearch.search.SearchModule$$Lambda/0x00007fcd28776350
12012:             1             16  org.opensearch.search.SearchModule$$Lambda/0x00007fcd28776bb0
12013:             1             16  org.opensearch.search.SearchModule$$Lambda/0x00007fcd28776dc8
12014:             1             16  org.opensearch.search.SearchModule$$Lambda/0x00007fcd287773d0
12015:             1             16  org.opensearch.search.SearchModule$$Lambda/0x00007fcd287775e8
12016:             1             16  org.opensearch.search.SearchModule$$Lambda/0x00007fcd287784c0
12017:             1             16  org.opensearch.search.SearchModule$$Lambda/0x00007fcd287786d8
12018:             1             16  org.opensearch.search.SearchModule$$Lambda/0x00007fcd28778d00
12019:             1             16  org.opensearch.search.SearchModule$$Lambda/0x00007fcd28778f18
12020:             1             16  org.opensearch.search.SearchModule$$Lambda/0x00007fcd287794f8
12021:             1             16  org.opensearch.search.SearchModule$$Lambda/0x00007fcd28779710
12022:             1             16  org.opensearch.search.SearchModule$$Lambda/0x00007fcd28779d18
12023:             1             16  org.opensearch.search.SearchModule$$Lambda/0x00007fcd28779f30
12024:             1             16  org.opensearch.search.SearchModule$$Lambda/0x00007fcd2877acb8
12025:             1             16  org.opensearch.search.SearchModule$$Lambda/0x00007fcd2877aed0
12026:             1             16  org.opensearch.search.SearchModule$$Lambda/0x00007fcd2877b478
12027:             1             16  org.opensearch.search.SearchModule$$Lambda/0x00007fcd2877b690
12028:             1             16  org.opensearch.search.SearchModule$$Lambda/0x00007fcd2877c230
12029:             1             16  org.opensearch.search.SearchModule$$Lambda/0x00007fcd2877c448
12030:             1             16  org.opensearch.search.SearchModule$$Lambda/0x00007fcd2877d740
12031:             1             16  org.opensearch.search.SearchModule$$Lambda/0x00007fcd2877d958
12032:             1             16  org.opensearch.search.SearchModule$$Lambda/0x00007fcd2877e1a0
12033:             1             16  org.opensearch.search.SearchModule$$Lambda/0x00007fcd2877e3b8
12034:             1             16  org.opensearch.search.SearchModule$$Lambda/0x00007fcd2877eba0
12035:             1             16  org.opensearch.search.SearchModule$$Lambda/0x00007fcd2877edb8
12036:             1             16  org.opensearch.search.SearchModule$$Lambda/0x00007fcd2877f440
12037:             1             16  org.opensearch.search.SearchModule$$Lambda/0x00007fcd2877f658
12038:             1             16  org.opensearch.search.SearchModule$$Lambda/0x00007fcd28780000
12039:             1             16  org.opensearch.search.SearchModule$$Lambda/0x00007fcd28780218
12040:             1             16  org.opensearch.search.SearchModule$$Lambda/0x00007fcd28780a30
12041:             1             16  org.opensearch.search.SearchModule$$Lambda/0x00007fcd28780c48
12042:             1             16  org.opensearch.search.SearchModule$$Lambda/0x00007fcd28781278
12043:             1             16  org.opensearch.search.SearchModule$$Lambda/0x00007fcd28781490
12044:             1             16  org.opensearch.search.SearchModule$$Lambda/0x00007fcd28781a68
12045:             1             16  org.opensearch.search.SearchModule$$Lambda/0x00007fcd28781c80
12046:             1             16  org.opensearch.search.SearchModule$$Lambda/0x00007fcd28782228
12047:             1             16  org.opensearch.search.SearchModule$$Lambda/0x00007fcd28782440
12048:             1             16  org.opensearch.search.SearchModule$$Lambda/0x00007fcd287829e0
12049:             1             16  org.opensearch.search.SearchModule$$Lambda/0x00007fcd28782bf8
12050:             1             16  org.opensearch.search.SearchModule$$Lambda/0x00007fcd28783f90
12051:             1             16  org.opensearch.search.SearchModule$$Lambda/0x00007fcd287841a8
12052:             1             16  org.opensearch.search.SearchModule$$Lambda/0x00007fcd28784988
12053:             1             16  org.opensearch.search.SearchModule$$Lambda/0x00007fcd28784ba0
12054:             1             16  org.opensearch.search.SearchModule$$Lambda/0x00007fcd28785158
12055:             1             16  org.opensearch.search.SearchModule$$Lambda/0x00007fcd28785370
12056:             1             16  org.opensearch.search.SearchModule$$Lambda/0x00007fcd287859b0
12057:             1             16  org.opensearch.search.SearchModule$$Lambda/0x00007fcd28785bc8
12058:             1             16  org.opensearch.search.SearchModule$$Lambda/0x00007fcd2878a770
12059:             1             16  org.opensearch.search.SearchModule$$Lambda/0x00007fcd2878a988
12060:             1             16  org.opensearch.search.SearchModule$$Lambda/0x00007fcd2878aba0
12061:             1             16  org.opensearch.search.SearchModule$$Lambda/0x00007fcd287925d8
12062:             1             16  org.opensearch.search.SearchModule$$Lambda/0x00007fcd287927f0
12063:             1             16  org.opensearch.search.SearchModule$$Lambda/0x00007fcd287931f0
12064:             1             16  org.opensearch.search.SearchModule$$Lambda/0x00007fcd28793408
12065:             1             16  org.opensearch.search.SearchModule$$Lambda/0x00007fcd28793620
12066:             1             16  org.opensearch.search.SearchModule$$Lambda/0x00007fcd28793d80
12067:             1             16  org.opensearch.search.SearchModule$$Lambda/0x00007fcd28794888
12068:             1             16  org.opensearch.search.SearchModule$$Lambda/0x00007fcd28794aa0
12069:             1             16  org.opensearch.search.SearchModule$$Lambda/0x00007fcd28794cb8
12070:             1             16  org.opensearch.search.SearchModule$$Lambda/0x00007fcd28794ed8
12071:             1             16  org.opensearch.search.SearchModule$$Lambda/0x00007fcd287960b8
12072:             1             16  org.opensearch.search.SearchModule$$Lambda/0x00007fcd287964c8
12073:             1             16  org.opensearch.search.SearchModule$$Lambda/0x00007fcd28797a08
12074:             1             16  org.opensearch.search.SearchModule$$Lambda/0x00007fcd28797c20
12075:             1             16  org.opensearch.search.SearchModule$$Lambda/0x00007fcd28799728
12076:             1             16  org.opensearch.search.SearchModule$$Lambda/0x00007fcd28799bf0
12077:             1             16  org.opensearch.search.SearchModule$$Lambda/0x00007fcd28799e08
12078:             1             16  org.opensearch.search.SearchModule$$Lambda/0x00007fcd2879a020
12079:             1             16  org.opensearch.search.SearchModule$$Lambda/0x00007fcd2879a238
12080:             1             16  org.opensearch.search.SearchModule$$Lambda/0x00007fcd2879a450
12081:             1             16  org.opensearch.search.SearchModule$$Lambda/0x00007fcd2879a668
12082:             1             16  org.opensearch.search.SearchModule$$Lambda/0x00007fcd2879a880
12083:             1             16  org.opensearch.search.SearchModule$$Lambda/0x00007fcd2879aa98
12084:             1             16  org.opensearch.search.SearchModule$$Lambda/0x00007fcd2879b710
12085:             1             16  org.opensearch.search.SearchModule$$Lambda/0x00007fcd2879c278
12086:             1             16  org.opensearch.search.SearchModule$$Lambda/0x00007fcd2879c978
12087:             1             16  org.opensearch.search.SearchModule$$Lambda/0x00007fcd2879d078
12088:             1             16  org.opensearch.search.SearchModule$$Lambda/0x00007fcd2879d768
12089:             1             16  org.opensearch.search.SearchModule$$Lambda/0x00007fcd2879e108
12090:             1             16  org.opensearch.search.SearchModule$$Lambda/0x00007fcd287a0218
12091:             1             16  org.opensearch.search.SearchModule$$Lambda/0x00007fcd287a2788
12092:             1             16  org.opensearch.search.SearchModule$$Lambda/0x00007fcd287a6198
12093:             1             16  org.opensearch.search.SearchModule$$Lambda/0x00007fcd287a63b0
12094:             1             16  org.opensearch.search.SearchModule$$Lambda/0x00007fcd287aa528
12095:             1             16  org.opensearch.search.SearchModule$$Lambda/0x00007fcd287acc30
12096:             1             16  org.opensearch.search.SearchModule$$Lambda/0x00007fcd287adbf8
12097:             1             16  org.opensearch.search.SearchModule$$Lambda/0x00007fcd287ae428
12098:             1             16  org.opensearch.search.SearchModule$$Lambda/0x00007fcd287ae640
12099:             1             16  org.opensearch.search.SearchModule$$Lambda/0x00007fcd287aeef0
12100:             1             16  org.opensearch.search.SearchModule$$Lambda/0x00007fcd287af948
12101:             1             16  org.opensearch.search.SearchModule$$Lambda/0x00007fcd287afb60
12102:             1             16  org.opensearch.search.SearchModule$$Lambda/0x00007fcd287b0410
12103:             1             16  org.opensearch.search.SearchModule$$Lambda/0x00007fcd287b1690
12104:             1             16  org.opensearch.search.SearchModule$$Lambda/0x00007fcd287b20e8
12105:             1             16  org.opensearch.search.SearchModule$$Lambda/0x00007fcd287b2300
12106:             1             16  org.opensearch.search.SearchModule$$Lambda/0x00007fcd287b3388
12107:             1             16  org.opensearch.search.SearchModule$$Lambda/0x00007fcd287b43f0
12108:             1             16  org.opensearch.search.SearchModule$$Lambda/0x00007fcd287b4608
12109:             1             16  org.opensearch.search.SearchModule$$Lambda/0x00007fcd287b5a08
12110:             1             16  org.opensearch.search.SearchModule$$Lambda/0x00007fcd287b7260
12111:             1             16  org.opensearch.search.SearchModule$$Lambda/0x00007fcd287b7478
12112:             1             16  org.opensearch.search.SearchModule$$Lambda/0x00007fcd287baae8
12113:             1             16  org.opensearch.search.SearchModule$$Lambda/0x00007fcd287bb578
12114:             1             16  org.opensearch.search.SearchModule$$Lambda/0x00007fcd287bb790
12115:             1             16  org.opensearch.search.SearchModule$$Lambda/0x00007fcd287bc000
12116:             1             16  org.opensearch.search.SearchModule$$Lambda/0x00007fcd287bca50
12117:             1             16  org.opensearch.search.SearchModule$$Lambda/0x00007fcd287bcc68
12118:             1             16  org.opensearch.search.SearchModule$$Lambda/0x00007fcd287bee40
12119:             1             16  org.opensearch.search.SearchModule$$Lambda/0x00007fcd287bf058
12120:             1             16  org.opensearch.search.SearchModule$$Lambda/0x00007fcd287c20b8
12121:             1             16  org.opensearch.search.SearchModule$$Lambda/0x00007fcd287c22d0
12122:             1             16  org.opensearch.search.SearchModule$$Lambda/0x00007fcd287c2b68
12123:             1             16  org.opensearch.search.SearchModule$$Lambda/0x00007fcd287c3208
12124:             1             16  org.opensearch.search.SearchModule$$Lambda/0x00007fcd287c3420
12125:             1             16  org.opensearch.search.SearchModule$$Lambda/0x00007fcd287c5680
12126:             1             16  org.opensearch.search.SearchModule$$Lambda/0x00007fcd287c6440
12127:             1             16  org.opensearch.search.SearchModule$$Lambda/0x00007fcd287c72b8
12128:             1             16  org.opensearch.search.SearchModule$$Lambda/0x00007fcd287c74d0
12129:             1             16  org.opensearch.search.SearchModule$$Lambda/0x00007fcd287c8958
12130:             1             16  org.opensearch.search.SearchModule$$Lambda/0x00007fcd287c8b70
12131:             1             16  org.opensearch.search.SearchModule$$Lambda/0x00007fcd287ca958
12132:             1             16  org.opensearch.search.SearchModule$$Lambda/0x00007fcd287cab70
12133:             1             16  org.opensearch.search.SearchModule$$Lambda/0x00007fcd287cbdc8
12134:             1             16  org.opensearch.search.SearchModule$$Lambda/0x00007fcd287ce940
12135:             1             16  org.opensearch.search.SearchModule$$Lambda/0x00007fcd287cf580
12136:             1             16  org.opensearch.search.SearchModule$$Lambda/0x00007fcd287cf798
12137:             1             16  org.opensearch.search.SearchModule$$Lambda/0x00007fcd287d0000
12138:             1             16  org.opensearch.search.SearchModule$$Lambda/0x00007fcd287d0218
12139:             1             16  org.opensearch.search.SearchModule$$Lambda/0x00007fcd287d0a28
12140:             1             16  org.opensearch.search.SearchModule$$Lambda/0x00007fcd287d1260
12141:             1             16  org.opensearch.search.SearchModule$$Lambda/0x00007fcd287d1478
12142:             1             16  org.opensearch.search.SearchModule$$Lambda/0x00007fcd287d2f68
12143:             1             16  org.opensearch.search.SearchModule$$Lambda/0x00007fcd287d3778
12144:             1             16  org.opensearch.search.SearchModule$$Lambda/0x00007fcd287d3990
12145:             1             16  org.opensearch.search.SearchModule$$Lambda/0x00007fcd287d46b0
12146:             1             16  org.opensearch.search.SearchModule$$Lambda/0x00007fcd287d4eb8
12147:             1             16  org.opensearch.search.SearchModule$$Lambda/0x00007fcd287d50d0
12148:             1             16  org.opensearch.search.SearchModule$$Lambda/0x00007fcd287d58e0
12149:             1             16  org.opensearch.search.SearchModule$$Lambda/0x00007fcd287d5ef8
12150:             1             16  org.opensearch.search.SearchModule$$Lambda/0x00007fcd287d67d0
12151:             1             16  org.opensearch.search.SearchModule$$Lambda/0x00007fcd287d8660
12152:             1             16  org.opensearch.search.SearchModule$$Lambda/0x00007fcd287d9de8
12153:             1             16  org.opensearch.search.SearchModule$$Lambda/0x00007fcd287e14f8
12154:             1             16  org.opensearch.search.SearchModule$$Lambda/0x00007fcd287e1ef8
12155:             1             16  org.opensearch.search.SearchModule$$Lambda/0x00007fcd287e2908
12156:             1             16  org.opensearch.search.SearchModule$$Lambda/0x00007fcd287e3318
12157:             1             16  org.opensearch.search.SearchModule$$Lambda/0x00007fcd287e3d28
12158:             1             16  org.opensearch.search.SearchModule$$Lambda/0x00007fcd287e3f40
12159:             1             16  org.opensearch.search.SearchModule$$Lambda/0x00007fcd287e65e0
12160:             1             16  org.opensearch.search.SearchModule$$Lambda/0x00007fcd287e9140
12161:             1             16  org.opensearch.search.SearchModule$$Lambda/0x00007fcd287e9af0
12162:             1             16  org.opensearch.search.SearchModule$$Lambda/0x00007fcd287ea4d0
12163:             1             16  org.opensearch.search.SearchModule$$Lambda/0x00007fcd287ea6e8
12164:             1             16  org.opensearch.search.SearchModule$$Lambda/0x00007fcd287ebe90
12165:             1             16  org.opensearch.search.SearchModule$$Lambda/0x00007fcd287ec0a8
12166:             1             16  org.opensearch.search.SearchModule$$Lambda/0x00007fcd287edb40
12167:             1             16  org.opensearch.search.SearchModule$$Lambda/0x00007fcd287ee580
12168:             1             16  org.opensearch.search.SearchModule$$Lambda/0x00007fcd287eefb0
12169:             1             16  org.opensearch.search.SearchModule$$Lambda/0x00007fcd287ef1c8
12170:             1             16  org.opensearch.search.SearchModule$$Lambda/0x00007fcd287f26b0
12171:             1             16  org.opensearch.search.SearchModule$$Lambda/0x00007fcd287f28c8
12172:             1             16  org.opensearch.search.SearchModule$$Lambda/0x00007fcd287f3888
12173:             1             16  org.opensearch.search.SearchModule$$Lambda/0x00007fcd287f58f8
12174:             1             16  org.opensearch.search.SearchModule$$Lambda/0x00007fcd287f5b10
12175:             1             16  org.opensearch.search.SearchModule$$Lambda/0x00007fcd287f7060
12176:             1             16  org.opensearch.search.SearchModule$$Lambda/0x00007fcd287fa000
12177:             1             16  org.opensearch.search.SearchModule$$Lambda/0x00007fcd287fc3f0
12178:             1             16  org.opensearch.search.SearchModule$$Lambda/0x00007fcd287fc608
12179:             1             16  org.opensearch.search.SearchModule$$Lambda/0x00007fcd287fcec0
12180:             1             16  org.opensearch.search.SearchModule$$Lambda/0x00007fcd287fe500
12181:             1             16  org.opensearch.search.SearchModule$$Lambda/0x00007fcd287fe718
12182:             1             16  org.opensearch.search.SearchModule$$Lambda/0x00007fcd28800000
12183:             1             16  org.opensearch.search.SearchModule$$Lambda/0x00007fcd28800218
12184:             1             16  org.opensearch.search.SearchModule$$Lambda/0x00007fcd288020f8
12185:             1             16  org.opensearch.search.SearchModule$$Lambda/0x00007fcd28804400
12186:             1             16  org.opensearch.search.SearchModule$$Lambda/0x00007fcd28808000
12187:             1             16  org.opensearch.search.SearchModule$$Lambda/0x00007fcd28809ea0
12188:             1             16  org.opensearch.search.SearchModule$$Lambda/0x00007fcd2880b4f8
12189:             1             16  org.opensearch.search.SearchModule$$Lambda/0x00007fcd2880b710
12190:             1             16  org.opensearch.search.SearchModule$$Lambda/0x00007fcd2880cc00
12191:             1             16  org.opensearch.search.SearchModule$$Lambda/0x00007fcd2880f6b0
12192:             1             16  org.opensearch.search.SearchModule$$Lambda/0x00007fcd28810000
12193:             1             16  org.opensearch.search.SearchModule$$Lambda/0x00007fcd28811878
12194:             1             16  org.opensearch.search.SearchModule$$Lambda/0x00007fcd28811a90
12195:             1             16  org.opensearch.search.SearchModule$$Lambda/0x00007fcd28812098
12196:             1             16  org.opensearch.search.SearchModule$$Lambda/0x00007fcd288122b0
12197:             1             16  org.opensearch.search.SearchModule$$Lambda/0x00007fcd28814cd8
12198:             1             16  org.opensearch.search.SearchModule$$Lambda/0x00007fcd28815000
12199:             1             16  org.opensearch.search.SearchModule$$Lambda/0x00007fcd28815218
12200:             1             16  org.opensearch.search.SearchModule$$Lambda/0x00007fcd28815a28
12201:             1             16  org.opensearch.search.SearchModule$$Lambda/0x00007fcd28816c60
12202:             1             16  org.opensearch.search.SearchModule$$Lambda/0x00007fcd28816e78
12203:             1             16  org.opensearch.search.SearchModule$$Lambda/0x00007fcd28817688
12204:             1             16  org.opensearch.search.SearchModule$$Lambda/0x00007fcd28818000
12205:             1             16  org.opensearch.search.SearchModule$$Lambda/0x00007fcd288187a8
12206:             1             16  org.opensearch.search.SearchModule$$Lambda/0x00007fcd28819048
12207:             1             16  org.opensearch.search.SearchModule$$Lambda/0x00007fcd28819a28
12208:             1             16  org.opensearch.search.SearchModule$$Lambda/0x00007fcd28819c40
12209:             1             16  org.opensearch.search.SearchModule$$Lambda/0x00007fcd2881ac68
12210:             1             16  org.opensearch.search.SearchModule$$Lambda/0x00007fcd2881c0d8
12211:             1             16  org.opensearch.search.SearchModule$$Lambda/0x00007fcd2881c8f8
12212:             1             16  org.opensearch.search.SearchModule$$Lambda/0x00007fcd2881e440
12213:             1             16  org.opensearch.search.SearchModule$$Lambda/0x00007fcd2881e658
12214:             1             16  org.opensearch.search.SearchModule$$Lambda/0x00007fcd28829ca0
12215:             1             16  org.opensearch.search.SearchModule$$Lambda/0x00007fcd2882c000
12216:             1             16  org.opensearch.search.SearchModule$$Lambda/0x00007fcd28830000
12217:             1             16  org.opensearch.search.SearchModule$$Lambda/0x00007fcd28830850
12218:             1             16  org.opensearch.search.SearchModule$$Lambda/0x00007fcd28831b20
12219:             1             16  org.opensearch.search.SearchModule$$Lambda/0x00007fcd28833708
12220:             1             16  org.opensearch.search.SearchModule$$Lambda/0x00007fcd28844000
12221:             1             16  org.opensearch.search.SearchModule$$Lambda/0x00007fcd28844720
12222:             1             16  org.opensearch.search.SearchModule$$Lambda/0x00007fcd28844e48
12223:             1             16  org.opensearch.search.SearchModule$$Lambda/0x00007fcd28845578
12224:             1             16  org.opensearch.search.SearchModule$$Lambda/0x00007fcd28845bc8
12225:             1             16  org.opensearch.search.SearchModule$$Lambda/0x00007fcd28846ad0
12226:             1             16  org.opensearch.search.SearchModule$$Lambda/0x00007fcd28846ce8
12227:             1             16  org.opensearch.search.SearchModule$$Lambda/0x00007fcd28846f00
12228:             1             16  org.opensearch.search.SearchModule$$Lambda/0x00007fcd28848000
12229:             1             16  org.opensearch.search.SearchModule$$Lambda/0x00007fcd288492f0
12230:             1             16  org.opensearch.search.SearchModule$$Lambda/0x00007fcd28849b10
12231:             1             16  org.opensearch.search.SearchModule$$Lambda/0x00007fcd2884a190
12232:             1             16  org.opensearch.search.SearchModule$$Lambda/0x00007fcd2884a9d0
12233:             1             16  org.opensearch.search.SearchModule$$Lambda/0x00007fcd2884abe8
12234:             1             16  org.opensearch.search.SearchModule$$Lambda/0x00007fcd2884b658
12235:             1             16  org.opensearch.search.SearchModule$$Lambda/0x00007fcd2884b870
12236:             1             16  org.opensearch.search.SearchModule$$Lambda/0x00007fcd2884bcc0
12237:             1             16  org.opensearch.search.SearchModule$$Lambda/0x00007fcd2884c4f8
12238:             1             16  org.opensearch.search.SearchModule$$Lambda/0x00007fcd2884c710
12239:             1             16  org.opensearch.search.SearchModule$$Lambda/0x00007fcd2884d180
12240:             1             16  org.opensearch.search.SearchModule$$Lambda/0x00007fcd2884da88
12241:             1             16  org.opensearch.search.SearchModule$$Lambda/0x00007fcd2884ded8
12242:             1             16  org.opensearch.search.SearchModule$$Lambda/0x00007fcd2884e720
12243:             1             16  org.opensearch.search.SearchModule$$Lambda/0x00007fcd2884f230
12244:             1             16  org.opensearch.search.SearchModule$$Lambda/0x00007fcd2884f680
12245:             1             16  org.opensearch.search.SearchModule$$Lambda/0x00007fcd28850000
12246:             1             16  org.opensearch.search.SearchModule$$Lambda/0x00007fcd288508b0
12247:             1             16  org.opensearch.search.SearchModule$$Lambda/0x00007fcd28850d00
12248:             1             16  org.opensearch.search.SearchModule$$Lambda/0x00007fcd28851188
12249:             1             16  org.opensearch.search.SearchModule$$Lambda/0x00007fcd288513a0
12250:             1             16  org.opensearch.search.SearchModule$$Lambda/0x00007fcd288515b8
12251:             1             16  org.opensearch.search.SearchModule$$Lambda/0x00007fcd28851db0
12252:             1             16  org.opensearch.search.SearchModule$$Lambda/0x00007fcd28851fc8
12253:             1             16  org.opensearch.search.SearchModule$$Lambda/0x00007fcd28852c18
12254:             1             16  org.opensearch.search.SearchModule$$Lambda/0x00007fcd28852e30
12255:             1             16  org.opensearch.search.SearchModule$$Lambda/0x00007fcd28854320
12256:             1             16  org.opensearch.search.SearchModule$$Lambda/0x00007fcd28854538
12257:             1             16  org.opensearch.search.SearchModule$$Lambda/0x00007fcd28854750
12258:             1             16  org.opensearch.search.SearchModule$$Lambda/0x00007fcd28854f50
12259:             1             16  org.opensearch.search.SearchModule$$Lambda/0x00007fcd28855168
12260:             1             16  org.opensearch.search.SearchModule$$Lambda/0x00007fcd28855380
12261:             1             16  org.opensearch.search.SearchModule$$Lambda/0x00007fcd28855ba0
12262:             1             16  org.opensearch.search.SearchModule$$Lambda/0x00007fcd28855db8
12263:             1             16  org.opensearch.search.SearchModule$$Lambda/0x00007fcd28855fd0
12264:             1             16  org.opensearch.search.SearchModule$$Lambda/0x00007fcd288567f8
12265:             1             16  org.opensearch.search.SearchModule$$Lambda/0x00007fcd28856a10
12266:             1             16  org.opensearch.search.SearchModule$$Lambda/0x00007fcd288578f8
12267:             1             16  org.opensearch.search.SearchModule$$Lambda/0x00007fcd2885a1a8
12268:             1             16  org.opensearch.search.SearchModule$$Lambda/0x00007fcd2886c018
12269:             1             16  org.opensearch.search.SearchModule$$Lambda/0x00007fcd2886c230
12270:             1             16  org.opensearch.search.SearchModule$$Lambda/0x00007fcd2886c448
12271:             1             16  org.opensearch.search.SearchModule$$Lambda/0x00007fcd2886c660
12272:             1             16  org.opensearch.search.SearchModule$$Lambda/0x00007fcd2886c878
12273:             1             16  org.opensearch.search.SearchModule$$Lambda/0x00007fcd2886ca90
12274:             1             16  org.opensearch.search.SearchModule$$Lambda/0x00007fcd2886cca8
12275:             1             16  org.opensearch.search.SearchModule$$Lambda/0x00007fcd2886ec20
12276:             1             16  org.opensearch.search.SearchService$$Lambda/0x00007fcd28d094e0
12277:             1             16  org.opensearch.search.SearchService$$Lambda/0x00007fcd28d09710
12278:             1             16  org.opensearch.search.SearchService$$Lambda/0x00007fcd28d09940
12279:             1             16  org.opensearch.search.SearchService$$Lambda/0x00007fcd28d09b70
12280:             1             16  org.opensearch.search.SearchService$$Lambda/0x00007fcd28d09fc8
12281:             1             16  org.opensearch.search.SearchService$$Lambda/0x00007fcd28d0a1f8
12282:             1             16  org.opensearch.search.SearchService$$Lambda/0x00007fcd28d0a428
12283:             1             16  org.opensearch.search.SearchService$$Lambda/0x00007fcd28d0a658
12284:             1             16  org.opensearch.search.SearchService$$Lambda/0x00007fcd28d0a888
12285:             1             16  org.opensearch.search.SearchService$$Lambda/0x00007fcd28d0aab8
12286:             1             16  org.opensearch.search.SearchService$$Lambda/0x00007fcd29205120
12287:             1             16  org.opensearch.search.SearchService$$Lambda/0x00007fcd292f1238
12288:             1             16  org.opensearch.search.SearchService$$Lambda/0x00007fcd292f4660
12289:             1             16  org.opensearch.search.SearchService$$Lambda/0x00007fcd2933b8a0
12290:             1             16  org.opensearch.search.SearchService$$Lambda/0x00007fcd2933ed78
12291:             1             16  org.opensearch.search.SearchService$Reaper
12292:             1             16  org.opensearch.search.SearchSortValues$$Lambda/0x00007fcd29220d48
12293:             1             16  org.opensearch.search.SearchSortValues$$Lambda/0x00007fcd29220f60
12294:             1             16  org.opensearch.search.SearchSortValues$$Lambda/0x00007fcd29221178
12295:             1             16  org.opensearch.search.SearchSortValues$$Lambda/0x00007fcd29221390
12296:             1             16  org.opensearch.search.aggregations.AggregatorFactories$1
12297:             1             16  org.opensearch.search.aggregations.BucketCollector$1
12298:             1             16  org.opensearch.search.aggregations.CardinalityUpperBound$1
12299:             1             16  org.opensearch.search.aggregations.CardinalityUpperBound$2
12300:             1             16  org.opensearch.search.aggregations.CardinalityUpperBound$KnownCardinalityUpperBound
12301:             1             16  org.opensearch.search.aggregations.InternalAggregations$$Lambda/0x00007fcd293d6cc8
12302:             1             16  org.opensearch.search.aggregations.InternalOrder$$Lambda/0x00007fcd29300000
12303:             1             16  org.opensearch.search.aggregations.InternalOrder$$Lambda/0x00007fcd29300218
12304:             1             16  org.opensearch.search.aggregations.LeafBucketCollector$1
12305:             1             16  org.opensearch.search.aggregations.MultiBucketConsumerService$$Lambda/0x00007fcd28d05d58
12306:             1             16  org.opensearch.search.aggregations.NonGlobalAggCollectorManagerWithSingleCollector$$Lambda/0x00007fcd292de9f8
12307:             1             16  org.opensearch.search.aggregations.bucket.FastFilterRewriteHelper$$Lambda/0x00007fcd292cd800
12308:             1             16  org.opensearch.search.aggregations.bucket.FastFilterRewriteHelper$$Lambda/0x00007fcd292d0000
12309:             1             16  org.opensearch.search.aggregations.bucket.FastFilterRewriteHelper$$Lambda/0x00007fcd292d0c00
12310:             1             16  org.opensearch.search.aggregations.bucket.FastFilterRewriteHelper$$Lambda/0x00007fcd292d2400
12311:             1             16  org.opensearch.search.aggregations.bucket.composite.CompositeAggregationBuilder$$Lambda/0x00007fcd2881cb10
12312:             1             16  org.opensearch.search.aggregations.bucket.composite.CompositeAggregationBuilder$$Lambda/0x00007fcd2881d058
12313:             1             16  org.opensearch.search.aggregations.bucket.composite.CompositeAggregationBuilder$$Lambda/0x00007fcd2881d270
12314:             1             16  org.opensearch.search.aggregations.bucket.composite.CompositeAggregationBuilder$$Lambda/0x00007fcd2881d498
12315:          