 num     #instances         #bytes  class name (module)
-------------------------------------------------------
   1:        181899     4658246824  [Ljava.lang.Object; (java.base@21.0.3)
   2:         12827      637359072  [Ljdk.internal.vm.FillerElement; (java.base@21.0.3)
   3:       6225867      313964384  [B (java.base@21.0.3)
   4:        636950      149038424  [J (java.base@21.0.3)
   5:       3661671       87880104  java.lang.String (java.base@21.0.3)
   6:       2592016       82944512  java.util.HashMap$Node (java.base@21.0.3)
   7:       1997093       79883720  org.opensearch.search.aggregations.metrics.InternalMax
   8:       1658336       66333440  java.util.TreeMap$Entry (java.base@21.0.3)
   9:       1997093       63906976  org.opensearch.search.aggregations.bucket.BucketsAggregator$1
  10:       1997094       47930256  org.opensearch.search.aggregations.InternalAggregations
  11:        471173       33924456  org.apache.lucene.index.FieldInfo
  12:        528154       33801856  org.apache.lucene.store.MemorySegmentIndexInput$SingleSegmentImpl
  13:       1183558       28405392  org.apache.lucene.util.BytesRef
  14:        199003       27895920  [Ljava.util.HashMap$Node; (java.base@21.0.3)
  15:        528525       21141000  jdk.internal.foreign.MappedMemorySegmentImpl (java.base@21.0.3)
  16:        291050       20955600  org.apache.lucene.codecs.lucene90.blocktree.FieldReader
  17:        431406       20707488  java.util.HashMap (java.base@21.0.3)
  18:        156862       17568544  org.apache.lucene.codecs.lucene90.Lucene90DocValuesProducer$SortedNumericEntry
  19:        346625       16638000  java.util.TreeMap (java.base@21.0.3)
  20:        144417       15019368  org.apache.lucene.codecs.lucene90.Lucene90DocValuesProducer$TermsDictEntry
  21:        162456       14296128  org.apache.lucene.codecs.lucene90.Lucene90DocValuesProducer$NumericEntry
  22:        291055       13970640  org.apache.lucene.util.fst.FST$FSTMetadata
  23:        423799       13561568  java.util.Collections$UnmodifiableMap (java.base@21.0.3)
  24:        407031       13024992  java.util.concurrent.atomic.LongAdder (java.base@21.0.3)
  25:        529376       12705024  [Ljava.lang.foreign.MemorySegment; (java.base@21.0.3)
  26:        301461       12058440  org.apache.lucene.util.packed.DirectMonotonicReader$Meta
  27:        160524       10273536  org.apache.lucene.util.bkd.BKDReader
  28:        291050        9313600  org.apache.lucene.util.fst.OffHeapFSTStore
  29:         48082        8981768  [I (java.base@21.0.3)
  30:             2        8032936  [Lorg.opensearch.search.aggregations.InternalAggregation;
  31:             1        7988392  [Lorg.opensearch.search.aggregations.InternalAggregations;
  32:        301472        7574864  [F (java.base@21.0.3)
  33:        291057        6985368  org.apache.lucene.util.fst.FST
  34:        138927        6668496  org.apache.lucene.codecs.lucene90.Lucene90NormsProducer$NormsEntry
  35:        160524        6420960  org.apache.lucene.util.bkd.BKDConfig
  36:        253618        6086832  org.opensearch.common.util.concurrent.ReleasableLock
  37:        126558        6074784  java.util.concurrent.locks.ReentrantReadWriteLock$NonfairSync (java.base@21.0.3)
  38:         78218        4380208  java.util.concurrent.ConcurrentHashMap$ValueIterator (java.base@21.0.3)
  39:         52398        4210016  [Ljava.util.WeakHashMap$Entry; (java.base@21.0.3)
  40:        125184        4005888  org.opensearch.common.cache.Cache$CacheSegment
  41:         12260        3995904  [Lorg.apache.lucene.index.FieldInfo;
  42:         37186        3867344  org.apache.lucene.index.SegmentCommitInfo
  43:         32332        3820600  java.lang.Class (java.base@21.0.3)
  44:         20353        3507704  [C (java.base@21.0.3)
  45:        144417        3466008  org.apache.lucene.codecs.lucene90.Lucene90DocValuesProducer$SortedSetEntry
  46:        144000        3456000  org.apache.lucene.codecs.lucene90.Lucene90DocValuesProducer$SortedEntry
  47:        106237        3399584  java.util.concurrent.ConcurrentHashMap$Node (java.base@21.0.3)
  48:         78174        3126960  org.opensearch.search.aggregations.bucket.histogram.InternalDateHistogram$Bucket
  49:        126206        3028944  java.util.concurrent.locks.ReentrantReadWriteLock (java.base@21.0.3)
  50:        125184        3004416  org.opensearch.common.cache.Cache$CacheSegment$SegmentStats
  51:         87341        2794912  org.apache.lucene.codecs.lucene90.Lucene90CompoundReader$FileEntry
  52:         47409        2654904  org.apache.lucene.document.FieldType
  53:         78916        2525312  java.util.concurrent.locks.ReentrantLock$NonfairSync (java.base@21.0.3)
  54:         52348        2512704  java.util.WeakHashMap (java.base@21.0.3)
  55:         58482        2339280  java.util.LinkedHashMap$Entry (java.base@21.0.3)
  56:        126663        2026608  java.util.concurrent.locks.ReentrantReadWriteLock$ReadLock (java.base@21.0.3)
  57:        126663        2026608  java.util.concurrent.locks.ReentrantReadWriteLock$Sync$ThreadLocalHoldCounter (java.base@21.0.3)
  58:        126663        2026608  java.util.concurrent.locks.ReentrantReadWriteLock$WriteLock (java.base@21.0.3)
  59:        122055        1952880  java.lang.ThreadLocal (java.base@21.0.3)
  60:         76001        1824024  java.util.ArrayList (java.base@21.0.3)
  61:         26867        1719488  java.util.LinkedHashMap (java.base@21.0.3)
  62:        106527        1704432  java.lang.Object (java.base@21.0.3)
  63:         52442        1678144  java.lang.ref.ReferenceQueue (java.base@21.0.3)
  64:         16970        1493360  java.lang.reflect.Method (java.base@21.0.3)
  65:         88705        1419280  java.util.concurrent.atomic.AtomicInteger (java.base@21.0.3)
  66:         40773        1304736  org.apache.lucene.util.Version
  67:         53491        1283784  java.util.concurrent.locks.AbstractQueuedSynchronizer$ConditionObject (java.base@21.0.3)
  68:         78872        1261952  java.util.concurrent.locks.ReentrantLock (java.base@21.0.3)
  69:         39258        1256256  org.opensearch.common.settings.Setting$Updater
  70:         18717        1197888  org.apache.lucene.index.SegmentInfo
  71:         72694        1163104  java.util.HashSet (java.base@21.0.3)
  72:         23309        1118832  java.lang.invoke.MemberName (java.base@21.0.3)
  73:         27353        1094120  java.util.WeakHashMap$Entry (java.base@21.0.3)
  74:          2660        1035232  [Ljava.util.concurrent.ConcurrentHashMap$Node; (java.base@21.0.3)
  75:         17265         975360  [Ljava.security.ProtectionDomain; (java.base@21.0.3)
  76:         19437         932976  org.apache.lucene.index.LeafReaderContext
  77:         29111         931552  java.lang.invoke.LambdaForm$Name (java.base@21.0.3)
  78:         37280         894720  org.apache.lucene.util.packed.DirectReader$DirectPackedReader8
  79:         55851         893616  java.util.HashMap$Values (java.base@21.0.3)
  80:         36970         887280  java.util.Collections$UnmodifiableRandomAccessList (java.base@21.0.3)
  81:         27616         883712  sun.nio.fs.UnixPath (java.base@21.0.3)
  82:         22060         882400  org.opensearch.index.analysis.NamedAnalyzer
  83:         54470         871520  java.util.HashMap$KeySet (java.base@21.0.3)
  84:         15216         852096  jdk.internal.org.objectweb.asm.SymbolTable$Entry (java.base@21.0.3)
  85:         51667         826672  java.util.Collections$UnmodifiableCollection (java.base@21.0.3)
  86:         33655         807720  org.apache.lucene.util.packed.DirectReader$DirectPackedReader20
  87:         16518         792864  java.lang.StackTraceElement (java.base@21.0.3)
  88:         10566         760752  io.netty.buffer.PoolSubpage
  89:         26568         729432  [Ljava.lang.Class; (java.base@21.0.3)
  90:         17584         703360  java.io.FileDescriptor (java.base@21.0.3)
  91:         12553         702968  org.opensearch.search.aggregations.bucket.terms.StringTerms$Bucket
  92:         28132         675168  org.apache.logging.log4j.message.ReusableMessageFactory
  93:         41758         668128  java.util.TreeMap$EntrySet (java.base@21.0.3)
  94:         27606         662544  org.apache.lucene.util.FileDeleter$RefCount
  95:         27544         661056  org.apache.lucene.index.FieldInfos$FieldDimensions
  96:         27544         661056  org.apache.lucene.index.FieldInfos$FieldVectorProperties
  97:         20542         657344  java.util.ImmutableCollections$Map1 (java.base@21.0.3)
  98:         12283         629752  [Lorg.apache.lucene.util.LongValues;
  99:         17701         628088  [Ljava.lang.String; (java.base@21.0.3)
 100:         25390         609360  org.apache.lucene.util.CloseableThreadLocal
 101:          8455         608760  org.opensearch.index.mapper.TextFieldMapper
 102:         15138         605520  java.lang.invoke.MethodType (java.base@21.0.3)
 103:         18760         600320  java.util.ImmutableCollections$MapN (java.base@21.0.3)
 104:         12268         588864  org.apache.lucene.util.packed.DirectMonotonicReader
 105:         24345         584280  org.apache.lucene.analysis.DelegatingAnalyzerWrapper$DelegatingReuseStrategy
 106:          9070         580480  java.util.concurrent.ConcurrentHashMap (java.base@21.0.3)
 107:          2057         568568  [Ljava.nio.ByteBuffer; (java.base@21.0.3)
 108:          8655         553920  org.opensearch.index.mapper.KeywordFieldMapper
 109:         17113         547616  org.opensearch.index.mapper.TextSearchInfo
 110:          6815         540712  [Z (java.base@21.0.3)
 111:         33579         537264  java.util.HashMap$EntrySet (java.base@21.0.3)
 112:          6105         537240  org.apache.lucene.codecs.lucene90.compressing.FieldsIndexReader
 113:          6105         537240  org.apache.lucene.codecs.lucene90.compressing.Lucene90CompressingStoredFieldsReader
 114:         21518         516432  org.opensearch.common.Explicit
 115:         21503         516072  java.util.concurrent.atomic.AtomicLong (java.base@21.0.3)
 116:         10732         515136  sun.nio.ch.FileChannelImpl$DefaultUnmapper (java.base@21.0.3)
 117:           489         508560  [Lorg.opensearch.common.cache.Cache$CacheSegment;
 118:         15825         506400  org.opensearch.common.collect.CopyOnWriteHashMap$InnerNode
 119:          6253         500240  org.apache.lucene.index.SegmentReader
 120:         30287         484592  org.opensearch.index.mapper.FieldMapper$MultiFields
 121:         20026         480624  java.util.Collections$SynchronizedSet (java.base@21.0.3)
 122:         19948         478752  java.util.Collections$SingletonList (java.base@21.0.3)
 123:          9468         454464  org.opensearch.painless.lookup.PainlessClass
 124:          7976         446656  org.opensearch.index.mapper.NumberFieldMapper
 125:          6105         439560  org.apache.lucene.index.SegmentCoreReaders
 126:         13612         435584  java.lang.invoke.MethodType$ConcurrentWeakInternSet$WeakEntry (java.base@21.0.3)
 127:          8655         415440  org.opensearch.index.mapper.KeywordFieldMapper$KeywordFieldType
 128:          6412         410368  org.opensearch.cluster.routing.ShardRouting
 129:          7260         406560  java.nio.HeapByteBuffer (java.base@21.0.3)
 130:          8455         405840  org.opensearch.index.mapper.TextFieldMapper$TextFieldType
 131:         16747         401928  java.util.Collections$SetFromMap (java.base@21.0.3)
 132:         12344         395008  org.opensearch.common.logging.PrefixLogger
 133:           595         387440  [Ljdk.internal.org.objectweb.asm.SymbolTable$Entry; (java.base@21.0.3)
 134:          7976         382848  org.opensearch.index.mapper.NumberFieldMapper$NumberFieldType
 135:         15783         378792  java.util.Collections$UnmodifiableCollection$1 (java.base@21.0.3)
 136:         15594         374256  java.lang.invoke.ResolvedMethodName (java.base@21.0.3)
 137:          2750         374000  org.opensearch.cluster.metadata.IndexMetadata
 138:          5784         370176  sun.nio.ch.FileChannelImpl (java.base@21.0.3)
 139:          7521         361008  jdk.internal.ref.CleanerImpl$PhantomCleanableRef (java.base@21.0.3)
 140:         14809         355416  org.apache.lucene.util.packed.DirectReader$DirectPackedReader16
 141:           640         348160  io.netty.util.internal.shaded.org.jctools.queues.atomic.MpscAtomicArrayQueue
 142:          6106         341936  org.apache.lucene.index.ReadersAndUpdates
 143:          6105         341880  org.apache.lucene.codecs.lucene90.compressing.Lucene90CompressingStoredFieldsReader$BlockState
 144:         14160         339840  java.util.Arrays$ArrayList (java.base@21.0.3)
 145:         14105         338520  org.apache.logging.log4j.message.DefaultFlowMessageFactory
 146:          9864         315648  java.util.HashMap$ValueIterator (java.base@21.0.3)
 147:          4339         312408  java.lang.reflect.Field (java.base@21.0.3)
 148:          9720         311040  java.util.HashMap$EntryIterator (java.base@21.0.3)
 149:         12827         307848  java.lang.StringBuilder (java.base@21.0.3)
 150:          2257         306952  sun.nio.fs.UnixFileAttributes (java.base@21.0.3)
 151:          6127         294096  org.apache.lucene.index.FieldInfos
 152:          6111         293328  org.apache.lucene.codecs.lucene90.Lucene90DocValuesProducer
 153:          6101         292848  org.apache.lucene.index.PendingSoftDeletes
 154:          7146         285840  org.opensearch.common.util.concurrent.ThreadContext$ThreadContextStruct
 155:          3439         283408  [Ljava.lang.invoke.LambdaForm$Name; (java.base@21.0.3)
 156:         17076         273216  org.opensearch.common.metrics.CounterMetric
 157:          8401         268832  java.util.HashMap$KeyIterator (java.base@21.0.3)
 158:         16757         268112  java.util.LinkedHashSet (java.base@21.0.3)
 159:          6646         265840  java.io.FilePermission (java.base@21.0.3)
 160:           217         265136  [S (java.base@21.0.3)
 161:         16566         265056  java.util.Collections$UnmodifiableSet (java.base@21.0.3)
 162:         16280         260480  java.util.Collections$UnmodifiableMap$UnmodifiableEntrySet$UnmodifiableEntry (java.base@21.0.3)
 163:          4632         259392  org.apache.lucene.store.NIOFSDirectory$NIOFSIndexInput
 164:         10732         257568  jdk.internal.foreign.SharedSession (java.base@21.0.3)
 165:         10732         257568  sun.nio.ch.FileChannelImpl$1 (java.base@21.0.3)
 166:          3200         256000  org.opensearch.cluster.routing.IndexShardRoutingTable
 167:          7976         255232  java.lang.ThreadLocal$ThreadLocalMap$Entry (java.base@21.0.3)
 168:          6343         253720  java.lang.invoke.DirectMethodHandle (java.base@21.0.3)
 169:          7883         252256  java.util.ArrayList$Itr (java.base@21.0.3)
 170:           855         251200  [[C (java.base@21.0.3)
 171:          6271         250840  java.security.AccessControlContext (java.base@21.0.3)
 172:          3440         247680  java.util.concurrent.ScheduledThreadPoolExecutor$ScheduledFutureTask (java.base@21.0.3)
 173:          6106         244240  org.apache.lucene.codecs.lucene90.blocktree.Lucene90BlockTreeTermsReader
 174:          3819         244088  [Ljava.lang.StackTraceElement; (java.base@21.0.3)
 175:          6101         244040  org.opensearch.common.lucene.index.OpenSearchLeafReader
 176:          6018         240720  org.apache.lucene.codecs.lucene90.Lucene90NormsProducer
 177:          4937         236976  java.lang.invoke.DirectMethodHandle$Constructor (java.base@21.0.3)
 178:         14620         233920  java.util.WeakHashMap$KeySet (java.base@21.0.3)
 179:          9302         223248  java.util.concurrent.CopyOnWriteArrayList (java.base@21.0.3)
 180:          8712         209088  org.apache.lucene.util.packed.DirectReader$DirectPackedReader12
 181:          3248         207872  java.lang.Class$ReflectionData (java.base@21.0.3)
 182:          3246         207744  java.security.Provider$Service (java.base@21.0.3)
 183:         12815         205040  org.apache.lucene.index.IndexReader$CacheKey
 184:          5087         203480  java.lang.invoke.BoundMethodHandle$Species_LL (java.base@21.0.3)
 185:         12572         201152  java.util.concurrent.atomic.AtomicReference (java.base@21.0.3)
 186:          6111         195552  org.apache.lucene.index.SegmentDocValues$1
 187:          6106         195392  org.apache.lucene.index.PendingDeletes
 188:          6105         195360  org.apache.lucene.index.LeafMetaData
 189:          6105         195360  org.apache.lucene.index.SegmentCoreReaders$1
 190:          6105         195360  org.apache.lucene.index.SegmentCoreReaders$2
 191:          6104         195328  org.apache.lucene.index.SegmentReadState
 192:          6101         195232  org.apache.lucene.codecs.lucene90.Lucene90PointsReader
 193:          6042         193344  org.apache.lucene.backward_codecs.lucene90.Lucene90PostingsReader
 194:         12072         193152  java.util.concurrent.atomic.AtomicBoolean (java.base@21.0.3)
 195:          4728         189120  java.lang.invoke.BoundMethodHandle$Species_L (java.base@21.0.3)
 196:          7826         187824  org.opensearch.core.index.Index
 197:          2080         183040  java.util.regex.Pattern (java.base@21.0.3)
 198:          2475         178200  java.lang.reflect.Constructor (java.base@21.0.3)
 199:          4440         177600  java.lang.ref.SoftReference (java.base@21.0.3)
 200:          7328         175872  org.apache.lucene.index.ApproximatePriorityQueue
 201:          5474         175168  org.apache.lucene.codecs.lucene90.Lucene90CompoundReader
 202:          3642         174816  org.apache.logging.log4j.message.ReusableParameterizedMessage
 203:          7161         171864  java.util.LinkedList$Node (java.base@21.0.3)
 204:         10732         171712  jdk.internal.foreign.MemorySessionImpl$1 (java.base@21.0.3)
 205:         10732         171712  jdk.internal.foreign.SharedSession$SharedResourceList (java.base@21.0.3)
 206:          5276         168832  java.util.Hashtable$Entry (java.base@21.0.3)
 207:          6997         167928  java.security.Provider$ServiceKey (java.base@21.0.3)
 208:          2910         167736  [Ljava.lang.reflect.Method; (java.base@21.0.3)
 209:          2093         167440  java.util.regex.Matcher (java.base@21.0.3)
 210:          6865         164760  org.opensearch.common.metrics.MeanMetric
 211:          2923         163688  java.util.stream.ReferencePipeline$Head (java.base@21.0.3)
 212:          1572         163488  java.lang.management.ThreadInfo (java.management@21.0.3)
 213:          1828         160864  org.opensearch.index.codec.PerFieldMappingPostingFormatCodec
 214:           708         158592  jdk.internal.org.objectweb.asm.MethodWriter (java.base@21.0.3)
 215:          6511         156264  org.opensearch.common.recycler.DequeRecycler$DV
 216:          6511         156264  org.opensearch.common.recycler.Recyclers$1$1
 217:          9589         153424  org.opensearch.cluster.routing.RotationShardShuffler
 218:          6253         150072  org.apache.lucene.index.SegmentReader$1
 219:          4624         147968  org.opensearch.common.util.concurrent.ThreadContext$$Lambda/0x00007fcd285478f8
 220:          6111         146664  org.apache.lucene.codecs.perfield.PerFieldDocValuesFormat$FieldsReader
 221:          6105         146520  org.apache.lucene.codecs.lucene90.LZ4WithPresetDictCompressionMode$LZ4WithPresetDictDecompressor
 222:          6105         146520  org.apache.lucene.codecs.perfield.PerFieldPostingsFormat$FieldsReader
 223:          6105         146520  org.apache.lucene.index.SegmentCoreReaders$3
 224:          9128         146048  org.opensearch.common.SetOnce
 225:          6030         144720  org.opensearch.common.unit.TimeValue
 226:          5954         142896  org.opensearch.cluster.routing.AllocationId
 227:          2219         142016  java.net.URL (java.base@21.0.3)
 228:           459         139536  org.opensearch.index.IndexSettings
 229:          5784         138816  sun.nio.ch.NativeThreadSet (java.base@21.0.3)
 230:          2857         137136  java.lang.invoke.LambdaForm (java.base@21.0.3)
 231:           457         135272  org.opensearch.index.shard.IndexShard
 232:          1864         134208  org.apache.lucene.index.SegmentInfos
 233:          1745         132576  [Ljava.lang.ref.SoftReference; (java.base@21.0.3)
 234:          5462         131088  org.opensearch.cluster.metadata.IndexAbstraction$Index
 235:          1540         123200  io.netty.buffer.PooledHeapByteBuf
 236:          3805         121760  java.util.Collections$UnmodifiableSortedMap (java.base@21.0.3)
 237:          3043         121720  jdk.nio.zipfs.ZipFileSystem$IndexNode (jdk.zipfs@21.0.3)
 238:          3801         121632  org.opensearch.common.settings.Settings
 239:          7579         121264  java.util.Collections$UnmodifiableMap$UnmodifiableEntrySet (java.base@21.0.3)
 240:          5029         120696  org.opensearch.cluster.routing.RoutingNodes$$Lambda/0x00007fcd291bd288
 241:          4911         117864  org.opensearch.common.inject.Key
 242:          2024         113344  com.sun.crypto.provider.GCTR (java.base@21.0.3)
 243:          2818         112720  org.opensearch.painless.lookup.PainlessMethod
 244:          2811         112440  org.opensearch.painless.spi.WhitelistMethod
 245:          2742         109680  [Lorg.opensearch.index.mapper.MetadataFieldMapper;
 246:          6714         107424  java.util.concurrent.CopyOnWriteArraySet (java.base@21.0.3)
 247:          3260         104320  org.opensearch.common.inject.spi.Dependency
 248:          4271         102504  java.lang.invoke.LambdaForm$NamedFunction (java.base@21.0.3)
 249:          3189         102048  org.opensearch.cluster.routing.IndexRoutingTable
 250:          4202         100848  java.util.regex.Pattern$Slice (java.base@21.0.3)
 251:          6253         100048  org.apache.lucene.index.SegmentReader$2
 252:          6219          99504  java.lang.Integer (java.base@21.0.3)
 253:          4131          99144  org.opensearch.core.index.shard.ShardId
 254:           458          98928  org.apache.lucene.index.IndexWriter
 255:           457          98712  org.opensearch.index.engine.InternalEngine
 256:          2055          98640  java.lang.invoke.LambdaFormEditor$Transform (java.base@21.0.3)
 257:          2036          97728  io.netty.channel.DefaultChannelPromise
 258:          6105          97680  org.apache.lucene.index.SegmentDocValues
 259:          4063          97512  org.opensearch.common.inject.TypeLiteral
 260:          3041          97312  java.util.LinkedList (java.base@21.0.3)
 261:           615          93480  sun.security.ssl.SSLSessionImpl (java.base@21.0.3)
 262:          2913          93216  org.tartarus.snowball.Among
 263:          5784          92544  sun.nio.ch.FileChannelImpl$Closer (java.base@21.0.3)
 264:           457          91400  org.opensearch.index.IndexService
 265:          2821          90272  org.opensearch.common.collect.CopyOnWriteHashMap
 266:          3662          87888  org.opensearch.common.compress.CompressedXContent
 267:          5477          87632  java.util.jar.Attributes (java.base@21.0.3)
 268:          3642          87408  org.apache.logging.log4j.message.ParameterFormatter$MessagePatternAnalysis
 269:           242          84896  [Ljava.lang.ThreadLocal$ThreadLocalMap$Entry; (java.base@21.0.3)
 270:          3526          84624  java.util.regex.Pattern$GroupTail (java.base@21.0.3)
 271:          3519          84456  java.util.regex.Pattern$GroupHead (java.base@21.0.3)
 272:          5261          84176  java.nio.channels.spi.AbstractInterruptibleChannel$1 (java.base@21.0.3)
 273:          3470          83280  java.util.ArrayDeque (java.base@21.0.3)
 274:          2589          82848  java.util.Formatter$FormatSpecifier (java.base@21.0.3)
 275:          3332          79968  java.util.concurrent.Executors$RunnableAdapter (java.base@21.0.3)
 276:          1641          78768  org.opensearch.common.inject.internal.InstanceBindingImpl
 277:          3272          78528  org.opensearch.threadpool.ThreadPool$ThreadedRunnable
 278:          1396          78176  io.netty.channel.DefaultChannelHandlerContext
 279:          1920          76800  io.netty.buffer.PoolThreadCache$MemoryRegionCache$Entry
 280:          1423          76552  [Lorg.opensearch.search.aggregations.bucket.terms.StringTerms$Bucket;
 281:          3167          76008  sun.reflect.generics.tree.SimpleClassTypeSignature (java.base@21.0.3)
 282:          3140          75360  java.util.regex.Pattern$BmpCharProperty (java.base@21.0.3)
 283:          3113          74712  java.lang.Long (java.base@21.0.3)
 284:          4636          74176  org.opensearch.common.SetOnce$Wrapper
 285:          1848          73920  org.apache.lucene.codecs.lucene90.Lucene90TermVectorsFormat
 286:          1536          73728  io.netty.buffer.PoolChunkList
 287:          1842          73680  org.opensearch.index.store.StoreFileMetadata
 288:           699          72696  java.util.jar.JarFile$JarFileEntry (java.base@21.0.3)
 289:          2926          70224  org.opensearch.common.util.concurrent.ThreadContext$ContextPreservingRunnable
 290:            17          69904  [Lorg.apache.lucene.index.LeafReaderContext;
 291:          2884          69216  org.apache.lucene.util.packed.DirectReader$DirectPackedReader4
 292:          1710          68400  org.apache.logging.log4j.core.Logger$PrivateConfig
 293:           474          68256  org.opensearch.index.translog.TranslogWriter
 294:          2827          67848  org.opensearch.common.inject.SingleParameterInjector
 295:          4207          67312  java.util.TreeMap$KeySet (java.base@21.0.3)
 296:          1191          66696  jdk.internal.org.objectweb.asm.Label (java.base@21.0.3)
 297:           919          66168  org.apache.lucene.index.TieredMergePolicy
 298:          2751          66008  [Ljava.security.cert.X509Certificate; (java.base@21.0.3)
 299:          4114          65824  org.apache.lucene.util.BytesRefBuilder
 300:          2732          65568  org.opensearch.cluster.metadata.MappingMetadata
 301:          1999          63968  org.opensearch.core.common.bytes.BytesArray
 302:          1983          63456  sun.security.util.ObjectIdentifier (java.base@21.0.3)
 303:           458          62288  org.apache.lucene.index.DocumentsWriterFlushControl
 304:           457          62152  org.opensearch.index.seqno.ReplicationTracker
 305:          3167          61256  [Lsun.reflect.generics.tree.TypeArgument; (java.base@21.0.3)
 306:          1907          61024  org.apache.lucene.search.TermQuery
 307:          2525          60600  sun.nio.fs.UnixChannelFactory$Flags (java.base@21.0.3)
 308:          2503          60208  [Ljava.nio.file.OpenOption; (java.base@21.0.3)
 309:           284          59840  [Lio.netty.buffer.PoolSubpage;
 310:          1063          59528  java.util.stream.ReferencePipeline$2 (java.base@21.0.3)
 311:          1485          59400  org.opensearch.common.settings.Setting
 312:          2474          59376  org.opensearch.core.common.unit.ByteSizeValue
 313:          3677          58832  org.apache.lucene.codecs.lucene90.Lucene90DocValuesFormat
 314:          1835          58720  org.apache.lucene.codecs.lucene99.Lucene99HnswVectorsFormat
 315:          1829          58528  java.util.RegularEnumSet (java.base@21.0.3)
 316:           457          58496  org.opensearch.index.engine.EngineConfig
 317:           914          58496  org.opensearch.index.mapper.RootObjectMapper
 318:          1827          58464  java.nio.file.attribute.FileTime (java.base@21.0.3)
 319:          1800          57600  java.lang.Package (java.base@21.0.3)
 320:          2090          55168  [Ljava.lang.reflect.Field; (java.base@21.0.3)
 321:           458          54960  org.apache.lucene.index.IndexWriterConfig
 322:           457          54840  org.opensearch.index.engine.InternalEngine$EngineMergeScheduler
 323:          1710          54720  org.apache.logging.log4j.core.Logger
 324:           354          53808  jdk.internal.org.objectweb.asm.ClassWriter (java.base@21.0.3)
 325:          1339          53560  java.lang.Package$VersionInfo (java.base@21.0.3)
 326:          2228          53472  java.util.jar.Attributes$Name (java.base@21.0.3)
 327:          2212          53088  javax.crypto.spec.SecretKeySpec (java.base@21.0.3)
 328:           656          52480  java.util.zip.ZipFile$Source (java.base@21.0.3)
 329:          2139          51336  jdk.internal.org.objectweb.asm.ByteVector (java.base@21.0.3)
 330:           798          51072  javax.crypto.Cipher (java.base@21.0.3)
 331:          1269          50760  java.util.Spliterators$ArraySpliterator (java.base@21.0.3)
 332:           905          50680  java.lang.invoke.DirectMethodHandle$StaticAccessor (java.base@21.0.3)
 333:          3154          50464  sun.reflect.generics.tree.ClassTypeSignature (java.base@21.0.3)
 334:          1238          49520  java.security.CodeSource (java.base@21.0.3)
 335:          2058          49392  java.util.regex.Pattern$Start (java.base@21.0.3)
 336:          1228          49120  java.math.BigInteger (java.base@21.0.3)
 337:          1525          48800  java.util.TreeMap$KeyIterator (java.base@21.0.3)
 338:          1002          48096  org.apache.lucene.analysis.tokenattributes.PackedTokenAttributeImpl
 339:          1201          48040  sun.security.util.DerInputStream (java.base@21.0.3)
 340:           993          47664  org.opensearch.index.mapper.ObjectMapper
 341:          1965          47160  java.util.regex.Pattern$BmpCharPropertyGreedy (java.base@21.0.3)
 342:          1935          46440  javax.naming.ldap.Rdn$RdnEntry (java.naming@21.0.3)
 343:          1450          46400  java.lang.ref.WeakReference (java.base@21.0.3)
 344:           964          46272  jdk.internal.org.objectweb.asm.Frame (java.base@21.0.3)
 345:          1928          46272  org.apache.lucene.index.Term
 346:          1748          46112  [Ljava.util.Map$Entry; (java.base@21.0.3)
 347:          2855          45680  org.opensearch.common.logging.DeprecationLogger
 348:           711          45504  java.util.zip.Inflater (java.base@21.0.3)
 349:          2818          45088  org.opensearch.threadpool.ScheduledCancellableAdapter
 350:           399          44688  io.netty.handler.ssl.SslHandler
 351:           399          44688  org.opensearch.transport.CopyBytesSocketChannel
 352:           399          44688  sun.nio.ch.SocketChannelImpl (java.base@21.0.3)
 353:          1393          44576  java.util.concurrent.Semaphore$NonfairSync (java.base@21.0.3)
 354:          1106          44240  java.util.IdentityHashMap (java.base@21.0.3)
 355:          1103          44120  org.opensearch.ingest.useragent.UserAgentParser$UserAgentSubpattern
 356:           919          44112  org.opensearch.common.util.MovingAverage
 357:          1836          44064  org.apache.lucene.codecs.lucene99.Lucene99PostingsFormat
 358:          1835          44040  org.apache.lucene.codecs.lucene99.Lucene99Codec$1
 359:          1835          44040  org.apache.lucene.codecs.lucene99.Lucene99Codec$2
 360:          1835          44040  org.apache.lucene.codecs.lucene99.Lucene99Codec$3
 361:          1372          43904  java.util.regex.Pattern$Branch (java.base@21.0.3)
 362:          1828          43872  org.opensearch.index.codec.fuzzy.FuzzySetParameters
 363:           914          43872  org.opensearch.index.mapper.DocumentMapper
 364:          1371          43872  org.opensearch.index.mapper.MapperService$MapperAnalyzerWrapper
 365:          1826          43824  org.opensearch.common.util.concurrent.ThreadContext$$Lambda/0x00007fcd28fdf490
 366:          2731          43696  org.opensearch.cluster.metadata.Metadata$Builder$$Lambda/0x00007fcd29095d68
 367:          1802          43248  java.util.LinkedHashMap$LinkedValues (java.base@21.0.3)
 368:           225          42968  [Ljava.lang.invoke.MethodHandle; (java.base@21.0.3)
 369:          1372          42888  [Ljava.util.regex.Pattern$Node; (java.base@21.0.3)
 370:          2677          42832  java.util.regex.Pattern$$Lambda/0x80000002a (java.base@21.0.3)
 371:          1316          42112  jdk.internal.org.objectweb.asm.Type (java.base@21.0.3)
 372:          1725          41400  java.security.Provider$UString (java.base@21.0.3)
 373:           738          41328  java.util.stream.ReferencePipeline$3 (java.base@21.0.3)
 374:          1012          40480  javax.net.ssl.SSLEngineResult (java.base@21.0.3)
 375:          2093          40360  [Ljava.util.regex.IntHashSet; (java.base@21.0.3)
 376:           457          40216  org.opensearch.index.SearchSlowLog
 377:           457          40216  org.opensearch.security.configuration.SecurityFlsDlsIndexSearcherWrapper
 378:           999          39960  sun.security.ssl.Plaintext (java.base@21.0.3)
 379:           706          39536  [Ljava.util.regex.Pattern$GroupHead; (java.base@21.0.3)
 380:          1640          39360  java.util.concurrent.ConcurrentHashMap$KeySetView (java.base@21.0.3)
 381:          1636          39264  java.lang.RuntimePermission (java.base@21.0.3)
 382:           489          39120  org.opensearch.common.cache.Cache
 383:          1201          38432  sun.security.util.DerValue (java.base@21.0.3)
 384:           531          38232  org.apache.lucene.analysis.standard.StandardTokenizerImpl
 385:           952          38080  org.opensearch.index.seqno.RetentionLease
 386:          1189          38048  java.util.stream.Collectors$CollectorImpl (java.base@21.0.3)
 387:           525          37800  org.opensearch.index.translog.Checkpoint
 388:          1181          37792  java.util.stream.ReduceOps$3ReducingSink (java.base@21.0.3)
 389:           663          37128  java.io.FileCleanable (java.base@21.0.3)
 390:          1547          37128  org.opensearch.common.collect.Tuple
 391:           580          37120  org.opensearch.search.aggregations.bucket.histogram.InternalDateHistogram
 392:          1546          37104  org.apache.logging.log4j.MarkerManager$Log4jMarker
 393:           513          36936  com.sun.crypto.provider.GaloisCounterMode$GCMEncrypt (java.base@21.0.3)
 394:           656          36736  java.util.jar.JarFile (java.base@21.0.3)
 395:           459          36720  [Lorg.opensearch.cluster.routing.UnassignedInfo$Reason;
 396:           458          36640  [Ljava.util.concurrent.locks.Lock; (java.base@21.0.3)
 397:           458          36640  [Lorg.apache.lucene.index.ApproximatePriorityQueue;
 398:           914          36560  org.opensearch.index.mapper.Mapping
 399:           914          36560  org.opensearch.index.mapper.MappingLookup
 400:           457          36560  org.opensearch.index.translog.LocalTranslog
 401:            24          36352  [Ljava.util.Hashtable$Entry; (java.base@21.0.3)
 402:          1513          36312  org.opensearch.common.bytes.ReleasableBytesReference
 403:          1512          36288  java.util.concurrent.ConcurrentLinkedQueue$Node (java.base@21.0.3)
 404:          1499          35976  java.util.Formatter$FixedString (java.base@21.0.3)
 405:           499          35928  com.sun.crypto.provider.GaloisCounterMode$GCMDecrypt (java.base@21.0.3)
 406:           399          35112  sun.security.ssl.TransportContext (java.base@21.0.3)
 407:           479          34968  [Lorg.apache.lucene.index.LeafReader;
 408:           478          34848  [Lorg.apache.lucene.index.IndexReaderContext;
 409:           871          34840  com.fasterxml.jackson.databind.introspect.AnnotatedMethod
 410:           723          34704  jdk.internal.org.objectweb.asm.AnnotationWriter (java.base@21.0.3)
 411:          1083          34656  java.lang.invoke.MethodTypeForm (java.base@21.0.3)
 412:           480          34560  org.opensearch.tasks.Task
 413:           859          34360  org.jcodings.unicode.UnicodeCodeRange
 414:           857          34280  org.opensearch.common.path.PathTrie$TrieNode
 415:           714          34272  org.opensearch.plugins.PluginInfo
 416:           531          33984  org.apache.lucene.analysis.standard.StandardTokenizer
 417:          1414          33936  java.io.ByteArrayOutputStream (java.base@21.0.3)
 418:          1054          33728  io.netty.util.internal.LongAdderCounter
 419:           460          33120  org.apache.lucene.index.DocumentsWriterDeleteQueue
 420:           457          32952  [Lorg.apache.lucene.index.SegmentReader;
 421:           457          32904  org.apache.lucene.analysis.miscellaneous.FingerprintFilter
 422:           457          32904  org.apache.lucene.index.StandardDirectoryReader
 423:           457          32904  org.opensearch.common.lucene.index.OpenSearchDirectoryReader
 424:           457          32904  org.opensearch.index.IndexModule
 425:           457          32904  org.opensearch.index.search.stats.ShardSearchStats$StatsHolder
 426:           513          32832  io.netty.channel.ChannelOutboundBuffer$Entry
 427:             1          32792  [Lkotlinx.coroutines.scheduling.CoroutineScheduler$Worker;
 428:          1024          32768  org.opensearch.common.util.concurrent.ThreadContext$ContextPreservingAbstractRunnable
 429:          1351          32424  sun.nio.fs.UnixFileAttributeViews$Basic (java.base@21.0.3)
 430:           810          32400  org.opensearch.indices.replication.common.ReplicationLuceneIndex$FileMetadata
 431:           809          32360  java.lang.invoke.DirectMethodHandle$Special (java.base@21.0.3)
 432:          1344          32256  java.util.regex.Pattern$TreeInfo (java.base@21.0.3)
 433:          2007          32112  sun.nio.fs.UnixFileAttributes$UnixAsBasicFileAttributes (java.base@21.0.3)
 434:          1000          32000  java.io.ByteArrayInputStream (java.base@21.0.3)
 435:           798          31920  io.netty.handler.ssl.SslHandler$LazyChannelPromise
 436:           399          31920  sun.security.ssl.SSLConfiguration (java.base@21.0.3)
 437:           997          31904  org.opensearch.core.common.io.stream.InputStreamStreamInput
 438:           993          31776  java.net.InetAddress$InetAddressHolder (java.base@21.0.3)
 439:           656          31488  jdk.internal.loader.URLClassPath$JarLoader (java.base@21.0.3)
 440:          1311          31464  java.util.concurrent.CompletableFuture (java.base@21.0.3)
 441:          1947          31160  [Ljava.nio.file.LinkOption; (java.base@21.0.3)
 442:          1935          30960  javax.naming.ldap.Rdn (java.naming@21.0.3)
 443:           963          30816  java.util.concurrent.CountDownLatch$Sync (java.base@21.0.3)
 444:          1911          30576  java.util.AbstractMap$2 (java.base@21.0.3)
 445:          1274          30576  org.opensearch.cluster.node.DiscoveryNodeFilters
 446:          1258          30192  java.lang.management.LockInfo (java.management@21.0.3)
 447:           626          30048  com.sun.crypto.provider.GaloisCounterMode$AESGCM (java.base@21.0.3)
 448:           932          29824  org.opensearch.index.engine.LiveVersionMap$VersionLookup
 449:          1849          29584  java.util.concurrent.Semaphore (java.base@21.0.3)
 450:          1848          29568  org.apache.lucene.codecs.lucene90.Lucene90CompoundFormat
 451:          1848          29568  org.apache.lucene.codecs.lucene90.Lucene90LiveDocsFormat
 452:          1848          29568  org.apache.lucene.codecs.lucene90.Lucene90NormsFormat
 453:          1848          29568  org.apache.lucene.codecs.lucene90.Lucene90StoredFieldsFormat
 454:          1843          29488  org.apache.lucene.codecs.lucene94.Lucene94FieldInfosFormat
 455:           459          29376  org.apache.lucene.index.LogByteSizeMergePolicy
 456:          1835          29360  org.apache.lucene.codecs.lucene99.Lucene99SegmentInfoFormat
 457:           458          29312  org.apache.lucene.index.FieldInfos$FieldNumbers
 458:           457          29248  org.opensearch.index.IndexingSlowLog
 459:          1828          29248  org.opensearch.index.codec.PerFieldMappingPostingFormatCodec$$Lambda/0x00007fcd29272448
 460:          1828          29248  org.opensearch.index.codec.fuzzy.FuzzySetFactory
 461:           914          29248  org.opensearch.index.mapper.FieldTypeLookup
 462:           457          29248  org.opensearch.index.mapper.MapperService
 463:           457          29248  org.opensearch.index.mapper.SourceFieldMapper
 464:           457          29248  org.opensearch.index.shard.RefreshListeners
 465:           457          29248  org.opensearch.index.translog.ReplicationTranslogDeletionPolicy
 466:           914          29248  org.opensearch.index.translog.Translog$Location
 467:           457          29248  org.opensearch.indices.recovery.RecoveryState$Translog
 468:           457          29248  org.opensearch.indices.replication.common.ReplicationLuceneIndex
 469:           518          29008  org.opensearch.security.transport.SecurityRequestHandler
 470:          1201          28824  [Lsun.security.x509.AVA; (java.base@21.0.3)
 471:          1201          28824  sun.security.x509.AVA (java.base@21.0.3)
 472:          1201          28824  sun.security.x509.RDN (java.base@21.0.3)
 473:           399          28728  sun.security.ssl.SSLEngineOutputRecord (java.base@21.0.3)
 474:           239          28680  java.lang.Thread (java.base@21.0.3)
 475:          1190          28560  org.opensearch.core.action.ActionListener$1
 476:          1080          28464  [Ljava.lang.reflect.Type; (java.base@21.0.3)
 477:          1143          28120  [Ljava.lang.reflect.Constructor; (java.base@21.0.3)
 478:           583          27984  sun.security.util.MemoryCache$SoftCacheEntry (java.base@21.0.3)
 479:           479          27888  [[B (java.base@21.0.3)
 480:          1154          27696  java.util.concurrent.ConcurrentLinkedQueue (java.base@21.0.3)
 481:          1148          27552  sun.reflect.annotation.AnnotationInvocationHandler (java.base@21.0.3)
 482:           484          27104  org.opensearch.transport.TcpTransportChannel
 483:            17          26776  [Lorg.opensearch.common.recycler.Recycler$V;
 484:           256          26624  io.netty.buffer.PoolArena$HeapArena
 485:           830          26560  java.util.concurrent.LinkedTransferQueue$DualNode (java.base@21.0.3)
 486:           415          26560  jdk.internal.org.objectweb.asm.FieldWriter (java.base@21.0.3)
 487:          1642          26272  org.opensearch.common.inject.util.Providers$1
 488:          1641          26256  org.opensearch.common.inject.internal.InternalFactory$Instance
 489:            13          26240  [[J (java.base@21.0.3)
 490:           656          26240  java.io.RandomAccessFile (java.base@21.0.3)
 491:           654          26160  java.lang.invoke.DirectMethodHandle$Interface (java.base@21.0.3)
 492:           542          26016  org.apache.lucene.analysis.StopFilter
 493:          1082          25968  [Lorg.opensearch.common.lease.Releasable;
 494:          1070          25680  org.opensearch.security.filter.SecurityRestFilter$AuthczRestHandler
 495:           401          25664  io.netty.channel.ChannelOutboundBuffer
 496:           401          25664  io.netty.channel.DefaultChannelPipeline$HeadContext
 497:           458          25648  org.apache.lucene.index.DocumentsWriter
 498:           458          25648  org.apache.lucene.index.IndexFileDeleter
 499:           458          25648  org.apache.lucene.index.ReaderPool
 500:           458          25648  org.opensearch.cluster.routing.UnassignedInfo
 501:          1068          25632  org.apache.lucene.util.AttributeSource$State
 502:           457          25592  org.apache.lucene.analysis.miscellaneous.ASCIIFoldingFilter
 503:           457          25592  org.opensearch.index.engine.CombinedDeletionPolicy
 504:           457          25592  org.opensearch.index.store.Store
 505:           457          25592  org.opensearch.indices.recovery.RecoveryState
 506:           457          25592  org.opensearch.indices.recovery.RecoveryState$VerifyIndex
 507:           399          25536  io.netty.channel.socket.nio.NioSocketChannel$NioSocketChannelConfig
 508:          1063          25512  java.util.stream.ReferencePipeline$2$1 (java.base@21.0.3)
 509:          1582          25312  com.fasterxml.jackson.databind.introspect.AnnotationMap
 510:          1054          25296  java.util.Formatter (java.base@21.0.3)
 511:           790          25280  org.opensearch.painless.lookup.PainlessField
 512:           790          25280  org.opensearch.painless.spi.WhitelistField
 513:          1042          25008  org.bouncycastle.asn1.ASN1ObjectIdentifier
 514:           623          24920  org.opensearch.transport.RequestHandlerRegistry
 515:           518          24864  org.apache.lucene.analysis.CharArrayMap
 516:           310          24800  org.apache.logging.log4j.core.util.datetime.FixedDateFormat
 517:           513          24624  io.netty.buffer.UnpooledHeapByteBuf
 518:           439          24584  org.opensearch.common.lucene.store.InputStreamIndexInput
 519:           510          24480  java.lang.management.MemoryUsage (java.management@21.0.3)
 520:          1530          24480  org.opensearch.common.settings.Setting$SimpleKey
 521:          1012          24288  com.sun.crypto.provider.GHASH (java.base@21.0.3)
 522:          1012          24288  javax.crypto.spec.GCMParameterSpec (java.base@21.0.3)
 523:           499          23952  org.opensearch.transport.OutboundHandler$SendContext
 524:           498          23904  org.opensearch.transport.Header
 525:           994          23856  com.fasterxml.jackson.dataformat.smile.SmileGenerator$SharedStringNode
 526:           993          23832  java.util.Arrays$ArrayItr (java.base@21.0.3)
 527:           993          23832  jdk.internal.reflect.DirectConstructorHandleAccessor (java.base@21.0.3)
 528:          1479          23664  org.opensearch.security.support.WildcardMatcher$Exact
 529:           980          23520  java.net.InetSocketAddress$InetSocketAddressHolder (java.base@21.0.3)
 530:           978          23472  java.net.Inet4Address (java.base@21.0.3)
 531:          1460          23360  java.util.Collections$SingletonSet (java.base@21.0.3)
 532:           478          22944  org.apache.lucene.index.CompositeReaderContext
 533:          1424          22784  org.opensearch.security.support.WildcardMatcher$SimpleMatcher
 534:           569          22760  java.util.HashMap$EntrySpliterator (java.base@21.0.3)
 535:           948          22752  org.opensearch.index.engine.LiveVersionMap$Maps
 536:           354          22656  jdk.internal.org.objectweb.asm.SymbolTable (java.base@21.0.3)
 537:           704          22528  javax.crypto.Cipher$Transform (java.base@21.0.3)
 538:           401          22456  io.netty.channel.DefaultChannelPipeline$TailContext
 539:           400          22400  io.netty.channel.FixedRecvByteBufAllocator$HandleImpl
 540:           399          22344  org.opensearch.transport.InboundPipeline
 541:           399          22344  sun.security.ssl.SSLCipher$T13GcmReadCipherGenerator$GcmReadCipher (java.base@21.0.3)
 542:           399          22344  sun.security.ssl.SSLCipher$T13GcmWriteCipherGenerator$GcmWriteCipher (java.base@21.0.3)
 543:           198          22176  java.util.GregorianCalendar (java.base@21.0.3)
 544:           461          22128  org.apache.lucene.index.BufferedUpdates
 545:           461          22128  org.opensearch.common.settings.IndexScopedSettings
 546:           459          22032  java.util.concurrent.ArrayBlockingQueue (java.base@21.0.3)
 547:           459          22032  org.apache.lucene.index.IndexFileDeleter$CommitPoint
 548:           458          21984  org.apache.lucene.index.DocumentsWriter$$Lambda/0x00007fcd290cac10
 549:           916          21984  org.opensearch.core.common.text.Text
 550:          1372          21952  java.util.regex.Pattern$BranchConn (java.base@21.0.3)
 551:           457          21936  org.apache.lucene.index.SoftDeletesRetentionMergePolicy
 552:           457          21936  org.apache.lucene.store.MMapDirectory
 553:           914          21936  org.opensearch.common.util.concurrent.KeyedLock
 554:           457          21936  org.opensearch.index.IndexService$AsyncGlobalCheckpointTask
 555:           457          21936  org.opensearch.index.IndexService$AsyncRefreshTask
 556:           457          21936  org.opensearch.index.IndexService$AsyncRetentionLeaseSyncTask
 557:           457          21936  org.opensearch.index.IndexService$AsyncTrimTranslogTask
 558:           914          21936  org.opensearch.index.analysis.FieldNameAnalyzer
 559:           457          21936  org.opensearch.index.engine.SoftDeletesPolicy
 560:           457          21936  org.opensearch.index.fielddata.IndexFieldDataService
 561:           457          21936  org.opensearch.index.get.ShardGetService
 562:           457          21936  org.opensearch.index.mapper.DocumentMapperParser
 563:           914          21936  org.opensearch.index.mapper.DocumentParser
 564:           914          21936  org.opensearch.index.mapper.DynamicKeyFieldTypeLookup
 565:           457          21936  org.opensearch.index.store.DirectoryFileTransferTracker
 566:           457          21936  org.opensearch.index.store.FsDirectoryFactory$HybridDirectory
 567:           457          21936  org.opensearch.index.translog.InternalTranslogManager
 568:           457          21936  org.opensearch.indices.replication.common.ReplicationTimer
 569:           455          21840  java.lang.invoke.DirectMethodHandle$Accessor (java.base@21.0.3)
 570:           909          21816  org.apache.lucene.store.BufferedChecksum
 571:           679          21728  java.util.zip.ZipFile$CleanableResource (java.base@21.0.3)
 572:           905          21720  org.opensearch.sql.expression.function.FunctionSignature
 573:           905          21712  [Ljava.nio.file.Path; (java.base@21.0.3)
 574:           338          21632  sun.security.ssl.CipherSuite (java.base@21.0.3)
 575:           673          21536  [Lorg.opensearch.semver.SemverRange$RangeOperator;
 576:           536          21440  org.apache.lucene.analysis.LowerCaseFilter
 577:           890          21360  org.opensearch.common.inject.InternalFactoryToProviderAdapter
 578:           890          21360  org.opensearch.common.inject.ProviderToInternalFactoryAdapter
 579:           890          21360  org.opensearch.common.inject.Scopes$1$1
 580:           667          21344  java.io.File (java.base@21.0.3)
 581:           879          21096  java.util.regex.Pattern$SliceI (java.base@21.0.3)
 582:           439          21072  org.opensearch.index.store.Store$VerifyingIndexInput
 583:           876          21024  sun.security.provider.PolicyFile$PolicyEntry (java.base@21.0.3)
 584:           653          20896  sun.reflect.generics.repository.ClassRepository (java.base@21.0.3)
 585:           652          20864  java.util.PropertyPermission (java.base@21.0.3)
 586:           869          20856  java.lang.Class$AnnotationData (java.base@21.0.3)
 587:           866          20784  org.opensearch.common.inject.multibindings.RealElement
 588:           513          20520  io.netty.buffer.UnpooledSlicedByteBuf
 589:           850          20400  org.apache.lucene.util.packed.DirectReader$DirectPackedReader24
 590:           510          20400  org.opensearch.common.util.concurrent.BaseFuture$Sync
 591:           849          20376  sun.reflect.generics.factory.CoreReflectionFactory (java.base@21.0.3)
 592:           636          20352  org.opensearch.core.ParseField
 593:           508          20320  org.opensearch.common.util.BigArrays$ByteArrayWrapper
 594:           503          20120  java.util.Collections$SingletonMap (java.base@21.0.3)
 595:           838          20112  java.util.Collections$UnmodifiableMap$UnmodifiableEntrySet$1 (java.base@21.0.3)
 596:           626          20032  com.sun.crypto.provider.AESCrypt (java.base@21.0.3)
 597:           624          19968  io.netty.buffer.PoolThreadCache$SubPageMemoryRegionCache
 598:           499          19960  org.opensearch.common.io.stream.ReleasableBytesStreamOutput
 599:           499          19960  org.opensearch.transport.nativeprotocol.CompressibleBytesOutputStream
 600:           499          19960  org.opensearch.transport.nativeprotocol.NativeInboundMessage
 601:           831          19944  sun.reflect.generics.reflectiveObjects.ParameterizedTypeImpl (java.base@21.0.3)
 602:          1244          19904  java.util.regex.Pattern$BitClass (java.base@21.0.3)
 603:           475          19800  [Lorg.opensearch.common.inject.SingleParameterInjector;
 604:           613          19616  java.util.ArrayList$ArrayListSpliterator (java.base@21.0.3)
 605:           245          19600  org.apache.lucene.search.comparators.LongComparator$LongLeafComparator
 606:           203          19488  sun.util.calendar.Gregorian$Date (java.base@21.0.3)
 607:           483          19320  org.opensearch.transport.nativeprotocol.NativeOutboundMessage$Response
 608:           401          19248  io.netty.channel.AbstractChannel$CloseFuture
 609:           401          19248  io.netty.channel.DefaultChannelPipeline
 610:           802          19248  io.netty.channel.VoidChannelPromise
 611:           401          19248  sun.nio.ch.SelectionKeyImpl (java.base@21.0.3)
 612:           798          19152  io.netty.handler.ssl.SslHandler$SslTasksRunner
 613:           399          19152  sun.nio.ch.SocketAdaptor (java.base@21.0.3)
 614:           399          19152  sun.security.ssl.SSLEngineInputRecord (java.base@21.0.3)
 615:           472          18880  java.util.concurrent.CompletableFuture$UniWhenComplete (java.base@21.0.3)
 616:           472          18880  org.opensearch.common.settings.Setting$1
 617:           464          18560  org.apache.lucene.util.ByteBlockPool
 618:            32          18432  io.netty.util.internal.shaded.org.jctools.queues.atomic.MpscUnboundedAtomicArrayQueue
 619:           328          18368  sun.util.calendar.ZoneInfo (java.base@21.0.3)
 620:           459          18360  [Lorg.opensearch.cluster.routing.RecoverySource$Type;
 621:           459          18360  org.opensearch.index.OpenSearchTieredMergePolicy
 622:           459          18360  sun.nio.ch.FileLockImpl (java.base@21.0.3)
 623:           458          18320  org.apache.lucene.index.BufferedUpdatesStream
 624:           457          18280  org.opensearch.index.cache.bitset.BitsetFilterCache
 625:           457          18280  org.opensearch.index.engine.InternalEngine$ExternalReaderManager
 626:           457          18280  org.opensearch.index.engine.PrunePostingsMergePolicy
 627:           457          18280  org.opensearch.index.engine.RecoverySourcePruneMergePolicy
 628:           457          18280  org.opensearch.index.mapper.DataStreamFieldMapper
 629:           457          18280  org.opensearch.index.mapper.FieldNamesFieldMapper
 630:           457          18280  org.opensearch.index.mapper.FieldNamesFieldMapper$FieldNamesFieldType
 631:           457          18280  org.opensearch.index.mapper.IdFieldMapper$IdFieldType
 632:           457          18280  org.opensearch.index.mapper.Mapper$TypeParser$ParserContext
 633:           457          18280  org.opensearch.index.mapper.RoutingFieldMapper
 634:           457          18280  org.opensearch.index.mapper.SourceFieldMapper$SourceFieldType
 635:           457          18280  org.opensearch.index.shard.GlobalCheckpointListeners
 636:           457          18280  org.opensearch.index.shard.IndexShard$7
 637:           457          18280  org.opensearch.index.shard.IndexShardOperationPermits
 638:           457          18280  org.opensearch.index.shard.InternalIndexingStats$StatsHolder
 639:           457          18280  org.opensearch.index.shard.OpenSearchMergePolicy
 640:           457          18280  org.opensearch.index.store.ByteSizeCachingDirectory
 641:           457          18280  org.opensearch.index.store.ByteSizeCachingDirectory$1
 642:           457          18280  org.opensearch.index.translog.TranslogConfig
 643:           284          18176  java.lang.invoke.BoundMethodHandle$Species_LLLLLLL (java.base@21.0.3)
 644:           747          17928  java.lang.invoke.LambdaFormEditor$TransformKey (java.base@21.0.3)
 645:           372          17856  org.opensearch.cluster.node.DiscoveryNode
 646:           738          17712  java.util.stream.ReferencePipeline$3$1 (java.base@21.0.3)
 647:           441          17640  org.opensearch.indices.replication.common.ReplicationCollection$ReplicationMonitor
 648:           545          17440  org.apache.lucene.analysis.ReusableStringReader
 649:           310          17360  java.lang.invoke.BoundMethodHandle$Species_LLLLL (java.base@21.0.3)
 650:           715          17160  java.time.format.DateTimeFormatterBuilder$DefaultValueParser (java.base@21.0.3)
 651:           714          17136  org.opensearch.semver.SemverRange
 652:           713          17112  java.util.zip.Inflater$InflaterZStreamRef (java.base@21.0.3)
 653:          1066          17056  org.opensearch.common.inject.Initializables$1
 654:           710          17040  sun.reflect.generics.scope.ClassScope (java.base@21.0.3)
 655:           304          17024  java.nio.HeapCharBuffer (java.base@21.0.3)
 656:           709          17016  sun.security.jca.ServiceId (java.base@21.0.3)
 657:           529          16928  org.opensearch.LegacyESVersion
 658:           419          16760  org.apache.lucene.util.packed.Packed64
 659:          1041          16656  org.apache.logging.log4j.message.ReusableSimpleMessage
 660:           517          16544  org.opensearch.common.concurrent.RefCountedReleasable
 661:           685          16440  com.fasterxml.jackson.databind.introspect.MemberKey
 662:           513          16416  sun.security.ssl.Ciphertext (java.base@21.0.3)
 663:           683          16392  org.opensearch.rest.RestMethodHandlers
 664:           338          16224  sun.security.x509.X500Name (java.base@21.0.3)
 665:           675          16200  java.util.stream.FindOps$FindSink$OfRef (java.base@21.0.3)
 666:           672          16128  io.netty.buffer.IntPriorityQueue
 667:           499          15968  io.netty.channel.AbstractChannelHandlerContext$WriteTask
 668:           499          15968  org.opensearch.core.common.io.stream.NamedWriteableAwareStreamInput
 669:           399          15960  io.netty.channel.socket.nio.NioSocketChannel$NioSocketChannelUnsafe
 670:           399          15960  org.opensearch.transport.InboundAggregator
 671:           399          15960  org.opensearch.transport.InboundDecoder
 672:           399          15960  org.opensearch.transport.netty4.Netty4TcpChannel
 673:           997          15952  org.opensearch.transport.nativeprotocol.NativeInboundBytesHandler$$Lambda/0x00007fcd29135950
 674:           992          15872  java.util.zip.CRC32 (java.base@21.0.3)
 675:           636          15856  [[I (java.base@21.0.3)
 676:           988          15808  java.util.concurrent.atomic.AtomicReferenceArray (java.base@21.0.3)
 677:           152          15808  org.apache.logging.log4j.core.impl.MutableLogEvent
 678:           656          15744  java.util.zip.ZipFile$Source$Key (java.base@21.0.3)
 679:           980          15680  java.net.InetSocketAddress (java.base@21.0.3)
 680:           653          15672  sun.reflect.generics.tree.ClassSignature (java.base@21.0.3)
 681:           487          15584  com.google.common.collect.RegularImmutableSet
 682:           486          15552  org.opensearch.common.inject.ConstructorInjector
 683:           486          15552  org.opensearch.common.inject.MembersInjectorImpl
 684:           483          15456  org.opensearch.transport.nativeprotocol.NativeOutboundHandler$$Lambda/0x00007fcd29198bf8
 685:           241          15424  java.lang.invoke.InvokerBytecodeGenerator (java.base@21.0.3)
 686:           482          15424  javax.naming.ldap.Rfc2253Parser (java.naming@21.0.3)
 687:           963          15408  java.util.concurrent.CountDownLatch (java.base@21.0.3)
 688:           482          15296  [Ljdk.internal.org.objectweb.asm.Type; (java.base@21.0.3)
 689:           477          15264  org.opensearch.index.seqno.RetentionLeases
 690:           952          15232  org.opensearch.core.action.ActionListener$$Lambda/0x00007fcd28290668
 691:           952          15232  org.opensearch.core.action.ActionListener$$Lambda/0x00007fcd28290888
 692:           317          15216  java.lang.invoke.MethodHandleImpl$AsVarargsCollector (java.base@21.0.3)
 693:           634          15216  java.util.ImmutableCollections$SetN (java.base@21.0.3)
 694:           474          15168  org.opensearch.index.translog.TranslogHeader
 695:           825          14960  [Lsun.reflect.generics.tree.FormalTypeParameter; (java.base@21.0.3)
 696:           623          14952  org.opensearch.indexmanagement.rollup.interceptor.RollupInterceptor$interceptHandler$1
 697:           623          14952  org.opensearch.performanceanalyzer.transport.PerformanceAnalyzerTransportRequestHandler
 698:           623          14952  org.opensearch.security.OpenSearchSecurityPlugin$6$1
 699:           311          14928  sun.nio.cs.UTF_8$Encoder (java.base@21.0.3)
 700:           620          14880  java.util.regex.Pattern$CharPropertyGreedy (java.base@21.0.3)
 701:           417          14816  [Ljava.time.format.DateTimeFormatterBuilder$DateTimePrinterParser; (java.base@21.0.3)
 702:           461          14752  com.fasterxml.jackson.databind.introspect.AnnotatedField
 703:           461          14752  org.apache.lucene.index.BufferedUpdates$DeletedTerms
 704:           922          14752  org.apache.lucene.util.Counter$AtomicCounter
 705:           914          14696  [Lorg.opensearch.index.mapper.DynamicTemplate;
 706:           459          14688  java.util.concurrent.Semaphore$FairSync (java.base@21.0.3)
 707:           459          14688  org.apache.lucene.store.NativeFSLockFactory$NativeFSLock
 708:           459          14688  sun.nio.ch.FileKey (java.base@21.0.3)
 709:           459          14688  sun.nio.ch.FileLockTable$FileLockReference (java.base@21.0.3)
 710:           141          14664  org.opensearch.security.configuration.DlsFlsFilterLeafReader
 711:           458          14656  org.apache.lucene.index.BufferedUpdatesStream$FinishedSegments
 712:           458          14656  org.apache.lucene.index.DocumentsWriterPerThreadPool
 713:           458          14656  org.apache.lucene.index.IndexWriter$EventQueue
 714:           458          14656  org.apache.lucene.util.FrequencyTrackingRingBuffer
 715:           458          14656  org.opensearch.indices.store.TransportNodesListShardStoreMetadata$NodeRequest
 716:           457          14624  org.apache.lucene.document.NumericDocValuesField
 717:           457          14624  org.apache.lucene.index.ShuffleForcedMergePolicy
 718:           457          14624  org.opensearch.action.support.replication.PendingReplicationActions
 719:           457          14624  org.opensearch.analysis.common.FingerprintAnalyzer
 720:           457          14624  org.opensearch.env.NodeEnvironment$1
 721:           457          14624  org.opensearch.env.NodeEnvironment$InternalShardLock
 722:           457          14624  org.opensearch.index.cache.IndexCache
 723:           457          14624  org.opensearch.index.cache.bitset.ShardBitsetFilterCache
 724:           457          14624  org.opensearch.index.cache.request.ShardRequestCache
 725:           457          14624  org.opensearch.index.engine.Engine$IndexThrottle
 726:           457          14624  org.opensearch.index.engine.LiveVersionMap
 727:           457          14624  org.opensearch.index.mapper.DocCountFieldMapper
 728:           457          14624  org.opensearch.index.mapper.IdFieldMapper
 729:           457          14624  org.opensearch.index.mapper.IgnoredFieldMapper
 730:           457          14624  org.opensearch.index.mapper.IndexFieldMapper
 731:           457          14624  org.opensearch.index.mapper.RankFeatureMetaFieldMapper
 732:           457          14624  org.opensearch.index.mapper.SeqNoFieldMapper
 733:           457          14624  org.opensearch.index.mapper.VersionFieldMapper
 734:           457          14624  org.opensearch.index.seqno.LocalCheckpointTracker
 735:           457          14624  org.opensearch.index.shard.IndexShard$RefreshMetricUpdater
 736:           457          14624  org.opensearch.index.shard.ShardPath
 737:           457          14624  org.opensearch.index.similarity.SimilarityService
 738:           457          14624  org.opensearch.index.store.ByteSizeCachingDirectory$SizeAndModCount
 739:           457          14624  org.opensearch.index.warmer.ShardIndexWarmerService
 740:           365          14600  org.opensearch.painless.spi.WhitelistClass
 741:           453          14496  org.apache.lucene.store.BufferedChecksumIndexInput
 742:           886          14176  org.opensearch.core.common.transport.TransportAddress
 743:           352          14080  java.time.format.DateTimeFormatter (java.base@21.0.3)
 744:           293          14064  java.lang.invoke.BoundMethodHandle$Species_LLL (java.base@21.0.3)
 745:           351          14040  java.security.ProtectionDomain (java.base@21.0.3)
 746:           561          13904  [Ljava.security.cert.Certificate; (java.base@21.0.3)
 747:           579          13896  org.apache.lucene.util.packed.DirectReader$DirectPackedReader2
 748:            51          13872  [Lcom.fasterxml.jackson.dataformat.smile.SmileGenerator$SharedStringNode;
 749:           433          13856  org.opensearch.common.inject.FactoryProxy
 750:           866          13856  org.opensearch.common.inject.Key$AnnotationInstanceStrategy
 751:           433          13856  org.opensearch.core.xcontent.ObjectParser$FieldParser
 752:           577          13848  java.util.ImmutableCollections$List12 (java.base@21.0.3)
 753:           574          13776  java.util.LinkedHashMap$LinkedEntrySet (java.base@21.0.3)
 754:           118          13704  [Lorg.tartarus.snowball.Among;
 755:           560          13440  java.security.BasicPermissionCollection (java.base@21.0.3)
 756:           560          13440  java.util.stream.MatchOps$1MatchSink (java.base@21.0.3)
 757:           557          13368  java.security.SecurityPermission (java.base@21.0.3)
 758:           165          13200  sun.security.x509.X509CertImpl (java.base@21.0.3)
 759:           205          13120  io.netty.util.concurrent.ScheduledFutureTask
 760:           164          13120  java.net.URI (java.base@21.0.3)
 761:           545          13080  [Lorg.apache.lucene.util.AttributeSource$State;
 762:           545          13080  org.apache.lucene.analysis.Analyzer$TokenStreamComponents
 763:           817          13072  org.opensearch.common.concurrent.CompletableContext
 764:           324          12960  org.opensearch.common.lucene.Lucene$DirectoryReaderWithAllLiveDocs$LeafReaderWithLiveDocs
 765:           806          12896  java.util.TreeSet (java.base@21.0.3)
 766:           535          12840  org.opensearch.core.tasks.TaskId
 767:           401          12832  io.netty.channel.DefaultChannelId
 768:           401          12832  sun.nio.ch.DummySocketImpl (java.base@21.0.3)
 769:           399          12768  io.netty.handler.ssl.SslHandler$SslHandlerCoalescingBufferQueue
 770:           798          12768  io.netty.handler.ssl.SslHandler$SslTasksRunner$1
 771:           399          12768  java.util.regex.Pattern$Curly (java.base@21.0.3)
 772:           399          12768  org.opensearch.transport.nativeprotocol.NativeInboundBytesHandler
 773:           399          12768  org.opensearch.transport.netty4.Netty4MessageChannelHandler
 774:           399          12768  org.opensearch.transport.netty4.OpenSearchLoggingHandler
 775:           798          12768  sun.security.ssl.Authenticator$TLS13Authenticator (java.base@21.0.3)
 776:           399          12768  sun.security.ssl.SSLEngineImpl (java.base@21.0.3)
 777:           319          12760  java.util.EnumMap (java.base@21.0.3)
 778:           521          12504  java.util.AbstractMap$SimpleImmutableEntry (java.base@21.0.3)
 779:             3          12496  [Ljava.util.concurrent.RunnableScheduledFuture; (java.base@21.0.3)
 780:           519          12456  org.opensearch.transport.RequestHandlerRegistry$$Lambda/0x00007fcd29199060
 781:           519          12456  org.opensearch.transport.TaskTransportChannel
 782:           310          12400  org.apache.logging.log4j.core.pattern.DatePatternConverter$FixedFormatter
 783:           513          12312  com.sun.crypto.provider.GaloisCounterMode$EncryptOp (java.base@21.0.3)
 784:           513          12312  io.netty.channel.DelegatingChannelPromiseNotifier
 785:           510          12240  org.opensearch.core.common.bytes.AbstractBytesReference$1
 786:           500          12000  org.opensearch.cluster.metadata.IndexGraveyard$Tombstone
 787:           500          12000  org.opensearch.transport.InboundAggregator$BreakerControl
 788:           499          11976  [Lsun.security.ssl.Plaintext; (java.base@21.0.3)
 789:           499          11976  org.opensearch.common.util.concurrent.ThreadContext$$Lambda/0x00007fcd29111390
 790:           499          11976  org.opensearch.transport.OutboundHandler$SendContext$$Lambda/0x00007fcd2911ea10
 791:           499          11976  org.opensearch.transport.nativeprotocol.NativeOutboundHandler$MessageSerializer
 792:           499          11976  org.opensearch.transport.netty4.Netty4MessageChannelHandler$$Lambda/0x00007fcd2910fd40
 793:           499          11976  org.opensearch.transport.netty4.Netty4MessageChannelHandler$WriteOperation
 794:           747          11952  java.lang.invoke.LambdaFormEditor (java.base@21.0.3)
 795:           498          11952  org.opensearch.SpecialPermission
 796:           498          11952  sun.security.x509.AlgorithmId (java.base@21.0.3)
 797:           211          11816  java.lang.invoke.BoundMethodHandle$Species_LLLLLL (java.base@21.0.3)
 798:           113          11752  java.lang.invoke.InnerClassLambdaMetafactory (java.base@21.0.3)
 799:           488          11712  org.opensearch.securityanalytics.model.LogType$Mapping
 800:           292          11680  java.lang.Thread$FieldHolder (java.base@21.0.3)
 801:           486          11664  java.util.stream.Collectors$$Lambda/0x00007fcd2806a678 (java.base@21.0.3)
 802:           486          11664  org.opensearch.common.inject.DefaultConstructionProxyFactory$1
 803:           486          11664  org.opensearch.common.inject.spi.InjectionPoint
 804:           483          11592  org.opensearch.transport.NativeMessageHandler$RequestHandler
 805:           653          11576  [Lsun.reflect.generics.tree.ClassTypeSignature; (java.base@21.0.3)
 806:           481          11544  java.util.regex.Pattern$$Lambda/0x80000002b (java.base@21.0.3)
 807:           476          11424  org.opensearch.security.support.WildcardMatcher$MatcherCombiner
 808:           531          11360  [Lsun.reflect.generics.tree.FieldTypeSignature; (java.base@21.0.3)
 809:           354          11328  java.lang.invoke.MethodHandles$Lookup$ClassDefiner (java.base@21.0.3)
 810:           470          11304  [Ljava.io.Closeable; (java.base@21.0.3)
 811:           338          11216  [Lsun.security.x509.RDN; (java.base@21.0.3)
 812:           463          11112  org.apache.lucene.util.Counter$SerialCounter
 813:           462          11088  org.apache.lucene.util.ByteBlockPool$DirectTrackingAllocator
 814:           461          11064  org.apache.lucene.index.DocumentsWriterDeleteQueue$DeleteSlice
 815:           460          11040  org.apache.lucene.index.DocumentsWriterDeleteQueue$Node
 816:           459          11016  org.apache.lucene.search.similarities.BM25Similarity
 817:           459          11016  org.opensearch.index.LogByteSizeMergePolicyProvider
 818:           459          11016  org.opensearch.index.MergeSchedulerConfig
 819:           459          11016  org.opensearch.index.TieredMergePolicyProvider
 820:           459          11016  org.opensearch.index.remote.RemoteStorePathStrategy
 821:           459          11016  sun.nio.ch.FileLockTable (java.base@21.0.3)
 822:           458          10992  org.apache.lucene.index.ConcurrentApproximatePriorityQueue
 823:           458          10992  org.apache.lucene.index.DocumentsWriterFlushQueue
 824:           458          10992  org.apache.lucene.index.DocumentsWriterStallControl
 825:           458          10992  org.apache.lucene.index.FlushByRamOrCountsPolicy
 826:           458          10992  org.apache.lucene.index.IndexWriter$AddIndexesMergeSource
 827:           458          10992  org.apache.lucene.index.IndexWriter$Merges
 828:           458          10992  org.apache.lucene.index.LockableConcurrentApproximatePriorityQueue
 829:           458          10992  org.apache.lucene.store.LockValidatingDirectoryWrapper
 830:           458          10992  org.apache.lucene.util.FileDeleter
 831:           458          10992  org.apache.lucene.util.FrequencyTrackingRingBuffer$IntBag
 832:           458          10992  org.opensearch.index.engine.SafeCommitInfo
 833:           458          10992  org.opensearch.index.recovery.RecoveryStats
 834:           458          10992  org.opensearch.indices.store.TransportNodesListShardStoreMetadata$NodeStoreFilesMetadata
 835:           458          10992  org.opensearch.indices.store.TransportNodesListShardStoreMetadataHelper$StoreFilesMetadata
 836:           343          10976  com.fasterxml.jackson.databind.util.internal.PrivateMaxEntriesMap$Node
 837:           457          10968  [Lorg.apache.lucene.search.ReferenceManager$RefreshListener;
 838:           457          10968  org.apache.lucene.index.SoftDeletesRetentionMergePolicy$$Lambda/0x00007fcd2930d820
 839:           457          10968  org.apache.lucene.index.StandardDirectoryReader$3
 840:           457          10968  org.opensearch.common.lucene.LoggerInfoStream
 841:           457          10968  org.opensearch.common.lucene.index.OpenSearchDirectoryReader$DelegatingCacheHelper
 842:           457          10968  org.opensearch.common.lucene.index.OpenSearchDirectoryReader$DelegatingCacheKey
 843:           457          10968  org.opensearch.index.CompositeIndexEventListener
 844:           457          10968  org.opensearch.index.IndexService$$Lambda/0x00007fcd2926e4d8
 845:           457          10968  org.opensearch.index.IndexService$$Lambda/0x00007fcd2926efb8
 846:           457          10968  org.opensearch.index.IndexService$$Lambda/0x00007fcd29271518
 847:           457          10968  org.opensearch.index.IndexService$FieldDataCacheListener
 848:           457          10968  org.opensearch.index.IndexService$StoreCloseListener
 849:           457          10968  org.opensearch.index.IndexWarmer$FieldDataWarmer
 850:           457          10968  org.opensearch.index.analysis.IndexAnalyzers
 851:           457          10968  org.opensearch.index.analysis.LowercaseNormalizer
 852:           457          10968  org.opensearch.index.cache.bitset.BitsetFilterCache$BitSetProducerWarmer
 853:           457          10968  org.opensearch.index.engine.CompletionStatsCache
 854:           457          10968  org.opensearch.index.engine.EngineConfigFactory
 855:           457          10968  org.opensearch.index.engine.InternalEngine$LastRefreshedCheckpointListener
 856:           457          10968  org.opensearch.index.engine.InternalEngine$RefreshWarmerListener
 857:           457          10968  org.opensearch.index.engine.OpenSearchReaderManager
 858:           457          10968  org.opensearch.index.engine.RecoverySourcePruneMergePolicy$$Lambda/0x00007fcd29310000
 859:           457          10968  org.opensearch.index.fielddata.ShardFieldData
 860:           457          10968  org.opensearch.index.search.stats.ShardSearchStats
 861:           457          10968  org.opensearch.index.shard.IndexShard$$Lambda/0x00007fcd292736d8
 862:           457          10968  org.opensearch.index.shard.IndexShard$$Lambda/0x00007fcd29275c68
 863:           457          10968  org.opensearch.index.shard.IndexShard$10
 864:           457          10968  org.opensearch.index.shard.IndexShard$RefreshPendingLocationListener
 865:           457          10968  org.opensearch.index.shard.IndexShard$ShardEventListener
 866:           457          10968  org.opensearch.index.shard.IndexingOperationListener$CompositeListener
 867:           457          10968  org.opensearch.index.shard.SearchOperationListener$CompositeListener
 868:           457          10968  org.opensearch.index.similarity.SimilarityService$PerFieldSimilarity
 869:           457          10968  org.opensearch.index.store.RemoteStoreFileDownloader
 870:           457          10968  org.opensearch.index.store.Store$1
 871:           457          10968  org.opensearch.index.store.Store$StoreDirectory
 872:           457          10968  org.opensearch.index.translog.InternalTranslogManager$$Lambda/0x00007fcd292ca1c8
 873:           457          10968  org.opensearch.index.translog.ReplicationTranslogDeletionPolicy$$Lambda/0x00007fcd29001410
 874:           457          10968  org.opensearch.index.translog.ReplicationTranslogDeletionPolicy$$Lambda/0x00007fcd29002590
 875:           457          10968  org.opensearch.index.translog.listener.CompositeTranslogEventListener
 876:           457          10968  org.opensearch.indices.IndicesService$$Lambda/0x00007fcd2926cd10
 877:           457          10968  org.opensearch.indices.replication.common.ReplicationLuceneIndex$FilesDetails
 878:           457          10968  org.opensearch.search.suggest.completion.CompletionStats
 879:           457          10968  org.opensearch.security.OpenSearchSecurityPlugin$$Lambda/0x00007fcd2924b720
 880:           457          10968  org.opensearch.security.OpenSearchSecurityPlugin$4
 881:           457          10968  org.opensearch.security.OpenSearchSecurityPlugin$5
 882:           457          10968  org.opensearch.security.compliance.ComplianceIndexingOperationListenerImpl
 883:           274          10960  java.lang.ref.Finalizer (java.base@21.0.3)
 884:           341          10912  jdk.internal.math.FDBigInteger (java.base@21.0.3)
 885:           341          10912  org.opensearch.common.settings.Setting$IntegerParser
 886:           192          10752  java.util.Calendar$Builder (java.base@21.0.3)
 887:           672          10752  org.apache.lucene.analysis.CharArraySet
 888:           672          10752  org.opensearch.semver.SemverRange$RangeOperator$$Lambda/0x00007fcd281c01f0
 889:           446          10704  io.netty.util.internal.logging.LocationAwareSlf4JLogger
 890:           446          10704  java.util.concurrent.ConcurrentSkipListMap$Node (java.base@21.0.3)
 891:           443          10632  java.util.Collections$1 (java.base@21.0.3)
 892:           221          10608  com.fasterxml.jackson.dataformat.smile.SmileWriteContext
 893:           264          10560  sun.security.util.KnownOIDs (java.base@21.0.3)
 894:           327          10464  sun.reflect.generics.reflectiveObjects.TypeVariableImpl (java.base@21.0.3)
 895:           433          10392  org.opensearch.common.inject.InjectorImpl$4
 896:           433          10392  org.opensearch.common.inject.multibindings.MapBinder$RealMapBinder$MapEntry
 897:           433          10392  org.opensearch.common.inject.spi.ProviderLookup
 898:           433          10392  org.opensearch.plugins.ActionPlugin$ActionHandler
 899:           431          10344  java.util.ImmutableCollections$Set12 (java.base@21.0.3)
 900:           417          10336  [Lorg.opensearch.common.settings.Setting$Property;
 901:           416          10248  [Lorg.opensearch.sql.data.type.ExprType;
 902:           425          10200  [Ljava.nio.channels.SelectionKey; (java.base@21.0.3)
 903:           424          10176  [Lio.netty.util.concurrent.GenericFutureListener;
 904:           424          10176  io.netty.util.concurrent.DefaultFutureListeners
 905:           127          10160  org.apache.lucene.codecs.lucene90.Lucene90DocValuesProducer$VaryingBPVReader
 906:           423          10152  org.opensearch.core.xcontent.ObjectParser$$Lambda/0x00007fcd28487698
 907:           423          10152  org.opensearch.index.fielddata.plain.SortedSetBytesLeafFieldData
 908:           181          10136  java.lang.Module (java.base@21.0.3)
 909:           417          10008  java.time.format.DateTimeFormatterBuilder$CompositePrinterParser (java.base@21.0.3)
 910:           414           9936  org.opensearch.sql.expression.function.FunctionDSL$$Lambda/0x00007fcd28b2e428
 911:           176           9856  sun.security.jca.ProviderList$ServiceList (java.base@21.0.3)
 912:           615           9840  java.util.IdentityHashMap$KeySet (java.base@21.0.3)
 913:           615           9840  sun.security.ssl.SessionId (java.base@21.0.3)
 914:           245           9800  org.apache.lucene.search.TopFieldCollector$SimpleFieldCollector$1
 915:           153           9792  java.nio.DirectByteBuffer (java.base@21.0.3)
 916:           402           9640  [Lio.netty.util.DefaultAttributeMap$DefaultAttribute;
 917:           401           9624  io.netty.channel.SucceededChannelFuture
 918:           401           9624  io.netty.util.DefaultAttributeMap$DefaultAttribute
 919:           401           9624  java.util.regex.Pattern$$Lambda/0x800000033 (java.base@21.0.3)
 920:           399           9576  io.netty.channel.PendingBytesTracker$DefaultChannelPipelinePendingBytesTracker
 921:           399           9576  org.opensearch.transport.CopyBytesSocketChannel$WriteConfig
 922:           399           9576  org.opensearch.transport.TcpChannel$ChannelStats
 923:           399           9576  sun.security.ssl.HandshakeHash (java.base@21.0.3)
 924:           399           9576  sun.security.ssl.SSLEngineOutputRecord$HandshakeFragment (java.base@21.0.3)
 925:           397           9528  java.security.Permissions (java.base@21.0.3)
 926:           391           9384  java.util.concurrent.locks.ReentrantReadWriteLock$Sync$HoldCounter (java.base@21.0.3)
 927:           194           9312  java.util.concurrent.ThreadPoolExecutor$Worker (java.base@21.0.3)
 928:           387           9288  org.apache.lucene.index.OrdinalMap$1
 929:           165           9240  sun.security.x509.X509CertInfo (java.base@21.0.3)
 930:            16           9216  io.netty.util.internal.shaded.org.jctools.queues.atomic.MpscUnboundedAtomicArrayQueue
 931:           383           9192  org.opensearch.sql.expression.function.FunctionDSL$$Lambda/0x00007fcd28b1c690
 932:           287           9184  java.util.regex.Pattern$BnM (java.base@21.0.3)
 933:           104           9152  com.fasterxml.jackson.databind.ser.BeanPropertyWriter
 934:           190           9120  org.jcodings.util.CaseInsensitiveBytesHash$CaseInsensitiveBytesHashEntry
 935:           284           9088  jdk.internal.reflect.DirectMethodHandleAccessor (java.base@21.0.3)
 936:           377           9048  java.lang.module.ModuleDescriptor$Exports (java.base@21.0.3)
 937:           375           9000  java.util.Collections$UnmodifiableSortedSet (java.base@21.0.3)
 938:           542           8672  sun.reflect.generics.tree.TypeVariableSignature (java.base@21.0.3)
 939:           141           8584  [Ljava.lang.management.ThreadInfo; (java.management@21.0.3)
 940:           536           8576  org.apache.lucene.analysis.Analyzer$TokenStreamComponents$$Lambda/0x00007fcd29264450
 941:           267           8544  java.time.format.DateTimeFormatterBuilder$NumberPrinterParser (java.base@21.0.3)
 942:           356           8544  java.util.regex.Pattern$CharProperty (java.base@21.0.3)
 943:           353           8472  java.io.FilePermissionCollection (java.base@21.0.3)
 944:           131           8384  org.opensearch.monitor.jvm.HotThreads$MyThreadInfo
 945:           522           8352  java.util.regex.Pattern$$Lambda/0x800000032 (java.base@21.0.3)
 946:           208           8320  sun.security.pkcs11.SunPKCS11$Descriptor (jdk.crypto.cryptoki@21.0.3)
 947:           517           8272  org.opensearch.common.bytes.ReleasableBytesReference$$Lambda/0x00007fcd29134a60
 948:           343           8232  com.fasterxml.jackson.databind.util.internal.PrivateMaxEntriesMap$WeightedValue
 949:           256           8192  io.netty.handler.codec.CodecOutputList
 950:           341           8184  java.util.regex.Pattern$Ques (java.base@21.0.3)
 951:           339           8136  java.util.Date (java.base@21.0.3)
 952:           127           8128  java.lang.invoke.BoundMethodHandle$Species_LLLLLLLL (java.base@21.0.3)
 953:           251           8032  java.util.Collections$SynchronizedMap (java.base@21.0.3)
 954:           499           7984  org.opensearch.transport.InboundMessage
 955:           499           7984  org.opensearch.transport.OutboundHandler$SendContext$$Lambda/0x00007fcd2911f290
 956:           499           7984  org.opensearch.transport.netty4.Netty4MessageChannelHandler$$Lambda/0x00007fcd2912bba0
 957:           499           7984  org.opensearch.transport.netty4.Netty4TcpChannel$$Lambda/0x00007fcd2910e528
 958:           332           7968  sun.reflect.generics.tree.FormalTypeParameter (java.base@21.0.3)
 959:           496           7936  jdk.proxy2.$Proxy32 (jdk.proxy2)
 960:           247           7904  [Lorg.apache.lucene.search.BooleanClause$Occur;
 961:           489           7824  org.opensearch.common.cache.Cache$$Lambda/0x00007fcd2862cce8
 962:           487           7792  java.util.concurrent.ConcurrentHashMap$EntrySetView (java.base@21.0.3)
 963:           486           7776  org.opensearch.common.inject.ConstructorBindingImpl$Factory
 964:           486           7776  org.opensearch.common.inject.DefaultConstructionProxyFactory
 965:           160           7680  java.net.URLPermission (java.base@21.0.3)
 966:           474           7584  org.opensearch.index.translog.Translog$$Lambda/0x00007fcd29305590
 967:           472           7552  org.opensearch.common.concurrent.CompletableContext$$Lambda/0x00007fcd290fde28
 968:           472           7552  org.opensearch.core.action.ActionListener$$Lambda/0x00007fcd290fd108
 969:           470           7520  org.opensearch.common.settings.Setting$$Lambda/0x00007fcd280be090
 970:           233           7456  java.util.TreeMap$EntryIterator (java.base@21.0.3)
 971:           233           7456  org.apache.logging.log4j.core.config.plugins.processor.PluginEntry
 972:           154           7392  org.apache.lucene.analysis.CharArrayMap$UnmodifiableCharArrayMap
 973:           460           7360  org.apache.lucene.index.DocumentsWriterDeleteQueue$$Lambda/0x00007fcd290dd608
 974:           460           7360  org.apache.lucene.util.SetOnce
 975:           460           7360  org.apache.lucene.util.SetOnce$Wrapper
 976:           460           7360  org.opensearch.cluster.AbstractDiffable$CompleteDiff
 977:           459           7344  [Lorg.opensearch.index.IndexSortConfig$FieldSortSpec;
 978:           459           7344  org.opensearch.index.IndexSettings$$Lambda/0x00007fcd2864bda0
 979:           459           7344  org.opensearch.index.IndexSettings$$Lambda/0x00007fcd2864c448
 980:           459           7344  org.opensearch.index.IndexSettings$$Lambda/0x00007fcd2864c678
 981:           459           7344  org.opensearch.index.IndexSettings$$Lambda/0x00007fcd2864c8a8
 982:           459           7344  org.opensearch.index.IndexSettings$$Lambda/0x00007fcd2864cad8
 983:           459           7344  org.opensearch.index.IndexSettings$$Lambda/0x00007fcd2864cd08
 984:           459           7344  org.opensearch.index.IndexSettings$$Lambda/0x00007fcd2864cf38
 985:           459           7344  org.opensearch.index.IndexSettings$$Lambda/0x00007fcd2864d168
 986:           459           7344  org.opensearch.index.IndexSettings$$Lambda/0x00007fcd2864d398
 987:           459           7344  org.opensearch.index.IndexSettings$$Lambda/0x00007fcd2864d5c8
 988:           459           7344  org.opensearch.index.IndexSettings$$Lambda/0x00007fcd2864d7f8
 989:           459           7344  org.opensearch.index.IndexSettings$$Lambda/0x00007fcd2864da28
 990:           459           7344  org.opensearch.index.IndexSettings$$Lambda/0x00007fcd2864dc58
 991:           459           7344  org.opensearch.index.IndexSettings$$Lambda/0x00007fcd2864de88
 992:           459           7344  org.opensearch.index.IndexSettings$$Lambda/0x00007fcd2864e780
 993:           459           7344  org.opensearch.index.IndexSettings$$Lambda/0x00007fcd2864e9b0
 994:           459           7344  org.opensearch.index.IndexSettings$$Lambda/0x00007fcd2864ebe0
 995:           459           7344  org.opensearch.index.IndexSettings$$Lambda/0x00007fcd2864ee10
 996:           459           7344  org.opensearch.index.IndexSettings$$Lambda/0x00007fcd2864f040
 997:           459           7344  org.opensearch.index.IndexSettings$$Lambda/0x00007fcd2864f270
 998:           459           7344  org.opensearch.index.IndexSettings$$Lambda/0x00007fcd2864f4a0
 999:           459           7344  org.opensearch.index.IndexSettings$$Lambda/0x00007fcd2864f6d0
1000:           459           7344  org.opensearch.index.IndexSettings$$Lambda/0x00007fcd2864f900
1001:           459           7344  org.opensearch.index.IndexSettings$$Lambda/0x00007fcd2864fb30
1002:           459           7344  org.opensearch.index.IndexSettings$$Lambda/0x00007fcd2864fd60
1003:           459           7344  org.opensearch.index.IndexSettings$$Lambda/0x00007fcd28650000
1004:           459           7344  org.opensearch.index.IndexSettings$$Lambda/0x00007fcd28650230
1005:           459           7344  org.opensearch.index.IndexSettings$$Lambda/0x00007fcd28650460
1006:           459           7344  org.opensearch.index.IndexSettings$$Lambda/0x00007fcd28650690
1007:           459           7344  org.opensearch.index.IndexSettings$$Lambda/0x00007fcd286508c0
1008:           459           7344  org.opensearch.index.IndexSettings$$Lambda/0x00007fcd28650af0
1009:           459           7344  org.opensearch.index.IndexSettings$$Lambda/0x00007fcd28650d20
1010:           459           7344  org.opensearch.index.IndexSettings$$Lambda/0x00007fcd28650f50
1011:           459           7344  org.opensearch.index.IndexSettings$$Lambda/0x00007fcd28651180
1012:           459           7344  org.opensearch.index.IndexSettings$$Lambda/0x00007fcd286513b0
1013:           459           7344  org.opensearch.index.IndexSettings$$Lambda/0x00007fcd286515e0
1014:           459           7344  org.opensearch.index.IndexSettings$$Lambda/0x00007fcd28651810
1015:           459           7344  org.opensearch.index.IndexSettings$$Lambda/0x00007fcd28651a40
1016:           459           7344  org.opensearch.index.IndexSettings$$Lambda/0x00007fcd28651c70
1017:           459           7344  org.opensearch.index.IndexSettings$$Lambda/0x00007fcd28651ea0
1018:           459           7344  org.opensearch.index.IndexSettings$$Lambda/0x00007fcd286520d0
1019:           459           7344  org.opensearch.index.IndexSettings$$Lambda/0x00007fcd28652300
1020:           459           7344  org.opensearch.index.IndexSettings$$Lambda/0x00007fcd28652530
1021:           459           7344  org.opensearch.index.IndexSettings$$Lambda/0x00007fcd28652760
1022:           459           7344  org.opensearch.index.IndexSettings$$Lambda/0x00007fcd28652990
1023:           459           7344  org.opensearch.index.IndexSettings$$Lambda/0x00007fcd28652bc0
1024:           459           7344  org.opensearch.index.IndexSettings$$Lambda/0x00007fcd28652df0
1025:           459           7344  org.opensearch.index.IndexSettings$$Lambda/0x00007fcd28653020
1026:           459           7344  org.opensearch.index.IndexSettings$$Lambda/0x00007fcd28653250
1027:           459           7344  org.opensearch.index.IndexSettings$$Lambda/0x00007fcd28653480
1028:           459           7344  org.opensearch.index.IndexSettings$$Lambda/0x00007fcd286536b0
1029:           459           7344  org.opensearch.index.IndexSettings$$Lambda/0x00007fcd286538e0
1030:           459           7344  org.opensearch.index.IndexSettings$$Lambda/0x00007fcd28653b10
1031:           459           7344  org.opensearch.index.IndexSettings$$Lambda/0x00007fcd28653d40
1032:           459           7344  org.opensearch.index.IndexSettings$$Lambda/0x00007fcd28653f70
1033:           459           7344  org.opensearch.index.IndexSettings$$Lambda/0x00007fcd286541a0
1034:           459           7344  org.opensearch.index.IndexSettings$$Lambda/0x00007fcd286543d0
1035:           459           7344  org.opensearch.index.IndexSettings$$Lambda/0x00007fcd28654600
1036:           459           7344  org.opensearch.index.IndexSettings$$Lambda/0x00007fcd28654830
1037:           459           7344  org.opensearch.index.IndexSettings$$Lambda/0x00007fcd28654a60
1038:           459           7344  org.opensearch.index.IndexSettings$$Lambda/0x00007fcd28654c90
1039:           459           7344  org.opensearch.index.IndexSettings$$Lambda/0x00007fcd28654ec0
1040:           459           7344  org.opensearch.index.IndexSettings$$Lambda/0x00007fcd286550f0
1041:           459           7344  org.opensearch.index.IndexSortConfig
1042:           458           7328  org.apache.lucene.index.IndexFileDeleter$$Lambda/0x00007fcd290ced20
1043:           458           7328  org.apache.lucene.index.IndexWriter$$Lambda/0x00007fcd290c88d0
1044:           458           7328  org.apache.lucene.index.IndexWriter$$Lambda/0x00007fcd290ce278
1045:           458           7328  org.apache.lucene.index.IndexWriter$1
1046:           458           7328  org.apache.lucene.index.IndexWriter$IndexWriterMergeSource
1047:           458           7328  org.apache.lucene.search.UsageTrackingQueryCachingPolicy
1048:           458           7328  org.opensearch.security.configuration.DlsQueryParser
1049:             2           7320  [Ljava.lang.Character$UnicodeScript; (java.base@21.0.3)
1050:           457           7312  org.apache.lucene.misc.search.similarity.LegacyBM25Similarity
1051:           457           7312  org.apache.lucene.search.similarities.BooleanSimilarity
1052:           457           7312  org.opensearch.action.support.PlainActionFuture
1053:           457           7312  org.opensearch.common.FieldMemoryStats
1054:           457           7312  org.opensearch.common.lucene.index.OpenSearchDirectoryReader$SubReaderWrapper
1055:           457           7312  org.opensearch.index.IndexService$$Lambda/0x00007fcd2926a798
1056:           457           7312  org.opensearch.index.IndexService$BitsetCacheListener
1057:           457           7312  org.opensearch.index.IndexWarmer
1058:           457           7312  org.opensearch.index.IndexingSlowLog$$Lambda/0x00007fcd29254230
1059:           457           7312  org.opensearch.index.IndexingSlowLog$$Lambda/0x00007fcd29254460
1060:           457           7312  org.opensearch.index.IndexingSlowLog$$Lambda/0x00007fcd29254690
1061:           457           7312  org.opensearch.index.IndexingSlowLog$$Lambda/0x00007fcd292548c0
1062:           457           7312  org.opensearch.index.IndexingSlowLog$$Lambda/0x00007fcd29254af0
1063:           457           7312  org.opensearch.index.IndexingSlowLog$$Lambda/0x00007fcd29254d20
1064:           457           7312  org.opensearch.index.IndexingSlowLog$$Lambda/0x00007fcd29254f50
1065:           457           7312  org.opensearch.index.SearchSlowLog$$Lambda/0x00007fcd2924ec98
1066:           457           7312  org.opensearch.index.SearchSlowLog$$Lambda/0x00007fcd2924eec8
1067:           457           7312  org.opensearch.index.SearchSlowLog$$Lambda/0x00007fcd2924f0f8
1068:           457           7312  org.opensearch.index.SearchSlowLog$$Lambda/0x00007fcd2924f328
1069:           457           7312  org.opensearch.index.SearchSlowLog$$Lambda/0x00007fcd2924f558
1070:           457           7312  org.opensearch.index.SearchSlowLog$$Lambda/0x00007fcd2924f788
1071:           457           7312  org.opensearch.index.SearchSlowLog$$Lambda/0x00007fcd2924f9b8
1072:           457           7312  org.opensearch.index.SearchSlowLog$$Lambda/0x00007fcd2924fbe8
1073:           457           7312  org.opensearch.index.SearchSlowLog$$Lambda/0x00007fcd29254000
1074:           457           7312  org.opensearch.index.codec.CodecService
1075:           457           7312  org.opensearch.index.engine.InternalEngine$$Lambda/0x00007fcd292c8cb8
1076:           457           7312  org.opensearch.index.engine.InternalEngine$$Lambda/0x00007fcd292c9938
1077:           457           7312  org.opensearch.index.engine.InternalEngine$$Lambda/0x00007fcd29303000
1078:           457           7312  org.opensearch.index.engine.InternalEngine$$Lambda/0x00007fcd29303660
1079:           457           7312  org.opensearch.index.engine.InternalEngine$$Lambda/0x00007fcd29308858
1080:           457           7312  org.opensearch.index.engine.InternalEngine$$Lambda/0x00007fcd29309e30
1081:           457           7312  org.opensearch.index.engine.InternalEngine$$Lambda/0x00007fcd29329198
1082:           457           7312  org.opensearch.index.engine.InternalEngine$1
1083:           457           7312  org.opensearch.index.engine.InternalEngineFactory
1084:           457           7312  org.opensearch.index.engine.PrunePostingsMergePolicy$$Lambda/0x00007fcd2930bc00
1085:           457           7312  org.opensearch.index.mapper.DocumentMapperParser$$Lambda/0x00007fcd290a2870
1086:           457           7312  org.opensearch.index.mapper.DocumentMapperParser$$Lambda/0x00007fcd290a2ab0
1087:           457           7312  org.opensearch.index.mapper.IdFieldMapper$$Lambda/0x00007fcd290b3268
1088:           457           7312  org.opensearch.index.mapper.RootObjectMapper$TypeParser
1089:           457           7312  org.opensearch.index.shard.IndexShard$$Lambda/0x00007fcd29271df8
1090:           457           7312  org.opensearch.index.shard.IndexShard$$Lambda/0x00007fcd29273298
1091:           457           7312  org.opensearch.index.shard.IndexShard$$Lambda/0x00007fcd29275818
1092:           457           7312  org.opensearch.index.shard.IndexShard$$Lambda/0x00007fcd29275a48
1093:           457           7312  org.opensearch.index.shard.IndexShard$$Lambda/0x00007fcd29276098
1094:           457           7312  org.opensearch.index.shard.IndexShard$$Lambda/0x00007fcd292778f0
1095:           457           7312  org.opensearch.index.shard.IndexShard$$Lambda/0x00007fcd29277b10
1096:           457           7312  org.opensearch.index.shard.IndexShard$$Lambda/0x00007fcd2927d440
1097:           457           7312  org.opensearch.index.shard.IndexShard$$Lambda/0x00007fcd2927dcb0
1098:           457           7312  org.opensearch.index.shard.IndexShard$$Lambda/0x00007fcd2927e0f0
1099:           457           7312  org.opensearch.index.shard.IndexShard$$Lambda/0x00007fcd2927e768
1100:           457           7312  org.opensearch.index.shard.IndexShard$$Lambda/0x00007fcd29329a18
1101:           457           7312  org.opensearch.index.shard.InternalIndexingStats
1102:           457           7312  org.opensearch.index.similarity.SimilarityService$$Lambda/0x00007fcd290a0420
1103:           457           7312  org.opensearch.index.similarity.SimilarityService$$Lambda/0x00007fcd290a0a68
1104:           457           7312  org.opensearch.index.translog.InternalTranslogFactory
1105:           457           7312  org.opensearch.index.translog.ReplicationTranslogDeletionPolicy$$Lambda/0x00007fcd29001cd0
1106:           457           7312  org.opensearch.index.translog.TragicExceptionHolder
1107:           457           7312  org.opensearch.indices.IndicesService$$Lambda/0x00007fcd2924ea78
1108:           457           7312  org.opensearch.indices.IndicesService$$Lambda/0x00007fcd29255180
1109:           457           7312  org.opensearch.indices.IndicesService$$Lambda/0x00007fcd292553a0
1110:           457           7312  org.opensearch.indices.IndicesService$3
1111:           457           7312  org.opensearch.indices.cluster.IndicesClusterStateService$$Lambda/0x00007fcd293744c0
1112:           457           7312  org.opensearch.performanceanalyzer.listener.PerformanceAnalyzerSearchListener
1113:           457           7312  org.opensearch.security.OpenSearchSecurityPlugin$$Lambda/0x00007fcd2924b960
1114:           457           7312  org.opensearch.security.support.GuardedSearchOperationWrapper$InnerSearchOperationListener
1115:           297           7128  javax.management.ImmutableDescriptor (java.management@21.0.3)
1116:           222           7104  java.lang.invoke.MethodHandles$Lookup (java.base@21.0.3)
1117:           295           7080  java.util.regex.Pattern$StartS (java.base@21.0.3)
1118:           174           6960  java.util.TreeMap$KeySpliterator (java.base@21.0.3)
1119:           433           6928  org.opensearch.common.inject.spi.ProviderLookup$ProviderImpl
1120:             2           6912  [Lorg.jcodings.unicode.UnicodeCodeRange;
1121:           123           6888  java.net.SocketPermission (java.base@21.0.3)
1122:           172           6880  org.opensearch.common.time.JavaDateFormatter
1123:           172           6880  org.opensearch.common.time.JavaDateFormatter$RoundUpFormatter
1124:           215           6880  sun.nio.fs.UnixFileKey (java.base@21.0.3)
1125:           428           6848  org.opensearch.action.support.HandledTransportAction$TransportHandler
1126:            48           6792  [Ljava.lang.ClassValue$Entry; (java.base@21.0.3)
1127:           283           6792  org.opensearch.common.settings.Setting$$Lambda/0x00007fcd28090238
1128:            65           6760  [Lorg.apache.logging.log4j.core.util.datetime.FixedDateFormat$FixedFormat;
1129:           277           6752  [Lcom.fasterxml.jackson.databind.JavaType;
1130:           204           6528  org.opensearch.sql.expression.function.BuiltinFunctionName
1131:           163           6520  java.io.ObjectStreamField (java.base@21.0.3)
1132:           401           6416  io.netty.channel.VoidChannelPromise$1
1133:           401           6416  io.netty.channel.nio.AbstractNioChannel$1
1134:           401           6416  org.opensearch.transport.netty4.Netty4TcpChannel$$Lambda/0x00007fcd29083b58
1135:           400           6400  io.netty.channel.DefaultMaxMessagesRecvByteBufAllocator$MaxMessageHandle$1
1136:           399           6384  io.netty.channel.nio.AbstractNioByteChannel$1
1137:           266           6384  org.opensearch.core.common.io.stream.NamedWriteableRegistry$Entry
1138:           399           6384  org.opensearch.transport.InboundAggregator$$Lambda/0x00007fcd29104d90
1139:           399           6384  org.opensearch.transport.TcpTransport$$Lambda/0x00007fcd290ff840
1140:           399           6384  org.opensearch.transport.netty4.Netty4MessageChannelHandler$$Lambda/0x00007fcd291009a0
1141:           399           6384  org.opensearch.transport.netty4.Netty4MessageChannelHandler$$Lambda/0x00007fcd29101660
1142:           399           6384  org.opensearch.transport.netty4.Netty4MessageChannelHandler$$Lambda/0x00007fcd291023e0
1143:           399           6384  org.opensearch.transport.netty4.Netty4Transport$$Lambda/0x00007fcd290fa388
1144:           399           6384  sun.security.ssl.HandshakeHash$CacheOnlyHash (java.base@21.0.3)
1145:           397           6352  org.opensearch.sql.expression.function.FunctionDSL$$Lambda/0x00007fcd28b2d3f8
1146:           158           6320  sun.reflect.generics.repository.MethodRepository (java.base@21.0.3)
1147:           263           6312  com.google.common.collect.ImmutableMapEntry
1148:           196           6272  jdk.internal.reflect.MethodHandleObjectFieldAccessorImpl (java.base@21.0.3)
1149:           195           6240  com.sun.jmx.mbeanserver.ConvertingMethod (java.management@21.0.3)
1150:           181           6016  [Ljava.lang.invoke.LambdaFormEditor$Transform; (java.base@21.0.3)
1151:           185           5920  org.opensearch.painless.lookup.PainlessConstructor
1152:            41           5904  org.opensearch.repositories.s3.async.SizeBasedBlockingQ$Consumer
1153:           245           5880  [Lorg.apache.lucene.search.LeafFieldComparator;
1154:           245           5880  org.apache.lucene.search.DocIdSetIterator$2
1155:           146           5840  jdk.internal.ref.Cleaner (java.base@21.0.3)
1156:           121           5808  sun.security.rsa.RSAPublicKeyImpl (java.base@21.0.3)
1157:           241           5784  java.lang.invoke.InvokerBytecodeGenerator$ClassData (java.base@21.0.3)
1158:           241           5784  java.util.ImmutableCollections$SetN$SetNIterator (java.base@21.0.3)
1159:           180           5760  com.fasterxml.jackson.core.io.SerializedString
1160:             3           5744  [[Lorg.opensearch.search.aggregations.bucket.terms.StringTerms$Bucket;
1161:           141           5640  org.opensearch.search.internal.ExitableDirectoryReader$ExitableLeafReader
1162:           351           5616  [Ljava.security.Principal; (java.base@21.0.3)
1163:           351           5616  java.security.ProtectionDomain$Key (java.base@21.0.3)
1164:           233           5592  org.apache.logging.log4j.core.config.plugins.util.PluginType
1165:           345           5520  org.opensearch.sql.expression.function.FunctionDSL$$Lambda/0x00007fcd28b2d1a0
1166:           172           5504  sun.reflect.generics.tree.MethodTypeSignature (java.base@21.0.3)
1167:           226           5424  java.util.jar.Manifest (java.base@21.0.3)
1168:            75           5400  java.lang.invoke.BoundMethodHandle$Species_LLLLLLLLL (java.base@21.0.3)
1169:            75           5400  org.opensearch.index.mapper.DateFieldMapper
1170:           112           5376  java.lang.invoke.BoundMethodHandle$Species_LLLL (java.base@21.0.3)
1171:           134           5360  org.apache.logging.log4j.status.StatusData
1172:           222           5328  jdk.internal.math.DoubleToDecimal (java.base@21.0.3)
1173:           328           5248  java.lang.Character$UnicodeBlock (java.base@21.0.3)
1174:           163           5216  sun.security.x509.SubjectKeyIdentifierExtension (java.base@21.0.3)
1175:            65           5200  com.fasterxml.jackson.databind.deser.impl.FieldProperty
1176:           325           5200  java.lang.Byte (java.base@21.0.3)
1177:           108           5184  com.fasterxml.jackson.databind.type.SimpleType
1178:           323           5168  org.opensearch.core.xcontent.AbstractObjectParser$$Lambda/0x00007fcd28487280
1179:           160           5120  java.net.HostPortrange (java.base@21.0.3)
1180:           320           5120  org.opensearch.common.time.OpenSearchDateTimeFormatter
1181:           160           5120  sun.security.x509.KeyUsageExtension (java.base@21.0.3)
1182:            53           5088  org.opensearch.common.util.concurrent.OpenSearchThreadPoolExecutor
1183:           127           5080  org.apache.lucene.codecs.lucene90.Lucene90DocValuesProducer$2
1184:           105           5040  java.util.concurrent.locks.ReentrantReadWriteLock$FairSync (java.base@21.0.3)
1185:           210           5040  org.apache.lucene.analysis.pt.RSLPStemmerBase$Rule
1186:           210           5040  org.opensearch.core.xcontent.NamedXContentRegistry$Entry
1187:           157           5024  sun.security.x509.BasicConstraintsExtension (java.base@21.0.3)
1188:           208           4992  java.lang.ThreadLocal$ThreadLocalMap (java.base@21.0.3)
1189:            62           4960  com.fasterxml.jackson.databind.deser.impl.MethodProperty
1190:           155           4960  com.fasterxml.jackson.databind.type.TypeBindings
1191:           103           4944  org.apache.lucene.codecs.lucene90.Lucene90DocValuesProducer$5
1192:            68           4896  com.fasterxml.jackson.databind.introspect.AnnotatedClass
1193:           304           4864  org.opensearch.sql.expression.function.FunctionDSL$$Lambda/0x00007fcd28b1abc0
1194:           148           4736  org.opensearch.OpenSearchException$OpenSearchExceptionHandle
1195:           148           4736  sun.nio.fs.NativeBuffer (java.base@21.0.3)
1196:            98           4704  java.lang.invoke.BoundMethodHandle$Species_LLJ (java.base@21.0.3)
1197:           147           4704  java.lang.module.ModuleDescriptor$Requires (java.base@21.0.3)
1198:           195           4680  java.util.concurrent.ConcurrentSkipListMap$Index (java.base@21.0.3)
1199:           195           4680  org.opensearch.transport.TcpTransport$$Lambda/0x00007fcd291974d0
1200:           195           4680  sun.security.util.math.intpoly.IntegerPolynomial$ImmutableElement (java.base@21.0.3)
1201:           146           4672  java.nio.DirectByteBuffer$Deallocator (java.base@21.0.3)
1202:           172           4624  [Lsun.reflect.generics.tree.TypeSignature; (java.base@21.0.3)
1203:            72           4608  java.lang.module.ModuleDescriptor (java.base@21.0.3)
1204:           190           4560  jdk.internal.module.ServicesCatalog$ServiceProvider (java.base@21.0.3)
1205:           283           4528  org.opensearch.common.settings.Setting$$Lambda/0x00007fcd28090000
1206:           141           4512  java.lang.invoke.MethodHandleNatives$CallSiteContext (java.base@21.0.3)
1207:           141           4512  org.opensearch.security.configuration.DlsFlsFilterLeafReader$DlsGetEvaluator
1208:            51           4488  com.fasterxml.jackson.dataformat.smile.SmileGenerator
1209:           187           4488  org.opensearch.common.settings.Setting$MinTimeValueParser
1210:            16           4480  java.util.concurrent.ConcurrentHashMap$CounterCell (java.base@21.0.3)
1211:           185           4440  org.opensearch.painless.spi.WhitelistConstructor
1212:            91           4368  java.lang.invoke.LambdaFormBuffer (java.base@21.0.3)
1213:           181           4344  java.lang.Double (java.base@21.0.3)
1214:           181           4344  org.opensearch.sql.expression.function.DefaultFunctionResolver
1215:           271           4336  org.opensearch.sql.expression.function.FunctionDSL$$Lambda/0x00007fcd28b19ef8
1216:            67           4288  sun.security.ssl.SSLExtension (java.base@21.0.3)
1217:           107           4280  sun.util.locale.LocaleObjectCache$CacheEntry (java.base@21.0.3)
1218:           176           4224  sun.security.jca.ProviderList$ServiceList$1 (java.base@21.0.3)
1219:           151           4216  [Ljava.lang.reflect.TypeVariable; (java.base@21.0.3)
1220:            35           4200  java.io.ObjectStreamClass (java.base@21.0.3)
1221:            75           4200  org.opensearch.index.mapper.DateFieldMapper$DateFieldType
1222:           261           4176  java.security.SecureClassLoader$CodeSourceKey (java.base@21.0.3)
1223:           174           4176  java.util.stream.ForEachOps$ForEachOp$OfRef (java.base@21.0.3)
1224:           103           4120  java.util.HashMap$KeySpliterator (java.base@21.0.3)
1225:           103           4120  org.jcodings.EncodingDB$Entry
1226:           256           4096  java.lang.Short (java.base@21.0.3)
1227:            85           4080  org.opensearch.common.settings.Setting$AffixSetting
1228:           101           4040  sun.nio.fs.UnixDirectoryStream (java.base@21.0.3)
1229:            42           4032  java.net.FactoryURLClassLoader (java.base@21.0.3)
1230:            56           4032  org.opensearch.action.support.replication.ReplicationTask
1231:           207           4024  [Lcom.sun.jmx.mbeanserver.MXBeanMapping; (java.management@21.0.3)
1232:           165           3960  java.util.KeyValueHolder (java.base@21.0.3)
1233:           165           3960  org.opensearch.rest.RestHandler$Route
1234:           165           3960  sun.security.util.BitArray (java.base@21.0.3)
1235:           165           3960  sun.security.util.Cache$EqualByteArray (java.base@21.0.3)
1236:           165           3960  sun.security.x509.CertificateValidity (java.base@21.0.3)
1237:           164           3936  java.lang.Character$UnicodeScript (java.base@21.0.3)
1238:           164           3936  sun.security.x509.CertificateExtensions (java.base@21.0.3)
1239:            97           3880  org.opensearch.index.mapper.BooleanFieldMapper
1240:            97           3880  org.opensearch.index.mapper.BooleanFieldMapper$BooleanFieldType
1241:            33           3824  [Lcom.google.common.collect.ImmutableMapEntry;
1242:            68           3808  java.util.stream.DistinctOps$1 (java.base@21.0.3)
1243:           158           3792  sun.reflect.generics.scope.MethodScope (java.base@21.0.3)
1244:            94           3760  java.lang.invoke.VarHandle$AccessDescriptor (java.base@21.0.3)
1245:            39           3744  com.fasterxml.jackson.databind.deser.BeanDeserializer
1246:            93           3720  com.sun.management.internal.DiagnosticCommandArgumentInfo (jdk.management@21.0.3)
1247:            77           3696  java.lang.invoke.BoundMethodHandle$Species_LJ (java.base@21.0.3)
1248:            42           3696  org.opensearch.plugins.ExtendedPluginsClassLoader
1249:            51           3672  com.fasterxml.jackson.core.io.IOContext
1250:           152           3648  org.apache.logging.log4j.core.time.MutableInstant
1251:           151           3624  com.fasterxml.jackson.databind.PropertyName
1252:           113           3616  [Lsun.nio.fs.NativeBuffer; (java.base@21.0.3)
1253:           149           3576  org.apache.lucene.util.FixedBits
1254:           149           3576  org.opensearch.rest.DeprecationRestHandler
1255:           148           3552  sun.nio.fs.NativeBuffer$Deallocator (java.base@21.0.3)
1256:            88           3520  org.opensearch.common.settings.Setting$ListSetting
1257:            73           3504  java.nio.file.NoSuchFileException (java.base@21.0.3)
1258:            73           3504  sun.nio.fs.UnixException (java.base@21.0.3)
1259:            62           3472  com.fasterxml.jackson.databind.type.CollectionType
1260:            62           3472  jdk.internal.module.ModuleReferenceImpl (java.base@21.0.3)
1261:           102           3440  [Lcom.fasterxml.jackson.databind.introspect.AnnotationMap;
1262:            86           3440  org.opensearch.core.xcontent.ObjectParser
1263:            39           3432  com.fasterxml.jackson.databind.deser.std.StdValueInstantiator
1264:           143           3432  java.net.SocketPermissionCollection (java.base@21.0.3)
1265:            39           3432  org.apache.lucene.codecs.lucene99.Lucene99PostingsFormat$IntBlockTermState
1266:           107           3424  jdk.internal.loader.NativeLibraries (java.base@21.0.3)
1267:           213           3408  sun.security.x509.KeyIdentifier (java.base@21.0.3)
1268:           141           3384  java.lang.invoke.ConstantCallSite (java.base@21.0.3)
1269:           141           3384  org.opensearch.common.lucene.ShardCoreKeyMap$$Lambda/0x00007fcd293c3c98
1270:           210           3360  java.time.format.DateTimeFormatterBuilder$CharLiteralPrinterParser (java.base@21.0.3)
1271:            20           3360  org.apache.lucene.codecs.lucene90.blocktree.SegmentTermsEnumFrame
1272:            59           3352  [Ljavax.management.MBeanAttributeInfo; (java.management@21.0.3)
1273:            83           3320  org.apache.lucene.store.OutputStreamIndexOutput$XBufferedOutputStream
1274:           137           3288  java.lang.invoke.Invokers (java.base@21.0.3)
1275:            51           3264  javax.management.openmbean.OpenMBeanAttributeInfoSupport (java.management@21.0.3)
1276:           204           3264  org.opensearch.sql.expression.function.FunctionName
1277:           204           3264  org.opensearch.transport.TcpTransport$ChannelsConnectedListener$$Lambda/0x00007fcd29139920
1278:           202           3232  java.util.concurrent.ConcurrentHashMap$ValuesView (java.base@21.0.3)
1279:           101           3232  javax.management.MBeanAttributeInfo (java.management@21.0.3)
1280:            32           3200  [Lio.netty.buffer.PoolThreadCache$MemoryRegionCache;
1281:            80           3200  org.opensearch.search.aggregations.bucket.terms.LongKeyedBucketOrds$FromMany$1
1282:            22           3168  [Ljava.lang.invoke.MemberName; (java.base@21.0.3)
1283:            66           3168  org.opensearch.index.seqno.ReplicationTracker$CheckpointState
1284:            28           3136  [Lio.netty.buffer.IntPriorityQueue;
1285:            98           3136  com.fasterxml.jackson.databind.introspect.AnnotatedConstructor
1286:            87           3128  [Lorg.joda.time.format.InternalParser;
1287:           130           3120  java.util.ImmutableCollections$Set12$1 (java.base@21.0.3)
1288:            11           3080  java.util.concurrent.atomic.Striped64$Cell (java.base@21.0.3)
1289:            77           3080  jdk.internal.vm.SharedThreadContainer (java.base@21.0.3)
1290:            24           3072  io.netty.util.internal.InternalThreadLocalMap
1291:           128           3072  java.util.concurrent.CopyOnWriteArrayList$COWIterator (java.base@21.0.3)
1292:            54           3024  com.fasterxml.jackson.core.util.DefaultPrettyPrinter
1293:            47           3008  java.lang.ClassValue$ClassValueMap (java.base@21.0.3)
1294:            34           2992  org.opensearch.action.support.replication.ReplicationOperation
1295:           187           2992  org.opensearch.common.settings.Setting$$Lambda/0x00007fcd280bcd38
1296:           184           2944  org.opensearch.common.settings.Setting$$Lambda/0x00007fcd280bcaf8
1297:            36           2880  com.google.common.cache.LocalCache$Segment
1298:            60           2880  org.joda.time.format.DateTimeFormatter
1299:            90           2880  org.opensearch.cluster.DiffableUtils$JdkMapDiff
1300:            72           2880  org.opensearch.cluster.metadata.AliasMetadata
1301:           119           2856  org.apache.lucene.search.BooleanQuery$Builder
1302:           176           2816  org.opensearch.common.inject.ConstantFactory
1303:            58           2784  javax.management.MBeanInfo (java.management@21.0.3)
1304:           115           2760  java.util.PropertyPermissionCollection (java.base@21.0.3)
1305:            69           2760  org.apache.lucene.store.NIOFSDirectory
1306:           100           2744  [Ljavax.management.ObjectName$Property; (java.management@21.0.3)
1307:            49           2744  java.nio.HeapByteBufferR (java.base@21.0.3)
1308:            49           2744  org.apache.lucene.store.FSDirectory$FSIndexOutput
1309:            85           2720  java.util.concurrent.locks.AbstractQueuedSynchronizer$ConditionNode (java.base@21.0.3)
1310:            68           2720  org.opensearch.common.settings.Settings$FilteredMap
1311:           170           2720  sun.security.x509.SerialNumber (java.base@21.0.3)
1312:           113           2712  com.fasterxml.jackson.databind.type.TypeBindings$AsKey
1313:           113           2712  com.google.common.collect.ImmutableMapEntry$NonTerminalImmutableMapEntry
1314:           113           2712  java.lang.invoke.InfoFromMemberName (java.base@21.0.3)
1315:           113           2712  java.lang.invoke.InnerClassLambdaMetafactory$ForwardingMethodGenerator (java.base@21.0.3)
1316:           111           2664  sun.nio.ch.Util$BufferCache (java.base@21.0.3)
1317:            83           2656  java.util.zip.CheckedOutputStream (java.base@21.0.3)
1318:           110           2640  jdk.internal.loader.AbstractClassLoaderValue$Sub (java.base@21.0.3)
1319:           165           2640  sun.security.x509.CertificateAlgorithmId (java.base@21.0.3)
1320:           165           2640  sun.security.x509.CertificateSerialNumber (java.base@21.0.3)
1321:           165           2640  sun.security.x509.CertificateVersion (java.base@21.0.3)
1322:           165           2640  sun.security.x509.CertificateX509Key (java.base@21.0.3)
1323:            82           2624  com.fasterxml.jackson.databind.ser.impl.ReadOnlyClassToSerializerMap$Bucket
1324:            82           2624  com.fasterxml.jackson.databind.util.TypeKey
1325:            82           2624  org.opensearch.common.time.FormatNames
1326:            65           2600  jdk.internal.math.FormattedFPDecimal (java.base@21.0.3)
1327:            81           2592  org.apache.lucene.util.CollectionUtil$ListIntroSorter
1328:           107           2568  org.apache.lucene.store.ByteArrayDataInput
1329:            80           2560  java.lang.ClassValue$Entry (java.base@21.0.3)
1330:            32           2560  java.lang.invoke.BoundMethodHandle$Species_LLLLLLLLLLL (java.base@21.0.3)
1331:           160           2560  java.net.URLPermission$Authority (java.base@21.0.3)
1332:           160           2560  org.opensearch.common.settings.Setting$$Lambda/0x00007fcd2802c2f8
1333:            29           2552  org.apache.lucene.codecs.lucene90.Lucene90DocValuesProducer$TermsDict
1334:            14           2528  [Lcom.fasterxml.jackson.core.sym.CharsToNameCanonicalizer$Bucket;
1335:            79           2528  org.opensearch.performanceanalyzer.commons.stats.metrics.StatExceptionCode
1336:            77           2464  java.security.AlgorithmParameters (java.base@21.0.3)
1337:           102           2448  com.fasterxml.jackson.core.util.BufferRecycler
1338:            51           2448  com.google.common.collect.Maps$FilteredKeyMap
1339:            16           2432  io.netty.channel.nio.NioEventLoop
1340:            76           2432  org.apache.lucene.analysis.pt.RSLPStemmerBase$RuleWithSuffixExceptions
1341:            38           2432  org.opensearch.index.engine.Engine$Searcher
1342:           101           2424  sun.nio.fs.UnixDirectoryStream$UnixDirectoryIterator (java.base@21.0.3)
1343:           101           2424  sun.nio.fs.UnixSecureDirectoryStream (java.base@21.0.3)
1344:            74           2368  java.util.Locale (java.base@21.0.3)
1345:            49           2352  org.opensearch.index.shard.ReplicationGroup
1346:            95           2280  java.security.UnresolvedPermissionCollection (java.base@21.0.3)
1347:            95           2280  java.security.spec.ECPoint (java.base@21.0.3)
1348:            71           2272  sun.util.locale.BaseLocale (java.base@21.0.3)
1349:            47           2256  com.sun.management.internal.DiagnosticCommandInfo (jdk.management@21.0.3)
1350:           141           2256  org.opensearch.security.configuration.DlsFlsFilterLeafReader$HashingCallback
1351:           141           2256  org.opensearch.security.configuration.DlsFlsFilterLeafReader$MaskedFieldsMap
1352:            28           2240  io.netty.buffer.PoolChunk
1353:            40           2240  java.util.stream.ReferencePipeline$5 (java.base@21.0.3)
1354:            70           2240  sun.security.x509.URIName (java.base@21.0.3)
1355:            92           2208  org.opensearch.core.xcontent.ConstructingObjectParser$ConstructorArgInfo
1356:            68           2176  java.lang.invoke.LambdaForm$Kind (java.base@21.0.3)
1357:            68           2176  org.opensearch.common.settings.Setting$$Lambda/0x00007fcd280c8fa0
1358:            68           2176  org.opensearch.common.settings.Settings$FilteredMap$1$1
1359:            68           2176  org.opensearch.common.settings.Settings$PrefixedSecureSettings
1360:            68           2176  org.opensearch.telemetry.tracing.SpanCreationContext
1361:            54           2160  org.opensearch.threadpool.ThreadPool$Info
1362:            89           2136  java.util.ImmutableCollections$ListN (java.base@21.0.3)
1363:            89           2136  org.apache.logging.log4j.message.ParameterizedNoReferenceMessageFactory$StatusMessage
1364:            89           2136  org.apache.lucene.search.BooleanClause
1365:            53           2120  sun.security.util.NamedCurve (java.base@21.0.3)
1366:            66           2112  org.joda.time.format.DateTimeFormatterBuilder$Composite
1367:            88           2112  org.opensearch.common.settings.Setting$ListKey
1368:            66           2112  sun.nio.ch.ChannelOutputStream (java.base@21.0.3)
1369:            87           2088  java.time.LocalDateTime (java.base@21.0.3)
1370:            87           2088  java.util.regex.Pattern$Dollar (java.base@21.0.3)
1371:            87           2088  org.opensearch.action.ActionType
1372:           130           2080  java.util.regex.Pattern$Begin (java.base@21.0.3)
1373:            26           2080  org.apache.lucene.util.fst.FST$Arc
1374:            37           2072  java.util.concurrent.ConcurrentHashMap$KeyIterator (java.base@21.0.3)
1375:            37           2072  java.util.stream.ReferencePipeline$7 (java.base@21.0.3)
1376:            47           2064  [Lorg.joda.time.format.InternalPrinter;
1377:           128           2048  java.lang.Character (java.base@21.0.3)
1378:            64           2048  org.apache.lucene.codecs.lucene99.Lucene99PostingsReader
1379:            64           2048  org.opensearch.Version
1380:            85           2040  org.opensearch.common.settings.Setting$AffixKey
1381:            85           2040  org.opensearch.common.util.concurrent.RunOnce
1382:            28           2016  java.lang.invoke.BoundMethodHandle$Species_LLLLLLLLLL (java.base@21.0.3)
1383:            42           2016  java.time.temporal.ValueRange (java.base@21.0.3)
1384:            84           2016  org.apache.logging.log4j.core.pattern.PatternFormatter
1385:            84           2016  org.apache.lucene.search.Multiset
1386:            50           2000  sun.security.x509.AuthorityKeyIdentifierExtension (java.base@21.0.3)
1387:            61           1952  jdk.internal.loader.BuiltinClassLoader$LoadedModule (java.base@21.0.3)
1388:            15           1944  [Lorg.opensearch.index.fielddata.LeafOrdinalsFieldData;
1389:           121           1936  org.opensearch.index.analysis.PreBuiltAnalyzerProvider
1390:             4           1928  [Lorg.jcodings.util.Hash$HashEntry;
1391:            48           1920  java.util.Spliterators$IteratorSpliterator (java.base@21.0.3)
1392:            40           1920  org.apache.lucene.util.packed.BulkOperationPacked
1393:            48           1920  org.opensearch.common.settings.Setting$LongParser
1394:            24           1920  sun.nio.ch.EPollSelectorImpl (java.base@21.0.3)
1395:            34           1904  org.opensearch.action.support.replication.ReplicationProxyRequest
1396:            34           1904  org.opensearch.action.support.replication.ReplicationProxyRequest$Builder
1397:            34           1904  sun.security.ssl.NamedGroup (java.base@21.0.3)
1398:            79           1896  java.util.Currency$OtherCurrencyEntry (java.base@21.0.3)
1399:            79           1896  org.apache.lucene.search.ConstantScoreQuery
1400:            39           1872  com.fasterxml.jackson.databind.deser.impl.BeanPropertyMap
1401:            78           1872  org.opensearch.common.time.JavaDateMathParser
1402:            58           1856  java.lang.invoke.SimpleMethodHandle (java.base@21.0.3)
1403:            77           1848  javax.management.ObjectName$Property (java.management@21.0.3)
1404:            46           1840  org.opensearch.common.settings.Setting$DoubleParser
1405:            22           1800  [Lorg.opensearch.cluster.node.DiscoveryNode;
1406:            28           1792  java.util.zip.Deflater (java.base@21.0.3)
1407:            56           1792  joptsimple.internal.AbbreviationMap
1408:            28           1792  org.apache.logging.log4j.jul.CoreLogger
1409:            56           1792  org.opensearch.common.compress.DeflateCompressor$ReleasableReference
1410:            37           1776  java.util.concurrent.ConcurrentSkipListMap (java.base@21.0.3)
1411:            73           1752  com.google.common.collect.ImmutableMapEntry
1412:            54           1728  sun.reflect.annotation.AnnotationType (java.base@21.0.3)
1413:            43           1720  jdk.internal.loader.URLClassPath (java.base@21.0.3)
1414:            71           1704  java.util.stream.MatchOps$$Lambda/0x00007fcd284c32f8 (java.base@21.0.3)
1415:            71           1704  java.util.stream.MatchOps$MatchOp (java.base@21.0.3)
1416:            53           1696  com.fasterxml.jackson.core.io.ContentReference
1417:            53           1696  java.security.spec.EllipticCurve (java.base@21.0.3)
1418:            42           1680  java.lang.WeakPairMap$Pair$Weak (java.base@21.0.3)
1419:            42           1680  org.apache.lucene.search.BooleanQuery
1420:            52           1664  sun.util.locale.BaseLocale$Key (java.base@21.0.3)
1421:            69           1656  [Ljava.nio.file.CopyOption; (java.base@21.0.3)
1422:            69           1656  org.opensearch.common.util.concurrent.ThreadContext$$Lambda/0x00007fcd290f3db8
1423:            23           1656  sun.net.www.protocol.jar.URLJarFile (java.base@21.0.3)
1424:            69           1656  sun.nio.fs.UnixFileSystem$Flags (java.base@21.0.3)
1425:            55           1648  [Ljava.io.ObjectStreamField; (java.base@21.0.3)
1426:            41           1640  sun.security.ec.ECPublicKeyImpl (jdk.crypto.ec@21.0.3)
1427:            68           1632  java.util.stream.DistinctOps$1$2 (java.base@21.0.3)
1428:            68           1632  java.util.stream.ReduceOps$CountingSink$OfRef (java.base@21.0.3)
1429:            34           1632  org.apache.lucene.store.OutputStreamIndexOutput
1430:            68           1632  org.opensearch.common.settings.Setting$$Lambda/0x00007fcd2853ec48
1431:            68           1632  org.opensearch.common.settings.Setting$AffixSetting$$Lambda/0x00007fcd28627148
1432:            68           1632  org.opensearch.common.settings.Settings$FilteredMap$1
1433:            51           1632  org.opensearch.common.xcontent.smile.SmileXContentGenerator
1434:            17           1632  org.opensearch.index.shard.PrimaryReplicaSyncer$SnapshotSender
1435:            51           1632  org.opensearch.transport.TransportService$9
1436:            29           1624  com.fasterxml.jackson.databind.type.MapType
1437:           101           1616  sun.nio.fs.UnixSecureDirectoryStream$$Lambda/0x00007fcd280f68a8 (java.base@21.0.3)
1438:            50           1600  java.util.concurrent.locks.AbstractQueuedSynchronizer$ExclusiveNode (java.base@21.0.3)
1439:            76           1584  [Lorg.apache.lucene.search.BooleanClause;
1440:            66           1584  org.apache.logging.log4j.core.util.datetime.FormatCache$MultipartKey
1441:            66           1584  sun.security.ec.point.ProjectivePoint$Immutable (jdk.crypto.ec@21.0.3)
1442:            49           1568  org.apache.logging.slf4j.Log4jLogger
1443:            49           1568  org.apache.lucene.store.FSDirectory$FSIndexOutput$1
1444:            49           1568  org.opensearch.index.analysis.PreConfiguredTokenFilter
1445:            39           1560  javax.management.MBeanOperationInfo (java.management@21.0.3)
1446:            65           1560  org.opensearch.common.util.concurrent.OpenSearchExecutors$OpenSearchThreadFactory
1447:            65           1560  org.opensearch.performanceanalyzer.commons.stats.eval.impl.Sum
1448:            65           1560  sun.nio.ch.SocketOptionRegistry$RegistryKey (java.base@21.0.3)
1449:            64           1536  com.fasterxml.jackson.databind.introspect.AnnotatedClass$Creators
1450:            32           1536  java.util.logging.LogManager$LoggerWeakRef (java.logging@21.0.3)
1451:            48           1536  javax.management.MBeanParameterInfo (java.management@21.0.3)
1452:            32           1536  org.apache.lucene.analysis.snowball.SnowballFilter
1453:            64           1536  org.objectweb.asm.commons.Method
1454:            64           1536  org.opensearch.common.recycler.DequeRecycler
1455:            64           1536  org.opensearch.common.recycler.Recyclers$1
1456:            24           1536  sun.security.ec.SunEC$ProviderServiceA (jdk.crypto.ec@21.0.3)
1457:             1           1528  [Ljava.lang.Character$UnicodeBlock; (java.base@21.0.3)
1458:            63           1520  [Lorg.opensearch.common.time.OpenSearchDateTimeFormatter;
1459:            38           1520  java.math.BigDecimal (java.base@21.0.3)
1460:            27           1512  org.opensearch.monitor.jvm.JvmStats$MemoryPool
1461:            47           1504  com.sun.management.internal.DiagnosticCommandImpl$Wrapper (jdk.management@21.0.3)
1462:            47           1504  org.opensearch.core.rest.RestStatus
1463:            17           1496  org.opensearch.cluster.metadata.IndexMetadata$Builder
1464:            17           1496  org.opensearch.cluster.metadata.IndexMetadata$IndexMetadataDiff
1465:            17           1496  org.opensearch.index.shard.PrimaryReplicaSyncer$ResyncTask
1466:            62           1488  com.facebook.presto.matching.pattern.TypeOfPattern
1467:            62           1488  java.lang.module.ModuleDescriptor$Provides (java.base@21.0.3)
1468:            62           1488  java.lang.module.ResolvedModule (java.base@21.0.3)
1469:            62           1488  jdk.internal.module.SystemModuleFinders$2 (java.base@21.0.3)
1470:            62           1488  jdk.internal.module.SystemModuleFinders$SystemModuleReader (java.base@21.0.3)
1471:            84           1480  [Ljava.nio.file.attribute.FileAttribute; (java.base@21.0.3)
1472:            37           1480  java.time.format.DateTimeFormatterBuilder$NanosPrinterParser (java.base@21.0.3)
1473:            91           1456  org.opensearch.common.settings.Setting$$Lambda/0x00007fcd2802bc50
1474:            91           1456  org.opensearch.common.settings.Setting$ListSetting$$Lambda/0x00007fcd2802c0b8
1475:            91           1456  org.opensearch.core.xcontent.ConstructingObjectParser$$Lambda/0x00007fcd284b72c8
1476:            16           1448  [Ljava.lang.Byte; (java.base@21.0.3)
1477:             7           1448  [Lorg.apache.lucene.analysis.pt.RSLPStemmerBase$Rule;
1478:            36           1440  io.netty.channel.StacklessClosedChannelException
1479:            30           1440  java.lang.invoke.VarHandleReferences$FieldInstanceReadWrite (java.base@21.0.3)
1480:            30           1440  java.time.temporal.ChronoField (java.base@21.0.3)
1481:            36           1440  java.util.regex.Pattern$Loop (java.base@21.0.3)
1482:            45           1440  javax.management.ObjectName (java.management@21.0.3)
1483:            45           1440  org.apache.logging.log4j.core.config.builder.api.Component
1484:            90           1440  org.opensearch.cluster.DiffableUtils$MapDiff$$Lambda/0x00007fcd2921a8e0
1485:            45           1440  org.opensearch.index.analysis.PreBuiltAnalyzerProviderFactory
1486:            45           1440  org.opensearch.plugins.SearchPlugin$AggregationSpec
1487:            42           1424  [Ljava.math.BigInteger; (java.base@21.0.3)
1488:            44           1408  java.util.LinkedHashMap$LinkedValueIterator (java.base@21.0.3)
1489:            44           1408  org.apache.lucene.analysis.pt.RSLPStemmerBase$RuleWithSetExceptions
1490:            22           1408  sun.security.ssl.SignatureScheme (java.base@21.0.3)
1491:            48           1400  [Ljavax.management.MBeanOperationInfo; (java.management@21.0.3)
1492:            35           1400  org.opensearch.performanceanalyzer.commons.stats.metrics.StatMetrics
1493:            35           1400  org.opensearch.transport.TransportService$DirectResponseChannel
1494:            58           1392  java.time.LocalDate (java.base@21.0.3)
1495:            58           1392  org.opensearch.plugins.SearchPlugin$QuerySpec
1496:            87           1392  sun.security.x509.GeneralName (java.base@21.0.3)
1497:             1           1376  [Ljdk.internal.math.FDBigInteger; (java.base@21.0.3)
1498:            43           1376  java.security.UnresolvedPermission (java.base@21.0.3)
1499:             1           1368  [Lsun.security.ssl.CipherSuite; (java.base@21.0.3)
1500:            57           1368  com.fasterxml.jackson.core.sym.CharsToNameCanonicalizer$Bucket
1501:            57           1368  org.apache.lucene.util.packed.DirectReader$DirectPackedReader1
1502:            34           1360  com.fasterxml.jackson.databind.MapperFeature
1503:            34           1360  com.fasterxml.jackson.databind.MapperFeature
1504:            34           1360  com.fasterxml.jackson.databind.MapperFeature
1505:            17           1360  com.fasterxml.jackson.databind.util.internal.PrivateMaxEntriesMap
1506:            34           1360  org.apache.lucene.document.StringField
1507:            17           1360  org.apache.lucene.search.TopFieldCollector$SimpleFieldCollector
1508:            34           1360  org.opensearch.action.admin.cluster.node.info.NodeInfo
1509:            34           1360  org.opensearch.action.support.replication.TransportReplicationAction$ConcreteShardRequest
1510:            34           1360  org.opensearch.index.seqno.SeqNoStats
1511:            21           1344  [Lorg.opensearch.action.admin.cluster.node.info.NodesInfoRequest$Metric;
1512:            42           1344  java.lang.WeakPairMap$Pair$Weak$1 (java.base@21.0.3)
1513:            21           1344  org.apache.logging.log4j.core.util.datetime.FixedDateFormat$FixedFormat
1514:            56           1344  org.apache.lucene.search.IndexSearcher$CachingLeafSlicesSupplier
1515:            24           1344  org.apache.lucene.store.ByteBuffersDataOutput
1516:            56           1344  org.opensearch.core.action.ActionListener$3
1517:            33           1320  java.util.logging.Logger$ConfigurationData (java.logging@21.0.3)
1518:            55           1320  java.util.regex.Pattern$Bound (java.base@21.0.3)
1519:            55           1320  org.opensearch.cluster.metadata.Metadata$Builder$$Lambda/0x00007fcd29096220
1520:            41           1312  java.util.ArrayDeque$DeqIterator (java.base@21.0.3)
1521:            41           1312  java.util.concurrent.FutureTask (java.base@21.0.3)
1522:            27           1296  com.fasterxml.jackson.databind.deser.std.StringCollectionDeserializer
1523:            54           1296  java.net.NetPermission (java.base@21.0.3)
1524:            54           1296  java.util.ImmutableCollections$MapN$MapNIterator (java.base@21.0.3)
1525:            18           1296  org.opensearch.action.admin.cluster.node.info.NodeInfo$Builder
1526:            27           1296  org.opensearch.script.ScriptCache
1527:            54           1296  org.opensearch.threadpool.ThreadPool$ExecutorHolder
1528:             4           1288  [Ljava.util.concurrent.atomic.AtomicLong; (java.base@21.0.3)
1529:            23           1288  java.util.stream.ReferencePipeline$4 (java.base@21.0.3)
1530:            16           1280  [Lio.netty.handler.codec.CodecOutputList;
1531:            53           1272  org.bouncycastle.asn1.ASN1ObjectIdentifier$OidHandle
1532:            79           1264  org.opensearch.sql.expression.function.FunctionDSL$$Lambda/0x00007fcd28b40848
1533:            40           1248  [Lcom.fasterxml.jackson.databind.deser.SettableBeanProperty;
1534:            22           1232  org.opensearch.cluster.ClusterStateObserver
1535:            77           1232  org.opensearch.core.xcontent.NamedXContentRegistry$Entry$$Lambda/0x00007fcd28484208
1536:            51           1224  com.google.common.base.Predicates$CompositionPredicate
1537:            51           1224  com.google.common.collect.Sets$FilteredSet
1538:            51           1224  java.util.stream.ReduceOps$2 (java.base@21.0.3)
1539:            51           1224  java.util.stream.ReduceOps$2ReducingSink (java.base@21.0.3)
1540:            17           1224  org.opensearch.action.resync.ResyncReplicationRequest
1541:            51           1224  org.opensearch.core.action.ActionListener$4
1542:            51           1224  org.opensearch.core.xcontent.XContentBuilder
1543:            17           1224  org.opensearch.index.engine.LuceneChangesSnapshot
1544:            51           1224  org.opensearch.security.transport.SecurityInterceptor$$Lambda/0x00007fcd29187298
1545:            51           1224  org.opensearch.security.transport.SecurityInterceptor$RestoringTransportResponseHandler
1546:            51           1224  org.opensearch.transport.Transport$ResponseContext
1547:            51           1224  org.opensearch.transport.TransportService$ContextRestoreResponseHandler
1548:             8           1216  io.netty.channel.nio.NioEventLoop
1549:            19           1216  org.opensearch.common.lucene.Lucene$DirectoryReaderWithAllLiveDocs
1550:            15           1200  java.util.concurrent.ThreadPoolExecutor (java.base@21.0.3)
1551:            47           1184  [Lcom.sun.management.internal.DiagnosticCommandArgumentInfo; (jdk.management@21.0.3)
1552:            37           1184  org.opensearch.knn.plugin.stats.StatNames
1553:            21           1176  java.lang.invoke.BoundMethodHandle$Species_LLLJ (java.base@21.0.3)
1554:            73           1168  org.opensearch.common.settings.Setting$$Lambda/0x00007fcd2802c538
1555:            18           1152  [Lio.netty.util.internal.PriorityQueueNode;
1556:            24           1152  com.fasterxml.jackson.databind.ser.BeanSerializer
1557:            16           1152  com.fasterxml.jackson.databind.ser.std.MapSerializer
1558:             9           1152  com.google.common.cache.LocalCache
1559:            24           1152  java.lang.invoke.BoundMethodHandle$SpeciesData (java.base@21.0.3)
1560:            24           1152  java.util.Hashtable (java.base@21.0.3)
1561:            72           1152  java.util.concurrent.atomic.AtomicLongArray (java.base@21.0.3)
1562:            48           1152  org.opensearch.common.settings.Setting$ByteSizeValueParser
1563:            36           1152  org.opensearch.sql.legacy.metrics.MetricName
1564:            18           1152  sun.security.ec.SunEC$ProviderService (jdk.crypto.ec@21.0.3)
1565:             2           1144  [Lsun.security.util.KnownOIDs; (java.base@21.0.3)
1566:            71           1136  org.opensearch.common.settings.Setting$$Lambda/0x00007fcd2802b7c8
1567:            28           1128  [Lorg.opensearch.common.settings.Setting;
1568:            47           1128  com.fasterxml.jackson.databind.ser.impl.PropertySerializerMap$Single
1569:            47           1128  java.util.AbstractMap$2$1 (java.base@21.0.3)
1570:            47           1128  sun.security.util.LazyCodeSourcePermissionCollection (java.base@21.0.3)
1571:            14           1120  com.fasterxml.jackson.databind.util.internal.PrivateMaxEntriesMap
1572:            28           1120  io.netty.buffer.LongLongHashMap
1573:            35           1120  java.util.stream.ReduceOps$8ReducingSink (java.base@21.0.3)
1574:            20           1120  java.util.zip.ZipFile$ZipFileInputStream (java.base@21.0.3)
1575:            46           1104  com.fasterxml.jackson.databind.introspect.TypeResolutionContext$Basic
1576:            46           1104  org.apache.logging.log4j.message.SimpleMessage
1577:            69           1104  org.opensearch.telemetry.tracing.attributes.Attributes
1578:            34           1088  java.util.EnumMap$ValueIterator (java.base@21.0.3)
1579:            34           1088  java.util.concurrent.atomic.AtomicReferenceFieldUpdater$AtomicReferenceFieldUpdaterImpl (java.base@21.0.3)
1580:            34           1088  org.apache.logging.log4j.util.SortedArrayStringMap
1581:            34           1088  org.apache.lucene.backward_codecs.store.EndiannessReverserIndexOutput
1582:            34           1088  org.apache.lucene.search.Multiset$1
1583:            17           1088  org.apache.lucene.search.comparators.LongComparator
1584:            34           1088  org.opensearch.action.support.replication.TransportReplicationAction$AsyncPrimaryAction
1585:            68           1088  org.opensearch.common.settings.Setting$$Lambda/0x00007fcd280c8d60
1586:            68           1088  org.opensearch.common.settings.Setting$AffixSetting$$Lambda/0x00007fcd281b60d8
1587:            68           1088  org.opensearch.common.settings.Setting$AffixSetting$$Lambda/0x00007fcd281b6328
1588:            68           1088  org.opensearch.common.settings.Settings$PrefixedSecureSettings$$Lambda/0x00007fcd281e84f8
1589:            68           1088  org.opensearch.common.settings.Settings$PrefixedSecureSettings$$Lambda/0x00007fcd281e8750
1590:            34           1088  org.opensearch.index.store.Store$MetadataSnapshot
1591:            17           1088  org.opensearch.index.translog.TranslogReader
1592:            34           1088  sun.security.ssl.Alert (java.base@21.0.3)
1593:            15           1080  com.fasterxml.jackson.databind.deser.std.MapDeserializer
1594:            27           1080  java.util.HashMap$ValueSpliterator (java.base@21.0.3)
1595:            27           1080  org.opensearch.monitor.jvm.JvmStats$BufferPool
1596:            27           1080  org.opensearch.painless.lookup.PainlessLookup
1597:            27           1080  org.opensearch.script.ScriptContext
1598:            15           1080  sun.security.ssl.SSLCipher (java.base@21.0.3)
1599:            26           1072  [Ljava.lang.invoke.MethodType; (java.base@21.0.3)
1600:            19           1064  java.util.concurrent.ConcurrentHashMap$EntryIterator (java.base@21.0.3)
1601:             2           1056  [Lio.netty.buffer.PoolArena;
1602:            22           1056  java.io.ClassCache$CacheRef (java.base@21.0.3)
1603:            44           1056  java.lang.management.ManagementPermission (java.management@21.0.3)
1604:            66           1056  java.util.TreeMap$Values (java.base@21.0.3)
1605:            66           1056  org.apache.lucene.analysis.tokenattributes.KeywordAttributeImpl
1606:            33           1056  org.objectweb.asm.Type
1607:            66           1056  org.opensearch.common.settings.Setting$$Lambda/0x00007fcd2854d890
1608:            33           1056  org.opensearch.index.store.Store$MetadataSnapshot$LoadedMetadata
1609:            66           1056  sun.security.util.ECParameters (java.base@21.0.3)
1610:            12           1048  [D (java.base@21.0.3)
1611:             1           1040  [Ljava.lang.Integer; (java.base@21.0.3)
1612:             1           1040  [Ljava.lang.Long; (java.base@21.0.3)
1613:             1           1040  [Ljava.lang.Short; (java.base@21.0.3)
1614:            26           1040  com.sun.jmx.mbeanserver.MXBeanSupport (java.management@21.0.3)
1615:            13           1040  com.sun.jna.Structure$FFIType
1616:            43           1032  com.sun.jmx.mbeanserver.PerInterface$MethodAndSig (java.management@21.0.3)
1617:            43           1032  org.apache.lucene.util.CharsRef
1618:            32           1024  org.opensearch.core.xcontent.ConstructingObjectParser
1619:            32           1024  org.opensearch.security.securityconf.impl.v7.RoleV7
1620:            32           1024  sun.security.provider.PolicyFile (java.base@21.0.3)
1621:            32           1024  sun.security.provider.PolicyFile$PolicyInfo (java.base@21.0.3)
1622:            32           1024  sun.security.x509.DistributionPoint (java.base@21.0.3)
1623:            41           1008  [Ljavax.management.MBeanParameterInfo; (java.management@21.0.3)
1624:            14           1008  com.fasterxml.jackson.core.sym.ByteQuadsCanonicalizer
1625:            63           1008  com.fasterxml.jackson.databind.introspect.AnnotatedMethodMap
1626:            42           1008  java.time.format.DateTimeFormatterBuilder$OffsetIdPrinterParser (java.base@21.0.3)
1627:            21           1008  org.opensearch.sql.legacy.metrics.RollingCounter
1628:            21           1008  sun.security.ssl.SSLHandshake (java.base@21.0.3)
1629:            63           1008  sun.security.x509.DNSName (java.base@21.0.3)
1630:            25           1000  org.opensearch.ratelimitting.admissioncontrol.transport.AdmissionControlTransportHandler
1631:            31            992  io.netty.channel.ChannelOption
1632:            31            992  java.lang.invoke.VarHandle$AccessMode (java.base@21.0.3)
1633:            31            992  java.security.Policy$PolicyDelegate (java.base@21.0.3)
1634:            62            992  jdk.proxy2.$Proxy1 (jdk.proxy2)
1635:            41            984  org.opensearch.common.settings.Setting$$Lambda/0x00007fcd280c4000
1636:            42            968  [Lsun.security.ssl.ProtocolVersion; (java.base@21.0.3)
1637:            24            960  [Ljava.lang.invoke.BoundMethodHandle$SpeciesData; (java.base@21.0.3)
1638:            12            960  java.lang.invoke.BoundMethodHandle$Species_LLLLLLLLLLLL (java.base@21.0.3)
1639:            24            960  java.nio.channels.ClosedChannelException (java.base@21.0.3)
1640:            40            960  java.util.stream.ReferencePipeline$5$1 (java.base@21.0.3)
1641:            40            960  java.util.stream.Streams$2 (java.base@21.0.3)
1642:            40            960  java.util.stream.Streams$ConcatSpliterator$OfRef (java.base@21.0.3)
1643:            20            960  java.util.zip.ZipFile$ZipFileInflaterInputStream (java.base@21.0.3)
1644:            20            960  javax.management.openmbean.ArrayType (java.management@21.0.3)
1645:            60            960  jdk.internal.module.SystemModuleFinders$3 (java.base@21.0.3)
1646:            12            960  jdk.internal.reflect.DelegatingClassLoader (java.base@21.0.3)
1647:            40            960  org.apache.logging.log4j.core.pattern.SimpleLiteralPatternConverter$StringValue
1648:            40            960  org.apache.lucene.search.BooleanWeight$WeightedBooleanClause
1649:            40            960  org.opensearch.action.support.ChannelActionListener
1650:            30            960  org.opensearch.core.xcontent.ObjectParser$ValueType
1651:            60            960  org.opensearch.indices.analysis.PreBuiltCacheFactory$PreBuiltCacheStrategyOne
1652:            30            960  org.opensearch.security.securityconf.ConfigModelV7$IndexPattern
1653:            24            960  org.opensearch.security.ssl.SecureSSLSettings$InsecureFallbackStringSetting
1654:            24            960  org.opensearch.securityanalytics.model.LogType
1655:            40            960  org.opensearch.sql.opensearch.setting.OpenSearchSettings$Updater
1656:            30            960  org.opensearch.timeseries.stats.StatNames
1657:            17            952  org.apache.lucene.search.IndexSearcher
1658:            59            944  org.opensearch.common.settings.Setting$$Lambda/0x00007fcd280bf0d0
1659:            39            936  org.opensearch.cluster.ClusterStateObserver$StoredState
1660:            39            936  org.opensearch.common.settings.Settings$Builder
1661:            39            936  org.opensearch.core.action.ActionListener$6
1662:            39            936  org.opensearch.index.shard.IndexShardOperationPermits$$Lambda/0x00007fcd2937b470
1663:            29            928  com.fasterxml.jackson.databind.DeserializationFeature
1664:            29            928  com.fasterxml.jackson.databind.DeserializationFeature
1665:            29            928  jdk.internal.reflect.MethodHandleBooleanFieldAccessorImpl (java.base@21.0.3)
1666:            58            928  org.opensearch.search.SearchModule$$Lambda/0x00007fcd287662c8
1667:            23            920  io.netty.buffer.CompositeByteBuf$Component
1668:            23            920  java.lang.reflect.AccessFlag (java.base@21.0.3)
1669:            23            920  javax.net.ssl.SSLException (java.base@21.0.3)
1670:            23            920  org.opensearch.cluster.routing.RoutingNode
1671:            23            920  org.opensearch.security.support.ModuleType
1672:            38            912  java.time.format.DateTimeFormatterBuilder$ZoneIdPrinterParser (java.base@21.0.3)
1673:            38            912  org.apache.lucene.analysis.lv.LatvianStemmer$Affix
1674:            57            912  org.apache.lucene.search.TaskExecutor
1675:            19            912  org.apache.lucene.util.automaton.Automaton
1676:            38            912  org.bouncycastle.jce.provider.BouncyCastleProvider$JcaCryptoService
1677:            19            912  org.opensearch.common.cache.Cache$Entry
1678:            38            912  org.opensearch.index.analysis.PreConfiguredTokenFilter$2
1679:            19            912  org.opensearch.security.securityconf.impl.SecurityDynamicConfiguration
1680:            14            896  com.fasterxml.jackson.core.sym.CharsToNameCanonicalizer
1681:            28            896  com.fasterxml.jackson.databind.DeserializationFeature
1682:            16            896  io.netty.buffer.PoolThreadCache
1683:            16            896  java.util.logging.Logger (java.logging@21.0.3)
1684:            16            896  javax.management.openmbean.OpenMBeanParameterInfoSupport (java.management@21.0.3)
1685:            28            896  org.apache.logging.log4j.jul.WrappedLogger
1686:            28            896  org.opensearch.common.util.concurrent.OpenSearchExecutors$ExecutorScalingQueue
1687:            37            888  java.time.Duration (java.base@21.0.3)
1688:            37            888  java.util.stream.ReferencePipeline$7$1 (java.base@21.0.3)
1689:            22            880  com.google.common.collect.RegularImmutableMap
1690:            55            880  java.util.ImmutableCollections$MapN$1 (java.base@21.0.3)
1691:            55            880  java.util.stream.Collectors$$Lambda/0x00007fcd282feee8 (java.base@21.0.3)
1692:            22            880  org.opensearch.threadpool.Scheduler$ReschedulingRunnable
1693:            27            864  com.sun.jmx.mbeanserver.WeakIdentityHashMap$IdentityWeakReference (java.management@21.0.3)
1694:            27            864  java.util.logging.LogManager$LogNode (java.logging@21.0.3)
1695:            36            864  java.util.regex.IntHashSet (java.base@21.0.3)
1696:            36            864  java.util.regex.Pattern$Prolog (java.base@21.0.3)
1697:            36            864  org.opensearch.action.support.PlainListenableActionFuture
1698:            36            864  org.opensearch.common.StopWatch$TaskInfo
1699:            54            864  org.opensearch.common.settings.Setting$$Lambda/0x00007fcd280c4240
1700:            54            864  org.opensearch.common.settings.Setting$$Lambda/0x00007fcd280c4480
1701:            27            864  org.opensearch.monitor.jvm.JvmStats$GarbageCollector
1702:            27            864  org.opensearch.monitor.jvm.JvmStats$MemoryPoolGcStats
1703:            27            864  org.opensearch.script.ScriptCache$TokenBucketState
1704:             5            848  [Ljava.nio.LongBuffer; (java.base@21.0.3)
1705:            35            840  com.google.common.collect.ImmutableMapEntry$NonTerminalImmutableMapEntry
1706:            21            840  org.apache.lucene.search.SortField
1707:            21            840  org.opensearch.cluster.metadata.ComposableIndexTemplate
1708:            35            840  org.opensearch.cluster.service.ClusterManagerTaskThrottler$ThrottlingKey
1709:            35            840  org.opensearch.knn.plugin.stats.KNNStat
1710:            35            840  org.opensearch.search.aggregations.support.ValuesSourceRegistry$RegistryKey
1711:            35            840  org.opensearch.sql.legacy.metrics.NumericMetric
1712:            23            832  [Lcom.fasterxml.jackson.databind.ser.BeanPropertyWriter;
1713:             1            832  [Lorg.opensearch.sql.expression.function.BuiltinFunctionName;
1714:            26            832  com.fasterxml.jackson.databind.SerializationFeature
1715:            26            832  com.fasterxml.jackson.databind.SerializationFeature
1716:            26            832  com.fasterxml.jackson.databind.SerializationFeature
1717:            13            832  org.jcp.xml.dsig.internal.dom.XMLDSigRI$ProviderService (java.xml.crypto@21.0.3)
1718:            26            832  org.opensearch.action.admin.cluster.node.stats.NodesStatsRequest$Metric
1719:            52            832  org.opensearch.common.lifecycle.Lifecycle
1720:            26            832  org.opensearch.security.securityconf.impl.v7.ActionGroupsV7
1721:            26            832  org.opensearch.threadpool.ScalingExecutorBuilder
1722:            34            816  java.util.Collections$SynchronizedRandomAccessList (java.base@21.0.3)
1723:            34            816  java.util.stream.Streams$StreamBuilderImpl (java.base@21.0.3)
1724:            51            816  jdk.proxy2.$Proxy7 (jdk.proxy2)
1725:            17            816  org.apache.lucene.document.StoredValue
1726:            34            816  org.apache.lucene.index.BufferedUpdates$DeletedTerms$$Lambda/0x00007fcd290dcb30
1727:            17            816  org.apache.lucene.search.FieldValueHitQueue$OneComparatorFieldValueHitQueue
1728:            34            816  org.opensearch.action.admin.cluster.node.info.TransportNodesInfoAction$NodeInfoRequest
1729:            34            816  org.opensearch.action.support.replication.ReplicationResponse$ShardInfo
1730:            34            816  org.opensearch.action.support.replication.TransportReplicationAction$1
1731:            34            816  org.opensearch.action.support.replication.TransportReplicationAction$AsyncPrimaryAction$$Lambda/0x00007fcd293afa78
1732:            34            816  org.opensearch.action.support.replication.TransportReplicationAction$AsyncPrimaryAction$$Lambda/0x00007fcd293b0000
1733:            34            816  org.opensearch.action.support.replication.TransportReplicationAction$AsyncPrimaryAction$$Lambda/0x00007fcd293b0780
1734:            34            816  org.opensearch.action.support.replication.TransportReplicationAction$AsyncPrimaryAction$$Lambda/0x00007fcd293b1000
1735:            34            816  org.opensearch.action.support.replication.TransportReplicationAction$PrimaryShardReference
1736:            17            816  org.opensearch.action.support.replication.TransportWriteAction$AsyncAfterWriteAction
1737:            34            816  org.opensearch.gateway.MetadataStateFormat$1
1738:            17            816  org.opensearch.gateway.PersistedClusterStateService$DocumentBuffer$1
1739:            17            816  org.opensearch.index.seqno.GlobalCheckpointSyncAction$Request
1740:            34            816  org.opensearch.index.translog.Checkpoint$1
1741:            17            816  org.opensearch.index.translog.Translog$SeqNoFilterSnapshot
1742:            51            816  org.opensearch.security.transport.SecurityInterceptor$$Lambda/0x00007fcd29132e48
1743:            51            816  org.opensearch.security.transport.SecurityInterceptor$$Lambda/0x00007fcd291864b8
1744:            34            816  org.opensearch.timeseries.stats.TimeSeriesStat
1745:            17            816  org.opensearch.transport.TcpTransport$NodeChannels
1746:            25            800  java.util.concurrent.atomic.AtomicLongFieldUpdater$CASUpdater (java.base@21.0.3)
1747:            20            800  jdk.internal.loader.URLClassPath$JarLoader$2 (java.base@21.0.3)
1748:            20            800  org.apache.lucene.util.fst.FSTCompiler$UnCompiledNode
1749:            25            800  org.opensearch.indices.fielddata.cache.IndicesFieldDataCache$IndexFieldCache
1750:            11            792  org.apache.logging.log4j.core.config.LoggerConfig
1751:            33            792  org.opensearch.action.support.replication.PendingReplicationActions$$Lambda/0x00007fcd29375fa8
1752:            33            792  org.opensearch.common.concurrent.GatedCloseable
1753:            33            792  org.opensearch.index.engine.InternalEngine$$Lambda/0x00007fcd293795b0
1754:            33            792  org.opensearch.index.seqno.ReplicationTracker$$Lambda/0x00007fcd29374b60
1755:            49            784  io.netty.util.concurrent.DefaultPromise$CauseHolder
1756:            14            784  javax.management.openmbean.CompositeType (java.management@21.0.3)
1757:            32            768  [Ljdk.internal.access.JavaSecurityAccess$ProtectionDomainCache; (java.base@21.0.3)
1758:            16            768  com.fasterxml.jackson.databind.ser.impl.IndexedListSerializer
1759:            32            768  com.sun.jmx.mbeanserver.DefaultMXBeanMappingFactory$IdentityMapping (java.management@21.0.3)
1760:            12            768  io.github.resilience4j.retry.internal.RetryImpl
1761:            16            768  java.util.ComparableTimSort (java.base@21.0.3)
1762:            24            768  org.opensearch.threadpool.FixedExecutorBuilder$$Lambda/0x00007fcd2851d548
1763:            16            768  org.opensearch.transport.nativeprotocol.NativeOutboundMessage$Request
1764:            32            768  sun.security.x509.AccessDescription (java.base@21.0.3)
1765:            24            768  sun.security.x509.CRLDistributionPointsExtension (java.base@21.0.3)
1766:            48            768  sun.security.x509.GeneralNames (java.base@21.0.3)
1767:            24            768  sun.security.x509.OIDMap$OIDInfo (java.base@21.0.3)
1768:            19            760  java.lang.NoSuchMethodError (java.base@21.0.3)
1769:            19            760  org.opensearch.index.engine.Engine$1
1770:            31            744  com.facebook.presto.matching.Property
1771:            31            744  com.facebook.presto.matching.PropertyPattern
1772:            31            744  com.facebook.presto.matching.pattern.CapturePattern
1773:            31            744  com.facebook.presto.matching.pattern.WithPattern
1774:            31            744  java.security.Provider$EngineDescription (java.base@21.0.3)
1775:            31            744  java.util.regex.Pattern$$Lambda/0x00007fcd2815f490 (java.base@21.0.3)
1776:            31            744  org.opensearch.sql.expression.function.FunctionDSL$$Lambda/0x00007fcd28b308a8
1777:            23            736  org.joda.time.DateTimeFieldType$StandardDateTimeFieldType
1778:            23            736  org.opensearch.performanceanalyzer.commons.metrics.AllMetrics$ShardStatsValue
1779:            23            736  org.opensearch.security.securityconf.impl.v7.RoleV7$Index
1780:            23            736  org.yaml.snakeyaml.tokens.Token$ID
1781:            23            728  [Ljava.lang.annotation.ElementType; (java.base@21.0.3)
1782:            13            728  com.fasterxml.jackson.databind.deser.std.CollectionDeserializer
1783:            30            720  com.google.common.collect.ImmutableMapEntry
1784:             5            720  java.text.DecimalFormat (java.base@21.0.3)
1785:            15            720  java.util.Currency$SpecialCaseEntry (java.base@21.0.3)
1786:            45            720  java.util.Optional (java.base@21.0.3)
1787:            15            720  java.util.concurrent.LinkedBlockingQueue (java.base@21.0.3)
1788:            18            720  java.util.stream.Nodes$SpinedNodeBuilder (java.base@21.0.3)
1789:            30            720  java.util.zip.Deflater$DeflaterZStreamRef (java.base@21.0.3)
1790:            18            720  org.apache.lucene.document.LongPoint$1
1791:            15            720  org.apache.lucene.index.OrdinalMap
1792:            18            720  org.apache.lucene.util.automaton.CharacterRunAutomaton
1793:            45            720  org.bouncycastle.pqc.jcajce.provider.sphincsplus.SPHINCSPlusKeyFactorySpi
1794:            18            720  org.opensearch.action.admin.cluster.node.info.NodesInfoRequest
1795:            18            720  org.opensearch.cluster.NodeConnectionsService$ConnectionTarget
1796:            30            720  org.opensearch.common.inject.internal.MatcherAndConverter
1797:            45            720  org.opensearch.core.xcontent.ToXContent$MapParams
1798:            30            720  org.opensearch.script.ScriptCache$CompilationRate
1799:            45            720  org.opensearch.search.SearchModule$$Lambda/0x00007fcd287a65d8
1800:            18            720  org.opensearch.security.securityconf.impl.v7.RoleMappingsV7
1801:            18            720  org.opensearch.transport.TransportService$7
1802:            18            720  sun.security.util.MemoryCache (java.base@21.0.3)
1803:            22            704  java.lang.invoke.VarForm (java.base@21.0.3)
1804:            22            704  java.lang.reflect.ClassFileFormatVersion (java.base@21.0.3)
1805:            11            704  java.security.SecureRandom (java.base@21.0.3)
1806:            22            704  java.util.concurrent.atomic.AtomicIntegerFieldUpdater$AtomicIntegerFieldUpdaterImpl (java.base@21.0.3)
1807:            22            704  org.opensearch.common.settings.Setting$FloatParser
1808:            22            704  org.opensearch.sql.common.setting.Settings$Key
1809:            29            696  java.lang.ProcessEnvironment$Value (java.base@21.0.3)
1810:            29            696  java.lang.ProcessEnvironment$Variable (java.base@21.0.3)
1811:            29            696  java.util.BitSet (java.base@21.0.3)
1812:            29            696  org.opensearch.common.settings.Setting$2
1813:            29            696  sun.security.x509.PolicyInformation (java.base@21.0.3)
1814:            43            688  org.opensearch.action.support.nodes.TransportNodesAction$NodeTransportHandler
1815:            17            680  org.apache.lucene.search.TopFieldCollectorManager
1816:            17            680  org.opensearch.Build
1817:            17            680  org.opensearch.action.support.replication.TransportReplicationAction$ReroutePhase
1818:            17            680  org.opensearch.action.support.replication.TransportWriteAction$WritePrimaryResult
1819:            17            680  org.opensearch.common.settings.SecureSetting$SecureStringSetting
1820:            17            680  org.opensearch.index.engine.LuceneChangesSnapshot$ParallelArray
1821:            17            680  org.opensearch.index.shard.IndexShard$$Lambda/0x00007fcd293df610
1822:            17            680  org.opensearch.index.shard.IndexShard$5
1823:            17            680  org.opensearch.index.shard.IndexShardOperationPermits$1
1824:            17            680  org.opensearch.index.translog.MultiSnapshot
1825:            17            680  org.opensearch.transport.ClusterConnectionManager$$Lambda/0x00007fcd2918df98
1826:            17            680  org.opensearch.transport.TcpTransport$ChannelCloseLogger
1827:            17            680  org.opensearch.transport.TcpTransport$ChannelsConnectedListener
1828:            17            680  org.opensearch.transport.TransportHandshaker$HandshakeResponseHandler
1829:            17            680  sun.security.ssl.CipherSuite$KeyExchange (java.base@21.0.3)
1830:            14            672  com.fasterxml.jackson.databind.type.SimpleType
1831:            14            672  com.fasterxml.jackson.databind.type.SimpleType
1832:            28            672  com.sun.jmx.mbeanserver.NamedObject (java.management@21.0.3)
1833:            28            672  java.util.concurrent.LinkedTransferQueue (java.base@21.0.3)
1834:            28            672  java.util.regex.Pattern$$Lambda/0x00007fcd2815f238 (java.base@21.0.3)
1835:            42            672  jdk.proxy4.$Proxy23 (jdk.proxy4)
1836:            21            672  sun.security.x509.CertificatePoliciesExtension (java.base@21.0.3)
1837:            41            656  jdk.proxy5.$Proxy36 (jdk.proxy5)
1838:            27            648  com.google.common.collect.ImmutableMapEntry
1839:            27            648  java.time.LocalTime (java.base@21.0.3)
1840:            27            648  org.apache.lucene.search.DocValuesFieldExistsQuery
1841:            27            648  org.joni.constants.internal.TokenType
1842:            27            648  org.opensearch.common.inject.TypeConverterBindingProcessor$6
1843:            27            648  org.opensearch.painless.Compiler
1844:            27            648  org.opensearch.script.ScriptMetrics
1845:            27            648  org.opensearch.script.ScriptService$$Lambda/0x00007fcd28708a90
1846:            40            640  jdk.proxy2.$Proxy12 (jdk.proxy2)
1847:            20            640  org.apache.lucene.search.BooleanWeight
1848:            20            640  org.apache.lucene.util.fst.FSTCompiler$Arc
1849:            40            640  org.opensearch.indices.analysis.PreBuiltCacheFactory$PreBuiltCacheStrategyLucene
1850:            40            640  org.opensearch.ingest.ProcessorInfo
1851:            16            640  org.opensearch.painless.spi.WhitelistClassBinding
1852:            16            640  org.opensearch.transport.nativeprotocol.NativeOutboundHandler$$Lambda/0x00007fcd29112050
1853:             3            624  [Ljava.lang.invoke.LambdaForm; (java.base@21.0.3)
1854:            13            624  com.fasterxml.jackson.core.JsonToken
1855:            26            624  java.security.spec.ECFieldF2m (java.base@21.0.3)
1856:            13            624  java.util.StringTokenizer (java.base@21.0.3)
1857:            13            624  org.opensearch.common.settings.Setting$GroupSetting
1858:            39            624  org.opensearch.index.analysis.PreConfiguredTokenFilter$$Lambda/0x00007fcd2869df98
1859:            26            624  org.opensearch.transport.TransportRequestOptions
1860:             7            616  java.text.DecimalFormatSymbols (java.base@21.0.3)
1861:             7            616  org.opensearch.painless.lookup.PainlessLookupBuilder$BridgeLoader
1862:            19            608  com.fasterxml.jackson.core.JsonParser$Feature
1863:            19            608  com.fasterxml.jackson.databind.BeanProperty$Std
1864:            19            608  java.util.ImmutableCollections$ListItr (java.base@21.0.3)
1865:            19            608  org.apache.lucene.search.FieldExistsQuery$1
1866:            38            608  org.opensearch.index.analysis.PreBuiltAnalyzerProviderFactory$$Lambda/0x00007fcd286a8510
1867:            19            608  org.opensearch.rest.RestHandler$ReplacedRoute
1868:            25            600  [Lorg.opensearch.index.fielddata.IndexFieldDataCache$Listener;
1869:            15            600  com.fasterxml.jackson.databind.deser.SettableAnyProperty$MethodAnyProperty
1870:            25            600  java.lang.ThreadLocal$SuppliedThreadLocal (java.base@21.0.3)
1871:            25            600  org.opensearch.common.unit.SizeValue
1872:            15            600  org.opensearch.index.fielddata.ordinals.GlobalOrdinalsIndexFieldData
1873:            25            600  sun.reflect.generics.repository.FieldRepository (java.base@21.0.3)
1874:            25            600  sun.security.x509.Extension (java.base@21.0.3)
1875:            37            592  java.util.EnumMap$Values (java.base@21.0.3)
1876:            21            576  [Lcom.google.common.collect.ImmutableMapEntry;
1877:             2            576  [Ljava.lang.Character; (java.base@21.0.3)
1878:             9            576  io.netty.buffer.CompositeByteBuf
1879:            24            576  io.netty.channel.AbstractChannel$AbstractUnsafe$7
1880:            24            576  io.netty.channel.ChannelOutboundBuffer$2
1881:            24            576  io.netty.channel.FailedChannelFuture
1882:            24            576  java.lang.NamedPackage (java.base@21.0.3)
1883:            18            576  java.security.cert.PolicyQualifierInfo (java.base@21.0.3)
1884:            18            576  java.util.stream.ReduceOps$10 (java.base@21.0.3)
1885:            36            576  javax.security.auth.x500.X500Principal (java.base@21.0.3)
1886:            18            576  org.apache.lucene.search.PointRangeQuery$1
1887:            18            576  org.opensearch.action.support.TransportAction$1
1888:            36            576  org.opensearch.common.StopWatch$$Lambda/0x00007fcd291b41f8
1889:            36            576  org.opensearch.common.lucene.LoggerInfoStream$$Lambda/0x00007fcd293117d0
1890:            24            576  org.opensearch.core.xcontent.ConstructingObjectParser$$Lambda/0x00007fcd287b8800
1891:            18            576  org.opensearch.security.dlic.rest.api.RequestHandler$RequestHandlersBuilder
1892:            24            576  org.opensearch.threadpool.FixedExecutorBuilder
1893:            24            576  sun.security.ssl.SSLEngineOutputRecord$RecordMemo (java.base@21.0.3)
1894:             6            560  [Lcom.google.common.collect.ImmutableMapEntry;
1895:            14            560  com.fasterxml.jackson.core.sym.ByteQuadsCanonicalizer$TableInfo
1896:            14            560  com.sun.jmx.mbeanserver.PerInterface (java.management@21.0.3)
1897:             7            560  java.util.concurrent.TimeUnit (java.base@21.0.3)
1898:            14            560  javax.management.openmbean.SimpleType (java.management@21.0.3)
1899:            35            560  jdk.proxy4.$Proxy19 (jdk.proxy4)
1900:             5            560  org.apache.logging.log4j.core.appender.rolling.RollingFileManager
1901:            14            560  org.greenrobot.eventbus.SubscriberMethod
1902:            14            560  org.opensearch.cluster.block.ClusterBlock
1903:            10            560  org.opensearch.common.util.BigByteArray
1904:            14            560  org.opensearch.performanceanalyzer.commons.stats.metrics.CollectorMetrics
1905:            10            560  sun.invoke.util.Wrapper (java.base@21.0.3)
1906:            14            560  sun.util.locale.provider.LocaleResources$ResourceReference (java.base@21.0.3)
1907:            23            552  java.util.stream.ReferencePipeline$4$1 (java.base@21.0.3)
1908:            23            552  org.opensearch.common.util.concurrent.SizeBlockingQueue
1909:             1            544  [Ljava.lang.Thread; (java.base@21.0.3)
1910:            17            544  io.netty.util.concurrent.DefaultPromise
1911:            34            544  java.nio.file.Files$1 (java.base@21.0.3)
1912:            17            544  java.util.EnumMap$KeyIterator (java.base@21.0.3)
1913:            17            544  org.apache.lucene.document.StoredField
1914:            17            544  org.opensearch.action.support.ThreadedActionListener
1915:            34            544  org.opensearch.action.support.replication.FanoutReplicationProxy
1916:            34            544  org.opensearch.action.support.replication.ReplicationOperation$$Lambda/0x00007fcd293b2a10
1917:            34            544  org.opensearch.action.support.replication.ReplicationOperation$$Lambda/0x00007fcd293b3290
1918:            34            544  org.opensearch.action.support.replication.ReplicationOperation$$Lambda/0x00007fcd293b4830
1919:            34            544  org.opensearch.action.support.replication.ReplicationOperation$$Lambda/0x00007fcd2942a928
1920:            34            544  org.opensearch.action.support.replication.ReplicationOperation$$Lambda/0x00007fcd2942cd58
1921:            34            544  org.opensearch.action.support.replication.ReplicationOperation$1
1922:            34            544  org.opensearch.action.support.replication.ReplicationOperation$1$$Lambda/0x00007fcd293b61e0
1923:            34            544  org.opensearch.action.support.replication.ReplicationOperation$1$$Lambda/0x00007fcd293b6840
1924:            34            544  org.opensearch.action.support.replication.TransportReplicationAction$$Lambda/0x00007fcd293aeb78
1925:            17            544  org.opensearch.action.support.replication.TransportReplicationAction$ReroutePhase$1
1926:            17            544  org.opensearch.action.support.replication.TransportWriteAction$1
1927:            17            544  org.opensearch.common.io.Streams$FlushOnCloseOutputStream
1928:            17            544  org.opensearch.core.common.io.stream.OutputStreamStreamOutput
1929:            34            544  org.opensearch.core.xcontent.ObjectParser$$Lambda/0x00007fcd284b6a60
1930:            34            544  org.opensearch.index.shard.IndexShard$$Lambda/0x00007fcd29388478
1931:            17            544  org.opensearch.index.shard.IndexShardOperationPermits$2
1932:            17            544  org.opensearch.index.shard.PrimaryReplicaSyncer$1
1933:            17            544  org.opensearch.index.shard.PrimaryReplicaSyncer$ResyncRequest
1934:            17            544  org.opensearch.index.shard.ShardStateMetadata
1935:            17            544  org.opensearch.index.translog.BufferedChecksumStreamOutput
1936:            17            544  org.opensearch.index.translog.Translog$$Lambda/0x00007fcd2932a4b8
1937:            17            544  org.opensearch.indices.IndicesService$6
1938:            17            544  org.opensearch.sql.data.type.ExprCoreType
1939:            34            544  org.opensearch.telemetry.metrics.tags.Tags
1940:            17            544  org.opensearch.transport.ClusterConnectionManager$$Lambda/0x00007fcd2918e5f8
1941:            17            544  org.opensearch.transport.ClusterConnectionManager$$Lambda/0x00007fcd29194f50
1942:            34            544  sun.nio.fs.UnixFileSystem$3 (java.base@21.0.3)
1943:             1            528  [Lcom.fasterxml.jackson.databind.ser.impl.ReadOnlyClassToSerializerMap$Bucket;
1944:            10            528  [Lcom.google.common.collect.ImmutableMapEntry;
1945:             1            528  [Ljava.util.concurrent.ForkJoinPool$WorkQueue; (java.base@21.0.3)
1946:            22            528  com.google.common.collect.ImmutableMapEntry
1947:            11            528  io.protostuff.runtime.RuntimeReflectionFieldFactory$13$1
1948:            22            528  org.apache.lucene.util.FixedBitSet
1949:            33            528  org.opensearch.action.support.replication.PendingReplicationActions$$Lambda/0x00007fcd29375d88
1950:            33            528  org.opensearch.action.support.replication.PendingReplicationActions$$Lambda/0x00007fcd29376400
1951:            22            528  org.opensearch.cluster.metadata.Template
1952:            33            528  org.opensearch.common.concurrent.OneWayGate
1953:            33            528  org.opensearch.common.util.set.Sets$$Lambda/0x00007fcd29375b38
1954:            33            528  org.opensearch.index.engine.CombinedDeletionPolicy$SnapshotIndexCommit
1955:            11            528  org.opensearch.search.aggregations.support.ValueType
1956:            22            528  org.opensearch.threadpool.ThreadPool$$Lambda/0x00007fcd28546bb8
1957:            22            528  org.opensearch.threadpool.ThreadPool$$Lambda/0x00007fcd28546de8
1958:            13            520  com.fasterxml.jackson.core.json.JsonReadFeature
1959:             5            520  sun.util.calendar.ImmutableGregorianDate (java.base@21.0.3)
1960:             5            512  [Ljava.io.ObjectInputStream$HandleTable$HandleList; (java.base@21.0.3)
1961:            23            512  [Ljavax.management.MBeanNotificationInfo; (java.management@21.0.3)
1962:             8            512  com.sun.security.sasl.Provider$ProviderService (java.security.sasl@21.0.3)
1963:            16            512  io.netty.buffer.PoolThreadCache$NormalMemoryRegionCache
1964:            16            512  io.netty.handler.codec.CodecOutputList$CodecOutputLists
1965:            32            512  java.security.ProtectionDomain$JavaSecurityAccessImpl$1 (java.base@21.0.3)
1966:            16            512  java.time.temporal.ChronoUnit (java.base@21.0.3)
1967:            16            512  org.bouncycastle.jcajce.provider.asymmetric.compositesignatures.CompositeSignaturesConstants$CompositeName
1968:            16            512  org.opensearch.action.admin.indices.stats.CommonStatsFlags$Flag
1969:            16            512  org.opensearch.knn.plugin.stats.KNNCounter
1970:            16            512  org.opensearch.painless.lookup.PainlessClassBinding
1971:            16            512  org.opensearch.plugins.SearchPlugin$PipelineAggregationSpec
1972:             7            504  org.apache.lucene.codecs.lucene99.Lucene99Codec
1973:            21            504  org.joda.time.format.DateTimeFormatterBuilder$MatchingParser
1974:            21            504  org.opensearch.common.inject.TypeConverterBindingProcessor$5
1975:            21            504  org.opensearch.index.analysis.PreConfiguredTokenizer$$Lambda/0x00007fcd29256e08
1976:            21            504  org.opensearch.index.analysis.TokenizerFactory$1
1977:             9            504  org.opensearch.monitor.jvm.JvmStats$Mem
1978:            21            504  sun.security.x509.AVAKeyword (java.base@21.0.3)
1979:            31            496  com.facebook.presto.matching.Capture
1980:            31            496  com.google.common.collect.RegularImmutableList
1981:            31            496  java.security.URIParameter (java.base@21.0.3)
1982:            31            496  org.opensearch.common.util.concurrent.OpenSearchAbortPolicy
1983:            31            496  org.opensearch.core.xcontent.AbstractObjectParser$$Lambda/0x00007fcd284bdcf8
1984:            31            496  sun.security.provider.PolicySpiFile (java.base@21.0.3)
1985:            19            488  [Lsun.security.ssl.NamedGroup$NamedGroupSpec; (java.base@21.0.3)
1986:            20            480  [Lorg.apache.lucene.util.fst.FSTCompiler$Arc;
1987:             3            480  [Lorg.opensearch.performanceanalyzer.commons.stats.metrics.StatMetrics;
1988:             5            480  com.fasterxml.jackson.databind.DeserializationConfig
1989:            20            480  com.google.common.cache.LocalCache$AccessQueue$1
1990:            20            480  com.google.common.cache.LocalCache$WriteQueue$1
1991:            12            480  com.google.common.collect.RegularImmutableMap
1992:            12            480  com.sun.jmx.mbeanserver.DefaultMXBeanMappingFactory$CompositeMapping (java.management@21.0.3)
1993:            12            480  io.github.resilience4j.core.IntervalFunction$$Lambda/0x00007fcd28b91800
1994:            12            480  io.github.resilience4j.retry.RetryConfig
1995:            10            480  io.netty.util.ResourceLeakDetector$DefaultResourceLeak
1996:            10            480  io.netty.util.ResourceLeakDetector$TraceRecord
1997:            15            480  io.netty.util.internal.logging.Log4J2Logger
1998:            20            480  java.io.ObjectStreamClass$FieldReflectorKey (java.base@21.0.3)
1999:            12            480  java.lang.OutOfMemoryError (java.base@21.0.3)
2000:            15            480  java.net.Inet6Address$Inet6AddressHolder (java.base@21.0.3)
2001:            20            480  java.util.LinkedHashMap$LinkedKeySet (java.base@21.0.3)
2002:            20            480  java.util.zip.ZipFile$InflaterCleanupAction (java.base@21.0.3)
2003:            12            480  org.apache.lucene.analysis.core.DecimalDigitFilter
2004:            20            480  org.apache.lucene.index.SegmentDocValuesProducer
2005:            20            480  org.apache.lucene.search.TotalHits
2006:            12            480  org.joni.Syntax
2007:             5            480  org.opensearch.cluster.metadata.Metadata
2008:            15            480  org.opensearch.common.settings.Setting$AffixSetting$2
2009:            30            480  org.opensearch.index.mapper.ParametrizedFieldMapper$TypeParser
2010:            15            480  org.opensearch.indices.fielddata.cache.IndicesFieldDataCache$Key
2011:            20            480  org.opensearch.security.securityconf.ConfigModelV7$SecurityRole
2012:            12            480  org.opensearch.security.securityconf.impl.v7.InternalUserV7
2013:            12            480  org.opensearch.security.ssl.SecureSSLSettings$SSLSetting
2014:            15            480  org.opensearch.sql.common.setting.LegacySettings$Key
2015:            20            480  org.opensearch.sql.legacy.esdomain.LocalClusterState$$Lambda/0x00007fcd28b16740
2016:             5            464  [Ljava.nio.FloatBuffer; (java.base@21.0.3)
2017:            29            464  sun.security.x509.CertificatePolicyId (java.base@21.0.3)
2018:            19            456  [Lorg.apache.lucene.search.SortField;
2019:            19            456  java.util.stream.ReduceOps$5ReducingSink (java.base@21.0.3)
2020:            19            456  java.util.stream.ReduceOps$6 (java.base@21.0.3)
2021:            19            456  kotlin.coroutines.CombinedContext
2022:            19            456  org.apache.lucene.search.MatchAllDocsQuery
2023:            19            456  org.apache.lucene.util.automaton.Automaton$1
2024:            19            456  org.apache.lucene.util.automaton.Automaton$2
2025:            19            456  org.opensearch.dashboards.OpenSearchDashboardsPlugin$OpenSearchDashboardsWrappedRestHandler
2026:            19            456  org.opensearch.index.analysis.PreConfiguredTokenFilter$1
2027:            19            456  org.opensearch.ml.common.FunctionName
2028:             3            456  org.opensearch.search.aggregations.bucket.terms.GlobalOrdinalsStringTermsAggregator
2029:            19            456  org.opensearch.security.securityconf.impl.Meta
2030:             7            448  [Lorg.apache.logging.log4j.core.pattern.PatternFormatter;
2031:            14            448  com.fasterxml.jackson.core.sym.CharsToNameCanonicalizer$TableInfo
2032:            14            448  com.sun.jna.Structure$FFIType$size_t
2033:            14            448  io.protostuff.WireFormat$FieldType
2034:             8            448  java.util.Properties (java.base@21.0.3)
2035:            14            448  java.util.Vector (java.base@21.0.3)
2036:             7            448  java.util.jar.JarVerifier (java.base@21.0.3)
2037:            28            448  jdk.proxy2.$Proxy29 (jdk.proxy2)
2038:            28            448  jdk.proxy7.$Proxy38 (jdk.proxy7)
2039:            14            448  org.apache.lucene.codecs.lucene90.Lucene90DocValuesProducer$4
2040:            14            448  org.apache.lucene.util.packed.BulkOperationPackedSingleBlock
2041:            28            448  org.joda.time.format.InternalParserDateTimeParser
2042:            28            448  org.opensearch.common.compress.DeflateCompressor$$Lambda/0x00007fcd29093b00
2043:            28            448  org.opensearch.common.compress.DeflateCompressor$$Lambda/0x00007fcd290b6250
2044:             8            448  org.opensearch.common.util.BigLongArray
2045:            28            448  org.opensearch.common.util.concurrent.OpenSearchExecutors$ForceQueuePolicy
2046:            14            448  org.opensearch.search.asynchronous.context.state.AsynchronousSearchTransition
2047:             8            448  sun.management.MemoryPoolImpl (java.management@21.0.3)
2048:            14            448  sun.reflect.generics.repository.ConstructorRepository (java.base@21.0.3)
2049:            14            448  sun.security.x509.AuthorityInfoAccessExtension (java.base@21.0.3)
2050:             5            440  com.fasterxml.jackson.databind.SerializationConfig
2051:            11            440  org.joni.Syntax$MetaCharTable
2052:            11            440  org.opensearch.common.inject.ConstructorBindingImpl
2053:            11            440  org.opensearch.index.fielddata.IndexNumericFieldData$NumericType
2054:            11            440  sun.util.resources.Bundles$BundleReference (java.base@21.0.3)
2055:             1            432  [[[C (java.base@21.0.3)
2056:            18            432  com.fasterxml.jackson.databind.ser.impl.PropertySerializerMap$TypeAndSerializer
2057:             9            432  java.lang.invoke.MethodHandleImpl$IntrinsicMethodHandle (java.base@21.0.3)
2058:            27            432  java.security.spec.ECFieldFp (java.base@21.0.3)
2059:            18            432  java.text.DateFormat$Field (java.base@21.0.3)
2060:            18            432  javax.management.StandardMBean (java.management@21.0.3)
2061:            18            432  org.apache.logging.log4j.core.pattern.FormattingInfo
2062:             6            432  org.apache.lucene.backward_codecs.lucene95.Lucene95Codec
2063:            18            432  org.apache.lucene.codecs.lucene90.blocktree.Lucene90BlockTreeTermsWriter$PendingTerm
2064:            18            432  org.opensearch.action.support.TransportAction$1$$Lambda/0x00007fcd291c23c8
2065:            18            432  org.opensearch.action.support.TransportAction$RequestFilterChain
2066:            18            432  org.opensearch.cluster.NodeConnectionsService$ConnectionTarget$1
2067:            18            432  org.opensearch.common.util.concurrent.CountDown
2068:             3            432  org.opensearch.common.util.concurrent.QueueResizingOpenSearchThreadPoolExecutor
2069:            18            432  org.opensearch.common.util.concurrent.ThreadContext$ThreadContextStruct$$Lambda/0x00007fcd291a7548
2070:            18            432  org.opensearch.index.engine.Engine$$Lambda/0x00007fcd2935ecc8
2071:             9            432  org.opensearch.index.mapper.DynamicTemplate
2072:             9            432  org.opensearch.monitor.jvm.JvmStats
2073:            27            432  org.opensearch.script.ScriptCache$ScriptCacheRemovalListener
2074:            18            432  org.opensearch.security.dlic.rest.api.Endpoint
2075:            18            432  org.opensearch.timeseries.cluster.TimeSeriesNodeInfo
2076:            18            432  org.opensearch.transport.TransportActionProxy$ProxyRequestHandler
2077:             2            416  [Lorg.apache.lucene.util.packed.BulkOperation;
2078:            13            416  com.fasterxml.jackson.core.JsonGenerator$Feature
2079:            13            416  java.io.ObjectInputStream$FieldValues (java.base@21.0.3)
2080:            13            416  javax.management.MBeanServerPermission (java.management@21.0.3)
2081:            26            416  jdk.proxy1.$Proxy10 (jdk.proxy1)
2082:            13            416  org.opensearch.knn.index.Parameter$IntegerParameter
2083:            26            416  org.opensearch.rest.action.admin.cluster.RestNodesStatsAction$$Lambda/0x00007fcd28fc5ac8
2084:            13            416  sun.security.jca.ProviderConfig (java.base@21.0.3)
2085:            17            408  [Lorg.apache.lucene.search.FieldComparator;
2086:            17            408  com.fasterxml.jackson.databind.util.LRUMap
2087:            17            408  com.fasterxml.jackson.databind.util.internal.LinkedDeque
2088:            17            408  com.google.common.collect.ImmutableMapEntry$NonTerminalImmutableMapEntry
2089:            17            408  com.google.gson.internal.bind.TypeAdapters$30
2090:            17            408  io.netty.util.internal.DefaultPriorityQueue
2091:            17            408  java.time.Instant (java.base@21.0.3)
2092:            17            408  java.util.concurrent.LinkedBlockingQueue$Node (java.base@21.0.3)
2093:            17            408  org.apache.lucene.index.CompositeReaderContext$Builder
2094:            17            408  org.apache.lucene.index.DocumentsWriterDeleteQueue$TermNode
2095:            17            408  org.apache.lucene.search.TopFieldDocs
2096:            17            408  org.apache.lucene.store.OutputStreamDataOutput
2097:            17            408  org.opensearch.action.admin.cluster.node.info.PluginsAndModules
2098:            17            408  org.opensearch.action.resync.ResyncReplicationResponse
2099:            17            408  org.opensearch.action.resync.TransportResyncReplicationAction$$Lambda/0x00007fcd2942a0d0
2100:            17            408  org.opensearch.action.resync.TransportResyncReplicationAction$1
2101:            17            408  org.opensearch.action.resync.TransportResyncReplicationAction$ResyncActionReplicasProxy
2102:            17            408  org.opensearch.action.support.ContextPreservingActionListener
2103:            17            408  org.opensearch.action.support.nodes.TransportNodesAction$AsyncAction$1
2104:            17            408  org.opensearch.action.support.replication.ReplicationResponse
2105:            17            408  org.opensearch.action.support.replication.TransportReplicationAction$PrimaryResult
2106:            17            408  org.opensearch.action.support.replication.TransportWriteAction$WritePrimaryResult$1
2107:            17            408  org.opensearch.common.util.concurrent.ListenableFuture
2108:            17            408  org.opensearch.index.IndexingPressure$$Lambda/0x00007fcd2922b3e0
2109:            17            408  org.opensearch.index.IndexingPressure$$Lambda/0x00007fcd294252d8
2110:            17            408  org.opensearch.index.engine.InternalEngine$LastRefreshedCheckpointListener$$Lambda/0x00007fcd29354ba8
2111:            17            408  org.opensearch.index.engine.InternalEngine$LastRefreshedCheckpointListener$$Lambda/0x00007fcd29354de0
2112:            17            408  org.opensearch.index.engine.LuceneChangesSnapshot$$Lambda/0x00007fcd2938a708
2113:            17            408  org.opensearch.index.seqno.GlobalCheckpointSyncAction$$Lambda/0x00007fcd293ae700
2114:            17            408  org.opensearch.index.seqno.GlobalCheckpointSyncAction$$Lambda/0x00007fcd293b41b0
2115:            17            408  org.opensearch.index.shard.IndexShard$$Lambda/0x00007fcd293ae000
2116:            17            408  org.opensearch.index.shard.IndexShard$$Lambda/0x00007fcd293e0000
2117:            17            408  org.opensearch.index.shard.IndexShard$$Lambda/0x00007fcd293e0220
2118:            17            408  org.opensearch.index.shard.IndexShardOperationPermits$$Lambda/0x00007fcd29421668
2119:            17            408  org.opensearch.index.shard.IndexShardOperationPermits$$Lambda/0x00007fcd29427c50
2120:            17            408  org.opensearch.index.shard.IndexShardOperationPermits$1$$Lambda/0x00007fcd293e0d30
2121:            17            408  org.opensearch.index.shard.IndexShardOperationPermits$DelayedOperation
2122:            17            408  org.opensearch.index.shard.PrimaryReplicaSyncer$2
2123:            17            408  org.opensearch.index.shard.PrimaryReplicaSyncer$3
2124:            17            408  org.opensearch.index.translog.Translog$$Lambda/0x00007fcd29344ee0
2125:            17            408  org.opensearch.index.translog.Translog$TranslogGeneration
2126:            17            408  org.opensearch.transport.ClusterConnectionManager$$Lambda/0x00007fcd290f6f00
2127:            17            408  org.opensearch.transport.ClusterConnectionManager$$Lambda/0x00007fcd2913b148
2128:            17            408  org.opensearch.transport.TransportService$$Lambda/0x00007fcd29183de0
2129:            17            408  sun.nio.ch.OptionKey (java.base@21.0.3)
2130:            17            408  sun.security.util.DisabledAlgorithmConstraints$DisabledConstraint (java.base@21.0.3)
2131:             5            400  com.fasterxml.jackson.databind.util.internal.PrivateMaxEntriesMap
2132:            25            400  io.netty.handler.ssl.SslCloseCompletionEvent
2133:            25            400  jdk.proxy6.$Proxy37 (jdk.proxy6)
2134:            10            400  org.apache.lucene.index.TieredMergePolicy$SegmentSizeAndDocs
2135:            10            400  org.opensearch.security.securityconf.impl.CType
2136:             7            392  sun.nio.cs.StreamEncoder (java.base@21.0.3)
2137:             6            384  [Lorg.opensearch.sql.planner.optimizer.Rule;
2138:             4            384  com.fasterxml.jackson.databind.DeserializationConfig
2139:             6            384  com.fasterxml.jackson.databind.cfg.BaseSettings
2140:            12            384  com.fasterxml.jackson.dataformat.yaml.YAMLGenerator$Feature
2141:             8            384  com.google.common.collect.SingletonImmutableBiMap
2142:             8            384  com.sun.jna.Structure$StructField
2143:            24            384  io.github.resilience4j.core.predicate.PredicateCreator$$Lambda/0x00007fcd28b920c8
2144:            12            384  io.github.resilience4j.retry.internal.RetryImpl$RetryEventProcessor
2145:            16            384  io.netty.resolver.AddressResolverGroup$1
2146:            16            384  io.netty.resolver.DefaultNameResolver
2147:            16            384  io.netty.resolver.InetSocketAddressResolver
2148:            16            384  io.netty.util.internal.ThreadExecutorMap$1
2149:            16            384  io.netty.util.internal.ThreadExecutorMap$2
2150:             8            384  java.lang.reflect.ProxyGenerator$PrimitiveTypeInfo (java.base@21.0.3)
2151:            12            384  jdk.internal.reflect.MethodHandleLongFieldAccessorImpl (java.base@21.0.3)
2152:             6            384  org.apache.logging.log4j.core.layout.PatternLayout
2153:            12            384  org.joda.time.format.DateTimeFormatterBuilder$PaddedNumber
2154:            12            384  org.opensearch.action.admin.cluster.node.info.NodesInfoRequest$Metric
2155:            16            384  org.opensearch.cluster.routing.UnassignedInfo$Reason
2156:            24            384  org.opensearch.common.inject.matcher.Matchers$IdenticalTo
2157:            24            384  org.opensearch.core.xcontent.ConstructingObjectParser$$Lambda/0x00007fcd284b6830
2158:            16            384  org.opensearch.indices.SystemIndexDescriptor
2159:             2            384  org.opensearch.repositories.s3.S3Repository
2160:            16            384  org.opensearch.sql.expression.function.FunctionDSL$$Lambda/0x00007fcd28b32160
2161:            24            384  org.opensearch.threadpool.FixedExecutorBuilder$$Lambda/0x00007fcd2851d310
2162:            24            384  sun.nio.ch.EventFD (java.base@21.0.3)
2163:            24            384  sun.nio.ch.Util$2 (java.base@21.0.3)
2164:            12            384  sun.security.x509.ExtendedKeyUsageExtension (java.base@21.0.3)
2165:             6            384  sun.text.RuleBasedBreakIterator (java.base@21.0.3)
2166:            19            368  [Ljavax.management.MBeanConstructorInfo; (java.management@21.0.3)
2167:            12            368  [Lorg.apache.lucene.util.packed.PackedInts$Reader;
2168:            23            368  java.time.Clock$SystemClock (java.base@21.0.3)
2169:            23            368  org.opensearch.cluster.routing.RoutingNode$BucketedShards
2170:            23            368  org.opensearch.sql.opensearch.client.OpenSearchNodeClient
2171:             5            360  [Lorg.opensearch.security.auditlog.impl.AuditCategory;
2172:             5            360  com.fasterxml.jackson.databind.ObjectMapper
2173:             5            360  com.fasterxml.jackson.databind.deser.DefaultDeserializationContext$Impl
2174:             5            360  com.fasterxml.jackson.databind.introspect.AnnotatedClass
2175:             5            360  com.fasterxml.jackson.databind.introspect.AnnotatedClass
2176:             5            360  com.fasterxml.jackson.databind.ser.DefaultSerializerProvider$Impl
2177:             9            360  io.protostuff.runtime.RuntimeReflectionFieldFactory$9$1
2178:             9            360  java.io.ObjectStreamClass$FieldReflector (java.base@21.0.3)
2179:             9            360  java.lang.invoke.VarHandleInts$FieldInstanceReadWrite (java.base@21.0.3)
2180:            15            360  java.net.Inet6Address (java.base@21.0.3)
2181:             1            360  java.util.concurrent.ForkJoinPool (java.base@21.0.3)
2182:            15            360  kotlin.annotation.AnnotationTarget
2183:            15            360  kotlin.annotation.AnnotationTarget
2184:             9            360  org.apache.logging.log4j.core.pattern.DatePatternConverter
2185:            15            360  org.apache.lucene.index.OrdinalMap$SegmentMap
2186:            15            360  org.opensearch.action.support.IndicesOptions
2187:             9            360  org.opensearch.core.common.bytes.PagedBytesReference$1
2188:            15            360  org.opensearch.index.analysis.PreConfiguredTokenizer
2189:            15            360  org.opensearch.ml.common.model.MLModelState
2190:             9            360  org.opensearch.ml.engine.indices.MLIndex
2191:             9            360  org.opensearch.monitor.jvm.JvmStats$Classes
2192:             9            360  org.opensearch.securityanalytics.logtype.LogTypeService
2193:            15            360  org.yaml.snakeyaml.nodes.Tag
2194:             9            360  sun.security.ssl.ProtocolVersion (java.base@21.0.3)
2195:             2            352  [Ljava.time.LocalDateTime; (java.base@21.0.3)
2196:             4            352  com.fasterxml.jackson.databind.SerializationConfig
2197:            22            352  io.netty.channel.$Proxy53
2198:            11            352  io.netty.util.concurrent.DefaultPromise
2199:            11            352  io.protostuff.runtime.ArraySchemas$PojoArray
2200:             4            352  java.lang.invoke.BoundMethodHandle$Species_LLLLLLLLLLLLLL (java.base@21.0.3)
2201:            11            352  javax.management.MBeanNotificationInfo (java.management@21.0.3)
2202:            22            352  jdk.proxy1.$Proxy0 (jdk.proxy1)
2203:            11            352  org.joda.time.format.DateTimeFormatterBuilder$FixedNumber
2204:            22            352  org.opensearch.cluster.ClusterStateObserver$ObserverClusterStateListener
2205:            11            352  org.opensearch.common.settings.Setting$MinMaxTimeValueParser
2206:            22            352  org.opensearch.core.xcontent.AbstractObjectParser$$Lambda/0x00007fcd284b7708
2207:            11            352  org.opensearch.security.auditlog.config.AuditConfig$Filter$FilterEntries
2208:            11            352  sun.security.ssl.SSLSecretDerivation$SecretSchedule (java.base@21.0.3)
2209:            11            352  sun.security.x509.SubjectAlternativeNameExtension (java.base@21.0.3)
2210:            11            352  sun.util.resources.Bundles$CacheKey (java.base@21.0.3)
2211:             1            344  [Lorg.opensearch.common.time.FormatNames;
2212:             4            336  [Lcom.google.common.collect.ImmutableMapEntry;
2213:             1            336  [Lorg.opensearch.performanceanalyzer.commons.stats.metrics.StatExceptionCode;
2214:             5            336  [Lsun.invoke.util.Wrapper; (java.base@21.0.3)
2215:             6            336  com.fasterxml.jackson.databind.type.IterationType
2216:            14            336  com.fasterxml.jackson.databind.util.LRUMap
2217:            14            336  com.fasterxml.jackson.databind.util.internal.LinkedDeque
2218:            21            336  io.netty.util.internal.TypeParameterMatcher$ReflectiveMatcher
2219:            14            336  java.io.ObjectStreamClass$ClassDataSlot (java.base@21.0.3)
2220:             6            336  java.nio.DirectLongBufferU (java.base@21.0.3)
2221:             7            336  java.util.regex.Pattern$GroupCurly (java.base@21.0.3)
2222:            21            336  jdk.internal.misc.InternalLock (java.base@21.0.3)
2223:            21            336  jdk.proxy1.$Proxy5 (jdk.proxy1)
2224:             2            336  kotlinx.coroutines.scheduling.CoroutineScheduler$Worker
2225:             6            336  org.apache.lucene.util.BytesRefHash
2226:             7            336  org.apache.lucene.util.fst.ReadWriteDataOutput
2227:            14            336  org.greenrobot.eventbus.Subscription
2228:            14            336  org.opensearch.sql.spark.client.EMRServerlessClientFactoryImpl
2229:            14            336  sun.reflect.generics.scope.ConstructorScope (java.base@21.0.3)
2230:             6            320  [Lcom.fasterxml.jackson.core.SerializableString;
2231:             4            320  [Lcom.google.common.collect.HashBiMap$BiEntry;
2232:             4            320  [Lorg.apache.lucene.util.BytesRef;
2233:             4            320  [Lorg.opensearch.common.recycler.Recycler;
2234:             4            320  [Lsun.security.ec.point.ProjectivePoint$Immutable; (jdk.crypto.ec@21.0.3)
2235:             4            320  com.fasterxml.jackson.databind.MappingJsonFactory
2236:             4            320  com.fasterxml.jackson.databind.MappingJsonFactory
2237:             5            320  com.fasterxml.jackson.databind.cfg.BaseSettings
2238:            20            320  com.google.common.cache.LocalCache$AccessQueue
2239:             4            320  com.google.common.cache.LocalCache$Segment
2240:            10            320  com.google.common.cache.LocalCache$StrongEntry
2241:            20            320  com.google.common.cache.LocalCache$WriteQueue
2242:             8            320  com.sun.jna.Function
2243:             8            320  io.protostuff.runtime.RuntimeReflectionFieldFactory$4$1
2244:             8            320  io.protostuff.runtime.RuntimeReflectionFieldFactory$7$1
2245:            20            320  java.security.SecureClassLoader$1 (java.base@21.0.3)
2246:            10            320  java.time.temporal.WeekFields$ComputedDayOfField (java.base@21.0.3)
2247:            20            320  java.util.EnumMap$KeySet (java.base@21.0.3)
2248:             8            320  jdk.internal.loader.NativeLibraries$NativeLibraryImpl (java.base@21.0.3)
2249:             5            320  org.apache.logging.log4j.core.appender.RollingFileAppender
2250:             5            320  org.apache.logging.log4j.core.appender.rolling.PatternProcessor
2251:             8            320  org.apache.lucene.analysis.util.ElisionFilter
2252:             5            320  org.opensearch.cluster.ClusterState
2253:            10            320  org.opensearch.cluster.metadata.IndexAbstraction$Alias
2254:             8            320  org.opensearch.common.io.stream.BytesStreamOutput
2255:            10            320  org.opensearch.performanceanalyzer.commons.metrics.RTFMetrics$ShardStatsValue
2256:             8            320  org.opensearch.search.aggregations.bucket.terms.TermsAggregator$BucketCountThresholds
2257:            10            320  org.opensearch.timeseries.model.ProfileName
2258:            10            320  org.opensearch.timeseries.model.TaskState
2259:             8            320  sun.management.MemoryPoolImpl$CollectionSensor (java.management@21.0.3)
2260:             8            320  sun.management.MemoryPoolImpl$PoolSensor (java.management@21.0.3)
2261:             8            320  sun.security.ssl.SSLSessionContextImpl (java.base@21.0.3)
2262:            10            320  sun.security.util.DisabledAlgorithmConstraints$KeySizeConstraint (java.base@21.0.3)
2263:             4            320  sun.text.DictionaryBasedBreakIterator (java.base@21.0.3)
2264:             6            312  [Lcom.fasterxml.jackson.databind.cfg.CoercionAction;
2265:            13            312  com.fasterxml.jackson.databind.type.LogicalType
2266:            13            312  com.fasterxml.jackson.databind.type.LogicalType
2267:            13            312  com.fasterxml.jackson.databind.type.LogicalType
2268:            13            312  com.sun.jna.Pointer
2269:             3            312  java.lang.invoke.BoundMethodHandle$Species_LLLLLLLLLLLLLLLLL (java.base@21.0.3)
2270:            13            312  java.lang.reflect.ReflectPermission (java.base@21.0.3)
2271:            13            312  org.opensearch.action.bulk.BackoffPolicy$ExponentialBackoff
2272:            13            312  org.opensearch.performanceanalyzer.commons.stats.eval.impl.NamedCounter
2273:            13            312  org.opensearch.security.auditlog.impl.AuditCategory
2274:            13            312  sun.reflect.generics.tree.Wildcard (java.base@21.0.3)
2275:            19            304  java.util.Comparator$$Lambda/0x00007fcd282ff128 (java.base@21.0.3)
2276:            19            304  jdk.proxy4.$Proxy25 (jdk.proxy4)
2277:            19            304  org.apache.lucene.search.Sort
2278:            19            304  org.opensearch.common.settings.Setting$$Lambda/0x00007fcd280c7718
2279:             2            304  org.opensearch.monitor.fs.FsInfo$DeviceStats
2280:            19            304  org.opensearch.sql.expression.function.RelevanceFunctionResolver
2281:             9            288  [Lcom.google.common.cache.LocalCache$Segment;
2282:             1            288  [Ljava.lang.invoke.LambdaForm$Kind; (java.base@21.0.3)
2283:             9            288  [Lorg.opensearch.monitor.jvm.JvmStats$GarbageCollector;
2284:             1            288  [Lsun.security.ssl.SSLExtension; (java.base@21.0.3)
2285:             4            288  com.fasterxml.jackson.databind.ObjectMapper
2286:             4            288  com.fasterxml.jackson.databind.deser.DefaultDeserializationContext$Impl
2287:             4            288  com.fasterxml.jackson.databind.ser.DefaultSerializerProvider$Impl
2288:            12            288  com.google.common.cache.LongAddables$PureJavaLongAddable
2289:             6            288  com.google.common.collect.ArrayListMultimap
2290:            12            288  com.google.common.collect.ImmutableMapEntry$NonTerminalImmutableMapEntry
2291:             9            288  io.netty.util.AttributeKey
2292:             9            288  io.netty.util.internal.RecyclableArrayList
2293:             9            288  io.protostuff.WireFormat$JavaType
2294:             9            288  io.protostuff.runtime.DefaultIdStrategy$Lazy
2295:             6            288  io.protostuff.runtime.RuntimeReflectionFieldFactory$15$1
2296:            12            288  java.lang.ClassValue$Version (java.base@21.0.3)
2297:            12            288  java.lang.annotation.ElementType (java.base@21.0.3)
2298:             3            288  java.lang.invoke.BoundMethodHandle$Species_LLLLLLLLLLLLLLLL (java.base@21.0.3)
2299:             9            288  java.lang.invoke.VarHandleByteArrayAsLongs$ArrayHandle (java.base@21.0.3)
2300:            12            288  java.net.StandardSocketOptions$StdSocketOption (java.base@21.0.3)
2301:            12            288  java.time.Month (java.base@21.0.3)
2302:            12            288  java.util.function.Predicate$$Lambda/0x00007fcd289f1800 (java.base@21.0.3)
2303:             9            288  java.util.logging.Level (java.logging@21.0.3)
2304:             9            288  java.util.logging.Level$KnownLevel (java.logging@21.0.3)
2305:             6            288  java.util.stream.StreamOpFlag (java.base@21.0.3)
2306:             6            288  org.apache.logging.log4j.core.config.AppenderControl
2307:             9            288  org.apache.logging.log4j.core.pattern.DatePatternConverter$CachedTime
2308:             4            288  org.apache.lucene.analysis.core.LetterTokenizer
2309:             6            288  org.apache.lucene.index.FreqProxTermsWriterPerField$FreqProxPostingsArray
2310:            12            288  org.apache.lucene.store.ByteBuffersDataOutput$ByteBufferRecycler
2311:             6            288  org.apache.lucene.util.packed.MonotonicLongValues
2312:            12            288  org.bouncycastle.asn1.x509.AlgorithmIdentifier
2313:            12            288  org.joda.time.DurationFieldType$StandardDurationFieldType
2314:            18            288  org.joda.time.format.DateTimeFormatterBuilder$CharacterLiteral
2315:             9            288  org.opensearch.cluster.ClusterState$Metric
2316:            18            288  org.opensearch.cluster.NodeConnectionsService$ConnectionTarget$2
2317:             9            288  org.opensearch.cluster.routing.Preference
2318:             9            288  org.opensearch.core.common.bytes.PagedBytesReference
2319:            18            288  org.opensearch.index.engine.Engine$$Lambda/0x00007fcd29355908
2320:            12            288  org.opensearch.ingest.geoip.GeoIpProcessor$Property
2321:            12            288  org.opensearch.ml.stats.MLStat
2322:             9            288  org.opensearch.painless.spi.Whitelist
2323:            18            288  org.opensearch.plugins.AnalysisPlugin$1
2324:            18            288  org.opensearch.security.dlic.rest.api.AbstractApiAction$$Lambda/0x00007fcd28fe5230
2325:            12            288  org.opensearch.security.dlic.rest.api.RequestHandler$RequestHandlersBuilder$$Lambda/0x00007fcd28fed608
2326:             9            288  org.opensearch.security.securityconf.impl.HttpRequestMethods
2327:            12            288  org.opensearch.sql.opensearch.monitor.OpenSearchMemoryHealthy
2328:            12            288  org.opensearch.sql.opensearch.monitor.OpenSearchResourceMonitor
2329:            12            288  org.opensearch.sql.opensearch.storage.OpenSearchStorageEngine
2330:            12            288  sun.reflect.generics.reflectiveObjects.WildcardTypeImpl (java.base@21.0.3)
2331:             9            288  sun.util.logging.PlatformLogger$Level (java.base@21.0.3)
2332:             7            280  [Lorg.joni.ast.QuantifierNode$ReduceType;
2333:             5            280  [Lorg.opensearch.security.securityconf.impl.HttpRequestMethods;
2334:             7            280  com.fasterxml.jackson.core.StreamWriteFeature
2335:             7            280  com.google.common.collect.RegularImmutableMap
2336:             7            280  com.google.common.collect.RegularImmutableMap
2337:             7            280  org.apache.lucene.search.LRUQueryCache$CachingWrapperWeight
2338:             5            280  org.apache.lucene.store.ByteBuffersDataInput
2339:             5            280  org.opensearch.action.support.replication.TransportReplicationAction$ConcreteReplicaRequest
2340:             5            280  org.opensearch.indices.IndicesQueryCache$Stats
2341:             7            280  org.opensearch.security.support.ModuleInfo
2342:             2            272  [Lcom.fasterxml.jackson.databind.DeserializationFeature;
2343:             2            272  [Lcom.fasterxml.jackson.databind.DeserializationFeature;
2344:            17            272  [Lorg.opensearch.index.translog.TranslogSnapshot;
2345:            17            272  jdk.proxy3.$Proxy26 (jdk.proxy3)
2346:            17            272  org.apache.lucene.document.Document
2347:            17            272  org.apache.lucene.index.DocumentsWriter$$Lambda/0x00007fcd290d8b00
2348:            17            272  org.apache.lucene.search.IndexSearcher$1
2349:            17            272  org.opensearch.action.support.replication.TransportReplicationAction$ReplicasProxy
2350:            17            272  org.opensearch.cluster.NodeConnectionsService$$Lambda/0x00007fcd292237f8
2351:            17            272  org.opensearch.common.lucene.Lucene$DirectoryReaderWithAllLiveDocs$1
2352:            17            272  org.opensearch.index.IndexService$$Lambda/0x00007fcd29377918
2353:            17            272  org.opensearch.index.engine.InternalEngine$LastRefreshedCheckpointListener$$Lambda/0x00007fcd29352930
2354:            17            272  org.opensearch.index.seqno.ReplicationTracker$$Lambda/0x00007fcd293a7d90
2355:            17            272  org.opensearch.index.shard.IndexShard$$Lambda/0x00007fcd29377b48
2356:            17            272  org.opensearch.index.shard.IndexShard$$Lambda/0x00007fcd29377d68
2357:            17            272  org.opensearch.index.shard.IndexShard$$Lambda/0x00007fcd29378440
2358:            17            272  org.opensearch.index.shard.IndexShard$$Lambda/0x00007fcd293e11a0
2359:            17            272  org.opensearch.index.shard.IndexShard$2
2360:            17            272  org.opensearch.index.shard.IndexShard$5$$Lambda/0x00007fcd293e0f80
2361:            17            272  org.opensearch.index.shard.IndexShardOperationPermits$$Lambda/0x00007fcd293e08c0
2362:            17            272  org.opensearch.index.shard.IndexShardOperationPermits$$Lambda/0x00007fcd293e0ae0
2363:            17            272  org.opensearch.index.shard.IndexShardOperationPermits$1$$Lambda/0x00007fcd293e06a0
2364:            17            272  org.opensearch.index.shard.RefreshListeners$$Lambda/0x00007fcd293dfa80
2365:            17            272  org.opensearch.index.shard.RefreshListeners$$Lambda/0x00007fcd293dfca0
2366:            17            272  org.opensearch.index.translog.MultiSnapshot$SeqNoSet
2367:            17            272  org.opensearch.index.translog.TranslogWriter$$Lambda/0x00007fcd29347cb0
2368:            17            272  org.opensearch.transport.ClusterConnectionManager$$Lambda/0x00007fcd2918db58
2369:            17            272  org.opensearch.transport.TcpTransport$ChannelsConnectedListener$$Lambda/0x00007fcd29105fa8
2370:            17            272  org.opensearch.transport.TcpTransport$ChannelsConnectedListener$$Lambda/0x00007fcd29106c68
2371:            17            272  org.opensearch.transport.TransportActionProxy$$Lambda/0x00007fcd28ddeae0
2372:            17            272  org.opensearch.transport.TransportActionProxy$$Lambda/0x00007fcd28ddef30
2373:            17            272  org.opensearch.transport.TransportHandshaker$$Lambda/0x00007fcd29107c38
2374:            11            264  com.fasterxml.jackson.annotation.JsonFormat$Feature
2375:            11            264  com.fasterxml.jackson.annotation.JsonFormat$Shape
2376:            11            264  com.fasterxml.jackson.annotation.JsonFormat$Shape
2377:            11            264  com.fasterxml.jackson.annotation.JsonFormat$Shape
2378:            11            264  io.netty.channel.AbstractChannelHandlerContext$11
2379:            11            264  io.protostuff.runtime.ArraySchemas$PojoArray$1
2380:            11            264  java.lang.invoke.MethodHandleImpl$Intrinsic (java.base@21.0.3)
2381:            11            264  java.util.regex.Pattern$$Lambda/0x00007fcd282ee200 (java.base@21.0.3)
2382:            11            264  org.apache.logging.log4j.Level
2383:            11            264  org.apache.logging.log4j.core.util.datetime.FastDateParser$StrategyAndWidth
2384:            11            264  org.apache.lucene.codecs.CompetitiveImpactAccumulator
2385:             3            264  org.apache.lucene.index.IndexingChain$PerField
2386:            11            264  org.bouncycastle.jcajce.provider.asymmetric.ec.KeyFactorySpi$EC
2387:            11            264  org.opensearch.common.inject.internal.MoreTypes$ParameterizedTypeImpl
2388:            11            264  org.opensearch.common.settings.Setting$Property
2389:            11            264  org.opensearch.timeseries.util.SecurityClientUtil
2390:            11            264  org.yaml.snakeyaml.events.Event$ID
2391:             2            256  [Lcom.fasterxml.jackson.databind.DeserializationFeature;
2392:             5            256  [Lcom.fasterxml.jackson.databind.cfg.CoercionAction;
2393:             2            256  [Lio.protostuff.runtime.Field;
2394:             8            256  [Lorg.apache.lucene.util.fst.FST$Arc;
2395:             2            256  com.google.common.cache.LocalCache
2396:            16            256  io.netty.buffer.PoolThreadCache$FreeOnFinalize
2397:            16            256  io.netty.channel.nio.NioEventLoop$1
2398:            16            256  io.netty.util.concurrent.SingleThreadEventExecutor$4
2399:             1            256  io.protostuff.runtime.DefaultIdStrategy
2400:             8            256  java.math.RoundingMode (java.base@21.0.3)
2401:            16            256  java.nio.channels.spi.AbstractSelector$1 (java.base@21.0.3)
2402:             4            256  java.text.DateFormatSymbols (java.base@21.0.3)
2403:             8            256  java.util.Random (java.base@21.0.3)
2404:             8            256  joptsimple.OptionSpecBuilder
2405:             8            256  org.apache.logging.log4j.spi.StandardLevel
2406:             4            256  org.apache.lucene.codecs.lucene90.blocktree.SegmentTermsEnum
2407:             2            256  org.apache.lucene.util.fst.FSTCompiler
2408:            16            256  org.bouncycastle.jcajce.provider.asymmetric.compositesignatures.KeyFactorySpi
2409:            16            256  org.opensearch.common.settings.Setting$$Lambda/0x00007fcd280bec58
2410:            16            256  org.opensearch.common.settings.Setting$$Lambda/0x00007fcd283967c8
2411:             8            256  org.opensearch.common.settings.Setting$GroupSetting$1
2412:            16            256  org.opensearch.common.settings.Setting$MemorySizeValueParser
2413:             8            256  org.opensearch.knn.index.MethodComponent
2414:            16            256  org.opensearch.knn.plugin.stats.suppliers.KNNCounterSupplier
2415:             4            256  org.opensearch.monitor.fs.FsInfo$Path
2416:            16            256  org.opensearch.rest.action.admin.cluster.RestNodesStatsAction$$Lambda/0x00007fcd28fc5f20
2417:            16            256  org.opensearch.rest.action.admin.indices.RestIndicesStatsAction$$Lambda/0x00007fcd28fcaef0
2418:            16            256  org.opensearch.search.SearchModule$$Lambda/0x00007fcd28848218
2419:             8            256  org.opensearch.security.securityconf.impl.v7.ConfigV7$AuthcDomain
2420:            16            256  org.opensearch.sql.expression.function.FunctionDSL$$Lambda/0x00007fcd28b30218
2421:            16            256  org.opensearch.sql.expression.function.FunctionDSL$$Lambda/0x00007fcd28b494c0
2422:            16            256  org.opensearch.sql.spark.config.SparkExecutionEngineConfigSupplierImpl
2423:             8            256  sun.security.ssl.EphemeralKeyManager$EphemeralKeyPair (java.base@21.0.3)
2424:             1            248  org.opensearch.search.DefaultSearchContext
2425:             2            240  [Lcom.fasterxml.jackson.databind.SerializationFeature;
2426:             2            240  [Lcom.fasterxml.jackson.databind.SerializationFeature;
2427:             2            240  [Lcom.fasterxml.jackson.databind.SerializationFeature;
2428:             9            240  [Lio.netty.buffer.CompositeByteBuf$Component;
2429:            10            240  [Ljava.io.ObjectStreamClass$ClassDataSlot; (java.base@21.0.3)
2430:             5            240  [Ljava.lang.invoke.LambdaForm$NamedFunction; (java.base@21.0.3)
2431:             3            240  [Ljava.time.ZoneOffset; (java.base@21.0.3)
2432:             6            240  com.fasterxml.jackson.core.StreamReadFeature
2433:             6            240  com.fasterxml.jackson.core.json.JsonWriteFeature
2434:            10            240  com.fasterxml.jackson.databind.cfg.CoercionInputShape
2435:            10            240  com.fasterxml.jackson.databind.cfg.CoercionInputShape
2436:            10            240  com.fasterxml.jackson.databind.cfg.CoercionInputShape
2437:             5            240  com.fasterxml.jackson.databind.introspect.BasicBeanDescription
2438:             5            240  com.fasterxml.jackson.databind.introspect.BasicBeanDescription
2439:             5            240  com.fasterxml.jackson.databind.introspect.BasicBeanDescription
2440:             5            240  com.google.common.collect.HashBiMap$BiEntry
2441:            15            240  com.google.common.collect.SingletonImmutableSet
2442:             5            240  com.google.common.io.BaseEncoding$Alphabet
2443:             5            240  com.sun.jna.internal.Cleaner$CleanerRef
2444:            10            240  io.netty.buffer.SimpleLeakAwareByteBuf
2445:             6            240  io.protostuff.runtime.RuntimeReflectionFieldFactory$8$1
2446:             6            240  java.io.BufferedWriter (java.base@21.0.3)
2447:             6            240  java.lang.invoke.LambdaForm$BasicType (java.base@21.0.3)
2448:            10            240  java.nio.charset.CoderResult (java.base@21.0.3)
2449:            10            240  java.nio.file.StandardOpenOption (java.base@21.0.3)
2450:            10            240  java.security.CryptoPrimitive (java.base@21.0.3)
2451:            10            240  java.security.PermissionsHash (java.base@21.0.3)
2452:            10            240  java.util.Collections$SynchronizedCollection (java.base@21.0.3)
2453:            10            240  javax.management.MBeanServerPermissionCollection (java.management@21.0.3)
2454:            10            240  kotlin.SynchronizedLazyImpl
2455:             5            240  org.apache.logging.log4j.core.appender.rolling.RollingFileManager$EmptyQueue
2456:             6            240  org.apache.logging.log4j.core.pattern.ExtendedThrowablePatternConverter
2457:             6            240  org.apache.lucene.backward_codecs.lucene50.Lucene50TermVectorsFormat
2458:             5            240  org.apache.lucene.index.ByteSliceReader
2459:            10            240  org.apache.lucene.search.SortField$Type
2460:             6            240  org.apache.lucene.util.packed.PackedLongValues
2461:             5            240  org.jcodings.util.BytesHash$BytesHashEntry
2462:            15            240  org.opensearch.action.support.broadcast.node.TransportBroadcastByNodeAction$$Lambda/0x00007fcd28ddfcb8
2463:            15            240  org.opensearch.action.support.broadcast.node.TransportBroadcastByNodeAction$BroadcastByNodeTransportRequestHandler
2464:            15            240  org.opensearch.action.support.single.shard.TransportSingleShardAction$ShardTransportHandler
2465:             6            240  org.opensearch.ad.indices.ADIndex
2466:            15            240  org.opensearch.alerting.transport.SecureTransportAction$DefaultImpls$$Lambda/0x00007fcd28dfc200
2467:            10            240  org.opensearch.common.util.concurrent.ThreadContext$$Lambda/0x00007fcd285474d0
2468:             6            240  org.opensearch.forecast.indices.ForecastIndex
2469:             6            240  org.opensearch.index.query.MultiMatchQueryBuilder$Type
2470:             5            240  org.opensearch.index.seqno.RetentionLeaseBackgroundSyncAction$Request
2471:             5            240  org.opensearch.knn.index.codec.KNNCodecVersion
2472:            10            240  org.opensearch.performanceanalyzer.commons.stats.eval.impl.Count
2473:             3            240  org.opensearch.search.aggregations.bucket.terms.TermsAggregationBuilder
2474:             5            240  org.opensearch.search.aggregations.support.ValuesSourceConfig
2475:            15            240  org.opensearch.security.dlic.rest.api.AbstractApiAction$$Lambda/0x00007fcd28fc3d30
2476:            10            240  org.opensearch.security.dlic.rest.api.RequestHandler$RequestHandlersBuilder$$Lambda/0x00007fcd28fe8440
2477:            10            240  org.opensearch.timeseries.settings.DynamicNumericSetting$$Lambda/0x00007fcd289c6ba8
2478:            10            240  org.opensearch.timeseries.stats.suppliers.IndexStatusSupplier
2479:            15            240  sun.invoke.util.ValueConversions$WrapperCache (java.base@21.0.3)
2480:             6            240  sun.nio.cs.UTF_8$Decoder (java.base@21.0.3)
2481:             6            240  sun.security.ssl.SSLKeyExchange$T12KeyAgreement (java.base@21.0.3)
2482:             7            232  [Lorg.apache.lucene.index.IndexingChain$PerField;
2483:             6            224  [[Ljava.lang.Object; (java.base@21.0.3)
2484:             4            224  com.google.common.collect.DenseImmutableTable
2485:             7            224  com.sun.jmx.mbeanserver.DefaultMXBeanMappingFactory$CollectionMapping (java.management@21.0.3)
2486:             7            224  java.io.FileOutputStream (java.base@21.0.3)
2487:             7            224  java.lang.System$Logger$Level (java.base@21.0.3)
2488:            14            224  java.lang.invoke.LambdaFormEditor$1 (java.base@21.0.3)
2489:            14            224  java.security.spec.MGF1ParameterSpec (java.base@21.0.3)
2490:             4            224  java.util.stream.SortedOps$OfRef (java.base@21.0.3)
2491:             4            224  javax.management.openmbean.OpenMBeanOperationInfoSupport (java.management@21.0.3)
2492:            14            224  jdk.proxy2.$Proxy3 (jdk.proxy2)
2493:             7            224  org.apache.lucene.analysis.pt.RSLPStemmerBase$Step
2494:             7            224  org.apache.lucene.analysis.standard.StandardAnalyzer
2495:            14            224  org.apache.lucene.backward_codecs.lucene90.Lucene90PostingsFormat
2496:             7            224  org.apache.lucene.store.IOContext
2497:             4            224  org.apache.lucene.util.BytesRefHash$1
2498:             4            224  org.opensearch.cluster.node.DiscoveryNodes
2499:            14            224  org.opensearch.common.settings.Setting$$Lambda/0x00007fcd281e5150
2500:            14            224  org.opensearch.common.settings.Setting$$Lambda/0x00007fcd28442b50
2501:            14            224  org.opensearch.core.xcontent.AbstractObjectParser$$Lambda/0x00007fcd284bc000
2502:            14            224  org.opensearch.sql.legacy.metrics.BasicCounter
2503:            14            224  org.opensearch.timeseries.stats.suppliers.CounterSupplier
2504:             7            224  sun.security.rsa.RSACore$BlindingParameters (java.base@21.0.3)
2505:             9            216  java.lang.reflect.AccessFlag$Location (java.base@21.0.3)
2506:             9            216  java.nio.file.attribute.PosixFilePermission (java.base@21.0.3)
2507:             9            216  java.time.ZoneOffset (java.base@21.0.3)
2508:             9            216  java.util.concurrent.Executors$DefaultThreadFactory (java.base@21.0.3)
2509:             9            216  org.apache.lucene.analysis.in.IndicNormalizer$ScriptData
2510:             9            216  org.opensearch.action.bulk.BackoffPolicy$ConstantBackoff
2511:             9            216  org.opensearch.knn.index.codec.KNN80Codec.KNN80DocValuesFormat
2512:             9            216  org.opensearch.monitor.jvm.JvmStats$Threads
2513:             9            216  org.opensearch.rest.RestRequest$Method
2514:             9            216  org.opensearch.search.asynchronous.context.state.AsynchronousSearchState
2515:             3            216  org.opensearch.security.compliance.ComplianceConfig
2516:             9            216  org.opensearch.security.dlic.rest.api.RequestHandler$RequestHandlersBuilder$$Lambda/0x00007fcd28fe9420
2517:             3            216  sun.security.provider.NativePRNG$RandomIO (java.base@21.0.3)
2518:             9            216  sun.security.util.SafeDHParameterSpec (java.base@21.0.3)
2519:             1            208  [Lorg.opensearch.core.rest.RestStatus;
2520:             2            208  com.fasterxml.jackson.dataformat.yaml.YAMLFactory
2521:            13            208  java.text.NumberFormat$Field (java.base@21.0.3)
2522:            13            208  kotlinx.coroutines.internal.ContextScope
2523:             2            208  org.apache.lucene.analysis.cjk.CJKBigramFilter
2524:            13            208  org.apache.lucene.backward_codecs.lucene90.Lucene90SegmentInfoFormat
2525:             2            208  org.apache.lucene.codecs.lucene90.blocktree.Lucene90BlockTreeTermsWriter$TermsWriter
2526:             2            208  org.apache.lucene.index.TermVectorsConsumerPerField
2527:             2            208  org.bouncycastle.jce.provider.BouncyCastleProvider
2528:            13            208  org.opensearch.action.support.single.shard.TransportSingleShardAction$TransportHandler
2529:            13            208  org.opensearch.common.settings.Setting$GroupKey
2530:             2            208  org.opensearch.common.util.concurrent.PrioritizedOpenSearchThreadPoolExecutor
2531:            13            208  org.opensearch.plugins.SearchPlugin$AggregationSpec$$Lambda/0x00007fcd287bf270
2532:             2            208  org.opensearch.transport.CopyBytesServerSocketChannel
2533:             2            208  sun.security.provider.Sun (java.base@21.0.3)
2534:             2            200  [Ljava.text.DateFormat$Field; (java.base@21.0.3)
2535:             5            200  com.fasterxml.jackson.core.JsonEncoding
2536:             5            200  com.fasterxml.jackson.databind.cfg.ConfigOverrides
2537:             5            200  io.netty.util.internal.ObjectPool$RecyclerObjectPool$1
2538:             5            200  java.lang.ExceptionInInitializerError (java.base@21.0.3)
2539:             5            200  java.lang.UnsupportedOperationException (java.base@21.0.3)
2540:             5            200  java.security.PrivilegedActionException (java.base@21.0.3)
2541:             5            200  java.text.DigitList (java.base@21.0.3)
2542:             5            200  javax.management.MBeanPermission (java.management@21.0.3)
2543:             5            200  org.apache.logging.log4j.core.appender.rolling.DefaultRolloverStrategy
2544:             5            200  org.apache.lucene.index.FrozenBufferedUpdates$TermDocsIterator
2545:             5            200  org.opensearch.action.support.replication.TransportReplicationAction$AsyncReplicaAction
2546:             5            200  org.opensearch.client.OriginSettingClient
2547:             5            200  org.opensearch.cluster.metadata.IndexMetadata$APIBlock
2548:             5            200  org.opensearch.common.settings.Setting$$Lambda/0x00007fcd2854e1a0
2549:             5            200  org.opensearch.common.settings.Setting$$Lambda/0x00007fcd2854e870
2550:             5            200  org.opensearch.common.util.BigArrays$LongArrayWrapper
2551:             5            200  org.opensearch.index.shard.IndexShard$$Lambda/0x00007fcd2937b240
2552:             1            200  org.opensearch.indices.IndicesService
2553:             5            200  org.opensearch.security.user.User
2554:             5            200  sun.security.ssl.CipherSuite$MacAlg (java.base@21.0.3)
2555:             5            200  sun.security.ssl.ContentType (java.base@21.0.3)
2556:             5            200  sun.util.calendar.Era (java.base@21.0.3)
2557:             5            200  sun.util.locale.provider.LocaleProviderAdapter$Type (java.base@21.0.3)
2558:             8            192  [Ljava.util.concurrent.ConcurrentHashMap$CounterCell; (java.base@21.0.3)
2559:             8            192  [Lorg.apache.lucene.codecs.lucene90.blocktree.SegmentTermsEnumFrame;
2560:             2            192  [Lorg.opensearch.ml.common.FunctionName;
2561:            12            192  com.fasterxml.jackson.databind.node.IntNode
2562:             6            192  com.fasterxml.jackson.databind.util.EnumValues
2563:             6            192  com.fasterxml.jackson.dataformat.smile.SmileGenerator$Feature
2564:            12            192  com.google.common.collect.RegularImmutableList
2565:             4            192  com.google.common.collect.SingletonImmutableBiMap
2566:             8            192  com.google.gson.internal.bind.TypeAdapters$31
2567:             8            192  com.sun.management.VMOption$Origin (jdk.management@21.0.3)
2568:            12            192  io.github.resilience4j.retry.internal.RetryImpl$RetryMetrics
2569:             8            192  io.netty.util.internal.ThreadExecutorMap$1
2570:             6            192  io.protostuff.runtime.ArraySchemas$DoubleArray
2571:             4            192  java.io.PrintStream (java.base@21.0.3)
2572:            12            192  java.lang.ClassValue$Identity (java.base@21.0.3)
2573:             2            192  java.lang.invoke.BoundMethodHandle$Species_LLLLLLLLLLLLLLL (java.base@21.0.3)
2574:             6            192  java.lang.invoke.VarHandleByteArrayAsInts$ArrayHandle (java.base@21.0.3)
2575:             3            192  java.nio.DirectByteBufferR (java.base@21.0.3)
2576:             3            192  java.text.SimpleDateFormat (java.base@21.0.3)
2577:             6            192  java.time.format.TextStyle (java.base@21.0.3)
2578:            12            192  java.util.function.Predicate$$Lambda/0x00007fcd284e8820 (java.base@21.0.3)
2579:             6            192  javax.crypto.JceSecurity$WeakIdentityWrapper (java.base@21.0.3)
2580:             6            192  javax.management.MBeanConstructorInfo (java.management@21.0.3)
2581:             6            192  javax.management.StandardEmitterMBean (java.management@21.0.3)
2582:            12            192  jdk.proxy4.$Proxy47 (jdk.proxy4)
2583:             6            192  org.apache.logging.log4j.core.appender.DefaultErrorHandler
2584:             8            192  org.apache.logging.log4j.core.appender.rolling.RolloverFrequency
2585:             6            192  org.apache.logging.log4j.core.config.AwaitCompletionReliabilityStrategy
2586:             6            192  org.apache.logging.log4j.core.layout.StringBuilderEncoder
2587:             4            192  org.apache.logging.log4j.core.lookup.ConfigurationStrSubstitutor
2588:             6            192  org.apache.lucene.analysis.CharacterUtils$CharacterBuffer
2589:             3            192  org.apache.lucene.analysis.pattern.PatternTokenizer
2590:             8            192  org.apache.lucene.codecs.lucene90.Lucene90CompoundFormat$SizedFile
2591:             4            192  org.apache.lucene.index.BufferedUpdatesStream$SegmentState
2592:             2            192  org.apache.lucene.index.FreqProxTermsWriterPerField
2593:             3            192  org.apache.lucene.index.IndexingChain$FieldSchema
2594:             8            192  org.apache.lucene.index.MergeTrigger
2595:             4            192  org.apache.lucene.index.PrefixCodedTerms$TermIterator
2596:            12            192  org.apache.lucene.index.ReadersAndUpdates$$Lambda/0x00007fcd291b2000
2597:            12            192  org.apache.lucene.store.ByteBuffersDataOutput$$Lambda/0x00007fcd290d9380
2598:            12            192  org.apache.lucene.store.ByteBuffersDataOutput$$Lambda/0x00007fcd290d95a0
2599:             4            192  org.apache.lucene.util.BytesRefHash$1$1
2600:            12            192  org.apache.lucene.util.packed.PackedInts$NullReader
2601:             6            192  org.bouncycastle.jcajce.provider.config.ProviderConfigurationPermission
2602:             6            192  org.opensearch.Build$Type
2603:             6            192  org.opensearch.action.search.SearchPhaseName
2604:             1            192  org.opensearch.cluster.coordination.Coordinator
2605:             6            192  org.opensearch.cluster.routing.UnassignedInfo$AllocationStatus
2606:             6            192  org.opensearch.common.Priority
2607:             6            192  org.opensearch.common.util.BigArrays
2608:            12            192  org.opensearch.core.xcontent.ObjectParser$$Lambda/0x00007fcd284bcb40
2609:             6            192  org.opensearch.index.IndexModule$Type
2610:            12            192  org.opensearch.index.analysis.PreConfiguredTokenizer$$Lambda/0x00007fcd2869fa80
2611:             6            192  org.opensearch.indices.recovery.RecoveryState$Stage
2612:             6            192  org.opensearch.repositories.blobstore.ChecksumBlobStoreFormat
2613:             3            192  org.opensearch.search.aggregations.bucket.terms.TermsAggregatorFactory
2614:             3            192  org.opensearch.security.auditlog.config.AuditConfig$Filter
2615:             8            192  org.opensearch.security.securityconf.impl.v7.ConfigV7$AuthcBackend
2616:             8            192  org.opensearch.security.securityconf.impl.v7.ConfigV7$HttpAuthenticator
2617:             6            192  org.opensearch.sql.analysis.Analyzer
2618:             8            192  org.opensearch.sql.opensearch.executor.OpenSearchExecutionEngine
2619:            12            192  org.opensearch.sql.opensearch.monitor.OpenSearchMemoryHealthy$MemoryUsage
2620:            12            192  org.opensearch.sql.opensearch.monitor.OpenSearchMemoryHealthy$RandomFail
2621:             6            192  org.opensearch.sql.spark.execution.session.SessionManager
2622:            12            192  org.opensearch.timeseries.ratelimit.RateLimitedRequestWorker$$Lambda/0x00007fcd28a113f8
2623:             3            192  sun.security.rsa.RSAPrivateCrtKeyImpl (java.base@21.0.3)
2624:             6            192  sun.security.ssl.X509Authentication (java.base@21.0.3)
2625:            12            192  sun.util.logging.internal.LoggingProviderImpl$JULWrapper (java.logging@21.0.3)
2626:             3            184  [Lkotlin.annotation.AnnotationTarget;
2627:             3            184  [Lkotlin.annotation.AnnotationTarget;
2628:             1            184  org.apache.lucene.codecs.lucene99.Lucene99PostingsWriter
2629:             6            176  [Lorg.apache.logging.log4j.core.pattern.FormattingInfo;
2630:             2            176  java.lang.invoke.BoundMethodHandle$Species_LLLLLLLLLLLLL (java.base@21.0.3)
2631:            11            176  jdk.proxy9.$Proxy40 (jdk.proxy9)
2632:             1            176  org.apache.commons.pool2.impl.GenericObjectPool
2633:            11            176  org.apache.logging.log4j.core.config.AppenderControlArraySet
2634:             1            176  org.apache.logging.log4j.core.config.properties.PropertiesConfiguration
2635:            11            176  org.apache.logging.log4j.core.util.datetime.FastDateParser$NumberStrategy
2636:             2            176  org.apache.lucene.analysis.th.ThaiTokenizer
2637:            11            176  org.apache.lucene.codecs.CompetitiveImpactAccumulator$1
2638:            11            176  org.apache.lucene.util.BytesRefBlockPool
2639:            11            176  org.opensearch.action.support.replication.TransportReplicationAction$$Lambda/0x00007fcd28db7660
2640:            11            176  org.opensearch.action.support.replication.TransportReplicationAction$$Lambda/0x00007fcd28db7cc0
2641:            11            176  org.opensearch.action.support.replication.TransportReplicationAction$$Lambda/0x00007fcd28dbc000
2642:            11            176  org.opensearch.action.support.replication.TransportReplicationAction$$Lambda/0x00007fcd28dbc220
2643:            11            176  org.opensearch.action.support.replication.TransportReplicationAction$$Lambda/0x00007fcd28dbc450
2644:            11            176  org.opensearch.common.settings.Setting$$Lambda/0x00007fcd283948c8
2645:             1            176  org.opensearch.index.search.stats.SearchStats$Stats
2646:             2            176  org.opensearch.monitor.fs.FsInfo$IoStats
2647:            11            176  org.opensearch.plugins.SearchPlugin$PipelineAggregationSpec$$Lambda/0x00007fcd28847118
2648:            11            176  org.opensearch.search.pipeline.ProcessorInfo
2649:             2            176  sun.nio.ch.ServerSocketChannelImpl (java.base@21.0.3)
2650:            11            176  sun.security.provider.NativePRNG (java.base@21.0.3)
2651:             5            168  [Lcom.fasterxml.jackson.databind.ser.impl.PropertySerializerMap$TypeAndSerializer;
2652:             7            168  [Ljava.io.ObjectInputStream$FieldValues; (java.base@21.0.3)
2653:             1            168  [Lorg.apache.lucene.analysis.lv.LatvianStemmer$Affix;
2654:             1            168  [Lorg.bouncycastle.crypto.CryptoServiceProperties;
2655:             1            168  [Lorg.opensearch.knn.plugin.stats.StatNames;
2656:             1            168  [[Ljava.math.BigInteger; (java.base@21.0.3)
2657:             7            168  com.fasterxml.jackson.annotation.JsonInclude$Include
2658:             7            168  com.fasterxml.jackson.annotation.JsonInclude$Include
2659:             7            168  com.fasterxml.jackson.annotation.JsonInclude$Include
2660:             7            168  com.fasterxml.jackson.annotation.PropertyAccessor
2661:             7            168  com.fasterxml.jackson.annotation.PropertyAccessor
2662:             3            168  com.fasterxml.jackson.databind.deser.std.EnumDeserializer
2663:             3            168  com.fasterxml.jackson.databind.type.ResolvedRecursiveType
2664:             7            168  com.fasterxml.jackson.databind.util.CompactStringObjectMap
2665:             3            168  com.sun.jna.NativeLibrary
2666:             7            168  io.protostuff.runtime.ArraySchemas$DoubleArray$1
2667:             7            168  java.io.OutputStreamWriter (java.base@21.0.3)
2668:             7            168  java.security.cert.CertPathValidatorException$BasicReason (java.base@21.0.3)
2669:             7            168  java.time.DayOfWeek (java.base@21.0.3)
2670:             3            168  java.util.stream.IntPipeline$10 (java.base@21.0.3)
2671:             3            168  java.util.stream.IntPipeline$Head (java.base@21.0.3)
2672:             7            168  jdk.net.ExtendedSocketOptions$ExtSocketOption (jdk.net@21.0.3)
2673:             7            168  kotlinx.coroutines.JobImpl
2674:             7            168  org.bouncycastle.asn1.ASN1Tag
2675:             1            168  org.joni.Regex
2676:             7            168  org.opensearch.cluster.DiffableUtils$DiffableValueReader
2677:             7            168  org.opensearch.common.ExponentiallyWeightedMovingAverage
2678:             3            168  org.opensearch.common.util.LongLongHash
2679:             7            168  org.opensearch.index.analysis.PreBuiltAnalyzerProviderFactory$PreBuiltAnalyzersDelegateCache
2680:             7            168  org.opensearch.indices.IndicesQueryCache$CachingWeightWrapper
2681:             7            168  org.opensearch.ml.stats.MLClusterLevelStat
2682:             7            168  org.opensearch.performanceanalyzer.commons.stats.eval.Statistics
2683:             7            168  org.opensearch.replication.task.ReplicationState
2684:             7            168  org.opensearch.securityanalytics.model.LogType$IocFields
2685:             7            168  org.opensearch.sql.planner.optimizer.rule.read.TableScanPushDown
2686:             7            168  org.opensearch.sql.spark.execution.statestore.OpenSearchSessionStorageService
2687:             7            168  org.opensearch.sql.spark.execution.statestore.OpenSearchStatementStorageService
2688:             7            168  org.yaml.snakeyaml.scanner.Constant
2689:             3            168  sun.security.ssl.SSLContextImpl$TLSContext (java.base@21.0.3)
2690:             7            168  sun.security.x509.NetscapeCertTypeExtension$MapEntry (java.base@21.0.3)
2691:             3            160  [Ljava.util.logging.Level; (java.logging@21.0.3)
2692:             5            160  [Lorg.apache.logging.log4j.core.pattern.ArrayPatternConverter;
2693:             2            160  [Lorg.opensearch.action.admin.indices.stats.CommonStatsFlags$Flag;
2694:             5            160  [Lorg.opensearch.security.securityconf.impl.DashboardSignInOption;
2695:             1            160  [Lorg.opensearch.sql.legacy.metrics.MetricName;
2696:             4            160  com.fasterxml.jackson.core.Base64Variant
2697:             2            160  com.fasterxml.jackson.core.JsonFactory
2698:             5            160  com.fasterxml.jackson.core.JsonFactory$Feature
2699:             4            160  com.fasterxml.jackson.core.StreamReadConstraints
2700:             5            160  com.fasterxml.jackson.databind.cfg.CoercionConfigs
2701:             4            160  com.fasterxml.jackson.databind.cfg.ConfigOverrides
2702:             5            160  com.fasterxml.jackson.databind.cfg.JsonNodeFeature
2703:             5            160  com.fasterxml.jackson.databind.cfg.JsonNodeFeature
2704:             5            160  com.fasterxml.jackson.databind.ser.impl.PropertySerializerMap$Double
2705:             2            160  com.google.common.cache.LocalCache$Segment
2706:            10            160  com.google.common.cache.LocalCache$StrongValueReference
2707:             4            160  com.google.common.collect.DenseImmutableTable$ColumnMap
2708:             4            160  com.google.common.collect.DenseImmutableTable$RowMap
2709:             5            160  io.netty.handler.logging.LogLevel
2710:             4            160  io.protostuff.runtime.RuntimeReflectionFieldFactory$5$1
2711:             4            160  java.lang.StackWalker (java.base@21.0.3)
2712:             5            160  java.lang.invoke.VarHandle$AccessType (java.base@21.0.3)
2713:             5            160  java.time.format.DateTimeFormatterBuilder$TextPrinterParser (java.base@21.0.3)
2714:             2            160  java.util.concurrent.ScheduledThreadPoolExecutor (java.base@21.0.3)
2715:            10            160  java.util.stream.Collectors$$Lambda/0x00007fcd282feca0 (java.base@21.0.3)
2716:            10            160  jdk.proxy10.$Proxy41 (jdk.proxy10)
2717:            10            160  jdk.proxy2.$Proxy34 (jdk.proxy2)
2718:            10            160  kotlinx.coroutines.internal.Symbol
2719:             5            160  org.apache.logging.log4j.core.appender.rolling.SizeBasedTriggeringPolicy
2720:             4            160  org.apache.logging.log4j.core.config.Node
2721:             5            160  org.apache.logging.log4j.core.lookup.Interpolator
2722:            10            160  org.apache.logging.log4j.core.lookup.SystemPropertiesLookup
2723:             5            160  org.apache.logging.log4j.core.util.Log4jThreadFactory
2724:             4            160  org.apache.lucene.analysis.ar.ArabicNormalizationFilter
2725:             4            160  org.apache.lucene.analysis.en.EnglishPossessiveFilter
2726:             4            160  org.apache.lucene.analysis.in.IndicNormalizationFilter
2727:             2            160  org.apache.lucene.index.FieldInvertState
2728:             5            160  org.apache.lucene.search.ScoreMode
2729:             4            160  org.apache.lucene.store.RateLimiter$SimpleRateLimiter
2730:             4            160  org.bouncycastle.crypto.params.DHParameters
2731:             4            160  org.joni.NameEntry
2732:             5            160  org.ldaptive.ReturnAttributes
2733:             5            160  org.opensearch.action.DocWriteResponse$Result
2734:            10            160  org.opensearch.action.support.replication.TransportReplicationAction$$Lambda/0x00007fcd28db7880
2735:            10            160  org.opensearch.action.support.replication.TransportReplicationAction$$Lambda/0x00007fcd28db7aa0
2736:             5            160  org.opensearch.action.support.replication.TransportReplicationAction$ReplicaResponse
2737:             1            160  org.opensearch.ad.ratelimit.ADCheckpointReadWorker
2738:             5            160  org.opensearch.alerting.util.DestinationType
2739:             4            160  org.opensearch.bootstrap.SystemCallFilter$Arch
2740:             5            160  org.opensearch.cluster.coordination.CoordinationMetadata
2741:            10            160  org.opensearch.common.settings.Setting$$Lambda/0x00007fcd280cb338
2742:             4            160  org.opensearch.common.util.TokenBucket
2743:             1            160  org.opensearch.forecast.ratelimit.ForecastCheckpointReadWorker
2744:             5            160  org.opensearch.index.shard.IndexShardState
2745:             5            160  org.opensearch.indices.IndicesRequestCache$Key
2746:            10            160  org.opensearch.indices.analysis.PreBuiltCacheFactory$PreBuiltCacheStrategyOpenSearch
2747:             5            160  org.opensearch.jobscheduler.ScheduledJobProvider
2748:             5            160  org.opensearch.ml.model.MLModelGroupManager
2749:             4            160  org.opensearch.performanceanalyzer.commons.stats.metrics.ExceptionsAndErrors
2750:             5            160  org.opensearch.security.dlic.rest.validation.PasswordValidator$ScoreStrength
2751:            10            160  org.opensearch.sql.executor.pagination.PlanSerializer
2752:            10            160  org.opensearch.sql.opensearch.executor.protector.OpenSearchExecutionProtector
2753:             5            160  org.opensearch.transport.ConnectionProfile$ConnectionTypeHandle
2754:             5            160  org.yaml.snakeyaml.DumperOptions$ScalarStyle
2755:             5            160  sun.security.ssl.NamedGroup$NamedGroupSpec (java.base@21.0.3)
2756:             5            160  sun.text.CompactByteArray (java.base@21.0.3)
2757:             1            152  [Lcom.fasterxml.jackson.databind.MapperFeature;
2758:             1            152  [Lcom.fasterxml.jackson.databind.MapperFeature;
2759:             1            152  [Lcom.fasterxml.jackson.databind.MapperFeature;
2760:             1            152  [Lsun.security.ssl.Alert; (java.base@21.0.3)
2761:             1            152  [Lsun.security.ssl.NamedGroup; (java.base@21.0.3)
2762:             2            152  [[Ljava.lang.String; (java.base@21.0.3)
2763:             1            152  org.opensearch.alerting.transport.TransportDocLevelMonitorFanOutAction
2764:             1            152  org.opensearch.http.netty4.ssl.SecureNetty4HttpServerTransport
2765:             1            144  [Ljava.lang.invoke.VarHandle$AccessMode; (java.base@21.0.3)
2766:             2            144  [Ljava.math.BigDecimal; (java.base@21.0.3)
2767:             6            144  [Ljava.security.CodeSigner; (java.base@21.0.3)
2768:             6            144  [Ljava.util.concurrent.atomic.Striped64$Cell; (java.base@21.0.3)
2769:             3            144  [Lorg.bouncycastle.asn1.ASN1ObjectIdentifier;
2770:             2            144  [Lorg.opensearch.performanceanalyzer.commons.stats.metrics.CollectorMetrics;
2771:             6            144  com.fasterxml.jackson.annotation.JsonAutoDetect$Visibility
2772:             6            144  com.fasterxml.jackson.annotation.JsonAutoDetect$Visibility
2773:             6            144  com.fasterxml.jackson.annotation.JsonAutoDetect$Visibility
2774:             6            144  com.fasterxml.jackson.core.JsonParser$NumberType
2775:             3            144  com.fasterxml.jackson.databind.ser.std.CollectionSerializer
2776:             9            144  com.google.common.collect.RegularImmutableList
2777:             3            144  com.sun.management.internal.GarbageCollectorExtImpl (jdk.management@21.0.3)
2778:             6            144  java.io.SerialCallbackContext (java.base@21.0.3)
2779:             6            144  java.lang.Thread$State (java.base@21.0.3)
2780:             3            144  java.lang.ThreadGroup (java.base@21.0.3)
2781:             6            144  java.lang.invoke.MethodHandleImpl$BindCaller$InjectedInvokerHolder (java.base@21.0.3)
2782:             3            144  java.time.temporal.JulianFields$Field (java.base@21.0.3)
2783:             6            144  javax.net.ssl.SSLEngineResult$HandshakeStatus (java.base@21.0.3)
2784:             3            144  jdk.internal.foreign.layout.ValueLayouts$OfFloatImpl (java.base@21.0.3)
2785:             3            144  jdk.internal.foreign.layout.ValueLayouts$OfIntImpl (java.base@21.0.3)
2786:             3            144  jdk.internal.foreign.layout.ValueLayouts$OfLongImpl (java.base@21.0.3)
2787:             3            144  jdk.internal.foreign.layout.ValueLayouts$OfShortImpl (java.base@21.0.3)
2788:             6            144  jdk.internal.perf.PerfCounter (java.base@21.0.3)
2789:             6            144  jdk.net.NetworkPermission (jdk.net@21.0.3)
2790:             9            144  jdk.proxy1.$Proxy4 (jdk.proxy1)
2791:             6            144  kotlin.coroutines.CombinedContext
2792:             6            144  kotlinx.coroutines.CoroutineName
2793:             6            144  kotlinx.coroutines.SupervisorJobImpl
2794:             6            144  org.apache.logging.log4j.core.LifeCycle$State
2795:             6            144  org.apache.logging.log4j.core.config.AppenderRef
2796:             1            144  org.apache.logging.log4j.core.config.composite.CompositeConfiguration
2797:             3            144  org.apache.logging.log4j.core.lookup.RuntimeStrSubstitutor
2798:             6            144  org.apache.logging.log4j.core.pattern.MarkerPatternConverter
2799:             3            144  org.apache.logging.log4j.simple.SimpleLogger
2800:             2            144  org.apache.lucene.analysis.classic.ClassicTokenizerImpl
2801:             2            144  org.apache.lucene.analysis.core.WhitespaceTokenizer
2802:             9            144  org.apache.lucene.backward_codecs.lucene50.Lucene50CompoundFormat
2803:             6            144  org.apache.lucene.backward_codecs.lucene80.Lucene80DocValuesFormat
2804:             2            144  org.apache.lucene.backward_codecs.lucene91.Lucene91Codec
2805:             2            144  org.apache.lucene.backward_codecs.lucene92.Lucene92Codec
2806:             2            144  org.apache.lucene.backward_codecs.lucene94.Lucene94Codec
2807:             6            144  org.apache.lucene.backward_codecs.lucene95.Lucene95Codec$1
2808:             6            144  org.apache.lucene.backward_codecs.lucene95.Lucene95Codec$2
2809:             6            144  org.apache.lucene.backward_codecs.lucene95.Lucene95Codec$3
2810:             6            144  org.apache.lucene.backward_codecs.lucene95.Lucene95HnswVectorsFormat
2811:             6            144  org.apache.lucene.document.StoredValue$Type
2812:             6            144  org.apache.lucene.index.DocValuesType
2813:             3            144  org.apache.lucene.index.FreqProxFields$FreqProxTermsEnum
2814:             6            144  org.bouncycastle.pqc.jcajce.provider.dilithium.DilithiumKeyFactorySpi
2815:             6            144  org.bouncycastle.pqc.jcajce.provider.kyber.KyberKeyFactorySpi
2816:             6            144  org.joda.time.format.DateTimeFormatterBuilder$Fraction
2817:             6            144  org.joni.ast.QuantifierNode$ReduceType
2818:             6            144  org.opensearch.action.search.SearchRequestStats$StatsHolder
2819:             6            144  org.opensearch.action.support.ActiveShardsObserver
2820:             6            144  org.opensearch.action.support.IndicesOptions$Option
2821:             6            144  org.opensearch.ad.model.ADTaskType
2822:             1            144  org.opensearch.alerting.MonitorRunnerExecutionContext
2823:             6            144  org.opensearch.client.support.AbstractClient$Admin
2824:             9            144  org.opensearch.cluster.coordination.CoordinationMetadata$VotingConfiguration
2825:             6            144  org.opensearch.cluster.metadata.DiffableStringMap
2826:             9            144  org.opensearch.cluster.metadata.IndexMetadata$$Lambda/0x00007fcd2862fd58
2827:             9            144  org.opensearch.cluster.node.DiscoveryNodeFilters$$Lambda/0x00007fcd29094180
2828:             6            144  org.opensearch.cluster.routing.RecoverySource$Type
2829:             3            144  org.opensearch.common.inject.InheritingState
2830:             3            144  org.opensearch.common.inject.InjectorImpl
2831:             6            144  org.opensearch.common.logging.NodeNamePatternConverter
2832:             6            144  org.opensearch.commons.utils.HelpersKt$logger$1
2833:             2            144  org.opensearch.index.IndexingPressure
2834:             9            144  org.opensearch.knn.index.codec.KNN80Codec.KNN80CompoundFormat
2835:             6            144  org.opensearch.ml.common.MLTaskState
2836:             6            144  org.opensearch.ml.stats.MLNodeLevelStat
2837:             6            144  org.opensearch.monitor.jvm.JvmService
2838:             9            144  org.opensearch.monitor.jvm.JvmStats$GarbageCollectors
2839:             1            144  org.opensearch.performanceanalyzer.commons.collectors.ScheduledMetricCollectorsExecutor
2840:             6            144  org.opensearch.plugins.SearchPlugin$ScoreFunctionSpec
2841:             6            144  org.opensearch.plugins.SearchPlugin$SignificanceHeuristicSpec
2842:             6            144  org.opensearch.rest.RestHandler$DeprecatedRoute
2843:             6            144  org.opensearch.search.aggregations.AggregatorFactories$Builder
2844:             9            144  org.opensearch.search.aggregations.bucket.histogram.DateHistogramInterval
2845:             1            144  org.opensearch.search.builder.SearchSourceBuilder
2846:             1            144  org.opensearch.security.OpenSearchSecurityPlugin
2847:             9            144  org.opensearch.security.dlic.rest.api.RequestHandler$RequestHandlersBuilder$$Lambda/0x00007fcd28fe58a8
2848:             9            144  org.opensearch.securityanalytics.logtype.LogTypeService$$Lambda/0x00007fcd288ade40
2849:             6            144  org.opensearch.sql.analysis.SelectExpressionAnalyzer
2850:             6            144  org.opensearch.sql.executor.QueryService
2851:             6            144  org.opensearch.sql.planner.optimizer.rule.MergeFilterAndFilter
2852:             6            144  org.opensearch.sql.planner.optimizer.rule.PushFilterUnderSort
2853:             6            144  org.opensearch.sql.planner.optimizer.rule.read.CreateTableScanBuilder
2854:             6            144  org.opensearch.sql.planner.optimizer.rule.write.CreateTableWriteBuilder
2855:             3            144  org.opensearch.threadpool.AutoQueueAdjustingExecutorBuilder
2856:             1            144  org.opensearch.threadpool.ThreadPool$CachedTimeThread
2857:             3            144  org.opensearch.timeseries.transport.handler.ResultBulkIndexingHandler
2858:             1            144  org.opensearch.transport.netty4.ssl.SecureNetty4Transport
2859:             1            144  sun.security.pkcs11.SunPKCS11 (jdk.crypto.cryptoki@21.0.3)
2860:             6            144  sun.security.provider.certpath.X509CertPath (java.base@21.0.3)
2861:             6            144  sun.security.util.DisabledAlgorithmConstraints$Constraint$Operator (java.base@21.0.3)
2862:             4            136  [Ljava.lang.CharSequence; (java.base@21.0.3)
2863:             1            136  [Ljava.time.temporal.ChronoField; (java.base@21.0.3)
2864:             6            136  [Lorg.apache.logging.log4j.core.config.AppenderControl;
2865:             6            136  [Lorg.apache.logging.log4j.core.config.AppenderRef;
2866:             1            136  [Lorg.opensearch.core.xcontent.ObjectParser$ValueType;
2867:             6            136  [Lorg.opensearch.search.aggregations.AggregatorFactory;
2868:             3            136  [Lorg.opensearch.search.aggregations.support.ValueType;
2869:             1            136  [Lorg.opensearch.timeseries.stats.StatNames;
2870:             1            136  org.apache.logging.log4j.core.config.NullConfiguration
2871:             1            136  org.apache.lucene.codecs.lucene99.Lucene99SkipWriter
2872:             1            136  org.opensearch.ad.task.ADTaskManager
2873:             1            136  org.opensearch.search.SearchService
2874:             5            128  [Ljava.net.InetAddress; (java.base@21.0.3)
2875:             2            128  [Ljava.time.Month; (java.base@21.0.3)
2876:             4            128  [Lorg.apache.lucene.index.VectorSimilarityFunction;
2877:             1            128  [Lorg.joni.constants.internal.TokenType;
2878:             2            128  [Lorg.opensearch.ingest.geoip.GeoIpProcessor$Property;
2879:             2            128  [Lsun.security.ssl.SSLSecretDerivation$SecretSchedule; (java.base@21.0.3)
2880:             4            128  com.fasterxml.jackson.annotation.JsonInclude$Value
2881:             4            128  com.fasterxml.jackson.core.StreamReadCapability
2882:             4            128  com.fasterxml.jackson.core.util.Separators$Spacing
2883:             2            128  com.fasterxml.jackson.databind.cfg.BaseSettings
2884:             4            128  com.fasterxml.jackson.databind.cfg.CoercionConfigs
2885:             4            128  com.fasterxml.jackson.databind.cfg.JsonNodeFeature
2886:             4            128  com.fasterxml.jackson.databind.ser.AnyGetterWriter
2887:             1            128  com.google.common.cache.LocalCache
2888:             1            128  com.google.common.cache.LocalCache
2889:             4            128  com.google.common.collect.RegularImmutableSet
2890:             8            128  com.google.gson.TypeAdapter$1
2891:             4            128  com.sun.jmx.mbeanserver.DefaultMXBeanMappingFactory$ArrayMapping (java.management@21.0.3)
2892:             4            128  com.sun.jmx.mbeanserver.DefaultMXBeanMappingFactory$EnumMapping (java.management@21.0.3)
2893:             2            128  com.sun.security.sasl.gsskerb.JdkSASL$ProviderService (jdk.security.jgss@21.0.3)
2894:             2            128  io.netty.bootstrap.ServerBootstrap
2895:             2            128  io.netty.buffer.PooledByteBufAllocator
2896:             2            128  io.netty.buffer.SizeClasses
2897:             8            128  io.netty.channel.nio.NioEventLoop$1
2898:             2            128  io.netty.channel.socket.nio.NioServerSocketChannel$NioServerSocketChannelConfig
2899:             4            128  io.netty.util.AttributeKey
2900:             4            128  io.netty.util.internal.logging.Log4J2Logger
2901:             4            128  java.io.FileInputStream (java.base@21.0.3)
2902:             8            128  java.lang.Float (java.base@21.0.3)
2903:             4            128  java.lang.invoke.VarHandleByteArrayAsDoubles$ArrayHandle (java.base@21.0.3)
2904:             4            128  java.lang.invoke.VarHandleByteArrayAsFloats$ArrayHandle (java.base@21.0.3)
2905:             4            128  java.lang.invoke.VarHandleByteArrayAsShorts$ArrayHandle (java.base@21.0.3)
2906:             4            128  java.lang.module.ModuleDescriptor$Modifier (java.base@21.0.3)
2907:             4            128  java.lang.module.ModuleDescriptor$Requires$Modifier (java.base@21.0.3)
2908:             4            128  java.security.spec.PSSParameterSpec (java.base@21.0.3)
2909:             8            128  java.time.format.DateTimeFormatterBuilder$StringLiteralPrinterParser (java.base@21.0.3)
2910:             4            128  java.util.HexFormat (java.base@21.0.3)
2911:             4            128  java.util.stream.FindOps$FindOp (java.base@21.0.3)
2912:             4            128  java.util.stream.ReduceOps$9ReducingSink (java.base@21.0.3)
2913:             4            128  java.util.stream.SortedOps$SizedRefSortingSink (java.base@21.0.3)
2914:             4            128  jdk.internal.logger.BootstrapLogger$LoggingBackend (java.base@21.0.3)
2915:             1            128  jdk.nio.zipfs.ZipFileSystem (jdk.zipfs@21.0.3)
2916:             8            128  jdk.proxy3.$Proxy18 (jdk.proxy3)
2917:             8            128  jdk.proxy4.$Proxy20 (jdk.proxy4)
2918:             2            128  org.apache.lucene.analysis.classic.ClassicTokenizer
2919:             2            128  org.apache.lucene.backward_codecs.lucene87.Lucene87Codec
2920:             4            128  org.apache.lucene.codecs.lucene90.blocktree.SegmentTermsEnum$OutputAccumulator
2921:             8            128  org.apache.lucene.index.ReadersAndUpdates$$Lambda/0x00007fcd291b2898
2922:             4            128  org.apache.lucene.store.ByteArrayDataOutput
2923:             2            128  org.apache.lucene.util.packed.DirectMonotonicWriter
2924:             4            128  org.bouncycastle.crypto.params.DSAParameters
2925:             4            128  org.objectweb.asm.Handle
2926:             4            128  org.opensearch.action.DocWriteRequest$OpType
2927:             4            128  org.opensearch.action.search.PitService
2928:             4            128  org.opensearch.action.search.ShardStatsFieldNames
2929:             1            128  org.opensearch.ad.ratelimit.ADCheckpointWriteWorker
2930:             1            128  org.opensearch.ad.ratelimit.ADColdStartWorker
2931:             1            128  org.opensearch.ad.ratelimit.ADResultWriteWorker
2932:             4            128  org.opensearch.analysis.common.PatternAnalyzer
2933:             8            128  org.opensearch.cluster.ClusterName
2934:             2            128  org.opensearch.cluster.metadata.Metadata$Builder
2935:             2            128  org.opensearch.cluster.routing.RoutingNodes
2936:             4            128  org.opensearch.cluster.routing.ShardRoutingState
2937:             4            128  org.opensearch.common.geo.ShapeRelation
2938:             4            128  org.opensearch.common.logging.SlowLogLevel
2939:             4            128  org.opensearch.common.util.TokenBucket$State
2940:             2            128  org.opensearch.env.Environment
2941:             1            128  org.opensearch.forecast.ratelimit.ForecastCheckpointWriteWorker
2942:             1            128  org.opensearch.forecast.ratelimit.ForecastColdStartWorker
2943:             1            128  org.opensearch.forecast.ratelimit.ForecastResultWriteWorker
2944:             8            128  org.opensearch.index.mapper.NumberFieldMapper$NumberType$$Lambda/0x00007fcd287397e8
2945:             4            128  org.opensearch.index.search.MatchQuery$Type
2946:             4            128  org.opensearch.index.translog.Translog$Operation$Type
2947:             2            128  org.opensearch.indexmanagement.IndexManagementPlugin
2948:             1            128  org.opensearch.ml.plugin.MachineLearningPlugin
2949:             1            128  org.opensearch.monitor.jvm.JvmInfo
2950:             4            128  org.opensearch.performanceanalyzer.commons.stats.collectors.SampleAggregator
2951:             4            128  org.opensearch.repositories.s3.ProxySettings$ProxyType
2952:             4            128  org.opensearch.search.aggregations.InternalOrder$SimpleOrder
2953:             2            128  org.opensearch.search.backpressure.SearchBackpressureState
2954:             4            128  org.opensearch.security.auth.AuthDomain
2955:             2            128  org.opensearch.security.dlic.rest.api.RestApiPrivilegesEvaluator
2956:             4            128  org.opensearch.security.securityconf.impl.DashboardSignInOption
2957:             2            128  org.opensearch.security.securityconf.impl.v7.ConfigV7$Dynamic
2958:             2            128  org.opensearch.security.support.Base64JDKHelper$SafeObjectInputStream
2959:             1            128  org.opensearch.securityanalytics.indexmanagment.DetectorIndexManagementService
2960:             4            128  org.opensearch.semver.SemverRange$RangeOperator
2961:             4            128  org.opensearch.sql.datasource.model.DataSourceType
2962:             4            128  org.opensearch.sql.spark.flint.operation.FlintIndexOpFactory
2963:             4            128  org.opensearch.threadpool.ThreadPool$ThreadPoolType
2964:             2            128  org.opensearch.timeseries.MemoryTracker
2965:             4            128  org.opensearch.timeseries.model.EntityProfileName
2966:             8            128  org.opensearch.timeseries.ratelimit.ConcurrentWorker$$Lambda/0x00007fcd28a11628
2967:             2            128  sun.security.jgss.SunProvider$ProviderService (java.security.jgss@21.0.3)
2968:             4            128  sun.security.ssl.Finished$VerifyDataScheme (java.base@21.0.3)
2969:             4            128  sun.security.ssl.SSLTrafficKeyDerivation (java.base@21.0.3)
2970:             4            128  sun.security.util.DisabledAlgorithmConstraints (java.base@21.0.3)
2971:             3            120  [Ljava.lang.invoke.LambdaForm$BasicType; (java.base@21.0.3)
2972:             3            120  [Ljava.nio.charset.Charset; (java.base@21.0.3)
2973:             5            120  [Lorg.apache.logging.log4j.core.appender.rolling.TriggeringPolicy;
2974:             1            120  [Lorg.apache.lucene.index.TermsEnum;
2975:             1            120  [Lorg.opensearch.action.admin.cluster.node.stats.NodesStatsRequest$Metric;
2976:             3            120  [Lorg.opensearch.index.shard.IndexShardState;
2977:             3            120  [Lorg.opensearch.rest.RestHandler$ReplacedRoute;
2978:             2            120  [Lsun.security.util.ObjectIdentifier; (java.base@21.0.3)
2979:             5            120  com.fasterxml.jackson.annotation.Nulls
2980:             5            120  com.fasterxml.jackson.annotation.Nulls
2981:             5            120  com.fasterxml.jackson.annotation.Nulls
2982:             3            120  com.fasterxml.jackson.databind.PropertyMetadata
2983:             5            120  com.fasterxml.jackson.databind.cfg.MutableCoercionConfig
2984:             5            120  com.fasterxml.jackson.databind.deser.DeserializerCache
2985:             5            120  com.fasterxml.jackson.databind.introspect.SimpleMixInResolver
2986:             5            120  com.fasterxml.jackson.databind.ser.SerializerCache
2987:             5            120  com.fasterxml.jackson.databind.ser.impl.PropertySerializerMap$Multi
2988:             5            120  com.fasterxml.jackson.databind.util.LRUMap
2989:             5            120  com.fasterxml.jackson.databind.util.internal.LinkedDeque
2990:             3            120  com.google.common.collect.RegularImmutableMap
2991:             5            120  com.sun.crypto.provider.DHParameters (java.base@21.0.3)
2992:             3            120  com.sun.jna.Structure$LayoutInfo
2993:             1            120  com.sun.jna.internal.Cleaner$1
2994:             3            120  io.netty.handler.codec.base64.Base64Dialect
2995:             5            120  io.netty.util.Recycler$2
2996:             5            120  io.netty.util.internal.logging.InternalLogLevel
2997:             5            120  java.io.InputStreamReader (java.base@21.0.3)
2998:             3            120  java.lang.invoke.VarHandleBooleans$FieldInstanceReadWrite (java.base@21.0.3)
2999:             1            120  java.lang.ref.Finalizer$FinalizerThread (java.base@21.0.3)
3000:             1            120  java.lang.ref.Reference$ReferenceHandler (java.base@21.0.3)
3001:             3            120  java.lang.reflect.ProxyGenerator$ProxyMethod (java.base@21.0.3)
3002:             3            120  java.net.InetAddress$CachedLookup (java.base@21.0.3)
3003:             5            120  java.net.InterfaceAddress (java.base@21.0.3)
3004:             5            120  java.time.ZoneRegion (java.base@21.0.3)
3005:             5            120  java.time.chrono.JapaneseEra (java.base@21.0.3)
3006:             5            120  java.time.format.SignStyle (java.base@21.0.3)
3007:             5            120  java.util.Locale$FilteringMode (java.base@21.0.3)
3008:             5            120  java.util.Spliterators$1Adapter (java.base@21.0.3)
3009:             5            120  java.util.concurrent.Executors$AutoShutdownDelegatedExecutorService (java.base@21.0.3)
3010:             1            120  java.util.logging.LogManager$Cleaner (java.logging@21.0.3)
3011:             5            120  java.util.stream.Collectors$$Lambda/0x00007fcd282fea70 (java.base@21.0.3)
3012:             5            120  java.util.stream.Collectors$$Lambda/0x00007fcd29178ca0 (java.base@21.0.3)
3013:             5            120  java.util.stream.StreamOpFlag$Type (java.base@21.0.3)
3014:             5            120  jdk.internal.math.FloatingDecimal$PreparedASCIIToBinaryBuffer (java.base@21.0.3)
3015:             1            120  jdk.internal.misc.InnocuousThread (java.base@21.0.3)
3016:             5            120  kotlinx.coroutines.scheduling.CoroutineScheduler$WorkerState
3017:             5            120  org.apache.logging.log4j.core.appender.rolling.CompositeTriggeringPolicy
3018:             3            120  org.apache.logging.log4j.core.config.ConfigurationSource
3019:             5            120  org.apache.logging.log4j.core.lookup.PropertiesLookup
3020:             5            120  org.apache.logging.log4j.core.pattern.LoggerPatternConverter
3021:             5            120  org.apache.logging.log4j.core.pattern.PatternParser$ParserState
3022:             3            120  org.apache.logging.log4j.core.util.WatchManager
3023:             3            120  org.apache.logging.log4j.core.util.datetime.FixedDateFormat$FixedTimeZoneFormat
3024:             3            120  org.apache.lucene.codecs.lucene90.Lucene90DocValuesProducer$20
3025:             3            120  org.apache.lucene.index.FreqProxFields$FreqProxDocsEnum
3026:             5            120  org.apache.lucene.index.IndexOptions
3027:             5            120  org.bouncycastle.jcajce.provider.asymmetric.ec.KeyFactorySpi$ECMQV
3028:             5            120  org.greenrobot.eventbus.ThreadMode
3029:             3            120  org.opensearch.action.admin.indices.stats.CommonStatsFlags
3030:             5            120  org.opensearch.action.support.replication.TransportReplicationAction$AsyncReplicaAction$$Lambda/0x00007fcd2937b6c0
3031:             5            120  org.opensearch.action.support.replication.TransportReplicationAction$AsyncReplicaAction$$Lambda/0x00007fcd2937b8e0
3032:             5            120  org.opensearch.action.support.replication.TransportReplicationAction$AsyncReplicaAction$$Lambda/0x00007fcd2937bd30
3033:             5            120  org.opensearch.action.support.replication.TransportReplicationAction$AsyncReplicaAction$$Lambda/0x00007fcd2937e000
3034:             1            120  org.opensearch.ad.ratelimit.ADCheckpointMaintainWorker
3035:             1            120  org.opensearch.ad.ratelimit.ADColdEntityWorker
3036:             1            120  org.opensearch.ad.transport.GetAnomalyDetectorTransportAction
3037:             1            120  org.opensearch.bootstrap.Bootstrap$2
3038:             1            120  org.opensearch.bootstrap.Bootstrap$4
3039:             5            120  org.opensearch.cluster.block.ClusterBlockLevel
3040:             5            120  org.opensearch.cluster.block.ClusterBlocks$ImmutableLevelHolder
3041:             5            120  org.opensearch.cluster.routing.allocation.Constraint
3042:             1            120  org.opensearch.common.PidFile$1
3043:             3            120  org.opensearch.common.breaker.ChildMemoryCircuitBreaker
3044:             5            120  org.opensearch.common.cache.ICacheKey
3045:             5            120  org.opensearch.common.unit.Fuzziness
3046:             3            120  org.opensearch.flowframework.indices.FlowFrameworkIndex
3047:             1            120  org.opensearch.forecast.ratelimit.ForecastCheckpointMaintainWorker
3048:             1            120  org.opensearch.forecast.ratelimit.ForecastColdEntityWorker
3049:             1            120  org.opensearch.forecast.transport.GetForecasterTransportAction
3050:             5            120  org.opensearch.index.engine.Engine$Operation$Origin
3051:             5            120  org.opensearch.index.mapper.MetadataFieldMapper$ConfigurableTypeParser
3052:             1            120  org.opensearch.indexmanagement.indexstatemanagement.ManagedIndexCoordinator
3053:             5            120  org.opensearch.knn.index.codec.KNNFormatFacade
3054:             5            120  org.opensearch.ml.stats.suppliers.IndexStatusSupplier
3055:             3            120  org.opensearch.monitor.jvm.JvmGcMonitorService$GcThreshold
3056:             1            120  org.opensearch.node.NodeService
3057:             5            120  org.opensearch.performanceanalyzer.config.setting.PerformanceAnalyzerClusterSettings$PerformanceAnalyzerFeatureBits
3058:             1            120  org.opensearch.search.aggregations.bucket.histogram.DateHistogramAggregator
3059:             5            120  org.opensearch.search.aggregations.bucket.histogram.DateIntervalWrapper$IntervalTypeEnum
3060:             5            120  org.opensearch.search.aggregations.support.FieldContext
3061:             5            120  org.opensearch.security.dlic.rest.api.RequestHandler$RequestHandlersBuilder$$Lambda/0x00007fcd28fe8000
3062:             3            120  org.opensearch.sql.spark.dispatcher.QueryHandlerFactory
3063:             5            120  org.opensearch.sql.spark.flint.OpenSearchFlintIndexStateModelService
3064:             5            120  org.opensearch.tasks.TaskManager$$Lambda/0x00007fcd292e3168
3065:             5            120  org.opensearch.tasks.TaskManager$ChannelPendingTaskTracker
3066:             5            120  org.opensearch.transport.TransportRequestOptions$Type
3067:             3            120  sun.security.provider.DSAPublicKeyImpl (java.base@21.0.3)
3068:             3            120  sun.security.ssl.CipherSuite$HashAlg (java.base@21.0.3)
3069:             3            120  sun.security.ssl.SignatureScheme$SigAlgParamSpec (java.base@21.0.3)
3070:             3            120  sun.security.ssl.X509TrustManagerImpl (java.base@21.0.3)
3071:             3            120  sun.util.locale.provider.LocaleResources (java.base@21.0.3)
3072:             7            112  [Ljava.lang.annotation.Annotation; (java.base@21.0.3)
3073:             1            112  [Ljava.lang.reflect.AccessFlag; (java.base@21.0.3)
3074:             2            112  [Ljava.nio.file.attribute.PosixFilePermission; (java.base@21.0.3)
3075:             2            112  [Ljava.security.CryptoPrimitive; (java.base@21.0.3)
3076:             1            112  [Ljava.time.LocalTime; (java.base@21.0.3)
3077:             7            112  [Lorg.apache.logging.log4j.core.config.Property;
3078:             5            112  [Lorg.apache.logging.log4j.core.pattern.NameAbbreviator$PatternAbbreviatorFragment;
3079:             2            112  [Lorg.apache.lucene.search.SortField$Type;
3080:             2            112  [Lorg.apache.lucene.util.fst.FSTCompiler$UnCompiledNode;
3081:             2            112  [Lorg.opensearch.cluster.ClusterState$Metric;
3082:             2            112  [Lorg.opensearch.core.xcontent.XContentParser$Token;
3083:             1            112  [Lorg.opensearch.performanceanalyzer.commons.metrics.AllMetrics$ShardStatsValue;
3084:             5            112  [Lorg.opensearch.search.aggregations.Aggregator;
3085:             2            112  [Lorg.opensearch.search.asynchronous.context.state.AsynchronousSearchState;
3086:             2            112  [Lorg.opensearch.security.securityconf.impl.CType;
3087:             1            112  [Lorg.opensearch.security.support.ModuleType;
3088:             2            112  [Lorg.opensearch.timeseries.model.ProfileName;
3089:             1            112  [Lorg.yaml.snakeyaml.tokens.Token$ID;
3090:             3            112  [Lsun.invoke.util.ValueConversions$WrapperCache; (java.base@21.0.3)
3091:             2            112  com.google.common.collect.HashBiMap
3092:             2            112  java.io.ObjectInputStream$BlockDataInputStream (java.base@21.0.3)
3093:             1            112  java.lang.invoke.BoundMethodHandle$Species_LLLLLLLLLLLLLLLLLLL (java.base@21.0.3)
3094:             2            112  java.nio.DirectIntBufferRU (java.base@21.0.3)
3095:             2            112  java.security.cert.PKIXBuilderParameters (java.base@21.0.3)
3096:             2            112  java.util.concurrent.ConcurrentHashMap$KeySpliterator (java.base@21.0.3)
3097:             7            112  jdk.proxy4.$Proxy24 (jdk.proxy4)
3098:             7            112  kotlinx.coroutines.internal.Symbol
3099:             7            112  kotlinx.coroutines.internal.Symbol
3100:             7            112  kotlinx.coroutines.internal.Symbol
3101:             7            112  org.apache.logging.log4j.core.impl.ThreadContextDataInjector$ForCopyOnWriteThreadContextMap
3102:             2            112  org.apache.lucene.analysis.miscellaneous.StemmerOverrideFilter
3103:             1            112  org.apache.lucene.codecs.lucene99.Lucene99PostingsReader$BlockDocsEnum
3104:             1            112  org.apache.lucene.index.DocumentsWriterPerThread
3105:             2            112  org.apache.lucene.index.SegmentWriteState
3106:             1            112  org.opensearch.action.bulk.TransportShardBulkAction
3107:             1            112  org.opensearch.ad.ml.ADColdStart
3108:             1            112  org.opensearch.ad.transport.ADResultProcessor
3109:             2            112  org.opensearch.cluster.ClusterState$Builder
3110:             2            112  org.opensearch.cluster.routing.allocation.DiskThresholdSettings
3111:             7            112  org.opensearch.common.settings.Setting$$Lambda/0x00007fcd2854d468
3112:             2            112  org.opensearch.common.util.BigDoubleArray
3113:             1            112  org.opensearch.forecast.ml.ForecastColdStart
3114:             1            112  org.opensearch.forecast.transport.ForecastRunOnceTransportAction
3115:             7            112  org.opensearch.index.analysis.PreBuiltAnalyzerProviderFactory$$Lambda/0x00007fcd286c7038
3116:             7            112  org.opensearch.index.mapper.MetadataFieldMapper$FixedTypeParser
3117:             1            112  org.opensearch.index.query.QueryShardContext
3118:             1            112  org.opensearch.index.query.QueryStringQueryBuilder
3119:             7            112  org.opensearch.ml.stats.suppliers.CounterSupplier
3120:             1            112  org.opensearch.performanceanalyzer.collectors.telemetry.RTFNodeStatsAllShardsMetricsCollector
3121:             1            112  org.opensearch.replication.action.replay.TransportReplayChangesAction
3122:             7            112  org.opensearch.search.aggregations.BucketCollectorProcessor
3123:             1            112  org.opensearch.search.internal.ShardSearchRequest
3124:             7            112  org.opensearch.security.dlic.rest.api.AbstractApiAction$$Lambda/0x00007fcd28fe5688
3125:             7            112  org.opensearch.security.support.SafeSerializationUtils$$Lambda/0x00007fcd2922c630
3126:             7            112  org.opensearch.sql.spark.execution.session.OpenSearchSessionConfigSupplier
3127:             7            112  org.opensearch.sql.spark.execution.xcontent.SessionModelXContentSerializer
3128:             7            112  org.opensearch.sql.spark.execution.xcontent.StatementModelXContentSerializer
3129:             2            112  org.tartarus.snowball.ext.FinnishStemmer
3130:             2            112  org.tartarus.snowball.ext.RomanianStemmer
3131:             2            112  sun.security.ec.ed.EdDSAParameters (jdk.crypto.ec@21.0.3)
3132:             1            104  [Ljava.lang.reflect.ClassFileFormatVersion; (java.base@21.0.3)
3133:             1            104  [Lorg.opensearch.sql.common.setting.Settings$Key;
3134:             1            104  [Lsun.security.ssl.SSLHandshake; (java.base@21.0.3)
3135:             1            104  [Lsun.security.ssl.SignatureScheme; (java.base@21.0.3)
3136:             2            104  [Lsun.util.logging.PlatformLogger$Level; (java.base@21.0.3)
3137:             1            104  com.sun.crypto.provider.SunJCE (java.base@21.0.3)
3138:             1            104  com.sun.security.sasl.Provider (java.security.sasl@21.0.3)
3139:             1            104  com.sun.security.sasl.gsskerb.JdkSASL (jdk.security.jgss@21.0.3)
3140:             1            104  java.lang.invoke.BoundMethodHandle$Species_LLLLLLLLLLLLLLLLLL (java.base@21.0.3)
3141:             1            104  jdk.internal.loader.ClassLoaders$AppClassLoader (java.base@21.0.3)
3142:             1            104  jdk.internal.loader.ClassLoaders$BootClassLoader (java.base@21.0.3)
3143:             1            104  jdk.internal.loader.ClassLoaders$PlatformClassLoader (java.base@21.0.3)
3144:             1            104  org.jcp.xml.dsig.internal.dom.XMLDSigRI (java.xml.crypto@21.0.3)
3145:             1            104  org.opensearch.ad.indices.ADIndexManagement
3146:             1            104  org.opensearch.ad.task.ADBatchTaskRunner
3147:             1            104  org.opensearch.forecast.indices.ForecastIndexManagement
3148:             1            104  org.opensearch.index.merge.MergeStats
3149:             1            104  org.opensearch.ml.action.register.TransportRegisterModelAction
3150:             1            104  org.opensearch.securityanalytics.transport.TransportIndexDetectorAction
3151:             1            104  org.opensearch.transport.TransportService
3152:             1            104  sun.security.ec.SunEC (jdk.crypto.ec@21.0.3)
3153:             1            104  sun.security.jca.ProviderList$1 (java.base@21.0.3)
3154:             1            104  sun.security.jgss.SunProvider (java.security.jgss@21.0.3)
3155:             1            104  sun.security.provider.certpath.ldap.JdkLDAP (java.naming@21.0.3)
3156:             1            104  sun.security.rsa.SunRsaSign (java.base@21.0.3)
3157:             1            104  sun.security.smartcardio.SunPCSC (java.smartcardio@21.0.3)
3158:             1            104  sun.security.ssl.SunJSSE (java.base@21.0.3)
3159:             2             96  [Lcom.fasterxml.jackson.annotation.JsonInclude$Include;
3160:             1             96  [Lcom.fasterxml.jackson.core.JsonParser$Feature;
3161:             2             96  [Lcom.google.common.cache.LocalCache$EntryFactory;
3162:             2             96  [Lcom.google.common.cache.LocalCache$EntryFactory;
3163:             2             96  [Lcom.google.common.cache.LocalCache$EntryFactory;
3164:             2             96  [Lcom.google.common.cache.LocalCache$EntryFactory;
3165:             2             96  [Ljava.lang.System$Logger$Level; (java.base@21.0.3)
3166:             2             96  [Ljava.time.DayOfWeek; (java.base@21.0.3)
3167:             2             96  [Ljava.util.concurrent.TimeUnit; (java.base@21.0.3)
3168:             4             96  [Lorg.apache.logging.log4j.Marker;
3169:             3             96  [Lorg.apache.logging.log4j.core.util.datetime.FastDatePrinter$Rule;
3170:             2             96  [Lorg.apache.logging.log4j.spi.StandardLevel;
3171:             4             96  [Lorg.apache.lucene.index.VectorEncoding;
3172:             2             96  [Lorg.opensearch.search.aggregations.support.CoreValuesSourceType;
3173:             4             96  [Lorg.opensearch.sql.spark.leasemanager.DefaultLeaseManager$Rule;
3174:             4             96  [Lsun.security.ssl.EphemeralKeyManager$EphemeralKeyPair; (java.base@21.0.3)
3175:             1             96  [Lsun.util.locale.BaseLocale; (java.base@21.0.3)
3176:             1             96  [[Ljava.lang.Byte; (java.base@21.0.3)
3177:             4             96  [[Lorg.opensearch.search.aggregations.InternalAggregation;
3178:             4             96  com.fasterxml.jackson.annotation.JsonCreator$Mode
3179:             4             96  com.fasterxml.jackson.annotation.JsonProperty$Access
3180:             1             96  com.fasterxml.jackson.databind.DeserializationConfig
3181:             4             96  com.fasterxml.jackson.databind.cfg.CoercionAction
3182:             4             96  com.fasterxml.jackson.databind.cfg.CoercionAction
3183:             4             96  com.fasterxml.jackson.databind.cfg.CoercionAction
3184:             4             96  com.fasterxml.jackson.databind.cfg.ConstructorDetector
3185:             4             96  com.fasterxml.jackson.databind.cfg.ConstructorDetector$SingleArgConstructor
3186:             4             96  com.fasterxml.jackson.databind.cfg.MutableCoercionConfig
3187:             4             96  com.fasterxml.jackson.databind.deser.DeserializerCache
3188:             4             96  com.fasterxml.jackson.databind.introspect.AnnotationCollector$OneAnnotation
3189:             4             96  com.fasterxml.jackson.databind.introspect.SimpleMixInResolver
3190:             3             96  com.fasterxml.jackson.databind.introspect.VisibilityChecker$Std
3191:             4             96  com.fasterxml.jackson.databind.ser.SerializerCache
3192:             3             96  com.fasterxml.jackson.databind.ser.std.EnumSerializer
3193:             6             96  com.fasterxml.jackson.databind.ser.std.ToStringSerializer
3194:             6             96  com.fasterxml.jackson.databind.ser.std.ToStringSerializer
3195:             6             96  com.fasterxml.jackson.databind.ser.std.ToStringSerializer
3196:             4             96  com.google.common.cache.LocalCache$AccessQueue$1
3197:             6             96  com.google.common.cache.LocalCache$LocalManualCache
3198:             4             96  com.google.common.collect.AbstractIterator$State
3199:             4             96  com.google.common.collect.AbstractIterator$State
3200:             3             96  com.google.common.collect.RegularImmutableSet
3201:             3             96  com.google.common.collect.RegularImmutableSet
3202:             2             96  com.google.common.collect.SingletonImmutableBiMap
3203:             6             96  com.google.common.collect.SingletonImmutableList
3204:             4             96  com.password4j.types.Bcrypt
3205:             3             96  com.sun.jna.NativeLong
3206:             3             96  io.netty.buffer.EmptyByteBuf
3207:             3             96  io.netty.channel.nio.NioEventLoopGroup
3208:             4             96  io.netty.handler.ssl.ApplicationProtocolConfig$Protocol
3209:             2             96  io.netty.handler.ssl.JdkSslServerContext
3210:             4             96  io.netty.util.ResourceLeakDetector$Level
3211:             2             96  java.io.BufferedInputStream (java.base@21.0.3)
3212:             4             96  java.io.ObjectStreamClass$ExceptionInfo (java.base@21.0.3)
3213:             3             96  java.io.SerializablePermission (java.base@21.0.3)
3214:             3             96  java.lang.Runtime$Version (java.base@21.0.3)
3215:             2             96  java.lang.invoke.MethodHandleImpl$WrappedMember (java.base@21.0.3)
3216:             2             96  java.lang.invoke.VarHandleReferences$FieldStaticReadWrite (java.base@21.0.3)
3217:             4             96  java.lang.module.ModuleDescriptor$Opens (java.base@21.0.3)
3218:             4             96  java.math.MathContext (java.base@21.0.3)
3219:             2             96  java.net.NetworkInterface (java.base@21.0.3)
3220:             4             96  java.nio.file.FileVisitResult (java.base@21.0.3)
3221:             4             96  java.text.Normalizer$Form (java.base@21.0.3)
3222:             3             96  java.text.StringCharacterIterator (java.base@21.0.3)
3223:             2             96  java.time.format.DateTimeFormatterBuilder$FractionPrinterParser (java.base@21.0.3)
3224:             4             96  java.time.format.DateTimeFormatterBuilder$SettingsParser (java.base@21.0.3)
3225:             4             96  java.time.format.FormatStyle (java.base@21.0.3)
3226:             2             96  java.time.zone.ZoneOffsetTransitionRule (java.base@21.0.3)
3227:             2             96  java.util.Locale$Category (java.base@21.0.3)
3228:             4             96  java.util.OptionalInt (java.base@21.0.3)
3229:             3             96  java.util.UUID (java.base@21.0.3)
3230:             3             96  java.util.concurrent.ScheduledThreadPoolExecutor$DelayedWorkQueue (java.base@21.0.3)
3231:             4             96  java.util.regex.Pattern$Qtype (java.base@21.0.3)
3232:             3             96  java.util.stream.MatchOps$MatchKind (java.base@21.0.3)
3233:             4             96  java.util.stream.Nodes$IntFixedNodeBuilder (java.base@21.0.3)
3234:             4             96  java.util.stream.ReduceOps$11 (java.base@21.0.3)
3235:             4             96  java.util.stream.StreamShape (java.base@21.0.3)
3236:             2             96  java.util.stream.StreamSpliterators$WrappingSpliterator (java.base@21.0.3)
3237:             4             96  javax.management.MBeanTrustPermission (java.management@21.0.3)
3238:             2             96  javax.management.openmbean.TabularType (java.management@21.0.3)
3239:             4             96  javax.net.ssl.SSLContext (java.base@21.0.3)
3240:             4             96  javax.net.ssl.SSLEngineResult$Status (java.base@21.0.3)
3241:             2             96  jdk.internal.foreign.layout.ValueLayouts$OfAddressImpl (java.base@21.0.3)
3242:             2             96  jdk.internal.foreign.layout.ValueLayouts$OfCharImpl (java.base@21.0.3)
3243:             2             96  jdk.internal.foreign.layout.ValueLayouts$OfDoubleImpl (java.base@21.0.3)
3244:             1             96  jdk.internal.jimage.ImageReader$SharedImageReader (java.base@21.0.3)
3245:             6             96  jdk.internal.loader.ClassLoaderValue (java.base@21.0.3)
3246:             3             96  jdk.internal.reflect.MethodHandleShortFieldAccessorImpl (java.base@21.0.3)
3247:             3             96  jdk.internal.util.ClassFileDumper (java.base@21.0.3)
3248:             4             96  jdk.internal.util.OperatingSystem (java.base@21.0.3)
3249:             4             96  jdk.jfr.internal.SecuritySupport$SafePath (jdk.jfr@21.0.3)
3250:             6             96  jdk.proxy2.$Proxy11 (jdk.proxy2)
3251:             6             96  jdk.proxy2.$Proxy30 (jdk.proxy2)
3252:             6             96  jdk.proxy4.$Proxy22 (jdk.proxy4)
3253:             6             96  jdk.proxy5.$Proxy35 (jdk.proxy5)
3254:             4             96  kotlin.SynchronizedLazyImpl
3255:             4             96  kotlinx.coroutines.CoroutineStart
3256:             4             96  kotlinx.coroutines.SupervisorJobImpl
3257:             4             96  org.apache.commons.lang3.tuple.ImmutablePair
3258:             3             96  org.apache.logging.log4j.core.config.ConfigurationScheduler
3259:             6             96  org.apache.logging.log4j.core.layout.PatternLayout$PatternFormatterPatternSerializer
3260:             6             96  org.apache.logging.log4j.core.lookup.JmxRuntimeInputArgumentsLookup
3261:             6             96  org.apache.logging.log4j.core.lookup.MapLookup
3262:             3             96  org.apache.logging.log4j.core.pattern.DatePatternConverter$PatternFormatter
3263:             4             96  org.apache.logging.log4j.core.pattern.NameAbbreviator$PatternAbbreviatorFragment
3264:             3             96  org.apache.lucene.analysis.ar.ArabicAnalyzer
3265:             2             96  org.apache.lucene.analysis.ar.ArabicStemFilter
3266:             3             96  org.apache.lucene.analysis.bg.BulgarianAnalyzer
3267:             2             96  org.apache.lucene.analysis.bg.BulgarianStemFilter
3268:             3             96  org.apache.lucene.analysis.bn.BengaliAnalyzer
3269:             2             96  org.apache.lucene.analysis.bn.BengaliNormalizationFilter
3270:             2             96  org.apache.lucene.analysis.bn.BengaliStemFilter
3271:             3             96  org.apache.lucene.analysis.br.BrazilianAnalyzer
3272:             2             96  org.apache.lucene.analysis.br.BrazilianStemFilter
3273:             3             96  org.apache.lucene.analysis.ca.CatalanAnalyzer
3274:             3             96  org.apache.lucene.analysis.ckb.SoraniAnalyzer
3275:             2             96  org.apache.lucene.analysis.ckb.SoraniStemFilter
3276:             3             96  org.apache.lucene.analysis.cz.CzechAnalyzer
3277:             2             96  org.apache.lucene.analysis.cz.CzechStemFilter
3278:             3             96  org.apache.lucene.analysis.da.DanishAnalyzer
3279:             3             96  org.apache.lucene.analysis.de.GermanAnalyzer
3280:             2             96  org.apache.lucene.analysis.de.GermanLightStemFilter
3281:             2             96  org.apache.lucene.analysis.el.GreekStemFilter
3282:             3             96  org.apache.lucene.analysis.en.EnglishAnalyzer
3283:             2             96  org.apache.lucene.analysis.en.PorterStemFilter
3284:             3             96  org.apache.lucene.analysis.es.SpanishAnalyzer
3285:             2             96  org.apache.lucene.analysis.es.SpanishLightStemFilter
3286:             3             96  org.apache.lucene.analysis.et.EstonianAnalyzer
3287:             3             96  org.apache.lucene.analysis.eu.BasqueAnalyzer
3288:             3             96  org.apache.lucene.analysis.fi.FinnishAnalyzer
3289:             3             96  org.apache.lucene.analysis.fr.FrenchAnalyzer
3290:             2             96  org.apache.lucene.analysis.fr.FrenchLightStemFilter
3291:             3             96  org.apache.lucene.analysis.ga.IrishAnalyzer
3292:             3             96  org.apache.lucene.analysis.gl.GalicianAnalyzer
3293:             2             96  org.apache.lucene.analysis.gl.GalicianStemFilter
3294:             3             96  org.apache.lucene.analysis.hi.HindiAnalyzer
3295:             2             96  org.apache.lucene.analysis.hi.HindiNormalizationFilter
3296:             2             96  org.apache.lucene.analysis.hi.HindiStemFilter
3297:             3             96  org.apache.lucene.analysis.hu.HungarianAnalyzer
3298:             3             96  org.apache.lucene.analysis.hy.ArmenianAnalyzer
3299:             3             96  org.apache.lucene.analysis.id.IndonesianAnalyzer
3300:             2             96  org.apache.lucene.analysis.id.IndonesianStemFilter
3301:             3             96  org.apache.lucene.analysis.it.ItalianAnalyzer
3302:             2             96  org.apache.lucene.analysis.it.ItalianLightStemFilter
3303:             3             96  org.apache.lucene.analysis.lt.LithuanianAnalyzer
3304:             3             96  org.apache.lucene.analysis.lv.LatvianAnalyzer
3305:             2             96  org.apache.lucene.analysis.lv.LatvianStemFilter
3306:             2             96  org.apache.lucene.analysis.miscellaneous.SetKeywordMarkerFilter
3307:             3             96  org.apache.lucene.analysis.nl.DutchAnalyzer
3308:             3             96  org.apache.lucene.analysis.no.NorwegianAnalyzer
3309:             3             96  org.apache.lucene.analysis.pt.PortugueseAnalyzer
3310:             2             96  org.apache.lucene.analysis.pt.PortugueseLightStemFilter
3311:             3             96  org.apache.lucene.analysis.ro.RomanianAnalyzer
3312:             3             96  org.apache.lucene.analysis.ru.RussianAnalyzer
3313:             4             96  org.apache.lucene.analysis.standard.StandardAnalyzer$$Lambda/0x00007fcd2925b7e8
3314:             3             96  org.apache.lucene.analysis.sv.SwedishAnalyzer
3315:             3             96  org.apache.lucene.analysis.tr.TurkishAnalyzer
3316:             6             96  org.apache.lucene.backward_codecs.lucene50.Lucene50LiveDocsFormat
3317:             6             96  org.apache.lucene.backward_codecs.lucene60.Lucene60FieldInfosFormat
3318:             2             96  org.apache.lucene.codecs.lucene90.blocktree.Lucene90BlockTreeTermsWriter$PendingBlock
3319:             1             96  org.apache.lucene.codecs.lucene90.compressing.Lucene90CompressingStoredFieldsWriter
3320:             1             96  org.apache.lucene.index.IndexingChain
3321:             4             96  org.apache.lucene.index.TermsHashPerField$PostingsBytesStartArray
3322:             4             96  org.apache.lucene.store.IOContext$Context
3323:             4             96  org.apache.lucene.util.StringSorter$1
3324:             4             96  org.apache.lucene.util.StringSorter$MSBStringRadixSorter$$Lambda/0x00007fcd286bb4c0
3325:             4             96  org.apache.lucene.util.automaton.CompiledAutomaton$AUTOMATON_TYPE
3326:             2             96  org.apache.lucene.util.fst.FSTCompiler$Builder
3327:             4             96  org.apache.lucene.util.fst.ReverseBytesReader
3328:             4             96  org.apache.lucene.util.fst.ReverseRandomAccessReader
3329:             4             96  org.bouncycastle.crypto.CryptoServicesPermission
3330:             4             96  org.bouncycastle.crypto.params.DHValidationParameters
3331:             4             96  org.bouncycastle.crypto.params.DSAValidationParameters
3332:             3             96  org.joda.time.format.DateTimeFormatterBuilder$TimeZoneOffset
3333:             4             96  org.joni.ast.CClassNode$CCSTATE
3334:             4             96  org.locationtech.spatial4j.context.jts.ValidationRule
3335:             2             96  org.locationtech.spatial4j.shape.impl.RectangleImpl
3336:             1             96  org.opensearch.action.resync.TransportResyncReplicationAction
3337:             1             96  org.opensearch.action.search.TransportSearchAction
3338:             3             96  org.opensearch.action.support.WriteRequest$RefreshPolicy
3339:             1             96  org.opensearch.ad.caching.ADPriorityCache
3340:             1             96  org.opensearch.alerting.core.JobSweeper
3341:             3             96  org.opensearch.analysis.common.SnowballAnalyzer
3342:             6             96  org.opensearch.client.support.AbstractClient$ClusterAdmin
3343:             6             96  org.opensearch.client.support.AbstractClient$IndicesAdmin
3344:             3             96  org.opensearch.cluster.metadata.IndexAbstraction$Type
3345:             2             96  org.opensearch.cluster.metadata.RepositoryMetadata
3346:             6             96  org.opensearch.cluster.metadata.TemplatesMetadata
3347:             3             96  org.opensearch.cluster.routing.WeightedRoutingService
3348:             4             96  org.opensearch.cluster.routing.allocation.decider.EnableAllocationDecider$Allocation
3349:             4             96  org.opensearch.cluster.routing.allocation.decider.EnableAllocationDecider$Rebalance
3350:             3             96  org.opensearch.common.breaker.ChildMemoryCircuitBreaker$LimitAndOverhead
3351:             3             96  org.opensearch.common.inject.internal.Errors
3352:             4             96  org.opensearch.common.lifecycle.Lifecycle$State
3353:             4             96  org.opensearch.common.path.PathTrie$TrieMatchingMode
3354:             4             96  org.opensearch.common.recycler.Recyclers$$Lambda/0x00007fcd28885010
3355:             4             96  org.opensearch.common.recycler.Recyclers$2
3356:             2             96  org.opensearch.common.settings.SecureSetting$InsecureStringSetting
3357:             3             96  org.opensearch.common.settings.Setting$AffixSetting$3
3358:             6             96  org.opensearch.common.util.concurrent.ConcurrentHashMapLong
3359:             3             96  org.opensearch.common.util.concurrent.ResizableBlockingQueue
3360:             1             96  org.opensearch.forecast.caching.ForecastPriorityCache
3361:             4             96  org.opensearch.forecast.model.ForecastTaskType
3362:             1             96  org.opensearch.forecast.task.ForecastTaskManager
3363:             1             96  org.opensearch.forecast.transport.ForecastResultTransportAction
3364:             3             96  org.opensearch.forecast.transport.SuggestName
3365:             3             96  org.opensearch.index.IndexSettings$IndexMergePolicy
3366:             6             96  org.opensearch.index.analysis.PreConfiguredTokenFilter$$Lambda/0x00007fcd2869e638
3367:             3             96  org.opensearch.index.codec.customcodecs.backward_codecs.Lucene95CustomCodec$Mode
3368:             3             96  org.opensearch.index.codec.customcodecs.backward_codecs.Lucene95CustomStoredFieldsFormat
3369:             3             96  org.opensearch.index.fielddata.plain.SortedSetOrdinalsIndexFieldData
3370:             4             96  org.opensearch.index.mapper.MapperService$MergeReason
3371:             6             96  org.opensearch.index.mapper.RangeType$$Lambda/0x00007fcd2873d5e8
3372:             3             96  org.opensearch.index.search.MatchQuery$ZeroTermsQuery
3373:             1             96  org.opensearch.index.seqno.RetentionLeaseSyncAction
3374:             4             96  org.opensearch.index.shard.IndexShard$ShardMigrationState
3375:             1             96  org.opensearch.index.shard.IndexingStats$Stats
3376:             1             96  org.opensearch.indices.IndicesQueryCache$OpenSearchLRUQueryCache
3377:             4             96  org.opensearch.indices.IndicesRequestCache$CleanupKey
3378:             4             96  org.opensearch.indices.IndicesService$ShardDeletionCheckResult
3379:             1             96  org.opensearch.indices.cluster.IndicesClusterStateService
3380:             3             96  org.opensearch.ingest.geoip.DatabaseReaderLazyLoader
3381:             1             96  org.opensearch.jobscheduler.sweeper.JobSweeper
3382:             4             96  org.opensearch.knn.index.KNNMethod
3383:             3             96  org.opensearch.knn.index.util.KNNEngine
3384:             6             96  org.opensearch.knn.plugin.stats.suppliers.KNNInnerCacheStatsSupplier
3385:             6             96  org.opensearch.knn.plugin.stats.suppliers.NativeMemoryCacheManagerSupplier
3386:             1             96  org.opensearch.ml.action.deploy.TransportDeployModelOnNodeAction
3387:             1             96  org.opensearch.ml.action.syncup.TransportSyncUpOnNodeAction
3388:             2             96  org.opensearch.monitor.os.OsInfo
3389:             3             96  org.opensearch.node.remotestore.RemoteStoreNodeService$Direction
3390:             4             96  org.opensearch.observability.settings.PluginSettings$FilterBy
3391:             3             96  org.opensearch.painless.CompilerSettings$RegexEnabled
3392:             4             96  org.opensearch.performanceanalyzer.commons.metrics.MetricsConfiguration$MetricConfig
3393:             3             96  org.opensearch.performanceanalyzer.commons.stats.metrics.StatsType
3394:             3             96  org.opensearch.performanceanalyzer.commons.util.Util$CollectorMode
3395:             4             96  org.opensearch.plugins.SearchPlugin$SortSpec
3396:             3             96  org.opensearch.ratelimitting.admissioncontrol.enums.AdmissionControlActionType
3397:             3             96  org.opensearch.ratelimitting.admissioncontrol.enums.AdmissionControlMode
3398:             4             96  org.opensearch.reportsscheduler.util.HelpersKt$logger$1
3399:             2             96  org.opensearch.repositories.s3.async.AsyncTransferManager
3400:             6             96  org.opensearch.search.SearchModule$$Lambda/0x00007fcd2875cf50
3401:             6             96  org.opensearch.search.SearchModule$$Lambda/0x00007fcd2879bd90
3402:             6             96  org.opensearch.search.aggregations.AggregatorFactories
3403:             1             96  org.opensearch.search.asynchronous.service.AsynchronousSearchService
3404:             6             96  org.opensearch.search.asynchronous.service.AsynchronousSearchService$$Lambda/0x00007fcd28af0ab8
3405:             3             96  org.opensearch.search.backpressure.settings.SearchBackpressureMode
3406:             1             96  org.opensearch.search.query.QuerySearchResult
3407:             1             96  org.opensearch.security.configuration.DlsFlsFilterLeafReader$DlsFlsDirectoryReader
3408:             6             96  org.opensearch.security.dlic.rest.api.AbstractApiAction$1
3409:             1             96  org.opensearch.security.ssl.DefaultSecurityKeyStore
3410:             3             96  org.opensearch.security.support.Base64CustomHelper$CustomSerializationFormat
3411:             2             96  org.opensearch.securityanalytics.correlation.index.codec.CorrelationCodecVersion
3412:             1             96  org.opensearch.securityanalytics.transport.TransportCorrelateFindingAction
3413:             3             96  org.opensearch.securityanalytics.util.ThrowableCheckingPredicates
3414:             1             96  org.opensearch.snapshots.SnapshotsService
3415:             6             96  org.opensearch.sql.analysis.ExpressionAnalyzer
3416:             6             96  org.opensearch.sql.analysis.NamedExpressionAnalyzer
3417:             6             96  org.opensearch.sql.executor.execution.QueryPlanFactory
3418:             6             96  org.opensearch.sql.planner.Planner
3419:             6             96  org.opensearch.sql.planner.optimizer.LogicalPlanOptimizer
3420:             6             96  org.opensearch.sql.planner.optimizer.PushDownPageSize
3421:             6             96  org.opensearch.sql.spark.execution.session.DatasourceEmbeddedSessionIdProvider
3422:             4             96  org.opensearch.sql.spark.flint.OpenSearchIndexDMLResultStorageService
3423:             4             96  org.opensearch.sql.spark.leasemanager.DefaultLeaseManager
3424:             4             96  org.opensearch.sql.spark.leasemanager.DefaultLeaseManager$ConcurrentRefreshJobRule
3425:             4             96  org.opensearch.sql.spark.leasemanager.DefaultLeaseManager$ConcurrentSessionRule
3426:             3             96  org.opensearch.threadpool.AutoQueueAdjustingExecutorBuilder$$Lambda/0x00007fcd28535f90
3427:             1             96  org.opensearch.timeseries.TimeSeriesAnalyticsPlugin
3428:             6             96  org.opensearch.timeseries.ratelimit.BatchWorker$$Lambda/0x00007fcd28a11858
3429:             6             96  org.opensearch.timeseries.stats.suppliers.SettableSupplier
3430:             1             96  org.opensearch.timeseries.transport.CronTransportAction
3431:             2             96  org.opensearch.transport.nativeprotocol.NativeOutboundHandler
3432:             3             96  org.opensearch.watcher.ResourceWatcherService$Frequency
3433:             2             96  org.tartarus.snowball.ext.ArmenianStemmer
3434:             2             96  org.tartarus.snowball.ext.BasqueStemmer
3435:             2             96  org.tartarus.snowball.ext.CatalanStemmer
3436:             2             96  org.tartarus.snowball.ext.DanishStemmer
3437:             2             96  org.tartarus.snowball.ext.DutchStemmer
3438:             2             96  org.tartarus.snowball.ext.EnglishStemmer
3439:             2             96  org.tartarus.snowball.ext.EstonianStemmer
3440:             2             96  org.tartarus.snowball.ext.IrishStemmer
3441:             2             96  org.tartarus.snowball.ext.NorwegianStemmer
3442:             2             96  org.tartarus.snowball.ext.RussianStemmer
3443:             2             96  org.tartarus.snowball.ext.SwedishStemmer
3444:             3             96  org.yaml.snakeyaml.DumperOptions$FlowStyle
3445:             4             96  org.yaml.snakeyaml.nodes.NodeId
3446:             4             96  sun.security.ssl.CipherType (java.base@21.0.3)
3447:             3             96  sun.security.ssl.ECPointFormatsExtension$ECPointFormat (java.base@21.0.3)
3448:             4             96  sun.security.ssl.EphemeralKeyManager (java.base@21.0.3)
3449:             3             96  sun.security.ssl.SSLTrafficKeyDerivation$KeySchedule (java.base@21.0.3)
3450:             3             96  sun.security.util.DisabledAlgorithmConstraints$DenyAfterConstraint (java.base@21.0.3)
3451:             4             96  sun.security.util.DisabledAlgorithmConstraints$UsageConstraint (java.base@21.0.3)
3452:             6             96  sun.security.util.math.intpoly.IntegerPolynomial$Limb (java.base@21.0.3)
3453:             2             96  sun.security.validator.PKIXValidator (java.base@21.0.3)
3454:             3             96  sun.security.x509.NetscapeCertTypeExtension (java.base@21.0.3)
3455:             3             96  sun.util.locale.UnicodeLocaleExtension (java.base@21.0.3)
3456:             2             88  [Lcom.fasterxml.jackson.databind.cfg.CoercionAction;
3457:             1             88  [Lio.protostuff.WireFormat$FieldType;
3458:             1             88  [Ljava.util.concurrent.ConcurrentMap; (java.base@21.0.3)
3459:             1             88  [Lorg.opensearch.security.dlic.rest.api.Endpoint;
3460:             1             88  [Lorg.opensearch.sql.data.type.ExprCoreType;
3461:             2             88  [Lsun.security.jca.ProviderConfig; (java.base@21.0.3)
3462:             1             88  [Lsun.security.ssl.CipherSuite$KeyExchange; (java.base@21.0.3)
3463:             1             88  com.fasterxml.jackson.databind.SerializationConfig
3464:             1             88  com.fasterxml.jackson.databind.deser.CreatorProperty
3465:             1             88  com.fasterxml.jackson.dataformat.smile.SmileFactory
3466:             1             88  com.google.gson.Gson
3467:             1             88  org.apache.lucene.search.LRUQueryCache
3468:             1             88  org.opensearch.ad.ml.ADCheckpointDao
3469:             1             88  org.opensearch.alerting.alerts.AlertIndices
3470:             1             88  org.opensearch.bootstrap.Bootstrap$5
3471:             1             88  org.opensearch.index.ShardIndexingPressureMemoryManager
3472:             1             88  org.opensearch.ml.action.deploy.TransportDeployModelAction
3473:             1             88  org.opensearch.performanceanalyzer.collectors.ClusterManagerServiceEventMetrics
3474:             1             88  org.opensearch.performanceanalyzer.collectors.telemetry.RTFThreadPoolMetricsCollector
3475:             1             88  org.opensearch.search.aggregations.bucket.histogram.DateHistogramAggregationBuilder
3476:             1             88  org.opensearch.search.backpressure.settings.SearchShardTaskSettings
3477:             1             88  org.opensearch.search.backpressure.settings.SearchTaskSettings
3478:             1             88  org.opensearch.security.auth.BackendRegistry
3479:             2             80  [Lcom.fasterxml.jackson.annotation.JsonAutoDetect$Visibility;
3480:             3             80  [Lio.netty.util.concurrent.EventExecutor;
3481:             1             80  [Lio.netty.util.concurrent.EventExecutor;
3482:             2             80  [Lio.netty.util.internal.PriorityQueueNode;
3483:             2             80  [Ljava.lang.OutOfMemoryError; (java.base@21.0.3)
3484:             1             80  [Ljava.time.temporal.ChronoUnit; (java.base@21.0.3)
3485:             2             80  [Ljava.util.stream.StreamOpFlag$Type; (java.base@21.0.3)
3486:             5             80  [Lorg.apache.logging.log4j.core.appender.rolling.action.Action;
3487:             1             80  [Lorg.bouncycastle.jcajce.provider.asymmetric.compositesignatures.CompositeSignaturesConstants$CompositeName;
3488:             2             80  [Lorg.greenrobot.eventbus.ThreadMode;
3489:             2             80  [Lorg.opensearch.action.search.SearchPhaseName;
3490:             2             80  [Lorg.opensearch.action.support.IndicesOptions$Option;
3491:             2             80  [Lorg.opensearch.ad.indices.ADIndex;
3492:             2             80  [Lorg.opensearch.cluster.block.ClusterBlockLevel;
3493:             2             80  [Lorg.opensearch.cluster.routing.Preference;
3494:             2             80  [Lorg.opensearch.common.Priority;
3495:             2             80  [Lorg.opensearch.forecast.indices.ForecastIndex;
3496:             2             80  [Lorg.opensearch.indices.recovery.RecoveryState$Stage;
3497:             1             80  [Lorg.opensearch.knn.plugin.stats.KNNCounter;
3498:             1             80  [Lorg.opensearch.ml.common.model.MLModelState;
3499:             2             80  [Lorg.opensearch.ml.stats.MLNodeLevelStat;
3500:             2             80  [Lorg.opensearch.search.aggregations.bucket.histogram.DateIntervalWrapper$IntervalTypeEnum;
3501:             1             80  [Lorg.opensearch.search.fetch.FetchSubPhase;
3502:             1             80  [Lorg.opensearch.sql.common.setting.LegacySettings$Key;
3503:             2             80  [Lorg.opensearch.transport.TransportRequestOptions$Type;
3504:             1             80  [Lsun.security.ssl.SSLCipher; (java.base@21.0.3)
3505:             2             80  [Lsun.util.calendar.Era; (java.base@21.0.3)
3506:             2             80  [Lsun.util.locale.provider.LocaleProviderAdapter$Type; (java.base@21.0.3)
3507:             2             80  [[Ljava.lang.invoke.MethodHandle; (java.base@21.0.3)
3508:             1             80  com.amazon.dlic.auth.http.jwt.keybyoidc.SelfRefreshingKeySet
3509:             5             80  com.fasterxml.jackson.core.util.JacksonFeatureSet
3510:             1             80  com.fasterxml.jackson.databind.MappingJsonFactory
3511:             2             80  com.fasterxml.jackson.databind.deser.std.NumberDeserializers$BooleanDeserializer
3512:             2             80  com.fasterxml.jackson.databind.deser.std.NumberDeserializers$IntegerDeserializer
3513:             5             80  com.fasterxml.jackson.databind.introspect.BasicClassIntrospector
3514:             5             80  com.fasterxml.jackson.databind.jsontype.impl.StdSubtypeResolver
3515:             5             80  com.fasterxml.jackson.databind.util.RootNameLookup
3516:             2             80  com.google.common.cache.AbstractCache$SimpleStatsCounter
3517:             1             80  com.google.common.cache.LocalCache$Segment
3518:             2             80  com.google.common.collect.Multimaps$UnmodifiableMultimap
3519:             5             80  com.google.common.collect.RegularImmutableList
3520:             5             80  com.google.common.collect.SingletonImmutableList
3521:             2             80  com.sun.jmx.mbeanserver.DefaultMXBeanMappingFactory$TabularMapping (java.management@21.0.3)
3522:             2             80  com.sun.jna.Library$Handler$FunctionInfo
3523:             2             80  io.netty.bootstrap.ServerBootstrap$ServerBootstrapAcceptor
3524:             2             80  io.netty.channel.nio.AbstractNioMessageChannel$NioMessageUnsafe
3525:             5             80  io.netty.util.internal.ObjectPool$RecyclerObjectPool
3526:             2             80  java.io.BufferedOutputStream (java.base@21.0.3)
3527:             2             80  java.io.FileNotFoundException (java.base@21.0.3)
3528:             2             80  java.io.PrintWriter (java.base@21.0.3)
3529:             2             80  java.lang.ModuleLayer (java.base@21.0.3)
3530:             2             80  java.lang.UnsatisfiedLinkError (java.base@21.0.3)
3531:             2             80  java.lang.invoke.BoundMethodHandle$Species_LI (java.base@21.0.3)
3532:             2             80  java.lang.invoke.VarHandleLongs$FieldInstanceReadWrite (java.base@21.0.3)
3533:             2             80  java.lang.module.Configuration (java.base@21.0.3)
3534:             2             80  java.lang.ref.NativeReferenceQueue (java.base@21.0.3)
3535:             5             80  java.nio.channels.FileChannel$MapMode (java.base@21.0.3)
3536:             2             80  java.security.AccessControlException (java.base@21.0.3)
3537:             2             80  java.security.cert.TrustAnchor (java.base@21.0.3)
3538:             2             80  java.time.temporal.WeekFields (java.base@21.0.3)
3539:             2             80  java.time.zone.ZoneRules (java.base@21.0.3)
3540:             5             80  java.util.Collections$ReverseComparator2 (java.base@21.0.3)
3541:             5             80  java.util.IdentityHashMap$Values (java.base@21.0.3)
3542:             5             80  java.util.concurrent.Executors$AutoShutdownDelegatedExecutorService$$Lambda/0x00007fcd284e5660 (java.base@21.0.3)
3543:             2             80  java.util.concurrent.PriorityBlockingQueue (java.base@21.0.3)
3544:             1             80  jdk.internal.event.X509CertificateEvent (java.base@21.0.3)
3545:             1             80  jdk.internal.icu.impl.NormalizerImpl (java.base@21.0.3)
3546:             2             80  jdk.internal.math.FloatingDecimal$BinaryToASCIIBuffer (java.base@21.0.3)
3547:             2             80  jdk.internal.misc.ScopedMemoryAccess$ScopedAccessError (java.base@21.0.3)
3548:             5             80  jdk.internal.module.ServicesCatalog (java.base@21.0.3)
3549:             5             80  jdk.proxy2.$Proxy13 (jdk.proxy2)
3550:             5             80  jdk.proxy2.$Proxy15 (jdk.proxy2)
3551:             5             80  jdk.proxy2.$Proxy2 (jdk.proxy2)
3552:             5             80  jdk.proxy4.$Proxy52 (jdk.proxy4)
3553:             5             80  jdk.proxy8.$Proxy39 (jdk.proxy8)
3554:             2             80  joptsimple.RequiredArgumentOptionSpec
3555:             2             80  kotlinx.coroutines.internal.LockFreeTaskQueueCore
3556:             2             80  kotlinx.coroutines.internal.LockFreeTaskQueueCore
3557:             2             80  kotlinx.coroutines.internal.LockFreeTaskQueueCore
3558:             2             80  kotlinx.coroutines.internal.LockFreeTaskQueueCore
3559:             5             80  kotlinx.coroutines.internal.Symbol
3560:             5             80  org.apache.logging.log4j.core.config.DefaultReliabilityStrategy
3561:             5             80  org.apache.logging.log4j.core.lookup.ContextMapLookup
3562:             5             80  org.apache.logging.log4j.core.lookup.DateLookup
3563:             5             80  org.apache.logging.log4j.core.lookup.EnvironmentLookup
3564:             5             80  org.apache.logging.log4j.core.lookup.EventLookup
3565:             5             80  org.apache.logging.log4j.core.lookup.JavaLookup
3566:             5             80  org.apache.logging.log4j.core.lookup.Log4jLookup
3567:             5             80  org.apache.logging.log4j.core.lookup.LowerLookup
3568:             5             80  org.apache.logging.log4j.core.lookup.MainMapLookup
3569:             5             80  org.apache.logging.log4j.core.lookup.MarkerLookup
3570:             5             80  org.apache.logging.log4j.core.lookup.ResourceBundleLookup
3571:             5             80  org.apache.logging.log4j.core.lookup.StrMatcher$CharMatcher
3572:             5             80  org.apache.logging.log4j.core.lookup.StructuredDataLookup
3573:             5             80  org.apache.logging.log4j.core.lookup.UpperLookup
3574:             2             80  org.apache.logging.log4j.core.util.datetime.FastDateParser
3575:             5             80  org.apache.logging.log4j.core.util.datetime.FastDateParser$CopyQuotedStrategy
3576:             5             80  org.apache.logging.log4j.core.util.datetime.FastDatePrinter$CharacterLiteral
3577:             2             80  org.apache.lucene.analysis.cjk.CJKWidthFilter
3578:             2             80  org.apache.lucene.analysis.ckb.SoraniNormalizationFilter
3579:             2             80  org.apache.lucene.analysis.classic.ClassicFilter
3580:             2             80  org.apache.lucene.analysis.de.GermanNormalizationFilter
3581:             2             80  org.apache.lucene.analysis.el.GreekLowerCaseFilter
3582:             2             80  org.apache.lucene.analysis.en.PorterStemmer
3583:             2             80  org.apache.lucene.analysis.fa.PersianNormalizationFilter
3584:             2             80  org.apache.lucene.analysis.ga.IrishLowerCaseFilter
3585:             2             80  org.apache.lucene.analysis.tr.ApostropheFilter
3586:             2             80  org.apache.lucene.analysis.tr.TurkishLowerCaseFilter
3587:             5             80  org.apache.lucene.backward_codecs.lucene80.Lucene80NormsFormat
3588:             5             80  org.apache.lucene.backward_codecs.lucene84.Lucene84PostingsFormat
3589:             5             80  org.apache.lucene.backward_codecs.lucene90.Lucene90FieldInfosFormat
3590:             2             80  org.apache.lucene.codecs.lucene90.compressing.Lucene90CompressingStoredFieldsFormat
3591:             1             80  org.apache.lucene.index.TermVectorsConsumer
3592:             2             80  org.apache.lucene.index.TermVectorsConsumerPerField$TermVectorsPostingsArray
3593:             2             80  org.apache.lucene.util.IntBlockPool
3594:             5             80  org.bouncycastle.pqc.jcajce.provider.cmce.CMCEKeyFactorySpi
3595:             5             80  org.bouncycastle.pqc.jcajce.provider.ntru.NTRUKeyFactorySpi
3596:             2             80  org.greenrobot.eventbus.EventBusBuilder
3597:             2             80  org.locationtech.spatial4j.io.SupportedFormats
3598:             1             80  org.opensearch.action.ActionModule
3599:             1             80  org.opensearch.action.admin.indices.close.TransportVerifyShardBeforeCloseAction
3600:             1             80  org.opensearch.action.admin.indices.flush.TransportShardFlushAction
3601:             1             80  org.opensearch.action.admin.indices.readonly.TransportVerifyShardIndexBlockAction
3602:             1             80  org.opensearch.action.admin.indices.refresh.TransportShardRefreshAction
3603:             1             80  org.opensearch.action.bulk.TransportBulkAction
3604:             1             80  org.opensearch.action.search.SearchShardTask
3605:             5             80  org.opensearch.action.support.replication.TransportReplicationAction$$Lambda/0x00007fcd2937ab88
3606:             5             80  org.opensearch.action.support.replication.TransportReplicationAction$ReplicaResult
3607:             1             80  org.opensearch.ad.ml.ADModelManager
3608:             1             80  org.opensearch.ad.transport.ADSingleStreamResultTransportAction
3609:             1             80  org.opensearch.ad.transport.AnomalyDetectorJobTransportAction
3610:             1             80  org.opensearch.ad.transport.DeleteADModelTransportAction
3611:             1             80  org.opensearch.ad.transport.EntityADResultTransportAction
3612:             1             80  org.opensearch.alerting.transport.TransportIndexMonitorAction
3613:             1             80  org.opensearch.alerting.transport.TransportIndexWorkflowAction
3614:             2             80  org.opensearch.cluster.coordination.PreVoteResponse
3615:             2             80  org.opensearch.cluster.decommission.DecommissionService
3616:             5             80  org.opensearch.cluster.metadata.IndexAbstraction$Alias$$Lambda/0x00007fcd290966f8
3617:             5             80  org.opensearch.cluster.metadata.IndexAbstraction$Alias$$Lambda/0x00007fcd29096948
3618:             1             80  org.opensearch.cluster.metadata.MetadataCreateIndexService
3619:             5             80  org.opensearch.common.settings.Setting$$Lambda/0x00007fcd2848de90
3620:             5             80  org.opensearch.common.settings.Setting$$Lambda/0x00007fcd2854df60
3621:             5             80  org.opensearch.common.settings.Setting$$Lambda/0x00007fcd2854e630
3622:             5             80  org.opensearch.common.transport.PortsRange
3623:             1             80  org.opensearch.forecast.transport.EntityForecastResultTransportAction
3624:             1             80  org.opensearch.forecast.transport.ForecastSingleStreamResultTransportAction
3625:             1             80  org.opensearch.forecast.transport.ForecasterJobTransportAction
3626:             1             80  org.opensearch.index.ShardIndexingPressure
3627:             2             80  org.opensearch.index.mapper.NestedPathFieldMapper$NestedPathFieldType
3628:             1             80  org.opensearch.index.seqno.GlobalCheckpointSyncAction
3629:             1             80  org.opensearch.index.seqno.RetentionLeaseBackgroundSyncAction
3630:             1             80  org.opensearch.indexmanagement.indexstatemanagement.migration.ISMTemplateService
3631:             5             80  org.opensearch.indices.IndicesService$IndexShardCacheEntity
3632:             1             80  org.opensearch.indices.replication.checkpoint.PublishCheckpointAction
3633:             1             80  org.opensearch.ml.action.controller.DeployControllerTransportAction
3634:             1             80  org.opensearch.ml.action.controller.UndeployControllerTransportAction
3635:             1             80  org.opensearch.ml.action.undeploy.TransportUndeployModelsAction
3636:             1             80  org.opensearch.ml.action.update_cache.UpdateModelCacheTransportAction
3637:             1             80  org.opensearch.ml.model.MLModelManager
3638:             2             80  org.opensearch.monitor.os.OsService$OsStatsCache
3639:             2             80  org.opensearch.monitor.os.OsStats
3640:             1             80  org.opensearch.performanceanalyzer.collectors.telemetry.RTFDisksCollector
3641:             1             80  org.opensearch.performanceanalyzer.collectors.telemetry.RTFHeapMetricsCollector
3642:             2             80  org.opensearch.replication.repository.RemoteClusterRestoreLeaderService
3643:             1             80  org.opensearch.repositories.s3.S3ClientSettings
3644:             5             80  org.opensearch.search.aggregations.DefaultAggregationProcessor
3645:             1             80  org.opensearch.search.aggregations.metrics.MaxAggregator
3646:             5             80  org.opensearch.search.internal.ContextIndexSearcher$MutableQueryTimeout
3647:             1             80  org.opensearch.security.configuration.ConfigurationRepository
3648:             5             80  org.opensearch.security.dlic.rest.api.AbstractApiAction$$Lambda/0x00007fcd28fe5ac8
3649:             1             80  org.opensearch.security.privileges.PrivilegesEvaluator
3650:             2             80  org.opensearch.security.securityconf.impl.v7.ConfigV7$Kibana
3651:             1             80  org.opensearch.securityanalytics.transport.TransportDeleteDetectorAction
3652:             5             80  org.opensearch.sql.spark.execution.xcontent.FlintIndexStateModelXContentSerializer
3653:             1             80  org.opensearch.threadpool.Scheduler$SafeScheduledThreadPoolExecutor
3654:             1             80  org.opensearch.timeseries.cluster.HashRing
3655:             2             80  org.opensearch.timeseries.rest.RestValidateAction
3656:             2             80  org.tartarus.snowball.ext.HungarianStemmer
3657:             2             80  org.tartarus.snowball.ext.LithuanianStemmer
3658:             2             80  org.tartarus.snowball.ext.TurkishStemmer
3659:             2             80  sun.management.MemoryManagerImpl (java.management@21.0.3)
3660:             2             80  sun.nio.ch.ServerSocketAdaptor (java.base@21.0.3)
3661:             2             80  sun.security.ec.XECParameters (jdk.crypto.ec@21.0.3)
3662:             2             80  sun.security.rsa.RSAUtil$KeyType (java.base@21.0.3)
3663:             5             80  sun.security.ssl.SSLCipher$T10BlockReadCipherGenerator (java.base@21.0.3)
3664:             5             80  sun.security.ssl.SSLCipher$T10BlockWriteCipherGenerator (java.base@21.0.3)
3665:             5             80  sun.text.SupplementaryCharacterData (java.base@21.0.3)
3666:             1             80  sun.util.locale.provider.JRELocaleProviderAdapter (java.base@21.0.3)
3667:             1             72  [Lcom.fasterxml.jackson.core.JsonGenerator$Feature;
3668:             1             72  [Lcom.fasterxml.jackson.core.JsonToken;
3669:             1             72  [Lcom.fasterxml.jackson.core.json.JsonReadFeature;
3670:             1             72  [Lcom.fasterxml.jackson.databind.type.LogicalType;
3671:             1             72  [Lcom.fasterxml.jackson.databind.type.LogicalType;
3672:             1             72  [Lcom.fasterxml.jackson.databind.type.LogicalType;
3673:             1             72  [Ljavax.management.openmbean.SimpleType; (java.management@21.0.3)
3674:             1             72  com.amazon.dlic.auth.http.jwt.keybyoidc.KeySetRetriever
3675:             3             72  com.fasterxml.jackson.annotation.OptBoolean
3676:             3             72  com.fasterxml.jackson.core.Base64Variant$PaddingReadBehaviour
3677:             1             72  com.fasterxml.jackson.core.util.InternCache
3678:             1             72  com.fasterxml.jackson.databind.ObjectMapper
3679:             3             72  com.fasterxml.jackson.databind.PropertyName
3680:             3             72  com.fasterxml.jackson.databind.PropertyName
3681:             3             72  com.fasterxml.jackson.databind.annotation.JsonSerialize$Typing
3682:             1             72  com.fasterxml.jackson.databind.deser.DefaultDeserializationContext$Impl
3683:             1             72  com.fasterxml.jackson.databind.ser.DefaultSerializerProvider$Impl
3684:             3             72  com.fasterxml.jackson.databind.ser.std.NumberSerializer
3685:             3             72  com.fasterxml.jackson.databind.ser.std.NumberSerializer
3686:             3             72  com.fasterxml.jackson.databind.ser.std.NumberSerializer
3687:             3             72  com.fasterxml.jackson.databind.util.AccessPattern
3688:             3             72  com.google.common.collect.AbstractMapBasedMultimap$KeySet
3689:             3             72  com.google.common.collect.ImmutableMapEntry$NonTerminalImmutableMapEntry
3690:             3             72  com.sun.jna.NativeLibrary$NativeLibraryDisposer
3691:             3             72  com.sun.jna.StructureReadContext
3692:             3             72  io.netty.handler.ssl.ApplicationProtocolConfig$SelectedListenerFailureBehavior
3693:             3             72  io.netty.handler.ssl.ApplicationProtocolConfig$SelectorFailureBehavior
3694:             3             72  io.netty.handler.ssl.ClientAuth
3695:             3             72  io.netty.handler.ssl.SslProvider
3696:             3             72  io.netty.util.concurrent.DefaultEventExecutorChooserFactory$PowerOfTwoEventExecutorChooser
3697:             3             72  io.protostuff.runtime.ArraySchemas$BoolArray$1
3698:             3             72  io.protostuff.runtime.ArraySchemas$CharArray$1
3699:             3             72  io.protostuff.runtime.ArraySchemas$FloatArray$1
3700:             3             72  io.protostuff.runtime.ArraySchemas$Int32Array$1
3701:             3             72  io.protostuff.runtime.ArraySchemas$Int64Array$1
3702:             3             72  io.protostuff.runtime.ArraySchemas$ShortArray$1
3703:             3             72  java.lang.ProcessImpl$LaunchMechanism (java.base@21.0.3)
3704:             3             72  java.lang.StackStreamFactory$WalkerState (java.base@21.0.3)
3705:             3             72  java.lang.StackWalker$Option (java.base@21.0.3)
3706:             3             72  java.lang.WeakPairMap (java.base@21.0.3)
3707:             3             72  java.lang.annotation.RetentionPolicy (java.base@21.0.3)
3708:             3             72  java.lang.invoke.MethodHandleImpl$ArrayAccess (java.base@21.0.3)
3709:             3             72  java.net.StandardProtocolFamily (java.base@21.0.3)
3710:             3             72  java.nio.file.AccessMode (java.base@21.0.3)
3711:             3             72  java.nio.file.FileTreeWalker$EventType (java.base@21.0.3)
3712:             3             72  java.nio.file.StandardCopyOption (java.base@21.0.3)
3713:             3             72  java.security.CodeSigner (java.base@21.0.3)
3714:             3             72  java.security.Timestamp (java.base@21.0.3)
3715:             3             72  java.security.cert.CertificateFactory (java.base@21.0.3)
3716:             3             72  java.time.ZonedDateTime (java.base@21.0.3)
3717:             3             72  java.time.format.DateTimeTextProvider$LocaleStore (java.base@21.0.3)
3718:             3             72  java.time.format.ResolverStyle (java.base@21.0.3)
3719:             3             72  java.time.zone.ZoneOffsetTransitionRule$TimeDefinition (java.base@21.0.3)
3720:             3             72  java.util.Base64$Encoder (java.base@21.0.3)
3721:             3             72  java.util.concurrent.ConcurrentLinkedDeque$Node (java.base@21.0.3)
3722:             3             72  java.util.concurrent.atomic.AtomicMarkableReference$Pair (java.base@21.0.3)
3723:             3             72  java.util.logging.LoggingPermission (java.logging@21.0.3)
3724:             3             72  java.util.stream.Collector$Characteristics (java.base@21.0.3)
3725:             3             72  java.util.stream.FindOps$FindSink$OfInt (java.base@21.0.3)
3726:             3             72  java.util.stream.IntPipeline$10$1 (java.base@21.0.3)
3727:             3             72  java.util.zip.ZipCoder$Comparison (java.base@21.0.3)
3728:             3             72  jdk.internal.icu.util.CodePointTrie$ValueWidth (java.base@21.0.3)
3729:             3             72  jdk.internal.math.FloatingDecimal$ExceptionalBinaryToASCIIBuffer (java.base@21.0.3)
3730:             3             72  jdk.internal.misc.Signal (java.base@21.0.3)
3731:             3             72  kotlin.SynchronizedLazyImpl
3732:             3             72  kotlin.annotation.AnnotationRetention
3733:             3             72  kotlin.annotation.AnnotationRetention
3734:             3             72  kotlin.coroutines.intrinsics.CoroutineSingletons
3735:             3             72  kotlinx.coroutines.CoroutineName
3736:             1             72  kotlinx.coroutines.scheduling.CoroutineScheduler
3737:             3             72  org.apache.commons.lang3.tuple.ImmutablePair
3738:             3             72  org.apache.commons.pool2.impl.BaseGenericObjectPool$StatsStore
3739:             3             72  org.apache.logging.log4j.core.util.DummyNanoClock
3740:             3             72  org.apache.lucene.analysis.cjk.CJKAnalyzer
3741:             3             72  org.apache.lucene.analysis.core.KeywordAnalyzer
3742:             3             72  org.apache.lucene.analysis.core.WhitespaceAnalyzer
3743:             3             72  org.apache.lucene.analysis.el.GreekAnalyzer
3744:             3             72  org.apache.lucene.analysis.fa.PersianAnalyzer
3745:             3             72  org.apache.lucene.analysis.miscellaneous.StemmerOverrideFilter$StemmerOverrideMap
3746:             3             72  org.apache.lucene.analysis.th.ThaiAnalyzer
3747:             1             72  org.apache.lucene.backward_codecs.lucene90.Lucene90Codec
3748:             1             72  org.apache.lucene.codecs.lucene90.compressing.FieldsIndexWriter
3749:             3             72  org.apache.lucene.codecs.lucene90.compressing.Lucene90CompressingStoredFieldsWriter$MergeStrategy
3750:             1             72  org.apache.lucene.index.FrozenBufferedUpdates
3751:             3             72  org.apache.lucene.index.IndexWriterConfig$OpenMode
3752:             3             72  org.apache.lucene.index.MergePolicy$OneMergeProgress$PauseReason
3753:             3             72  org.apache.lucene.index.PointValues$Relation
3754:             3             72  org.apache.lucene.index.SingletonSortedSetDocValues
3755:             3             72  org.apache.lucene.index.StoredFieldVisitor$Status
3756:             3             72  org.apache.lucene.index.TermsEnum$SeekStatus
3757:             3             72  org.apache.lucene.index.TieredMergePolicy$MERGE_TYPE
3758:             3             72  org.apache.lucene.search.Pruning
3759:             3             72  org.apache.lucene.search.suggest.document.CompletionPostingsFormat$FSTLoadMode
3760:             3             72  org.apache.lucene.store.TrackingDirectoryWrapper
3761:             3             72  org.apache.lucene.util.IntsRef
3762:             3             72  org.apache.lucene.util.NamedSPILoader
3763:             3             72  org.apache.lucene.util.fst.FST$INPUT_TYPE
3764:             3             72  org.bouncycastle.crypto.CryptoServicesRegistrar$Property
3765:             1             72  org.greenrobot.eventbus.EventBus
3766:             3             72  org.jcodings.util.CaseInsensitiveBytesHash
3767:             3             72  org.joni.ast.CClassNode$CCVALTYPE
3768:             3             72  org.locationtech.spatial4j.context.jts.DatelineRule
3769:             1             72  org.opensearch.action.admin.cluster.allocation.TransportClusterAllocationExplainAction
3770:             1             72  org.opensearch.action.admin.cluster.node.usage.TransportNodesUsageAction
3771:             1             72  org.opensearch.action.admin.indices.segments.TransportPitSegmentsAction
3772:             3             72  org.opensearch.action.support.IndicesOptions$WildcardStates
3773:             3             72  org.opensearch.action.support.replication.ReplicationMode
3774:             1             72  org.opensearch.action.update.TransportUpdateAction
3775:             1             72  org.opensearch.ad.task.ADTaskCacheManager
3776:             1             72  org.opensearch.ad.transport.DeleteAnomalyDetectorTransportAction
3777:             1             72  org.opensearch.ad.transport.IndexAnomalyDetectorTransportAction
3778:             1             72  org.opensearch.alerting.transport.TransportIndexAlertingCommentAction
3779:             1             72  org.opensearch.bootstrap.JNACLibrary$Rlimit
3780:             3             72  org.opensearch.cli.Terminal$Verbosity
3781:             3             72  org.opensearch.cluster.NodeConnectionsService$ActivityType
3782:             1             72  org.opensearch.cluster.coordination.Coordinator$CoordinatorPeerFinder
3783:             3             72  org.opensearch.cluster.coordination.Coordinator$Mode
3784:             3             72  org.opensearch.cluster.coordination.NodeRemovalClusterStateTaskExecutor
3785:             3             72  org.opensearch.cluster.metadata.Metadata$XContentContext
3786:             3             72  org.opensearch.cluster.routing.RoutingTable
3787:             3             72  org.opensearch.cluster.routing.ShardMovementStrategy
3788:             3             72  org.opensearch.cluster.routing.allocation.decider.ClusterRebalanceAllocationDecider$ClusterRebalanceType
3789:             1             72  org.opensearch.cluster.service.ClusterApplierService
3790:             3             72  org.opensearch.common.cache.Cache$State
3791:             3             72  org.opensearch.common.inject.ConstructorInjectorStore
3792:             3             72  org.opensearch.common.inject.ConstructorInjectorStore$1
3793:             3             72  org.opensearch.common.inject.Initializer
3794:             3             72  org.opensearch.common.inject.MembersInjectorStore
3795:             3             72  org.opensearch.common.inject.MembersInjectorStore$1
3796:             3             72  org.opensearch.common.inject.Stage
3797:             3             72  org.opensearch.common.inject.TypeConverterBindingProcessor
3798:             3             72  org.opensearch.common.metrics.OperationMetrics
3799:             3             72  org.opensearch.common.settings.KeyStoreWrapper$Entry
3800:             3             72  org.opensearch.common.util.concurrent.OpenSearchExecutors$$Lambda/0x00007fcd2853f3e8
3801:             3             72  org.opensearch.core.common.breaker.CircuitBreaker$Type
3802:             1             72  org.opensearch.forecast.transport.DeleteForecastModelTransportAction
3803:             1             72  org.opensearch.forecast.transport.DeleteForecasterTransportAction
3804:             1             72  org.opensearch.forecast.transport.IndexForecasterTransportAction
3805:             1             72  org.opensearch.gateway.GatewayService
3806:             1             72  org.opensearch.gateway.TransportNodesListGatewayStartedShards
3807:             1             72  org.opensearch.gateway.TransportNodesListGatewayStartedShardsBatch
3808:             3             72  org.opensearch.index.analysis.AnalyzerScope
3809:             3             72  org.opensearch.index.codec.customcodecs.backward_codecs.Lucene95CustomStoredFieldsFormat$1
3810:             3             72  org.opensearch.index.codec.customcodecs.backward_codecs.Lucene95CustomStoredFieldsFormat$2
3811:             3             72  org.opensearch.index.engine.Engine$Result$Type
3812:             3             72  org.opensearch.index.mapper.MappedFieldType$Relation
3813:             3             72  org.opensearch.index.mapper.ObjectMapper$Dynamic
3814:             3             72  org.opensearch.indexmanagement.indexstatemanagement.util.MetadataCheck
3815:             3             72  org.opensearch.indices.analysis.PreBuiltCacheFactory$CachingStrategy
3816:             1             72  org.opensearch.indices.breaker.HierarchyCircuitBreakerService$G1OverLimitStrategy
3817:             3             72  org.opensearch.indices.recovery.MultiChunkTransfer$Status
3818:             1             72  org.opensearch.indices.recovery.RecoverySettings
3819:             3             72  org.opensearch.ingest.geoip.IngestGeoIpPlugin$$Lambda/0x00007fcd288cc778
3820:             3             72  org.opensearch.jobscheduler.spi.utils.LockService
3821:             1             72  org.opensearch.ml.action.prediction.TransportPredictionTaskAction
3822:             1             72  org.opensearch.ml.action.profile.MLProfileTransportAction
3823:             1             72  org.opensearch.ml.action.stats.MLStatsNodesTransportAction
3824:             1             72  org.opensearch.ml.action.undeploy.TransportUndeployModelAction
3825:             3             72  org.opensearch.ml.breaker.BreakerName
3826:             1             72  org.opensearch.ml.task.MLPredictTaskRunner
3827:             3             72  org.opensearch.monitor.jvm.JvmGcMonitorService$JvmMonitor$Threshold
3828:             1             72  org.opensearch.performanceanalyzer.collectors.NodeStatsAllShardsMetricsCollector
3829:             3             72  org.opensearch.performanceanalyzer.commons.collectors.PerformanceAnalyzerMetricsCollector$State
3830:             1             72  org.opensearch.performanceanalyzer.commons.collectors.StatsCollector
3831:             3             72  org.opensearch.performanceanalyzer.config.setting.ClusterSettingsManager$$Lambda/0x00007fcd291cc000
3832:             1             72  org.opensearch.replication.action.index.TransportReplicateIndexClusterManagerNodeAction
3833:             1             72  org.opensearch.replication.action.stats.TransportFollowerStatsAction
3834:             1             72  org.opensearch.replication.action.stats.TransportLeaderStatsAction
3835:             3             72  org.opensearch.repositories.s3.async.AsyncExecutorContainer
3836:             3             72  org.opensearch.repositories.s3.async.AsyncTransferEventLoopGroup
3837:             3             72  org.opensearch.search.aggregations.bucket.LocalBucketCountThresholds
3838:             3             72  org.opensearch.search.aggregations.bucket.terms.GlobalOrdinalsStringTermsAggregator$RemapGlobalOrds
3839:             3             72  org.opensearch.search.aggregations.bucket.terms.GlobalOrdinalsStringTermsAggregator$StandardTermsResults
3840:             1             72  org.opensearch.search.internal.ContextIndexSearcher
3841:             1             72  org.opensearch.search.pipeline.SearchPipelineService
3842:             1             72  org.opensearch.security.action.configupdate.TransportConfigUpdateAction
3843:             3             72  org.opensearch.security.auditlog.AuditLog$Origin
3844:             1             72  org.opensearch.security.auditlog.impl.AuditLogImpl
3845:             3             72  org.opensearch.security.configuration.DlsFlsValveImpl$Mode
3846:             3             72  org.opensearch.security.privileges.PrivilegesInterceptor$ReplaceResult
3847:             1             72  org.opensearch.security.securityconf.DynamicConfigModelV7
3848:             3             72  org.opensearch.security.securityconf.impl.WhitelistingSettings
3849:             3             72  org.opensearch.security.support.ConfigConstants$RolesMappingResolution
3850:             1             72  org.opensearch.securityanalytics.transport.TransportIndexCustomLogTypeAction
3851:             3             72  org.opensearch.sql.legacy.metrics.GaugeMetric
3852:             1             72  org.opensearch.tasks.TaskManager
3853:             3             72  org.opensearch.telemetry.tracing.SpanKind
3854:             3             72  org.opensearch.threadpool.AutoQueueAdjustingExecutorBuilder$1
3855:             3             72  org.opensearch.threadpool.AutoQueueAdjustingExecutorBuilder$2
3856:             3             72  org.opensearch.timeseries.MemoryTracker$Origin
3857:             1             72  org.opensearch.timeseries.ml.MemoryAwareConcurrentHashmap
3858:             3             72  org.opensearch.timeseries.stats.StatType
3859:             3             72  org.opensearch.transport.netty4.ssl.SecureConnectionTestUtil$SSLConnectionTestResult
3860:             3             72  org.opensearch.watcher.ResourceWatcherService$ResourceMonitor
3861:             3             72  org.yaml.snakeyaml.comments.CommentType
3862:             3             72  sun.management.ManagementFactoryHelper$1 (java.management@21.0.3)
3863:             3             72  sun.security.provider.DSAParameters (java.base@21.0.3)
3864:             3             72  sun.security.provider.NativePRNG$Variant (java.base@21.0.3)
3865:             3             72  sun.security.ssl.ClientAuthType (java.base@21.0.3)
3866:             3             72  sun.security.ssl.SunX509KeyManagerImpl (java.base@21.0.3)
3867:             3             72  sun.security.ssl.SunX509KeyManagerImpl$X509Credentials (java.base@21.0.3)
3868:             3             72  sun.util.locale.LocaleExtensions (java.base@21.0.3)
3869:             3             72  sun.util.resources.ParallelListResourceBundle$KeySet (java.base@21.0.3)
3870:             2             64  [Lcom.fasterxml.jackson.annotation.JsonCreator$Mode;
3871:             1             64  [Lcom.fasterxml.jackson.annotation.JsonFormat$Feature;
3872:             1             64  [Lcom.fasterxml.jackson.annotation.JsonFormat$Shape;
3873:             1             64  [Lcom.fasterxml.jackson.annotation.JsonFormat$Shape;
3874:             1             64  [Lcom.fasterxml.jackson.annotation.JsonFormat$Shape;
3875:             2             64  [Lcom.fasterxml.jackson.annotation.JsonProperty$Access;
3876:             2             64  [Lcom.fasterxml.jackson.annotation.OptBoolean;
3877:             1             64  [Lcom.fasterxml.jackson.databind.node.IntNode;
3878:             1             64  [Lcom.fasterxml.jackson.dataformat.yaml.YAMLGenerator$Feature;
3879:             2             64  [Lio.netty.handler.ssl.ClientAuth;
3880:             1             64  [Lio.protostuff.runtime.PolymorphicSchemaFactories;
3881:             2             64  [Ljava.lang.StackWalker$Option; (java.base@21.0.3)
3882:             2             64  [Ljava.lang.annotation.RetentionPolicy; (java.base@21.0.3)
3883:             1             64  [Ljava.lang.invoke.MethodHandleImpl$Intrinsic; (java.base@21.0.3)
3884:             2             64  [Ljava.nio.charset.CoderResult; (java.base@21.0.3)
3885:             2             64  [Ljava.util.stream.Collector$Characteristics; (java.base@21.0.3)
3886:             2             64  [Ljdk.internal.util.OperatingSystem; (java.base@21.0.3)
3887:             2             64  [Lkotlin.annotation.AnnotationRetention;
3888:             2             64  [Lkotlin.annotation.AnnotationRetention;
3889:             2             64  [Lorg.apache.lucene.codecs.lucene90.blocktree.CompressionAlgorithm;
3890:             2             64  [Lorg.apache.lucene.index.MergePolicy$OneMergeProgress$PauseReason;
3891:             4             64  [Lorg.apache.lucene.search.ScoreDoc;
3892:             2             64  [Lorg.opensearch.action.search.ShardStatsFieldNames;
3893:             2             64  [Lorg.opensearch.action.support.IndicesOptions$WildcardStates;
3894:             2             64  [Lorg.opensearch.action.support.WriteRequest$RefreshPolicy;
3895:             2             64  [Lorg.opensearch.cluster.metadata.Metadata$XContentContext;
3896:             2             64  [Lorg.opensearch.cluster.routing.ShardMovementStrategy;
3897:             2             64  [Lorg.opensearch.cluster.routing.allocation.decider.EnableAllocationDecider$Allocation;
3898:             2             64  [Lorg.opensearch.cluster.routing.allocation.decider.EnableAllocationDecider$Rebalance;
3899:             2             64  [Lorg.opensearch.common.logging.SlowLogLevel;
3900:             2             64  [Lorg.opensearch.common.path.PathTrie$TrieMatchingMode;
3901:             2             64  [Lorg.opensearch.common.util.PageCacheRecycler$Type;
3902:             1             64  [Lorg.opensearch.index.fielddata.IndexNumericFieldData$NumericType;
3903:             2             64  [Lorg.opensearch.index.remote.RemoteStoreEnums$PathType;
3904:             2             64  [Lorg.opensearch.node.remotestore.RemoteStoreNodeService$Direction;
3905:             2             64  [Lorg.opensearch.observability.settings.PluginSettings$FilterBy;
3906:             2             64  [Lorg.opensearch.performanceanalyzer.commons.stats.metrics.ExceptionsAndErrors;
3907:             2             64  [Lorg.opensearch.repositories.s3.ProxySettings$ProxyType;
3908:             1             64  [Lorg.opensearch.security.auditlog.config.AuditConfig$Filter$FilterEntries;
3909:             1             64  [Lorg.opensearch.security.ssl.SecureSSLSettings$SSLSetting;
3910:             2             64  [Lorg.opensearch.security.support.ConfigConstants$RolesMappingResolution;
3911:             2             64  [Lorg.opensearch.timeseries.MemoryTracker$Origin;
3912:             2             64  [Lorg.opensearch.timeseries.model.EntityProfileName;
3913:             1             64  [Lorg.yaml.snakeyaml.events.Event$ID;
3914:             2             64  [Lsun.security.ssl.SSLTrafficKeyDerivation$KeySchedule; (java.base@21.0.3)
3915:             2             64  com.fasterxml.jackson.core.StreamWriteCapability
3916:             4             64  com.fasterxml.jackson.core.StreamWriteConstraints
3917:             2             64  com.fasterxml.jackson.databind.cfg.EnumFeature
3918:             2             64  com.fasterxml.jackson.databind.cfg.EnumFeature
3919:             2             64  com.fasterxml.jackson.databind.cfg.EnumFeature
3920:             2             64  com.fasterxml.jackson.databind.introspect.AnnotationCollector$TwoAnnotations
3921:             4             64  com.fasterxml.jackson.databind.introspect.BasicClassIntrospector
3922:             2             64  com.fasterxml.jackson.databind.introspect.VisibilityChecker$Std
3923:             2             64  com.fasterxml.jackson.databind.introspect.VisibilityChecker$Std
3924:             4             64  com.fasterxml.jackson.databind.jsontype.impl.StdSubtypeResolver
3925:             2             64  com.fasterxml.jackson.databind.ser.std.NumberSerializers$DoubleSerializer
3926:             2             64  com.fasterxml.jackson.databind.ser.std.NumberSerializers$DoubleSerializer
3927:             2             64  com.fasterxml.jackson.databind.ser.std.NumberSerializers$DoubleSerializer
3928:             2             64  com.fasterxml.jackson.databind.ser.std.NumberSerializers$IntegerSerializer
3929:             2             64  com.fasterxml.jackson.databind.ser.std.NumberSerializers$IntegerSerializer
3930:             2             64  com.fasterxml.jackson.databind.ser.std.NumberSerializers$IntegerSerializer
3931:             2             64  com.fasterxml.jackson.databind.ser.std.NumberSerializers$LongSerializer
3932:             2             64  com.fasterxml.jackson.databind.ser.std.NumberSerializers$LongSerializer
3933:             2             64  com.fasterxml.jackson.databind.ser.std.NumberSerializers$LongSerializer
3934:             4             64  com.fasterxml.jackson.databind.util.RootNameLookup
3935:             2             64  com.fasterxml.jackson.dataformat.yaml.YAMLParser$Feature
3936:             1             64  com.google.common.cache.CacheStats
3937:             1             64  com.google.common.cache.CacheStats
3938:             1             64  com.google.common.cache.CacheStats
3939:             1             64  com.google.common.cache.CacheStats
3940:             4             64  com.google.common.cache.LocalCache$AccessQueue
3941:             4             64  com.google.common.collect.$Proxy54
3942:             2             64  com.google.common.collect.RegularImmutableSet
3943:             2             64  com.google.common.collect.RegularImmutableSet
3944:             4             64  com.google.common.collect.SingletonImmutableList
3945:             2             64  com.google.common.io.BaseEncoding$Base64Encoding
3946:             2             64  com.google.common.io.BaseEncoding$StandardBaseEncoding
3947:             4             64  com.sun.proxy.jdk.proxy1.$Proxy28 (jdk.proxy1)
3948:             1             64  io.netty.util.concurrent.GlobalEventExecutor
3949:             1             64  io.netty.util.concurrent.GlobalEventExecutor
3950:             1             64  io.netty.util.concurrent.ScheduledFutureTask
3951:             2             64  io.protostuff.runtime.ArraySchemas$BoolArray
3952:             2             64  io.protostuff.runtime.ArraySchemas$CharArray
3953:             2             64  io.protostuff.runtime.ArraySchemas$FloatArray
3954:             2             64  io.protostuff.runtime.ArraySchemas$Int32Array
3955:             2             64  io.protostuff.runtime.ArraySchemas$Int64Array
3956:             2             64  io.protostuff.runtime.ArraySchemas$ShortArray
3957:             2             64  io.protostuff.runtime.RuntimeSchema
3958:             2             64  java.io.ClassCache$1 (java.base@21.0.3)
3959:             2             64  java.io.DataInputStream (java.base@21.0.3)
3960:             2             64  java.io.ObjectInputStream$HandleTable (java.base@21.0.3)
3961:             2             64  java.io.ObjectInputStream$PeekInputStream (java.base@21.0.3)
3962:             2             64  java.lang.StringLatin1$CharsSpliterator (java.base@21.0.3)
3963:             2             64  java.lang.invoke.MethodHandles$Lookup$ClassOption (java.base@21.0.3)
3964:             2             64  java.lang.ref.ReferenceQueue$Null (java.base@21.0.3)
3965:             4             64  java.security.spec.NamedParameterSpec (java.base@21.0.3)
3966:             2             64  java.time.temporal.IsoFields$Unit (java.base@21.0.3)
3967:             2             64  java.time.zone.ZoneOffsetTransition (java.base@21.0.3)
3968:             2             64  java.util.ArrayList$SubList (java.base@21.0.3)
3969:             4             64  java.util.Comparator$$Lambda/0x00007fcd289f2cc8 (java.base@21.0.3)
3970:             2             64  java.util.LinkedList$ListItr (java.base@21.0.3)
3971:             2             64  java.util.concurrent.ConcurrentHashMap$ForwardingNode (java.base@21.0.3)
3972:             4             64  java.util.concurrent.ConcurrentSkipListSet (java.base@21.0.3)
3973:             2             64  java.util.concurrent.SynchronousQueue (java.base@21.0.3)
3974:             1             64  java.util.logging.LogManager$RootLogger (java.logging@21.0.3)
3975:             2             64  java.util.stream.ReduceOps$3 (java.base@21.0.3)
3976:             4             64  javax.crypto.JceSecurity$2 (java.base@21.0.3)
3977:             2             64  jdk.internal.foreign.GlobalSession (java.base@21.0.3)
3978:             2             64  jdk.internal.reflect.MethodHandleIntegerFieldAccessorImpl (java.base@21.0.3)
3979:             4             64  jdk.internal.util.Preconditions$4 (java.base@21.0.3)
3980:             2             64  jdk.jfr.internal.jfc.JFC$KnownConfiguration (jdk.jfr@21.0.3)
3981:             4             64  jdk.proxy2.$Proxy6 (jdk.proxy2)
3982:             4             64  jdk.proxy4.$Proxy21 (jdk.proxy4)
3983:             2             64  joptsimple.internal.Rows
3984:             1             64  kotlinx.coroutines.scheduling.CoroutineScheduler
3985:             1             64  kotlinx.coroutines.scheduling.CoroutineScheduler
3986:             1             64  kotlinx.coroutines.scheduling.CoroutineScheduler
3987:             1             64  kotlinx.coroutines.scheduling.CoroutineScheduler
3988:             2             64  kotlinx.coroutines.scheduling.WorkQueue
3989:             4             64  org.apache.logging.log4j.core.lookup.StrMatcher$StringMatcher
3990:             4             64  org.apache.logging.log4j.core.pattern.NameAbbreviator$PatternAbbreviator
3991:             2             64  org.apache.logging.log4j.core.util.datetime.FastDatePrinter
3992:             1             64  org.apache.logging.log4j.jul.LogManager
3993:             4             64  org.apache.lucene.analysis.ar.ArabicNormalizer
3994:             2             64  org.apache.lucene.analysis.br.BrazilianStemmer
3995:             2             64  org.apache.lucene.analysis.classic.ClassicAnalyzer
3996:             4             64  org.apache.lucene.analysis.in.IndicNormalizer
3997:             2             64  org.apache.lucene.analysis.util.CharArrayIterator$2
3998:             2             64  org.apache.lucene.analysis.util.CharArrayIterator$4
3999:             4             64  org.apache.lucene.backward_codecs.lucene50.Lucene50StoredFieldsFormat
4000:             1             64  org.apache.lucene.backward_codecs.lucene84.Lucene84Codec
4001:             1             64  org.apache.lucene.backward_codecs.lucene86.Lucene86Codec
4002:             2             64  org.apache.lucene.backward_codecs.lucene87.Lucene87Codec$Mode
4003:             2             64  org.apache.lucene.backward_codecs.lucene90.Lucene90Codec$Mode
4004:             2             64  org.apache.lucene.backward_codecs.lucene91.Lucene91Codec$Mode
4005:             2             64  org.apache.lucene.backward_codecs.lucene92.Lucene92Codec$Mode
4006:             2             64  org.apache.lucene.backward_codecs.lucene94.Lucene94Codec$Mode
4007:             2             64  org.apache.lucene.backward_codecs.lucene95.Lucene95Codec$Mode
4008:             1             64  org.apache.lucene.codecs.lucene90.blocktree.Lucene90BlockTreeTermsWriter
4009:             2             64  org.apache.lucene.codecs.lucene99.Lucene99Codec$Mode
4010:             4             64  org.apache.lucene.index.BufferedUpdatesStream$SegmentState$$Lambda/0x00007fcd291b2220
4011:             4             64  org.apache.lucene.index.BufferedUpdatesStream$SegmentState$$Lambda/0x00007fcd291b2458
4012:             4             64  org.apache.lucene.index.ByteSlicePool
4013:             4             64  org.apache.lucene.index.DocValues$2
4014:             4             64  org.apache.lucene.index.FrozenBufferedUpdates$TermDocsIterator$$Lambda/0x00007fcd291b7688
4015:             4             64  org.apache.lucene.index.IndexWriter$$Lambda/0x00007fcd290e1000
4016:             4             64  org.apache.lucene.index.IndexWriter$$Lambda/0x00007fcd291b7218
4017:             2             64  org.apache.lucene.index.VectorEncoding
4018:             2             64  org.apache.lucene.util.VirtualMethod
4019:             2             64  org.apache.lucene.util.VirtualMethod$1
4020:             2             64  org.apache.lucene.util.fst.GrowableByteArrayDataOutput
4021:             4             64  org.bouncycastle.asn1.x9.X962Parameters
4022:             4             64  org.bouncycastle.jcajce.provider.asymmetric.ecgost12.KeyFactorySpi
4023:             1             64  org.jcodings.specific.UTF8Encoding
4024:             1             64  org.jooq.tools.json.Yylex
4025:             1             64  org.opensearch.action.admin.cluster.node.reload.TransportNodesReloadSecureSettingsAction
4026:             1             64  org.opensearch.action.admin.cluster.repositories.cleanup.TransportCleanupRepositoryAction
4027:             1             64  org.opensearch.action.admin.cluster.settings.TransportClusterUpdateSettingsAction
4028:             1             64  org.opensearch.action.admin.cluster.stats.TransportClusterStatsAction
4029:             1             64  org.opensearch.action.admin.indices.analyze.TransportAnalyzeAction
4030:             1             64  org.opensearch.action.admin.indices.close.TransportCloseIndexAction
4031:             1             64  org.opensearch.action.admin.indices.create.AutoCreateAction$TransportAction
4032:             1             64  org.opensearch.action.admin.indices.dangling.delete.TransportDeleteDanglingIndexAction
4033:             1             64  org.opensearch.action.admin.indices.dangling.find.TransportFindDanglingIndexAction
4034:             1             64  org.opensearch.action.admin.indices.dangling.list.TransportListDanglingIndicesAction
4035:             1             64  org.opensearch.action.admin.indices.get.TransportGetIndexAction
4036:             1             64  org.opensearch.action.admin.indices.mapping.get.TransportGetFieldMappingsIndexAction
4037:             1             64  org.opensearch.action.admin.indices.rollover.TransportRolloverAction
4038:             1             64  org.opensearch.action.admin.indices.template.post.TransportSimulateIndexTemplateAction
4039:             1             64  org.opensearch.action.admin.indices.template.post.TransportSimulateTemplateAction
4040:             1             64  org.opensearch.action.search.SearchResponse
4041:             2             64  org.opensearch.action.search.SearchType
4042:             4             64  org.opensearch.action.support.ActiveShardCount
4043:             4             64  org.opensearch.action.support.tasks.TransportTasksAction$$Lambda/0x00007fcd28edcb48
4044:             4             64  org.opensearch.action.support.tasks.TransportTasksAction$NodeTransportHandler
4045:             1             64  org.opensearch.ad.ADJobProcessor
4046:             1             64  org.opensearch.ad.ExecuteADResultResponseRecorder
4047:             1             64  org.opensearch.ad.rest.handler.ADIndexJobActionHandler
4048:             1             64  org.opensearch.ad.transport.ADCancelTaskTransportAction
4049:             1             64  org.opensearch.ad.transport.ADProfileTransportAction
4050:             1             64  org.opensearch.ad.transport.ADResultBulkTransportAction
4051:             1             64  org.opensearch.ad.transport.ADStatsNodesTransportAction
4052:             1             64  org.opensearch.ad.transport.ADTaskProfileTransportAction
4053:             1             64  org.opensearch.ad.transport.PreviewAnomalyDetectorTransportAction
4054:             2             64  org.opensearch.ad.transport.SearchTopAnomalyResultTransportAction$OrderType
4055:             1             64  org.opensearch.ad.transport.ValidateAnomalyDetectorTransportAction
4056:             1             64  org.opensearch.alerting.core.action.node.ScheduledJobsStatsTransportAction
4057:             1             64  org.opensearch.alerting.transport.TransportExecuteMonitorAction
4058:             1             64  org.opensearch.bootstrap.OpenSearch
4059:             1             64  org.opensearch.cluster.coordination.FollowersChecker
4060:             2             64  org.opensearch.cluster.decommission.DecommissionController
4061:             2             64  org.opensearch.cluster.metadata.IndexMetadata$State
4062:             2             64  org.opensearch.cluster.metadata.IndexNameExpressionResolver
4063:             1             64  org.opensearch.cluster.metadata.MetadataIndexTemplateService
4064:             4             64  org.opensearch.cluster.node.DiscoveryNode$$Lambda/0x00007fcd2918eec0
4065:             2             64  org.opensearch.cluster.routing.RoutingNodes$UnassignedShards
4066:             1             64  org.opensearch.cluster.service.ClusterManagerService
4067:             4             64  org.opensearch.common.recycler.NoneRecycler
4068:             4             64  org.opensearch.common.settings.Setting$$Lambda/0x00007fcd280c7be0
4069:             4             64  org.opensearch.common.transport.PortsRange$$Lambda/0x00007fcd281de818
4070:             2             64  org.opensearch.common.util.LazyInitializable
4071:             2             64  org.opensearch.common.util.PageCacheRecycler
4072:             1             64  org.opensearch.common.util.ReorganizingLongHash
4073:             2             64  org.opensearch.core.tasks.resourcetracker.ResourceStats
4074:             4             64  org.opensearch.core.xcontent.AbstractObjectParser$$Lambda/0x00007fcd291ddf98
4075:             4             64  org.opensearch.core.xcontent.AbstractObjectParser$$Lambda/0x00007fcd291de1c8
4076:             1             64  org.opensearch.extensions.NoopExtensionsManager
4077:             1             64  org.opensearch.forecast.ExecuteForecastResultResponseRecorder
4078:             1             64  org.opensearch.forecast.ForecastJobProcessor
4079:             1             64  org.opensearch.forecast.rest.handler.ForecastIndexJobActionHandler
4080:             1             64  org.opensearch.forecast.transport.ForecastProfileTransportAction
4081:             1             64  org.opensearch.forecast.transport.ForecastResultBulkTransportAction
4082:             1             64  org.opensearch.forecast.transport.ForecastRunOnceProfileTransportAction
4083:             1             64  org.opensearch.forecast.transport.ValidateForecasterTransportAction
4084:             2             64  org.opensearch.geometry.utils.WellKnownText
4085:             1             64  org.opensearch.geospatial.stats.upload.UploadStatsTransportAction
4086:             2             64  org.opensearch.index.codec.customcodecs.Lucene99CustomCodec$Mode
4087:             2             64  org.opensearch.index.codec.customcodecs.Lucene99CustomStoredFieldsFormat
4088:             2             64  org.opensearch.index.codec.customcodecs.Lucene99QatCodec$Mode
4089:             2             64  org.opensearch.index.mapper.NestedPathFieldMapper
4090:             1             64  org.opensearch.index.shard.IndexShard$NonClosingReaderWrapper
4091:             1             64  org.opensearch.indexmanagement.indexstatemanagement.IndexStateManagementHistory
4092:             1             64  org.opensearch.indexmanagement.indexstatemanagement.MetadataService
4093:             4             64  org.opensearch.indexmanagement.indexstatemanagement.PluginVersionSweepCoordinator$$Lambda/0x00007fcd29022100
4094:             1             64  org.opensearch.indexmanagement.indexstatemanagement.transport.action.addpolicy.TransportAddPolicyAction
4095:             1             64  org.opensearch.indexmanagement.indexstatemanagement.transport.action.updateindexmetadata.TransportUpdateManagedIndexMetaDataAction
4096:             1             64  org.opensearch.indexmanagement.snapshotmanagement.api.transport.index.TransportIndexSMPolicyAction
4097:             1             64  org.opensearch.indexmanagement.transform.action.index.TransportIndexTransformAction
4098:             1             64  org.opensearch.indices.store.TransportNodesListShardStoreMetadata
4099:             1             64  org.opensearch.indices.store.TransportNodesListShardStoreMetadataBatch
4100:             2             64  org.opensearch.knn.index.Parameter$MethodComponentContextParameter
4101:             1             64  org.opensearch.ml.action.forward.TransportForwardAction
4102:             1             64  org.opensearch.ml.action.model_group.TransportRegisterModelGroupAction
4103:             1             64  org.opensearch.ml.action.models.UpdateModelTransportAction
4104:             1             64  org.opensearch.ml.task.MLExecuteTaskRunner
4105:             1             64  org.opensearch.ml.task.MLTrainAndPredictTaskRunner
4106:             1             64  org.opensearch.ml.task.MLTrainingTaskRunner
4107:             1             64  org.opensearch.monitor.fs.FsHealthService
4108:             2             64  org.opensearch.monitor.fs.FsInfo
4109:             2             64  org.opensearch.monitor.os.OsStats$Mem
4110:             2             64  org.opensearch.monitor.os.OsStats$Swap
4111:             4             64  org.opensearch.node.Node$$Lambda/0x00007fcd288b11c8
4112:             2             64  org.opensearch.node.ResponseCollectorService$NodeStatistics
4113:             2             64  org.opensearch.node.remotestore.RemoteStoreNodeService$CompatibilityMode
4114:             1             64  org.opensearch.node.resource.tracker.AverageIoUsageTracker
4115:             1             64  org.opensearch.painless.action.PainlessExecuteAction$TransportAction
4116:             4             64  org.opensearch.painless.spi.annotation.InjectConstantAnnotation
4117:             1             64  org.opensearch.performanceanalyzer.collectors.AdmissionControlMetricsCollector
4118:             1             64  org.opensearch.performanceanalyzer.collectors.ClusterApplierServiceStatsCollector
4119:             1             64  org.opensearch.performanceanalyzer.collectors.ElectionTermCollector
4120:             1             64  org.opensearch.performanceanalyzer.collectors.FaultDetectionMetricsCollector
4121:             1             64  org.opensearch.performanceanalyzer.collectors.ShardIndexingPressureMetricsCollector
4122:             1             64  org.opensearch.performanceanalyzer.collectors.ShardStateCollector
4123:             1             64  org.opensearch.performanceanalyzer.collectors.ThreadPoolMetricsCollector
4124:             1             64  org.opensearch.performanceanalyzer.commons.collectors.OSMetricsCollector
4125:             2             64  org.opensearch.performanceanalyzer.commons.config.overrides.ConfigOverrides$Overrides
4126:             1             64  org.opensearch.performanceanalyzer.writer.EventLogQueueProcessor
4127:             1             64  org.opensearch.replication.ReplicationSettings
4128:             1             64  org.opensearch.replication.action.autofollow.TransportAutoFollowClusterManagerNodeAction
4129:             1             64  org.opensearch.replication.action.changes.TransportGetChangesAction
4130:             1             64  org.opensearch.replication.action.pause.TransportPauseIndexReplicationAction
4131:             1             64  org.opensearch.replication.action.repository.TransportGetFileChunkAction
4132:             1             64  org.opensearch.replication.action.resume.TransportResumeIndexReplicationAction
4133:             1             64  org.opensearch.replication.action.stop.TransportStopIndexReplicationAction
4134:             1             64  org.opensearch.replication.action.update.TransportUpdateIndexReplicationAction
4135:             1             64  org.opensearch.replication.metadata.TransportUpdateMetadataAction
4136:             1             64  org.opensearch.repositories.RepositoriesService
4137:             1             64  org.opensearch.repositories.s3.S3RepositoryPlugin
4138:             1             64  org.opensearch.repositories.s3.S3RepositoryPlugin$LowPrioritySizeBasedBlockingQ
4139:             1             64  org.opensearch.repositories.s3.async.SizeBasedBlockingQ
4140:             2             64  org.opensearch.repositories.s3.utils.Protocol
4141:             2             64  org.opensearch.rest.NamedRoute
4142:             2             64  org.opensearch.script.Script
4143:             2             64  org.opensearch.script.ScriptType
4144:             2             64  org.opensearch.search.DocValueFormat$DateTime
4145:             4             64  org.opensearch.search.SearchModule$$Lambda/0x00007fcd287966e0
4146:             2             64  org.opensearch.search.aggregations.Aggregator$SubAggCollectionMode
4147:             4             64  org.opensearch.search.aggregations.bucket.DocCountProvider
4148:             1             64  org.opensearch.search.aggregations.bucket.histogram.DateHistogramAggregatorFactory
4149:             2             64  org.opensearch.search.aggregations.bucket.histogram.LongBounds
4150:             2             64  org.opensearch.search.aggregations.pipeline.HoltWintersModel$SeasonalityType
4151:             1             64  org.opensearch.search.asynchronous.transport.TransportDeleteAsynchronousSearchAction
4152:             1             64  org.opensearch.search.asynchronous.transport.TransportGetAsynchronousSearchAction
4153:             2             64  org.opensearch.search.backpressure.trackers.HeapUsageTracker
4154:             2             64  org.opensearch.search.fetch.subphase.FetchSourceContext
4155:             1             64  org.opensearch.search.internal.ExitableDirectoryReader
4156:             1             64  org.opensearch.search.internal.ReaderContext
4157:             1             64  org.opensearch.security.auditlog.sink.Log4JSink
4158:             2             64  org.opensearch.security.auth.UserInjector
4159:             4             64  org.opensearch.security.dlic.rest.api.AbstractApiAction$$Lambda/0x00007fcd28fe8220
4160:             1             64  org.opensearch.security.dlic.rest.api.ssl.TransportCertificatesInfoNodesAction
4161:             1             64  org.opensearch.security.filter.SecurityFilter
4162:             1             64  org.opensearch.security.transport.SecurityInterceptor
4163:             1             64  org.opensearch.securityanalytics.transport.TransportDeleteCustomLogTypeAction
4164:             1             64  org.opensearch.securityanalytics.transport.TransportGetFindingsAction
4165:             1             64  org.opensearch.securityanalytics.transport.TransportIndexRuleAction
4166:             1             64  org.opensearch.securityanalytics.transport.TransportSearchDetectorAction
4167:             2             64  org.opensearch.sql.datasource.model.DataSourceStatus
4168:             2             64  org.opensearch.sql.ppl.PPLService
4169:             1             64  org.opensearch.sql.spark.cluster.ClusterManagerEventListener
4170:             2             64  org.opensearch.sql.spark.dispatcher.SparkQueryDispatcher
4171:             4             64  org.opensearch.sql.spark.response.OpenSearchJobExecutionResponseReader
4172:             2             64  org.opensearch.timeseries.breaker.BreakerName
4173:             2             64  org.opensearch.timeseries.indices.IndexManagement$IndexState
4174:             2             64  org.opensearch.timeseries.ratelimit.CheckPointMaintainRequestAdapter
4175:             1             64  org.opensearch.transport.TransportService$1
4176:             4             64  sun.reflect.generics.tree.ArrayTypeSignature (java.base@21.0.3)
4177:             2             64  sun.security.provider.FileInputStreamPool$StreamRef (java.base@21.0.3)
4178:             1             64  sun.security.provider.certpath.ldap.JdkLDAP$ProviderService (java.naming@21.0.3)
4179:             1             64  sun.security.smartcardio.SunPCSC$ProviderService (java.smartcardio@21.0.3)
4180:             2             64  sun.security.ssl.Alert$Level (java.base@21.0.3)
4181:             2             64  sun.security.ssl.CertStatusExtension$CertStatusRequestType (java.base@21.0.3)
4182:             2             64  sun.security.ssl.CertStatusExtension$OCSPStatusRequest (java.base@21.0.3)
4183:             2             64  sun.security.ssl.PskKeyExchangeModesExtension$PskKeyExchangeMode (java.base@21.0.3)
4184:             4             64  sun.security.ssl.SSLCipher$T11BlockReadCipherGenerator (java.base@21.0.3)
4185:             4             64  sun.security.ssl.SSLCipher$T11BlockWriteCipherGenerator (java.base@21.0.3)
4186:             4             64  sun.security.util.DisabledAlgorithmConstraints$Constraints (java.base@21.0.3)
4187:             4             64  sun.security.x509.RFC822Name (java.base@21.0.3)
4188:             1             56  [Lcom.fasterxml.jackson.databind.cfg.CoercionInputShape;
4189:             1             56  [Lcom.fasterxml.jackson.databind.cfg.CoercionInputShape;
4190:             1             56  [Lcom.fasterxml.jackson.databind.cfg.CoercionInputShape;
4191:             1             56  [Lio.protostuff.WireFormat$JavaType;
4192:             1             56  [Ljava.lang.Runnable; (java.base@21.0.3)
4193:             1             56  [Ljava.lang.reflect.AccessFlag$Location; (java.base@21.0.3)
4194:             2             56  [Ljava.net.InterfaceAddress; (java.base@21.0.3)
4195:             1             56  [Ljava.nio.file.StandardOpenOption; (java.base@21.0.3)
4196:             1             56  [Lorg.apache.lucene.codecs.CompetitiveImpactAccumulator;
4197:             1             56  [Lorg.opensearch.common.geo.GeoShapeType;
4198:             1             56  [Lorg.opensearch.common.settings.Setting$AffixSetting;
4199:             1             56  [Lorg.opensearch.ml.engine.indices.MLIndex;
4200:             1             56  [Lorg.opensearch.performanceanalyzer.commons.metrics.RTFMetrics$ShardStatsValue;
4201:             1             56  [Lorg.opensearch.rest.RestRequest$Method;
4202:             1             56  [Lorg.opensearch.timeseries.model.TaskState;
4203:             1             56  [[Ljava.lang.management.ThreadInfo; (java.management@21.0.3)
4204:             1             56  com.amazon.dlic.auth.http.jwt.keybyoidc.HTTPJwtKeyByOpenIdConnectAuthenticator
4205:             1             56  com.fasterxml.jackson.databind.type.ArrayType
4206:             1             56  io.netty.bootstrap.Bootstrap
4207:             1             56  java.lang.invoke.BoundMethodHandle$Specializer (java.base@21.0.3)
4208:             1             56  java.time.chrono.HijrahChronology (java.base@21.0.3)
4209:             1             56  java.util.ServiceLoader (java.base@21.0.3)
4210:             1             56  java.util.concurrent.ConcurrentHashMap$ValueSpliterator (java.base@21.0.3)
4211:             1             56  java.util.logging.ConsoleHandler (java.logging@21.0.3)
4212:             1             56  org.apache.logging.log4j.core.LoggerContext
4213:             1             56  org.apache.lucene.analysis.core.KeywordTokenizer
4214:             1             56  org.apache.lucene.backward_codecs.lucene70.Lucene70Codec
4215:             1             56  org.apache.lucene.backward_codecs.lucene80.Lucene80Codec
4216:             1             56  org.objectweb.asm.Label
4217:             1             56  org.opensearch.action.admin.cluster.configuration.TransportAddVotingConfigExclusionsAction
4218:             1             56  org.opensearch.action.admin.cluster.decommission.awareness.delete.TransportDeleteDecommissionStateAction
4219:             1             56  org.opensearch.action.admin.cluster.decommission.awareness.put.TransportDecommissionAction
4220:             1             56  org.opensearch.action.admin.cluster.health.TransportClusterHealthAction
4221:             1             56  org.opensearch.action.admin.cluster.node.hotthreads.NodesHotThreadsRequest
4222:             1             56  org.opensearch.action.admin.cluster.node.hotthreads.TransportNodesHotThreadsAction
4223:             1             56  org.opensearch.action.admin.cluster.node.info.TransportNodesInfoAction
4224:             1             56  org.opensearch.action.admin.cluster.node.stats.TransportNodesStatsAction
4225:             1             56  org.opensearch.action.admin.cluster.node.tasks.cancel.TransportCancelTasksAction
4226:             1             56  org.opensearch.action.admin.cluster.node.tasks.get.TransportGetTaskAction
4227:             1             56  org.opensearch.action.admin.cluster.node.tasks.list.TransportListTasksAction
4228:             1             56  org.opensearch.action.admin.cluster.remotestore.restore.TransportRestoreRemoteStoreAction
4229:             1             56  org.opensearch.action.admin.cluster.remotestore.stats.TransportRemoteStoreStatsAction
4230:             1             56  org.opensearch.action.admin.cluster.repositories.delete.TransportDeleteRepositoryAction
4231:             1             56  org.opensearch.action.admin.cluster.repositories.put.TransportPutRepositoryAction
4232:             1             56  org.opensearch.action.admin.cluster.repositories.verify.TransportVerifyRepositoryAction
4233:             1             56  org.opensearch.action.admin.cluster.reroute.TransportClusterRerouteAction
4234:             1             56  org.opensearch.action.admin.cluster.shards.TransportClusterSearchShardsAction
4235:             1             56  org.opensearch.action.admin.cluster.shards.routing.weighted.delete.TransportDeleteWeightedRoutingAction
4236:             1             56  org.opensearch.action.admin.cluster.shards.routing.weighted.get.TransportGetWeightedRoutingAction
4237:             1             56  org.opensearch.action.admin.cluster.shards.routing.weighted.put.TransportAddWeightedRoutingAction
4238:             1             56  org.opensearch.action.admin.cluster.snapshots.clone.TransportCloneSnapshotAction
4239:             1             56  org.opensearch.action.admin.cluster.snapshots.create.TransportCreateSnapshotAction
4240:             1             56  org.opensearch.action.admin.cluster.snapshots.delete.TransportDeleteSnapshotAction
4241:             1             56  org.opensearch.action.admin.cluster.snapshots.get.TransportGetSnapshotsAction
4242:             1             56  org.opensearch.action.admin.cluster.snapshots.restore.TransportRestoreSnapshotAction
4243:             1             56  org.opensearch.action.admin.cluster.snapshots.status.TransportNodesSnapshotsStatus
4244:             1             56  org.opensearch.action.admin.cluster.snapshots.status.TransportSnapshotsStatusAction
4245:             1             56  org.opensearch.action.admin.cluster.state.TransportClusterStateAction
4246:             1             56  org.opensearch.action.admin.cluster.storedscripts.TransportDeleteStoredScriptAction
4247:             1             56  org.opensearch.action.admin.cluster.storedscripts.TransportGetStoredScriptAction
4248:             1             56  org.opensearch.action.admin.cluster.storedscripts.TransportPutStoredScriptAction
4249:             1             56  org.opensearch.action.admin.cluster.tasks.TransportPendingClusterTasksAction
4250:             1             56  org.opensearch.action.admin.indices.alias.TransportIndicesAliasesAction
4251:             1             56  org.opensearch.action.admin.indices.alias.get.TransportGetAliasesAction
4252:             1             56  org.opensearch.action.admin.indices.cache.clear.TransportClearIndicesCacheAction
4253:             1             56  org.opensearch.action.admin.indices.create.TransportCreateIndexAction
4254:             1             56  org.opensearch.action.admin.indices.datastream.CreateDataStreamAction$TransportAction
4255:             1             56  org.opensearch.action.admin.indices.datastream.DataStreamsStatsAction$TransportAction
4256:             1             56  org.opensearch.action.admin.indices.datastream.DeleteDataStreamAction$TransportAction
4257:             1             56  org.opensearch.action.admin.indices.delete.TransportDeleteIndexAction
4258:             1             56  org.opensearch.action.admin.indices.mapping.get.TransportGetMappingsAction
4259:             1             56  org.opensearch.action.admin.indices.mapping.put.TransportAutoPutMappingAction
4260:             1             56  org.opensearch.action.admin.indices.mapping.put.TransportPutMappingAction
4261:             1             56  org.opensearch.action.admin.indices.open.TransportOpenIndexAction
4262:             1             56  org.opensearch.action.admin.indices.readonly.TransportAddIndexBlockAction
4263:             1             56  org.opensearch.action.admin.indices.replication.TransportSegmentReplicationStatsAction
4264:             1             56  org.opensearch.action.admin.indices.settings.get.TransportGetSettingsAction
4265:             1             56  org.opensearch.action.admin.indices.settings.put.TransportUpdateSettingsAction
4266:             1             56  org.opensearch.action.admin.indices.shards.TransportIndicesShardStoresAction
4267:             1             56  org.opensearch.action.admin.indices.shrink.TransportResizeAction
4268:             1             56  org.opensearch.action.admin.indices.template.delete.TransportDeleteComponentTemplateAction
4269:             1             56  org.opensearch.action.admin.indices.template.delete.TransportDeleteComposableIndexTemplateAction
4270:             1             56  org.opensearch.action.admin.indices.template.delete.TransportDeleteIndexTemplateAction
4271:             1             56  org.opensearch.action.admin.indices.template.put.TransportPutComponentTemplateAction
4272:             1             56  org.opensearch.action.admin.indices.template.put.TransportPutComposableIndexTemplateAction
4273:             1             56  org.opensearch.action.admin.indices.template.put.TransportPutIndexTemplateAction
4274:             1             56  org.opensearch.action.admin.indices.upgrade.post.TransportUpgradeAction
4275:             1             56  org.opensearch.action.admin.indices.upgrade.post.TransportUpgradeSettingsAction
4276:             1             56  org.opensearch.action.admin.indices.validate.query.TransportValidateQueryAction
4277:             1             56  org.opensearch.action.explain.TransportExplainAction
4278:             1             56  org.opensearch.action.get.TransportGetAction
4279:             1             56  org.opensearch.action.get.TransportShardMultiGetAction
4280:             1             56  org.opensearch.action.ingest.DeletePipelineTransportAction
4281:             1             56  org.opensearch.action.ingest.PutPipelineTransportAction
4282:             1             56  org.opensearch.action.search.DeleteSearchPipelineTransportAction
4283:             1             56  org.opensearch.action.search.PutSearchPipelineTransportAction
4284:             1             56  org.opensearch.action.search.SearchRequestSlowLog
4285:             1             56  org.opensearch.action.search.TransportCreatePitAction
4286:             1             56  org.opensearch.action.search.TransportGetAllPitsAction
4287:             1             56  org.opensearch.action.support.clustermanager.term.TransportGetTermVersionAction
4288:             1             56  org.opensearch.action.termvectors.TransportShardMultiTermsVectorAction
4289:             1             56  org.opensearch.action.termvectors.TransportTermVectorsAction
4290:             1             56  org.opensearch.ad.rest.RestIndexAnomalyDetectorAction
4291:             1             56  org.opensearch.ad.rest.RestSearchADTasksAction
4292:             1             56  org.opensearch.ad.rest.RestSearchAnomalyDetectorAction
4293:             1             56  org.opensearch.ad.rest.RestSearchAnomalyResultAction
4294:             1             56  org.opensearch.ad.rest.RestValidateAnomalyDetectorAction
4295:             1             56  org.opensearch.ad.transport.ADEntityProfileTransportAction
4296:             1             56  org.opensearch.ad.transport.AnomalyResultTransportAction
4297:             1             56  org.opensearch.ad.transport.ForwardADTaskTransportAction
4298:             1             56  org.opensearch.alerting.AlertingPlugin
4299:             1             56  org.opensearch.alerting.comments.CommentsIndices
4300:             1             56  org.opensearch.alerting.transport.TransportDeleteWorkflowAction
4301:             1             56  org.opensearch.alerting.transport.TransportGetRemoteIndexesAction
4302:             1             56  org.opensearch.cluster.ClusterState$ClusterStateDiff
4303:             1             56  org.opensearch.cluster.InternalClusterInfoService
4304:             1             56  org.opensearch.cluster.coordination.JoinHelper
4305:             1             56  org.opensearch.cluster.coordination.LeaderChecker
4306:             1             56  org.opensearch.cluster.coordination.PublicationTransportHandler
4307:             1             56  org.opensearch.cluster.metadata.Metadata$MetadataDiff
4308:             1             56  org.opensearch.cluster.routing.allocation.DiskThresholdMonitor
4309:             1             56  org.opensearch.cluster.service.ClusterService
4310:             1             56  org.opensearch.common.Rounding$DateTimeUnit$1
4311:             1             56  org.opensearch.common.Rounding$DateTimeUnit$2
4312:             1             56  org.opensearch.common.Rounding$DateTimeUnit$3
4313:             1             56  org.opensearch.common.Rounding$DateTimeUnit$4
4314:             1             56  org.opensearch.common.cache.stats.ImmutableCacheStats
4315:             1             56  org.opensearch.common.util.concurrent.PrioritizedOpenSearchThreadPoolExecutor$TieBreakingPrioritizedRunnable
4316:             1             56  org.opensearch.discovery.SeedHostsResolver
4317:             1             56  org.opensearch.env.NodeEnvironment
4318:             1             56  org.opensearch.flowframework.transport.CreateWorkflowTransportAction
4319:             1             56  org.opensearch.flowframework.transport.DeprovisionWorkflowTransportAction
4320:             1             56  org.opensearch.flowframework.transport.ProvisionWorkflowTransportAction
4321:             1             56  org.opensearch.forecast.ml.ForecastCheckpointDao
4322:             1             56  org.opensearch.forecast.rest.RestIndexForecasterAction
4323:             1             56  org.opensearch.forecast.rest.RestSearchForecastTasksAction
4324:             1             56  org.opensearch.forecast.rest.RestSearchForecasterAction
4325:             1             56  org.opensearch.forecast.rest.RestValidateForecasterAction
4326:             1             56  org.opensearch.forecast.transport.ForecastEntityProfileTransportAction
4327:             1             56  org.opensearch.forecast.transport.ForecastStatsNodesTransportAction
4328:             1             56  org.opensearch.forecast.transport.StatsForecasterTransportAction
4329:             1             56  org.opensearch.forecast.transport.SuggestForecasterParamTransportAction
4330:             1             56  org.opensearch.gateway.ShardsBatchGatewayAllocator
4331:             1             56  org.opensearch.gateway.TransportNodesListGatewayMetaState
4332:             1             56  org.opensearch.geospatial.ip2geo.action.DeleteDatasourceTransportAction
4333:             1             56  org.opensearch.index.SegmentReplicationPressureService
4334:             1             56  org.opensearch.index.ShardIndexingPressureSettings
4335:             1             56  org.opensearch.index.get.GetStats
4336:             1             56  org.opensearch.index.reindex.TransportRethrottleAction
4337:             1             56  org.opensearch.index.seqno.RetentionLeaseActions$Add$TransportAction
4338:             1             56  org.opensearch.index.seqno.RetentionLeaseActions$Remove$TransportAction
4339:             1             56  org.opensearch.index.seqno.RetentionLeaseActions$Renew$TransportAction
4340:             1             56  org.opensearch.indexmanagement.indexstatemanagement.transport.action.changepolicy.TransportChangePolicyAction
4341:             1             56  org.opensearch.indexmanagement.indexstatemanagement.transport.action.getpolicy.TransportGetPolicyAction
4342:             1             56  org.opensearch.indexmanagement.indexstatemanagement.transport.action.indexpolicy.TransportIndexPolicyAction
4343:             1             56  org.opensearch.indexmanagement.refreshanalyzer.TransportRefreshSearchAnalyzerAction
4344:             1             56  org.opensearch.indexmanagement.rollup.action.delete.TransportDeleteRollupAction
4345:             1             56  org.opensearch.indexmanagement.rollup.action.get.TransportGetRollupAction
4346:             1             56  org.opensearch.indexmanagement.rollup.action.get.TransportGetRollupsAction
4347:             1             56  org.opensearch.indexmanagement.rollup.action.index.TransportIndexRollupAction
4348:             1             56  org.opensearch.indexmanagement.rollup.action.mapping.TransportUpdateRollupMappingAction
4349:             1             56  org.opensearch.indexmanagement.rollup.action.start.TransportStartRollupAction
4350:             1             56  org.opensearch.indexmanagement.rollup.action.stop.TransportStopRollupAction
4351:             1             56  org.opensearch.indexmanagement.snapshotmanagement.api.transport.delete.TransportDeleteSMPolicyAction
4352:             1             56  org.opensearch.indexmanagement.snapshotmanagement.api.transport.explain.TransportExplainSMAction
4353:             1             56  org.opensearch.indexmanagement.snapshotmanagement.api.transport.get.TransportGetSMPoliciesAction
4354:             1             56  org.opensearch.indexmanagement.snapshotmanagement.api.transport.get.TransportGetSMPolicyAction
4355:             1             56  org.opensearch.indexmanagement.snapshotmanagement.api.transport.start.TransportStartSMAction
4356:             1             56  org.opensearch.indexmanagement.snapshotmanagement.api.transport.stop.TransportStopSMAction
4357:             1             56  org.opensearch.indexmanagement.transform.action.delete.TransportDeleteTransformsAction
4358:             1             56  org.opensearch.indexmanagement.transform.action.explain.TransportExplainTransformAction
4359:             1             56  org.opensearch.indexmanagement.transform.action.get.TransportGetTransformAction
4360:             1             56  org.opensearch.indexmanagement.transform.action.get.TransportGetTransformsAction
4361:             1             56  org.opensearch.indexmanagement.transform.action.start.TransportStartTransformAction
4362:             1             56  org.opensearch.indexmanagement.transform.action.stop.TransportStopTransformAction
4363:             1             56  org.opensearch.indices.replication.SegmentReplicationTargetService
4364:             1             56  org.opensearch.ingest.IngestService
4365:             1             56  org.opensearch.knn.plugin.transport.KNNStatsTransportAction
4366:             1             56  org.opensearch.knn.plugin.transport.RemoveModelFromCacheTransportAction
4367:             1             56  org.opensearch.knn.plugin.transport.TrainingJobRouteDecisionInfoTransportAction
4368:             1             56  org.opensearch.knn.plugin.transport.UpdateModelGraveyardTransportAction
4369:             1             56  org.opensearch.knn.plugin.transport.UpdateModelMetadataTransportAction
4370:             1             56  org.opensearch.ml.action.connector.ExecuteConnectorTransportAction
4371:             1             56  org.opensearch.ml.action.connector.TransportCreateConnectorAction
4372:             1             56  org.opensearch.ml.action.controller.CreateControllerTransportAction
4373:             1             56  org.opensearch.ml.action.controller.DeleteControllerTransportAction
4374:             1             56  org.opensearch.ml.action.model_group.TransportUpdateModelGroupAction
4375:             1             56  org.opensearch.ml.action.upload_chunk.TransportRegisterModelMetaAction
4376:             1             56  org.opensearch.ml.engine.algorithms.metrics_correlation.MetricsCorrelation
4377:             1             56  org.opensearch.monitor.jvm.JvmInfo$Mem
4378:             1             56  org.opensearch.performanceanalyzer.OpenSearchResources
4379:             1             56  org.opensearch.performanceanalyzer.collectors.CacheConfigMetricsCollector
4380:             1             56  org.opensearch.performanceanalyzer.collectors.CircuitBreakerCollector
4381:             1             56  org.opensearch.performanceanalyzer.collectors.ClusterManagerServiceMetrics
4382:             1             56  org.opensearch.performanceanalyzer.collectors.NodeDetailsCollector
4383:             1             56  org.opensearch.performanceanalyzer.commons.collectors.DisksCollector
4384:             1             56  org.opensearch.performanceanalyzer.commons.collectors.GCInfoCollector
4385:             1             56  org.opensearch.performanceanalyzer.commons.collectors.HeapMetricsCollector
4386:             1             56  org.opensearch.performanceanalyzer.commons.collectors.NetworkInterfaceCollector
4387:             1             56  org.opensearch.performanceanalyzer.commons.config.PluginSettings
4388:             1             56  org.opensearch.persistent.CompletionPersistentTaskAction$TransportAction
4389:             1             56  org.opensearch.persistent.RemovePersistentTaskAction$TransportAction
4390:             1             56  org.opensearch.persistent.StartPersistentTaskAction$TransportAction
4391:             1             56  org.opensearch.persistent.UpdatePersistentTaskStatusAction$TransportAction
4392:             1             56  org.opensearch.replication.action.index.TransportReplicateIndexAction
4393:             1             56  org.opensearch.replication.action.index.block.TransportUpddateIndexBlockAction
4394:             1             56  org.opensearch.replication.action.replicationstatedetails.TransportUpdateReplicationStateDetails
4395:             1             56  org.opensearch.replication.action.repository.TransportGetStoreMetadataAction
4396:             1             56  org.opensearch.replication.action.repository.TransportReleaseLeaderResourcesAction
4397:             1             56  org.opensearch.replication.action.stats.TransportAutoFollowStatsAction
4398:             1             56  org.opensearch.repositories.s3.GenericStatsMetricPublisher
4399:             1             56  org.opensearch.search.aggregations.metrics.MaxAggregationBuilder
4400:             1             56  org.opensearch.search.asynchronous.management.AsynchronousSearchManagementService
4401:             1             56  org.opensearch.search.asynchronous.transport.TransportAsynchronousSearchStatsAction
4402:             1             56  org.opensearch.search.backpressure.SearchBackpressureService
4403:             1             56  org.opensearch.search.dfs.DfsSearchResult
4404:             1             56  org.opensearch.security.dlic.rest.api.AccountApiAction
4405:             1             56  org.opensearch.security.dlic.rest.api.AuditApiAction
4406:             1             56  org.opensearch.security.dlic.rest.api.InternalUsersApiAction
4407:             1             56  org.opensearch.security.dlic.rest.api.SecurityConfigApiAction
4408:             1             56  org.opensearch.security.dlic.rest.api.SecuritySSLCertsApiAction
4409:             1             56  org.opensearch.security.filter.SecurityRestFilter
4410:             1             56  org.opensearch.securityanalytics.SecurityAnalyticsPlugin
4411:             1             56  org.opensearch.securityanalytics.transport.TransportAckCorrelationAlertsAction
4412:             1             56  org.opensearch.securityanalytics.transport.TransportAcknowledgeAlertsAction
4413:             1             56  org.opensearch.securityanalytics.transport.TransportGetAlertsAction
4414:             1             56  org.opensearch.securityanalytics.transport.TransportGetCorrelationAlertsAction
4415:             1             56  org.opensearch.securityanalytics.transport.TransportGetDetectorAction
4416:             1             56  org.opensearch.securityanalytics.transport.TransportSearchCustomLogTypeAction
4417:             1             56  org.opensearch.securityanalytics.transport.TransportSearchRuleAction
4418:             1             56  org.opensearch.snapshots.InternalSnapshotsInfoService
4419:             1             56  org.opensearch.snapshots.RestoreService
4420:             1             56  org.opensearch.snapshots.SnapshotsService$UpdateSnapshotStatusAction
4421:             1             56  org.opensearch.timeseries.cluster.ClusterManagerEventListener
4422:             1             56  org.opensearch.timeseries.feature.FeatureManager
4423:             1             56  org.opensearch.transport.TcpTransport$ProfileSettings
4424:             1             56  sun.security.provider.SHA (java.base@21.0.3)
4425:             1             56  sun.security.ssl.SSLContextImpl$TLS13Context (java.base@21.0.3)
4426:             1             48  [Lcom.fasterxml.jackson.annotation.JsonInclude$Include;
4427:             1             48  [Lcom.fasterxml.jackson.annotation.JsonInclude$Include;
4428:             1             48  [Lcom.fasterxml.jackson.annotation.PropertyAccessor;
4429:             1             48  [Lcom.fasterxml.jackson.annotation.PropertyAccessor;
4430:             1             48  [Lcom.fasterxml.jackson.core.StreamWriteFeature;
4431:             3             48  [Lcom.fasterxml.jackson.databind.JavaType;
4432:             3             48  [Lcom.fasterxml.jackson.databind.JavaType;
4433:             2             48  [Lcom.google.common.cache.LocalCache$Segment;
4434:             1             48  [Lcom.sun.management.VMOption$Origin; (jdk.management@21.0.3)
4435:             1             48  [Ljava.lang.management.MemoryPoolMXBean; (java.management@21.0.3)
4436:             1             48  [Ljava.lang.reflect.ProxyGenerator$PrimitiveTypeInfo; (java.base@21.0.3)
4437:             1             48  [Ljava.math.RoundingMode; (java.base@21.0.3)
4438:             2             48  [Ljava.nio.file.FileVisitOption; (java.base@21.0.3)
4439:             1             48  [Ljava.security.cert.CertPathValidatorException$BasicReason; (java.base@21.0.3)
4440:             1             48  [Lorg.apache.logging.log4j.core.appender.rolling.FileExtension;
4441:             1             48  [Lorg.apache.logging.log4j.core.appender.rolling.RolloverFrequency;
4442:             2             48  [Lorg.apache.lucene.codecs.lucene90.Lucene90StoredFieldsFormat$Mode;
4443:             2             48  [Lorg.apache.lucene.index.BufferedUpdatesStream$SegmentState;
4444:             1             48  [Lorg.apache.lucene.index.MergeTrigger;
4445:             2             48  [Lorg.apache.lucene.search.TotalHits$Relation;
4446:             2             48  [Lorg.opensearch.action.search.SearchType;
4447:             1             48  [Lorg.opensearch.common.Rounding$DateTimeUnit;
4448:             2             48  [Lorg.opensearch.common.cache.CacheType;
4449:             2             48  [Lorg.opensearch.core.common.transport.TransportAddress;
4450:             2             48  [Lorg.opensearch.core.tasks.resourcetracker.ResourceStats;
4451:             1             48  [Lorg.opensearch.index.mapper.DynamicTemplate$XContentFieldType;
4452:             1             48  [Lorg.opensearch.index.mapper.NumberFieldMapper$NumberType;
4453:             2             48  [Lorg.opensearch.index.query.Operator;
4454:             2             48  [Lorg.opensearch.index.remote.RemoteStoreEnums$PathHashAlgorithm;
4455:             2             48  [Lorg.opensearch.index.translog.Translog$Durability;
4456:             1             48  [Lorg.opensearch.indices.analysis.PreBuiltAnalyzers;
4457:             2             48  [Lorg.opensearch.indices.replication.common.ReplicationType;
4458:             1             48  [Lorg.opensearch.ml.stats.MLClusterLevelStat;
4459:             2             48  [Lorg.opensearch.monitor.fs.FsInfo$DeviceStats;
4460:             2             48  [Lorg.opensearch.monitor.fs.FsInfo$Path;
4461:             2             48  [Lorg.opensearch.node.remotestore.RemoteStoreNodeService$CompatibilityMode;
4462:             2             48  [Lorg.opensearch.observability.settings.PluginSettings$AdminAccess;
4463:             1             48  [Lorg.opensearch.performanceanalyzer.commons.stats.eval.Statistics;
4464:             2             48  [Lorg.opensearch.persistent.decider.EnableAssignmentDecider$Allocation;
4465:             1             48  [Lorg.opensearch.replication.task.ReplicationState;
4466:             2             48  [Lorg.opensearch.repositories.s3.utils.Protocol;
4467:             2             48  [Lorg.opensearch.rest.RestHandler$Route;
4468:             1             48  [Lorg.reflections.vfs.Vfs$DefaultUrlTypes;
4469:             2             48  [Lsun.security.validator.CADistrustPolicy; (java.base@21.0.3)
4470:             1             48  [Lsun.security.x509.NetscapeCertTypeExtension$MapEntry; (java.base@21.0.3)
4471:             1             48  com.amazon.dlic.auth.ldap.backend.LDAPAuthorizationBackend
4472:             2             48  com.fasterxml.jackson.annotation.JacksonInject$Value
4473:             1             48  com.fasterxml.jackson.core.JsonLocation
4474:             2             48  com.fasterxml.jackson.core.util.DefaultIndenter
4475:             1             48  com.fasterxml.jackson.core.util.Separators
4476:             2             48  com.fasterxml.jackson.databind.AnnotationIntrospector$ReferenceProperty$Type
4477:             1             48  com.fasterxml.jackson.databind.cfg.ConfigOverride$Empty
4478:             1             48  com.fasterxml.jackson.databind.cfg.ConfigOverride$Empty
4479:             1             48  com.fasterxml.jackson.databind.cfg.ConfigOverride$Empty
4480:             2             48  com.fasterxml.jackson.databind.deser.impl.NullsConstantProvider
4481:             2             48  com.fasterxml.jackson.databind.deser.std.StdKeyDeserializer$StringKD
4482:             1             48  com.fasterxml.jackson.databind.deser.std.UntypedObjectDeserializer
4483:             2             48  com.fasterxml.jackson.databind.ser.std.BooleanSerializer
4484:             2             48  com.fasterxml.jackson.databind.ser.std.BooleanSerializer
4485:             2             48  com.fasterxml.jackson.databind.ser.std.BooleanSerializer
4486:             1             48  com.fasterxml.jackson.databind.util.StdDateFormat
4487:             1             48  com.fasterxml.jackson.databind.util.StdDateFormat
4488:             1             48  com.fasterxml.jackson.databind.util.StdDateFormat
4489:             2             48  com.google.common.cache.LocalCache$AccessQueue$1
4490:             3             48  com.google.common.cache.LocalCache$LocalLoadingCache
4491:             1             48  com.google.common.collect.Multimaps$CustomSetMultimap
4492:             2             48  com.google.common.collect.Sets$1
4493:             2             48  com.google.gson.internal.bind.TypeAdapters$33
4494:             2             48  com.intel.qat.QatZipper$Algorithm
4495:             2             48  com.intel.qat.QatZipper$Mode
4496:             2             48  com.sun.jmx.mbeanserver.ClassLoaderRepositorySupport$LoaderEntry (java.management@21.0.3)
4497:             1             48  com.sun.jmx.mbeanserver.DefaultMXBeanMappingFactory$Mappings (java.management@21.0.3)
4498:             1             48  com.sun.jmx.mbeanserver.MBeanIntrospector$MBeanInfoMap (java.management@21.0.3)
4499:             1             48  com.sun.jmx.mbeanserver.MBeanIntrospector$PerInterfaceMap (java.management@21.0.3)
4500:             2             48  com.sun.jmx.mbeanserver.WeakIdentityHashMap (java.management@21.0.3)
4501:             2             48  com.sun.jna.Memory$MemoryDisposer
4502:             2             48  com.sun.jna.NativeMappedConverter
4503:             2             48  io.netty.bootstrap.ServerBootstrap$ServerBootstrapAcceptor$1
4504:             2             48  io.netty.buffer.PoolArena$SizeClass
4505:             2             48  io.netty.buffer.PooledByteBufAllocator$PoolThreadLocalCache
4506:             2             48  io.netty.channel.ChannelMetadata
4507:             2             48  io.netty.channel.FixedRecvByteBufAllocator
4508:             3             48  io.netty.channel.ReflectiveChannelFactory
4509:             2             48  io.netty.handler.logging.ByteBufFormat
4510:             1             48  io.netty.handler.ssl.JdkSslClientContext
4511:             3             48  io.netty.util.DefaultAttributeMap
4512:             1             48  io.netty.util.ResourceLeakDetector$TraceRecord$1
4513:             3             48  io.netty.util.concurrent.MultithreadEventExecutorGroup$1
4514:             3             48  io.netty.util.concurrent.PromiseTask$SentinelRunnable
4515:             3             48  io.netty.util.concurrent.PromiseTask$SentinelRunnable
4516:             3             48  io.netty.util.concurrent.ThreadPerTaskExecutor
4517:             2             48  io.protostuff.runtime.ArrayFieldMap
4518:             2             48  io.protostuff.runtime.RuntimePipeSchema
4519:             2             48  java.io.File$PathStatus (java.base@21.0.3)
4520:             1             48  java.lang.NullPointerException (java.base@21.0.3)
4521:             1             48  java.lang.invoke.BoundMethodHandle$Specializer$Factory (java.base@21.0.3)
4522:             1             48  java.lang.invoke.VarHandleReferences$Array (java.base@21.0.3)
4523:             1             48  java.lang.invoke.VarHandleSegmentAsBytes (java.base@21.0.3)
4524:             1             48  java.lang.invoke.VarHandleSegmentAsInts (java.base@21.0.3)
4525:             1             48  java.lang.invoke.VarHandleSegmentAsLongs (java.base@21.0.3)
4526:             1             48  java.lang.invoke.VarHandleSegmentAsShorts (java.base@21.0.3)
4527:             3             48  java.lang.management.ManagementFactory$$Lambda/0x00007fcd281627b0 (java.management@21.0.3)
4528:             3             48  java.lang.management.ManagementFactory$PlatformMBeanFinder$$Lambda/0x00007fcd28162560 (java.management@21.0.3)
4529:             3             48  java.nio.charset.CodingErrorAction (java.base@21.0.3)
4530:             3             48  java.security.AllPermissionCollection (java.base@21.0.3)
4531:             2             48  java.security.Provider$OPType (java.base@21.0.3)
4532:             3             48  java.text.AttributedCharacterIterator$Attribute (java.base@21.0.3)
4533:             2             48  java.text.BreakIterator$BreakIteratorCache (java.base@21.0.3)
4534:             2             48  java.time.OffsetDateTime (java.base@21.0.3)
4535:             2             48  java.time.OffsetTime (java.base@21.0.3)
4536:             2             48  java.time.chrono.IsoEra (java.base@21.0.3)
4537:             2             48  java.time.chrono.MinguoEra (java.base@21.0.3)
4538:             2             48  java.time.chrono.ThaiBuddhistEra (java.base@21.0.3)
4539:             3             48  java.time.format.DateTimeFormatterBuilder$1 (java.base@21.0.3)
4540:             3             48  java.util.Base64$Decoder (java.base@21.0.3)
4541:             2             48  java.util.Collections$UnmodifiableList (java.base@21.0.3)
4542:             2             48  java.util.Formatter$BigDecimalLayoutForm (java.base@21.0.3)
4543:             2             48  java.util.OptionalLong (java.base@21.0.3)
4544:             3             48  java.util.ResourceBundle$NoFallbackControl (java.base@21.0.3)
4545:             3             48  java.util.concurrent.ConcurrentSkipListMap$KeySet (java.base@21.0.3)
4546:             2             48  java.util.concurrent.SynchronousQueue$Transferer (java.base@21.0.3)
4547:             3             48  java.util.concurrent.atomic.AtomicMarkableReference (java.base@21.0.3)
4548:             2             48  java.util.logging.Logger$LoggerBundle (java.logging@21.0.3)
4549:             2             48  javax.crypto.CryptoPermissions (java.base@21.0.3)
4550:             2             48  javax.management.NotificationBroadcasterSupport (java.management@21.0.3)
4551:             2             48  javax.security.auth.AuthPermission (java.base@21.0.3)
4552:             1             48  jdk.internal.foreign.layout.ValueLayouts$OfBooleanImpl (java.base@21.0.3)
4553:             1             48  jdk.internal.foreign.layout.ValueLayouts$OfByteImpl (java.base@21.0.3)
4554:             1             48  jdk.internal.icu.util.CodePointTrie$Fast16 (java.base@21.0.3)
4555:             2             48  jdk.internal.icu.util.CodePointTrie$Type (java.base@21.0.3)
4556:             1             48  jdk.internal.jimage.ImageHeader (java.base@21.0.3)
4557:             2             48  jdk.internal.misc.Signal$NativeHandler (java.base@21.0.3)
4558:             2             48  jdk.internal.reflect.ReflectionFactory$Config (java.base@21.0.3)
4559:             1             48  jdk.management.jfr.FlightRecorderMXBeanImpl (jdk.management.jfr@21.0.3)
4560:             3             48  jdk.proxy1.$Proxy42 (jdk.proxy1)
4561:             1             48  joptsimple.OptionParser
4562:             2             48  kotlin.coroutines.CombinedContext
4563:             2             48  kotlinx.coroutines.JobImpl
4564:             3             48  kotlinx.coroutines.internal.ContextScope
4565:             3             48  kotlinx.coroutines.internal.Symbol
4566:             2             48  kotlinx.coroutines.scheduling.TaskMode
4567:             1             48  org.apache.logging.log4j.core.appender.ConsoleAppender
4568:             3             48  org.apache.logging.log4j.core.config.DefaultAdvertiser
4569:             2             48  org.apache.logging.log4j.core.config.plugins.util.PluginManager
4570:             2             48  org.apache.logging.log4j.core.config.status.StatusConfiguration$Verbosity
4571:             1             48  org.apache.logging.log4j.core.impl.Log4jProvider
4572:             2             48  org.apache.logging.log4j.core.util.datetime.FastDateFormat
4573:             2             48  org.apache.logging.log4j.core.util.datetime.FastDatePrinter$PaddedNumberField
4574:             1             48  org.apache.logging.log4j.status.StatusLogger
4575:             2             48  org.apache.logging.log4j.util.PropertiesUtil$Environment
4576:             2             48  org.apache.logging.log4j.util.PropertyFilePropertySource
4577:             3             48  org.apache.lucene.analysis.Analyzer$TokenStreamComponents$$Lambda/0x00007fcd29266150
4578:             1             48  org.apache.lucene.analysis.CharArrayMap$EmptyCharArrayMap
4579:             2             48  org.apache.lucene.analysis.classic.ClassicAnalyzer$$Lambda/0x00007fcd29268420
4580:             2             48  org.apache.lucene.analysis.core.SimpleAnalyzer
4581:             2             48  org.apache.lucene.analysis.core.StopAnalyzer
4582:             2             48  org.apache.lucene.analysis.id.IndonesianStemmer
4583:             2             48  org.apache.lucene.backward_codecs.lucene50.Lucene50StoredFieldsFormat$Mode
4584:             3             48  org.apache.lucene.backward_codecs.lucene70.Lucene70SegmentInfoFormat
4585:             2             48  org.apache.lucene.backward_codecs.lucene80.Lucene80DocValuesFormat$Mode
4586:             3             48  org.apache.lucene.backward_codecs.lucene86.Lucene86PointsFormat
4587:             3             48  org.apache.lucene.backward_codecs.lucene86.Lucene86SegmentInfoFormat
4588:             2             48  org.apache.lucene.backward_codecs.lucene87.Lucene87Codec$1
4589:             2             48  org.apache.lucene.backward_codecs.lucene87.Lucene87Codec$2
4590:             2             48  org.apache.lucene.backward_codecs.lucene87.Lucene87StoredFieldsFormat$Mode
4591:             2             48  org.apache.lucene.backward_codecs.lucene91.Lucene91Codec$1
4592:             2             48  org.apache.lucene.backward_codecs.lucene91.Lucene91Codec$2
4593:             2             48  org.apache.lucene.backward_codecs.lucene91.Lucene91Codec$3
4594:             2             48  org.apache.lucene.backward_codecs.lucene91.Lucene91HnswVectorsFormat
4595:             2             48  org.apache.lucene.backward_codecs.lucene92.Lucene92Codec$1
4596:             2             48  org.apache.lucene.backward_codecs.lucene92.Lucene92Codec$2
4597:             2             48  org.apache.lucene.backward_codecs.lucene92.Lucene92Codec$3
4598:             2             48  org.apache.lucene.backward_codecs.lucene92.Lucene92HnswVectorsFormat
4599:             2             48  org.apache.lucene.backward_codecs.lucene94.Lucene94Codec$1
4600:             2             48  org.apache.lucene.backward_codecs.lucene94.Lucene94Codec$2
4601:             2             48  org.apache.lucene.backward_codecs.lucene94.Lucene94Codec$3
4602:             2             48  org.apache.lucene.backward_codecs.lucene94.Lucene94HnswVectorsFormat
4603:             2             48  org.apache.lucene.codecs.lucene90.Lucene90StoredFieldsFormat$Mode
4604:             2             48  org.apache.lucene.codecs.lucene90.blocktree.Lucene90BlockTreeTermsWriter$StatsWriter
4605:             2             48  org.apache.lucene.document.Field$Store
4606:             2             48  org.apache.lucene.document.InvertableType
4607:             2             48  org.apache.lucene.index.BufferedUpdates$BytesRefIntMap
4608:             2             48  org.apache.lucene.index.CachingMergeContext
4609:             3             48  org.apache.lucene.index.FreqProxFields$FreqProxTerms
4610:             2             48  org.apache.lucene.queryparser.classic.QueryParser$Operator
4611:             1             48  org.apache.lucene.search.PrefixQuery
4612:             2             48  org.apache.lucene.search.TopDocs
4613:             2             48  org.apache.lucene.search.TotalHits$Relation
4614:             2             48  org.apache.lucene.store.FlushInfo
4615:             2             48  org.apache.lucene.util.BytesRefHash$DirectBytesStartArray
4616:             2             48  org.apache.lucene.util.FileDeleter$MsgType
4617:             3             48  org.apache.lucene.util.IntsRefBuilder
4618:             1             48  org.apache.lucene.util.automaton.CompiledAutomaton
4619:             2             48  org.apache.lucene.util.fst.FSTCompiler$CompiledNode
4620:             2             48  org.apache.lucene.util.fst.FSTCompiler$FixedLengthArcsBuffer
4621:             1             48  org.apache.lucene.util.packed.BulkOperationPacked1
4622:             1             48  org.apache.lucene.util.packed.BulkOperationPacked10
4623:             1             48  org.apache.lucene.util.packed.BulkOperationPacked11
4624:             1             48  org.apache.lucene.util.packed.BulkOperationPacked12
4625:             1             48  org.apache.lucene.util.packed.BulkOperationPacked13
4626:             1             48  org.apache.lucene.util.packed.BulkOperationPacked14
4627:             1             48  org.apache.lucene.util.packed.BulkOperationPacked15
4628:             1             48  org.apache.lucene.util.packed.BulkOperationPacked16
4629:             1             48  org.apache.lucene.util.packed.BulkOperationPacked17
4630:             1             48  org.apache.lucene.util.packed.BulkOperationPacked18
4631:             1             48  org.apache.lucene.util.packed.BulkOperationPacked19
4632:             1             48  org.apache.lucene.util.packed.BulkOperationPacked2
4633:             1             48  org.apache.lucene.util.packed.BulkOperationPacked20
4634:             1             48  org.apache.lucene.util.packed.BulkOperationPacked21
4635:             1             48  org.apache.lucene.util.packed.BulkOperationPacked22
4636:             1             48  org.apache.lucene.util.packed.BulkOperationPacked23
4637:             1             48  org.apache.lucene.util.packed.BulkOperationPacked24
4638:             1             48  org.apache.lucene.util.packed.BulkOperationPacked3
4639:             1             48  org.apache.lucene.util.packed.BulkOperationPacked4
4640:             1             48  org.apache.lucene.util.packed.BulkOperationPacked5
4641:             1             48  org.apache.lucene.util.packed.BulkOperationPacked6
4642:             1             48  org.apache.lucene.util.packed.BulkOperationPacked7
4643:             1             48  org.apache.lucene.util.packed.BulkOperationPacked8
4644:             1             48  org.apache.lucene.util.packed.BulkOperationPacked9
4645:             3             48  org.bouncycastle.pqc.jcajce.provider.bike.BIKEKeyFactorySpi
4646:             2             48  org.bouncycastle.pqc.jcajce.provider.falcon.FalconKeyFactorySpi
4647:             3             48  org.bouncycastle.pqc.jcajce.provider.hqc.HQCKeyFactorySpi
4648:             2             48  org.greenrobot.eventbus.PendingPostQueue
4649:             1             48  org.greenrobot.eventbus.SubscriberMethodFinder$FindState
4650:             2             48  org.ietf.jgss.Oid (java.security.jgss@21.0.3)
4651:             3             48  org.locationtech.jts.geom.PrecisionModel$Type
4652:             2             48  org.locationtech.spatial4j.io.PolyshapeReader
4653:             2             48  org.locationtech.spatial4j.io.WKTReader
4654:             2             48  org.opensearch.action.ActionRunnable$2
4655:             2             48  org.opensearch.action.OriginalIndices
4656:             1             48  org.opensearch.action.admin.cluster.configuration.TransportClearVotingConfigExclusionsAction
4657:             1             48  org.opensearch.action.admin.cluster.decommission.awareness.get.TransportGetDecommissionStateAction
4658:             1             48  org.opensearch.action.admin.cluster.repositories.get.TransportGetRepositoriesAction
4659:             1             48  org.opensearch.action.admin.indices.datastream.GetDataStreamAction$TransportAction
4660:             1             48  org.opensearch.action.admin.indices.exists.indices.TransportIndicesExistsAction
4661:             1             48  org.opensearch.action.admin.indices.forcemerge.TransportForceMergeAction
4662:             1             48  org.opensearch.action.admin.indices.recovery.TransportRecoveryAction
4663:             1             48  org.opensearch.action.admin.indices.resolve.ResolveIndexAction$TransportAction
4664:             1             48  org.opensearch.action.admin.indices.segments.TransportIndicesSegmentsAction
4665:             1             48  org.opensearch.action.admin.indices.stats.TransportIndicesStatsAction
4666:             1             48  org.opensearch.action.admin.indices.template.get.TransportGetComponentTemplateAction
4667:             1             48  org.opensearch.action.admin.indices.template.get.TransportGetComposableIndexTemplateAction
4668:             1             48  org.opensearch.action.admin.indices.template.get.TransportGetIndexTemplatesAction
4669:             1             48  org.opensearch.action.admin.indices.upgrade.get.TransportUpgradeStatusAction
4670:             1             48  org.opensearch.action.fieldcaps.TransportFieldCapabilitiesAction
4671:             1             48  org.opensearch.action.fieldcaps.TransportFieldCapabilitiesIndexAction
4672:             1             48  org.opensearch.action.ingest.GetPipelineTransportAction
4673:             1             48  org.opensearch.action.search.GetSearchPipelineTransportAction
4674:             1             48  org.opensearch.action.search.TransportMultiSearchAction
4675:             2             48  org.opensearch.ad.ADTaskProfileRunner
4676:             2             48  org.opensearch.ad.client.AnomalyDetectionNodeClient
4677:             1             48  org.opensearch.ad.settings.ADEnabledSetting$1
4678:             1             48  org.opensearch.ad.settings.ADNumericSetting$1
4679:             1             48  org.opensearch.ad.transport.RCFPollingTransportAction
4680:             1             48  org.opensearch.ad.transport.RCFResultTransportAction
4681:             1             48  org.opensearch.ad.transport.SearchAnomalyResultTransportAction
4682:             1             48  org.opensearch.ad.transport.StatsAnomalyDetectorTransportAction
4683:             1             48  org.opensearch.alerting.transport.TransportAcknowledgeAlertAction
4684:             1             48  org.opensearch.alerting.transport.TransportAcknowledgeChainedAlertAction
4685:             1             48  org.opensearch.alerting.transport.TransportDeleteAlertingCommentAction
4686:             1             48  org.opensearch.alerting.transport.TransportDeleteMonitorAction
4687:             1             48  org.opensearch.alerting.transport.TransportExecuteWorkflowAction
4688:             1             48  org.opensearch.alerting.transport.TransportGetAlertsAction
4689:             1             48  org.opensearch.alerting.transport.TransportGetDestinationsAction
4690:             1             48  org.opensearch.alerting.transport.TransportGetEmailAccountAction
4691:             1             48  org.opensearch.alerting.transport.TransportGetEmailGroupAction
4692:             1             48  org.opensearch.alerting.transport.TransportGetFindingsSearchAction
4693:             1             48  org.opensearch.alerting.transport.TransportGetMonitorAction
4694:             1             48  org.opensearch.alerting.transport.TransportGetWorkflowAction
4695:             1             48  org.opensearch.alerting.transport.TransportGetWorkflowAlertsAction
4696:             1             48  org.opensearch.alerting.transport.TransportSearchAlertingCommentAction
4697:             1             48  org.opensearch.alerting.transport.TransportSearchMonitorAction
4698:             2             48  org.opensearch.alerting.util.DocLevelMonitorQueries
4699:             2             48  org.opensearch.bootstrap.OpenSearchPolicy$BadDefaultPermission
4700:             1             48  org.opensearch.client.node.NodeClient
4701:             1             48  org.opensearch.cluster.NodeConnectionsService
4702:             1             48  org.opensearch.cluster.coordination.CoordinationState
4703:             2             48  org.opensearch.cluster.coordination.CoordinationState$VoteCollection
4704:             2             48  org.opensearch.cluster.coordination.FollowersChecker$FastResponseState
4705:             2             48  org.opensearch.cluster.coordination.PersistedStateRegistry$PersistedStateType
4706:             3             48  org.opensearch.cluster.metadata.AliasValidator
4707:             2             48  org.opensearch.cluster.metadata.ComponentTemplate
4708:             3             48  org.opensearch.cluster.metadata.DataStream$TimestampField
4709:             2             48  org.opensearch.cluster.metadata.DiffableStringMap$DiffableStringMapDiff
4710:             3             48  org.opensearch.cluster.metadata.IndexGraveyard
4711:             1             48  org.opensearch.cluster.metadata.MetadataIndexStateService
4712:             1             48  org.opensearch.cluster.metadata.MetadataUpdateSettingsService
4713:             2             48  org.opensearch.cluster.node.DiscoveryNodeFilters$OpType
4714:             3             48  org.opensearch.cluster.routing.WeightedRoutingService$$Lambda/0x00007fcd28e22ef0
4715:             3             48  org.opensearch.cluster.routing.WeightedRoutingService$$Lambda/0x00007fcd28e23120
4716:             1             48  org.opensearch.cluster.service.ClusterApplierService$UpdateTask
4717:             1             48  org.opensearch.common.Rounding$DateTimeUnit$5
4718:             1             48  org.opensearch.common.Rounding$DateTimeUnit$6
4719:             1             48  org.opensearch.common.Rounding$DateTimeUnit$7
4720:             1             48  org.opensearch.common.Rounding$DateTimeUnit$8
4721:             1             48  org.opensearch.common.StopWatch
4722:             3             48  org.opensearch.common.hash.MessageDigests$$Lambda/0x00007fcd280d6c78
4723:             3             48  org.opensearch.common.inject.InjectorImpl$BindingsMultimap
4724:             3             48  org.opensearch.common.inject.TypeConverterBindingProcessor$1
4725:             3             48  org.opensearch.common.inject.TypeConverterBindingProcessor$2
4726:             3             48  org.opensearch.common.inject.TypeConverterBindingProcessor$3
4727:             3             48  org.opensearch.common.inject.TypeConverterBindingProcessor$4
4728:             3             48  org.opensearch.common.inject.WeakKeySet
4729:             3             48  org.opensearch.common.inject.matcher.Matchers$SubclassesOf
4730:             2             48  org.opensearch.common.logging.LoggingOutputStream
4731:             1             48  org.opensearch.common.settings.ClusterSettings
4732:             2             48  org.opensearch.common.settings.Setting$$Lambda/0x00007fcd280bde50
4733:             3             48  org.opensearch.common.settings.Setting$$Lambda/0x00007fcd284a0a78
4734:             1             48  org.opensearch.common.settings.SettingsModule
4735:             1             48  org.opensearch.common.time.EpochTime$6
4736:             1             48  org.opensearch.common.util.concurrent.TimedRunnable
4737:             2             48  org.opensearch.core.common.breaker.CircuitBreaker$Durability
4738:             1             48  org.opensearch.core.common.bytes.AbstractBytesReference$BytesReferenceStreamInput
4739:             2             48  org.opensearch.core.common.transport.BoundTransportAddress
4740:             2             48  org.opensearch.core.tasks.resourcetracker.ResourceUsageInfo$ResourceStatsInfo
4741:             1             48  org.opensearch.flowframework.transport.GetWorkflowTransportAction
4742:             1             48  org.opensearch.forecast.ml.ForecastModelManager
4743:             1             48  org.opensearch.forecast.settings.ForecastEnabledSetting$1
4744:             1             48  org.opensearch.forecast.settings.ForecastNumericSetting$1
4745:             1             48  org.opensearch.gateway.PersistedClusterStateService$Writer
4746:             1             48  org.opensearch.geospatial.ip2geo.action.PutDatasourceTransportAction
4747:             1             48  org.opensearch.geospatial.ip2geo.action.UpdateDatasourceTransportAction
4748:             1             48  org.opensearch.grok.MatcherWatchdog$Default
4749:             1             48  org.opensearch.http.HttpHandlingSettings
4750:             1             48  org.opensearch.http.netty4.ssl.SecureNetty4HttpServerTransport$SslHttpChannelHandler
4751:             2             48  org.opensearch.identity.IdentityService
4752:             2             48  org.opensearch.index.IndexService$IndexCreationContext
4753:             1             48  org.opensearch.index.SegmentReplicationPressureService$AsyncFailStaleReplicaTask
4754:             1             48  org.opensearch.index.analysis.AnalysisRegistry
4755:             2             48  org.opensearch.index.codec.customcodecs.Lucene99QatStoredFieldsFormat
4756:             2             48  org.opensearch.index.codec.customcodecs.QatCompressionMode
4757:             2             48  org.opensearch.index.engine.Engine$SearcherScope
4758:             2             48  org.opensearch.index.fielddata.plain.SortedNumericIndexFieldData
4759:             1             48  org.opensearch.index.query.BoolQueryBuilder
4760:             2             48  org.opensearch.index.query.Operator
4761:             1             48  org.opensearch.index.query.RangeQueryBuilder
4762:             3             48  org.opensearch.index.query.functionscore.DecayFunctionParser
4763:             1             48  org.opensearch.index.refresh.RefreshStats
4764:             1             48  org.opensearch.index.reindex.TransportDeleteByQueryAction
4765:             1             48  org.opensearch.index.reindex.TransportUpdateByQueryAction
4766:             1             48  org.opensearch.index.remote.RemoteStorePressureSettings
4767:             2             48  org.opensearch.index.seqno.RetentionLeaseSyncer
4768:             2             48  org.opensearch.index.shard.ShardStateMetadata$IndexDataLocation
4769:             2             48  org.opensearch.index.store.remote.filecache.FileCacheSettings
4770:             2             48  org.opensearch.index.translog.Translog$Durability
4771:             1             48  org.opensearch.indexmanagement.controlcenter.notification.action.index.TransportIndexLRONConfigAction
4772:             1             48  org.opensearch.indexmanagement.indexstatemanagement.transport.action.deletepolicy.TransportDeletePolicyAction
4773:             1             48  org.opensearch.indexmanagement.indexstatemanagement.transport.action.explain.TransportExplainAction
4774:             1             48  org.opensearch.indexmanagement.indexstatemanagement.transport.action.getpolicy.TransportGetPoliciesAction
4775:             1             48  org.opensearch.indexmanagement.rollup.action.explain.TransportExplainRollupAction
4776:             1             48  org.opensearch.indexmanagement.transform.action.preview.TransportPreviewTransformAction
4777:             1             48  org.opensearch.indices.IndexingMemoryController
4778:             1             48  org.opensearch.indices.RemoteStoreSettings
4779:             1             48  org.opensearch.indices.recovery.RecoverySourceHandler$SendFileResult
4780:             2             48  org.opensearch.indices.replication.common.ReplicationCollection
4781:             2             48  org.opensearch.indices.replication.common.ReplicationType
4782:             1             48  org.opensearch.knn.index.KNNSettings$1
4783:             2             48  org.opensearch.knn.index.MethodComponentContext
4784:             3             48  org.opensearch.knn.plugin.stats.suppliers.LibraryInitializedSupplier
4785:             1             48  org.opensearch.knn.plugin.transport.ClearCacheTransportAction
4786:             1             48  org.opensearch.knn.plugin.transport.KNNWarmupTransportAction
4787:             1             48  org.opensearch.ml.action.connector.UpdateConnectorTransportAction
4788:             1             48  org.opensearch.ml.action.controller.GetControllerTransportAction
4789:             1             48  org.opensearch.ml.action.controller.UpdateControllerTransportAction
4790:             1             48  org.opensearch.ml.action.model_group.DeleteModelGroupTransportAction
4791:             1             48  org.opensearch.ml.action.model_group.GetModelGroupTransportAction
4792:             1             48  org.opensearch.ml.action.models.DeleteModelTransportAction
4793:             1             48  org.opensearch.ml.action.models.GetModelTransportAction
4794:             1             48  org.opensearch.ml.autoredeploy.MLModelAutoReDeployer
4795:             1             48  org.opensearch.ml.cluster.MLCommonsClusterManagerEventListener
4796:             2             48  org.opensearch.ml.memory.index.ConversationMetaIndex
4797:             1             48  org.opensearch.ml.task.MLTaskDispatcher
4798:             2             48  org.opensearch.monitor.StatusInfo$Status
4799:             1             48  org.opensearch.monitor.jvm.JvmGcMonitorService
4800:             1             48  org.opensearch.monitor.jvm.JvmGcMonitorService$1
4801:             2             48  org.opensearch.monitor.os.OsService
4802:             2             48  org.opensearch.monitor.os.OsStats$Cpu
4803:             1             48  org.opensearch.monitor.process.ProcessStats
4804:             1             48  org.opensearch.node.NodeResourceUsageStats
4805:             1             48  org.opensearch.node.resource.tracker.NodeResourceUsageTracker
4806:             2             48  org.opensearch.observability.settings.PluginSettings$AdminAccess
4807:             1             48  org.opensearch.painless.CompilerSettings
4808:             1             48  org.opensearch.performanceanalyzer.PerformanceAnalyzerPlugin
4809:             1             48  org.opensearch.performanceanalyzer.collectors.ClusterApplierServiceStatsCollector$ClusterApplierServiceStats
4810:             1             48  org.opensearch.performanceanalyzer.collectors.NodeStatsAllShardsMetricsCollector$1
4811:             1             48  org.opensearch.persistent.PersistentTasksClusterService
4812:             1             48  org.opensearch.persistent.PersistentTasksClusterService$PeriodicRechecker
4813:             2             48  org.opensearch.persistent.PersistentTasksCustomMetadata$Assignment
4814:             2             48  org.opensearch.persistent.decider.EnableAssignmentDecider$Allocation
4815:             1             48  org.opensearch.replication.action.status.TranportShardsInfoAction
4816:             1             48  org.opensearch.replication.action.status.TransportReplicationStatusAction
4817:             2             48  org.opensearch.replication.seqno.RemoteClusterStats
4818:             2             48  org.opensearch.replication.seqno.RemoteClusterTranslogService
4819:             1             48  org.opensearch.replication.task.index.IndexReplicationExecutor
4820:             1             48  org.opensearch.replication.task.shard.ShardReplicationExecutor
4821:             2             48  org.opensearch.repositories.RepositoryInfo
4822:             3             48  org.opensearch.repositories.blobstore.BlobStoreRepository$$Lambda/0x00007fcd291bc1f8
4823:             2             48  org.opensearch.repositories.s3.async.SizeBasedBlockingQ$QueueEventType
4824:             2             48  org.opensearch.repositories.s3.async.TransferSemaphoresHolder$TypeSemaphore
4825:             2             48  org.opensearch.repositories.s3.async.TransferSemaphoresHolder$TypeSemaphore$PermitType
4826:             2             48  org.opensearch.rest.action.admin.indices.RestCreateIndexAction
4827:             2             48  org.opensearch.rest.action.admin.indices.RestGetAliasesAction
4828:             2             48  org.opensearch.rest.action.admin.indices.RestGetIndicesAction
4829:             2             48  org.opensearch.rest.action.admin.indices.RestIndexPutAliasAction
4830:             2             48  org.opensearch.rest.action.admin.indices.RestRefreshAction
4831:             2             48  org.opensearch.rest.action.admin.indices.RestUpdateSettingsAction
4832:             2             48  org.opensearch.rest.action.document.RestBulkAction
4833:             2             48  org.opensearch.rest.action.document.RestBulkStreamingAction
4834:             2             48  org.opensearch.rest.action.document.RestDeleteAction
4835:             2             48  org.opensearch.rest.action.document.RestGetAction
4836:             2             48  org.opensearch.rest.action.document.RestIndexAction
4837:             2             48  org.opensearch.rest.action.document.RestIndexAction$AutoIdHandler
4838:             2             48  org.opensearch.rest.action.document.RestIndexAction$CreateHandler
4839:             2             48  org.opensearch.rest.action.document.RestMultiGetAction
4840:             2             48  org.opensearch.rest.action.document.RestUpdateAction
4841:             2             48  org.opensearch.rest.action.search.RestClearScrollAction
4842:             2             48  org.opensearch.rest.action.search.RestSearchAction
4843:             2             48  org.opensearch.rest.action.search.RestSearchScrollAction
4844:             1             48  org.opensearch.search.SearchModule
4845:             3             48  org.opensearch.search.aggregations.InternalOrder$SimpleOrder$$Lambda/0x00007fcd292f9400
4846:             1             48  org.opensearch.search.aggregations.bucket.FastFilterRewriteHelper$FastFilterContext
4847:             3             48  org.opensearch.search.aggregations.bucket.terms.LongKeyedBucketOrds$FromMany
4848:             2             48  org.opensearch.search.aggregations.metrics.AbstractPercentilesAggregationBuilder$$Lambda/0x00007fcd287b9cc0
4849:             3             48  org.opensearch.search.aggregations.support.ValuesSource$Bytes$WithOrdinals$FieldData
4850:             1             48  org.opensearch.search.asynchronous.stats.InternalAsynchronousSearchStats$CountStatsHolder
4851:             1             48  org.opensearch.search.asynchronous.transport.TransportSubmitAsynchronousSearchAction
4852:             2             48  org.opensearch.search.backpressure.trackers.CpuUsageTracker
4853:             2             48  org.opensearch.search.backpressure.trackers.ElapsedTimeTracker
4854:             2             48  org.opensearch.search.backpressure.trackers.NodeDuressTracker
4855:             1             48  org.opensearch.search.fetch.FetchSearchResult
4856:             3             48  org.opensearch.search.fetch.subphase.highlight.HighlightPhase
4857:             2             48  org.opensearch.search.internal.AliasFilter
4858:             1             48  org.opensearch.search.internal.InternalSearchResponse
4859:             1             48  org.opensearch.search.pipeline.Pipeline
4860:             2             48  org.opensearch.search.sort.SortFieldAndFormat
4861:             2             48  org.opensearch.secure_sm.ThreadPermission
4862:             1             48  org.opensearch.security.auditlog.sink.DebugSink
4863:             1             48  org.opensearch.security.auditlog.sink.SinkProvider
4864:             3             48  org.opensearch.security.compliance.ComplianceConfig$1
4865:             1             48  org.opensearch.security.dlic.rest.api.ActionGroupsApiAction
4866:             1             48  org.opensearch.security.dlic.rest.api.AllowlistApiAction
4867:             1             48  org.opensearch.security.dlic.rest.api.AuthTokenProcessorAction
4868:             1             48  org.opensearch.security.dlic.rest.api.CertificatesApiAction
4869:             1             48  org.opensearch.security.dlic.rest.api.ConfigUpgradeApiAction
4870:             1             48  org.opensearch.security.dlic.rest.api.FlushCacheApiAction
4871:             1             48  org.opensearch.security.dlic.rest.api.MigrateApiAction
4872:             1             48  org.opensearch.security.dlic.rest.api.MultiTenancyConfigApiAction
4873:             1             48  org.opensearch.security.dlic.rest.api.RolesApiAction
4874:             1             48  org.opensearch.security.dlic.rest.api.RolesMappingApiAction
4875:             1             48  org.opensearch.security.dlic.rest.api.TenantsApiAction
4876:             1             48  org.opensearch.security.dlic.rest.api.ValidateApiAction
4877:             1             48  org.opensearch.security.dlic.rest.api.WhitelistApiAction
4878:             1             48  org.opensearch.security.privileges.SecurityIndexAccessEvaluator
4879:             1             48  org.opensearch.security.rest.SecurityWhoAmIAction
4880:             1             48  org.opensearch.security.rest.TenantInfoAction
4881:             1             48  org.opensearch.security.securityconf.ConfigModelV7
4882:             1             48  org.opensearch.security.securityconf.ConfigModelV7$RoleMappingHolder
4883:             1             48  org.opensearch.security.securityconf.DynamicConfigFactory
4884:             2             48  org.opensearch.security.securityconf.impl.v7.ConfigV7$AuthzBackend
4885:             2             48  org.opensearch.security.securityconf.impl.v7.ConfigV7$AuthzDomain
4886:             2             48  org.opensearch.security.securityconf.impl.v7.ConfigV7$Http
4887:             2             48  org.opensearch.security.securityconf.impl.v7.ConfigV7$OnBehalfOfSettings
4888:             2             48  org.opensearch.security.securityconf.impl.v7.ConfigV7$Xff
4889:             2             48  org.opensearch.security.ssl.transport.PrincipalExtractor$Type
4890:             2             48  org.opensearch.security.support.SerializationFormat
4891:             1             48  org.opensearch.securityanalytics.threatIntel.common.TIFMetadata
4892:             1             48  org.opensearch.securityanalytics.transport.TransportDeleteRuleAction
4893:             1             48  org.opensearch.securityanalytics.transport.TransportListCorrelationAction
4894:             1             48  org.opensearch.securityanalytics.transport.TransportSearchCorrelationAction
4895:             1             48  org.opensearch.securityanalytics.transport.TransportSearchCorrelationRuleAction
4896:             2             48  org.opensearch.securityanalytics.util.WorkflowService
4897:             1             48  org.opensearch.snapshots.SnapshotShardsService
4898:             3             48  org.opensearch.sql.expression.function.FunctionDSL$$Lambda/0x00007fcd28b31cb0
4899:             2             48  org.opensearch.sql.expression.function.FunctionDSL$$Lambda/0x00007fcd28b5aab0
4900:             3             48  org.opensearch.sql.expression.window.WindowFunctions$$Lambda/0x00007fcd28b633f8
4901:             2             48  org.opensearch.sql.opensearch.setting.OpenSearchSettings
4902:             2             48  org.opensearch.sql.spark.asyncquery.OpenSearchAsyncQueryJobMetadataStorageService
4903:             3             48  org.opensearch.sql.spark.dispatcher.DatasourceEmbeddedQueryIdProvider
4904:             2             48  org.opensearch.sql.sql.SQLService
4905:             1             48  org.opensearch.tasks.TaskCancellationMonitoringService
4906:             3             48  org.opensearch.threadpool.AutoQueueAdjustingExecutorBuilder$$Lambda/0x00007fcd28535d58
4907:             3             48  org.opensearch.threadpool.AutoQueueAdjustingExecutorBuilder$$Lambda/0x00007fcd285361d0
4908:             3             48  org.opensearch.threadpool.AutoQueueAdjustingExecutorBuilder$$Lambda/0x00007fcd28536678
4909:             2             48  org.opensearch.timeseries.AnalysisType
4910:             1             48  org.opensearch.timeseries.NodeStateManager
4911:             2             48  org.opensearch.timeseries.caching.PriorityCache$$Lambda/0x00007fcd28a146b8
4912:             1             48  org.opensearch.timeseries.feature.SearchFeatureDao
4913:             1             48  org.opensearch.timeseries.settings.TimeSeriesEnabledSetting$1
4914:             1             48  org.opensearch.transport.ClusterConnectionManager
4915:             1             48  org.opensearch.transport.NativeMessageHandler
4916:             2             48  org.opensearch.transport.NettyByteBufSizer
4917:             2             48  org.opensearch.transport.SharedGroupFactory$SharedGroup
4918:             1             48  org.opensearch.transport.TransportException
4919:             2             48  software.amazon.awssdk.auth.credentials.AwsBasicCredentials
4920:             3             48  sun.management.spi.PlatformMBeanProvider$PlatformComponent$$Lambda/0x00007fcd280e1f80 (java.management@21.0.3)
4921:             3             48  sun.management.spi.PlatformMBeanProvider$PlatformComponent$$Lambda/0x00007fcd280e21d0 (java.management@21.0.3)
4922:             3             48  sun.nio.ch.SocketDispatcher (java.base@21.0.3)
4923:             1             48  sun.nio.fs.UnixMountEntry (java.base@21.0.3)
4924:             2             48  sun.security.ec.ParametersMap (jdk.crypto.ec@21.0.3)
4925:             2             48  sun.security.jca.ProviderList (java.base@21.0.3)
4926:             2             48  sun.security.jca.ProviderList$3 (java.base@21.0.3)
4927:             3             48  sun.security.provider.X509Factory (java.base@21.0.3)
4928:             3             48  sun.security.rsa.PSSParameters (java.base@21.0.3)
4929:             2             48  sun.security.ssl.SSLAlgorithmConstraints (java.base@21.0.3)
4930:             3             48  sun.security.ssl.SSLAlgorithmDecomposer (java.base@21.0.3)
4931:             3             48  sun.security.ssl.SSLCipher$StreamReadCipherGenerator (java.base@21.0.3)
4932:             3             48  sun.security.ssl.SSLCipher$StreamWriteCipherGenerator (java.base@21.0.3)
4933:             2             48  sun.security.util.DisabledAlgorithmConstraints$jdkCAConstraint (java.base@21.0.3)
4934:             2             48  sun.security.validator.EndEntityChecker (java.base@21.0.3)
4935:             1             48  sun.text.BreakDictionary (java.base@21.0.3)
4936:             1             48  sun.text.resources.FormatData (java.base@21.0.3)
4937:             1             48  sun.text.resources.FormatData_en (java.base@21.0.3)
4938:             1             48  sun.text.resources.FormatData_en_US (java.base@21.0.3)
4939:             1             48  sun.util.resources.CalendarData (java.base@21.0.3)
4940:             1             48  sun.util.resources.CalendarData_en (java.base@21.0.3)
4941:             1             40  [Lcom.fasterxml.jackson.annotation.JsonAutoDetect$Visibility;
4942:             1             40  [Lcom.fasterxml.jackson.annotation.JsonAutoDetect$Visibility;
4943:             1             40  [Lcom.fasterxml.jackson.annotation.Nulls;
4944:             1             40  [Lcom.fasterxml.jackson.annotation.Nulls;
4945:             1             40  [Lcom.fasterxml.jackson.annotation.Nulls;
4946:             1             40  [Lcom.fasterxml.jackson.core.JsonEncoding;
4947:             1             40  [Lcom.fasterxml.jackson.core.JsonFactory$Feature;
4948:             1             40  [Lcom.fasterxml.jackson.core.JsonParser$NumberType;
4949:             1             40  [Lcom.fasterxml.jackson.core.StreamReadFeature;
4950:             1             40  [Lcom.fasterxml.jackson.core.json.JsonWriteFeature;
4951:             1             40  [Lcom.fasterxml.jackson.databind.cfg.JsonNodeFeature;
4952:             1             40  [Lcom.fasterxml.jackson.databind.cfg.JsonNodeFeature;
4953:             1             40  [Lcom.fasterxml.jackson.dataformat.smile.SmileGenerator$Feature;
4954:             1             40  [Lcom.google.gson.FieldNamingPolicy;
4955:             2             40  [Lcom.sun.jmx.mbeanserver.ClassLoaderRepositorySupport$LoaderEntry; (java.management@21.0.3)
4956:             1             40  [Lio.netty.handler.logging.LogLevel;
4957:             1             40  [Lio.netty.util.internal.logging.InternalLogLevel;
4958:             1             40  [Ljava.lang.Thread$State; (java.base@21.0.3)
4959:             1             40  [Ljava.lang.invoke.VarHandle$AccessType; (java.base@21.0.3)
4960:             1             40  [Ljava.lang.management.MemoryManagerMXBean; (java.management@21.0.3)
4961:             1             40  [Ljava.time.chrono.JapaneseEra; (java.base@21.0.3)
4962:             1             40  [Ljava.time.format.SignStyle; (java.base@21.0.3)
4963:             1             40  [Ljava.time.format.TextStyle; (java.base@21.0.3)
4964:             2             40  [Ljava.time.zone.ZoneOffsetTransitionRule; (java.base@21.0.3)
4965:             1             40  [Ljava.util.Locale$FilteringMode; (java.base@21.0.3)
4966:             1             40  [Ljava.util.stream.StreamOpFlag; (java.base@21.0.3)
4967:             1             40  [Ljavax.net.ssl.SSLEngineResult$HandshakeStatus; (java.base@21.0.3)
4968:             1             40  [Lkotlinx.coroutines.scheduling.CoroutineScheduler$WorkerState;
4969:             1             40  [Lorg.apache.logging.log4j.core.LifeCycle$State;
4970:             1             40  [Lorg.apache.logging.log4j.core.pattern.PatternParser$ParserState;
4971:             1             40  [Lorg.apache.lucene.document.StoredValue$Type;
4972:             1             40  [Lorg.apache.lucene.index.DocValuesType;
4973:             1             40  [Lorg.apache.lucene.index.IndexOptions;
4974:             1             40  [Lorg.apache.lucene.search.ScoreMode;
4975:             1             40  [Lorg.ldaptive.ReturnAttributes;
4976:             1             40  [Lorg.opensearch.Build$Type;
4977:             1             40  [Lorg.opensearch.action.DocWriteResponse$Result;
4978:             1             40  [Lorg.opensearch.ad.model.ADTaskType;
4979:             1             40  [Lorg.opensearch.alerting.util.DestinationType;
4980:             1             40  [Lorg.opensearch.cluster.metadata.IndexMetadata$APIBlock;
4981:             1             40  [Lorg.opensearch.cluster.routing.UnassignedInfo$AllocationStatus;
4982:             2             40  [Lorg.opensearch.common.bytes.ReleasableBytesReference;
4983:             1             40  [Lorg.opensearch.common.unit.SizeUnit;
4984:             1             40  [Lorg.opensearch.core.common.unit.ByteSizeUnit;
4985:             1             40  [Lorg.opensearch.index.IndexModule$Type;
4986:             1             40  [Lorg.opensearch.index.analysis.AnalysisRegistry$Component;
4987:             1             40  [Lorg.opensearch.index.engine.Engine$Operation$Origin;
4988:             1             40  [Lorg.opensearch.index.mapper.RangeType;
4989:             1             40  [Lorg.opensearch.index.query.MultiMatchQueryBuilder$Type;
4990:             1             40  [Lorg.opensearch.knn.index.SpaceType;
4991:             1             40  [Lorg.opensearch.knn.index.codec.KNNCodecVersion;
4992:             1             40  [Lorg.opensearch.ml.common.MLTaskState;
4993:             1             40  [Lorg.opensearch.performanceanalyzer.config.setting.PerformanceAnalyzerClusterSettings$PerformanceAnalyzerFeatureBits;
4994:             1             40  [Lorg.opensearch.search.MultiValueMode;
4995:             1             40  [Lorg.opensearch.security.dlic.rest.validation.PasswordValidator$ScoreStrength;
4996:             1             40  [Lorg.yaml.snakeyaml.DumperOptions$ScalarStyle;
4997:             1             40  [Lsun.security.ssl.CipherSuite$MacAlg; (java.base@21.0.3)
4998:             1             40  [Lsun.security.ssl.ContentType; (java.base@21.0.3)
4999:             1             40  [Lsun.security.ssl.SSLKeyExchange$T12KeyAgreement; (java.base@21.0.3)
5000:             1             40  [Lsun.security.ssl.X509Authentication; (java.base@21.0.3)
5001:             1             40  [Lsun.security.util.DisabledAlgorithmConstraints$Constraint$Operator; (java.base@21.0.3)
5002:             1             40  [[Ljava.lang.invoke.LambdaForm$Name; (java.base@21.0.3)
5003:             1             40  [[Lorg.joni.ast.QuantifierNode$ReduceType;
5004:             1             40  com.amazon.dlic.auth.ldap.backend.LDAPAuthenticationBackend
5005:             1             40  com.fasterxml.jackson.annotation.JsonFormat$Value
5006:             1             40  com.fasterxml.jackson.annotation.JsonFormat$Value
5007:             1             40  com.fasterxml.jackson.annotation.JsonFormat$Value
5008:             1             40  com.fasterxml.jackson.databind.cfg.ConfigOverrides
5009:             1             40  com.google.common.io.BaseEncoding$Base16Encoding
5010:             1             40  com.google.common.util.concurrent.ThreadFactoryBuilder$1
5011:             1             40  com.google.gson.internal.Excluder
5012:             1             40  com.sun.jmx.interceptor.DefaultMBeanServerInterceptor (java.management@21.0.3)
5013:             1             40  com.sun.jmx.mbeanserver.JmxMBeanServer (java.management@21.0.3)
5014:             1             40  com.sun.jmx.mbeanserver.MBeanServerDelegateImpl (java.management@21.0.3)
5015:             1             40  com.sun.management.internal.DiagnosticCommandImpl (jdk.management@21.0.3)
5016:             1             40  com.sun.management.internal.OperatingSystemImpl$ProcessCpuTicks (jdk.management@21.0.3)
5017:             1             40  com.sun.management.internal.OperatingSystemImpl$SystemCpuTicks (jdk.management@21.0.3)
5018:             1             40  io.netty.channel.AdaptiveRecvByteBufAllocator
5019:             1             40  io.netty.util.ResourceLeakDetector
5020:             1             40  io.netty.util.concurrent.DefaultPromise$StacklessCancellationException
5021:             1             40  io.netty.util.concurrent.DefaultPromise$StacklessCancellationException
5022:             1             40  java.io.IOException (java.base@21.0.3)
5023:             1             40  java.lang.ArithmeticException (java.base@21.0.3)
5024:             1             40  java.lang.ClassNotFoundException (java.base@21.0.3)
5025:             1             40  java.lang.VirtualMachineError (java.base@21.0.3)
5026:             1             40  java.lang.invoke.VarHandleLongs$Array (java.base@21.0.3)
5027:             1             40  java.util.ResourceBundle$2 (java.base@21.0.3)
5028:             1             40  java.util.ServiceLoader$LazyClassPathLookupIterator (java.base@21.0.3)
5029:             1             40  java.util.StringJoiner (java.base@21.0.3)
5030:             1             40  java.util.TreeMap$ValueSpliterator (java.base@21.0.3)
5031:             1             40  java.util.concurrent.CompletableFuture$UniHandle (java.base@21.0.3)
5032:             1             40  javax.crypto.CryptoAllPermission (java.base@21.0.3)
5033:             1             40  jdk.internal.event.SecurityProviderServiceEvent (java.base@21.0.3)
5034:             1             40  jdk.internal.event.ThreadSleepEvent (java.base@21.0.3)
5035:             1             40  jdk.internal.foreign.NativeMemorySegmentImpl (java.base@21.0.3)
5036:             1             40  jdk.internal.logger.LazyLoggers$LazyLoggerAccessor (java.base@21.0.3)
5037:             1             40  jdk.internal.ref.CleanerImpl$CleanerCleanable (java.base@21.0.3)
5038:             1             40  jdk.nio.zipfs.ZipFileSystem$END (jdk.zipfs@21.0.3)
5039:             1             40  kotlinx.coroutines.internal.LockFreeTaskQueueCore
5040:             1             40  kotlinx.coroutines.scheduling.DefaultScheduler
5041:             1             40  kotlinx.coroutines.scheduling.DefaultScheduler
5042:             1             40  kotlinx.coroutines.scheduling.DefaultScheduler
5043:             1             40  kotlinx.coroutines.scheduling.DefaultScheduler
5044:             1             40  kotlinx.coroutines.scheduling.DefaultScheduler
5045:             1             40  kotlinx.coroutines.scheduling.LimitingDispatcher
5046:             1             40  kotlinx.coroutines.scheduling.LimitingDispatcher
5047:             1             40  kotlinx.coroutines.scheduling.LimitingDispatcher
5048:             1             40  kotlinx.coroutines.scheduling.LimitingDispatcher
5049:             1             40  kotlinx.coroutines.scheduling.LimitingDispatcher
5050:             1             40  org.apache.commons.pool2.impl.LinkedBlockingDeque
5051:             1             40  org.apache.logging.log4j.core.appender.OutputStreamManager
5052:             1             40  org.apache.logging.log4j.core.config.status.StatusConfiguration
5053:             1             40  org.apache.lucene.document.SortedNumericDocValuesRangeQuery
5054:             1             40  org.apache.lucene.index.DocumentsWriterPerThread$FlushedSegment
5055:             1             40  org.apache.lucene.index.OneMergeWrappingMergePolicy
5056:             1             40  org.apache.lucene.index.PrefixCodedTerms
5057:             1             40  org.apache.lucene.index.StoredFieldsConsumer
5058:             1             40  org.apache.lucene.index.VectorValuesConsumer
5059:             1             40  org.apache.lucene.queryparser.classic.QueryParser$LookaheadSuccess
5060:             1             40  org.apache.lucene.util.automaton.ByteRunAutomaton
5061:             1             40  org.apache.lucene.util.compress.LZ4$FastCompressionHashTable
5062:             1             40  org.bouncycastle.jce.provider.BouncyCastleProviderConfiguration
5063:             1             40  org.joni.ast.StringNode
5064:             1             40  org.locationtech.jts.geom.Coordinate
5065:             1             40  org.locationtech.spatial4j.context.SpatialContext
5066:             1             40  org.locationtech.spatial4j.context.jts.JtsSpatialContext
5067:             1             40  org.locationtech.spatial4j.shape.jts.JtsShapeFactory
5068:             1             40  org.opensearch.action.admin.indices.dangling.import_index.TransportImportDanglingIndexAction
5069:             1             40  org.opensearch.action.admin.indices.flush.TransportFlushAction
5070:             1             40  org.opensearch.action.admin.indices.mapping.get.TransportGetFieldMappingsAction
5071:             1             40  org.opensearch.action.admin.indices.refresh.TransportRefreshAction
5072:             1             40  org.opensearch.action.bulk.BulkResponse
5073:             1             40  org.opensearch.action.get.TransportMultiGetAction
5074:             1             40  org.opensearch.action.ingest.SimulatePipelineTransportAction
5075:             1             40  org.opensearch.action.main.TransportMainAction
5076:             1             40  org.opensearch.action.search.TransportClearScrollAction
5077:             1             40  org.opensearch.action.search.TransportDeletePitAction
5078:             1             40  org.opensearch.action.search.TransportSearchScrollAction
5079:             1             40  org.opensearch.action.support.nodes.TransportNodesAction$AsyncAction
5080:             1             40  org.opensearch.action.termvectors.TransportMultiTermVectorsAction
5081:             1             40  org.opensearch.ad.transport.ADBatchAnomalyResultTransportAction
5082:             1             40  org.opensearch.ad.transport.ADBatchTaskRemoteExecutionTransportAction
5083:             1             40  org.opensearch.ad.transport.DeleteAnomalyResultsTransportAction
5084:             1             40  org.opensearch.ad.transport.SearchTopAnomalyResultTransportAction
5085:             1             40  org.opensearch.ad.transport.StopDetectorTransportAction
5086:             1             40  org.opensearch.alerting.InputService
5087:             1             40  org.opensearch.alerting.transport.TransportSearchEmailAccountAction
5088:             1             40  org.opensearch.alerting.transport.TransportSearchEmailGroupAction
5089:             1             40  org.opensearch.alerting.util.destinationmigration.DestinationMigrationCoordinator
5090:             1             40  org.opensearch.bootstrap.OpenSearchPolicy
5091:             1             40  org.opensearch.cluster.ClusterManagerMetrics
5092:             1             40  org.opensearch.cluster.coordination.ApplyCommitRequest
5093:             1             40  org.opensearch.cluster.coordination.ClusterBootstrapService
5094:             1             40  org.opensearch.cluster.coordination.ElectionSchedulerFactory
5095:             1             40  org.opensearch.cluster.coordination.JoinHelper$$Lambda/0x00007fcd28cf6f18
5096:             1             40  org.opensearch.cluster.coordination.PreVoteCollector
5097:             1             40  org.opensearch.cluster.metadata.MetadataIndexAliasesService
5098:             1             40  org.opensearch.cluster.metadata.MetadataIndexUpgradeService
5099:             1             40  org.opensearch.cluster.routing.DelayedAllocationService
5100:             1             40  org.opensearch.cluster.routing.allocation.AllocationService
5101:             1             40  org.opensearch.cluster.routing.allocation.allocator.BalancedShardsAllocator
5102:             1             40  org.opensearch.cluster.routing.allocation.allocator.BalancedShardsAllocator$WeightFunction
5103:             1             40  org.opensearch.cluster.service.ClusterManagerTaskThrottler
5104:             1             40  org.opensearch.cluster.service.MasterService$Batcher
5105:             1             40  org.opensearch.common.cache.store.OpenSearchOnHeapCache
5106:             1             40  org.opensearch.common.compress.DeflateCompressor$1
5107:             1             40  org.opensearch.common.settings.AbstractScopedSettings$1
5108:             1             40  org.opensearch.common.settings.SecureSetting$SecureFileSetting
5109:             1             40  org.opensearch.common.ssl.SslConfiguration
5110:             1             40  org.opensearch.common.util.concurrent.ThreadContext
5111:             1             40  org.opensearch.core.common.bytes.CompositeBytesReference
5112:             1             40  org.opensearch.env.NodeEnvironment$NodePath
5113:             1             40  org.opensearch.flowframework.rest.RestSearchWorkflowAction
5114:             1             40  org.opensearch.flowframework.rest.RestSearchWorkflowStateAction
5115:             1             40  org.opensearch.flowframework.transport.DeleteWorkflowTransportAction
5116:             1             40  org.opensearch.flowframework.transport.GetWorkflowStateTransportAction
5117:             1             40  org.opensearch.flowframework.transport.GetWorkflowStepTransportAction
5118:             1             40  org.opensearch.flowframework.transport.SearchWorkflowStateTransportAction
5119:             1             40  org.opensearch.flowframework.transport.SearchWorkflowTransportAction
5120:             1             40  org.opensearch.forecast.transport.SearchTopForecastResultTransportAction
5121:             1             40  org.opensearch.forecast.transport.StopForecasterTransportAction
5122:             1             40  org.opensearch.gateway.DanglingIndicesState
5123:             1             40  org.opensearch.gateway.GatewayAllocator
5124:             1             40  org.opensearch.gateway.GatewayMetaState$AsyncLucenePersistedState
5125:             1             40  org.opensearch.gateway.GatewayMetaState$LucenePersistedState
5126:             1             40  org.opensearch.gateway.PersistedClusterStateService
5127:             1             40  org.opensearch.gateway.PersistedClusterStateService$OnDiskState
5128:             1             40  org.opensearch.geospatial.action.upload.geojson.UploadGeoJSONTransportAction
5129:             1             40  org.opensearch.geospatial.ip2geo.jobscheduler.DatasourceRunner
5130:             1             40  org.opensearch.geospatial.ip2geo.listener.Ip2GeoListener
5131:             1             40  org.opensearch.http.CorsHandler$Config
5132:             1             40  org.opensearch.index.engine.EngineConfig$1
5133:             1             40  org.opensearch.index.flush.FlushStats
5134:             1             40  org.opensearch.index.mapper.DataStreamFieldMapper$DataStreamFieldType
5135:             1             40  org.opensearch.index.mapper.DocCountFieldMapper$DocCountFieldType
5136:             1             40  org.opensearch.index.mapper.IgnoredFieldMapper$IgnoredFieldType
5137:             1             40  org.opensearch.index.mapper.IndexFieldMapper$IndexFieldType
5138:             1             40  org.opensearch.index.mapper.NumberFieldMapper$NumberType$1
5139:             1             40  org.opensearch.index.mapper.NumberFieldMapper$NumberType$2
5140:             1             40  org.opensearch.index.mapper.NumberFieldMapper$NumberType$3
5141:             1             40  org.opensearch.index.mapper.NumberFieldMapper$NumberType$4
5142:             1             40  org.opensearch.index.mapper.NumberFieldMapper$NumberType$5
5143:             1             40  org.opensearch.index.mapper.NumberFieldMapper$NumberType$6
5144:             1             40  org.opensearch.index.mapper.NumberFieldMapper$NumberType$7
5145:             1             40  org.opensearch.index.mapper.NumberFieldMapper$NumberType$8
5146:             1             40  org.opensearch.index.mapper.RangeType$1
5147:             1             40  org.opensearch.index.mapper.RangeType$2
5148:             1             40  org.opensearch.index.mapper.RangeType$3
5149:             1             40  org.opensearch.index.mapper.RangeType$4
5150:             1             40  org.opensearch.index.mapper.RangeType$5
5151:             1             40  org.opensearch.index.mapper.RangeType$6
5152:             1             40  org.opensearch.index.mapper.RankFeatureMetaFieldMapper$RankFeatureMetaFieldType
5153:             1             40  org.opensearch.index.mapper.RoutingFieldMapper$RoutingFieldType
5154:             1             40  org.opensearch.index.mapper.SeqNoFieldMapper$SeqNoFieldType
5155:             1             40  org.opensearch.index.mapper.VersionFieldMapper$VersionFieldType
5156:             1             40  org.opensearch.index.rankeval.TransportRankEvalAction
5157:             1             40  org.opensearch.index.recovery.RemoteStoreRestoreService
5158:             1             40  org.opensearch.index.reindex.Reindexer
5159:             1             40  org.opensearch.index.reindex.TransportReindexAction
5160:             1             40  org.opensearch.indexmanagement.controlcenter.notification.action.delete.TransportDeleteLRONConfigAction
5161:             1             40  org.opensearch.indexmanagement.controlcenter.notification.action.get.TransportGetLRONConfigAction
5162:             1             40  org.opensearch.indexmanagement.indexstatemanagement.PluginVersionSweepCoordinator
5163:             1             40  org.opensearch.indexmanagement.indexstatemanagement.transport.action.removepolicy.TransportRemovePolicyAction
5164:             1             40  org.opensearch.indexmanagement.indexstatemanagement.transport.action.retryfailedmanagedindex.TransportRetryFailedManagedIndexAction
5165:             1             40  org.opensearch.indexmanagement.rollup.interceptor.RollupInterceptor
5166:             1             40  org.opensearch.indexmanagement.transform.TransformSearchService
5167:             1             40  org.opensearch.indexmanagement.transform.TransformValidator
5168:             1             40  org.opensearch.indices.IndicesQueryCache
5169:             1             40  org.opensearch.indices.IndicesRequestCache
5170:             1             40  org.opensearch.indices.IndicesRequestCache$IndicesRequestCacheCleanupManager
5171:             1             40  org.opensearch.indices.IndicesService$OldShardsStats
5172:             1             40  org.opensearch.indices.breaker.BreakerSettings
5173:             1             40  org.opensearch.indices.breaker.HierarchyCircuitBreakerService
5174:             1             40  org.opensearch.indices.recovery.PeerRecoverySourceService
5175:             1             40  org.opensearch.indices.replication.SegmentReplicationSourceService
5176:             1             40  org.opensearch.indices.store.IndicesStore
5177:             1             40  org.opensearch.ingest.common.GrokProcessorGetAction$TransportAction
5178:             1             40  org.opensearch.jobscheduler.JobSchedulerPlugin
5179:             1             40  org.opensearch.knn.index.codec.KNN86Codec.KNN86Codec
5180:             1             40  org.opensearch.knn.index.codec.KNN920Codec.KNN920PerFieldKnnVectorsFormat
5181:             1             40  org.opensearch.knn.index.codec.KNN940Codec.KNN940PerFieldKnnVectorsFormat
5182:             1             40  org.opensearch.knn.index.codec.KNN950Codec.KNN950PerFieldKnnVectorsFormat
5183:             1             40  org.opensearch.knn.index.codec.KNN990Codec.KNN990PerFieldKnnVectorsFormat
5184:             1             40  org.opensearch.knn.index.util.Faiss
5185:             1             40  org.opensearch.knn.plugin.transport.TrainingJobRouterTransportAction
5186:             1             40  org.opensearch.ml.action.agents.DeleteAgentTransportAction
5187:             1             40  org.opensearch.ml.action.agents.GetAgentTransportAction
5188:             1             40  org.opensearch.ml.action.agents.TransportRegisterAgentAction
5189:             1             40  org.opensearch.ml.action.config.GetConfigTransportAction
5190:             1             40  org.opensearch.ml.action.connector.DeleteConnectorTransportAction
5191:             1             40  org.opensearch.ml.action.connector.GetConnectorTransportAction
5192:             1             40  org.opensearch.ml.action.connector.SearchConnectorTransportAction
5193:             1             40  org.opensearch.ml.action.execute.TransportExecuteTaskAction
5194:             1             40  org.opensearch.ml.action.model_group.SearchModelGroupTransportAction
5195:             1             40  org.opensearch.ml.action.tasks.DeleteTaskTransportAction
5196:             1             40  org.opensearch.ml.action.tasks.GetTaskTransportAction
5197:             1             40  org.opensearch.ml.action.training.TransportTrainingTaskAction
5198:             1             40  org.opensearch.ml.action.trainpredict.TransportTrainAndPredictionTaskAction
5199:             1             40  org.opensearch.ml.action.upload_chunk.TransportUploadModelChunkAction
5200:             1             40  org.opensearch.ml.cluster.DiscoveryNodeHelper
5201:             1             40  org.opensearch.ml.engine.algorithms.agent.MLAgentExecutor
5202:             1             40  org.opensearch.ml.memory.action.conversation.CreateConversationTransportAction
5203:             1             40  org.opensearch.ml.memory.action.conversation.CreateInteractionTransportAction
5204:             1             40  org.opensearch.ml.memory.action.conversation.DeleteConversationTransportAction
5205:             1             40  org.opensearch.ml.memory.action.conversation.GetConversationTransportAction
5206:             1             40  org.opensearch.ml.memory.action.conversation.GetConversationsTransportAction
5207:             1             40  org.opensearch.ml.memory.action.conversation.GetInteractionTransportAction
5208:             1             40  org.opensearch.ml.memory.action.conversation.GetInteractionsTransportAction
5209:             1             40  org.opensearch.ml.memory.action.conversation.GetTracesTransportAction
5210:             1             40  org.opensearch.ml.memory.action.conversation.SearchConversationsTransportAction
5211:             1             40  org.opensearch.ml.memory.action.conversation.SearchInteractionsTransportAction
5212:             1             40  org.opensearch.ml.memory.action.conversation.UpdateConversationTransportAction
5213:             1             40  org.opensearch.ml.memory.action.conversation.UpdateInteractionTransportAction
5214:             1             40  org.opensearch.ml.rest.RestMLSearchAgentAction
5215:             1             40  org.opensearch.ml.rest.RestMLSearchConnectorAction
5216:             1             40  org.opensearch.ml.rest.RestMLSearchModelAction
5217:             1             40  org.opensearch.ml.rest.RestMLSearchModelGroupAction
5218:             1             40  org.opensearch.ml.rest.RestMLSearchTaskAction
5219:             1             40  org.opensearch.ml.rest.RestMLStatsAction
5220:             1             40  org.opensearch.ml.rest.RestMemorySearchConversationsAction
5221:             1             40  org.opensearch.monitor.MonitorService
5222:             1             40  org.opensearch.monitor.fs.FsService$FsInfoCache
5223:             1             40  org.opensearch.monitor.jvm.HotThreads
5224:             1             40  org.opensearch.monitor.process.ProcessService$ProcessStatsCache
5225:             1             40  org.opensearch.node.ResourceUsageCollectorService
5226:             1             40  org.opensearch.node.resource.tracker.AverageCpuUsageTracker
5227:             1             40  org.opensearch.node.resource.tracker.AverageMemoryUsageTracker
5228:             1             40  org.opensearch.node.resource.tracker.ResourceTrackerSettings
5229:             1             40  org.opensearch.notifications.action.CreateNotificationConfigAction
5230:             1             40  org.opensearch.notifications.action.DeleteNotificationConfigAction
5231:             1             40  org.opensearch.notifications.action.GetChannelListAction
5232:             1             40  org.opensearch.notifications.action.GetNotificationConfigAction
5233:             1             40  org.opensearch.notifications.action.GetPluginFeaturesAction
5234:             1             40  org.opensearch.notifications.action.PublishNotificationAction
5235:             1             40  org.opensearch.notifications.action.SendNotificationAction
5236:             1             40  org.opensearch.notifications.action.SendTestNotificationAction
5237:             1             40  org.opensearch.notifications.action.UpdateNotificationConfigAction
5238:             1             40  org.opensearch.observability.action.CreateObservabilityObjectAction
5239:             1             40  org.opensearch.observability.action.DeleteObservabilityObjectAction
5240:             1             40  org.opensearch.observability.action.GetObservabilityObjectAction
5241:             1             40  org.opensearch.observability.action.UpdateObservabilityObjectAction
5242:             1             40  org.opensearch.performanceanalyzer.config.setting.ClusterSettingsManager
5243:             1             40  org.opensearch.ratelimitting.admissioncontrol.AdmissionControlService
5244:             1             40  org.opensearch.replication.ReplicationPlugin
5245:             1             40  org.opensearch.replication.action.autofollow.TransportUpdateAutoFollowPatternAction
5246:             1             40  org.opensearch.replication.action.setup.TransportSetupChecksAction
5247:             1             40  org.opensearch.replication.action.setup.TransportValidatePermissionsAction
5248:             1             40  org.opensearch.replication.task.autofollow.AutoFollowExecutor
5249:             1             40  org.opensearch.reportsscheduler.action.CreateReportDefinitionAction
5250:             1             40  org.opensearch.reportsscheduler.action.DeleteReportDefinitionAction
5251:             1             40  org.opensearch.reportsscheduler.action.GetAllReportDefinitionsAction
5252:             1             40  org.opensearch.reportsscheduler.action.GetAllReportInstancesAction
5253:             1             40  org.opensearch.reportsscheduler.action.GetReportDefinitionAction
5254:             1             40  org.opensearch.reportsscheduler.action.GetReportInstanceAction
5255:             1             40  org.opensearch.reportsscheduler.action.InContextReportCreateAction
5256:             1             40  org.opensearch.reportsscheduler.action.OnDemandReportCreateAction
5257:             1             40  org.opensearch.reportsscheduler.action.UpdateReportDefinitionAction
5258:             1             40  org.opensearch.reportsscheduler.action.UpdateReportInstanceStatusAction
5259:             1             40  org.opensearch.repositories.s3.async.TransferSemaphoresHolder
5260:             1             40  org.opensearch.rest.RestController
5261:             1             40  org.opensearch.script.ScriptService
5262:             1             40  org.opensearch.script.mustache.TransportMultiSearchTemplateAction
5263:             1             40  org.opensearch.script.mustache.TransportRenderSearchTemplateAction
5264:             1             40  org.opensearch.script.mustache.TransportSearchTemplateAction
5265:             1             40  org.opensearch.search.SearchHits
5266:             1             40  org.opensearch.search.SearchService$SearchOperationListenerExecutor
5267:             1             40  org.opensearch.search.aggregations.MultiBucketConsumerService$MultiBucketConsumer
5268:             1             40  org.opensearch.search.aggregations.metrics.MaxAggregatorFactory
5269:             1             40  org.opensearch.search.backpressure.settings.SearchBackpressureSettings
5270:             1             40  org.opensearch.search.query.TopDocsCollectorContext$EmptyTopDocsCollectorContext
5271:             1             40  org.opensearch.security.action.whoami.TransportWhoAmIAction
5272:             1             40  org.opensearch.security.configuration.AdminDNs
5273:             1             40  org.opensearch.security.configuration.ClusterInfoHolder
5274:             1             40  org.opensearch.security.configuration.ConfigurationLoaderSecurity7
5275:             1             40  org.opensearch.security.configuration.DlsFlsValveImpl
5276:             1             40  org.opensearch.security.dlic.rest.api.PermissionsInfoAction
5277:             1             40  org.opensearch.security.dlic.rest.api.SecurityApiDependencies
5278:             1             40  org.opensearch.security.privileges.ProtectedIndexAccessEvaluator
5279:             1             40  org.opensearch.security.rest.SecurityConfigUpdateAction
5280:             1             40  org.opensearch.security.ssl.rest.SecuritySSLInfoAction
5281:             1             40  org.opensearch.security.user.UserService
5282:             1             40  org.opensearch.securityanalytics.correlation.index.codec.correlation950.PerFieldCorrelationVectorsFormat950
5283:             1             40  org.opensearch.securityanalytics.correlation.index.codec.correlation990.PerFieldCorrelationVectorsFormat990
5284:             1             40  org.opensearch.securityanalytics.threatIntel.action.TransportPutTIFJobAction
5285:             1             40  org.opensearch.securityanalytics.threatIntel.jobscheduler.TIFJobRunner
5286:             1             40  org.opensearch.securityanalytics.transport.TransportCreateIndexMappingsAction
5287:             1             40  org.opensearch.securityanalytics.transport.TransportDeleteCorrelationRuleAction
5288:             1             40  org.opensearch.securityanalytics.transport.TransportGetAllRuleCategoriesAction
5289:             1             40  org.opensearch.securityanalytics.transport.TransportGetIndexMappingsAction
5290:             1             40  org.opensearch.securityanalytics.transport.TransportGetMappingsViewAction
5291:             1             40  org.opensearch.securityanalytics.transport.TransportIndexCorrelationRuleAction
5292:             1             40  org.opensearch.securityanalytics.transport.TransportUpdateIndexMappingsAction
5293:             1             40  org.opensearch.securityanalytics.transport.TransportValidateRulesAction
5294:             1             40  org.opensearch.sql.datasources.transport.TransportCreateDataSourceAction
5295:             1             40  org.opensearch.sql.plugin.transport.TransportPPLQueryAction
5296:             1             40  org.opensearch.sql.spark.transport.TransportCreateAsyncQueryRequestAction
5297:             1             40  org.opensearch.tasks.consumer.TopNSearchTasksLogger
5298:             1             40  org.opensearch.threadpool.ThreadPool
5299:             1             40  org.opensearch.timeseries.cluster.ADDataMigrator
5300:             1             40  org.opensearch.timeseries.cluster.ClusterManagerEventListener$$Lambda/0x00007fcd28a42990
5301:             1             40  org.opensearch.transport.ConnectionProfile
5302:             1             40  org.opensearch.transport.RemoteClusterService
5303:             1             40  org.opensearch.transport.RemoteConnectionStrategy$ConnectionStrategy$1
5304:             1             40  org.opensearch.transport.RemoteConnectionStrategy$ConnectionStrategy$2
5305:             1             40  org.opensearch.transport.TransportKeepAlive
5306:             1             40  org.opensearch.transport.netty4.ssl.SecureNetty4Transport$SSLServerChannelInitializer
5307:             1             40  org.opensearch.watcher.ResourceWatcherService
5308:             1             40  org.yaml.snakeyaml.LoaderOptions
5309:             1             40  sun.nio.cs.StandardCharsets$Aliases (java.base@21.0.3)
5310:             1             40  sun.nio.cs.StandardCharsets$Cache (java.base@21.0.3)
5311:             1             40  sun.security.ec.ECOperations (jdk.crypto.ec@21.0.3)
5312:             1             40  sun.security.ssl.TrustStoreManager$TrustStoreDescriptor (java.base@21.0.3)
5313:             1             40  sun.security.util.KnownOIDs$1 (java.base@21.0.3)
5314:             1             40  sun.security.util.KnownOIDs$10 (java.base@21.0.3)
5315:             1             40  sun.security.util.KnownOIDs$2 (java.base@21.0.3)
5316:             1             40  sun.security.util.KnownOIDs$3 (java.base@21.0.3)
5317:             1             40  sun.security.util.KnownOIDs$4 (java.base@21.0.3)
5318:             1             40  sun.security.util.KnownOIDs$5 (java.base@21.0.3)
5319:             1             40  sun.security.util.KnownOIDs$6 (java.base@21.0.3)
5320:             1             40  sun.security.util.KnownOIDs$7 (java.base@21.0.3)
5321:             1             40  sun.security.util.KnownOIDs$8 (java.base@21.0.3)
5322:             1             40  sun.security.util.KnownOIDs$9 (java.base@21.0.3)
5323:             1             40  sun.text.resources.BreakIteratorInfo (java.base@21.0.3)
5324:             1             40  sun.text.resources.BreakIteratorResources (java.base@21.0.3)
5325:             1             40  sun.text.resources.ext.BreakIteratorInfo_th (jdk.localedata@21.0.3)
5326:             1             40  sun.text.resources.ext.BreakIteratorResources_th (jdk.localedata@21.0.3)
5327:             1             40  sun.util.locale.InternalLocaleBuilder (java.base@21.0.3)
5328:             1             40  sun.util.resources.Bundles$1 (java.base@21.0.3)
5329:             1             32  [Lcom.fasterxml.jackson.core.Base64Variant$PaddingReadBehaviour;
5330:             1             32  [Lcom.fasterxml.jackson.core.StreamReadCapability;
5331:             1             32  [Lcom.fasterxml.jackson.core.util.Separators$Spacing;
5332:             1             32  [Lcom.fasterxml.jackson.databind.annotation.JsonSerialize$Typing;
5333:             1             32  [Lcom.fasterxml.jackson.databind.cfg.ConstructorDetector$SingleArgConstructor;
5334:             1             32  [Lcom.fasterxml.jackson.databind.cfg.JsonNodeFeature;
5335:             2             32  [Lcom.fasterxml.jackson.databind.deser.Deserializers;
5336:             2             32  [Lcom.fasterxml.jackson.databind.deser.Deserializers;
5337:             2             32  [Lcom.fasterxml.jackson.databind.deser.Deserializers;
5338:             1             32  [Lcom.fasterxml.jackson.databind.util.AccessPattern;
5339:             1             32  [Lcom.fasterxml.jackson.databind.util.internal.PrivateMaxEntriesMap$DrainStatus;
5340:             1             32  [Lcom.fasterxml.jackson.databind.util.internal.PrivateMaxEntriesMap$DrainStatus;
5341:             1             32  [Lcom.fasterxml.jackson.databind.util.internal.PrivateMaxEntriesMap$DrainStatus;
5342:             1             32  [Lcom.google.common.cache.LocalCache$Segment;
5343:             1             32  [Lcom.google.common.cache.LocalCache$Strength;
5344:             1             32  [Lcom.google.common.cache.LocalCache$Strength;
5345:             1             32  [Lcom.google.common.cache.LocalCache$Strength;
5346:             1             32  [Lcom.google.common.cache.LocalCache$Strength;
5347:             1             32  [Lcom.google.common.collect.AbstractIterator$State;
5348:             1             32  [Lcom.google.common.collect.AbstractIterator$State;
5349:             1             32  [Lcom.google.gson.ToNumberPolicy;
5350:             1             32  [Lcom.password4j.types.Bcrypt;
5351:             1             32  [Lio.netty.handler.codec.base64.Base64Dialect;
5352:             1             32  [Lio.netty.handler.ssl.ApplicationProtocolConfig$Protocol;
5353:             1             32  [Lio.netty.handler.ssl.ApplicationProtocolConfig$SelectedListenerFailureBehavior;
5354:             1             32  [Lio.netty.handler.ssl.ApplicationProtocolConfig$SelectorFailureBehavior;
5355:             1             32  [Lio.netty.handler.ssl.SslHandler$SslEngineType;
5356:             1             32  [Lio.netty.handler.ssl.SslProvider;
5357:             1             32  [Lio.netty.util.ResourceLeakDetector$Level;
5358:             1             32  [Ljava.lang.ProcessImpl$LaunchMechanism; (java.base@21.0.3)
5359:             1             32  [Ljava.lang.StackStreamFactory$WalkerState; (java.base@21.0.3)
5360:             1             32  [Ljava.lang.ThreadGroup; (java.base@21.0.3)
5361:             2             32  [Ljava.lang.Throwable; (java.base@21.0.3)
5362:             1             32  [Ljava.lang.invoke.MethodHandleImpl$ArrayAccess; (java.base@21.0.3)
5363:             1             32  [Ljava.lang.module.ModuleDescriptor$Modifier; (java.base@21.0.3)
5364:             1             32  [Ljava.lang.module.ModuleDescriptor$Requires$Modifier; (java.base@21.0.3)
5365:             1             32  [Ljava.lang.ref.WeakReference; (java.base@21.0.3)
5366:             2             32  [Ljava.net.NetworkInterface; (java.base@21.0.3)
5367:             1             32  [Ljava.net.StandardProtocolFamily; (java.base@21.0.3)
5368:             1             32  [Ljava.nio.file.AccessMode; (java.base@21.0.3)
5369:             1             32  [Ljava.nio.file.FileTreeWalker$EventType; (java.base@21.0.3)
5370:             1             32  [Ljava.nio.file.FileVisitResult; (java.base@21.0.3)
5371:             1             32  [Ljava.nio.file.StandardCopyOption; (java.base@21.0.3)
5372:             1             32  [Ljava.text.Normalizer$Form; (java.base@21.0.3)
5373:             1             32  [Ljava.time.format.DateTimeFormatterBuilder$SettingsParser; (java.base@21.0.3)
5374:             1             32  [Ljava.time.format.FormatStyle; (java.base@21.0.3)
5375:             1             32  [Ljava.time.format.ResolverStyle; (java.base@21.0.3)
5376:             1             32  [Ljava.time.temporal.IsoFields$Field; (java.base@21.0.3)
5377:             1             32  [Ljava.time.temporal.JulianFields$Field; (java.base@21.0.3)
5378:             1             32  [Ljava.time.zone.ZoneOffsetTransitionRule$TimeDefinition; (java.base@21.0.3)
5379:             1             32  [Ljava.util.regex.Pattern$Qtype; (java.base@21.0.3)
5380:             1             32  [Ljava.util.stream.MatchOps$MatchKind; (java.base@21.0.3)
5381:             1             32  [Ljava.util.stream.StreamShape; (java.base@21.0.3)
5382:             1             32  [Ljava.util.zip.ZipCoder$Comparison; (java.base@21.0.3)
5383:             1             32  [Ljavax.net.ssl.SSLEngineResult$Status; (java.base@21.0.3)
5384:             1             32  [Ljdk.internal.icu.util.CodePointTrie$ValueWidth; (java.base@21.0.3)
5385:             1             32  [Ljdk.internal.logger.BootstrapLogger$LoggingBackend; (java.base@21.0.3)
5386:             1             32  [Ljdk.internal.module.ServicesCatalog; (java.base@21.0.3)
5387:             1             32  [Lkotlin.coroutines.intrinsics.CoroutineSingletons;
5388:             1             32  [Lkotlinx.coroutines.CoroutineStart;
5389:             1             32  [Lorg.apache.logging.log4j.core.config.LoggerConfig$LoggerConfigPredicate;
5390:             1             32  [Lorg.apache.logging.log4j.core.util.datetime.FixedDateFormat$FixedTimeZoneFormat;
5391:             1             32  [Lorg.apache.lucene.codecs.lucene90.IndexedDISI$Method;
5392:             1             32  [Lorg.apache.lucene.codecs.lucene90.compressing.Lucene90CompressingStoredFieldsWriter$MergeStrategy;
5393:             1             32  [Lorg.apache.lucene.index.IndexWriterConfig$OpenMode;
5394:             1             32  [Lorg.apache.lucene.index.PointValues$Relation;
5395:             1             32  [Lorg.apache.lucene.index.StoredFieldVisitor$Status;
5396:             1             32  [Lorg.apache.lucene.index.TermsEnum$SeekStatus;
5397:             1             32  [Lorg.apache.lucene.index.TieredMergePolicy$MERGE_TYPE;
5398:             1             32  [Lorg.apache.lucene.search.Pruning;
5399:             1             32  [Lorg.apache.lucene.search.suggest.document.CompletionPostingsFormat$FSTLoadMode;
5400:             1             32  [Lorg.apache.lucene.store.IOContext$Context;
5401:             1             32  [Lorg.apache.lucene.util.automaton.CompiledAutomaton$AUTOMATON_TYPE;
5402:             1             32  [Lorg.apache.lucene.util.fst.FST$INPUT_TYPE;
5403:             1             32  [Lorg.bouncycastle.crypto.params.DHParameters;
5404:             1             32  [Lorg.bouncycastle.crypto.params.DSAParameters;
5405:             1             32  [Lorg.greenrobot.eventbus.SubscriberMethodFinder$FindState;
5406:             1             32  [Lorg.joni.ast.CClassNode$CCSTATE;
5407:             1             32  [Lorg.joni.ast.CClassNode$CCVALTYPE;
5408:             1             32  [Lorg.locationtech.spatial4j.context.jts.DatelineRule;
5409:             1             32  [Lorg.locationtech.spatial4j.context.jts.ValidationRule;
5410:             1             32  [Lorg.opensearch.action.DocWriteRequest$OpType;
5411:             1             32  [Lorg.opensearch.action.support.ActionFilter;
5412:             1             32  [Lorg.opensearch.action.support.replication.ReplicationMode;
5413:             1             32  [Lorg.opensearch.cli.Terminal$Verbosity;
5414:             1             32  [Lorg.opensearch.cluster.NodeConnectionsService$ActivityType;
5415:             1             32  [Lorg.opensearch.cluster.coordination.Coordinator$Mode;
5416:             1             32  [Lorg.opensearch.cluster.metadata.IndexAbstraction$Type;
5417:             1             32  [Lorg.opensearch.cluster.routing.ShardRoutingState;
5418:             1             32  [Lorg.opensearch.cluster.routing.allocation.decider.ClusterRebalanceAllocationDecider$ClusterRebalanceType;
5419:             1             32  [Lorg.opensearch.common.cache.Cache$State;
5420:             1             32  [Lorg.opensearch.common.geo.ShapeRelation;
5421:             1             32  [Lorg.opensearch.common.inject.Stage;
5422:             1             32  [Lorg.opensearch.common.inject.internal.Errors$Converter;
5423:             1             32  [Lorg.opensearch.common.lifecycle.Lifecycle$State;
5424:             1             32  [Lorg.opensearch.common.ssl.SslClientAuthenticationMode;
5425:             1             32  [Lorg.opensearch.common.ssl.SslVerificationMode;
5426:             1             32  [Lorg.opensearch.common.xcontent.XContentType;
5427:             1             32  [Lorg.opensearch.core.common.breaker.CircuitBreaker$Type;
5428:             1             32  [Lorg.opensearch.flowframework.indices.FlowFrameworkIndex;
5429:             1             32  [Lorg.opensearch.forecast.model.ForecastTaskType;
5430:             1             32  [Lorg.opensearch.forecast.transport.SuggestName;
5431:             1             32  [Lorg.opensearch.index.IndexSettings$IndexMergePolicy;
5432:             1             32  [Lorg.opensearch.index.VersionType;
5433:             1             32  [Lorg.opensearch.index.analysis.AnalysisMode;
5434:             1             32  [Lorg.opensearch.index.analysis.AnalyzerScope;
5435:             1             32  [Lorg.opensearch.index.codec.customcodecs.backward_codecs.Lucene95CustomCodec$Mode;
5436:             1             32  [Lorg.opensearch.index.engine.Engine$Result$Type;
5437:             1             32  [Lorg.opensearch.index.mapper.MappedFieldType$Relation;
5438:             1             32  [Lorg.opensearch.index.mapper.MapperService$MergeReason;
5439:             1             32  [Lorg.opensearch.index.mapper.ObjectMapper$Dynamic;
5440:             1             32  [Lorg.opensearch.index.mapper.RangeType$LengthType;
5441:             1             32  [Lorg.opensearch.index.remote.RemoteStorePressureService$LagValidator;
5442:             1             32  [Lorg.opensearch.index.search.MatchQuery$Type;
5443:             1             32  [Lorg.opensearch.index.search.MatchQuery$ZeroTermsQuery;
5444:             1             32  [Lorg.opensearch.index.shard.IndexShard$ShardMigrationState;
5445:             1             32  [Lorg.opensearch.index.translog.Translog$Operation$Type;
5446:             1             32  [Lorg.opensearch.indexmanagement.indexstatemanagement.util.MetadataCheck;
5447:             1             32  [Lorg.opensearch.indices.IndicesService$ShardDeletionCheckResult;
5448:             1             32  [Lorg.opensearch.indices.analysis.PreBuiltCacheFactory$CachingStrategy;
5449:             1             32  [Lorg.opensearch.indices.recovery.MultiChunkTransfer$Status;
5450:             1             32  [Lorg.opensearch.knn.index.util.KNNEngine;
5451:             1             32  [Lorg.opensearch.ml.breaker.BreakerName;
5452:             1             32  [Lorg.opensearch.monitor.jvm.JvmGcMonitorService$JvmMonitor$Threshold;
5453:             1             32  [Lorg.opensearch.painless.CompilerSettings$RegexEnabled;
5454:             1             32  [Lorg.opensearch.performanceanalyzer.commons.collectors.PerformanceAnalyzerMetricsCollector$State;
5455:             1             32  [Lorg.opensearch.performanceanalyzer.commons.stats.metrics.StatsType;
5456:             1             32  [Lorg.opensearch.performanceanalyzer.commons.util.Util$CollectorMode;
5457:             1             32  [Lorg.opensearch.ratelimitting.admissioncontrol.enums.AdmissionControlActionType;
5458:             1             32  [Lorg.opensearch.ratelimitting.admissioncontrol.enums.AdmissionControlMode;
5459:             2             32  [Lorg.opensearch.search.SearchHit;
5460:             1             32  [Lorg.opensearch.search.backpressure.settings.SearchBackpressureMode;
5461:             1             32  [Lorg.opensearch.security.auditlog.AuditLog$Origin;
5462:             1             32  [Lorg.opensearch.security.configuration.DlsFlsValveImpl$Mode;
5463:             1             32  [Lorg.opensearch.security.support.Base64CustomHelper$CustomSerializationFormat;
5464:             1             32  [Lorg.opensearch.securityanalytics.util.ThrowableCheckingPredicates;
5465:             1             32  [Lorg.opensearch.sql.datasource.model.DataSourceType;
5466:             1             32  [Lorg.opensearch.telemetry.tracing.SpanKind;
5467:             1             32  [Lorg.opensearch.threadpool.ThreadPool$ThreadPoolType;
5468:             1             32  [Lorg.opensearch.timeseries.stats.StatType;
5469:             1             32  [Lorg.opensearch.transport.netty4.ssl.SecureConnectionTestUtil$SSLConnectionTestResult;
5470:             1             32  [Lorg.opensearch.watcher.ResourceWatcherService$Frequency;
5471:             1             32  [Lorg.yaml.snakeyaml.DumperOptions$FlowStyle;
5472:             1             32  [Lorg.yaml.snakeyaml.comments.CommentType;
5473:             1             32  [Lorg.yaml.snakeyaml.nodes.NodeId;
5474:             1             32  [Lsun.security.provider.NativePRNG$Variant; (java.base@21.0.3)
5475:             1             32  [Lsun.security.ssl.CipherSuite$HashAlg; (java.base@21.0.3)
5476:             1             32  [Lsun.security.ssl.CipherType; (java.base@21.0.3)
5477:             1             32  [Lsun.security.ssl.ClientAuthType; (java.base@21.0.3)
5478:             1             32  [Lsun.security.ssl.ECPointFormatsExtension$ECPointFormat; (java.base@21.0.3)
5479:             1             32  [Lsun.security.ssl.Finished$VerifyDataScheme; (java.base@21.0.3)
5480:             1             32  [Lsun.security.ssl.SSLTrafficKeyDerivation; (java.base@21.0.3)
5481:             1             32  [Lsun.security.ssl.SignatureScheme$SigAlgParamSpec; (java.base@21.0.3)
5482:             1             32  [[Lsun.security.ec.point.ProjectivePoint$Immutable; (jdk.crypto.ec@21.0.3)
5483:             1             32  com.amazon.dlic.auth.http.jwt.keybyoidc.JwtVerifier
5484:             1             32  com.amazon.dlic.auth.http.kerberos.HTTPSpnegoAuthenticator
5485:             1             32  com.fasterxml.jackson.annotation.JsonInclude$Value
5486:             1             32  com.fasterxml.jackson.annotation.JsonInclude$Value
5487:             1             32  com.fasterxml.jackson.databind.cfg.CoercionConfigs
5488:             1             32  com.fasterxml.jackson.databind.cfg.DatatypeFeatures
5489:             1             32  com.fasterxml.jackson.databind.cfg.DatatypeFeatures
5490:             1             32  com.fasterxml.jackson.databind.cfg.DatatypeFeatures
5491:             1             32  com.fasterxml.jackson.databind.cfg.DeserializerFactoryConfig
5492:             1             32  com.fasterxml.jackson.databind.cfg.DeserializerFactoryConfig
5493:             1             32  com.fasterxml.jackson.databind.cfg.DeserializerFactoryConfig
5494:             1             32  com.fasterxml.jackson.databind.deser.std.JsonNodeDeserializer
5495:             1             32  com.fasterxml.jackson.databind.introspect.AnnotatedParameter
5496:             1             32  com.fasterxml.jackson.databind.introspect.DefaultAccessorNamingStrategy$Provider
5497:             1             32  com.fasterxml.jackson.databind.introspect.DefaultAccessorNamingStrategy$Provider
5498:             1             32  com.fasterxml.jackson.databind.introspect.DefaultAccessorNamingStrategy$Provider
5499:             2             32  com.fasterxml.jackson.databind.node.BooleanNode
5500:             2             32  com.fasterxml.jackson.databind.ser.impl.PropertySerializerMap$Empty
5501:             1             32  com.fasterxml.jackson.databind.ser.std.CalendarSerializer
5502:             1             32  com.fasterxml.jackson.databind.ser.std.CalendarSerializer
5503:             1             32  com.fasterxml.jackson.databind.ser.std.CalendarSerializer
5504:             1             32  com.fasterxml.jackson.databind.ser.std.DateSerializer
5505:             1             32  com.fasterxml.jackson.databind.ser.std.DateSerializer
5506:             1             32  com.fasterxml.jackson.databind.ser.std.DateSerializer
5507:             1             32  com.fasterxml.jackson.databind.ser.std.NumberSerializers$FloatSerializer
5508:             1             32  com.fasterxml.jackson.databind.ser.std.NumberSerializers$FloatSerializer
5509:             1             32  com.fasterxml.jackson.databind.ser.std.NumberSerializers$FloatSerializer
5510:             1             32  com.fasterxml.jackson.databind.ser.std.NumberSerializers$IntLikeSerializer
5511:             1             32  com.fasterxml.jackson.databind.ser.std.NumberSerializers$IntLikeSerializer
5512:             1             32  com.fasterxml.jackson.databind.ser.std.NumberSerializers$IntLikeSerializer
5513:             1             32  com.fasterxml.jackson.databind.ser.std.NumberSerializers$ShortSerializer
5514:             1             32  com.fasterxml.jackson.databind.ser.std.NumberSerializers$ShortSerializer
5515:             1             32  com.fasterxml.jackson.databind.ser.std.NumberSerializers$ShortSerializer
5516:             1             32  com.fasterxml.jackson.databind.type.TypeBindings
5517:             1             32  com.fasterxml.jackson.databind.type.TypeBindings
5518:             1             32  com.fasterxml.jackson.databind.type.TypeFactory
5519:             1             32  com.fasterxml.jackson.databind.type.TypeFactory
5520:             1             32  com.fasterxml.jackson.databind.type.TypeFactory
5521:             1             32  com.fasterxml.jackson.dataformat.smile.SmileParser$Feature
5522:             2             32  com.google.common.cache.LocalCache$AccessQueue
5523:             2             32  com.google.common.cache.LocalCache$LocalManualCache
5524:             2             32  com.google.common.cache.LocalCache$Values
5525:             1             32  com.google.common.collect.Iterators$ArrayItr
5526:             1             32  com.google.common.collect.Iterators$ArrayItr
5527:             1             32  com.google.common.collect.Iterators$ArrayItr
5528:             1             32  com.google.common.collect.Iterators$ArrayItr
5529:             1             32  com.google.common.collect.Iterators$ArrayItr
5530:             2             32  com.google.common.collect.RegularImmutableList
5531:             2             32  com.google.gson.internal.$Gson$Types$GenericArrayTypeImpl
5532:             1             32  com.google.gson.internal.bind.ReflectiveTypeAdapterFactory
5533:             1             32  com.sun.jmx.mbeanserver.Repository (java.management@21.0.3)
5534:             1             32  com.sun.jna.Library$Handler
5535:             1             32  com.sun.jna.Memory
5536:             1             32  com.sun.jna.Structure$AutoAllocated
5537:             1             32  com.sun.management.internal.OperatingSystemImpl (jdk.management@21.0.3)
5538:             2             32  io.netty.bootstrap.ServerBootstrapConfig
5539:             2             32  io.netty.buffer.PooledByteBufAllocator$1
5540:             2             32  io.netty.buffer.PooledByteBufAllocatorMetric
5541:             1             32  io.netty.channel.nio.NioEventLoopGroup
5542:             1             32  io.netty.handler.ssl.ApplicationProtocolConfig
5543:             2             32  io.netty.handler.ssl.EnhancingX509ExtendedTrustManager
5544:             2             32  io.netty.handler.ssl.IdentityCipherSuiteFilter
5545:             1             32  io.netty.handler.ssl.SslHandler$SslEngineType$1
5546:             1             32  io.netty.handler.ssl.SslHandler$SslEngineType$2
5547:             1             32  io.netty.handler.ssl.SslHandler$SslEngineType$3
5548:             1             32  io.netty.util.AsciiString
5549:             1             32  io.netty.util.concurrent.DefaultThreadFactory
5550:             1             32  io.netty.util.concurrent.DefaultThreadFactory
5551:             2             32  io.netty.util.internal.logging.Slf4JLoggerFactory
5552:             1             32  io.protostuff.WireFormat$FieldType$1
5553:             1             32  io.protostuff.WireFormat$FieldType$2
5554:             1             32  io.protostuff.WireFormat$FieldType$3
5555:             1             32  io.protostuff.WireFormat$FieldType$4
5556:             1             32  io.protostuff.runtime.IdStrategy$26
5557:             1             32  io.protostuff.runtime.IdStrategy$27
5558:             1             32  io.protostuff.runtime.IdStrategy$28
5559:             1             32  io.protostuff.runtime.IdStrategy$29
5560:             1             32  io.protostuff.runtime.IdStrategy$30
5561:             1             32  io.protostuff.runtime.IdStrategy$31
5562:             1             32  io.protostuff.runtime.IdStrategy$32
5563:             1             32  io.protostuff.runtime.IdStrategy$33
5564:             1             32  io.protostuff.runtime.IdStrategy$34
5565:             1             32  io.protostuff.runtime.IdStrategy$35
5566:             1             32  io.protostuff.runtime.IdStrategy$36
5567:             1             32  io.protostuff.runtime.IdStrategy$37
5568:             1             32  io.protostuff.runtime.IdStrategy$38
5569:             2             32  io.protostuff.runtime.RuntimeEnv$DefaultInstantiator
5570:             2             32  java.io.ObjectInputStream$ValidationList (java.base@21.0.3)
5571:             2             32  java.lang.Boolean (java.base@21.0.3)
5572:             1             32  java.lang.Module$ArchivedData (java.base@21.0.3)
5573:             1             32  java.lang.ProcessHandleImpl (java.base@21.0.3)
5574:             2             32  java.lang.Shutdown$Lock (java.base@21.0.3)
5575:             1             32  java.lang.StringBuffer (java.base@21.0.3)
5576:             1             32  java.lang.StringUTF16$CharsSpliterator (java.base@21.0.3)
5577:             1             32  java.lang.invoke.VarHandleByteArrayAsChars$ArrayHandle (java.base@21.0.3)
5578:             1             32  java.lang.module.ModuleDescriptor$Version (java.base@21.0.3)
5579:             2             32  java.lang.ref.NativeReferenceQueue$Lock (java.base@21.0.3)
5580:             1             32  java.net.InetAddress$CachedLocalHost (java.base@21.0.3)
5581:             2             32  java.nio.ByteOrder (java.base@21.0.3)
5582:             2             32  java.nio.file.attribute.PosixFilePermissions$1 (java.base@21.0.3)
5583:             1             32  java.security.MessageDigest$Delegate$CloneableDelegate (java.base@21.0.3)
5584:             1             32  java.util.AbstractList$RandomAccessSpliterator (java.base@21.0.3)
5585:             2             32  java.util.Comparator$$Lambda/0x00007fcd284ddd48 (java.base@21.0.3)
5586:             1             32  java.util.LinkedHashMap$LinkedKeyIterator (java.base@21.0.3)
5587:             1             32  java.util.PriorityQueue (java.base@21.0.3)
5588:             2             32  java.util.ResourceBundle$SingleFormatControl (java.base@21.0.3)
5589:             1             32  java.util.ServiceLoader$ModuleServicesLookupIterator (java.base@21.0.3)
5590:             1             32  java.util.concurrent.ThreadLocalRandom (java.base@21.0.3)
5591:             1             32  java.util.concurrent.locks.AbstractQueuedSynchronizer$SharedNode (java.base@21.0.3)
5592:             2             32  java.util.regex.CharPredicates$$Lambda/0x00007fcd282f9580 (java.base@21.0.3)
5593:             1             32  java.util.regex.Pattern$NotBehind (java.base@21.0.3)
5594:             2             32  java.util.stream.AbstractPipeline$$Lambda/0x00007fcd284c63d8 (java.base@21.0.3)
5595:             2             32  java.util.stream.StreamSpliterators$WrappingSpliterator$$Lambda/0x00007fcd289f0eb8 (java.base@21.0.3)
5596:             1             32  java.util.zip.ZipCoder$UTF8ZipCoder (java.base@21.0.3)
5597:             1             32  jdk.internal.loader.ArchivedClassLoaders (java.base@21.0.3)
5598:             2             32  jdk.internal.misc.ThreadTracker (java.base@21.0.3)
5599:             1             32  jdk.internal.module.ArchivedModuleGraph (java.base@21.0.3)
5600:             1             32  jdk.internal.org.objectweb.asm.ConstantDynamic (java.base@21.0.3)
5601:             1             32  jdk.internal.org.objectweb.asm.Handle (java.base@21.0.3)
5602:             1             32  jdk.net.ExtendedSocketOptions$1 (jdk.net@21.0.3)
5603:             1             32  jdk.nio.zipfs.ZipPath (jdk.zipfs@21.0.3)
5604:             2             32  jdk.proxy3.$Proxy27 (jdk.proxy3)
5605:             2             32  jdk.proxy4.$Proxy48 (jdk.proxy4)
5606:             2             32  jdk.proxy4.$Proxy50 (jdk.proxy4)
5607:             1             32  joptsimple.NonOptionArgumentSpec
5608:             2             32  kotlinx.coroutines.Empty
5609:             2             32  kotlinx.coroutines.Empty
5610:             2             32  kotlinx.coroutines.Empty
5611:             2             32  kotlinx.coroutines.Empty
5612:             2             32  kotlinx.coroutines.Empty
5613:             2             32  kotlinx.coroutines.Empty
5614:             2             32  kotlinx.coroutines.internal.ContextScope
5615:             2             32  kotlinx.coroutines.scheduling.GlobalQueue
5616:             2             32  kotlinx.coroutines.scheduling.GlobalQueue
5617:             2             32  kotlinx.coroutines.scheduling.GlobalQueue
5618:             2             32  kotlinx.coroutines.scheduling.GlobalQueue
5619:             1             32  org.apache.logging.log4j.core.appender.rolling.FileExtension$1
5620:             1             32  org.apache.logging.log4j.core.appender.rolling.FileExtension$2
5621:             1             32  org.apache.logging.log4j.core.appender.rolling.FileExtension$3
5622:             1             32  org.apache.logging.log4j.core.appender.rolling.FileExtension$4
5623:             1             32  org.apache.logging.log4j.core.appender.rolling.FileExtension$5
5624:             1             32  org.apache.logging.log4j.core.appender.rolling.FileExtension$6
5625:             1             32  org.apache.logging.log4j.core.appender.rolling.FileExtension$7
5626:             1             32  org.apache.logging.log4j.core.impl.ThrowableFormatOptions
5627:             2             32  org.apache.logging.log4j.core.lookup.StrMatcher$CharSetMatcher
5628:             1             32  org.apache.logging.log4j.core.pattern.NameAbbreviator$MaxElementAbbreviator$Strategy$1
5629:             1             32  org.apache.logging.log4j.core.pattern.NameAbbreviator$MaxElementAbbreviator$Strategy$2
5630:             1             32  org.apache.logging.log4j.core.util.DefaultShutdownCallbackRegistry
5631:             2             32  org.apache.logging.log4j.core.util.SystemClock
5632:             2             32  org.apache.logging.log4j.core.util.datetime.FastDatePrinter$TwoDigitNumberField
5633:             1             32  org.apache.logging.log4j.status.StatusConsoleListener
5634:             1             32  org.apache.logging.log4j.status.StatusLogger$BoundedQueue
5635:             2             32  org.apache.logging.log4j.util.EnvironmentPropertySource
5636:             2             32  org.apache.logging.log4j.util.PropertiesUtil
5637:             2             32  org.apache.logging.log4j.util.PropertySource$Comparator
5638:             2             32  org.apache.logging.log4j.util.SystemPropertiesPropertySource
5639:             1             32  org.apache.logging.slf4j.Log4jLogger
5640:             2             32  org.apache.lucene.analysis.ar.ArabicStemmer
5641:             2             32  org.apache.lucene.analysis.bg.BulgarianStemmer
5642:             2             32  org.apache.lucene.analysis.bn.BengaliNormalizer
5643:             2             32  org.apache.lucene.analysis.bn.BengaliStemmer
5644:             2             32  org.apache.lucene.analysis.ckb.SoraniNormalizer
5645:             2             32  org.apache.lucene.analysis.ckb.SoraniStemmer
5646:             2             32  org.apache.lucene.analysis.cz.CzechStemmer
5647:             2             32  org.apache.lucene.analysis.de.GermanLightStemmer
5648:             2             32  org.apache.lucene.analysis.el.GreekStemmer
5649:             2             32  org.apache.lucene.analysis.es.SpanishLightStemmer
5650:             2             32  org.apache.lucene.analysis.fa.PersianNormalizer
5651:             2             32  org.apache.lucene.analysis.fr.FrenchLightStemmer
5652:             2             32  org.apache.lucene.analysis.gl.GalicianStemmer
5653:             2             32  org.apache.lucene.analysis.hi.HindiNormalizer
5654:             2             32  org.apache.lucene.analysis.hi.HindiStemmer
5655:             2             32  org.apache.lucene.analysis.it.ItalianLightStemmer
5656:             2             32  org.apache.lucene.analysis.lv.LatvianStemmer
5657:             2             32  org.apache.lucene.analysis.pt.PortugueseLightStemmer
5658:             2             32  org.apache.lucene.backward_codecs.lucene87.Lucene87StoredFieldsFormat
5659:             1             32  org.apache.lucene.codecs.lucene90.Lucene90DocValuesProducer$1
5660:             1             32  org.apache.lucene.codecs.lucene90.blocktree.CompressionAlgorithm$1
5661:             1             32  org.apache.lucene.codecs.lucene90.blocktree.CompressionAlgorithm$2
5662:             1             32  org.apache.lucene.codecs.lucene90.blocktree.CompressionAlgorithm$3
5663:             2             32  org.apache.lucene.codecs.lucene99.ForDeltaUtil
5664:             2             32  org.apache.lucene.codecs.lucene99.ForUtil
5665:             2             32  org.apache.lucene.codecs.lucene99.PForUtil
5666:             1             32  org.apache.lucene.document.SortedNumericDocValuesRangeQuery$1
5667:             2             32  org.apache.lucene.index.DocumentsWriterFlushControl$$Lambda/0x00007fcd290dd828
5668:             1             32  org.apache.lucene.index.FreqProxTermsWriter
5669:             1             32  org.apache.lucene.index.IndexWriter$$Lambda/0x00007fcd290e8c98
5670:             1             32  org.apache.lucene.index.IndexWriter$$Lambda/0x00007fcd291b7450
5671:             1             32  org.apache.lucene.index.PrefixCodedTerms$Builder
5672:             1             32  org.apache.lucene.search.IndexOrDocValuesQuery
5673:             1             32  org.apache.lucene.search.IndexOrDocValuesQuery$1
5674:             2             32  org.apache.lucene.search.LRUQueryCache$MinSegmentSizePredicate
5675:             1             32  org.apache.lucene.search.MatchAllDocsQuery$1
5676:             2             32  org.apache.lucene.search.vectorhighlight.BreakIteratorBoundaryScanner
5677:             1             32  org.apache.lucene.util.AttributeFactory$DefaultAttributeFactory$1
5678:             1             32  org.apache.lucene.util.automaton.Transition
5679:             1             32  org.apache.lucene.util.packed.PackedInts$Format$1
5680:             1             32  org.apache.lucene.util.packed.PackedInts$Format$2
5681:             2             32  org.bouncycastle.jcajce.provider.asymmetric.dh.KeyFactorySpi
5682:             2             32  org.bouncycastle.jcajce.provider.asymmetric.dstu.KeyFactorySpi
5683:             2             32  org.bouncycastle.jcajce.provider.asymmetric.ecgost.KeyFactorySpi
5684:             2             32  org.bouncycastle.pqc.jcajce.provider.xmss.XMSSKeyFactorySpi
5685:             2             32  org.bouncycastle.pqc.jcajce.provider.xmss.XMSSMTKeyFactorySpi
5686:             1             32  org.jooq.tools.json.JSONParser
5687:             2             32  org.locationtech.spatial4j.distance.GeodesicSphereDistCalc$Haversine
5688:             2             32  org.locationtech.spatial4j.io.LegacyShapeReader
5689:             2             32  org.locationtech.spatial4j.io.LegacyShapeWriter
5690:             1             32  org.opensearch.action.ActionModule$1
5691:             1             32  org.opensearch.action.ActionModule$2
5692:             1             32  org.opensearch.action.ActionModule$DynamicActionRegistry
5693:             2             32  org.opensearch.action.ActionRunnable$$Lambda/0x00007fcd291c21a8
5694:             2             32  org.opensearch.action.RequestValidators
5695:             1             32  org.opensearch.action.admin.cluster.node.info.NodesInfoResponse
5696:             1             32  org.opensearch.action.admin.cluster.remote.TransportRemoteInfoAction
5697:             1             32  org.opensearch.action.admin.cluster.storedscripts.TransportGetScriptContextAction
5698:             1             32  org.opensearch.action.admin.cluster.storedscripts.TransportGetScriptLanguageAction
5699:             1             32  org.opensearch.action.admin.indices.rollover.MetadataRolloverService
5700:             1             32  org.opensearch.action.admin.indices.rollover.RolloverInfo
5701:             1             32  org.opensearch.action.delete.TransportDeleteAction
5702:             1             32  org.opensearch.action.index.TransportIndexAction
5703:             1             32  org.opensearch.action.search.CreatePitController
5704:             1             32  org.opensearch.action.search.SearchPhaseController$SortedTopDocs
5705:             1             32  org.opensearch.action.support.GroupedActionListener
5706:             1             32  org.opensearch.ad.AnomalyDetectorRunner
5707:             2             32  org.opensearch.ad.rest.AbstractAnomalyDetectorAction$$Lambda/0x00007fcd2900cf80
5708:             2             32  org.opensearch.ad.rest.AbstractAnomalyDetectorAction$$Lambda/0x00007fcd2900d1b0
5709:             2             32  org.opensearch.ad.rest.AbstractAnomalyDetectorAction$$Lambda/0x00007fcd2900d3e0
5710:             2             32  org.opensearch.ad.rest.AbstractAnomalyDetectorAction$$Lambda/0x00007fcd2900d610
5711:             2             32  org.opensearch.ad.rest.AbstractAnomalyDetectorAction$$Lambda/0x00007fcd2900d840
5712:             2             32  org.opensearch.ad.rest.AbstractAnomalyDetectorAction$$Lambda/0x00007fcd2900da70
5713:             1             32  org.opensearch.ad.rest.RestExecuteAnomalyDetectorAction
5714:             1             32  org.opensearch.ad.rest.RestStatsAnomalyDetectorAction
5715:             1             32  org.opensearch.ad.transport.SearchADTasksTransportAction
5716:             1             32  org.opensearch.ad.transport.SearchAnomalyDetectorInfoTransportAction
5717:             1             32  org.opensearch.ad.transport.SearchAnomalyDetectorTransportAction
5718:             1             32  org.opensearch.ad.transport.ThresholdResultTransportAction
5719:             1             32  org.opensearch.alerting.AlertService
5720:             1             32  org.opensearch.alerting.TriggerService
5721:             1             32  org.opensearch.alerting.core.schedule.JobScheduler
5722:             1             32  org.opensearch.alerting.resthandler.RestSearchMonitorAction
5723:             1             32  org.opensearch.bootstrap.Bootstrap
5724:             1             32  org.opensearch.cluster.ClusterChangedEvent
5725:             2             32  org.opensearch.cluster.DiffableUtils$IntKeySerializer
5726:             2             32  org.opensearch.cluster.NamedDiffableValueSerializer
5727:             2             32  org.opensearch.cluster.RestoreInProgress
5728:             1             32  org.opensearch.cluster.action.index.MappingUpdatedAction
5729:             1             32  org.opensearch.cluster.action.shard.ShardStateAction
5730:             1             32  org.opensearch.cluster.action.shard.ShardStateAction$ShardFailedClusterStateTaskExecutor
5731:             1             32  org.opensearch.cluster.action.shard.ShardStateAction$ShardStartedClusterStateTaskExecutor
5732:             1             32  org.opensearch.cluster.coordination.ClusterFormationFailureHelper
5733:             1             32  org.opensearch.cluster.coordination.CoordinationMetadata$Builder
5734:             1             32  org.opensearch.cluster.coordination.LagDetector
5735:             1             32  org.opensearch.cluster.coordination.LeaderChecker$CheckScheduler
5736:             1             32  org.opensearch.cluster.coordination.PublishResponse
5737:             2             32  org.opensearch.cluster.decommission.DecommissionService$$Lambda/0x00007fcd28e21bc8
5738:             2             32  org.opensearch.cluster.decommission.DecommissionService$$Lambda/0x00007fcd28e21df8
5739:             2             32  org.opensearch.cluster.decommission.DecommissionService$$Lambda/0x00007fcd28e22028
5740:             2             32  org.opensearch.cluster.metadata.ComposableIndexTemplate$DataStreamTemplate
5741:             2             32  org.opensearch.cluster.metadata.IndexAbstractionResolver
5742:             1             32  org.opensearch.cluster.metadata.IndexGraveyard$Builder
5743:             2             32  org.opensearch.cluster.metadata.IndexNameExpressionResolver$DateMathExpressionResolver
5744:             2             32  org.opensearch.cluster.metadata.IndexNameExpressionResolver$WildcardExpressionResolver
5745:             1             32  org.opensearch.cluster.metadata.MetadataCreateDataStreamService
5746:             1             32  org.opensearch.cluster.metadata.MetadataDeleteIndexService
5747:             1             32  org.opensearch.cluster.metadata.MetadataMappingService
5748:             1             32  org.opensearch.cluster.node.DiscoveryNodes$Delta
5749:             1             32  org.opensearch.cluster.routing.BatchedRerouteService
5750:             1             32  org.opensearch.cluster.routing.OperationRouting
5751:             2             32  org.opensearch.cluster.routing.RecoverySource$ExistingStoreRecoverySource
5752:             2             32  org.opensearch.cluster.routing.allocation.ConstraintTypes$$Lambda/0x00007fcd2871ac90
5753:             2             32  org.opensearch.cluster.routing.allocation.DiskThresholdSettings$$Lambda/0x00007fcd28711000
5754:             2             32  org.opensearch.cluster.routing.allocation.DiskThresholdSettings$$Lambda/0x00007fcd28711230
5755:             2             32  org.opensearch.cluster.routing.allocation.DiskThresholdSettings$$Lambda/0x00007fcd287134d8
5756:             2             32  org.opensearch.cluster.routing.allocation.DiskThresholdSettings$$Lambda/0x00007fcd28713708
5757:             2             32  org.opensearch.cluster.routing.allocation.DiskThresholdSettings$$Lambda/0x00007fcd28713938
5758:             2             32  org.opensearch.cluster.routing.allocation.DiskThresholdSettings$$Lambda/0x00007fcd28713b68
5759:             2             32  org.opensearch.cluster.routing.allocation.DiskThresholdSettings$$Lambda/0x00007fcd28713d98
5760:             1             32  org.opensearch.cluster.routing.allocation.decider.FilterAllocationDecider
5761:             1             32  org.opensearch.cluster.routing.allocation.decider.NodeLoadAwareAllocationDecider
5762:             1             32  org.opensearch.cluster.routing.allocation.decider.ThrottlingAllocationDecider
5763:             1             32  org.opensearch.cluster.service.ClusterStateStats
5764:             2             32  org.opensearch.common.blobstore.BlobPath
5765:             1             32  org.opensearch.common.cache.Cache$$Lambda/0x00007fcd292e9ca0
5766:             1             32  org.opensearch.common.cache.CacheType
5767:             1             32  org.opensearch.common.geo.GeoShapeType$1
5768:             1             32  org.opensearch.common.geo.GeoShapeType$2
5769:             1             32  org.opensearch.common.geo.GeoShapeType$3
5770:             1             32  org.opensearch.common.geo.GeoShapeType$4
5771:             1             32  org.opensearch.common.geo.GeoShapeType$5
5772:             1             32  org.opensearch.common.geo.GeoShapeType$6
5773:             1             32  org.opensearch.common.geo.GeoShapeType$7
5774:             1             32  org.opensearch.common.geo.GeoShapeType$8
5775:             1             32  org.opensearch.common.geo.GeoShapeType$9
5776:             1             32  org.opensearch.common.logging.LogConfigurator$1
5777:             2             32  org.opensearch.common.logging.LoggingOutputStream$$Lambda/0x00007fcd281bf678
5778:             1             32  org.opensearch.common.settings.AbstractScopedSettings$2
5779:             1             32  org.opensearch.common.settings.KeyStoreWrapper
5780:             2             32  org.opensearch.common.settings.Setting$$Lambda/0x00007fcd2863dd90
5781:             1             32  org.opensearch.common.util.CancellableThreads
5782:             2             32  org.opensearch.common.util.PageCacheRecycler$1
5783:             2             32  org.opensearch.common.util.PageCacheRecycler$2
5784:             2             32  org.opensearch.common.util.PageCacheRecycler$3
5785:             2             32  org.opensearch.common.util.PageCacheRecycler$4
5786:             2             32  org.opensearch.common.util.Streak
5787:             2             32  org.opensearch.common.util.concurrent.OpenSearchExecutors$$Lambda/0x00007fcd2828a328
5788:             1             32  org.opensearch.common.xcontent.XContentType$1
5789:             1             32  org.opensearch.common.xcontent.XContentType$2
5790:             1             32  org.opensearch.common.xcontent.XContentType$3
5791:             1             32  org.opensearch.common.xcontent.XContentType$4
5792:             1             32  org.opensearch.core.tasks.resourcetracker.ResourceStatsType
5793:             1             32  org.opensearch.core.tasks.resourcetracker.ThreadResourceInfo
5794:             2             32  org.opensearch.core.xcontent.NamedXContentRegistry
5795:             1             32  org.opensearch.core.xcontent.ObjectParser$$Lambda/0x00007fcd29095b48
5796:             1             32  org.opensearch.flowframework.common.FlowFrameworkSettings
5797:             1             32  org.opensearch.flowframework.indices.FlowFrameworkIndicesHandler
5798:             1             32  org.opensearch.flowframework.util.EncryptorUtils
5799:             1             32  org.opensearch.flowframework.workflow.WorkflowProcessSorter
5800:             1             32  org.opensearch.flowframework.workflow.WorkflowStepFactory$$Lambda/0x00007fcd28a4e2f0
5801:             1             32  org.opensearch.flowframework.workflow.WorkflowStepFactory$$Lambda/0x00007fcd28a4e510
5802:             1             32  org.opensearch.flowframework.workflow.WorkflowStepFactory$$Lambda/0x00007fcd28a4e730
5803:             1             32  org.opensearch.flowframework.workflow.WorkflowStepFactory$$Lambda/0x00007fcd28a4ed90
5804:             2             32  org.opensearch.forecast.rest.AbstractForecasterAction$$Lambda/0x00007fcd290124e8
5805:             2             32  org.opensearch.forecast.rest.AbstractForecasterAction$$Lambda/0x00007fcd29012718
5806:             2             32  org.opensearch.forecast.rest.AbstractForecasterAction$$Lambda/0x00007fcd29012948
5807:             2             32  org.opensearch.forecast.rest.AbstractForecasterAction$$Lambda/0x00007fcd29012b78
5808:             2             32  org.opensearch.forecast.rest.AbstractForecasterAction$$Lambda/0x00007fcd29012da8
5809:             1             32  org.opensearch.forecast.rest.RestStatsForecasterAction
5810:             1             32  org.opensearch.forecast.transport.SearchForecastTasksTransportAction
5811:             1             32  org.opensearch.forecast.transport.SearchForecasterInfoTransportAction
5812:             1             32  org.opensearch.forecast.transport.SearchForecasterTransportAction
5813:             1             32  org.opensearch.gateway.LocalAllocateDangledIndices
5814:             1             32  org.opensearch.gateway.MetaStateService
5815:             1             32  org.opensearch.gateway.PersistedClusterStateService$DocumentBuffer
5816:             1             32  org.opensearch.gateway.PersistedClusterStateService$Writer$WriterStats
5817:             2             32  org.opensearch.geo.search.aggregations.bucket.geogrid.GeoGridAggregationBuilder$$Lambda/0x00007fcd28836ed8
5818:             2             32  org.opensearch.geometry.utils.StandardValidator
5819:             1             32  org.opensearch.geospatial.ip2geo.action.GetDatasourceTransportAction
5820:             1             32  org.opensearch.geospatial.ip2geo.action.RestPutDatasourceHandler
5821:             1             32  org.opensearch.geospatial.ip2geo.dao.GeoIpDataDao
5822:             1             32  org.opensearch.geospatial.ip2geo.dao.Ip2GeoCachedDao
5823:             1             32  org.opensearch.geospatial.ip2geo.jobscheduler.DatasourceUpdateService
5824:             1             32  org.opensearch.geospatial.ip2geo.processor.Ip2GeoProcessor$Factory
5825:             1             32  org.opensearch.geospatial.plugin.GeospatialPlugin
5826:             2             32  org.opensearch.identity.noop.NoopIdentityPlugin
5827:             1             32  org.opensearch.index.ShardIndexingPressureStore
5828:             1             32  org.opensearch.index.VersionType$1
5829:             1             32  org.opensearch.index.VersionType$2
5830:             1             32  org.opensearch.index.VersionType$3
5831:             1             32  org.opensearch.index.analysis.AnalysisMode$1
5832:             1             32  org.opensearch.index.analysis.AnalysisMode$2
5833:             1             32  org.opensearch.index.analysis.AnalysisMode$3
5834:             1             32  org.opensearch.index.analysis.AnalysisRegistry$PrebuiltAnalysis
5835:             1             32  org.opensearch.index.analysis.PreConfiguredCharFilter
5836:             2             32  org.opensearch.index.codec.customcodecs.ZstdCompressionMode
5837:             2             32  org.opensearch.index.codec.customcodecs.ZstdNoDictCompressionMode
5838:             1             32  org.opensearch.index.codec.fuzzy.FuzzySet$SetType
5839:             1             32  org.opensearch.index.fielddata.ordinals.GlobalOrdinalMapping
5840:             1             32  org.opensearch.index.mapper.DateFieldMapper$Resolution$1
5841:             1             32  org.opensearch.index.mapper.DateFieldMapper$Resolution$2
5842:             1             32  org.opensearch.index.mapper.FieldTypeInference
5843:             2             32  org.opensearch.index.mapper.ObjectMapper$TypeParser
5844:             1             32  org.opensearch.index.mapper.TextFieldMapper$FielddataFrequencyFilter
5845:             1             32  org.opensearch.index.query.SearchIndexNameMatcher
5846:             1             32  org.opensearch.index.reindex.ReindexValidator
5847:             1             32  org.opensearch.index.remote.RemoteStoreEnums$PathHashAlgorithm$1
5848:             1             32  org.opensearch.index.remote.RemoteStoreEnums$PathHashAlgorithm$2
5849:             1             32  org.opensearch.index.remote.RemoteStoreEnums$PathType$1
5850:             1             32  org.opensearch.index.remote.RemoteStoreEnums$PathType$2
5851:             1             32  org.opensearch.index.remote.RemoteStoreEnums$PathType$3
5852:             1             32  org.opensearch.index.search.stats.SearchStats
5853:             2             32  org.opensearch.index.store.lockmanager.RemoteStoreLockManagerFactory
5854:             2             32  org.opensearch.index.store.remote.filecache.FileCacheSettings$$Lambda/0x00007fcd28711460
5855:             1             32  org.opensearch.indexmanagement.IndexManagementIndices
5856:             1             32  org.opensearch.indexmanagement.controlcenter.notification.filter.IndexOperationActionFilter
5857:             1             32  org.opensearch.indexmanagement.indexstatemanagement.IndexMetadataProvider
5858:             1             32  org.opensearch.indexmanagement.indexstatemanagement.resthandler.RestIndexPolicyAction
5859:             1             32  org.opensearch.indexmanagement.indexstatemanagement.transport.action.managedIndex.TransportManagedIndexAction
5860:             1             32  org.opensearch.indexmanagement.rollup.RollupMapperService
5861:             1             32  org.opensearch.indexmanagement.rollup.RollupSearchService
5862:             1             32  org.opensearch.indexmanagement.rollup.actionfilter.FieldCapsFilter
5863:             1             32  org.opensearch.indexmanagement.transform.TransformIndexer
5864:             1             32  org.opensearch.indices.IndicesRequestCache$IndicesRequestCacheCleanupManager$IndicesRequestCacheCleaner
5865:             1             32  org.opensearch.indices.IndicesService$$Lambda/0x00007fcd288c86d0
5866:             1             32  org.opensearch.indices.IndicesService$2
5867:             1             32  org.opensearch.indices.IndicesService$CacheCleaner
5868:             1             32  org.opensearch.indices.ShardLimitValidator
5869:             1             32  org.opensearch.indices.analysis.HunspellService
5870:             1             32  org.opensearch.indices.analysis.PreBuiltAnalyzers$1
5871:             1             32  org.opensearch.indices.analysis.PreBuiltAnalyzers$2
5872:             1             32  org.opensearch.indices.analysis.PreBuiltAnalyzers$3
5873:             1             32  org.opensearch.indices.analysis.PreBuiltAnalyzers$4
5874:             1             32  org.opensearch.indices.analysis.PreBuiltAnalyzers$5
5875:             1             32  org.opensearch.indices.analysis.PreBuiltAnalyzers$6
5876:             1             32  org.opensearch.indices.analysis.PreBuiltAnalyzers$7
5877:             1             32  org.opensearch.indices.analysis.PreBuiltTokenizers$1
5878:             1             32  org.opensearch.indices.mapper.MapperRegistry
5879:             1             32  org.opensearch.indices.recovery.PeerRecoverySourceService$OngoingRecoveries
5880:             1             32  org.opensearch.indices.recovery.PeerRecoveryTargetService
5881:             2             32  org.opensearch.indices.replication.checkpoint.SegmentReplicationCheckpointPublisher
5882:             1             32  org.opensearch.ingest.useragent.UserAgentParser
5883:             1             32  org.opensearch.jobscheduler.rest.action.RestGetJobDetailsAction
5884:             1             32  org.opensearch.jobscheduler.rest.action.RestGetLockAction
5885:             1             32  org.opensearch.jobscheduler.rest.action.RestReleaseLockAction
5886:             1             32  org.opensearch.jobscheduler.scheduler.JobScheduler
5887:             1             32  org.opensearch.jobscheduler.utils.JobDetailsService
5888:             1             32  org.opensearch.knn.index.Parameter$BooleanParameter
5889:             2             32  org.opensearch.knn.index.Parameter$MethodComponentContextParameter$$Lambda/0x00007fcd28495b18
5890:             2             32  org.opensearch.knn.index.Parameter$MethodComponentContextParameter$$Lambda/0x00007fcd28495d68
5891:             1             32  org.opensearch.knn.index.Parameter$StringParameter
5892:             1             32  org.opensearch.knn.index.SpaceType$1
5893:             1             32  org.opensearch.knn.index.SpaceType$2
5894:             1             32  org.opensearch.knn.index.SpaceType$3
5895:             1             32  org.opensearch.knn.index.SpaceType$4
5896:             1             32  org.opensearch.knn.index.SpaceType$5
5897:             1             32  org.opensearch.knn.index.SpaceType$6
5898:             1             32  org.opensearch.knn.index.VectorDataType$1
5899:             1             32  org.opensearch.knn.index.VectorDataType$2
5900:             1             32  org.opensearch.knn.index.codec.KNN80Codec.KNN80Codec
5901:             1             32  org.opensearch.knn.index.codec.KNN84Codec.KNN84Codec
5902:             1             32  org.opensearch.knn.index.codec.KNN87Codec.KNN87Codec
5903:             1             32  org.opensearch.knn.index.codec.KNN920Codec.KNN920Codec
5904:             1             32  org.opensearch.knn.index.codec.KNN940Codec.KNN940Codec
5905:             1             32  org.opensearch.knn.index.codec.KNN950Codec.KNN950Codec
5906:             1             32  org.opensearch.knn.index.codec.KNN990Codec.KNN990Codec
5907:             1             32  org.opensearch.knn.index.memory.NativeMemoryCacheManager
5908:             1             32  org.opensearch.knn.index.util.Lucene
5909:             1             32  org.opensearch.knn.index.util.Nmslib
5910:             1             32  org.opensearch.knn.plugin.rest.RestClearCacheHandler
5911:             1             32  org.opensearch.knn.plugin.rest.RestKNNWarmupHandler
5912:             1             32  org.opensearch.knn.plugin.stats.suppliers.EventOccurredWithinThresholdSupplier
5913:             1             32  org.opensearch.knn.plugin.transport.DeleteModelTransportAction
5914:             1             32  org.opensearch.knn.plugin.transport.GetModelTransportAction
5915:             1             32  org.opensearch.knn.plugin.transport.SearchModelTransportAction
5916:             1             32  org.opensearch.knn.plugin.transport.TrainingModelTransportAction
5917:             1             32  org.opensearch.ml.action.agents.TransportSearchAgentAction
5918:             1             32  org.opensearch.ml.action.handler.MLSearchHandler
5919:             1             32  org.opensearch.ml.action.models.SearchModelTransportAction
5920:             1             32  org.opensearch.ml.action.tasks.SearchTaskTransportAction
5921:             1             32  org.opensearch.ml.action.upload_chunk.MLModelChunkUploader
5922:             1             32  org.opensearch.ml.breaker.MLCircuitBreakerService
5923:             1             32  org.opensearch.ml.cluster.MLCommonsClusterEventListener
5924:             1             32  org.opensearch.ml.engine.MLEngine
5925:             1             32  org.opensearch.ml.engine.algorithms.anomalylocalization.AnomalyLocalizerImpl
5926:             1             32  org.opensearch.ml.engine.encryptor.EncryptorImpl
5927:             1             32  org.opensearch.ml.engine.memory.ConversationIndexMemory$Factory
5928:             1             32  org.opensearch.ml.memory.index.InteractionsIndex
5929:             1             32  org.opensearch.ml.repackage.com.google.common.collect.Iterators$ArrayItr
5930:             1             32  org.opensearch.ml.rest.RestMLPredictionAction
5931:             1             32  org.opensearch.ml.rest.RestMLUndeployModelAction
5932:             1             32  org.opensearch.ml.settings.MLFeatureEnabledSetting
5933:             1             32  org.opensearch.ml.task.MLTaskManager
5934:             1             32  org.opensearch.ml.tools.GetToolTransportAction
5935:             1             32  org.opensearch.ml.tools.ListToolsTransportAction
5936:             1             32  org.opensearch.monitor.process.ProcessInfo
5937:             1             32  org.opensearch.neuralsearch.plugin.NeuralSearch
5938:             2             32  org.opensearch.neuralsearch.processor.normalization.MinMaxScoreNormalizationTechnique
5939:             1             32  org.opensearch.neuralsearch.search.query.HybridQueryPhaseSearcher
5940:             1             32  org.opensearch.node.Node$LocalNodeFactory
5941:             2             32  org.opensearch.node.resource.tracker.AbstractAverageUsageTracker$$Lambda/0x00007fcd29044000
5942:             1             32  org.opensearch.painless.action.PainlessContextAction$TransportAction
5943:             1             32  org.opensearch.performanceanalyzer.commons.config.overrides.ConfigOverridesWrapper
5944:             1             32  org.opensearch.performanceanalyzer.commons.event_process.EventLogFileHandler
5945:             1             32  org.opensearch.performanceanalyzer.config.PerformanceAnalyzerController
5946:             1             32  org.opensearch.performanceanalyzer.http_action.config.PerformanceAnalyzerClusterConfigAction
5947:             1             32  org.opensearch.performanceanalyzer.http_action.config.PerformanceAnalyzerOverridesClusterConfigAction
5948:             1             32  org.opensearch.performanceanalyzer.http_action.config.PerformanceAnalyzerResourceProvider
5949:             1             32  org.opensearch.performanceanalyzer.http_action.whoami.TransportWhoAmIAction
5950:             1             32  org.opensearch.persistent.PersistentTasksNodeService
5951:             1             32  org.opensearch.plugin.repository.url.URLRepositoryPlugin$$Lambda/0x00007fcd28548a48
5952:             1             32  org.opensearch.plugins.PluginsService
5953:             1             32  org.opensearch.ratelimitting.admissioncontrol.controllers.CpuBasedAdmissionController
5954:             1             32  org.opensearch.ratelimitting.admissioncontrol.controllers.IoBasedAdmissionController
5955:             1             32  org.opensearch.ratelimitting.admissioncontrol.settings.CpuBasedAdmissionControllerSettings
5956:             1             32  org.opensearch.ratelimitting.admissioncontrol.settings.IoBasedAdmissionControllerSettings
5957:             1             32  org.opensearch.replication.metadata.store.ReplicationMetadataStore
5958:             2             32  org.opensearch.reportsscheduler.util.SecureIndexClient
5959:             1             32  org.opensearch.repositories.RepositoriesModule$$Lambda/0x00007fcd28cee920
5960:             1             32  org.opensearch.repositories.RepositoriesModule$$Lambda/0x00007fcd28ceeb50
5961:             1             32  org.opensearch.repositories.RepositoriesStatsArchive
5962:             1             32  org.opensearch.repositories.s3.ProxySettings
5963:             1             32  org.opensearch.repositories.s3.S3RepositoryPlugin$$Lambda/0x00007fcd28a85570
5964:             1             32  org.opensearch.rest.action.admin.cluster.RestClusterGetSettingsAction
5965:             1             32  org.opensearch.search.SearchService$2
5966:             1             32  org.opensearch.search.SearchService$2$$Lambda/0x00007fcd29204ce0
5967:             1             32  org.opensearch.search.SearchShardTarget
5968:             2             32  org.opensearch.search.aggregations.ConcurrentAggregationProcessor
5969:             1             32  org.opensearch.search.aggregations.NonGlobalAggCollectorManagerWithSingleCollector
5970:             1             32  org.opensearch.search.aggregations.bucket.histogram.DateHistogramAggregator$DateHistogramAggregationType
5971:             1             32  org.opensearch.search.aggregations.bucket.terms.TermsAggregatorFactory$ExecutionMode$1
5972:             1             32  org.opensearch.search.aggregations.bucket.terms.TermsAggregatorFactory$ExecutionMode$2
5973:             2             32  org.opensearch.search.aggregations.bucket.terms.heuristic.NXYSignificanceHeuristic$$Lambda/0x00007fcd2879bb50
5974:             1             32  org.opensearch.search.aggregations.metrics.PercentilesMethod$1
5975:             1             32  org.opensearch.search.aggregations.metrics.PercentilesMethod$2
5976:             2             32  org.opensearch.search.aggregations.support.MultiValuesSourceParseHelper$$Lambda/0x00007fcd287ab8b0
5977:             2             32  org.opensearch.search.aggregations.support.MultiValuesSourceParseHelper$$Lambda/0x00007fcd287abae0
5978:             1             32  org.opensearch.search.asynchronous.context.state.AsynchronousSearchStateMachine
5979:             1             32  org.opensearch.search.asynchronous.processor.AsynchronousSearchPostProcessor
5980:             2             32  org.opensearch.search.backpressure.SearchBackpressureState$$Lambda/0x00007fcd28cedb38
5981:             1             32  org.opensearch.search.backpressure.settings.NodeDuressSettings
5982:             2             32  org.opensearch.search.backpressure.trackers.HeapUsageTracker$$Lambda/0x00007fcd28cec390
5983:             1             32  org.opensearch.search.query.EarlyTerminatingCollector
5984:             2             32  org.opensearch.search.query.QueryPhase$DefaultQueryPhaseSearcher
5985:             1             32  org.opensearch.security.auditlog.routing.AuditMessageRouter
5986:             2             32  org.opensearch.security.auth.internal.NoOpAuthenticationBackend
5987:             1             32  org.opensearch.security.configuration.CompatConfig
5988:             1             32  org.opensearch.security.configuration.PrivilegesInterceptorImpl
5989:             2             32  org.opensearch.security.dlic.rest.api.AllowlistApiAction$$Lambda/0x00007fcd28ff2908
5990:             2             32  org.opensearch.security.dlic.rest.api.AllowlistApiAction$$Lambda/0x00007fcd28ff2b28
5991:             2             32  org.opensearch.security.dlic.rest.api.AllowlistApiAction$1
5992:             1             32  org.opensearch.security.dlic.rest.api.RestApiAdminPrivilegesEvaluator
5993:             2             32  org.opensearch.security.http.HTTPBasicAuthenticator
5994:             1             32  org.opensearch.security.http.XFFResolver
5995:             1             32  org.opensearch.security.identity.SecurityTokenManager
5996:             1             32  org.opensearch.security.privileges.RestLayerPrivilegesEvaluator
5997:             1             32  org.opensearch.security.privileges.SnapshotRestoreEvaluator
5998:             1             32  org.opensearch.security.resolver.IndexResolverReplacer
5999:             1             32  org.opensearch.security.rest.DashboardsInfoAction
6000:             1             32  org.opensearch.security.rest.SecurityInfoAction
6001:             2             32  org.opensearch.security.securityconf.impl.v7.ConfigV7
6002:             2             32  org.opensearch.security.securityconf.impl.v7.ConfigV7$AuthFailureListeners
6003:             2             32  org.opensearch.security.securityconf.impl.v7.ConfigV7$Authc
6004:             2             32  org.opensearch.security.securityconf.impl.v7.ConfigV7$Authz
6005:             1             32  org.opensearch.security.ssl.OpenSearchSecureSettingsFactory
6006:             1             32  org.opensearch.security.ssl.http.netty.Netty4HttpRequestHeaderVerifier
6007:             1             32  org.opensearch.security.ssl.http.netty.ValidatingDispatcher
6008:             2             32  org.opensearch.security.ssl.transport.SSLConfig
6009:             1             32  org.opensearch.security.transport.DefaultInterClusterRequestEvaluator
6010:             2             32  org.opensearch.securityanalytics.alerts.AlertsService
6011:             1             32  org.opensearch.securityanalytics.logtype.BuiltinLogTypeLoader
6012:             1             32  org.opensearch.securityanalytics.mapper.IndexTemplateManager
6013:             1             32  org.opensearch.securityanalytics.mapper.MapperService
6014:             1             32  org.opensearch.securityanalytics.threatIntel.ThreatIntelFeedDataService
6015:             1             32  org.opensearch.securityanalytics.threatIntel.feedMetadata.BuiltInTIFMetadataLoader
6016:             1             32  org.opensearch.securityanalytics.threatIntel.jobscheduler.TIFJobUpdateService
6017:             2             32  org.opensearch.securityanalytics.util.ExceptionChecker
6018:             2             32  org.opensearch.securityanalytics.util.MonitorService
6019:             1             32  org.opensearch.securityanalytics.util.RuleIndices
6020:             2             32  org.opensearch.semver.expr.Equal
6021:             2             32  org.opensearch.sql.data.model.ExprBooleanValue
6022:             1             32  org.opensearch.sql.datasources.transport.TransportDeleteDataSourceAction
6023:             1             32  org.opensearch.sql.datasources.transport.TransportGetDataSourceAction
6024:             1             32  org.opensearch.sql.datasources.transport.TransportPatchDataSourceAction
6025:             1             32  org.opensearch.sql.datasources.transport.TransportUpdateDataSourceAction
6026:             2             32  org.opensearch.sql.expression.function.FunctionDSL$$Lambda/0x00007fcd28b5a638
6027:             1             32  org.opensearch.sql.legacy.esdomain.LocalClusterState
6028:             1             32  org.opensearch.sql.legacy.plugin.RestSqlAction
6029:             2             32  org.opensearch.sql.opensearch.executor.OpenSearchQueryManager
6030:             1             32  org.opensearch.sql.plugin.SQLPlugin
6031:             2             32  org.opensearch.sql.ppl.antlr.PPLSyntaxParser
6032:             2             32  org.opensearch.sql.ppl.utils.PPLQueryDataAnonymizer
6033:             2             32  org.opensearch.sql.ppl.utils.PPLQueryDataAnonymizer$AnonymizerExpressionAnalyzer
6034:             2             32  org.opensearch.sql.spark.execution.xcontent.AsyncQueryJobMetadataXContentSerializer
6035:             1             32  org.opensearch.sql.spark.transport.TransportCancelAsyncQueryRequestAction
6036:             1             32  org.opensearch.sql.spark.transport.TransportGetAsyncQueryResultAction
6037:             2             32  org.opensearch.sql.sql.antlr.SQLSyntaxParser
6038:             1             32  org.opensearch.tasks.TaskCancellationMonitoringSettings
6039:             1             32  org.opensearch.tasks.TaskManager$CancellableTaskHolder
6040:             1             32  org.opensearch.tasks.TaskResourceTrackingService
6041:             2             32  org.opensearch.timeseries.MemoryTracker$$Lambda/0x00007fcd289cde08
6042:             2             32  org.opensearch.timeseries.caching.PriorityCache$$Lambda/0x00007fcd28a14028
6043:             2             32  org.opensearch.timeseries.caching.PriorityCache$$Lambda/0x00007fcd28a14258
6044:             2             32  org.opensearch.timeseries.caching.PriorityCache$$Lambda/0x00007fcd28a14488
6045:             2             32  org.opensearch.timeseries.caching.PriorityCache$$Lambda/0x00007fcd28a148e8
6046:             2             32  org.opensearch.timeseries.ratelimit.CheckPointMaintainRequestAdapter$$Lambda/0x00007fcd28a10880
6047:             2             32  org.opensearch.timeseries.ratelimit.ColdEntityWorker$$Lambda/0x00007fcd28a2cc80
6048:             2             32  org.opensearch.timeseries.ratelimit.ColdEntityWorker$$Lambda/0x00007fcd28a2ceb0
6049:             1             32  org.opensearch.timeseries.task.TaskCacheManager
6050:             2             32  org.opensearch.timeseries.task.TaskCacheManager$$Lambda/0x00007fcd28a2e0b8
6051:             2             32  org.opensearch.timeseries.task.TaskManager$$Lambda/0x00007fcd28a35ee8
6052:             2             32  org.opensearch.timeseries.task.TaskManager$$Lambda/0x00007fcd28a36118
6053:             2             32  org.opensearch.timeseries.transport.BaseDeleteConfigTransportAction$$Lambda/0x00007fcd28e3c000
6054:             2             32  org.opensearch.timeseries.transport.BaseGetConfigTransportAction$$Lambda/0x00007fcd28f1f338
6055:             2             32  org.opensearch.timeseries.transport.BaseJobTransportAction$$Lambda/0x00007fcd28d9e3b8
6056:             2             32  org.opensearch.timeseries.transport.BaseProfileTransportAction$$Lambda/0x00007fcd28d9ee88
6057:             2             32  org.opensearch.timeseries.transport.BaseValidateConfigTransportAction$$Lambda/0x00007fcd28e3f910
6058:             2             32  org.opensearch.timeseries.transport.handler.SearchHandler$$Lambda/0x00007fcd28a2eda0
6059:             1             32  org.opensearch.transport.BytesTransportRequest
6060:             1             32  org.opensearch.transport.InboundHandler
6061:             1             32  org.opensearch.transport.SharedGroupFactory
6062:             1             32  org.opensearch.transport.TransportHandshaker
6063:             2             32  org.opensearch.transport.TransportRequestDeduplicator
6064:             1             32  sun.net.www.protocol.https.Handler (java.base@21.0.3)
6065:             2             32  sun.net.www.protocol.jar.Handler (java.base@21.0.3)
6066:             1             32  sun.nio.fs.LinuxFileStore (java.base@21.0.3)
6067:             1             32  sun.nio.fs.LinuxFileSystem (java.base@21.0.3)
6068:             1             32  sun.security.ec.ed.Ed25519Operations (jdk.crypto.ec@21.0.3)
6069:             1             32  sun.security.ec.ed.Ed448Operations (jdk.crypto.ec@21.0.3)
6070:             1             32  sun.security.ec.point.ExtendedHomogeneousPoint$Immutable (jdk.crypto.ec@21.0.3)
6071:             2             32  sun.security.provider.FileInputStreamPool$UnclosableInputStream (java.base@21.0.3)
6072:             1             32  sun.security.provider.SecureRandom (java.base@21.0.3)
6073:             2             32  sun.security.ssl.AlpnExtension$SHAlpnAbsence (java.base@21.0.3)
6074:             2             32  sun.security.ssl.AlpnExtension$SHAlpnConsumer (java.base@21.0.3)
6075:             2             32  sun.security.ssl.AlpnExtension$SHAlpnProducer (java.base@21.0.3)
6076:             2             32  sun.security.ssl.DHKeyExchange$DHEKAGenerator (java.base@21.0.3)
6077:             2             32  sun.security.ssl.DHKeyExchange$DHEPossessionGenerator (java.base@21.0.3)
6078:             2             32  sun.security.ssl.SSLCipher$NullReadCipherGenerator (java.base@21.0.3)
6079:             2             32  sun.security.ssl.SSLCipher$NullWriteCipherGenerator (java.base@21.0.3)
6080:             2             32  sun.security.ssl.SSLCipher$T12GcmReadCipherGenerator (java.base@21.0.3)
6081:             2             32  sun.security.ssl.SSLCipher$T12GcmWriteCipherGenerator (java.base@21.0.3)
6082:             2             32  sun.security.ssl.SSLCipher$T13GcmReadCipherGenerator (java.base@21.0.3)
6083:             2             32  sun.security.ssl.SSLCipher$T13GcmWriteCipherGenerator (java.base@21.0.3)
6084:             2             32  sun.security.ssl.ServerHello$T12ServerHelloConsumer (java.base@21.0.3)
6085:             2             32  sun.security.ssl.ServerHello$T13HelloRetryRequestConsumer (java.base@21.0.3)
6086:             2             32  sun.security.ssl.ServerHello$T13ServerHelloConsumer (java.base@21.0.3)
6087:             1             32  sun.security.ssl.SessionTicketExtension$StatelessKey (java.base@21.0.3)
6088:             2             32  sun.security.ssl.SupportedVersionsExtension$SHSupportedVersionsStringizer (java.base@21.0.3)
6089:             1             32  sun.security.ssl.TrustStoreManager$TrustAnchorManager (java.base@21.0.3)
6090:             2             32  sun.security.util.AlgorithmDecomposer (java.base@21.0.3)
6091:             1             32  sun.security.util.math.intpoly.Curve25519OrderField (java.base@21.0.3)
6092:             1             32  sun.security.util.math.intpoly.Curve448OrderField (java.base@21.0.3)
6093:             1             32  sun.security.util.math.intpoly.IntegerPolynomial25519 (java.base@21.0.3)
6094:             1             32  sun.security.util.math.intpoly.IntegerPolynomial448 (java.base@21.0.3)
6095:             1             32  sun.security.util.math.intpoly.IntegerPolynomialP256 (java.base@21.0.3)
6096:             1             32  sun.security.util.math.intpoly.IntegerPolynomialP384 (java.base@21.0.3)
6097:             1             32  sun.security.util.math.intpoly.IntegerPolynomialP521 (java.base@21.0.3)
6098:             1             32  sun.security.util.math.intpoly.P256OrderField (java.base@21.0.3)
6099:             1             32  sun.security.util.math.intpoly.P384OrderField (java.base@21.0.3)
6100:             1             32  sun.security.util.math.intpoly.P521OrderField (java.base@21.0.3)
6101:             1             32  sun.security.x509.PrivateKeyUsageExtension (java.base@21.0.3)
6102:             1             24  [Lcom.fasterxml.jackson.core.StreamWriteCapability;
6103:             1             24  [Lcom.fasterxml.jackson.databind.AnnotationIntrospector$ReferenceProperty$Type;
6104:             1             24  [Lcom.fasterxml.jackson.databind.cfg.EnumFeature;
6105:             1             24  [Lcom.fasterxml.jackson.databind.cfg.EnumFeature;
6106:             1             24  [Lcom.fasterxml.jackson.databind.cfg.EnumFeature;
6107:             1             24  [Lcom.fasterxml.jackson.databind.deser.KeyDeserializers;
6108:             1             24  [Lcom.fasterxml.jackson.databind.deser.KeyDeserializers;
6109:             1             24  [Lcom.fasterxml.jackson.databind.deser.KeyDeserializers;
6110:             1             24  [Lcom.fasterxml.jackson.dataformat.smile.SmileParser$Feature;
6111:             1             24  [Lcom.fasterxml.jackson.dataformat.yaml.YAMLParser$Feature;
6112:             1             24  [Lcom.google.common.cache.CacheBuilder$NullListener;
6113:             1             24  [Lcom.google.common.cache.CacheBuilder$NullListener;
6114:             1             24  [Lcom.google.common.cache.CacheBuilder$NullListener;
6115:             1             24  [Lcom.google.common.cache.CacheBuilder$NullListener;
6116:             1             24  [Lcom.google.common.cache.CacheBuilder$OneWeigher;
6117:             1             24  [Lcom.google.common.cache.CacheBuilder$OneWeigher;
6118:             1             24  [Lcom.google.common.cache.CacheBuilder$OneWeigher;
6119:             1             24  [Lcom.google.common.cache.CacheBuilder$OneWeigher;
6120:             1             24  [Lcom.google.common.cache.LocalCache$Segment;
6121:             1             24  [Lcom.google.common.collect.Maps$EntryFunction;
6122:             1             24  [Lcom.google.gson.LongSerializationPolicy;
6123:             1             24  [Lcom.intel.qat.QatZipper$Algorithm;
6124:             1             24  [Lcom.intel.qat.QatZipper$Mode;
6125:             1             24  [Lio.netty.buffer.PoolArena$SizeClass;
6126:             1             24  [Lio.netty.handler.logging.ByteBufFormat;
6127:             1             24  [Ljava.io.File$PathStatus; (java.base@21.0.3)
6128:             1             24  [Ljava.lang.StackWalker$ExtendedOption; (java.base@21.0.3)
6129:             1             24  [Ljava.lang.invoke.MethodHandles$Lookup$ClassOption; (java.base@21.0.3)
6130:             1             24  [Ljava.net.URL; (java.base@21.0.3)
6131:             1             24  [Ljava.security.Provider$OPType; (java.base@21.0.3)
6132:             1             24  [Ljava.time.chrono.HijrahEra; (java.base@21.0.3)
6133:             1             24  [Ljava.time.chrono.IsoEra; (java.base@21.0.3)
6134:             1             24  [Ljava.time.chrono.MinguoEra; (java.base@21.0.3)
6135:             1             24  [Ljava.time.chrono.ThaiBuddhistEra; (java.base@21.0.3)
6136:             1             24  [Ljava.time.temporal.IsoFields$Unit; (java.base@21.0.3)
6137:             1             24  [Ljava.time.zone.ZoneOffsetTransition; (java.base@21.0.3)
6138:             1             24  [Ljava.util.Comparators$NaturalOrderComparator; (java.base@21.0.3)
6139:             1             24  [Ljava.util.Formatter$BigDecimalLayoutForm; (java.base@21.0.3)
6140:             1             24  [Ljava.util.Locale$Category; (java.base@21.0.3)
6141:             1             24  [Ljava.util.Set; (java.base@21.0.3)
6142:             1             24  [Ljava.util.jar.Manifest; (java.base@21.0.3)
6143:             1             24  [Ljdk.internal.icu.util.CodePointTrie$Type; (java.base@21.0.3)
6144:             1             24  [Lkotlinx.coroutines.scheduling.TaskMode;
6145:             1             24  [Lorg.apache.logging.log4j.core.appender.ConsoleAppender$Target;
6146:             1             24  [Lorg.apache.logging.log4j.core.async.ThreadNameCachingStrategy;
6147:             1             24  [Lorg.apache.logging.log4j.core.config.status.StatusConfiguration$Verbosity;
6148:             1             24  [Lorg.apache.logging.log4j.core.pattern.NameAbbreviator$MaxElementAbbreviator$Strategy;
6149:             1             24  [Lorg.apache.lucene.backward_codecs.lucene50.Lucene50StoredFieldsFormat$Mode;
6150:             1             24  [Lorg.apache.lucene.backward_codecs.lucene80.Lucene80DocValuesFormat$Mode;
6151:             1             24  [Lorg.apache.lucene.backward_codecs.lucene87.Lucene87Codec$Mode;
6152:             1             24  [Lorg.apache.lucene.backward_codecs.lucene87.Lucene87StoredFieldsFormat$Mode;
6153:             1             24  [Lorg.apache.lucene.backward_codecs.lucene90.Lucene90Codec$Mode;
6154:             1             24  [Lorg.apache.lucene.backward_codecs.lucene91.Lucene91Codec$Mode;
6155:             1             24  [Lorg.apache.lucene.backward_codecs.lucene92.Lucene92Codec$Mode;
6156:             1             24  [Lorg.apache.lucene.backward_codecs.lucene94.Lucene94Codec$Mode;
6157:             1             24  [Lorg.apache.lucene.backward_codecs.lucene95.Lucene95Codec$Mode;
6158:             1             24  [Lorg.apache.lucene.codecs.lucene99.Lucene99Codec$Mode;
6159:             1             24  [Lorg.apache.lucene.document.Field$Store;
6160:             1             24  [Lorg.apache.lucene.document.InvertableType;
6161:             1             24  [Lorg.apache.lucene.index.TermVectorsConsumerPerField;
6162:             1             24  [Lorg.apache.lucene.queryparser.classic.QueryParser$Operator;
6163:             1             24  [Lorg.apache.lucene.search.Collector;
6164:             1             24  [Lorg.apache.lucene.store.Lock;
6165:             1             24  [Lorg.apache.lucene.util.FileDeleter$MsgType;
6166:             1             24  [Lorg.apache.lucene.util.packed.PackedInts$Format;
6167:             1             24  [Lorg.ietf.jgss.Oid; (java.security.jgss@21.0.3)
6168:             1             24  [Lorg.opensearch.ad.transport.SearchTopAnomalyResultTransportAction$OrderType;
6169:             1             24  [Lorg.opensearch.cluster.coordination.PersistedStateRegistry$PersistedStateType;
6170:             1             24  [Lorg.opensearch.cluster.metadata.IndexMetadata$State;
6171:             1             24  [Lorg.opensearch.cluster.node.DiscoveryNodeFilters$OpType;
6172:             1             24  [Lorg.opensearch.common.inject.Key$NullAnnotationStrategy;
6173:             1             24  [Lorg.opensearch.common.time.DateFormatter;
6174:             1             24  [Lorg.opensearch.core.common.breaker.CircuitBreaker$Durability;
6175:             1             24  [Lorg.opensearch.core.tasks.resourcetracker.ResourceStatsType;
6176:             1             24  [Lorg.opensearch.env.NodeEnvironment$NodePath;
6177:             1             24  [Lorg.opensearch.index.IndexService$IndexCreationContext;
6178:             1             24  [Lorg.opensearch.index.codec.customcodecs.Lucene99CustomCodec$Mode;
6179:             1             24  [Lorg.opensearch.index.codec.customcodecs.Lucene99QatCodec$Mode;
6180:             1             24  [Lorg.opensearch.index.codec.fuzzy.FuzzySet$SetType;
6181:             1             24  [Lorg.opensearch.index.engine.Engine$SearcherScope;
6182:             1             24  [Lorg.opensearch.index.mapper.DateFieldMapper$Resolution;
6183:             1             24  [Lorg.opensearch.index.mapper.DynamicTemplate$MatchType;
6184:             1             24  [Lorg.opensearch.index.shard.ShardStateMetadata$IndexDataLocation;
6185:             1             24  [Lorg.opensearch.indices.analysis.PreBuiltTokenizers;
6186:             1             24  [Lorg.opensearch.knn.index.VectorDataType;
6187:             1             24  [Lorg.opensearch.monitor.StatusInfo$Status;
6188:             1             24  [Lorg.opensearch.repositories.s3.async.SizeBasedBlockingQ$QueueEventType;
6189:             1             24  [Lorg.opensearch.repositories.s3.async.TransferSemaphoresHolder$TypeSemaphore$PermitType;
6190:             1             24  [Lorg.opensearch.script.ScriptType;
6191:             1             24  [Lorg.opensearch.search.aggregations.Aggregator$SubAggCollectionMode;
6192:             1             24  [Lorg.opensearch.search.aggregations.bucket.terms.TermsAggregatorFactory$ExecutionMode;
6193:             1             24  [Lorg.opensearch.search.aggregations.metrics.PercentilesMethod;
6194:             1             24  [Lorg.opensearch.search.aggregations.pipeline.HoltWintersModel$SeasonalityType;
6195:             1             24  [Lorg.opensearch.search.sort.SortOrder;
6196:             1             24  [Lorg.opensearch.security.ssl.transport.PrincipalExtractor$Type;
6197:             1             24  [Lorg.opensearch.security.support.SerializationFormat;
6198:             1             24  [Lorg.opensearch.securityanalytics.correlation.index.codec.CorrelationCodecVersion;
6199:             1             24  [Lorg.opensearch.sql.datasource.model.DataSourceStatus;
6200:             1             24  [Lorg.opensearch.timeseries.AnalysisType;
6201:             1             24  [Lorg.opensearch.timeseries.breaker.BreakerName;
6202:             1             24  [Lorg.opensearch.transport.RemoteConnectionStrategy$ConnectionStrategy;
6203:             1             24  [Lsun.security.rsa.RSAUtil$KeyType; (java.base@21.0.3)
6204:             1             24  [Lsun.security.ssl.Alert$Level; (java.base@21.0.3)
6205:             1             24  [Lsun.security.ssl.CertStatusExtension$CertStatusRequest; (java.base@21.0.3)
6206:             1             24  [Lsun.security.ssl.CertStatusExtension$CertStatusRequestType; (java.base@21.0.3)
6207:             1             24  [Lsun.security.ssl.PskKeyExchangeModesExtension$PskKeyExchangeMode; (java.base@21.0.3)
6208:             1             24  com.amazon.randomcutforest.state.RandomCutForestMapper
6209:             1             24  com.fasterxml.jackson.annotation.JsonFormat$Features
6210:             1             24  com.fasterxml.jackson.annotation.JsonFormat$Features
6211:             1             24  com.fasterxml.jackson.annotation.JsonFormat$Features
6212:             1             24  com.fasterxml.jackson.annotation.JsonIgnoreProperties$Value
6213:             1             24  com.fasterxml.jackson.annotation.JsonSetter$Value
6214:             1             24  com.fasterxml.jackson.annotation.JsonSetter$Value
6215:             1             24  com.fasterxml.jackson.annotation.JsonSetter$Value
6216:             1             24  com.fasterxml.jackson.core.ErrorReportConfiguration
6217:             1             24  com.fasterxml.jackson.databind.AnnotationIntrospector$ReferenceProperty
6218:             1             24  com.fasterxml.jackson.databind.cfg.ContextAttributes$Impl
6219:             1             24  com.fasterxml.jackson.databind.cfg.ContextAttributes$Impl
6220:             1             24  com.fasterxml.jackson.databind.cfg.ContextAttributes$Impl
6221:             1             24  com.fasterxml.jackson.databind.cfg.DefaultCacheProvider
6222:             1             24  com.fasterxml.jackson.databind.cfg.DefaultCacheProvider
6223:             1             24  com.fasterxml.jackson.databind.cfg.DefaultCacheProvider
6224:             1             24  com.fasterxml.jackson.databind.cfg.MutableCoercionConfig
6225:             1             24  com.fasterxml.jackson.databind.cfg.SerializerFactoryConfig
6226:             1             24  com.fasterxml.jackson.databind.cfg.SerializerFactoryConfig
6227:             1             24  com.fasterxml.jackson.databind.cfg.SerializerFactoryConfig
6228:             1             24  com.fasterxml.jackson.databind.deser.DeserializerCache
6229:             1             24  com.fasterxml.jackson.databind.deser.impl.FailingDeserializer
6230:             1             24  com.fasterxml.jackson.databind.deser.std.NumberDeserializers$NumberDeserializer
6231:             1             24  com.fasterxml.jackson.databind.deser.std.StringDeserializer
6232:             1             24  com.fasterxml.jackson.databind.deser.std.UntypedObjectDeserializerNR
6233:             1             24  com.fasterxml.jackson.databind.ext.OptionalHandlerFactory
6234:             1             24  com.fasterxml.jackson.databind.introspect.AnnotatedClass$Creators
6235:             1             24  com.fasterxml.jackson.databind.introspect.AnnotatedClass$Creators
6236:             1             24  com.fasterxml.jackson.databind.introspect.JacksonAnnotationIntrospector
6237:             1             24  com.fasterxml.jackson.databind.introspect.JacksonAnnotationIntrospector
6238:             1             24  com.fasterxml.jackson.databind.introspect.JacksonAnnotationIntrospector
6239:             1             24  com.fasterxml.jackson.databind.introspect.SimpleMixInResolver
6240:             1             24  com.fasterxml.jackson.databind.ser.SerializerCache
6241:             1             24  com.fasterxml.jackson.databind.ser.impl.FailingSerializer
6242:             1             24  com.fasterxml.jackson.databind.ser.impl.FailingSerializer
6243:             1             24  com.fasterxml.jackson.databind.ser.impl.FailingSerializer
6244:             1             24  com.fasterxml.jackson.databind.ser.impl.IndexedStringListSerializer
6245:             1             24  com.fasterxml.jackson.databind.ser.impl.ReadOnlyClassToSerializerMap
6246:             1             24  com.fasterxml.jackson.databind.ser.impl.StringCollectionSerializer
6247:             1             24  com.fasterxml.jackson.databind.ser.std.StdKeySerializers$Dynamic
6248:             1             24  com.fasterxml.jackson.databind.ser.std.UUIDSerializer
6249:             1             24  com.fasterxml.jackson.databind.ser.std.UUIDSerializer
6250:             1             24  com.fasterxml.jackson.databind.ser.std.UUIDSerializer
6251:             1             24  com.fasterxml.jackson.databind.util.internal.PrivateMaxEntriesMap$DrainStatus$1
6252:             1             24  com.fasterxml.jackson.databind.util.internal.PrivateMaxEntriesMap$DrainStatus$1
6253:             1             24  com.fasterxml.jackson.databind.util.internal.PrivateMaxEntriesMap$DrainStatus$1
6254:             1             24  com.fasterxml.jackson.databind.util.internal.PrivateMaxEntriesMap$DrainStatus$2
6255:             1             24  com.fasterxml.jackson.databind.util.internal.PrivateMaxEntriesMap$DrainStatus$2
6256:             1             24  com.fasterxml.jackson.databind.util.internal.PrivateMaxEntriesMap$DrainStatus$2
6257:             1             24  com.fasterxml.jackson.databind.util.internal.PrivateMaxEntriesMap$DrainStatus$3
6258:             1             24  com.fasterxml.jackson.databind.util.internal.PrivateMaxEntriesMap$DrainStatus$3
6259:             1             24  com.fasterxml.jackson.databind.util.internal.PrivateMaxEntriesMap$DrainStatus$3
6260:             1             24  com.fasterxml.jackson.databind.util.internal.PrivateMaxEntriesMap$EntrySet
6261:             1             24  com.google.common.cache.CacheBuilder$NullListener
6262:             1             24  com.google.common.cache.CacheBuilder$NullListener
6263:             1             24  com.google.common.cache.CacheBuilder$NullListener
6264:             1             24  com.google.common.cache.CacheBuilder$NullListener
6265:             1             24  com.google.common.cache.CacheBuilder$OneWeigher
6266:             1             24  com.google.common.cache.CacheBuilder$OneWeigher
6267:             1             24  com.google.common.cache.CacheBuilder$OneWeigher
6268:             1             24  com.google.common.cache.CacheBuilder$OneWeigher
6269:             1             24  com.google.common.cache.LocalCache$AccessQueue$1
6270:             1             24  com.google.common.cache.LocalCache$EntryFactory$1
6271:             1             24  com.google.common.cache.LocalCache$EntryFactory$1
6272:             1             24  com.google.common.cache.LocalCache$EntryFactory$1
6273:             1             24  com.google.common.cache.LocalCache$EntryFactory$1
6274:             1             24  com.google.common.cache.LocalCache$EntryFactory$2
6275:             1             24  com.google.common.cache.LocalCache$EntryFactory$2
6276:             1             24  com.google.common.cache.LocalCache$EntryFactory$2
6277:             1             24  com.google.common.cache.LocalCache$EntryFactory$2
6278:             1             24  com.google.common.cache.LocalCache$EntryFactory$3
6279:             1             24  com.google.common.cache.LocalCache$EntryFactory$3
6280:             1             24  com.google.common.cache.LocalCache$EntryFactory$3
6281:             1             24  com.google.common.cache.LocalCache$EntryFactory$3
6282:             1             24  com.google.common.cache.LocalCache$EntryFactory$4
6283:             1             24  com.google.common.cache.LocalCache$EntryFactory$4
6284:             1             24  com.google.common.cache.LocalCache$EntryFactory$4
6285:             1             24  com.google.common.cache.LocalCache$EntryFactory$4
6286:             1             24  com.google.common.cache.LocalCache$EntryFactory$5
6287:             1             24  com.google.common.cache.LocalCache$EntryFactory$5
6288:             1             24  com.google.common.cache.LocalCache$EntryFactory$5
6289:             1             24  com.google.common.cache.LocalCache$EntryFactory$5
6290:             1             24  com.google.common.cache.LocalCache$EntryFactory$6
6291:             1             24  com.google.common.cache.LocalCache$EntryFactory$6
6292:             1             24  com.google.common.cache.LocalCache$EntryFactory$6
6293:             1             24  com.google.common.cache.LocalCache$EntryFactory$6
6294:             1             24  com.google.common.cache.LocalCache$EntryFactory$7
6295:             1             24  com.google.common.cache.LocalCache$EntryFactory$7
6296:             1             24  com.google.common.cache.LocalCache$EntryFactory$7
6297:             1             24  com.google.common.cache.LocalCache$EntryFactory$7
6298:             1             24  com.google.common.cache.LocalCache$EntryFactory$8
6299:             1             24  com.google.common.cache.LocalCache$EntryFactory$8
6300:             1             24  com.google.common.cache.LocalCache$EntryFactory$8
6301:             1             24  com.google.common.cache.LocalCache$EntryFactory$8
6302:             1             24  com.google.common.cache.LocalCache$Strength$1
6303:             1             24  com.google.common.cache.LocalCache$Strength$1
6304:             1             24  com.google.common.cache.LocalCache$Strength$1
6305:             1             24  com.google.common.cache.LocalCache$Strength$1
6306:             1             24  com.google.common.cache.LocalCache$Strength$2
6307:             1             24  com.google.common.cache.LocalCache$Strength$2
6308:             1             24  com.google.common.cache.LocalCache$Strength$2
6309:             1             24  com.google.common.cache.LocalCache$Strength$2
6310:             1             24  com.google.common.cache.LocalCache$Strength$3
6311:             1             24  com.google.common.cache.LocalCache$Strength$3
6312:             1             24  com.google.common.cache.LocalCache$Strength$3
6313:             1             24  com.google.common.cache.LocalCache$Strength$3
6314:             1             24  com.google.common.collect.HashBiMap$Inverse
6315:             1             24  com.google.common.collect.ImmutableEntry
6316:             1             24  com.google.common.collect.ImmutableMapEntrySet$RegularEntrySet
6317:             1             24  com.google.common.collect.ImmutableMapEntrySet$RegularEntrySet
6318:             1             24  com.google.common.collect.ImmutableSet$EmptySetBuilderImpl
6319:             1             24  com.google.common.collect.ImmutableSet$EmptySetBuilderImpl
6320:             1             24  com.google.common.collect.Maps$EntryFunction$1
6321:             1             24  com.google.common.collect.Maps$EntryFunction$2
6322:             1             24  com.google.gson.FieldNamingPolicy$1
6323:             1             24  com.google.gson.FieldNamingPolicy$2
6324:             1             24  com.google.gson.FieldNamingPolicy$3
6325:             1             24  com.google.gson.FieldNamingPolicy$4
6326:             1             24  com.google.gson.FieldNamingPolicy$5
6327:             1             24  com.google.gson.FieldNamingPolicy$6
6328:             1             24  com.google.gson.LongSerializationPolicy$1
6329:             1             24  com.google.gson.LongSerializationPolicy$2
6330:             1             24  com.google.gson.ToNumberPolicy$1
6331:             1             24  com.google.gson.ToNumberPolicy$2
6332:             1             24  com.google.gson.ToNumberPolicy$3
6333:             1             24  com.google.gson.ToNumberPolicy$4
6334:             1             24  com.google.gson.internal.ConstructorConstructor
6335:             1             24  com.google.gson.internal.bind.MapTypeAdapterFactory
6336:             1             24  com.google.gson.internal.bind.TypeAdapters$32
6337:             1             24  com.google.gson.internal.reflect.UnsafeReflectionAccessor
6338:             1             24  com.google.gson.reflect.TypeToken
6339:             1             24  com.nimbusds.jose.jwk.JWKSet
6340:             1             24  com.password4j.BcryptFunction
6341:             1             24  com.sun.jmx.mbeanserver.ClassLoaderRepositorySupport (java.management@21.0.3)
6342:             1             24  com.sun.jmx.mbeanserver.MXBeanLookup (java.management@21.0.3)
6343:             1             24  com.sun.jmx.remote.util.ClassLogger (java.management@21.0.3)
6344:             1             24  com.sun.jna.Structure$3
6345:             1             24  com.sun.jna.WeakMemoryHolder
6346:             1             24  com.sun.jna.internal.Cleaner
6347:             1             24  com.sun.management.internal.HotSpotThreadImpl (jdk.management@21.0.3)
6348:             1             24  com.sun.management.internal.PlatformMBeanProviderImpl$2 (jdk.management@21.0.3)
6349:             1             24  com.sun.management.internal.PlatformMBeanProviderImpl$5 (jdk.management@21.0.3)
6350:             1             24  io.netty.buffer.UnpooledByteBufAllocator
6351:             1             24  io.netty.buffer.UnpooledByteBufAllocator$UnpooledByteBufAllocatorMetric
6352:             1             24  io.netty.channel.ChannelOption$1
6353:             1             24  io.netty.channel.WriteBufferWaterMark
6354:             1             24  io.netty.resolver.DefaultAddressResolverGroup
6355:             1             24  io.netty.util.AttributeKey$1
6356:             1             24  io.netty.util.AttributeKey$1
6357:             1             24  io.netty.util.ResourceLeakDetectorFactory$DefaultResourceLeakDetectorFactory
6358:             1             24  io.netty.util.concurrent.DefaultEventExecutorChooserFactory$PowerOfTwoEventExecutorChooser
6359:             1             24  io.netty.util.concurrent.FailedFuture
6360:             1             24  io.netty.util.concurrent.FailedFuture
6361:             1             24  io.netty.util.internal.DefaultPriorityQueue
6362:             1             24  io.netty.util.internal.ThreadExecutorMap$3
6363:             1             24  io.netty.util.internal.ThreadExecutorMap$3
6364:             1             24  io.protostuff.ByteString
6365:             1             24  io.protostuff.runtime.ArraySchema$1
6366:             1             24  io.protostuff.runtime.ArraySchemas$BigDecimalArray$1
6367:             1             24  io.protostuff.runtime.ArraySchemas$BigIntegerArray$1
6368:             1             24  io.protostuff.runtime.ArraySchemas$ByteArrayArray$1
6369:             1             24  io.protostuff.runtime.ArraySchemas$ByteStringArray$1
6370:             1             24  io.protostuff.runtime.ArraySchemas$DateArray$1
6371:             1             24  io.protostuff.runtime.ArraySchemas$StringArray$1
6372:             1             24  io.protostuff.runtime.ClassSchema$1
6373:             1             24  io.protostuff.runtime.DerivativeSchema$1
6374:             1             24  io.protostuff.runtime.IdStrategy$1
6375:             1             24  io.protostuff.runtime.IdStrategy$11
6376:             1             24  io.protostuff.runtime.IdStrategy$13
6377:             1             24  io.protostuff.runtime.IdStrategy$15
6378:             1             24  io.protostuff.runtime.IdStrategy$17
6379:             1             24  io.protostuff.runtime.IdStrategy$19
6380:             1             24  io.protostuff.runtime.IdStrategy$2
6381:             1             24  io.protostuff.runtime.IdStrategy$21
6382:             1             24  io.protostuff.runtime.IdStrategy$23
6383:             1             24  io.protostuff.runtime.IdStrategy$25
6384:             1             24  io.protostuff.runtime.IdStrategy$3
6385:             1             24  io.protostuff.runtime.IdStrategy$4
6386:             1             24  io.protostuff.runtime.IdStrategy$5
6387:             1             24  io.protostuff.runtime.IdStrategy$6
6388:             1             24  io.protostuff.runtime.IdStrategy$7
6389:             1             24  io.protostuff.runtime.IdStrategy$9
6390:             1             24  io.protostuff.runtime.NumberSchema$1
6391:             1             24  io.protostuff.runtime.ObjectSchema$1
6392:             1             24  io.protostuff.runtime.PolymorphicEnumSchema$1
6393:             1             24  io.protostuff.runtime.PolymorphicSchemaFactories$1
6394:             1             24  io.protostuff.runtime.PolymorphicSchemaFactories$10
6395:             1             24  io.protostuff.runtime.PolymorphicSchemaFactories$11
6396:             1             24  io.protostuff.runtime.PolymorphicSchemaFactories$2
6397:             1             24  io.protostuff.runtime.PolymorphicSchemaFactories$3
6398:             1             24  io.protostuff.runtime.PolymorphicSchemaFactories$4
6399:             1             24  io.protostuff.runtime.PolymorphicSchemaFactories$5
6400:             1             24  io.protostuff.runtime.PolymorphicSchemaFactories$6
6401:             1             24  io.protostuff.runtime.PolymorphicSchemaFactories$7
6402:             1             24  io.protostuff.runtime.PolymorphicSchemaFactories$8
6403:             1             24  io.protostuff.runtime.PolymorphicSchemaFactories$9
6404:             1             24  io.protostuff.runtime.PolymorphicThrowableSchema$1
6405:             1             24  java.io.ObjectInputStream$Caches$1 (java.base@21.0.3)
6406:             1             24  java.io.ObjectStreamClass$Caches$1 (java.base@21.0.3)
6407:             1             24  java.io.ObjectStreamClass$Caches$2 (java.base@21.0.3)
6408:             1             24  java.io.UnixFileSystem (java.base@21.0.3)
6409:             1             24  java.lang.ProcessEnvironment$StringEnvironment (java.base@21.0.3)
6410:             1             24  java.lang.ProcessHandleImpl$$Lambda/0x00007fcd28165b30 (java.base@21.0.3)
6411:             1             24  java.lang.StackWalker$ExtendedOption (java.base@21.0.3)
6412:             1             24  java.lang.Thread$Caches$1 (java.base@21.0.3)
6413:             1             24  java.lang.invoke.MethodHandleImpl$ArrayAccessor$1 (java.base@21.0.3)
6414:             1             24  java.lang.invoke.MethodHandleImpl$BindCaller$1 (java.base@21.0.3)
6415:             1             24  java.lang.invoke.MethodType$ConcurrentWeakInternSet (java.base@21.0.3)
6416:             1             24  java.lang.invoke.VarHandles$1 (java.base@21.0.3)
6417:             1             24  java.lang.reflect.Proxy$1 (java.base@21.0.3)
6418:             1             24  java.math.MutableBigInteger (java.base@21.0.3)
6419:             1             24  java.net.Inet6AddressImpl (java.base@21.0.3)
6420:             1             24  java.nio.file.FileVisitOption (java.base@21.0.3)
6421:             1             24  java.nio.file.LinkOption (java.base@21.0.3)
6422:             1             24  java.nio.file.LinkPermission (java.base@21.0.3)
6423:             1             24  java.security.Policy$PolicyInfo (java.base@21.0.3)
6424:             1             24  java.security.Policy$UnsupportedEmptyCollection (java.base@21.0.3)
6425:             1             24  java.time.Period (java.base@21.0.3)
6426:             1             24  java.time.chrono.HijrahEra (java.base@21.0.3)
6427:             1             24  java.time.format.DecimalStyle (java.base@21.0.3)
6428:             1             24  java.time.temporal.IsoFields$Field$1 (java.base@21.0.3)
6429:             1             24  java.time.temporal.IsoFields$Field$2 (java.base@21.0.3)
6430:             1             24  java.time.temporal.IsoFields$Field$3 (java.base@21.0.3)
6431:             1             24  java.time.temporal.IsoFields$Field$4 (java.base@21.0.3)
6432:             1             24  java.time.zone.TzdbZoneRulesProvider (java.base@21.0.3)
6433:             1             24  java.util.Collections$3 (java.base@21.0.3)
6434:             1             24  java.util.Collections$EmptyMap (java.base@21.0.3)
6435:             1             24  java.util.Collections$UnmodifiableNavigableSet$EmptyNavigableSet (java.base@21.0.3)
6436:             1             24  java.util.Comparator$$Lambda/0x00007fcd284ddfe0 (java.base@21.0.3)
6437:             1             24  java.util.Comparator$$Lambda/0x00007fcd289f3bc8 (java.base@21.0.3)
6438:             1             24  java.util.Comparators$NaturalOrderComparator (java.base@21.0.3)
6439:             1             24  java.util.Comparators$NullComparator (java.base@21.0.3)
6440:             1             24  java.util.Locale$Cache (java.base@21.0.3)
6441:             1             24  java.util.Locale$LocaleKey (java.base@21.0.3)
6442:             1             24  java.util.OptionalDouble (java.base@21.0.3)
6443:             1             24  java.util.ResourceBundle$Control$CandidateListCache (java.base@21.0.3)
6444:             1             24  java.util.ServiceLoader$2 (java.base@21.0.3)
6445:             1             24  java.util.concurrent.ConcurrentLinkedDeque (java.base@21.0.3)
6446:             1             24  java.util.concurrent.FutureTask$WaitNode (java.base@21.0.3)
6447:             1             24  java.util.function.Function$$Lambda/0x00007fcd2806ad20 (java.base@21.0.3)
6448:             1             24  java.util.logging.LogManager$LoggerContext (java.logging@21.0.3)
6449:             1             24  java.util.logging.LogManager$SystemLoggerContext (java.logging@21.0.3)
6450:             1             24  java.util.regex.Pattern$$Lambda/0x00007fcd282fb048 (java.base@21.0.3)
6451:             1             24  java.util.regex.Pattern$Pos (java.base@21.0.3)
6452:             1             24  java.util.stream.Collectors$$Lambda/0x800000047 (java.base@21.0.3)
6453:             1             24  java.util.stream.Nodes$FixedNodeBuilder (java.base@21.0.3)
6454:             1             24  java.util.stream.Nodes$LongFixedNodeBuilder (java.base@21.0.3)
6455:             1             24  javax.naming.ldap.LdapName (java.naming@21.0.3)
6456:             1             24  jdk.internal.icu.impl.Norm2AllModes (java.base@21.0.3)
6457:             1             24  jdk.internal.icu.impl.Norm2AllModes$ComposeNormalizer2 (java.base@21.0.3)
6458:             1             24  jdk.internal.icu.impl.Norm2AllModes$Norm2AllModesSingleton (java.base@21.0.3)
6459:             1             24  jdk.internal.jimage.ImageReader (java.base@21.0.3)
6460:             1             24  jdk.internal.logger.BootstrapLogger$RedirectedLoggers (java.base@21.0.3)
6461:             1             24  jdk.internal.module.ModuleHashes (java.base@21.0.3)
6462:             1             24  jdk.internal.module.SystemModuleFinders$SystemModuleFinder (java.base@21.0.3)
6463:             1             24  jdk.internal.ref.CleanerImpl (java.base@21.0.3)
6464:             1             24  jdk.internal.vm.ThreadContainers$RootContainer$TrackingRootContainer (java.base@21.0.3)
6465:             1             24  jdk.jfr.internal.management.StreamManager (jdk.jfr@21.0.3)
6466:             1             24  jdk.management.jfr.internal.FlightRecorderMXBeanProvider$SingleMBeanComponent (jdk.management.jfr@21.0.3)
6467:             1             24  jdk.nio.zipfs.ZipCoder$UTF8 (jdk.zipfs@21.0.3)
6468:             1             24  joptsimple.BuiltinHelpFormatter
6469:             1             24  joptsimple.internal.MethodInvokingValueConverter
6470:             1             24  kotlin.SynchronizedLazyImpl
6471:             1             24  kotlin.coroutines.CombinedContext
6472:             1             24  kotlin.coroutines.CombinedContext
6473:             1             24  kotlin.coroutines.CombinedContext
6474:             1             24  kotlin.ranges.IntRange
6475:             1             24  kotlin.ranges.IntRange
6476:             1             24  kotlin.ranges.IntRange
6477:             1             24  kotlinx.coroutines.CoroutineDispatcher$Key
6478:             1             24  kotlinx.coroutines.CoroutineDispatcher$Key
6479:             1             24  kotlinx.coroutines.CoroutineDispatcher$Key
6480:             1             24  kotlinx.coroutines.CoroutineDispatcher$Key
6481:             1             24  kotlinx.coroutines.CoroutineDispatcher$Key
6482:             1             24  kotlinx.coroutines.ExecutorCoroutineDispatcher$Key
6483:             1             24  kotlinx.coroutines.ExecutorCoroutineDispatcher$Key
6484:             1             24  kotlinx.coroutines.ExecutorCoroutineDispatcher$Key
6485:             1             24  kotlinx.coroutines.ExecutorCoroutineDispatcher$Key
6486:             1             24  kotlinx.coroutines.ExecutorCoroutineDispatcher$Key
6487:             1             24  kotlinx.coroutines.ExecutorCoroutineDispatcherImpl
6488:             1             24  kotlinx.coroutines.JobImpl
6489:             1             24  kotlinx.coroutines.JobImpl
6490:             1             24  kotlinx.coroutines.SupervisorJobImpl
6491:             1             24  org.apache.commons.lang3.tuple.ImmutablePair
6492:             1             24  org.apache.commons.pool2.impl.BaseGenericObjectPool$Evictor
6493:             1             24  org.apache.logging.log4j.core.appender.ConsoleAppender$Target$1
6494:             1             24  org.apache.logging.log4j.core.appender.ConsoleAppender$Target$2
6495:             1             24  org.apache.logging.log4j.core.async.ThreadNameCachingStrategy$1
6496:             1             24  org.apache.logging.log4j.core.async.ThreadNameCachingStrategy$2
6497:             1             24  org.apache.logging.log4j.core.config.LoggerConfig$LoggerConfigPredicate$1
6498:             1             24  org.apache.logging.log4j.core.config.LoggerConfig$LoggerConfigPredicate$2
6499:             1             24  org.apache.logging.log4j.core.config.LoggerConfig$LoggerConfigPredicate$3
6500:             1             24  org.apache.logging.log4j.core.config.Loggers
6501:             1             24  org.apache.logging.log4j.core.config.plugins.util.PluginRegistry
6502:             1             24  org.apache.logging.log4j.core.impl.Log4jContextFactory
6503:             1             24  org.apache.logging.log4j.core.pattern.IntegerPatternConverter
6504:             1             24  org.apache.logging.log4j.core.pattern.LevelPatternConverter$SimpleLevelPatternConverter
6505:             1             24  org.apache.logging.log4j.core.pattern.LineSeparatorPatternConverter
6506:             1             24  org.apache.logging.log4j.core.pattern.MessagePatternConverter$SimpleMessagePatternConverter
6507:             1             24  org.apache.logging.log4j.core.pattern.PatternParser
6508:             1             24  org.apache.logging.log4j.core.pattern.SimpleLiteralPatternConverter$Space
6509:             1             24  org.apache.logging.log4j.core.pattern.ThreadNamePatternConverter
6510:             1             24  org.apache.logging.log4j.core.util.Source
6511:             1             24  org.apache.logging.log4j.jul.CoreLoggerAdapter
6512:             1             24  org.apache.logging.log4j.jul.DefaultLevelConverter
6513:             1             24  org.apache.logging.log4j.spi.LoggerRegistry
6514:             1             24  org.apache.logging.slf4j.Log4jLoggerFactory
6515:             1             24  org.apache.logging.slf4j.Log4jLoggerFactory
6516:             1             24  org.apache.logging.slf4j.Log4jMarker
6517:             1             24  org.apache.logging.slf4j.Log4jMarker
6518:             1             24  org.apache.lucene.analysis.CharArrayMap$EntrySet
6519:             1             24  org.apache.lucene.analysis.Tokenizer$1
6520:             1             24  org.apache.lucene.backward_codecs.lucene70.Lucene70Codec$1
6521:             1             24  org.apache.lucene.backward_codecs.lucene70.Lucene70Codec$2
6522:             1             24  org.apache.lucene.backward_codecs.lucene80.Lucene80Codec$1
6523:             1             24  org.apache.lucene.backward_codecs.lucene80.Lucene80Codec$2
6524:             1             24  org.apache.lucene.backward_codecs.lucene84.Lucene84Codec$1
6525:             1             24  org.apache.lucene.backward_codecs.lucene84.Lucene84Codec$2
6526:             1             24  org.apache.lucene.backward_codecs.lucene86.Lucene86Codec$1
6527:             1             24  org.apache.lucene.backward_codecs.lucene86.Lucene86Codec$2
6528:             1             24  org.apache.lucene.backward_codecs.lucene90.Lucene90Codec$1
6529:             1             24  org.apache.lucene.backward_codecs.lucene90.Lucene90Codec$2
6530:             1             24  org.apache.lucene.backward_codecs.lucene90.Lucene90Codec$3
6531:             1             24  org.apache.lucene.backward_codecs.lucene90.Lucene90HnswVectorsFormat
6532:             1             24  org.apache.lucene.codecs.lucene90.IndexedDISI$Method$1
6533:             1             24  org.apache.lucene.codecs.lucene90.IndexedDISI$Method$2
6534:             1             24  org.apache.lucene.codecs.lucene90.IndexedDISI$Method$3
6535:             1             24  org.apache.lucene.codecs.lucene90.LZ4WithPresetDictCompressionMode$LZ4WithPresetDictCompressor
6536:             1             24  org.apache.lucene.codecs.lucene90.Lucene90CompoundFormat$SizedFileQueue
6537:             1             24  org.apache.lucene.codecs.perfield.PerFieldPostingsFormat$FieldsGroup
6538:             1             24  org.apache.lucene.codecs.perfield.PerFieldPostingsFormat$FieldsGroup$Builder
6539:             1             24  org.apache.lucene.codecs.perfield.PerFieldPostingsFormat$FieldsWriter
6540:             1             24  org.apache.lucene.codecs.perfield.PerFieldPostingsFormat$FieldsWriter$1
6541:             1             24  org.apache.lucene.index.BufferedUpdatesStream$ApplyDeletesResult
6542:             1             24  org.apache.lucene.index.DocumentsWriterFlushQueue$FlushTicket
6543:             1             24  org.apache.lucene.index.FieldInfos$Builder
6544:             1             24  org.apache.lucene.index.FreqProxTermsWriter$$Lambda/0x00007fcd290e5140
6545:             1             24  org.apache.lucene.index.Impact
6546:             1             24  org.apache.lucene.index.IndexWriter$$Lambda/0x00007fcd290e1238
6547:             1             24  org.apache.lucene.index.IndexWriter$$Lambda/0x00007fcd290e9370
6548:             1             24  org.apache.lucene.index.IndexingChain$IntBlockAllocator
6549:             1             24  org.apache.lucene.index.VectorSimilarityFunction$1
6550:             1             24  org.apache.lucene.index.VectorSimilarityFunction$2
6551:             1             24  org.apache.lucene.index.VectorSimilarityFunction$3
6552:             1             24  org.apache.lucene.index.VectorSimilarityFunction$4
6553:             1             24  org.apache.lucene.sandbox.codecs.idversion.IDVersionPostingsFormat
6554:             1             24  org.apache.lucene.search.BooleanClause$Occur$1
6555:             1             24  org.apache.lucene.search.BooleanClause$Occur$2
6556:             1             24  org.apache.lucene.search.BooleanClause$Occur$3
6557:             1             24  org.apache.lucene.search.BooleanClause$Occur$4
6558:             1             24  org.apache.lucene.search.MultiCollector
6559:             1             24  org.apache.lucene.search.TotalHitCountCollector
6560:             1             24  org.apache.lucene.search.suggest.document.Completion50PostingsFormat
6561:             1             24  org.apache.lucene.search.suggest.document.Completion84PostingsFormat
6562:             1             24  org.apache.lucene.search.suggest.document.Completion90PostingsFormat
6563:             1             24  org.apache.lucene.search.suggest.document.Completion99PostingsFormat
6564:             1             24  org.apache.lucene.search.vectorhighlight.SimpleBoundaryScanner
6565:             1             24  org.apache.lucene.util.AttributeFactory$1
6566:             1             24  org.apache.lucene.util.AttributeSource$2
6567:             1             24  org.apache.lucene.util.HotspotVMOptions$$Lambda/0x00007fcd280c55c0
6568:             1             24  org.apache.lucene.util.packed.DirectReader$DirectPackedReader28
6569:             1             24  org.bouncycastle.asn1.ASN1Integer$1
6570:             1             24  org.bouncycastle.asn1.ASN1Null$1
6571:             1             24  org.bouncycastle.asn1.ASN1ObjectIdentifier$1
6572:             1             24  org.bouncycastle.asn1.ASN1OctetString$1
6573:             1             24  org.bouncycastle.asn1.ASN1RelativeOID$1
6574:             1             24  org.bouncycastle.asn1.ASN1Sequence$1
6575:             1             24  org.bouncycastle.asn1.ASN1Set$1
6576:             1             24  org.bouncycastle.asn1.DLSequence
6577:             1             24  org.bouncycastle.asn1.DLSet
6578:             1             24  org.bouncycastle.jcajce.provider.asymmetric.edec.KeyFactorySpi$Ed25519
6579:             1             24  org.bouncycastle.jcajce.provider.asymmetric.edec.KeyFactorySpi$Ed448
6580:             1             24  org.bouncycastle.jcajce.provider.asymmetric.edec.KeyFactorySpi$X25519
6581:             1             24  org.bouncycastle.jcajce.provider.asymmetric.edec.KeyFactorySpi$X448
6582:             1             24  org.bouncycastle.util.BigIntegers$Cache
6583:             1             24  org.bouncycastle.util.encoders.Base64Encoder
6584:             1             24  org.bouncycastle.util.encoders.HexEncoder
6585:             1             24  org.greenrobot.eventbus.AsyncPoster
6586:             1             24  org.greenrobot.eventbus.BackgroundPoster
6587:             1             24  org.greenrobot.eventbus.EventBus$1
6588:             1             24  org.greenrobot.eventbus.SubscriberMethodFinder
6589:             1             24  org.jcodings.util.BytesHash
6590:             1             24  org.joda.time.format.DateTimeFormatterBuilder$UnpaddedNumber
6591:             1             24  org.locationtech.jts.geom.GeometryFactory
6592:             1             24  org.locationtech.jts.geom.PrecisionModel
6593:             1             24  org.locationtech.spatial4j.io.jts.JtsBinaryCodec
6594:             1             24  org.locationtech.spatial4j.shape.impl.ShapeFactoryImpl
6595:             1             24  org.opensearch.action.admin.cluster.allocation.ClusterAllocationExplainAction
6596:             1             24  org.opensearch.action.admin.cluster.configuration.AddVotingConfigExclusionsAction
6597:             1             24  org.opensearch.action.admin.cluster.configuration.ClearVotingConfigExclusionsAction
6598:             1             24  org.opensearch.action.admin.cluster.decommission.awareness.delete.DeleteDecommissionStateAction
6599:             1             24  org.opensearch.action.admin.cluster.decommission.awareness.get.GetDecommissionStateAction
6600:             1             24  org.opensearch.action.admin.cluster.decommission.awareness.put.DecommissionAction
6601:             1             24  org.opensearch.action.admin.cluster.health.ClusterHealthAction
6602:             1             24  org.opensearch.action.admin.cluster.node.hotthreads.NodeHotThreads
6603:             1             24  org.opensearch.action.admin.cluster.node.hotthreads.NodesHotThreadsAction
6604:             1             24  org.opensearch.action.admin.cluster.node.hotthreads.TransportNodesHotThreadsAction$NodeRequest
6605:             1             24  org.opensearch.action.admin.cluster.node.info.NodesInfoAction
6606:             1             24  org.opensearch.action.admin.cluster.node.reload.NodesReloadSecureSettingsAction
6607:             1             24  org.opensearch.action.admin.cluster.node.stats.NodesStatsAction
6608:             1             24  org.opensearch.action.admin.cluster.node.tasks.cancel.CancelTasksAction
6609:             1             24  org.opensearch.action.admin.cluster.node.tasks.get.GetTaskAction
6610:             1             24  org.opensearch.action.admin.cluster.node.tasks.list.ListTasksAction
6611:             1             24  org.opensearch.action.admin.cluster.node.usage.NodesUsageAction
6612:             1             24  org.opensearch.action.admin.cluster.remote.RemoteInfoAction
6613:             1             24  org.opensearch.action.admin.cluster.remotestore.restore.RestoreRemoteStoreAction
6614:             1             24  org.opensearch.action.admin.cluster.remotestore.stats.RemoteStoreStatsAction
6615:             1             24  org.opensearch.action.admin.cluster.repositories.cleanup.CleanupRepositoryAction
6616:             1             24  org.opensearch.action.admin.cluster.repositories.delete.DeleteRepositoryAction
6617:             1             24  org.opensearch.action.admin.cluster.repositories.get.GetRepositoriesAction
6618:             1             24  org.opensearch.action.admin.cluster.repositories.put.PutRepositoryAction
6619:             1             24  org.opensearch.action.admin.cluster.repositories.verify.VerifyRepositoryAction
6620:             1             24  org.opensearch.action.admin.cluster.reroute.ClusterRerouteAction
6621:             1             24  org.opensearch.action.admin.cluster.settings.ClusterUpdateSettingsAction
6622:             1             24  org.opensearch.action.admin.cluster.shards.ClusterSearchShardsAction
6623:             1             24  org.opensearch.action.admin.cluster.shards.routing.weighted.delete.ClusterDeleteWeightedRoutingAction
6624:             1             24  org.opensearch.action.admin.cluster.shards.routing.weighted.get.ClusterGetWeightedRoutingAction
6625:             1             24  org.opensearch.action.admin.cluster.shards.routing.weighted.put.ClusterAddWeightedRoutingAction
6626:             1             24  org.opensearch.action.admin.cluster.snapshots.clone.CloneSnapshotAction
6627:             1             24  org.opensearch.action.admin.cluster.snapshots.create.CreateSnapshotAction
6628:             1             24  org.opensearch.action.admin.cluster.snapshots.delete.DeleteSnapshotAction
6629:             1             24  org.opensearch.action.admin.cluster.snapshots.get.GetSnapshotsAction
6630:             1             24  org.opensearch.action.admin.cluster.snapshots.restore.RestoreSnapshotAction
6631:             1             24  org.opensearch.action.admin.cluster.snapshots.status.SnapshotsStatusAction
6632:             1             24  org.opensearch.action.admin.cluster.state.ClusterStateAction
6633:             1             24  org.opensearch.action.admin.cluster.stats.ClusterStatsAction
6634:             1             24  org.opensearch.action.admin.cluster.storedscripts.DeleteStoredScriptAction
6635:             1             24  org.opensearch.action.admin.cluster.storedscripts.GetScriptContextAction
6636:             1             24  org.opensearch.action.admin.cluster.storedscripts.GetScriptLanguageAction
6637:             1             24  org.opensearch.action.admin.cluster.storedscripts.GetStoredScriptAction
6638:             1             24  org.opensearch.action.admin.cluster.storedscripts.PutStoredScriptAction
6639:             1             24  org.opensearch.action.admin.cluster.tasks.PendingClusterTasksAction
6640:             1             24  org.opensearch.action.admin.indices.alias.IndicesAliasesAction
6641:             1             24  org.opensearch.action.admin.indices.alias.get.GetAliasesAction
6642:             1             24  org.opensearch.action.admin.indices.analyze.AnalyzeAction
6643:             1             24  org.opensearch.action.admin.indices.cache.clear.ClearIndicesCacheAction
6644:             1             24  org.opensearch.action.admin.indices.close.CloseIndexAction
6645:             1             24  org.opensearch.action.admin.indices.create.AutoCreateAction
6646:             1             24  org.opensearch.action.admin.indices.create.CreateIndexAction
6647:             1             24  org.opensearch.action.admin.indices.dangling.delete.DeleteDanglingIndexAction
6648:             1             24  org.opensearch.action.admin.indices.dangling.find.FindDanglingIndexAction
6649:             1             24  org.opensearch.action.admin.indices.dangling.import_index.ImportDanglingIndexAction
6650:             1             24  org.opensearch.action.admin.indices.dangling.list.ListDanglingIndicesAction
6651:             1             24  org.opensearch.action.admin.indices.datastream.CreateDataStreamAction
6652:             1             24  org.opensearch.action.admin.indices.datastream.DataStreamsStatsAction
6653:             1             24  org.opensearch.action.admin.indices.datastream.DeleteDataStreamAction
6654:             1             24  org.opensearch.action.admin.indices.datastream.GetDataStreamAction
6655:             1             24  org.opensearch.action.admin.indices.delete.DeleteIndexAction
6656:             1             24  org.opensearch.action.admin.indices.exists.indices.IndicesExistsAction
6657:             1             24  org.opensearch.action.admin.indices.flush.FlushAction
6658:             1             24  org.opensearch.action.admin.indices.forcemerge.ForceMergeAction
6659:             1             24  org.opensearch.action.admin.indices.get.GetIndexAction
6660:             1             24  org.opensearch.action.admin.indices.mapping.get.GetFieldMappingsAction
6661:             1             24  org.opensearch.action.admin.indices.mapping.get.GetMappingsAction
6662:             1             24  org.opensearch.action.admin.indices.mapping.put.AutoPutMappingAction
6663:             1             24  org.opensearch.action.admin.indices.mapping.put.PutMappingAction
6664:             1             24  org.opensearch.action.admin.indices.open.OpenIndexAction
6665:             1             24  org.opensearch.action.admin.indices.readonly.AddIndexBlockAction
6666:             1             24  org.opensearch.action.admin.indices.recovery.RecoveryAction
6667:             1             24  org.opensearch.action.admin.indices.refresh.RefreshAction
6668:             1             24  org.opensearch.action.admin.indices.replication.SegmentReplicationStatsAction
6669:             1             24  org.opensearch.action.admin.indices.resolve.ResolveIndexAction
6670:             1             24  org.opensearch.action.admin.indices.rollover.MaxAgeCondition
6671:             1             24  org.opensearch.action.admin.indices.rollover.RolloverAction
6672:             1             24  org.opensearch.action.admin.indices.segments.IndicesSegmentsAction
6673:             1             24  org.opensearch.action.admin.indices.segments.PitSegmentsAction
6674:             1             24  org.opensearch.action.admin.indices.settings.get.GetSettingsAction
6675:             1             24  org.opensearch.action.admin.indices.settings.put.UpdateSettingsAction
6676:             1             24  org.opensearch.action.admin.indices.shards.IndicesShardStoresAction
6677:             1             24  org.opensearch.action.admin.indices.shrink.ResizeAction
6678:             1             24  org.opensearch.action.admin.indices.stats.IndicesStatsAction
6679:             1             24  org.opensearch.action.admin.indices.template.delete.DeleteComponentTemplateAction
6680:             1             24  org.opensearch.action.admin.indices.template.delete.DeleteComposableIndexTemplateAction
6681:             1             24  org.opensearch.action.admin.indices.template.delete.DeleteIndexTemplateAction
6682:             1             24  org.opensearch.action.admin.indices.template.get.GetComponentTemplateAction
6683:             1             24  org.opensearch.action.admin.indices.template.get.GetComposableIndexTemplateAction
6684:             1             24  org.opensearch.action.admin.indices.template.get.GetIndexTemplatesAction
6685:             1             24  org.opensearch.action.admin.indices.template.post.SimulateIndexTemplateAction
6686:             1             24  org.opensearch.action.admin.indices.template.post.SimulateTemplateAction
6687:             1             24  org.opensearch.action.admin.indices.template.put.PutComponentTemplateAction
6688:             1             24  org.opensearch.action.admin.indices.template.put.PutComposableIndexTemplateAction
6689:             1             24  org.opensearch.action.admin.indices.template.put.PutIndexTemplateAction
6690:             1             24  org.opensearch.action.admin.indices.upgrade.get.UpgradeStatusAction
6691:             1             24  org.opensearch.action.admin.indices.upgrade.post.UpgradeAction
6692:             1             24  org.opensearch.action.admin.indices.upgrade.post.UpgradeSettingsAction
6693:             1             24  org.opensearch.action.admin.indices.validate.query.ValidateQueryAction
6694:             1             24  org.opensearch.action.bulk.BulkAction
6695:             1             24  org.opensearch.action.delete.DeleteAction
6696:             1             24  org.opensearch.action.explain.ExplainAction
6697:             1             24  org.opensearch.action.fieldcaps.FieldCapabilitiesAction
6698:             1             24  org.opensearch.action.get.GetAction
6699:             1             24  org.opensearch.action.get.MultiGetAction
6700:             1             24  org.opensearch.action.index.IndexAction
6701:             1             24  org.opensearch.action.ingest.DeletePipelineAction
6702:             1             24  org.opensearch.action.ingest.GetPipelineAction
6703:             1             24  org.opensearch.action.ingest.IngestActionForwarder
6704:             1             24  org.opensearch.action.ingest.PutPipelineAction
6705:             1             24  org.opensearch.action.ingest.SimulatePipelineAction
6706:             1             24  org.opensearch.action.main.MainAction
6707:             1             24  org.opensearch.action.search.ClearScrollAction
6708:             1             24  org.opensearch.action.search.CreatePitAction
6709:             1             24  org.opensearch.action.search.DeletePitAction
6710:             1             24  org.opensearch.action.search.DeleteSearchPipelineAction
6711:             1             24  org.opensearch.action.search.GetAllPitsAction
6712:             1             24  org.opensearch.action.search.GetSearchPipelineAction
6713:             1             24  org.opensearch.action.search.MultiSearchAction
6714:             1             24  org.opensearch.action.search.PutSearchPipelineAction
6715:             1             24  org.opensearch.action.search.SearchAction
6716:             1             24  org.opensearch.action.search.SearchPhaseController
6717:             1             24  org.opensearch.action.search.SearchRequestStats
6718:             1             24  org.opensearch.action.search.SearchResponse$Clusters
6719:             1             24  org.opensearch.action.search.SearchScrollAction
6720:             1             24  org.opensearch.action.search.SearchShard
6721:             1             24  org.opensearch.action.search.SearchTransportService
6722:             1             24  org.opensearch.action.support.AutoCreateIndex
6723:             1             24  org.opensearch.action.support.AutoCreateIndex$AutoCreate
6724:             1             24  org.opensearch.action.support.clustermanager.term.GetTermVersionAction
6725:             1             24  org.opensearch.action.termvectors.MultiTermVectorsAction
6726:             1             24  org.opensearch.action.termvectors.TermVectorsAction
6727:             1             24  org.opensearch.action.update.UpdateAction
6728:             1             24  org.opensearch.ad.ratelimit.ADSaveResultStrategy
6729:             1             24  org.opensearch.ad.rest.RestAnomalyDetectorJobAction
6730:             1             24  org.opensearch.ad.rest.RestDeleteAnomalyDetectorAction
6731:             1             24  org.opensearch.ad.rest.RestDeleteAnomalyResultsAction
6732:             1             24  org.opensearch.ad.rest.RestGetAnomalyDetectorAction
6733:             1             24  org.opensearch.ad.rest.RestPreviewAnomalyDetectorAction
6734:             1             24  org.opensearch.ad.rest.RestSearchAnomalyDetectorInfoAction
6735:             1             24  org.opensearch.ad.rest.RestSearchTopAnomalyResultAction
6736:             1             24  org.opensearch.ad.settings.ADEnabledSetting
6737:             1             24  org.opensearch.ad.settings.ADNumericSetting
6738:             1             24  org.opensearch.ad.stats.suppliers.ADModelsOnNodeCountSupplier
6739:             1             24  org.opensearch.ad.stats.suppliers.ADModelsOnNodeSupplier
6740:             1             24  org.opensearch.ad.transport.ADBatchAnomalyResultAction
6741:             1             24  org.opensearch.ad.transport.ADBatchTaskRemoteExecutionAction
6742:             1             24  org.opensearch.ad.transport.ADCancelTaskAction
6743:             1             24  org.opensearch.ad.transport.ADEntityProfileAction
6744:             1             24  org.opensearch.ad.transport.ADProfileAction
6745:             1             24  org.opensearch.ad.transport.ADResultBulkAction
6746:             1             24  org.opensearch.ad.transport.ADSingleStreamResultAction
6747:             1             24  org.opensearch.ad.transport.ADStatsNodesAction
6748:             1             24  org.opensearch.ad.transport.ADTaskProfileAction
6749:             1             24  org.opensearch.ad.transport.AnomalyDetectorJobAction
6750:             1             24  org.opensearch.ad.transport.AnomalyResultAction
6751:             1             24  org.opensearch.ad.transport.CronAction
6752:             1             24  org.opensearch.ad.transport.DeleteADModelAction
6753:             1             24  org.opensearch.ad.transport.DeleteAnomalyDetectorAction
6754:             1             24  org.opensearch.ad.transport.DeleteAnomalyResultsAction
6755:             1             24  org.opensearch.ad.transport.EntityADResultAction
6756:             1             24  org.opensearch.ad.transport.ForwardADTaskAction
6757:             1             24  org.opensearch.ad.transport.GetAnomalyDetectorAction
6758:             1             24  org.opensearch.ad.transport.IndexAnomalyDetectorAction
6759:             1             24  org.opensearch.ad.transport.PreviewAnomalyDetectorAction
6760:             1             24  org.opensearch.ad.transport.RCFPollingAction
6761:             1             24  org.opensearch.ad.transport.RCFResultAction
6762:             1             24  org.opensearch.ad.transport.SearchADTasksAction
6763:             1             24  org.opensearch.ad.transport.SearchAnomalyDetectorAction
6764:             1             24  org.opensearch.ad.transport.SearchAnomalyDetectorInfoAction
6765:             1             24  org.opensearch.ad.transport.SearchAnomalyResultAction
6766:             1             24  org.opensearch.ad.transport.SearchTopAnomalyResultAction
6767:             1             24  org.opensearch.ad.transport.StatsAnomalyDetectorAction
6768:             1             24  org.opensearch.ad.transport.StopDetectorAction
6769:             1             24  org.opensearch.ad.transport.ThresholdResultAction
6770:             1             24  org.opensearch.ad.transport.ValidateAnomalyDetectorAction
6771:             1             24  org.opensearch.ad.transport.handler.ADIndexMemoryPressureAwareResultHandler
6772:             1             24  org.opensearch.ad.transport.handler.ADSearchHandler
6773:             1             24  org.opensearch.agent.ToolPlugin
6774:             1             24  org.opensearch.agent.tools.NeuralSparseSearchTool$Factory
6775:             1             24  org.opensearch.agent.tools.RAGTool$Factory
6776:             1             24  org.opensearch.agent.tools.SearchAnomalyDetectorsTool$Factory
6777:             1             24  org.opensearch.agent.tools.SearchAnomalyResultsTool$Factory
6778:             1             24  org.opensearch.agent.tools.VectorDBTool$Factory
6779:             1             24  org.opensearch.alerting.MonitorRunnerService
6780:             1             24  org.opensearch.alerting.WorkflowService
6781:             1             24  org.opensearch.alerting.action.DocLevelMonitorFanOutAction
6782:             1             24  org.opensearch.alerting.action.ExecuteMonitorAction
6783:             1             24  org.opensearch.alerting.action.ExecuteWorkflowAction
6784:             1             24  org.opensearch.alerting.action.GetDestinationsAction
6785:             1             24  org.opensearch.alerting.action.GetEmailAccountAction
6786:             1             24  org.opensearch.alerting.action.GetEmailGroupAction
6787:             1             24  org.opensearch.alerting.action.GetRemoteIndexesAction
6788:             1             24  org.opensearch.alerting.action.SearchEmailAccountAction
6789:             1             24  org.opensearch.alerting.action.SearchEmailGroupAction
6790:             1             24  org.opensearch.alerting.core.ScheduledJobIndices
6791:             1             24  org.opensearch.alerting.core.action.node.ScheduledJobsStatsAction
6792:             1             24  org.opensearch.alerting.core.lock.LockService
6793:             1             24  org.opensearch.alerting.core.resthandler.RestScheduledJobStatsHandler
6794:             1             24  org.opensearch.alerting.model.destination.DestinationContextFactory
6795:             1             24  org.opensearch.alerting.resthandler.RestAcknowledgeAlertAction
6796:             1             24  org.opensearch.alerting.resthandler.RestAcknowledgeChainedAlertAction
6797:             1             24  org.opensearch.alerting.resthandler.RestDeleteAlertingCommentAction
6798:             1             24  org.opensearch.alerting.resthandler.RestDeleteMonitorAction
6799:             1             24  org.opensearch.alerting.resthandler.RestDeleteWorkflowAction
6800:             1             24  org.opensearch.alerting.resthandler.RestExecuteMonitorAction
6801:             1             24  org.opensearch.alerting.resthandler.RestExecuteWorkflowAction
6802:             1             24  org.opensearch.alerting.resthandler.RestGetAlertsAction
6803:             1             24  org.opensearch.alerting.resthandler.RestGetDestinationsAction
6804:             1             24  org.opensearch.alerting.resthandler.RestGetEmailAccountAction
6805:             1             24  org.opensearch.alerting.resthandler.RestGetEmailGroupAction
6806:             1             24  org.opensearch.alerting.resthandler.RestGetFindingsAction
6807:             1             24  org.opensearch.alerting.resthandler.RestGetMonitorAction
6808:             1             24  org.opensearch.alerting.resthandler.RestGetRemoteIndexesAction
6809:             1             24  org.opensearch.alerting.resthandler.RestGetWorkflowAction
6810:             1             24  org.opensearch.alerting.resthandler.RestGetWorkflowAlertsAction
6811:             1             24  org.opensearch.alerting.resthandler.RestIndexAlertingCommentAction
6812:             1             24  org.opensearch.alerting.resthandler.RestIndexMonitorAction
6813:             1             24  org.opensearch.alerting.resthandler.RestIndexWorkflowAction
6814:             1             24  org.opensearch.alerting.resthandler.RestSearchAlertingCommentAction
6815:             1             24  org.opensearch.alerting.resthandler.RestSearchEmailAccountAction
6816:             1             24  org.opensearch.alerting.resthandler.RestSearchEmailGroupAction
6817:             1             24  org.opensearch.bootstrap.OpenSearchPolicy$SystemPolicy
6818:             1             24  org.opensearch.bootstrap.Spawner
6819:             1             24  org.opensearch.cli.Command$$Lambda/0x00007fcd280261f0
6820:             1             24  org.opensearch.cli.Terminal$SystemTerminal
6821:             1             24  org.opensearch.cluster.ClusterStateTaskConfig$Basic
6822:             1             24  org.opensearch.cluster.InternalClusterInfoService$IndicesStatsSummary
6823:             1             24  org.opensearch.cluster.action.index.MappingUpdatedAction$AdjustableSemaphore
6824:             1             24  org.opensearch.cluster.action.index.NodeMappingRefreshAction
6825:             1             24  org.opensearch.cluster.action.shard.ShardStateAction$ShardFailedTransportHandler
6826:             1             24  org.opensearch.cluster.action.shard.ShardStateAction$ShardStartedTransportHandler
6827:             1             24  org.opensearch.cluster.block.ClusterBlocks
6828:             1             24  org.opensearch.cluster.coordination.Coordinator$1
6829:             1             24  org.opensearch.cluster.coordination.FollowersChecker$$Lambda/0x00007fcd290f2590
6830:             1             24  org.opensearch.cluster.coordination.JoinHelper$$Lambda/0x00007fcd28cf7350
6831:             1             24  org.opensearch.cluster.coordination.JoinHelper$$Lambda/0x00007fcd28cf7788
6832:             1             24  org.opensearch.cluster.coordination.JoinHelper$$Lambda/0x00007fcd28cf7bc0
6833:             1             24  org.opensearch.cluster.coordination.JoinHelper$$Lambda/0x00007fcd28cf8000
6834:             1             24  org.opensearch.cluster.coordination.PublicationTransportHandler$$Lambda/0x00007fcd28cfbee8
6835:             1             24  org.opensearch.cluster.coordination.PublicationTransportHandler$1
6836:             1             24  org.opensearch.cluster.coordination.PublishWithJoinResponse
6837:             1             24  org.opensearch.cluster.metadata.AutoExpandReplicas
6838:             1             24  org.opensearch.cluster.metadata.IndexMetadata$6
6839:             1             24  org.opensearch.cluster.metadata.Manifest$1
6840:             1             24  org.opensearch.cluster.metadata.Metadata$1
6841:             1             24  org.opensearch.cluster.node.DiscoveryNodeRole$1
6842:             1             24  org.opensearch.cluster.node.DiscoveryNodeRole$2
6843:             1             24  org.opensearch.cluster.node.DiscoveryNodeRole$3
6844:             1             24  org.opensearch.cluster.node.DiscoveryNodeRole$4
6845:             1             24  org.opensearch.cluster.node.DiscoveryNodeRole$5
6846:             1             24  org.opensearch.cluster.node.DiscoveryNodeRole$6
6847:             1             24  org.opensearch.cluster.node.DiscoveryNodes$Builder
6848:             1             24  org.opensearch.cluster.routing.RoutingNodes$Recoveries
6849:             1             24  org.opensearch.cluster.routing.RoutingTable$RoutingTableDiff
6850:             1             24  org.opensearch.cluster.routing.allocation.AwarenessReplicaBalance
6851:             1             24  org.opensearch.cluster.routing.allocation.decider.AwarenessAllocationDecider
6852:             1             24  org.opensearch.cluster.routing.allocation.decider.DiskThresholdDecider
6853:             1             24  org.opensearch.cluster.routing.allocation.decider.EnableAllocationDecider
6854:             1             24  org.opensearch.cluster.routing.allocation.decider.RemoteStoreMigrationAllocationDecider
6855:             1             24  org.opensearch.cluster.routing.allocation.decider.ShardsLimitAllocationDecider
6856:             1             24  org.opensearch.cluster.service.ClusterApplierService$SafeClusterApplyListener
6857:             1             24  org.opensearch.common.LocalTimeOffset$NoPrevious
6858:             1             24  org.opensearch.common.MemoizedSupplier
6859:             1             24  org.opensearch.common.Rounding$TimeIntervalRounding
6860:             1             24  org.opensearch.common.Rounding$TimeIntervalRounding$FixedRounding
6861:             1             24  org.opensearch.common.TimeBasedUUIDGenerator
6862:             1             24  org.opensearch.common.cache.service.CacheService
6863:             1             24  org.opensearch.common.cache.stats.ImmutableCacheStatsHolder
6864:             1             24  org.opensearch.common.cache.stats.ImmutableCacheStatsHolder$Node
6865:             1             24  org.opensearch.common.cache.store.OpenSearchOnHeapCache$$Lambda/0x00007fcd292f0a50
6866:             1             24  org.opensearch.common.inject.Key$NullAnnotationStrategy
6867:             1             24  org.opensearch.common.lease.Releasables$$Lambda/0x00007fcd2920a480
6868:             1             24  org.opensearch.common.lucene.ShardCoreKeyMap
6869:             1             24  org.opensearch.common.path.PathTrie
6870:             1             24  org.opensearch.common.settings.ClusterSettings$LoggingSettingUpdater
6871:             1             24  org.opensearch.common.settings.Setting$$Lambda/0x00007fcd280caec0
6872:             1             24  org.opensearch.common.settings.SettingsFilter
6873:             1             24  org.opensearch.common.ssl.SslClientAuthenticationMode$1
6874:             1             24  org.opensearch.common.ssl.SslClientAuthenticationMode$2
6875:             1             24  org.opensearch.common.ssl.SslClientAuthenticationMode$3
6876:             1             24  org.opensearch.common.ssl.SslVerificationMode$1
6877:             1             24  org.opensearch.common.ssl.SslVerificationMode$2
6878:             1             24  org.opensearch.common.ssl.SslVerificationMode$3
6879:             1             24  org.opensearch.common.time.EpochTime$1
6880:             1             24  org.opensearch.common.time.EpochTime$2
6881:             1             24  org.opensearch.common.time.EpochTime$3
6882:             1             24  org.opensearch.common.time.EpochTime$4
6883:             1             24  org.opensearch.common.time.EpochTime$5
6884:             1             24  org.opensearch.common.time.RFC3339CompatibleDateTimeFormatter
6885:             1             24  org.opensearch.common.unit.SizeUnit$1
6886:             1             24  org.opensearch.common.unit.SizeUnit$2
6887:             1             24  org.opensearch.common.unit.SizeUnit$3
6888:             1             24  org.opensearch.common.unit.SizeUnit$4
6889:             1             24  org.opensearch.common.unit.SizeUnit$5
6890:             1             24  org.opensearch.common.unit.SizeUnit$6
6891:             1             24  org.opensearch.common.util.PageCacheRecycler$Type$1
6892:             1             24  org.opensearch.common.util.PageCacheRecycler$Type$2
6893:             1             24  org.opensearch.common.util.PageCacheRecycler$Type$3
6894:             1             24  org.opensearch.common.util.concurrent.AtomicArray
6895:             1             24  org.opensearch.common.xcontent.ParseFieldRegistry
6896:             1             24  org.opensearch.commons.utils.HelpersKt$logger$1
6897:             1             24  org.opensearch.core.action.ActionListener$5
6898:             1             24  org.opensearch.core.common.bytes.CompositeBytesReference$1
6899:             1             24  org.opensearch.core.common.io.stream.ByteBufferStreamInput
6900:             1             24  org.opensearch.core.common.unit.ByteSizeUnit$1
6901:             1             24  org.opensearch.core.common.unit.ByteSizeUnit$2
6902:             1             24  org.opensearch.core.common.unit.ByteSizeUnit$3
6903:             1             24  org.opensearch.core.common.unit.ByteSizeUnit$4
6904:             1             24  org.opensearch.core.common.unit.ByteSizeUnit$5
6905:             1             24  org.opensearch.core.common.unit.ByteSizeUnit$6
6906:             1             24  org.opensearch.core.xcontent.ObjectParser$$Lambda/0x00007fcd287ef810
6907:             1             24  org.opensearch.core.xcontent.ObjectParser$$Lambda/0x00007fcd29095918
6908:             1             24  org.opensearch.core.xcontent.XContentLocation
6909:             1             24  org.opensearch.core.xcontent.XContentParser$Token$1
6910:             1             24  org.opensearch.core.xcontent.XContentParser$Token$10
6911:             1             24  org.opensearch.core.xcontent.XContentParser$Token$2
6912:             1             24  org.opensearch.core.xcontent.XContentParser$Token$3
6913:             1             24  org.opensearch.core.xcontent.XContentParser$Token$4
6914:             1             24  org.opensearch.core.xcontent.XContentParser$Token$5
6915:             1             24  org.opensearch.core.xcontent.XContentParser$Token$6
6916:             1             24  org.opensearch.core.xcontent.XContentParser$Token$7
6917:             1             24  org.opensearch.core.xcontent.XContentParser$Token$8
6918:             1             24  org.opensearch.core.xcontent.XContentParser$Token$9
6919:             1             24  org.opensearch.crypto.CryptoHandlerRegistry
6920:             1             24  org.opensearch.discovery.HandshakingTransportAddressConnector
6921:             1             24  org.opensearch.env.NodeMetadata
6922:             1             24  org.opensearch.env.NodeMetadata$NodeMetadataStateFormat
6923:             1             24  org.opensearch.env.OpenSearchFileStore
6924:             1             24  org.opensearch.flowframework.rest.RestCreateWorkflowAction
6925:             1             24  org.opensearch.flowframework.rest.RestDeleteWorkflowAction
6926:             1             24  org.opensearch.flowframework.rest.RestDeprovisionWorkflowAction
6927:             1             24  org.opensearch.flowframework.rest.RestGetWorkflowAction
6928:             1             24  org.opensearch.flowframework.rest.RestGetWorkflowStateAction
6929:             1             24  org.opensearch.flowframework.rest.RestGetWorkflowStepAction
6930:             1             24  org.opensearch.flowframework.rest.RestProvisionWorkflowAction
6931:             1             24  org.opensearch.flowframework.transport.CreateWorkflowAction
6932:             1             24  org.opensearch.flowframework.transport.DeleteWorkflowAction
6933:             1             24  org.opensearch.flowframework.transport.DeprovisionWorkflowAction
6934:             1             24  org.opensearch.flowframework.transport.GetWorkflowAction
6935:             1             24  org.opensearch.flowframework.transport.GetWorkflowStateAction
6936:             1             24  org.opensearch.flowframework.transport.GetWorkflowStepAction
6937:             1             24  org.opensearch.flowframework.transport.ProvisionWorkflowAction
6938:             1             24  org.opensearch.flowframework.transport.SearchWorkflowAction
6939:             1             24  org.opensearch.flowframework.transport.SearchWorkflowStateAction
6940:             1             24  org.opensearch.flowframework.workflow.WorkflowStepFactory$$Lambda/0x00007fcd28a4deb0
6941:             1             24  org.opensearch.flowframework.workflow.WorkflowStepFactory$$Lambda/0x00007fcd28a4e0d0
6942:             1             24  org.opensearch.flowframework.workflow.WorkflowStepFactory$$Lambda/0x00007fcd28a4e950
6943:             1             24  org.opensearch.flowframework.workflow.WorkflowStepFactory$$Lambda/0x00007fcd28a4f1d0
6944:             1             24  org.opensearch.flowframework.workflow.WorkflowStepFactory$$Lambda/0x00007fcd28a4f610
6945:             1             24  org.opensearch.flowframework.workflow.WorkflowStepFactory$$Lambda/0x00007fcd28a4fc80
6946:             1             24  org.opensearch.flowframework.workflow.WorkflowStepFactory$$Lambda/0x00007fcd28a50220
6947:             1             24  org.opensearch.flowframework.workflow.WorkflowStepFactory$$Lambda/0x00007fcd28a50440
6948:             1             24  org.opensearch.forecast.ratelimit.ForecastSaveResultStrategy
6949:             1             24  org.opensearch.forecast.rest.RestDeleteForecasterAction
6950:             1             24  org.opensearch.forecast.rest.RestForecasterJobAction
6951:             1             24  org.opensearch.forecast.rest.RestForecasterSuggestAction
6952:             1             24  org.opensearch.forecast.rest.RestGetForecasterAction
6953:             1             24  org.opensearch.forecast.rest.RestRunOnceForecasterAction
6954:             1             24  org.opensearch.forecast.rest.RestSearchForecasterInfoAction
6955:             1             24  org.opensearch.forecast.rest.RestSearchTopForecastResultAction
6956:             1             24  org.opensearch.forecast.settings.ForecastEnabledSetting
6957:             1             24  org.opensearch.forecast.settings.ForecastNumericSetting
6958:             1             24  org.opensearch.forecast.stats.ForecastModelsOnNodeSupplier
6959:             1             24  org.opensearch.forecast.transport.DeleteForecastModelAction
6960:             1             24  org.opensearch.forecast.transport.DeleteForecasterAction
6961:             1             24  org.opensearch.forecast.transport.EntityForecastResultAction
6962:             1             24  org.opensearch.forecast.transport.ForecastEntityProfileAction
6963:             1             24  org.opensearch.forecast.transport.ForecastProfileAction
6964:             1             24  org.opensearch.forecast.transport.ForecastResultAction
6965:             1             24  org.opensearch.forecast.transport.ForecastResultBulkAction
6966:             1             24  org.opensearch.forecast.transport.ForecastRunOnceAction
6967:             1             24  org.opensearch.forecast.transport.ForecastRunOnceProfileAction
6968:             1             24  org.opensearch.forecast.transport.ForecastSingleStreamResultAction
6969:             1             24  org.opensearch.forecast.transport.ForecastStatsNodesAction
6970:             1             24  org.opensearch.forecast.transport.ForecasterJobAction
6971:             1             24  org.opensearch.forecast.transport.GetForecasterAction
6972:             1             24  org.opensearch.forecast.transport.IndexForecasterAction
6973:             1             24  org.opensearch.forecast.transport.SearchForecastTasksAction
6974:             1             24  org.opensearch.forecast.transport.SearchForecasterAction
6975:             1             24  org.opensearch.forecast.transport.SearchForecasterInfoAction
6976:             1             24  org.opensearch.forecast.transport.SearchTopForecastResultAction
6977:             1             24  org.opensearch.forecast.transport.StatsForecasterAction
6978:             1             24  org.opensearch.forecast.transport.StopForecasterAction
6979:             1             24  org.opensearch.forecast.transport.SuggestForecasterParamAction
6980:             1             24  org.opensearch.forecast.transport.ValidateForecasterAction
6981:             1             24  org.opensearch.forecast.transport.handler.ForecastIndexMemoryPressureAwareResultHandler
6982:             1             24  org.opensearch.forecast.transport.handler.ForecastSearchHandler
6983:             1             24  org.opensearch.gateway.GatewayAllocator$InternalPrimaryShardAllocator
6984:             1             24  org.opensearch.gateway.GatewayAllocator$InternalReplicaShardAllocator
6985:             1             24  org.opensearch.gateway.GatewayService$$Lambda/0x00007fcd28ddc838
6986:             1             24  org.opensearch.gateway.PersistedClusterStateService$MetadataIndexWriter
6987:             1             24  org.opensearch.gateway.ShardsBatchGatewayAllocator$InternalPrimaryBatchShardAllocator
6988:             1             24  org.opensearch.gateway.ShardsBatchGatewayAllocator$InternalReplicaBatchShardAllocator
6989:             1             24  org.opensearch.geospatial.action.upload.geojson.UploadGeoJSONAction
6990:             1             24  org.opensearch.geospatial.ip2geo.action.DeleteDatasourceAction
6991:             1             24  org.opensearch.geospatial.ip2geo.action.GetDatasourceAction
6992:             1             24  org.opensearch.geospatial.ip2geo.action.PutDatasourceAction
6993:             1             24  org.opensearch.geospatial.ip2geo.action.RestDeleteDatasourceHandler
6994:             1             24  org.opensearch.geospatial.ip2geo.action.RestGetDatasourceHandler
6995:             1             24  org.opensearch.geospatial.ip2geo.action.RestUpdateDatasourceHandler
6996:             1             24  org.opensearch.geospatial.ip2geo.action.UpdateDatasourceAction
6997:             1             24  org.opensearch.geospatial.ip2geo.common.Ip2GeoLockService
6998:             1             24  org.opensearch.geospatial.ip2geo.dao.DatasourceDao
6999:             1             24  org.opensearch.geospatial.rest.action.upload.geojson.RestUploadGeoJSONAction
7000:             1             24  org.opensearch.geospatial.stats.upload.RestUploadStatsAction
7001:             1             24  org.opensearch.geospatial.stats.upload.UploadStats
7002:             1             24  org.opensearch.geospatial.stats.upload.UploadStatsAction
7003:             1             24  org.opensearch.http.HttpInfo
7004:             1             24  org.opensearch.http.HttpTracer
7005:             1             24  org.opensearch.http.netty4.Netty4HttpRequestCreator
7006:             1             24  org.opensearch.http.netty4.Netty4HttpRequestHandler
7007:             1             24  org.opensearch.http.netty4.Netty4HttpResponseCreator
7008:             1             24  org.opensearch.http.netty4.Netty4HttpServerChannel
7009:             1             24  org.opensearch.http.netty4.Netty4HttpServerTransport$ServerChannelExceptionHandler
7010:             1             24  org.opensearch.index.SegmentReplicationStatsTracker
7011:             1             24  org.opensearch.index.analysis.AnalysisRegistry$Component$1
7012:             1             24  org.opensearch.index.analysis.AnalysisRegistry$Component$2
7013:             1             24  org.opensearch.index.analysis.AnalysisRegistry$Component$3
7014:             1             24  org.opensearch.index.analysis.AnalysisRegistry$Component$4
7015:             1             24  org.opensearch.index.analysis.AnalysisRegistry$Component$5
7016:             1             24  org.opensearch.index.analysis.PreConfiguredCharFilter$2
7017:             1             24  org.opensearch.index.codec.customcodecs.QatDeflate99Codec
7018:             1             24  org.opensearch.index.codec.customcodecs.QatLz499Codec
7019:             1             24  org.opensearch.index.codec.customcodecs.Zstd99Codec
7020:             1             24  org.opensearch.index.codec.customcodecs.ZstdNoDict99Codec
7021:             1             24  org.opensearch.index.codec.customcodecs.backward_codecs.Zstd95Codec
7022:             1             24  org.opensearch.index.codec.customcodecs.backward_codecs.Zstd95DeprecatedCodec
7023:             1             24  org.opensearch.index.codec.customcodecs.backward_codecs.ZstdNoDict95Codec
7024:             1             24  org.opensearch.index.codec.fuzzy.FuzzyFilterPostingsFormat
7025:             1             24  org.opensearch.index.engine.InternalEngine$$Lambda/0x00007fcd29346b38
7026:             1             24  org.opensearch.index.mapper.DefaultDerivedFieldResolver
7027:             1             24  org.opensearch.index.mapper.DynamicTemplate$MatchType$1
7028:             1             24  org.opensearch.index.mapper.DynamicTemplate$MatchType$2
7029:             1             24  org.opensearch.index.mapper.DynamicTemplate$XContentFieldType$1
7030:             1             24  org.opensearch.index.mapper.DynamicTemplate$XContentFieldType$2
7031:             1             24  org.opensearch.index.mapper.DynamicTemplate$XContentFieldType$3
7032:             1             24  org.opensearch.index.mapper.DynamicTemplate$XContentFieldType$4
7033:             1             24  org.opensearch.index.mapper.DynamicTemplate$XContentFieldType$5
7034:             1             24  org.opensearch.index.mapper.DynamicTemplate$XContentFieldType$6
7035:             1             24  org.opensearch.index.mapper.DynamicTemplate$XContentFieldType$7
7036:             1             24  org.opensearch.index.mapper.ObjectMapper$Nested
7037:             1             24  org.opensearch.index.mapper.RangeType$LengthType$1
7038:             1             24  org.opensearch.index.mapper.RangeType$LengthType$2
7039:             1             24  org.opensearch.index.mapper.RangeType$LengthType$3
7040:             1             24  org.opensearch.index.mapper.RangeType$LengthType$4
7041:             1             24  org.opensearch.index.query.MatchNoneQueryBuilder
7042:             1             24  org.opensearch.index.query.ParsedQuery
7043:             1             24  org.opensearch.index.query.support.NestedScope
7044:             1             24  org.opensearch.index.rankeval.RankEvalAction
7045:             1             24  org.opensearch.index.rankeval.RestRankEvalAction
7046:             1             24  org.opensearch.index.reindex.DeleteByQueryAction
7047:             1             24  org.opensearch.index.reindex.ReindexAction
7048:             1             24  org.opensearch.index.reindex.ReindexSslConfig
7049:             1             24  org.opensearch.index.reindex.RestDeleteByQueryAction
7050:             1             24  org.opensearch.index.reindex.RestDeleteByQueryAction
7051:             1             24  org.opensearch.index.reindex.RestReindexAction
7052:             1             24  org.opensearch.index.reindex.RestRethrottleAction
7053:             1             24  org.opensearch.index.reindex.RestUpdateByQueryAction
7054:             1             24  org.opensearch.index.reindex.RethrottleAction
7055:             1             24  org.opensearch.index.reindex.UpdateByQueryAction
7056:             1             24  org.opensearch.index.remote.RemoteStorePressureService
7057:             1             24  org.opensearch.index.remote.RemoteStoreStatsTrackerFactory
7058:             1             24  org.opensearch.index.seqno.RetentionLeaseActions$Add
7059:             1             24  org.opensearch.index.seqno.RetentionLeaseActions$Remove
7060:             1             24  org.opensearch.index.seqno.RetentionLeaseActions$Renew
7061:             1             24  org.opensearch.index.seqno.RetentionLeaseBackgroundSyncAction$$Lambda/0x00007fcd2937bb10
7062:             1             24  org.opensearch.index.seqno.RetentionLeases$1
7063:             1             24  org.opensearch.index.shard.IndexShard$$Lambda/0x00007fcd29302238
7064:             1             24  org.opensearch.index.shard.PrimaryReplicaSyncer
7065:             1             24  org.opensearch.index.shard.ShardStateMetadata$1
7066:             1             24  org.opensearch.index.store.RemoteSegmentStoreDirectoryFactory
7067:             1             24  org.opensearch.index.store.remote.directory.RemoteSnapshotDirectoryFactory
7068:             1             24  org.opensearch.indexmanagement.controlcenter.notification.ControlCenterIndices
7069:             1             24  org.opensearch.indexmanagement.controlcenter.notification.action.delete.DeleteLRONConfigAction
7070:             1             24  org.opensearch.indexmanagement.controlcenter.notification.action.get.GetLRONConfigAction
7071:             1             24  org.opensearch.indexmanagement.controlcenter.notification.action.index.IndexLRONConfigAction
7072:             1             24  org.opensearch.indexmanagement.controlcenter.notification.resthandler.RestDeleteLRONConfigAction
7073:             1             24  org.opensearch.indexmanagement.controlcenter.notification.resthandler.RestGetLRONConfigAction
7074:             1             24  org.opensearch.indexmanagement.controlcenter.notification.resthandler.RestIndexLRONConfigAction
7075:             1             24  org.opensearch.indexmanagement.indexstatemanagement.ExtensionStatusChecker
7076:             1             24  org.opensearch.indexmanagement.indexstatemanagement.ISMActionsParser
7077:             1             24  org.opensearch.indexmanagement.indexstatemanagement.SkipExecution
7078:             1             24  org.opensearch.indexmanagement.indexstatemanagement.action.AliasActionParser
7079:             1             24  org.opensearch.indexmanagement.indexstatemanagement.resthandler.RestAddPolicyAction
7080:             1             24  org.opensearch.indexmanagement.indexstatemanagement.resthandler.RestChangePolicyAction
7081:             1             24  org.opensearch.indexmanagement.indexstatemanagement.resthandler.RestDeletePolicyAction
7082:             1             24  org.opensearch.indexmanagement.indexstatemanagement.resthandler.RestExplainAction
7083:             1             24  org.opensearch.indexmanagement.indexstatemanagement.resthandler.RestGetPolicyAction
7084:             1             24  org.opensearch.indexmanagement.indexstatemanagement.resthandler.RestRemovePolicyAction
7085:             1             24  org.opensearch.indexmanagement.indexstatemanagement.resthandler.RestRetryFailedManagedIndexAction
7086:             1             24  org.opensearch.indexmanagement.indexstatemanagement.transport.action.addpolicy.AddPolicyAction
7087:             1             24  org.opensearch.indexmanagement.indexstatemanagement.transport.action.changepolicy.ChangePolicyAction
7088:             1             24  org.opensearch.indexmanagement.indexstatemanagement.transport.action.deletepolicy.DeletePolicyAction
7089:             1             24  org.opensearch.indexmanagement.indexstatemanagement.transport.action.explain.ExplainAction
7090:             1             24  org.opensearch.indexmanagement.indexstatemanagement.transport.action.getpolicy.GetPoliciesAction
7091:             1             24  org.opensearch.indexmanagement.indexstatemanagement.transport.action.getpolicy.GetPolicyAction
7092:             1             24  org.opensearch.indexmanagement.indexstatemanagement.transport.action.indexpolicy.IndexPolicyAction
7093:             1             24  org.opensearch.indexmanagement.indexstatemanagement.transport.action.managedIndex.ManagedIndexAction
7094:             1             24  org.opensearch.indexmanagement.indexstatemanagement.transport.action.removepolicy.RemovePolicyAction
7095:             1             24  org.opensearch.indexmanagement.indexstatemanagement.transport.action.retryfailedmanagedindex.RetryFailedManagedIndexAction
7096:             1             24  org.opensearch.indexmanagement.indexstatemanagement.transport.action.updateindexmetadata.UpdateManagedIndexMetaDataAction
7097:             1             24  org.opensearch.indexmanagement.indexstatemanagement.validation.ActionValidation
7098:             1             24  org.opensearch.indexmanagement.refreshanalyzer.RefreshSearchAnalyzerAction
7099:             1             24  org.opensearch.indexmanagement.refreshanalyzer.RestRefreshSearchAnalyzerAction
7100:             1             24  org.opensearch.indexmanagement.rollup.RollupIndexer
7101:             1             24  org.opensearch.indexmanagement.rollup.RollupMetadataService
7102:             1             24  org.opensearch.indexmanagement.rollup.action.delete.DeleteRollupAction
7103:             1             24  org.opensearch.indexmanagement.rollup.action.explain.ExplainRollupAction
7104:             1             24  org.opensearch.indexmanagement.rollup.action.get.GetRollupAction
7105:             1             24  org.opensearch.indexmanagement.rollup.action.get.GetRollupsAction
7106:             1             24  org.opensearch.indexmanagement.rollup.action.index.IndexRollupAction
7107:             1             24  org.opensearch.indexmanagement.rollup.action.mapping.UpdateRollupMappingAction
7108:             1             24  org.opensearch.indexmanagement.rollup.action.start.StartRollupAction
7109:             1             24  org.opensearch.indexmanagement.rollup.action.stop.StopRollupAction
7110:             1             24  org.opensearch.indexmanagement.rollup.resthandler.RestDeleteRollupAction
7111:             1             24  org.opensearch.indexmanagement.rollup.resthandler.RestExplainRollupAction
7112:             1             24  org.opensearch.indexmanagement.rollup.resthandler.RestGetRollupAction
7113:             1             24  org.opensearch.indexmanagement.rollup.resthandler.RestIndexRollupAction
7114:             1             24  org.opensearch.indexmanagement.rollup.resthandler.RestStartRollupAction
7115:             1             24  org.opensearch.indexmanagement.rollup.resthandler.RestStopRollupAction
7116:             1             24  org.opensearch.indexmanagement.snapshotmanagement.api.resthandler.RestCreateSMPolicyHandler
7117:             1             24  org.opensearch.indexmanagement.snapshotmanagement.api.resthandler.RestDeleteSMPolicyHandler
7118:             1             24  org.opensearch.indexmanagement.snapshotmanagement.api.resthandler.RestExplainSMPolicyHandler
7119:             1             24  org.opensearch.indexmanagement.snapshotmanagement.api.resthandler.RestGetSMPolicyHandler
7120:             1             24  org.opensearch.indexmanagement.snapshotmanagement.api.resthandler.RestStartSMPolicyHandler
7121:             1             24  org.opensearch.indexmanagement.snapshotmanagement.api.resthandler.RestStopSMPolicyHandler
7122:             1             24  org.opensearch.indexmanagement.snapshotmanagement.api.resthandler.RestUpdateSMPolicyHandler
7123:             1             24  org.opensearch.indexmanagement.transform.TransformMetadataService
7124:             1             24  org.opensearch.indexmanagement.transform.action.delete.DeleteTransformsAction
7125:             1             24  org.opensearch.indexmanagement.transform.action.explain.ExplainTransformAction
7126:             1             24  org.opensearch.indexmanagement.transform.action.get.GetTransformAction
7127:             1             24  org.opensearch.indexmanagement.transform.action.get.GetTransformsAction
7128:             1             24  org.opensearch.indexmanagement.transform.action.index.IndexTransformAction
7129:             1             24  org.opensearch.indexmanagement.transform.action.preview.PreviewTransformAction
7130:             1             24  org.opensearch.indexmanagement.transform.action.start.StartTransformAction
7131:             1             24  org.opensearch.indexmanagement.transform.action.stop.StopTransformAction
7132:             1             24  org.opensearch.indexmanagement.transform.resthandler.RestDeleteTransformAction
7133:             1             24  org.opensearch.indexmanagement.transform.resthandler.RestExplainTransformAction
7134:             1             24  org.opensearch.indexmanagement.transform.resthandler.RestGetTransformAction
7135:             1             24  org.opensearch.indexmanagement.transform.resthandler.RestIndexTransformAction
7136:             1             24  org.opensearch.indexmanagement.transform.resthandler.RestPreviewTransformAction
7137:             1             24  org.opensearch.indexmanagement.transform.resthandler.RestStartTransformAction
7138:             1             24  org.opensearch.indexmanagement.transform.resthandler.RestStopTransformAction
7139:             1             24  org.opensearch.indices.IndexingMemoryController$ShardsIndicesStatusChecker
7140:             1             24  org.opensearch.indices.IndicesRequestCache$Loader
7141:             1             24  org.opensearch.indices.IndicesService$$Lambda/0x00007fcd292fd460
7142:             1             24  org.opensearch.indices.IndicesService$1
7143:             1             24  org.opensearch.indices.SystemIndices
7144:             1             24  org.opensearch.indices.analysis.AnalysisModule
7145:             1             24  org.opensearch.indices.analysis.HunspellService$$Lambda/0x00007fcd28657528
7146:             1             24  org.opensearch.indices.fielddata.cache.IndicesFieldDataCache
7147:             1             24  org.opensearch.indices.recovery.PeerRecoveryTargetService$FileChunkTransportRequestHandler
7148:             1             24  org.opensearch.indices.replication.OngoingSegmentReplications
7149:             1             24  org.opensearch.indices.replication.SegmentReplicationSourceFactory
7150:             1             24  org.opensearch.indices.replication.SegmentReplicationTargetService$FileChunkTransportRequestHandler
7151:             1             24  org.opensearch.ingest.common.GrokProcessor$Factory
7152:             1             24  org.opensearch.ingest.common.GrokProcessorGetAction
7153:             1             24  org.opensearch.ingest.common.GrokProcessorGetAction$RestAction
7154:             1             24  org.opensearch.ingest.geoip.GeoIpProcessor$Factory
7155:             1             24  org.opensearch.knn.index.KNNCircuitBreaker
7156:             1             24  org.opensearch.knn.index.KNNCircuitBreaker$$Lambda/0x00007fcd2890fd68
7157:             1             24  org.opensearch.knn.index.KNNSettings
7158:             1             24  org.opensearch.knn.index.codec.KNN80Codec.KNN80Codec$1
7159:             1             24  org.opensearch.knn.index.codec.KNN84Codec.KNN84Codec$1
7160:             1             24  org.opensearch.knn.index.codec.KNN86Codec.KNN86Codec$1
7161:             1             24  org.opensearch.knn.index.codec.KNN910Codec.KNN910Codec
7162:             1             24  org.opensearch.knn.index.memory.NativeMemoryLoadStrategy$IndexLoadStrategy
7163:             1             24  org.opensearch.knn.index.memory.NativeMemoryLoadStrategy$TrainingLoadStrategy
7164:             1             24  org.opensearch.knn.indices.ModelDao$OpenSearchKNNModelDao
7165:             1             24  org.opensearch.knn.plugin.KNNPlugin
7166:             1             24  org.opensearch.knn.plugin.rest.RestDeleteModelHandler
7167:             1             24  org.opensearch.knn.plugin.rest.RestGetModelHandler
7168:             1             24  org.opensearch.knn.plugin.rest.RestKNNStatsHandler
7169:             1             24  org.opensearch.knn.plugin.rest.RestSearchModelHandler
7170:             1             24  org.opensearch.knn.plugin.rest.RestTrainModelHandler
7171:             1             24  org.opensearch.knn.plugin.transport.ClearCacheAction
7172:             1             24  org.opensearch.knn.plugin.transport.DeleteModelAction
7173:             1             24  org.opensearch.knn.plugin.transport.GetModelAction
7174:             1             24  org.opensearch.knn.plugin.transport.KNNStatsAction
7175:             1             24  org.opensearch.knn.plugin.transport.KNNWarmupAction
7176:             1             24  org.opensearch.knn.plugin.transport.RemoveModelFromCacheAction
7177:             1             24  org.opensearch.knn.plugin.transport.SearchModelAction
7178:             1             24  org.opensearch.knn.plugin.transport.TrainingJobRouteDecisionInfoAction
7179:             1             24  org.opensearch.knn.plugin.transport.TrainingJobRouterAction
7180:             1             24  org.opensearch.knn.plugin.transport.TrainingModelAction
7181:             1             24  org.opensearch.knn.plugin.transport.UpdateModelGraveyardAction
7182:             1             24  org.opensearch.knn.plugin.transport.UpdateModelMetadataAction
7183:             1             24  org.opensearch.knn.training.TrainingJobClusterStateListener
7184:             1             24  org.opensearch.knn.training.VectorReader
7185:             1             24  org.opensearch.ml.action.profile.MLProfileAction
7186:             1             24  org.opensearch.ml.action.stats.MLStatsNodesAction
7187:             1             24  org.opensearch.ml.breaker.DiskCircuitBreaker
7188:             1             24  org.opensearch.ml.breaker.MemoryCircuitBreaker
7189:             1             24  org.opensearch.ml.common.transport.agent.MLAgentDeleteAction
7190:             1             24  org.opensearch.ml.common.transport.agent.MLAgentGetAction
7191:             1             24  org.opensearch.ml.common.transport.agent.MLRegisterAgentAction
7192:             1             24  org.opensearch.ml.common.transport.agent.MLSearchAgentAction
7193:             1             24  org.opensearch.ml.common.transport.config.MLConfigGetAction
7194:             1             24  org.opensearch.ml.common.transport.connector.MLConnectorDeleteAction
7195:             1             24  org.opensearch.ml.common.transport.connector.MLConnectorGetAction
7196:             1             24  org.opensearch.ml.common.transport.connector.MLConnectorSearchAction
7197:             1             24  org.opensearch.ml.common.transport.connector.MLCreateConnectorAction
7198:             1             24  org.opensearch.ml.common.transport.connector.MLExecuteConnectorAction
7199:             1             24  org.opensearch.ml.common.transport.connector.MLUpdateConnectorAction
7200:             1             24  org.opensearch.ml.common.transport.controller.MLControllerDeleteAction
7201:             1             24  org.opensearch.ml.common.transport.controller.MLControllerGetAction
7202:             1             24  org.opensearch.ml.common.transport.controller.MLCreateControllerAction
7203:             1             24  org.opensearch.ml.common.transport.controller.MLDeployControllerAction
7204:             1             24  org.opensearch.ml.common.transport.controller.MLUndeployControllerAction
7205:             1             24  org.opensearch.ml.common.transport.controller.MLUpdateControllerAction
7206:             1             24  org.opensearch.ml.common.transport.deploy.MLDeployModelAction
7207:             1             24  org.opensearch.ml.common.transport.deploy.MLDeployModelOnNodeAction
7208:             1             24  org.opensearch.ml.common.transport.execute.MLExecuteTaskAction
7209:             1             24  org.opensearch.ml.common.transport.forward.MLForwardAction
7210:             1             24  org.opensearch.ml.common.transport.model.MLModelDeleteAction
7211:             1             24  org.opensearch.ml.common.transport.model.MLModelGetAction
7212:             1             24  org.opensearch.ml.common.transport.model.MLModelSearchAction
7213:             1             24  org.opensearch.ml.common.transport.model.MLUpdateModelAction
7214:             1             24  org.opensearch.ml.common.transport.model_group.MLModelGroupDeleteAction
7215:             1             24  org.opensearch.ml.common.transport.model_group.MLModelGroupGetAction
7216:             1             24  org.opensearch.ml.common.transport.model_group.MLModelGroupSearchAction
7217:             1             24  org.opensearch.ml.common.transport.model_group.MLRegisterModelGroupAction
7218:             1             24  org.opensearch.ml.common.transport.model_group.MLUpdateModelGroupAction
7219:             1             24  org.opensearch.ml.common.transport.prediction.MLPredictionTaskAction
7220:             1             24  org.opensearch.ml.common.transport.register.MLRegisterModelAction
7221:             1             24  org.opensearch.ml.common.transport.sync.MLSyncUpAction
7222:             1             24  org.opensearch.ml.common.transport.task.MLTaskDeleteAction
7223:             1             24  org.opensearch.ml.common.transport.task.MLTaskGetAction
7224:             1             24  org.opensearch.ml.common.transport.task.MLTaskSearchAction
7225:             1             24  org.opensearch.ml.common.transport.tools.MLGetToolAction
7226:             1             24  org.opensearch.ml.common.transport.tools.MLListToolsAction
7227:             1             24  org.opensearch.ml.common.transport.training.MLTrainingTaskAction
7228:             1             24  org.opensearch.ml.common.transport.trainpredict.MLTrainAndPredictionTaskAction
7229:             1             24  org.opensearch.ml.common.transport.undeploy.MLUndeployModelAction
7230:             1             24  org.opensearch.ml.common.transport.undeploy.MLUndeployModelsAction
7231:             1             24  org.opensearch.ml.common.transport.update_cache.MLUpdateModelCacheAction
7232:             1             24  org.opensearch.ml.common.transport.upload_chunk.MLRegisterModelMetaAction
7233:             1             24  org.opensearch.ml.common.transport.upload_chunk.MLUploadModelChunkAction
7234:             1             24  org.opensearch.ml.engine.algorithms.sample.LocalSampleCalculator
7235:             1             24  org.opensearch.ml.engine.indices.MLIndicesHandler
7236:             1             24  org.opensearch.ml.engine.memory.MLMemoryManager
7237:             1             24  org.opensearch.ml.engine.tools.CatIndexTool$Factory
7238:             1             24  org.opensearch.ml.engine.tools.SearchIndexTool$Factory
7239:             1             24  org.opensearch.ml.memory.action.conversation.CreateConversationAction
7240:             1             24  org.opensearch.ml.memory.action.conversation.CreateInteractionAction
7241:             1             24  org.opensearch.ml.memory.action.conversation.DeleteConversationAction
7242:             1             24  org.opensearch.ml.memory.action.conversation.GetConversationAction
7243:             1             24  org.opensearch.ml.memory.action.conversation.GetConversationsAction
7244:             1             24  org.opensearch.ml.memory.action.conversation.GetInteractionAction
7245:             1             24  org.opensearch.ml.memory.action.conversation.GetInteractionsAction
7246:             1             24  org.opensearch.ml.memory.action.conversation.GetTracesAction
7247:             1             24  org.opensearch.ml.memory.action.conversation.SearchConversationsAction
7248:             1             24  org.opensearch.ml.memory.action.conversation.SearchInteractionsAction
7249:             1             24  org.opensearch.ml.memory.action.conversation.UpdateConversationAction
7250:             1             24  org.opensearch.ml.memory.action.conversation.UpdateInteractionAction
7251:             1             24  org.opensearch.ml.memory.index.OpenSearchConversationalMemoryHandler
7252:             1             24  org.opensearch.ml.model.MLModelCacheHelper
7253:             1             24  org.opensearch.ml.processor.MLInferenceIngestProcessor$Factory
7254:             1             24  org.opensearch.ml.rest.RestMLCreateConnectorAction
7255:             1             24  org.opensearch.ml.rest.RestMLCreateControllerAction
7256:             1             24  org.opensearch.ml.rest.RestMLDeleteAgentAction
7257:             1             24  org.opensearch.ml.rest.RestMLDeleteConnectorAction
7258:             1             24  org.opensearch.ml.rest.RestMLDeleteControllerAction
7259:             1             24  org.opensearch.ml.rest.RestMLDeleteModelAction
7260:             1             24  org.opensearch.ml.rest.RestMLDeleteModelGroupAction
7261:             1             24  org.opensearch.ml.rest.RestMLDeleteTaskAction
7262:             1             24  org.opensearch.ml.rest.RestMLDeployModelAction
7263:             1             24  org.opensearch.ml.rest.RestMLExecuteAction
7264:             1             24  org.opensearch.ml.rest.RestMLGetAgentAction
7265:             1             24  org.opensearch.ml.rest.RestMLGetConfigAction
7266:             1             24  org.opensearch.ml.rest.RestMLGetConnectorAction
7267:             1             24  org.opensearch.ml.rest.RestMLGetControllerAction
7268:             1             24  org.opensearch.ml.rest.RestMLGetModelAction
7269:             1             24  org.opensearch.ml.rest.RestMLGetModelGroupAction
7270:             1             24  org.opensearch.ml.rest.RestMLGetTaskAction
7271:             1             24  org.opensearch.ml.rest.RestMLGetToolAction
7272:             1             24  org.opensearch.ml.rest.RestMLListToolsAction
7273:             1             24  org.opensearch.ml.rest.RestMLProfileAction
7274:             1             24  org.opensearch.ml.rest.RestMLRegisterAgentAction
7275:             1             24  org.opensearch.ml.rest.RestMLRegisterModelAction
7276:             1             24  org.opensearch.ml.rest.RestMLRegisterModelGroupAction
7277:             1             24  org.opensearch.ml.rest.RestMLRegisterModelMetaAction
7278:             1             24  org.opensearch.ml.rest.RestMLTrainAndPredictAction
7279:             1             24  org.opensearch.ml.rest.RestMLTrainingAction
7280:             1             24  org.opensearch.ml.rest.RestMLUpdateConnectorAction
7281:             1             24  org.opensearch.ml.rest.RestMLUpdateControllerAction
7282:             1             24  org.opensearch.ml.rest.RestMLUpdateModelAction
7283:             1             24  org.opensearch.ml.rest.RestMLUpdateModelGroupAction
7284:             1             24  org.opensearch.ml.rest.RestMLUploadModelChunkAction
7285:             1             24  org.opensearch.ml.rest.RestMemoryCreateConversationAction
7286:             1             24  org.opensearch.ml.rest.RestMemoryCreateInteractionAction
7287:             1             24  org.opensearch.ml.rest.RestMemoryDeleteConversationAction
7288:             1             24  org.opensearch.ml.rest.RestMemoryGetConversationAction
7289:             1             24  org.opensearch.ml.rest.RestMemoryGetConversationsAction
7290:             1             24  org.opensearch.ml.rest.RestMemoryGetInteractionAction
7291:             1             24  org.opensearch.ml.rest.RestMemoryGetInteractionsAction
7292:             1             24  org.opensearch.ml.rest.RestMemoryGetTracesAction
7293:             1             24  org.opensearch.ml.rest.RestMemorySearchInteractionsAction
7294:             1             24  org.opensearch.ml.rest.RestMemoryUpdateConversationAction
7295:             1             24  org.opensearch.ml.rest.RestMemoryUpdateInteractionAction
7296:             1             24  org.opensearch.ml.stats.MLStats
7297:             1             24  org.opensearch.ml.utils.IndexUtils
7298:             1             24  org.opensearch.monitor.fs.FsHealthService$FsHealthMonitor
7299:             1             24  org.opensearch.monitor.fs.FsProbe
7300:             1             24  org.opensearch.monitor.jvm.JvmGcMonitorService$GcOverheadThreshold
7301:             1             24  org.opensearch.monitor.os.OsProbe
7302:             1             24  org.opensearch.monitor.process.ProcessService
7303:             1             24  org.opensearch.monitor.process.ProcessStats$Cpu
7304:             1             24  org.opensearch.monitor.process.ProcessStats$Mem
7305:             1             24  org.opensearch.neuralsearch.processor.NormalizationProcessorWorkflow
7306:             1             24  org.opensearch.neuralsearch.processor.combination.ArithmeticMeanScoreCombinationTechnique
7307:             1             24  org.opensearch.neuralsearch.processor.factory.NormalizationProcessorFactory
7308:             1             24  org.opensearch.neuralsearch.processor.factory.RerankProcessorFactory
7309:             1             24  org.opensearch.neuralsearch.processor.factory.SparseEncodingProcessorFactory
7310:             1             24  org.opensearch.neuralsearch.processor.factory.TextChunkingProcessorFactory
7311:             1             24  org.opensearch.neuralsearch.processor.factory.TextEmbeddingProcessorFactory
7312:             1             24  org.opensearch.neuralsearch.processor.factory.TextImageEmbeddingProcessorFactory
7313:             1             24  org.opensearch.neuralsearch.search.query.HybridQueryPhaseSearcher$ConcurrentQueryPhaseSearcherWithEmptyQueryCollectorContext
7314:             1             24  org.opensearch.neuralsearch.search.query.HybridQueryPhaseSearcher$DefaultQueryPhaseSearcherWithEmptyQueryCollectorContext
7315:             1             24  org.opensearch.node.IoUsageStats
7316:             1             24  org.opensearch.node.remotestore.RemoteStoreNodeService
7317:             1             24  org.opensearch.notifications.resthandler.NotificationChannelListRestHandler
7318:             1             24  org.opensearch.notifications.resthandler.NotificationConfigRestHandler
7319:             1             24  org.opensearch.notifications.resthandler.NotificationFeaturesRestHandler
7320:             1             24  org.opensearch.notifications.resthandler.SendTestMessageRestHandler
7321:             1             24  org.opensearch.observability.resthandler.ObservabilityRestHandler
7322:             1             24  org.opensearch.observability.resthandler.ObservabilityStatsRestHandler
7323:             1             24  org.opensearch.observability.util.HelpersKt$logger$1
7324:             1             24  org.opensearch.painless.PainlessScriptEngine
7325:             1             24  org.opensearch.painless.action.PainlessContextAction
7326:             1             24  org.opensearch.painless.action.PainlessContextAction$RestAction
7327:             1             24  org.opensearch.painless.action.PainlessExecuteAction
7328:             1             24  org.opensearch.painless.action.PainlessExecuteAction$RestAction
7329:             1             24  org.opensearch.performanceanalyzer.commons.config.overrides.ConfigOverrides
7330:             1             24  org.opensearch.performanceanalyzer.commons.event_process.EventLog
7331:             1             24  org.opensearch.performanceanalyzer.commons.stats.StatsReporter
7332:             1             24  org.opensearch.performanceanalyzer.config.setting.ClusterSettingsManager$$Lambda/0x00007fcd291cc230
7333:             1             24  org.opensearch.performanceanalyzer.config.setting.handler.ConfigOverridesClusterSettingHandler
7334:             1             24  org.opensearch.performanceanalyzer.config.setting.handler.NodeStatsSettingHandler
7335:             1             24  org.opensearch.performanceanalyzer.config.setting.handler.PerformanceAnalyzerClusterSettingHandler
7336:             1             24  org.opensearch.performanceanalyzer.config.setting.handler.PerformanceAnalyzerCollectorsSettingHandler
7337:             1             24  org.opensearch.performanceanalyzer.http_action.config.PerformanceAnalyzerConfigAction
7338:             1             24  org.opensearch.performanceanalyzer.http_action.whoami.WhoAmIAction
7339:             1             24  org.opensearch.persistent.CompletionPersistentTaskAction
7340:             1             24  org.opensearch.persistent.PersistentTasksService
7341:             1             24  org.opensearch.persistent.RemovePersistentTaskAction
7342:             1             24  org.opensearch.persistent.StartPersistentTaskAction
7343:             1             24  org.opensearch.persistent.UpdatePersistentTaskStatusAction
7344:             1             24  org.opensearch.plugins.SearchPlugin$RescorerSpec
7345:             1             24  org.opensearch.replication.ReplicationPlugin$$Lambda/0x00007fcd28c11928
7346:             1             24  org.opensearch.replication.action.autofollow.AutoFollowClusterManagerNodeAction
7347:             1             24  org.opensearch.replication.action.autofollow.UpdateAutoFollowPatternAction
7348:             1             24  org.opensearch.replication.action.changes.GetChangesAction
7349:             1             24  org.opensearch.replication.action.index.ReplicateIndexAction
7350:             1             24  org.opensearch.replication.action.index.ReplicateIndexClusterManagerNodeAction
7351:             1             24  org.opensearch.replication.action.index.block.UpdateIndexBlockAction
7352:             1             24  org.opensearch.replication.action.pause.PauseIndexReplicationAction
7353:             1             24  org.opensearch.replication.action.replay.ReplayChangesAction
7354:             1             24  org.opensearch.replication.action.replicationstatedetails.UpdateReplicationStateAction
7355:             1             24  org.opensearch.replication.action.repository.GetFileChunkAction
7356:             1             24  org.opensearch.replication.action.repository.GetStoreMetadataAction
7357:             1             24  org.opensearch.replication.action.repository.ReleaseLeaderResourcesAction
7358:             1             24  org.opensearch.replication.action.resume.ResumeIndexReplicationAction
7359:             1             24  org.opensearch.replication.action.setup.SetupChecksAction
7360:             1             24  org.opensearch.replication.action.setup.ValidatePermissionsAction
7361:             1             24  org.opensearch.replication.action.stats.AutoFollowStatsAction
7362:             1             24  org.opensearch.replication.action.stats.FollowerStatsAction
7363:             1             24  org.opensearch.replication.action.stats.LeaderStatsAction
7364:             1             24  org.opensearch.replication.action.status.ReplicationStatusAction
7365:             1             24  org.opensearch.replication.action.status.ShardsInfoAction
7366:             1             24  org.opensearch.replication.action.stop.StopIndexReplicationAction
7367:             1             24  org.opensearch.replication.action.update.UpdateIndexReplicationAction
7368:             1             24  org.opensearch.replication.metadata.ReplicationMetadataManager
7369:             1             24  org.opensearch.replication.metadata.UpdateMetadataAction
7370:             1             24  org.opensearch.replication.rest.AutoFollowStatsHandler
7371:             1             24  org.opensearch.replication.rest.FollowerStatsHandler
7372:             1             24  org.opensearch.replication.rest.LeaderStatsHandler
7373:             1             24  org.opensearch.replication.rest.PauseIndexReplicationHandler
7374:             1             24  org.opensearch.replication.rest.ReplicateIndexHandler
7375:             1             24  org.opensearch.replication.rest.ReplicationStatusHandler
7376:             1             24  org.opensearch.replication.rest.ResumeIndexReplicationHandler
7377:             1             24  org.opensearch.replication.rest.StopIndexReplicationHandler
7378:             1             24  org.opensearch.replication.rest.UpdateAutoFollowPatternsHandler
7379:             1             24  org.opensearch.replication.rest.UpdateIndexHandler
7380:             1             24  org.opensearch.replication.util.Injectables
7381:             1             24  org.opensearch.reportsscheduler.resthandler.OnDemandReportRestHandler
7382:             1             24  org.opensearch.reportsscheduler.resthandler.ReportDefinitionListRestHandler
7383:             1             24  org.opensearch.reportsscheduler.resthandler.ReportDefinitionRestHandler
7384:             1             24  org.opensearch.reportsscheduler.resthandler.ReportInstanceListRestHandler
7385:             1             24  org.opensearch.reportsscheduler.resthandler.ReportInstanceRestHandler
7386:             1             24  org.opensearch.reportsscheduler.resthandler.ReportStatsRestHandler
7387:             1             24  org.opensearch.repositories.VerifyNodeRepositoryAction
7388:             1             24  org.opensearch.repositories.blobstore.BlobStoreRepository$$Lambda/0x00007fcd291bc660
7389:             1             24  org.opensearch.repositories.s3.S3AsyncService
7390:             1             24  org.opensearch.repositories.s3.S3Service
7391:             1             24  org.opensearch.rest.RestHeaderDefinition
7392:             1             24  org.opensearch.rest.action.RestFieldCapabilitiesAction
7393:             1             24  org.opensearch.rest.action.RestMainAction
7394:             1             24  org.opensearch.rest.action.admin.cluster.RestAddVotingConfigExclusionAction
7395:             1             24  org.opensearch.rest.action.admin.cluster.RestCancelTasksAction
7396:             1             24  org.opensearch.rest.action.admin.cluster.RestCleanupRepositoryAction
7397:             1             24  org.opensearch.rest.action.admin.cluster.RestClearVotingConfigExclusionsAction
7398:             1             24  org.opensearch.rest.action.admin.cluster.RestCloneSnapshotAction
7399:             1             24  org.opensearch.rest.action.admin.cluster.RestClusterAllocationExplainAction
7400:             1             24  org.opensearch.rest.action.admin.cluster.RestClusterDeleteWeightedRoutingAction
7401:             1             24  org.opensearch.rest.action.admin.cluster.RestClusterGetWeightedRoutingAction
7402:             1             24  org.opensearch.rest.action.admin.cluster.RestClusterHealthAction
7403:             1             24  org.opensearch.rest.action.admin.cluster.RestClusterPutWeightedRoutingAction
7404:             1             24  org.opensearch.rest.action.admin.cluster.RestClusterRerouteAction
7405:             1             24  org.opensearch.rest.action.admin.cluster.RestClusterSearchShardsAction
7406:             1             24  org.opensearch.rest.action.admin.cluster.RestClusterStateAction
7407:             1             24  org.opensearch.rest.action.admin.cluster.RestClusterStatsAction
7408:             1             24  org.opensearch.rest.action.admin.cluster.RestClusterUpdateSettingsAction
7409:             1             24  org.opensearch.rest.action.admin.cluster.RestCreateSnapshotAction
7410:             1             24  org.opensearch.rest.action.admin.cluster.RestDecommissionAction
7411:             1             24  org.opensearch.rest.action.admin.cluster.RestDeleteDecommissionStateAction
7412:             1             24  org.opensearch.rest.action.admin.cluster.RestDeleteRepositoryAction
7413:             1             24  org.opensearch.rest.action.admin.cluster.RestDeleteSnapshotAction
7414:             1             24  org.opensearch.rest.action.admin.cluster.RestDeleteStoredScriptAction
7415:             1             24  org.opensearch.rest.action.admin.cluster.RestGetDecommissionStateAction
7416:             1             24  org.opensearch.rest.action.admin.cluster.RestGetRepositoriesAction
7417:             1             24  org.opensearch.rest.action.admin.cluster.RestGetScriptContextAction
7418:             1             24  org.opensearch.rest.action.admin.cluster.RestGetScriptLanguageAction
7419:             1             24  org.opensearch.rest.action.admin.cluster.RestGetSnapshotsAction
7420:             1             24  org.opensearch.rest.action.admin.cluster.RestGetStoredScriptAction
7421:             1             24  org.opensearch.rest.action.admin.cluster.RestGetTaskAction
7422:             1             24  org.opensearch.rest.action.admin.cluster.RestListTasksAction
7423:             1             24  org.opensearch.rest.action.admin.cluster.RestNodesHotThreadsAction
7424:             1             24  org.opensearch.rest.action.admin.cluster.RestNodesInfoAction
7425:             1             24  org.opensearch.rest.action.admin.cluster.RestNodesStatsAction
7426:             1             24  org.opensearch.rest.action.admin.cluster.RestNodesUsageAction
7427:             1             24  org.opensearch.rest.action.admin.cluster.RestPendingClusterTasksAction
7428:             1             24  org.opensearch.rest.action.admin.cluster.RestPutRepositoryAction
7429:             1             24  org.opensearch.rest.action.admin.cluster.RestPutStoredScriptAction
7430:             1             24  org.opensearch.rest.action.admin.cluster.RestReloadSecureSettingsAction
7431:             1             24  org.opensearch.rest.action.admin.cluster.RestRemoteClusterInfoAction
7432:             1             24  org.opensearch.rest.action.admin.cluster.RestRemoteStoreStatsAction
7433:             1             24  org.opensearch.rest.action.admin.cluster.RestRestoreRemoteStoreAction
7434:             1             24  org.opensearch.rest.action.admin.cluster.RestRestoreSnapshotAction
7435:             1             24  org.opensearch.rest.action.admin.cluster.RestSnapshotsStatusAction
7436:             1             24  org.opensearch.rest.action.admin.cluster.RestVerifyRepositoryAction
7437:             1             24  org.opensearch.rest.action.admin.cluster.dangling.RestDeleteDanglingIndexAction
7438:             1             24  org.opensearch.rest.action.admin.cluster.dangling.RestImportDanglingIndexAction
7439:             1             24  org.opensearch.rest.action.admin.cluster.dangling.RestListDanglingIndicesAction
7440:             1             24  org.opensearch.rest.action.admin.indices.RestAddIndexBlockAction
7441:             1             24  org.opensearch.rest.action.admin.indices.RestAnalyzeAction
7442:             1             24  org.opensearch.rest.action.admin.indices.RestClearIndicesCacheAction
7443:             1             24  org.opensearch.rest.action.admin.indices.RestCloseIndexAction
7444:             1             24  org.opensearch.rest.action.admin.indices.RestCreateDataStreamAction
7445:             1             24  org.opensearch.rest.action.admin.indices.RestDataStreamsStatsAction
7446:             1             24  org.opensearch.rest.action.admin.indices.RestDeleteComponentTemplateAction
7447:             1             24  org.opensearch.rest.action.admin.indices.RestDeleteComposableIndexTemplateAction
7448:             1             24  org.opensearch.rest.action.admin.indices.RestDeleteDataStreamAction
7449:             1             24  org.opensearch.rest.action.admin.indices.RestDeleteIndexAction
7450:             1             24  org.opensearch.rest.action.admin.indices.RestDeleteIndexTemplateAction
7451:             1             24  org.opensearch.rest.action.admin.indices.RestFlushAction
7452:             1             24  org.opensearch.rest.action.admin.indices.RestForceMergeAction
7453:             1             24  org.opensearch.rest.action.admin.indices.RestGetComponentTemplateAction
7454:             1             24  org.opensearch.rest.action.admin.indices.RestGetComposableIndexTemplateAction
7455:             1             24  org.opensearch.rest.action.admin.indices.RestGetDataStreamsAction
7456:             1             24  org.opensearch.rest.action.admin.indices.RestGetFieldMappingAction
7457:             1             24  org.opensearch.rest.action.admin.indices.RestGetIndexTemplateAction
7458:             1             24  org.opensearch.rest.action.admin.indices.RestGetMappingAction
7459:             1             24  org.opensearch.rest.action.admin.indices.RestGetSettingsAction
7460:             1             24  org.opensearch.rest.action.admin.indices.RestIndexDeleteAliasesAction
7461:             1             24  org.opensearch.rest.action.admin.indices.RestIndicesAliasesAction
7462:             1             24  org.opensearch.rest.action.admin.indices.RestIndicesSegmentsAction
7463:             1             24  org.opensearch.rest.action.admin.indices.RestIndicesShardStoresAction
7464:             1             24  org.opensearch.rest.action.admin.indices.RestIndicesStatsAction
7465:             1             24  org.opensearch.rest.action.admin.indices.RestOpenIndexAction
7466:             1             24  org.opensearch.rest.action.admin.indices.RestPutComponentTemplateAction
7467:             1             24  org.opensearch.rest.action.admin.indices.RestPutComposableIndexTemplateAction
7468:             1             24  org.opensearch.rest.action.admin.indices.RestPutIndexTemplateAction
7469:             1             24  org.opensearch.rest.action.admin.indices.RestPutMappingAction
7470:             1             24  org.opensearch.rest.action.admin.indices.RestRecoveryAction
7471:             1             24  org.opensearch.rest.action.admin.indices.RestResizeHandler$RestCloneIndexAction
7472:             1             24  org.opensearch.rest.action.admin.indices.RestResizeHandler$RestShrinkIndexAction
7473:             1             24  org.opensearch.rest.action.admin.indices.RestResizeHandler$RestSplitIndexAction
7474:             1             24  org.opensearch.rest.action.admin.indices.RestResolveIndexAction
7475:             1             24  org.opensearch.rest.action.admin.indices.RestRolloverIndexAction
7476:             1             24  org.opensearch.rest.action.admin.indices.RestSimulateIndexTemplateAction
7477:             1             24  org.opensearch.rest.action.admin.indices.RestSimulateTemplateAction
7478:             1             24  org.opensearch.rest.action.admin.indices.RestSyncedFlushAction
7479:             1             24  org.opensearch.rest.action.admin.indices.RestUpgradeAction
7480:             1             24  org.opensearch.rest.action.admin.indices.RestUpgradeStatusAction
7481:             1             24  org.opensearch.rest.action.admin.indices.RestValidateQueryAction
7482:             1             24  org.opensearch.rest.action.cat.RestAliasAction
7483:             1             24  org.opensearch.rest.action.cat.RestAllocationAction
7484:             1             24  org.opensearch.rest.action.cat.RestCatAction
7485:             1             24  org.opensearch.rest.action.cat.RestCatRecoveryAction
7486:             1             24  org.opensearch.rest.action.cat.RestCatSegmentReplicationAction
7487:             1             24  org.opensearch.rest.action.cat.RestClusterManagerAction
7488:             1             24  org.opensearch.rest.action.cat.RestCountAction
7489:             1             24  org.opensearch.rest.action.cat.RestFielddataAction
7490:             1             24  org.opensearch.rest.action.cat.RestHealthAction
7491:             1             24  org.opensearch.rest.action.cat.RestIndicesAction
7492:             1             24  org.opensearch.rest.action.cat.RestNodeAttrsAction
7493:             1             24  org.opensearch.rest.action.cat.RestNodesAction
7494:             1             24  org.opensearch.rest.action.cat.RestPendingClusterTasksAction
7495:             1             24  org.opensearch.rest.action.cat.RestPitSegmentsAction
7496:             1             24  org.opensearch.rest.action.cat.RestPluginsAction
7497:             1             24  org.opensearch.rest.action.cat.RestRepositoriesAction
7498:             1             24  org.opensearch.rest.action.cat.RestSegmentsAction
7499:             1             24  org.opensearch.rest.action.cat.RestShardsAction
7500:             1             24  org.opensearch.rest.action.cat.RestSnapshotAction
7501:             1             24  org.opensearch.rest.action.cat.RestTasksAction
7502:             1             24  org.opensearch.rest.action.cat.RestTemplatesAction
7503:             1             24  org.opensearch.rest.action.cat.RestThreadPoolAction
7504:             1             24  org.opensearch.rest.action.document.RestGetSourceAction
7505:             1             24  org.opensearch.rest.action.document.RestMultiTermVectorsAction
7506:             1             24  org.opensearch.rest.action.document.RestTermVectorsAction
7507:             1             24  org.opensearch.rest.action.ingest.RestDeletePipelineAction
7508:             1             24  org.opensearch.rest.action.ingest.RestGetPipelineAction
7509:             1             24  org.opensearch.rest.action.ingest.RestPutPipelineAction
7510:             1             24  org.opensearch.rest.action.ingest.RestSimulatePipelineAction
7511:             1             24  org.opensearch.rest.action.search.RestCountAction
7512:             1             24  org.opensearch.rest.action.search.RestCreatePitAction
7513:             1             24  org.opensearch.rest.action.search.RestDeletePitAction
7514:             1             24  org.opensearch.rest.action.search.RestDeleteSearchPipelineAction
7515:             1             24  org.opensearch.rest.action.search.RestExplainAction
7516:             1             24  org.opensearch.rest.action.search.RestGetAllPitsAction
7517:             1             24  org.opensearch.rest.action.search.RestGetSearchPipelineAction
7518:             1             24  org.opensearch.rest.action.search.RestMultiSearchAction
7519:             1             24  org.opensearch.rest.action.search.RestPutSearchPipelineAction
7520:             1             24  org.opensearch.script.ScriptService$CacheHolder
7521:             1             24  org.opensearch.script.mustache.MultiSearchTemplateAction
7522:             1             24  org.opensearch.script.mustache.RenderSearchTemplateAction
7523:             1             24  org.opensearch.script.mustache.RestMultiSearchTemplateAction
7524:             1             24  org.opensearch.script.mustache.RestRenderSearchTemplateAction
7525:             1             24  org.opensearch.script.mustache.RestSearchTemplateAction
7526:             1             24  org.opensearch.script.mustache.SearchTemplateAction
7527:             1             24  org.opensearch.search.MultiValueMode$1
7528:             1             24  org.opensearch.search.MultiValueMode$2
7529:             1             24  org.opensearch.search.MultiValueMode$3
7530:             1             24  org.opensearch.search.MultiValueMode$4
7531:             1             24  org.opensearch.search.MultiValueMode$5
7532:             1             24  org.opensearch.search.SearchService$$Lambda/0x00007fcd2934e6d0
7533:             1             24  org.opensearch.search.SearchSortValues
7534:             1             24  org.opensearch.search.aggregations.MultiBucketConsumerService
7535:             1             24  org.opensearch.search.aggregations.SearchContextAggregations
7536:             1             24  org.opensearch.search.aggregations.bucket.histogram.DateIntervalWrapper
7537:             1             24  org.opensearch.search.aggregations.matrix.stats.MatrixStatsParser
7538:             1             24  org.opensearch.search.aggregations.support.AggregationUsageService
7539:             1             24  org.opensearch.search.aggregations.support.CoreValuesSourceType$1
7540:             1             24  org.opensearch.search.aggregations.support.CoreValuesSourceType$2
7541:             1             24  org.opensearch.search.aggregations.support.CoreValuesSourceType$3
7542:             1             24  org.opensearch.search.aggregations.support.CoreValuesSourceType$4
7543:             1             24  org.opensearch.search.aggregations.support.CoreValuesSourceType$5
7544:             1             24  org.opensearch.search.aggregations.support.CoreValuesSourceType$6
7545:             1             24  org.opensearch.search.aggregations.support.CoreValuesSourceType$7
7546:             1             24  org.opensearch.search.aggregations.support.CoreValuesSourceType$7$1
7547:             1             24  org.opensearch.search.aggregations.support.CoreValuesSourceType$8
7548:             1             24  org.opensearch.search.aggregations.support.MultiValuesSourceParseHelper$$Lambda/0x00007fcd287aada0
7549:             1             24  org.opensearch.search.aggregations.support.ValuesSourceRegistry
7550:             1             24  org.opensearch.search.asynchronous.action.AsynchronousSearchStatsAction
7551:             1             24  org.opensearch.search.asynchronous.action.DeleteAsynchronousSearchAction
7552:             1             24  org.opensearch.search.asynchronous.action.GetAsynchronousSearchAction
7553:             1             24  org.opensearch.search.asynchronous.action.SubmitAsynchronousSearchAction
7554:             1             24  org.opensearch.search.asynchronous.context.active.AsynchronousSearchActiveStore
7555:             1             24  org.opensearch.search.asynchronous.plugin.AsynchronousSearchPlugin
7556:             1             24  org.opensearch.search.asynchronous.rest.RestAsynchronousSearchStatsAction
7557:             1             24  org.opensearch.search.asynchronous.rest.RestDeleteAsynchronousSearchAction
7558:             1             24  org.opensearch.search.asynchronous.rest.RestGetAsynchronousSearchAction
7559:             1             24  org.opensearch.search.asynchronous.rest.RestSubmitAsynchronousSearchAction
7560:             1             24  org.opensearch.search.asynchronous.service.AsynchronousSearchPersistenceService
7561:             1             24  org.opensearch.search.internal.ContextIndexSearcher$1
7562:             1             24  org.opensearch.search.internal.ReaderContext$1
7563:             1             24  org.opensearch.search.internal.ShardSearchContextId
7564:             1             24  org.opensearch.search.query.ConcurrentQueryPhaseSearcher
7565:             1             24  org.opensearch.search.query.QueryCollectorContext$5
7566:             1             24  org.opensearch.search.query.QueryPhase
7567:             1             24  org.opensearch.search.query.QueryPhase$$Lambda/0x00007fcd293c5de0
7568:             1             24  org.opensearch.search.query.TopDocsCollectorContext$EmptyTopDocsCollectorContext$$Lambda/0x00007fcd293c2258
7569:             1             24  org.opensearch.search.sort.SortOrder$1
7570:             1             24  org.opensearch.search.sort.SortOrder$2
7571:             1             24  org.opensearch.searchpipelines.questionanswering.generative.GenerativeQAResponseProcessor$Factory
7572:             1             24  org.opensearch.secure_sm.SecureSM
7573:             1             24  org.opensearch.security.OpenSearchSecurityPlugin$6$2
7574:             1             24  org.opensearch.security.action.configupdate.ConfigUpdateAction
7575:             1             24  org.opensearch.security.action.onbehalf.CreateOnBehalfOfTokenAction
7576:             1             24  org.opensearch.security.action.whoami.WhoAmIAction
7577:             1             24  org.opensearch.security.auditlog.config.AuditConfig
7578:             1             24  org.opensearch.security.auditlog.config.ThreadPoolConfig
7579:             1             24  org.opensearch.security.auditlog.routing.AsyncStoragePool
7580:             1             24  org.opensearch.security.auth.RolesInjector
7581:             1             24  org.opensearch.security.auth.internal.InternalAuthenticationBackend
7582:             1             24  org.opensearch.security.dlic.rest.api.ssl.CertificatesActionType
7583:             1             24  org.opensearch.security.rest.SecurityHealthAction
7584:             1             24  org.opensearch.security.securityconf.ConfigModelV7$1
7585:             1             24  org.opensearch.security.securityconf.ConfigModelV7$SecurityRoles
7586:             1             24  org.opensearch.security.securityconf.ConfigModelV7$TenantHolder
7587:             1             24  org.opensearch.security.securityconf.DynamicConfigFactory$InternalUsersModelV7
7588:             1             24  org.opensearch.security.securityconf.impl.AllowlistingSettings
7589:             1             24  org.opensearch.security.securityconf.impl.v7.RoleV7$Tenant
7590:             1             24  org.opensearch.security.securityconf.impl.v7.TenantV7
7591:             1             24  org.opensearch.security.setting.TransportPassiveAuthSetting
7592:             1             24  org.opensearch.security.support.SecurityIndexHandler
7593:             1             24  org.opensearch.security.support.StreamableRegistry
7594:             1             24  org.opensearch.security.support.StreamableRegistry$Entry
7595:             1             24  org.opensearch.securityanalytics.action.AckAlertsAction
7596:             1             24  org.opensearch.securityanalytics.action.AckCorrelationAlertsAction
7597:             1             24  org.opensearch.securityanalytics.action.CorrelatedFindingAction
7598:             1             24  org.opensearch.securityanalytics.action.CreateIndexMappingsAction
7599:             1             24  org.opensearch.securityanalytics.action.DeleteCorrelationRuleAction
7600:             1             24  org.opensearch.securityanalytics.action.DeleteCustomLogTypeAction
7601:             1             24  org.opensearch.securityanalytics.action.DeleteDetectorAction
7602:             1             24  org.opensearch.securityanalytics.action.DeleteRuleAction
7603:             1             24  org.opensearch.securityanalytics.action.GetAlertsAction
7604:             1             24  org.opensearch.securityanalytics.action.GetAllRuleCategoriesAction
7605:             1             24  org.opensearch.securityanalytics.action.GetCorrelationAlertsAction
7606:             1             24  org.opensearch.securityanalytics.action.GetDetectorAction
7607:             1             24  org.opensearch.securityanalytics.action.GetFindingsAction
7608:             1             24  org.opensearch.securityanalytics.action.GetIndexMappingsAction
7609:             1             24  org.opensearch.securityanalytics.action.GetMappingsViewAction
7610:             1             24  org.opensearch.securityanalytics.action.IndexCorrelationRuleAction
7611:             1             24  org.opensearch.securityanalytics.action.IndexCustomLogTypeAction
7612:             1             24  org.opensearch.securityanalytics.action.IndexDetectorAction
7613:             1             24  org.opensearch.securityanalytics.action.IndexRuleAction
7614:             1             24  org.opensearch.securityanalytics.action.ListCorrelationsAction
7615:             1             24  org.opensearch.securityanalytics.action.SearchCorrelationRuleAction
7616:             1             24  org.opensearch.securityanalytics.action.SearchCustomLogTypeAction
7617:             1             24  org.opensearch.securityanalytics.action.SearchDetectorAction
7618:             1             24  org.opensearch.securityanalytics.action.SearchRuleAction
7619:             1             24  org.opensearch.securityanalytics.action.UpdateIndexMappingsAction
7620:             1             24  org.opensearch.securityanalytics.action.ValidateRulesAction
7621:             1             24  org.opensearch.securityanalytics.correlation.alert.CorrelationAlertService
7622:             1             24  org.opensearch.securityanalytics.correlation.index.codec.correlation950.CorrelationCodec950
7623:             1             24  org.opensearch.securityanalytics.correlation.index.codec.correlation990.CorrelationCodec990
7624:             1             24  org.opensearch.securityanalytics.resthandler.RestAcknowledgeAlertsAction
7625:             1             24  org.opensearch.securityanalytics.resthandler.RestAcknowledgeCorrelationAlertsAction
7626:             1             24  org.opensearch.securityanalytics.resthandler.RestCreateIndexMappingsAction
7627:             1             24  org.opensearch.securityanalytics.resthandler.RestDeleteCorrelationRuleAction
7628:             1             24  org.opensearch.securityanalytics.resthandler.RestDeleteCustomLogTypeAction
7629:             1             24  org.opensearch.securityanalytics.resthandler.RestDeleteDetectorAction
7630:             1             24  org.opensearch.securityanalytics.resthandler.RestDeleteRuleAction
7631:             1             24  org.opensearch.securityanalytics.resthandler.RestGetAlertsAction
7632:             1             24  org.opensearch.securityanalytics.resthandler.RestGetAllRuleCategoriesAction
7633:             1             24  org.opensearch.securityanalytics.resthandler.RestGetCorrelationsAlertsAction
7634:             1             24  org.opensearch.securityanalytics.resthandler.RestGetDetectorAction
7635:             1             24  org.opensearch.securityanalytics.resthandler.RestGetFindingsAction
7636:             1             24  org.opensearch.securityanalytics.resthandler.RestGetIndexMappingsAction
7637:             1             24  org.opensearch.securityanalytics.resthandler.RestGetMappingsViewAction
7638:             1             24  org.opensearch.securityanalytics.resthandler.RestIndexCorrelationRuleAction
7639:             1             24  org.opensearch.securityanalytics.resthandler.RestIndexCustomLogTypeAction
7640:             1             24  org.opensearch.securityanalytics.resthandler.RestIndexDetectorAction
7641:             1             24  org.opensearch.securityanalytics.resthandler.RestIndexRuleAction
7642:             1             24  org.opensearch.securityanalytics.resthandler.RestListCorrelationAction
7643:             1             24  org.opensearch.securityanalytics.resthandler.RestSearchCorrelationAction
7644:             1             24  org.opensearch.securityanalytics.resthandler.RestSearchCorrelationRuleAction
7645:             1             24  org.opensearch.securityanalytics.resthandler.RestSearchCustomLogTypeAction
7646:             1             24  org.opensearch.securityanalytics.resthandler.RestSearchDetectorAction
7647:             1             24  org.opensearch.securityanalytics.resthandler.RestSearchRuleAction
7648:             1             24  org.opensearch.securityanalytics.resthandler.RestUpdateIndexMappingsAction
7649:             1             24  org.opensearch.securityanalytics.resthandler.RestValidateRulesAction
7650:             1             24  org.opensearch.securityanalytics.threatIntel.DetectorThreatIntelService
7651:             1             24  org.opensearch.securityanalytics.threatIntel.action.PutTIFJobAction
7652:             1             24  org.opensearch.securityanalytics.threatIntel.common.TIFLockService
7653:             1             24  org.opensearch.securityanalytics.threatIntel.jobscheduler.TIFJobParameterService
7654:             1             24  org.opensearch.securityanalytics.util.CorrelationIndices
7655:             1             24  org.opensearch.securityanalytics.util.CorrelationRuleIndices
7656:             1             24  org.opensearch.securityanalytics.util.CustomLogTypeIndices
7657:             1             24  org.opensearch.securityanalytics.util.DetectorIndices
7658:             1             24  org.opensearch.securityanalytics.util.RuleTopicIndices
7659:             1             24  org.opensearch.securityanalytics.util.RuleValidator
7660:             1             24  org.opensearch.snapshots.SnapshotsService$OngoingRepositoryOperations
7661:             1             24  org.opensearch.sql.datasources.rest.RestDataSourceQueryAction
7662:             1             24  org.opensearch.sql.datasources.service.DataSourceLoaderCacheImpl
7663:             1             24  org.opensearch.sql.datasources.service.DataSourceServiceImpl
7664:             1             24  org.opensearch.sql.datasources.storage.OpenSearchDataSourceMetadataStorage
7665:             1             24  org.opensearch.sql.legacy.plugin.RestSQLQueryAction
7666:             1             24  org.opensearch.sql.legacy.plugin.RestSqlStatsAction
7667:             1             24  org.opensearch.sql.opensearch.storage.OpenSearchDataSourceFactory
7668:             1             24  org.opensearch.sql.plugin.rest.RestPPLQueryAction
7669:             1             24  org.opensearch.sql.plugin.rest.RestPPLStatsAction
7670:             1             24  org.opensearch.sql.plugin.rest.RestQuerySettingsAction
7671:             1             24  org.opensearch.sql.plugin.transport.TransportPPLQueryAction$$Lambda/0x00007fcd28ea4fc8
7672:             1             24  org.opensearch.sql.spark.asyncquery.AsyncQueryExecutorServiceImpl
7673:             1             24  org.opensearch.sql.spark.execution.statestore.StateStore
7674:             1             24  org.opensearch.sql.spark.execution.statestore.StateStore$$Lambda/0x00007fcd28bb9cd8
7675:             1             24  org.opensearch.sql.spark.execution.statestore.StateStore$$Lambda/0x00007fcd28bb9ef8
7676:             1             24  org.opensearch.sql.spark.rest.RestAsyncQueryManagementAction
7677:             1             24  org.opensearch.sql.spark.storage.SparkStorageFactory
7678:             1             24  org.opensearch.systemd.SystemdPlugin
7679:             1             24  org.opensearch.tasks.CancellableTask$CancelledInfo
7680:             1             24  org.opensearch.tasks.TaskCancellationService
7681:             1             24  org.opensearch.tasks.TaskManager$$Lambda/0x00007fcd292dc8a0
7682:             1             24  org.opensearch.tasks.TaskManager$1
7683:             1             24  org.opensearch.tasks.TaskResultsService
7684:             1             24  org.opensearch.threadpool.TaskAwareRunnable
7685:             1             24  org.opensearch.timeseries.breaker.CircuitBreakerService
7686:             1             24  org.opensearch.timeseries.breaker.MemoryCircuitBreaker
7687:             1             24  org.opensearch.timeseries.cluster.ClusterEventListener
7688:             1             24  org.opensearch.timeseries.settings.TimeSeriesEnabledSetting
7689:             1             24  org.opensearch.timeseries.util.DiscoveryNodeFilterer
7690:             1             24  org.opensearch.timeseries.util.IndexUtils
7691:             1             24  org.opensearch.transport.ClusterConnectionManager$1
7692:             1             24  org.opensearch.transport.OutboundHandler
7693:             1             24  org.opensearch.transport.SharedGroupFactory$RefCountedGroup
7694:             1             24  org.opensearch.transport.StatsTracker
7695:             1             24  org.opensearch.transport.TcpTransport$$Lambda/0x00007fcd28cb1398
7696:             1             24  org.opensearch.transport.Transport$ResponseHandlers
7697:             1             24  org.opensearch.transport.TransportInfo
7698:             1             24  org.opensearch.transport.TransportRequestOptions$Builder
7699:             1             24  org.opensearch.transport.TransportService$8
7700:             1             24  org.opensearch.transport.TransportService$HandshakeRequest
7701:             1             24  org.opensearch.transport.netty4.Netty4TcpServerChannel
7702:             1             24  org.opensearch.transport.netty4.Netty4Transport$ServerChannelExceptionHandler
7703:             1             24  org.reflections.vfs.Vfs$DefaultUrlTypes$1
7704:             1             24  org.reflections.vfs.Vfs$DefaultUrlTypes$2
7705:             1             24  org.reflections.vfs.Vfs$DefaultUrlTypes$3
7706:             1             24  org.reflections.vfs.Vfs$DefaultUrlTypes$4
7707:             1             24  org.reflections.vfs.Vfs$DefaultUrlTypes$5
7708:             1             24  org.reflections.vfs.Vfs$DefaultUrlTypes$6
7709:             1             24  org.reflections.vfs.Vfs$DefaultUrlTypes$7
7710:             1             24  org.slf4j.helpers.FormattingTuple
7711:             1             24  org.slf4j.helpers.SubstituteLoggerFactory
7712:             1             24  org.slf4j.helpers.SubstituteLoggerFactory
7713:             1             24  org.slf4j.helpers.SubstituteLoggerFactory
7714:             1             24  org.yaml.snakeyaml.external.com.google.gdata.util.common.base.PercentEscaper
7715:             1             24  sun.management.CompilationImpl (java.management@21.0.3)
7716:             1             24  sun.management.ManagementFactoryHelper$LoggingMXBeanAccess (java.management@21.0.3)
7717:             1             24  sun.management.ManagementFactoryHelper$PlatformLoggingImpl (java.management@21.0.3)
7718:             1             24  sun.management.MemoryImpl (java.management@21.0.3)
7719:             1             24  sun.management.RuntimeImpl (java.management@21.0.3)
7720:             1             24  sun.management.VMManagementImpl (java.management@21.0.3)
7721:             1             24  sun.net.sdp.SdpProvider (java.base@21.0.3)
7722:             1             24  sun.net.www.protocol.http.Handler (java.base@21.0.3)
7723:             1             24  sun.nio.cs.ISO_8859_1 (java.base@21.0.3)
7724:             1             24  sun.nio.cs.StandardCharsets (java.base@21.0.3)
7725:             1             24  sun.nio.cs.ThreadLocalCoders$1 (java.base@21.0.3)
7726:             1             24  sun.nio.cs.ThreadLocalCoders$2 (java.base@21.0.3)
7727:             1             24  sun.nio.cs.US_ASCII (java.base@21.0.3)
7728:             1             24  sun.nio.cs.UTF_16 (java.base@21.0.3)
7729:             1             24  sun.nio.cs.UTF_16BE (java.base@21.0.3)
7730:             1             24  sun.nio.cs.UTF_16LE (java.base@21.0.3)
7731:             1             24  sun.nio.cs.UTF_8 (java.base@21.0.3)
7732:             1             24  sun.security.util.LegacyAlgorithmConstraints (java.base@21.0.3)
7733:             1             24  sun.security.validator.CADistrustPolicy$1 (java.base@21.0.3)
7734:             1             24  sun.util.calendar.LocalGregorianCalendar (java.base@21.0.3)
7735:             1             24  sun.util.locale.BaseLocale$Cache (java.base@21.0.3)
7736:             1             24  sun.util.locale.provider.BreakIteratorProviderImpl (java.base@21.0.3)
7737:             1             24  sun.util.locale.provider.CalendarDataProviderImpl (java.base@21.0.3)
7738:             1             24  sun.util.locale.provider.CalendarProviderImpl (java.base@21.0.3)
7739:             1             24  sun.util.locale.provider.DateFormatSymbolsProviderImpl (java.base@21.0.3)
7740:             1             24  sun.util.locale.provider.DecimalFormatSymbolsProviderImpl (java.base@21.0.3)
7741:             1             24  sun.util.locale.provider.LocaleServiceProviderPool (java.base@21.0.3)
7742:             1             24  sun.util.locale.provider.NumberFormatProviderImpl (java.base@21.0.3)
7743:             1             16  [Lcom.fasterxml.jackson.databind.AbstractTypeResolver;
7744:             1             16  [Lcom.fasterxml.jackson.databind.AbstractTypeResolver;
7745:             1             16  [Lcom.fasterxml.jackson.databind.AbstractTypeResolver;
7746:             1             16  [Lcom.fasterxml.jackson.databind.deser.BeanDeserializerModifier;
7747:             1             16  [Lcom.fasterxml.jackson.databind.deser.BeanDeserializerModifier;
7748:             1             16  [Lcom.fasterxml.jackson.databind.deser.BeanDeserializerModifier;
7749:             1             16  [Lcom.fasterxml.jackson.databind.deser.ValueInstantiators;
7750:             1             16  [Lcom.fasterxml.jackson.databind.deser.ValueInstantiators;
7751:             1             16  [Lcom.fasterxml.jackson.databind.deser.ValueInstantiators;
7752:             1             16  [Lcom.fasterxml.jackson.databind.ser.BeanSerializerModifier;
7753:             1             16  [Lcom.fasterxml.jackson.databind.ser.BeanSerializerModifier;
7754:             1             16  [Lcom.fasterxml.jackson.databind.ser.BeanSerializerModifier;
7755:             1             16  [Lcom.fasterxml.jackson.databind.ser.Serializers;
7756:             1             16  [Lcom.fasterxml.jackson.databind.ser.Serializers;
7757:             1             16  [Lcom.fasterxml.jackson.databind.ser.Serializers;
7758:             1             16  [Lcom.fasterxml.jackson.databind.util.ClassUtil$Ctor;
7759:             1             16  [Lcom.fasterxml.jackson.databind.util.ClassUtil$Ctor;
7760:             1             16  [Lcom.fasterxml.jackson.databind.util.ClassUtil$Ctor;
7761:             1             16  [Lio.netty.util.AsciiString;
7762:             1             16  [Ljava.lang.ClassLoader; (java.base@21.0.3)
7763:             1             16  [Ljava.lang.management.LockInfo; (java.management@21.0.3)
7764:             1             16  [Ljava.lang.management.MonitorInfo; (java.management@21.0.3)
7765:             1             16  [Ljava.security.Provider; (java.base@21.0.3)
7766:             1             16  [Ljava.text.FieldPosition; (java.base@21.0.3)
7767:             1             16  [Ljava.util.logging.Handler; (java.logging@21.0.3)
7768:             1             16  [Ljavax.security.cert.X509Certificate; (java.base@21.0.3)
7769:             1             16  [Ljoptsimple.util.PathProperties;
7770:             1             16  [Lkotlin.reflect.KClass;
7771:             1             16  [Lorg.apache.commons.lang3.tuple.ImmutablePair;
7772:             1             16  [Lorg.apache.commons.lang3.tuple.ImmutablePair;
7773:             1             16  [Lorg.apache.commons.lang3.tuple.ImmutablePair;
7774:             1             16  [Lorg.apache.commons.lang3.tuple.Pair$PairAdapter;
7775:             1             16  [Lorg.apache.commons.lang3.tuple.Pair;
7776:             1             16  [Lorg.apache.commons.lang3.tuple.Pair;
7777:             1             16  [Lorg.apache.logging.log4j.Level;
7778:             1             16  [Lorg.apache.logging.log4j.core.Appender;
7779:             1             16  [Lorg.apache.logging.log4j.core.impl.ExtendedStackTraceElement;
7780:             1             16  [Lorg.apache.logging.log4j.core.impl.ThrowableProxy;
7781:             1             16  [Lorg.apache.logging.log4j.spi.LoggerContext;
7782:             1             16  [Lorg.apache.lucene.codecs.PostingsFormat;
7783:             1             16  [Lorg.apache.lucene.index.Fields;
7784:             1             16  [Lorg.apache.lucene.index.ReaderSlice;
7785:             1             16  [Lorg.apache.lucene.index.Term;
7786:             1             16  [Lorg.apache.lucene.index.Terms;
7787:             1             16  [Lorg.apache.lucene.index.TermsEnumIndex;
7788:             1             16  [Lorg.apache.lucene.search.Query;
7789:             1             16  [Lorg.apache.lucene.search.TermStatistics;
7790:             1             16  [Lorg.bouncycastle.asn1.ASN1Encodable;
7791:             1             16  [Lorg.jcodings.CaseFoldCodeItem;
7792:             1             16  [Lorg.locationtech.jts.geom.LinearRing;
7793:             1             16  [Lorg.opensearch.action.bulk.BulkItemResponse;
7794:             1             16  [Lorg.opensearch.action.search.ShardSearchFailure;
7795:             1             16  [Lorg.opensearch.action.support.replication.ReplicationResponse$ShardInfo$Failure;
7796:             1             16  [Lorg.opensearch.common.lease.Releasables;
7797:             1             16  [Lorg.opensearch.common.recycler.Recyclers;
7798:             1             16  [Lorg.opensearch.common.unit.MemorySizeValue;
7799:             1             16  [Lorg.opensearch.core.common.text.Text;
7800:             1             16  [Lorg.opensearch.core.index.Index;
7801:             1             16  [Lorg.opensearch.index.fielddata.FieldData;
7802:             1             16  [Lorg.opensearch.index.fielddata.ordinals.GlobalOrdinalsBuilder;
7803:             1             16  [Lorg.opensearch.index.translog.Translog$Operation;
7804:             1             16  [[Lorg.locationtech.jts.geom.Coordinate;
7805:             1             16  com.amazon.randomcutforest.parkservices.state.RCFCasterMapper
7806:             1             16  com.amazon.randomcutforest.parkservices.state.ThresholdedRandomCutForestMapper
7807:             1             16  com.amazon.randomcutforest.serialize.json.v1.V1JsonToV3StateConverter
7808:             1             16  com.fasterxml.jackson.annotation.JsonIncludeProperties$Value
7809:             1             16  com.fasterxml.jackson.core.io.JsonStringEncoder
7810:             1             16  com.fasterxml.jackson.core.util.DefaultPrettyPrinter$FixedSpaceIndenter
7811:             1             16  com.fasterxml.jackson.core.util.DefaultPrettyPrinter$NopIndenter
7812:             1             16  com.fasterxml.jackson.core.util.JsonRecyclerPools$ThreadLocalPool
7813:             1             16  com.fasterxml.jackson.databind.InjectableValues$Std
7814:             1             16  com.fasterxml.jackson.databind.deser.BeanDeserializerFactory
7815:             1             16  com.fasterxml.jackson.databind.deser.BeanDeserializerFactory
7816:             1             16  com.fasterxml.jackson.databind.deser.BeanDeserializerFactory
7817:             1             16  com.fasterxml.jackson.databind.deser.impl.JDKValueInstantiators$ArrayListInstantiator
7818:             1             16  com.fasterxml.jackson.databind.deser.impl.JDKValueInstantiators$HashSetInstantiator
7819:             1             16  com.fasterxml.jackson.databind.deser.impl.JDKValueInstantiators$LinkedHashMapInstantiator
7820:             1             16  com.fasterxml.jackson.databind.deser.std.StdKeyDeserializers
7821:             1             16  com.fasterxml.jackson.databind.deser.std.StdKeyDeserializers
7822:             1             16  com.fasterxml.jackson.databind.deser.std.StdKeyDeserializers
7823:             1             16  com.fasterxml.jackson.databind.ext.Java7HandlersImpl
7824:             1             16  com.fasterxml.jackson.databind.ext.Java7SupportImpl
7825:             1             16  com.fasterxml.jackson.databind.ext.Java7SupportImpl
7826:             1             16  com.fasterxml.jackson.databind.ext.Java7SupportImpl
7827:             1             16  com.fasterxml.jackson.databind.introspect.AnnotationCollector$EmptyCollector
7828:             1             16  com.fasterxml.jackson.databind.introspect.AnnotationCollector$NoAnnotations
7829:             1             16  com.fasterxml.jackson.databind.introspect.AnnotationCollector$NoAnnotations
7830:             1             16  com.fasterxml.jackson.databind.introspect.AnnotationCollector$NoAnnotations
7831:             1             16  com.fasterxml.jackson.databind.introspect.BasicClassIntrospector
7832:             1             16  com.fasterxml.jackson.databind.jsontype.impl.LaissezFaireSubTypeValidator
7833:             1             16  com.fasterxml.jackson.databind.jsontype.impl.LaissezFaireSubTypeValidator
7834:             1             16  com.fasterxml.jackson.databind.jsontype.impl.LaissezFaireSubTypeValidator
7835:             1             16  com.fasterxml.jackson.databind.jsontype.impl.StdSubtypeResolver
7836:             1             16  com.fasterxml.jackson.databind.jsontype.impl.SubTypeValidator
7837:             1             16  com.fasterxml.jackson.databind.node.JsonNodeFactory
7838:             1             16  com.fasterxml.jackson.databind.node.JsonNodeFactory
7839:             1             16  com.fasterxml.jackson.databind.node.JsonNodeFactory
7840:             1             16  com.fasterxml.jackson.databind.node.TextNode
7841:             1             16  com.fasterxml.jackson.databind.ser.BeanSerializerFactory
7842:             1             16  com.fasterxml.jackson.databind.ser.BeanSerializerFactory
7843:             1             16  com.fasterxml.jackson.databind.ser.BeanSerializerFactory
7844:             1             16  com.fasterxml.jackson.databind.ser.impl.UnknownSerializer
7845:             1             16  com.fasterxml.jackson.databind.ser.impl.UnknownSerializer
7846:             1             16  com.fasterxml.jackson.databind.ser.impl.UnknownSerializer
7847:             1             16  com.fasterxml.jackson.databind.ser.std.NullSerializer
7848:             1             16  com.fasterxml.jackson.databind.ser.std.NullSerializer
7849:             1             16  com.fasterxml.jackson.databind.ser.std.NullSerializer
7850:             1             16  com.fasterxml.jackson.databind.ser.std.SerializableSerializer
7851:             1             16  com.fasterxml.jackson.databind.ser.std.StdKeySerializer
7852:             1             16  com.fasterxml.jackson.databind.ser.std.StdKeySerializers$StringKeySerializer
7853:             1             16  com.fasterxml.jackson.databind.ser.std.StringSerializer
7854:             1             16  com.fasterxml.jackson.databind.ser.std.StringSerializer
7855:             1             16  com.fasterxml.jackson.databind.ser.std.StringSerializer
7856:             1             16  com.fasterxml.jackson.databind.type.TypeParser
7857:             1             16  com.fasterxml.jackson.databind.type.TypeParser
7858:             1             16  com.fasterxml.jackson.databind.type.TypeParser
7859:             1             16  com.fasterxml.jackson.databind.util.RootNameLookup
7860:             1             16  com.fasterxml.jackson.dataformat.yaml.util.StringQuotingChecker$Default
7861:             1             16  com.google.common.base.Absent
7862:             1             16  com.google.common.base.Equivalence$Equals
7863:             1             16  com.google.common.base.Equivalence$Equals
7864:             1             16  com.google.common.base.Equivalence$Equals
7865:             1             16  com.google.common.base.Equivalence$Equals
7866:             1             16  com.google.common.base.Platform$JdkPatternCompiler
7867:             1             16  com.google.common.base.Suppliers$SupplierOfInstance
7868:             1             16  com.google.common.base.Suppliers$SupplierOfInstance
7869:             1             16  com.google.common.base.Suppliers$SupplierOfInstance
7870:             1             16  com.google.common.base.Suppliers$SupplierOfInstance
7871:             1             16  com.google.common.base.Ticker$1
7872:             1             16  com.google.common.base.Ticker$1
7873:             1             16  com.google.common.base.Ticker$1
7874:             1             16  com.google.common.base.Ticker$1
7875:             1             16  com.google.common.cache.CacheBuilder$$Lambda/0x00007fcd28b0c3b8
7876:             1             16  com.google.common.cache.CacheBuilder$1
7877:             1             16  com.google.common.cache.CacheBuilder$1
7878:             1             16  com.google.common.cache.CacheBuilder$1
7879:             1             16  com.google.common.cache.CacheBuilder$1
7880:             1             16  com.google.common.cache.CacheBuilder$2
7881:             1             16  com.google.common.cache.CacheBuilder$2
7882:             1             16  com.google.common.cache.CacheBuilder$2
7883:             1             16  com.google.common.cache.CacheBuilder$2
7884:             1             16  com.google.common.cache.CacheBuilder$3
7885:             1             16  com.google.common.cache.CacheBuilder$3
7886:             1             16  com.google.common.cache.CacheBuilder$3
7887:             1             16  com.google.common.cache.LocalCache$1
7888:             1             16  com.google.common.cache.LocalCache$1
7889:             1             16  com.google.common.cache.LocalCache$1
7890:             1             16  com.google.common.cache.LocalCache$1
7891:             1             16  com.google.common.cache.LocalCache$2
7892:             1             16  com.google.common.cache.LocalCache$2
7893:             1             16  com.google.common.cache.LocalCache$2
7894:             1             16  com.google.common.cache.LocalCache$2
7895:             1             16  com.google.common.cache.LocalCache$AccessQueue
7896:             1             16  com.google.common.cache.LocalCache$LocalManualCache
7897:             1             16  com.google.common.cache.LocalCache$LocalManualCache
7898:             1             16  com.google.common.cache.LongAddables$2
7899:             1             16  com.google.common.collect.CollectCollectors$$Lambda/0x00007fcd28930000
7900:             1             16  com.google.common.collect.CollectCollectors$$Lambda/0x00007fcd28930218
7901:             1             16  com.google.common.collect.CollectCollectors$$Lambda/0x00007fcd28930440
7902:             1             16  com.google.common.collect.CollectCollectors$$Lambda/0x00007fcd28930680
7903:             1             16  com.google.common.collect.CollectCollectors$$Lambda/0x00007fcd28930b28
7904:             1             16  com.google.common.collect.CollectCollectors$$Lambda/0x00007fcd28930d40
7905:             1             16  com.google.common.collect.CollectCollectors$$Lambda/0x00007fcd28930f68
7906:             1             16  com.google.common.collect.CollectCollectors$$Lambda/0x00007fcd289311a8
7907:             1             16  com.google.common.collect.CollectCollectors$$Lambda/0x00007fcd28934d08
7908:             1             16  com.google.common.collect.CollectCollectors$$Lambda/0x00007fcd289353a0
7909:             1             16  com.google.common.collect.CollectCollectors$$Lambda/0x00007fcd289355c8
7910:             1             16  com.google.common.collect.CollectCollectors$$Lambda/0x00007fcd28935808
7911:             1             16  com.google.common.collect.CollectCollectors$$Lambda/0x00007fcd28935a40
7912:             1             16  com.google.common.collect.CollectCollectors$$Lambda/0x00007fcd28935e88
7913:             1             16  com.google.common.collect.CollectCollectors$$Lambda/0x00007fcd289360c8
7914:             1             16  com.google.common.collect.CollectCollectors$$Lambda/0x00007fcd292617a0
7915:             1             16  com.google.common.collect.CollectCollectors$$Lambda/0x00007fcd29261be8
7916:             1             16  com.google.common.collect.CollectCollectors$$Lambda/0x00007fcd29261e28
7917:             1             16  com.google.common.collect.CollectCollectors$$Lambda/0x00007fcd29262060
7918:             1             16  com.google.common.collect.MultimapBuilder$HashSetSupplier
7919:             1             16  com.google.common.collect.Tables$1
7920:             1             16  com.google.common.io.ByteStreams$1
7921:             1             16  com.google.common.io.Closer$SuppressingSuppressor
7922:             1             16  com.google.gson.Gson$4
7923:             1             16  com.google.gson.Gson$5
7924:             1             16  com.google.gson.JsonParser
7925:             1             16  com.google.gson.internal.bind.ArrayTypeAdapter$1
7926:             1             16  com.google.gson.internal.bind.CollectionTypeAdapterFactory
7927:             1             16  com.google.gson.internal.bind.DateTypeAdapter$1
7928:             1             16  com.google.gson.internal.bind.DefaultDateTypeAdapter$DateType$1
7929:             1             16  com.google.gson.internal.bind.JsonAdapterAnnotationTypeAdapterFactory
7930:             1             16  com.google.gson.internal.bind.NumberTypeAdapter
7931:             1             16  com.google.gson.internal.bind.NumberTypeAdapter$1
7932:             1             16  com.google.gson.internal.bind.ObjectTypeAdapter$1
7933:             1             16  com.google.gson.internal.bind.TypeAdapters$1
7934:             1             16  com.google.gson.internal.bind.TypeAdapters$10
7935:             1             16  com.google.gson.internal.bind.TypeAdapters$11
7936:             1             16  com.google.gson.internal.bind.TypeAdapters$12
7937:             1             16  com.google.gson.internal.bind.TypeAdapters$13
7938:             1             16  com.google.gson.internal.bind.TypeAdapters$14
7939:             1             16  com.google.gson.internal.bind.TypeAdapters$15
7940:             1             16  com.google.gson.internal.bind.TypeAdapters$16
7941:             1             16  com.google.gson.internal.bind.TypeAdapters$17
7942:             1             16  com.google.gson.internal.bind.TypeAdapters$18
7943:             1             16  com.google.gson.internal.bind.TypeAdapters$19
7944:             1             16  com.google.gson.internal.bind.TypeAdapters$2
7945:             1             16  com.google.gson.internal.bind.TypeAdapters$20
7946:             1             16  com.google.gson.internal.bind.TypeAdapters$21
7947:             1             16  com.google.gson.internal.bind.TypeAdapters$22
7948:             1             16  com.google.gson.internal.bind.TypeAdapters$23
7949:             1             16  com.google.gson.internal.bind.TypeAdapters$24
7950:             1             16  com.google.gson.internal.bind.TypeAdapters$25
7951:             1             16  com.google.gson.internal.bind.TypeAdapters$26
7952:             1             16  com.google.gson.internal.bind.TypeAdapters$27
7953:             1             16  com.google.gson.internal.bind.TypeAdapters$28
7954:             1             16  com.google.gson.internal.bind.TypeAdapters$3
7955:             1             16  com.google.gson.internal.bind.TypeAdapters$4
7956:             1             16  com.google.gson.internal.bind.TypeAdapters$5
7957:             1             16  com.google.gson.internal.bind.TypeAdapters$6
7958:             1             16  com.google.gson.internal.bind.TypeAdapters$7
7959:             1             16  com.google.gson.internal.bind.TypeAdapters$8
7960:             1             16  com.google.gson.internal.bind.TypeAdapters$9
7961:             1             16  com.google.gson.internal.sql.SqlDateTypeAdapter$1
7962:             1             16  com.google.gson.internal.sql.SqlTimeTypeAdapter$1
7963:             1             16  com.google.gson.internal.sql.SqlTimestampTypeAdapter$1
7964:             1             16  com.google.gson.internal.sql.SqlTypesSupport$1
7965:             1             16  com.google.gson.internal.sql.SqlTypesSupport$2
7966:             1             16  com.sun.jmx.interceptor.DefaultMBeanServerInterceptor$ResourceContext$1 (java.management@21.0.3)
7967:             1             16  com.sun.jmx.mbeanserver.DefaultMXBeanMappingFactory (java.management@21.0.3)
7968:             1             16  com.sun.jmx.mbeanserver.DescriptorCache (java.management@21.0.3)
7969:             1             16  com.sun.jmx.mbeanserver.MBeanAnalyzer$MethodOrder (java.management@21.0.3)
7970:             1             16  com.sun.jmx.mbeanserver.MBeanInstantiator (java.management@21.0.3)
7971:             1             16  com.sun.jmx.mbeanserver.MXBeanIntrospector (java.management@21.0.3)
7972:             1             16  com.sun.jmx.mbeanserver.SecureClassLoaderRepository (java.management@21.0.3)
7973:             1             16  com.sun.jna.JNIEnv
7974:             1             16  com.sun.jna.Native$1
7975:             1             16  com.sun.jna.Native$2
7976:             1             16  com.sun.jna.Native$7
7977:             1             16  com.sun.jna.NativeLibrary$1
7978:             1             16  com.sun.jna.Structure$1
7979:             1             16  com.sun.jna.Structure$2
7980:             1             16  com.sun.jna.VarArgsChecker$RealVarArgsChecker
7981:             1             16  com.sun.management.internal.HotSpotDiagnostic (jdk.management@21.0.3)
7982:             1             16  com.sun.management.internal.OperatingSystemImpl$ProcessCpuTicks$$Lambda/0x00007fcd284deb48 (jdk.management@21.0.3)
7983:             1             16  com.sun.management.internal.PlatformMBeanProviderImpl$$Lambda/0x00007fcd2807be10 (jdk.management@21.0.3)
7984:             1             16  com.sun.management.internal.PlatformMBeanProviderImpl$1 (jdk.management@21.0.3)
7985:             1             16  com.sun.management.internal.PlatformMBeanProviderImpl$3 (jdk.management@21.0.3)
7986:             1             16  com.sun.management.internal.PlatformMBeanProviderImpl$4 (jdk.management@21.0.3)
7987:             1             16  io.github.resilience4j.core.predicate.PredicateCreator$$Lambda/0x00007fcd28b91c50
7988:             1             16  io.github.resilience4j.core.predicate.PredicateCreator$$Lambda/0x00007fcd28b91e88
7989:             1             16  io.github.resilience4j.core.predicate.PredicateCreator$$Lambda/0x00007fcd28b92778
7990:             1             16  io.github.resilience4j.retry.RetryConfig$$Lambda/0x00007fcd28b90ce0
7991:             1             16  io.github.resilience4j.retry.RetryConfig$$Lambda/0x00007fcd28b90f30
7992:             1             16  io.github.resilience4j.retry.internal.RetryImpl$$Lambda/0x00007fcd28b98ec8
7993:             1             16  io.netty.bootstrap.BootstrapConfig
7994:             1             16  io.netty.bootstrap.ChannelInitializerExtensions$EmptyExtensions
7995:             1             16  io.netty.buffer.AbstractReferenceCountedByteBuf$1
7996:             1             16  io.netty.buffer.ByteBufUtil$1
7997:             1             16  io.netty.buffer.ByteBufUtil$2
7998:             1             16  io.netty.buffer.CompositeByteBuf$1
7999:             1             16  io.netty.buffer.CompositeByteBuf$2
8000:             1             16  io.netty.buffer.PoolThreadCache$MemoryRegionCache$1
8001:             1             16  io.netty.buffer.PooledHeapByteBuf$1
8002:             1             16  io.netty.channel.AbstractChannelHandlerContext$WriteTask$1
8003:             1             16  io.netty.channel.ChannelFutureListener$1
8004:             1             16  io.netty.channel.ChannelFutureListener$2
8005:             1             16  io.netty.channel.ChannelFutureListener$3
8006:             1             16  io.netty.channel.ChannelHandlerMask$1
8007:             1             16  io.netty.channel.ChannelOutboundBuffer$1
8008:             1             16  io.netty.channel.ChannelOutboundBuffer$Entry$1
8009:             1             16  io.netty.channel.DefaultChannelPipeline$1
8010:             1             16  io.netty.channel.DefaultMessageSizeEstimator
8011:             1             16  io.netty.channel.DefaultMessageSizeEstimator$HandleImpl
8012:             1             16  io.netty.channel.DefaultSelectStrategy
8013:             1             16  io.netty.channel.DefaultSelectStrategy
8014:             1             16  io.netty.channel.DefaultSelectStrategyFactory
8015:             1             16  io.netty.channel.DefaultSelectStrategyFactory
8016:             1             16  io.netty.handler.codec.ByteToMessageDecoder$1
8017:             1             16  io.netty.handler.codec.ByteToMessageDecoder$2
8018:             1             16  io.netty.handler.codec.CodecOutputList$1
8019:             1             16  io.netty.handler.codec.CodecOutputList$2
8020:             1             16  io.netty.handler.ssl.JdkDefaultApplicationProtocolNegotiator
8021:             1             16  io.netty.handler.ssl.JdkDefaultApplicationProtocolNegotiator$1
8022:             1             16  io.netty.handler.ssl.SslHandshakeCompletionEvent
8023:             1             16  io.netty.util.AbstractReferenceCounted$1
8024:             1             16  io.netty.util.AsciiString$1
8025:             1             16  io.netty.util.AsciiString$2
8026:             1             16  io.netty.util.NettyRuntime$AvailableProcessorsHolder
8027:             1             16  io.netty.util.NettyRuntime$AvailableProcessorsHolder
8028:             1             16  io.netty.util.Recycler$1
8029:             1             16  io.netty.util.concurrent.AbstractScheduledEventExecutor$1
8030:             1             16  io.netty.util.concurrent.AbstractScheduledEventExecutor$1
8031:             1             16  io.netty.util.concurrent.AbstractScheduledEventExecutor$2
8032:             1             16  io.netty.util.concurrent.AbstractScheduledEventExecutor$2
8033:             1             16  io.netty.util.concurrent.DefaultEventExecutorChooserFactory
8034:             1             16  io.netty.util.concurrent.DefaultEventExecutorChooserFactory
8035:             1             16  io.netty.util.concurrent.DefaultPromise$CauseHolder
8036:             1             16  io.netty.util.concurrent.FastThreadLocal
8037:             1             16  io.netty.util.concurrent.FastThreadLocal
8038:             1             16  io.netty.util.concurrent.GlobalEventExecutor$1
8039:             1             16  io.netty.util.concurrent.GlobalEventExecutor$1
8040:             1             16  io.netty.util.concurrent.GlobalEventExecutor$TaskRunner
8041:             1             16  io.netty.util.concurrent.GlobalEventExecutor$TaskRunner
8042:             1             16  io.netty.util.concurrent.ImmediateExecutor
8043:             1             16  io.netty.util.concurrent.MultithreadEventExecutorGroup$1
8044:             1             16  io.netty.util.concurrent.RejectedExecutionHandlers$1
8045:             1             16  io.netty.util.concurrent.RejectedExecutionHandlers$1
8046:             1             16  io.netty.util.concurrent.SingleThreadEventExecutor$1
8047:             1             16  io.netty.util.concurrent.SingleThreadEventExecutor$1
8048:             1             16  io.netty.util.concurrent.ThreadPerTaskExecutor
8049:             1             16  io.netty.util.internal.PlatformDependent$1
8050:             1             16  io.netty.util.internal.PlatformDependent$1
8051:             1             16  io.netty.util.internal.PlatformDependent$1
8052:             1             16  io.netty.util.internal.PlatformDependent$2
8053:             1             16  io.netty.util.internal.PlatformDependent$2
8054:             1             16  io.netty.util.internal.PlatformDependent$2
8055:             1             16  io.netty.util.internal.RecyclableArrayList$1
8056:             1             16  io.netty.util.internal.TypeParameterMatcher$1
8057:             1             16  io.netty.util.internal.logging.Log4J2LoggerFactory
8058:             1             16  io.netty.util.internal.logging.Log4J2LoggerFactory
8059:             1             16  io.netty.util.internal.logging.Slf4JLoggerFactory
8060:             1             16  io.netty.util.internal.logging.Slf4JLoggerFactory
8061:             1             16  io.protostuff.runtime.ArraySchemas$1
8062:             1             16  io.protostuff.runtime.IdStrategy$10
8063:             1             16  io.protostuff.runtime.IdStrategy$12
8064:             1             16  io.protostuff.runtime.IdStrategy$14
8065:             1             16  io.protostuff.runtime.IdStrategy$16
8066:             1             16  io.protostuff.runtime.IdStrategy$18
8067:             1             16  io.protostuff.runtime.IdStrategy$20
8068:             1             16  io.protostuff.runtime.IdStrategy$22
8069:             1             16  io.protostuff.runtime.IdStrategy$24
8070:             1             16  io.protostuff.runtime.IdStrategy$8
8071:             1             16  io.protostuff.runtime.ReflectAccessor$1
8072:             1             16  io.protostuff.runtime.RuntimeFieldFactory$1
8073:             1             16  io.protostuff.runtime.RuntimeReflectionFieldFactory$1
8074:             1             16  io.protostuff.runtime.RuntimeReflectionFieldFactory$10
8075:             1             16  io.protostuff.runtime.RuntimeReflectionFieldFactory$11
8076:             1             16  io.protostuff.runtime.RuntimeReflectionFieldFactory$12
8077:             1             16  io.protostuff.runtime.RuntimeReflectionFieldFactory$13
8078:             1             16  io.protostuff.runtime.RuntimeReflectionFieldFactory$14
8079:             1             16  io.protostuff.runtime.RuntimeReflectionFieldFactory$15
8080:             1             16  io.protostuff.runtime.RuntimeReflectionFieldFactory$16
8081:             1             16  io.protostuff.runtime.RuntimeReflectionFieldFactory$17
8082:             1             16  io.protostuff.runtime.RuntimeReflectionFieldFactory$18
8083:             1             16  io.protostuff.runtime.RuntimeReflectionFieldFactory$19
8084:             1             16  io.protostuff.runtime.RuntimeReflectionFieldFactory$2
8085:             1             16  io.protostuff.runtime.RuntimeReflectionFieldFactory$3
8086:             1             16  io.protostuff.runtime.RuntimeReflectionFieldFactory$4
8087:             1             16  io.protostuff.runtime.RuntimeReflectionFieldFactory$5
8088:             1             16  io.protostuff.runtime.RuntimeReflectionFieldFactory$6
8089:             1             16  io.protostuff.runtime.RuntimeReflectionFieldFactory$7
8090:             1             16  io.protostuff.runtime.RuntimeReflectionFieldFactory$8
8091:             1             16  io.protostuff.runtime.RuntimeReflectionFieldFactory$9
8092:             1             16  io.vavr.collection.HashArrayMappedTrieModule$EmptyNode
8093:             1             16  io.vavr.collection.HashMap
8094:             1             16  java.io.Console$$Lambda/0x00007fcd28065c28 (java.base@21.0.3)
8095:             1             16  java.io.Console$$Lambda/0x00007fcd280664e0 (java.base@21.0.3)
8096:             1             16  java.io.Console$$Lambda/0x00007fcd28067868 (java.base@21.0.3)
8097:             1             16  java.io.Console$1 (java.base@21.0.3)
8098:             1             16  java.io.DeleteOnExitHook$1 (java.base@21.0.3)
8099:             1             16  java.io.FileDescriptor$1 (java.base@21.0.3)
8100:             1             16  java.io.FilePermission$1 (java.base@21.0.3)
8101:             1             16  java.io.FilePermissionCollection$$Lambda/0x00007fcd28058f00 (java.base@21.0.3)
8102:             1             16  java.io.ObjectInputFilter$Config$$Lambda/0x00007fcd29177138 (java.base@21.0.3)
8103:             1             16  java.io.ObjectInputFilter$Config$$Lambda/0x00007fcd29177350 (java.base@21.0.3)
8104:             1             16  java.io.ObjectInputFilter$Config$$Lambda/0x00007fcd291779a0 (java.base@21.0.3)
8105:             1             16  java.io.ObjectInputFilter$Config$BuiltinFilterFactory (java.base@21.0.3)
8106:             1             16  java.io.ObjectInputStream$$Lambda/0x00007fcd29175368 (java.base@21.0.3)
8107:             1             16  java.io.ObjectInputStream$$Lambda/0x00007fcd29175778 (java.base@21.0.3)
8108:             1             16  java.io.ObjectStreamClass$$Lambda/0x00007fcd29178028 (java.base@21.0.3)
8109:             1             16  java.io.PrintStream$1 (java.base@21.0.3)
8110:             1             16  java.io.PrintWriter$1 (java.base@21.0.3)
8111:             1             16  java.io.RandomAccessFile$2 (java.base@21.0.3)
8112:             1             16  java.lang.ApplicationShutdownHooks$1 (java.base@21.0.3)
8113:             1             16  java.lang.CharacterData00 (java.base@21.0.3)
8114:             1             16  java.lang.CharacterDataLatin1 (java.base@21.0.3)
8115:             1             16  java.lang.Class$$Lambda/0x00007fcd280e4930 (java.base@21.0.3)
8116:             1             16  java.lang.Module$$Lambda/0x00007fcd28148a28 (java.base@21.0.3)
8117:             1             16  java.lang.ProcessBuilder$NullInputStream (java.base@21.0.3)
8118:             1             16  java.lang.ProcessBuilder$NullOutputStream (java.base@21.0.3)
8119:             1             16  java.lang.ProcessEnvironment$StringKeySet (java.base@21.0.3)
8120:             1             16  java.lang.ProcessHandleImpl$$Lambda/0x00007fcd28165918 (java.base@21.0.3)
8121:             1             16  java.lang.Runtime (java.base@21.0.3)
8122:             1             16  java.lang.Runtime$Version$$Lambda/0x00007fcd280795c0 (java.base@21.0.3)
8123:             1             16  java.lang.Runtime$Version$$Lambda/0x00007fcd280797f8 (java.base@21.0.3)
8124:             1             16  java.lang.SecurityManager$$Lambda/0x00007fcd28046e18 (java.base@21.0.3)
8125:             1             16  java.lang.SecurityManager$$Lambda/0x00007fcd280472a0 (java.base@21.0.3)
8126:             1             16  java.lang.SecurityManager$$Lambda/0x00007fcd280474d8 (java.base@21.0.3)
8127:             1             16  java.lang.SecurityManager$$Lambda/0x00007fcd28047710 (java.base@21.0.3)
8128:             1             16  java.lang.SecurityManager$$Lambda/0x00007fcd28047938 (java.base@21.0.3)
8129:             1             16  java.lang.SecurityManager$$Lambda/0x00007fcd28047b80 (java.base@21.0.3)
8130:             1             16  java.lang.SecurityManager$$Lambda/0x00007fcd28047fe8 (java.base@21.0.3)
8131:             1             16  java.lang.SecurityManager$$Lambda/0x00007fcd28048230 (java.base@21.0.3)
8132:             1             16  java.lang.String$CaseInsensitiveComparator (java.base@21.0.3)
8133:             1             16  java.lang.System$2 (java.base@21.0.3)
8134:             1             16  java.lang.System$LoggerFinder$$Lambda/0x00007fcd28168d28 (java.base@21.0.3)
8135:             1             16  java.lang.Terminator$1 (java.base@21.0.3)
8136:             1             16  java.lang.invoke.ClassSpecializer$1 (java.base@21.0.3)
8137:             1             16  java.lang.invoke.MemberName$Factory (java.base@21.0.3)
8138:             1             16  java.lang.invoke.MethodHandleImpl$1 (java.base@21.0.3)
8139:             1             16  java.lang.management.DefaultPlatformMBeanProvider$1 (java.management@21.0.3)
8140:             1             16  java.lang.management.DefaultPlatformMBeanProvider$10 (java.management@21.0.3)
8141:             1             16  java.lang.management.DefaultPlatformMBeanProvider$10$$Lambda/0x00007fcd284dfd38 (java.management@21.0.3)
8142:             1             16  java.lang.management.DefaultPlatformMBeanProvider$2 (java.management@21.0.3)
8143:             1             16  java.lang.management.DefaultPlatformMBeanProvider$3 (java.management@21.0.3)
8144:             1             16  java.lang.management.DefaultPlatformMBeanProvider$5 (java.management@21.0.3)
8145:             1             16  java.lang.management.DefaultPlatformMBeanProvider$5$$Lambda/0x00007fcd284fb058 (java.management@21.0.3)
8146:             1             16  java.lang.management.DefaultPlatformMBeanProvider$6 (java.management@21.0.3)
8147:             1             16  java.lang.management.DefaultPlatformMBeanProvider$7 (java.management@21.0.3)
8148:             1             16  java.lang.management.DefaultPlatformMBeanProvider$9 (java.management@21.0.3)
8149:             1             16  java.lang.management.ManagementFactory$$Lambda/0x00007fcd2807a018 (java.management@21.0.3)
8150:             1             16  java.lang.management.ManagementFactory$$Lambda/0x00007fcd284f23e0 (java.management@21.0.3)
8151:             1             16  java.lang.management.ManagementFactory$$Lambda/0x00007fcd284f2628 (java.management@21.0.3)
8152:             1             16  java.lang.management.ManagementFactory$$Lambda/0x00007fcd284f2860 (java.management@21.0.3)
8153:             1             16  java.lang.module.ModuleDescriptor$1 (java.base@21.0.3)
8154:             1             16  java.lang.module.ModuleDescriptor$Builder$$Lambda/0x800000002 (java.base@21.0.3)
8155:             1             16  java.lang.ref.Cleaner (java.base@21.0.3)
8156:             1             16  java.lang.ref.Cleaner$1 (java.base@21.0.3)
8157:             1             16  java.lang.ref.Reference$1 (java.base@21.0.3)
8158:             1             16  java.lang.reflect.AccessFlag$1 (java.base@21.0.3)
8159:             1             16  java.lang.reflect.AccessFlag$10 (java.base@21.0.3)
8160:             1             16  java.lang.reflect.AccessFlag$11 (java.base@21.0.3)
8161:             1             16  java.lang.reflect.AccessFlag$12 (java.base@21.0.3)
8162:             1             16  java.lang.reflect.AccessFlag$13 (java.base@21.0.3)
8163:             1             16  java.lang.reflect.AccessFlag$14 (java.base@21.0.3)
8164:             1             16  java.lang.reflect.AccessFlag$15 (java.base@21.0.3)
8165:             1             16  java.lang.reflect.AccessFlag$16 (java.base@21.0.3)
8166:             1             16  java.lang.reflect.AccessFlag$17 (java.base@21.0.3)
8167:             1             16  java.lang.reflect.AccessFlag$18 (java.base@21.0.3)
8168:             1             16  java.lang.reflect.AccessFlag$2 (java.base@21.0.3)
8169:             1             16  java.lang.reflect.AccessFlag$3 (java.base@21.0.3)
8170:             1             16  java.lang.reflect.AccessFlag$4 (java.base@21.0.3)
8171:             1             16  java.lang.reflect.AccessFlag$5 (java.base@21.0.3)
8172:             1             16  java.lang.reflect.AccessFlag$6 (java.base@21.0.3)
8173:             1             16  java.lang.reflect.AccessFlag$7 (java.base@21.0.3)
8174:             1             16  java.lang.reflect.AccessFlag$8 (java.base@21.0.3)
8175:             1             16  java.lang.reflect.AccessFlag$9 (java.base@21.0.3)
8176:             1             16  java.lang.reflect.Proxy$$Lambda/0x00007fcd28147cc0 (java.base@21.0.3)
8177:             1             16  java.lang.reflect.Proxy$ProxyBuilder$$Lambda/0x00007fcd281480f0 (java.base@21.0.3)
8178:             1             16  java.lang.reflect.ProxyGenerator$$Lambda/0x00007fcd281497d8 (java.base@21.0.3)
8179:             1             16  java.lang.reflect.ProxyGenerator$$Lambda/0x00007fcd28149a10 (java.base@21.0.3)
8180:             1             16  java.lang.reflect.ReflectAccess (java.base@21.0.3)
8181:             1             16  java.net.InetAddress$$Lambda/0x00007fcd28156650 (java.base@21.0.3)
8182:             1             16  java.net.InetAddress$$Lambda/0x00007fcd28156a78 (java.base@21.0.3)
8183:             1             16  java.net.InetAddress$$Lambda/0x00007fcd28156cb0 (java.base@21.0.3)
8184:             1             16  java.net.InetAddress$1 (java.base@21.0.3)
8185:             1             16  java.net.InetAddress$PlatformResolver (java.base@21.0.3)
8186:             1             16  java.net.URI$1 (java.base@21.0.3)
8187:             1             16  java.net.URL$3 (java.base@21.0.3)
8188:             1             16  java.net.URL$DefaultFactory (java.base@21.0.3)
8189:             1             16  java.net.spi.InetAddressResolver$LookupPolicy (java.base@21.0.3)
8190:             1             16  java.nio.Bits$1 (java.base@21.0.3)
8191:             1             16  java.nio.Buffer$1 (java.base@21.0.3)
8192:             1             16  java.nio.Buffer$2 (java.base@21.0.3)
8193:             1             16  java.nio.channels.spi.SelectorProvider$Holder$$Lambda/0x00007fcd289edf88 (java.base@21.0.3)
8194:             1             16  java.nio.file.Files$$Lambda/0x00007fcd282f8420 (java.base@21.0.3)
8195:             1             16  java.nio.file.Files$AcceptAllFilter (java.base@21.0.3)
8196:             1             16  java.security.AllPermission (java.base@21.0.3)
8197:             1             16  java.security.KeyStore$$Lambda/0x00007fcd282d1c28 (java.base@21.0.3)
8198:             1             16  java.security.ProtectionDomain$JavaSecurityAccessImpl (java.base@21.0.3)
8199:             1             16  java.security.Security$$Lambda/0x80000000b (java.base@21.0.3)
8200:             1             16  java.security.Security$1 (java.base@21.0.3)
8201:             1             16  java.security.Signature$1 (java.base@21.0.3)
8202:             1             16  java.security.cert.CertPathHelperImpl (java.base@21.0.3)
8203:             1             16  java.security.spec.EncodedKeySpec$$Lambda/0x00007fcd28266c20 (java.base@21.0.3)
8204:             1             16  java.text.DecimalFormatSymbols$$Lambda/0x80000000d (java.base@21.0.3)
8205:             1             16  java.text.MessageFormat$Field (java.base@21.0.3)
8206:             1             16  java.time.ZoneOffset$$Lambda/0x80000000e (java.base@21.0.3)
8207:             1             16  java.time.chrono.HijrahChronology$$Lambda/0x00007fcd284cc538 (java.base@21.0.3)
8208:             1             16  java.time.chrono.HijrahChronology$$Lambda/0x00007fcd284cc750 (java.base@21.0.3)
8209:             1             16  java.time.chrono.IsoChronology (java.base@21.0.3)
8210:             1             16  java.time.chrono.JapaneseChronology (java.base@21.0.3)
8211:             1             16  java.time.chrono.MinguoChronology (java.base@21.0.3)
8212:             1             16  java.time.chrono.ThaiBuddhistChronology (java.base@21.0.3)
8213:             1             16  java.time.format.DateTimeFormatter$$Lambda/0x80000000f (java.base@21.0.3)
8214:             1             16  java.time.format.DateTimeFormatter$$Lambda/0x800000010 (java.base@21.0.3)
8215:             1             16  java.time.format.DateTimeFormatterBuilder$$Lambda/0x800000011 (java.base@21.0.3)
8216:             1             16  java.time.format.DateTimeFormatterBuilder$InstantPrinterParser (java.base@21.0.3)
8217:             1             16  java.time.format.DateTimeFormatterBuilder$LocalizedOffsetIdPrinterParser (java.base@21.0.3)
8218:             1             16  java.time.format.DateTimeTextProvider (java.base@21.0.3)
8219:             1             16  java.time.format.DateTimeTextProvider$1 (java.base@21.0.3)
8220:             1             16  java.time.temporal.TemporalQueries$1 (java.base@21.0.3)
8221:             1             16  java.time.temporal.TemporalQueries$2 (java.base@21.0.3)
8222:             1             16  java.time.temporal.TemporalQueries$3 (java.base@21.0.3)
8223:             1             16  java.time.temporal.TemporalQueries$4 (java.base@21.0.3)
8224:             1             16  java.time.temporal.TemporalQueries$5 (java.base@21.0.3)
8225:             1             16  java.time.temporal.TemporalQueries$6 (java.base@21.0.3)
8226:             1             16  java.time.temporal.TemporalQueries$7 (java.base@21.0.3)
8227:             1             16  java.util.AbstractMap$1 (java.base@21.0.3)
8228:             1             16  java.util.Collections$EmptyEnumeration (java.base@21.0.3)
8229:             1             16  java.util.Collections$EmptyIterator (java.base@21.0.3)
8230:             1             16  java.util.Collections$EmptyList (java.base@21.0.3)
8231:             1             16  java.util.Collections$EmptyListIterator (java.base@21.0.3)
8232:             1             16  java.util.Collections$EmptySet (java.base@21.0.3)
8233:             1             16  java.util.Collections$ReverseComparator (java.base@21.0.3)
8234:             1             16  java.util.Collections$UnmodifiableMap$UnmodifiableEntrySet$$Lambda/0x00007fcd284e0e20 (java.base@21.0.3)
8235:             1             16  java.util.EnumMap$1 (java.base@21.0.3)
8236:             1             16  java.util.ImmutableCollections$Access$1 (java.base@21.0.3)
8237:             1             16  java.util.Locale$Builder (java.base@21.0.3)
8238:             1             16  java.util.Map$Entry$$Lambda/0x00007fcd29074e50 (java.base@21.0.3)
8239:             1             16  java.util.Properties$EntrySet (java.base@21.0.3)
8240:             1             16  java.util.ResourceBundle$1 (java.base@21.0.3)
8241:             1             16  java.util.ResourceBundle$Control (java.base@21.0.3)
8242:             1             16  java.util.Spliterators$EmptySpliterator$OfDouble (java.base@21.0.3)
8243:             1             16  java.util.Spliterators$EmptySpliterator$OfInt (java.base@21.0.3)
8244:             1             16  java.util.Spliterators$EmptySpliterator$OfLong (java.base@21.0.3)
8245:             1             16  java.util.Spliterators$EmptySpliterator$OfRef (java.base@21.0.3)
8246:             1             16  java.util.concurrent.CompletableFuture$AltResult (java.base@21.0.3)
8247:             1             16  java.util.concurrent.ForkJoinPool$2 (java.base@21.0.3)
8248:             1             16  java.util.concurrent.ForkJoinPool$DefaultForkJoinWorkerThreadFactory (java.base@21.0.3)
8249:             1             16  java.util.concurrent.ThreadPoolExecutor$AbortPolicy (java.base@21.0.3)
8250:             1             16  java.util.function.Function$$Lambda/0x00007fcd28068a50 (java.base@21.0.3)
8251:             1             16  java.util.function.UnaryOperator$$Lambda/0x00007fcd289f2348 (java.base@21.0.3)
8252:             1             16  java.util.jar.JavaUtilJarAccessImpl (java.base@21.0.3)
8253:             1             16  java.util.logging.ErrorManager (java.logging@21.0.3)
8254:             1             16  java.util.logging.Level$$Lambda/0x800000013 (java.logging@21.0.3)
8255:             1             16  java.util.logging.Level$KnownLevel$$Lambda/0x800000023 (java.logging@21.0.3)
8256:             1             16  java.util.logging.Level$KnownLevel$$Lambda/0x800000024 (java.logging@21.0.3)
8257:             1             16  java.util.logging.Level$KnownLevel$$Lambda/0x800000025 (java.logging@21.0.3)
8258:             1             16  java.util.logging.LogManager$CloseOnReset (java.logging@21.0.3)
8259:             1             16  java.util.logging.LogManager$LoggingProviderAccess (java.logging@21.0.3)
8260:             1             16  java.util.logging.LogManager$VisitedLoggers (java.logging@21.0.3)
8261:             1             16  java.util.logging.Logging (java.logging@21.0.3)
8262:             1             16  java.util.logging.SimpleFormatter (java.logging@21.0.3)
8263:             1             16  java.util.logging.SimpleFormatter$$Lambda/0x00007fcd28171fb0 (java.logging@21.0.3)
8264:             1             16  java.util.regex.CharPredicates$$Lambda/0x00007fcd28078698 (java.base@21.0.3)
8265:             1             16  java.util.regex.CharPredicates$$Lambda/0x00007fcd282fa940 (java.base@21.0.3)
8266:             1             16  java.util.regex.CharPredicates$$Lambda/0x00007fcd282fadf0 (java.base@21.0.3)
8267:             1             16  java.util.regex.CharPredicates$$Lambda/0x800000026 (java.base@21.0.3)
8268:             1             16  java.util.regex.CharPredicates$$Lambda/0x800000027 (java.base@21.0.3)
8269:             1             16  java.util.regex.Pattern$$Lambda/0x00007fcd280771b0 (java.base@21.0.3)
8270:             1             16  java.util.regex.Pattern$$Lambda/0x00007fcd282fab98 (java.base@21.0.3)
8271:             1             16  java.util.regex.Pattern$$Lambda/0x00007fcd289f9b38 (java.base@21.0.3)
8272:             1             16  java.util.regex.Pattern$LastNode (java.base@21.0.3)
8273:             1             16  java.util.regex.Pattern$LookBehindEndNode (java.base@21.0.3)
8274:             1             16  java.util.regex.Pattern$Node (java.base@21.0.3)
8275:             1             16  java.util.stream.Collectors$$Lambda/0x00007fcd2806a460 (java.base@21.0.3)
8276:             1             16  java.util.stream.Collectors$$Lambda/0x00007fcd2806a8a8 (java.base@21.0.3)
8277:             1             16  java.util.stream.Collectors$$Lambda/0x00007fcd2806aae8 (java.base@21.0.3)
8278:             1             16  java.util.stream.Collectors$$Lambda/0x00007fcd2806ca08 (java.base@21.0.3)
8279:             1             16  java.util.stream.Collectors$$Lambda/0x00007fcd2806cc20 (java.base@21.0.3)
8280:             1             16  java.util.stream.Collectors$$Lambda/0x00007fcd2806ce48 (java.base@21.0.3)
8281:             1             16  java.util.stream.Collectors$$Lambda/0x00007fcd282fe858 (java.base@21.0.3)
8282:             1             16  java.util.stream.Collectors$$Lambda/0x00007fcd284c7b58 (java.base@21.0.3)
8283:             1             16  java.util.stream.Collectors$$Lambda/0x00007fcd284c7d80 (java.base@21.0.3)
8284:             1             16  java.util.stream.Collectors$$Lambda/0x00007fcd289e1850 (java.base@21.0.3)
8285:             1             16  java.util.stream.Collectors$$Lambda/0x00007fcd29164990 (java.base@21.0.3)
8286:             1             16  java.util.stream.Collectors$$Lambda/0x00007fcd2916b990 (java.base@21.0.3)
8287:             1             16  java.util.stream.Collectors$$Lambda/0x00007fcd29177bb8 (java.base@21.0.3)
8288:             1             16  java.util.stream.Collectors$$Lambda/0x00007fcd29178a88 (java.base@21.0.3)
8289:             1             16  java.util.stream.Collectors$$Lambda/0x00007fcd29178ed0 (java.base@21.0.3)
8290:             1             16  java.util.stream.Collectors$$Lambda/0x00007fcd291790e8 (java.base@21.0.3)
8291:             1             16  java.util.stream.Collectors$$Lambda/0x00007fcd29179310 (java.base@21.0.3)
8292:             1             16  java.util.stream.Collectors$$Lambda/0x00007fcd29179550 (java.base@21.0.3)
8293:             1             16  java.util.stream.Collectors$$Lambda/0x00007fcd2917b5b0 (java.base@21.0.3)
8294:             1             16  java.util.stream.Collectors$$Lambda/0x80000003a (java.base@21.0.3)
8295:             1             16  java.util.stream.Collectors$$Lambda/0x80000003f (java.base@21.0.3)
8296:             1             16  java.util.stream.Collectors$$Lambda/0x800000041 (java.base@21.0.3)
8297:             1             16  java.util.stream.Collectors$$Lambda/0x800000042 (java.base@21.0.3)
8298:             1             16  java.util.stream.Collectors$$Lambda/0x800000043 (java.base@21.0.3)
8299:             1             16  java.util.stream.Collectors$$Lambda/0x800000044 (java.base@21.0.3)
8300:             1             16  java.util.stream.Collectors$$Lambda/0x800000046 (java.base@21.0.3)
8301:             1             16  java.util.stream.FindOps$FindSink$OfInt$$Lambda/0x800000049 (java.base@21.0.3)
8302:             1             16  java.util.stream.FindOps$FindSink$OfInt$$Lambda/0x80000004a (java.base@21.0.3)
8303:             1             16  java.util.stream.FindOps$FindSink$OfInt$$Lambda/0x80000004b (java.base@21.0.3)
8304:             1             16  java.util.stream.FindOps$FindSink$OfInt$$Lambda/0x80000004c (java.base@21.0.3)
8305:             1             16  java.util.stream.FindOps$FindSink$OfRef$$Lambda/0x80000004d (java.base@21.0.3)
8306:             1             16  java.util.stream.FindOps$FindSink$OfRef$$Lambda/0x80000004e (java.base@21.0.3)
8307:             1             16  java.util.stream.FindOps$FindSink$OfRef$$Lambda/0x80000004f (java.base@21.0.3)
8308:             1             16  java.util.stream.FindOps$FindSink$OfRef$$Lambda/0x800000050 (java.base@21.0.3)
8309:             1             16  java.util.stream.IntPipeline$$Lambda/0x00007fcd28073878 (java.base@21.0.3)
8310:             1             16  java.util.stream.IntPipeline$$Lambda/0x00007fcd290758f0 (java.base@21.0.3)
8311:             1             16  java.util.stream.LongPipeline$$Lambda/0x00007fcd284c5330 (java.base@21.0.3)
8312:             1             16  java.util.stream.LongPipeline$$Lambda/0x00007fcd289f85c0 (java.base@21.0.3)
8313:             1             16  java.util.stream.LongPipeline$$Lambda/0x00007fcd290750e0 (java.base@21.0.3)
8314:             1             16  java.util.stream.LongPipeline$$Lambda/0x00007fcd292893d8 (java.base@21.0.3)
8315:             1             16  java.util.stream.Nodes$EmptyNode$OfDouble (java.base@21.0.3)
8316:             1             16  java.util.stream.Nodes$EmptyNode$OfInt (java.base@21.0.3)
8317:             1             16  java.util.stream.Nodes$EmptyNode$OfLong (java.base@21.0.3)
8318:             1             16  java.util.stream.Nodes$EmptyNode$OfRef (java.base@21.0.3)
8319:             1             16  java.util.stream.ReferencePipeline$$Lambda/0x00007fcd289e0000 (java.base@21.0.3)
8320:             1             16  java.util.zip.ZipFile$1 (java.base@21.0.3)
8321:             1             16  javax.crypto.CryptoAllPermissionCollection (java.base@21.0.3)
8322:             1             16  javax.crypto.JceSecurityManager (java.base@21.0.3)
8323:             1             16  javax.crypto.JceSecurityManager$$Lambda/0x00007fcd282c7e30 (java.base@21.0.3)
8324:             1             16  javax.crypto.JceSecurityManager$$Lambda/0x00007fcd282c8048 (java.base@21.0.3)
8325:             1             16  javax.crypto.spec.SecretKeySpec$$Lambda/0x00007fcd280fc3c8 (java.base@21.0.3)
8326:             1             16  javax.management.JMX (java.management@21.0.3)
8327:             1             16  javax.management.MBeanServerBuilder (java.management@21.0.3)
8328:             1             16  javax.management.NotificationBroadcasterSupport$1 (java.management@21.0.3)
8329:             1             16  javax.net.ssl.KeyManagerFactory$$Lambda/0x00007fcd282f5ef8 (java.base@21.0.3)
8330:             1             16  javax.net.ssl.TrustManagerFactory$$Lambda/0x00007fcd282d0750 (java.base@21.0.3)
8331:             1             16  jdk.internal.foreign.MemorySessionImpl$$Lambda/0x00007fcd2917c0d8 (java.base@21.0.3)
8332:             1             16  jdk.internal.foreign.MemorySessionImpl$$Lambda/0x00007fcd2917c548 (java.base@21.0.3)
8333:             1             16  jdk.internal.foreign.MemorySessionImpl$ResourceList$ResourceCleanup$1 (java.base@21.0.3)
8334:             1             16  jdk.internal.icu.impl.Norm2AllModes$DecomposeNormalizer2 (java.base@21.0.3)
8335:             1             16  jdk.internal.icu.impl.Norm2AllModes$NoopNormalizer2 (java.base@21.0.3)
8336:             1             16  jdk.internal.icu.impl.NormalizerImpl$IsAcceptable (java.base@21.0.3)
8337:             1             16  jdk.internal.icu.text.NormalizerBase$ModeImpl (java.base@21.0.3)
8338:             1             16  jdk.internal.icu.text.NormalizerBase$NFCMode (java.base@21.0.3)
8339:             1             16  jdk.internal.icu.text.NormalizerBase$NFDMode (java.base@21.0.3)
8340:             1             16  jdk.internal.icu.text.NormalizerBase$NFKCMode (java.base@21.0.3)
8341:             1             16  jdk.internal.icu.text.NormalizerBase$NFKDMode (java.base@21.0.3)
8342:             1             16  jdk.internal.icu.text.NormalizerBase$NONEMode (java.base@21.0.3)
8343:             1             16  jdk.internal.icu.util.CodePointTrie$Data16 (java.base@21.0.3)
8344:             1             16  jdk.internal.icu.util.VersionInfo (java.base@21.0.3)
8345:             1             16  jdk.internal.jimage.ImageBufferCache$1 (java.base@21.0.3)
8346:             1             16  jdk.internal.jimage.ImageBufferCache$2 (java.base@21.0.3)
8347:             1             16  jdk.internal.jimage.ImageReaderFactory$1 (java.base@21.0.3)
8348:             1             16  jdk.internal.jimage.ImageStringsReader (java.base@21.0.3)
8349:             1             16  jdk.internal.jimage.decompressor.Decompressor (java.base@21.0.3)
8350:             1             16  jdk.internal.jrtfs.JrtFileSystemProvider (java.base@21.0.3)
8351:             1             16  jdk.internal.logger.LazyLoggers$$Lambda/0x00007fcd28168b10 (java.base@21.0.3)
8352:             1             16  jdk.internal.logger.LazyLoggers$1 (java.base@21.0.3)
8353:             1             16  jdk.internal.logger.LazyLoggers$JdkLazyLogger (java.base@21.0.3)
8354:             1             16  jdk.internal.logger.LazyLoggers$LazyLoggerFactories (java.base@21.0.3)
8355:             1             16  jdk.internal.logger.LoggerFinderLoader$$Lambda/0x00007fcd28169140 (java.base@21.0.3)
8356:             1             16  jdk.internal.logger.LoggerFinderLoader$$Lambda/0x00007fcd28169358 (java.base@21.0.3)
8357:             1             16  jdk.internal.math.FloatingDecimal$1 (java.base@21.0.3)
8358:             1             16  jdk.internal.misc.ExtendedMapMode$$Lambda/0x00007fcd2917da28 (java.base@21.0.3)
8359:             1             16  jdk.internal.misc.ScopedMemoryAccess (java.base@21.0.3)
8360:             1             16  jdk.internal.misc.TerminatingThreadLocal$1 (java.base@21.0.3)
8361:             1             16  jdk.internal.misc.Unsafe (java.base@21.0.3)
8362:             1             16  jdk.internal.module.ArchivedBootLayer (java.base@21.0.3)
8363:             1             16  jdk.internal.module.ModuleLoaderMap$Mapper (java.base@21.0.3)
8364:             1             16  jdk.internal.module.ModulePatcher (java.base@21.0.3)
8365:             1             16  jdk.internal.module.ModuleTarget (java.base@21.0.3)
8366:             1             16  jdk.internal.perf.Perf (java.base@21.0.3)
8367:             1             16  jdk.internal.platform.CgroupMetrics (java.base@21.0.3)
8368:             1             16  jdk.internal.platform.CgroupSubsystemFactory$$Lambda/0x00007fcd281770d8 (java.base@21.0.3)
8369:             1             16  jdk.internal.platform.cgroupv2.CgroupV2Subsystem (java.base@21.0.3)
8370:             1             16  jdk.internal.platform.cgroupv2.CgroupV2Subsystem$$Lambda/0x00007fcd284de6f0 (java.base@21.0.3)
8371:             1             16  jdk.internal.platform.cgroupv2.CgroupV2SubsystemController (java.base@21.0.3)
8372:             1             16  jdk.internal.reflect.GeneratedSerializationConstructorAccessor1 (java.base@21.0.3)
8373:             1             16  jdk.internal.reflect.GeneratedSerializationConstructorAccessor10 (java.base@21.0.3)
8374:             1             16  jdk.internal.reflect.GeneratedSerializationConstructorAccessor11 (java.base@21.0.3)
8375:             1             16  jdk.internal.reflect.GeneratedSerializationConstructorAccessor12
8376:             1             16  jdk.internal.reflect.GeneratedSerializationConstructorAccessor2 (java.base@21.0.3)
8377:             1             16  jdk.internal.reflect.GeneratedSerializationConstructorAccessor3 (java.base@21.0.3)
8378:             1             16  jdk.internal.reflect.GeneratedSerializationConstructorAccessor4 (java.base@21.0.3)
8379:             1             16  jdk.internal.reflect.GeneratedSerializationConstructorAccessor5
8380:             1             16  jdk.internal.reflect.GeneratedSerializationConstructorAccessor6 (java.base@21.0.3)
8381:             1             16  jdk.internal.reflect.GeneratedSerializationConstructorAccessor7 (java.base@21.0.3)
8382:             1             16  jdk.internal.reflect.GeneratedSerializationConstructorAccessor8 (java.base@21.0.3)
8383:             1             16  jdk.internal.reflect.GeneratedSerializationConstructorAccessor9 (java.base@21.0.3)
8384:             1             16  jdk.internal.reflect.ReflectionFactory (java.base@21.0.3)
8385:             1             16  jdk.internal.util.Preconditions$1 (java.base@21.0.3)
8386:             1             16  jdk.internal.util.Preconditions$2 (java.base@21.0.3)
8387:             1             16  jdk.internal.util.Preconditions$3 (java.base@21.0.3)
8388:             1             16  jdk.jfr.internal.SecuritySupport$$Lambda/0x00007fcd289e2bd0 (jdk.jfr@21.0.3)
8389:             1             16  jdk.jfr.internal.SecuritySupport$Privileged (jdk.jfr@21.0.3)
8390:             1             16  jdk.jfr.internal.consumer.FileAccess$UnPrivileged (jdk.jfr@21.0.3)
8391:             1             16  jdk.jfr.internal.dcmd.DCmdCheck$$Lambda/0x00007fcd289ea088 (jdk.jfr@21.0.3)
8392:             1             16  jdk.jfr.internal.dcmd.DCmdDump$$Lambda/0x00007fcd289e9e70 (jdk.jfr@21.0.3)
8393:             1             16  jdk.jfr.internal.dcmd.DCmdStart$$Lambda/0x00007fcd289e3430 (jdk.jfr@21.0.3)
8394:             1             16  jdk.jfr.internal.dcmd.DCmdStart$$Lambda/0x00007fcd289e9c58 (jdk.jfr@21.0.3)
8395:             1             16  jdk.jfr.internal.dcmd.DCmdStop$$Lambda/0x00007fcd289e1438 (jdk.jfr@21.0.3)
8396:             1             16  jdk.jfr.internal.dcmd.DCmdView$$Lambda/0x00007fcd289e1220 (jdk.jfr@21.0.3)
8397:             1             16  jdk.jfr.internal.jfc.model.JFCModel$$Lambda/0x00007fcd289e97f8 (jdk.jfr@21.0.3)
8398:             1             16  jdk.jfr.internal.jfc.model.JFCModel$$Lambda/0x00007fcd289e9a20 (jdk.jfr@21.0.3)
8399:             1             16  jdk.management.jfr.SettingDescriptorInfo$1 (jdk.management.jfr@21.0.3)
8400:             1             16  jdk.net.LinuxSocketOptions (jdk.net@21.0.3)
8401:             1             16  jdk.net.LinuxSocketOptions$$Lambda/0x00007fcd289fe8d8 (jdk.net@21.0.3)
8402:             1             16  jdk.nio.zipfs.ZipFileSystem$$Lambda/0x00007fcd2903d790 (jdk.zipfs@21.0.3)
8403:             1             16  jdk.nio.zipfs.ZipFileSystemProvider (jdk.zipfs@21.0.3)
8404:             1             16  jdk.proxy2.$Proxy14 (jdk.proxy2)
8405:             1             16  jdk.proxy2.$Proxy16 (jdk.proxy2)
8406:             1             16  jdk.proxy2.$Proxy31 (jdk.proxy2)
8407:             1             16  jdk.proxy2.$Proxy33 (jdk.proxy2)
8408:             1             16  jdk.proxy2.$Proxy8 (jdk.proxy2)
8409:             1             16  jdk.proxy4.$Proxy49 (jdk.proxy4)
8410:             1             16  jdk.proxy5.$Proxy45 (jdk.proxy5)
8411:             1             16  jdk.proxy5.$Proxy46 (jdk.proxy5)
8412:             1             16  jdk.proxy7.$Proxy43 (jdk.proxy7)
8413:             1             16  jdk.proxy7.$Proxy44 (jdk.proxy7)
8414:             1             16  joptsimple.OptionParserState$2
8415:             1             16  joptsimple.util.PathConverter
8416:             1             16  kotlin.Result$Companion
8417:             1             16  kotlin.UNINITIALIZED_VALUE
8418:             1             16  kotlin.UNINITIALIZED_VALUE
8419:             1             16  kotlin.UNINITIALIZED_VALUE
8420:             1             16  kotlin.UNINITIALIZED_VALUE
8421:             1             16  kotlin.Unit
8422:             1             16  kotlin.collections.EmptyIterator
8423:             1             16  kotlin.collections.EmptyIterator
8424:             1             16  kotlin.collections.EmptyIterator
8425:             1             16  kotlin.collections.EmptyIterator
8426:             1             16  kotlin.collections.EmptyList
8427:             1             16  kotlin.collections.EmptyList
8428:             1             16  kotlin.collections.EmptyList
8429:             1             16  kotlin.collections.EmptyList
8430:             1             16  kotlin.collections.EmptyList
8431:             1             16  kotlin.collections.EmptyList
8432:             1             16  kotlin.collections.EmptyMap
8433:             1             16  kotlin.collections.EmptySet
8434:             1             16  kotlin.coroutines.ContinuationInterceptor$Key
8435:             1             16  kotlin.coroutines.ContinuationInterceptor$Key
8436:             1             16  kotlin.coroutines.ContinuationInterceptor$Key
8437:             1             16  kotlin.coroutines.ContinuationInterceptor$Key
8438:             1             16  kotlin.coroutines.ContinuationInterceptor$Key
8439:             1             16  kotlin.coroutines.ContinuationInterceptor$Key
8440:             1             16  kotlin.coroutines.CoroutineContext$plus$1
8441:             1             16  kotlin.coroutines.CoroutineContext$plus$1
8442:             1             16  kotlin.coroutines.CoroutineContext$plus$1
8443:             1             16  kotlin.coroutines.CoroutineContext$plus$1
8444:             1             16  kotlin.coroutines.CoroutineContext$plus$1
8445:             1             16  kotlin.coroutines.CoroutineContext$plus$1
8446:             1             16  kotlin.coroutines.EmptyCoroutineContext
8447:             1             16  kotlin.coroutines.EmptyCoroutineContext
8448:             1             16  kotlin.coroutines.EmptyCoroutineContext
8449:             1             16  kotlin.coroutines.EmptyCoroutineContext
8450:             1             16  kotlin.coroutines.EmptyCoroutineContext
8451:             1             16  kotlin.coroutines.EmptyCoroutineContext
8452:             1             16  kotlin.coroutines.jvm.internal.CompletedContinuation
8453:             1             16  kotlin.internal.jdk8.JDK8PlatformImplementations
8454:             1             16  kotlin.internal.jdk8.JDK8PlatformImplementations$ReflectSdkVersion
8455:             1             16  kotlin.jvm.internal.ClassReference$Companion
8456:             1             16  kotlin.jvm.internal.ReflectionFactory
8457:             1             16  kotlin.random.Random$Default
8458:             1             16  kotlin.random.jdk8.PlatformThreadLocalRandom
8459:             1             16  kotlin.ranges.IntProgression$Companion
8460:             1             16  kotlin.ranges.IntProgression$Companion
8461:             1             16  kotlin.ranges.IntProgression$Companion
8462:             1             16  kotlin.ranges.IntRange$Companion
8463:             1             16  kotlin.ranges.IntRange$Companion
8464:             1             16  kotlin.ranges.IntRange$Companion
8465:             1             16  kotlin.text.Charsets
8466:             1             16  kotlin.text.Charsets
8467:             1             16  kotlin.text.Charsets
8468:             1             16  kotlin.text.Charsets
8469:             1             16  kotlinx.coroutines.CoroutineDispatcher$Key$1
8470:             1             16  kotlinx.coroutines.CoroutineDispatcher$Key$1
8471:             1             16  kotlinx.coroutines.CoroutineDispatcher$Key$1
8472:             1             16  kotlinx.coroutines.CoroutineDispatcher$Key$1
8473:             1             16  kotlinx.coroutines.CoroutineDispatcher$Key$1
8474:             1             16  kotlinx.coroutines.CoroutineExceptionHandler$Key
8475:             1             16  kotlinx.coroutines.CoroutineExceptionHandler$Key
8476:             1             16  kotlinx.coroutines.CoroutineExceptionHandler$Key
8477:             1             16  kotlinx.coroutines.CoroutineExceptionHandler$Key
8478:             1             16  kotlinx.coroutines.CoroutineExceptionHandler$Key
8479:             1             16  kotlinx.coroutines.CoroutineExceptionHandler$Key
8480:             1             16  kotlinx.coroutines.CoroutineName$Key
8481:             1             16  kotlinx.coroutines.CoroutineName$Key
8482:             1             16  kotlinx.coroutines.Dispatchers
8483:             1             16  kotlinx.coroutines.Dispatchers
8484:             1             16  kotlinx.coroutines.Dispatchers
8485:             1             16  kotlinx.coroutines.Dispatchers
8486:             1             16  kotlinx.coroutines.Dispatchers
8487:             1             16  kotlinx.coroutines.ExecutorCoroutineDispatcher$Key$1
8488:             1             16  kotlinx.coroutines.ExecutorCoroutineDispatcher$Key$1
8489:             1             16  kotlinx.coroutines.ExecutorCoroutineDispatcher$Key$1
8490:             1             16  kotlinx.coroutines.ExecutorCoroutineDispatcher$Key$1
8491:             1             16  kotlinx.coroutines.ExecutorCoroutineDispatcher$Key$1
8492:             1             16  kotlinx.coroutines.GlobalScope
8493:             1             16  kotlinx.coroutines.Job$Key
8494:             1             16  kotlinx.coroutines.Job$Key
8495:             1             16  kotlinx.coroutines.Job$Key
8496:             1             16  kotlinx.coroutines.Job$Key
8497:             1             16  kotlinx.coroutines.Job$Key
8498:             1             16  kotlinx.coroutines.Job$Key
8499:             1             16  kotlinx.coroutines.NonDisposableHandle
8500:             1             16  kotlinx.coroutines.NonDisposableHandle
8501:             1             16  kotlinx.coroutines.NonDisposableHandle
8502:             1             16  kotlinx.coroutines.NonDisposableHandle
8503:             1             16  kotlinx.coroutines.NonDisposableHandle
8504:             1             16  kotlinx.coroutines.NonDisposableHandle
8505:             1             16  kotlinx.coroutines.Unconfined
8506:             1             16  kotlinx.coroutines.Unconfined
8507:             1             16  kotlinx.coroutines.Unconfined
8508:             1             16  kotlinx.coroutines.Unconfined
8509:             1             16  kotlinx.coroutines.Unconfined
8510:             1             16  kotlinx.coroutines.internal.ContextScope
8511:             1             16  kotlinx.coroutines.internal.ContextScope
8512:             1             16  kotlinx.coroutines.internal.ContextScope
8513:             1             16  kotlinx.coroutines.internal.LockFreeTaskQueueCore$Companion
8514:             1             16  kotlinx.coroutines.internal.LockFreeTaskQueueCore$Companion
8515:             1             16  kotlinx.coroutines.internal.LockFreeTaskQueueCore$Companion
8516:             1             16  kotlinx.coroutines.internal.LockFreeTaskQueueCore$Companion
8517:             1             16  kotlinx.coroutines.internal.LockFreeTaskQueueCore$Companion
8518:             1             16  kotlinx.coroutines.internal.ThreadContextKt$countAll$1
8519:             1             16  kotlinx.coroutines.internal.ThreadContextKt$findOne$1
8520:             1             16  kotlinx.coroutines.internal.ThreadContextKt$restoreState$1
8521:             1             16  kotlinx.coroutines.internal.ThreadContextKt$updateState$1
8522:             1             16  kotlinx.coroutines.scheduling.CoroutineScheduler$Companion
8523:             1             16  kotlinx.coroutines.scheduling.CoroutineScheduler$Companion
8524:             1             16  kotlinx.coroutines.scheduling.CoroutineScheduler$Companion
8525:             1             16  kotlinx.coroutines.scheduling.CoroutineScheduler$Companion
8526:             1             16  kotlinx.coroutines.scheduling.CoroutineScheduler$Companion
8527:             1             16  kotlinx.coroutines.scheduling.GlobalQueue
8528:             1             16  kotlinx.coroutines.scheduling.NanoTimeSource
8529:             1             16  kotlinx.coroutines.scheduling.NanoTimeSource
8530:             1             16  kotlinx.coroutines.scheduling.NanoTimeSource
8531:             1             16  kotlinx.coroutines.scheduling.NanoTimeSource
8532:             1             16  kotlinx.coroutines.scheduling.NanoTimeSource
8533:             1             16  kotlinx.coroutines.scheduling.NonBlockingContext
8534:             1             16  org.apache.commons.pool2.impl.BaseGenericObjectPool$StatsStore$$Lambda/0x00007fcd289c0d68
8535:             1             16  org.apache.commons.pool2.impl.DefaultEvictionPolicy
8536:             1             16  org.apache.commons.pool2.impl.EvictionTimer$EvictorThreadFactory
8537:             1             16  org.apache.commons.pool2.impl.EvictionTimer$Reaper
8538:             1             16  org.apache.commons.pool2.impl.EvictionTimer$WeakRunner
8539:             1             16  org.apache.commons.pool2.impl.InterruptibleReentrantLock
8540:             1             16  org.apache.logging.log4j.LogBuilder$1
8541:             1             16  org.apache.logging.log4j.ThreadContext$EmptyIterator
8542:             1             16  org.apache.logging.log4j.ThreadContext$EmptyThreadContextStack
8543:             1             16  org.apache.logging.log4j.core.LoggerContext$$Lambda/0x00007fcd2819afb0
8544:             1             16  org.apache.logging.log4j.core.appender.ConsoleAppender$ConsoleManagerFactory
8545:             1             16  org.apache.logging.log4j.core.appender.FileManager$FileManagerFactory
8546:             1             16  org.apache.logging.log4j.core.appender.rolling.RollingFileManager$RollingFileManagerFactory
8547:             1             16  org.apache.logging.log4j.core.config.ConfigurationFactory$Factory
8548:             1             16  org.apache.logging.log4j.core.config.composite.DefaultMergeStrategy
8549:             1             16  org.apache.logging.log4j.core.config.plugins.convert.EnumConverter
8550:             1             16  org.apache.logging.log4j.core.config.plugins.convert.TypeConverterRegistry
8551:             1             16  org.apache.logging.log4j.core.config.plugins.convert.TypeConverters$BigDecimalConverter
8552:             1             16  org.apache.logging.log4j.core.config.plugins.convert.TypeConverters$BigIntegerConverter
8553:             1             16  org.apache.logging.log4j.core.config.plugins.convert.TypeConverters$BooleanConverter
8554:             1             16  org.apache.logging.log4j.core.config.plugins.convert.TypeConverters$ByteArrayConverter
8555:             1             16  org.apache.logging.log4j.core.config.plugins.convert.TypeConverters$ByteConverter
8556:             1             16  org.apache.logging.log4j.core.config.plugins.convert.TypeConverters$CharArrayConverter
8557:             1             16  org.apache.logging.log4j.core.config.plugins.convert.TypeConverters$CharacterConverter
8558:             1             16  org.apache.logging.log4j.core.config.plugins.convert.TypeConverters$CharsetConverter
8559:             1             16  org.apache.logging.log4j.core.config.plugins.convert.TypeConverters$ClassConverter
8560:             1             16  org.apache.logging.log4j.core.config.plugins.convert.TypeConverters$CronExpressionConverter
8561:             1             16  org.apache.logging.log4j.core.config.plugins.convert.TypeConverters$DoubleConverter
8562:             1             16  org.apache.logging.log4j.core.config.plugins.convert.TypeConverters$DurationConverter
8563:             1             16  org.apache.logging.log4j.core.config.plugins.convert.TypeConverters$FileConverter
8564:             1             16  org.apache.logging.log4j.core.config.plugins.convert.TypeConverters$FloatConverter
8565:             1             16  org.apache.logging.log4j.core.config.plugins.convert.TypeConverters$InetAddressConverter
8566:             1             16  org.apache.logging.log4j.core.config.plugins.convert.TypeConverters$IntegerConverter
8567:             1             16  org.apache.logging.log4j.core.config.plugins.convert.TypeConverters$LevelConverter
8568:             1             16  org.apache.logging.log4j.core.config.plugins.convert.TypeConverters$LongConverter
8569:             1             16  org.apache.logging.log4j.core.config.plugins.convert.TypeConverters$PathConverter
8570:             1             16  org.apache.logging.log4j.core.config.plugins.convert.TypeConverters$PatternConverter
8571:             1             16  org.apache.logging.log4j.core.config.plugins.convert.TypeConverters$SecurityProviderConverter
8572:             1             16  org.apache.logging.log4j.core.config.plugins.convert.TypeConverters$ShortConverter
8573:             1             16  org.apache.logging.log4j.core.config.plugins.convert.TypeConverters$StringConverter
8574:             1             16  org.apache.logging.log4j.core.config.plugins.convert.TypeConverters$UriConverter
8575:             1             16  org.apache.logging.log4j.core.config.plugins.convert.TypeConverters$UrlConverter
8576:             1             16  org.apache.logging.log4j.core.config.plugins.convert.TypeConverters$UuidConverter
8577:             1             16  org.apache.logging.log4j.core.config.plugins.processor.PluginCache$$Lambda/0x00007fcd2810c430
8578:             1             16  org.apache.logging.log4j.core.impl.ReusableLogEventFactory
8579:             1             16  org.apache.logging.log4j.core.impl.ThreadContextDataProvider
8580:             1             16  org.apache.logging.log4j.core.lookup.StrMatcher$NoMatcher
8581:             1             16  org.apache.logging.log4j.core.lookup.StrMatcher$TrimMatcher
8582:             1             16  org.apache.logging.log4j.core.net.JndiManager$JndiManagerFactory
8583:             1             16  org.apache.logging.log4j.core.pattern.NameAbbreviator$NOPAbbreviator
8584:             1             16  org.apache.logging.log4j.core.pattern.PlainTextRenderer
8585:             1             16  org.apache.logging.log4j.core.selector.ClassLoaderContextSelector
8586:             1             16  org.apache.logging.log4j.core.util.CloseShieldOutputStream
8587:             1             16  org.apache.logging.log4j.core.util.datetime.FastDateFormat$1
8588:             1             16  org.apache.logging.log4j.core.util.datetime.FastDateParser$$Lambda/0x00007fcd281ab908
8589:             1             16  org.apache.logging.log4j.core.util.datetime.FastDateParser$1
8590:             1             16  org.apache.logging.log4j.core.util.datetime.FastDateParser$2
8591:             1             16  org.apache.logging.log4j.core.util.datetime.FastDateParser$3
8592:             1             16  org.apache.logging.log4j.core.util.datetime.FastDateParser$4
8593:             1             16  org.apache.logging.log4j.core.util.datetime.FastDateParser$5
8594:             1             16  org.apache.logging.log4j.core.util.datetime.FastDatePrinter$TwoDigitMonthField
8595:             1             16  org.apache.logging.log4j.jul.LogManager$$Lambda/0x00007fcd281c2390
8596:             1             16  org.apache.logging.log4j.message.MessageFormatMessageFactory
8597:             1             16  org.apache.logging.log4j.message.ParameterizedMessage$$Lambda/0x00007fcd2819f510
8598:             1             16  org.apache.logging.log4j.message.ParameterizedNoReferenceMessageFactory
8599:             1             16  org.apache.logging.log4j.spi.AbstractLogger$$Lambda/0x00007fcd28013250
8600:             1             16  org.apache.logging.log4j.spi.CopyOnWriteSortedArrayThreadContextMap
8601:             1             16  org.apache.logging.log4j.spi.DefaultThreadContextStack
8602:             1             16  org.apache.logging.log4j.spi.LoggerRegistry$ConcurrentMapFactory
8603:             1             16  org.apache.logging.log4j.status.SimpleLoggerFactory
8604:             1             16  org.apache.logging.log4j.util.LoaderUtil$ThreadContextClassLoaderGetter
8605:             1             16  org.apache.logging.log4j.util.PropertiesUtil$Environment$$Lambda/0x00007fcd280108c8
8606:             1             16  org.apache.logging.log4j.util.PropertiesUtil$Environment$$Lambda/0x00007fcd28011a88
8607:             1             16  org.apache.logging.log4j.util.PropertiesUtil$Environment$$Lambda/0x00007fcd28011ef0
8608:             1             16  org.apache.logging.log4j.util.ProviderUtil
8609:             1             16  org.apache.logging.log4j.util.ProviderUtil$$Lambda/0x00007fcd2813fb70
8610:             1             16  org.apache.logging.log4j.util.SortedArrayStringMap$$Lambda/0x00007fcd2813e000
8611:             1             16  org.apache.logging.log4j.util.StackLocator
8612:             1             16  org.apache.logging.log4j.util.StackLocator$$Lambda/0x00007fcd28198b30
8613:             1             16  org.apache.logging.log4j.util.StackLocator$$Lambda/0x00007fcd281c6250
8614:             1             16  org.apache.logging.log4j.util.StackLocator$$Lambda/0x00007fcd2823f300
8615:             1             16  org.apache.logging.log4j.util.StackLocator$$Lambda/0x00007fcd288bfa90
8616:             1             16  org.apache.logging.log4j.util.Strings$$Lambda/0x00007fcd28005a40
8617:             1             16  org.apache.logging.slf4j.Log4jLoggerFactory$$Lambda/0x00007fcd28281a20
8618:             1             16  org.apache.logging.slf4j.Log4jLoggerFactory$$Lambda/0x00007fcd28ac7b98
8619:             1             16  org.apache.logging.slf4j.Log4jMarkerFactory
8620:             1             16  org.apache.logging.slf4j.Log4jMarkerFactory
8621:             1             16  org.apache.lucene.analysis.Analyzer$1
8622:             1             16  org.apache.lucene.analysis.Analyzer$2
8623:             1             16  org.apache.lucene.backward_codecs.compressing.CompressionMode$1
8624:             1             16  org.apache.lucene.backward_codecs.compressing.CompressionMode$2
8625:             1             16  org.apache.lucene.backward_codecs.compressing.CompressionMode$3
8626:             1             16  org.apache.lucene.backward_codecs.compressing.CompressionMode$4
8627:             1             16  org.apache.lucene.backward_codecs.lucene50.Lucene50PostingsFormat
8628:             1             16  org.apache.lucene.backward_codecs.lucene50.Lucene50StoredFieldsFormat$1
8629:             1             16  org.apache.lucene.backward_codecs.lucene50.Lucene50StoredFieldsFormat$2
8630:             1             16  org.apache.lucene.backward_codecs.lucene70.Lucene70DocValuesFormat
8631:             1             16  org.apache.lucene.backward_codecs.lucene70.Lucene70NormsFormat
8632:             1             16  org.apache.lucene.backward_codecs.lucene87.DeflateWithPresetDictCompressionMode
8633:             1             16  org.apache.lucene.backward_codecs.lucene87.LZ4WithPresetDictCompressionMode
8634:             1             16  org.apache.lucene.codecs.KnnVectorsFormat$1
8635:             1             16  org.apache.lucene.codecs.PointsFormat$1
8636:             1             16  org.apache.lucene.codecs.compressing.CompressionMode$1
8637:             1             16  org.apache.lucene.codecs.compressing.CompressionMode$2
8638:             1             16  org.apache.lucene.codecs.compressing.CompressionMode$3
8639:             1             16  org.apache.lucene.codecs.compressing.CompressionMode$4
8640:             1             16  org.apache.lucene.codecs.lucene90.DeflateWithPresetDictCompressionMode
8641:             1             16  org.apache.lucene.codecs.lucene90.LZ4WithPresetDictCompressionMode
8642:             1             16  org.apache.lucene.codecs.lucene90.Lucene90CompoundReader$$Lambda/0x00007fcd2850d598
8643:             1             16  org.apache.lucene.codecs.lucene90.Lucene90CompoundReader$$Lambda/0x00007fcd2850d7b0
8644:             1             16  org.apache.lucene.codecs.lucene99.Lucene99FlatVectorsFormat
8645:             1             16  org.apache.lucene.codecs.perfield.PerFieldPostingsFormat$FieldsWriter$$Lambda/0x00007fcd290e6330
8646:             1             16  org.apache.lucene.codecs.perfield.PerFieldPostingsFormat$FieldsWriter$$Lambda/0x00007fcd2939fbe8
8647:             1             16  org.apache.lucene.codecs.perfield.PerFieldPostingsFormat$FieldsWriter$$Lambda/0x00007fcd293a0000
8648:             1             16  org.apache.lucene.codecs.perfield.PerFieldPostingsFormat$FieldsWriter$$Lambda/0x00007fcd293a0238
8649:             1             16  org.apache.lucene.index.ConcurrentMergeScheduler$2
8650:             1             16  org.apache.lucene.index.DocumentsWriter$$Lambda/0x00007fcd290cda90
8651:             1             16  org.apache.lucene.index.DocumentsWriter$$Lambda/0x00007fcd290dda78
8652:             1             16  org.apache.lucene.index.DocumentsWriterDeleteQueue$$Lambda/0x00007fcd290c9be8
8653:             1             16  org.apache.lucene.index.DocumentsWriterPerThread$$Lambda/0x00007fcd290d5000
8654:             1             16  org.apache.lucene.index.DocumentsWriterPerThread$$Lambda/0x00007fcd290e3080
8655:             1             16  org.apache.lucene.index.FreqProxFields
8656:             1             16  org.apache.lucene.index.FrozenBufferedUpdates$$Lambda/0x00007fcd290def00
8657:             1             16  org.apache.lucene.index.FrozenBufferedUpdates$$Lambda/0x00007fcd290df9a0
8658:             1             16  org.apache.lucene.index.FrozenBufferedUpdates$TermDocsIterator$$Lambda/0x00007fcd290e4f20
8659:             1             16  org.apache.lucene.index.IndexWriter$$Lambda/0x00007fcd290e8848
8660:             1             16  org.apache.lucene.index.IndexWriter$$Lambda/0x00007fcd290e8a68
8661:             1             16  org.apache.lucene.index.IndexWriter$1$$Lambda/0x00007fcd290e3b38
8662:             1             16  org.apache.lucene.index.IndexWriter$1$$Lambda/0x00007fcd290e3d58
8663:             1             16  org.apache.lucene.index.IndexWriter$4
8664:             1             16  org.apache.lucene.index.IndexWriter$5
8665:             1             16  org.apache.lucene.index.IndexWriterEventListener$1
8666:             1             16  org.apache.lucene.index.KeepOnlyLastCommitDeletionPolicy
8667:             1             16  org.apache.lucene.index.LockableConcurrentApproximatePriorityQueue$$Lambda/0x00007fcd290d2cc0
8668:             1             16  org.apache.lucene.index.MergePolicy$OneMerge$$Lambda/0x00007fcd29392c80
8669:             1             16  org.apache.lucene.index.MultiTermsEnum$1
8670:             1             16  org.apache.lucene.index.PrefixCodedTerms$$Lambda/0x00007fcd290dfbc8
8671:             1             16  org.apache.lucene.index.SegmentReader$3
8672:             1             16  org.apache.lucene.index.SerialMergeScheduler
8673:             1             16  org.apache.lucene.index.SlowCompositeCodecReaderWrapper$$Lambda/0x00007fcd2939a1e0
8674:             1             16  org.apache.lucene.index.SlowCompositeCodecReaderWrapper$$Lambda/0x00007fcd2939a3f8
8675:             1             16  org.apache.lucene.index.SlowImpactsEnum$1
8676:             1             16  org.apache.lucene.index.StandardDirectoryReader$$Lambda/0x00007fcd2851a3a0
8677:             1             16  org.apache.lucene.index.TermStates$1
8678:             1             16  org.apache.lucene.index.Terms$2
8679:             1             16  org.apache.lucene.index.TermsEnum$1
8680:             1             16  org.apache.lucene.index.TieredMergePolicy$$Lambda/0x00007fcd290e0c08
8681:             1             16  org.apache.lucene.index.TieredMergePolicy$$Lambda/0x00007fcd290e8430
8682:             1             16  org.apache.lucene.internal.tests.TestSecrets$$Lambda/0x00007fcd285052b0
8683:             1             16  org.apache.lucene.search.Boolean2ScorerSupplier$$Lambda/0x00007fcd293ce400
8684:             1             16  org.apache.lucene.search.Boolean2ScorerSupplier$$Lambda/0x00007fcd293ce618
8685:             1             16  org.apache.lucene.search.BooleanWeight$$Lambda/0x00007fcd293d8490
8686:             1             16  org.apache.lucene.search.BooleanWeight$$Lambda/0x00007fcd293d8b38
8687:             1             16  org.apache.lucene.search.BooleanWeight$$Lambda/0x00007fcd293d8d80
8688:             1             16  org.apache.lucene.search.BooleanWeight$$Lambda/0x00007fcd293d9408
8689:             1             16  org.apache.lucene.search.ConjunctionDISI$$Lambda/0x00007fcd293da7c8
8690:             1             16  org.apache.lucene.search.ConjunctionDISI$ConjunctionTwoPhaseIterator$$Lambda/0x00007fcd293dc8d0
8691:             1             16  org.apache.lucene.search.DocValuesRewriteMethod
8692:             1             16  org.apache.lucene.search.DoubleValues$2
8693:             1             16  org.apache.lucene.search.HitsThresholdChecker$1
8694:             1             16  org.apache.lucene.search.IndexSearcher$$Lambda/0x00007fcd29047bd0
8695:             1             16  org.apache.lucene.search.IndexSearcher$$Lambda/0x00007fcd290841f0
8696:             1             16  org.apache.lucene.search.IndexSearcher$LeafSlice$$Lambda/0x00007fcd29362380
8697:             1             16  org.apache.lucene.search.MultiTermQuery$1
8698:             1             16  org.apache.lucene.search.MultiTermQuery$2
8699:             1             16  org.apache.lucene.search.QueryVisitor$2
8700:             1             16  org.apache.lucene.search.ScorerUtil$$Lambda/0x00007fcd293cf120
8701:             1             16  org.apache.lucene.search.ScoringRewrite$1
8702:             1             16  org.apache.lucene.search.ScoringRewrite$2
8703:             1             16  org.apache.lucene.search.SortField$1
8704:             1             16  org.apache.lucene.search.SortField$2
8705:             1             16  org.apache.lucene.search.TaskExecutor$$Lambda/0x00007fcd288facc0
8706:             1             16  org.apache.lucene.search.TopDocs$$Lambda/0x00007fcd2872a150
8707:             1             16  org.apache.lucene.search.TopDocs$$Lambda/0x00007fcd2872a368
8708:             1             16  org.apache.lucene.search.similarities.AfterEffectB
8709:             1             16  org.apache.lucene.search.similarities.AfterEffectL
8710:             1             16  org.apache.lucene.search.similarities.BasicModelG
8711:             1             16  org.apache.lucene.search.similarities.BasicModelIF
8712:             1             16  org.apache.lucene.search.similarities.BasicModelIn
8713:             1             16  org.apache.lucene.search.similarities.BasicModelIne
8714:             1             16  org.apache.lucene.search.similarities.DistributionLL
8715:             1             16  org.apache.lucene.search.similarities.DistributionSPL
8716:             1             16  org.apache.lucene.search.similarities.IndependenceChiSquared
8717:             1             16  org.apache.lucene.search.similarities.IndependenceSaturated
8718:             1             16  org.apache.lucene.search.similarities.IndependenceStandardized
8719:             1             16  org.apache.lucene.search.similarities.LambdaDF
8720:             1             16  org.apache.lucene.search.similarities.LambdaTTF
8721:             1             16  org.apache.lucene.store.ByteBuffersDataInput$$Lambda/0x00007fcd290dcd70
8722:             1             16  org.apache.lucene.store.ByteBuffersDataOutput$$Lambda/0x00007fcd285137d0
8723:             1             16  org.apache.lucene.store.ByteBuffersDataOutput$$Lambda/0x00007fcd285139e8
8724:             1             16  org.apache.lucene.store.MMapDirectory$$Lambda/0x00007fcd284a6268
8725:             1             16  org.apache.lucene.store.MMapDirectory$$Lambda/0x00007fcd284a64b0
8726:             1             16  org.apache.lucene.store.MMapDirectory$$Lambda/0x00007fcd284a66f8
8727:             1             16  org.apache.lucene.store.MMapDirectory$$Lambda/0x00007fcd284a6940
8728:             1             16  org.apache.lucene.store.MMapDirectory$$Lambda/0x00007fcd284a6b58
8729:             1             16  org.apache.lucene.store.MemorySegmentIndexInputProvider
8730:             1             16  org.apache.lucene.store.NativeFSLockFactory
8731:             1             16  org.apache.lucene.util.Accountable$$Lambda/0x00007fcd28504c08
8732:             1             16  org.apache.lucene.util.ArrayUtil$$Lambda/0x00007fcd29315a78
8733:             1             16  org.apache.lucene.util.ArrayUtil$$Lambda/0x00007fcd2931d2d8
8734:             1             16  org.apache.lucene.util.AttributeFactory$DefaultAttributeFactory
8735:             1             16  org.apache.lucene.util.BytesRefComparator$1
8736:             1             16  org.apache.lucene.util.CharsRef$UTF16SortedAsUTF8Comparator
8737:             1             16  org.apache.lucene.util.Constants$$Lambda/0x00007fcd280c5800
8738:             1             16  org.apache.lucene.util.Constants$$Lambda/0x00007fcd280c5c58
8739:             1             16  org.apache.lucene.util.Constants$$Lambda/0x00007fcd280c5e90
8740:             1             16  org.apache.lucene.util.Constants$$Lambda/0x00007fcd280c60c8
8741:             1             16  org.apache.lucene.util.FileDeleter$$Lambda/0x00007fcd290cef50
8742:             1             16  org.apache.lucene.util.FileDeleter$$Lambda/0x00007fcd290cf400
8743:             1             16  org.apache.lucene.util.HotspotVMOptions$$Lambda/0x00007fcd280c5388
8744:             1             16  org.apache.lucene.util.IOUtils$$Lambda/0x00007fcd2851a5b8
8745:             1             16  org.apache.lucene.util.InfoStream$NoOutput
8746:             1             16  org.apache.lucene.util.LongValues$1
8747:             1             16  org.apache.lucene.util.LongValues$2
8748:             1             16  org.apache.lucene.util.PriorityQueue$$Lambda/0x00007fcd290e3520
8749:             1             16  org.apache.lucene.util.RamUsageEstimator$$Lambda/0x00007fcd281da9e0
8750:             1             16  org.apache.lucene.util.RamUsageEstimator$$Lambda/0x00007fcd281dac18
8751:             1             16  org.apache.lucene.util.UnicodeUtil$$Lambda/0x00007fcd280a08c0
8752:             1             16  org.apache.lucene.util.compress.LZ4$Table16
8753:             1             16  org.apache.lucene.util.fst.ByteSequenceOutputs
8754:             1             16  org.apache.lucene.util.fst.FSTCompiler$NullFSTReader
8755:             1             16  org.bouncycastle.asn1.DERNull
8756:             1             16  org.bouncycastle.crypto.CryptoServicesRegistrar$1
8757:             1             16  org.bouncycastle.crypto.CryptoServicesRegistrar$ThreadLocalSecureRandomProvider
8758:             1             16  org.bouncycastle.jcajce.provider.asymmetric.COMPOSITE$CompositeKeyInfoConverter
8759:             1             16  org.bouncycastle.jcajce.provider.asymmetric.EXTERNAL$ExternalKeyInfoConverter
8760:             1             16  org.bouncycastle.jcajce.provider.asymmetric.dsa.KeyFactorySpi
8761:             1             16  org.bouncycastle.jcajce.provider.asymmetric.elgamal.KeyFactorySpi
8762:             1             16  org.bouncycastle.jcajce.provider.asymmetric.gost.KeyFactorySpi
8763:             1             16  org.bouncycastle.jcajce.provider.asymmetric.rsa.KeyFactorySpi
8764:             1             16  org.bouncycastle.jcajce.provider.drbg.EntropyDaemon
8765:             1             16  org.bouncycastle.pqc.jcajce.provider.lms.LMSKeyFactorySpi
8766:             1             16  org.bouncycastle.pqc.jcajce.provider.newhope.NHKeyFactorySpi
8767:             1             16  org.bouncycastle.pqc.jcajce.provider.picnic.PicnicKeyFactorySpi
8768:             1             16  org.bouncycastle.pqc.jcajce.provider.sphincs.Sphincs256KeyFactorySpi
8769:             1             16  org.greenrobot.eventbus.Logger$SystemOutLogger
8770:             1             16  org.jcodings.ObjPtr
8771:             1             16  org.joda.time.UTCDateTimeZone
8772:             1             16  org.joda.time.format.DateTimeFormatterBuilder$StringLiteral
8773:             1             16  org.joni.MatcherFactory$1
8774:             1             16  org.joni.Search$1
8775:             1             16  org.joni.Search$10
8776:             1             16  org.joni.Search$11
8777:             1             16  org.joni.Search$12
8778:             1             16  org.joni.Search$13
8779:             1             16  org.joni.Search$14
8780:             1             16  org.joni.Search$15
8781:             1             16  org.joni.Search$16
8782:             1             16  org.joni.Search$17
8783:             1             16  org.joni.Search$2
8784:             1             16  org.joni.Search$3
8785:             1             16  org.joni.Search$4
8786:             1             16  org.joni.Search$5
8787:             1             16  org.joni.Search$6
8788:             1             16  org.joni.Search$7
8789:             1             16  org.joni.Search$8
8790:             1             16  org.joni.Search$9
8791:             1             16  org.joni.WarnCallback$1
8792:             1             16  org.joni.WarnCallback$2
8793:             1             16  org.locationtech.jts.geom.impl.CoordinateArraySequenceFactory
8794:             1             16  org.locationtech.spatial4j.io.BinaryCodec
8795:             1             16  org.locationtech.spatial4j.io.GeoJSONWriter
8796:             1             16  org.locationtech.spatial4j.io.PolyshapeWriter
8797:             1             16  org.locationtech.spatial4j.io.WKTWriter
8798:             1             16  org.locationtech.spatial4j.io.jts.JtsGeoJSONWriter
8799:             1             16  org.locationtech.spatial4j.io.jts.JtsPolyshapeWriter
8800:             1             16  org.locationtech.spatial4j.io.jts.JtsWKTWriter
8801:             1             16  org.opensearch.OpenSearchException$$Lambda/0x00007fcd28712208
8802:             1             16  org.opensearch.OpenSearchException$$Lambda/0x00007fcd28712620
8803:             1             16  org.opensearch.OpenSearchException$$Lambda/0x00007fcd28712838
8804:             1             16  org.opensearch.OpenSearchException$$Lambda/0x00007fcd28712a50
8805:             1             16  org.opensearch.OpenSearchException$$Lambda/0x00007fcd28712ea8
8806:             1             16  org.opensearch.OpenSearchException$$Lambda/0x00007fcd287130c0
8807:             1             16  org.opensearch.OpenSearchServerException$$Lambda/0x00007fcd28cbb328
8808:             1             16  org.opensearch.OpenSearchServerException$$Lambda/0x00007fcd28cbb540
8809:             1             16  org.opensearch.OpenSearchServerException$$Lambda/0x00007fcd28cbbae8
8810:             1             16  org.opensearch.OpenSearchServerException$$Lambda/0x00007fcd28cbbd00
8811:             1             16  org.opensearch.OpenSearchServerException$$Lambda/0x00007fcd28cbbf18
8812:             1             16  org.opensearch.OpenSearchServerException$$Lambda/0x00007fcd28cbc130
8813:             1             16  org.opensearch.OpenSearchServerException$$Lambda/0x00007fcd28cbc348
8814:             1             16  org.opensearch.OpenSearchServerException$$Lambda/0x00007fcd28cbc900
8815:             1             16  org.opensearch.OpenSearchServerException$$Lambda/0x00007fcd28cbcb18
8816:             1             16  org.opensearch.OpenSearchServerException$$Lambda/0x00007fcd28cbd0c0
8817:             1             16  org.opensearch.OpenSearchServerException$$Lambda/0x00007fcd28cbd2d8
8818:             1             16  org.opensearch.OpenSearchServerException$$Lambda/0x00007fcd28cbd4f0
8819:             1             16  org.opensearch.OpenSearchServerException$$Lambda/0x00007fcd28cbda98
8820:             1             16  org.opensearch.OpenSearchServerException$$Lambda/0x00007fcd28cbdcb0
8821:             1             16  org.opensearch.OpenSearchServerException$$Lambda/0x00007fcd28cbdec8
8822:             1             16  org.opensearch.OpenSearchServerException$$Lambda/0x00007fcd28cbe0e0
8823:             1             16  org.opensearch.OpenSearchServerException$$Lambda/0x00007fcd28cbea20
8824:             1             16  org.opensearch.OpenSearchServerException$$Lambda/0x00007fcd28cbefe0
8825:             1             16  org.opensearch.OpenSearchServerException$$Lambda/0x00007fcd28cbf1f8
8826:             1             16  org.opensearch.OpenSearchServerException$$Lambda/0x00007fcd28cbf410
8827:             1             16  org.opensearch.OpenSearchServerException$$Lambda/0x00007fcd28cbf628
8828:             1             16  org.opensearch.OpenSearchServerException$$Lambda/0x00007fcd28cbfbd8
8829:             1             16  org.opensearch.OpenSearchServerException$$Lambda/0x00007fcd28cc0000
8830:             1             16  org.opensearch.OpenSearchServerException$$Lambda/0x00007fcd28cc0218
8831:             1             16  org.opensearch.OpenSearchServerException$$Lambda/0x00007fcd28cc0430
8832:             1             16  org.opensearch.OpenSearchServerException$$Lambda/0x00007fcd28cc0648
8833:             1             16  org.opensearch.OpenSearchServerException$$Lambda/0x00007fcd28cc0860
8834:             1             16  org.opensearch.OpenSearchServerException$$Lambda/0x00007fcd28cc0a78
8835:             1             16  org.opensearch.OpenSearchServerException$$Lambda/0x00007fcd28cc0c90
8836:             1             16  org.opensearch.OpenSearchServerException$$Lambda/0x00007fcd28cc1238
8837:             1             16  org.opensearch.OpenSearchServerException$$Lambda/0x00007fcd28cc1450
8838:             1             16  org.opensearch.OpenSearchServerException$$Lambda/0x00007fcd28cc1668
8839:             1             16  org.opensearch.OpenSearchServerException$$Lambda/0x00007fcd28cc1880
8840:             1             16  org.opensearch.OpenSearchServerException$$Lambda/0x00007fcd28cc1a98
8841:             1             16  org.opensearch.OpenSearchServerException$$Lambda/0x00007fcd28cc2050
8842:             1             16  org.opensearch.OpenSearchServerException$$Lambda/0x00007fcd28cc2600
8843:             1             16  org.opensearch.OpenSearchServerException$$Lambda/0x00007fcd28cc2bd8
8844:             1             16  org.opensearch.OpenSearchServerException$$Lambda/0x00007fcd28cc2df0
8845:             1             16  org.opensearch.OpenSearchServerException$$Lambda/0x00007fcd28cc3728
8846:             1             16  org.opensearch.OpenSearchServerException$$Lambda/0x00007fcd28cc3cd8
8847:             1             16  org.opensearch.OpenSearchServerException$$Lambda/0x00007fcd28cc4298
8848:             1             16  org.opensearch.OpenSearchServerException$$Lambda/0x00007fcd28cc44b0
8849:             1             16  org.opensearch.OpenSearchServerException$$Lambda/0x00007fcd28cc46c8
8850:             1             16  org.opensearch.OpenSearchServerException$$Lambda/0x00007fcd28cc4c90
8851:             1             16  org.opensearch.OpenSearchServerException$$Lambda/0x00007fcd28cc4ea8
8852:             1             16  org.opensearch.OpenSearchServerException$$Lambda/0x00007fcd28cc50c0
8853:             1             16  org.opensearch.OpenSearchServerException$$Lambda/0x00007fcd28cc5a08
8854:             1             16  org.opensearch.OpenSearchServerException$$Lambda/0x00007fcd28cc5c20
8855:             1             16  org.opensearch.OpenSearchServerException$$Lambda/0x00007fcd28cc61d0
8856:             1             16  org.opensearch.OpenSearchServerException$$Lambda/0x00007fcd28cc67a0
8857:             1             16  org.opensearch.OpenSearchServerException$$Lambda/0x00007fcd28cc6d48
8858:             1             16  org.opensearch.OpenSearchServerException$$Lambda/0x00007fcd28cc72f0
8859:             1             16  org.opensearch.OpenSearchServerException$$Lambda/0x00007fcd28cc78a0
8860:             1             16  org.opensearch.OpenSearchServerException$$Lambda/0x00007fcd28cc7ab8
8861:             1             16  org.opensearch.OpenSearchServerException$$Lambda/0x00007fcd28cc7cd0
8862:             1             16  org.opensearch.OpenSearchServerException$$Lambda/0x00007fcd28cc8000
8863:             1             16  org.opensearch.OpenSearchServerException$$Lambda/0x00007fcd28cc85a8
8864:             1             16  org.opensearch.OpenSearchServerException$$Lambda/0x00007fcd28cc8b80
8865:             1             16  org.opensearch.OpenSearchServerException$$Lambda/0x00007fcd28cc8d98
8866:             1             16  org.opensearch.OpenSearchServerException$$Lambda/0x00007fcd28cc8fb0
8867:             1             16  org.opensearch.OpenSearchServerException$$Lambda/0x00007fcd28cc91c8
8868:             1             16  org.opensearch.OpenSearchServerException$$Lambda/0x00007fcd28cc9770
8869:             1             16  org.opensearch.OpenSearchServerException$$Lambda/0x00007fcd28cc9d20
8870:             1             16  org.opensearch.OpenSearchServerException$$Lambda/0x00007fcd28cc9f38
8871:             1             16  org.opensearch.OpenSearchServerException$$Lambda/0x00007fcd28cca4e8
8872:             1             16  org.opensearch.OpenSearchServerException$$Lambda/0x00007fcd28cca700
8873:             1             16  org.opensearch.OpenSearchServerException$$Lambda/0x00007fcd28cca918
8874:             1             16  org.opensearch.OpenSearchServerException$$Lambda/0x00007fcd28ccab30
8875:             1             16  org.opensearch.OpenSearchServerException$$Lambda/0x00007fcd28ccb0e8
8876:             1             16  org.opensearch.OpenSearchServerException$$Lambda/0x00007fcd28ccb6a8
8877:             1             16  org.opensearch.OpenSearchServerException$$Lambda/0x00007fcd28ccb8c0
8878:             1             16  org.opensearch.OpenSearchServerException$$Lambda/0x00007fcd28ccbe70
8879:             1             16  org.opensearch.OpenSearchServerException$$Lambda/0x00007fcd28ccc418
8880:             1             16  org.opensearch.OpenSearchServerException$$Lambda/0x00007fcd28ccc630
8881:             1             16  org.opensearch.OpenSearchServerException$$Lambda/0x00007fcd28cccbd8
8882:             1             16  org.opensearch.OpenSearchServerException$$Lambda/0x00007fcd28ccd180
8883:             1             16  org.opensearch.OpenSearchServerException$$Lambda/0x00007fcd28ccd398
8884:             1             16  org.opensearch.OpenSearchServerException$$Lambda/0x00007fcd28ccd5b0
8885:             1             16  org.opensearch.OpenSearchServerException$$Lambda/0x00007fcd28ccd7c8
8886:             1             16  org.opensearch.OpenSearchServerException$$Lambda/0x00007fcd28ccdd78
8887:             1             16  org.opensearch.OpenSearchServerException$$Lambda/0x00007fcd28ccdf90
8888:             1             16  org.opensearch.OpenSearchServerException$$Lambda/0x00007fcd28cce1a8
8889:             1             16  org.opensearch.OpenSearchServerException$$Lambda/0x00007fcd28cce3c0
8890:             1             16  org.opensearch.OpenSearchServerException$$Lambda/0x00007fcd28cce5d8
8891:             1             16  org.opensearch.OpenSearchServerException$$Lambda/0x00007fcd28cceb80
8892:             1             16  org.opensearch.OpenSearchServerException$$Lambda/0x00007fcd28cced98
8893:             1             16  org.opensearch.OpenSearchServerException$$Lambda/0x00007fcd28ccf340
8894:             1             16  org.opensearch.OpenSearchServerException$$Lambda/0x00007fcd28ccf558
8895:             1             16  org.opensearch.OpenSearchServerException$$Lambda/0x00007fcd28ccfb00
8896:             1             16  org.opensearch.OpenSearchServerException$$Lambda/0x00007fcd28ccfd18
8897:             1             16  org.opensearch.OpenSearchServerException$$Lambda/0x00007fcd28cd0390
8898:             1             16  org.opensearch.OpenSearchServerException$$Lambda/0x00007fcd28cd0938
8899:             1             16  org.opensearch.OpenSearchServerException$$Lambda/0x00007fcd28cd0ee8
8900:             1             16  org.opensearch.OpenSearchServerException$$Lambda/0x00007fcd28cd1100
8901:             1             16  org.opensearch.OpenSearchServerException$$Lambda/0x00007fcd28cd1318
8902:             1             16  org.opensearch.OpenSearchServerException$$Lambda/0x00007fcd28cd18c0
8903:             1             16  org.opensearch.OpenSearchServerException$$Lambda/0x00007fcd28cd1ad8
8904:             1             16  org.opensearch.OpenSearchServerException$$Lambda/0x00007fcd28cd1cf0
8905:             1             16  org.opensearch.OpenSearchServerException$$Lambda/0x00007fcd28cd1f08
8906:             1             16  org.opensearch.OpenSearchServerException$$Lambda/0x00007fcd28cd2120
8907:             1             16  org.opensearch.OpenSearchServerException$$Lambda/0x00007fcd28cd2338
8908:             1             16  org.opensearch.OpenSearchServerException$$Lambda/0x00007fcd28cd2550
8909:             1             16  org.opensearch.OpenSearchServerException$$Lambda/0x00007fcd28cd2768
8910:             1             16  org.opensearch.OpenSearchServerException$$Lambda/0x00007fcd28cd2d10
8911:             1             16  org.opensearch.OpenSearchServerException$$Lambda/0x00007fcd28cd32b8
8912:             1             16  org.opensearch.OpenSearchServerException$$Lambda/0x00007fcd28cd3860
8913:             1             16  org.opensearch.OpenSearchServerException$$Lambda/0x00007fcd28cd3e08
8914:             1             16  org.opensearch.OpenSearchServerException$$Lambda/0x00007fcd28cd4020
8915:             1             16  org.opensearch.OpenSearchServerException$$Lambda/0x00007fcd28cd45c8
8916:             1             16  org.opensearch.OpenSearchServerException$$Lambda/0x00007fcd28cd4b70
8917:             1             16  org.opensearch.OpenSearchServerException$$Lambda/0x00007fcd28cd5118
8918:             1             16  org.opensearch.OpenSearchServerException$$Lambda/0x00007fcd28cd5330
8919:             1             16  org.opensearch.OpenSearchServerException$$Lambda/0x00007fcd28cd5548
8920:             1             16  org.opensearch.OpenSearchServerException$$Lambda/0x00007fcd28cd5af0
8921:             1             16  org.opensearch.OpenSearchServerException$$Lambda/0x00007fcd28cd5d08
8922:             1             16  org.opensearch.OpenSearchServerException$$Lambda/0x00007fcd28cd5f20
8923:             1             16  org.opensearch.OpenSearchServerException$$Lambda/0x00007fcd28cd6138
8924:             1             16  org.opensearch.OpenSearchServerException$$Lambda/0x00007fcd28cd6350
8925:             1             16  org.opensearch.OpenSearchServerException$$Lambda/0x00007fcd28cd6568
8926:             1             16  org.opensearch.OpenSearchServerException$$Lambda/0x00007fcd28cd6780
8927:             1             16  org.opensearch.OpenSearchServerException$$Lambda/0x00007fcd28cd6998
8928:             1             16  org.opensearch.OpenSearchServerException$$Lambda/0x00007fcd28cd6bb0
8929:             1             16  org.opensearch.OpenSearchServerException$$Lambda/0x00007fcd28cd7158
8930:             1             16  org.opensearch.OpenSearchServerException$$Lambda/0x00007fcd28cd7700
8931:             1             16  org.opensearch.OpenSearchServerException$$Lambda/0x00007fcd28cd7cb0
8932:             1             16  org.opensearch.OpenSearchServerException$$Lambda/0x00007fcd28cd8390
8933:             1             16  org.opensearch.OpenSearchServerException$$Lambda/0x00007fcd28cd8950
8934:             1             16  org.opensearch.OpenSearchServerException$$Lambda/0x00007fcd28cd8ef8
8935:             1             16  org.opensearch.OpenSearchServerException$$Lambda/0x00007fcd28cd9110
8936:             1             16  org.opensearch.OpenSearchServerException$$Lambda/0x00007fcd28cd9328
8937:             1             16  org.opensearch.OpenSearchServerException$$Lambda/0x00007fcd28cd9540
8938:             1             16  org.opensearch.OpenSearchServerException$$Lambda/0x00007fcd28cd9af0
8939:             1             16  org.opensearch.OpenSearchServerException$$Lambda/0x00007fcd28cda0a0
8940:             1             16  org.opensearch.OpenSearchServerException$$Lambda/0x00007fcd28cda648
8941:             1             16  org.opensearch.OpenSearchServerException$$Lambda/0x00007fcd28cda860
8942:             1             16  org.opensearch.OpenSearchServerException$$Lambda/0x00007fcd28cdae18
8943:             1             16  org.opensearch.OpenSearchServerException$$Lambda/0x00007fcd28cdb3c0
8944:             1             16  org.opensearch.OpenSearchServerException$$Lambda/0x00007fcd28cdb5d8
8945:             1             16  org.opensearch.OpenSearchServerException$$Lambda/0x00007fcd28cdbb80
8946:             1             16  org.opensearch.OpenSearchServerException$$Lambda/0x00007fcd28cdc140
8947:             1             16  org.opensearch.OpenSearchServerException$$Lambda/0x00007fcd28cdc6f8
8948:             1             16  org.opensearch.OpenSearchServerException$$Lambda/0x00007fcd28cdccb0
8949:             1             16  org.opensearch.action.ActionModule$$Lambda/0x00007fcd28bfb960
8950:             1             16  org.opensearch.action.ActionModule$$Lambda/0x00007fcd28c97570
8951:             1             16  org.opensearch.action.ActionModule$$Lambda/0x00007fcd28c98230
8952:             1             16  org.opensearch.action.ActionModule$$Lambda/0x00007fcd28c98880
8953:             1             16  org.opensearch.action.ActionModule$$Lambda/0x00007fcd28c98ab8
8954:             1             16  org.opensearch.action.admin.cluster.allocation.ClusterAllocationExplainAction$$Lambda/0x00007fcd28bd2818
8955:             1             16  org.opensearch.action.admin.cluster.allocation.TransportClusterAllocationExplainAction$$Lambda/0x00007fcd28f7d920
8956:             1             16  org.opensearch.action.admin.cluster.configuration.AddVotingConfigExclusionsAction$$Lambda/0x00007fcd28bd1c98
8957:             1             16  org.opensearch.action.admin.cluster.configuration.ClearVotingConfigExclusionsAction$$Lambda/0x00007fcd28bd2138
8958:             1             16  org.opensearch.action.admin.cluster.configuration.TransportAddVotingConfigExclusionsAction$$Lambda/0x00007fcd28e77080
8959:             1             16  org.opensearch.action.admin.cluster.configuration.TransportAddVotingConfigExclusionsAction$$Lambda/0x00007fcd28e77298
8960:             1             16  org.opensearch.action.admin.cluster.configuration.TransportClearVotingConfigExclusionsAction$$Lambda/0x00007fcd28f7cea8
8961:             1             16  org.opensearch.action.admin.cluster.decommission.awareness.delete.DeleteDecommissionStateAction$$Lambda/0x00007fcd28c95e20
8962:             1             16  org.opensearch.action.admin.cluster.decommission.awareness.delete.TransportDeleteDecommissionStateAction$$Lambda/0x00007fcd28efe3b0
8963:             1             16  org.opensearch.action.admin.cluster.decommission.awareness.get.GetDecommissionStateAction$$Lambda/0x00007fcd28c956f8
8964:             1             16  org.opensearch.action.admin.cluster.decommission.awareness.get.TransportGetDecommissionStateAction$$Lambda/0x00007fcd28e0d970
8965:             1             16  org.opensearch.action.admin.cluster.decommission.awareness.put.DecommissionAction$$Lambda/0x00007fcd28c94fc0
8966:             1             16  org.opensearch.action.admin.cluster.decommission.awareness.put.TransportDecommissionAction$$Lambda/0x00007fcd28e22258
8967:             1             16  org.opensearch.action.admin.cluster.health.ClusterHealthAction$$Lambda/0x00007fcd28bd4790
8968:             1             16  org.opensearch.action.admin.cluster.health.TransportClusterHealthAction$$Lambda/0x00007fcd28edc240
8969:             1             16  org.opensearch.action.admin.cluster.node.hotthreads.NodesHotThreadsAction$$Lambda/0x00007fcd28bc9c60
8970:             1             16  org.opensearch.action.admin.cluster.node.hotthreads.TransportNodesHotThreadsAction$$Lambda/0x00007fcd28f7c860
8971:             1             16  org.opensearch.action.admin.cluster.node.hotthreads.TransportNodesHotThreadsAction$$Lambda/0x00007fcd28f7ca78
8972:             1             16  org.opensearch.action.admin.cluster.node.info.NodeInfo$$Lambda/0x00007fcd291b9000
8973:             1             16  org.opensearch.action.admin.cluster.node.info.NodeInfo$$Lambda/0x00007fcd291b9218
8974:             1             16  org.opensearch.action.admin.cluster.node.info.NodeInfo$$Lambda/0x00007fcd291b9430
8975:             1             16  org.opensearch.action.admin.cluster.node.info.NodeInfo$$Lambda/0x00007fcd291b9648
8976:             1             16  org.opensearch.action.admin.cluster.node.info.NodeInfo$$Lambda/0x00007fcd291b9860
8977:             1             16  org.opensearch.action.admin.cluster.node.info.NodeInfo$$Lambda/0x00007fcd291b9a78
8978:             1             16  org.opensearch.action.admin.cluster.node.info.NodeInfo$$Lambda/0x00007fcd291b9c90
8979:             1             16  org.opensearch.action.admin.cluster.node.info.NodeInfo$$Lambda/0x00007fcd291c0a78
8980:             1             16  org.opensearch.action.admin.cluster.node.info.NodeInfo$$Lambda/0x00007fcd291c10c0
8981:             1             16  org.opensearch.action.admin.cluster.node.info.NodeInfo$$Lambda/0x00007fcd291c1708
8982:             1             16  org.opensearch.action.admin.cluster.node.info.NodesInfoAction$$Lambda/0x00007fcd28bca000
8983:             1             16  org.opensearch.action.admin.cluster.node.info.NodesInfoRequest$Metric$$Lambda/0x00007fcd28fc4ee0
8984:             1             16  org.opensearch.action.admin.cluster.node.info.PluginsAndModules$$Lambda/0x00007fcd2845e1f0
8985:             1             16  org.opensearch.action.admin.cluster.node.info.PluginsAndModules$$Lambda/0x00007fcd2845e660
8986:             1             16  org.opensearch.action.admin.cluster.node.info.PluginsAndModules$$Lambda/0x00007fcd291c0218
8987:             1             16  org.opensearch.action.admin.cluster.node.info.PluginsAndModules$$Lambda/0x00007fcd291c0430
8988:             1             16  org.opensearch.action.admin.cluster.node.info.TransportNodesInfoAction$$Lambda/0x00007fcd28efcc90
8989:             1             16  org.opensearch.action.admin.cluster.node.info.TransportNodesInfoAction$$Lambda/0x00007fcd28efcea8
8990:             1             16  org.opensearch.action.admin.cluster.node.liveness.TransportLivenessAction
8991:             1             16  org.opensearch.action.admin.cluster.node.liveness.TransportLivenessAction$$Lambda/0x00007fcd28ddca58
8992:             1             16  org.opensearch.action.admin.cluster.node.reload.NodesReloadSecureSettingsAction$$Lambda/0x00007fcd28bf6e38
8993:             1             16  org.opensearch.action.admin.cluster.node.reload.TransportNodesReloadSecureSettingsAction$$Lambda/0x00007fcd28f7d0c0
8994:             1             16  org.opensearch.action.admin.cluster.node.reload.TransportNodesReloadSecureSettingsAction$$Lambda/0x00007fcd28f7d2d8
8995:             1             16  org.opensearch.action.admin.cluster.node.stats.NodesStatsAction$$Lambda/0x00007fcd28bcb050
8996:             1             16  org.opensearch.action.admin.cluster.node.stats.TransportNodesStatsAction$$Lambda/0x00007fcd28ede488
8997:             1             16  org.opensearch.action.admin.cluster.node.stats.TransportNodesStatsAction$$Lambda/0x00007fcd28ede6a0
8998:             1             16  org.opensearch.action.admin.cluster.node.tasks.cancel.CancelTasksAction$$Lambda/0x00007fcd28bd1820
8999:             1             16  org.opensearch.action.admin.cluster.node.tasks.cancel.TransportCancelTasksAction$$Lambda/0x00007fcd28f2cea8
9000:             1             16  org.opensearch.action.admin.cluster.node.tasks.cancel.TransportCancelTasksAction$$Lambda/0x00007fcd28f2d0c0
9001:             1             16  org.opensearch.action.admin.cluster.node.tasks.cancel.TransportCancelTasksAction$$Lambda/0x00007fcd28f2d2d8
9002:             1             16  org.opensearch.action.admin.cluster.node.tasks.get.GetTaskAction$$Lambda/0x00007fcd28bd10f8
9003:             1             16  org.opensearch.action.admin.cluster.node.tasks.get.TransportGetTaskAction$$Lambda/0x00007fcd28f5f9a0
9004:             1             16  org.opensearch.action.admin.cluster.node.tasks.list.ListTasksAction$$Lambda/0x00007fcd28bd07a8
9005:             1             16  org.opensearch.action.admin.cluster.node.tasks.list.TransportListTasksAction$$Lambda/0x00007fcd28edfbb0
9006:             1             16  org.opensearch.action.admin.cluster.node.tasks.list.TransportListTasksAction$$Lambda/0x00007fcd28edfdc8
9007:             1             16  org.opensearch.action.admin.cluster.node.tasks.list.TransportListTasksAction$$Lambda/0x00007fcd28efc000
9008:             1             16  org.opensearch.action.admin.cluster.node.usage.NodesUsageAction$$Lambda/0x00007fcd28bc9558
9009:             1             16  org.opensearch.action.admin.cluster.node.usage.TransportNodesUsageAction$$Lambda/0x00007fcd28f2ef48
9010:             1             16  org.opensearch.action.admin.cluster.node.usage.TransportNodesUsageAction$$Lambda/0x00007fcd28f2f160
9011:             1             16  org.opensearch.action.admin.cluster.remote.RemoteInfoAction$$Lambda/0x00007fcd28bca968
9012:             1             16  org.opensearch.action.admin.cluster.remote.TransportRemoteInfoAction$$Lambda/0x00007fcd28efc430
9013:             1             16  org.opensearch.action.admin.cluster.remotestore.restore.RestoreRemoteStoreAction$$Lambda/0x00007fcd28c92e98
9014:             1             16  org.opensearch.action.admin.cluster.remotestore.restore.TransportRestoreRemoteStoreAction$$Lambda/0x00007fcd28f5f788
9015:             1             16  org.opensearch.action.admin.cluster.remotestore.stats.RemoteStoreStatsAction$$Lambda/0x00007fcd28bcba70
9016:             1             16  org.opensearch.action.admin.cluster.remotestore.stats.TransportRemoteStoreStatsAction$$Lambda/0x00007fcd28edf998
9017:             1             16  org.opensearch.action.admin.cluster.repositories.cleanup.CleanupRepositoryAction$$Lambda/0x00007fcd28bd8508
9018:             1             16  org.opensearch.action.admin.cluster.repositories.cleanup.TransportCleanupRepositoryAction$$Lambda/0x00007fcd28f7e398
9019:             1             16  org.opensearch.action.admin.cluster.repositories.cleanup.TransportCleanupRepositoryAction$$Lambda/0x00007fcd28f7e5b0
9020:             1             16  org.opensearch.action.admin.cluster.repositories.delete.DeleteRepositoryAction$$Lambda/0x00007fcd28bd7540
9021:             1             16  org.opensearch.action.admin.cluster.repositories.delete.TransportDeleteRepositoryAction$$Lambda/0x00007fcd28f2cc90
9022:             1             16  org.opensearch.action.admin.cluster.repositories.get.GetRepositoriesAction$$Lambda/0x00007fcd28bd70a0
9023:             1             16  org.opensearch.action.admin.cluster.repositories.get.TransportGetRepositoriesAction$$Lambda/0x00007fcd28e74ec0
9024:             1             16  org.opensearch.action.admin.cluster.repositories.put.PutRepositoryAction$$Lambda/0x00007fcd28bd6970
9025:             1             16  org.opensearch.action.admin.cluster.repositories.put.TransportPutRepositoryAction$$Lambda/0x00007fcd28e23bb0
9026:             1             16  org.opensearch.action.admin.cluster.repositories.verify.TransportVerifyRepositoryAction$$Lambda/0x00007fcd28e76a38
9027:             1             16  org.opensearch.action.admin.cluster.repositories.verify.VerifyRepositoryAction$$Lambda/0x00007fcd28bd7c78
9028:             1             16  org.opensearch.action.admin.cluster.reroute.ClusterRerouteAction$$Lambda/0x00007fcd28bd5618
9029:             1             16  org.opensearch.action.admin.cluster.reroute.TransportClusterRerouteAction$$Lambda/0x00007fcd28f5eaf8
9030:             1             16  org.opensearch.action.admin.cluster.settings.ClusterUpdateSettingsAction$$Lambda/0x00007fcd28bd4ed0
9031:             1             16  org.opensearch.action.admin.cluster.settings.TransportClusterUpdateSettingsAction$$Lambda/0x00007fcd28edd3c8
9032:             1             16  org.opensearch.action.admin.cluster.shards.ClusterSearchShardsAction$$Lambda/0x00007fcd28bd5d58
9033:             1             16  org.opensearch.action.admin.cluster.shards.TransportClusterSearchShardsAction$$Lambda/0x00007fcd28f5ed10
9034:             1             16  org.opensearch.action.admin.cluster.shards.routing.weighted.delete.ClusterDeleteWeightedRoutingAction$$Lambda/0x00007fcd28bdc088
9035:             1             16  org.opensearch.action.admin.cluster.shards.routing.weighted.delete.TransportDeleteWeightedRoutingAction$$Lambda/0x00007fcd28e23350
9036:             1             16  org.opensearch.action.admin.cluster.shards.routing.weighted.get.ClusterGetWeightedRoutingAction$$Lambda/0x00007fcd28bdb960
9037:             1             16  org.opensearch.action.admin.cluster.shards.routing.weighted.get.TransportGetWeightedRoutingAction$$Lambda/0x00007fcd28efd2d8
9038:             1             16  org.opensearch.action.admin.cluster.shards.routing.weighted.put.ClusterAddWeightedRoutingAction$$Lambda/0x00007fcd28bdb210
9039:             1             16  org.opensearch.action.admin.cluster.shards.routing.weighted.put.TransportAddWeightedRoutingAction$$Lambda/0x00007fcd28e774c8
9040:             1             16  org.opensearch.action.admin.cluster.snapshots.clone.CloneSnapshotAction$$Lambda/0x00007fcd28bd9c98
9041:             1             16  org.opensearch.action.admin.cluster.snapshots.clone.TransportCloneSnapshotAction$$Lambda/0x00007fcd28f2d4f0
9042:             1             16  org.opensearch.action.admin.cluster.snapshots.create.CreateSnapshotAction$$Lambda/0x00007fcd28bd97f8
9043:             1             16  org.opensearch.action.admin.cluster.snapshots.create.TransportCreateSnapshotAction$$Lambda/0x00007fcd28e0cac0
9044:             1             16  org.opensearch.action.admin.cluster.snapshots.delete.DeleteSnapshotAction$$Lambda/0x00007fcd28bd90c0
9045:             1             16  org.opensearch.action.admin.cluster.snapshots.delete.TransportDeleteSnapshotAction$$Lambda/0x00007fcd28ddf170
9046:             1             16  org.opensearch.action.admin.cluster.snapshots.get.GetSnapshotsAction$$Lambda/0x00007fcd28bd8c20
9047:             1             16  org.opensearch.action.admin.cluster.snapshots.get.TransportGetSnapshotsAction$$Lambda/0x00007fcd28f5ef28
9048:             1             16  org.opensearch.action.admin.cluster.snapshots.restore.RestoreSnapshotAction$$Lambda/0x00007fcd28bda3b8
9049:             1             16  org.opensearch.action.admin.cluster.snapshots.restore.TransportRestoreSnapshotAction$$Lambda/0x00007fcd28e75530
9050:             1             16  org.opensearch.action.admin.cluster.snapshots.status.SnapshotsStatusAction$$Lambda/0x00007fcd28bdaae8
9051:             1             16  org.opensearch.action.admin.cluster.snapshots.status.TransportNodesSnapshotsStatus$$Lambda/0x00007fcd28cf28e0
9052:             1             16  org.opensearch.action.admin.cluster.snapshots.status.TransportNodesSnapshotsStatus$$Lambda/0x00007fcd28cf2dc0
9053:             1             16  org.opensearch.action.admin.cluster.snapshots.status.TransportNodesSnapshotsStatus$$Lambda/0x00007fcd28cf2fd8
9054:             1             16  org.opensearch.action.admin.cluster.snapshots.status.TransportSnapshotsStatusAction$$Lambda/0x00007fcd28e74878
9055:             1             16  org.opensearch.action.admin.cluster.state.ClusterStateAction$$Lambda/0x00007fcd28bd3438
9056:             1             16  org.opensearch.action.admin.cluster.state.ClusterStateResponse$$Lambda/0x00007fcd291d0d48
9057:             1             16  org.opensearch.action.admin.cluster.state.TransportClusterStateAction$$Lambda/0x00007fcd28e21360
9058:             1             16  org.opensearch.action.admin.cluster.stats.ClusterStatsAction$$Lambda/0x00007fcd28bd2fa8
9059:             1             16  org.opensearch.action.admin.cluster.stats.TransportClusterStatsAction$$Lambda/0x00007fcd28e0d110
9060:             1             16  org.opensearch.action.admin.cluster.stats.TransportClusterStatsAction$$Lambda/0x00007fcd28e0d328
9061:             1             16  org.opensearch.action.admin.cluster.storedscripts.DeleteStoredScriptAction$$Lambda/0x00007fcd28bf84a0
9062:             1             16  org.opensearch.action.admin.cluster.storedscripts.GetScriptContextAction$$Lambda/0x00007fcd28bf8bf0
9063:             1             16  org.opensearch.action.admin.cluster.storedscripts.GetScriptLanguageAction$$Lambda/0x00007fcd28bf92d0
9064:             1             16  org.opensearch.action.admin.cluster.storedscripts.GetStoredScriptAction$$Lambda/0x00007fcd28bf8000
9065:             1             16  org.opensearch.action.admin.cluster.storedscripts.PutStoredScriptAction$$Lambda/0x00007fcd28bf7758
9066:             1             16  org.opensearch.action.admin.cluster.storedscripts.TransportDeleteStoredScriptAction$$Lambda/0x00007fcd28f2c648
9067:             1             16  org.opensearch.action.admin.cluster.storedscripts.TransportGetScriptContextAction$$Lambda/0x00007fcd28dde430
9068:             1             16  org.opensearch.action.admin.cluster.storedscripts.TransportGetScriptLanguageAction$$Lambda/0x00007fcd28edf780
9069:             1             16  org.opensearch.action.admin.cluster.storedscripts.TransportGetStoredScriptAction$$Lambda/0x00007fcd28edd7f8
9070:             1             16  org.opensearch.action.admin.cluster.storedscripts.TransportPutStoredScriptAction$$Lambda/0x00007fcd28e77d28
9071:             1             16  org.opensearch.action.admin.cluster.tasks.PendingClusterTasksAction$$Lambda/0x00007fcd28bd64d0
9072:             1             16  org.opensearch.action.admin.cluster.tasks.TransportPendingClusterTasksAction$$Lambda/0x00007fcd28edcf98
9073:             1             16  org.opensearch.action.admin.indices.alias.IndicesAliasesAction$$Lambda/0x00007fcd28be3448
9074:             1             16  org.opensearch.action.admin.indices.alias.TransportIndicesAliasesAction$$Lambda/0x00007fcd28edde40
9075:             1             16  org.opensearch.action.admin.indices.alias.get.GetAliasesAction$$Lambda/0x00007fcd28bec1b8
9076:             1             16  org.opensearch.action.admin.indices.alias.get.TransportGetAliasesAction$$Lambda/0x00007fcd28ede270
9077:             1             16  org.opensearch.action.admin.indices.analyze.AnalyzeAction$$Lambda/0x00007fcd28be4020
9078:             1             16  org.opensearch.action.admin.indices.analyze.TransportAnalyzeAction$$Lambda/0x00007fcd28e21790
9079:             1             16  org.opensearch.action.admin.indices.cache.clear.ClearIndicesCacheAction$$Lambda/0x00007fcd28bebac8
9080:             1             16  org.opensearch.action.admin.indices.cache.clear.TransportClearIndicesCacheAction$$Lambda/0x00007fcd28f2c430
9081:             1             16  org.opensearch.action.admin.indices.close.CloseIndexAction$$Lambda/0x00007fcd28be07c0
9082:             1             16  org.opensearch.action.admin.indices.close.TransportCloseIndexAction$$Lambda/0x00007fcd28f2f7a8
9083:             1             16  org.opensearch.action.admin.indices.close.TransportCloseIndexAction$$Lambda/0x00007fcd28f2f9c0
9084:             1             16  org.opensearch.action.admin.indices.close.TransportVerifyShardBeforeCloseAction$$Lambda/0x00007fcd28db7230
9085:             1             16  org.opensearch.action.admin.indices.close.TransportVerifyShardBeforeCloseAction$$Lambda/0x00007fcd28db7448
9086:             1             16  org.opensearch.action.admin.indices.create.AutoCreateAction$$Lambda/0x00007fcd28bf72d0
9087:             1             16  org.opensearch.action.admin.indices.create.AutoCreateAction$TransportAction$$Lambda/0x00007fcd28efc218
9088:             1             16  org.opensearch.action.admin.indices.create.CreateIndexAction$$Lambda/0x00007fcd28bdde28
9089:             1             16  org.opensearch.action.admin.indices.create.TransportCreateIndexAction$$Lambda/0x00007fcd28e76820
9090:             1             16  org.opensearch.action.admin.indices.dangling.delete.DeleteDanglingIndexAction$$Lambda/0x00007fcd28c92078
9091:             1             16  org.opensearch.action.admin.indices.dangling.delete.TransportDeleteDanglingIndexAction$$Lambda/0x00007fcd28f7db38
9092:             1             16  org.opensearch.action.admin.indices.dangling.find.FindDanglingIndexAction$$Lambda/0x00007fcd28c92788
9093:             1             16  org.opensearch.action.admin.indices.dangling.find.TransportFindDanglingIndexAction$$Lambda/0x00007fcd28e23568
9094:             1             16  org.opensearch.action.admin.indices.dangling.find.TransportFindDanglingIndexAction$$Lambda/0x00007fcd28e23780
9095:             1             16  org.opensearch.action.admin.indices.dangling.import_index.ImportDanglingIndexAction$$Lambda/0x00007fcd28c91c48
9096:             1             16  org.opensearch.action.admin.indices.dangling.import_index.TransportImportDanglingIndexAction$$Lambda/0x00007fcd28f2e6e8
9097:             1             16  org.opensearch.action.admin.indices.dangling.list.ListDanglingIndicesAction$$Lambda/0x00007fcd28c917b8
9098:             1             16  org.opensearch.action.admin.indices.dangling.list.TransportListDanglingIndicesAction$$Lambda/0x00007fcd28edda10
9099:             1             16  org.opensearch.action.admin.indices.dangling.list.TransportListDanglingIndicesAction$$Lambda/0x00007fcd28eddc28
9100:             1             16  org.opensearch.action.admin.indices.datastream.CreateDataStreamAction$$Lambda/0x00007fcd28bfcb78
9101:             1             16  org.opensearch.action.admin.indices.datastream.CreateDataStreamAction$TransportAction$$Lambda/0x00007fcd28e22cd8
9102:             1             16  org.opensearch.action.admin.indices.datastream.DataStreamsStatsAction$$Lambda/0x00007fcd28bfe5a0
9103:             1             16  org.opensearch.action.admin.indices.datastream.DataStreamsStatsAction$TransportAction$$Lambda/0x00007fcd28efd0c0
9104:             1             16  org.opensearch.action.admin.indices.datastream.DeleteDataStreamAction$$Lambda/0x00007fcd28bfd018
9105:             1             16  org.opensearch.action.admin.indices.datastream.DeleteDataStreamAction$TransportAction$$Lambda/0x00007fcd28dddba0
9106:             1             16  org.opensearch.action.admin.indices.datastream.GetDataStreamAction$$Lambda/0x00007fcd28bfd748
9107:             1             16  org.opensearch.action.admin.indices.datastream.GetDataStreamAction$TransportAction$$Lambda/0x00007fcd28f2f590
9108:             1             16  org.opensearch.action.admin.indices.delete.DeleteIndexAction$$Lambda/0x00007fcd28bdf158
9109:             1             16  org.opensearch.action.admin.indices.delete.TransportDeleteIndexAction$$Lambda/0x00007fcd28f7cc90
9110:             1             16  org.opensearch.action.admin.indices.exists.indices.IndicesExistsAction$$Lambda/0x00007fcd28be0c18
9111:             1             16  org.opensearch.action.admin.indices.exists.indices.TransportIndicesExistsAction$$Lambda/0x00007fcd28edd1b0
9112:             1             16  org.opensearch.action.admin.indices.flush.FlushAction$$Lambda/0x00007fcd28be9880
9113:             1             16  org.opensearch.action.admin.indices.flush.TransportFlushAction$$Lambda/0x00007fcd28ddd988
9114:             1             16  org.opensearch.action.admin.indices.flush.TransportShardFlushAction$$Lambda/0x00007fcd28ddce88
9115:             1             16  org.opensearch.action.admin.indices.flush.TransportShardFlushAction$$Lambda/0x00007fcd28ddd0a0
9116:             1             16  org.opensearch.action.admin.indices.flush.TransportShardFlushAction$$Lambda/0x00007fcd28ddd550
9117:             1             16  org.opensearch.action.admin.indices.flush.TransportShardFlushAction$PreSyncedFlushTransportHandler
9118:             1             16  org.opensearch.action.admin.indices.forcemerge.ForceMergeAction$$Lambda/0x00007fcd28be9fa8
9119:             1             16  org.opensearch.action.admin.indices.forcemerge.TransportForceMergeAction$$Lambda/0x00007fcd28e76c50
9120:             1             16  org.opensearch.action.admin.indices.get.GetIndexAction$$Lambda/0x00007fcd28bdf8e8
9121:             1             16  org.opensearch.action.admin.indices.get.TransportGetIndexAction$$Lambda/0x00007fcd28f2eb18
9122:             1             16  org.opensearch.action.admin.indices.mapping.get.GetFieldMappingsAction$$Lambda/0x00007fcd28be21f0
9123:             1             16  org.opensearch.action.admin.indices.mapping.get.GetMappingsAction$$Lambda/0x00007fcd28be1aa8
9124:             1             16  org.opensearch.action.admin.indices.mapping.get.TransportGetFieldMappingsAction$$Lambda/0x00007fcd28f7c218
9125:             1             16  org.opensearch.action.admin.indices.mapping.get.TransportGetFieldMappingsIndexAction$$Lambda/0x00007fcd28f7c000
9126:             1             16  org.opensearch.action.admin.indices.mapping.get.TransportGetFieldMappingsIndexAction$1
9127:             1             16  org.opensearch.action.admin.indices.mapping.get.TransportGetMappingsAction$$Lambda/0x00007fcd28e0c490
9128:             1             16  org.opensearch.action.admin.indices.mapping.put.AutoPutMappingAction$$Lambda/0x00007fcd28be2fa0
9129:             1             16  org.opensearch.action.admin.indices.mapping.put.PutMappingAction$$Lambda/0x00007fcd28be2b00
9130:             1             16  org.opensearch.action.admin.indices.mapping.put.TransportAutoPutMappingAction$$Lambda/0x00007fcd28e76608
9131:             1             16  org.opensearch.action.admin.indices.mapping.put.TransportPutMappingAction$$Lambda/0x00007fcd28ddcc70
9132:             1             16  org.opensearch.action.admin.indices.open.OpenIndexAction$$Lambda/0x00007fcd28bdfd88
9133:             1             16  org.opensearch.action.admin.indices.open.TransportOpenIndexAction$$Lambda/0x00007fcd28e21578
9134:             1             16  org.opensearch.action.admin.indices.readonly.AddIndexBlockAction$$Lambda/0x00007fcd28be1360
9135:             1             16  org.opensearch.action.admin.indices.readonly.TransportAddIndexBlockAction$$Lambda/0x00007fcd28e763f0
9136:             1             16  org.opensearch.action.admin.indices.readonly.TransportVerifyShardIndexBlockAction$$Lambda/0x00007fcd28dbc680
9137:             1             16  org.opensearch.action.admin.indices.readonly.TransportVerifyShardIndexBlockAction$$Lambda/0x00007fcd28dbc898
9138:             1             16  org.opensearch.action.admin.indices.readonly.TransportVerifyShardIndexBlockAction$$Lambda/0x00007fcd28dbcab0
9139:             1             16  org.opensearch.action.admin.indices.recovery.RecoveryAction$$Lambda/0x00007fcd28bf5f50
9140:             1             16  org.opensearch.action.admin.indices.recovery.TransportRecoveryAction$$Lambda/0x00007fcd28e0d540
9141:             1             16  org.opensearch.action.admin.indices.refresh.RefreshAction$$Lambda/0x00007fcd28be8f18
9142:             1             16  org.opensearch.action.admin.indices.refresh.TransportRefreshAction$$Lambda/0x00007fcd28efca78
9143:             1             16  org.opensearch.action.admin.indices.refresh.TransportShardRefreshAction$$Lambda/0x00007fcd28efc648
9144:             1             16  org.opensearch.action.admin.indices.refresh.TransportShardRefreshAction$$Lambda/0x00007fcd28efc860
9145:             1             16  org.opensearch.action.admin.indices.replication.SegmentReplicationStatsAction$$Lambda/0x00007fcd28bf66c8
9146:             1             16  org.opensearch.action.admin.indices.replication.TransportSegmentReplicationStatsAction$$Lambda/0x00007fcd28edef18
9147:             1             16  org.opensearch.action.admin.indices.resolve.ResolveIndexAction$$Lambda/0x00007fcd28bfde88
9148:             1             16  org.opensearch.action.admin.indices.resolve.ResolveIndexAction$TransportAction$$Lambda/0x00007fcd28edf348
9149:             1             16  org.opensearch.action.admin.indices.rollover.RolloverAction$$Lambda/0x00007fcd28bdecb0
9150:             1             16  org.opensearch.action.admin.indices.rollover.RolloverInfo$$Lambda/0x00007fcd29094e88
9151:             1             16  org.opensearch.action.admin.indices.rollover.RolloverInfo$$Lambda/0x00007fcd290952a8
9152:             1             16  org.opensearch.action.admin.indices.rollover.TransportRolloverAction$$Lambda/0x00007fcd28e21148
9153:             1             16  org.opensearch.action.admin.indices.segments.IndicesSegmentsAction$$Lambda/0x00007fcd28bdcf98
9154:             1             16  org.opensearch.action.admin.indices.segments.PitSegmentsAction$$Lambda/0x00007fcd28c94128
9155:             1             16  org.opensearch.action.admin.indices.segments.TransportIndicesSegmentsAction$$Lambda/0x00007fcd28f2e4d0
9156:             1             16  org.opensearch.action.admin.indices.segments.TransportPitSegmentsAction$$Lambda/0x00007fcd28e23998
9157:             1             16  org.opensearch.action.admin.indices.settings.get.GetSettingsAction$$Lambda/0x00007fcd28bec8f8
9158:             1             16  org.opensearch.action.admin.indices.settings.get.TransportGetSettingsAction$$Lambda/0x00007fcd28ede058
9159:             1             16  org.opensearch.action.admin.indices.settings.put.TransportUpdateSettingsAction$$Lambda/0x00007fcd28ddf388
9160:             1             16  org.opensearch.action.admin.indices.settings.put.UpdateSettingsAction$$Lambda/0x00007fcd28be38e8
9161:             1             16  org.opensearch.action.admin.indices.shards.IndicesShardStoresAction$$Lambda/0x00007fcd28bdd6e0
9162:             1             16  org.opensearch.action.admin.indices.shards.TransportIndicesShardStoresAction$$Lambda/0x00007fcd28e75b78
9163:             1             16  org.opensearch.action.admin.indices.shrink.ResizeAction$$Lambda/0x00007fcd28bde570
9164:             1             16  org.opensearch.action.admin.indices.shrink.TransportResizeAction$$Lambda/0x00007fcd28f2e2b8
9165:             1             16  org.opensearch.action.admin.indices.stats.IndicesStatsAction$$Lambda/0x00007fcd28bdc820
9166:             1             16  org.opensearch.action.admin.indices.stats.TransportIndicesStatsAction$$Lambda/0x00007fcd28e23dc8
9167:             1             16  org.opensearch.action.admin.indices.template.delete.DeleteComponentTemplateAction$$Lambda/0x00007fcd28be60f0
9168:             1             16  org.opensearch.action.admin.indices.template.delete.DeleteComposableIndexTemplateAction$$Lambda/0x00007fcd28be7160
9169:             1             16  org.opensearch.action.admin.indices.template.delete.DeleteIndexTemplateAction$$Lambda/0x00007fcd28be5080
9170:             1             16  org.opensearch.action.admin.indices.template.delete.TransportDeleteComponentTemplateAction$$Lambda/0x00007fcd28e75960
9171:             1             16  org.opensearch.action.admin.indices.template.delete.TransportDeleteComposableIndexTemplateAction$$Lambda/0x00007fcd28f2c218
9172:             1             16  org.opensearch.action.admin.indices.template.delete.TransportDeleteIndexTemplateAction$$Lambda/0x00007fcd28f5f358
9173:             1             16  org.opensearch.action.admin.indices.template.get.GetComponentTemplateAction$$Lambda/0x00007fcd28be5c50
9174:             1             16  org.opensearch.action.admin.indices.template.get.GetComposableIndexTemplateAction$$Lambda/0x00007fcd28be6cc0
9175:             1             16  org.opensearch.action.admin.indices.template.get.GetIndexTemplatesAction$$Lambda/0x00007fcd28be4be0
9176:             1             16  org.opensearch.action.admin.indices.template.get.TransportGetComponentTemplateAction$$Lambda/0x00007fcd28e750d8
9177:             1             16  org.opensearch.action.admin.indices.template.get.TransportGetComposableIndexTemplateAction$$Lambda/0x00007fcd28efd4f0
9178:             1             16  org.opensearch.action.admin.indices.template.get.TransportGetIndexTemplatesAction$$Lambda/0x00007fcd28f2de60
9179:             1             16  org.opensearch.action.admin.indices.template.post.SimulateIndexTemplateAction$$Lambda/0x00007fcd28be7888
9180:             1             16  org.opensearch.action.admin.indices.template.post.SimulateTemplateAction$$Lambda/0x00007fcd28be7d28
9181:             1             16  org.opensearch.action.admin.indices.template.post.TransportSimulateIndexTemplateAction$$Lambda/0x00007fcd28e74a90
9182:             1             16  org.opensearch.action.admin.indices.template.post.TransportSimulateTemplateAction$$Lambda/0x00007fcd28f5f140
9183:             1             16  org.opensearch.action.admin.indices.template.put.PutComponentTemplateAction$$Lambda/0x00007fcd28be5520
9184:             1             16  org.opensearch.action.admin.indices.template.put.PutComposableIndexTemplateAction$$Lambda/0x00007fcd28be6590
9185:             1             16  org.opensearch.action.admin.indices.template.put.PutIndexTemplateAction$$Lambda/0x00007fcd28be44b0
9186:             1             16  org.opensearch.action.admin.indices.template.put.TransportPutComponentTemplateAction$$Lambda/0x00007fcd28e0d758
9187:             1             16  org.opensearch.action.admin.indices.template.put.TransportPutComposableIndexTemplateAction$$Lambda/0x00007fcd28f2e900
9188:             1             16  org.opensearch.action.admin.indices.template.put.TransportPutIndexTemplateAction$$Lambda/0x00007fcd28efd708
9189:             1             16  org.opensearch.action.admin.indices.upgrade.get.TransportUpgradeStatusAction$$Lambda/0x00007fcd28efe5c8
9190:             1             16  org.opensearch.action.admin.indices.upgrade.get.UpgradeStatusAction$$Lambda/0x00007fcd28beaeb8
9191:             1             16  org.opensearch.action.admin.indices.upgrade.post.TransportUpgradeAction$$Lambda/0x00007fcd28eded00
9192:             1             16  org.opensearch.action.admin.indices.upgrade.post.TransportUpgradeSettingsAction$$Lambda/0x00007fcd28f2f378
9193:             1             16  org.opensearch.action.admin.indices.upgrade.post.UpgradeAction$$Lambda/0x00007fcd28bea720
9194:             1             16  org.opensearch.action.admin.indices.upgrade.post.UpgradeSettingsAction$$Lambda/0x00007fcd28beb368
9195:             1             16  org.opensearch.action.admin.indices.validate.query.TransportValidateQueryAction$$Lambda/0x00007fcd28e74218
9196:             1             16  org.opensearch.action.admin.indices.validate.query.TransportValidateQueryAction$$Lambda/0x00007fcd28e74430
9197:             1             16  org.opensearch.action.admin.indices.validate.query.ValidateQueryAction$$Lambda/0x00007fcd28be8560
9198:             1             16  org.opensearch.action.bulk.BackoffPolicy$NoBackoff
9199:             1             16  org.opensearch.action.bulk.BulkAction$$Lambda/0x00007fcd28bf25d8
9200:             1             16  org.opensearch.action.bulk.BulkRequest$$Lambda/0x00007fcd2922af78
9201:             1             16  org.opensearch.action.bulk.BulkShardRequest$$Lambda/0x00007fcd29236f10
9202:             1             16  org.opensearch.action.bulk.BulkShardResponse$$Lambda/0x00007fcd2937efd8
9203:             1             16  org.opensearch.action.bulk.TransportBulkAction$$Lambda/0x00007fcd28eff8d8
9204:             1             16  org.opensearch.action.bulk.TransportBulkAction$$Lambda/0x00007fcd28effaf0
9205:             1             16  org.opensearch.action.bulk.TransportBulkAction$$Lambda/0x00007fcd2922bcd8
9206:             1             16  org.opensearch.action.bulk.TransportBulkAction$$Lambda/0x00007fcd29234000
9207:             1             16  org.opensearch.action.bulk.TransportBulkAction$$Lambda/0x00007fcd29234238
9208:             1             16  org.opensearch.action.bulk.TransportBulkAction$$Lambda/0x00007fcd29234470
9209:             1             16  org.opensearch.action.bulk.TransportBulkAction$BulkOperation$$Lambda/0x00007fcd292355f0
9210:             1             16  org.opensearch.action.bulk.TransportShardBulkAction$$Lambda/0x00007fcd28efe9f8
9211:             1             16  org.opensearch.action.bulk.TransportShardBulkAction$$Lambda/0x00007fcd28efec30
9212:             1             16  org.opensearch.action.bulk.TransportShardBulkAction$$Lambda/0x00007fcd28efee48
9213:             1             16  org.opensearch.action.bulk.TransportShardBulkAction$$Lambda/0x00007fcd28eff4a0
9214:             1             16  org.opensearch.action.bulk.TransportShardBulkAction$$Lambda/0x00007fcd28eff6b8
9215:             1             16  org.opensearch.action.delete.DeleteAction$$Lambda/0x00007fcd28bf0828
9216:             1             16  org.opensearch.action.delete.TransportDeleteAction$$Lambda/0x00007fcd28f2c000
9217:             1             16  org.opensearch.action.explain.ExplainAction$$Lambda/0x00007fcd28bf50e0
9218:             1             16  org.opensearch.action.explain.TransportExplainAction$$Lambda/0x00007fcd28ddddb8
9219:             1             16  org.opensearch.action.fieldcaps.FieldCapabilitiesAction$$Lambda/0x00007fcd28bf99a8
9220:             1             16  org.opensearch.action.fieldcaps.TransportFieldCapabilitiesAction$$Lambda/0x00007fcd28efe198
9221:             1             16  org.opensearch.action.fieldcaps.TransportFieldCapabilitiesIndexAction$$Lambda/0x00007fcd28efd920
9222:             1             16  org.opensearch.action.fieldcaps.TransportFieldCapabilitiesIndexAction$$Lambda/0x00007fcd28efdb38
9223:             1             16  org.opensearch.action.fieldcaps.TransportFieldCapabilitiesIndexAction$$Lambda/0x00007fcd28efdd50
9224:             1             16  org.opensearch.action.fieldcaps.TransportFieldCapabilitiesIndexAction$ShardTransportHandler
9225:             1             16  org.opensearch.action.get.GetAction$$Lambda/0x00007fcd28bee698
9226:             1             16  org.opensearch.action.get.MultiGetAction$$Lambda/0x00007fcd28bf1be8
9227:             1             16  org.opensearch.action.get.TransportGetAction$$Lambda/0x00007fcd28edf130
9228:             1             16  org.opensearch.action.get.TransportMultiGetAction$$Lambda/0x00007fcd28f2ca78
9229:             1             16  org.opensearch.action.get.TransportShardMultiGetAction$$Lambda/0x00007fcd28f2c860
9230:             1             16  org.opensearch.action.get.TransportShardMultiGetAction$$Lambda/0x00007fcd291dd288
9231:             1             16  org.opensearch.action.index.IndexAction$$Lambda/0x00007fcd28bedd10
9232:             1             16  org.opensearch.action.index.TransportIndexAction$$Lambda/0x00007fcd28f2ed30
9233:             1             16  org.opensearch.action.ingest.DeletePipelineAction$$Lambda/0x00007fcd28bfabf0
9234:             1             16  org.opensearch.action.ingest.DeletePipelineTransportAction$$Lambda/0x00007fcd28e20ad8
9235:             1             16  org.opensearch.action.ingest.GetPipelineAction$$Lambda/0x00007fcd28bfa750
9236:             1             16  org.opensearch.action.ingest.GetPipelineTransportAction$$Lambda/0x00007fcd28f7df68
9237:             1             16  org.opensearch.action.ingest.PutPipelineAction$$Lambda/0x00007fcd28bf9ff0
9238:             1             16  org.opensearch.action.ingest.PutPipelineTransportAction$$Lambda/0x00007fcd28f7d4f0
9239:             1             16  org.opensearch.action.ingest.SimulateExecutionService
9240:             1             16  org.opensearch.action.ingest.SimulatePipelineAction$$Lambda/0x00007fcd28bfb530
9241:             1             16  org.opensearch.action.ingest.SimulatePipelineTransportAction$$Lambda/0x00007fcd28ddf5a0
9242:             1             16  org.opensearch.action.main.MainAction$$Lambda/0x00007fcd28bcf828
9243:             1             16  org.opensearch.action.main.TransportMainAction$$Lambda/0x00007fcd28ede8b8
9244:             1             16  org.opensearch.action.main.TransportMainAction$$Lambda/0x00007fcd28edead0
9245:             1             16  org.opensearch.action.resync.TransportResyncReplicationAction$$Lambda/0x00007fcd28dbe610
9246:             1             16  org.opensearch.action.resync.TransportResyncReplicationAction$$Lambda/0x00007fcd28dbe848
9247:             1             16  org.opensearch.action.resync.TransportResyncReplicationAction$$Lambda/0x00007fcd28dbea60
9248:             1             16  org.opensearch.action.resync.TransportResyncReplicationAction$$Lambda/0x00007fcd293e2e20
9249:             1             16  org.opensearch.action.resync.TransportResyncReplicationAction$$Lambda/0x00007fcd293e3038
9250:             1             16  org.opensearch.action.resync.TransportResyncReplicationAction$$Lambda/0x00007fcd293e3250
9251:             1             16  org.opensearch.action.resync.TransportResyncReplicationAction$$Lambda/0x00007fcd293e3468
9252:             1             16  org.opensearch.action.resync.TransportResyncReplicationAction$$Lambda/0x00007fcd293e3680
9253:             1             16  org.opensearch.action.resync.TransportResyncReplicationAction$$Lambda/0x00007fcd293e3898
9254:             1             16  org.opensearch.action.resync.TransportResyncReplicationAction$$Lambda/0x00007fcd293e3ab0
9255:             1             16  org.opensearch.action.resync.TransportResyncReplicationAction$$Lambda/0x00007fcd293e3cc8
9256:             1             16  org.opensearch.action.resync.TransportResyncReplicationAction$$Lambda/0x00007fcd29424000
9257:             1             16  org.opensearch.action.resync.TransportResyncReplicationAction$$Lambda/0x00007fcd29424218
9258:             1             16  org.opensearch.action.resync.TransportResyncReplicationAction$$Lambda/0x00007fcd29424430
9259:             1             16  org.opensearch.action.resync.TransportResyncReplicationAction$$Lambda/0x00007fcd29424648
9260:             1             16  org.opensearch.action.resync.TransportResyncReplicationAction$$Lambda/0x00007fcd29424860
9261:             1             16  org.opensearch.action.resync.TransportResyncReplicationAction$$Lambda/0x00007fcd29424a78
9262:             1             16  org.opensearch.action.resync.TransportResyncReplicationAction$$Lambda/0x00007fcd29424c90
9263:             1             16  org.opensearch.action.resync.TransportResyncReplicationAction$$Lambda/0x00007fcd29424ea8
9264:             1             16  org.opensearch.action.resync.TransportResyncReplicationAction$$Lambda/0x00007fcd294250c0
9265:             1             16  org.opensearch.action.search.ClearScrollAction$$Lambda/0x00007fcd28bf5850
9266:             1             16  org.opensearch.action.search.CreatePitAction$$Lambda/0x00007fcd28c93610
9267:             1             16  org.opensearch.action.search.DeletePitAction$$Lambda/0x00007fcd28c93cf8
9268:             1             16  org.opensearch.action.search.DeleteSearchPipelineAction$$Lambda/0x00007fcd28c96ec0
9269:             1             16  org.opensearch.action.search.DeleteSearchPipelineTransportAction$$Lambda/0x00007fcd28e75d90
9270:             1             16  org.opensearch.action.search.GetAllPitsAction$$Lambda/0x00007fcd28c948a8
9271:             1             16  org.opensearch.action.search.GetSearchPipelineAction$$Lambda/0x00007fcd28c96a20
9272:             1             16  org.opensearch.action.search.GetSearchPipelineTransportAction$$Lambda/0x00007fcd28e74ca8
9273:             1             16  org.opensearch.action.search.MultiSearchAction$$Lambda/0x00007fcd28bf49b0
9274:             1             16  org.opensearch.action.search.PutSearchPipelineAction$$Lambda/0x00007fcd28c962c0
9275:             1             16  org.opensearch.action.search.PutSearchPipelineTransportAction$$Lambda/0x00007fcd28e75748
9276:             1             16  org.opensearch.action.search.QueryPhaseResultConsumer$$Lambda/0x00007fcd29222a98
9277:             1             16  org.opensearch.action.search.QueryPhaseResultConsumer$PendingMerges$$Lambda/0x00007fcd29227738
9278:             1             16  org.opensearch.action.search.SearchAction$$Lambda/0x00007fcd28bf4088
9279:             1             16  org.opensearch.action.search.SearchExecutionStatsCollector$$Lambda/0x00007fcd28ce2248
9280:             1             16  org.opensearch.action.search.SearchPhaseController$$Lambda/0x00007fcd29227950
9281:             1             16  org.opensearch.action.search.SearchProgressListener$$Lambda/0x00007fcd29206fa0
9282:             1             16  org.opensearch.action.search.SearchProgressListener$$Lambda/0x00007fcd29225000
9283:             1             16  org.opensearch.action.search.SearchProgressListener$$Lambda/0x00007fcd29225238
9284:             1             16  org.opensearch.action.search.SearchProgressListener$$Lambda/0x00007fcd29227da0
9285:             1             16  org.opensearch.action.search.SearchProgressListener$1
9286:             1             16  org.opensearch.action.search.SearchRequestOperationsCompositeListenerFactory
9287:             1             16  org.opensearch.action.search.SearchRequestOperationsListener$1
9288:             1             16  org.opensearch.action.search.SearchRequestSlowLog$$Lambda/0x00007fcd28700000
9289:             1             16  org.opensearch.action.search.SearchRequestSlowLog$$Lambda/0x00007fcd288bfcc8
9290:             1             16  org.opensearch.action.search.SearchRequestSlowLog$$Lambda/0x00007fcd288c0000
9291:             1             16  org.opensearch.action.search.SearchRequestSlowLog$$Lambda/0x00007fcd288c0230
9292:             1             16  org.opensearch.action.search.SearchRequestSlowLog$$Lambda/0x00007fcd288c0460
9293:             1             16  org.opensearch.action.search.SearchRequestSlowLog$$Lambda/0x00007fcd288c0690
9294:             1             16  org.opensearch.action.search.SearchRequestStats$$Lambda/0x00007fcd288bf1e0
9295:             1             16  org.opensearch.action.search.SearchScrollAction$$Lambda/0x00007fcd28bf42a0
9296:             1             16  org.opensearch.action.search.SearchShardIterator$$Lambda/0x00007fcd291e2240
9297:             1             16  org.opensearch.action.search.SearchTransportService$$Lambda/0x00007fcd28e0dda0
9298:             1             16  org.opensearch.action.search.SearchTransportService$$Lambda/0x00007fcd28e0dfb8
9299:             1             16  org.opensearch.action.search.SearchTransportService$$Lambda/0x00007fcd28e0e1d8
9300:             1             16  org.opensearch.action.search.SearchTransportService$$Lambda/0x00007fcd28e0e3f0
9301:             1             16  org.opensearch.action.search.SearchTransportService$$Lambda/0x00007fcd28e0e608
9302:             1             16  org.opensearch.action.search.SearchTransportService$$Lambda/0x00007fcd28e0e828
9303:             1             16  org.opensearch.action.search.SearchTransportService$$Lambda/0x00007fcd28e0ea40
9304:             1             16  org.opensearch.action.search.SearchTransportService$$Lambda/0x00007fcd28e0ec58
9305:             1             16  org.opensearch.action.search.SearchTransportService$$Lambda/0x00007fcd28e0ee78
9306:             1             16  org.opensearch.action.search.SearchTransportService$$Lambda/0x00007fcd28e0f090
9307:             1             16  org.opensearch.action.search.SearchTransportService$$Lambda/0x00007fcd28e0f2a8
9308:             1             16  org.opensearch.action.search.SearchTransportService$$Lambda/0x00007fcd28e0f4c8
9309:             1             16  org.opensearch.action.search.SearchTransportService$$Lambda/0x00007fcd28e0f6e0
9310:             1             16  org.opensearch.action.search.SearchTransportService$$Lambda/0x00007fcd28e0f8f8
9311:             1             16  org.opensearch.action.search.SearchTransportService$$Lambda/0x00007fcd28e1c000
9312:             1             16  org.opensearch.action.search.SearchTransportService$$Lambda/0x00007fcd28e1c218
9313:             1             16  org.opensearch.action.search.SearchTransportService$$Lambda/0x00007fcd28e1c430
9314:             1             16  org.opensearch.action.search.SearchTransportService$$Lambda/0x00007fcd28e1c650
9315:             1             16  org.opensearch.action.search.SearchTransportService$$Lambda/0x00007fcd28e1caa8
9316:             1             16  org.opensearch.action.search.SearchTransportService$$Lambda/0x00007fcd28e1ccc0
9317:             1             16  org.opensearch.action.search.SearchTransportService$$Lambda/0x00007fcd28e1cee0
9318:             1             16  org.opensearch.action.search.SearchTransportService$$Lambda/0x00007fcd28e1d0f8
9319:             1             16  org.opensearch.action.search.SearchTransportService$$Lambda/0x00007fcd28e1d310
9320:             1             16  org.opensearch.action.search.SearchTransportService$$Lambda/0x00007fcd28e1d7c8
9321:             1             16  org.opensearch.action.search.SearchTransportService$$Lambda/0x00007fcd28e1d9e0
9322:             1             16  org.opensearch.action.search.SearchTransportService$$Lambda/0x00007fcd28e1dbf8
9323:             1             16  org.opensearch.action.search.SearchTransportService$$Lambda/0x00007fcd28e1e0b0
9324:             1             16  org.opensearch.action.search.SearchTransportService$$Lambda/0x00007fcd28e1e2c8
9325:             1             16  org.opensearch.action.search.SearchTransportService$$Lambda/0x00007fcd28e1e4e0
9326:             1             16  org.opensearch.action.search.SearchTransportService$$Lambda/0x00007fcd28e1e9a0
9327:             1             16  org.opensearch.action.search.SearchTransportService$$Lambda/0x00007fcd28e1ebb8
9328:             1             16  org.opensearch.action.search.SearchTransportService$$Lambda/0x00007fcd28e1edd0
9329:             1             16  org.opensearch.action.search.SearchTransportService$$Lambda/0x00007fcd28e1eff0
9330:             1             16  org.opensearch.action.search.SearchTransportService$$Lambda/0x00007fcd28e1f208
9331:             1             16  org.opensearch.action.search.SearchTransportService$$Lambda/0x00007fcd28e1f420
9332:             1             16  org.opensearch.action.search.SearchTransportService$$Lambda/0x00007fcd28e1f640
9333:             1             16  org.opensearch.action.search.SearchTransportService$$Lambda/0x00007fcd28e1f858
9334:             1             16  org.opensearch.action.search.SearchTransportService$$Lambda/0x00007fcd28e1fa70
9335:             1             16  org.opensearch.action.search.SearchTransportService$$Lambda/0x00007fcd28e1fc90
9336:             1             16  org.opensearch.action.search.SearchTransportService$$Lambda/0x00007fcd28e20000
9337:             1             16  org.opensearch.action.search.SearchTransportService$$Lambda/0x00007fcd28e20218
9338:             1             16  org.opensearch.action.search.SearchTransportService$$Lambda/0x00007fcd28e20690
9339:             1             16  org.opensearch.action.search.SearchTransportService$$Lambda/0x00007fcd29207838
9340:             1             16  org.opensearch.action.search.SearchTransportService$ConnectionCountingHandler$$Lambda/0x00007fcd29207ce8
9341:             1             16  org.opensearch.action.search.SearchTransportService$ConnectionCountingHandler$$Lambda/0x00007fcd29226000
9342:             1             16  org.opensearch.action.search.TransportClearScrollAction$$Lambda/0x00007fcd28f7dd50
9343:             1             16  org.opensearch.action.search.TransportCreatePitAction$$Lambda/0x00007fcd28e776e0
9344:             1             16  org.opensearch.action.search.TransportDeletePitAction$$Lambda/0x00007fcd28f7d708
9345:             1             16  org.opensearch.action.search.TransportGetAllPitsAction$$Lambda/0x00007fcd28f7c430
9346:             1             16  org.opensearch.action.search.TransportGetAllPitsAction$$Lambda/0x00007fcd28f7c648
9347:             1             16  org.opensearch.action.search.TransportMultiSearchAction$$Lambda/0x00007fcd28f2da30
9348:             1             16  org.opensearch.action.search.TransportMultiSearchAction$$Lambda/0x00007fcd28f2dc48
9349:             1             16  org.opensearch.action.search.TransportSearchAction$$Lambda/0x00007fcd28e0db88
9350:             1             16  org.opensearch.action.search.TransportSearchAction$$Lambda/0x00007fcd28e208a8
9351:             1             16  org.opensearch.action.search.TransportSearchAction$$Lambda/0x00007fcd291dba70
9352:             1             16  org.opensearch.action.search.TransportSearchAction$$Lambda/0x00007fcd291e75e0
9353:             1             16  org.opensearch.action.search.TransportSearchScrollAction$$Lambda/0x00007fcd28e76e68
9354:             1             16  org.opensearch.action.support.ActionFilters
9355:             1             16  org.opensearch.action.support.AutoCreateIndex$$Lambda/0x00007fcd286e8000
9356:             1             16  org.opensearch.action.support.AutoCreateIndex$$Lambda/0x00007fcd28c97c40
9357:             1             16  org.opensearch.action.support.DestructiveOperations
9358:             1             16  org.opensearch.action.support.DestructiveOperations$$Lambda/0x00007fcd28c98000
9359:             1             16  org.opensearch.action.support.TransportAction$$Lambda/0x00007fcd291be1f8
9360:             1             16  org.opensearch.action.support.broadcast.TransportBroadcastAction$ShardTransportHandler
9361:             1             16  org.opensearch.action.support.broadcast.node.TransportBroadcastByNodeAction$$Lambda/0x00007fcd29376630
9362:             1             16  org.opensearch.action.support.clustermanager.term.GetTermVersionAction$$Lambda/0x00007fcd28bd3d90
9363:             1             16  org.opensearch.action.support.clustermanager.term.TransportGetTermVersionAction$$Lambda/0x00007fcd28e74000
9364:             1             16  org.opensearch.action.support.master.AcknowledgedResponse$$Lambda/0x00007fcd293788a0
9365:             1             16  org.opensearch.action.support.master.AcknowledgedResponse$$Lambda/0x00007fcd29378ad8
9366:             1             16  org.opensearch.action.support.nodes.BaseNodesRequest$$Lambda/0x00007fcd291a53a0
9367:             1             16  org.opensearch.action.support.nodes.BaseNodesRequest$$Lambda/0x00007fcd291a55b8
9368:             1             16  org.opensearch.action.support.nodes.TransportNodesAction$$Lambda/0x00007fcd291becb0
9369:             1             16  org.opensearch.action.support.nodes.TransportNodesAction$$Lambda/0x00007fcd291beef0
9370:             1             16  org.opensearch.action.support.nodes.TransportNodesAction$AsyncAction$$Lambda/0x00007fcd291c1f88
9371:             1             16  org.opensearch.action.support.replication.PendingReplicationActions$$Lambda/0x00007fcd293761c8
9372:             1             16  org.opensearch.action.support.replication.ReplicationRequest$$Lambda/0x00007fcd2937a728
9373:             1             16  org.opensearch.action.support.replication.TransportReplicationAction$$Lambda/0x00007fcd28eff060
9374:             1             16  org.opensearch.action.support.replication.TransportReplicationAction$$Lambda/0x00007fcd28eff280
9375:             1             16  org.opensearch.action.support.replication.TransportReplicationAction$$Lambda/0x00007fcd2937a940
9376:             1             16  org.opensearch.action.support.replication.TransportReplicationAction$$Lambda/0x00007fcd293ae930
9377:             1             16  org.opensearch.action.support.replication.TransportReplicationAction$AsyncPrimaryAction$$Lambda/0x00007fcd293b21b0
9378:             1             16  org.opensearch.action.support.replication.TransportReplicationAction$ReplicasProxy$$Lambda/0x00007fcd293b5520
9379:             1             16  org.opensearch.action.support.single.instance.TransportInstanceSingleOperationAction$ShardTransportHandler
9380:             1             16  org.opensearch.action.support.single.shard.TransportSingleShardAction$AsyncSingleAction$$Lambda/0x00007fcd291dd070
9381:             1             16  org.opensearch.action.termvectors.MultiTermVectorsAction$$Lambda/0x00007fcd28befa70
9382:             1             16  org.opensearch.action.termvectors.TermVectorsAction$$Lambda/0x00007fcd28bef2f8
9383:             1             16  org.opensearch.action.termvectors.TransportMultiTermVectorsAction$$Lambda/0x00007fcd28e77b10
9384:             1             16  org.opensearch.action.termvectors.TransportShardMultiTermsVectorAction$$Lambda/0x00007fcd28e778f8
9385:             1             16  org.opensearch.action.termvectors.TransportTermVectorsAction$$Lambda/0x00007fcd28edc698
9386:             1             16  org.opensearch.action.update.TransportUpdateAction$$Lambda/0x00007fcd28e75fa8
9387:             1             16  org.opensearch.action.update.UpdateAction$$Lambda/0x00007fcd28bf1210
9388:             1             16  org.opensearch.action.update.UpdateHelper
9389:             1             16  org.opensearch.ad.caching.ADCacheProvider
9390:             1             16  org.opensearch.ad.indices.ADIndex$$Lambda/0x00007fcd289c7610
9391:             1             16  org.opensearch.ad.indices.ADIndex$$Lambda/0x00007fcd289c7828
9392:             1             16  org.opensearch.ad.indices.ADIndex$$Lambda/0x00007fcd289c7a40
9393:             1             16  org.opensearch.ad.indices.ADIndex$$Lambda/0x00007fcd289c7c58
9394:             1             16  org.opensearch.ad.indices.ADIndex$$Lambda/0x00007fcd289cc000
9395:             1             16  org.opensearch.ad.indices.ADIndex$$Lambda/0x00007fcd289cc218
9396:             1             16  org.opensearch.ad.indices.ADIndexManagement$$Lambda/0x00007fcd289cca08
9397:             1             16  org.opensearch.ad.indices.ADIndexManagement$$Lambda/0x00007fcd289ccc20
9398:             1             16  org.opensearch.ad.indices.ADIndexManagement$$Lambda/0x00007fcd289cce50
9399:             1             16  org.opensearch.ad.indices.ADIndexManagement$$Lambda/0x00007fcd289cd080
9400:             1             16  org.opensearch.ad.indices.ADIndexManagement$$Lambda/0x00007fcd289cd2b0
9401:             1             16  org.opensearch.ad.ml.ADModelManager$$Lambda/0x00007fcd28a154f8
9402:             1             16  org.opensearch.ad.ml.ADModelManager$$Lambda/0x00007fcd29016f28
9403:             1             16  org.opensearch.ad.model.AnomalyDetector$$Lambda/0x00007fcd2857a7f0
9404:             1             16  org.opensearch.ad.model.AnomalyResult$$Lambda/0x00007fcd2857b468
9405:             1             16  org.opensearch.ad.model.DetectorInternalState$$Lambda/0x00007fcd2857b8f8
9406:             1             16  org.opensearch.ad.ratelimit.ADCheckpointMaintainWorker$$Lambda/0x00007fcd28a12c28
9407:             1             16  org.opensearch.ad.ratelimit.ADCheckpointMaintainWorker$$Lambda/0x00007fcd28a12e58
9408:             1             16  org.opensearch.ad.ratelimit.ADResultWriteWorker$$Lambda/0x00007fcd28a17138
9409:             1             16  org.opensearch.ad.rest.AbstractADSearchAction$$Lambda/0x00007fcd2900f068
9410:             1             16  org.opensearch.ad.rest.RestAnomalyDetectorJobAction$$Lambda/0x00007fcd29010b20
9411:             1             16  org.opensearch.ad.rest.RestExecuteAnomalyDetectorAction$$Lambda/0x00007fcd2900fda0
9412:             1             16  org.opensearch.ad.stats.ADStats
9413:             1             16  org.opensearch.ad.stats.suppliers.ADModelsOnNodeSupplier$$Lambda/0x00007fcd28a27ba0
9414:             1             16  org.opensearch.ad.task.ADBatchTaskRunner$$Lambda/0x00007fcd28a372b0
9415:             1             16  org.opensearch.ad.task.ADBatchTaskRunner$$Lambda/0x00007fcd28a374e0
9416:             1             16  org.opensearch.ad.task.ADBatchTaskRunner$$Lambda/0x00007fcd28a37710
9417:             1             16  org.opensearch.ad.task.ADBatchTaskRunner$$Lambda/0x00007fcd28a37940
9418:             1             16  org.opensearch.ad.task.ADBatchTaskRunner$$Lambda/0x00007fcd28a37b70
9419:             1             16  org.opensearch.ad.task.ADTaskCacheManager$$Lambda/0x00007fcd28a2e2e8
9420:             1             16  org.opensearch.ad.task.ADTaskManager$$Lambda/0x00007fcd28a36548
9421:             1             16  org.opensearch.ad.task.ADTaskManager$$Lambda/0x00007fcd28a36778
9422:             1             16  org.opensearch.ad.task.ADTaskManager$$Lambda/0x00007fcd28a369a8
9423:             1             16  org.opensearch.ad.task.ADTaskManager$$Lambda/0x00007fcd28a36bd8
9424:             1             16  org.opensearch.ad.transport.ADBatchAnomalyResultAction$$Lambda/0x00007fcd28c20688
9425:             1             16  org.opensearch.ad.transport.ADBatchAnomalyResultTransportAction$$Lambda/0x00007fcd28e3c230
9426:             1             16  org.opensearch.ad.transport.ADBatchTaskRemoteExecutionAction$$Lambda/0x00007fcd28c20ab8
9427:             1             16  org.opensearch.ad.transport.ADBatchTaskRemoteExecutionTransportAction$$Lambda/0x00007fcd28f1e2d0
9428:             1             16  org.opensearch.ad.transport.ADCancelTaskAction$$Lambda/0x00007fcd28c21858
9429:             1             16  org.opensearch.ad.transport.ADCancelTaskTransportAction$$Lambda/0x00007fcd28e3d578
9430:             1             16  org.opensearch.ad.transport.ADCancelTaskTransportAction$$Lambda/0x00007fcd28e3d790
9431:             1             16  org.opensearch.ad.transport.ADEntityProfileAction$$Lambda/0x00007fcd28c1ed20
9432:             1             16  org.opensearch.ad.transport.ADProfileAction$$Lambda/0x00007fcd28a388c8
9433:             1             16  org.opensearch.ad.transport.ADResultBulkAction$$Lambda/0x00007fcd28c1dfc0
9434:             1             16  org.opensearch.ad.transport.ADResultBulkTransportAction$$Lambda/0x00007fcd28d9d6f8
9435:             1             16  org.opensearch.ad.transport.ADResultBulkTransportAction$$Lambda/0x00007fcd28d9d910
9436:             1             16  org.opensearch.ad.transport.ADResultBulkTransportAction$$Lambda/0x00007fcd28d9db40
9437:             1             16  org.opensearch.ad.transport.ADSingleStreamResultAction$$Lambda/0x00007fcd28c23550
9438:             1             16  org.opensearch.ad.transport.ADStatsNodesAction$$Lambda/0x00007fcd28c19500
9439:             1             16  org.opensearch.ad.transport.ADTaskProfileAction$$Lambda/0x00007fcd28c21158
9440:             1             16  org.opensearch.ad.transport.ADTaskProfileTransportAction$$Lambda/0x00007fcd28d9f0b8
9441:             1             16  org.opensearch.ad.transport.ADTaskProfileTransportAction$$Lambda/0x00007fcd28d9f2d0
9442:             1             16  org.opensearch.ad.transport.AnomalyDetectorJobAction$$Lambda/0x00007fcd28c1d730
9443:             1             16  org.opensearch.ad.transport.AnomalyResultAction$$Lambda/0x00007fcd28a399f0
9444:             1             16  org.opensearch.ad.transport.AnomalyResultTransportAction$$Lambda/0x00007fcd28d9f4e8
9445:             1             16  org.opensearch.ad.transport.CronAction$$Lambda/0x00007fcd28c18db0
9446:             1             16  org.opensearch.ad.transport.DeleteADModelAction$$Lambda/0x00007fcd28a430a8
9447:             1             16  org.opensearch.ad.transport.DeleteAnomalyDetectorAction$$Lambda/0x00007fcd28c1bdd0
9448:             1             16  org.opensearch.ad.transport.DeleteAnomalyResultsAction$$Lambda/0x00007fcd28c22118
9449:             1             16  org.opensearch.ad.transport.DeleteAnomalyResultsTransportAction$$Lambda/0x00007fcd28e3cac0
9450:             1             16  org.opensearch.ad.transport.DeleteAnomalyResultsTransportAction$$Lambda/0x00007fcd28e3ccd8
9451:             1             16  org.opensearch.ad.transport.EntityADResultAction$$Lambda/0x00007fcd28c1e640
9452:             1             16  org.opensearch.ad.transport.EntityADResultTransportAction$$Lambda/0x00007fcd28e3d9a8
9453:             1             16  org.opensearch.ad.transport.ForwardADTaskAction$$Lambda/0x00007fcd28c21ce8
9454:             1             16  org.opensearch.ad.transport.ForwardADTaskTransportAction$$Lambda/0x00007fcd28f1cf68
9455:             1             16  org.opensearch.ad.transport.GetAnomalyDetectorAction$$Lambda/0x00007fcd28c1c6d0
9456:             1             16  org.opensearch.ad.transport.IndexAnomalyDetectorAction$$Lambda/0x00007fcd28c1d068
9457:             1             16  org.opensearch.ad.transport.IndexAnomalyDetectorTransportAction$$Lambda/0x00007fcd28f1c690
9458:             1             16  org.opensearch.ad.transport.IndexAnomalyDetectorTransportAction$$Lambda/0x00007fcd28f1c8a8
9459:             1             16  org.opensearch.ad.transport.PreviewAnomalyDetectorAction$$Lambda/0x00007fcd28c20000
9460:             1             16  org.opensearch.ad.transport.PreviewAnomalyDetectorTransportAction$$Lambda/0x00007fcd28e3fd58
9461:             1             16  org.opensearch.ad.transport.PreviewAnomalyDetectorTransportAction$$Lambda/0x00007fcd28f1c000
9462:             1             16  org.opensearch.ad.transport.PreviewAnomalyDetectorTransportAction$$Lambda/0x00007fcd28f1c230
9463:             1             16  org.opensearch.ad.transport.PreviewAnomalyDetectorTransportAction$$Lambda/0x00007fcd28f1c460
9464:             1             16  org.opensearch.ad.transport.RCFPollingAction$$Lambda/0x00007fcd28c1a3a8
9465:             1             16  org.opensearch.ad.transport.RCFPollingTransportAction$$Lambda/0x00007fcd28f1e700
9466:             1             16  org.opensearch.ad.transport.RCFResultAction$$Lambda/0x00007fcd28a43ca0
9467:             1             16  org.opensearch.ad.transport.RCFResultTransportAction$$Lambda/0x00007fcd28d9e5e8
9468:             1             16  org.opensearch.ad.transport.SearchADTasksAction$$Lambda/0x00007fcd28c1b078
9469:             1             16  org.opensearch.ad.transport.SearchADTasksTransportAction$$Lambda/0x00007fcd28f1e0b8
9470:             1             16  org.opensearch.ad.transport.SearchAnomalyDetectorAction$$Lambda/0x00007fcd28c1a7d8
9471:             1             16  org.opensearch.ad.transport.SearchAnomalyDetectorInfoAction$$Lambda/0x00007fcd28c1f600
9472:             1             16  org.opensearch.ad.transport.SearchAnomalyDetectorTransportAction$$Lambda/0x00007fcd28e3f2c8
9473:             1             16  org.opensearch.ad.transport.SearchAnomalyResultAction$$Lambda/0x00007fcd28c1ac08
9474:             1             16  org.opensearch.ad.transport.SearchAnomalyResultTransportAction$$Lambda/0x00007fcd28f1cad8
9475:             1             16  org.opensearch.ad.transport.SearchTopAnomalyResultAction$$Lambda/0x00007fcd28c227e0
9476:             1             16  org.opensearch.ad.transport.SearchTopAnomalyResultTransportAction$$Lambda/0x00007fcd28e3e638
9477:             1             16  org.opensearch.ad.transport.StatsAnomalyDetectorAction$$Lambda/0x00007fcd28c1b738
9478:             1             16  org.opensearch.ad.transport.StopDetectorAction$$Lambda/0x00007fcd28a39e98
9479:             1             16  org.opensearch.ad.transport.StopDetectorTransportAction$$Lambda/0x00007fcd28e3f4e0
9480:             1             16  org.opensearch.ad.transport.ThresholdResultAction$$Lambda/0x00007fcd28c184b0
9481:             1             16  org.opensearch.ad.transport.ThresholdResultTransportAction$$Lambda/0x00007fcd28f1e4e8
9482:             1             16  org.opensearch.ad.transport.ValidateAnomalyDetectorAction$$Lambda/0x00007fcd28c22ea8
9483:             1             16  org.opensearch.agent.tools.PPLTool$Factory
9484:             1             16  org.opensearch.agent.tools.SearchAlertsTool$Factory
9485:             1             16  org.opensearch.agent.tools.SearchMonitorsTool$Factory
9486:             1             16  org.opensearch.alerting.AlertService$Companion
9487:             1             16  org.opensearch.alerting.AlertingPlugin$$Lambda/0x00007fcd286228c0
9488:             1             16  org.opensearch.alerting.AlertingPlugin$$Lambda/0x00007fcd28622ad8
9489:             1             16  org.opensearch.alerting.AlertingPlugin$Companion
9490:             1             16  org.opensearch.alerting.MonitorMetadataService
9491:             1             16  org.opensearch.alerting.MonitorMetadataService$$Lambda/0x00007fcd28a98420
9492:             1             16  org.opensearch.alerting.MonitorRunnerService$$Lambda/0x00007fcd28a8a600
9493:             1             16  org.opensearch.alerting.MonitorRunnerService$$Lambda/0x00007fcd28a8a828
9494:             1             16  org.opensearch.alerting.MonitorRunnerService$$Lambda/0x00007fcd28a8aa50
9495:             1             16  org.opensearch.alerting.MonitorRunnerService$$Lambda/0x00007fcd28a8ac78
9496:             1             16  org.opensearch.alerting.MonitorRunnerService$$Lambda/0x00007fcd28a8aea0
9497:             1             16  org.opensearch.alerting.MonitorRunnerService$$Lambda/0x00007fcd28a8b0c8
9498:             1             16  org.opensearch.alerting.MonitorRunnerService$$Lambda/0x00007fcd28a8b2f0
9499:             1             16  org.opensearch.alerting.MonitorRunnerService$$Lambda/0x00007fcd28a8b518
9500:             1             16  org.opensearch.alerting.MonitorRunnerService$$Lambda/0x00007fcd28a8b740
9501:             1             16  org.opensearch.alerting.MonitorRunnerService$$Lambda/0x00007fcd28a8b968
9502:             1             16  org.opensearch.alerting.MonitorRunnerService$$Lambda/0x00007fcd28a8bb90
9503:             1             16  org.opensearch.alerting.WorkflowMetadataService
9504:             1             16  org.opensearch.alerting.WorkflowMetadataService$$Lambda/0x00007fcd28a98868
9505:             1             16  org.opensearch.alerting.action.DocLevelMonitorFanOutAction$$Lambda/0x00007fcd28c35f10
9506:             1             16  org.opensearch.alerting.action.DocLevelMonitorFanOutAction$Companion
9507:             1             16  org.opensearch.alerting.action.ExecuteMonitorAction$$Lambda/0x00007fcd28c2ed10
9508:             1             16  org.opensearch.alerting.action.ExecuteMonitorAction$Companion
9509:             1             16  org.opensearch.alerting.action.ExecuteWorkflowAction$$Lambda/0x00007fcd28c34930
9510:             1             16  org.opensearch.alerting.action.ExecuteWorkflowAction$Companion
9511:             1             16  org.opensearch.alerting.action.GetDestinationsAction$$Lambda/0x00007fcd28c328b0
9512:             1             16  org.opensearch.alerting.action.GetDestinationsAction$Companion
9513:             1             16  org.opensearch.alerting.action.GetEmailAccountAction$$Lambda/0x00007fcd28c30288
9514:             1             16  org.opensearch.alerting.action.GetEmailAccountAction$Companion
9515:             1             16  org.opensearch.alerting.action.GetEmailGroupAction$$Lambda/0x00007fcd28c315a0
9516:             1             16  org.opensearch.alerting.action.GetEmailGroupAction$Companion
9517:             1             16  org.opensearch.alerting.action.GetRemoteIndexesAction$$Lambda/0x00007fcd28c353f8
9518:             1             16  org.opensearch.alerting.action.GetRemoteIndexesAction$Companion
9519:             1             16  org.opensearch.alerting.action.SearchEmailAccountAction$$Lambda/0x00007fcd28c30ad0
9520:             1             16  org.opensearch.alerting.action.SearchEmailAccountAction$Companion
9521:             1             16  org.opensearch.alerting.action.SearchEmailGroupAction$$Lambda/0x00007fcd28c31de8
9522:             1             16  org.opensearch.alerting.action.SearchEmailGroupAction$Companion
9523:             1             16  org.opensearch.alerting.alerts.AlertIndices$$Lambda/0x00007fcd288a30c8
9524:             1             16  org.opensearch.alerting.alerts.AlertIndices$$Lambda/0x00007fcd288a32f8
9525:             1             16  org.opensearch.alerting.alerts.AlertIndices$$Lambda/0x00007fcd288a3528
9526:             1             16  org.opensearch.alerting.alerts.AlertIndices$$Lambda/0x00007fcd288a3758
9527:             1             16  org.opensearch.alerting.alerts.AlertIndices$$Lambda/0x00007fcd288a3988
9528:             1             16  org.opensearch.alerting.alerts.AlertIndices$$Lambda/0x00007fcd288a3bb8
9529:             1             16  org.opensearch.alerting.alerts.AlertIndices$$Lambda/0x00007fcd28a88000
9530:             1             16  org.opensearch.alerting.alerts.AlertIndices$$Lambda/0x00007fcd28a88230
9531:             1             16  org.opensearch.alerting.alerts.AlertIndices$$Lambda/0x00007fcd28a88460
9532:             1             16  org.opensearch.alerting.alerts.AlertIndices$$Lambda/0x00007fcd28a88690
9533:             1             16  org.opensearch.alerting.alerts.AlertIndices$$Lambda/0x00007fcd28a888c0
9534:             1             16  org.opensearch.alerting.alerts.AlertIndices$Companion
9535:             1             16  org.opensearch.alerting.comments.CommentsIndices$$Lambda/0x00007fcd28a8c7e8
9536:             1             16  org.opensearch.alerting.comments.CommentsIndices$$Lambda/0x00007fcd28a8ca18
9537:             1             16  org.opensearch.alerting.comments.CommentsIndices$$Lambda/0x00007fcd28a8cc48
9538:             1             16  org.opensearch.alerting.comments.CommentsIndices$$Lambda/0x00007fcd28a8ce78
9539:             1             16  org.opensearch.alerting.comments.CommentsIndices$Companion
9540:             1             16  org.opensearch.alerting.core.JobSweeper$$Lambda/0x00007fcd28a8d568
9541:             1             16  org.opensearch.alerting.core.JobSweeper$$Lambda/0x00007fcd28a8d798
9542:             1             16  org.opensearch.alerting.core.JobSweeper$$Lambda/0x00007fcd28a8d9c8
9543:             1             16  org.opensearch.alerting.core.JobSweeper$$Lambda/0x00007fcd28a8dbf8
9544:             1             16  org.opensearch.alerting.core.JobSweeper$$Lambda/0x00007fcd28a8de28
9545:             1             16  org.opensearch.alerting.core.JobSweeper$$Lambda/0x00007fcd28a8e058
9546:             1             16  org.opensearch.alerting.core.JobSweeper$$Lambda/0x00007fcd29019560
9547:             1             16  org.opensearch.alerting.core.ScheduledJobIndices$Companion
9548:             1             16  org.opensearch.alerting.core.action.node.ScheduledJobsStatsAction$$Lambda/0x00007fcd28a99390
9549:             1             16  org.opensearch.alerting.core.action.node.ScheduledJobsStatsAction$Companion
9550:             1             16  org.opensearch.alerting.core.action.node.ScheduledJobsStatsTransportAction$$Lambda/0x00007fcd28dfc430
9551:             1             16  org.opensearch.alerting.core.action.node.ScheduledJobsStatsTransportAction$$Lambda/0x00007fcd28dfc648
9552:             1             16  org.opensearch.alerting.core.lock.LockService$Companion
9553:             1             16  org.opensearch.alerting.core.resthandler.RestScheduledJobStatsHandler$Companion
9554:             1             16  org.opensearch.alerting.core.resthandler.RestScheduledJobStatsHandler$Companion$METRICS$1
9555:             1             16  org.opensearch.alerting.core.resthandler.RestScheduledJobStatsHandler$Companion$METRICS$2
9556:             1             16  org.opensearch.alerting.core.settings.LegacyOpenDistroScheduledJobSettings$Companion
9557:             1             16  org.opensearch.alerting.core.settings.ScheduledJobSettings$Companion
9558:             1             16  org.opensearch.alerting.model.AlertContext$Companion
9559:             1             16  org.opensearch.alerting.resthandler.RestGetRemoteIndexesAction$Companion
9560:             1             16  org.opensearch.alerting.resthandler.RestSearchMonitorAction$$Lambda/0x00007fcd28f85208
9561:             1             16  org.opensearch.alerting.script.TriggerScript$Companion
9562:             1             16  org.opensearch.alerting.service.DeleteMonitorService
9563:             1             16  org.opensearch.alerting.settings.AlertingSettings$Companion
9564:             1             16  org.opensearch.alerting.settings.DestinationSettings$$Lambda/0x00007fcd2846acf0
9565:             1             16  org.opensearch.alerting.settings.DestinationSettings$$Lambda/0x00007fcd2846af28
9566:             1             16  org.opensearch.alerting.settings.DestinationSettings$Companion
9567:             1             16  org.opensearch.alerting.settings.LegacyOpenDistroAlertingSettings$Companion
9568:             1             16  org.opensearch.alerting.settings.LegacyOpenDistroDestinationSettings$$Lambda/0x00007fcd2846a880
9569:             1             16  org.opensearch.alerting.settings.LegacyOpenDistroDestinationSettings$$Lambda/0x00007fcd2846aab8
9570:             1             16  org.opensearch.alerting.settings.LegacyOpenDistroDestinationSettings$Companion
9571:             1             16  org.opensearch.alerting.transport.TransportAcknowledgeAlertAction$$Lambda/0x00007fcd28eed6d8
9572:             1             16  org.opensearch.alerting.transport.TransportAcknowledgeAlertAction$$Lambda/0x00007fcd28eed8f0
9573:             1             16  org.opensearch.alerting.transport.TransportAcknowledgeChainedAlertAction$$Lambda/0x00007fcd28dfe2b8
9574:             1             16  org.opensearch.alerting.transport.TransportAcknowledgeChainedAlertAction$$Lambda/0x00007fcd28dfe4d0
9575:             1             16  org.opensearch.alerting.transport.TransportDeleteAlertingCommentAction$$Lambda/0x00007fcd28eef888
9576:             1             16  org.opensearch.alerting.transport.TransportDeleteAlertingCommentAction$$Lambda/0x00007fcd28eefaa0
9577:             1             16  org.opensearch.alerting.transport.TransportDeleteMonitorAction$$Lambda/0x00007fcd28eef1b0
9578:             1             16  org.opensearch.alerting.transport.TransportDeleteWorkflowAction$$Lambda/0x00007fcd28eec6f0
9579:             1             16  org.opensearch.alerting.transport.TransportDocLevelMonitorFanOutAction$$Lambda/0x00007fcd28dfe918
9580:             1             16  org.opensearch.alerting.transport.TransportDocLevelMonitorFanOutAction$$Lambda/0x00007fcd28dfeb30
9581:             1             16  org.opensearch.alerting.transport.TransportDocLevelMonitorFanOutAction$$Lambda/0x00007fcd28dfed60
9582:             1             16  org.opensearch.alerting.transport.TransportDocLevelMonitorFanOutAction$$Lambda/0x00007fcd28dfef90
9583:             1             16  org.opensearch.alerting.transport.TransportDocLevelMonitorFanOutAction$$Lambda/0x00007fcd28dff1c0
9584:             1             16  org.opensearch.alerting.transport.TransportDocLevelMonitorFanOutAction$$Lambda/0x00007fcd28dff3f0
9585:             1             16  org.opensearch.alerting.transport.TransportDocLevelMonitorFanOutAction$$Lambda/0x00007fcd28dff620
9586:             1             16  org.opensearch.alerting.transport.TransportDocLevelMonitorFanOutAction$$Lambda/0x00007fcd28dff850
9587:             1             16  org.opensearch.alerting.transport.TransportDocLevelMonitorFanOutAction$$Lambda/0x00007fcd28dffa80
9588:             1             16  org.opensearch.alerting.transport.TransportExecuteMonitorAction$$Lambda/0x00007fcd28f84230
9589:             1             16  org.opensearch.alerting.transport.TransportExecuteWorkflowAction$$Lambda/0x00007fcd28eef3c8
9590:             1             16  org.opensearch.alerting.transport.TransportGetAlertsAction$$Lambda/0x00007fcd28dfcca8
9591:             1             16  org.opensearch.alerting.transport.TransportGetDestinationsAction$$Lambda/0x00007fcd28dfe700
9592:             1             16  org.opensearch.alerting.transport.TransportGetEmailAccountAction$$Lambda/0x00007fcd28d86d68
9593:             1             16  org.opensearch.alerting.transport.TransportGetEmailAccountAction$$Lambda/0x00007fcd28d86f80
9594:             1             16  org.opensearch.alerting.transport.TransportGetEmailGroupAction$$Lambda/0x00007fcd28eecb20
9595:             1             16  org.opensearch.alerting.transport.TransportGetEmailGroupAction$$Lambda/0x00007fcd28eecd38
9596:             1             16  org.opensearch.alerting.transport.TransportGetFindingsSearchAction$$Lambda/0x00007fcd28eec908
9597:             1             16  org.opensearch.alerting.transport.TransportGetMonitorAction$$Lambda/0x00007fcd28eed218
9598:             1             16  org.opensearch.alerting.transport.TransportGetRemoteIndexesAction$$Lambda/0x00007fcd28eedb20
9599:             1             16  org.opensearch.alerting.transport.TransportGetRemoteIndexesAction$$Lambda/0x00007fcd28eedd38
9600:             1             16  org.opensearch.alerting.transport.TransportGetWorkflowAction$$Lambda/0x00007fcd28eedf68
9601:             1             16  org.opensearch.alerting.transport.TransportGetWorkflowAlertsAction$$Lambda/0x00007fcd28dffcb0
9602:             1             16  org.opensearch.alerting.transport.TransportGetWorkflowAlertsAction$$Lambda/0x00007fcd28eec000
9603:             1             16  org.opensearch.alerting.transport.TransportIndexAlertingCommentAction$$Lambda/0x00007fcd28eee430
9604:             1             16  org.opensearch.alerting.transport.TransportIndexAlertingCommentAction$$Lambda/0x00007fcd28eee648
9605:             1             16  org.opensearch.alerting.transport.TransportIndexAlertingCommentAction$$Lambda/0x00007fcd28eee878
9606:             1             16  org.opensearch.alerting.transport.TransportIndexAlertingCommentAction$$Lambda/0x00007fcd28eeeaa8
9607:             1             16  org.opensearch.alerting.transport.TransportIndexAlertingCommentAction$$Lambda/0x00007fcd28eeecd8
9608:             1             16  org.opensearch.alerting.transport.TransportIndexMonitorAction$$Lambda/0x00007fcd28dfd308
9609:             1             16  org.opensearch.alerting.transport.TransportIndexMonitorAction$$Lambda/0x00007fcd28dfd520
9610:             1             16  org.opensearch.alerting.transport.TransportIndexMonitorAction$$Lambda/0x00007fcd28dfd750
9611:             1             16  org.opensearch.alerting.transport.TransportIndexMonitorAction$$Lambda/0x00007fcd28dfd980
9612:             1             16  org.opensearch.alerting.transport.TransportIndexMonitorAction$$Lambda/0x00007fcd28dfdbb0
9613:             1             16  org.opensearch.alerting.transport.TransportIndexMonitorAction$$Lambda/0x00007fcd28dfdde0
9614:             1             16  org.opensearch.alerting.transport.TransportIndexWorkflowAction$$Lambda/0x00007fcd28d871b0
9615:             1             16  org.opensearch.alerting.transport.TransportIndexWorkflowAction$$Lambda/0x00007fcd28d873c8
9616:             1             16  org.opensearch.alerting.transport.TransportIndexWorkflowAction$$Lambda/0x00007fcd28d875f8
9617:             1             16  org.opensearch.alerting.transport.TransportIndexWorkflowAction$$Lambda/0x00007fcd28d87828
9618:             1             16  org.opensearch.alerting.transport.TransportIndexWorkflowAction$$Lambda/0x00007fcd28d87a58
9619:             1             16  org.opensearch.alerting.transport.TransportIndexWorkflowAction$$Lambda/0x00007fcd28d87c88
9620:             1             16  org.opensearch.alerting.transport.TransportSearchAlertingCommentAction$$Lambda/0x00007fcd28dfcec0
9621:             1             16  org.opensearch.alerting.transport.TransportSearchAlertingCommentAction$$Lambda/0x00007fcd28dfd0d8
9622:             1             16  org.opensearch.alerting.transport.TransportSearchEmailAccountAction$$Lambda/0x00007fcd28eefcd0
9623:             1             16  org.opensearch.alerting.transport.TransportSearchEmailAccountAction$$Lambda/0x00007fcd28f84000
9624:             1             16  org.opensearch.alerting.transport.TransportSearchEmailGroupAction$$Lambda/0x00007fcd28dfc860
9625:             1             16  org.opensearch.alerting.transport.TransportSearchEmailGroupAction$$Lambda/0x00007fcd28dfca78
9626:             1             16  org.opensearch.alerting.transport.TransportSearchMonitorAction$$Lambda/0x00007fcd28eec230
9627:             1             16  org.opensearch.alerting.util.DocLevelMonitorQueries$Companion
9628:             1             16  org.opensearch.alerting.util.destinationmigration.DestinationMigrationUtilService$Companion
9629:             1             16  org.opensearch.analysis.common.CommonAnalysisPlugin
9630:             1             16  org.opensearch.analysis.common.CommonAnalysisPlugin$$Lambda/0x00007fcd2845a8c8
9631:             1             16  org.opensearch.analysis.common.CommonAnalysisPlugin$$Lambda/0x00007fcd2845ada8
9632:             1             16  org.opensearch.analysis.common.CommonAnalysisPlugin$$Lambda/0x00007fcd28658400
9633:             1             16  org.opensearch.analysis.common.CommonAnalysisPlugin$$Lambda/0x00007fcd28658ab0
9634:             1             16  org.opensearch.analysis.common.CommonAnalysisPlugin$$Lambda/0x00007fcd286592b0
9635:             1             16  org.opensearch.analysis.common.CommonAnalysisPlugin$$Lambda/0x00007fcd28659798
9636:             1             16  org.opensearch.analysis.common.CommonAnalysisPlugin$$Lambda/0x00007fcd28659ca8
9637:             1             16  org.opensearch.analysis.common.CommonAnalysisPlugin$$Lambda/0x00007fcd2865a298
9638:             1             16  org.opensearch.analysis.common.CommonAnalysisPlugin$$Lambda/0x00007fcd2865a780
9639:             1             16  org.opensearch.analysis.common.CommonAnalysisPlugin$$Lambda/0x00007fcd2865ac90
9640:             1             16  org.opensearch.analysis.common.CommonAnalysisPlugin$$Lambda/0x00007fcd2865b178
9641:             1             16  org.opensearch.analysis.common.CommonAnalysisPlugin$$Lambda/0x00007fcd2865b688
9642:             1             16  org.opensearch.analysis.common.CommonAnalysisPlugin$$Lambda/0x00007fcd2865bb98
9643:             1             16  org.opensearch.analysis.common.CommonAnalysisPlugin$$Lambda/0x00007fcd286602b8
9644:             1             16  org.opensearch.analysis.common.CommonAnalysisPlugin$$Lambda/0x00007fcd286607a8
9645:             1             16  org.opensearch.analysis.common.CommonAnalysisPlugin$$Lambda/0x00007fcd286609e0
9646:             1             16  org.opensearch.analysis.common.CommonAnalysisPlugin$$Lambda/0x00007fcd28660ef8
9647:             1             16  org.opensearch.analysis.common.CommonAnalysisPlugin$$Lambda/0x00007fcd286613e8
9648:             1             16  org.opensearch.analysis.common.CommonAnalysisPlugin$$Lambda/0x00007fcd286618d0
9649:             1             16  org.opensearch.analysis.common.CommonAnalysisPlugin$$Lambda/0x00007fcd28662078
9650:             1             16  org.opensearch.analysis.common.CommonAnalysisPlugin$$Lambda/0x00007fcd28662560
9651:             1             16  org.opensearch.analysis.common.CommonAnalysisPlugin$$Lambda/0x00007fcd28662a48
9652:             1             16  org.opensearch.analysis.common.CommonAnalysisPlugin$$Lambda/0x00007fcd28662c80
9653:             1             16  org.opensearch.analysis.common.CommonAnalysisPlugin$$Lambda/0x00007fcd28663190
9654:             1             16  org.opensearch.analysis.common.CommonAnalysisPlugin$$Lambda/0x00007fcd28663678
9655:             1             16  org.opensearch.analysis.common.CommonAnalysisPlugin$$Lambda/0x00007fcd28663b60
9656:             1             16  org.opensearch.analysis.common.CommonAnalysisPlugin$$Lambda/0x00007fcd28663d98
9657:             1             16  org.opensearch.analysis.common.CommonAnalysisPlugin$$Lambda/0x00007fcd28668588
9658:             1             16  org.opensearch.analysis.common.CommonAnalysisPlugin$$Lambda/0x00007fcd28668a70
9659:             1             16  org.opensearch.analysis.common.CommonAnalysisPlugin$$Lambda/0x00007fcd28668f80
9660:             1             16  org.opensearch.analysis.common.CommonAnalysisPlugin$$Lambda/0x00007fcd28669470
9661:             1             16  org.opensearch.analysis.common.CommonAnalysisPlugin$$Lambda/0x00007fcd28669980
9662:             1             16  org.opensearch.analysis.common.CommonAnalysisPlugin$$Lambda/0x00007fcd28669e68
9663:             1             16  org.opensearch.analysis.common.CommonAnalysisPlugin$$Lambda/0x00007fcd2866a350
9664:             1             16  org.opensearch.analysis.common.CommonAnalysisPlugin$$Lambda/0x00007fcd2866a838
9665:             1             16  org.opensearch.analysis.common.CommonAnalysisPlugin$$Lambda/0x00007fcd2866ad20
9666:             1             16  org.opensearch.analysis.common.CommonAnalysisPlugin$$Lambda/0x00007fcd2866b208
9667:             1             16  org.opensearch.analysis.common.CommonAnalysisPlugin$$Lambda/0x00007fcd2866b6f0
9668:             1             16  org.opensearch.analysis.common.CommonAnalysisPlugin$$Lambda/0x00007fcd2866bc00
9669:             1             16  org.opensearch.analysis.common.CommonAnalysisPlugin$$Lambda/0x00007fcd2866c0e8
9670:             1             16  org.opensearch.analysis.common.CommonAnalysisPlugin$$Lambda/0x00007fcd2866c5d8
9671:             1             16  org.opensearch.analysis.common.CommonAnalysisPlugin$$Lambda/0x00007fcd2866cac0
9672:             1             16  org.opensearch.analysis.common.CommonAnalysisPlugin$$Lambda/0x00007fcd2866ccf8
9673:             1             16  org.opensearch.analysis.common.CommonAnalysisPlugin$$Lambda/0x00007fcd2866d1f0
9674:             1             16  org.opensearch.analysis.common.CommonAnalysisPlugin$$Lambda/0x00007fcd2866d6e0
9675:             1             16  org.opensearch.analysis.common.CommonAnalysisPlugin$$Lambda/0x00007fcd2866dbf0
9676:             1             16  org.opensearch.analysis.common.CommonAnalysisPlugin$$Lambda/0x00007fcd2866e0d8
9677:             1             16  org.opensearch.analysis.common.CommonAnalysisPlugin$$Lambda/0x00007fcd2866e310
9678:             1             16  org.opensearch.analysis.common.CommonAnalysisPlugin$$Lambda/0x00007fcd2866e800
9679:             1             16  org.opensearch.analysis.common.CommonAnalysisPlugin$$Lambda/0x00007fcd2866ece8
9680:             1             16  org.opensearch.analysis.common.CommonAnalysisPlugin$$Lambda/0x00007fcd2866f1d0
9681:             1             16  org.opensearch.analysis.common.CommonAnalysisPlugin$$Lambda/0x00007fcd2866f6e0
9682:             1             16  org.opensearch.analysis.common.CommonAnalysisPlugin$$Lambda/0x00007fcd2866fbf0
9683:             1             16  org.opensearch.analysis.common.CommonAnalysisPlugin$$Lambda/0x00007fcd286702d8
9684:             1             16  org.opensearch.analysis.common.CommonAnalysisPlugin$$Lambda/0x00007fcd286707c0
9685:             1             16  org.opensearch.analysis.common.CommonAnalysisPlugin$$Lambda/0x00007fcd28670cd0
9686:             1             16  org.opensearch.analysis.common.CommonAnalysisPlugin$$Lambda/0x00007fcd286711b8
9687:             1             16  org.opensearch.analysis.common.CommonAnalysisPlugin$$Lambda/0x00007fcd28671920
9688:             1             16  org.opensearch.analysis.common.CommonAnalysisPlugin$$Lambda/0x00007fcd28672050
9689:             1             16  org.opensearch.analysis.common.CommonAnalysisPlugin$$Lambda/0x00007fcd28672558
9690:             1             16  org.opensearch.analysis.common.CommonAnalysisPlugin$$Lambda/0x00007fcd28672a68
9691:             1             16  org.opensearch.analysis.common.CommonAnalysisPlugin$$Lambda/0x00007fcd28672f50
9692:             1             16  org.opensearch.analysis.common.CommonAnalysisPlugin$$Lambda/0x00007fcd286736c0
9693:             1             16  org.opensearch.analysis.common.CommonAnalysisPlugin$$Lambda/0x00007fcd28673bd0
9694:             1             16  org.opensearch.analysis.common.CommonAnalysisPlugin$$Lambda/0x00007fcd286802b8
9695:             1             16  org.opensearch.analysis.common.CommonAnalysisPlugin$$Lambda/0x00007fcd286807b0
9696:             1             16  org.opensearch.analysis.common.CommonAnalysisPlugin$$Lambda/0x00007fcd28680c48
9697:             1             16  org.opensearch.analysis.common.CommonAnalysisPlugin$$Lambda/0x00007fcd286810e0
9698:             1             16  org.opensearch.analysis.common.CommonAnalysisPlugin$$Lambda/0x00007fcd28681578
9699:             1             16  org.opensearch.analysis.common.CommonAnalysisPlugin$$Lambda/0x00007fcd286817b0
9700:             1             16  org.opensearch.analysis.common.CommonAnalysisPlugin$$Lambda/0x00007fcd28681ec0
9701:             1             16  org.opensearch.analysis.common.CommonAnalysisPlugin$$Lambda/0x00007fcd286820f8
9702:             1             16  org.opensearch.analysis.common.CommonAnalysisPlugin$$Lambda/0x00007fcd28682808
9703:             1             16  org.opensearch.analysis.common.CommonAnalysisPlugin$$Lambda/0x00007fcd28682f18
9704:             1             16  org.opensearch.analysis.common.CommonAnalysisPlugin$$Lambda/0x00007fcd286833b0
9705:             1             16  org.opensearch.analysis.common.CommonAnalysisPlugin$$Lambda/0x00007fcd28683848
9706:             1             16  org.opensearch.analysis.common.CommonAnalysisPlugin$$Lambda/0x00007fcd28683f48
9707:             1             16  org.opensearch.analysis.common.CommonAnalysisPlugin$$Lambda/0x00007fcd286843e0
9708:             1             16  org.opensearch.analysis.common.CommonAnalysisPlugin$$Lambda/0x00007fcd28684618
9709:             1             16  org.opensearch.analysis.common.CommonAnalysisPlugin$$Lambda/0x00007fcd28684ab8
9710:             1             16  org.opensearch.analysis.common.CommonAnalysisPlugin$$Lambda/0x00007fcd28684f50
9711:             1             16  org.opensearch.analysis.common.CommonAnalysisPlugin$$Lambda/0x00007fcd286853e8
9712:             1             16  org.opensearch.analysis.common.CommonAnalysisPlugin$$Lambda/0x00007fcd28685880
9713:             1             16  org.opensearch.analysis.common.CommonAnalysisPlugin$$Lambda/0x00007fcd28685fc8
9714:             1             16  org.opensearch.analysis.common.CommonAnalysisPlugin$$Lambda/0x00007fcd28686490
9715:             1             16  org.opensearch.analysis.common.CommonAnalysisPlugin$$Lambda/0x00007fcd28686958
9716:             1             16  org.opensearch.analysis.common.CommonAnalysisPlugin$$Lambda/0x00007fcd28686e20
9717:             1             16  org.opensearch.analysis.common.CommonAnalysisPlugin$$Lambda/0x00007fcd286872e8
9718:             1             16  org.opensearch.analysis.common.CommonAnalysisPlugin$$Lambda/0x00007fcd286877b0
9719:             1             16  org.opensearch.analysis.common.CommonAnalysisPlugin$$Lambda/0x00007fcd28687c78
9720:             1             16  org.opensearch.analysis.common.CommonAnalysisPlugin$$Lambda/0x00007fcd2868c290
9721:             1             16  org.opensearch.analysis.common.CommonAnalysisPlugin$$Lambda/0x00007fcd2868c758
9722:             1             16  org.opensearch.analysis.common.CommonAnalysisPlugin$$Lambda/0x00007fcd2868cc20
9723:             1             16  org.opensearch.analysis.common.CommonAnalysisPlugin$$Lambda/0x00007fcd2868d0e8
9724:             1             16  org.opensearch.analysis.common.CommonAnalysisPlugin$$Lambda/0x00007fcd2868d5b0
9725:             1             16  org.opensearch.analysis.common.CommonAnalysisPlugin$$Lambda/0x00007fcd2868da78
9726:             1             16  org.opensearch.analysis.common.CommonAnalysisPlugin$$Lambda/0x00007fcd2868df40
9727:             1             16  org.opensearch.analysis.common.CommonAnalysisPlugin$$Lambda/0x00007fcd2868e408
9728:             1             16  org.opensearch.analysis.common.CommonAnalysisPlugin$$Lambda/0x00007fcd2868e8d0
9729:             1             16  org.opensearch.analysis.common.CommonAnalysisPlugin$$Lambda/0x00007fcd2868ed98
9730:             1             16  org.opensearch.analysis.common.CommonAnalysisPlugin$$Lambda/0x00007fcd2868f260
9731:             1             16  org.opensearch.analysis.common.CommonAnalysisPlugin$$Lambda/0x00007fcd2868f728
9732:             1             16  org.opensearch.analysis.common.CommonAnalysisPlugin$$Lambda/0x00007fcd2868fbf0
9733:             1             16  org.opensearch.analysis.common.CommonAnalysisPlugin$$Lambda/0x00007fcd28694290
9734:             1             16  org.opensearch.analysis.common.CommonAnalysisPlugin$$Lambda/0x00007fcd28694758
9735:             1             16  org.opensearch.analysis.common.CommonAnalysisPlugin$$Lambda/0x00007fcd28694c20
9736:             1             16  org.opensearch.analysis.common.CommonAnalysisPlugin$$Lambda/0x00007fcd286950e8
9737:             1             16  org.opensearch.analysis.common.CommonAnalysisPlugin$$Lambda/0x00007fcd286955b0
9738:             1             16  org.opensearch.analysis.common.CommonAnalysisPlugin$$Lambda/0x00007fcd28695a78
9739:             1             16  org.opensearch.analysis.common.CommonAnalysisPlugin$$Lambda/0x00007fcd28695f40
9740:             1             16  org.opensearch.analysis.common.CommonAnalysisPlugin$$Lambda/0x00007fcd28696408
9741:             1             16  org.opensearch.analysis.common.CommonAnalysisPlugin$$Lambda/0x00007fcd286968d0
9742:             1             16  org.opensearch.analysis.common.CommonAnalysisPlugin$$Lambda/0x00007fcd28696d98
9743:             1             16  org.opensearch.analysis.common.CommonAnalysisPlugin$$Lambda/0x00007fcd28697260
9744:             1             16  org.opensearch.analysis.common.CommonAnalysisPlugin$$Lambda/0x00007fcd28697728
9745:             1             16  org.opensearch.analysis.common.CommonAnalysisPlugin$$Lambda/0x00007fcd28697bf0
9746:             1             16  org.opensearch.analysis.common.CommonAnalysisPlugin$$Lambda/0x00007fcd28698290
9747:             1             16  org.opensearch.analysis.common.CommonAnalysisPlugin$$Lambda/0x00007fcd28698758
9748:             1             16  org.opensearch.analysis.common.CommonAnalysisPlugin$$Lambda/0x00007fcd28698c20
9749:             1             16  org.opensearch.analysis.common.CommonAnalysisPlugin$$Lambda/0x00007fcd286990e8
9750:             1             16  org.opensearch.analysis.common.CommonAnalysisPlugin$$Lambda/0x00007fcd286995b0
9751:             1             16  org.opensearch.analysis.common.CommonAnalysisPlugin$$Lambda/0x00007fcd28699a78
9752:             1             16  org.opensearch.analysis.common.CommonAnalysisPlugin$$Lambda/0x00007fcd28699cb0
9753:             1             16  org.opensearch.analysis.common.CommonAnalysisPlugin$$Lambda/0x00007fcd28699ee8
9754:             1             16  org.opensearch.analysis.common.CommonAnalysisPlugin$$Lambda/0x00007fcd2869a120
9755:             1             16  org.opensearch.analysis.common.CommonAnalysisPlugin$$Lambda/0x00007fcd2869a358
9756:             1             16  org.opensearch.analysis.common.CommonAnalysisPlugin$$Lambda/0x00007fcd2869a590
9757:             1             16  org.opensearch.analysis.common.CommonAnalysisPlugin$$Lambda/0x00007fcd2869a7c8
9758:             1             16  org.opensearch.analysis.common.CommonAnalysisPlugin$$Lambda/0x00007fcd2869aa00
9759:             1             16  org.opensearch.analysis.common.CommonAnalysisPlugin$$Lambda/0x00007fcd2869ac38
9760:             1             16  org.opensearch.analysis.common.CommonAnalysisPlugin$$Lambda/0x00007fcd2869ae70
9761:             1             16  org.opensearch.analysis.common.CommonAnalysisPlugin$$Lambda/0x00007fcd2869b0a8
9762:             1             16  org.opensearch.analysis.common.CommonAnalysisPlugin$$Lambda/0x00007fcd2869b2e0
9763:             1             16  org.opensearch.analysis.common.CommonAnalysisPlugin$$Lambda/0x00007fcd2869b518
9764:             1             16  org.opensearch.analysis.common.CommonAnalysisPlugin$$Lambda/0x00007fcd2869b750
9765:             1             16  org.opensearch.analysis.common.CommonAnalysisPlugin$$Lambda/0x00007fcd2869b988
9766:             1             16  org.opensearch.analysis.common.CommonAnalysisPlugin$$Lambda/0x00007fcd2869bbc0
9767:             1             16  org.opensearch.analysis.common.CommonAnalysisPlugin$$Lambda/0x00007fcd286a0000
9768:             1             16  org.opensearch.analysis.common.CommonAnalysisPlugin$$Lambda/0x00007fcd286a0238
9769:             1             16  org.opensearch.analysis.common.CommonAnalysisPlugin$$Lambda/0x00007fcd286a0470
9770:             1             16  org.opensearch.analysis.common.CommonAnalysisPlugin$$Lambda/0x00007fcd286a0698
9771:             1             16  org.opensearch.analysis.common.CommonAnalysisPlugin$$Lambda/0x00007fcd286a08d0
9772:             1             16  org.opensearch.analysis.common.CommonAnalysisPlugin$$Lambda/0x00007fcd286a0b08
9773:             1             16  org.opensearch.analysis.common.CommonAnalysisPlugin$$Lambda/0x00007fcd286a0d40
9774:             1             16  org.opensearch.analysis.common.CommonAnalysisPlugin$$Lambda/0x00007fcd286a0f78
9775:             1             16  org.opensearch.analysis.common.CommonAnalysisPlugin$$Lambda/0x00007fcd286a11b0
9776:             1             16  org.opensearch.analysis.common.CommonAnalysisPlugin$$Lambda/0x00007fcd286a13e8
9777:             1             16  org.opensearch.analysis.common.CommonAnalysisPlugin$$Lambda/0x00007fcd286a1620
9778:             1             16  org.opensearch.analysis.common.CommonAnalysisPlugin$$Lambda/0x00007fcd286a1858
9779:             1             16  org.opensearch.analysis.common.CommonAnalysisPlugin$$Lambda/0x00007fcd286a1a90
9780:             1             16  org.opensearch.analysis.common.CommonAnalysisPlugin$$Lambda/0x00007fcd286a1cc8
9781:             1             16  org.opensearch.analysis.common.CommonAnalysisPlugin$$Lambda/0x00007fcd286a1f00
9782:             1             16  org.opensearch.analysis.common.CommonAnalysisPlugin$$Lambda/0x00007fcd286a2128
9783:             1             16  org.opensearch.analysis.common.CommonAnalysisPlugin$$Lambda/0x00007fcd286a2360
9784:             1             16  org.opensearch.analysis.common.CommonAnalysisPlugin$$Lambda/0x00007fcd286a2598
9785:             1             16  org.opensearch.analysis.common.CommonAnalysisPlugin$$Lambda/0x00007fcd286a27d0
9786:             1             16  org.opensearch.analysis.common.CommonAnalysisPlugin$$Lambda/0x00007fcd286a2a08
9787:             1             16  org.opensearch.analysis.common.CommonAnalysisPlugin$$Lambda/0x00007fcd286a2c40
9788:             1             16  org.opensearch.analysis.common.CommonAnalysisPlugin$$Lambda/0x00007fcd286a2e78
9789:             1             16  org.opensearch.analysis.common.CommonAnalysisPlugin$$Lambda/0x00007fcd286a30b0
9790:             1             16  org.opensearch.analysis.common.CommonAnalysisPlugin$$Lambda/0x00007fcd286a32e8
9791:             1             16  org.opensearch.analysis.common.CommonAnalysisPlugin$$Lambda/0x00007fcd286a3520
9792:             1             16  org.opensearch.analysis.common.CommonAnalysisPlugin$$Lambda/0x00007fcd286a3758
9793:             1             16  org.opensearch.analysis.common.CommonAnalysisPlugin$$Lambda/0x00007fcd286a3990
9794:             1             16  org.opensearch.analysis.common.CommonAnalysisPlugin$$Lambda/0x00007fcd286a3bc8
9795:             1             16  org.opensearch.analysis.common.CommonAnalysisPlugin$$Lambda/0x00007fcd286a3e00
9796:             1             16  org.opensearch.analysis.common.CommonAnalysisPlugin$$Lambda/0x00007fcd286a4038
9797:             1             16  org.opensearch.analysis.common.CommonAnalysisPlugin$$Lambda/0x00007fcd286a4270
9798:             1             16  org.opensearch.analysis.common.CommonAnalysisPlugin$$Lambda/0x00007fcd286a44a8
9799:             1             16  org.opensearch.analysis.common.CommonAnalysisPlugin$$Lambda/0x00007fcd286a46e0
9800:             1             16  org.opensearch.analysis.common.CommonAnalysisPlugin$$Lambda/0x00007fcd286a4908
9801:             1             16  org.opensearch.analysis.common.CommonAnalysisPlugin$$Lambda/0x00007fcd286a4b20
9802:             1             16  org.opensearch.analysis.common.CommonAnalysisPlugin$$Lambda/0x00007fcd286a4d38
9803:             1             16  org.opensearch.analysis.common.CommonAnalysisPlugin$$Lambda/0x00007fcd286a4f50
9804:             1             16  org.opensearch.analysis.common.CommonAnalysisPlugin$$Lambda/0x00007fcd286a5168
9805:             1             16  org.opensearch.analysis.common.CommonAnalysisPlugin$$Lambda/0x00007fcd286a5380
9806:             1             16  org.opensearch.analysis.common.CommonAnalysisPlugin$$Lambda/0x00007fcd286a5598
9807:             1             16  org.opensearch.analysis.common.CommonAnalysisPlugin$$Lambda/0x00007fcd286a57b0
9808:             1             16  org.opensearch.analysis.common.CommonAnalysisPlugin$$Lambda/0x00007fcd286a59e8
9809:             1             16  org.opensearch.analysis.common.CommonAnalysisPlugin$$Lambda/0x00007fcd286a5c00
9810:             1             16  org.opensearch.analysis.common.CommonAnalysisPlugin$$Lambda/0x00007fcd286a5e18
9811:             1             16  org.opensearch.analysis.common.CommonAnalysisPlugin$$Lambda/0x00007fcd286a6030
9812:             1             16  org.opensearch.analysis.common.CommonAnalysisPlugin$$Lambda/0x00007fcd286a6268
9813:             1             16  org.opensearch.analysis.common.CommonAnalysisPlugin$$Lambda/0x00007fcd286a64a0
9814:             1             16  org.opensearch.analysis.common.CommonAnalysisPlugin$$Lambda/0x00007fcd286a66b8
9815:             1             16  org.opensearch.analysis.common.CommonAnalysisPlugin$$Lambda/0x00007fcd286a68d0
9816:             1             16  org.opensearch.analysis.common.CommonAnalysisPlugin$$Lambda/0x00007fcd286a6ae8
9817:             1             16  org.opensearch.analysis.common.CommonAnalysisPlugin$$Lambda/0x00007fcd286a6d00
9818:             1             16  org.opensearch.analysis.common.CommonAnalysisPlugin$$Lambda/0x00007fcd286a6f18
9819:             1             16  org.opensearch.analysis.common.CommonAnalysisPlugin$$Lambda/0x00007fcd286a7130
9820:             1             16  org.opensearch.analysis.common.CommonAnalysisPlugin$$Lambda/0x00007fcd286a7348
9821:             1             16  org.opensearch.analysis.common.CommonAnalysisPlugin$$Lambda/0x00007fcd286a7560
9822:             1             16  org.opensearch.analysis.common.CommonAnalysisPlugin$$Lambda/0x00007fcd286a7778
9823:             1             16  org.opensearch.analysis.common.CommonAnalysisPlugin$$Lambda/0x00007fcd286a7990
9824:             1             16  org.opensearch.analysis.common.CommonAnalysisPlugin$$Lambda/0x00007fcd286a7ba8
9825:             1             16  org.opensearch.analysis.common.CommonAnalysisPlugin$$Lambda/0x00007fcd286a7dc0
9826:             1             16  org.opensearch.analysis.common.CommonAnalysisPlugin$$Lambda/0x00007fcd286b0000
9827:             1             16  org.opensearch.analysis.common.CommonAnalysisPlugin$$Lambda/0x00007fcd286b0218
9828:             1             16  org.opensearch.analysis.common.CommonAnalysisPlugin$$Lambda/0x00007fcd286b0430
9829:             1             16  org.opensearch.analysis.common.CommonAnalysisPlugin$$Lambda/0x00007fcd286b0648
9830:             1             16  org.opensearch.analysis.common.CommonAnalysisPlugin$$Lambda/0x00007fcd286b0860
9831:             1             16  org.opensearch.analysis.common.CommonAnalysisPlugin$$Lambda/0x00007fcd286b0a78
9832:             1             16  org.opensearch.analysis.common.CommonAnalysisPlugin$$Lambda/0x00007fcd286b0c90
9833:             1             16  org.opensearch.analysis.common.CommonAnalysisPlugin$$Lambda/0x00007fcd286b0ea8
9834:             1             16  org.opensearch.analysis.common.CommonAnalysisPlugin$$Lambda/0x00007fcd286b10c0
9835:             1             16  org.opensearch.analysis.common.CommonAnalysisPlugin$$Lambda/0x00007fcd286b12d8
9836:             1             16  org.opensearch.analysis.common.CommonAnalysisPlugin$$Lambda/0x00007fcd286b14f0
9837:             1             16  org.opensearch.analysis.common.CommonAnalysisPlugin$$Lambda/0x00007fcd286b1708
9838:             1             16  org.opensearch.analysis.common.CommonAnalysisPlugin$$Lambda/0x00007fcd286b1920
9839:             1             16  org.opensearch.analysis.common.CommonAnalysisPlugin$$Lambda/0x00007fcd286b1b38
9840:             1             16  org.opensearch.analysis.common.CommonAnalysisPlugin$$Lambda/0x00007fcd286b1d50
9841:             1             16  org.opensearch.analysis.common.CommonAnalysisPlugin$$Lambda/0x00007fcd286b1f68
9842:             1             16  org.opensearch.analysis.common.CommonAnalysisPlugin$$Lambda/0x00007fcd286b2180
9843:             1             16  org.opensearch.analysis.common.CommonAnalysisPlugin$$Lambda/0x00007fcd286b2398
9844:             1             16  org.opensearch.analysis.common.CommonAnalysisPlugin$$Lambda/0x00007fcd286b25b0
9845:             1             16  org.opensearch.analysis.common.CommonAnalysisPlugin$$Lambda/0x00007fcd286b27c8
9846:             1             16  org.opensearch.analysis.common.CommonAnalysisPlugin$$Lambda/0x00007fcd286b29e0
9847:             1             16  org.opensearch.analysis.common.CommonAnalysisPlugin$$Lambda/0x00007fcd286b2bf8
9848:             1             16  org.opensearch.analysis.common.CommonAnalysisPlugin$$Lambda/0x00007fcd286b2e10
9849:             1             16  org.opensearch.analysis.common.CommonAnalysisPlugin$$Lambda/0x00007fcd286b3028
9850:             1             16  org.opensearch.analysis.common.CommonAnalysisPlugin$$Lambda/0x00007fcd286b3240
9851:             1             16  org.opensearch.analysis.common.CommonAnalysisPlugin$$Lambda/0x00007fcd286b3458
9852:             1             16  org.opensearch.bootstrap.$Proxy17
9853:             1             16  org.opensearch.bootstrap.Bootstrap$$Lambda/0x00007fcd280d6e98
9854:             1             16  org.opensearch.bootstrap.Bootstrap$1
9855:             1             16  org.opensearch.bootstrap.BootstrapCheck$BootstrapCheckResult
9856:             1             16  org.opensearch.bootstrap.BootstrapChecks$$Lambda/0x00007fcd290ecca8
9857:             1             16  org.opensearch.bootstrap.BootstrapChecks$JavaVersionCheck$$Lambda/0x00007fcd290eeda8
9858:             1             16  org.opensearch.bootstrap.BootstrapInfo$1
9859:             1             16  org.opensearch.bootstrap.JNAKernel32Library
9860:             1             16  org.opensearch.bootstrap.OpenSearch$$Lambda/0x00007fcd28013c70
9861:             1             16  org.opensearch.bootstrap.OpenSearch$1
9862:             1             16  org.opensearch.bootstrap.OpenSearchPolicy$$Lambda/0x00007fcd281dfa20
9863:             1             16  org.opensearch.bootstrap.OpenSearchPolicy$$Lambda/0x00007fcd281dfc68
9864:             1             16  org.opensearch.bootstrap.OpenSearchUncaughtExceptionHandler
9865:             1             16  org.opensearch.bootstrap.jvm.DenyJvmVersionsParser$$Lambda/0x00007fcd290ed4f0
9866:             1             16  org.opensearch.bootstrap.jvm.DenyJvmVersionsParser$$Lambda/0x00007fcd290ed728
9867:             1             16  org.opensearch.bootstrap.jvm.DenyJvmVersionsParser$$Lambda/0x00007fcd290ed970
9868:             1             16  org.opensearch.bootstrap.jvm.DenyJvmVersionsParser$$Lambda/0x00007fcd290edbb8
9869:             1             16  org.opensearch.bootstrap.jvm.DenyJvmVersionsParser$$Lambda/0x00007fcd290eddf0
9870:             1             16  org.opensearch.bootstrap.jvm.DenyJvmVersionsParser$$Lambda/0x00007fcd290ee028
9871:             1             16  org.opensearch.bootstrap.jvm.DenyJvmVersionsParser$$Lambda/0x00007fcd290ee240
9872:             1             16  org.opensearch.bootstrap.jvm.DenyJvmVersionsParser$$Lambda/0x00007fcd290ee478
9873:             1             16  org.opensearch.cache.common.tier.TieredSpilloverCache$TieredSpilloverCacheFactory
9874:             1             16  org.opensearch.cache.common.tier.TieredSpilloverCachePlugin
9875:             1             16  org.opensearch.cache.common.tier.TieredSpilloverCacheSettings$$Lambda/0x00007fcd28219cf8
9876:             1             16  org.opensearch.cache.common.tier.TieredSpilloverCacheSettings$$Lambda/0x00007fcd28541c00
9877:             1             16  org.opensearch.cache.common.tier.TieredSpilloverCacheSettings$$Lambda/0x00007fcd2854a000
9878:             1             16  org.opensearch.cache.common.tier.TieredSpilloverCacheSettings$$Lambda/0x00007fcd2854a238
9879:             1             16  org.opensearch.cli.EnvironmentAwareCommand$$Lambda/0x00007fcd28025a40
9880:             1             16  org.opensearch.client.Client$$Lambda/0x00007fcd281ea6a0
9881:             1             16  org.opensearch.cluster.ClusterChangedEvent$$Lambda/0x00007fcd291bd938
9882:             1             16  org.opensearch.cluster.ClusterModule$$Lambda/0x00007fcd28880400
9883:             1             16  org.opensearch.cluster.ClusterModule$$Lambda/0x00007fcd28880800
9884:             1             16  org.opensearch.cluster.ClusterModule$$Lambda/0x00007fcd28880a18
9885:             1             16  org.opensearch.cluster.ClusterModule$$Lambda/0x00007fcd28881000
9886:             1             16  org.opensearch.cluster.ClusterModule$$Lambda/0x00007fcd28881218
9887:             1             16  org.opensearch.cluster.ClusterModule$$Lambda/0x00007fcd28881788
9888:             1             16  org.opensearch.cluster.ClusterModule$$Lambda/0x00007fcd288819a0
9889:             1             16  org.opensearch.cluster.ClusterModule$$Lambda/0x00007fcd28882e68
9890:             1             16  org.opensearch.cluster.ClusterModule$$Lambda/0x00007fcd28883080
9891:             1             16  org.opensearch.cluster.ClusterModule$$Lambda/0x00007fcd28883658
9892:             1             16  org.opensearch.cluster.ClusterModule$$Lambda/0x00007fcd28883870
9893:             1             16  org.opensearch.cluster.ClusterModule$$Lambda/0x00007fcd28888000
9894:             1             16  org.opensearch.cluster.ClusterModule$$Lambda/0x00007fcd28888580
9895:             1             16  org.opensearch.cluster.ClusterModule$$Lambda/0x00007fcd28888798
9896:             1             16  org.opensearch.cluster.ClusterModule$$Lambda/0x00007fcd28888cd8
9897:             1             16  org.opensearch.cluster.ClusterModule$$Lambda/0x00007fcd28888ef0
9898:             1             16  org.opensearch.cluster.ClusterModule$$Lambda/0x00007fcd28889108
9899:             1             16  org.opensearch.cluster.ClusterModule$$Lambda/0x00007fcd28889320
9900:             1             16  org.opensearch.cluster.ClusterModule$$Lambda/0x00007fcd28889888
9901:             1             16  org.opensearch.cluster.ClusterModule$$Lambda/0x00007fcd28889aa0
9902:             1             16  org.opensearch.cluster.ClusterModule$$Lambda/0x00007fcd2888a020
9903:             1             16  org.opensearch.cluster.ClusterModule$$Lambda/0x00007fcd2888a238
9904:             1             16  org.opensearch.cluster.ClusterModule$$Lambda/0x00007fcd2888a7b8
9905:             1             16  org.opensearch.cluster.ClusterModule$$Lambda/0x00007fcd2888a9d0
9906:             1             16  org.opensearch.cluster.ClusterModule$$Lambda/0x00007fcd2888af50
9907:             1             16  org.opensearch.cluster.ClusterModule$$Lambda/0x00007fcd2888b168
9908:             1             16  org.opensearch.cluster.ClusterModule$$Lambda/0x00007fcd2888b700
9909:             1             16  org.opensearch.cluster.ClusterModule$$Lambda/0x00007fcd2888b918
9910:             1             16  org.opensearch.cluster.ClusterModule$$Lambda/0x00007fcd2888beb8
9911:             1             16  org.opensearch.cluster.ClusterModule$$Lambda/0x00007fcd2888c0d0
9912:             1             16  org.opensearch.cluster.ClusterModule$$Lambda/0x00007fcd2888c5a8
9913:             1             16  org.opensearch.cluster.ClusterModule$$Lambda/0x00007fcd2888de50
9914:             1             16  org.opensearch.cluster.ClusterModule$$Lambda/0x00007fcd2888e068
9915:             1             16  org.opensearch.cluster.ClusterModule$$Lambda/0x00007fcd2888e280
9916:             1             16  org.opensearch.cluster.ClusterModule$$Lambda/0x00007fcd2888e498
9917:             1             16  org.opensearch.cluster.ClusterModule$$Lambda/0x00007fcd2888e6b0
9918:             1             16  org.opensearch.cluster.ClusterModule$$Lambda/0x00007fcd2888e8c8
9919:             1             16  org.opensearch.cluster.ClusterModule$$Lambda/0x00007fcd2888eae0
9920:             1             16  org.opensearch.cluster.ClusterModule$$Lambda/0x00007fcd2888ecf8
9921:             1             16  org.opensearch.cluster.ClusterModule$$Lambda/0x00007fcd2888ef10
9922:             1             16  org.opensearch.cluster.ClusterModule$$Lambda/0x00007fcd2888f128
9923:             1             16  org.opensearch.cluster.ClusterModule$$Lambda/0x00007fcd2888f340
9924:             1             16  org.opensearch.cluster.ClusterName$$Lambda/0x00007fcd280b7670
9925:             1             16  org.opensearch.cluster.ClusterState$Builder$$Lambda/0x00007fcd29222cb0
9926:             1             16  org.opensearch.cluster.ClusterStateObserver$$Lambda/0x00007fcd290f2e30
9927:             1             16  org.opensearch.cluster.DiffableUtils$DiffableValueSerializer$1
9928:             1             16  org.opensearch.cluster.DiffableUtils$NonDiffableValueSerializer$1
9929:             1             16  org.opensearch.cluster.DiffableUtils$StringKeySerializer
9930:             1             16  org.opensearch.cluster.DiffableUtils$StringSetValueSerializer
9931:             1             16  org.opensearch.cluster.InternalClusterInfoService$$Lambda/0x00007fcd2870f400
9932:             1             16  org.opensearch.cluster.InternalClusterInfoService$$Lambda/0x00007fcd2870f630
9933:             1             16  org.opensearch.cluster.InternalClusterInfoService$$Lambda/0x00007fcd2870f860
9934:             1             16  org.opensearch.cluster.NodeConnectionsService$$Lambda/0x00007fcd291b6000
9935:             1             16  org.opensearch.cluster.NodeConnectionsService$$Lambda/0x00007fcd291bdfd0
9936:             1             16  org.opensearch.cluster.NodeConnectionsService$$Lambda/0x00007fcd293a5878
9937:             1             16  org.opensearch.cluster.NodeConnectionsService$ConnectionChecker
9938:             1             16  org.opensearch.cluster.NodeConnectionsService$ConnectionTarget$$Lambda/0x00007fcd291b6690
9939:             1             16  org.opensearch.cluster.RepositoryCleanupInProgress
9940:             1             16  org.opensearch.cluster.SnapshotDeletionsInProgress
9941:             1             16  org.opensearch.cluster.SnapshotsInProgress
9942:             1             16  org.opensearch.cluster.action.index.MappingUpdatedAction$$Lambda/0x00007fcd28dbd890
9943:             1             16  org.opensearch.cluster.action.index.MappingUpdatedAction$$Lambda/0x00007fcd28dbdac0
9944:             1             16  org.opensearch.cluster.action.index.NodeMappingRefreshAction$$Lambda/0x00007fcd28dbd1b8
9945:             1             16  org.opensearch.cluster.action.index.NodeMappingRefreshAction$NodeMappingRefreshTransportHandler
9946:             1             16  org.opensearch.cluster.action.shard.ShardStateAction$$Lambda/0x00007fcd286d1b68
9947:             1             16  org.opensearch.cluster.action.shard.ShardStateAction$$Lambda/0x00007fcd28da7dd8
9948:             1             16  org.opensearch.cluster.action.shard.ShardStateAction$$Lambda/0x00007fcd28db6000
9949:             1             16  org.opensearch.cluster.action.shard.ShardStateAction$$Lambda/0x00007fcd28db6728
9950:             1             16  org.opensearch.cluster.action.shard.ShardStateAction$$Lambda/0x00007fcd28db6948
9951:             1             16  org.opensearch.cluster.action.shard.ShardStateAction$$Lambda/0x00007fcd28db7010
9952:             1             16  org.opensearch.cluster.block.ClusterBlocks$$Lambda/0x00007fcd291a4030
9953:             1             16  org.opensearch.cluster.block.ClusterBlocks$$Lambda/0x00007fcd291a4248
9954:             1             16  org.opensearch.cluster.block.ClusterBlocks$$Lambda/0x00007fcd291a4460
9955:             1             16  org.opensearch.cluster.block.ClusterBlocks$$Lambda/0x00007fcd29219ad8
9956:             1             16  org.opensearch.cluster.coordination.CoordinationMetadata$$Lambda/0x00007fcd284b65f8
9957:             1             16  org.opensearch.cluster.coordination.CoordinationMetadata$$Lambda/0x00007fcd2919a960
9958:             1             16  org.opensearch.cluster.coordination.CoordinationMetadata$VotingConfigExclusion$$Lambda/0x00007fcd284b7bb0
9959:             1             16  org.opensearch.cluster.coordination.Coordinator$$Lambda/0x00007fcd28cf61d8
9960:             1             16  org.opensearch.cluster.coordination.Coordinator$$Lambda/0x00007fcd28cf63f8
9961:             1             16  org.opensearch.cluster.coordination.Coordinator$$Lambda/0x00007fcd28cf6618
9962:             1             16  org.opensearch.cluster.coordination.Coordinator$$Lambda/0x00007fcd28cf6aa8
9963:             1             16  org.opensearch.cluster.coordination.Coordinator$$Lambda/0x00007fcd28cf6ce8
9964:             1             16  org.opensearch.cluster.coordination.Coordinator$$Lambda/0x00007fcd28cf8af8
9965:             1             16  org.opensearch.cluster.coordination.Coordinator$$Lambda/0x00007fcd28cf8d18
9966:             1             16  org.opensearch.cluster.coordination.Coordinator$$Lambda/0x00007fcd28cfa7c0
9967:             1             16  org.opensearch.cluster.coordination.Coordinator$$Lambda/0x00007fcd28cfaf60
9968:             1             16  org.opensearch.cluster.coordination.Coordinator$$Lambda/0x00007fcd28cfc108
9969:             1             16  org.opensearch.cluster.coordination.Coordinator$$Lambda/0x00007fcd28cfd140
9970:             1             16  org.opensearch.cluster.coordination.Coordinator$$Lambda/0x00007fcd28cfd370
9971:             1             16  org.opensearch.cluster.coordination.Coordinator$$Lambda/0x00007fcd28cfe770
9972:             1             16  org.opensearch.cluster.coordination.Coordinator$$Lambda/0x00007fcd28cfebc0
9973:             1             16  org.opensearch.cluster.coordination.Coordinator$$Lambda/0x00007fcd28cfede0
9974:             1             16  org.opensearch.cluster.coordination.Coordinator$$Lambda/0x00007fcd28cff000
9975:             1             16  org.opensearch.cluster.coordination.Coordinator$$Lambda/0x00007fcd28cff480
9976:             1             16  org.opensearch.cluster.coordination.Coordinator$$Lambda/0x00007fcd28cff6b0
9977:             1             16  org.opensearch.cluster.coordination.Coordinator$$Lambda/0x00007fcd28cffae8
9978:             1             16  org.opensearch.cluster.coordination.Coordinator$$Lambda/0x00007fcd28cffd08
9979:             1             16  org.opensearch.cluster.coordination.Coordinator$$Lambda/0x00007fcd291a6c78
9980:             1             16  org.opensearch.cluster.coordination.ElectionStrategy$1
9981:             1             16  org.opensearch.cluster.coordination.FollowersChecker$$Lambda/0x00007fcd28cfd5a0
9982:             1             16  org.opensearch.cluster.coordination.FollowersChecker$$Lambda/0x00007fcd28cfde08
9983:             1             16  org.opensearch.cluster.coordination.FollowersChecker$$Lambda/0x00007fcd28cfe020
9984:             1             16  org.opensearch.cluster.coordination.FollowersChecker$$Lambda/0x00007fcd290f1a90
9985:             1             16  org.opensearch.cluster.coordination.FollowersChecker$1
9986:             1             16  org.opensearch.cluster.coordination.JoinHelper$$Lambda/0x00007fcd28cf7138
9987:             1             16  org.opensearch.cluster.coordination.JoinHelper$$Lambda/0x00007fcd28cf7570
9988:             1             16  org.opensearch.cluster.coordination.JoinHelper$$Lambda/0x00007fcd28cf79a8
9989:             1             16  org.opensearch.cluster.coordination.JoinHelper$$Lambda/0x00007fcd28cf7de0
9990:             1             16  org.opensearch.cluster.coordination.JoinHelper$$Lambda/0x00007fcd29196be8
9991:             1             16  org.opensearch.cluster.coordination.JoinHelper$CandidateJoinAccumulator$$Lambda/0x00007fcd291a60d0
9992:             1             16  org.opensearch.cluster.coordination.JoinHelper$FollowerJoinAccumulator
9993:             1             16  org.opensearch.cluster.coordination.JoinTaskExecutor$$Lambda/0x00007fcd28cf5fb0
9994:             1             16  org.opensearch.cluster.coordination.JoinTaskExecutor$$Lambda/0x00007fcd291a48a8
9995:             1             16  org.opensearch.cluster.coordination.LeaderChecker$$Lambda/0x00007fcd28cfc338
9996:             1             16  org.opensearch.cluster.coordination.LeaderChecker$$Lambda/0x00007fcd28cfc808
9997:             1             16  org.opensearch.cluster.coordination.LeaderChecker$$Lambda/0x00007fcd28cfca20
9998:             1             16  org.opensearch.cluster.coordination.LeaderChecker$1
9999:             1             16  org.opensearch.cluster.coordination.LeaderChecker$CheckScheduler$3
10000:             1             16  org.opensearch.cluster.coordination.NoClusterManagerBlockService
10001:             1             16  org.opensearch.cluster.coordination.NoClusterManagerBlockService$$Lambda/0x00007fcd286d3550
10002:             1             16  org.opensearch.cluster.coordination.NoClusterManagerBlockService$$Lambda/0x00007fcd286d3788
10003:             1             16  org.opensearch.cluster.coordination.NoClusterManagerBlockService$$Lambda/0x00007fcd28cf8220
10004:             1             16  org.opensearch.cluster.coordination.PeersResponse$$Lambda/0x00007fcd29195cd0
10005:             1             16  org.opensearch.cluster.coordination.PeersResponse$$Lambda/0x00007fcd29195ee8
10006:             1             16  org.opensearch.cluster.coordination.PersistedStateRegistry
10007:             1             16  org.opensearch.cluster.coordination.PreVoteCollector$$Lambda/0x00007fcd28cf91f0
10008:             1             16  org.opensearch.cluster.coordination.PreVoteCollector$$Lambda/0x00007fcd28cf9408
10009:             1             16  org.opensearch.cluster.coordination.PublicationTransportHandler$$Lambda/0x00007fcd28cfb190
10010:             1             16  org.opensearch.cluster.coordination.PublicationTransportHandler$$Lambda/0x00007fcd28cfb3a8
10011:             1             16  org.opensearch.cluster.coordination.PublicationTransportHandler$$Lambda/0x00007fcd28cfb898
10012:             1             16  org.opensearch.cluster.coordination.PublicationTransportHandler$$Lambda/0x00007fcd28cfbab0
10013:             1             16  org.opensearch.cluster.coordination.PublicationTransportHandler$$Lambda/0x00007fcd28cfbcd0
10014:             1             16  org.opensearch.cluster.coordination.PublishRequest
10015:             1             16  org.opensearch.cluster.coordination.Reconfigurator
10016:             1             16  org.opensearch.cluster.coordination.Reconfigurator$$Lambda/0x00007fcd28cfe990
10017:             1             16  org.opensearch.cluster.metadata.AutoExpandReplicas$$Lambda/0x00007fcd2862f028
10018:             1             16  org.opensearch.cluster.metadata.ClusterNameExpressionResolver
10019:             1             16  org.opensearch.cluster.metadata.ClusterNameExpressionResolver$WildcardExpressionResolver
10020:             1             16  org.opensearch.cluster.metadata.ComponentTemplate$$Lambda/0x00007fcd29090218
10021:             1             16  org.opensearch.cluster.metadata.ComponentTemplate$$Lambda/0x00007fcd29090ed8
10022:             1             16  org.opensearch.cluster.metadata.ComponentTemplateMetadata
10023:             1             16  org.opensearch.cluster.metadata.ComponentTemplateMetadata$$Lambda/0x00007fcd2908fc70
10024:             1             16  org.opensearch.cluster.metadata.ComponentTemplateMetadata$$Lambda/0x00007fcd29090000
10025:             1             16  org.opensearch.cluster.metadata.ComponentTemplateMetadata$$Lambda/0x00007fcd2919b2c0
10026:             1             16  org.opensearch.cluster.metadata.ComponentTemplateMetadata$$Lambda/0x00007fcd2919b4d8
10027:             1             16  org.opensearch.cluster.metadata.ComposableIndexTemplate$$Lambda/0x00007fcd29091fc0
10028:             1             16  org.opensearch.cluster.metadata.ComposableIndexTemplate$$Lambda/0x00007fcd290921f8
10029:             1             16  org.opensearch.cluster.metadata.ComposableIndexTemplate$$Lambda/0x00007fcd291a0000
10030:             1             16  org.opensearch.cluster.metadata.ComposableIndexTemplate$DataStreamTemplate$$Lambda/0x00007fcd29092698
10031:             1             16  org.opensearch.cluster.metadata.ComposableIndexTemplate$DataStreamTemplate$$Lambda/0x00007fcd291a0218
10032:             1             16  org.opensearch.cluster.metadata.ComposableIndexTemplateMetadata
10033:             1             16  org.opensearch.cluster.metadata.ComposableIndexTemplateMetadata$$Lambda/0x00007fcd29091b70
10034:             1             16  org.opensearch.cluster.metadata.ComposableIndexTemplateMetadata$$Lambda/0x00007fcd29091da8
10035:             1             16  org.opensearch.cluster.metadata.ComposableIndexTemplateMetadata$$Lambda/0x00007fcd2919d218
10036:             1             16  org.opensearch.cluster.metadata.ComposableIndexTemplateMetadata$$Lambda/0x00007fcd2919d430
10037:             1             16  org.opensearch.cluster.metadata.DataStream$TimestampField$$Lambda/0x00007fcd29092dd8
10038:             1             16  org.opensearch.cluster.metadata.DataStreamMetadata
10039:             1             16  org.opensearch.cluster.metadata.DataStreamMetadata$$Lambda/0x00007fcd29091720
10040:             1             16  org.opensearch.cluster.metadata.DataStreamMetadata$$Lambda/0x00007fcd29091958
10041:             1             16  org.opensearch.cluster.metadata.DataStreamMetadata$$Lambda/0x00007fcd2919bd68
10042:             1             16  org.opensearch.cluster.metadata.DataStreamMetadata$$Lambda/0x00007fcd2919d000
10043:             1             16  org.opensearch.cluster.metadata.DiffableStringMap$DiffableStringMapDiff$$Lambda/0x00007fcd29219490
10044:             1             16  org.opensearch.cluster.metadata.DiffableStringMap$DiffableStringMapDiff$$Lambda/0x00007fcd292198c0
10045:             1             16  org.opensearch.cluster.metadata.IndexGraveyard$$Lambda/0x00007fcd284bc928
10046:             1             16  org.opensearch.cluster.metadata.IndexGraveyard$$Lambda/0x00007fcd284bcd80
10047:             1             16  org.opensearch.cluster.metadata.IndexGraveyard$$Lambda/0x00007fcd291a0430
10048:             1             16  org.opensearch.cluster.metadata.IndexGraveyard$Tombstone$$Lambda/0x00007fcd284bd418
10049:             1             16  org.opensearch.cluster.metadata.IndexGraveyard$Tombstone$$Lambda/0x00007fcd284bd8b8
10050:             1             16  org.opensearch.cluster.metadata.IndexGraveyard$Tombstone$$Lambda/0x00007fcd284bdae0
10051:             1             16  org.opensearch.cluster.metadata.IndexGraveyard$Tombstone$$Lambda/0x00007fcd284bdf18
10052:             1             16  org.opensearch.cluster.metadata.IndexGraveyard$Tombstone$$Lambda/0x00007fcd284be140
10053:             1             16  org.opensearch.cluster.metadata.IndexGraveyard$Tombstone$$Lambda/0x00007fcd284be7e8
10054:             1             16  org.opensearch.cluster.metadata.IndexMetadata$$Lambda/0x00007fcd2862b000
10055:             1             16  org.opensearch.cluster.metadata.IndexMetadata$$Lambda/0x00007fcd2862b488
10056:             1             16  org.opensearch.cluster.metadata.IndexMetadata$$Lambda/0x00007fcd2862b910
10057:             1             16  org.opensearch.cluster.metadata.IndexMetadata$$Lambda/0x00007fcd2862bd60
10058:             1             16  org.opensearch.cluster.metadata.IndexMetadata$$Lambda/0x00007fcd2862e038
10059:             1             16  org.opensearch.cluster.metadata.IndexMetadata$$Lambda/0x00007fcd2862fb20
10060:             1             16  org.opensearch.cluster.metadata.IndexMetadata$1
10061:             1             16  org.opensearch.cluster.metadata.IndexMetadata$2
10062:             1             16  org.opensearch.cluster.metadata.IndexMetadata$3
10063:             1             16  org.opensearch.cluster.metadata.IndexMetadata$4
10064:             1             16  org.opensearch.cluster.metadata.IndexMetadata$5
10065:             1             16  org.opensearch.cluster.metadata.IndexMetadata$Builder$$Lambda/0x00007fcd29093d50
10066:             1             16  org.opensearch.cluster.metadata.IndexMetadata$IndexMetadataDiff$$Lambda/0x00007fcd29237378
10067:             1             16  org.opensearch.cluster.metadata.IndexMetadata$IndexMetadataDiff$$Lambda/0x00007fcd29237590
10068:             1             16  org.opensearch.cluster.metadata.IndexMetadata$IndexMetadataDiff$$Lambda/0x00007fcd292377a8
10069:             1             16  org.opensearch.cluster.metadata.IndexMetadata$IndexMetadataDiff$$Lambda/0x00007fcd292379c0
10070:             1             16  org.opensearch.cluster.metadata.IndexMetadata$IndexMetadataDiff$$Lambda/0x00007fcd29237bd8
10071:             1             16  org.opensearch.cluster.metadata.IndexMetadata$IndexMetadataDiff$$Lambda/0x00007fcd2923e000
10072:             1             16  org.opensearch.cluster.metadata.IndexMetadata$IndexMetadataDiff$$Lambda/0x00007fcd2923e218
10073:             1             16  org.opensearch.cluster.metadata.IndexMetadata$IndexMetadataDiff$$Lambda/0x00007fcd2923e430
10074:             1             16  org.opensearch.cluster.metadata.IndexNameExpressionResolver$$Lambda/0x00007fcd291e2890
10075:             1             16  org.opensearch.cluster.metadata.Manifest$$Lambda/0x00007fcd288b0268
10076:             1             16  org.opensearch.cluster.metadata.Manifest$$Lambda/0x00007fcd290e95a8
10077:             1             16  org.opensearch.cluster.metadata.Manifest$IndexEntry$$Lambda/0x00007fcd288b06f0
10078:             1             16  org.opensearch.cluster.metadata.Manifest$IndexEntry$$Lambda/0x00007fcd288b0928
10079:             1             16  org.opensearch.cluster.metadata.Metadata$$Lambda/0x00007fcd291d3a08
10080:             1             16  org.opensearch.cluster.metadata.Metadata$Builder$$Lambda/0x00007fcd284bec08
10081:             1             16  org.opensearch.cluster.metadata.Metadata$Builder$$Lambda/0x00007fcd284bee50
10082:             1             16  org.opensearch.cluster.metadata.Metadata$Builder$$Lambda/0x00007fcd29218400
10083:             1             16  org.opensearch.cluster.metadata.Metadata$MetadataDiff$$Lambda/0x00007fcd2921b3b0
10084:             1             16  org.opensearch.cluster.metadata.Metadata$MetadataDiff$$Lambda/0x00007fcd2921b5c8
10085:             1             16  org.opensearch.cluster.metadata.Metadata$MetadataDiff$$Lambda/0x00007fcd2921b7e0
10086:             1             16  org.opensearch.cluster.metadata.Metadata$MetadataDiff$$Lambda/0x00007fcd2921b9f8
10087:             1             16  org.opensearch.cluster.metadata.MetadataIndexUpgradeService$$Lambda/0x00007fcd290a1028
10088:             1             16  org.opensearch.cluster.metadata.MetadataIndexUpgradeService$$Lambda/0x00007fcd290a1240
10089:             1             16  org.opensearch.cluster.metadata.MetadataMappingService$PutMappingExecutor
10090:             1             16  org.opensearch.cluster.metadata.MetadataMappingService$RefreshTaskExecutor
10091:             1             16  org.opensearch.cluster.metadata.RepositoriesMetadata
10092:             1             16  org.opensearch.cluster.metadata.RepositoriesMetadata$$Lambda/0x00007fcd2919b6f0
10093:             1             16  org.opensearch.cluster.metadata.RepositoryMetadata$$Lambda/0x00007fcd2919bb50
10094:             1             16  org.opensearch.cluster.metadata.Template$$Lambda/0x00007fcd29090450
10095:             1             16  org.opensearch.cluster.metadata.Template$$Lambda/0x00007fcd29090688
10096:             1             16  org.opensearch.cluster.metadata.Template$$Lambda/0x00007fcd29090aa8
10097:             1             16  org.opensearch.cluster.metadata.Template$$Lambda/0x00007fcd29090cc0
10098:             1             16  org.opensearch.cluster.metadata.Template$$Lambda/0x00007fcd2919d860
10099:             1             16  org.opensearch.cluster.metadata.Template$$Lambda/0x00007fcd2919da78
10100:             1             16  org.opensearch.cluster.node.DiscoveryNode$$Lambda/0x00007fcd284a44f8
10101:             1             16  org.opensearch.cluster.node.DiscoveryNode$$Lambda/0x00007fcd284a4730
10102:             1             16  org.opensearch.cluster.node.DiscoveryNode$$Lambda/0x00007fcd284b0b40
10103:             1             16  org.opensearch.cluster.node.DiscoveryNode$$Lambda/0x00007fcd29046a98
10104:             1             16  org.opensearch.cluster.node.DiscoveryNode$$Lambda/0x00007fcd290c3ba0
10105:             1             16  org.opensearch.cluster.node.DiscoveryNode$$Lambda/0x00007fcd2918ec88
10106:             1             16  org.opensearch.cluster.node.DiscoveryNode$$Lambda/0x00007fcd2918f0f0
10107:             1             16  org.opensearch.cluster.node.DiscoveryNode$$Lambda/0x00007fcd2918f338
10108:             1             16  org.opensearch.cluster.node.DiscoveryNode$$Lambda/0x00007fcd2918f570
10109:             1             16  org.opensearch.cluster.node.DiscoveryNode$$Lambda/0x00007fcd291a4d10
10110:             1             16  org.opensearch.cluster.node.DiscoveryNodeFilters$$Lambda/0x00007fcd28716050
10111:             1             16  org.opensearch.cluster.node.DiscoveryNodes$$Lambda/0x00007fcd290f1ed8
10112:             1             16  org.opensearch.cluster.node.DiscoveryNodes$$Lambda/0x00007fcd290f2348
10113:             1             16  org.opensearch.cluster.node.DiscoveryNodes$$Lambda/0x00007fcd291c2818
10114:             1             16  org.opensearch.cluster.node.DiscoveryNodes$$Lambda/0x00007fcd291c2a50
10115:             1             16  org.opensearch.cluster.node.DiscoveryNodes$$Lambda/0x00007fcd2921ad18
10116:             1             16  org.opensearch.cluster.node.DiscoveryNodes$Delta$$Lambda/0x00007fcd291b4898
10117:             1             16  org.opensearch.cluster.routing.AllocationId$$Lambda/0x00007fcd291a2d20
10118:             1             16  org.opensearch.cluster.routing.AllocationId$$Lambda/0x00007fcd291a2f48
10119:             1             16  org.opensearch.cluster.routing.FailAwareWeightedRouting
10120:             1             16  org.opensearch.cluster.routing.IndexRoutingTable$$Lambda/0x00007fcd2921ab00
10121:             1             16  org.opensearch.cluster.routing.OperationRouting$$Lambda/0x00007fcd2870dbe0
10122:             1             16  org.opensearch.cluster.routing.OperationRouting$$Lambda/0x00007fcd2870de10
10123:             1             16  org.opensearch.cluster.routing.OperationRouting$$Lambda/0x00007fcd2870e040
10124:             1             16  org.opensearch.cluster.routing.OperationRouting$$Lambda/0x00007fcd2870e270
10125:             1             16  org.opensearch.cluster.routing.OperationRouting$$Lambda/0x00007fcd2870e4a0
10126:             1             16  org.opensearch.cluster.routing.OperationRouting$$Lambda/0x00007fcd2870e6d0
10127:             1             16  org.opensearch.cluster.routing.OperationRouting$$Lambda/0x00007fcd2870e900
10128:             1             16  org.opensearch.cluster.routing.RecoverySource$PeerRecoverySource
10129:             1             16  org.opensearch.cluster.routing.RoutingNode$$Lambda/0x00007fcd291bd4c8
10130:             1             16  org.opensearch.cluster.routing.RoutingNodes$$Lambda/0x00007fcd291bd700
10131:             1             16  org.opensearch.cluster.routing.RoutingTable$$Lambda/0x00007fcd29097660
10132:             1             16  org.opensearch.cluster.routing.RoutingTable$$Lambda/0x00007fcd290978a8
10133:             1             16  org.opensearch.cluster.routing.RoutingTable$RoutingTableDiff$$Lambda/0x00007fcd292178f0
10134:             1             16  org.opensearch.cluster.routing.RoutingTable$RoutingTableDiff$$Lambda/0x00007fcd29217b08
10135:             1             16  org.opensearch.cluster.routing.ShardRouting$$Lambda/0x00007fcd291a2448
10136:             1             16  org.opensearch.cluster.routing.ShardRouting$$Lambda/0x00007fcd291a28e8
10137:             1             16  org.opensearch.cluster.routing.UnassignedInfo$$Lambda/0x00007fcd291a3e18
10138:             1             16  org.opensearch.cluster.routing.UnassignedInfo$$Lambda/0x00007fcd293774e0
10139:             1             16  org.opensearch.cluster.routing.allocation.AllocationConstraints
10140:             1             16  org.opensearch.cluster.routing.allocation.AwarenessReplicaBalance$$Lambda/0x00007fcd288cb868
10141:             1             16  org.opensearch.cluster.routing.allocation.AwarenessReplicaBalance$$Lambda/0x00007fcd288cba98
10142:             1             16  org.opensearch.cluster.routing.allocation.AwarenessReplicaBalance$$Lambda/0x00007fcd288cbcc8
10143:             1             16  org.opensearch.cluster.routing.allocation.ConstraintTypes$$Lambda/0x00007fcd2871a800
10144:             1             16  org.opensearch.cluster.routing.allocation.ConstraintTypes$$Lambda/0x00007fcd2871aa48
10145:             1             16  org.opensearch.cluster.routing.allocation.DiskThresholdSettings$$Lambda/0x00007fcd286d0000
10146:             1             16  org.opensearch.cluster.routing.allocation.DiskThresholdSettings$$Lambda/0x00007fcd286d0470
10147:             1             16  org.opensearch.cluster.routing.allocation.DiskThresholdSettings$$Lambda/0x00007fcd286d08e0
10148:             1             16  org.opensearch.cluster.routing.allocation.DiskThresholdSettings$FloodStageValidator
10149:             1             16  org.opensearch.cluster.routing.allocation.DiskThresholdSettings$HighDiskWatermarkValidator
10150:             1             16  org.opensearch.cluster.routing.allocation.DiskThresholdSettings$LowDiskWatermarkValidator
10151:             1             16  org.opensearch.cluster.routing.allocation.RebalanceConstraints
10152:             1             16  org.opensearch.cluster.routing.allocation.allocator.BalancedShardsAllocator$$Lambda/0x00007fcd286c9238
10153:             1             16  org.opensearch.cluster.routing.allocation.allocator.BalancedShardsAllocator$$Lambda/0x00007fcd2871b0f0
10154:             1             16  org.opensearch.cluster.routing.allocation.allocator.BalancedShardsAllocator$$Lambda/0x00007fcd2871b320
10155:             1             16  org.opensearch.cluster.routing.allocation.allocator.BalancedShardsAllocator$$Lambda/0x00007fcd2871b550
10156:             1             16  org.opensearch.cluster.routing.allocation.allocator.BalancedShardsAllocator$$Lambda/0x00007fcd2871b780
10157:             1             16  org.opensearch.cluster.routing.allocation.allocator.BalancedShardsAllocator$$Lambda/0x00007fcd2871b9b0
10158:             1             16  org.opensearch.cluster.routing.allocation.allocator.BalancedShardsAllocator$$Lambda/0x00007fcd2871bbe0
10159:             1             16  org.opensearch.cluster.routing.allocation.allocator.BalancedShardsAllocator$$Lambda/0x00007fcd2871e000
10160:             1             16  org.opensearch.cluster.routing.allocation.allocator.BalancedShardsAllocator$$Lambda/0x00007fcd2871e230
10161:             1             16  org.opensearch.cluster.routing.allocation.command.AbstractAllocateAllocationCommand$$Lambda/0x00007fcd28483000
10162:             1             16  org.opensearch.cluster.routing.allocation.command.AbstractAllocateAllocationCommand$$Lambda/0x00007fcd28486a10
10163:             1             16  org.opensearch.cluster.routing.allocation.command.AbstractAllocateAllocationCommand$$Lambda/0x00007fcd28487ac8
10164:             1             16  org.opensearch.cluster.routing.allocation.command.BasePrimaryAllocationCommand$$Lambda/0x00007fcd28482c58
10165:             1             16  org.opensearch.cluster.routing.allocation.decider.AllocationDeciders
10166:             1             16  org.opensearch.cluster.routing.allocation.decider.AwarenessAllocationDecider$$Lambda/0x00007fcd28710a30
10167:             1             16  org.opensearch.cluster.routing.allocation.decider.AwarenessAllocationDecider$$Lambda/0x00007fcd28710c60
10168:             1             16  org.opensearch.cluster.routing.allocation.decider.ClusterRebalanceAllocationDecider
10169:             1             16  org.opensearch.cluster.routing.allocation.decider.ClusterRebalanceAllocationDecider$$Lambda/0x00007fcd286caa78
10170:             1             16  org.opensearch.cluster.routing.allocation.decider.ClusterRebalanceAllocationDecider$$Lambda/0x00007fcd28714f20
10171:             1             16  org.opensearch.cluster.routing.allocation.decider.ConcurrentRebalanceAllocationDecider
10172:             1             16  org.opensearch.cluster.routing.allocation.decider.ConcurrentRebalanceAllocationDecider$$Lambda/0x00007fcd28715150
10173:             1             16  org.opensearch.cluster.routing.allocation.decider.ConcurrentRecoveriesAllocationDecider
10174:             1             16  org.opensearch.cluster.routing.allocation.decider.ConcurrentRecoveriesAllocationDecider$$Lambda/0x00007fcd28715380
10175:             1             16  org.opensearch.cluster.routing.allocation.decider.EnableAllocationDecider$$Lambda/0x00007fcd286408f8
10176:             1             16  org.opensearch.cluster.routing.allocation.decider.EnableAllocationDecider$$Lambda/0x00007fcd28640b30
10177:             1             16  org.opensearch.cluster.routing.allocation.decider.EnableAllocationDecider$$Lambda/0x00007fcd28641198
10178:             1             16  org.opensearch.cluster.routing.allocation.decider.EnableAllocationDecider$$Lambda/0x00007fcd286413d0
10179:             1             16  org.opensearch.cluster.routing.allocation.decider.EnableAllocationDecider$$Lambda/0x00007fcd287155b0
10180:             1             16  org.opensearch.cluster.routing.allocation.decider.EnableAllocationDecider$$Lambda/0x00007fcd287157e0
10181:             1             16  org.opensearch.cluster.routing.allocation.decider.FilterAllocationDecider$$Lambda/0x00007fcd286cb630
10182:             1             16  org.opensearch.cluster.routing.allocation.decider.FilterAllocationDecider$$Lambda/0x00007fcd286cbab8
10183:             1             16  org.opensearch.cluster.routing.allocation.decider.FilterAllocationDecider$$Lambda/0x00007fcd286cbf40
10184:             1             16  org.opensearch.cluster.routing.allocation.decider.FilterAllocationDecider$$Lambda/0x00007fcd28716278
10185:             1             16  org.opensearch.cluster.routing.allocation.decider.FilterAllocationDecider$$Lambda/0x00007fcd287164a8
10186:             1             16  org.opensearch.cluster.routing.allocation.decider.FilterAllocationDecider$$Lambda/0x00007fcd28716948
10187:             1             16  org.opensearch.cluster.routing.allocation.decider.FilterAllocationDecider$$Lambda/0x00007fcd28716b78
10188:             1             16  org.opensearch.cluster.routing.allocation.decider.FilterAllocationDecider$$Lambda/0x00007fcd28716da0
10189:             1             16  org.opensearch.cluster.routing.allocation.decider.FilterAllocationDecider$$Lambda/0x00007fcd28716fd0
10190:             1             16  org.opensearch.cluster.routing.allocation.decider.FilterAllocationDecider$$Lambda/0x00007fcd287171f8
10191:             1             16  org.opensearch.cluster.routing.allocation.decider.FilterAllocationDecider$$Lambda/0x00007fcd28717428
10192:             1             16  org.opensearch.cluster.routing.allocation.decider.MaxRetryAllocationDecider
10193:             1             16  org.opensearch.cluster.routing.allocation.decider.NodeLoadAwareAllocationDecider$$Lambda/0x00007fcd28710400
10194:             1             16  org.opensearch.cluster.routing.allocation.decider.NodeLoadAwareAllocationDecider$$Lambda/0x00007fcd28718000
10195:             1             16  org.opensearch.cluster.routing.allocation.decider.NodeLoadAwareAllocationDecider$$Lambda/0x00007fcd28718230
10196:             1             16  org.opensearch.cluster.routing.allocation.decider.NodeLoadAwareAllocationDecider$$Lambda/0x00007fcd28718460
10197:             1             16  org.opensearch.cluster.routing.allocation.decider.NodeVersionAllocationDecider
10198:             1             16  org.opensearch.cluster.routing.allocation.decider.RebalanceOnlyWhenActiveAllocationDecider
10199:             1             16  org.opensearch.cluster.routing.allocation.decider.RemoteStoreMigrationAllocationDecider$$Lambda/0x00007fcd28718690
10200:             1             16  org.opensearch.cluster.routing.allocation.decider.RemoteStoreMigrationAllocationDecider$$Lambda/0x00007fcd287188c0
10201:             1             16  org.opensearch.cluster.routing.allocation.decider.ReplicaAfterPrimaryActiveAllocationDecider
10202:             1             16  org.opensearch.cluster.routing.allocation.decider.ResizeAllocationDecider
10203:             1             16  org.opensearch.cluster.routing.allocation.decider.RestoreInProgressAllocationDecider
10204:             1             16  org.opensearch.cluster.routing.allocation.decider.SameShardAllocationDecider
10205:             1             16  org.opensearch.cluster.routing.allocation.decider.SameShardAllocationDecider$$Lambda/0x00007fcd28717658
10206:             1             16  org.opensearch.cluster.routing.allocation.decider.ShardsLimitAllocationDecider$$Lambda/0x00007fcd28710800
10207:             1             16  org.opensearch.cluster.routing.allocation.decider.SnapshotInProgressAllocationDecider
10208:             1             16  org.opensearch.cluster.routing.allocation.decider.TargetPoolAllocationDecider
10209:             1             16  org.opensearch.cluster.routing.allocation.decider.ThrottlingAllocationDecider$$Lambda/0x00007fcd286cf2f8
10210:             1             16  org.opensearch.cluster.routing.allocation.decider.ThrottlingAllocationDecider$$Lambda/0x00007fcd286cf530
10211:             1             16  org.opensearch.cluster.routing.allocation.decider.ThrottlingAllocationDecider$$Lambda/0x00007fcd286cf768
10212:             1             16  org.opensearch.cluster.routing.allocation.decider.ThrottlingAllocationDecider$$Lambda/0x00007fcd28711690
10213:             1             16  org.opensearch.cluster.routing.allocation.decider.ThrottlingAllocationDecider$$Lambda/0x00007fcd287118c0
10214:             1             16  org.opensearch.cluster.routing.allocation.decider.ThrottlingAllocationDecider$$Lambda/0x00007fcd28711af0
10215:             1             16  org.opensearch.cluster.routing.allocation.decider.ThrottlingAllocationDecider$$Lambda/0x00007fcd28711d20
10216:             1             16  org.opensearch.cluster.routing.remote.InternalRemoteRoutingTableService$$Lambda/0x00007fcd28703e48
10217:             1             16  org.opensearch.cluster.routing.remote.InternalRemoteRoutingTableService$$Lambda/0x00007fcd28704960
10218:             1             16  org.opensearch.cluster.service.ClusterApplierService$$Lambda/0x00007fcd2870d9b0
10219:             1             16  org.opensearch.cluster.service.ClusterApplierService$$Lambda/0x00007fcd291a70d0
10220:             1             16  org.opensearch.cluster.service.ClusterApplierService$$Lambda/0x00007fcd291b4ad0
10221:             1             16  org.opensearch.cluster.service.ClusterManagerTaskThrottler$$Lambda/0x00007fcd2870cbc0
10222:             1             16  org.opensearch.cluster.service.ClusterManagerTaskThrottler$$Lambda/0x00007fcd2870cdf0
10223:             1             16  org.opensearch.cluster.service.ClusterManagerTaskThrottler$$Lambda/0x00007fcd2870d298
10224:             1             16  org.opensearch.cluster.service.ClusterManagerTaskThrottler$$Lambda/0x00007fcd2870d4c8
10225:             1             16  org.opensearch.cluster.service.ClusterManagerThrottlingStats
10226:             1             16  org.opensearch.cluster.service.ClusterService$$Lambda/0x00007fcd286d7448
10227:             1             16  org.opensearch.cluster.service.ClusterService$$Lambda/0x00007fcd2870eb30
10228:             1             16  org.opensearch.cluster.service.ClusterService$$Lambda/0x00007fcd2870ed58
10229:             1             16  org.opensearch.cluster.service.MasterService$$Lambda/0x00007fcd2870c4c8
10230:             1             16  org.opensearch.cluster.service.MasterService$$Lambda/0x00007fcd2870c9a0
10231:             1             16  org.opensearch.common.RandomBasedUUIDGenerator
10232:             1             16  org.opensearch.common.bytes.ReleasableBytesReference$$Lambda/0x00007fcd29134570
10233:             1             16  org.opensearch.common.cache.Cache$$Lambda/0x00007fcd28627cc0
10234:             1             16  org.opensearch.common.cache.Cache$$Lambda/0x00007fcd2862c220
10235:             1             16  org.opensearch.common.cache.settings.CacheSettings$$Lambda/0x00007fcd28706a80
10236:             1             16  org.opensearch.common.cache.stats.NoopCacheStatsHolder
10237:             1             16  org.opensearch.common.cache.store.OpenSearchOnHeapCache$OpenSearchOnHeapCacheFactory
10238:             1             16  org.opensearch.common.cache.store.settings.OpenSearchOnHeapCacheSettings$$Lambda/0x00007fcd28706eb8
10239:             1             16  org.opensearch.common.cache.store.settings.OpenSearchOnHeapCacheSettings$$Lambda/0x00007fcd287070f0
10240:             1             16  org.opensearch.common.compress.DeflateCompressor
10241:             1             16  org.opensearch.common.compress.DeflateCompressor$$Lambda/0x00007fcd28530250
10242:             1             16  org.opensearch.common.compress.DeflateCompressor$$Lambda/0x00007fcd28530468
10243:             1             16  org.opensearch.common.compress.DeflateCompressor$$Lambda/0x00007fcd28530a10
10244:             1             16  org.opensearch.common.compress.DeflateCompressor$$Lambda/0x00007fcd28530c28
10245:             1             16  org.opensearch.common.compress.DeflateCompressor$$Lambda/0x00007fcd28530e40
10246:             1             16  org.opensearch.common.geo.GeoShapeType$$Lambda/0x00007fcd28868de8
10247:             1             16  org.opensearch.common.geo.GeoShapeType$$Lambda/0x00007fcd28869000
10248:             1             16  org.opensearch.common.geo.GeoShapeType$$Lambda/0x00007fcd28869218
10249:             1             16  org.opensearch.common.geo.GeoShapeType$$Lambda/0x00007fcd28869430
10250:             1             16  org.opensearch.common.geo.GeoShapeType$$Lambda/0x00007fcd28869648
10251:             1             16  org.opensearch.common.geo.GeoShapeType$$Lambda/0x00007fcd28869860
10252:             1             16  org.opensearch.common.geo.GeoShapeType$$Lambda/0x00007fcd28869e58
10253:             1             16  org.opensearch.common.geo.GeoShapeType$$Lambda/0x00007fcd2886a070
10254:             1             16  org.opensearch.common.geo.GeoShapeType$$Lambda/0x00007fcd2886a5e8
10255:             1             16  org.opensearch.common.geo.builders.ShapeBuilder$IntersectionOrder
10256:             1             16  org.opensearch.common.inject.InjectorImpl$ProviderBindingImpl$1
10257:             1             16  org.opensearch.common.inject.MembersInjectorImpl$$Lambda/0x00007fcd28b8f570
10258:             1             16  org.opensearch.common.inject.Scopes$1
10259:             1             16  org.opensearch.common.inject.Scopes$2
10260:             1             16  org.opensearch.common.inject.State$1
10261:             1             16  org.opensearch.common.inject.internal.Errors$2
10262:             1             16  org.opensearch.common.inject.internal.Errors$3
10263:             1             16  org.opensearch.common.inject.internal.Errors$4
10264:             1             16  org.opensearch.common.inject.internal.Scoping$1
10265:             1             16  org.opensearch.common.inject.internal.Scoping$2
10266:             1             16  org.opensearch.common.inject.internal.Scoping$3
10267:             1             16  org.opensearch.common.inject.internal.Scoping$4
10268:             1             16  org.opensearch.common.inject.internal.SourceProvider
10269:             1             16  org.opensearch.common.inject.matcher.Matchers$Any
10270:             1             16  org.opensearch.common.inject.spi.InjectionPoint$Factory$1
10271:             1             16  org.opensearch.common.inject.spi.InjectionPoint$Factory$2
10272:             1             16  org.opensearch.common.inject.util.Modules$1
10273:             1             16  org.opensearch.common.io.DiskIoBufferPool$$Lambda/0x00007fcd29347a98
10274:             1             16  org.opensearch.common.io.Streams$1
10275:             1             16  org.opensearch.common.io.stream.Streamables$$Lambda/0x00007fcd28cba100
10276:             1             16  org.opensearch.common.io.stream.Streamables$$Lambda/0x00007fcd28cba518
10277:             1             16  org.opensearch.common.io.stream.Streamables$$Lambda/0x00007fcd28cba730
10278:             1             16  org.opensearch.common.io.stream.Streamables$$Lambda/0x00007fcd28cba948
10279:             1             16  org.opensearch.common.io.stream.Streamables$$Lambda/0x00007fcd28cbab60
10280:             1             16  org.opensearch.common.joda.Joda$$Lambda/0x00007fcd290bd778
10281:             1             16  org.opensearch.common.joda.Joda$1
10282:             1             16  org.opensearch.common.joda.Joda$2
10283:             1             16  org.opensearch.common.lease.Releasables$$Lambda/0x00007fcd292dd430
10284:             1             16  org.opensearch.common.logging.HeaderWarning$$Lambda/0x00007fcd28394000
10285:             1             16  org.opensearch.common.logging.HeaderWarning$$Lambda/0x00007fcd28394248
10286:             1             16  org.opensearch.common.logging.LogConfigurator$$Lambda/0x00007fcd281b67a8
10287:             1             16  org.opensearch.common.logging.Loggers$$Lambda/0x00007fcd281b5a30
10288:             1             16  org.opensearch.common.logging.Loggers$$Lambda/0x00007fcd281b5c68
10289:             1             16  org.opensearch.common.logging.Loggers$$Lambda/0x00007fcd281b5ea0
10290:             1             16  org.opensearch.common.logging.NodeAndClusterIdStateListener$$Lambda/0x00007fcd290f3940
10291:             1             16  org.opensearch.common.lucene.search.Queries$$Lambda/0x00007fcd29349460
10292:             1             16  org.opensearch.common.network.NetworkModule$$Lambda/0x00007fcd2845f920
10293:             1             16  org.opensearch.common.network.NetworkModule$$Lambda/0x00007fcd2845fb38
10294:             1             16  org.opensearch.common.network.NetworkModule$$Lambda/0x00007fcd28482800
10295:             1             16  org.opensearch.common.network.NetworkModule$$Lambda/0x00007fcd28483db8
10296:             1             16  org.opensearch.common.network.NetworkModule$$Lambda/0x00007fcd28484940
10297:             1             16  org.opensearch.common.network.NetworkModule$$Lambda/0x00007fcd28484b58
10298:             1             16  org.opensearch.common.network.NetworkModule$$Lambda/0x00007fcd28485770
10299:             1             16  org.opensearch.common.network.NetworkModule$$Lambda/0x00007fcd28485988
10300:             1             16  org.opensearch.common.network.NetworkModule$$Lambda/0x00007fcd2848c7e0
10301:             1             16  org.opensearch.common.network.NetworkModule$$Lambda/0x00007fcd2848c9f8
10302:             1             16  org.opensearch.common.network.NetworkModule$$Lambda/0x00007fcd2848d0c8
10303:             1             16  org.opensearch.common.network.NetworkModule$$Lambda/0x00007fcd2848d5a8
10304:             1             16  org.opensearch.common.network.NetworkModule$$Lambda/0x00007fcd2848da80
10305:             1             16  org.opensearch.common.network.NetworkModule$$Lambda/0x00007fcd28c9f2d8
10306:             1             16  org.opensearch.common.network.NetworkModule$$Lambda/0x00007fcd28c9f718
10307:             1             16  org.opensearch.common.network.NetworkModule$$Lambda/0x00007fcd28c9fb90
10308:             1             16  org.opensearch.common.network.NetworkModule$$Lambda/0x00007fcd28ca0000
10309:             1             16  org.opensearch.common.network.NetworkModule$CompositeTransportInterceptor
10310:             1             16  org.opensearch.common.network.NetworkService
10311:             1             16  org.opensearch.common.settings.AbstractScopedSettings$$Lambda/0x00007fcd28646678
10312:             1             16  org.opensearch.common.settings.AbstractScopedSettings$$Lambda/0x00007fcd2864bfd0
10313:             1             16  org.opensearch.common.settings.AbstractScopedSettings$$Lambda/0x00007fcd2864e0b8
10314:             1             16  org.opensearch.common.settings.AbstractScopedSettings$$Lambda/0x00007fcd28872480
10315:             1             16  org.opensearch.common.settings.AbstractScopedSettings$$Lambda/0x00007fcd288726a8
10316:             1             16  org.opensearch.common.settings.AbstractScopedSettings$$Lambda/0x00007fcd288728d0
10317:             1             16  org.opensearch.common.settings.AbstractScopedSettings$$Lambda/0x00007fcd28872af8
10318:             1             16  org.opensearch.common.settings.AbstractScopedSettings$$Lambda/0x00007fcd28cdf9c8
10319:             1             16  org.opensearch.common.settings.AbstractScopedSettings$$Lambda/0x00007fcd28cdfbf0
10320:             1             16  org.opensearch.common.settings.AbstractScopedSettings$SettingUpdater$$Lambda/0x00007fcd291b2ab8
10321:             1             16  org.opensearch.common.settings.ClusterSettings$LoggingSettingUpdater$$Lambda/0x00007fcd28707cb0
10322:             1             16  org.opensearch.common.settings.IndexScopedSettings$$Lambda/0x00007fcd286372a8
10323:             1             16  org.opensearch.common.settings.IndexScopedSettings$$Lambda/0x00007fcd286374f0
10324:             1             16  org.opensearch.common.settings.IndexScopedSettings$$Lambda/0x00007fcd28646258
10325:             1             16  org.opensearch.common.settings.SecureSetting$InsecureStringSetting$$Lambda/0x00007fcd285344b0
10326:             1             16  org.opensearch.common.settings.Setting$$Lambda/0x00007fcd2802af28
10327:             1             16  org.opensearch.common.settings.Setting$$Lambda/0x00007fcd2802b580
10328:             1             16  org.opensearch.common.settings.Setting$$Lambda/0x00007fcd2802ba08
10329:             1             16  org.opensearch.common.settings.Setting$$Lambda/0x00007fcd2802c778
10330:             1             16  org.opensearch.common.settings.Setting$$Lambda/0x00007fcd280bf770
10331:             1             16  org.opensearch.common.settings.Setting$$Lambda/0x00007fcd280c3800
10332:             1             16  org.opensearch.common.settings.Setting$$Lambda/0x00007fcd280c8b18
10333:             1             16  org.opensearch.common.settings.Setting$$Lambda/0x00007fcd280ca5d8
10334:             1             16  org.opensearch.common.settings.Setting$$Lambda/0x00007fcd280ca818
10335:             1             16  org.opensearch.common.settings.Setting$$Lambda/0x00007fcd280cac80
10336:             1             16  org.opensearch.common.settings.Setting$$Lambda/0x00007fcd28216c58
10337:             1             16  org.opensearch.common.settings.Setting$$Lambda/0x00007fcd28396a08
10338:             1             16  org.opensearch.common.settings.Setting$$Lambda/0x00007fcd2848e0d0
10339:             1             16  org.opensearch.common.settings.Setting$$Lambda/0x00007fcd2854dad0
10340:             1             16  org.opensearch.common.settings.Setting$$Lambda/0x00007fcd2854dd18
10341:             1             16  org.opensearch.common.settings.Setting$$Lambda/0x00007fcd2854e3e8
10342:             1             16  org.opensearch.common.settings.Setting$$Lambda/0x00007fcd2862e990
10343:             1             16  org.opensearch.common.settings.Setting$$Lambda/0x00007fcd2862f6a8
10344:             1             16  org.opensearch.common.settings.Setting$$Lambda/0x00007fcd2862f8e8
10345:             1             16  org.opensearch.common.settings.Setting$$Lambda/0x00007fcd2864e2e0
10346:             1             16  org.opensearch.common.settings.Setting$$Lambda/0x00007fcd286e5068
10347:             1             16  org.opensearch.common.settings.Setting$$Lambda/0x00007fcd28708cc0
10348:             1             16  org.opensearch.common.settings.Setting$GroupSetting$$Lambda/0x00007fcd280c3c50
10349:             1             16  org.opensearch.common.settings.Setting$GroupSetting$$Lambda/0x00007fcd280c8000
10350:             1             16  org.opensearch.common.settings.Settings$$Lambda/0x00007fcd281e9010
10351:             1             16  org.opensearch.common.settings.Settings$Builder$$Lambda/0x00007fcd28028ca0
10352:             1             16  org.opensearch.common.settings.SettingsFilter$$Lambda/0x00007fcd292258b0
10353:             1             16  org.opensearch.common.settings.SettingsModule$$Lambda/0x00007fcd28707610
10354:             1             16  org.opensearch.common.ssl.DefaultJdkTrustConfig$$Lambda/0x00007fcd288fe8c0
10355:             1             16  org.opensearch.common.ssl.EmptyKeyConfig
10356:             1             16  org.opensearch.common.ssl.SslConfigurationLoader$$Lambda/0x00007fcd288fd440
10357:             1             16  org.opensearch.common.ssl.SslConfigurationLoader$$Lambda/0x00007fcd288fd678
10358:             1             16  org.opensearch.common.ssl.TrustEverythingConfig
10359:             1             16  org.opensearch.common.ssl.TrustEverythingConfig$1
10360:             1             16  org.opensearch.common.time.DateFormatter$$Lambda/0x00007fcd2808c708
10361:             1             16  org.opensearch.common.time.DateFormatters$$Lambda/0x00007fcd2808cd40
10362:             1             16  org.opensearch.common.time.DateFormatters$1
10363:             1             16  org.opensearch.common.time.EpochTime$$Lambda/0x00007fcd286186c8
10364:             1             16  org.opensearch.common.time.EpochTime$$Lambda/0x00007fcd286188f0
10365:             1             16  org.opensearch.common.time.FormatNames$$Lambda/0x00007fcd2808fa90
10366:             1             16  org.opensearch.common.time.IsoCalendarDataProvider
10367:             1             16  org.opensearch.common.time.JavaDateFormatter$$Lambda/0x00007fcd2808dba8
10368:             1             16  org.opensearch.common.time.JavaDateFormatter$$Lambda/0x00007fcd2808e080
10369:             1             16  org.opensearch.common.time.JavaDateFormatter$$Lambda/0x00007fcd2808e698
10370:             1             16  org.opensearch.common.time.JavaDateFormatter$$Lambda/0x00007fcd2808e8b0
10371:             1             16  org.opensearch.common.time.JavaDateFormatter$$Lambda/0x00007fcd2808eae8
10372:             1             16  org.opensearch.common.time.JavaDateFormatter$$Lambda/0x00007fcd2808ef50
10373:             1             16  org.opensearch.common.transport.PortsRange$$Lambda/0x00007fcd281dea38
10374:             1             16  org.opensearch.common.util.LazyInitializable$$Lambda/0x00007fcd2808cf58
10375:             1             16  org.opensearch.common.util.LazyInitializable$$Lambda/0x00007fcd2808d180
10376:             1             16  org.opensearch.common.util.PageCacheRecycler$$Lambda/0x00007fcd286ec2c0
10377:             1             16  org.opensearch.common.util.concurrent.OpenSearchExecutors$$Lambda/0x00007fcd2828a0f0
10378:             1             16  org.opensearch.common.util.concurrent.OpenSearchExecutors$DirectExecutorService
10379:             1             16  org.opensearch.common.util.concurrent.PrioritizedRunnable$$Lambda/0x00007fcd290f4940
10380:             1             16  org.opensearch.common.util.concurrent.ThreadContext$$Lambda/0x00007fcd28536f88
10381:             1             16  org.opensearch.common.util.concurrent.ThreadContext$$Lambda/0x00007fcd29131000
10382:             1             16  org.opensearch.common.util.concurrent.ThreadContext$$Lambda/0x00007fcd29131c90
10383:             1             16  org.opensearch.common.util.concurrent.ThreadContext$$Lambda/0x00007fcd291368d0
10384:             1             16  org.opensearch.common.util.concurrent.ThreadContext$$Lambda/0x00007fcd29137348
10385:             1             16  org.opensearch.common.util.concurrent.ThreadContext$$Lambda/0x00007fcd293dbb38
10386:             1             16  org.opensearch.common.util.concurrent.ThreadContext$LinkedHashSetCollector
10387:             1             16  org.opensearch.common.util.concurrent.ThreadContext$ThreadContextStruct$$Lambda/0x00007fcd2911c230
10388:             1             16  org.opensearch.common.util.concurrent.ThreadContext$ThreadContextStruct$$Lambda/0x00007fcd2911cec0
10389:             1             16  org.opensearch.common.util.io.Streams$$Lambda/0x00007fcd28a33848
10390:             1             16  org.opensearch.common.util.iterable.Iterables$FlattenedIterables$$Lambda/0x00007fcd290dd3d0
10391:             1             16  org.opensearch.common.xcontent.LoggingDeprecationHandler
10392:             1             16  org.opensearch.common.xcontent.XContentOpenSearchExtension$$Lambda/0x00007fcd28090878
10393:             1             16  org.opensearch.common.xcontent.XContentOpenSearchExtension$$Lambda/0x00007fcd28090a90
10394:             1             16  org.opensearch.common.xcontent.XContentOpenSearchExtension$$Lambda/0x00007fcd28090f48
10395:             1             16  org.opensearch.common.xcontent.XContentOpenSearchExtension$$Lambda/0x00007fcd28091160
10396:             1             16  org.opensearch.common.xcontent.XContentOpenSearchExtension$$Lambda/0x00007fcd28092ef8
10397:             1             16  org.opensearch.common.xcontent.XContentOpenSearchExtension$$Lambda/0x00007fcd28093610
10398:             1             16  org.opensearch.common.xcontent.XContentOpenSearchExtension$$Lambda/0x00007fcd28093b48
10399:             1             16  org.opensearch.common.xcontent.XContentOpenSearchExtension$$Lambda/0x00007fcd28093d60
10400:             1             16  org.opensearch.common.xcontent.XContentOpenSearchExtension$$Lambda/0x00007fcd28093f78
10401:             1             16  org.opensearch.common.xcontent.XContentOpenSearchExtension$$Lambda/0x00007fcd28094190
10402:             1             16  org.opensearch.common.xcontent.XContentOpenSearchExtension$$Lambda/0x00007fcd280943a8
10403:             1             16  org.opensearch.common.xcontent.XContentOpenSearchExtension$$Lambda/0x00007fcd280945c0
10404:             1             16  org.opensearch.common.xcontent.XContentOpenSearchExtension$$Lambda/0x00007fcd280947d8
10405:             1             16  org.opensearch.common.xcontent.XContentOpenSearchExtension$$Lambda/0x00007fcd280949f0
10406:             1             16  org.opensearch.common.xcontent.XContentOpenSearchExtension$$Lambda/0x00007fcd28094c08
10407:             1             16  org.opensearch.common.xcontent.XContentOpenSearchExtension$$Lambda/0x00007fcd28094e20
10408:             1             16  org.opensearch.common.xcontent.XContentOpenSearchExtension$$Lambda/0x00007fcd28095038
10409:             1             16  org.opensearch.common.xcontent.XContentOpenSearchExtension$$Lambda/0x00007fcd28095250
10410:             1             16  org.opensearch.common.xcontent.XContentOpenSearchExtension$$Lambda/0x00007fcd28095468
10411:             1             16  org.opensearch.common.xcontent.XContentOpenSearchExtension$$Lambda/0x00007fcd28095680
10412:             1             16  org.opensearch.common.xcontent.XContentOpenSearchExtension$$Lambda/0x00007fcd28095fe8
10413:             1             16  org.opensearch.common.xcontent.XContentOpenSearchExtension$$Lambda/0x00007fcd280963f8
10414:             1             16  org.opensearch.common.xcontent.XContentOpenSearchExtension$$Lambda/0x00007fcd28096830
10415:             1             16  org.opensearch.common.xcontent.XContentOpenSearchExtension$$Lambda/0x00007fcd28096c40
10416:             1             16  org.opensearch.common.xcontent.XContentOpenSearchExtension$$Lambda/0x00007fcd28097170
10417:             1             16  org.opensearch.common.xcontent.XContentOpenSearchExtension$$Lambda/0x00007fcd28097388
10418:             1             16  org.opensearch.common.xcontent.XContentOpenSearchExtension$$Lambda/0x00007fcd280975c0
10419:             1             16  org.opensearch.common.xcontent.XContentOpenSearchExtension$$Lambda/0x00007fcd280977f8
10420:             1             16  org.opensearch.common.xcontent.XContentOpenSearchExtension$$Lambda/0x00007fcd28097a30
10421:             1             16  org.opensearch.common.xcontent.XContentOpenSearchExtension$$Lambda/0x00007fcd28097c68
10422:             1             16  org.opensearch.common.xcontent.XContentOpenSearchExtension$$Lambda/0x00007fcd2809c000
10423:             1             16  org.opensearch.common.xcontent.XContentOpenSearchExtension$$Lambda/0x00007fcd2809c238
10424:             1             16  org.opensearch.common.xcontent.XContentOpenSearchExtension$$Lambda/0x00007fcd2809c7d8
10425:             1             16  org.opensearch.common.xcontent.XContentOpenSearchExtension$$Lambda/0x00007fcd2809ca10
10426:             1             16  org.opensearch.common.xcontent.XContentOpenSearchExtension$$Lambda/0x00007fcd2809cc48
10427:             1             16  org.opensearch.common.xcontent.XContentOpenSearchExtension$$Lambda/0x00007fcd2809ce80
10428:             1             16  org.opensearch.common.xcontent.XContentOpenSearchExtension$$Lambda/0x00007fcd2809d0b8
10429:             1             16  org.opensearch.common.xcontent.XContentOpenSearchExtension$$Lambda/0x00007fcd2809d2f0
10430:             1             16  org.opensearch.common.xcontent.XContentOpenSearchExtension$$Lambda/0x00007fcd2809d528
10431:             1             16  org.opensearch.common.xcontent.XContentOpenSearchExtension$$Lambda/0x00007fcd2809d760
10432:             1             16  org.opensearch.common.xcontent.XContentOpenSearchExtension$$Lambda/0x00007fcd2809d998
10433:             1             16  org.opensearch.common.xcontent.json.JsonXContent
10434:             1             16  org.opensearch.common.xcontent.smile.SmileXContent
10435:             1             16  org.opensearch.common.xcontent.yaml.YamlXContent
10436:             1             16  org.opensearch.commons.alerting.action.AlertingActions
10437:             1             16  org.opensearch.commons.alerting.action.AlertingActions
10438:             1             16  org.opensearch.commons.alerting.action.AlertingActions$$Lambda/0x00007fcd28a99f28
10439:             1             16  org.opensearch.commons.alerting.action.AlertingActions$$Lambda/0x00007fcd28a9a3d8
10440:             1             16  org.opensearch.commons.alerting.action.AlertingActions$$Lambda/0x00007fcd28a9a880
10441:             1             16  org.opensearch.commons.alerting.action.AlertingActions$$Lambda/0x00007fcd28a9ad28
10442:             1             16  org.opensearch.commons.alerting.action.AlertingActions$$Lambda/0x00007fcd28a9b1d8
10443:             1             16  org.opensearch.commons.alerting.action.AlertingActions$$Lambda/0x00007fcd28a9b688
10444:             1             16  org.opensearch.commons.alerting.action.AlertingActions$$Lambda/0x00007fcd28a9bb38
10445:             1             16  org.opensearch.commons.alerting.action.AlertingActions$$Lambda/0x00007fcd28c2c000
10446:             1             16  org.opensearch.commons.alerting.action.AlertingActions$$Lambda/0x00007fcd28c2c4a8
10447:             1             16  org.opensearch.commons.alerting.action.AlertingActions$$Lambda/0x00007fcd28c2c950
10448:             1             16  org.opensearch.commons.alerting.action.AlertingActions$$Lambda/0x00007fcd28c2cb68
10449:             1             16  org.opensearch.commons.alerting.action.AlertingActions$$Lambda/0x00007fcd28c2d018
10450:             1             16  org.opensearch.commons.alerting.action.AlertingActions$$Lambda/0x00007fcd28c2d230
10451:             1             16  org.opensearch.commons.alerting.action.AlertingActions$$Lambda/0x00007fcd28c2d6e0
10452:             1             16  org.opensearch.commons.alerting.action.AlertingActions$$Lambda/0x00007fcd28c2d8f8
10453:             1             16  org.opensearch.commons.alerting.action.AlertingActions$$Lambda/0x00007fcd28c2dda0
10454:             1             16  org.opensearch.commons.alerting.action.AlertingActions$$Lambda/0x00007fcd28c738f8
10455:             1             16  org.opensearch.commons.alerting.action.AlertingActions$$Lambda/0x00007fcd28c73da8
10456:             1             16  org.opensearch.commons.alerting.action.AlertingActions$$Lambda/0x00007fcd28c74250
10457:             1             16  org.opensearch.commons.alerting.action.AlertingActions$$Lambda/0x00007fcd28c746f8
10458:             1             16  org.opensearch.commons.alerting.action.AlertingActions$$Lambda/0x00007fcd28c74ba8
10459:             1             16  org.opensearch.commons.alerting.action.AlertingActions$$Lambda/0x00007fcd28c75058
10460:             1             16  org.opensearch.commons.alerting.action.AlertingActions$$Lambda/0x00007fcd28c75508
10461:             1             16  org.opensearch.commons.alerting.action.AlertingActions$$Lambda/0x00007fcd28c759b0
10462:             1             16  org.opensearch.commons.alerting.action.AlertingActions$$Lambda/0x00007fcd28c75e58
10463:             1             16  org.opensearch.commons.alerting.action.AlertingActions$$Lambda/0x00007fcd28c76300
10464:             1             16  org.opensearch.commons.alerting.action.AlertingActions$$Lambda/0x00007fcd28c76518
10465:             1             16  org.opensearch.commons.alerting.action.AlertingActions$$Lambda/0x00007fcd28c769c8
10466:             1             16  org.opensearch.commons.alerting.action.AlertingActions$$Lambda/0x00007fcd28c76be0
10467:             1             16  org.opensearch.commons.alerting.action.AlertingActions$$Lambda/0x00007fcd28c77090
10468:             1             16  org.opensearch.commons.alerting.action.AlertingActions$$Lambda/0x00007fcd28c772a8
10469:             1             16  org.opensearch.commons.alerting.action.AlertingActions$$Lambda/0x00007fcd28c77750
10470:             1             16  org.opensearch.commons.alerting.aggregation.bucketselectorext.BucketSelectorExtAggregationBuilder$Companion
10471:             1             16  org.opensearch.commons.alerting.model.Alert$Companion
10472:             1             16  org.opensearch.commons.alerting.model.BucketLevelTrigger$$Lambda/0x00007fcd288a08e8
10473:             1             16  org.opensearch.commons.alerting.model.BucketLevelTrigger$Companion
10474:             1             16  org.opensearch.commons.alerting.model.ChainedAlertTrigger$$Lambda/0x00007fcd288a1d80
10475:             1             16  org.opensearch.commons.alerting.model.ChainedAlertTrigger$Companion
10476:             1             16  org.opensearch.commons.alerting.model.ClusterMetricsInput$$Lambda/0x00007fcd288a0fb0
10477:             1             16  org.opensearch.commons.alerting.model.ClusterMetricsInput$Companion
10478:             1             16  org.opensearch.commons.alerting.model.DocLevelMonitorInput$$Lambda/0x00007fcd288a0200
10479:             1             16  org.opensearch.commons.alerting.model.DocLevelMonitorInput$Companion
10480:             1             16  org.opensearch.commons.alerting.model.DocumentLevelTrigger$$Lambda/0x00007fcd288a1698
10481:             1             16  org.opensearch.commons.alerting.model.DocumentLevelTrigger$Companion
10482:             1             16  org.opensearch.commons.alerting.model.Monitor$$Lambda/0x00007fcd2861d200
10483:             1             16  org.opensearch.commons.alerting.model.Monitor$Companion
10484:             1             16  org.opensearch.commons.alerting.model.QueryLevelTrigger$$Lambda/0x00007fcd2861dae0
10485:             1             16  org.opensearch.commons.alerting.model.QueryLevelTrigger$Companion
10486:             1             16  org.opensearch.commons.alerting.model.SearchInput$$Lambda/0x00007fcd28623a00
10487:             1             16  org.opensearch.commons.alerting.model.SearchInput$Companion
10488:             1             16  org.opensearch.commons.alerting.model.Workflow$$Lambda/0x00007fcd288a2490
10489:             1             16  org.opensearch.commons.alerting.model.Workflow$Companion
10490:             1             16  org.opensearch.commons.notifications.action.NotificationsActions
10491:             1             16  org.opensearch.commons.notifications.action.NotificationsActions$$Lambda/0x00007fcd28c88720
10492:             1             16  org.opensearch.commons.notifications.action.NotificationsActions$$Lambda/0x00007fcd28c88bc8
10493:             1             16  org.opensearch.commons.notifications.action.NotificationsActions$$Lambda/0x00007fcd28c89070
10494:             1             16  org.opensearch.commons.notifications.action.NotificationsActions$$Lambda/0x00007fcd28c89518
10495:             1             16  org.opensearch.commons.notifications.action.NotificationsActions$$Lambda/0x00007fcd28c899c0
10496:             1             16  org.opensearch.commons.notifications.action.NotificationsActions$$Lambda/0x00007fcd28c89e68
10497:             1             16  org.opensearch.commons.notifications.action.NotificationsActions$$Lambda/0x00007fcd28c8a080
10498:             1             16  org.opensearch.commons.notifications.action.NotificationsActions$$Lambda/0x00007fcd28c8a528
10499:             1             16  org.opensearch.compress.ZstdCompressor
10500:             1             16  org.opensearch.core.ParseField$$Lambda/0x00007fcd2908fa58
10501:             1             16  org.opensearch.core.common.Strings$$Lambda/0x00007fcd29093f68
10502:             1             16  org.opensearch.core.common.io.stream.NamedWriteableRegistry
10503:             1             16  org.opensearch.core.common.io.stream.NamedWriteableRegistry$$Lambda/0x00007fcd2888d340
10504:             1             16  org.opensearch.core.common.io.stream.StreamInput$$Lambda/0x00007fcd28cb5b50
10505:             1             16  org.opensearch.core.common.io.stream.StreamInput$$Lambda/0x00007fcd28cb5d68
10506:             1             16  org.opensearch.core.common.io.stream.StreamInput$$Lambda/0x00007fcd29196100
10507:             1             16  org.opensearch.core.common.io.stream.StreamInput$$Lambda/0x00007fcd2919ab78
10508:             1             16  org.opensearch.core.common.io.stream.StreamInput$$Lambda/0x00007fcd2919d648
10509:             1             16  org.opensearch.core.common.io.stream.StreamInput$$Lambda/0x00007fcd2919dc90
10510:             1             16  org.opensearch.core.common.io.stream.StreamOutput$$Lambda/0x00007fcd28cb17f0
10511:             1             16  org.opensearch.core.common.io.stream.StreamOutput$$Lambda/0x00007fcd28cb1a08
10512:             1             16  org.opensearch.core.common.io.stream.StreamOutput$$Lambda/0x00007fcd28cb1c20
10513:             1             16  org.opensearch.core.common.io.stream.StreamOutput$$Lambda/0x00007fcd28cb1e38
10514:             1             16  org.opensearch.core.common.io.stream.StreamOutput$$Lambda/0x00007fcd28cb2050
10515:             1             16  org.opensearch.core.common.io.stream.StreamOutput$$Lambda/0x00007fcd28cb2268
10516:             1             16  org.opensearch.core.common.io.stream.StreamOutput$$Lambda/0x00007fcd28cb2480
10517:             1             16  org.opensearch.core.common.io.stream.StreamOutput$$Lambda/0x00007fcd28cb2698
10518:             1             16  org.opensearch.core.common.io.stream.StreamOutput$$Lambda/0x00007fcd28cb28b0
10519:             1             16  org.opensearch.core.common.io.stream.StreamOutput$$Lambda/0x00007fcd28cb2ac8
10520:             1             16  org.opensearch.core.common.io.stream.StreamOutput$$Lambda/0x00007fcd28cb2ce0
10521:             1             16  org.opensearch.core.common.io.stream.StreamOutput$$Lambda/0x00007fcd28cb2ef8
10522:             1             16  org.opensearch.core.common.io.stream.StreamOutput$$Lambda/0x00007fcd28cb3110
10523:             1             16  org.opensearch.core.common.io.stream.StreamOutput$$Lambda/0x00007fcd28cb3328
10524:             1             16  org.opensearch.core.common.io.stream.StreamOutput$$Lambda/0x00007fcd28cb37a8
10525:             1             16  org.opensearch.core.common.io.stream.StreamOutput$$Lambda/0x00007fcd28cb39c0
10526:             1             16  org.opensearch.core.common.io.stream.StreamOutput$$Lambda/0x00007fcd28cb3bd8
10527:             1             16  org.opensearch.core.common.io.stream.StreamOutput$$Lambda/0x00007fcd28cb6000
10528:             1             16  org.opensearch.core.common.io.stream.StreamOutput$$Lambda/0x00007fcd28cb6218
10529:             1             16  org.opensearch.core.common.io.stream.StreamOutput$$Lambda/0x00007fcd28cb6430
10530:             1             16  org.opensearch.core.common.io.stream.StreamOutput$$Lambda/0x00007fcd28cb6648
10531:             1             16  org.opensearch.core.common.io.stream.StreamOutput$$Lambda/0x00007fcd28cb6860
10532:             1             16  org.opensearch.core.common.io.stream.StreamOutput$$Lambda/0x00007fcd28cb6a78
10533:             1             16  org.opensearch.core.common.io.stream.StreamOutput$$Lambda/0x00007fcd28cb6c90
10534:             1             16  org.opensearch.core.common.io.stream.StreamOutput$$Lambda/0x00007fcd28cb6ea8
10535:             1             16  org.opensearch.core.common.io.stream.StreamOutput$$Lambda/0x00007fcd29195ab8
10536:             1             16  org.opensearch.core.common.io.stream.StreamOutput$$Lambda/0x00007fcd291a5a40
10537:             1             16  org.opensearch.core.common.io.stream.StreamOutput$$Lambda/0x00007fcd291bf888
10538:             1             16  org.opensearch.core.common.io.stream.StreamOutput$$Lambda/0x00007fcd293ba218
10539:             1             16  org.opensearch.core.compress.CompressorRegistry$$Lambda/0x00007fcd2892ca50
10540:             1             16  org.opensearch.core.compress.CompressorRegistry$$Lambda/0x00007fcd2892cc88
10541:             1             16  org.opensearch.core.compress.CompressorRegistry$$Lambda/0x00007fcd2892cec0
10542:             1             16  org.opensearch.core.compress.NoneCompressor
10543:             1             16  org.opensearch.core.index.Index$$Lambda/0x00007fcd28630828
10544:             1             16  org.opensearch.core.index.Index$$Lambda/0x00007fcd28630a40
10545:             1             16  org.opensearch.core.index.Index$$Lambda/0x00007fcd28630c68
10546:             1             16  org.opensearch.core.tasks.resourcetracker.ResourceUsageInfo
10547:             1             16  org.opensearch.core.tasks.resourcetracker.TaskResourceInfo$$Lambda/0x00007fcd293db900
10548:             1             16  org.opensearch.core.tasks.resourcetracker.TaskResourceUsage$$Lambda/0x00007fcd29235aa8
10549:             1             16  org.opensearch.core.transport.TransportResponse$Empty
10550:             1             16  org.opensearch.core.xcontent.AbstractObjectParser$$Lambda/0x00007fcd28486c38
10551:             1             16  org.opensearch.core.xcontent.AbstractObjectParser$$Lambda/0x00007fcd28487cf0
10552:             1             16  org.opensearch.core.xcontent.AbstractObjectParser$$Lambda/0x00007fcd2848c000
10553:             1             16  org.opensearch.core.xcontent.AbstractObjectParser$$Lambda/0x00007fcd284b6ca0
10554:             1             16  org.opensearch.core.xcontent.AbstractObjectParser$$Lambda/0x00007fcd284b74f0
10555:             1             16  org.opensearch.core.xcontent.AbstractObjectParser$$Lambda/0x00007fcd287b7048
10556:             1             16  org.opensearch.core.xcontent.AbstractObjectParser$$Lambda/0x00007fcd287b8a30
10557:             1             16  org.opensearch.core.xcontent.AbstractObjectParser$$Lambda/0x00007fcd2880a938
10558:             1             16  org.opensearch.core.xcontent.AbstractObjectParser$$Lambda/0x00007fcd291dfb60
10559:             1             16  org.opensearch.core.xcontent.AbstractXContentParser$$Lambda/0x00007fcd280a1e88
10560:             1             16  org.opensearch.core.xcontent.AbstractXContentParser$$Lambda/0x00007fcd280a20a0
10561:             1             16  org.opensearch.core.xcontent.ConstructingObjectParser$$Lambda/0x00007fcd284b61a8
10562:             1             16  org.opensearch.core.xcontent.ConstructingObjectParser$$Lambda/0x00007fcd284b63d0
10563:             1             16  org.opensearch.core.xcontent.ConstructingObjectParser$$Lambda/0x00007fcd290954c0
10564:             1             16  org.opensearch.core.xcontent.DeprecationHandler$1
10565:             1             16  org.opensearch.core.xcontent.DeprecationHandler$2
10566:             1             16  org.opensearch.core.xcontent.MediaTypeRegistry$$Lambda/0x00007fcd2802f2d8
10567:             1             16  org.opensearch.core.xcontent.MediaTypeRegistry$$Lambda/0x00007fcd2802f510
10568:             1             16  org.opensearch.core.xcontent.MediaTypeRegistry$$Lambda/0x00007fcd2802f748
10569:             1             16  org.opensearch.core.xcontent.NamedXContentRegistry$$Lambda/0x00007fcd2888f750
10570:             1             16  org.opensearch.core.xcontent.ObjectParser$$Lambda/0x00007fcd284865c0
10571:             1             16  org.opensearch.core.xcontent.ObjectParser$$Lambda/0x00007fcd287efa30
10572:             1             16  org.opensearch.core.xcontent.ObjectParser$$Lambda/0x00007fcd28d0b7b8
10573:             1             16  org.opensearch.core.xcontent.ObjectParser$$Lambda/0x00007fcd290956e8
10574:             1             16  org.opensearch.core.xcontent.ObjectParser$$Lambda/0x00007fcd29214468
10575:             1             16  org.opensearch.core.xcontent.ObjectParser$$Lambda/0x00007fcd29214688
10576:             1             16  org.opensearch.core.xcontent.ObjectParserHelper$$Lambda/0x00007fcd2924cf50
10577:             1             16  org.opensearch.core.xcontent.ToXContent$1
10578:             1             16  org.opensearch.core.xcontent.XContentBuilder$$Lambda/0x00007fcd28082438
10579:             1             16  org.opensearch.core.xcontent.XContentBuilder$$Lambda/0x00007fcd28082650
10580:             1             16  org.opensearch.core.xcontent.XContentBuilder$$Lambda/0x00007fcd28082868
10581:             1             16  org.opensearch.core.xcontent.XContentBuilder$$Lambda/0x00007fcd28082a80
10582:             1             16  org.opensearch.core.xcontent.XContentBuilder$$Lambda/0x00007fcd28082c98
10583:             1             16  org.opensearch.core.xcontent.XContentBuilder$$Lambda/0x00007fcd28082eb0
10584:             1             16  org.opensearch.core.xcontent.XContentBuilder$$Lambda/0x00007fcd280830c8
10585:             1             16  org.opensearch.core.xcontent.XContentBuilder$$Lambda/0x00007fcd280832e0
10586:             1             16  org.opensearch.core.xcontent.XContentBuilder$$Lambda/0x00007fcd280834f8
10587:             1             16  org.opensearch.core.xcontent.XContentBuilder$$Lambda/0x00007fcd28083710
10588:             1             16  org.opensearch.core.xcontent.XContentBuilder$$Lambda/0x00007fcd28083928
10589:             1             16  org.opensearch.core.xcontent.XContentBuilder$$Lambda/0x00007fcd28083b40
10590:             1             16  org.opensearch.core.xcontent.XContentBuilder$$Lambda/0x00007fcd28083d58
10591:             1             16  org.opensearch.core.xcontent.XContentBuilder$$Lambda/0x00007fcd28086000
10592:             1             16  org.opensearch.core.xcontent.XContentBuilder$$Lambda/0x00007fcd28086218
10593:             1             16  org.opensearch.core.xcontent.XContentBuilder$$Lambda/0x00007fcd28086430
10594:             1             16  org.opensearch.core.xcontent.XContentBuilder$$Lambda/0x00007fcd28086648
10595:             1             16  org.opensearch.core.xcontent.XContentBuilder$$Lambda/0x00007fcd28086860
10596:             1             16  org.opensearch.core.xcontent.XContentBuilder$$Lambda/0x00007fcd28086a78
10597:             1             16  org.opensearch.core.xcontent.XContentBuilder$$Lambda/0x00007fcd28086c90
10598:             1             16  org.opensearch.core.xcontent.XContentBuilder$$Lambda/0x00007fcd28086ea8
10599:             1             16  org.opensearch.core.xcontent.XContentBuilder$$Lambda/0x00007fcd280870c0
10600:             1             16  org.opensearch.core.xcontent.XContentBuilder$$Lambda/0x00007fcd280872d8
10601:             1             16  org.opensearch.core.xcontent.XContentBuilder$$Lambda/0x00007fcd2809dbd0
10602:             1             16  org.opensearch.core.xcontent.XContentBuilder$$Lambda/0x00007fcd2809ddf8
10603:             1             16  org.opensearch.core.xcontent.XContentBuilder$$Lambda/0x00007fcd2809e020
10604:             1             16  org.opensearch.dashboards.OpenSearchDashboardsPlugin
10605:             1             16  org.opensearch.dashboards.OpenSearchDashboardsPlugin$$Lambda/0x00007fcd282385c8
10606:             1             16  org.opensearch.dashboards.OpenSearchDashboardsPlugin$OpenSearchDashboardsWrappedRestHandler$$Lambda/0x00007fcd28fe44b0
10607:             1             16  org.opensearch.discovery.DiscoveryModule$$Lambda/0x00007fcd28cf5540
10608:             1             16  org.opensearch.discovery.DiscoveryModule$$Lambda/0x00007fcd28cf5970
10609:             1             16  org.opensearch.discovery.DiscoveryModule$$Lambda/0x00007fcd28cf5b90
10610:             1             16  org.opensearch.discovery.PeerFinder$$Lambda/0x00007fcd28cf9d00
10611:             1             16  org.opensearch.discovery.PeerFinder$$Lambda/0x00007fcd28cf9f18
10612:             1             16  org.opensearch.discovery.PeerFinder$$Lambda/0x00007fcd290f0000
10613:             1             16  org.opensearch.discovery.PeerFinder$$Lambda/0x00007fcd290f0908
10614:             1             16  org.opensearch.discovery.PeerFinder$$Lambda/0x00007fcd290f0b40
10615:             1             16  org.opensearch.discovery.PeerFinder$Peer$2$$Lambda/0x00007fcd29196318
10616:             1             16  org.opensearch.discovery.PeerFinder$Peer$2$$Lambda/0x00007fcd29196780
10617:             1             16  org.opensearch.discovery.SettingsBasedSeedHostsProvider
10618:             1             16  org.opensearch.env.Environment$$Lambda/0x00007fcd280cb9e0
10619:             1             16  org.opensearch.env.NodeEnvironment$$Lambda/0x00007fcd284a7840
10620:             1             16  org.opensearch.env.NodeEnvironment$$Lambda/0x00007fcd284a7a88
10621:             1             16  org.opensearch.env.NodeEnvironment$$Lambda/0x00007fcd284b0d88
10622:             1             16  org.opensearch.env.NodeEnvironment$$Lambda/0x00007fcd284b0fc0
10623:             1             16  org.opensearch.env.NodeEnvironment$IndexStoreListener$1
10624:             1             16  org.opensearch.env.NodeMetadata$NodeMetadataStateFormat$$Lambda/0x00007fcd2851bfd8
10625:             1             16  org.opensearch.env.NodeMetadata$NodeMetadataStateFormat$$Lambda/0x00007fcd2851c1f0
10626:             1             16  org.opensearch.env.NodeMetadata$NodeMetadataStateFormat$$Lambda/0x00007fcd2851c418
10627:             1             16  org.opensearch.flowframework.FlowFrameworkPlugin
10628:             1             16  org.opensearch.flowframework.common.FlowFrameworkSettings$$Lambda/0x00007fcd283c1ab0
10629:             1             16  org.opensearch.flowframework.common.FlowFrameworkSettings$$Lambda/0x00007fcd283c1ce0
10630:             1             16  org.opensearch.flowframework.common.FlowFrameworkSettings$$Lambda/0x00007fcd28a45000
10631:             1             16  org.opensearch.flowframework.common.FlowFrameworkSettings$$Lambda/0x00007fcd28a45230
10632:             1             16  org.opensearch.flowframework.common.FlowFrameworkSettings$$Lambda/0x00007fcd28a45460
10633:             1             16  org.opensearch.flowframework.indices.FlowFrameworkIndex$$Lambda/0x00007fcd28a4c300
10634:             1             16  org.opensearch.flowframework.indices.FlowFrameworkIndex$$Lambda/0x00007fcd28a4cf68
10635:             1             16  org.opensearch.flowframework.indices.FlowFrameworkIndex$$Lambda/0x00007fcd28a4d180
10636:             1             16  org.opensearch.flowframework.transport.CreateWorkflowAction$$Lambda/0x00007fcd28a50b20
10637:             1             16  org.opensearch.flowframework.transport.CreateWorkflowTransportAction$$Lambda/0x00007fcd28d39710
10638:             1             16  org.opensearch.flowframework.transport.DeleteWorkflowAction$$Lambda/0x00007fcd28a50f58
10639:             1             16  org.opensearch.flowframework.transport.DeleteWorkflowTransportAction$$Lambda/0x00007fcd28d38eb0
10640:             1             16  org.opensearch.flowframework.transport.DeprovisionWorkflowAction$$Lambda/0x00007fcd28a517b8
10641:             1             16  org.opensearch.flowframework.transport.DeprovisionWorkflowTransportAction$$Lambda/0x00007fcd28d38a80
10642:             1             16  org.opensearch.flowframework.transport.GetWorkflowAction$$Lambda/0x00007fcd28a52978
10643:             1             16  org.opensearch.flowframework.transport.GetWorkflowStateAction$$Lambda/0x00007fcd28a522b8
10644:             1             16  org.opensearch.flowframework.transport.GetWorkflowStateTransportAction$$Lambda/0x00007fcd28d390c8
10645:             1             16  org.opensearch.flowframework.transport.GetWorkflowStepAction$$Lambda/0x00007fcd28a53030
10646:             1             16  org.opensearch.flowframework.transport.GetWorkflowStepTransportAction$$Lambda/0x00007fcd28d394f8
10647:             1             16  org.opensearch.flowframework.transport.GetWorkflowTransportAction$$Lambda/0x00007fcd28d39928
10648:             1             16  org.opensearch.flowframework.transport.ProvisionWorkflowAction$$Lambda/0x00007fcd28a51388
10649:             1             16  org.opensearch.flowframework.transport.ProvisionWorkflowTransportAction$$Lambda/0x00007fcd28d38c98
10650:             1             16  org.opensearch.flowframework.transport.SearchWorkflowAction$$Lambda/0x00007fcd28a51be8
10651:             1             16  org.opensearch.flowframework.transport.SearchWorkflowStateAction$$Lambda/0x00007fcd28a53460
10652:             1             16  org.opensearch.flowframework.transport.SearchWorkflowStateTransportAction$$Lambda/0x00007fcd28d38868
10653:             1             16  org.opensearch.flowframework.transport.SearchWorkflowTransportAction$$Lambda/0x00007fcd28d392e0
10654:             1             16  org.opensearch.flowframework.workflow.WorkflowStepFactory
10655:             1             16  org.opensearch.flowframework.workflow.WorkflowStepFactory$$Lambda/0x00007fcd28a4dc98
10656:             1             16  org.opensearch.flowframework.workflow.WorkflowStepFactory$$Lambda/0x00007fcd28a4eb70
10657:             1             16  org.opensearch.flowframework.workflow.WorkflowStepFactory$$Lambda/0x00007fcd28a4efb0
10658:             1             16  org.opensearch.flowframework.workflow.WorkflowStepFactory$$Lambda/0x00007fcd28a4f3f0
10659:             1             16  org.opensearch.flowframework.workflow.WorkflowStepFactory$$Lambda/0x00007fcd28a4fa68
10660:             1             16  org.opensearch.flowframework.workflow.WorkflowStepFactory$$Lambda/0x00007fcd28a50000
10661:             1             16  org.opensearch.forecast.ForecastTaskProfileRunner
10662:             1             16  org.opensearch.forecast.caching.ForecastCacheProvider
10663:             1             16  org.opensearch.forecast.indices.ForecastIndex$$Lambda/0x00007fcd28a3a2d0
10664:             1             16  org.opensearch.forecast.indices.ForecastIndex$$Lambda/0x00007fcd28a3a4e8
10665:             1             16  org.opensearch.forecast.indices.ForecastIndex$$Lambda/0x00007fcd28a3a700
10666:             1             16  org.opensearch.forecast.indices.ForecastIndex$$Lambda/0x00007fcd28a3a918
10667:             1             16  org.opensearch.forecast.indices.ForecastIndex$$Lambda/0x00007fcd28a3ab30
10668:             1             16  org.opensearch.forecast.indices.ForecastIndex$$Lambda/0x00007fcd28a3ad48
10669:             1             16  org.opensearch.forecast.indices.ForecastIndexManagement$$Lambda/0x00007fcd28a3b150
10670:             1             16  org.opensearch.forecast.indices.ForecastIndexManagement$$Lambda/0x00007fcd28a3b368
10671:             1             16  org.opensearch.forecast.indices.ForecastIndexManagement$$Lambda/0x00007fcd28a3b598
10672:             1             16  org.opensearch.forecast.indices.ForecastIndexManagement$$Lambda/0x00007fcd28a3b7c8
10673:             1             16  org.opensearch.forecast.indices.ForecastIndexManagement$$Lambda/0x00007fcd28a3b9f8
10674:             1             16  org.opensearch.forecast.model.Forecaster$$Lambda/0x00007fcd2889c698
10675:             1             16  org.opensearch.forecast.ratelimit.ForecastCheckpointMaintainWorker$$Lambda/0x00007fcd28a3ce80
10676:             1             16  org.opensearch.forecast.ratelimit.ForecastCheckpointMaintainWorker$$Lambda/0x00007fcd28a3d0b0
10677:             1             16  org.opensearch.forecast.ratelimit.ForecastResultWriteWorker$$Lambda/0x00007fcd28a3f4d8
10678:             1             16  org.opensearch.forecast.rest.AbstractForecastSearchAction$$Lambda/0x00007fcd29013dc0
10679:             1             16  org.opensearch.forecast.rest.RestForecasterSuggestAction$$Lambda/0x00007fcd29015330
10680:             1             16  org.opensearch.forecast.stats.ForecastModelsOnNodeSupplier$$Lambda/0x00007fcd28a40000
10681:             1             16  org.opensearch.forecast.stats.ForecastStats
10682:             1             16  org.opensearch.forecast.stats.suppliers.ForecastModelsOnNodeCountSupplier
10683:             1             16  org.opensearch.forecast.transport.DeleteForecastModelAction$$Lambda/0x00007fcd28c257b0
10684:             1             16  org.opensearch.forecast.transport.DeleteForecasterAction$$Lambda/0x00007fcd28c26398
10685:             1             16  org.opensearch.forecast.transport.EntityForecastResultAction$$Lambda/0x00007fcd28c244a8
10686:             1             16  org.opensearch.forecast.transport.EntityForecastResultTransportAction$$Lambda/0x00007fcd28f1f998
10687:             1             16  org.opensearch.forecast.transport.ForecastEntityProfileAction$$Lambda/0x00007fcd28c276f0
10688:             1             16  org.opensearch.forecast.transport.ForecastProfileAction$$Lambda/0x00007fcd28a41460
10689:             1             16  org.opensearch.forecast.transport.ForecastResultAction$$Lambda/0x00007fcd28a41c58
10690:             1             16  org.opensearch.forecast.transport.ForecastResultBulkAction$$Lambda/0x00007fcd28c248d8
10691:             1             16  org.opensearch.forecast.transport.ForecastResultBulkTransportAction$$Lambda/0x00007fcd28e3c448
10692:             1             16  org.opensearch.forecast.transport.ForecastResultBulkTransportAction$$Lambda/0x00007fcd28e3c660
10693:             1             16  org.opensearch.forecast.transport.ForecastResultBulkTransportAction$$Lambda/0x00007fcd28e3c890
10694:             1             16  org.opensearch.forecast.transport.ForecastResultTransportAction$$Lambda/0x00007fcd28f77460
10695:             1             16  org.opensearch.forecast.transport.ForecastRunOnceAction$$Lambda/0x00007fcd28c28b08
10696:             1             16  org.opensearch.forecast.transport.ForecastRunOnceProfileAction$$Lambda/0x00007fcd28c29200
10697:             1             16  org.opensearch.forecast.transport.ForecastRunOnceProfileTransportAction$$Lambda/0x00007fcd28f1f568
10698:             1             16  org.opensearch.forecast.transport.ForecastRunOnceProfileTransportAction$$Lambda/0x00007fcd28f1f780
10699:             1             16  org.opensearch.forecast.transport.ForecastRunOnceTransportAction$$Lambda/0x00007fcd28f1fbb0
10700:             1             16  org.opensearch.forecast.transport.ForecastRunOnceTransportAction$$Lambda/0x00007fcd28f1fdc8
10701:             1             16  org.opensearch.forecast.transport.ForecastRunOnceTransportAction$$Lambda/0x00007fcd28f77000
10702:             1             16  org.opensearch.forecast.transport.ForecastRunOnceTransportAction$$Lambda/0x00007fcd28f77230
10703:             1             16  org.opensearch.forecast.transport.ForecastSingleStreamResultAction$$Lambda/0x00007fcd28c24d28
10704:             1             16  org.opensearch.forecast.transport.ForecastStatsNodesAction$$Lambda/0x00007fcd28c28670
10705:             1             16  org.opensearch.forecast.transport.ForecasterJobAction$$Lambda/0x00007fcd28c25170
10706:             1             16  org.opensearch.forecast.transport.GetForecasterAction$$Lambda/0x00007fcd28c25f00
10707:             1             16  org.opensearch.forecast.transport.IndexForecasterAction$$Lambda/0x00007fcd28c23e58
10708:             1             16  org.opensearch.forecast.transport.IndexForecasterTransportAction$$Lambda/0x00007fcd28f1d180
10709:             1             16  org.opensearch.forecast.transport.IndexForecasterTransportAction$$Lambda/0x00007fcd28f1d398
10710:             1             16  org.opensearch.forecast.transport.SearchForecastTasksAction$$Lambda/0x00007fcd28c27da0
10711:             1             16  org.opensearch.forecast.transport.SearchForecastTasksTransportAction$$Lambda/0x00007fcd28f1d5c8
10712:             1             16  org.opensearch.forecast.transport.SearchForecasterAction$$Lambda/0x00007fcd28c267c8
10713:             1             16  org.opensearch.forecast.transport.SearchForecasterInfoAction$$Lambda/0x00007fcd28c26bf8
10714:             1             16  org.opensearch.forecast.transport.SearchForecasterTransportAction$$Lambda/0x00007fcd28d9df88
10715:             1             16  org.opensearch.forecast.transport.SearchTopForecastResultAction$$Lambda/0x00007fcd28c272b8
10716:             1             16  org.opensearch.forecast.transport.SearchTopForecastResultTransportAction$$Lambda/0x00007fcd28f1dea0
10717:             1             16  org.opensearch.forecast.transport.StatsForecasterAction$$Lambda/0x00007fcd28c28218
10718:             1             16  org.opensearch.forecast.transport.StopForecasterAction$$Lambda/0x00007fcd28a41e70
10719:             1             16  org.opensearch.forecast.transport.StopForecasterTransportAction$$Lambda/0x00007fcd28e3dff0
10720:             1             16  org.opensearch.forecast.transport.SuggestForecasterParamAction$$Lambda/0x00007fcd28c29db8
10721:             1             16  org.opensearch.forecast.transport.ValidateForecasterAction$$Lambda/0x00007fcd28c29690
10722:             1             16  org.opensearch.gateway.ClusterStateUpdaters$$Lambda/0x00007fcd290c3de8
10723:             1             16  org.opensearch.gateway.ClusterStateUpdaters$$Lambda/0x00007fcd290c4010
10724:             1             16  org.opensearch.gateway.ClusterStateUpdaters$$Lambda/0x00007fcd290c4238
10725:             1             16  org.opensearch.gateway.ClusterStateUpdaters$$Lambda/0x00007fcd290c4460
10726:             1             16  org.opensearch.gateway.GatewayMetaState
10727:             1             16  org.opensearch.gateway.GatewayMetaState$$Lambda/0x00007fcd290c3048
10728:             1             16  org.opensearch.gateway.GatewayMetaState$$Lambda/0x00007fcd290c3700
10729:             1             16  org.opensearch.gateway.GatewayMetaState$AsyncLucenePersistedState$1
10730:             1             16  org.opensearch.gateway.LocalAllocateDangledIndices$$Lambda/0x00007fcd28dcf5f8
10731:             1             16  org.opensearch.gateway.LocalAllocateDangledIndices$AllocateDangledRequestHandler
10732:             1             16  org.opensearch.gateway.PersistedClusterStateService$$Lambda/0x00007fcd288b0d60
10733:             1             16  org.opensearch.gateway.PersistedClusterStateService$$Lambda/0x00007fcd29089b90
10734:             1             16  org.opensearch.gateway.PersistedClusterStateService$$Lambda/0x00007fcd290cd000
10735:             1             16  org.opensearch.gateway.PersistedClusterStateService$Writer$$Lambda/0x00007fcd290e8ef0
10736:             1             16  org.opensearch.gateway.PersistedClusterStateService$Writer$$Lambda/0x00007fcd290e9128
10737:             1             16  org.opensearch.gateway.PrimaryShardAllocator$$Lambda/0x00007fcd28da68a0
10738:             1             16  org.opensearch.gateway.PrimaryShardAllocator$$Lambda/0x00007fcd28da6ad8
10739:             1             16  org.opensearch.gateway.PrimaryShardAllocator$$Lambda/0x00007fcd28da6d10
10740:             1             16  org.opensearch.gateway.TransportNodesListGatewayMetaState$$Lambda/0x00007fcd28ddc1f0
10741:             1             16  org.opensearch.gateway.TransportNodesListGatewayMetaState$$Lambda/0x00007fcd28ddc408
10742:             1             16  org.opensearch.gateway.TransportNodesListGatewayMetaState$$Lambda/0x00007fcd28ddc620
10743:             1             16  org.opensearch.gateway.TransportNodesListGatewayStartedShards$$Lambda/0x00007fcd28da5298
10744:             1             16  org.opensearch.gateway.TransportNodesListGatewayStartedShards$$Lambda/0x00007fcd28da54b0
10745:             1             16  org.opensearch.gateway.TransportNodesListGatewayStartedShards$$Lambda/0x00007fcd28da56c8
10746:             1             16  org.opensearch.gateway.TransportNodesListGatewayStartedShardsBatch$$Lambda/0x00007fcd28da6f48
10747:             1             16  org.opensearch.gateway.TransportNodesListGatewayStartedShardsBatch$$Lambda/0x00007fcd28da7160
10748:             1             16  org.opensearch.gateway.TransportNodesListGatewayStartedShardsBatch$$Lambda/0x00007fcd28da7378
10749:             1             16  org.opensearch.geo.GeoModulePlugin
10750:             1             16  org.opensearch.geo.GeoModulePlugin$$Lambda/0x00007fcd28825320
10751:             1             16  org.opensearch.geo.GeoModulePlugin$$Lambda/0x00007fcd28825b80
10752:             1             16  org.opensearch.geo.GeoModulePlugin$$Lambda/0x00007fcd28825d98
10753:             1             16  org.opensearch.geo.GeoModulePlugin$$Lambda/0x00007fcd2882a8a8
10754:             1             16  org.opensearch.geo.GeoModulePlugin$$Lambda/0x00007fcd2882b4a0
10755:             1             16  org.opensearch.geo.GeoModulePlugin$$Lambda/0x00007fcd2882b6b8
10756:             1             16  org.opensearch.geo.GeoModulePlugin$$Lambda/0x00007fcd28836480
10757:             1             16  org.opensearch.geo.GeoModulePlugin$$Lambda/0x00007fcd28838a90
10758:             1             16  org.opensearch.geo.GeoModulePlugin$$Lambda/0x00007fcd28838ca8
10759:             1             16  org.opensearch.geo.GeoModulePlugin$$Lambda/0x00007fcd288395a8
10760:             1             16  org.opensearch.geo.GeoModulePlugin$$Lambda/0x00007fcd2883a368
10761:             1             16  org.opensearch.geo.GeoModulePlugin$$Lambda/0x00007fcd2883a580
10762:             1             16  org.opensearch.geo.search.aggregations.bucket.composite.GeoTileGridValuesSourceBuilder$$Lambda/0x00007fcd28825740
10763:             1             16  org.opensearch.geo.search.aggregations.bucket.composite.GeoTileGridValuesSourceBuilder$$Lambda/0x00007fcd28825968
10764:             1             16  org.opensearch.geo.search.aggregations.bucket.composite.GeoTileGridValuesSourceBuilder$$Lambda/0x00007fcd2882a000
10765:             1             16  org.opensearch.geo.search.aggregations.bucket.geogrid.GeoGridAggregationBuilder$$Lambda/0x00007fcd288370f8
10766:             1             16  org.opensearch.geo.search.aggregations.bucket.geogrid.GeoGridAggregationBuilder$$Lambda/0x00007fcd28837320
10767:             1             16  org.opensearch.geo.search.aggregations.bucket.geogrid.GeoGridAggregationBuilder$$Lambda/0x00007fcd28837548
10768:             1             16  org.opensearch.geo.search.aggregations.bucket.geogrid.GeoGridAggregationBuilder$$Lambda/0x00007fcd2883cc50
10769:             1             16  org.opensearch.geo.search.aggregations.bucket.geogrid.GeoGridAggregationBuilder$$Lambda/0x00007fcd28840000
10770:             1             16  org.opensearch.geo.search.aggregations.bucket.geogrid.GeoGridAggregationBuilder$$Lambda/0x00007fcd28840228
10771:             1             16  org.opensearch.geo.search.aggregations.bucket.geogrid.GeoGridAggregationBuilder$$Lambda/0x00007fcd28840450
10772:             1             16  org.opensearch.geo.search.aggregations.bucket.geogrid.GeoHashGridAggregationBuilder$$Lambda/0x00007fcd28836a88
10773:             1             16  org.opensearch.geo.search.aggregations.bucket.geogrid.GeoHashGridAggregationBuilder$$Lambda/0x00007fcd28836ca0
10774:             1             16  org.opensearch.geo.search.aggregations.bucket.geogrid.GeoHashGridAggregatorFactory$$Lambda/0x00007fcd2883e950
10775:             1             16  org.opensearch.geo.search.aggregations.bucket.geogrid.GeoHashGridAggregatorFactory$$Lambda/0x00007fcd2883eb68
10776:             1             16  org.opensearch.geo.search.aggregations.bucket.geogrid.GeoTileGridAggregationBuilder$$Lambda/0x00007fcd288397c0
10777:             1             16  org.opensearch.geo.search.aggregations.bucket.geogrid.GeoTileGridAggregationBuilder$$Lambda/0x00007fcd288399d8
10778:             1             16  org.opensearch.geo.search.aggregations.bucket.geogrid.GeoTileGridAggregatorFactory$$Lambda/0x00007fcd2883f450
10779:             1             16  org.opensearch.geo.search.aggregations.bucket.geogrid.GeoTileGridAggregatorFactory$$Lambda/0x00007fcd2883f668
10780:             1             16  org.opensearch.geo.search.aggregations.metrics.GeoBoundsAggregationBuilder$$Lambda/0x00007fcd2882aac0
10781:             1             16  org.opensearch.geo.search.aggregations.metrics.GeoBoundsAggregationBuilder$$Lambda/0x00007fcd2882acf8
10782:             1             16  org.opensearch.geo.search.aggregations.metrics.GeoBoundsAggregatorFactory$$Lambda/0x00007fcd2883b0d0
10783:             1             16  org.opensearch.geo.search.aggregations.metrics.GeoBoundsAggregatorFactory$$Lambda/0x00007fcd2883b8b0
10784:             1             16  org.opensearch.geospatial.action.upload.geojson.UploadGeoJSONAction$$Lambda/0x00007fcd28ae8950
10785:             1             16  org.opensearch.geospatial.action.upload.geojson.UploadGeoJSONTransportAction$$Lambda/0x00007fcd28d65c48
10786:             1             16  org.opensearch.geospatial.index.mapper.xypoint.XYPointFieldTypeParser
10787:             1             16  org.opensearch.geospatial.index.mapper.xyshape.XYShapeFieldTypeParser
10788:             1             16  org.opensearch.geospatial.ip2geo.action.DeleteDatasourceAction$$Lambda/0x00007fcd28aea420
10789:             1             16  org.opensearch.geospatial.ip2geo.action.DeleteDatasourceTransportAction$$Lambda/0x00007fcd28d65e60
10790:             1             16  org.opensearch.geospatial.ip2geo.action.GetDatasourceAction$$Lambda/0x00007fcd28ae9bb8
10791:             1             16  org.opensearch.geospatial.ip2geo.action.GetDatasourceTransportAction$$Lambda/0x00007fcd28d666c0
10792:             1             16  org.opensearch.geospatial.ip2geo.action.PutDatasourceAction$$Lambda/0x00007fcd28ae94d0
10793:             1             16  org.opensearch.geospatial.ip2geo.action.PutDatasourceTransportAction$$Lambda/0x00007fcd28d668d8
10794:             1             16  org.opensearch.geospatial.ip2geo.action.UpdateDatasourceAction$$Lambda/0x00007fcd28ae9ff0
10795:             1             16  org.opensearch.geospatial.ip2geo.action.UpdateDatasourceTransportAction$$Lambda/0x00007fcd28d664a8
10796:             1             16  org.opensearch.geospatial.ip2geo.common.Ip2GeoExecutor
10797:             1             16  org.opensearch.geospatial.ip2geo.common.Ip2GeoSettings$DatasourceEndpointValidator
10798:             1             16  org.opensearch.geospatial.ip2geo.common.ParameterValidator
10799:             1             16  org.opensearch.geospatial.ip2geo.common.URLDenyListChecker
10800:             1             16  org.opensearch.geospatial.ip2geo.dao.Ip2GeoCachedDao$$Lambda/0x00007fcd28843728
10801:             1             16  org.opensearch.geospatial.ip2geo.dao.Ip2GeoCachedDao$GeoDataCache
10802:             1             16  org.opensearch.geospatial.ip2geo.dao.Ip2GeoProcessorDao
10803:             1             16  org.opensearch.geospatial.ip2geo.jobscheduler.DatasourceExtension$$Lambda/0x00007fcd28449470
10804:             1             16  org.opensearch.geospatial.plugin.GeospatialPlugin$$Lambda/0x00007fcd28752b98
10805:             1             16  org.opensearch.geospatial.plugin.GeospatialPlugin$$Lambda/0x00007fcd28752db0
10806:             1             16  org.opensearch.geospatial.plugin.GeospatialPlugin$$Lambda/0x00007fcd28753b20
10807:             1             16  org.opensearch.geospatial.plugin.GeospatialPlugin$$Lambda/0x00007fcd288418c8
10808:             1             16  org.opensearch.geospatial.plugin.GeospatialPlugin$$Lambda/0x00007fcd28841ae0
10809:             1             16  org.opensearch.geospatial.processor.FeatureProcessor$Factory
10810:             1             16  org.opensearch.geospatial.search.aggregations.bucket.geogrid.GeoHexGridAggregationBuilder$$Lambda/0x00007fcd2883c800
10811:             1             16  org.opensearch.geospatial.search.aggregations.bucket.geogrid.GeoHexGridAggregationBuilder$$Lambda/0x00007fcd2883ca18
10812:             1             16  org.opensearch.geospatial.search.aggregations.bucket.geogrid.GeoHexGridAggregatorFactory$$Lambda/0x00007fcd288429a0
10813:             1             16  org.opensearch.geospatial.stats.upload.UploadStatsAction$$Lambda/0x00007fcd28ae9040
10814:             1             16  org.opensearch.geospatial.stats.upload.UploadStatsTransportAction$$Lambda/0x00007fcd28d66078
10815:             1             16  org.opensearch.geospatial.stats.upload.UploadStatsTransportAction$$Lambda/0x00007fcd28d66290
10816:             1             16  org.opensearch.http.AbstractHttpServerTransport$$Lambda/0x00007fcd28290258
10817:             1             16  org.opensearch.http.CorsHandler
10818:             1             16  org.opensearch.http.CorsHandler$Config$$Lambda/0x00007fcd28ca0d18
10819:             1             16  org.opensearch.http.HttpTracer$$Lambda/0x00007fcd28ca1170
10820:             1             16  org.opensearch.http.HttpTracer$$Lambda/0x00007fcd28ca13a0
10821:             1             16  org.opensearch.http.HttpTransportSettings$$Lambda/0x00007fcd281e4400
10822:             1             16  org.opensearch.http.HttpTransportSettings$$Lambda/0x00007fcd281e4638
10823:             1             16  org.opensearch.http.HttpTransportSettings$$Lambda/0x00007fcd281e4870
10824:             1             16  org.opensearch.http.HttpTransportSettings$$Lambda/0x00007fcd281e4aa8
10825:             1             16  org.opensearch.http.HttpTransportSettings$$Lambda/0x00007fcd281e4ce0
10826:             1             16  org.opensearch.http.HttpTransportSettings$$Lambda/0x00007fcd281e4f18
10827:             1             16  org.opensearch.http.netty4.Netty4HttpServerTransport$$Lambda/0x00007fcd2828e9d8
10828:             1             16  org.opensearch.http.netty4.Netty4HttpServerTransport$$Lambda/0x00007fcd2828ec10
10829:             1             16  org.opensearch.http.netty4.Netty4HttpServerTransport$$Lambda/0x00007fcd28550630
10830:             1             16  org.opensearch.http.netty4.Netty4HttpServerTransport$$Lambda/0x00007fcd28550868
10831:             1             16  org.opensearch.http.netty4.ssl.SecureNetty4HttpServerTransport$$Lambda/0x00007fcd28ca92b0
10832:             1             16  org.opensearch.http.netty4.ssl.SecureNetty4HttpServerTransport$$Lambda/0x00007fcd28ca9738
10833:             1             16  org.opensearch.http.netty4.ssl.SecureNetty4HttpServerTransport$$Lambda/0x00007fcd28ca9980
10834:             1             16  org.opensearch.http.netty4.ssl.SecureNetty4HttpServerTransport$$Lambda/0x00007fcd28cabb78
10835:             1             16  org.opensearch.http.netty4.ssl.SecureNetty4HttpServerTransport$$Lambda/0x00007fcd28cabdc0
10836:             1             16  org.opensearch.index.IndexModule$$Lambda/0x00007fcd284a0600
10837:             1             16  org.opensearch.index.IndexModule$1
10838:             1             16  org.opensearch.index.IndexModule$2
10839:             1             16  org.opensearch.index.IndexService$$Lambda/0x00007fcd2926abc0
10840:             1             16  org.opensearch.index.IndexService$$Lambda/0x00007fcd292f7000
10841:             1             16  org.opensearch.index.IndexService$$Lambda/0x00007fcd293a5f08
10842:             1             16  org.opensearch.index.IndexService$$Lambda/0x00007fcd293a6130
10843:             1             16  org.opensearch.index.IndexSettings$$Lambda/0x00007fcd28631af8
10844:             1             16  org.opensearch.index.IndexSettings$$Lambda/0x00007fcd28631d30
10845:             1             16  org.opensearch.index.IndexSettings$$Lambda/0x00007fcd28635fa8
10846:             1             16  org.opensearch.index.IndexSettings$$Lambda/0x00007fcd286361e0
10847:             1             16  org.opensearch.index.IndexSettings$$Lambda/0x00007fcd28636658
10848:             1             16  org.opensearch.index.IndexSettings$$Lambda/0x00007fcd28636a90
10849:             1             16  org.opensearch.index.IndexSortConfig$$Lambda/0x00007fcd2863a4e0
10850:             1             16  org.opensearch.index.IndexSortConfig$$Lambda/0x00007fcd2863a9f8
10851:             1             16  org.opensearch.index.IndexSortConfig$$Lambda/0x00007fcd2863ac30
10852:             1             16  org.opensearch.index.IndexSortConfig$$Lambda/0x00007fcd286475b8
10853:             1             16  org.opensearch.index.IndexSortConfig$$Lambda/0x00007fcd286479e0
10854:             1             16  org.opensearch.index.IndexingPressureService
10855:             1             16  org.opensearch.index.IndexingPressureService$$Lambda/0x00007fcd29236380
10856:             1             16  org.opensearch.index.IndexingSlowLog$$Lambda/0x00007fcd286392b8
10857:             1             16  org.opensearch.index.IndexingSlowLog$$Lambda/0x00007fcd286394f0
10858:             1             16  org.opensearch.index.LogByteSizeMergePolicyProvider$$Lambda/0x00007fcd28646020
10859:             1             16  org.opensearch.index.MergeSchedulerConfig$$Lambda/0x00007fcd28638000
10860:             1             16  org.opensearch.index.MergeSchedulerConfig$$Lambda/0x00007fcd28638238
10861:             1             16  org.opensearch.index.MergeSchedulerConfig$$Lambda/0x00007fcd28638470
10862:             1             16  org.opensearch.index.MergeSchedulerConfig$$Lambda/0x00007fcd286386a8
10863:             1             16  org.opensearch.index.SearchSlowLog$$Lambda/0x00007fcd28638e10
10864:             1             16  org.opensearch.index.SegmentReplicationPressureService$$Lambda/0x00007fcd28dcd520
10865:             1             16  org.opensearch.index.SegmentReplicationPressureService$$Lambda/0x00007fcd28dcd750
10866:             1             16  org.opensearch.index.SegmentReplicationPressureService$$Lambda/0x00007fcd28dcd980
10867:             1             16  org.opensearch.index.SegmentReplicationPressureService$$Lambda/0x00007fcd28dcdbb0
10868:             1             16  org.opensearch.index.SegmentReplicationPressureService$$Lambda/0x00007fcd28dcdde0
10869:             1             16  org.opensearch.index.ShardIndexingPressureMemoryManager$$Lambda/0x00007fcd28ce2f68
10870:             1             16  org.opensearch.index.ShardIndexingPressureMemoryManager$$Lambda/0x00007fcd28ce3198
10871:             1             16  org.opensearch.index.ShardIndexingPressureMemoryManager$$Lambda/0x00007fcd28ce33c8
10872:             1             16  org.opensearch.index.ShardIndexingPressureMemoryManager$$Lambda/0x00007fcd28ce35f8
10873:             1             16  org.opensearch.index.ShardIndexingPressureMemoryManager$$Lambda/0x00007fcd28ce3828
10874:             1             16  org.opensearch.index.ShardIndexingPressureMemoryManager$$Lambda/0x00007fcd28ce3a58
10875:             1             16  org.opensearch.index.ShardIndexingPressureMemoryManager$$Lambda/0x00007fcd28ce3c88
10876:             1             16  org.opensearch.index.ShardIndexingPressureSettings$$Lambda/0x00007fcd28ce2478
10877:             1             16  org.opensearch.index.ShardIndexingPressureSettings$$Lambda/0x00007fcd28ce26a8
10878:             1             16  org.opensearch.index.ShardIndexingPressureSettings$$Lambda/0x00007fcd28ce28d8
10879:             1             16  org.opensearch.index.ShardIndexingPressureSettings$$Lambda/0x00007fcd28ce2b08
10880:             1             16  org.opensearch.index.ShardIndexingPressureStore$$Lambda/0x00007fcd28ce2d38
10881:             1             16  org.opensearch.index.TieredMergePolicyProvider$$Lambda/0x00007fcd28639bf0
10882:             1             16  org.opensearch.index.analysis.Analysis$$Lambda/0x00007fcd29258680
10883:             1             16  org.opensearch.index.analysis.AnalysisRegistry$$Lambda/0x00007fcd2926a0e0
10884:             1             16  org.opensearch.index.analysis.AnalysisRegistry$$Lambda/0x00007fcd2926a580
10885:             1             16  org.opensearch.index.analysis.IndexAnalyzers$$Lambda/0x00007fcd290bb098
10886:             1             16  org.opensearch.index.analysis.IndexAnalyzers$$Lambda/0x00007fcd290bb2d0
10887:             1             16  org.opensearch.index.analysis.NamedAnalyzer$1
10888:             1             16  org.opensearch.index.analysis.PreConfiguredCharFilter$$Lambda/0x00007fcd2869ce48
10889:             1             16  org.opensearch.index.analysis.TokenFilterFactory$1
10890:             1             16  org.opensearch.index.codec.customcodecs.CustomCodecPlugin
10891:             1             16  org.opensearch.index.codec.customcodecs.Lucene99QatCodec$$Lambda/0x00007fcd2839ca28
10892:             1             16  org.opensearch.index.codec.customcodecs.Lucene99QatStoredFieldsFormat$$Lambda/0x00007fcd2839d4a0
10893:             1             16  org.opensearch.index.codec.fuzzy.FuzzySet$SetType$$Lambda/0x00007fcd29272e90
10894:             1             16  org.opensearch.index.engine.CombinedDeletionPolicy$$Lambda/0x00007fcd29378cf0
10895:             1             16  org.opensearch.index.engine.CombinedDeletionPolicy$$Lambda/0x00007fcd2937a070
10896:             1             16  org.opensearch.index.engine.Engine$1$$Lambda/0x00007fcd2935c790
10897:             1             16  org.opensearch.index.engine.Engine$NoOpLock
10898:             1             16  org.opensearch.index.engine.EngineConfig$$Lambda/0x00007fcd28395918
10899:             1             16  org.opensearch.index.engine.EngineConfigFactory$$Lambda/0x00007fcd2924e860
10900:             1             16  org.opensearch.index.engine.InternalEngine$$Lambda/0x00007fcd292c3358
10901:             1             16  org.opensearch.index.engine.SegmentsStats$$Lambda/0x00007fcd293ba000
10902:             1             16  org.opensearch.index.engine.SegmentsStats$$Lambda/0x00007fcd293bfdd8
10903:             1             16  org.opensearch.index.engine.SoftDeletesPolicy$$Lambda/0x00007fcd293738b8
10904:             1             16  org.opensearch.index.fielddata.IndexFieldDataService$$Lambda/0x00007fcd28641a88
10905:             1             16  org.opensearch.index.fielddata.IndexFieldDataService$$Lambda/0x00007fcd28641cc0
10906:             1             16  org.opensearch.index.fielddata.IndexFieldDataService$1
10907:             1             16  org.opensearch.index.fielddata.plain.AbstractLeafOrdinalsFieldData$$Lambda/0x00007fcd29202240
10908:             1             16  org.opensearch.index.fielddata.plain.AbstractLeafOrdinalsFieldData$$Lambda/0x00007fcd29202478
10909:             1             16  org.opensearch.index.mapper.BinaryFieldMapper$$Lambda/0x00007fcd2873e8a0
10910:             1             16  org.opensearch.index.mapper.BooleanFieldMapper$$Lambda/0x00007fcd2873e100
10911:             1             16  org.opensearch.index.mapper.BooleanFieldMapper$Builder$$Lambda/0x00007fcd290befa0
10912:             1             16  org.opensearch.index.mapper.BooleanFieldMapper$Builder$$Lambda/0x00007fcd290bf1d8
10913:             1             16  org.opensearch.index.mapper.BooleanFieldMapper$Builder$$Lambda/0x00007fcd290bf410
10914:             1             16  org.opensearch.index.mapper.BooleanFieldMapper$Builder$$Lambda/0x00007fcd290bf648
10915:             1             16  org.opensearch.index.mapper.BooleanFieldMapper$Builder$$Lambda/0x00007fcd290bf860
10916:             1             16  org.opensearch.index.mapper.BooleanFieldMapper$Builder$$Lambda/0x00007fcd290bfa78
10917:             1             16  org.opensearch.index.mapper.CompletionFieldMapper$$Lambda/0x00007fcd28743d88
10918:             1             16  org.opensearch.index.mapper.ConstantKeywordFieldMapper$TypeParser
10919:             1             16  org.opensearch.index.mapper.DataStreamFieldMapper$$Lambda/0x00007fcd28723c08
10920:             1             16  org.opensearch.index.mapper.DataStreamFieldMapper$$Lambda/0x00007fcd28723e40
10921:             1             16  org.opensearch.index.mapper.DataStreamFieldMapper$Builder$$Lambda/0x00007fcd290b66d8
10922:             1             16  org.opensearch.index.mapper.DataStreamFieldMapper$Builder$$Lambda/0x00007fcd290b6910
10923:             1             16  org.opensearch.index.mapper.DataStreamFieldMapper$Builder$$Lambda/0x00007fcd290b6b28
10924:             1             16  org.opensearch.index.mapper.DataStreamFieldMapper$Builder$$Lambda/0x00007fcd290b6d40
10925:             1             16  org.opensearch.index.mapper.DateFieldMapper$$Lambda/0x00007fcd286191a0
10926:             1             16  org.opensearch.index.mapper.DateFieldMapper$$Lambda/0x00007fcd286193c8
10927:             1             16  org.opensearch.index.mapper.DateFieldMapper$Builder$$Lambda/0x00007fcd290bb708
10928:             1             16  org.opensearch.index.mapper.DateFieldMapper$Builder$$Lambda/0x00007fcd290bb940
10929:             1             16  org.opensearch.index.mapper.DateFieldMapper$Builder$$Lambda/0x00007fcd290bbb78
10930:             1             16  org.opensearch.index.mapper.DateFieldMapper$Builder$$Lambda/0x00007fcd290bbdb0
10931:             1             16  org.opensearch.index.mapper.DateFieldMapper$Builder$$Lambda/0x00007fcd290bbfe8
10932:             1             16  org.opensearch.index.mapper.DateFieldMapper$Builder$$Lambda/0x00007fcd290bc220
10933:             1             16  org.opensearch.index.mapper.DateFieldMapper$Builder$$Lambda/0x00007fcd290bc438
10934:             1             16  org.opensearch.index.mapper.DateFieldMapper$Builder$$Lambda/0x00007fcd290bc650
10935:             1             16  org.opensearch.index.mapper.DateFieldMapper$Builder$$Lambda/0x00007fcd290bc888
10936:             1             16  org.opensearch.index.mapper.DateFieldMapper$Builder$$Lambda/0x00007fcd290bcac0
10937:             1             16  org.opensearch.index.mapper.DerivedFieldMapper$$Lambda/0x00007fcd28748000
10938:             1             16  org.opensearch.index.mapper.DocCountFieldMapper$$Lambda/0x00007fcd28731718
10939:             1             16  org.opensearch.index.mapper.DocCountFieldMapper$$Lambda/0x00007fcd28731950
10940:             1             16  org.opensearch.index.mapper.DocumentMapper$$Lambda/0x00007fcd290baa18
10941:             1             16  org.opensearch.index.mapper.DocumentMapper$$Lambda/0x00007fcd290bae80
10942:             1             16  org.opensearch.index.mapper.DynamicKeyFieldTypeLookup$$Lambda/0x00007fcd29352db0
10943:             1             16  org.opensearch.index.mapper.FieldAliasMapper$TypeParser
10944:             1             16  org.opensearch.index.mapper.FieldMapper$CopyTo
10945:             1             16  org.opensearch.index.mapper.FieldMapper$MultiFields$$Lambda/0x00007fcd290b5ba0
10946:             1             16  org.opensearch.index.mapper.FieldNamesFieldMapper$$Lambda/0x00007fcd28732488
10947:             1             16  org.opensearch.index.mapper.FieldNamesFieldMapper$$Lambda/0x00007fcd287326c0
10948:             1             16  org.opensearch.index.mapper.FieldNamesFieldMapper$Builder$$Lambda/0x00007fcd290b6f78
10949:             1             16  org.opensearch.index.mapper.FlatObjectFieldMapper$$Lambda/0x00007fcd28746d68
10950:             1             16  org.opensearch.index.mapper.FlatObjectFieldMapper$TypeParser
10951:             1             16  org.opensearch.index.mapper.GeoPointFieldMapper$TypeParser
10952:             1             16  org.opensearch.index.mapper.GeoShapeFieldMapper$TypeParser
10953:             1             16  org.opensearch.index.mapper.IdFieldMapper$$Lambda/0x00007fcd287214e0
10954:             1             16  org.opensearch.index.mapper.IgnoredFieldMapper$$Lambda/0x00007fcd28720a08
10955:             1             16  org.opensearch.index.mapper.IndexFieldMapper$$Lambda/0x00007fcd287230e8
10956:             1             16  org.opensearch.index.mapper.IpFieldMapper$$Lambda/0x00007fcd2873f670
10957:             1             16  org.opensearch.index.mapper.KeywordFieldMapper$$Lambda/0x00007fcd28742e00
10958:             1             16  org.opensearch.index.mapper.KeywordFieldMapper$Builder$$Lambda/0x00007fcd290a9000
10959:             1             16  org.opensearch.index.mapper.KeywordFieldMapper$Builder$$Lambda/0x00007fcd290a9238
10960:             1             16  org.opensearch.index.mapper.KeywordFieldMapper$Builder$$Lambda/0x00007fcd290a9470
10961:             1             16  org.opensearch.index.mapper.KeywordFieldMapper$Builder$$Lambda/0x00007fcd290a96a8
10962:             1             16  org.opensearch.index.mapper.KeywordFieldMapper$Builder$$Lambda/0x00007fcd290aaec8
10963:             1             16  org.opensearch.index.mapper.KeywordFieldMapper$Builder$$Lambda/0x00007fcd290ab100
10964:             1             16  org.opensearch.index.mapper.KeywordFieldMapper$Builder$$Lambda/0x00007fcd290ab338
10965:             1             16  org.opensearch.index.mapper.KeywordFieldMapper$Builder$$Lambda/0x00007fcd290ab570
10966:             1             16  org.opensearch.index.mapper.KeywordFieldMapper$Builder$$Lambda/0x00007fcd290ab7a8
10967:             1             16  org.opensearch.index.mapper.KeywordFieldMapper$Builder$$Lambda/0x00007fcd290ab9e0
10968:             1             16  org.opensearch.index.mapper.KeywordFieldMapper$Builder$$Lambda/0x00007fcd290abc18
10969:             1             16  org.opensearch.index.mapper.MapperExtrasPlugin
10970:             1             16  org.opensearch.index.mapper.MapperExtrasPlugin$$Lambda/0x00007fcd28751958
10971:             1             16  org.opensearch.index.mapper.MapperExtrasPlugin$$Lambda/0x00007fcd28751b70
10972:             1             16  org.opensearch.index.mapper.MapperService$$Lambda/0x00007fcd28644368
10973:             1             16  org.opensearch.index.mapper.MapperService$$Lambda/0x00007fcd286445b0
10974:             1             16  org.opensearch.index.mapper.MapperService$$Lambda/0x00007fcd290a1b10
10975:             1             16  org.opensearch.index.mapper.MapperService$$Lambda/0x00007fcd290a1d48
10976:             1             16  org.opensearch.index.mapper.MapperService$$Lambda/0x00007fcd290a1f80
10977:             1             16  org.opensearch.index.mapper.MatchOnlyTextFieldMapper$$Lambda/0x00007fcd287422c0
10978:             1             16  org.opensearch.index.mapper.MetadataFieldMapper$$Lambda/0x00007fcd290b73d0
10979:             1             16  org.opensearch.index.mapper.MetadataFieldMapper$$Lambda/0x00007fcd290b75e8
10980:             1             16  org.opensearch.index.mapper.MetadataFieldMapper$$Lambda/0x00007fcd290b7800
10981:             1             16  org.opensearch.index.mapper.NestedPathFieldMapper$$Lambda/0x00007fcd2872ca60
10982:             1             16  org.opensearch.index.mapper.NumberFieldMapper$Builder$$Lambda/0x00007fcd290a8c00
10983:             1             16  org.opensearch.index.mapper.NumberFieldMapper$Builder$$Lambda/0x00007fcd290a9ae0
10984:             1             16  org.opensearch.index.mapper.NumberFieldMapper$Builder$$Lambda/0x00007fcd290a9d18
10985:             1             16  org.opensearch.index.mapper.NumberFieldMapper$Builder$$Lambda/0x00007fcd290b0000
10986:             1             16  org.opensearch.index.mapper.NumberFieldMapper$Builder$$Lambda/0x00007fcd290b0ac0
10987:             1             16  org.opensearch.index.mapper.NumberFieldMapper$Builder$$Lambda/0x00007fcd290b0cf8
10988:             1             16  org.opensearch.index.mapper.NumberFieldMapper$Builder$$Lambda/0x00007fcd290b1130
10989:             1             16  org.opensearch.index.mapper.ObjectMapper$$Lambda/0x00007fcd290b8f50
10990:             1             16  org.opensearch.index.mapper.ObjectMapper$$Lambda/0x00007fcd290b9198
10991:             1             16  org.opensearch.index.mapper.ObjectMapper$$Lambda/0x00007fcd290b9658
10992:             1             16  org.opensearch.index.mapper.ObjectMapper$$Lambda/0x00007fcd290b98a0
10993:             1             16  org.opensearch.index.mapper.ParametrizedFieldMapper$Parameter$$Lambda/0x00007fcd290a4f48
10994:             1             16  org.opensearch.index.mapper.ParametrizedFieldMapper$Parameter$$Lambda/0x00007fcd290a5358
10995:             1             16  org.opensearch.index.mapper.ParametrizedFieldMapper$Parameter$$Lambda/0x00007fcd290a5768
10996:             1             16  org.opensearch.index.mapper.ParametrizedFieldMapper$Parameter$$Lambda/0x00007fcd290a5980
10997:             1             16  org.opensearch.index.mapper.ParametrizedFieldMapper$Parameter$$Lambda/0x00007fcd290a7148
10998:             1             16  org.opensearch.index.mapper.ParametrizedFieldMapper$Parameter$$Lambda/0x00007fcd290ac218
10999:             1             16  org.opensearch.index.mapper.ParametrizedFieldMapper$Parameter$$Lambda/0x00007fcd290ad9d0
11000:             1             16  org.opensearch.index.mapper.ParametrizedFieldMapper$Parameter$$Lambda/0x00007fcd290ade20
11001:             1             16  org.opensearch.index.mapper.ParametrizedFieldMapper$Parameter$$Lambda/0x00007fcd290ae038
11002:             1             16  org.opensearch.index.mapper.ParametrizedFieldMapper$Parameter$$Lambda/0x00007fcd290ae250
11003:             1             16  org.opensearch.index.mapper.ParametrizedFieldMapper$Parameter$$Lambda/0x00007fcd290ae468
11004:             1             16  org.opensearch.index.mapper.ParametrizedFieldMapper$Parameter$$Lambda/0x00007fcd290aed00
11005:             1             16  org.opensearch.index.mapper.ParametrizedFieldMapper$Parameter$$Lambda/0x00007fcd290aef18
11006:             1             16  org.opensearch.index.mapper.ParametrizedFieldMapper$Parameter$$Lambda/0x00007fcd290af130
11007:             1             16  org.opensearch.index.mapper.ParametrizedFieldMapper$Parameter$$Lambda/0x00007fcd290b0458
11008:             1             16  org.opensearch.index.mapper.ParametrizedFieldMapper$Parameter$$Lambda/0x00007fcd290b0670
11009:             1             16  org.opensearch.index.mapper.ParametrizedFieldMapper$Parameter$$Lambda/0x00007fcd290b0888
11010:             1             16  org.opensearch.index.mapper.ParametrizedFieldMapper$Parameter$$Lambda/0x00007fcd290b8458
11011:             1             16  org.opensearch.index.mapper.RankFeatureFieldMapper$$Lambda/0x00007fcd2874e8d8
11012:             1             16  org.opensearch.index.mapper.RankFeatureMetaFieldMapper$$Lambda/0x00007fcd287508c0
11013:             1             16  org.opensearch.index.mapper.RankFeaturesFieldMapper$$Lambda/0x00007fcd2874f3d8
11014:             1             16  org.opensearch.index.mapper.RoutingFieldMapper$$Lambda/0x00007fcd28722280
11015:             1             16  org.opensearch.index.mapper.RoutingFieldMapper$$Lambda/0x00007fcd287224b8
11016:             1             16  org.opensearch.index.mapper.RoutingFieldMapper$Builder$$Lambda/0x00007fcd290b7a38
11017:             1             16  org.opensearch.index.mapper.ScaledFloatFieldMapper$$Lambda/0x00007fcd2874d5a8
11018:             1             16  org.opensearch.index.mapper.SearchAsYouTypeFieldMapper$$Lambda/0x00007fcd28750000
11019:             1             16  org.opensearch.index.mapper.SeqNoFieldMapper$$Lambda/0x00007fcd28730bf0
11020:             1             16  org.opensearch.index.mapper.SourceFieldMapper$$Lambda/0x00007fcd28724980
11021:             1             16  org.opensearch.index.mapper.SourceFieldMapper$$Lambda/0x00007fcd28724bb8
11022:             1             16  org.opensearch.index.mapper.SourceFieldMapper$Builder$$Lambda/0x00007fcd290b7c70
11023:             1             16  org.opensearch.index.mapper.SourceFieldMapper$Builder$$Lambda/0x00007fcd290b8000
11024:             1             16  org.opensearch.index.mapper.SourceFieldMapper$Builder$$Lambda/0x00007fcd290b8670
11025:             1             16  org.opensearch.index.mapper.SourceFieldMapper$Builder$$Lambda/0x00007fcd290b88a8
11026:             1             16  org.opensearch.index.mapper.SourceFieldMapper$Builder$$Lambda/0x00007fcd290b8ae0
11027:             1             16  org.opensearch.index.mapper.SourceFieldMapper$Builder$$Lambda/0x00007fcd290b8d18
11028:             1             16  org.opensearch.index.mapper.TextFieldMapper$$Lambda/0x00007fcd287416f8
11029:             1             16  org.opensearch.index.mapper.TextFieldMapper$Builder$$Lambda/0x00007fcd290a48d8
11030:             1             16  org.opensearch.index.mapper.TextFieldMapper$Builder$$Lambda/0x00007fcd290a5e00
11031:             1             16  org.opensearch.index.mapper.TextFieldMapper$Builder$$Lambda/0x00007fcd290a6038
11032:             1             16  org.opensearch.index.mapper.TextFieldMapper$Builder$$Lambda/0x00007fcd290a6cf0
11033:             1             16  org.opensearch.index.mapper.TextFieldMapper$Builder$$Lambda/0x00007fcd290a7590
11034:             1             16  org.opensearch.index.mapper.TextFieldMapper$Builder$$Lambda/0x00007fcd290a7a10
11035:             1             16  org.opensearch.index.mapper.TextFieldMapper$Builder$$Lambda/0x00007fcd290a7c48
11036:             1             16  org.opensearch.index.mapper.TextFieldMapper$Builder$$Lambda/0x00007fcd290ac430
11037:             1             16  org.opensearch.index.mapper.TextFieldMapper$Builder$$Lambda/0x00007fcd290ac668
11038:             1             16  org.opensearch.index.mapper.TextFieldMapper$Builder$$Lambda/0x00007fcd290ac880
11039:             1             16  org.opensearch.index.mapper.TextFieldMapper$Builder$$Lambda/0x00007fcd290aca98
11040:             1             16  org.opensearch.index.mapper.TextFieldMapper$Builder$$Lambda/0x00007fcd290accd0
11041:             1             16  org.opensearch.index.mapper.TextFieldMapper$Builder$$Lambda/0x00007fcd290acf08
11042:             1             16  org.opensearch.index.mapper.TextFieldMapper$Builder$$Lambda/0x00007fcd290ad368
11043:             1             16  org.opensearch.index.mapper.TextFieldMapper$Builder$$Lambda/0x00007fcd290ad580
11044:             1             16  org.opensearch.index.mapper.TextFieldMapper$Builder$$Lambda/0x00007fcd290ad798
11045:             1             16  org.opensearch.index.mapper.TextFieldMapper$Builder$$Lambda/0x00007fcd290ba0d0
11046:             1             16  org.opensearch.index.mapper.TextParams$$Lambda/0x00007fcd290a6470
11047:             1             16  org.opensearch.index.mapper.TextParams$$Lambda/0x00007fcd290a6688
11048:             1             16  org.opensearch.index.mapper.TextParams$$Lambda/0x00007fcd290a68a0
11049:             1             16  org.opensearch.index.mapper.TextParams$$Lambda/0x00007fcd290a6ab8
11050:             1             16  org.opensearch.index.mapper.TextParams$$Lambda/0x00007fcd290a77c8
11051:             1             16  org.opensearch.index.mapper.TextParams$Analyzers$$Lambda/0x00007fcd290aa000
11052:             1             16  org.opensearch.index.mapper.TextParams$Analyzers$$Lambda/0x00007fcd290aa228
11053:             1             16  org.opensearch.index.mapper.TextParams$Analyzers$$Lambda/0x00007fcd290aa680
11054:             1             16  org.opensearch.index.mapper.TextParams$Analyzers$$Lambda/0x00007fcd290ae8a8
11055:             1             16  org.opensearch.index.mapper.TextParams$Analyzers$$Lambda/0x00007fcd290af588
11056:             1             16  org.opensearch.index.mapper.TextParams$Analyzers$$Lambda/0x00007fcd290af7b0
11057:             1             16  org.opensearch.index.mapper.TokenCountFieldMapper$$Lambda/0x00007fcd2874dd60
11058:             1             16  org.opensearch.index.mapper.VersionFieldMapper$$Lambda/0x00007fcd28730318
11059:             1             16  org.opensearch.index.mapper.WildcardFieldMapper$$Lambda/0x00007fcd28748d88
11060:             1             16  org.opensearch.index.query.BoolQueryBuilder$$Lambda/0x00007fcd291dd940
11061:             1             16  org.opensearch.index.query.BoolQueryBuilder$$Lambda/0x00007fcd291ddb58
11062:             1             16  org.opensearch.index.query.BoolQueryBuilder$$Lambda/0x00007fcd291ddd80
11063:             1             16  org.opensearch.index.query.BoolQueryBuilder$$Lambda/0x00007fcd291de3e8
11064:             1             16  org.opensearch.index.query.BoolQueryBuilder$$Lambda/0x00007fcd291de610
11065:             1             16  org.opensearch.index.query.BoolQueryBuilder$$Lambda/0x00007fcd291de828
11066:             1             16  org.opensearch.index.query.BoolQueryBuilder$$Lambda/0x00007fcd291dea50
11067:             1             16  org.opensearch.index.query.BoolQueryBuilder$$Lambda/0x00007fcd291dec68
11068:             1             16  org.opensearch.index.query.BoolQueryBuilder$$Lambda/0x00007fcd291dee90
11069:             1             16  org.opensearch.index.query.BoolQueryBuilder$$Lambda/0x00007fcd291df0a8
11070:             1             16  org.opensearch.index.query.BoolQueryBuilder$$Lambda/0x00007fcd291df2d0
11071:             1             16  org.opensearch.index.query.BoolQueryBuilder$$Lambda/0x00007fcd291df4f8
11072:             1             16  org.opensearch.index.query.BoolQueryBuilder$$Lambda/0x00007fcd291df710
11073:             1             16  org.opensearch.index.query.BoolQueryBuilder$$Lambda/0x00007fcd291df938
11074:             1             16  org.opensearch.index.query.BoolQueryBuilder$$Lambda/0x00007fcd291e6f40
11075:             1             16  org.opensearch.index.query.functionscore.ExponentialDecayFunctionBuilder$$Lambda/0x00007fcd28763000
11076:             1             16  org.opensearch.index.query.functionscore.ExponentialDecayFunctionBuilder$ExponentialDecayScoreFunction
11077:             1             16  org.opensearch.index.query.functionscore.GaussDecayFunctionBuilder$$Lambda/0x00007fcd28761d40
11078:             1             16  org.opensearch.index.query.functionscore.GaussDecayFunctionBuilder$GaussScoreFunction
11079:             1             16  org.opensearch.index.query.functionscore.LinearDecayFunctionBuilder$$Lambda/0x00007fcd287626a0
11080:             1             16  org.opensearch.index.query.functionscore.LinearDecayFunctionBuilder$LinearDecayScoreFunction
11081:             1             16  org.opensearch.index.rankeval.RankEvalAction$$Lambda/0x00007fcd28896f38
11082:             1             16  org.opensearch.index.rankeval.RankEvalNamedXContentProvider$$Lambda/0x00007fcd28893780
11083:             1             16  org.opensearch.index.rankeval.RankEvalNamedXContentProvider$$Lambda/0x00007fcd28893998
11084:             1             16  org.opensearch.index.rankeval.RankEvalNamedXContentProvider$$Lambda/0x00007fcd28893bb0
11085:             1             16  org.opensearch.index.rankeval.RankEvalNamedXContentProvider$$Lambda/0x00007fcd28893dc8
11086:             1             16  org.opensearch.index.rankeval.RankEvalNamedXContentProvider$$Lambda/0x00007fcd28896000
11087:             1             16  org.opensearch.index.rankeval.RankEvalNamedXContentProvider$$Lambda/0x00007fcd28896218
11088:             1             16  org.opensearch.index.rankeval.RankEvalNamedXContentProvider$$Lambda/0x00007fcd28896430
11089:             1             16  org.opensearch.index.rankeval.RankEvalNamedXContentProvider$$Lambda/0x00007fcd28896648
11090:             1             16  org.opensearch.index.rankeval.RankEvalNamedXContentProvider$$Lambda/0x00007fcd28896860
11091:             1             16  org.opensearch.index.rankeval.RankEvalNamedXContentProvider$$Lambda/0x00007fcd28896a78
11092:             1             16  org.opensearch.index.rankeval.RankEvalPlugin
11093:             1             16  org.opensearch.index.rankeval.RankEvalPlugin$$Lambda/0x00007fcd288904f8
11094:             1             16  org.opensearch.index.rankeval.RankEvalPlugin$$Lambda/0x00007fcd28890a08
11095:             1             16  org.opensearch.index.rankeval.RankEvalPlugin$$Lambda/0x00007fcd28890f18
11096:             1             16  org.opensearch.index.rankeval.RankEvalPlugin$$Lambda/0x00007fcd28891438
11097:             1             16  org.opensearch.index.rankeval.RankEvalPlugin$$Lambda/0x00007fcd28891960
11098:             1             16  org.opensearch.index.rankeval.RankEvalPlugin$$Lambda/0x00007fcd28892000
11099:             1             16  org.opensearch.index.rankeval.RankEvalPlugin$$Lambda/0x00007fcd288924d8
11100:             1             16  org.opensearch.index.rankeval.RankEvalPlugin$$Lambda/0x00007fcd288929a8
11101:             1             16  org.opensearch.index.rankeval.RankEvalPlugin$$Lambda/0x00007fcd28892e78
11102:             1             16  org.opensearch.index.rankeval.RankEvalPlugin$$Lambda/0x00007fcd28893348
11103:             1             16  org.opensearch.index.rankeval.TransportRankEvalAction$$Lambda/0x00007fcd288976b0
11104:             1             16  org.opensearch.index.reindex.DeleteByQueryAction$$Lambda/0x00007fcd28bfc6f0
11105:             1             16  org.opensearch.index.reindex.ReindexAction$$Lambda/0x00007fcd28bfc2c0
11106:             1             16  org.opensearch.index.reindex.ReindexPlugin
11107:             1             16  org.opensearch.index.reindex.ReindexPlugin$$Lambda/0x00007fcd28549ad8
11108:             1             16  org.opensearch.index.reindex.RethrottleAction$$Lambda/0x00007fcd289006b8
11109:             1             16  org.opensearch.index.reindex.TransportDeleteByQueryAction$$Lambda/0x00007fcd28900e10
11110:             1             16  org.opensearch.index.reindex.TransportReindexAction$$Lambda/0x00007fcd28901888
11111:             1             16  org.opensearch.index.reindex.TransportRethrottleAction$$Lambda/0x00007fcd28901028
11112:             1             16  org.opensearch.index.reindex.TransportRethrottleAction$$Lambda/0x00007fcd28901240
11113:             1             16  org.opensearch.index.reindex.TransportRethrottleAction$$Lambda/0x00007fcd28901458
11114:             1             16  org.opensearch.index.reindex.TransportUpdateByQueryAction$$Lambda/0x00007fcd28901670
11115:             1             16  org.opensearch.index.reindex.UpdateByQueryAction$$Lambda/0x00007fcd28bfc4d8
11116:             1             16  org.opensearch.index.remote.RemoteStorePressureService$BytesLagValidator
11117:             1             16  org.opensearch.index.remote.RemoteStorePressureService$ConsecutiveFailureValidator
11118:             1             16  org.opensearch.index.remote.RemoteStorePressureService$TimeLagValidator
11119:             1             16  org.opensearch.index.remote.RemoteStorePressureSettings$$Lambda/0x00007fcd28dce2b0
11120:             1             16  org.opensearch.index.remote.RemoteStorePressureSettings$$Lambda/0x00007fcd28dce4e0
11121:             1             16  org.opensearch.index.remote.RemoteStorePressureSettings$$Lambda/0x00007fcd28dce710
11122:             1             16  org.opensearch.index.remote.RemoteStorePressureSettings$$Lambda/0x00007fcd28dce940
11123:             1             16  org.opensearch.index.remote.RemoteStoreStatsTrackerFactory$$Lambda/0x00007fcd288c08c0
11124:             1             16  org.opensearch.index.search.QueryParserHelper$$Lambda/0x00007fcd292e0830
11125:             1             16  org.opensearch.index.search.stats.SearchStats$Stats$$Lambda/0x00007fcd293bf9a8
11126:             1             16  org.opensearch.index.search.stats.SearchStats$Stats$$Lambda/0x00007fcd293bfbc0
11127:             1             16  org.opensearch.index.seqno.GlobalCheckpointSyncAction$$Lambda/0x00007fcd28dbec78
11128:             1             16  org.opensearch.index.seqno.GlobalCheckpointSyncAction$$Lambda/0x00007fcd28dbee90
11129:             1             16  org.opensearch.index.seqno.GlobalCheckpointSyncAction$$Lambda/0x00007fcd293ae4e8
11130:             1             16  org.opensearch.index.seqno.LocalCheckpointTracker$$Lambda/0x00007fcd292c2228
11131:             1             16  org.opensearch.index.seqno.LocalCheckpointTracker$$Lambda/0x00007fcd292c2860
11132:             1             16  org.opensearch.index.seqno.ReplicationTracker$$Lambda/0x00007fcd293746f0
11133:             1             16  org.opensearch.index.seqno.ReplicationTracker$$Lambda/0x00007fcd29374928
11134:             1             16  org.opensearch.index.seqno.ReplicationTracker$$Lambda/0x00007fcd29375238
11135:             1             16  org.opensearch.index.seqno.ReplicationTracker$$Lambda/0x00007fcd29375480
11136:             1             16  org.opensearch.index.seqno.ReplicationTracker$$Lambda/0x00007fcd293756b8
11137:             1             16  org.opensearch.index.seqno.ReplicationTracker$$Lambda/0x00007fcd29375900
11138:             1             16  org.opensearch.index.seqno.ReplicationTracker$$Lambda/0x00007fcd2937a298
11139:             1             16  org.opensearch.index.seqno.ReplicationTracker$$Lambda/0x00007fcd293a7238
11140:             1             16  org.opensearch.index.seqno.ReplicationTracker$$Lambda/0x00007fcd293a76d0
11141:             1             16  org.opensearch.index.seqno.ReplicationTracker$$Lambda/0x00007fcd293a7b48
11142:             1             16  org.opensearch.index.seqno.RetentionLease$$Lambda/0x00007fcd2927fda0
11143:             1             16  org.opensearch.index.seqno.RetentionLeaseActions$Add$$Lambda/0x00007fcd28c90438
11144:             1             16  org.opensearch.index.seqno.RetentionLeaseActions$Add$TransportAction$$Lambda/0x00007fcd28e20cf0
11145:             1             16  org.opensearch.index.seqno.RetentionLeaseActions$Remove$$Lambda/0x00007fcd28c91020
11146:             1             16  org.opensearch.index.seqno.RetentionLeaseActions$Remove$TransportAction$$Lambda/0x00007fcd28f5f570
11147:             1             16  org.opensearch.index.seqno.RetentionLeaseActions$Renew$$Lambda/0x00007fcd28c90b70
11148:             1             16  org.opensearch.index.seqno.RetentionLeaseActions$Renew$TransportAction$$Lambda/0x00007fcd28efe7e0
11149:             1             16  org.opensearch.index.seqno.RetentionLeaseBackgroundSyncAction$$Lambda/0x00007fcd28dbf710
11150:             1             16  org.opensearch.index.seqno.RetentionLeaseBackgroundSyncAction$$Lambda/0x00007fcd28dbf928
11151:             1             16  org.opensearch.index.seqno.RetentionLeaseSyncAction$$Lambda/0x00007fcd28dbf0a8
11152:             1             16  org.opensearch.index.seqno.RetentionLeaseSyncAction$$Lambda/0x00007fcd28dbf2c0
11153:             1             16  org.opensearch.index.seqno.RetentionLeaseSyncAction$$Lambda/0x00007fcd28dbf4d8
11154:             1             16  org.opensearch.index.seqno.RetentionLeaseSyncer$$Lambda/0x00007fcd28dbfb40
11155:             1             16  org.opensearch.index.seqno.RetentionLeaseSyncer$$Lambda/0x00007fcd28dbfd58
11156:             1             16  org.opensearch.index.seqno.RetentionLeaseSyncer$$Lambda/0x00007fcd28dcc000
11157:             1             16  org.opensearch.index.seqno.RetentionLeaseSyncer$$Lambda/0x00007fcd28dcc220
11158:             1             16  org.opensearch.index.seqno.RetentionLeases$$Lambda/0x00007fcd29276788
11159:             1             16  org.opensearch.index.seqno.RetentionLeases$$Lambda/0x00007fcd292769c0
11160:             1             16  org.opensearch.index.seqno.RetentionLeases$$Lambda/0x00007fcd29276c00
11161:             1             16  org.opensearch.index.seqno.RetentionLeases$$Lambda/0x00007fcd29276e18
11162:             1             16  org.opensearch.index.seqno.RetentionLeases$$Lambda/0x00007fcd29277050
11163:             1             16  org.opensearch.index.seqno.RetentionLeases$$Lambda/0x00007fcd2932aba8
11164:             1             16  org.opensearch.index.shard.IndexShard$$Lambda/0x00007fcd29205be0
11165:             1             16  org.opensearch.index.shard.IndexShard$$Lambda/0x00007fcd293e15e0
11166:             1             16  org.opensearch.index.shard.IndexingStats
11167:             1             16  org.opensearch.index.shard.IndexingStats$Stats$DocStatusStats
11168:             1             16  org.opensearch.index.shard.IndexingStats$Stats$DocStatusStats$$Lambda/0x00007fcd293bf790
11169:             1             16  org.opensearch.index.similarity.ScriptedSimilarityProvider
11170:             1             16  org.opensearch.index.similarity.SimilarityService$$Lambda/0x00007fcd2909a000
11171:             1             16  org.opensearch.index.similarity.SimilarityService$$Lambda/0x00007fcd2909a218
11172:             1             16  org.opensearch.index.similarity.SimilarityService$$Lambda/0x00007fcd2909ec10
11173:             1             16  org.opensearch.index.similarity.SimilarityService$$Lambda/0x00007fcd2909ee48
11174:             1             16  org.opensearch.index.similarity.SimilarityService$$Lambda/0x00007fcd2909f080
11175:             1             16  org.opensearch.index.similarity.SimilarityService$$Lambda/0x00007fcd2909f2b8
11176:             1             16  org.opensearch.index.similarity.SimilarityService$$Lambda/0x00007fcd2909f4d0
11177:             1             16  org.opensearch.index.similarity.SimilarityService$$Lambda/0x00007fcd2909f6e8
11178:             1             16  org.opensearch.index.similarity.SimilarityService$$Lambda/0x00007fcd2909f900
11179:             1             16  org.opensearch.index.similarity.SimilarityService$$Lambda/0x00007fcd2909fb18
11180:             1             16  org.opensearch.index.similarity.SimilarityService$$Lambda/0x00007fcd2909fd30
11181:             1             16  org.opensearch.index.similarity.SimilarityService$$Lambda/0x00007fcd290a0640
11182:             1             16  org.opensearch.index.store.FsDirectoryFactory
11183:             1             16  org.opensearch.index.store.FsDirectoryFactory$$Lambda/0x00007fcd2848fcc8
11184:             1             16  org.opensearch.index.store.Store$$Lambda/0x00007fcd29379c10
11185:             1             16  org.opensearch.index.translog.BufferedChecksumStreamInput$$Lambda/0x00007fcd2927d228
11186:             1             16  org.opensearch.index.translog.MultiSnapshot$$Lambda/0x00007fcd2932bca0
11187:             1             16  org.opensearch.index.translog.ReplicationTranslogDeletionPolicy$Companion
11188:             1             16  org.opensearch.index.translog.Translog$$Lambda/0x00007fcd292cb1e0
11189:             1             16  org.opensearch.index.translog.Translog$$Lambda/0x00007fcd29328b28
11190:             1             16  org.opensearch.index.translog.Translog$$Lambda/0x00007fcd2932afd8
11191:             1             16  org.opensearch.index.translog.Translog$$Lambda/0x00007fcd2932b5f0
11192:             1             16  org.opensearch.index.translog.Translog$$Lambda/0x00007fcd2932b808
11193:             1             16  org.opensearch.index.translog.Translog$$Lambda/0x00007fcd29345e08
11194:             1             16  org.opensearch.index.translog.Translog$$Lambda/0x00007fcd293bef68
11195:             1             16  org.opensearch.index.translog.TranslogDeletionPolicy$$Lambda/0x00007fcd29346d70
11196:             1             16  org.opensearch.index.translog.listener.TranslogEventListener$1
11197:             1             16  org.opensearch.indexmanagement.GuiceHolder
11198:             1             16  org.opensearch.indexmanagement.GuiceHolder$Companion
11199:             1             16  org.opensearch.indexmanagement.IndexManagementIndices$$Lambda/0x00007fcd28aaa9a8
11200:             1             16  org.opensearch.indexmanagement.IndexManagementIndices$$Lambda/0x00007fcd28aaabd8
11201:             1             16  org.opensearch.indexmanagement.IndexManagementIndices$Companion
11202:             1             16  org.opensearch.indexmanagement.IndexManagementPlugin$$Lambda/0x00007fcd2847c800
11203:             1             16  org.opensearch.indexmanagement.IndexManagementPlugin$Companion
11204:             1             16  org.opensearch.indexmanagement.IndexManagementRunner
11205:             1             16  org.opensearch.indexmanagement.controlcenter.notification.ControlCenterIndices$Companion
11206:             1             16  org.opensearch.indexmanagement.controlcenter.notification.action.delete.DeleteLRONConfigAction$$Lambda/0x00007fcd28c4aea8
11207:             1             16  org.opensearch.indexmanagement.controlcenter.notification.action.delete.DeleteLRONConfigAction$Companion
11208:             1             16  org.opensearch.indexmanagement.controlcenter.notification.action.delete.TransportDeleteLRONConfigAction$$Lambda/0x00007fcd28dab5d0
11209:             1             16  org.opensearch.indexmanagement.controlcenter.notification.action.get.GetLRONConfigAction$$Lambda/0x00007fcd28c4a660
11210:             1             16  org.opensearch.indexmanagement.controlcenter.notification.action.get.GetLRONConfigAction$Companion
11211:             1             16  org.opensearch.indexmanagement.controlcenter.notification.action.get.TransportGetLRONConfigAction$$Lambda/0x00007fcd28ef7218
11212:             1             16  org.opensearch.indexmanagement.controlcenter.notification.action.index.IndexLRONConfigAction$$Lambda/0x00007fcd28c49b90
11213:             1             16  org.opensearch.indexmanagement.controlcenter.notification.action.index.IndexLRONConfigAction$Companion
11214:             1             16  org.opensearch.indexmanagement.controlcenter.notification.action.index.TransportIndexLRONConfigAction$$Lambda/0x00007fcd28da8b18
11215:             1             16  org.opensearch.indexmanagement.indexstatemanagement.DefaultIndexMetadataService
11216:             1             16  org.opensearch.indexmanagement.indexstatemanagement.DefaultIndexMetadataService$Companion
11217:             1             16  org.opensearch.indexmanagement.indexstatemanagement.ISMActionsParser$Companion
11218:             1             16  org.opensearch.indexmanagement.indexstatemanagement.ISMActionsParser$Companion$instance$2
11219:             1             16  org.opensearch.indexmanagement.indexstatemanagement.ISMActionsParser$HOLDER
11220:             1             16  org.opensearch.indexmanagement.indexstatemanagement.IndexMetadataProvider$$Lambda/0x00007fcd28aae218
11221:             1             16  org.opensearch.indexmanagement.indexstatemanagement.IndexMetadataProvider$Companion
11222:             1             16  org.opensearch.indexmanagement.indexstatemanagement.IndexStateManagementHistory$$Lambda/0x00007fcd28aab6a0
11223:             1             16  org.opensearch.indexmanagement.indexstatemanagement.IndexStateManagementHistory$$Lambda/0x00007fcd28aab8d0
11224:             1             16  org.opensearch.indexmanagement.indexstatemanagement.IndexStateManagementHistory$$Lambda/0x00007fcd28aabb00
11225:             1             16  org.opensearch.indexmanagement.indexstatemanagement.IndexStateManagementHistory$$Lambda/0x00007fcd28aabd30
11226:             1             16  org.opensearch.indexmanagement.indexstatemanagement.IndexStateManagementHistory$$Lambda/0x00007fcd28aabf60
11227:             1             16  org.opensearch.indexmanagement.indexstatemanagement.IndexStateManagementHistory$$Lambda/0x00007fcd28aac190
11228:             1             16  org.opensearch.indexmanagement.indexstatemanagement.IndexStateManagementHistory$$Lambda/0x00007fcd28aac3c0
11229:             1             16  org.opensearch.indexmanagement.indexstatemanagement.ManagedIndexCoordinator$$Lambda/0x00007fcd28aafc88
11230:             1             16  org.opensearch.indexmanagement.indexstatemanagement.ManagedIndexCoordinator$$Lambda/0x00007fcd28ab0000
11231:             1             16  org.opensearch.indexmanagement.indexstatemanagement.ManagedIndexCoordinator$$Lambda/0x00007fcd28ab0230
11232:             1             16  org.opensearch.indexmanagement.indexstatemanagement.ManagedIndexCoordinator$$Lambda/0x00007fcd28ab0460
11233:             1             16  org.opensearch.indexmanagement.indexstatemanagement.ManagedIndexCoordinator$$Lambda/0x00007fcd28ab0690
11234:             1             16  org.opensearch.indexmanagement.indexstatemanagement.ManagedIndexCoordinator$$Lambda/0x00007fcd28ab08c0
11235:             1             16  org.opensearch.indexmanagement.indexstatemanagement.ManagedIndexCoordinator$$Lambda/0x00007fcd28ab0af0
11236:             1             16  org.opensearch.indexmanagement.indexstatemanagement.ManagedIndexCoordinator$Companion
11237:             1             16  org.opensearch.indexmanagement.indexstatemanagement.ManagedIndexRunner
11238:             1             16  org.opensearch.indexmanagement.indexstatemanagement.ManagedIndexRunner$$Lambda/0x00007fcd28aae888
11239:             1             16  org.opensearch.indexmanagement.indexstatemanagement.ManagedIndexRunner$$Lambda/0x00007fcd28aaeab0
11240:             1             16  org.opensearch.indexmanagement.indexstatemanagement.ManagedIndexRunner$$Lambda/0x00007fcd28aaecd8
11241:             1             16  org.opensearch.indexmanagement.indexstatemanagement.ManagedIndexRunner$$Lambda/0x00007fcd28aaef00
11242:             1             16  org.opensearch.indexmanagement.indexstatemanagement.PluginVersionSweepCoordinator$$Lambda/0x00007fcd28ab11c0
11243:             1             16  org.opensearch.indexmanagement.indexstatemanagement.SkipExecution$sweepISMPluginVersion$1
11244:             1             16  org.opensearch.indexmanagement.indexstatemanagement.action.AllocationActionParser
11245:             1             16  org.opensearch.indexmanagement.indexstatemanagement.action.CloseActionParser
11246:             1             16  org.opensearch.indexmanagement.indexstatemanagement.action.DeleteActionParser
11247:             1             16  org.opensearch.indexmanagement.indexstatemanagement.action.ForceMergeActionParser
11248:             1             16  org.opensearch.indexmanagement.indexstatemanagement.action.IndexPriorityActionParser
11249:             1             16  org.opensearch.indexmanagement.indexstatemanagement.action.NotificationActionParser
11250:             1             16  org.opensearch.indexmanagement.indexstatemanagement.action.OpenActionParser
11251:             1             16  org.opensearch.indexmanagement.indexstatemanagement.action.ReadOnlyActionParser
11252:             1             16  org.opensearch.indexmanagement.indexstatemanagement.action.ReadWriteActionParser
11253:             1             16  org.opensearch.indexmanagement.indexstatemanagement.action.ReplicaCountActionParser
11254:             1             16  org.opensearch.indexmanagement.indexstatemanagement.action.RolloverActionParser
11255:             1             16  org.opensearch.indexmanagement.indexstatemanagement.action.RollupActionParser
11256:             1             16  org.opensearch.indexmanagement.indexstatemanagement.action.ShrinkActionParser
11257:             1             16  org.opensearch.indexmanagement.indexstatemanagement.action.SnapshotActionParser
11258:             1             16  org.opensearch.indexmanagement.indexstatemanagement.action.TransformActionParser
11259:             1             16  org.opensearch.indexmanagement.indexstatemanagement.resthandler.RestAddPolicyAction$Companion
11260:             1             16  org.opensearch.indexmanagement.indexstatemanagement.resthandler.RestChangePolicyAction$Companion
11261:             1             16  org.opensearch.indexmanagement.indexstatemanagement.resthandler.RestExplainAction$Companion
11262:             1             16  org.opensearch.indexmanagement.indexstatemanagement.resthandler.RestIndexPolicyAction$$Lambda/0x00007fcd28fb5dc8
11263:             1             16  org.opensearch.indexmanagement.indexstatemanagement.resthandler.RestRemovePolicyAction$Companion
11264:             1             16  org.opensearch.indexmanagement.indexstatemanagement.resthandler.RestRetryFailedManagedIndexAction$Companion
11265:             1             16  org.opensearch.indexmanagement.indexstatemanagement.settings.LegacyOpenDistroManagedIndexSettings$Companion
11266:             1             16  org.opensearch.indexmanagement.indexstatemanagement.settings.ManagedIndexSettings$Companion
11267:             1             16  org.opensearch.indexmanagement.indexstatemanagement.transport.action.addpolicy.AddPolicyAction$$Lambda/0x00007fcd28ab3b10
11268:             1             16  org.opensearch.indexmanagement.indexstatemanagement.transport.action.addpolicy.AddPolicyAction$Companion
11269:             1             16  org.opensearch.indexmanagement.indexstatemanagement.transport.action.addpolicy.TransportAddPolicyAction$$Lambda/0x00007fcd28da95c0
11270:             1             16  org.opensearch.indexmanagement.indexstatemanagement.transport.action.addpolicy.TransportAddPolicyAction$$Lambda/0x00007fcd28da97d8
11271:             1             16  org.opensearch.indexmanagement.indexstatemanagement.transport.action.addpolicy.TransportAddPolicyAction$$Lambda/0x00007fcd28da9a08
11272:             1             16  org.opensearch.indexmanagement.indexstatemanagement.transport.action.addpolicy.TransportAddPolicyAction$$Lambda/0x00007fcd28da9c38
11273:             1             16  org.opensearch.indexmanagement.indexstatemanagement.transport.action.addpolicy.TransportAddPolicyAction$Companion
11274:             1             16  org.opensearch.indexmanagement.indexstatemanagement.transport.action.changepolicy.ChangePolicyAction$$Lambda/0x00007fcd28c38c68
11275:             1             16  org.opensearch.indexmanagement.indexstatemanagement.transport.action.changepolicy.ChangePolicyAction$Companion
11276:             1             16  org.opensearch.indexmanagement.indexstatemanagement.transport.action.changepolicy.TransportChangePolicyAction$$Lambda/0x00007fcd28daba00
11277:             1             16  org.opensearch.indexmanagement.indexstatemanagement.transport.action.changepolicy.TransportChangePolicyAction$$Lambda/0x00007fcd28dabc18
11278:             1             16  org.opensearch.indexmanagement.indexstatemanagement.transport.action.deletepolicy.DeletePolicyAction$$Lambda/0x00007fcd28c3aa58
11279:             1             16  org.opensearch.indexmanagement.indexstatemanagement.transport.action.deletepolicy.DeletePolicyAction$Companion
11280:             1             16  org.opensearch.indexmanagement.indexstatemanagement.transport.action.deletepolicy.TransportDeletePolicyAction$$Lambda/0x00007fcd28f07b98
11281:             1             16  org.opensearch.indexmanagement.indexstatemanagement.transport.action.deletepolicy.TransportDeletePolicyAction$$Lambda/0x00007fcd28f07db0
11282:             1             16  org.opensearch.indexmanagement.indexstatemanagement.transport.action.explain.ExplainAction$$Lambda/0x00007fcd28c3a210
11283:             1             16  org.opensearch.indexmanagement.indexstatemanagement.transport.action.explain.ExplainAction$Companion
11284:             1             16  org.opensearch.indexmanagement.indexstatemanagement.transport.action.explain.TransportExplainAction$$Lambda/0x00007fcd28f07768
11285:             1             16  org.opensearch.indexmanagement.indexstatemanagement.transport.action.explain.TransportExplainAction$Companion
11286:             1             16  org.opensearch.indexmanagement.indexstatemanagement.transport.action.getpolicy.GetPoliciesAction$$Lambda/0x00007fcd28c3bff8
11287:             1             16  org.opensearch.indexmanagement.indexstatemanagement.transport.action.getpolicy.GetPoliciesAction$Companion
11288:             1             16  org.opensearch.indexmanagement.indexstatemanagement.transport.action.getpolicy.GetPolicyAction$$Lambda/0x00007fcd28c3b528
11289:             1             16  org.opensearch.indexmanagement.indexstatemanagement.transport.action.getpolicy.GetPolicyAction$Companion
11290:             1             16  org.opensearch.indexmanagement.indexstatemanagement.transport.action.getpolicy.TransportGetPoliciesAction$$Lambda/0x00007fcd28daa2b0
11291:             1             16  org.opensearch.indexmanagement.indexstatemanagement.transport.action.getpolicy.TransportGetPoliciesAction$$Lambda/0x00007fcd28daa4c8
11292:             1             16  org.opensearch.indexmanagement.indexstatemanagement.transport.action.getpolicy.TransportGetPolicyAction$$Lambda/0x00007fcd28f06ef0
11293:             1             16  org.opensearch.indexmanagement.indexstatemanagement.transport.action.getpolicy.TransportGetPolicyAction$$Lambda/0x00007fcd28f07108
11294:             1             16  org.opensearch.indexmanagement.indexstatemanagement.transport.action.indexpolicy.IndexPolicyAction$$Lambda/0x00007fcd28c39738
11295:             1             16  org.opensearch.indexmanagement.indexstatemanagement.transport.action.indexpolicy.IndexPolicyAction$Companion
11296:             1             16  org.opensearch.indexmanagement.indexstatemanagement.transport.action.indexpolicy.TransportIndexPolicyAction$$Lambda/0x00007fcd28f548d0
11297:             1             16  org.opensearch.indexmanagement.indexstatemanagement.transport.action.indexpolicy.TransportIndexPolicyAction$$Lambda/0x00007fcd28f54ae8
11298:             1             16  org.opensearch.indexmanagement.indexstatemanagement.transport.action.managedIndex.ManagedIndexAction$$Lambda/0x00007fcd28c46448
11299:             1             16  org.opensearch.indexmanagement.indexstatemanagement.transport.action.managedIndex.ManagedIndexAction$Companion
11300:             1             16  org.opensearch.indexmanagement.indexstatemanagement.transport.action.managedIndex.TransportManagedIndexAction$$Lambda/0x00007fcd28f06230
11301:             1             16  org.opensearch.indexmanagement.indexstatemanagement.transport.action.removepolicy.RemovePolicyAction$$Lambda/0x00007fcd28ab2770
11302:             1             16  org.opensearch.indexmanagement.indexstatemanagement.transport.action.removepolicy.RemovePolicyAction$Companion
11303:             1             16  org.opensearch.indexmanagement.indexstatemanagement.transport.action.removepolicy.TransportRemovePolicyAction$$Lambda/0x00007fcd28f06448
11304:             1             16  org.opensearch.indexmanagement.indexstatemanagement.transport.action.retryfailedmanagedindex.RetryFailedManagedIndexAction$$Lambda/0x00007fcd28c38420
11305:             1             16  org.opensearch.indexmanagement.indexstatemanagement.transport.action.retryfailedmanagedindex.RetryFailedManagedIndexAction$Companion
11306:             1             16  org.opensearch.indexmanagement.indexstatemanagement.transport.action.retryfailedmanagedindex.TransportRetryFailedManagedIndexAction$$Lambda/0x00007fcd28f55e38
11307:             1             16  org.opensearch.indexmanagement.indexstatemanagement.transport.action.updateindexmetadata.TransportUpdateManagedIndexMetaDataAction$$Lambda/0x00007fcd28f54000
11308:             1             16  org.opensearch.indexmanagement.indexstatemanagement.transport.action.updateindexmetadata.TransportUpdateManagedIndexMetaDataAction$Companion
11309:             1             16  org.opensearch.indexmanagement.indexstatemanagement.transport.action.updateindexmetadata.TransportUpdateManagedIndexMetaDataAction$ManagedIndexMetaDataExecutor
11310:             1             16  org.opensearch.indexmanagement.indexstatemanagement.transport.action.updateindexmetadata.UpdateManagedIndexMetaDataAction$$Lambda/0x00007fcd28ab1c38
11311:             1             16  org.opensearch.indexmanagement.indexstatemanagement.transport.action.updateindexmetadata.UpdateManagedIndexMetaDataAction$Companion
11312:             1             16  org.opensearch.indexmanagement.refreshanalyzer.RefreshSearchAnalyzerAction$$Lambda/0x00007fcd28ab3278
11313:             1             16  org.opensearch.indexmanagement.refreshanalyzer.RefreshSearchAnalyzerAction$Companion
11314:             1             16  org.opensearch.indexmanagement.refreshanalyzer.RestRefreshSearchAnalyzerAction$Companion
11315:             1             16  org.opensearch.indexmanagement.refreshanalyzer.TransportRefreshSearchAnalyzerAction$$Lambda/0x00007fcd28dab7e8
11316:             1             16  org.opensearch.indexmanagement.rollup.RollupIndexer$$Lambda/0x00007fcd28aa92c8
11317:             1             16  org.opensearch.indexmanagement.rollup.RollupMapperService$Companion
11318:             1             16  org.opensearch.indexmanagement.rollup.RollupRunner
11319:             1             16  org.opensearch.indexmanagement.rollup.RollupSearchService$$Lambda/0x00007fcd28aa9700
11320:             1             16  org.opensearch.indexmanagement.rollup.RollupSearchService$$Lambda/0x00007fcd28aa9930
11321:             1             16  org.opensearch.indexmanagement.rollup.action.delete.DeleteRollupAction$$Lambda/0x00007fcd28c3c840
11322:             1             16  org.opensearch.indexmanagement.rollup.action.delete.DeleteRollupAction$Companion
11323:             1             16  org.opensearch.indexmanagement.rollup.action.delete.TransportDeleteRollupAction$$Lambda/0x00007fcd28f56498
11324:             1             16  org.opensearch.indexmanagement.rollup.action.delete.TransportDeleteRollupAction$$Lambda/0x00007fcd28f566b0
11325:             1             16  org.opensearch.indexmanagement.rollup.action.explain.ExplainRollupAction$$Lambda/0x00007fcd28c40480
11326:             1             16  org.opensearch.indexmanagement.rollup.action.explain.ExplainRollupAction$Companion
11327:             1             16  org.opensearch.indexmanagement.rollup.action.explain.TransportExplainRollupAction$$Lambda/0x00007fcd28da86d0
11328:             1             16  org.opensearch.indexmanagement.rollup.action.explain.TransportExplainRollupAction$$Lambda/0x00007fcd28da88e8
11329:             1             16  org.opensearch.indexmanagement.rollup.action.get.GetRollupAction$$Lambda/0x00007fcd28c3d310
11330:             1             16  org.opensearch.indexmanagement.rollup.action.get.GetRollupAction$Companion
11331:             1             16  org.opensearch.indexmanagement.rollup.action.get.GetRollupsAction$$Lambda/0x00007fcd28c3dde0
11332:             1             16  org.opensearch.indexmanagement.rollup.action.get.GetRollupsAction$Companion
11333:             1             16  org.opensearch.indexmanagement.rollup.action.get.TransportGetRollupAction$$Lambda/0x00007fcd28ef7cc0
11334:             1             16  org.opensearch.indexmanagement.rollup.action.get.TransportGetRollupAction$$Lambda/0x00007fcd28f06000
11335:             1             16  org.opensearch.indexmanagement.rollup.action.get.TransportGetRollupsAction$$Lambda/0x00007fcd28daad40
11336:             1             16  org.opensearch.indexmanagement.rollup.action.get.TransportGetRollupsAction$$Lambda/0x00007fcd28daaf58
11337:             1             16  org.opensearch.indexmanagement.rollup.action.index.IndexRollupAction$$Lambda/0x00007fcd28c3e8b0
11338:             1             16  org.opensearch.indexmanagement.rollup.action.index.IndexRollupAction$Companion
11339:             1             16  org.opensearch.indexmanagement.rollup.action.index.TransportIndexRollupAction$$Lambda/0x00007fcd28f55160
11340:             1             16  org.opensearch.indexmanagement.rollup.action.index.TransportIndexRollupAction$$Lambda/0x00007fcd28f55378
11341:             1             16  org.opensearch.indexmanagement.rollup.action.mapping.TransportUpdateRollupMappingAction$$Lambda/0x00007fcd28f07980
11342:             1             16  org.opensearch.indexmanagement.rollup.action.mapping.UpdateRollupMappingAction$$Lambda/0x00007fcd28c40cc8
11343:             1             16  org.opensearch.indexmanagement.rollup.action.mapping.UpdateRollupMappingAction$Companion
11344:             1             16  org.opensearch.indexmanagement.rollup.action.start.StartRollupAction$$Lambda/0x00007fcd28c3f0f8
11345:             1             16  org.opensearch.indexmanagement.rollup.action.start.StartRollupAction$Companion
11346:             1             16  org.opensearch.indexmanagement.rollup.action.start.TransportStartRollupAction$$Lambda/0x00007fcd28f56d28
11347:             1             16  org.opensearch.indexmanagement.rollup.action.start.TransportStartRollupAction$$Lambda/0x00007fcd28f56f40
11348:             1             16  org.opensearch.indexmanagement.rollup.action.stop.StopRollupAction$$Lambda/0x00007fcd28c3f940
11349:             1             16  org.opensearch.indexmanagement.rollup.action.stop.StopRollupAction$Companion
11350:             1             16  org.opensearch.indexmanagement.rollup.action.stop.TransportStopRollupAction$$Lambda/0x00007fcd28da9e68
11351:             1             16  org.opensearch.indexmanagement.rollup.action.stop.TransportStopRollupAction$$Lambda/0x00007fcd28daa080
11352:             1             16  org.opensearch.indexmanagement.rollup.actionfilter.FieldCapsFilter$$Lambda/0x00007fcd28aa7630
11353:             1             16  org.opensearch.indexmanagement.rollup.interceptor.RollupInterceptor$$Lambda/0x00007fcd28585e40
11354:             1             16  org.opensearch.indexmanagement.rollup.interceptor.RollupInterceptor$$Lambda/0x00007fcd28586070
11355:             1             16  org.opensearch.indexmanagement.rollup.settings.LegacyOpenDistroRollupSettings$Companion
11356:             1             16  org.opensearch.indexmanagement.rollup.settings.RollupSettings$Companion
11357:             1             16  org.opensearch.indexmanagement.rollup.util.QueryShardContextFactory
11358:             1             16  org.opensearch.indexmanagement.rollup.util.RollupFieldValueExpressionResolver
11359:             1             16  org.opensearch.indexmanagement.rollup.util.RollupFieldValueExpressionResolver$IndexAliasUtils
11360:             1             16  org.opensearch.indexmanagement.settings.IndexManagementSettings$Companion
11361:             1             16  org.opensearch.indexmanagement.snapshotmanagement.SMRunner
11362:             1             16  org.opensearch.indexmanagement.snapshotmanagement.api.transport.SMActions
11363:             1             16  org.opensearch.indexmanagement.snapshotmanagement.api.transport.SMActions$$Lambda/0x00007fcd28c46cf8
11364:             1             16  org.opensearch.indexmanagement.snapshotmanagement.api.transport.SMActions$$Lambda/0x00007fcd28c47198
11365:             1             16  org.opensearch.indexmanagement.snapshotmanagement.api.transport.SMActions$$Lambda/0x00007fcd28c47638
11366:             1             16  org.opensearch.indexmanagement.snapshotmanagement.api.transport.SMActions$$Lambda/0x00007fcd28c47850
11367:             1             16  org.opensearch.indexmanagement.snapshotmanagement.api.transport.SMActions$$Lambda/0x00007fcd28c47ce8
11368:             1             16  org.opensearch.indexmanagement.snapshotmanagement.api.transport.SMActions$$Lambda/0x00007fcd28c48000
11369:             1             16  org.opensearch.indexmanagement.snapshotmanagement.api.transport.SMActions$$Lambda/0x00007fcd28c48218
11370:             1             16  org.opensearch.indexmanagement.snapshotmanagement.api.transport.delete.TransportDeleteSMPolicyAction$$Lambda/0x00007fcd28f06660
11371:             1             16  org.opensearch.indexmanagement.snapshotmanagement.api.transport.delete.TransportDeleteSMPolicyAction$$Lambda/0x00007fcd28f06878
11372:             1             16  org.opensearch.indexmanagement.snapshotmanagement.api.transport.delete.TransportDeleteSMPolicyAction$Companion
11373:             1             16  org.opensearch.indexmanagement.snapshotmanagement.api.transport.explain.TransportExplainSMAction$$Lambda/0x00007fcd28f54488
11374:             1             16  org.opensearch.indexmanagement.snapshotmanagement.api.transport.explain.TransportExplainSMAction$$Lambda/0x00007fcd28f546a0
11375:             1             16  org.opensearch.indexmanagement.snapshotmanagement.api.transport.get.TransportGetSMPoliciesAction$$Lambda/0x00007fcd28f54d18
11376:             1             16  org.opensearch.indexmanagement.snapshotmanagement.api.transport.get.TransportGetSMPoliciesAction$$Lambda/0x00007fcd28f54f30
11377:             1             16  org.opensearch.indexmanagement.snapshotmanagement.api.transport.get.TransportGetSMPolicyAction$$Lambda/0x00007fcd28f06aa8
11378:             1             16  org.opensearch.indexmanagement.snapshotmanagement.api.transport.get.TransportGetSMPolicyAction$$Lambda/0x00007fcd28f06cc0
11379:             1             16  org.opensearch.indexmanagement.snapshotmanagement.api.transport.index.TransportIndexSMPolicyAction$$Lambda/0x00007fcd28daa6f8
11380:             1             16  org.opensearch.indexmanagement.snapshotmanagement.api.transport.index.TransportIndexSMPolicyAction$$Lambda/0x00007fcd28daab10
11381:             1             16  org.opensearch.indexmanagement.snapshotmanagement.api.transport.start.TransportStartSMAction$$Lambda/0x00007fcd28ef7878
11382:             1             16  org.opensearch.indexmanagement.snapshotmanagement.api.transport.start.TransportStartSMAction$$Lambda/0x00007fcd28ef7a90
11383:             1             16  org.opensearch.indexmanagement.snapshotmanagement.api.transport.start.TransportStartSMAction$Companion
11384:             1             16  org.opensearch.indexmanagement.snapshotmanagement.api.transport.stop.TransportStopSMAction$$Lambda/0x00007fcd28ef7430
11385:             1             16  org.opensearch.indexmanagement.snapshotmanagement.api.transport.stop.TransportStopSMAction$$Lambda/0x00007fcd28ef7648
11386:             1             16  org.opensearch.indexmanagement.snapshotmanagement.api.transport.stop.TransportStopSMAction$Companion
11387:             1             16  org.opensearch.indexmanagement.snapshotmanagement.settings.SnapshotManagementSettings$Companion
11388:             1             16  org.opensearch.indexmanagement.transform.TargetIndexMappingService
11389:             1             16  org.opensearch.indexmanagement.transform.TransformIndexer$$Lambda/0x00007fcd28aa6718
11390:             1             16  org.opensearch.indexmanagement.transform.TransformRunner
11391:             1             16  org.opensearch.indexmanagement.transform.TransformSearchService$$Lambda/0x00007fcd28aa59f8
11392:             1             16  org.opensearch.indexmanagement.transform.TransformSearchService$$Lambda/0x00007fcd28aa5c28
11393:             1             16  org.opensearch.indexmanagement.transform.TransformSearchService$Companion
11394:             1             16  org.opensearch.indexmanagement.transform.TransformValidator$$Lambda/0x00007fcd28aa6fa8
11395:             1             16  org.opensearch.indexmanagement.transform.TransformValidator$$Lambda/0x00007fcd28aa71d8
11396:             1             16  org.opensearch.indexmanagement.transform.TransformValidator$Companion
11397:             1             16  org.opensearch.indexmanagement.transform.action.delete.DeleteTransformsAction$$Lambda/0x00007fcd28c440a8
11398:             1             16  org.opensearch.indexmanagement.transform.action.delete.DeleteTransformsAction$Companion
11399:             1             16  org.opensearch.indexmanagement.transform.action.delete.TransportDeleteTransformsAction$$Lambda/0x00007fcd28dab188
11400:             1             16  org.opensearch.indexmanagement.transform.action.delete.TransportDeleteTransformsAction$$Lambda/0x00007fcd28dab3a0
11401:             1             16  org.opensearch.indexmanagement.transform.action.explain.ExplainTransformAction$$Lambda/0x00007fcd28c44b70
11402:             1             16  org.opensearch.indexmanagement.transform.action.explain.ExplainTransformAction$Companion
11403:             1             16  org.opensearch.indexmanagement.transform.action.explain.TransportExplainTransformAction$$Lambda/0x00007fcd28f568e0
11404:             1             16  org.opensearch.indexmanagement.transform.action.explain.TransportExplainTransformAction$$Lambda/0x00007fcd28f56af8
11405:             1             16  org.opensearch.indexmanagement.transform.action.get.GetTransformAction$$Lambda/0x00007fcd28c422c8
11406:             1             16  org.opensearch.indexmanagement.transform.action.get.GetTransformAction$Companion
11407:             1             16  org.opensearch.indexmanagement.transform.action.get.GetTransformsAction$$Lambda/0x00007fcd28c42d98
11408:             1             16  org.opensearch.indexmanagement.transform.action.get.GetTransformsAction$Companion
11409:             1             16  org.opensearch.indexmanagement.transform.action.get.TransportGetTransformAction$$Lambda/0x00007fcd28f56050
11410:             1             16  org.opensearch.indexmanagement.transform.action.get.TransportGetTransformAction$$Lambda/0x00007fcd28f56268
11411:             1             16  org.opensearch.indexmanagement.transform.action.get.TransportGetTransformsAction$$Lambda/0x00007fcd28da9178
11412:             1             16  org.opensearch.indexmanagement.transform.action.get.TransportGetTransformsAction$$Lambda/0x00007fcd28da9390
11413:             1             16  org.opensearch.indexmanagement.transform.action.index.IndexTransformAction$$Lambda/0x00007fcd28c417f8
11414:             1             16  org.opensearch.indexmanagement.transform.action.index.IndexTransformAction$Companion
11415:             1             16  org.opensearch.indexmanagement.transform.action.index.TransportIndexTransformAction$$Lambda/0x00007fcd28f555a8
11416:             1             16  org.opensearch.indexmanagement.transform.action.index.TransportIndexTransformAction$$Lambda/0x00007fcd28f557c0
11417:             1             16  org.opensearch.indexmanagement.transform.action.preview.PreviewTransformAction$$Lambda/0x00007fcd28c43860
11418:             1             16  org.opensearch.indexmanagement.transform.action.preview.PreviewTransformAction$Companion
11419:             1             16  org.opensearch.indexmanagement.transform.action.preview.TransportPreviewTransformAction$$Lambda/0x00007fcd28ef7000
11420:             1             16  org.opensearch.indexmanagement.transform.action.start.StartTransformAction$$Lambda/0x00007fcd28c453b8
11421:             1             16  org.opensearch.indexmanagement.transform.action.start.StartTransformAction$Companion
11422:             1             16  org.opensearch.indexmanagement.transform.action.start.TransportStartTransformAction$$Lambda/0x00007fcd28f559f0
11423:             1             16  org.opensearch.indexmanagement.transform.action.start.TransportStartTransformAction$$Lambda/0x00007fcd28f55c08
11424:             1             16  org.opensearch.indexmanagement.transform.action.stop.StopTransformAction$$Lambda/0x00007fcd28c45c00
11425:             1             16  org.opensearch.indexmanagement.transform.action.stop.StopTransformAction$Companion
11426:             1             16  org.opensearch.indexmanagement.transform.action.stop.TransportStopTransformAction$$Lambda/0x00007fcd28da8d30
11427:             1             16  org.opensearch.indexmanagement.transform.action.stop.TransportStopTransformAction$$Lambda/0x00007fcd28da8f48
11428:             1             16  org.opensearch.indexmanagement.transform.settings.TransformSettings$Companion
11429:             1             16  org.opensearch.indices.IndicesModule$$Lambda/0x00007fcd2874a0e8
11430:             1             16  org.opensearch.indices.IndicesModule$$Lambda/0x00007fcd2874a300
11431:             1             16  org.opensearch.indices.IndicesModule$$Lambda/0x00007fcd2874a518
11432:             1             16  org.opensearch.indices.IndicesModule$$Lambda/0x00007fcd2888d5d0
11433:             1             16  org.opensearch.indices.IndicesModule$$Lambda/0x00007fcd2888d7e8
11434:             1             16  org.opensearch.indices.IndicesModule$$Lambda/0x00007fcd2888da00
11435:             1             16  org.opensearch.indices.IndicesRequestCache$$Lambda/0x00007fcd2863ca38
11436:             1             16  org.opensearch.indices.IndicesRequestCache$$Lambda/0x00007fcd288c4140
11437:             1             16  org.opensearch.indices.IndicesRequestCache$$Lambda/0x00007fcd288c4838
11438:             1             16  org.opensearch.indices.IndicesRequestCache$$Lambda/0x00007fcd288c4f08
11439:             1             16  org.opensearch.indices.IndicesRequestCache$IndicesRequestCacheCleanupManager$$Lambda/0x00007fcd293d8900
11440:             1             16  org.opensearch.indices.IndicesRequestCache$IndicesRequestCacheCleanupManager$$Lambda/0x00007fcd293d8fb8
11441:             1             16  org.opensearch.indices.IndicesService$$Lambda/0x00007fcd2863d920
11442:             1             16  org.opensearch.indices.IndicesService$$Lambda/0x00007fcd288c38a8
11443:             1             16  org.opensearch.indices.IndicesService$$Lambda/0x00007fcd288c3ac8
11444:             1             16  org.opensearch.indices.IndicesService$$Lambda/0x00007fcd288c3ce0
11445:             1             16  org.opensearch.indices.IndicesService$$Lambda/0x00007fcd288c7868
11446:             1             16  org.opensearch.indices.IndicesService$$Lambda/0x00007fcd288c7cc8
11447:             1             16  org.opensearch.indices.IndicesService$$Lambda/0x00007fcd288c84a0
11448:             1             16  org.opensearch.indices.IndicesService$$Lambda/0x00007fcd288c8900
11449:             1             16  org.opensearch.indices.IndicesService$$Lambda/0x00007fcd2924c470
11450:             1             16  org.opensearch.indices.IndicesService$$Lambda/0x00007fcd292f8800
11451:             1             16  org.opensearch.indices.IndicesService$ClusterDefaultRefreshIntervalValidator
11452:             1             16  org.opensearch.indices.IndicesService$ClusterMinimumRefreshIntervalValidator
11453:             1             16  org.opensearch.indices.RemoteStoreSettings$$Lambda/0x00007fcd28705d50
11454:             1             16  org.opensearch.indices.RemoteStoreSettings$$Lambda/0x00007fcd28705f98
11455:             1             16  org.opensearch.indices.RemoteStoreSettings$$Lambda/0x00007fcd287061d0
11456:             1             16  org.opensearch.indices.RemoteStoreSettings$$Lambda/0x00007fcd28706408
11457:             1             16  org.opensearch.indices.RemoteStoreSettings$$Lambda/0x00007fcd288bcea8
11458:             1             16  org.opensearch.indices.RemoteStoreSettings$$Lambda/0x00007fcd288bd0d8
11459:             1             16  org.opensearch.indices.RemoteStoreSettings$$Lambda/0x00007fcd288bd308
11460:             1             16  org.opensearch.indices.RemoteStoreSettings$$Lambda/0x00007fcd288bd7a8
11461:             1             16  org.opensearch.indices.RemoteStoreSettings$$Lambda/0x00007fcd288bd9d8
11462:             1             16  org.opensearch.indices.RemoteStoreSettings$$Lambda/0x00007fcd288bdc08
11463:             1             16  org.opensearch.indices.RemoteStoreSettings$$Lambda/0x00007fcd288bde38
11464:             1             16  org.opensearch.indices.RemoteStoreSettings$$Lambda/0x00007fcd288be068
11465:             1             16  org.opensearch.indices.ShardLimitValidator$$Lambda/0x00007fcd288cb1d8
11466:             1             16  org.opensearch.indices.ShardLimitValidator$$Lambda/0x00007fcd288cb408
11467:             1             16  org.opensearch.indices.ShardLimitValidator$$Lambda/0x00007fcd288cb638
11468:             1             16  org.opensearch.indices.ShardLimitValidator$MaxShardPerClusterLimitValidator
11469:             1             16  org.opensearch.indices.ShardLimitValidator$MaxShardPerNodeLimitValidator
11470:             1             16  org.opensearch.indices.SystemIndices$$Lambda/0x00007fcd288b52a0
11471:             1             16  org.opensearch.indices.SystemIndices$$Lambda/0x00007fcd288b54d8
11472:             1             16  org.opensearch.indices.SystemIndices$$Lambda/0x00007fcd288b6af8
11473:             1             16  org.opensearch.indices.SystemIndices$$Lambda/0x00007fcd288b6d30
11474:             1             16  org.opensearch.indices.SystemIndices$$Lambda/0x00007fcd288b6f68
11475:             1             16  org.opensearch.indices.analysis.AnalysisModule$$Lambda/0x00007fcd28655540
11476:             1             16  org.opensearch.indices.analysis.AnalysisModule$$Lambda/0x00007fcd28656e08
11477:             1             16  org.opensearch.indices.analysis.AnalysisModule$$Lambda/0x00007fcd2865c000
11478:             1             16  org.opensearch.indices.analysis.AnalysisModule$$Lambda/0x00007fcd2865c740
11479:             1             16  org.opensearch.indices.analysis.AnalysisModule$$Lambda/0x00007fcd2865c978
11480:             1             16  org.opensearch.indices.analysis.AnalysisModule$$Lambda/0x00007fcd2865cbb8
11481:             1             16  org.opensearch.indices.analysis.AnalysisModule$$Lambda/0x00007fcd2867da38
11482:             1             16  org.opensearch.indices.analysis.AnalysisModule$$Lambda/0x00007fcd2867dc70
11483:             1             16  org.opensearch.indices.analysis.AnalysisModule$$Lambda/0x00007fcd28688518
11484:             1             16  org.opensearch.indices.analysis.AnalysisModule$$Lambda/0x00007fcd28688750
11485:             1             16  org.opensearch.indices.analysis.AnalysisModule$$Lambda/0x00007fcd28688e90
11486:             1             16  org.opensearch.indices.analysis.AnalysisModule$$Lambda/0x00007fcd286895d8
11487:             1             16  org.opensearch.indices.analysis.AnalysisModule$$Lambda/0x00007fcd28689d18
11488:             1             16  org.opensearch.indices.analysis.AnalysisModule$$Lambda/0x00007fcd2868a1e0
11489:             1             16  org.opensearch.indices.analysis.AnalysisModule$$Lambda/0x00007fcd2868a418
11490:             1             16  org.opensearch.indices.analysis.AnalysisModule$$Lambda/0x00007fcd2869c508
11491:             1             16  org.opensearch.indices.analysis.AnalysisModule$$Lambda/0x00007fcd2869db00
11492:             1             16  org.opensearch.indices.analysis.AnalysisModule$$Lambda/0x00007fcd2869e1c8
11493:             1             16  org.opensearch.indices.analysis.AnalysisModule$$Lambda/0x00007fcd2869f608
11494:             1             16  org.opensearch.indices.analysis.AnalysisModule$1
11495:             1             16  org.opensearch.indices.breaker.BreakerSettings$$Lambda/0x00007fcd286c9680
11496:             1             16  org.opensearch.indices.breaker.BreakerSettings$$Lambda/0x00007fcd286c98b8
11497:             1             16  org.opensearch.indices.breaker.BreakerSettings$$Lambda/0x00007fcd286c9af0
11498:             1             16  org.opensearch.indices.breaker.BreakerSettings$$Lambda/0x00007fcd286c9f68
11499:             1             16  org.opensearch.indices.breaker.BreakerSettings$$Lambda/0x00007fcd286ca1a0
11500:             1             16  org.opensearch.indices.breaker.HierarchyCircuitBreakerService$$Lambda/0x00007fcd286d55d8
11501:             1             16  org.opensearch.indices.breaker.HierarchyCircuitBreakerService$$Lambda/0x00007fcd286d5810
11502:             1             16  org.opensearch.indices.breaker.HierarchyCircuitBreakerService$$Lambda/0x00007fcd286d5a48
11503:             1             16  org.opensearch.indices.breaker.HierarchyCircuitBreakerService$$Lambda/0x00007fcd286d5c80
11504:             1             16  org.opensearch.indices.breaker.HierarchyCircuitBreakerService$$Lambda/0x00007fcd28870438
11505:             1             16  org.opensearch.indices.breaker.HierarchyCircuitBreakerService$$Lambda/0x00007fcd28871538
11506:             1             16  org.opensearch.indices.breaker.HierarchyCircuitBreakerService$$Lambda/0x00007fcd28871768
11507:             1             16  org.opensearch.indices.breaker.HierarchyCircuitBreakerService$$Lambda/0x00007fcd28871998
11508:             1             16  org.opensearch.indices.breaker.HierarchyCircuitBreakerService$$Lambda/0x00007fcd28871bc8
11509:             1             16  org.opensearch.indices.breaker.HierarchyCircuitBreakerService$$Lambda/0x00007fcd28871df8
11510:             1             16  org.opensearch.indices.breaker.HierarchyCircuitBreakerService$$Lambda/0x00007fcd28872028
11511:             1             16  org.opensearch.indices.breaker.HierarchyCircuitBreakerService$$Lambda/0x00007fcd28872258
11512:             1             16  org.opensearch.indices.breaker.HierarchyCircuitBreakerService$$Lambda/0x00007fcd288731d8
11513:             1             16  org.opensearch.indices.breaker.HierarchyCircuitBreakerService$$Lambda/0x00007fcd288733f0
11514:             1             16  org.opensearch.indices.breaker.HierarchyCircuitBreakerService$$Lambda/0x00007fcd28873838
11515:             1             16  org.opensearch.indices.breaker.HierarchyCircuitBreakerService$$Lambda/0x00007fcd28873a58
11516:             1             16  org.opensearch.indices.cluster.IndicesClusterStateService$$Lambda/0x00007fcd28dccca8
11517:             1             16  org.opensearch.indices.cluster.IndicesClusterStateService$$Lambda/0x00007fcd28dccec0
11518:             1             16  org.opensearch.indices.cluster.IndicesClusterStateService$$Lambda/0x00007fcd2923ea88
11519:             1             16  org.opensearch.indices.cluster.IndicesClusterStateService$FailedShardHandler
11520:             1             16  org.opensearch.indices.recovery.MultiChunkTransfer$$Lambda/0x00007fcd29394890
11521:             1             16  org.opensearch.indices.recovery.PeerRecoverySourceService$$Lambda/0x00007fcd28d27a10
11522:             1             16  org.opensearch.indices.recovery.PeerRecoverySourceService$$Lambda/0x00007fcd28d282b8
11523:             1             16  org.opensearch.indices.recovery.PeerRecoverySourceService$OngoingRecoveries$$Lambda/0x00007fcd293854e8
11524:             1             16  org.opensearch.indices.recovery.PeerRecoverySourceService$ReestablishRecoveryTransportRequestHandler
11525:             1             16  org.opensearch.indices.recovery.PeerRecoverySourceService$StartRecoveryTransportRequestHandler
11526:             1             16  org.opensearch.indices.recovery.PeerRecoveryTargetService$$Lambda/0x00007fcd28d299e8
11527:             1             16  org.opensearch.indices.recovery.PeerRecoveryTargetService$$Lambda/0x00007fcd28d2a0d8
11528:             1             16  org.opensearch.indices.recovery.PeerRecoveryTargetService$$Lambda/0x00007fcd28d2a7f0
11529:             1             16  org.opensearch.indices.recovery.PeerRecoveryTargetService$$Lambda/0x00007fcd28d2aef8
11530:             1             16  org.opensearch.indices.recovery.PeerRecoveryTargetService$$Lambda/0x00007fcd28d2b628
11531:             1             16  org.opensearch.indices.recovery.PeerRecoveryTargetService$$Lambda/0x00007fcd28d2bf48
11532:             1             16  org.opensearch.indices.recovery.PeerRecoveryTargetService$$Lambda/0x00007fcd28d2c648
11533:             1             16  org.opensearch.indices.recovery.PeerRecoveryTargetService$CleanFilesRequestHandler
11534:             1             16  org.opensearch.indices.recovery.PeerRecoveryTargetService$FilesInfoRequestHandler
11535:             1             16  org.opensearch.indices.recovery.PeerRecoveryTargetService$FinalizeRecoveryRequestHandler
11536:             1             16  org.opensearch.indices.recovery.PeerRecoveryTargetService$HandoffPrimaryContextRequestHandler
11537:             1             16  org.opensearch.indices.recovery.PeerRecoveryTargetService$PrepareForTranslogOperationsRequestHandler
11538:             1             16  org.opensearch.indices.recovery.PeerRecoveryTargetService$TranslogOperationsRequestHandler
11539:             1             16  org.opensearch.indices.recovery.RecoveryResponse$$Lambda/0x00007fcd29370df8
11540:             1             16  org.opensearch.indices.recovery.RecoveryResponse$$Lambda/0x00007fcd29371ca0
11541:             1             16  org.opensearch.indices.recovery.RecoveryResponse$$Lambda/0x00007fcd29393470
11542:             1             16  org.opensearch.indices.recovery.RecoveryResponse$$Lambda/0x00007fcd293938a0
11543:             1             16  org.opensearch.indices.recovery.RecoverySettings$$Lambda/0x00007fcd286ce7b8
11544:             1             16  org.opensearch.indices.recovery.RecoverySettings$$Lambda/0x00007fcd286ce9f0
11545:             1             16  org.opensearch.indices.recovery.RecoverySettings$$Lambda/0x00007fcd286cec28
11546:             1             16  org.opensearch.indices.recovery.RecoverySettings$$Lambda/0x00007fcd286cee60
11547:             1             16  org.opensearch.indices.recovery.RecoverySettings$$Lambda/0x00007fcd288bb238
11548:             1             16  org.opensearch.indices.recovery.RecoverySettings$$Lambda/0x00007fcd288bb468
11549:             1             16  org.opensearch.indices.recovery.RecoverySettings$$Lambda/0x00007fcd288bb698
11550:             1             16  org.opensearch.indices.recovery.RecoverySettings$$Lambda/0x00007fcd288bb8c8
11551:             1             16  org.opensearch.indices.recovery.RecoverySettings$$Lambda/0x00007fcd288bbaf8
11552:             1             16  org.opensearch.indices.recovery.RecoverySettings$$Lambda/0x00007fcd288bbd28
11553:             1             16  org.opensearch.indices.recovery.RecoverySettings$$Lambda/0x00007fcd288bbf58
11554:             1             16  org.opensearch.indices.recovery.RecoverySettings$$Lambda/0x00007fcd288bc188
11555:             1             16  org.opensearch.indices.recovery.RecoverySettings$$Lambda/0x00007fcd288bc3b8
11556:             1             16  org.opensearch.indices.recovery.RecoverySettings$$Lambda/0x00007fcd288bc5e8
11557:             1             16  org.opensearch.indices.recovery.RecoverySettings$$Lambda/0x00007fcd288bc818
11558:             1             16  org.opensearch.indices.recovery.RecoverySettings$$Lambda/0x00007fcd288bca48
11559:             1             16  org.opensearch.indices.recovery.RecoverySettings$$Lambda/0x00007fcd288bcc78
11560:             1             16  org.opensearch.indices.recovery.RemoteRecoveryTargetHandler$$Lambda/0x00007fcd293893b0
11561:             1             16  org.opensearch.indices.recovery.RemoteRecoveryTargetHandler$$Lambda/0x00007fcd293895c8
11562:             1             16  org.opensearch.indices.recovery.RemoteRecoveryTargetHandler$$Lambda/0x00007fcd29395c28
11563:             1             16  org.opensearch.indices.recovery.RemoteRecoveryTargetHandler$$Lambda/0x00007fcd29396058
11564:             1             16  org.opensearch.indices.recovery.RemoteRecoveryTargetHandler$$Lambda/0x00007fcd29396d78
11565:             1             16  org.opensearch.indices.recovery.RemoteRecoveryTargetHandler$$Lambda/0x00007fcd293971a8
11566:             1             16  org.opensearch.indices.replication.OngoingSegmentReplications$$Lambda/0x00007fcd294297b8
11567:             1             16  org.opensearch.indices.replication.OngoingSegmentReplications$$Lambda/0x00007fcd29429c50
11568:             1             16  org.opensearch.indices.replication.SegmentReplicationSourceService$$Lambda/0x00007fcd28d2fc20
11569:             1             16  org.opensearch.indices.replication.SegmentReplicationSourceService$$Lambda/0x00007fcd28d30748
11570:             1             16  org.opensearch.indices.replication.SegmentReplicationSourceService$$Lambda/0x00007fcd28d30b90
11571:             1             16  org.opensearch.indices.replication.SegmentReplicationSourceService$CheckpointInfoRequestHandler
11572:             1             16  org.opensearch.indices.replication.SegmentReplicationSourceService$GetSegmentFilesRequestHandler
11573:             1             16  org.opensearch.indices.replication.SegmentReplicationSourceService$UpdateVisibleCheckpointRequestHandler
11574:             1             16  org.opensearch.indices.replication.SegmentReplicationTargetService$$Lambda/0x00007fcd28d2ddb8
11575:             1             16  org.opensearch.indices.replication.SegmentReplicationTargetService$$Lambda/0x00007fcd28d2e4b0
11576:             1             16  org.opensearch.indices.replication.SegmentReplicationTargetService$ForceSyncTransportRequestHandler
11577:             1             16  org.opensearch.indices.replication.checkpoint.PublishCheckpointAction$$Lambda/0x00007fcd28dcc440
11578:             1             16  org.opensearch.indices.replication.checkpoint.PublishCheckpointAction$$Lambda/0x00007fcd28dcc658
11579:             1             16  org.opensearch.indices.replication.checkpoint.SegmentReplicationCheckpointPublisher$$Lambda/0x00007fcd28dcc870
11580:             1             16  org.opensearch.indices.replication.checkpoint.SegmentReplicationCheckpointPublisher$$Lambda/0x00007fcd28dcca88
11581:             1             16  org.opensearch.indices.replication.common.ReplicationTarget$$Lambda/0x00007fcd292c7ac8
11582:             1             16  org.opensearch.indices.store.IndicesStore$$Lambda/0x00007fcd28dbdf88
11583:             1             16  org.opensearch.indices.store.IndicesStore$$Lambda/0x00007fcd291d0000
11584:             1             16  org.opensearch.indices.store.IndicesStore$ShardActiveRequestHandler
11585:             1             16  org.opensearch.indices.store.TransportNodesListShardStoreMetadata$$Lambda/0x00007fcd28da58e0
11586:             1             16  org.opensearch.indices.store.TransportNodesListShardStoreMetadata$$Lambda/0x00007fcd28da5af8
11587:             1             16  org.opensearch.indices.store.TransportNodesListShardStoreMetadata$$Lambda/0x00007fcd28da5d10
11588:             1             16  org.opensearch.indices.store.TransportNodesListShardStoreMetadataBatch$$Lambda/0x00007fcd28da7590
11589:             1             16  org.opensearch.indices.store.TransportNodesListShardStoreMetadataBatch$$Lambda/0x00007fcd28da77a8
11590:             1             16  org.opensearch.indices.store.TransportNodesListShardStoreMetadataBatch$$Lambda/0x00007fcd28da79c0
11591:             1             16  org.opensearch.ingest.DropProcessor$Factory
11592:             1             16  org.opensearch.ingest.IngestInfo
11593:             1             16  org.opensearch.ingest.IngestService$$Lambda/0x00007fcd288c9238
11594:             1             16  org.opensearch.ingest.IngestService$$Lambda/0x00007fcd288c9458
11595:             1             16  org.opensearch.ingest.IngestService$$Lambda/0x00007fcd291bdb70
11596:             1             16  org.opensearch.ingest.PipelineProcessor$Factory
11597:             1             16  org.opensearch.ingest.common.AppendProcessor$Factory
11598:             1             16  org.opensearch.ingest.common.BytesProcessor$Factory
11599:             1             16  org.opensearch.ingest.common.CommunityIdProcessor$Factory
11600:             1             16  org.opensearch.ingest.common.ConvertProcessor$Factory
11601:             1             16  org.opensearch.ingest.common.CopyProcessor$Factory
11602:             1             16  org.opensearch.ingest.common.CsvProcessor$Factory
11603:             1             16  org.opensearch.ingest.common.DateIndexNameProcessor$Factory
11604:             1             16  org.opensearch.ingest.common.DateProcessor$Factory
11605:             1             16  org.opensearch.ingest.common.DissectProcessor$Factory
11606:             1             16  org.opensearch.ingest.common.DotExpanderProcessor$Factory
11607:             1             16  org.opensearch.ingest.common.FailProcessor$Factory
11608:             1             16  org.opensearch.ingest.common.ForEachProcessor$Factory
11609:             1             16  org.opensearch.ingest.common.GrokProcessorGetAction$$Lambda/0x00007fcd288ef370
11610:             1             16  org.opensearch.ingest.common.GrokProcessorGetAction$TransportAction$$Lambda/0x00007fcd288efa50
11611:             1             16  org.opensearch.ingest.common.GsubProcessor$Factory
11612:             1             16  org.opensearch.ingest.common.HtmlStripProcessor$Factory
11613:             1             16  org.opensearch.ingest.common.IngestCommonPlugin
11614:             1             16  org.opensearch.ingest.common.IngestCommonPlugin$$Lambda/0x00007fcd288ec8d0
11615:             1             16  org.opensearch.ingest.common.JoinProcessor$Factory
11616:             1             16  org.opensearch.ingest.common.JsonProcessor$Factory
11617:             1             16  org.opensearch.ingest.common.KeyValueProcessor$Factory
11618:             1             16  org.opensearch.ingest.common.LowercaseProcessor$Factory
11619:             1             16  org.opensearch.ingest.common.RemoveByPatternProcessor$Factory
11620:             1             16  org.opensearch.ingest.common.RemoveProcessor$Factory
11621:             1             16  org.opensearch.ingest.common.RenameProcessor$Factory
11622:             1             16  org.opensearch.ingest.common.ScriptProcessor$Factory
11623:             1             16  org.opensearch.ingest.common.SetProcessor$Factory
11624:             1             16  org.opensearch.ingest.common.SortProcessor$Factory
11625:             1             16  org.opensearch.ingest.common.SplitProcessor$Factory
11626:             1             16  org.opensearch.ingest.common.TrimProcessor$Factory
11627:             1             16  org.opensearch.ingest.common.URLDecodeProcessor$Factory
11628:             1             16  org.opensearch.ingest.common.UppercaseProcessor$Factory
11629:             1             16  org.opensearch.ingest.geoip.IngestGeoIpPlugin
11630:             1             16  org.opensearch.ingest.geoip.IngestGeoIpPlugin$GeoIpCache
11631:             1             16  org.opensearch.ingest.useragent.IngestUserAgentPlugin
11632:             1             16  org.opensearch.ingest.useragent.UserAgentCache
11633:             1             16  org.opensearch.ingest.useragent.UserAgentProcessor$Factory
11634:             1             16  org.opensearch.jobscheduler.JobSchedulerPlugin$$Lambda/0x00007fcd285276d8
11635:             1             16  org.opensearch.jobscheduler.scheduler.ScheduledJobInfo
11636:             1             16  org.opensearch.jobscheduler.sweeper.JobSweeper$$Lambda/0x00007fcd28972c00
11637:             1             16  org.opensearch.jobscheduler.sweeper.JobSweeper$$Lambda/0x00007fcd28973468
11638:             1             16  org.opensearch.jobscheduler.sweeper.JobSweeper$$Lambda/0x00007fcd28973698
11639:             1             16  org.opensearch.jobscheduler.sweeper.JobSweeper$$Lambda/0x00007fcd289738c8
11640:             1             16  org.opensearch.jobscheduler.sweeper.JobSweeper$$Lambda/0x00007fcd28973af8
11641:             1             16  org.opensearch.jobscheduler.sweeper.JobSweeper$$Lambda/0x00007fcd28973d28
11642:             1             16  org.opensearch.jobscheduler.sweeper.JobSweeper$$Lambda/0x00007fcd29004b40
11643:             1             16  org.opensearch.jobscheduler.sweeper.JobSweeper$$Lambda/0x00007fcd29004f80
11644:             1             16  org.opensearch.jobscheduler.sweeper.JobSweeper$$Lambda/0x00007fcd290051c8
11645:             1             16  org.opensearch.jobscheduler.sweeper.JobSweeper$$Lambda/0x00007fcd29005400
11646:             1             16  org.opensearch.jobscheduler.sweeper.JobSweeper$$Lambda/0x00007fcd29005888
11647:             1             16  org.opensearch.jobscheduler.sweeper.JobSweeper$$Lambda/0x00007fcd29005ac0
11648:             1             16  org.opensearch.join.ParentJoinPlugin
11649:             1             16  org.opensearch.join.ParentJoinPlugin$$Lambda/0x00007fcd2878d230
11650:             1             16  org.opensearch.join.ParentJoinPlugin$$Lambda/0x00007fcd2878d448
11651:             1             16  org.opensearch.join.ParentJoinPlugin$$Lambda/0x00007fcd2878da28
11652:             1             16  org.opensearch.join.ParentJoinPlugin$$Lambda/0x00007fcd2878dc40
11653:             1             16  org.opensearch.join.ParentJoinPlugin$$Lambda/0x00007fcd2878e388
11654:             1             16  org.opensearch.join.ParentJoinPlugin$$Lambda/0x00007fcd2878e5a0
11655:             1             16  org.opensearch.join.ParentJoinPlugin$$Lambda/0x00007fcd2878ee38
11656:             1             16  org.opensearch.join.ParentJoinPlugin$$Lambda/0x00007fcd2878f050
11657:             1             16  org.opensearch.join.ParentJoinPlugin$$Lambda/0x00007fcd2878f860
11658:             1             16  org.opensearch.join.ParentJoinPlugin$$Lambda/0x00007fcd2883d250
11659:             1             16  org.opensearch.join.ParentJoinPlugin$$Lambda/0x00007fcd2883d468
11660:             1             16  org.opensearch.join.ParentJoinPlugin$$Lambda/0x00007fcd2883dc78
11661:             1             16  org.opensearch.join.mapper.ParentJoinFieldMapper$TypeParser
11662:             1             16  org.opensearch.knn.index.KNNClusterUtil
11663:             1             16  org.opensearch.knn.index.KNNSettings$$Lambda/0x00007fcd2848b790
11664:             1             16  org.opensearch.knn.index.KNNSettings$$Lambda/0x00007fcd28617d20
11665:             1             16  org.opensearch.knn.index.KNNSettings$$Lambda/0x00007fcd28fe6ee8
11666:             1             16  org.opensearch.knn.index.KNNSettings$1$$Lambda/0x00007fcd2848bdc0
11667:             1             16  org.opensearch.knn.index.KNNSettings$SpaceTypeValidator
11668:             1             16  org.opensearch.knn.index.MethodComponent$Builder$$Lambda/0x00007fcd28467cf0
11669:             1             16  org.opensearch.knn.index.VectorDataType$$Lambda/0x00007fcd28491618
11670:             1             16  org.opensearch.knn.index.codec.KNN920Codec.KNN920PerFieldKnnVectorsFormat$$Lambda/0x00007fcd28240678
11671:             1             16  org.opensearch.knn.index.codec.KNN920Codec.KNN920PerFieldKnnVectorsFormat$$Lambda/0x00007fcd28240890
11672:             1             16  org.opensearch.knn.index.codec.KNN940Codec.KNN940PerFieldKnnVectorsFormat$$Lambda/0x00007fcd28241130
11673:             1             16  org.opensearch.knn.index.codec.KNN940Codec.KNN940PerFieldKnnVectorsFormat$$Lambda/0x00007fcd28241348
11674:             1             16  org.opensearch.knn.index.codec.KNN950Codec.KNN950PerFieldKnnVectorsFormat$$Lambda/0x00007fcd28241be8
11675:             1             16  org.opensearch.knn.index.codec.KNN950Codec.KNN950PerFieldKnnVectorsFormat$$Lambda/0x00007fcd28241e00
11676:             1             16  org.opensearch.knn.index.codec.KNN990Codec.KNN990PerFieldKnnVectorsFormat$$Lambda/0x00007fcd282426a0
11677:             1             16  org.opensearch.knn.index.codec.KNN990Codec.KNN990PerFieldKnnVectorsFormat$$Lambda/0x00007fcd282428b8
11678:             1             16  org.opensearch.knn.index.codec.KNNCodecVersion$$Lambda/0x00007fcd28240000
11679:             1             16  org.opensearch.knn.index.codec.KNNCodecVersion$$Lambda/0x00007fcd28240238
11680:             1             16  org.opensearch.knn.index.codec.KNNCodecVersion$$Lambda/0x00007fcd28240460
11681:             1             16  org.opensearch.knn.index.codec.KNNCodecVersion$$Lambda/0x00007fcd28240ab8
11682:             1             16  org.opensearch.knn.index.codec.KNNCodecVersion$$Lambda/0x00007fcd28240cf0
11683:             1             16  org.opensearch.knn.index.codec.KNNCodecVersion$$Lambda/0x00007fcd28240f18
11684:             1             16  org.opensearch.knn.index.codec.KNNCodecVersion$$Lambda/0x00007fcd28241570
11685:             1             16  org.opensearch.knn.index.codec.KNNCodecVersion$$Lambda/0x00007fcd282417a8
11686:             1             16  org.opensearch.knn.index.codec.KNNCodecVersion$$Lambda/0x00007fcd282419d0
11687:             1             16  org.opensearch.knn.index.codec.KNNCodecVersion$$Lambda/0x00007fcd28242028
11688:             1             16  org.opensearch.knn.index.codec.KNNCodecVersion$$Lambda/0x00007fcd28242260
11689:             1             16  org.opensearch.knn.index.codec.KNNCodecVersion$$Lambda/0x00007fcd28242488
11690:             1             16  org.opensearch.knn.index.codec.KNNCodecVersion$$Lambda/0x00007fcd28242ae0
11691:             1             16  org.opensearch.knn.index.codec.KNNCodecVersion$$Lambda/0x00007fcd28242d18
11692:             1             16  org.opensearch.knn.index.codec.KNNCodecVersion$$Lambda/0x00007fcd28242f40
11693:             1             16  org.opensearch.knn.index.mapper.KNNVectorFieldMapper$TypeParser
11694:             1             16  org.opensearch.knn.index.memory.NativeMemoryCacheManager$$Lambda/0x00007fcd28907a70
11695:             1             16  org.opensearch.knn.index.memory.NativeMemoryCacheManager$$Lambda/0x00007fcd28908000
11696:             1             16  org.opensearch.knn.index.memory.NativeMemoryLoadStrategy$IndexLoadStrategy$1
11697:             1             16  org.opensearch.knn.index.util.Faiss$$Lambda/0x00007fcd28490230
11698:             1             16  org.opensearch.knn.index.util.Faiss$$Lambda/0x00007fcd284906c0
11699:             1             16  org.opensearch.knn.index.util.Faiss$$Lambda/0x00007fcd284908f8
11700:             1             16  org.opensearch.knn.index.util.Faiss$$Lambda/0x00007fcd28491850
11701:             1             16  org.opensearch.knn.index.util.Faiss$$Lambda/0x00007fcd28491aa0
11702:             1             16  org.opensearch.knn.index.util.Faiss$$Lambda/0x00007fcd28491ce8
11703:             1             16  org.opensearch.knn.index.util.Faiss$$Lambda/0x00007fcd28491f10
11704:             1             16  org.opensearch.knn.index.util.Faiss$$Lambda/0x00007fcd28492368
11705:             1             16  org.opensearch.knn.index.util.Faiss$$Lambda/0x00007fcd28492590
11706:             1             16  org.opensearch.knn.index.util.Faiss$$Lambda/0x00007fcd284927d8
11707:             1             16  org.opensearch.knn.index.util.Faiss$$Lambda/0x00007fcd28492a00
11708:             1             16  org.opensearch.knn.index.util.Faiss$$Lambda/0x00007fcd28494400
11709:             1             16  org.opensearch.knn.index.util.Faiss$$Lambda/0x00007fcd28494800
11710:             1             16  org.opensearch.knn.index.util.Faiss$$Lambda/0x00007fcd28494a28
11711:             1             16  org.opensearch.knn.index.util.Faiss$$Lambda/0x00007fcd28494c70
11712:             1             16  org.opensearch.knn.index.util.Faiss$$Lambda/0x00007fcd28495000
11713:             1             16  org.opensearch.knn.index.util.Faiss$$Lambda/0x00007fcd28495228
11714:             1             16  org.opensearch.knn.index.util.Faiss$$Lambda/0x00007fcd28495440
11715:             1             16  org.opensearch.knn.index.util.Faiss$$Lambda/0x00007fcd28495688
11716:             1             16  org.opensearch.knn.index.util.Faiss$$Lambda/0x00007fcd284958d0
11717:             1             16  org.opensearch.knn.index.util.Faiss$$Lambda/0x00007fcd28497908
11718:             1             16  org.opensearch.knn.index.util.Faiss$$Lambda/0x00007fcd28497b50
11719:             1             16  org.opensearch.knn.index.util.Faiss$$Lambda/0x00007fcd28497d78
11720:             1             16  org.opensearch.knn.index.util.Faiss$$Lambda/0x00007fcd28498000
11721:             1             16  org.opensearch.knn.index.util.Lucene$$Lambda/0x00007fcd28498830
11722:             1             16  org.opensearch.knn.index.util.Lucene$$Lambda/0x00007fcd28498a78
11723:             1             16  org.opensearch.knn.index.util.Lucene$$Lambda/0x00007fcd28498cc0
11724:             1             16  org.opensearch.knn.index.util.Lucene$$Lambda/0x00007fcd28498ef8
11725:             1             16  org.opensearch.knn.index.util.Nmslib$$Lambda/0x00007fcd28489000
11726:             1             16  org.opensearch.knn.index.util.Nmslib$$Lambda/0x00007fcd28489248
11727:             1             16  org.opensearch.knn.indices.ModelDao$OpenSearchKNNModelDao$$Lambda/0x00007fcd28904218
11728:             1             16  org.opensearch.knn.indices.ModelDao$OpenSearchKNNModelDao$$Lambda/0x00007fcd28904448
11729:             1             16  org.opensearch.knn.plugin.KNNPlugin$$Lambda/0x00007fcd28499d38
11730:             1             16  org.opensearch.knn.plugin.KNNPlugin$$Lambda/0x00007fcd28615bc0
11731:             1             16  org.opensearch.knn.plugin.KNNPlugin$$Lambda/0x00007fcd286161c8
11732:             1             16  org.opensearch.knn.plugin.KNNPlugin$$Lambda/0x00007fcd286163e0
11733:             1             16  org.opensearch.knn.plugin.KNNPlugin$$Lambda/0x00007fcd28616980
11734:             1             16  org.opensearch.knn.plugin.KNNPlugin$$Lambda/0x00007fcd28616b98
11735:             1             16  org.opensearch.knn.plugin.KNNPlugin$$Lambda/0x00007fcd28616db0
11736:             1             16  org.opensearch.knn.plugin.rest.RestKNNStatsHandler$$Lambda/0x00007fcd28fe6840
11737:             1             16  org.opensearch.knn.plugin.rest.RestKNNStatsHandler$$Lambda/0x00007fcd28fe6a78
11738:             1             16  org.opensearch.knn.plugin.rest.RestKNNStatsHandler$$Lambda/0x00007fcd28fe6cb0
11739:             1             16  org.opensearch.knn.plugin.script.KNNScoringScriptEngine
11740:             1             16  org.opensearch.knn.plugin.stats.KNNStats
11741:             1             16  org.opensearch.knn.plugin.stats.KNNStats$$Lambda/0x00007fcd289134e0
11742:             1             16  org.opensearch.knn.plugin.stats.KNNStats$$Lambda/0x00007fcd28913718
11743:             1             16  org.opensearch.knn.plugin.stats.KNNStats$$Lambda/0x00007fcd28913950
11744:             1             16  org.opensearch.knn.plugin.stats.KNNStats$$Lambda/0x00007fcd28913b88
11745:             1             16  org.opensearch.knn.plugin.stats.KNNStats$$Lambda/0x00007fcd28913dc0
11746:             1             16  org.opensearch.knn.plugin.stats.KNNStats$$Lambda/0x00007fcd28913ff8
11747:             1             16  org.opensearch.knn.plugin.stats.KNNStats$$Lambda/0x00007fcd28914458
11748:             1             16  org.opensearch.knn.plugin.stats.KNNStats$$Lambda/0x00007fcd28914690
11749:             1             16  org.opensearch.knn.plugin.stats.KNNStats$$Lambda/0x00007fcd289148c8
11750:             1             16  org.opensearch.knn.plugin.stats.KNNStats$$Lambda/0x00007fcd28914b00
11751:             1             16  org.opensearch.knn.plugin.stats.KNNStats$$Lambda/0x00007fcd289155f8
11752:             1             16  org.opensearch.knn.plugin.stats.KNNStats$$Lambda/0x00007fcd28915a58
11753:             1             16  org.opensearch.knn.plugin.stats.KNNStats$$Lambda/0x00007fcd28915c90
11754:             1             16  org.opensearch.knn.plugin.stats.KNNStats$$Lambda/0x00007fcd28915ec8
11755:             1             16  org.opensearch.knn.plugin.stats.KNNStats$1
11756:             1             16  org.opensearch.knn.plugin.stats.suppliers.KNNCircuitBreakerSupplier
11757:             1             16  org.opensearch.knn.plugin.stats.suppliers.ModelIndexStatusSupplier
11758:             1             16  org.opensearch.knn.plugin.stats.suppliers.ModelIndexingDegradingSupplier
11759:             1             16  org.opensearch.knn.plugin.transport.ClearCacheAction$$Lambda/0x00007fcd28c06910
11760:             1             16  org.opensearch.knn.plugin.transport.ClearCacheTransportAction$$Lambda/0x00007fcd28d88f50
11761:             1             16  org.opensearch.knn.plugin.transport.DeleteModelAction$$Lambda/0x00007fcd28c04748
11762:             1             16  org.opensearch.knn.plugin.transport.DeleteModelTransportAction$$Lambda/0x00007fcd28d88d38
11763:             1             16  org.opensearch.knn.plugin.transport.GetModelAction$$Lambda/0x00007fcd28917de0
11764:             1             16  org.opensearch.knn.plugin.transport.GetModelTransportAction$$Lambda/0x00007fcd28d897b0
11765:             1             16  org.opensearch.knn.plugin.transport.KNNStatsAction$$Lambda/0x00007fcd289165f0
11766:             1             16  org.opensearch.knn.plugin.transport.KNNStatsTransportAction$$Lambda/0x00007fcd28d89e50
11767:             1             16  org.opensearch.knn.plugin.transport.KNNStatsTransportAction$$Lambda/0x00007fcd28d8a068
11768:             1             16  org.opensearch.knn.plugin.transport.KNNWarmupAction$$Lambda/0x00007fcd28916d40
11769:             1             16  org.opensearch.knn.plugin.transport.KNNWarmupTransportAction$$Lambda/0x00007fcd28d8a280
11770:             1             16  org.opensearch.knn.plugin.transport.RemoveModelFromCacheAction$$Lambda/0x00007fcd28c058f0
11771:             1             16  org.opensearch.knn.plugin.transport.RemoveModelFromCacheTransportAction$$Lambda/0x00007fcd28d8a498
11772:             1             16  org.opensearch.knn.plugin.transport.RemoveModelFromCacheTransportAction$$Lambda/0x00007fcd28d8a6b0
11773:             1             16  org.opensearch.knn.plugin.transport.SearchModelAction$$Lambda/0x00007fcd28c05d80
11774:             1             16  org.opensearch.knn.plugin.transport.SearchModelTransportAction$$Lambda/0x00007fcd28d89168
11775:             1             16  org.opensearch.knn.plugin.transport.TrainingJobRouteDecisionInfoAction$$Lambda/0x00007fcd28917950
11776:             1             16  org.opensearch.knn.plugin.transport.TrainingJobRouteDecisionInfoTransportAction$$Lambda/0x00007fcd28d89380
11777:             1             16  org.opensearch.knn.plugin.transport.TrainingJobRouteDecisionInfoTransportAction$$Lambda/0x00007fcd28d89598
11778:             1             16  org.opensearch.knn.plugin.transport.TrainingJobRouterAction$$Lambda/0x00007fcd28c04e08
11779:             1             16  org.opensearch.knn.plugin.transport.TrainingJobRouterTransportAction$$Lambda/0x00007fcd28d8aae0
11780:             1             16  org.opensearch.knn.plugin.transport.TrainingModelAction$$Lambda/0x00007fcd28c05250
11781:             1             16  org.opensearch.knn.plugin.transport.TrainingModelTransportAction$$Lambda/0x00007fcd28d8a8c8
11782:             1             16  org.opensearch.knn.plugin.transport.UpdateModelGraveyardAction$$Lambda/0x00007fcd28c061b0
11783:             1             16  org.opensearch.knn.plugin.transport.UpdateModelGraveyardTransportAction$$Lambda/0x00007fcd28d899c8
11784:             1             16  org.opensearch.knn.plugin.transport.UpdateModelGraveyardTransportAction$UpdateModelGraveyardExecutor
11785:             1             16  org.opensearch.knn.plugin.transport.UpdateModelMetadataAction$$Lambda/0x00007fcd289171f0
11786:             1             16  org.opensearch.knn.plugin.transport.UpdateModelMetadataTransportAction$$Lambda/0x00007fcd28d8acf8
11787:             1             16  org.opensearch.knn.plugin.transport.UpdateModelMetadataTransportAction$UpdateModelMetadataExecutor
11788:             1             16  org.opensearch.ml.action.agents.DeleteAgentTransportAction$$Lambda/0x00007fcd28ebedd8
11789:             1             16  org.opensearch.ml.action.agents.GetAgentTransportAction$$Lambda/0x00007fcd28ebf2b0
11790:             1             16  org.opensearch.ml.action.agents.TransportRegisterAgentAction$$Lambda/0x00007fcd28f14000
11791:             1             16  org.opensearch.ml.action.agents.TransportSearchAgentAction$$Lambda/0x00007fcd28f16ba0
11792:             1             16  org.opensearch.ml.action.config.GetConfigTransportAction$$Lambda/0x00007fcd28f90de0
11793:             1             16  org.opensearch.ml.action.connector.DeleteConnectorTransportAction$$Lambda/0x00007fcd28efb000
11794:             1             16  org.opensearch.ml.action.connector.ExecuteConnectorTransportAction$$Lambda/0x00007fcd28d725d8
11795:             1             16  org.opensearch.ml.action.connector.GetConnectorTransportAction$$Lambda/0x00007fcd28e97aa8
11796:             1             16  org.opensearch.ml.action.connector.SearchConnectorTransportAction$$Lambda/0x00007fcd28d73960
11797:             1             16  org.opensearch.ml.action.connector.TransportCreateConnectorAction$$Lambda/0x00007fcd28ebe6e0
11798:             1             16  org.opensearch.ml.action.connector.TransportCreateConnectorAction$$Lambda/0x00007fcd28ebe8f8
11799:             1             16  org.opensearch.ml.action.connector.UpdateConnectorTransportAction$$Lambda/0x00007fcd28f904d0
11800:             1             16  org.opensearch.ml.action.connector.UpdateConnectorTransportAction$$Lambda/0x00007fcd28f906e8
11801:             1             16  org.opensearch.ml.action.controller.CreateControllerTransportAction$$Lambda/0x00007fcd28e7ed58
11802:             1             16  org.opensearch.ml.action.controller.DeleteControllerTransportAction$$Lambda/0x00007fcd28d73318
11803:             1             16  org.opensearch.ml.action.controller.DeployControllerTransportAction$$Lambda/0x00007fcd28e7fcc0
11804:             1             16  org.opensearch.ml.action.controller.DeployControllerTransportAction$$Lambda/0x00007fcd28e96000
11805:             1             16  org.opensearch.ml.action.controller.GetControllerTransportAction$$Lambda/0x00007fcd28e7f448
11806:             1             16  org.opensearch.ml.action.controller.UndeployControllerTransportAction$$Lambda/0x00007fcd28d727f0
11807:             1             16  org.opensearch.ml.action.controller.UndeployControllerTransportAction$$Lambda/0x00007fcd28d72a08
11808:             1             16  org.opensearch.ml.action.controller.UpdateControllerTransportAction$$Lambda/0x00007fcd28f17068
11809:             1             16  org.opensearch.ml.action.deploy.TransportDeployModelAction$$Lambda/0x00007fcd28f150f0
11810:             1             16  org.opensearch.ml.action.deploy.TransportDeployModelAction$$Lambda/0x00007fcd28f15308
11811:             1             16  org.opensearch.ml.action.deploy.TransportDeployModelOnNodeAction$$Lambda/0x00007fcd28e96b10
11812:             1             16  org.opensearch.ml.action.deploy.TransportDeployModelOnNodeAction$$Lambda/0x00007fcd28e96d28
11813:             1             16  org.opensearch.ml.action.execute.TransportExecuteTaskAction$$Lambda/0x00007fcd28f90918
11814:             1             16  org.opensearch.ml.action.forward.TransportForwardAction$$Lambda/0x00007fcd28f14648
11815:             1             16  org.opensearch.ml.action.forward.TransportForwardAction$$Lambda/0x00007fcd28f14860
11816:             1             16  org.opensearch.ml.action.model_group.DeleteModelGroupTransportAction$$Lambda/0x00007fcd28e968f8
11817:             1             16  org.opensearch.ml.action.model_group.GetModelGroupTransportAction$$Lambda/0x00007fcd28efb910
11818:             1             16  org.opensearch.ml.action.model_group.SearchModelGroupTransportAction$$Lambda/0x00007fcd28d73b78
11819:             1             16  org.opensearch.ml.action.model_group.TransportRegisterModelGroupAction$$Lambda/0x00007fcd28f17530
11820:             1             16  org.opensearch.ml.action.model_group.TransportUpdateModelGroupAction$$Lambda/0x00007fcd28f0f2b0
11821:             1             16  org.opensearch.ml.action.models.DeleteModelTransportAction$$Lambda/0x00007fcd28f90000
11822:             1             16  org.opensearch.ml.action.models.GetModelTransportAction$$Lambda/0x00007fcd28d72110
11823:             1             16  org.opensearch.ml.action.models.SearchModelTransportAction$$Lambda/0x00007fcd28e7ef70
11824:             1             16  org.opensearch.ml.action.models.UpdateModelTransportAction$$Lambda/0x00007fcd28f0f778
11825:             1             16  org.opensearch.ml.action.models.UpdateModelTransportAction$$Lambda/0x00007fcd28f0f990
11826:             1             16  org.opensearch.ml.action.prediction.TransportPredictionTaskAction$$Lambda/0x00007fcd28f16758
11827:             1             16  org.opensearch.ml.action.prediction.TransportPredictionTaskAction$$Lambda/0x00007fcd28f16970
11828:             1             16  org.opensearch.ml.action.profile.MLProfileAction$$Lambda/0x00007fcd28c4e948
11829:             1             16  org.opensearch.ml.action.profile.MLProfileTransportAction$$Lambda/0x00007fcd28e96218
11830:             1             16  org.opensearch.ml.action.profile.MLProfileTransportAction$$Lambda/0x00007fcd28e96430
11831:             1             16  org.opensearch.ml.action.register.TransportRegisterModelAction$$Lambda/0x00007fcd28e96f40
11832:             1             16  org.opensearch.ml.action.register.TransportRegisterModelAction$$Lambda/0x00007fcd28e97158
11833:             1             16  org.opensearch.ml.action.register.TransportRegisterModelAction$$Lambda/0x00007fcd28e97388
11834:             1             16  org.opensearch.ml.action.register.TransportRegisterModelAction$$Lambda/0x00007fcd28e975b8
11835:             1             16  org.opensearch.ml.action.stats.MLStatsNodesAction$$Lambda/0x00007fcd28ae6d88
11836:             1             16  org.opensearch.ml.action.stats.MLStatsNodesTransportAction$$Lambda/0x00007fcd28f17b90
11837:             1             16  org.opensearch.ml.action.stats.MLStatsNodesTransportAction$$Lambda/0x00007fcd28f17da8
11838:             1             16  org.opensearch.ml.action.syncup.TransportSyncUpOnNodeAction$$Lambda/0x00007fcd28e7f660
11839:             1             16  org.opensearch.ml.action.syncup.TransportSyncUpOnNodeAction$$Lambda/0x00007fcd28e7f878
11840:             1             16  org.opensearch.ml.action.syncup.TransportSyncUpOnNodeAction$$Lambda/0x00007fcd28e7fa90
11841:             1             16  org.opensearch.ml.action.tasks.DeleteTaskTransportAction$$Lambda/0x00007fcd28ebe000
11842:             1             16  org.opensearch.ml.action.tasks.GetTaskTransportAction$$Lambda/0x00007fcd28f914c8
11843:             1             16  org.opensearch.ml.action.tasks.SearchTaskTransportAction$$Lambda/0x00007fcd28f14430
11844:             1             16  org.opensearch.ml.action.training.TransportTrainingTaskAction$$Lambda/0x00007fcd28d73d90
11845:             1             16  org.opensearch.ml.action.trainpredict.TransportTrainAndPredictionTaskAction$$Lambda/0x00007fcd28f14218
11846:             1             16  org.opensearch.ml.action.undeploy.TransportUndeployModelAction$$Lambda/0x00007fcd28d73530
11847:             1             16  org.opensearch.ml.action.undeploy.TransportUndeployModelAction$$Lambda/0x00007fcd28d73748
11848:             1             16  org.opensearch.ml.action.undeploy.TransportUndeployModelsAction$$Lambda/0x00007fcd28e7e890
11849:             1             16  org.opensearch.ml.action.update_cache.UpdateModelCacheTransportAction$$Lambda/0x00007fcd28ebfbc8
11850:             1             16  org.opensearch.ml.action.update_cache.UpdateModelCacheTransportAction$$Lambda/0x00007fcd28ebfde0
11851:             1             16  org.opensearch.ml.action.upload_chunk.TransportRegisterModelMetaAction$$Lambda/0x00007fcd28f157e8
11852:             1             16  org.opensearch.ml.action.upload_chunk.TransportUploadModelChunkAction$$Lambda/0x00007fcd28f16540
11853:             1             16  org.opensearch.ml.autoredeploy.MLModelAutoReDeployer$$Lambda/0x00007fcd28ae54e8
11854:             1             16  org.opensearch.ml.autoredeploy.MLModelAutoReDeployer$$Lambda/0x00007fcd28ae5718
11855:             1             16  org.opensearch.ml.autoredeploy.MLModelAutoReDeployer$$Lambda/0x00007fcd28ae5948
11856:             1             16  org.opensearch.ml.autoredeploy.MLModelAutoReDeployer$$Lambda/0x00007fcd28ae5b78
11857:             1             16  org.opensearch.ml.autoredeploy.MLModelAutoReDeployer$SearchRequestBuilderFactory
11858:             1             16  org.opensearch.ml.breaker.MemoryCircuitBreaker$$Lambda/0x00007fcd28ab8488
11859:             1             16  org.opensearch.ml.client.MachineLearningNodeClient
11860:             1             16  org.opensearch.ml.client.MachineLearningNodeClient
11861:             1             16  org.opensearch.ml.cluster.DiscoveryNodeHelper$$Lambda/0x00007fcd28ab44a8
11862:             1             16  org.opensearch.ml.cluster.DiscoveryNodeHelper$$Lambda/0x00007fcd28ab46d8
11863:             1             16  org.opensearch.ml.cluster.DiscoveryNodeHelper$$Lambda/0x00007fcd28ab6218
11864:             1             16  org.opensearch.ml.cluster.DiscoveryNodeHelper$$Lambda/0x00007fcd28ab6448
11865:             1             16  org.opensearch.ml.cluster.DiscoveryNodeHelper$HotDataNodePredicate
11866:             1             16  org.opensearch.ml.cluster.MLCommonsClusterEventListener$$Lambda/0x00007fcd2902d618
11867:             1             16  org.opensearch.ml.cluster.MLCommonsClusterEventListener$$Lambda/0x00007fcd2902d850
11868:             1             16  org.opensearch.ml.cluster.MLCommonsClusterManagerEventListener$$Lambda/0x00007fcd28ae6468
11869:             1             16  org.opensearch.ml.common.input.execute.anomalylocalization.AnomalyLocalizationInput$$Lambda/0x00007fcd288a6650
11870:             1             16  org.opensearch.ml.common.input.execute.metricscorrelation.MetricsCorrelationInput$$Lambda/0x00007fcd288a6138
11871:             1             16  org.opensearch.ml.common.input.execute.samplecalculator.LocalSampleCalculatorInput$$Lambda/0x00007fcd288a5c60
11872:             1             16  org.opensearch.ml.common.input.parameter.ad.AnomalyDetectionLibSVMParams$$Lambda/0x00007fcd288a47a8
11873:             1             16  org.opensearch.ml.common.input.parameter.clustering.KMeansParams$$Lambda/0x00007fcd2853b158
11874:             1             16  org.opensearch.ml.common.input.parameter.clustering.RCFSummarizeParams$$Lambda/0x00007fcd288a6dd8
11875:             1             16  org.opensearch.ml.common.input.parameter.rcf.BatchRCFParams$$Lambda/0x00007fcd288a5778
11876:             1             16  org.opensearch.ml.common.input.parameter.rcf.FitRCFParams$$Lambda/0x00007fcd288a5228
11877:             1             16  org.opensearch.ml.common.input.parameter.regression.LinearRegressionParams$$Lambda/0x00007fcd288a4000
11878:             1             16  org.opensearch.ml.common.input.parameter.regression.LogisticRegressionParams$$Lambda/0x00007fcd288a7a70
11879:             1             16  org.opensearch.ml.common.input.parameter.sample.SampleAlgoParams$$Lambda/0x00007fcd288a4ca8
11880:             1             16  org.opensearch.ml.common.input.parameter.textembedding.AsymmetricTextEmbeddingParameters$$Lambda/0x00007fcd288a8c88
11881:             1             16  org.opensearch.ml.common.model.TextEmbeddingModelConfig$$Lambda/0x00007fcd288a8780
11882:             1             16  org.opensearch.ml.common.transport.agent.MLAgentDeleteAction$$Lambda/0x00007fcd28c5e4a8
11883:             1             16  org.opensearch.ml.common.transport.agent.MLAgentGetAction$$Lambda/0x00007fcd28c5e078
11884:             1             16  org.opensearch.ml.common.transport.agent.MLRegisterAgentAction$$Lambda/0x00007fcd28c59b28
11885:             1             16  org.opensearch.ml.common.transport.agent.MLSearchAgentAction$$Lambda/0x00007fcd28c59f50
11886:             1             16  org.opensearch.ml.common.transport.config.MLConfigGetAction$$Lambda/0x00007fcd28c60940
11887:             1             16  org.opensearch.ml.common.transport.connector.MLConnectorDeleteAction$$Lambda/0x00007fcd28c56840
11888:             1             16  org.opensearch.ml.common.transport.connector.MLConnectorGetAction$$Lambda/0x00007fcd28c56418
11889:             1             16  org.opensearch.ml.common.transport.connector.MLConnectorSearchAction$$Lambda/0x00007fcd28c56c68
11890:             1             16  org.opensearch.ml.common.transport.connector.MLCreateConnectorAction$$Lambda/0x00007fcd28c55940
11891:             1             16  org.opensearch.ml.common.transport.connector.MLExecuteConnectorAction$$Lambda/0x00007fcd28c55d68
11892:             1             16  org.opensearch.ml.common.transport.connector.MLUpdateConnectorAction$$Lambda/0x00007fcd28c59470
11893:             1             16  org.opensearch.ml.common.transport.controller.MLControllerDeleteAction$$Lambda/0x00007fcd28c5d270
11894:             1             16  org.opensearch.ml.common.transport.controller.MLControllerGetAction$$Lambda/0x00007fcd28c5c2d0
11895:             1             16  org.opensearch.ml.common.transport.controller.MLCreateControllerAction$$Lambda/0x00007fcd28c5bc18
11896:             1             16  org.opensearch.ml.common.transport.controller.MLDeployControllerAction$$Lambda/0x00007fcd28c5c9b8
11897:             1             16  org.opensearch.ml.common.transport.controller.MLUndeployControllerAction$$Lambda/0x00007fcd28c5d958
11898:             1             16  org.opensearch.ml.common.transport.controller.MLUpdateControllerAction$$Lambda/0x00007fcd28c5ce48
11899:             1             16  org.opensearch.ml.common.transport.deploy.MLDeployModelAction$$Lambda/0x00007fcd28c4f990
11900:             1             16  org.opensearch.ml.common.transport.deploy.MLDeployModelOnNodeAction$$Lambda/0x00007fcd28c4fdd8
11901:             1             16  org.opensearch.ml.common.transport.execute.MLExecuteTaskAction$$Lambda/0x00007fcd28ae74b8
11902:             1             16  org.opensearch.ml.common.transport.forward.MLForwardAction$$Lambda/0x00007fcd28c52ef0
11903:             1             16  org.opensearch.ml.common.transport.model.MLModelDeleteAction$$Lambda/0x00007fcd28c4cf10
11904:             1             16  org.opensearch.ml.common.transport.model.MLModelGetAction$$Lambda/0x00007fcd28c4cae0
11905:             1             16  org.opensearch.ml.common.transport.model.MLModelSearchAction$$Lambda/0x00007fcd28c4d348
11906:             1             16  org.opensearch.ml.common.transport.model.MLUpdateModelAction$$Lambda/0x00007fcd28c520d8
11907:             1             16  org.opensearch.ml.common.transport.model_group.MLModelGroupDeleteAction$$Lambda/0x00007fcd28c55288
11908:             1             16  org.opensearch.ml.common.transport.model_group.MLModelGroupGetAction$$Lambda/0x00007fcd28c54a30
11909:             1             16  org.opensearch.ml.common.transport.model_group.MLModelGroupSearchAction$$Lambda/0x00007fcd28c54e58
11910:             1             16  org.opensearch.ml.common.transport.model_group.MLRegisterModelGroupAction$$Lambda/0x00007fcd28c53cc0
11911:             1             16  org.opensearch.ml.common.transport.model_group.MLUpdateModelGroupAction$$Lambda/0x00007fcd28c54378
11912:             1             16  org.opensearch.ml.common.transport.prediction.MLPredictionTaskAction$$Lambda/0x00007fcd28ae7b70
11913:             1             16  org.opensearch.ml.common.transport.register.MLRegisterModelAction$$Lambda/0x00007fcd28c4f080
11914:             1             16  org.opensearch.ml.common.transport.sync.MLSyncUpAction$$Lambda/0x00007fcd28c53590
11915:             1             16  org.opensearch.ml.common.transport.task.MLTaskDeleteAction$$Lambda/0x00007fcd28c4de30
11916:             1             16  org.opensearch.ml.common.transport.task.MLTaskGetAction$$Lambda/0x00007fcd28c4da08
11917:             1             16  org.opensearch.ml.common.transport.task.MLTaskSearchAction$$Lambda/0x00007fcd28c4e258
11918:             1             16  org.opensearch.ml.common.transport.tools.MLGetToolAction$$Lambda/0x00007fcd28c60290
11919:             1             16  org.opensearch.ml.common.transport.tools.MLListToolsAction$$Lambda/0x00007fcd28c5faa0
11920:             1             16  org.opensearch.ml.common.transport.training.MLTrainingTaskAction$$Lambda/0x00007fcd28c4c000
11921:             1             16  org.opensearch.ml.common.transport.trainpredict.MLTrainAndPredictionTaskAction$$Lambda/0x00007fcd28c4c428
11922:             1             16  org.opensearch.ml.common.transport.undeploy.MLUndeployModelAction$$Lambda/0x00007fcd28c507f8
11923:             1             16  org.opensearch.ml.common.transport.undeploy.MLUndeployModelsAction$$Lambda/0x00007fcd28c50f28
11924:             1             16  org.opensearch.ml.common.transport.update_cache.MLUpdateModelCacheAction$$Lambda/0x00007fcd28c527c8
11925:             1             16  org.opensearch.ml.common.transport.upload_chunk.MLRegisterModelMetaAction$$Lambda/0x00007fcd28c515f8
11926:             1             16  org.opensearch.ml.common.transport.upload_chunk.MLUploadModelChunkAction$$Lambda/0x00007fcd28c51cb0
11927:             1             16  org.opensearch.ml.engine.MLEngineClassLoader$$Lambda/0x00007fcd28ac6320
11928:             1             16  org.opensearch.ml.engine.ModelHelper
11929:             1             16  org.opensearch.ml.engine.indices.MLInputDatasetHandler
11930:             1             16  org.opensearch.ml.engine.tools.AgentTool$Factory
11931:             1             16  org.opensearch.ml.engine.tools.ConnectorTool$Factory
11932:             1             16  org.opensearch.ml.engine.tools.IndexMappingTool$Factory
11933:             1             16  org.opensearch.ml.engine.tools.MLModelTool$Factory
11934:             1             16  org.opensearch.ml.engine.tools.VisualizationsTool$Factory
11935:             1             16  org.opensearch.ml.helper.ConnectorAccessControlHelper
11936:             1             16  org.opensearch.ml.helper.ConnectorAccessControlHelper$$Lambda/0x00007fcd28abd5f0
11937:             1             16  org.opensearch.ml.helper.ModelAccessControlHelper
11938:             1             16  org.opensearch.ml.helper.ModelAccessControlHelper$$Lambda/0x00007fcd28abd178
11939:             1             16  org.opensearch.ml.memory.action.conversation.CreateConversationAction$$Lambda/0x00007fcd28c57328
11940:             1             16  org.opensearch.ml.memory.action.conversation.CreateConversationTransportAction$$Lambda/0x00007fcd28d72c20
11941:             1             16  org.opensearch.ml.memory.action.conversation.CreateConversationTransportAction$$Lambda/0x00007fcd28d72e38
11942:             1             16  org.opensearch.ml.memory.action.conversation.CreateInteractionAction$$Lambda/0x00007fcd28c58290
11943:             1             16  org.opensearch.ml.memory.action.conversation.CreateInteractionTransportAction$$Lambda/0x00007fcd28d71cc8
11944:             1             16  org.opensearch.ml.memory.action.conversation.CreateInteractionTransportAction$$Lambda/0x00007fcd28d71ee0
11945:             1             16  org.opensearch.ml.memory.action.conversation.DeleteConversationAction$$Lambda/0x00007fcd28c59038
11946:             1             16  org.opensearch.ml.memory.action.conversation.DeleteConversationTransportAction$$Lambda/0x00007fcd28e7e000
11947:             1             16  org.opensearch.ml.memory.action.conversation.DeleteConversationTransportAction$$Lambda/0x00007fcd28e7e218
11948:             1             16  org.opensearch.ml.memory.action.conversation.GetConversationAction$$Lambda/0x00007fcd28c5ae80
11949:             1             16  org.opensearch.ml.memory.action.conversation.GetConversationTransportAction$$Lambda/0x00007fcd28f15e48
11950:             1             16  org.opensearch.ml.memory.action.conversation.GetConversationTransportAction$$Lambda/0x00007fcd28f16060
11951:             1             16  org.opensearch.ml.memory.action.conversation.GetConversationsAction$$Lambda/0x00007fcd28c57a08
11952:             1             16  org.opensearch.ml.memory.action.conversation.GetConversationsTransportAction$$Lambda/0x00007fcd28f17748
11953:             1             16  org.opensearch.ml.memory.action.conversation.GetConversationsTransportAction$$Lambda/0x00007fcd28f17960
11954:             1             16  org.opensearch.ml.memory.action.conversation.GetInteractionAction$$Lambda/0x00007fcd28c5b548
11955:             1             16  org.opensearch.ml.memory.action.conversation.GetInteractionTransportAction$$Lambda/0x00007fcd28efb218
11956:             1             16  org.opensearch.ml.memory.action.conversation.GetInteractionTransportAction$$Lambda/0x00007fcd28efb430
11957:             1             16  org.opensearch.ml.memory.action.conversation.GetInteractionsAction$$Lambda/0x00007fcd28c58970
11958:             1             16  org.opensearch.ml.memory.action.conversation.GetInteractionsTransportAction$$Lambda/0x00007fcd28e7e448
11959:             1             16  org.opensearch.ml.memory.action.conversation.GetInteractionsTransportAction$$Lambda/0x00007fcd28e7e660
11960:             1             16  org.opensearch.ml.memory.action.conversation.GetTracesAction$$Lambda/0x00007fcd28c5f3e0
11961:             1             16  org.opensearch.ml.memory.action.conversation.GetTracesTransportAction$$Lambda/0x00007fcd28f14a90
11962:             1             16  org.opensearch.ml.memory.action.conversation.SearchConversationsAction$$Lambda/0x00007fcd28c5a7b8
11963:             1             16  org.opensearch.ml.memory.action.conversation.SearchConversationsTransportAction$$Lambda/0x00007fcd28efbb28
11964:             1             16  org.opensearch.ml.memory.action.conversation.SearchConversationsTransportAction$$Lambda/0x00007fcd28efbd40
11965:             1             16  org.opensearch.ml.memory.action.conversation.SearchInteractionsAction$$Lambda/0x00007fcd28c5a380
11966:             1             16  org.opensearch.ml.memory.action.conversation.SearchInteractionsTransportAction$$Lambda/0x00007fcd28f15a00
11967:             1             16  org.opensearch.ml.memory.action.conversation.SearchInteractionsTransportAction$$Lambda/0x00007fcd28f15c18
11968:             1             16  org.opensearch.ml.memory.action.conversation.UpdateConversationAction$$Lambda/0x00007fcd28c5e8d8
11969:             1             16  org.opensearch.ml.memory.action.conversation.UpdateConversationTransportAction$$Lambda/0x00007fcd28ebf780
11970:             1             16  org.opensearch.ml.memory.action.conversation.UpdateConversationTransportAction$$Lambda/0x00007fcd28ebf998
11971:             1             16  org.opensearch.ml.memory.action.conversation.UpdateInteractionAction$$Lambda/0x00007fcd28c5ed08
11972:             1             16  org.opensearch.ml.memory.action.conversation.UpdateInteractionTransportAction$$Lambda/0x00007fcd28f14ca8
11973:             1             16  org.opensearch.ml.memory.action.conversation.UpdateInteractionTransportAction$$Lambda/0x00007fcd28f14ec0
11974:             1             16  org.opensearch.ml.model.MLModelCacheHelper$$Lambda/0x00007fcd28ab6ca0
11975:             1             16  org.opensearch.ml.model.MLModelManager$$Lambda/0x00007fcd28abf068
11976:             1             16  org.opensearch.ml.model.MLModelManager$$Lambda/0x00007fcd28abf298
11977:             1             16  org.opensearch.ml.model.MLModelManager$$Lambda/0x00007fcd28abf4c8
11978:             1             16  org.opensearch.ml.plugin.MachineLearningPlugin$$Lambda/0x00007fcd2853a3f0
11979:             1             16  org.opensearch.ml.plugin.MachineLearningPlugin$$Lambda/0x00007fcd2853a608
11980:             1             16  org.opensearch.ml.plugin.MachineLearningPlugin$$Lambda/0x00007fcd28ae6698
11981:             1             16  org.opensearch.ml.plugin.MachineLearningPlugin$$Lambda/0x00007fcd28c60f88
11982:             1             16  org.opensearch.ml.plugin.MachineLearningPlugin$$Lambda/0x00007fcd28c613c8
11983:             1             16  org.opensearch.ml.repackage.com.google.common.collect.RegularImmutableList
11984:             1             16  org.opensearch.ml.repackage.com.google.common.collect.SingletonImmutableList
11985:             1             16  org.opensearch.ml.repackage.com.google.common.collect.SingletonImmutableSet
11986:             1             16  org.opensearch.ml.rest.RestMLRegisterModelMetaAction$$Lambda/0x00007fcd29025300
11987:             1             16  org.opensearch.ml.rest.RestMLStatsAction$$Lambda/0x00007fcd28f919b0
11988:             1             16  org.opensearch.ml.rest.RestMLUndeployModelAction$$Lambda/0x00007fcd29024e08
11989:             1             16  org.opensearch.ml.rest.RestMLUploadModelChunkAction$$Lambda/0x00007fcd290257f8
11990:             1             16  org.opensearch.ml.settings.MLFeatureEnabledSetting$$Lambda/0x00007fcd28abda48
11991:             1             16  org.opensearch.ml.settings.MLFeatureEnabledSetting$$Lambda/0x00007fcd28abdc78
11992:             1             16  org.opensearch.ml.settings.MLFeatureEnabledSetting$$Lambda/0x00007fcd28abdea8
11993:             1             16  org.opensearch.ml.settings.MLFeatureEnabledSetting$$Lambda/0x00007fcd28abe0d8
11994:             1             16  org.opensearch.ml.task.MLExecuteTaskRunner$$Lambda/0x00007fcd28ac1a98
11995:             1             16  org.opensearch.ml.task.MLPredictTaskRunner$$Lambda/0x00007fcd28ac13b8
11996:             1             16  org.opensearch.ml.task.MLTaskDispatcher$$Lambda/0x00007fcd28ac0000
11997:             1             16  org.opensearch.ml.task.MLTaskDispatcher$$Lambda/0x00007fcd28ac0230
11998:             1             16  org.opensearch.ml.tools.GetToolTransportAction$$Lambda/0x00007fcd28f912b0
11999:             1             16  org.opensearch.ml.tools.ListToolsTransportAction$$Lambda/0x00007fcd28ebe4c8
12000:             1             16  org.opensearch.monitor.fs.FsHealthService$$Lambda/0x00007fcd28714000
12001:             1             16  org.opensearch.monitor.fs.FsHealthService$$Lambda/0x00007fcd28714220
12002:             1             16  org.opensearch.monitor.fs.FsHealthService$$Lambda/0x00007fcd28714450
12003:             1             16  org.opensearch.monitor.fs.FsHealthService$$Lambda/0x00007fcd28714680
12004:             1             16  org.opensearch.monitor.fs.FsService
12005:             1             16  org.opensearch.monitor.fs.FsService$$Lambda/0x00007fcd288846f8
12006:             1             16  org.opensearch.monitor.jvm.HotThreads$$Lambda/0x00007fcd29338000
12007:             1             16  org.opensearch.monitor.os.OsProbe$$Lambda/0x00007fcd28874618
12008:             1             16  org.opensearch.monitor.process.ProcessProbe
12009:             1             16  org.opensearch.neuralsearch.ml.MLCommonsClientAccessor
12010:             1             16  org.opensearch.neuralsearch.plugin.NeuralSearch$$Lambda/0x00007fcd2856c840
12011:             1             16  org.opensearch.neuralsearch.plugin.NeuralSearch$$Lambda/0x00007fcd2856ca58
12012:             1             16  org.opensearch.neuralsearch.plugin.NeuralSearch$$Lambda/0x00007fcd28790268
12013:             1             16  org.opensearch.neuralsearch.plugin.NeuralSearch$$Lambda/0x00007fcd28790480
12014:             1             16  org.opensearch.neuralsearch.plugin.NeuralSearch$$Lambda/0x00007fcd28790ad0
12015:             1             16  org.opensearch.neuralsearch.plugin.NeuralSearch$$Lambda/0x00007fcd28790ce8
12016:             1             16  org.opensearch.neuralsearch.plugin.NeuralSearch$$Lambda/0x00007fcd287911a0
12017:             1             16  org.opensearch.neuralsearch.plugin.NeuralSearch$$Lambda/0x00007fcd287913b8
12018:             1             16  org.opensearch.neuralsearch.processor.NeuralQueryEnricherProcessor$Factory
12019:             1             16  org.opensearch.neuralsearch.processor.NeuralSparseTwoPhaseProcessor$Factory
12020:             1             16  org.opensearch.neuralsearch.processor.combination.ScoreCombinationFactory
12021:             1             16  org.opensearch.neuralsearch.processor.combination.ScoreCombinationFactory$$Lambda/0x00007fcd28249640
12022:             1             16  org.opensearch.neuralsearch.processor.combination.ScoreCombinationFactory$$Lambda/0x00007fcd28249878
12023:             1             16  org.opensearch.neuralsearch.processor.combination.ScoreCombinationFactory$$Lambda/0x00007fcd28249ab0
12024:             1             16  org.opensearch.neuralsearch.processor.combination.ScoreCombinationUtil
12025:             1             16  org.opensearch.neuralsearch.processor.combination.ScoreCombiner
12026:             1             16  org.opensearch.neuralsearch.processor.normalization.L2ScoreNormalizationTechnique
12027:             1             16  org.opensearch.neuralsearch.processor.normalization.ScoreNormalizationFactory
12028:             1             16  org.opensearch.neuralsearch.processor.normalization.ScoreNormalizer
12029:             1             16  org.opensearch.neuralsearch.search.query.HybridAggregationProcessor
12030:             1             16  org.opensearch.neuralsearch.util.HybridQueryUtil$$Lambda/0x00007fcd28d06898
12031:             1             16  org.opensearch.neuralsearch.util.NeuralSearchClusterUtil
12032:             1             16  org.opensearch.node.Node$$Lambda/0x00007fcd280cb100
12033:             1             16  org.opensearch.node.Node$$Lambda/0x00007fcd280cb568
12034:             1             16  org.opensearch.node.Node$$Lambda/0x00007fcd280cb7a8
12035:             1             16  org.opensearch.node.Node$$Lambda/0x00007fcd284a29d8
12036:             1             16  org.opensearch.node.Node$$Lambda/0x00007fcd284a2c10
12037:             1             16  org.opensearch.node.Node$$Lambda/0x00007fcd2851c640
12038:             1             16  org.opensearch.node.Node$$Lambda/0x00007fcd2851c878
12039:             1             16  org.opensearch.node.Node$$Lambda/0x00007fcd285457b0
12040:             1             16  org.opensearch.node.Node$$Lambda/0x00007fcd286c7278
12041:             1             16  org.opensearch.node.Node$$Lambda/0x00007fcd286c74b0
12042:             1             16  org.opensearch.node.Node$$Lambda/0x00007fcd287148b0
12043:             1             16  org.opensearch.node.Node$$Lambda/0x00007fcd28714ad0
12044:             1             16  org.opensearch.node.Node$$Lambda/0x00007fcd28882648
12045:             1             16  org.opensearch.node.Node$$Lambda/0x00007fcd2888dc18
12046:             1             16  org.opensearch.node.Node$$Lambda/0x00007fcd288b0b40
12047:             1             16  org.opensearch.node.Node$$Lambda/0x00007fcd288b0f90
12048:             1             16  org.opensearch.node.Node$$Lambda/0x00007fcd288b1408
12049:             1             16  org.opensearch.node.Node$$Lambda/0x00007fcd288b1a40
12050:             1             16  org.opensearch.node.Node$$Lambda/0x00007fcd288b1c78
12051:             1             16  org.opensearch.node.Node$$Lambda/0x00007fcd288b1eb0
12052:             1             16  org.opensearch.node.Node$$Lambda/0x00007fcd288b20e8
12053:             1             16  org.opensearch.node.Node$$Lambda/0x00007fcd288b2550
12054:             1             16  org.opensearch.node.Node$$Lambda/0x00007fcd288b2788
12055:             1             16  org.opensearch.node.Node$$Lambda/0x00007fcd288b29c0
12056:             1             16  org.opensearch.node.Node$$Lambda/0x00007fcd288b2bf8
12057:             1             16  org.opensearch.node.Node$$Lambda/0x00007fcd288b2e30
12058:             1             16  org.opensearch.node.Node$$Lambda/0x00007fcd288bb008
12059:             1             16  org.opensearch.node.Node$$Lambda/0x00007fcd288beb90
12060:             1             16  org.opensearch.node.Node$$Lambda/0x00007fcd288c1548
12061:             1             16  org.opensearch.node.Node$$Lambda/0x00007fcd288f9708
12062:             1             16  org.opensearch.node.Node$$Lambda/0x00007fcd28ba30f8
12063:             1             16  org.opensearch.node.Node$$Lambda/0x00007fcd28ba3340
12064:             1             16  org.opensearch.node.Node$$Lambda/0x00007fcd28ba3578
12065:             1             16  org.opensearch.node.Node$$Lambda/0x00007fcd28c9ea20
12066:             1             16  org.opensearch.node.Node$$Lambda/0x00007fcd28c9ee60
12067:             1             16  org.opensearch.node.Node$$Lambda/0x00007fcd28ca1e08
12068:             1             16  org.opensearch.node.Node$$Lambda/0x00007fcd28cb4cd0
12069:             1             16  org.opensearch.node.Node$$Lambda/0x00007fcd28cf3bc0
12070:             1             16  org.opensearch.node.Node$$Lambda/0x00007fcd28cf3de0
12071:             1             16  org.opensearch.node.Node$$Lambda/0x00007fcd28cf4440
12072:             1             16  org.opensearch.node.Node$$Lambda/0x00007fcd28cf4660
12073:             1             16  org.opensearch.node.Node$$Lambda/0x00007fcd28cf4880
12074:             1             16  org.opensearch.node.Node$$Lambda/0x00007fcd28d0af28
12075:             1             16  org.opensearch.node.Node$$Lambda/0x00007fcd28d24f58
12076:             1             16  org.opensearch.node.Node$$Lambda/0x00007fcd28f7e7d0
12077:             1             16  org.opensearch.node.Node$$Lambda/0x00007fcd28f7ea18
12078:             1             16  org.opensearch.node.Node$$Lambda/0x00007fcd28f7ee90
12079:             1             16  org.opensearch.node.Node$$Lambda/0x00007fcd28f7f0b0
12080:             1             16  org.opensearch.node.Node$$Lambda/0x00007fcd28fdf268
12081:             1             16  org.opensearch.node.Node$$Lambda/0x00007fcd290451d8
12082:             1             16  org.opensearch.node.Node$$Lambda/0x00007fcd290e9bf0
12083:             1             16  org.opensearch.node.Node$$Lambda/0x00007fcd290f5260
12084:             1             16  org.opensearch.node.NodeRoleSettings$$Lambda/0x00007fcd284b0000
12085:             1             16  org.opensearch.node.NodeRoleSettings$$Lambda/0x00007fcd284b0238
12086:             1             16  org.opensearch.node.NodeRoleSettings$$Lambda/0x00007fcd284b0470
12087:             1             16  org.opensearch.node.NodeRoleSettings$$Lambda/0x00007fcd284b0908
12088:             1             16  org.opensearch.node.ResourceUsageCollectorService$$Lambda/0x00007fcd29044440
12089:             1             16  org.opensearch.node.ResponseCollectorService
12090:             1             16  org.opensearch.node.remotestore.RemoteStoreNodeService$$Lambda/0x00007fcd28544968
12091:             1             16  org.opensearch.node.remotestore.RemoteStoreNodeService$$Lambda/0x00007fcd28544fd0
12092:             1             16  org.opensearch.node.remotestore.RemoteStoreNodeService$$Lambda/0x00007fcd28545208
12093:             1             16  org.opensearch.node.resource.tracker.AverageIoUsageTracker$$Lambda/0x00007fcd29044220
12094:             1             16  org.opensearch.node.resource.tracker.NodeResourceUsageTracker$$Lambda/0x00007fcd28c9b958
12095:             1             16  org.opensearch.node.resource.tracker.NodeResourceUsageTracker$$Lambda/0x00007fcd28c9be98
12096:             1             16  org.opensearch.node.resource.tracker.NodeResourceUsageTracker$$Lambda/0x00007fcd28c9c3f0
12097:             1             16  org.opensearch.notifications.CoreProvider
12098:             1             16  org.opensearch.notifications.NotificationPlugin
12099:             1             16  org.opensearch.notifications.NotificationPlugin$Companion
12100:             1             16  org.opensearch.notifications.action.CreateNotificationConfigAction$$Lambda/0x00007fcd28e50860
12101:             1             16  org.opensearch.notifications.action.DeleteNotificationConfigAction$$Lambda/0x00007fcd28e50ea8
12102:             1             16  org.opensearch.notifications.action.GetChannelListAction$$Lambda/0x00007fcd28e50000
12103:             1             16  org.opensearch.notifications.action.GetNotificationConfigAction$$Lambda/0x00007fcd28e50648
12104:             1             16  org.opensearch.notifications.action.GetPluginFeaturesAction$$Lambda/0x00007fcd28e50218
12105:             1             16  org.opensearch.notifications.action.PluginBaseAction$Companion
12106:             1             16  org.opensearch.notifications.action.PublishNotificationAction$$Lambda/0x00007fcd28e50c90
12107:             1             16  org.opensearch.notifications.action.SendNotificationAction$$Lambda/0x00007fcd28e50a78
12108:             1             16  org.opensearch.notifications.action.SendTestNotificationAction$$Lambda/0x00007fcd28b01db0
12109:             1             16  org.opensearch.notifications.action.SendTestNotificationAction$$Lambda/0x00007fcd28e50430
12110:             1             16  org.opensearch.notifications.action.SendTestNotificationAction$Companion
12111:             1             16  org.opensearch.notifications.action.UpdateNotificationConfigAction$$Lambda/0x00007fcd28e510c0
12112:             1             16  org.opensearch.notifications.core.NotificationCoreImpl
12113:             1             16  org.opensearch.notifications.core.NotificationCorePlugin
12114:             1             16  org.opensearch.notifications.core.NotificationCorePlugin$Companion
12115:             1             16  org.opensearch.notifications.core.setting.PluginSettings
12116:             1             16  org.opensearch.notifications.core.setting.PluginSettings$$Lambda/0x00007fcd2858d148
12117:             1             16  org.opensearch.notifications.core.setting.PluginSettings$$Lambda/0x00007fcd2858d380
12118:             1             16  org.opensearch.notifications.core.setting.PluginSettings$$Lambda/0x00007fcd2858d5b8
12119:             1             16  org.opensearch.notifications.core.setting.PluginSettings$$Lambda/0x00007fcd2858da80
12120:             1             16  org.opensearch.notifications.core.setting.PluginSettings$$Lambda/0x00007fcd2858dcb8
12121:             1             16  org.opensearch.notifications.core.setting.PluginSettings$$Lambda/0x00007fcd2858def0
12122:             1             16  org.opensearch.notifications.core.setting.PluginSettings$$Lambda/0x00007fcd2858e128
12123:             1             16  org.opensearch.notifications.core.setting.PluginSettings$$Lambda/0x00007fcd2858e360
12124:             1             16  org.opensearch.notifications.core.setting.PluginSettings$$Lambda/0x00007fcd2858e7f0
12125:             1             16  org.opensearch.notifications.core.setting.PluginSettings$$Lambda/0x00007fcd2858ea18
12126:             1             16  org.opensearch.notifications.core.setting.PluginSettings$$Lambda/0x00007fcd2858ec40
12127:             1             16  org.opensearch.notifications.core.setting.PluginSettings$$Lambda/0x00007fcd2858ee68
12128:             1             16  org.opensearch.notifications.core.setting.PluginSettings$$Lambda/0x00007fcd2858f090
12129:             1             16  org.opensearch.notifications.core.setting.PluginSettings$$Lambda/0x00007fcd2858f2b8
12130:             1             16  org.opensearch.notifications.core.setting.PluginSettings$$Lambda/0x00007fcd2858f4e0
12131:             1             16  org.opensearch.notifications.core.setting.PluginSettings$$Lambda/0x00007fcd2858f708
12132:             1             16  org.opensearch.notifications.core.setting.PluginSettings$$Lambda/0x00007fcd2858f930
12133:             1             16  org.opensearch.notifications.core.setting.PluginSettings$$Lambda/0x00007fcd2858fb58
12134:             1             16  org.opensearch.notifications.index.ConfigIndexingActions
12135:             1             16  org.opensearch.notifications.index.NotificationConfigIndex
12136:             1             16  org.opensearch.notifications.index.NotificationConfigIndex$searchHitParser$1
12137:             1             16  org.opensearch.notifications.resthandler.NotificationChannelListRestHandler$Companion
12138:             1             16  org.opensearch.notifications.resthandler.NotificationConfigRestHandler$Companion
12139:             1             16  org.opensearch.notifications.resthandler.NotificationFeaturesRestHandler$Companion
12140:             1             16  org.opensearch.notifications.resthandler.SendTestMessageRestHandler$Companion
12141:             1             16  org.opensearch.notifications.security.UserAccessManager
12142:             1             16  org.opensearch.notifications.send.SendMessageActionHelper
12143:             1             16  org.opensearch.notifications.settings.PluginSettings
12144:             1             16  org.opensearch.notifications.settings.PluginSettings$$Lambda/0x00007fcd28457dc8
12145:             1             16  org.opensearch.notifications.settings.PluginSettings$$Lambda/0x00007fcd28b00000
12146:             1             16  org.opensearch.notifications.util.SecureIndexClient
12147:             1             16  org.opensearch.observability.ObservabilityPlugin
12148:             1             16  org.opensearch.observability.ObservabilityPlugin$Companion
12149:             1             16  org.opensearch.observability.action.CreateObservabilityObjectAction$$Lambda/0x00007fcd28c84ec8
12150:             1             16  org.opensearch.observability.action.CreateObservabilityObjectAction$$Lambda/0x00007fcd28d942f0
12151:             1             16  org.opensearch.observability.action.CreateObservabilityObjectAction$Companion
12152:             1             16  org.opensearch.observability.action.DeleteObservabilityObjectAction$$Lambda/0x00007fcd28c85788
12153:             1             16  org.opensearch.observability.action.DeleteObservabilityObjectAction$$Lambda/0x00007fcd28d94508
12154:             1             16  org.opensearch.observability.action.DeleteObservabilityObjectAction$Companion
12155:             1             16  org.opensearch.observability.action.GetObservabilityObjectAction$$Lambda/0x00007fcd28c86050
12156:             1             16  org.opensearch.observability.action.GetObservabilityObjectAction$$Lambda/0x00007fcd28d94720
12157:             1             16  org.opensearch.observability.action.GetObservabilityObjectAction$Companion
12158:             1             16  org.opensearch.observability.action.PluginBaseAction$Companion
12159:             1             16  org.opensearch.observability.action.UpdateObservabilityObjectAction$$Lambda/0x00007fcd28c86910
12160:             1             16  org.opensearch.observability.action.UpdateObservabilityObjectAction$$Lambda/0x00007fcd28d94938
12161:             1             16  org.opensearch.observability.action.UpdateObservabilityObjectAction$Companion
12162:             1             16  org.opensearch.observability.index.ObservabilityIndex
12163:             1             16  org.opensearch.observability.index.ObservabilityIndex$searchHitParser$1
12164:             1             16  org.opensearch.observability.resthandler.ObservabilityRestHandler$Companion
12165:             1             16  org.opensearch.observability.resthandler.ObservabilityStatsRestHandler$Companion
12166:             1             16  org.opensearch.observability.settings.PluginSettings
12167:             1             16  org.opensearch.observability.settings.PluginSettings$$Lambda/0x00007fcd28597b40
12168:             1             16  org.opensearch.observability.settings.PluginSettings$$Lambda/0x00007fcd28597d78
12169:             1             16  org.opensearch.observability.settings.PluginSettings$$Lambda/0x00007fcd28afa000
12170:             1             16  org.opensearch.observability.settings.PluginSettings$$Lambda/0x00007fcd28afa228
12171:             1             16  org.opensearch.observability.settings.PluginSettings$$Lambda/0x00007fcd28afa450
12172:             1             16  org.opensearch.observability.settings.PluginSettings$$Lambda/0x00007fcd28afa678
12173:             1             16  org.opensearch.observability.settings.PluginSettings$$Lambda/0x00007fcd28afa8a0
12174:             1             16  org.opensearch.observability.settings.PluginSettings$$Lambda/0x00007fcd28afaac8
12175:             1             16  org.opensearch.observability.settings.PluginSettings$$Lambda/0x00007fcd28afacf0
12176:             1             16  org.opensearch.observability.settings.PluginSettings$$Lambda/0x00007fcd28afaf18
12177:             1             16  org.opensearch.observability.util.SecureIndexClient
12178:             1             16  org.opensearch.painless.CompilerSettings$$Lambda/0x00007fcd28226660
12179:             1             16  org.opensearch.painless.PainlessPlugin
12180:             1             16  org.opensearch.painless.PainlessPlugin$$Lambda/0x00007fcd28225990
12181:             1             16  org.opensearch.painless.PainlessPlugin$$Lambda/0x00007fcd28225bc8
12182:             1             16  org.opensearch.painless.PainlessPlugin$$Lambda/0x00007fcd28225df0
12183:             1             16  org.opensearch.painless.action.PainlessContextAction$$Lambda/0x00007fcd2861ede8
12184:             1             16  org.opensearch.painless.action.PainlessContextAction$TransportAction$$Lambda/0x00007fcd2861f830
12185:             1             16  org.opensearch.painless.action.PainlessExecuteAction$$Lambda/0x00007fcd2861e6d0
12186:             1             16  org.opensearch.painless.action.PainlessExecuteAction$TransportAction$$Lambda/0x00007fcd2861fa48
12187:             1             16  org.opensearch.painless.lookup.PainlessLookupBuilder$$Lambda/0x00007fcd285d4470
12188:             1             16  org.opensearch.painless.lookup.PainlessLookupBuilder$$Lambda/0x00007fcd285d48b0
12189:             1             16  org.opensearch.painless.lookup.PainlessLookupBuilder$$Lambda/0x00007fcd285d4ce8
12190:             1             16  org.opensearch.painless.lookup.PainlessLookupBuilder$$Lambda/0x00007fcd285d5128
12191:             1             16  org.opensearch.painless.lookup.PainlessLookupBuilder$$Lambda/0x00007fcd2860fd60
12192:             1             16  org.opensearch.painless.lookup.PainlessLookupBuilder$$Lambda/0x00007fcd2861e208
12193:             1             16  org.opensearch.painless.spi.WhitelistClass$$Lambda/0x00007fcd28220840
12194:             1             16  org.opensearch.painless.spi.WhitelistClass$$Lambda/0x00007fcd28220a78
12195:             1             16  org.opensearch.painless.spi.WhitelistClass$$Lambda/0x00007fcd28220cb0
12196:             1             16  org.opensearch.painless.spi.WhitelistConstructor$$Lambda/0x00007fcd28224cb8
12197:             1             16  org.opensearch.painless.spi.WhitelistConstructor$$Lambda/0x00007fcd28224ef0
12198:             1             16  org.opensearch.painless.spi.WhitelistConstructor$$Lambda/0x00007fcd28225128
12199:             1             16  org.opensearch.painless.spi.WhitelistMethod$$Lambda/0x00007fcd28224408
12200:             1             16  org.opensearch.painless.spi.WhitelistMethod$$Lambda/0x00007fcd28224640
12201:             1             16  org.opensearch.painless.spi.WhitelistMethod$$Lambda/0x00007fcd28224878
12202:             1             16  org.opensearch.painless.spi.annotation.DeprecatedAnnotationParser
12203:             1             16  org.opensearch.painless.spi.annotation.InjectConstantAnnotationParser
12204:             1             16  org.opensearch.painless.spi.annotation.NoImportAnnotation
12205:             1             16  org.opensearch.painless.spi.annotation.NoImportAnnotationParser
12206:             1             16  org.opensearch.painless.spi.annotation.NonDeterministicAnnotation
12207:             1             16  org.opensearch.painless.spi.annotation.NonDeterministicAnnotationParser
12208:             1             16  org.opensearch.painless.spi.annotation.WhitelistAnnotationParser$$Lambda/0x00007fcd2821bc80
12209:             1             16  org.opensearch.painless.spi.annotation.WhitelistAnnotationParser$$Lambda/0x00007fcd28220000
12210:             1             16  org.opensearch.percolator.PercolatorFieldMapper$TypeParser
12211:             1             16  org.opensearch.percolator.PercolatorFieldMapperExt$TypeParser
12212:             1             16  org.opensearch.percolator.PercolatorHighlightSubFetchPhase
12213:             1             16  org.opensearch.percolator.PercolatorHighlightSubFetchPhase
12214:             1             16  org.opensearch.percolator.PercolatorMatchedSlotSubFetchPhase
12215:             1             16  org.opensearch.percolator.PercolatorMatchedSlotSubFetchPhase
12216:             1             16  org.opensearch.percolator.PercolatorPlugin
12217:             1             16  org.opensearch.percolator.PercolatorPlugin$$Lambda/0x00007fcd2878c798
12218:             1             16  org.opensearch.percolator.PercolatorPlugin$$Lambda/0x00007fcd2878c9b0
12219:             1             16  org.opensearch.percolator.PercolatorPluginExt$$Lambda/0x00007fcd28621f38
12220:             1             16  org.opensearch.percolator.PercolatorPluginExt$$Lambda/0x00007fcd28622150
12221:             1             16  org.opensearch.performanceanalyzer.action.PerformanceAnalyzerActionFilter
12222:             1             16  org.opensearch.performanceanalyzer.collectors.NodeStatsAllShardsMetricsCollector$1$$Lambda/0x00007fcd284454b8
12223:             1             16  org.opensearch.performanceanalyzer.collectors.NodeStatsAllShardsMetricsCollector$1$$Lambda/0x00007fcd284456d0
12224:             1             16  org.opensearch.performanceanalyzer.collectors.NodeStatsAllShardsMetricsCollector$1$$Lambda/0x00007fcd284458e8
12225:             1             16  org.opensearch.performanceanalyzer.collectors.NodeStatsAllShardsMetricsCollector$1$$Lambda/0x00007fcd28445b00
12226:             1             16  org.opensearch.performanceanalyzer.collectors.NodeStatsAllShardsMetricsCollector$1$$Lambda/0x00007fcd28445d18
12227:             1             16  org.opensearch.performanceanalyzer.collectors.NodeStatsAllShardsMetricsCollector$1$$Lambda/0x00007fcd28445f30
12228:             1             16  org.opensearch.performanceanalyzer.collectors.NodeStatsAllShardsMetricsCollector$1$$Lambda/0x00007fcd28446148
12229:             1             16  org.opensearch.performanceanalyzer.collectors.NodeStatsAllShardsMetricsCollector$1$$Lambda/0x00007fcd28446360
12230:             1             16  org.opensearch.performanceanalyzer.collectors.NodeStatsAllShardsMetricsCollector$1$$Lambda/0x00007fcd28446578
12231:             1             16  org.opensearch.performanceanalyzer.collectors.NodeStatsAllShardsMetricsCollector$1$$Lambda/0x00007fcd28446790
12232:             1             16  org.opensearch.performanceanalyzer.collectors.telemetry.RTFNodeStatsAllShardsMetricsCollector$$Lambda/0x00007fcd2843f6e0
12233:             1             16  org.opensearch.performanceanalyzer.collectors.telemetry.RTFNodeStatsAllShardsMetricsCollector$$Lambda/0x00007fcd2843f8f8
12234:             1             16  org.opensearch.performanceanalyzer.collectors.telemetry.RTFNodeStatsAllShardsMetricsCollector$$Lambda/0x00007fcd2843fb10
12235:             1             16  org.opensearch.performanceanalyzer.collectors.telemetry.RTFNodeStatsAllShardsMetricsCollector$$Lambda/0x00007fcd2843fd28
12236:             1             16  org.opensearch.performanceanalyzer.collectors.telemetry.RTFNodeStatsAllShardsMetricsCollector$$Lambda/0x00007fcd28444000
12237:             1             16  org.opensearch.performanceanalyzer.collectors.telemetry.RTFNodeStatsAllShardsMetricsCollector$$Lambda/0x00007fcd28444218
12238:             1             16  org.opensearch.performanceanalyzer.collectors.telemetry.RTFNodeStatsAllShardsMetricsCollector$$Lambda/0x00007fcd28444430
12239:             1             16  org.opensearch.performanceanalyzer.collectors.telemetry.RTFNodeStatsAllShardsMetricsCollector$$Lambda/0x00007fcd28444648
12240:             1             16  org.opensearch.performanceanalyzer.collectors.telemetry.RTFNodeStatsAllShardsMetricsCollector$$Lambda/0x00007fcd28444860
12241:             1             16  org.opensearch.performanceanalyzer.collectors.telemetry.RTFNodeStatsAllShardsMetricsCollector$$Lambda/0x00007fcd28444a78
12242:             1             16  org.opensearch.performanceanalyzer.commons.config.ConfigStatus
12243:             1             16  org.opensearch.performanceanalyzer.commons.config.PluginSettings$$Lambda/0x00007fcd283f15c8
12244:             1             16  org.opensearch.performanceanalyzer.commons.metrics_generator.linux.LinuxOSMetricsGenerator
12245:             1             16  org.opensearch.performanceanalyzer.commons.stats.ServiceMetrics$$Lambda/0x00007fcd283edeb0
12246:             1             16  org.opensearch.performanceanalyzer.config.setting.ClusterSettingsManager$ClusterSettingsResponseHandler
12247:             1             16  org.opensearch.performanceanalyzer.http_action.whoami.TransportWhoAmIAction$$Lambda/0x00007fcd28c650b8
12248:             1             16  org.opensearch.performanceanalyzer.listener.NoOpSearchListener
12249:             1             16  org.opensearch.performanceanalyzer.transport.PerformanceAnalyzerTransportInterceptor
12250:             1             16  org.opensearch.performanceanalyzer.writer.EventLogQueueProcessor$$Lambda/0x00007fcd28440a20
12251:             1             16  org.opensearch.performanceanalyzer.writer.EventLogQueueProcessor$$Lambda/0x00007fcd28440c40
12252:             1             16  org.opensearch.persistent.CompletionPersistentTaskAction$$Lambda/0x00007fcd28bff5c0
12253:             1             16  org.opensearch.persistent.CompletionPersistentTaskAction$TransportAction$$Lambda/0x00007fcd28e22ac0
12254:             1             16  org.opensearch.persistent.NodePersistentTasksExecutor
12255:             1             16  org.opensearch.persistent.PersistentTasksClusterService$$Lambda/0x00007fcd28d10540
12256:             1             16  org.opensearch.persistent.PersistentTasksExecutorRegistry
12257:             1             16  org.opensearch.persistent.RemovePersistentTaskAction$$Lambda/0x00007fcd28bffa58
12258:             1             16  org.opensearch.persistent.RemovePersistentTaskAction$TransportAction$$Lambda/0x00007fcd28edd5e0
12259:             1             16  org.opensearch.persistent.StartPersistentTaskAction$$Lambda/0x00007fcd28bfec90
12260:             1             16  org.opensearch.persistent.StartPersistentTaskAction$TransportAction$$Lambda/0x00007fcd28e22470
12261:             1             16  org.opensearch.persistent.UpdatePersistentTaskStatusAction$$Lambda/0x00007fcd28bff128
12262:             1             16  org.opensearch.persistent.UpdatePersistentTaskStatusAction$TransportAction$$Lambda/0x00007fcd28f7e180
12263:             1             16  org.opensearch.persistent.decider.EnableAssignmentDecider
12264:             1             16  org.opensearch.persistent.decider.EnableAssignmentDecider$$Lambda/0x00007fcd286f43a0
12265:             1             16  org.opensearch.persistent.decider.EnableAssignmentDecider$$Lambda/0x00007fcd28d0bbe0
12266:             1             16  org.opensearch.plugin.repository.url.URLRepositoryPlugin
12267:             1             16  org.opensearch.plugins.MapperPlugin$$Lambda/0x00007fcd28213db8
12268:             1             16  org.opensearch.plugins.MapperPlugin$$Lambda/0x00007fcd28216000
12269:             1             16  org.opensearch.plugins.MetadataUpgrader
12270:             1             16  org.opensearch.plugins.MetadataUpgrader$$Lambda/0x00007fcd28ca2248
12271:             1             16  org.opensearch.plugins.PluginsService$$Lambda/0x00007fcd281eb350
12272:             1             16  org.opensearch.plugins.PluginsService$$Lambda/0x00007fcd28443220
12273:             1             16  org.opensearch.plugins.PluginsService$$Lambda/0x00007fcd28443458
12274:             1             16  org.opensearch.plugins.PluginsService$$Lambda/0x00007fcd28443690
12275:             1             16  org.opensearch.plugins.PluginsService$$Lambda/0x00007fcd2845e428
12276:             1             16  org.opensearch.plugins.PluginsService$$Lambda/0x00007fcd284a27a0
12277:             1             16  org.opensearch.plugins.PluginsService$$Lambda/0x00007fcd28542238
12278:             1             16  org.opensearch.plugins.PluginsService$$Lambda/0x00007fcd2854ed60
12279:             1             16  org.opensearch.plugins.TransportExceptionHandler$$Lambda/0x00007fcd28ca17c8
12280:             1             16  org.opensearch.ratelimitting.admissioncontrol.AdmissionControlSettings
12281:             1             16  org.opensearch.ratelimitting.admissioncontrol.AdmissionControlSettings$$Lambda/0x00007fcd28704fe0
12282:             1             16  org.opensearch.ratelimitting.admissioncontrol.AdmissionControlSettings$$Lambda/0x00007fcd28c9d418
12283:             1             16  org.opensearch.ratelimitting.admissioncontrol.settings.CpuBasedAdmissionControllerSettings$$Lambda/0x00007fcd28705458
12284:             1             16  org.opensearch.ratelimitting.admissioncontrol.settings.CpuBasedAdmissionControllerSettings$$Lambda/0x00007fcd28c9d648
12285:             1             16  org.opensearch.ratelimitting.admissioncontrol.settings.CpuBasedAdmissionControllerSettings$$Lambda/0x00007fcd28c9d878
12286:             1             16  org.opensearch.ratelimitting.admissioncontrol.settings.CpuBasedAdmissionControllerSettings$$Lambda/0x00007fcd28c9daa8
12287:             1             16  org.opensearch.ratelimitting.admissioncontrol.settings.CpuBasedAdmissionControllerSettings$$Lambda/0x00007fcd28c9dcd8
12288:             1             16  org.opensearch.ratelimitting.admissioncontrol.settings.IoBasedAdmissionControllerSettings$$Lambda/0x00007fcd287058d0
12289:             1             16  org.opensearch.ratelimitting.admissioncontrol.settings.IoBasedAdmissionControllerSettings$$Lambda/0x00007fcd28c9df08
12290:             1             16  org.opensearch.ratelimitting.admissioncontrol.settings.IoBasedAdmissionControllerSettings$$Lambda/0x00007fcd28c9e138
12291:             1             16  org.opensearch.ratelimitting.admissioncontrol.settings.IoBasedAdmissionControllerSettings$$Lambda/0x00007fcd28c9e368
12292:             1             16  org.opensearch.ratelimitting.admissioncontrol.transport.AdmissionControlTransportInterceptor
12293:             1             16  org.opensearch.replication.ReplicationPlugin$$Lambda/0x00007fcd285224f0
12294:             1             16  org.opensearch.replication.ReplicationPlugin$$Lambda/0x00007fcd285229c8
12295:             1             16  org.opensearch.replication.ReplicationPlugin$$Lambda/0x00007fcd28894000
12296:             1             16  org.opensearch.replication.ReplicationPlugin$$Lambda/0x00007fcd288944d0
12297:             1             16  org.opensearch.replication.ReplicationPlugin$$Lambda/0x00007fcd288949d8
12298:             1             16  org.opensearch.replication.ReplicationPlugin$$Lambda/0x00007fcd28894f18
12299:             1             16  org.opensearch.replication.ReplicationPlugin$$Lambda/0x00007fcd288953b8
12300:             1             16  org.opensearch.replication.ReplicationPlugin$$Lambda/0x00007fcd28895a80
12301:             1             16  org.opensearch.replication.ReplicationPlugin$$Lambda/0x00007fcd28895c98
12302:             1             16  org.opensearch.replication.ReplicationPlugin$$Lambda/0x00007fcd28898000
12303:             1             16  org.opensearch.replication.ReplicationPlugin$$Lambda/0x00007fcd28898218
12304:             1             16  org.opensearch.replication.ReplicationPlugin$$Lambda/0x00007fcd28898430
12305:             1             16  org.opensearch.replication.ReplicationPlugin$$Lambda/0x00007fcd28898648
12306:             1             16  org.opensearch.replication.ReplicationPlugin$$Lambda/0x00007fcd28898860
12307:             1             16  org.opensearch.replication.ReplicationPlugin$$Lambda/0x00007fcd29000d80
12308:             1             16  org.opensearch.replication.ReplicationPlugin$Companion
12309:             1             16  org.opensearch.replication.ReplicationSettings$$Lambda/0x00007fcd2889a2e0
12310:             1             16  org.opensearch.replication.ReplicationSettings$$Lambda/0x00007fcd2889a510
12311:             1             16  org.opensearch.replication.ReplicationSettings$$Lambda/0x00007fcd2889a740
12312:             1             16  org.opensearch.replication.ReplicationSettings$$Lambda/0x00007fcd2889a970
12313:             1             16  org.opensearch.replication.ReplicationSettings$$Lambda/0x00007fcd2889aba0
12314:             1             16  org.opensearch.replication.ReplicationSettings$$Lambda/0x00007fcd2889add0
12315:             1             16  org.opensearch.replication.ReplicationSettings$$Lambda/0x00007fcd2889b000
12316:             1             16  org.opensearch.replication.ReplicationSettings$$Lambda/0x00007fcd2889b230
12317:             1             16  org.opensearch.replication.ReplicationSettings$$Lambda/0x00007fcd2889b460
12318:             1             16  org.opensearch.replication.ReplicationSettings$$Lambda/0x00007fcd2889b690
12319:             1             16  org.opensearch.replication.ReplicationSettings$$Lambda/0x00007fcd2889b8c0
12320:             1             16  org.opensearch.replication.ReplicationSettings$$Lambda/0x00007fcd2889baf0
12321:             1             16  org.opensearch.replication.action.autofollow.AutoFollowClusterManagerNodeAction$$Lambda/0x00007fcd28c08860
12322:             1             16  org.opensearch.replication.action.autofollow.AutoFollowClusterManagerNodeAction$Companion
12323:             1             16  org.opensearch.replication.action.autofollow.TransportAutoFollowClusterManagerNodeAction$$Lambda/0x00007fcd28da1b30
12324:             1             16  org.opensearch.replication.action.autofollow.TransportAutoFollowClusterManagerNodeAction$Companion
12325:             1             16  org.opensearch.replication.action.autofollow.TransportUpdateAutoFollowPatternAction$$Lambda/0x00007fcd28e6d440
12326:             1             16  org.opensearch.replication.action.autofollow.TransportUpdateAutoFollowPatternAction$Companion
12327:             1             16  org.opensearch.replication.action.autofollow.UpdateAutoFollowPatternAction$$Lambda/0x00007fcd28c08000
12328:             1             16  org.opensearch.replication.action.autofollow.UpdateAutoFollowPatternAction$Companion
12329:             1             16  org.opensearch.replication.action.changes.GetChangesAction$$Lambda/0x00007fcd28974f10
12330:             1             16  org.opensearch.replication.action.changes.GetChangesAction$Companion
12331:             1             16  org.opensearch.replication.action.changes.TransportGetChangesAction$$Lambda/0x00007fcd28da0a70
12332:             1             16  org.opensearch.replication.action.changes.TransportGetChangesAction$$Lambda/0x00007fcd28da0c88
12333:             1             16  org.opensearch.replication.action.changes.TransportGetChangesAction$Companion
12334:             1             16  org.opensearch.replication.action.index.ReplicateIndexAction$$Lambda/0x00007fcd28975a38
12335:             1             16  org.opensearch.replication.action.index.ReplicateIndexAction$Companion
12336:             1             16  org.opensearch.replication.action.index.ReplicateIndexClusterManagerNodeAction$$Lambda/0x00007fcd28976490
12337:             1             16  org.opensearch.replication.action.index.ReplicateIndexClusterManagerNodeAction$Companion
12338:             1             16  org.opensearch.replication.action.index.TransportReplicateIndexAction$$Lambda/0x00007fcd28e6d658
12339:             1             16  org.opensearch.replication.action.index.TransportReplicateIndexAction$Companion
12340:             1             16  org.opensearch.replication.action.index.TransportReplicateIndexClusterManagerNodeAction$$Lambda/0x00007fcd28e6f7d8
12341:             1             16  org.opensearch.replication.action.index.TransportReplicateIndexClusterManagerNodeAction$Companion
12342:             1             16  org.opensearch.replication.action.index.block.TransportUpddateIndexBlockAction$$Lambda/0x00007fcd28e6cdf8
12343:             1             16  org.opensearch.replication.action.index.block.TransportUpddateIndexBlockAction$Companion
12344:             1             16  org.opensearch.replication.action.index.block.UpdateIndexBlockAction$$Lambda/0x00007fcd28c0b420
12345:             1             16  org.opensearch.replication.action.index.block.UpdateIndexBlockAction$Companion
12346:             1             16  org.opensearch.replication.action.pause.PauseIndexReplicationAction$$Lambda/0x00007fcd28c099e0
12347:             1             16  org.opensearch.replication.action.pause.PauseIndexReplicationAction$Companion
12348:             1             16  org.opensearch.replication.action.pause.TransportPauseIndexReplicationAction$$Lambda/0x00007fcd28e6d228
12349:             1             16  org.opensearch.replication.action.pause.TransportPauseIndexReplicationAction$Companion
12350:             1             16  org.opensearch.replication.action.replay.ReplayChangesAction$$Lambda/0x00007fcd28976fb0
12351:             1             16  org.opensearch.replication.action.replay.ReplayChangesAction$Companion
12352:             1             16  org.opensearch.replication.action.replay.TransportReplayChangesAction$$Lambda/0x00007fcd28da1d48
12353:             1             16  org.opensearch.replication.action.replay.TransportReplayChangesAction$$Lambda/0x00007fcd28da1f80
12354:             1             16  org.opensearch.replication.action.replay.TransportReplayChangesAction$$Lambda/0x00007fcd28da2198
12355:             1             16  org.opensearch.replication.action.replay.TransportReplayChangesAction$Companion
12356:             1             16  org.opensearch.replication.action.replicationstatedetails.TransportUpdateReplicationStateDetails$$Lambda/0x00007fcd28e6f3a8
12357:             1             16  org.opensearch.replication.action.replicationstatedetails.UpdateReplicationStateAction$$Lambda/0x00007fcd28c0deb8
12358:             1             16  org.opensearch.replication.action.replicationstatedetails.UpdateReplicationStateAction$Companion
12359:             1             16  org.opensearch.replication.action.repository.GetFileChunkAction$$Lambda/0x00007fcd28c01660
12360:             1             16  org.opensearch.replication.action.repository.GetFileChunkAction$Companion
12361:             1             16  org.opensearch.replication.action.repository.GetStoreMetadataAction$$Lambda/0x00007fcd28977b48
12362:             1             16  org.opensearch.replication.action.repository.GetStoreMetadataAction$Companion
12363:             1             16  org.opensearch.replication.action.repository.ReleaseLeaderResourcesAction$$Lambda/0x00007fcd28c0bce0
12364:             1             16  org.opensearch.replication.action.repository.ReleaseLeaderResourcesAction$Companion
12365:             1             16  org.opensearch.replication.action.repository.TransportGetFileChunkAction$$Lambda/0x00007fcd28e6e2e8
12366:             1             16  org.opensearch.replication.action.repository.TransportGetFileChunkAction$$Lambda/0x00007fcd28e6e500
12367:             1             16  org.opensearch.replication.action.repository.TransportGetFileChunkAction$Companion
12368:             1             16  org.opensearch.replication.action.repository.TransportGetStoreMetadataAction$$Lambda/0x00007fcd28da12d0
12369:             1             16  org.opensearch.replication.action.repository.TransportGetStoreMetadataAction$$Lambda/0x00007fcd28da14e8
12370:             1             16  org.opensearch.replication.action.repository.TransportGetStoreMetadataAction$Companion
12371:             1             16  org.opensearch.replication.action.repository.TransportReleaseLeaderResourcesAction$$Lambda/0x00007fcd28da1700
12372:             1             16  org.opensearch.replication.action.repository.TransportReleaseLeaderResourcesAction$$Lambda/0x00007fcd28da1918
12373:             1             16  org.opensearch.replication.action.repository.TransportReleaseLeaderResourcesAction$Companion
12374:             1             16  org.opensearch.replication.action.resume.ResumeIndexReplicationAction$$Lambda/0x00007fcd28c0a2a0
12375:             1             16  org.opensearch.replication.action.resume.ResumeIndexReplicationAction$Companion
12376:             1             16  org.opensearch.replication.action.resume.TransportResumeIndexReplicationAction$$Lambda/0x00007fcd28da0ea0
12377:             1             16  org.opensearch.replication.action.resume.TransportResumeIndexReplicationAction$Companion
12378:             1             16  org.opensearch.replication.action.setup.SetupChecksAction$$Lambda/0x00007fcd28c0d670
12379:             1             16  org.opensearch.replication.action.setup.SetupChecksAction$Companion
12380:             1             16  org.opensearch.replication.action.setup.TransportSetupChecksAction$$Lambda/0x00007fcd28e6e718
12381:             1             16  org.opensearch.replication.action.setup.TransportSetupChecksAction$Companion
12382:             1             16  org.opensearch.replication.action.setup.TransportValidatePermissionsAction$$Lambda/0x00007fcd28e6d010
12383:             1             16  org.opensearch.replication.action.setup.TransportValidatePermissionsAction$Companion
12384:             1             16  org.opensearch.replication.action.setup.ValidatePermissionsAction$$Lambda/0x00007fcd28c0ce28
12385:             1             16  org.opensearch.replication.action.setup.ValidatePermissionsAction$Companion
12386:             1             16  org.opensearch.replication.action.stats.AutoFollowStatsAction$$Lambda/0x00007fcd28c114b0
12387:             1             16  org.opensearch.replication.action.stats.AutoFollowStatsAction$Companion
12388:             1             16  org.opensearch.replication.action.stats.FollowerStatsAction$$Lambda/0x00007fcd28c10968
12389:             1             16  org.opensearch.replication.action.stats.FollowerStatsAction$Companion
12390:             1             16  org.opensearch.replication.action.stats.LeaderStatsAction$$Lambda/0x00007fcd28c10000
12391:             1             16  org.opensearch.replication.action.stats.LeaderStatsAction$Companion
12392:             1             16  org.opensearch.replication.action.stats.TransportAutoFollowStatsAction$$Lambda/0x00007fcd28e6dca0
12393:             1             16  org.opensearch.replication.action.stats.TransportAutoFollowStatsAction$$Lambda/0x00007fcd28e6deb8
12394:             1             16  org.opensearch.replication.action.stats.TransportAutoFollowStatsAction$$Lambda/0x00007fcd28e6e0d0
12395:             1             16  org.opensearch.replication.action.stats.TransportAutoFollowStatsAction$Companion
12396:             1             16  org.opensearch.replication.action.stats.TransportFollowerStatsAction$$Lambda/0x00007fcd28e6eb48
12397:             1             16  org.opensearch.replication.action.stats.TransportFollowerStatsAction$$Lambda/0x00007fcd28e6ed60
12398:             1             16  org.opensearch.replication.action.stats.TransportFollowerStatsAction$Companion
12399:             1             16  org.opensearch.replication.action.stats.TransportLeaderStatsAction$$Lambda/0x00007fcd28e6d870
12400:             1             16  org.opensearch.replication.action.stats.TransportLeaderStatsAction$$Lambda/0x00007fcd28e6da88
12401:             1             16  org.opensearch.replication.action.stats.TransportLeaderStatsAction$Companion
12402:             1             16  org.opensearch.replication.action.status.ReplicationStatusAction$$Lambda/0x00007fcd28c0f2d8
12403:             1             16  org.opensearch.replication.action.status.ReplicationStatusAction$Companion
12404:             1             16  org.opensearch.replication.action.status.ShardsInfoAction$$Lambda/0x00007fcd28c0ea40
12405:             1             16  org.opensearch.replication.action.status.ShardsInfoAction$Companion
12406:             1             16  org.opensearch.replication.action.status.TranportShardsInfoAction$$Lambda/0x00007fcd28e6e930
12407:             1             16  org.opensearch.replication.action.status.TranportShardsInfoAction$Companion
12408:             1             16  org.opensearch.replication.action.status.TransportReplicationStatusAction$$Lambda/0x00007fcd28e6ef78
12409:             1             16  org.opensearch.replication.action.status.TransportReplicationStatusAction$Companion
12410:             1             16  org.opensearch.replication.action.stop.StopIndexReplicationAction$$Lambda/0x00007fcd28c09120
12411:             1             16  org.opensearch.replication.action.stop.StopIndexReplicationAction$Companion
12412:             1             16  org.opensearch.replication.action.stop.TransportStopIndexReplicationAction$$Lambda/0x00007fcd28e6f190
12413:             1             16  org.opensearch.replication.action.stop.TransportStopIndexReplicationAction$Companion
12414:             1             16  org.opensearch.replication.action.update.TransportUpdateIndexReplicationAction$$Lambda/0x00007fcd28e6f9f0
12415:             1             16  org.opensearch.replication.action.update.TransportUpdateIndexReplicationAction$Companion
12416:             1             16  org.opensearch.replication.action.update.UpdateIndexReplicationAction$$Lambda/0x00007fcd28c0ab60
12417:             1             16  org.opensearch.replication.action.update.UpdateIndexReplicationAction$Companion
12418:             1             16  org.opensearch.replication.metadata.ReplicationMetadataManager$Companion
12419:             1             16  org.opensearch.replication.metadata.TransportUpdateMetadataAction$$Lambda/0x00007fcd28e6f5c0
12420:             1             16  org.opensearch.replication.metadata.TransportUpdateMetadataAction$Companion
12421:             1             16  org.opensearch.replication.metadata.UpdateMetadataAction$$Lambda/0x00007fcd28c0c580
12422:             1             16  org.opensearch.replication.metadata.UpdateMetadataAction$Companion
12423:             1             16  org.opensearch.replication.metadata.store.ReplicationMetadataStore$Companion
12424:             1             16  org.opensearch.replication.repository.RemoteClusterRepositoriesService
12425:             1             16  org.opensearch.replication.repository.RemoteClusterRepositoriesService$$Lambda/0x00007fcd28974000
12426:             1             16  org.opensearch.replication.repository.RemoteClusterRepositoriesService$$Lambda/0x00007fcd28974230
12427:             1             16  org.opensearch.replication.repository.RemoteClusterRepositoriesService$$Lambda/0x00007fcd28974458
12428:             1             16  org.opensearch.replication.repository.RemoteClusterRepositoriesService$$Lambda/0x00007fcd28974688
12429:             1             16  org.opensearch.replication.rest.AutoFollowStatsHandler$Companion
12430:             1             16  org.opensearch.replication.rest.FollowerStatsHandler$Companion
12431:             1             16  org.opensearch.replication.rest.LeaderStatsHandler$Companion
12432:             1             16  org.opensearch.replication.rest.PauseIndexReplicationHandler$Companion
12433:             1             16  org.opensearch.replication.rest.ReplicationStatusHandler$Companion
12434:             1             16  org.opensearch.replication.rest.ResumeIndexReplicationHandler$Companion
12435:             1             16  org.opensearch.replication.rest.UpdateAutoFollowPatternsHandler$Companion
12436:             1             16  org.opensearch.replication.seqno.RemoteClusterTranslogService$Companion
12437:             1             16  org.opensearch.replication.task.autofollow.AutoFollowExecutor$Companion
12438:             1             16  org.opensearch.replication.task.autofollow.AutoFollowStat$Companion
12439:             1             16  org.opensearch.replication.task.index.IndexReplicationExecutor$Companion
12440:             1             16  org.opensearch.replication.task.index.IndexReplicationState$$Lambda/0x00007fcd28d0c660
12441:             1             16  org.opensearch.replication.task.index.IndexReplicationState$$Lambda/0x00007fcd28d0c878
12442:             1             16  org.opensearch.replication.task.index.IndexReplicationState$Companion
12443:             1             16  org.opensearch.replication.task.index.InitialState
12444:             1             16  org.opensearch.replication.task.shard.FollowerClusterStats
12445:             1             16  org.opensearch.replication.task.shard.ShardReplicationExecutor$Companion
12446:             1             16  org.opensearch.replication.util.ValidationUtil
12447:             1             16  org.opensearch.reportsscheduler.ReportsSchedulerPlugin
12448:             1             16  org.opensearch.reportsscheduler.ReportsSchedulerPlugin$Companion
12449:             1             16  org.opensearch.reportsscheduler.action.CreateReportDefinitionAction$$Lambda/0x00007fcd289796f8
12450:             1             16  org.opensearch.reportsscheduler.action.CreateReportDefinitionAction$$Lambda/0x00007fcd28d81cf0
12451:             1             16  org.opensearch.reportsscheduler.action.CreateReportDefinitionAction$Companion
12452:             1             16  org.opensearch.reportsscheduler.action.DeleteReportDefinitionAction$$Lambda/0x00007fcd28979fb8
12453:             1             16  org.opensearch.reportsscheduler.action.DeleteReportDefinitionAction$$Lambda/0x00007fcd28d82120
12454:             1             16  org.opensearch.reportsscheduler.action.DeleteReportDefinitionAction$Companion
12455:             1             16  org.opensearch.reportsscheduler.action.GetAllReportDefinitionsAction$$Lambda/0x00007fcd2897a880
12456:             1             16  org.opensearch.reportsscheduler.action.GetAllReportDefinitionsAction$$Lambda/0x00007fcd28d82338
12457:             1             16  org.opensearch.reportsscheduler.action.GetAllReportDefinitionsAction$Companion
12458:             1             16  org.opensearch.reportsscheduler.action.GetAllReportInstancesAction$$Lambda/0x00007fcd2897b148
12459:             1             16  org.opensearch.reportsscheduler.action.GetAllReportInstancesAction$$Lambda/0x00007fcd28d81490
12460:             1             16  org.opensearch.reportsscheduler.action.GetAllReportInstancesAction$Companion
12461:             1             16  org.opensearch.reportsscheduler.action.GetReportDefinitionAction$$Lambda/0x00007fcd2897ba10
12462:             1             16  org.opensearch.reportsscheduler.action.GetReportDefinitionAction$$Lambda/0x00007fcd28d816a8
12463:             1             16  org.opensearch.reportsscheduler.action.GetReportDefinitionAction$Companion
12464:             1             16  org.opensearch.reportsscheduler.action.GetReportInstanceAction$$Lambda/0x00007fcd28c14498
12465:             1             16  org.opensearch.reportsscheduler.action.GetReportInstanceAction$$Lambda/0x00007fcd28d81f08
12466:             1             16  org.opensearch.reportsscheduler.action.GetReportInstanceAction$Companion
12467:             1             16  org.opensearch.reportsscheduler.action.InContextReportCreateAction$$Lambda/0x00007fcd28c14d60
12468:             1             16  org.opensearch.reportsscheduler.action.InContextReportCreateAction$$Lambda/0x00007fcd28d82550
12469:             1             16  org.opensearch.reportsscheduler.action.InContextReportCreateAction$Companion
12470:             1             16  org.opensearch.reportsscheduler.action.OnDemandReportCreateAction$$Lambda/0x00007fcd28c15628
12471:             1             16  org.opensearch.reportsscheduler.action.OnDemandReportCreateAction$$Lambda/0x00007fcd28c17d48
12472:             1             16  org.opensearch.reportsscheduler.action.OnDemandReportCreateAction$Companion
12473:             1             16  org.opensearch.reportsscheduler.action.PluginBaseAction$Companion
12474:             1             16  org.opensearch.reportsscheduler.action.UpdateReportDefinitionAction$$Lambda/0x00007fcd28c15ee8
12475:             1             16  org.opensearch.reportsscheduler.action.UpdateReportDefinitionAction$$Lambda/0x00007fcd28d81ad8
12476:             1             16  org.opensearch.reportsscheduler.action.UpdateReportDefinitionAction$Companion
12477:             1             16  org.opensearch.reportsscheduler.action.UpdateReportInstanceStatusAction$$Lambda/0x00007fcd28c167a8
12478:             1             16  org.opensearch.reportsscheduler.action.UpdateReportInstanceStatusAction$$Lambda/0x00007fcd28d818c0
12479:             1             16  org.opensearch.reportsscheduler.action.UpdateReportInstanceStatusAction$Companion
12480:             1             16  org.opensearch.reportsscheduler.index.ReportDefinitionsIndex
12481:             1             16  org.opensearch.reportsscheduler.index.ReportInstancesIndex
12482:             1             16  org.opensearch.reportsscheduler.resthandler.OnDemandReportRestHandler$Companion
12483:             1             16  org.opensearch.reportsscheduler.resthandler.ReportDefinitionListRestHandler$Companion
12484:             1             16  org.opensearch.reportsscheduler.resthandler.ReportDefinitionRestHandler$Companion
12485:             1             16  org.opensearch.reportsscheduler.resthandler.ReportInstanceListRestHandler$Companion
12486:             1             16  org.opensearch.reportsscheduler.resthandler.ReportInstanceRestHandler$Companion
12487:             1             16  org.opensearch.reportsscheduler.resthandler.ReportStatsRestHandler$Companion
12488:             1             16  org.opensearch.reportsscheduler.scheduler.ReportDefinitionJobParser
12489:             1             16  org.opensearch.reportsscheduler.scheduler.ReportDefinitionJobRunner
12490:             1             16  org.opensearch.reportsscheduler.settings.PluginSettings
12491:             1             16  org.opensearch.reportsscheduler.settings.PluginSettings$$Lambda/0x00007fcd28577600
12492:             1             16  org.opensearch.reportsscheduler.settings.PluginSettings$$Lambda/0x00007fcd28577828
12493:             1             16  org.opensearch.repositories.RepositoriesService$$Lambda/0x00007fcd28cef878
12494:             1             16  org.opensearch.repositories.VerifyNodeRepositoryAction$$Lambda/0x00007fcd28cef228
12495:             1             16  org.opensearch.repositories.VerifyNodeRepositoryAction$VerifyNodeRepositoryRequestHandler
12496:             1             16  org.opensearch.repositories.blobstore.BlobStoreRepository$$Lambda/0x00007fcd28531058
12497:             1             16  org.opensearch.repositories.blobstore.BlobStoreRepository$$Lambda/0x00007fcd28532538
12498:             1             16  org.opensearch.repositories.blobstore.BlobStoreRepository$$Lambda/0x00007fcd28532d70
12499:             1             16  org.opensearch.repositories.blobstore.BlobStoreRepository$$Lambda/0x00007fcd285331e8
12500:             1             16  org.opensearch.repositories.blobstore.BlobStoreRepository$$Lambda/0x00007fcd285338b8
12501:             1             16  org.opensearch.repositories.blobstore.BlobStoreRepository$$Lambda/0x00007fcd28533dc8
12502:             1             16  org.opensearch.repositories.blobstore.BlobStoreRepository$$Lambda/0x00007fcd28534298
12503:             1             16  org.opensearch.repositories.blobstore.BlobStoreRepository$$Lambda/0x00007fcd291bc448
12504:             1             16  org.opensearch.repositories.s3.S3ClientSettings$$Lambda/0x00007fcd283c4888
12505:             1             16  org.opensearch.repositories.s3.S3ClientSettings$$Lambda/0x00007fcd283c4ac0
12506:             1             16  org.opensearch.repositories.s3.S3ClientSettings$$Lambda/0x00007fcd283c4cf8
12507:             1             16  org.opensearch.repositories.s3.S3ClientSettings$$Lambda/0x00007fcd283c4f30
12508:             1             16  org.opensearch.repositories.s3.S3ClientSettings$$Lambda/0x00007fcd283c5168
12509:             1             16  org.opensearch.repositories.s3.S3ClientSettings$$Lambda/0x00007fcd283c53a0
12510:             1             16  org.opensearch.repositories.s3.S3ClientSettings$$Lambda/0x00007fcd283c55d8
12511:             1             16  org.opensearch.repositories.s3.S3ClientSettings$$Lambda/0x00007fcd283c5810
12512:             1             16  org.opensearch.repositories.s3.S3ClientSettings$$Lambda/0x00007fcd283c5a48
12513:             1             16  org.opensearch.repositories.s3.S3ClientSettings$$Lambda/0x00007fcd283c5ec0
12514:             1             16  org.opensearch.repositories.s3.S3ClientSettings$$Lambda/0x00007fcd283c60f8
12515:             1             16  org.opensearch.repositories.s3.S3ClientSettings$$Lambda/0x00007fcd283c6570
12516:             1             16  org.opensearch.repositories.s3.S3ClientSettings$$Lambda/0x00007fcd283c67a8
12517:             1             16  org.opensearch.repositories.s3.S3ClientSettings$$Lambda/0x00007fcd283c69e0
12518:             1             16  org.opensearch.repositories.s3.S3ClientSettings$$Lambda/0x00007fcd283c6c18
12519:             1             16  org.opensearch.repositories.s3.S3ClientSettings$$Lambda/0x00007fcd283c6e50
12520:             1             16  org.opensearch.repositories.s3.S3ClientSettings$$Lambda/0x00007fcd283c7088
12521:             1             16  org.opensearch.repositories.s3.S3ClientSettings$$Lambda/0x00007fcd283c72c0
12522:             1             16  org.opensearch.repositories.s3.S3ClientSettings$$Lambda/0x00007fcd283c74f8
12523:             1             16  org.opensearch.repositories.s3.S3ClientSettings$$Lambda/0x00007fcd283c7730
12524:             1             16  org.opensearch.repositories.s3.S3ClientSettings$$Lambda/0x00007fcd283c7968
12525:             1             16  org.opensearch.repositories.s3.S3ClientSettings$$Lambda/0x00007fcd283c7ba0
12526:             1             16  org.opensearch.repositories.s3.S3ClientSettings$$Lambda/0x00007fcd283c8000
12527:             1             16  org.opensearch.repositories.s3.S3ClientSettings$$Lambda/0x00007fcd283c8238
12528:             1             16  org.opensearch.repositories.s3.S3ClientSettings$$Lambda/0x00007fcd283c8470
12529:             1             16  org.opensearch.repositories.s3.S3ClientSettings$$Lambda/0x00007fcd283c86a8
12530:             1             16  org.opensearch.repositories.s3.S3ClientSettings$$Lambda/0x00007fcd283c88e0
12531:             1             16  org.opensearch.repositories.s3.S3ClientSettings$$Lambda/0x00007fcd283c8b18
12532:             1             16  org.opensearch.repositories.s3.S3ClientSettings$$Lambda/0x00007fcd283c8d50
12533:             1             16  org.opensearch.repositories.s3.S3ClientSettings$$Lambda/0x00007fcd283c8f88
12534:             1             16  org.opensearch.repositories.s3.S3Repository$$Lambda/0x00007fcd285285f0
12535:             1             16  org.opensearch.repositories.s3.S3Repository$$Lambda/0x00007fcd28528828
12536:             1             16  org.opensearch.repositories.s3.async.TransferSemaphoresHolder$$Lambda/0x00007fcd28a85110
12537:             1             16  org.opensearch.repositories.s3.async.TransferSemaphoresHolder$$Lambda/0x00007fcd28a85340
12538:             1             16  org.opensearch.repositories.url.URLRepository$$Lambda/0x00007fcd28214af0
12539:             1             16  org.opensearch.repositories.url.URLRepository$$Lambda/0x00007fcd28214d28
12540:             1             16  org.opensearch.repositories.url.URLRepository$$Lambda/0x00007fcd285485d8
12541:             1             16  org.opensearch.repositories.url.URLRepository$$Lambda/0x00007fcd28548810
12542:             1             16  org.opensearch.rest.RestController$$Lambda/0x00007fcd28c9a520
12543:             1             16  org.opensearch.rest.RestUtils$1
12544:             1             16  org.opensearch.rest.action.admin.cluster.RestClusterRerouteAction$$Lambda/0x00007fcd28fc8240
12545:             1             16  org.opensearch.rest.action.admin.cluster.RestClusterRerouteAction$$Lambda/0x00007fcd28fc8458
12546:             1             16  org.opensearch.rest.action.admin.cluster.RestNodesStatsAction$$Lambda/0x00007fcd28fc5cf8
12547:             1             16  org.opensearch.rest.action.admin.cluster.RestReloadSecureSettingsAction$$Lambda/0x00007fcd28fd4020
12548:             1             16  org.opensearch.rest.action.admin.cluster.RestReloadSecureSettingsAction$$Lambda/0x00007fcd28fd4238
12549:             1             16  org.opensearch.script.AbstractSortScript$$Lambda/0x00007fcd285ce0d8
12550:             1             16  org.opensearch.script.AbstractSortScript$$Lambda/0x00007fcd285ce310
12551:             1             16  org.opensearch.script.AbstractSortScript$$Lambda/0x00007fcd285ce548
12552:             1             16  org.opensearch.script.AggregationScript$$Lambda/0x00007fcd285cd598
12553:             1             16  org.opensearch.script.AggregationScript$$Lambda/0x00007fcd285cd7d0
12554:             1             16  org.opensearch.script.AggregationScript$$Lambda/0x00007fcd285cda08
12555:             1             16  org.opensearch.script.DerivedFieldScript$$Lambda/0x00007fcd2822cce0
12556:             1             16  org.opensearch.script.DerivedFieldScript$$Lambda/0x00007fcd2822cf18
12557:             1             16  org.opensearch.script.FieldScript$$Lambda/0x00007fcd285cc2a8
12558:             1             16  org.opensearch.script.FieldScript$$Lambda/0x00007fcd285cc4e0
12559:             1             16  org.opensearch.script.FieldScript$$Lambda/0x00007fcd285cc718
12560:             1             16  org.opensearch.script.ScoreScript$$Lambda/0x00007fcd2821d7b8
12561:             1             16  org.opensearch.script.ScoreScript$$Lambda/0x00007fcd2821d9f0
12562:             1             16  org.opensearch.script.ScoreScript$$Lambda/0x00007fcd2821dc28
12563:             1             16  org.opensearch.script.Script$$Lambda/0x00007fcd2879ebb0
12564:             1             16  org.opensearch.script.Script$$Lambda/0x00007fcd2879edc8
12565:             1             16  org.opensearch.script.Script$$Lambda/0x00007fcd2879eff0
12566:             1             16  org.opensearch.script.Script$$Lambda/0x00007fcd2879f208
12567:             1             16  org.opensearch.script.Script$$Lambda/0x00007fcd2879f430
12568:             1             16  org.opensearch.script.Script$$Lambda/0x00007fcd2879f658
12569:             1             16  org.opensearch.script.Script$$Lambda/0x00007fcd2879f880
12570:             1             16  org.opensearch.script.Script$$Lambda/0x00007fcd2879fa98
12571:             1             16  org.opensearch.script.Script$$Lambda/0x00007fcd2879fcc0
12572:             1             16  org.opensearch.script.Script$$Lambda/0x00007fcd287a0000
12573:             1             16  org.opensearch.script.ScriptModule$$Lambda/0x00007fcd285d2e78
12574:             1             16  org.opensearch.script.ScriptService$$Lambda/0x00007fcd28626440
12575:             1             16  org.opensearch.script.ScriptService$$Lambda/0x00007fcd28626678
12576:             1             16  org.opensearch.script.ScriptService$$Lambda/0x00007fcd286268b0
12577:             1             16  org.opensearch.script.ScriptService$$Lambda/0x00007fcd28626ae8
12578:             1             16  org.opensearch.script.ScriptService$$Lambda/0x00007fcd28626d20
12579:             1             16  org.opensearch.script.ScriptService$$Lambda/0x00007fcd28708860
12580:             1             16  org.opensearch.script.ScriptService$$Lambda/0x00007fcd28709160
12581:             1             16  org.opensearch.script.ScriptService$$Lambda/0x00007fcd28709390
12582:             1             16  org.opensearch.script.ScriptedMetricAggContexts$MapScript$$Lambda/0x00007fcd2845ca58
12583:             1             16  org.opensearch.script.ScriptedMetricAggContexts$MapScript$$Lambda/0x00007fcd2845cc90
12584:             1             16  org.opensearch.script.ScriptedMetricAggContexts$MapScript$$Lambda/0x00007fcd2845cec8
12585:             1             16  org.opensearch.script.ScriptedMetricAggContexts$MapScript$$Lambda/0x00007fcd2845d100
12586:             1             16  org.opensearch.script.TermsSetQueryScript$$Lambda/0x00007fcd285cf7d0
12587:             1             16  org.opensearch.script.TermsSetQueryScript$$Lambda/0x00007fcd285cfa08
12588:             1             16  org.opensearch.script.TermsSetQueryScript$$Lambda/0x00007fcd285cfc40
12589:             1             16  org.opensearch.script.expression.ExpressionPlugin
12590:             1             16  org.opensearch.script.expression.ExpressionScriptEngine
12591:             1             16  org.opensearch.script.expression.ExpressionScriptEngine$$Lambda/0x00007fcd28628668
12592:             1             16  org.opensearch.script.expression.ExpressionScriptEngine$$Lambda/0x00007fcd286288a0
12593:             1             16  org.opensearch.script.expression.ExpressionScriptEngine$$Lambda/0x00007fcd28628ad8
12594:             1             16  org.opensearch.script.expression.ExpressionScriptEngine$$Lambda/0x00007fcd28628d10
12595:             1             16  org.opensearch.script.expression.ExpressionScriptEngine$$Lambda/0x00007fcd28628f48
12596:             1             16  org.opensearch.script.expression.ExpressionScriptEngine$$Lambda/0x00007fcd28629180
12597:             1             16  org.opensearch.script.expression.ExpressionScriptEngine$$Lambda/0x00007fcd286293b8
12598:             1             16  org.opensearch.script.expression.ExpressionScriptEngine$$Lambda/0x00007fcd286295f0
12599:             1             16  org.opensearch.script.mustache.MultiSearchTemplateAction$$Lambda/0x00007fcd28c00b40
12600:             1             16  org.opensearch.script.mustache.MustachePlugin
12601:             1             16  org.opensearch.script.mustache.MustacheScriptEngine
12602:             1             16  org.opensearch.script.mustache.RenderSearchTemplateAction$$Lambda/0x00007fcd28c00430
12603:             1             16  org.opensearch.script.mustache.SearchTemplateAction$$Lambda/0x00007fcd28c00000
12604:             1             16  org.opensearch.script.mustache.TransportMultiSearchTemplateAction$$Lambda/0x00007fcd28d846c8
12605:             1             16  org.opensearch.script.mustache.TransportSearchTemplateAction$$Lambda/0x00007fcd28d848e0
12606:             1             16  org.opensearch.script.mustache.TransportSearchTemplateAction$$Lambda/0x00007fcd28d84af8
12607:             1             16  org.opensearch.search.DefaultSearchContext$$Lambda/0x00007fcd292fc000
12608:             1             16  org.opensearch.search.DocValueFormat$1
12609:             1             16  org.opensearch.search.DocValueFormat$2
12610:             1             16  org.opensearch.search.DocValueFormat$3
12611:             1             16  org.opensearch.search.DocValueFormat$4
12612:             1             16  org.opensearch.search.DocValueFormat$5
12613:             1             16  org.opensearch.search.DocValueFormat$6
12614:             1             16  org.opensearch.search.DocValueFormat$7
12615:             1             16  org.opensearch.search.DocValueFormat$8
12616:             1             16  org.opensearch.search.RescoreDocIds
12617:             1             16  org.opensearch.search.RescoreDocIds$$Lambda/0x00007fcd29213a10
12618:             1             16  org.opensearch.search.RescoreDocIds$$Lambda/0x00007fcd29213c28
12619:             1             16  org.opensearch.search.RescoreDocIds$$Lambda/0x00007fcd293d4800
12620:             1             16  org.opensearch.search.RescoreDocIds$$Lambda/0x00007fcd293d4c30
12621:             1             16  org.opensearch.search.SearchHit$$Lambda/0x00007fcd29214038
12622:             1             16  org.opensearch.search.SearchHit$$Lambda/0x00007fcd29214250
12623:             1             16  org.opensearch.search.SearchHit$$Lambda/0x00007fcd292148c8
12624:             1             16  org.opensearch.search.SearchHit$$Lambda/0x00007fcd29214af0
12625:             1             16  org.opensearch.search.SearchHit$$Lambda/0x00007fcd29214d18
12626:             1             16  org.opensearch.search.SearchHit$$Lambda/0x00007fcd29214f40
12627:             1             16  org.opensearch.search.SearchHit$$Lambda/0x00007fcd29215168
12628:             1             16  org.opensearch.search.SearchHit$$Lambda/0x00007fcd29215380
12629:             1             16  org.opensearch.search.SearchHit$$Lambda/0x00007fcd292155a8
12630:             1             16  org.opensearch.search.SearchHit$$Lambda/0x00007fcd292157d0
12631:             1             16  org.opensearch.search.SearchHit$$Lambda/0x00007fcd292159f8
12632:             1             16  org.opensearch.search.SearchHit$$Lambda/0x00007fcd29215c20
12633:             1             16  org.opensearch.search.SearchHit$$Lambda/0x00007fcd29215e38
12634:             1             16  org.opensearch.search.SearchHit$$Lambda/0x00007fcd29216060
12635:             1             16  org.opensearch.search.SearchHit$$Lambda/0x00007fcd29216278
12636:             1             16  org.opensearch.search.SearchHit$$Lambda/0x00007fcd292164a0
12637:             1             16  org.opensearch.search.SearchHit$$Lambda/0x00007fcd292166b8
12638:             1             16  org.opensearch.search.SearchHit$$Lambda/0x00007fcd292168e0
12639:             1             16  org.opensearch.search.SearchHit$$Lambda/0x00007fcd29216af8
12640:             1             16  org.opensearch.search.SearchHit$$Lambda/0x00007fcd29216d20
12641:             1             16  org.opensearch.search.SearchHit$$Lambda/0x00007fcd29218a88
12642:             1             16  org.opensearch.search.SearchHit$$Lambda/0x00007fcd29218cb0
12643:             1             16  org.opensearch.search.SearchHit$$Lambda/0x00007fcd29219268
12644:             1             16  org.opensearch.search.SearchHit$$Lambda/0x00007fcd292196a8
12645:             1             16  org.opensearch.search.SearchHit$$Lambda/0x00007fcd29219cf0
12646:             1             16  org.opensearch.search.SearchHit$$Lambda/0x00007fcd2921b188
12647:             1             16  org.opensearch.search.SearchHit$$Lambda/0x00007fcd2921bc10
12648:             1             16  org.opensearch.search.SearchHit$$Lambda/0x00007fcd29220000
12649:             1             16  org.opensearch.search.SearchHit$$Lambda/0x00007fcd29220218
12650:             1             16  org.opensearch.search.SearchHit$$Lambda/0x00007fcd29220700
12651:             1             16  org.opensearch.search.SearchHit$$Lambda/0x00007fcd29220918
12652:             1             16  org.opensearch.search.SearchHit$$Lambda/0x00007fcd29220b30
12653:             1             16  org.opensearch.search.SearchHit$$Lambda/0x00007fcd292215a8
12654:             1             16  org.opensearch.search.SearchHits$$Lambda/0x00007fcd292217c0
12655:             1             16  org.opensearch.search.SearchHits$$Lambda/0x00007fcd292219d8
12656:             1             16  org.opensearch.search.SearchHits$$Lambda/0x00007fcd29221bf0
12657:             1             16  org.opensearch.search.SearchHits$$Lambda/0x00007fcd29221e08
12658:             1             16  org.opensearch.search.SearchModule$$Lambda/0x00007fcd2874b5e0
12659:             1             16  org.opensearch.search.SearchModule$$Lambda/0x00007fcd2874ba30
12660:             1             16  org.opensearch.search.SearchModule$$Lambda/0x00007fcd28754240
12661:             1             16  org.opensearch.search.SearchModule$$Lambda/0x00007fcd287554b0
12662:             1             16  org.opensearch.search.SearchModule$$Lambda/0x00007fcd287556c8
12663:             1             16  org.opensearch.search.SearchModule$$Lambda/0x00007fcd28756560
12664:             1             16  org.opensearch.search.SearchModule$$Lambda/0x00007fcd28756f08
12665:             1             16  org.opensearch.search.SearchModule$$Lambda/0x00007fcd28757120
12666:             1             16  org.opensearch.search.SearchModule$$Lambda/0x00007fcd28757988
12667:             1             16  org.opensearch.search.SearchModule$$Lambda/0x00007fcd28758660
12668:             1             16  org.opensearch.search.SearchModule$$Lambda/0x00007fcd28758878
12669:             1             16  org.opensearch.search.SearchModule$$Lambda/0x00007fcd287590c0
12670:             1             16  org.opensearch.search.SearchModule$$Lambda/0x00007fcd287592d8
12671:             1             16  org.opensearch.search.SearchModule$$Lambda/0x00007fcd2875b638
12672:             1             16  org.opensearch.search.SearchModule$$Lambda/0x00007fcd2875c4f0
12673:             1             16  org.opensearch.search.SearchModule$$Lambda/0x00007fcd2875c928
12674:             1             16  org.opensearch.search.SearchModule$$Lambda/0x00007fcd2875cd38
12675:             1             16  org.opensearch.search.SearchModule$$Lambda/0x00007fcd2875e078
12676:             1             16  org.opensearch.search.SearchModule$$Lambda/0x00007fcd28762488
12677:             1             16  org.opensearch.search.SearchModule$$Lambda/0x00007fcd28762de8
12678:             1             16  org.opensearch.search.SearchModule$$Lambda/0x00007fcd28763998
12679:             1             16  org.opensearch.search.SearchModule$$Lambda/0x00007fcd28763bb0
12680:             1             16  org.opensearch.search.SearchModule$$Lambda/0x00007fcd28764320
12681:             1             16  org.opensearch.search.SearchModule$$Lambda/0x00007fcd28764538
12682:             1             16  org.opensearch.search.SearchModule$$Lambda/0x00007fcd28764a20
12683:             1             16  org.opensearch.search.SearchModule$$Lambda/0x00007fcd28764c38
12684:             1             16  org.opensearch.search.SearchModule$$Lambda/0x00007fcd28765ca0
12685:             1             16  org.opensearch.search.SearchModule$$Lambda/0x00007fcd287660b0
12686:             1             16  org.opensearch.search.SearchModule$$Lambda/0x00007fcd287668b8
12687:             1             16  org.opensearch.search.SearchModule$$Lambda/0x00007fcd28766ad0
12688:             1             16  org.opensearch.search.SearchModule$$Lambda/0x00007fcd287670c8
12689:             1             16  org.opensearch.search.SearchModule$$Lambda/0x00007fcd287672e0
12690:             1             16  org.opensearch.search.SearchModule$$Lambda/0x00007fcd287679c8
12691:             1             16  org.opensearch.search.SearchModule$$Lambda/0x00007fcd28767be0
12692:             1             16  org.opensearch.search.SearchModule$$Lambda/0x00007fcd287685f8
12693:             1             16  org.opensearch.search.SearchModule$$Lambda/0x00007fcd28768810
12694:             1             16  org.opensearch.search.SearchModule$$Lambda/0x00007fcd28769040
12695:             1             16  org.opensearch.search.SearchModule$$Lambda/0x00007fcd28769258
12696:             1             16  org.opensearch.search.SearchModule$$Lambda/0x00007fcd28769808
12697:             1             16  org.opensearch.search.SearchModule$$Lambda/0x00007fcd28769a20
12698:             1             16  org.opensearch.search.SearchModule$$Lambda/0x00007fcd28769fc0
12699:             1             16  org.opensearch.search.SearchModule$$Lambda/0x00007fcd2876a1d8
12700:             1             16  org.opensearch.search.SearchModule$$Lambda/0x00007fcd2876adc8
12701:             1             16  org.opensearch.search.SearchModule$$Lambda/0x00007fcd2876afe0
12702:             1             16  org.opensearch.search.SearchModule$$Lambda/0x00007fcd2876b7d8
12703:             1             16  org.opensearch.search.SearchModule$$Lambda/0x00007fcd2876b9f0
12704:             1             16  org.opensearch.search.SearchModule$$Lambda/0x00007fcd2876f730
12705:             1             16  org.opensearch.search.SearchModule$$Lambda/0x00007fcd2876f948
12706:             1             16  org.opensearch.search.SearchModule$$Lambda/0x00007fcd287703b0
12707:             1             16  org.opensearch.search.SearchModule$$Lambda/0x00007fcd287705c8
12708:             1             16  org.opensearch.search.SearchModule$$Lambda/0x00007fcd28770b80
12709:             1             16  org.opensearch.search.SearchModule$$Lambda/0x00007fcd28770d98
12710:             1             16  org.opensearch.search.SearchModule$$Lambda/0x00007fcd287715f8
12711:             1             16  org.opensearch.search.SearchModule$$Lambda/0x00007fcd28771810
12712:             1             16  org.opensearch.search.SearchModule$$Lambda/0x00007fcd28771e70
12713:             1             16  org.opensearch.search.SearchModule$$Lambda/0x00007fcd28772088
12714:             1             16  org.opensearch.search.SearchModule$$Lambda/0x00007fcd28772750
12715:             1             16  org.opensearch.search.SearchModule$$Lambda/0x00007fcd28772968
12716:             1             16  org.opensearch.search.SearchModule$$Lambda/0x00007fcd28772fa0
12717:             1             16  org.opensearch.search.SearchModule$$Lambda/0x00007fcd287731b8
12718:             1             16  org.opensearch.search.SearchModule$$Lambda/0x00007fcd287737f0
12719:             1             16  org.opensearch.search.SearchModule$$Lambda/0x00007fcd28773a08
12720:             1             16  org.opensearch.search.SearchModule$$Lambda/0x00007fcd28773fb0
12721:             1             16  org.opensearch.search.SearchModule$$Lambda/0x00007fcd287741c8
12722:             1             16  org.opensearch.search.SearchModule$$Lambda/0x00007fcd287749d8
12723:             1             16  org.opensearch.search.SearchModule$$Lambda/0x00007fcd28774bf0
12724:             1             16  org.opensearch.search.SearchModule$$Lambda/0x00007fcd28775468
12725:             1             16  org.opensearch.search.SearchModule$$Lambda/0x00007fcd28775680
12726:             1             16  org.opensearch.search.SearchModule$$Lambda/0x00007fcd28776138
12727:             1             16  org.opensearch.search.SearchModule$$Lambda/0x00007fcd28776350
12728:             1             16  org.opensearch.search.SearchModule$$Lambda/0x00007fcd28776bb0
12729:             1             16  org.opensearch.search.SearchModule$$Lambda/0x00007fcd28776dc8
12730:             1             16  org.opensearch.search.SearchModule$$Lambda/0x00007fcd287773d0
12731:             1             16  org.opensearch.search.SearchModule$$Lambda/0x00007fcd287775e8
12732:             1             16  org.opensearch.search.SearchModule$$Lambda/0x00007fcd287784c0
12733:             1             16  org.opensearch.search.SearchModule$$Lambda/0x00007fcd287786d8
12734:             1             16  org.opensearch.search.SearchModule$$Lambda/0x00007fcd28778d00
12735:             1             16  org.opensearch.search.SearchModule$$Lambda/0x00007fcd28778f18
12736:             1             16  org.opensearch.search.SearchModule$$Lambda/0x00007fcd287794f8
12737:             1             16  org.opensearch.search.SearchModule$$Lambda/0x00007fcd28779710
12738:             1             16  org.opensearch.search.SearchModule$$Lambda/0x00007fcd28779d18
12739:             1             16  org.opensearch.search.SearchModule$$Lambda/0x00007fcd28779f30
12740:             1             16  org.opensearch.search.SearchModule$$Lambda/0x00007fcd2877acb8
12741:             1             16  org.opensearch.search.SearchModule$$Lambda/0x00007fcd2877aed0
12742:             1             16  org.opensearch.search.SearchModule$$Lambda/0x00007fcd2877b478
12743:             1             16  org.opensearch.search.SearchModule$$Lambda/0x00007fcd2877b690
12744:             1             16  org.opensearch.search.SearchModule$$Lambda/0x00007fcd2877c230
12745:             1             16  org.opensearch.search.SearchModule$$Lambda/0x00007fcd2877c448
12746:             1             16  org.opensearch.search.SearchModule$$Lambda/0x00007fcd2877d740
12747:             1             16  org.opensearch.search.SearchModule$$Lambda/0x00007fcd2877d958
12748:             1             16  org.opensearch.search.SearchModule$$Lambda/0x00007fcd2877e1a0
12749:             1             16  org.opensearch.search.SearchModule$$Lambda/0x00007fcd2877e3b8
12750:             1             16  org.opensearch.search.SearchModule$$Lambda/0x00007fcd2877eba0
12751:             1             16  org.opensearch.search.SearchModule$$Lambda/0x00007fcd2877edb8
12752:             1             16  org.opensearch.search.SearchModule$$Lambda/0x00007fcd2877f440
12753:             1             16  org.opensearch.search.SearchModule$$Lambda/0x00007fcd2877f658
12754:             1             16  org.opensearch.search.SearchModule$$Lambda/0x00007fcd28780000
12755:             1             16  org.opensearch.search.SearchModule$$Lambda/0x00007fcd28780218
12756:             1             16  org.opensearch.search.SearchModule$$Lambda/0x00007fcd28780a30
12757:             1             16  org.opensearch.search.SearchModule$$Lambda/0x00007fcd28780c48
12758:             1             16  org.opensearch.search.SearchModule$$Lambda/0x00007fcd28781278
12759:             1             16  org.opensearch.search.SearchModule$$Lambda/0x00007fcd28781490
12760:             1             16  org.opensearch.search.SearchModule$$Lambda/0x00007fcd28781a68
12761:             1             16  org.opensearch.search.SearchModule$$Lambda/0x00007fcd28781c80
12762:             1             16  org.opensearch.search.SearchModule$$Lambda/0x00007fcd28782228
12763:             1             16  org.opensearch.search.SearchModule$$Lambda/0x00007fcd28782440
12764:             1             16  org.opensearch.search.SearchModule$$Lambda/0x00007fcd287829e0
12765:             1             16  org.opensearch.search.SearchModule$$Lambda/0x00007fcd28782bf8
12766:             1             16  org.opensearch.search.SearchModule$$Lambda/0x00007fcd28783f90
12767:             1             16  org.opensearch.search.SearchModule$$Lambda/0x00007fcd287841a8
12768:             1             16  org.opensearch.search.SearchModule$$Lambda/0x00007fcd28784988
12769:             1             16  org.opensearch.search.SearchModule$$Lambda/0x00007fcd28784ba0
12770:             1             16  org.opensearch.search.SearchModule$$Lambda/0x00007fcd28785158
12771:             1             16  org.opensearch.search.SearchModule$$Lambda/0x00007fcd28785370
12772:             1             16  org.opensearch.search.SearchModule$$Lambda/0x00007fcd287859b0
12773:             1             16  org.opensearch.search.SearchModule$$Lambda/0x00007fcd28785bc8
12774:             1             16  org.opensearch.search.SearchModule$$Lambda/0x00007fcd2878a770
12775:             1             16  org.opensearch.search.SearchModule$$Lambda/0x00007fcd2878a988
12776:             1             16  org.opensearch.search.SearchModule$$Lambda/0x00007fcd2878aba0
12777:             1             16  org.opensearch.search.SearchModule$$Lambda/0x00007fcd287925d8
12778:             1             16  org.opensearch.search.SearchModule$$Lambda/0x00007fcd287927f0
12779:             1             16  org.opensearch.search.SearchModule$$Lambda/0x00007fcd287931f0
12780:             1             16  org.opensearch.search.SearchModule$$Lambda/0x00007fcd28793408
12781:             1             16  org.opensearch.search.SearchModule$$Lambda/0x00007fcd28793620
12782:             1             16  org.opensearch.search.SearchModule$$Lambda/0x00007fcd28793d80
12783:             1             16  org.opensearch.search.SearchModule$$Lambda/0x00007fcd28794888
12784:             1             16  org.opensearch.search.SearchModule$$Lambda/0x00007fcd28794aa0
12785:             1             16  org.opensearch.search.SearchModule$$Lambda/0x00007fcd28794cb8
12786:             1             16  org.opensearch.search.SearchModule$$Lambda/0x00007fcd28794ed8
12787:             1             16  org.opensearch.search.SearchModule$$Lambda/0x00007fcd287960b8
12788:             1             16  org.opensearch.search.SearchModule$$Lambda/0x00007fcd287964c8
12789:             1             16  org.opensearch.search.SearchModule$$Lambda/0x00007fcd28797a08
12790:             1             16  org.opensearch.search.SearchModule$$Lambda/0x00007fcd28797c20
12791:             1             16  org.opensearch.search.SearchModule$$Lambda/0x00007fcd28799728
12792:             1             16  org.opensearch.search.SearchModule$$Lambda/0x00007fcd28799bf0
12793:             1             16  org.opensearch.search.SearchModule$$Lambda/0x00007fcd28799e08
12794:             1             16  org.opensearch.search.SearchModule$$Lambda/0x00007fcd2879a020
12795:             1             16  org.opensearch.search.SearchModule$$Lambda/0x00007fcd2879a238
12796:             1             16  org.opensearch.search.SearchModule$$Lambda/0x00007fcd2879a450
12797:             1             16  org.opensearch.search.SearchModule$$Lambda/0x00007fcd2879a668
12798:             1             16  org.opensearch.search.SearchModule$$Lambda/0x00007fcd2879a880
12799:             1             16  org.opensearch.search.SearchModule$$Lambda/0x00007fcd2879aa98
12800:             1             16  org.opensearch.search.SearchModule$$Lambda/0x00007fcd2879b710
12801:             1             16  org.opensearch.search.SearchModule$$Lambda/0x00007fcd2879c278
12802:             1             16  org.opensearch.search.SearchModule$$Lambda/0x00007fcd2879c978
12803:             1             16  org.opensearch.search.SearchModule$$Lambda/0x00007fcd2879d078
12804:             1             16  org.opensearch.search.SearchModule$$Lambda/0x00007fcd2879d768
12805:             1             16  org.opensearch.search.SearchModule$$Lambda/0x00007fcd2879e108
12806:             1             16  org.opensearch.search.SearchModule$$Lambda/0x00007fcd287a0218
12807:             1             16  org.opensearch.search.SearchModule$$Lambda/0x00007fcd287a2788
12808:             1             16  org.opensearch.search.SearchModule$$Lambda/0x00007fcd287a6198
12809:             1             16  org.opensearch.search.SearchModule$$Lambda/0x00007fcd287a63b0
12810:             1             16  org.opensearch.search.SearchModule$$Lambda/0x00007fcd287aa528
12811:             1             16  org.opensearch.search.SearchModule$$Lambda/0x00007fcd287acc30
12812:             1             16  org.opensearch.search.SearchModule$$Lambda/0x00007fcd287adbf8
12813:             1             16  org.opensearch.search.SearchModule$$Lambda/0x00007fcd287ae428
12814:             1             16  org.opensearch.search.SearchModule$$Lambda/0x00007fcd287ae640
12815:             1             16  org.opensearch.search.SearchModule$$Lambda/0x00007fcd287aeef0
12816:             1             16  org.opensearch.search.SearchModule$$Lambda/0x00007fcd287af948
12817:             1             16  org.opensearch.search.SearchModule$$Lambda/0x00007fcd287afb60
12818:             1             16  org.opensearch.search.SearchModule$$Lambda/0x00007fcd287b0410
12819:             1             16  org.opensearch.search.SearchModule$$Lambda/0x00007fcd287b1690
12820:             1             16  org.opensearch.search.SearchModule$$Lambda/0x00007fcd287b20e8
12821:             1             16  org.opensearch.search.SearchModule$$Lambda/0x00007fcd287b2300
12822:             1             16  org.opensearch.search.SearchModule$$Lambda/0x00007fcd287b3388
12823:             1             16  org.opensearch.search.SearchModule$$Lambda/0x00007fcd287b43f0
12824:             1             16  org.opensearch.search.SearchModule$$Lambda/0x00007fcd287b4608
12825:             1             16  org.opensearch.search.SearchModule$$Lambda/0x00007fcd287b5a08
12826:             1             16  org.opensearch.search.SearchModule$$Lambda/0x00007fcd287b7260
12827:             1             16  org.opensearch.search.SearchModule$$Lambda/0x00007fcd287b7478
12828:             1             16  org.opensearch.search.SearchModule$$Lambda/0x00007fcd287baae8
12829:             1             16  org.opensearch.search.SearchModule$$Lambda/0x00007fcd287bb578
12830:             1             16  org.opensearch.search.SearchModule$$Lambda/0x00007fcd287bb790
12831:             1             16  org.opensearch.search.SearchModule$$Lambda/0x00007fcd287bc000
12832:             1             16  org.opensearch.search.SearchModule$$Lambda/0x00007fcd287bca50
12833:             1             16  org.opensearch.search.SearchModule$$Lambda/0x00007fcd287bcc68
12834:             1             16  org.opensearch.search.SearchModule$$Lambda/0x00007fcd287bee40
12835:             1             16  org.opensearch.search.SearchModule$$Lambda/0x00007fcd287bf058
12836:             1             16  org.opensearch.search.SearchModule$$Lambda/0x00007fcd287c20b8
12837:             1             16  org.opensearch.search.SearchModule$$Lambda/0x00007fcd287c22d0
12838:             1             16  org.opensearch.search.SearchModule$$Lambda/0x00007fcd287c2b68
12839:             1             16  org.opensearch.search.SearchModule$$Lambda/0x00007fcd287c3208
12840:             1             16  org.opensearch.search.SearchModule$$Lambda/0x00007fcd287c3420
12841:             1             16  org.opensearch.search.SearchModule$$Lambda/0x00007fcd287c5680
12842:             1             16  org.opensearch.search.SearchModule$$Lambda/0x00007fcd287c6440
12843:             1             16  org.opensearch.search.SearchModule$$Lambda/0x00007fcd287c72b8
12844:             1             16  org.opensearch.search.SearchModule$$Lambda/0x00007fcd287c74d0
12845:             1             16  org.opensearch.search.SearchModule$$Lambda/0x00007fcd287c8958
12846:             1             16  org.opensearch.search.SearchModule$$Lambda/0x00007fcd287c8b70
12847:             1             16  org.opensearch.search.SearchModule$$Lambda/0x00007fcd287ca958
12848:             1             16  org.opensearch.search.SearchModule$$Lambda/0x00007fcd287cab70
12849:             1             16  org.opensearch.search.SearchModule$$Lambda/0x00007fcd287cbdc8
12850:             1             16  org.opensearch.search.SearchModule$$Lambda/0x00007fcd287ce940
12851:             1             16  org.opensearch.search.SearchModule$$Lambda/0x00007fcd287cf580
12852:             1             16  org.opensearch.search.SearchModule$$Lambda/0x00007fcd287cf798
12853:             1             16  org.opensearch.search.SearchModule$$Lambda/0x00007fcd287d0000
12854:             1             16  org.opensearch.search.SearchModule$$Lambda/0x00007fcd287d0218
12855:             1             16  org.opensearch.search.SearchModule$$Lambda/0x00007fcd287d0a28
12856:             1             16  org.opensearch.search.SearchModule$$Lambda/0x00007fcd287d1260
12857:             1             16  org.opensearch.search.SearchModule$$Lambda/0x00007fcd287d1478
12858:             1             16  org.opensearch.search.SearchModule$$Lambda/0x00007fcd287d2f68
12859:             1             16  org.opensearch.search.SearchModule$$Lambda/0x00007fcd287d3778
12860:             1             16  org.opensearch.search.SearchModule$$Lambda/0x00007fcd287d3990
12861:             1             16  org.opensearch.search.SearchModule$$Lambda/0x00007fcd287d46b0
12862:             1             16  org.opensearch.search.SearchModule$$Lambda/0x00007fcd287d4eb8
12863:             1             16  org.opensearch.search.SearchModule$$Lambda/0x00007fcd287d50d0
12864:             1             16  org.opensearch.search.SearchModule$$Lambda/0x00007fcd287d58e0
12865:             1             16  org.opensearch.search.SearchModule$$Lambda/0x00007fcd287d5ef8
12866:             1             16  org.opensearch.search.SearchModule$$Lambda/0x00007fcd287d67d0
12867:             1             16  org.opensearch.search.SearchModule$$Lambda/0x00007fcd287d8660
12868:             1             16  org.opensearch.search.SearchModule$$Lambda/0x00007fcd287d9de8
12869:             1             16  org.opensearch.search.SearchModule$$Lambda/0x00007fcd287e14f8
12870:             1             16  org.opensearch.search.SearchModule$$Lambda/0x00007fcd287e1ef8
12871:             1             16  org.opensearch.search.SearchModule$$Lambda/0x00007fcd287e2908
12872:             1             16  org.opensearch.search.SearchModule$$Lambda/0x00007fcd287e3318
12873:             1             16  org.opensearch.search.SearchModule$$Lambda/0x00007fcd287e3d28
12874:             1             16  org.opensearch.search.SearchModule$$Lambda/0x00007fcd287e3f40
12875:             1             16  org.opensearch.search.SearchModule$$Lambda/0x00007fcd287e65e0
12876:             1             16  org.opensearch.search.SearchModule$$Lambda/0x00007fcd287e9140
12877:             1             16  org.opensearch.search.SearchModule$$Lambda/0x00007fcd287e9af0
12878:             1             16  org.opensearch.search.SearchModule$$Lambda/0x00007fcd287ea4d0
12879:             1             16  org.opensearch.search.SearchModule$$Lambda/0x00007fcd287ea6e8
12880:             1             16  org.opensearch.search.SearchModule$$Lambda/0x00007fcd287ebe90
12881:             1             16  org.opensearch.search.SearchModule$$Lambda/0x00007fcd287ec0a8
12882:             1             16  org.opensearch.search.SearchModule$$Lambda/0x00007fcd287edb40
12883:             1             16  org.opensearch.search.SearchModule$$Lambda/0x00007fcd287ee580
12884:             1             16  org.opensearch.search.SearchModule$$Lambda/0x00007fcd287eefb0
12885:             1             16  org.opensearch.search.SearchModule$$Lambda/0x00007fcd287ef1c8
12886:             1             16  org.opensearch.search.SearchModule$$Lambda/0x00007fcd287f26b0
12887:             1             16  org.opensearch.search.SearchModule$$Lambda/0x00007fcd287f28c8
12888:             1             16  org.opensearch.search.SearchModule$$Lambda/0x00007fcd287f3888
12889:             1             16  org.opensearch.search.SearchModule$$Lambda/0x00007fcd287f58f8
12890:             1             16  org.opensearch.search.SearchModule$$Lambda/0x00007fcd287f5b10
12891:             1             16  org.opensearch.search.SearchModule$$Lambda/0x00007fcd287f7060
12892:             1             16  org.opensearch.search.SearchModule$$Lambda/0x00007fcd287fa000
12893:             1             16  org.opensearch.search.SearchModule$$Lambda/0x00007fcd287fc3f0
12894:             1             16  org.opensearch.search.SearchModule$$Lambda/0x00007fcd287fc608
12895:             1             16  org.opensearch.search.SearchModule$$Lambda/0x00007fcd287fcec0
12896:             1             16  org.opensearch.search.SearchModule$$Lambda/0x00007fcd287fe500
12897:             1             16  org.opensearch.search.SearchModule$$Lambda/0x00007fcd287fe718
12898:             1             16  org.opensearch.search.SearchModule$$Lambda/0x00007fcd28800000
12899:             1             16  org.opensearch.search.SearchModule$$Lambda/0x00007fcd28800218
12900:             1             16  org.opensearch.search.SearchModule$$Lambda/0x00007fcd288020f8
12901:             1             16  org.opensearch.search.SearchModule$$Lambda/0x00007fcd28804400
12902:             1             16  org.opensearch.search.SearchModule$$Lambda/0x00007fcd28808000
12903:             1             16  org.opensearch.search.SearchModule$$Lambda/0x00007fcd28809ea0
12904:             1             16  org.opensearch.search.SearchModule$$Lambda/0x00007fcd2880b4f8
12905:             1             16  org.opensearch.search.SearchModule$$Lambda/0x00007fcd2880b710
12906:             1             16  org.opensearch.search.SearchModule$$Lambda/0x00007fcd2880cc00
12907:             1             16  org.opensearch.search.SearchModule$$Lambda/0x00007fcd2880f6b0
12908:             1             16  org.opensearch.search.SearchModule$$Lambda/0x00007fcd28810000
12909:             1             16  org.opensearch.search.SearchModule$$Lambda/0x00007fcd28811878
12910:             1             16  org.opensearch.search.SearchModule$$Lambda/0x00007fcd28811a90
12911:             1             16  org.opensearch.search.SearchModule$$Lambda/0x00007fcd28812098
12912:             1             16  org.opensearch.search.SearchModule$$Lambda/0x00007fcd288122b0
12913:             1             16  org.opensearch.search.SearchModule$$Lambda/0x00007fcd28814cd8
12914:             1             16  org.opensearch.search.SearchModule$$Lambda/0x00007fcd28815000
12915:             1             16  org.opensearch.search.SearchModule$$Lambda/0x00007fcd28815218
12916:             1             16  org.opensearch.search.SearchModule$$Lambda/0x00007fcd28815a28
12917:             1             16  org.opensearch.search.SearchModule$$Lambda/0x00007fcd28816c60
12918:             1             16  org.opensearch.search.SearchModule$$Lambda/0x00007fcd28816e78
12919:             1             16  org.opensearch.search.SearchModule$$Lambda/0x00007fcd28817688
12920:             1             16  org.opensearch.search.SearchModule$$Lambda/0x00007fcd28818000
12921:             1             16  org.opensearch.search.SearchModule$$Lambda/0x00007fcd288187a8
12922:             1             16  org.opensearch.search.SearchModule$$Lambda/0x00007fcd28819048
12923:             1             16  org.opensearch.search.SearchModule$$Lambda/0x00007fcd28819a28
12924:             1             16  org.opensearch.search.SearchModule$$Lambda/0x00007fcd28819c40
12925:             1             16  org.opensearch.search.SearchModule$$Lambda/0x00007fcd2881ac68
12926:             1             16  org.opensearch.search.SearchModule$$Lambda/0x00007fcd2881c0d8
12927:             1             16  org.opensearch.search.SearchModule$$Lambda/0x00007fcd2881c8f8
12928:             1             16  org.opensearch.search.SearchModule$$Lambda/0x00007fcd2881e440
12929:             1             16  org.opensearch.search.SearchModule$$Lambda/0x00007fcd2881e658
12930:             1             16  org.opensearch.search.SearchModule$$Lambda/0x00007fcd28829ca0
12931:             1             16  org.opensearch.search.SearchModule$$Lambda/0x00007fcd2882c000
12932:             1             16  org.opensearch.search.SearchModule$$Lambda/0x00007fcd28830000
12933:             1             16  org.opensearch.search.SearchModule$$Lambda/0x00007fcd28830850
12934:             1             16  org.opensearch.search.SearchModule$$Lambda/0x00007fcd28831b20
12935:             1             16  org.opensearch.search.SearchModule$$Lambda/0x00007fcd28833708
12936:             1             16  org.opensearch.search.SearchModule$$Lambda/0x00007fcd28844000
12937:             1             16  org.opensearch.search.SearchModule$$Lambda/0x00007fcd28844720
12938:             1             16  org.opensearch.search.SearchModule$$Lambda/0x00007fcd28844e48
12939:             1             16  org.opensearch.search.SearchModule$$Lambda/0x00007fcd28845578
12940:             1             16  org.opensearch.search.SearchModule$$Lambda/0x00007fcd28845bc8
12941:             1             16  org.opensearch.search.SearchModule$$Lambda/0x00007fcd28846ad0
12942:             1             16  org.opensearch.search.SearchModule$$Lambda/0x00007fcd28846ce8
12943:             1             16  org.opensearch.search.SearchModule$$Lambda/0x00007fcd28846f00
12944:             1             16  org.opensearch.search.SearchModule$$Lambda/0x00007fcd28848000
12945:             1             16  org.opensearch.search.SearchModule$$Lambda/0x00007fcd288492f0
12946:             1             16  org.opensearch.search.SearchModule$$Lambda/0x00007fcd28849b10
12947:             1             16  org.opensearch.search.SearchModule$$Lambda/0x00007fcd2884a190
12948:             1             16  org.opensearch.search.SearchModule$$Lambda/0x00007fcd2884a9d0
12949:             1             16  org.opensearch.search.SearchModule$$Lambda/0x00007fcd2884abe8
12950:             1             16  org.opensearch.search.SearchModule$$Lambda/0x00007fcd2884b658
12951:             1             16  org.opensearch.search.SearchModule$$Lambda/0x00007fcd2884b870
12952:             1             16  org.opensearch.search.SearchModule$$Lambda/0x00007fcd2884bcc0
12953:             1             16  org.opensearch.search.SearchModule$$Lambda/0x00007fcd2884c4f8
12954:             1             16  org.opensearch.search.SearchModule$$Lambda/0x00007fcd2884c710
12955:             1             16  org.opensearch.search.SearchModule$$Lambda/0x00007fcd2884d180
12956:             1             16  org.opensearch.search.SearchModule$$Lambda/0x00007fcd2884da88
12957:             1             16  org.opensearch.search.SearchModule$$Lambda/0x00007fcd2884ded8
12958:             1             16  org.opensearch.search.SearchModule$$Lambda/0x00007fcd2884e720
12959:             1             16  org.opensearch.search.SearchModule$$Lambda/0x00007fcd2884f230
12960:             1             16  org.opensearch.search.SearchModule$$Lambda/0x00007fcd2884f680
12961:             1             16  org.opensearch.search.SearchModule$$Lambda/0x00007fcd28850000
12962:             1             16  org.opensearch.search.SearchModule$$Lambda/0x00007fcd288508b0
12963:             1             16  org.opensearch.search.SearchModule$$Lambda/0x00007fcd28850d00
12964:             1             16  org.opensearch.search.SearchModule$$Lambda/0x00007fcd28851188
12965:             1             16  org.opensearch.search.SearchModule$$Lambda/0x00007fcd288513a0
12966:             1             16  org.opensearch.search.SearchModule$$Lambda/0x00007fcd288515b8
12967:             1             16  org.opensearch.search.SearchModule$$Lambda/0x00007fcd28851db0
12968:             1             16  org.opensearch.search.SearchModule$$Lambda/0x00007fcd28851fc8
12969:             1             16  org.opensearch.search.SearchModule$$Lambda/0x00007fcd28852c18
12970:             1             16  org.opensearch.search.SearchModule$$Lambda/0x00007fcd28852e30
12971:             1             16  org.opensearch.search.SearchModule$$Lambda/0x00007fcd28854320
12972:             1             16  org.opensearch.search.SearchModule$$Lambda/0x00007fcd28854538
12973:             1             16  org.opensearch.search.SearchModule$$Lambda/0x00007fcd28854750
12974:             1             16  org.opensearch.search.SearchModule$$Lambda/0x00007fcd28854f50
12975:             1             16  org.opensearch.search.SearchModule$$Lambda/0x00007fcd28855168
12976:             1             16  org.opensearch.search.SearchModule$$Lambda/0x00007fcd28855380
12977:             1             16  org.opensearch.search.SearchModule$$Lambda/0x00007fcd28855ba0
12978:             1             16  org.opensearch.search.SearchModule$$Lambda/0x00007fcd28855db8
12979:             1             16  org.opensearch.search.SearchModule$$Lambda/0x00007fcd28855fd0
12980:             1             16  org.opensearch.search.SearchModule$$Lambda/0x00007fcd288567f8
12981:             1             16  org.opensearch.search.SearchModule$$Lambda/0x00007fcd28856a10
12982:             1             16  org.opensearch.search.SearchModule$$Lambda/0x00007fcd288578f8
12983:             1             16  org.opensearch.search.SearchModule$$Lambda/0x00007fcd2885a1a8
12984:             1             16  org.opensearch.search.SearchModule$$Lambda/0x00007fcd2886c018
12985:             1             16  org.opensearch.search.SearchModule$$Lambda/0x00007fcd2886c230
12986:             1             16  org.opensearch.search.SearchModule$$Lambda/0x00007fcd2886c448
12987:             1             16  org.opensearch.search.SearchModule$$Lambda/0x00007fcd2886c660
12988:             1             16  org.opensearch.search.SearchModule$$Lambda/0x00007fcd2886c878
12989:             1             16  org.opensearch.search.SearchModule$$Lambda/0x00007fcd2886ca90
12990:             1             16  org.opensearch.search.SearchModule$$Lambda/0x00007fcd2886cca8
12991:             1             16  org.opensearch.search.SearchModule$$Lambda/0x00007fcd2886ec20
12992:             1             16  org.opensearch.search.SearchService$$Lambda/0x00007fcd28d094e0
12993:             1             16  org.opensearch.search.SearchService$$Lambda/0x00007fcd28d09710
12994:             1             16  org.opensearch.search.SearchService$$Lambda/0x00007fcd28d09940
12995:             1             16  org.opensearch.search.SearchService$$Lambda/0x00007fcd28d09b70
12996:             1             16  org.opensearch.search.SearchService$$Lambda/0x00007fcd28d09fc8
12997:             1             16  org.opensearch.search.SearchService$$Lambda/0x00007fcd28d0a1f8
12998:             1             16  org.opensearch.search.SearchService$$Lambda/0x00007fcd28d0a428
12999:             1             16  org.opensearch.search.SearchService$$Lambda/0x00007fcd28d0a658
13000:             1             16  org.opensearch.search.SearchService$$Lambda/0x00007fcd28d0a888
13001:             1             16  org.opensearch.search.SearchService$$Lambda/0x00007fcd28d0aab8
13002:             1             16  org.opensearch.search.SearchService$$Lambda/0x00007fcd29205120
13003:             1             16  org.opensearch.search.SearchService$$Lambda/0x00007fcd292f1238
13004:             1             16  org.opensearch.search.SearchService$$Lambda/0x00007fcd292f4660
13005:             1             16  org.opensearch.search.SearchService$$Lambda/0x00007fcd2933b8a0
13006:             1             16  org.opensearch.search.SearchService$$Lambda/0x00007fcd2933ed78
13007:             1             16  org.opensearch.search.SearchService$Reaper
13008:             1             16  org.opensearch.search.SearchSortValues$$Lambda/0x00007fcd29220d48
13009:             1             16  org.opensearch.search.SearchSortValues$$Lambda/0x00007fcd29220f60
13010:             1             16  org.opensearch.search.SearchSortValues$$Lambda/0x00007fcd29221178
13011:             1             16  org.opensearch.search.SearchSortValues$$Lambda/0x00007fcd29221390
13012:             1             16  org.opensearch.search.aggregations.AggregatorFactories$1
13013:             1             16  org.opensearch.search.aggregations.BucketCollector$1
13014:             1             16  org.opensearch.search.aggregations.CardinalityUpperBound$1
13015:             1             16  org.opensearch.search.aggregations.CardinalityUpperBound$2
13016:             1             16  org.opensearch.search.aggregations.CardinalityUpperBound$KnownCardinalityUpperBound
13017:             1             16  org.opensearch.search.aggregations.InternalAggregations$$Lambda/0x00007fcd293d6cc8
13018:             1             16  org.opensearch.search.aggregations.InternalOrder$$Lambda/0x00007fcd29300000
13019:             1             16  org.opensearch.search.aggregations.InternalOrder$$Lambda/0x00007fcd29300218
13020:             1             16  org.opensearch.search.aggregations.LeafBucketCollector$1
13021:             1             16  org.opensearch.search.aggregations.MultiBucketConsumerService$$Lambda/0x00007fcd28d05d58
13022:             1             16  org.opensearch.search.aggregations.NonGlobalAggCollectorManagerWithSingleCollector$$Lambda/0x00007fcd292de9f8
13023:             1             16  org.opensearch.search.aggregations.bucket.FastFilterRewriteHelper$$Lambda/0x00007fcd292cd800
13024:             1             16  org.opensearch.search.aggregations.bucket.FastFilterRewriteHelper$$Lambda/0x00007fcd292d0000
13025:             1             16  org.opensearch.search.aggregations.bucket.FastFilterRewriteHelper$$Lambda/0x00007fcd292d0c00
13026:             1             16  org.opensearch.search.aggregations.bucket.FastFilterRewriteHelper$$Lambda/0x00007fcd292d2400
13027:             1             16  org.opensearch.search.aggregations.bucket.composite.CompositeAggregationBuilder$$Lambda/0x00007fcd2881cb10
13028:             1             16  org.opensearch.search.aggregations.bucket.composite.CompositeAggregationBuilder$$Lambda/0x00007fcd2881d058
13029:             1             16  org.opensearch.search.aggregations.bucket.composite.CompositeAggregationBuilder$$Lambda/0x00007fcd2881d270
13030:             1             16  org.opensearch.search.aggregations.bucket.composite.CompositeAggregationBuilder$$Lambda/0x00007fcd2881d498
13031:             1             16  org.opensearch.search.aggregations.bucket.composite.CompositeAggregationBuilder$$Lambda/0x00007fcd2881d6c0
13032:             1             16  org.opensearch.search.aggregations.bucket.composite.CompositeAggregationBuilder$$Lambda/0x00007fcd28826430
13033:             1             16  org.opensearch.search.aggregations.bucket.composite.CompositeValuesSourceParserHelper$$Lambda/0x00007fcd28820c90
13034:             1             16  org.opensearch.search.aggregations.bucket.composite.CompositeValuesSourceParserHelper$$Lambda/0x00007fcd28820eb8
13035:             1             16  org.opensearch.search.aggregations.bucket.composite.CompositeValuesSourceParserHelper$$Lambda/0x00007fcd288210d0
13036:             1             16  org.opensearch.search.aggregations.bucket.composite.CompositeValuesSourceParserHelper$$Lambda/0x00007fcd288212f8
13037:             1             16  org.opensearch.search.aggregations.bucket.composite.CompositeValuesSourceParserHelper$$Lambda/0x00007fcd28821520
13038:             1             16  org.opensearch.search.aggregations.bucket.composite.CompositeValuesSourceParserHelper$$Lambda/0x00007fcd28821748
13039:             1             16  org.opensearch.search.aggregations.bucket.composite.CompositeValuesSourceParserHelper$$Lambda/0x00007fcd28821960
13040:             1             16  org.opensearch.search.aggregations.bucket.composite.CompositeValuesSourceParserHelper$$Lambda/0x00007fcd28821b88
13041:             1             16  org.opensearch.search.aggregations.bucket.composite.CompositeValuesSourceParserHelper$$Lambda/0x00007fcd28821da0
13042:             1             16  org.opensearch.search.aggregations.bucket.composite.CompositeValuesSourceParserHelper$$Lambda/0x00007fcd28821fc8
13043:             1             16  org.opensearch.search.aggregations.bucket.composite.DateHistogramValuesSourceBuilder$$Lambda/0x00007fcd2881f6a8
13044:             1             16  org.opensearch.search.aggregations.bucket.composite.DateHistogramValuesSourceBuilder$$Lambda/0x00007fcd2881f8e0
13045:             1             16  org.opensearch.search.aggregations.bucket.composite.DateHistogramValuesSourceBuilder$$Lambda/0x00007fcd2881fb08
13046:             1             16  org.opensearch.search.aggregations.bucket.composite.DateHistogramValuesSourceBuilder$$Lambda/0x00007fcd2881fd30
13047:             1             16  org.opensearch.search.aggregations.bucket.composite.DateHistogramValuesSourceBuilder$$Lambda/0x00007fcd28820000
13048:             1             16  org.opensearch.search.aggregations.bucket.composite.DateHistogramValuesSourceBuilder$$Lambda/0x00007fcd28820228
13049:             1             16  org.opensearch.search.aggregations.bucket.composite.DateHistogramValuesSourceBuilder$$Lambda/0x00007fcd28822698
13050:             1             16  org.opensearch.search.aggregations.bucket.composite.HistogramValuesSourceBuilder$$Lambda/0x00007fcd28823020
13051:             1             16  org.opensearch.search.aggregations.bucket.composite.HistogramValuesSourceBuilder$$Lambda/0x00007fcd28823248
13052:             1             16  org.opensearch.search.aggregations.bucket.composite.TermsValuesSourceBuilder$$Lambda/0x00007fcd28826000
13053:             1             16  org.opensearch.search.aggregations.bucket.composite.TermsValuesSourceBuilder$$Lambda/0x00007fcd28826218
13054:             1             16  org.opensearch.search.aggregations.bucket.histogram.AutoDateHistogramAggregationBuilder$$Lambda/0x00007fcd2880a2b0
13055:             1             16  org.opensearch.search.aggregations.bucket.histogram.AutoDateHistogramAggregationBuilder$$Lambda/0x00007fcd2880a4e8
13056:             1             16  org.opensearch.search.aggregations.bucket.histogram.AutoDateHistogramAggregationBuilder$$Lambda/0x00007fcd2880a710
13057:             1             16  org.opensearch.search.aggregations.bucket.histogram.AutoDateHistogramAggregatorFactory$$Lambda/0x00007fcd2880ede8
13058:             1             16  org.opensearch.search.aggregations.bucket.histogram.DateHistogramAggregationBuilder$$Lambda/0x00007fcd28805000
13059:             1             16  org.opensearch.search.aggregations.bucket.histogram.DateHistogramAggregationBuilder$$Lambda/0x00007fcd28805228
13060:             1             16  org.opensearch.search.aggregations.bucket.histogram.DateHistogramAggregationBuilder$$Lambda/0x00007fcd28805440
13061:             1             16  org.opensearch.search.aggregations.bucket.histogram.DateHistogramAggregationBuilder$$Lambda/0x00007fcd28805668
13062:             1             16  org.opensearch.search.aggregations.bucket.histogram.DateHistogramAggregationBuilder$$Lambda/0x00007fcd28805880
13063:             1             16  org.opensearch.search.aggregations.bucket.histogram.DateHistogramAggregationBuilder$$Lambda/0x00007fcd28805aa8
13064:             1             16  org.opensearch.search.aggregations.bucket.histogram.DateHistogramAggregationBuilder$$Lambda/0x00007fcd28806000
13065:             1             16  org.opensearch.search.aggregations.bucket.histogram.DateHistogramAggregationBuilder$$Lambda/0x00007fcd28807458
13066:             1             16  org.opensearch.search.aggregations.bucket.histogram.DateHistogramAggregationBuilder$$Lambda/0x00007fcd28807680
13067:             1             16  org.opensearch.search.aggregations.bucket.histogram.DateHistogramAggregationBuilder$$Lambda/0x00007fcd28807898
13068:             1             16  org.opensearch.search.aggregations.bucket.histogram.DateHistogramAggregationBuilder$$Lambda/0x00007fcd28807ac0
13069:             1             16  org.opensearch.search.aggregations.bucket.histogram.DateHistogramAggregationBuilder$$Lambda/0x00007fcd292fa000
13070:             1             16  org.opensearch.search.aggregations.bucket.histogram.DateHistogramAggregationBuilder$$Lambda/0x00007fcd29301338
13071:             1             16  org.opensearch.search.aggregations.bucket.histogram.DateHistogramAggregator$$Lambda/0x00007fcd293d3d38
13072:             1             16  org.opensearch.search.aggregations.bucket.histogram.DateHistogramAggregator$$Lambda/0x00007fcd293d61f8
13073:             1             16  org.opensearch.search.aggregations.bucket.histogram.DateHistogramAggregatorFactory$$Lambda/0x00007fcd28808df8
13074:             1             16  org.opensearch.search.aggregations.bucket.histogram.DateHistogramAggregatorFactory$$Lambda/0x00007fcd288095d8
13075:             1             16  org.opensearch.search.aggregations.bucket.histogram.DateIntervalWrapper$$Lambda/0x00007fcd28806518
13076:             1             16  org.opensearch.search.aggregations.bucket.histogram.DateIntervalWrapper$$Lambda/0x00007fcd28806740
13077:             1             16  org.opensearch.search.aggregations.bucket.histogram.DateIntervalWrapper$$Lambda/0x00007fcd28806bd8
13078:             1             16  org.opensearch.search.aggregations.bucket.histogram.DateIntervalWrapper$$Lambda/0x00007fcd28806e00
13079:             1             16  org.opensearch.search.aggregations.bucket.histogram.DateIntervalWrapper$$Lambda/0x00007fcd28807018
13080:             1             16  org.opensearch.search.aggregations.bucket.histogram.DateIntervalWrapper$$Lambda/0x00007fcd28807240
13081:             1             16  org.opensearch.search.aggregations.bucket.histogram.DateIntervalWrapper$$Lambda/0x00007fcd293006a8
13082:             1             16  org.opensearch.search.aggregations.bucket.histogram.HistogramAggregationBuilder$$Lambda/0x00007fcd287f9000
13083:             1             16  org.opensearch.search.aggregations.bucket.histogram.HistogramAggregationBuilder$$Lambda/0x00007fcd287f9228
13084:             1             16  org.opensearch.search.aggregations.bucket.histogram.HistogramAggregationBuilder$$Lambda/0x00007fcd287f9440
13085:             1             16  org.opensearch.search.aggregations.bucket.histogram.HistogramAggregationBuilder$$Lambda/0x00007fcd287f9668
13086:             1             16  org.opensearch.search.aggregations.bucket.histogram.HistogramAggregationBuilder$$Lambda/0x00007fcd287fa608
13087:             1             16  org.opensearch.search.aggregations.bucket.histogram.HistogramAggregationBuilder$$Lambda/0x00007fcd287fa820
13088:             1             16  org.opensearch.search.aggregations.bucket.histogram.HistogramAggregationBuilder$$Lambda/0x00007fcd287faa48
13089:             1             16  org.opensearch.search.aggregations.bucket.histogram.HistogramAggregationBuilder$$Lambda/0x00007fcd287fac70
13090:             1             16  org.opensearch.search.aggregations.bucket.histogram.HistogramAggregationBuilder$$Lambda/0x00007fcd287faea8
13091:             1             16  org.opensearch.search.aggregations.bucket.histogram.HistogramAggregationBuilder$$Lambda/0x00007fcd287fb0d0
13092:             1             16  org.opensearch.search.aggregations.bucket.histogram.HistogramAggregationBuilder$$Lambda/0x00007fcd287fb2f8
13093:             1             16  org.opensearch.search.aggregations.bucket.histogram.HistogramAggregationBuilder$$Lambda/0x00007fcd287fb520
13094:             1             16  org.opensearch.search.aggregations.bucket.histogram.HistogramAggregationBuilder$$Lambda/0x00007fcd287fb9d8
13095:             1             16  org.opensearch.search.aggregations.bucket.histogram.HistogramAggregationBuilder$$Lambda/0x00007fcd287fbc00
13096:             1             16  org.opensearch.search.aggregations.bucket.histogram.HistogramAggregatorFactory$$Lambda/0x00007fcd288010c8
13097:             1             16  org.opensearch.search.aggregations.bucket.histogram.HistogramAggregatorFactory$$Lambda/0x00007fcd28801548
13098:             1             16  org.opensearch.search.aggregations.bucket.histogram.LongBounds$$Lambda/0x00007fcd29301b98
13099:             1             16  org.opensearch.search.aggregations.bucket.histogram.LongBounds$$Lambda/0x00007fcd29301dd0
13100:             1             16  org.opensearch.search.aggregations.bucket.histogram.VariableWidthHistogramAggregationBuilder$$Lambda/0x00007fcd2880d000
13101:             1             16  org.opensearch.search.aggregations.bucket.histogram.VariableWidthHistogramAggregationBuilder$$Lambda/0x00007fcd2880d228
13102:             1             16  org.opensearch.search.aggregations.bucket.histogram.VariableWidthHistogramAggregationBuilder$$Lambda/0x00007fcd2880fac0
13103:             1             16  org.opensearch.search.aggregations.bucket.histogram.VariableWidthHistogramAggregationBuilder$$Lambda/0x00007fcd2880fcf8
13104:             1             16  org.opensearch.search.aggregations.bucket.histogram.VariableWidthHistogramAggregatorFactory$$Lambda/0x00007fcd28810d00
13105:             1             16  org.opensearch.search.aggregations.bucket.missing.MissingAggregationBuilder$$Lambda/0x00007fcd287ced50
13106:             1             16  org.opensearch.search.aggregations.bucket.missing.MissingAggregatorFactory$$Lambda/0x00007fcd287cc800
13107:             1             16  org.opensearch.search.aggregations.bucket.range.AbstractRangeAggregatorFactory$$Lambda/0x00007fcd287f64a8
13108:             1             16  org.opensearch.search.aggregations.bucket.range.BinaryRangeAggregatorFactory$$Lambda/0x00007fcd287ff660
13109:             1             16  org.opensearch.search.aggregations.bucket.range.DateRangeAggregationBuilder$$Lambda/0x00007fcd287f7278
13110:             1             16  org.opensearch.search.aggregations.bucket.range.DateRangeAggregationBuilder$$Lambda/0x00007fcd287f78f0
13111:             1             16  org.opensearch.search.aggregations.bucket.range.DateRangeAggregationBuilder$$Lambda/0x00007fcd287f7b18
13112:             1             16  org.opensearch.search.aggregations.bucket.range.DateRangeAggregationBuilder$$Lambda/0x00007fcd287f7d40
13113:             1             16  org.opensearch.search.aggregations.bucket.range.GeoDistanceAggregationBuilder$$Lambda/0x00007fcd288126d0
13114:             1             16  org.opensearch.search.aggregations.bucket.range.GeoDistanceAggregationBuilder$$Lambda/0x00007fcd288128f8
13115:             1             16  org.opensearch.search.aggregations.bucket.range.GeoDistanceAggregationBuilder$$Lambda/0x00007fcd28812dd0
13116:             1             16  org.opensearch.search.aggregations.bucket.range.GeoDistanceAggregationBuilder$$Lambda/0x00007fcd28813248
13117:             1             16  org.opensearch.search.aggregations.bucket.range.GeoDistanceAggregationBuilder$$Lambda/0x00007fcd28813470
13118:             1             16  org.opensearch.search.aggregations.bucket.range.GeoDistanceAggregationBuilder$$Lambda/0x00007fcd288138e0
13119:             1             16  org.opensearch.search.aggregations.bucket.range.GeoDistanceAggregationBuilder$$Lambda/0x00007fcd28813b08
13120:             1             16  org.opensearch.search.aggregations.bucket.range.GeoDistanceAggregationBuilder$$Lambda/0x00007fcd28813d20
13121:             1             16  org.opensearch.search.aggregations.bucket.range.GeoDistanceAggregationBuilder$$Lambda/0x00007fcd28816000
13122:             1             16  org.opensearch.search.aggregations.bucket.range.GeoDistanceRangeAggregatorFactory$$Lambda/0x00007fcd28816468
13123:             1             16  org.opensearch.search.aggregations.bucket.range.IpRangeAggregationBuilder$$Lambda/0x00007fcd287fd2d0
13124:             1             16  org.opensearch.search.aggregations.bucket.range.IpRangeAggregationBuilder$$Lambda/0x00007fcd287fd508
13125:             1             16  org.opensearch.search.aggregations.bucket.range.IpRangeAggregationBuilder$$Lambda/0x00007fcd287fd730
13126:             1             16  org.opensearch.search.aggregations.bucket.range.IpRangeAggregationBuilder$$Lambda/0x00007fcd287fdbd0
13127:             1             16  org.opensearch.search.aggregations.bucket.range.RangeAggregationBuilder$$Lambda/0x00007fcd287f3c98
13128:             1             16  org.opensearch.search.aggregations.bucket.range.RangeAggregationBuilder$$Lambda/0x00007fcd287f3ed0
13129:             1             16  org.opensearch.search.aggregations.bucket.range.RangeAggregationBuilder$$Lambda/0x00007fcd287f4ca8
13130:             1             16  org.opensearch.search.aggregations.bucket.range.RangeAggregationBuilder$$Lambda/0x00007fcd287f5180
13131:             1             16  org.opensearch.search.aggregations.bucket.sampler.DiversifiedAggregationBuilder$$Lambda/0x00007fcd287d6be0
13132:             1             16  org.opensearch.search.aggregations.bucket.sampler.DiversifiedAggregationBuilder$$Lambda/0x00007fcd287d6e18
13133:             1             16  org.opensearch.search.aggregations.bucket.sampler.DiversifiedAggregationBuilder$$Lambda/0x00007fcd287d8210
13134:             1             16  org.opensearch.search.aggregations.bucket.sampler.DiversifiedAggregationBuilder$$Lambda/0x00007fcd287d8438
13135:             1             16  org.opensearch.search.aggregations.bucket.sampler.DiversifiedAggregatorFactory$$Lambda/0x00007fcd287d9290
13136:             1             16  org.opensearch.search.aggregations.bucket.sampler.DiversifiedAggregatorFactory$$Lambda/0x00007fcd287d94a8
13137:             1             16  org.opensearch.search.aggregations.bucket.terms.GlobalOrdinalsStringTermsAggregator$$Lambda/0x00007fcd291f0da8
13138:             1             16  org.opensearch.search.aggregations.bucket.terms.GlobalOrdinalsStringTermsAggregator$StandardTermsResults$$Lambda/0x00007fcd293d22e8
13139:             1             16  org.opensearch.search.aggregations.bucket.terms.GlobalOrdinalsStringTermsAggregator$StandardTermsResults$$Lambda/0x00007fcd293d2970
13140:             1             16  org.opensearch.search.aggregations.bucket.terms.GlobalOrdinalsStringTermsAggregator$StandardTermsResults$$Lambda/0x00007fcd293d2b88
13141:             1             16  org.opensearch.search.aggregations.bucket.terms.LongKeyedBucketOrds$FromSingle
13142:             1             16  org.opensearch.search.aggregations.bucket.terms.MultiTermsAggregationBuilder$$Lambda/0x00007fcd28829000
13143:             1             16  org.opensearch.search.aggregations.bucket.terms.MultiTermsAggregationBuilder$$Lambda/0x00007fcd28829228
13144:             1             16  org.opensearch.search.aggregations.bucket.terms.MultiTermsAggregationBuilder$$Lambda/0x00007fcd28829450
13145:             1             16  org.opensearch.search.aggregations.bucket.terms.MultiTermsAggregationBuilder$$Lambda/0x00007fcd28829668
13146:             1             16  org.opensearch.search.aggregations.bucket.terms.MultiTermsAggregationBuilder$$Lambda/0x00007fcd28829890
13147:             1             16  org.opensearch.search.aggregations.bucket.terms.MultiTermsAggregationBuilder$$Lambda/0x00007fcd2882c218
13148:             1             16  org.opensearch.search.aggregations.bucket.terms.MultiTermsAggregationBuilder$$Lambda/0x00007fcd2882f220
13149:             1             16  org.opensearch.search.aggregations.bucket.terms.MultiTermsAggregationBuilder$$Lambda/0x00007fcd2882f448
13150:             1             16  org.opensearch.search.aggregations.bucket.terms.MultiTermsAggregationBuilder$$Lambda/0x00007fcd2882f668
13151:             1             16  org.opensearch.search.aggregations.bucket.terms.MultiTermsAggregationBuilder$$Lambda/0x00007fcd2882f890
13152:             1             16  org.opensearch.search.aggregations.bucket.terms.MultiTermsAggregationBuilder$$Lambda/0x00007fcd2882fab8
13153:             1             16  org.opensearch.search.aggregations.bucket.terms.MultiTermsAggregationBuilder$$Lambda/0x00007fcd2882fce0
13154:             1             16  org.opensearch.search.aggregations.bucket.terms.MultiTermsAggregationFactory$$Lambda/0x00007fcd28830420
13155:             1             16  org.opensearch.search.aggregations.bucket.terms.MultiTermsAggregationFactory$$Lambda/0x00007fcd28830638
13156:             1             16  org.opensearch.search.aggregations.bucket.terms.RareTermsAggregationBuilder$$Lambda/0x00007fcd287e69f0
13157:             1             16  org.opensearch.search.aggregations.bucket.terms.RareTermsAggregationBuilder$$Lambda/0x00007fcd287e6c28
13158:             1             16  org.opensearch.search.aggregations.bucket.terms.RareTermsAggregationBuilder$$Lambda/0x00007fcd287e6e50
13159:             1             16  org.opensearch.search.aggregations.bucket.terms.RareTermsAggregationBuilder$$Lambda/0x00007fcd287e7078
13160:             1             16  org.opensearch.search.aggregations.bucket.terms.RareTermsAggregationBuilder$$Lambda/0x00007fcd287e7290
13161:             1             16  org.opensearch.search.aggregations.bucket.terms.RareTermsAggregationBuilder$$Lambda/0x00007fcd287e74b8
13162:             1             16  org.opensearch.search.aggregations.bucket.terms.RareTermsAggregationBuilder$$Lambda/0x00007fcd287e76d0
13163:             1             16  org.opensearch.search.aggregations.bucket.terms.RareTermsAggregatorFactory$1
13164:             1             16  org.opensearch.search.aggregations.bucket.terms.RareTermsAggregatorFactory$2
13165:             1             16  org.opensearch.search.aggregations.bucket.terms.SignificantTermsAggregationBuilder$$Lambda/0x00007fcd287ef5e8
13166:             1             16  org.opensearch.search.aggregations.bucket.terms.SignificantTermsAggregationBuilder$$Lambda/0x00007fcd287efc70
13167:             1             16  org.opensearch.search.aggregations.bucket.terms.SignificantTermsAggregationBuilder$$Lambda/0x00007fcd287f0000
13168:             1             16  org.opensearch.search.aggregations.bucket.terms.SignificantTermsAggregationBuilder$$Lambda/0x00007fcd287f0228
13169:             1             16  org.opensearch.search.aggregations.bucket.terms.SignificantTermsAggregationBuilder$$Lambda/0x00007fcd287f0450
13170:             1             16  org.opensearch.search.aggregations.bucket.terms.SignificantTermsAggregationBuilder$$Lambda/0x00007fcd287f0678
13171:             1             16  org.opensearch.search.aggregations.bucket.terms.SignificantTermsAggregationBuilder$$Lambda/0x00007fcd287f08a0
13172:             1             16  org.opensearch.search.aggregations.bucket.terms.SignificantTermsAggregationBuilder$$Lambda/0x00007fcd287f0ac8
13173:             1             16  org.opensearch.search.aggregations.bucket.terms.SignificantTermsAggregationBuilder$$Lambda/0x00007fcd287f0ce0
13174:             1             16  org.opensearch.search.aggregations.bucket.terms.SignificantTermsAggregationBuilder$$Lambda/0x00007fcd287f0f08
13175:             1             16  org.opensearch.search.aggregations.bucket.terms.SignificantTermsAggregationBuilder$$Lambda/0x00007fcd287f1120
13176:             1             16  org.opensearch.search.aggregations.bucket.terms.SignificantTermsAggregationBuilder$$Lambda/0x00007fcd287f1348
13177:             1             16  org.opensearch.search.aggregations.bucket.terms.SignificantTermsAggregatorFactory$1
13178:             1             16  org.opensearch.search.aggregations.bucket.terms.SignificantTermsAggregatorFactory$2
13179:             1             16  org.opensearch.search.aggregations.bucket.terms.TermsAggregationBuilder$$Lambda/0x00007fcd287da4b0
13180:             1             16  org.opensearch.search.aggregations.bucket.terms.TermsAggregationBuilder$$Lambda/0x00007fcd287da6e8
13181:             1             16  org.opensearch.search.aggregations.bucket.terms.TermsAggregationBuilder$$Lambda/0x00007fcd287da910
13182:             1             16  org.opensearch.search.aggregations.bucket.terms.TermsAggregationBuilder$$Lambda/0x00007fcd287dab38
13183:             1             16  org.opensearch.search.aggregations.bucket.terms.TermsAggregationBuilder$$Lambda/0x00007fcd287dad60
13184:             1             16  org.opensearch.search.aggregations.bucket.terms.TermsAggregationBuilder$$Lambda/0x00007fcd287daf88
13185:             1             16  org.opensearch.search.aggregations.bucket.terms.TermsAggregationBuilder$$Lambda/0x00007fcd287db1b0
13186:             1             16  org.opensearch.search.aggregations.bucket.terms.TermsAggregationBuilder$$Lambda/0x00007fcd287db630
13187:             1             16  org.opensearch.search.aggregations.bucket.terms.TermsAggregationBuilder$$Lambda/0x00007fcd287db858
13188:             1             16  org.opensearch.search.aggregations.bucket.terms.TermsAggregationBuilder$$Lambda/0x00007fcd287dbc60
13189:             1             16  org.opensearch.search.aggregations.bucket.terms.TermsAggregationBuilder$$Lambda/0x00007fcd287dd420
13190:             1             16  org.opensearch.search.aggregations.bucket.terms.TermsAggregationBuilder$$Lambda/0x00007fcd287dd638
13191:             1             16  org.opensearch.search.aggregations.bucket.terms.TermsAggregationBuilder$$Lambda/0x00007fcd287dd860
13192:             1             16  org.opensearch.search.aggregations.bucket.terms.TermsAggregationBuilder$$Lambda/0x00007fcd287de288
13193:             1             16  org.opensearch.search.aggregations.bucket.terms.TermsAggregationBuilder$$Lambda/0x00007fcd287de758
13194:             1             16  org.opensearch.search.aggregations.bucket.terms.TermsAggregationBuilder$$Lambda/0x00007fcd292fae80
13195:             1             16  org.opensearch.search.aggregations.bucket.terms.TermsAggregationBuilder$$Lambda/0x00007fcd292fb8f8
13196:             1             16  org.opensearch.search.aggregations.bucket.terms.TermsAggregator$$Lambda/0x00007fcd292cc000
13197:             1             16  org.opensearch.search.aggregations.bucket.terms.TermsAggregatorFactory$1
13198:             1             16  org.opensearch.search.aggregations.bucket.terms.TermsAggregatorFactory$2
13199:             1             16  org.opensearch.search.aggregations.bucket.terms.TermsAggregatorFactory$ExecutionMode$2$$Lambda/0x00007fcd29118800
13200:             1             16  org.opensearch.search.aggregations.bucket.terms.heuristic.ChiSquare$$Lambda/0x00007fcd2879b928
13201:             1             16  org.opensearch.search.aggregations.bucket.terms.heuristic.GND$$Lambda/0x00007fcd2879c490
13202:             1             16  org.opensearch.search.aggregations.bucket.terms.heuristic.JLHScore
13203:             1             16  org.opensearch.search.aggregations.bucket.terms.heuristic.JLHScore$$Lambda/0x00007fcd2879cb90
13204:             1             16  org.opensearch.search.aggregations.bucket.terms.heuristic.MutualInformation$$Lambda/0x00007fcd2879d290
13205:             1             16  org.opensearch.search.aggregations.bucket.terms.heuristic.PercentageScore$$Lambda/0x00007fcd2879d980
13206:             1             16  org.opensearch.search.aggregations.bucket.terms.heuristic.ScriptHeuristic$$Lambda/0x00007fcd2879e320
13207:             1             16  org.opensearch.search.aggregations.matrix.MatrixAggregationPlugin
13208:             1             16  org.opensearch.search.aggregations.matrix.MatrixAggregationPlugin$$Lambda/0x00007fcd28834c98
13209:             1             16  org.opensearch.search.aggregations.matrix.MatrixAggregationPlugin$$Lambda/0x00007fcd28835b50
13210:             1             16  org.opensearch.search.aggregations.metrics.AbstractPercentilesAggregationBuilder$$Lambda/0x00007fcd287b8c48
13211:             1             16  org.opensearch.search.aggregations.metrics.AvgAggregationBuilder$$Lambda/0x00007fcd287a2da0
13212:             1             16  org.opensearch.search.aggregations.metrics.AvgAggregatorFactory$$Lambda/0x00007fcd287a8e68
13213:             1             16  org.opensearch.search.aggregations.metrics.CardinalityAggregationBuilder$$Lambda/0x00007fcd287c4800
13214:             1             16  org.opensearch.search.aggregations.metrics.CardinalityAggregationBuilder$$Lambda/0x00007fcd287c5a90
13215:             1             16  org.opensearch.search.aggregations.metrics.CardinalityAggregationBuilder$$Lambda/0x00007fcd287c5cc8
13216:             1             16  org.opensearch.search.aggregations.metrics.CardinalityAggregatorFactory$$Lambda/0x00007fcd287ca168
13217:             1             16  org.opensearch.search.aggregations.metrics.ExtendedStatsAggregationBuilder$$Lambda/0x00007fcd287b5e18
13218:             1             16  org.opensearch.search.aggregations.metrics.ExtendedStatsAggregationBuilder$$Lambda/0x00007fcd287b6050
13219:             1             16  org.opensearch.search.aggregations.metrics.ExtendedStatsAggregatorFactory$$Lambda/0x00007fcd287b76a0
13220:             1             16  org.opensearch.search.aggregations.metrics.GeoCentroidAggregationBuilder$$Lambda/0x00007fcd28819260
13221:             1             16  org.opensearch.search.aggregations.metrics.GeoCentroidAggregatorFactory$$Lambda/0x00007fcd2881a420
13222:             1             16  org.opensearch.search.aggregations.metrics.MaxAggregationBuilder$$Lambda/0x00007fcd287b18a8
13223:             1             16  org.opensearch.search.aggregations.metrics.MaxAggregatorFactory$$Lambda/0x00007fcd287b2ae8
13224:             1             16  org.opensearch.search.aggregations.metrics.MedianAbsoluteDeviationAggregationBuilder$$Lambda/0x00007fcd287c6850
13225:             1             16  org.opensearch.search.aggregations.metrics.MedianAbsoluteDeviationAggregationBuilder$$Lambda/0x00007fcd287c6a88
13226:             1             16  org.opensearch.search.aggregations.metrics.MedianAbsoluteDeviationAggregatorFactory$$Lambda/0x00007fcd287c7cc0
13227:             1             16  org.opensearch.search.aggregations.metrics.MinAggregationBuilder$$Lambda/0x00007fcd287ac800
13228:             1             16  org.opensearch.search.aggregations.metrics.MinAggregatorFactory$$Lambda/0x00007fcd287b0df0
13229:             1             16  org.opensearch.search.aggregations.metrics.PercentileRanksAggregationBuilder$$Lambda/0x00007fcd287c3648
13230:             1             16  org.opensearch.search.aggregations.metrics.PercentileRanksAggregationBuilder$$Lambda/0x00007fcd287c3860
13231:             1             16  org.opensearch.search.aggregations.metrics.PercentileRanksAggregatorFactory$$Lambda/0x00007fcd287c3a78
13232:             1             16  org.opensearch.search.aggregations.metrics.PercentilesAggregationBuilder$$Lambda/0x00007fcd287bbbb0
13233:             1             16  org.opensearch.search.aggregations.metrics.PercentilesAggregationBuilder$$Lambda/0x00007fcd287bbdc8
13234:             1             16  org.opensearch.search.aggregations.metrics.PercentilesAggregatorFactory$$Lambda/0x00007fcd287c17b0
13235:             1             16  org.opensearch.search.aggregations.metrics.PercentilesMethod$$Lambda/0x00007fcd287c04e0
13236:             1             16  org.opensearch.search.aggregations.metrics.PercentilesMethod$$Lambda/0x00007fcd287c06f8
13237:             1             16  org.opensearch.search.aggregations.metrics.PercentilesMethod$$Lambda/0x00007fcd287c1370
13238:             1             16  org.opensearch.search.aggregations.metrics.PercentilesMethod$$Lambda/0x00007fcd287c1588
13239:             1             16  org.opensearch.search.aggregations.metrics.ScriptedMetricAggregationBuilder$$Lambda/0x00007fcd2881ae80
13240:             1             16  org.opensearch.search.aggregations.metrics.ScriptedMetricAggregationBuilder$$Lambda/0x00007fcd2881b0a8
13241:             1             16  org.opensearch.search.aggregations.metrics.ScriptedMetricAggregationBuilder$$Lambda/0x00007fcd2881b2d0
13242:             1             16  org.opensearch.search.aggregations.metrics.ScriptedMetricAggregationBuilder$$Lambda/0x00007fcd2881b4f8
13243:             1             16  org.opensearch.search.aggregations.metrics.ScriptedMetricAggregationBuilder$$Lambda/0x00007fcd2881b720
13244:             1             16  org.opensearch.search.aggregations.metrics.ScriptedMetricAggregationBuilder$$Lambda/0x00007fcd2881b948
13245:             1             16  org.opensearch.search.aggregations.metrics.StatsAggregationBuilder$$Lambda/0x00007fcd287b35a0
13246:             1             16  org.opensearch.search.aggregations.metrics.StatsAggregatorFactory$$Lambda/0x00007fcd287b5158
13247:             1             16  org.opensearch.search.aggregations.metrics.SumAggregationBuilder$$Lambda/0x00007fcd287af108
13248:             1             16  org.opensearch.search.aggregations.metrics.SumAggregatorFactory$$Lambda/0x00007fcd287ad358
13249:             1             16  org.opensearch.search.aggregations.metrics.ValueCountAggregationBuilder$$Lambda/0x00007fcd287bc218
13250:             1             16  org.opensearch.search.aggregations.metrics.ValueCountAggregatorFactory$$Lambda/0x00007fcd287bd920
13251:             1             16  org.opensearch.search.aggregations.metrics.WeightedAvgAggregationBuilder$$Lambda/0x00007fcd287aa740
13252:             1             16  org.opensearch.search.aggregations.pipeline.AvgBucketPipelineAggregationBuilder$1
13253:             1             16  org.opensearch.search.aggregations.pipeline.BucketScriptPipelineAggregationBuilder$$Lambda/0x00007fcd28853048
13254:             1             16  org.opensearch.search.aggregations.pipeline.BucketScriptPipelineAggregationBuilder$$Lambda/0x00007fcd28853270
13255:             1             16  org.opensearch.search.aggregations.pipeline.BucketScriptPipelineAggregationBuilder$$Lambda/0x00007fcd28853488
13256:             1             16  org.opensearch.search.aggregations.pipeline.BucketScriptPipelineAggregationBuilder$$Lambda/0x00007fcd28853910
13257:             1             16  org.opensearch.search.aggregations.pipeline.BucketScriptPipelineAggregationBuilder$$Lambda/0x00007fcd28853b38
13258:             1             16  org.opensearch.search.aggregations.pipeline.CumulativeSumPipelineAggregationBuilder$$Lambda/0x00007fcd288521e0
13259:             1             16  org.opensearch.search.aggregations.pipeline.CumulativeSumPipelineAggregationBuilder$$Lambda/0x00007fcd28852408
13260:             1             16  org.opensearch.search.aggregations.pipeline.EwmaModel$1
13261:             1             16  org.opensearch.search.aggregations.pipeline.ExtendedStatsBucketParser
13262:             1             16  org.opensearch.search.aggregations.pipeline.HoltLinearModel$1
13263:             1             16  org.opensearch.search.aggregations.pipeline.HoltWintersModel$1
13264:             1             16  org.opensearch.search.aggregations.pipeline.LinearModel$1
13265:             1             16  org.opensearch.search.aggregations.pipeline.MaxBucketPipelineAggregationBuilder$1
13266:             1             16  org.opensearch.search.aggregations.pipeline.MinBucketPipelineAggregationBuilder$1
13267:             1             16  org.opensearch.search.aggregations.pipeline.MovFnPipelineAggregationBuilder$$Lambda/0x00007fcd28856c28
13268:             1             16  org.opensearch.search.aggregations.pipeline.MovFnPipelineAggregationBuilder$$Lambda/0x00007fcd28856e50
13269:             1             16  org.opensearch.search.aggregations.pipeline.MovFnPipelineAggregationBuilder$$Lambda/0x00007fcd28857068
13270:             1             16  org.opensearch.search.aggregations.pipeline.MovFnPipelineAggregationBuilder$$Lambda/0x00007fcd28857290
13271:             1             16  org.opensearch.search.aggregations.pipeline.MovFnPipelineAggregationBuilder$$Lambda/0x00007fcd288574b8
13272:             1             16  org.opensearch.search.aggregations.pipeline.MovFnPipelineAggregationBuilder$$Lambda/0x00007fcd288576e0
13273:             1             16  org.opensearch.search.aggregations.pipeline.PercentilesBucketPipelineAggregationBuilder$1
13274:             1             16  org.opensearch.search.aggregations.pipeline.SimpleModel$1
13275:             1             16  org.opensearch.search.aggregations.pipeline.StatsBucketPipelineAggregationBuilder$1
13276:             1             16  org.opensearch.search.aggregations.pipeline.SumBucketPipelineAggregationBuilder$1
13277:             1             16  org.opensearch.search.aggregations.support.AggregationInfo
13278:             1             16  org.opensearch.search.aggregations.support.AggregationUsageService$Builder$$Lambda/0x00007fcd287a92c0
13279:             1             16  org.opensearch.search.aggregations.support.BaseMultiValuesSourceFieldConfig$$Lambda/0x00007fcd2882cbb0
13280:             1             16  org.opensearch.search.aggregations.support.BaseMultiValuesSourceFieldConfig$$Lambda/0x00007fcd2882d678
13281:             1             16  org.opensearch.search.aggregations.support.BaseMultiValuesSourceFieldConfig$$Lambda/0x00007fcd2882d8a0
13282:             1             16  org.opensearch.search.aggregations.support.BaseMultiValuesSourceFieldConfig$$Lambda/0x00007fcd2882dac8
13283:             1             16  org.opensearch.search.aggregations.support.BaseMultiValuesSourceFieldConfig$$Lambda/0x00007fcd2882dce0
13284:             1             16  org.opensearch.search.aggregations.support.BaseMultiValuesSourceFieldConfig$$Lambda/0x00007fcd2882df08
13285:             1             16  org.opensearch.search.aggregations.support.BaseMultiValuesSourceFieldConfig$$Lambda/0x00007fcd2882e120
13286:             1             16  org.opensearch.search.aggregations.support.BaseMultiValuesSourceFieldConfig$$Lambda/0x00007fcd2882e348
13287:             1             16  org.opensearch.search.aggregations.support.MultiTermsValuesSourceConfig$$Lambda/0x00007fcd2882cfc0
13288:             1             16  org.opensearch.search.aggregations.support.MultiTermsValuesSourceConfig$$Lambda/0x00007fcd2882d460
13289:             1             16  org.opensearch.search.aggregations.support.MultiTermsValuesSourceConfig$$Lambda/0x00007fcd2882e560
13290:             1             16  org.opensearch.search.aggregations.support.MultiTermsValuesSourceConfig$$Lambda/0x00007fcd2882e788
13291:             1             16  org.opensearch.search.aggregations.support.MultiTermsValuesSourceConfig$$Lambda/0x00007fcd2882e9a0
13292:             1             16  org.opensearch.search.aggregations.support.MultiTermsValuesSourceConfig$$Lambda/0x00007fcd2882ebc8
13293:             1             16  org.opensearch.search.aggregations.support.MultiTermsValuesSourceConfig$$Lambda/0x00007fcd2882ede0
13294:             1             16  org.opensearch.search.aggregations.support.MultiTermsValuesSourceConfig$$Lambda/0x00007fcd2882f008
13295:             1             16  org.opensearch.search.aggregations.support.MultiValuesSourceParseHelper$$Lambda/0x00007fcd287aab78
13296:             1             16  org.opensearch.search.aggregations.support.MultiValuesSourceParseHelper$$Lambda/0x00007fcd287aafc0
13297:             1             16  org.opensearch.search.aggregations.support.MultiValuesSourceParseHelper$$Lambda/0x00007fcd287ab1e8
13298:             1             16  org.opensearch.search.aggregations.support.ValuesSource$Bytes$WithOrdinals$1
13299:             1             16  org.opensearch.search.aggregations.support.ValuesSource$Numeric$1
13300:             1             16  org.opensearch.search.aggregations.support.ValuesSource$Numeric$FieldData
13301:             1             16  org.opensearch.search.aggregations.support.ValuesSourceAggregationBuilder$$Lambda/0x00007fcd287a2fd8
13302:             1             16  org.opensearch.search.aggregations.support.ValuesSourceAggregationBuilder$$Lambda/0x00007fcd287a3200
13303:             1             16  org.opensearch.search.aggregations.support.ValuesSourceAggregationBuilder$$Lambda/0x00007fcd287a3618
13304:             1             16  org.opensearch.search.aggregations.support.ValuesSourceAggregationBuilder$$Lambda/0x00007fcd287a3840
13305:             1             16  org.opensearch.search.aggregations.support.ValuesSourceAggregationBuilder$$Lambda/0x00007fcd287a3cb8
13306:             1             16  org.opensearch.search.aggregations.support.ValuesSourceAggregationBuilder$$Lambda/0x00007fcd287a3ee0
13307:             1             16  org.opensearch.search.aggregations.support.ValuesSourceAggregationBuilder$$Lambda/0x00007fcd287a42e8
13308:             1             16  org.opensearch.search.aggregations.support.ValuesSourceAggregationBuilder$$Lambda/0x00007fcd287a4510
13309:             1             16  org.opensearch.search.aggregations.support.ValuesSourceAggregationBuilder$$Lambda/0x00007fcd287a4728
13310:             1             16  org.opensearch.search.aggregations.support.ValuesSourceAggregationBuilder$$Lambda/0x00007fcd287a4950
13311:             1             16  org.opensearch.search.aggregations.support.ValuesSourceAggregationBuilder$$Lambda/0x00007fcd287f74b0
13312:             1             16  org.opensearch.search.aggregations.support.ValuesSourceAggregationBuilder$$Lambda/0x00007fcd287f76d8
13313:             1             16  org.opensearch.search.aggregations.support.ValuesSourceAggregationBuilder$$Lambda/0x00007fcd292faa78
13314:             1             16  org.opensearch.search.aggregations.support.ValuesSourceConfig$$Lambda/0x00007fcd292e8658
13315:             1             16  org.opensearch.search.aggregations.support.ValuesSourceRegistry$$Lambda/0x00007fcd28832888
13316:             1             16  org.opensearch.search.aggregations.support.ValuesSourceRegistry$$Lambda/0x00007fcd28832ac0
13317:             1             16  org.opensearch.search.asynchronous.action.AsynchronousSearchStatsAction$$Lambda/0x00007fcd28af1d38
13318:             1             16  org.opensearch.search.asynchronous.action.DeleteAsynchronousSearchAction$$Lambda/0x00007fcd28c68b88
13319:             1             16  org.opensearch.search.asynchronous.action.GetAsynchronousSearchAction$$Lambda/0x00007fcd28c68278
13320:             1             16  org.opensearch.search.asynchronous.action.SubmitAsynchronousSearchAction$$Lambda/0x00007fcd28af1648
13321:             1             16  org.opensearch.search.asynchronous.context.active.AsynchronousSearchActiveStore$$Lambda/0x00007fcd28591da8
13322:             1             16  org.opensearch.search.asynchronous.management.AsynchronousSearchManagementService$$Lambda/0x00007fcd28f97c30
13323:             1             16  org.opensearch.search.asynchronous.management.AsynchronousSearchManagementService$ActiveContextReaper
13324:             1             16  org.opensearch.search.asynchronous.management.AsynchronousSearchManagementService$PersistedResponseCleanUpTransportHandler
13325:             1             16  org.opensearch.search.asynchronous.service.AsynchronousSearchService$$Lambda/0x00007fcd28aec4d8
13326:             1             16  org.opensearch.search.asynchronous.service.AsynchronousSearchService$$Lambda/0x00007fcd28aec708
13327:             1             16  org.opensearch.search.asynchronous.service.AsynchronousSearchService$$Lambda/0x00007fcd28aec938
13328:             1             16  org.opensearch.search.asynchronous.service.AsynchronousSearchService$$Lambda/0x00007fcd28aecb68
13329:             1             16  org.opensearch.search.asynchronous.service.AsynchronousSearchService$$Lambda/0x00007fcd28aecd98
13330:             1             16  org.opensearch.search.asynchronous.service.AsynchronousSearchService$$Lambda/0x00007fcd28aeda98
13331:             1             16  org.opensearch.search.asynchronous.service.AsynchronousSearchService$$Lambda/0x00007fcd28aedef8
13332:             1             16  org.opensearch.search.asynchronous.service.AsynchronousSearchService$$Lambda/0x00007fcd28aee338
13333:             1             16  org.opensearch.search.asynchronous.service.AsynchronousSearchService$$Lambda/0x00007fcd28aee560
13334:             1             16  org.opensearch.search.asynchronous.service.AsynchronousSearchService$$Lambda/0x00007fcd28aee9a0
13335:             1             16  org.opensearch.search.asynchronous.service.AsynchronousSearchService$$Lambda/0x00007fcd28aeebc8
13336:             1             16  org.opensearch.search.asynchronous.service.AsynchronousSearchService$$Lambda/0x00007fcd28aef008
13337:             1             16  org.opensearch.search.asynchronous.service.AsynchronousSearchService$$Lambda/0x00007fcd28aef238
13338:             1             16  org.opensearch.search.asynchronous.service.AsynchronousSearchService$$Lambda/0x00007fcd28aef460
13339:             1             16  org.opensearch.search.asynchronous.service.AsynchronousSearchService$$Lambda/0x00007fcd28aef690
13340:             1             16  org.opensearch.search.asynchronous.service.AsynchronousSearchService$$Lambda/0x00007fcd28aefac8
13341:             1             16  org.opensearch.search.asynchronous.service.AsynchronousSearchService$$Lambda/0x00007fcd28aefcf0
13342:             1             16  org.opensearch.search.asynchronous.service.AsynchronousSearchService$$Lambda/0x00007fcd28af0210
13343:             1             16  org.opensearch.search.asynchronous.service.AsynchronousSearchService$$Lambda/0x00007fcd28af0438
13344:             1             16  org.opensearch.search.asynchronous.service.AsynchronousSearchService$$Lambda/0x00007fcd28af0660
13345:             1             16  org.opensearch.search.asynchronous.service.AsynchronousSearchService$$Lambda/0x00007fcd28af0890
13346:             1             16  org.opensearch.search.asynchronous.service.AsynchronousSearchService$$Lambda/0x00007fcd28af0ce8
13347:             1             16  org.opensearch.search.asynchronous.service.AsynchronousSearchService$$Lambda/0x00007fcd28af1130
13348:             1             16  org.opensearch.search.asynchronous.service.AsynchronousSearchService$$Lambda/0x00007fcd28fbcf58
13349:             1             16  org.opensearch.search.asynchronous.stats.InternalAsynchronousSearchStats
13350:             1             16  org.opensearch.search.asynchronous.transport.TransportAsynchronousSearchStatsAction$$Lambda/0x00007fcd28f97800
13351:             1             16  org.opensearch.search.asynchronous.transport.TransportAsynchronousSearchStatsAction$$Lambda/0x00007fcd28f97a18
13352:             1             16  org.opensearch.search.asynchronous.transport.TransportDeleteAsynchronousSearchAction$$Lambda/0x00007fcd28c6add0
13353:             1             16  org.opensearch.search.asynchronous.transport.TransportDeleteAsynchronousSearchAction$$Lambda/0x00007fcd28c6afe8
13354:             1             16  org.opensearch.search.asynchronous.transport.TransportGetAsynchronousSearchAction$$Lambda/0x00007fcd28c6b200
13355:             1             16  org.opensearch.search.asynchronous.transport.TransportGetAsynchronousSearchAction$$Lambda/0x00007fcd28c6b418
13356:             1             16  org.opensearch.search.asynchronous.transport.TransportSubmitAsynchronousSearchAction$$Lambda/0x00007fcd28c6bc80
13357:             1             16  org.opensearch.search.backpressure.SearchBackpressureService$$Lambda/0x00007fcd28cea7f0
13358:             1             16  org.opensearch.search.backpressure.SearchBackpressureService$$Lambda/0x00007fcd28ceac18
13359:             1             16  org.opensearch.search.backpressure.SearchBackpressureService$$Lambda/0x00007fcd28ceb050
13360:             1             16  org.opensearch.search.backpressure.SearchBackpressureService$$Lambda/0x00007fcd28ceb270
13361:             1             16  org.opensearch.search.backpressure.SearchBackpressureService$$Lambda/0x00007fcd28ceb490
13362:             1             16  org.opensearch.search.backpressure.SearchBackpressureService$$Lambda/0x00007fcd28ceb6b0
13363:             1             16  org.opensearch.search.backpressure.SearchBackpressureService$$Lambda/0x00007fcd28ceb8d0
13364:             1             16  org.opensearch.search.backpressure.SearchBackpressureService$$Lambda/0x00007fcd28cec7f8
13365:             1             16  org.opensearch.search.backpressure.SearchBackpressureService$$Lambda/0x00007fcd28ceca10
13366:             1             16  org.opensearch.search.backpressure.SearchBackpressureService$$Lambda/0x00007fcd28cecc30
13367:             1             16  org.opensearch.search.backpressure.SearchBackpressureService$$Lambda/0x00007fcd28cece50
13368:             1             16  org.opensearch.search.backpressure.SearchBackpressureService$$Lambda/0x00007fcd28ced070
13369:             1             16  org.opensearch.search.backpressure.SearchBackpressureService$$Lambda/0x00007fcd29044b48
13370:             1             16  org.opensearch.search.backpressure.settings.NodeDuressSettings$$Lambda/0x00007fcd28ce1230
13371:             1             16  org.opensearch.search.backpressure.settings.NodeDuressSettings$$Lambda/0x00007fcd28ce1460
13372:             1             16  org.opensearch.search.backpressure.settings.NodeDuressSettings$$Lambda/0x00007fcd28ce1690
13373:             1             16  org.opensearch.search.backpressure.settings.SearchBackpressureSettings$$Lambda/0x00007fcd286fe490
13374:             1             16  org.opensearch.search.backpressure.settings.SearchBackpressureSettings$$Lambda/0x00007fcd28ce9a00
13375:             1             16  org.opensearch.search.backpressure.settings.SearchBackpressureSettings$$Lambda/0x00007fcd28ce9c30
13376:             1             16  org.opensearch.search.backpressure.settings.SearchBackpressureSettings$$Lambda/0x00007fcd28ce9e60
13377:             1             16  org.opensearch.search.backpressure.settings.SearchBackpressureSettings$$Lambda/0x00007fcd28cea090
13378:             1             16  org.opensearch.search.backpressure.settings.SearchShardTaskSettings$$Lambda/0x00007fcd28ce8460
13379:             1             16  org.opensearch.search.backpressure.settings.SearchShardTaskSettings$$Lambda/0x00007fcd28ce8690
13380:             1             16  org.opensearch.search.backpressure.settings.SearchShardTaskSettings$$Lambda/0x00007fcd28ce88c0
13381:             1             16  org.opensearch.search.backpressure.settings.SearchShardTaskSettings$$Lambda/0x00007fcd28ce8af0
13382:             1             16  org.opensearch.search.backpressure.settings.SearchShardTaskSettings$$Lambda/0x00007fcd28ce8d20
13383:             1             16  org.opensearch.search.backpressure.settings.SearchShardTaskSettings$$Lambda/0x00007fcd28ce8f50
13384:             1             16  org.opensearch.search.backpressure.settings.SearchShardTaskSettings$$Lambda/0x00007fcd28ce9180
13385:             1             16  org.opensearch.search.backpressure.settings.SearchShardTaskSettings$$Lambda/0x00007fcd28ce93b0
13386:             1             16  org.opensearch.search.backpressure.settings.SearchShardTaskSettings$$Lambda/0x00007fcd28ce95e0
13387:             1             16  org.opensearch.search.backpressure.settings.SearchTaskSettings$$Lambda/0x00007fcd28ce0400
13388:             1             16  org.opensearch.search.backpressure.settings.SearchTaskSettings$$Lambda/0x00007fcd28ce0800
13389:             1             16  org.opensearch.search.backpressure.settings.SearchTaskSettings$$Lambda/0x00007fcd28ce0a30
13390:             1             16  org.opensearch.search.backpressure.settings.SearchTaskSettings$$Lambda/0x00007fcd28ce0c60
13391:             1             16  org.opensearch.search.backpressure.settings.SearchTaskSettings$$Lambda/0x00007fcd28ce18c0
13392:             1             16  org.opensearch.search.backpressure.settings.SearchTaskSettings$$Lambda/0x00007fcd28ce1af0
13393:             1             16  org.opensearch.search.backpressure.settings.SearchTaskSettings$$Lambda/0x00007fcd28ce1d20
13394:             1             16  org.opensearch.search.backpressure.settings.SearchTaskSettings$$Lambda/0x00007fcd28ce8000
13395:             1             16  org.opensearch.search.backpressure.settings.SearchTaskSettings$$Lambda/0x00007fcd28ce8230
13396:             1             16  org.opensearch.search.backpressure.trackers.HeapUsageTracker$$Lambda/0x00007fcd292353d8
13397:             1             16  org.opensearch.search.builder.SearchSourceBuilder$$Lambda/0x00007fcd29209a98
13398:             1             16  org.opensearch.search.builder.SearchSourceBuilder$$Lambda/0x00007fcd2920bc78
13399:             1             16  org.opensearch.search.builder.SearchSourceBuilder$$Lambda/0x00007fcd29210000
13400:             1             16  org.opensearch.search.builder.SearchSourceBuilder$$Lambda/0x00007fcd29210eb0
13401:             1             16  org.opensearch.search.builder.SearchSourceBuilder$$Lambda/0x00007fcd29211350
13402:             1             16  org.opensearch.search.builder.SearchSourceBuilder$$Lambda/0x00007fcd29211808
13403:             1             16  org.opensearch.search.builder.SearchSourceBuilder$$Lambda/0x00007fcd29211cb0
13404:             1             16  org.opensearch.search.builder.SearchSourceBuilder$$Lambda/0x00007fcd29212840
13405:             1             16  org.opensearch.search.builder.SearchSourceBuilder$$Lambda/0x00007fcd29212d08
13406:             1             16  org.opensearch.search.builder.SearchSourceBuilder$$Lambda/0x00007fcd29213188
13407:             1             16  org.opensearch.search.dfs.DfsPhase
13408:             1             16  org.opensearch.search.fetch.FetchPhase
13409:             1             16  org.opensearch.search.fetch.subphase.ExplainPhase
13410:             1             16  org.opensearch.search.fetch.subphase.FetchDocValuesPhase
13411:             1             16  org.opensearch.search.fetch.subphase.FetchFieldsPhase
13412:             1             16  org.opensearch.search.fetch.subphase.FetchScorePhase
13413:             1             16  org.opensearch.search.fetch.subphase.FetchSourcePhase
13414:             1             16  org.opensearch.search.fetch.subphase.FetchVersionPhase
13415:             1             16  org.opensearch.search.fetch.subphase.InnerHitsPhase
13416:             1             16  org.opensearch.search.fetch.subphase.MatchedQueriesPhase
13417:             1             16  org.opensearch.search.fetch.subphase.ScriptFieldsPhase
13418:             1             16  org.opensearch.search.fetch.subphase.SeqNoPrimaryTermPhase
13419:             1             16  org.opensearch.search.fetch.subphase.highlight.FastVectorHighlighter
13420:             1             16  org.opensearch.search.fetch.subphase.highlight.PlainHighlighter
13421:             1             16  org.opensearch.search.fetch.subphase.highlight.UnifiedHighlighter
13422:             1             16  org.opensearch.search.internal.ReaderContext$$Lambda/0x00007fcd29342d80
13423:             1             16  org.opensearch.search.internal.SearchContext$1
13424:             1             16  org.opensearch.search.internal.ShardSearchRequest$$Lambda/0x00007fcd291eddc0
13425:             1             16  org.opensearch.search.internal.ShardSearchRequest$$Lambda/0x00007fcd2920b580
13426:             1             16  org.opensearch.search.internal.ShardSearchRequest$$Lambda/0x00007fcd2920b798
13427:             1             16  org.opensearch.search.internal.ShardSearchRequest$$Lambda/0x00007fcd292135e0
13428:             1             16  org.opensearch.search.internal.ShardSearchRequest$$Lambda/0x00007fcd292137f8
13429:             1             16  org.opensearch.search.internal.ShardSearchRequest$$Lambda/0x00007fcd292f37d8
13430:             1             16  org.opensearch.search.pipeline.Pipeline$$Lambda/0x00007fcd291e5160
13431:             1             16  org.opensearch.search.pipeline.SearchPipelineInfo
13432:             1             16  org.opensearch.search.pipeline.SearchPipelineService$$Lambda/0x00007fcd291bdda0
13433:             1             16  org.opensearch.search.pipeline.SearchPipelineService$$Lambda/0x00007fcd29225da8
13434:             1             16  org.opensearch.search.pipeline.SearchPipelineService$$Lambda/0x00007fcd2922a2a8
13435:             1             16  org.opensearch.search.pipeline.common.CollapseResponseProcessor$Factory
13436:             1             16  org.opensearch.search.pipeline.common.FilterQueryRequestProcessor$Factory
13437:             1             16  org.opensearch.search.pipeline.common.OversampleRequestProcessor$Factory
13438:             1             16  org.opensearch.search.pipeline.common.RenameFieldResponseProcessor$Factory
13439:             1             16  org.opensearch.search.pipeline.common.ScriptRequestProcessor$Factory
13440:             1             16  org.opensearch.search.pipeline.common.SearchPipelineCommonModulePlugin
13441:             1             16  org.opensearch.search.pipeline.common.TruncateHitsResponseProcessor$Factory
13442:             1             16  org.opensearch.search.query.QueryCollectorContext$1
13443:             1             16  org.opensearch.search.query.QueryCollectorContext$2
13444:             1             16  org.opensearch.search.query.QueryPhase$$Lambda/0x00007fcd2913dc00
13445:             1             16  org.opensearch.search.query.QueryPhase$$Lambda/0x00007fcd293c4000
13446:             1             16  org.opensearch.search.query.QueryPhase$$Lambda/0x00007fcd293c6660
13447:             1             16  org.opensearch.search.query.QuerySearchResult$$Lambda/0x00007fcd2920af30
13448:             1             16  org.opensearch.search.query.QuerySearchResult$$Lambda/0x00007fcd2920b148
13449:             1             16  org.opensearch.search.rescore.RescoreProcessor
13450:             1             16  org.opensearch.search.sort.FieldSortBuilder$$Lambda/0x00007fcd291ea000
13451:             1             16  org.opensearch.search.sort.FieldSortBuilder$$Lambda/0x00007fcd291ea228
13452:             1             16  org.opensearch.search.sort.FieldSortBuilder$$Lambda/0x00007fcd291ea6b8
13453:             1             16  org.opensearch.search.sort.FieldSortBuilder$$Lambda/0x00007fcd291ead98
13454:             1             16  org.opensearch.search.sort.FieldSortBuilder$$Lambda/0x00007fcd291eafc0
13455:             1             16  org.opensearch.search.sort.FieldSortBuilder$$Lambda/0x00007fcd291eb1d8
13456:             1             16  org.opensearch.search.sort.FieldSortBuilder$$Lambda/0x00007fcd291ef390
13457:             1             16  org.opensearch.search.sort.FieldSortBuilder$$Lambda/0x00007fcd291ef5b8
13458:             1             16  org.opensearch.search.sort.FieldSortBuilder$$Lambda/0x00007fcd291ef7d0
13459:             1             16  org.opensearch.search.sort.FieldSortBuilder$$Lambda/0x00007fcd291ef9f8
13460:             1             16  org.opensearch.search.sort.FieldSortBuilder$$Lambda/0x00007fcd291efc20
13461:             1             16  org.opensearch.search.sort.SortValue$$Lambda/0x00007fcd2886f858
13462:             1             16  org.opensearch.search.sort.SortValue$$Lambda/0x00007fcd2886fa70
13463:             1             16  org.opensearch.search.sort.SortValue$$Lambda/0x00007fcd2886fc88
13464:             1             16  org.opensearch.search.suggest.SuggestProcessor
13465:             1             16  org.opensearch.searchpipelines.questionanswering.generative.GenerativeQARequestProcessor$Factory
13466:             1             16  org.opensearch.security.DefaultObjectMapper$$Lambda/0x00007fcd28ff3930
13467:             1             16  org.opensearch.security.OpenSearchSecurityPlugin$$Lambda/0x00007fcd28386188
13468:             1             16  org.opensearch.security.OpenSearchSecurityPlugin$$Lambda/0x00007fcd2856f7c0
13469:             1             16  org.opensearch.security.OpenSearchSecurityPlugin$$Lambda/0x00007fcd28570f60
13470:             1             16  org.opensearch.security.OpenSearchSecurityPlugin$$Lambda/0x00007fcd285728b8
13471:             1             16  org.opensearch.security.OpenSearchSecurityPlugin$$Lambda/0x00007fcd28572e50
13472:             1             16  org.opensearch.security.OpenSearchSecurityPlugin$$Lambda/0x00007fcd28573068
13473:             1             16  org.opensearch.security.OpenSearchSecurityPlugin$$Lambda/0x00007fcd2896f2f0
13474:             1             16  org.opensearch.security.OpenSearchSecurityPlugin$$Lambda/0x00007fcd28c02b60
13475:             1             16  org.opensearch.security.OpenSearchSecurityPlugin$6
13476:             1             16  org.opensearch.security.OpenSearchSecurityPlugin$GuiceHolder
13477:             1             16  org.opensearch.security.action.configupdate.ConfigUpdateAction$$Lambda/0x00007fcd2896f7c8
13478:             1             16  org.opensearch.security.action.configupdate.TransportConfigUpdateAction$$Lambda/0x00007fcd28caf0f8
13479:             1             16  org.opensearch.security.action.configupdate.TransportConfigUpdateAction$$Lambda/0x00007fcd28caf310
13480:             1             16  org.opensearch.security.action.whoami.TransportWhoAmIAction$$Lambda/0x00007fcd28caeee0
13481:             1             16  org.opensearch.security.action.whoami.WhoAmIAction$$Lambda/0x00007fcd28c02730
13482:             1             16  org.opensearch.security.auditlog.AuditLogSslExceptionHandler
13483:             1             16  org.opensearch.security.auditlog.impl.AuditCategory$$Lambda/0x00007fcd28ff4448
13484:             1             16  org.opensearch.security.auditlog.impl.AuditCategory$$Lambda/0x00007fcd28ff4680
13485:             1             16  org.opensearch.security.auditlog.impl.AuditLogImpl$$Lambda/0x00007fcd28929398
13486:             1             16  org.opensearch.security.auditlog.routing.AuditMessageRouter$$Lambda/0x00007fcd29261110
13487:             1             16  org.opensearch.security.auditlog.routing.AuditMessageRouter$$Lambda/0x00007fcd29261348
13488:             1             16  org.opensearch.security.auth.BackendRegistry$1
13489:             1             16  org.opensearch.security.auth.BackendRegistry$2
13490:             1             16  org.opensearch.security.auth.BackendRegistry$3
13491:             1             16  org.opensearch.security.compliance.ComplianceConfig$$Lambda/0x00007fcd28ff5630
13492:             1             16  org.opensearch.security.compliance.ComplianceConfig$$Lambda/0x00007fcd28ff5868
13493:             1             16  org.opensearch.security.compliance.ComplianceConfig$$Lambda/0x00007fcd28ff5ab0
13494:             1             16  org.opensearch.security.compliance.ComplianceConfig$$Lambda/0x00007fcd28ff5ce8
13495:             1             16  org.opensearch.security.compliance.ComplianceConfig$$Lambda/0x00007fcd28ff5f20
13496:             1             16  org.opensearch.security.compliance.ComplianceConfig$$Lambda/0x00007fcd28ff6168
13497:             1             16  org.opensearch.security.compliance.ComplianceConfig$$Lambda/0x00007fcd28ff63a0
13498:             1             16  org.opensearch.security.compliance.ComplianceConfig$$Lambda/0x00007fcd28ff7030
13499:             1             16  org.opensearch.security.configuration.AdminDNs$$Lambda/0x00007fcd2892b5a0
13500:             1             16  org.opensearch.security.configuration.Salt
13501:             1             16  org.opensearch.security.configuration.SecurityFlsDlsIndexSearcherWrapper$$Lambda/0x00007fcd29262f70
13502:             1             16  org.opensearch.security.dlic.rest.api.AccountApiAction$$Lambda/0x00007fcd28ff0868
13503:             1             16  org.opensearch.security.dlic.rest.api.AccountApiAction$$Lambda/0x00007fcd28ff0a88
13504:             1             16  org.opensearch.security.dlic.rest.api.AccountApiAction$1
13505:             1             16  org.opensearch.security.dlic.rest.api.ActionGroupsApiAction$$Lambda/0x00007fcd28feba60
13506:             1             16  org.opensearch.security.dlic.rest.api.ActionGroupsApiAction$1
13507:             1             16  org.opensearch.security.dlic.rest.api.AuditApiAction$$Lambda/0x00007fcd28ff9840
13508:             1             16  org.opensearch.security.dlic.rest.api.AuditApiAction$$Lambda/0x00007fcd28ff9a60
13509:             1             16  org.opensearch.security.dlic.rest.api.AuditApiAction$$Lambda/0x00007fcd28ff9c80
13510:             1             16  org.opensearch.security.dlic.rest.api.AuditApiAction$2
13511:             1             16  org.opensearch.security.dlic.rest.api.AuthTokenProcessorAction$$Lambda/0x00007fcd28fee218
13512:             1             16  org.opensearch.security.dlic.rest.api.AuthTokenProcessorAction$$Lambda/0x00007fcd28fee440
13513:             1             16  org.opensearch.security.dlic.rest.api.CertificatesApiAction$$Lambda/0x00007fcd28ffcfd0
13514:             1             16  org.opensearch.security.dlic.rest.api.CertificatesApiAction$$Lambda/0x00007fcd28ffd220
13515:             1             16  org.opensearch.security.dlic.rest.api.ConfigUpgradeApiAction$$Lambda/0x00007fcd28ffba90
13516:             1             16  org.opensearch.security.dlic.rest.api.ConfigUpgradeApiAction$$Lambda/0x00007fcd28ffbcb0
13517:             1             16  org.opensearch.security.dlic.rest.api.ConfigUpgradeApiAction$1
13518:             1             16  org.opensearch.security.dlic.rest.api.FlushCacheApiAction$$Lambda/0x00007fcd28fec708
13519:             1             16  org.opensearch.security.dlic.rest.api.InternalUsersApiAction$$Lambda/0x00007fcd28fe8dc0
13520:             1             16  org.opensearch.security.dlic.rest.api.InternalUsersApiAction$$Lambda/0x00007fcd28fe8fe0
13521:             1             16  org.opensearch.security.dlic.rest.api.InternalUsersApiAction$$Lambda/0x00007fcd28fe9200
13522:             1             16  org.opensearch.security.dlic.rest.api.InternalUsersApiAction$$Lambda/0x00007fcd28fe9640
13523:             1             16  org.opensearch.security.dlic.rest.api.InternalUsersApiAction$1
13524:             1             16  org.opensearch.security.dlic.rest.api.MigrateApiAction$$Lambda/0x00007fcd28fef5f8
13525:             1             16  org.opensearch.security.dlic.rest.api.MultiTenancyConfigApiAction$$Lambda/0x00007fcd28ffa938
13526:             1             16  org.opensearch.security.dlic.rest.api.MultiTenancyConfigApiAction$$Lambda/0x00007fcd28ffab58
13527:             1             16  org.opensearch.security.dlic.rest.api.MultiTenancyConfigApiAction$1
13528:             1             16  org.opensearch.security.dlic.rest.api.RequestHandler$$Lambda/0x00007fcd28fc36d0
13529:             1             16  org.opensearch.security.dlic.rest.api.RequestHandler$$Lambda/0x00007fcd28fc38e8
13530:             1             16  org.opensearch.security.dlic.rest.api.RestApiAdminPrivilegesEvaluator$$Lambda/0x00007fcd2838de38
13531:             1             16  org.opensearch.security.dlic.rest.api.RestApiAdminPrivilegesEvaluator$$Lambda/0x00007fcd2838e978
13532:             1             16  org.opensearch.security.dlic.rest.api.RestApiAdminPrivilegesEvaluator$$Lambda/0x00007fcd2838eba0
13533:             1             16  org.opensearch.security.dlic.rest.api.RestApiAdminPrivilegesEvaluator$$Lambda/0x00007fcd2838edc8
13534:             1             16  org.opensearch.security.dlic.rest.api.RestApiAdminPrivilegesEvaluator$$Lambda/0x00007fcd2838eff0
13535:             1             16  org.opensearch.security.dlic.rest.api.RestApiAdminPrivilegesEvaluator$$Lambda/0x00007fcd2838f440
13536:             1             16  org.opensearch.security.dlic.rest.api.RestApiAdminPrivilegesEvaluator$$Lambda/0x00007fcd2838f668
13537:             1             16  org.opensearch.security.dlic.rest.api.RestApiAdminPrivilegesEvaluator$$Lambda/0x00007fcd2838f890
13538:             1             16  org.opensearch.security.dlic.rest.api.RestApiAdminPrivilegesEvaluator$$Lambda/0x00007fcd2838fab8
13539:             1             16  org.opensearch.security.dlic.rest.api.RolesApiAction$$Lambda/0x00007fcd28feafe8
13540:             1             16  org.opensearch.security.dlic.rest.api.RolesApiAction$1
13541:             1             16  org.opensearch.security.dlic.rest.api.RolesMappingApiAction$$Lambda/0x00007fcd28fea0c0
13542:             1             16  org.opensearch.security.dlic.rest.api.RolesMappingApiAction$1
13543:             1             16  org.opensearch.security.dlic.rest.api.SecurityConfigApiAction$$Lambda/0x00007fcd28fed188
13544:             1             16  org.opensearch.security.dlic.rest.api.SecurityConfigApiAction$$Lambda/0x00007fcd28fed828
13545:             1             16  org.opensearch.security.dlic.rest.api.SecurityConfigApiAction$$Lambda/0x00007fcd28feda48
13546:             1             16  org.opensearch.security.dlic.rest.api.SecurityConfigApiAction$1
13547:             1             16  org.opensearch.security.dlic.rest.api.SecuritySSLCertsApiAction$$Lambda/0x00007fcd28ffc418
13548:             1             16  org.opensearch.security.dlic.rest.api.SecuritySSLCertsApiAction$$Lambda/0x00007fcd28ffc668
13549:             1             16  org.opensearch.security.dlic.rest.api.SecuritySSLCertsApiAction$$Lambda/0x00007fcd28ffc888
13550:             1             16  org.opensearch.security.dlic.rest.api.TenantsApiAction$$Lambda/0x00007fcd28feeeb0
13551:             1             16  org.opensearch.security.dlic.rest.api.TenantsApiAction$1
13552:             1             16  org.opensearch.security.dlic.rest.api.ValidateApiAction$$Lambda/0x00007fcd28fefd40
13553:             1             16  org.opensearch.security.dlic.rest.api.ssl.CertificatesActionType$$Lambda/0x00007fcd28c02000
13554:             1             16  org.opensearch.security.dlic.rest.api.ssl.TransportCertificatesInfoNodesAction$$Lambda/0x00007fcd28caf768
13555:             1             16  org.opensearch.security.dlic.rest.api.ssl.TransportCertificatesInfoNodesAction$$Lambda/0x00007fcd28caf980
13556:             1             16  org.opensearch.security.hasher.BCryptPasswordHasher
13557:             1             16  org.opensearch.security.privileges.PitPrivilegesEvaluator
13558:             1             16  org.opensearch.security.privileges.TermsAggregationEvaluator
13559:             1             16  org.opensearch.security.securityconf.impl.CType$$Lambda/0x00007fcd2894db98
13560:             1             16  org.opensearch.security.securityconf.impl.CType$$Lambda/0x00007fcd2894dde0
13561:             1             16  org.opensearch.security.securityconf.impl.SecurityDynamicConfiguration$1
13562:             1             16  org.opensearch.security.setting.OpensearchDynamicSetting$$Lambda/0x00007fcd285734b0
13563:             1             16  org.opensearch.security.ssl.OpenSearchSecureSettingsFactory$1
13564:             1             16  org.opensearch.security.ssl.OpenSearchSecureSettingsFactory$1$1
13565:             1             16  org.opensearch.security.ssl.OpenSearchSecureSettingsFactory$2
13566:             1             16  org.opensearch.security.ssl.OpenSearchSecureSettingsFactory$2$1
13567:             1             16  org.opensearch.security.ssl.OpenSearchSecureSettingsFactory$2$3
13568:             1             16  org.opensearch.security.ssl.OpenSearchSecuritySSLPlugin$$Lambda/0x00007fcd28391b48
13569:             1             16  org.opensearch.security.ssl.OpenSearchSecuritySSLPlugin$$Lambda/0x00007fcd28391d90
13570:             1             16  org.opensearch.security.ssl.OpenSearchSecuritySSLPlugin$1
13571:             1             16  org.opensearch.security.ssl.SecureSSLSettings$$Lambda/0x00007fcd28391910
13572:             1             16  org.opensearch.security.ssl.SecureSSLSettings$InsecureFallbackStringSetting$$Lambda/0x00007fcd28319188
13573:             1             16  org.opensearch.security.ssl.SecureSSLSettings$SSLSetting$$Lambda/0x00007fcd283193c0
13574:             1             16  org.opensearch.security.ssl.SecureSSLSettings$SSLSetting$$Lambda/0x00007fcd28319608
13575:             1             16  org.opensearch.security.ssl.transport.DefaultPrincipalExtractor
13576:             1             16  org.opensearch.security.ssl.transport.DefaultPrincipalExtractor$$Lambda/0x00007fcd2919e000
13577:             1             16  org.opensearch.security.ssl.transport.SSLConfig$$Lambda/0x00007fcd28573280
13578:             1             16  org.opensearch.security.support.Base64JDKHelper$SafeObjectOutputStream$$Lambda/0x00007fcd2919fa90
13579:             1             16  org.opensearch.security.support.SourceFieldsContext$$Lambda/0x00007fcd293805f0
13580:             1             16  org.opensearch.security.support.SourceFieldsContext$$Lambda/0x00007fcd29380808
13581:             1             16  org.opensearch.security.support.StreamableRegistry$$Lambda/0x00007fcd2937c800
13582:             1             16  org.opensearch.security.support.StreamableRegistry$$Lambda/0x00007fcd2937dc10
13583:             1             16  org.opensearch.security.support.WildcardMatcher$$Lambda/0x00007fcd28918220
13584:             1             16  org.opensearch.security.support.WildcardMatcher$$Lambda/0x00007fcd29260000
13585:             1             16  org.opensearch.security.support.WildcardMatcher$1
13586:             1             16  org.opensearch.security.support.WildcardMatcher$2
13587:             1             16  org.opensearch.security.support.WildcardMatcher$CasefoldingMatcher
13588:             1             16  org.opensearch.securityanalytics.SecurityAnalyticsPlugin$$Lambda/0x00007fcd28454658
13589:             1             16  org.opensearch.securityanalytics.SecurityAnalyticsPlugin$$Lambda/0x00007fcd284554c8
13590:             1             16  org.opensearch.securityanalytics.SecurityAnalyticsPlugin$$Lambda/0x00007fcd284556e0
13591:             1             16  org.opensearch.securityanalytics.action.AckAlertsAction$$Lambda/0x00007fcd28af37c0
13592:             1             16  org.opensearch.securityanalytics.action.AckCorrelationAlertsAction$$Lambda/0x00007fcd28c7aa30
13593:             1             16  org.opensearch.securityanalytics.action.CorrelatedFindingAction$$Lambda/0x00007fcd28c72228
13594:             1             16  org.opensearch.securityanalytics.action.CreateIndexMappingsAction$$Lambda/0x00007fcd28c6c430
13595:             1             16  org.opensearch.securityanalytics.action.DeleteCorrelationRuleAction$$Lambda/0x00007fcd28c72da0
13596:             1             16  org.opensearch.securityanalytics.action.DeleteCustomLogTypeAction$$Lambda/0x00007fcd28c79768
13597:             1             16  org.opensearch.securityanalytics.action.DeleteDetectorAction$$Lambda/0x00007fcd28c6d918
13598:             1             16  org.opensearch.securityanalytics.action.DeleteRuleAction$$Lambda/0x00007fcd28c70d78
13599:             1             16  org.opensearch.securityanalytics.action.GetAlertsAction$$Lambda/0x00007fcd28c6fa18
13600:             1             16  org.opensearch.securityanalytics.action.GetAllRuleCategoriesAction$$Lambda/0x00007fcd28c71af0
13601:             1             16  org.opensearch.securityanalytics.action.GetCorrelationAlertsAction$$Lambda/0x00007fcd28c7a2e8
13602:             1             16  org.opensearch.securityanalytics.action.GetDetectorAction$$Lambda/0x00007fcd28c6e6d8
13603:             1             16  org.opensearch.securityanalytics.action.GetFindingsAction$$Lambda/0x00007fcd28c6f2d0
13604:             1             16  org.opensearch.securityanalytics.action.GetIndexMappingsAction$$Lambda/0x00007fcd28c6caf8
13605:             1             16  org.opensearch.securityanalytics.action.GetMappingsViewAction$$Lambda/0x00007fcd28c6e000
13606:             1             16  org.opensearch.securityanalytics.action.IndexCorrelationRuleAction$$Lambda/0x00007fcd28c72970
13607:             1             16  org.opensearch.securityanalytics.action.IndexCustomLogTypeAction$$Lambda/0x00007fcd28c78b70
13608:             1             16  org.opensearch.securityanalytics.action.IndexDetectorAction$$Lambda/0x00007fcd28c6d1d0
13609:             1             16  org.opensearch.securityanalytics.action.IndexRuleAction$$Lambda/0x00007fcd28c70290
13610:             1             16  org.opensearch.securityanalytics.action.ListCorrelationsAction$$Lambda/0x00007fcd28c78000
13611:             1             16  org.opensearch.securityanalytics.action.SearchCorrelationRuleAction$$Lambda/0x00007fcd28c784b0
13612:             1             16  org.opensearch.securityanalytics.action.SearchCustomLogTypeAction$$Lambda/0x00007fcd28c79030
13613:             1             16  org.opensearch.securityanalytics.action.SearchDetectorAction$$Lambda/0x00007fcd28c6eb88
13614:             1             16  org.opensearch.securityanalytics.action.SearchRuleAction$$Lambda/0x00007fcd28c706c0
13615:             1             16  org.opensearch.securityanalytics.action.UpdateIndexMappingsAction$$Lambda/0x00007fcd28c6c000
13616:             1             16  org.opensearch.securityanalytics.action.ValidateRulesAction$$Lambda/0x00007fcd28c71438
13617:             1             16  org.opensearch.securityanalytics.correlation.alert.notifications.NotificationService
13618:             1             16  org.opensearch.securityanalytics.correlation.index.codec.CorrelationCodecVersion$$Lambda/0x00007fcd2844f440
13619:             1             16  org.opensearch.securityanalytics.correlation.index.codec.CorrelationCodecVersion$$Lambda/0x00007fcd2844f668
13620:             1             16  org.opensearch.securityanalytics.correlation.index.codec.CorrelationCodecVersion$$Lambda/0x00007fcd2844fcc0
13621:             1             16  org.opensearch.securityanalytics.correlation.index.codec.CorrelationCodecVersion$$Lambda/0x00007fcd28450000
13622:             1             16  org.opensearch.securityanalytics.correlation.index.codec.correlation950.PerFieldCorrelationVectorsFormat950$$Lambda/0x00007fcd2844f000
13623:             1             16  org.opensearch.securityanalytics.correlation.index.codec.correlation950.PerFieldCorrelationVectorsFormat950$$Lambda/0x00007fcd2844f218
13624:             1             16  org.opensearch.securityanalytics.correlation.index.codec.correlation990.PerFieldCorrelationVectorsFormat990$$Lambda/0x00007fcd2844f880
13625:             1             16  org.opensearch.securityanalytics.correlation.index.codec.correlation990.PerFieldCorrelationVectorsFormat990$$Lambda/0x00007fcd2844fa98
13626:             1             16  org.opensearch.securityanalytics.correlation.index.mapper.CorrelationVectorFieldMapper$TypeParser
13627:             1             16  org.opensearch.securityanalytics.findings.FindingsService
13628:             1             16  org.opensearch.securityanalytics.indexmanagment.DetectorIndexManagementService$$Lambda/0x00007fcd28f83030
13629:             1             16  org.opensearch.securityanalytics.indexmanagment.DetectorIndexManagementService$$Lambda/0x00007fcd28f83260
13630:             1             16  org.opensearch.securityanalytics.indexmanagment.DetectorIndexManagementService$$Lambda/0x00007fcd28f83490
13631:             1             16  org.opensearch.securityanalytics.indexmanagment.DetectorIndexManagementService$$Lambda/0x00007fcd28f836c0
13632:             1             16  org.opensearch.securityanalytics.indexmanagment.DetectorIndexManagementService$$Lambda/0x00007fcd28f838f0
13633:             1             16  org.opensearch.securityanalytics.indexmanagment.DetectorIndexManagementService$$Lambda/0x00007fcd28f83b20
13634:             1             16  org.opensearch.securityanalytics.indexmanagment.DetectorIndexManagementService$$Lambda/0x00007fcd28f83d50
13635:             1             16  org.opensearch.securityanalytics.indexmanagment.DetectorIndexManagementService$$Lambda/0x00007fcd28fba000
13636:             1             16  org.opensearch.securityanalytics.indexmanagment.DetectorIndexManagementService$$Lambda/0x00007fcd28fba230
13637:             1             16  org.opensearch.securityanalytics.indexmanagment.DetectorIndexManagementService$$Lambda/0x00007fcd28fba460
13638:             1             16  org.opensearch.securityanalytics.indexmanagment.DetectorIndexManagementService$$Lambda/0x00007fcd28fba690
13639:             1             16  org.opensearch.securityanalytics.indexmanagment.DetectorIndexManagementService$$Lambda/0x00007fcd28fba8c0
13640:             1             16  org.opensearch.securityanalytics.indexmanagment.DetectorIndexManagementService$$Lambda/0x00007fcd28fbaaf0
13641:             1             16  org.opensearch.securityanalytics.indexmanagment.DetectorIndexManagementService$$Lambda/0x00007fcd28fbad20
13642:             1             16  org.opensearch.securityanalytics.logtype.BuiltinLogTypeLoader$$Lambda/0x00007fcd290384c0
13643:             1             16  org.opensearch.securityanalytics.logtype.BuiltinLogTypeLoader$$Lambda/0x00007fcd29039040
13644:             1             16  org.opensearch.securityanalytics.logtype.BuiltinLogTypeLoader$$Lambda/0x00007fcd2903b870
13645:             1             16  org.opensearch.securityanalytics.logtype.LogTypeService$$Lambda/0x00007fcd29039da0
13646:             1             16  org.opensearch.securityanalytics.logtype.LogTypeService$$Lambda/0x00007fcd2903af88
13647:             1             16  org.opensearch.securityanalytics.model.CustomLogType$$Lambda/0x00007fcd288aced8
13648:             1             16  org.opensearch.securityanalytics.model.Detector$$Lambda/0x00007fcd288ac000
13649:             1             16  org.opensearch.securityanalytics.model.DetectorInput$$Lambda/0x00007fcd288ac4c0
13650:             1             16  org.opensearch.securityanalytics.model.LogType$$Lambda/0x00007fcd29038948
13651:             1             16  org.opensearch.securityanalytics.model.LogType$$Lambda/0x00007fcd29038e08
13652:             1             16  org.opensearch.securityanalytics.model.Rule$$Lambda/0x00007fcd288ac9f8
13653:             1             16  org.opensearch.securityanalytics.model.ThreatIntelFeedData$$Lambda/0x00007fcd288ad388
13654:             1             16  org.opensearch.securityanalytics.threatIntel.action.PutTIFJobAction$$Lambda/0x00007fcd28c79c18
13655:             1             16  org.opensearch.securityanalytics.threatIntel.action.TransportPutTIFJobAction$$Lambda/0x00007fcd28d997d0
13656:             1             16  org.opensearch.securityanalytics.threatIntel.common.TIFMetadata$$Lambda/0x00007fcd290394c0
13657:             1             16  org.opensearch.securityanalytics.threatIntel.feedMetadata.BuiltInTIFMetadataLoader$$Lambda/0x00007fcd29039278
13658:             1             16  org.opensearch.securityanalytics.threatIntel.feedMetadata.BuiltInTIFMetadataLoader$$Lambda/0x00007fcd290396f8
13659:             1             16  org.opensearch.securityanalytics.transport.TransportAckCorrelationAlertsAction$$Lambda/0x00007fcd28ee6288
13660:             1             16  org.opensearch.securityanalytics.transport.TransportAckCorrelationAlertsAction$$Lambda/0x00007fcd28ee64a0
13661:             1             16  org.opensearch.securityanalytics.transport.TransportAcknowledgeAlertsAction$$Lambda/0x00007fcd28f82660
13662:             1             16  org.opensearch.securityanalytics.transport.TransportAcknowledgeAlertsAction$$Lambda/0x00007fcd28f82878
13663:             1             16  org.opensearch.securityanalytics.transport.TransportCorrelateFindingAction$$Lambda/0x00007fcd28d9a970
13664:             1             16  org.opensearch.securityanalytics.transport.TransportCorrelateFindingAction$$Lambda/0x00007fcd28d9ab88
13665:             1             16  org.opensearch.securityanalytics.transport.TransportCorrelateFindingAction$$Lambda/0x00007fcd28d9adb8
13666:             1             16  org.opensearch.securityanalytics.transport.TransportCorrelateFindingAction$$Lambda/0x00007fcd28d9afe8
13667:             1             16  org.opensearch.securityanalytics.transport.TransportCreateIndexMappingsAction$$Lambda/0x00007fcd28ee4890
13668:             1             16  org.opensearch.securityanalytics.transport.TransportDeleteCorrelationRuleAction$$Lambda/0x00007fcd28ee4460
13669:             1             16  org.opensearch.securityanalytics.transport.TransportDeleteCustomLogTypeAction$$Lambda/0x00007fcd28ee79f0
13670:             1             16  org.opensearch.securityanalytics.transport.TransportDeleteCustomLogTypeAction$$Lambda/0x00007fcd28ee7c08
13671:             1             16  org.opensearch.securityanalytics.transport.TransportDeleteCustomLogTypeAction$$Lambda/0x00007fcd28f67c00
13672:             1             16  org.opensearch.securityanalytics.transport.TransportDeleteDetectorAction$$Lambda/0x00007fcd28ee55b0
13673:             1             16  org.opensearch.securityanalytics.transport.TransportDeleteDetectorAction$$Lambda/0x00007fcd28ee57c8
13674:             1             16  org.opensearch.securityanalytics.transport.TransportDeleteRuleAction$$Lambda/0x00007fcd28d999e8
13675:             1             16  org.opensearch.securityanalytics.transport.TransportGetAlertsAction$$Lambda/0x00007fcd28d9a048
13676:             1             16  org.opensearch.securityanalytics.transport.TransportGetAlertsAction$$Lambda/0x00007fcd28d9a498
13677:             1             16  org.opensearch.securityanalytics.transport.TransportGetAllRuleCategoriesAction$$Lambda/0x00007fcd28d4bd88
13678:             1             16  org.opensearch.securityanalytics.transport.TransportGetCorrelationAlertsAction$$Lambda/0x00007fcd28d9b218
13679:             1             16  org.opensearch.securityanalytics.transport.TransportGetCorrelationAlertsAction$$Lambda/0x00007fcd28d9b430
13680:             1             16  org.opensearch.securityanalytics.transport.TransportGetDetectorAction$$Lambda/0x00007fcd28f82218
13681:             1             16  org.opensearch.securityanalytics.transport.TransportGetDetectorAction$$Lambda/0x00007fcd28f82430
13682:             1             16  org.opensearch.securityanalytics.transport.TransportGetFindingsAction$$Lambda/0x00007fcd28ee59f8
13683:             1             16  org.opensearch.securityanalytics.transport.TransportGetFindingsAction$$Lambda/0x00007fcd28ee5e40
13684:             1             16  org.opensearch.securityanalytics.transport.TransportGetIndexMappingsAction$$Lambda/0x00007fcd28f82000
13685:             1             16  org.opensearch.securityanalytics.transport.TransportGetMappingsViewAction$$Lambda/0x00007fcd28ee66d0
13686:             1             16  org.opensearch.securityanalytics.transport.TransportIndexCorrelationRuleAction$$Lambda/0x00007fcd28ee4678
13687:             1             16  org.opensearch.securityanalytics.transport.TransportIndexCustomLogTypeAction$$Lambda/0x00007fcd28ee6d30
13688:             1             16  org.opensearch.securityanalytics.transport.TransportIndexCustomLogTypeAction$$Lambda/0x00007fcd28ee6f48
13689:             1             16  org.opensearch.securityanalytics.transport.TransportIndexCustomLogTypeAction$$Lambda/0x00007fcd28ee7178
13690:             1             16  org.opensearch.securityanalytics.transport.TransportIndexDetectorAction$$Lambda/0x00007fcd28d9b878
13691:             1             16  org.opensearch.securityanalytics.transport.TransportIndexDetectorAction$$Lambda/0x00007fcd28ee4000
13692:             1             16  org.opensearch.securityanalytics.transport.TransportIndexDetectorAction$$Lambda/0x00007fcd28ee4230
13693:             1             16  org.opensearch.securityanalytics.transport.TransportIndexRuleAction$$Lambda/0x00007fcd28ee6070
13694:             1             16  org.opensearch.securityanalytics.transport.TransportListCorrelationAction$$Lambda/0x00007fcd28d9b660
13695:             1             16  org.opensearch.securityanalytics.transport.TransportSearchCorrelationAction$$Lambda/0x00007fcd28ee77d8
13696:             1             16  org.opensearch.securityanalytics.transport.TransportSearchCorrelationRuleAction$$Lambda/0x00007fcd28ee75c0
13697:             1             16  org.opensearch.securityanalytics.transport.TransportSearchCustomLogTypeAction$$Lambda/0x00007fcd28ee68e8
13698:             1             16  org.opensearch.securityanalytics.transport.TransportSearchCustomLogTypeAction$$Lambda/0x00007fcd28ee6b00
13699:             1             16  org.opensearch.securityanalytics.transport.TransportSearchDetectorAction$$Lambda/0x00007fcd28d99c00
13700:             1             16  org.opensearch.securityanalytics.transport.TransportSearchDetectorAction$$Lambda/0x00007fcd28d99e18
13701:             1             16  org.opensearch.securityanalytics.transport.TransportSearchRuleAction$$Lambda/0x00007fcd28f82aa8
13702:             1             16  org.opensearch.securityanalytics.transport.TransportUpdateIndexMappingsAction$$Lambda/0x00007fcd28ee73a8
13703:             1             16  org.opensearch.securityanalytics.transport.TransportValidateRulesAction$$Lambda/0x00007fcd28d993a8
13704:             1             16  org.opensearch.securityanalytics.util.ThrowableCheckingPredicates$$Lambda/0x00007fcd28ee4ce8
13705:             1             16  org.opensearch.securityanalytics.util.ThrowableCheckingPredicates$$Lambda/0x00007fcd28ee4f30
13706:             1             16  org.opensearch.securityanalytics.util.ThrowableCheckingPredicates$$Lambda/0x00007fcd28ee5178
13707:             1             16  org.opensearch.semver.expr.Caret
13708:             1             16  org.opensearch.semver.expr.Tilde
13709:             1             16  org.opensearch.snapshots.InternalSnapshotsInfoService$$Lambda/0x00007fcd286d2cf8
13710:             1             16  org.opensearch.snapshots.InternalSnapshotsInfoService$$Lambda/0x00007fcd286d2f10
13711:             1             16  org.opensearch.snapshots.InternalSnapshotsInfoService$$Lambda/0x00007fcd28714cf0
13712:             1             16  org.opensearch.snapshots.RestoreService$CleanRestoreStateTaskExecutor
13713:             1             16  org.opensearch.snapshots.SnapshotsService$$Lambda/0x00007fcd286fbb58
13714:             1             16  org.opensearch.snapshots.SnapshotsService$$Lambda/0x00007fcd28cf0640
13715:             1             16  org.opensearch.snapshots.SnapshotsService$17
13716:             1             16  org.opensearch.snapshots.SnapshotsService$UpdateSnapshotStatusAction$$Lambda/0x00007fcd28cf0fe0
13717:             1             16  org.opensearch.sql.data.model.ExprIntegerValue
13718:             1             16  org.opensearch.sql.data.model.ExprMissingValue
13719:             1             16  org.opensearch.sql.data.model.ExprNullValue
13720:             1             16  org.opensearch.sql.data.type.ExprCoreType$$Lambda/0x00007fcd28b29da0
13721:             1             16  org.opensearch.sql.data.type.ExprCoreType$$Lambda/0x00007fcd28b29fe8
13722:             1             16  org.opensearch.sql.datasource.model.DataSourceMetadata$$Lambda/0x00007fcd28b14550
13723:             1             16  org.opensearch.sql.datasources.auth.DataSourceUserAuthorizationHelperImpl
13724:             1             16  org.opensearch.sql.datasources.encryptor.EncryptorImpl
13725:             1             16  org.opensearch.sql.datasources.glue.GlueDataSourceFactory
13726:             1             16  org.opensearch.sql.datasources.service.DataSourceLoaderCacheImpl$$Lambda/0x00007fcd28b0a4b8
13727:             1             16  org.opensearch.sql.datasources.service.DataSourceLoaderCacheImpl$$Lambda/0x00007fcd28b0a6f0
13728:             1             16  org.opensearch.sql.datasources.transport.TransportCreateDataSourceAction$$Lambda/0x00007fcd28ea51e8
13729:             1             16  org.opensearch.sql.datasources.transport.TransportCreateDataSourceAction$$Lambda/0x00007fcd28ea5400
13730:             1             16  org.opensearch.sql.datasources.transport.TransportDeleteDataSourceAction$$Lambda/0x00007fcd28ea5618
13731:             1             16  org.opensearch.sql.datasources.transport.TransportDeleteDataSourceAction$$Lambda/0x00007fcd28ea5830
13732:             1             16  org.opensearch.sql.datasources.transport.TransportGetDataSourceAction$$Lambda/0x00007fcd28d6b450
13733:             1             16  org.opensearch.sql.datasources.transport.TransportGetDataSourceAction$$Lambda/0x00007fcd28d6b668
13734:             1             16  org.opensearch.sql.datasources.transport.TransportPatchDataSourceAction$$Lambda/0x00007fcd28d6b880
13735:             1             16  org.opensearch.sql.datasources.transport.TransportPatchDataSourceAction$$Lambda/0x00007fcd28d6ba98
13736:             1             16  org.opensearch.sql.datasources.transport.TransportUpdateDataSourceAction$$Lambda/0x00007fcd28d6bcb0
13737:             1             16  org.opensearch.sql.datasources.transport.TransportUpdateDataSourceAction$$Lambda/0x00007fcd28ea4000
13738:             1             16  org.opensearch.sql.executor.execution.QueryPlanFactory$1
13739:             1             16  org.opensearch.sql.expression.aggregation.AggregatorFunction$$Lambda/0x00007fcd28b3a120
13740:             1             16  org.opensearch.sql.expression.aggregation.AggregatorFunction$$Lambda/0x00007fcd28b3a338
13741:             1             16  org.opensearch.sql.expression.aggregation.AggregatorFunction$$Lambda/0x00007fcd28b3a550
13742:             1             16  org.opensearch.sql.expression.aggregation.AggregatorFunction$$Lambda/0x00007fcd28b3a768
13743:             1             16  org.opensearch.sql.expression.aggregation.AggregatorFunction$$Lambda/0x00007fcd28b3a980
13744:             1             16  org.opensearch.sql.expression.aggregation.AggregatorFunction$$Lambda/0x00007fcd28b3ab98
13745:             1             16  org.opensearch.sql.expression.aggregation.AggregatorFunction$$Lambda/0x00007fcd28b3adb0
13746:             1             16  org.opensearch.sql.expression.aggregation.AggregatorFunction$$Lambda/0x00007fcd28b3afc8
13747:             1             16  org.opensearch.sql.expression.aggregation.AggregatorFunction$$Lambda/0x00007fcd28b3b1e0
13748:             1             16  org.opensearch.sql.expression.aggregation.AggregatorFunction$$Lambda/0x00007fcd28b3b638
13749:             1             16  org.opensearch.sql.expression.aggregation.AggregatorFunction$$Lambda/0x00007fcd28b3b870
13750:             1             16  org.opensearch.sql.expression.aggregation.AggregatorFunction$$Lambda/0x00007fcd28b3ba88
13751:             1             16  org.opensearch.sql.expression.aggregation.AggregatorFunction$$Lambda/0x00007fcd28b3bca0
13752:             1             16  org.opensearch.sql.expression.aggregation.AggregatorFunction$$Lambda/0x00007fcd28b3beb8
13753:             1             16  org.opensearch.sql.expression.aggregation.AggregatorFunction$$Lambda/0x00007fcd28b3c0d0
13754:             1             16  org.opensearch.sql.expression.aggregation.AggregatorFunction$$Lambda/0x00007fcd28b3c2e8
13755:             1             16  org.opensearch.sql.expression.aggregation.AggregatorFunction$$Lambda/0x00007fcd28b3c500
13756:             1             16  org.opensearch.sql.expression.aggregation.AggregatorFunction$$Lambda/0x00007fcd28b3c718
13757:             1             16  org.opensearch.sql.expression.aggregation.AggregatorFunction$$Lambda/0x00007fcd28b3c930
13758:             1             16  org.opensearch.sql.expression.aggregation.AggregatorFunction$$Lambda/0x00007fcd28b3cb48
13759:             1             16  org.opensearch.sql.expression.aggregation.AggregatorFunction$$Lambda/0x00007fcd28b3cd60
13760:             1             16  org.opensearch.sql.expression.aggregation.AggregatorFunction$$Lambda/0x00007fcd28b3cf78
13761:             1             16  org.opensearch.sql.expression.aggregation.AggregatorFunction$$Lambda/0x00007fcd28b3d190
13762:             1             16  org.opensearch.sql.expression.aggregation.AggregatorFunction$$Lambda/0x00007fcd28b3d3a8
13763:             1             16  org.opensearch.sql.expression.aggregation.AggregatorFunction$$Lambda/0x00007fcd28b3d5c0
13764:             1             16  org.opensearch.sql.expression.aggregation.AggregatorFunction$$Lambda/0x00007fcd28b3d7d8
13765:             1             16  org.opensearch.sql.expression.aggregation.AggregatorFunction$$Lambda/0x00007fcd28b3d9f0
13766:             1             16  org.opensearch.sql.expression.aggregation.AggregatorFunction$$Lambda/0x00007fcd28b3dc08
13767:             1             16  org.opensearch.sql.expression.aggregation.AggregatorFunction$$Lambda/0x00007fcd28b3de20
13768:             1             16  org.opensearch.sql.expression.aggregation.AggregatorFunction$$Lambda/0x00007fcd28b3e038
13769:             1             16  org.opensearch.sql.expression.aggregation.AggregatorFunction$$Lambda/0x00007fcd28b3eaf8
13770:             1             16  org.opensearch.sql.expression.aggregation.AggregatorFunction$$Lambda/0x00007fcd28b3ed10
13771:             1             16  org.opensearch.sql.expression.aggregation.AggregatorFunction$$Lambda/0x00007fcd28b3ef28
13772:             1             16  org.opensearch.sql.expression.aggregation.AggregatorFunction$$Lambda/0x00007fcd28b3f140
13773:             1             16  org.opensearch.sql.expression.aggregation.AggregatorFunction$$Lambda/0x00007fcd28b3f358
13774:             1             16  org.opensearch.sql.expression.aggregation.AggregatorFunction$$Lambda/0x00007fcd28b3f570
13775:             1             16  org.opensearch.sql.expression.aggregation.AggregatorFunction$$Lambda/0x00007fcd28b3f788
13776:             1             16  org.opensearch.sql.expression.aggregation.AggregatorFunction$$Lambda/0x00007fcd28b3f9a0
13777:             1             16  org.opensearch.sql.expression.aggregation.AggregatorFunction$$Lambda/0x00007fcd28b3fbb8
13778:             1             16  org.opensearch.sql.expression.aggregation.AggregatorFunction$$Lambda/0x00007fcd28b3fdd0
13779:             1             16  org.opensearch.sql.expression.aggregation.AggregatorFunction$$Lambda/0x00007fcd28b40000
13780:             1             16  org.opensearch.sql.expression.aggregation.AggregatorFunction$$Lambda/0x00007fcd28b40218
13781:             1             16  org.opensearch.sql.expression.datetime.DateTimeFunction$$Lambda/0x00007fcd28b40630
13782:             1             16  org.opensearch.sql.expression.datetime.DateTimeFunction$$Lambda/0x00007fcd28b40a68
13783:             1             16  org.opensearch.sql.expression.datetime.DateTimeFunction$$Lambda/0x00007fcd28b40c80
13784:             1             16  org.opensearch.sql.expression.datetime.DateTimeFunction$$Lambda/0x00007fcd28b40e98
13785:             1             16  org.opensearch.sql.expression.datetime.DateTimeFunction$$Lambda/0x00007fcd28b410b0
13786:             1             16  org.opensearch.sql.expression.datetime.DateTimeFunction$$Lambda/0x00007fcd28b412c8
13787:             1             16  org.opensearch.sql.expression.datetime.DateTimeFunction$$Lambda/0x00007fcd28b414e0
13788:             1             16  org.opensearch.sql.expression.datetime.DateTimeFunction$$Lambda/0x00007fcd28b416f8
13789:             1             16  org.opensearch.sql.expression.datetime.DateTimeFunction$$Lambda/0x00007fcd28b41910
13790:             1             16  org.opensearch.sql.expression.datetime.DateTimeFunction$$Lambda/0x00007fcd28b41b28
13791:             1             16  org.opensearch.sql.expression.datetime.DateTimeFunction$$Lambda/0x00007fcd28b41d40
13792:             1             16  org.opensearch.sql.expression.datetime.DateTimeFunction$$Lambda/0x00007fcd28b41f58
13793:             1             16  org.opensearch.sql.expression.datetime.DateTimeFunction$$Lambda/0x00007fcd28b42170
13794:             1             16  org.opensearch.sql.expression.datetime.DateTimeFunction$$Lambda/0x00007fcd28b42388
13795:             1             16  org.opensearch.sql.expression.datetime.DateTimeFunction$$Lambda/0x00007fcd28b425a0
13796:             1             16  org.opensearch.sql.expression.datetime.DateTimeFunction$$Lambda/0x00007fcd28b427b8
13797:             1             16  org.opensearch.sql.expression.datetime.DateTimeFunction$$Lambda/0x00007fcd28b429d0
13798:             1             16  org.opensearch.sql.expression.datetime.DateTimeFunction$$Lambda/0x00007fcd28b42be8
13799:             1             16  org.opensearch.sql.expression.datetime.DateTimeFunction$$Lambda/0x00007fcd28b42e00
13800:             1             16  org.opensearch.sql.expression.datetime.DateTimeFunction$$Lambda/0x00007fcd28b43018
13801:             1             16  org.opensearch.sql.expression.datetime.DateTimeFunction$$Lambda/0x00007fcd28b43230
13802:             1             16  org.opensearch.sql.expression.datetime.DateTimeFunction$$Lambda/0x00007fcd28b43448
13803:             1             16  org.opensearch.sql.expression.datetime.DateTimeFunction$$Lambda/0x00007fcd28b43698
13804:             1             16  org.opensearch.sql.expression.datetime.DateTimeFunction$$Lambda/0x00007fcd28b438e8
13805:             1             16  org.opensearch.sql.expression.datetime.DateTimeFunction$$Lambda/0x00007fcd28b43b38
13806:             1             16  org.opensearch.sql.expression.datetime.DateTimeFunction$$Lambda/0x00007fcd28b43d88
13807:             1             16  org.opensearch.sql.expression.datetime.DateTimeFunction$$Lambda/0x00007fcd28b43fd8
13808:             1             16  org.opensearch.sql.expression.datetime.DateTimeFunction$$Lambda/0x00007fcd28b44228
13809:             1             16  org.opensearch.sql.expression.datetime.DateTimeFunction$$Lambda/0x00007fcd28b44478
13810:             1             16  org.opensearch.sql.expression.datetime.DateTimeFunction$$Lambda/0x00007fcd28b44690
13811:             1             16  org.opensearch.sql.expression.datetime.DateTimeFunction$$Lambda/0x00007fcd28b448a8
13812:             1             16  org.opensearch.sql.expression.datetime.DateTimeFunction$$Lambda/0x00007fcd28b44ac0
13813:             1             16  org.opensearch.sql.expression.datetime.DateTimeFunction$$Lambda/0x00007fcd28b44cd8
13814:             1             16  org.opensearch.sql.expression.datetime.DateTimeFunction$$Lambda/0x00007fcd28b44ef0
13815:             1             16  org.opensearch.sql.expression.datetime.DateTimeFunction$$Lambda/0x00007fcd28b45108
13816:             1             16  org.opensearch.sql.expression.datetime.DateTimeFunction$$Lambda/0x00007fcd28b45320
13817:             1             16  org.opensearch.sql.expression.datetime.DateTimeFunction$$Lambda/0x00007fcd28b45538
13818:             1             16  org.opensearch.sql.expression.datetime.DateTimeFunction$$Lambda/0x00007fcd28b45750
13819:             1             16  org.opensearch.sql.expression.datetime.DateTimeFunction$$Lambda/0x00007fcd28b45968
13820:             1             16  org.opensearch.sql.expression.datetime.DateTimeFunction$$Lambda/0x00007fcd28b45b80
13821:             1             16  org.opensearch.sql.expression.datetime.DateTimeFunction$$Lambda/0x00007fcd28b45d98
13822:             1             16  org.opensearch.sql.expression.datetime.DateTimeFunction$$Lambda/0x00007fcd28b45fb0
13823:             1             16  org.opensearch.sql.expression.datetime.DateTimeFunction$$Lambda/0x00007fcd28b461c8
13824:             1             16  org.opensearch.sql.expression.datetime.DateTimeFunction$$Lambda/0x00007fcd28b463e0
13825:             1             16  org.opensearch.sql.expression.datetime.DateTimeFunction$$Lambda/0x00007fcd28b465f8
13826:             1             16  org.opensearch.sql.expression.datetime.DateTimeFunction$$Lambda/0x00007fcd28b46838
13827:             1             16  org.opensearch.sql.expression.datetime.DateTimeFunction$$Lambda/0x00007fcd28b46a88
13828:             1             16  org.opensearch.sql.expression.datetime.DateTimeFunction$$Lambda/0x00007fcd28b46ca0
13829:             1             16  org.opensearch.sql.expression.datetime.DateTimeFunction$$Lambda/0x00007fcd28b470b8
13830:             1             16  org.opensearch.sql.expression.datetime.DateTimeFunction$$Lambda/0x00007fcd28b472f8
13831:             1             16  org.opensearch.sql.expression.datetime.DateTimeFunction$$Lambda/0x00007fcd28b47538
13832:             1             16  org.opensearch.sql.expression.datetime.DateTimeFunction$$Lambda/0x00007fcd28b47778
13833:             1             16  org.opensearch.sql.expression.datetime.DateTimeFunction$$Lambda/0x00007fcd28b47990
13834:             1             16  org.opensearch.sql.expression.datetime.DateTimeFunction$$Lambda/0x00007fcd28b47bd0
13835:             1             16  org.opensearch.sql.expression.datetime.DateTimeFunction$$Lambda/0x00007fcd28b47de8
13836:             1             16  org.opensearch.sql.expression.datetime.DateTimeFunction$$Lambda/0x00007fcd28b48000
13837:             1             16  org.opensearch.sql.expression.datetime.DateTimeFunction$$Lambda/0x00007fcd28b48250
13838:             1             16  org.opensearch.sql.expression.datetime.DateTimeFunction$$Lambda/0x00007fcd28b484a0
13839:             1             16  org.opensearch.sql.expression.datetime.DateTimeFunction$$Lambda/0x00007fcd28b486f0
13840:             1             16  org.opensearch.sql.expression.datetime.DateTimeFunction$$Lambda/0x00007fcd28b48940
13841:             1             16  org.opensearch.sql.expression.datetime.DateTimeFunction$$Lambda/0x00007fcd28b48b90
13842:             1             16  org.opensearch.sql.expression.datetime.DateTimeFunction$$Lambda/0x00007fcd28b48de0
13843:             1             16  org.opensearch.sql.expression.datetime.DateTimeFunction$$Lambda/0x00007fcd28b49030
13844:             1             16  org.opensearch.sql.expression.datetime.DateTimeFunction$$Lambda/0x00007fcd28b49280
13845:             1             16  org.opensearch.sql.expression.datetime.DateTimeFunction$$Lambda/0x00007fcd28b49708
13846:             1             16  org.opensearch.sql.expression.datetime.DateTimeFunction$$Lambda/0x00007fcd28b49958
13847:             1             16  org.opensearch.sql.expression.datetime.DateTimeFunction$$Lambda/0x00007fcd28b49ba8
13848:             1             16  org.opensearch.sql.expression.datetime.DateTimeFunction$$Lambda/0x00007fcd28b49df8
13849:             1             16  org.opensearch.sql.expression.datetime.DateTimeFunction$$Lambda/0x00007fcd28b4a048
13850:             1             16  org.opensearch.sql.expression.datetime.DateTimeFunction$$Lambda/0x00007fcd28b4a288
13851:             1             16  org.opensearch.sql.expression.datetime.DateTimeFunction$$Lambda/0x00007fcd28b4a4d8
13852:             1             16  org.opensearch.sql.expression.datetime.DateTimeFunction$$Lambda/0x00007fcd28b4a728
13853:             1             16  org.opensearch.sql.expression.datetime.DateTimeFunction$$Lambda/0x00007fcd28b4a978
13854:             1             16  org.opensearch.sql.expression.datetime.DateTimeFunction$$Lambda/0x00007fcd28b4abc8
13855:             1             16  org.opensearch.sql.expression.datetime.DateTimeFunction$$Lambda/0x00007fcd28b4ae08
13856:             1             16  org.opensearch.sql.expression.datetime.DateTimeFunction$$Lambda/0x00007fcd28b4b058
13857:             1             16  org.opensearch.sql.expression.datetime.DateTimeFunction$$Lambda/0x00007fcd28b4b2a8
13858:             1             16  org.opensearch.sql.expression.datetime.DateTimeFunction$$Lambda/0x00007fcd28b4b4f8
13859:             1             16  org.opensearch.sql.expression.datetime.DateTimeFunction$$Lambda/0x00007fcd28b4b748
13860:             1             16  org.opensearch.sql.expression.datetime.DateTimeFunction$$Lambda/0x00007fcd28b4b960
13861:             1             16  org.opensearch.sql.expression.datetime.DateTimeFunction$$Lambda/0x00007fcd28b4bba0
13862:             1             16  org.opensearch.sql.expression.datetime.DateTimeFunction$$Lambda/0x00007fcd28b4bde0
13863:             1             16  org.opensearch.sql.expression.datetime.DateTimeFunction$$Lambda/0x00007fcd28b4c020
13864:             1             16  org.opensearch.sql.expression.datetime.DateTimeFunction$$Lambda/0x00007fcd28b4c260
13865:             1             16  org.opensearch.sql.expression.datetime.DateTimeFunction$$Lambda/0x00007fcd28b4c4b0
13866:             1             16  org.opensearch.sql.expression.datetime.DateTimeFunction$$Lambda/0x00007fcd28b4c700
13867:             1             16  org.opensearch.sql.expression.datetime.DateTimeFunction$$Lambda/0x00007fcd28b4c940
13868:             1             16  org.opensearch.sql.expression.datetime.DateTimeFunction$$Lambda/0x00007fcd28b4cb80
13869:             1             16  org.opensearch.sql.expression.datetime.DateTimeFunction$$Lambda/0x00007fcd28b4cdd0
13870:             1             16  org.opensearch.sql.expression.datetime.DateTimeFunction$$Lambda/0x00007fcd28b4d020
13871:             1             16  org.opensearch.sql.expression.datetime.DateTimeFunction$$Lambda/0x00007fcd28b4d270
13872:             1             16  org.opensearch.sql.expression.datetime.DateTimeFunction$$Lambda/0x00007fcd28b4d4c0
13873:             1             16  org.opensearch.sql.expression.datetime.DateTimeFunction$$Lambda/0x00007fcd28b4d710
13874:             1             16  org.opensearch.sql.expression.datetime.DateTimeFunction$$Lambda/0x00007fcd28b4d960
13875:             1             16  org.opensearch.sql.expression.datetime.DateTimeFunction$$Lambda/0x00007fcd28b4dba0
13876:             1             16  org.opensearch.sql.expression.datetime.DateTimeFunction$$Lambda/0x00007fcd28b4ddf0
13877:             1             16  org.opensearch.sql.expression.datetime.DateTimeFunction$$Lambda/0x00007fcd28b4e040
13878:             1             16  org.opensearch.sql.expression.datetime.DateTimeFunction$$Lambda/0x00007fcd28b4e290
13879:             1             16  org.opensearch.sql.expression.datetime.DateTimeFunction$$Lambda/0x00007fcd28b4e4d0
13880:             1             16  org.opensearch.sql.expression.datetime.DateTimeFunction$$Lambda/0x00007fcd28b4e6e8
13881:             1             16  org.opensearch.sql.expression.datetime.DateTimeFunction$$Lambda/0x00007fcd28b4e938
13882:             1             16  org.opensearch.sql.expression.datetime.DateTimeFunction$$Lambda/0x00007fcd28b4eb88
13883:             1             16  org.opensearch.sql.expression.datetime.DateTimeFunction$$Lambda/0x00007fcd28b4edd8
13884:             1             16  org.opensearch.sql.expression.datetime.DateTimeFunction$$Lambda/0x00007fcd28b4f028
13885:             1             16  org.opensearch.sql.expression.datetime.DateTimeFunction$$Lambda/0x00007fcd28b4f278
13886:             1             16  org.opensearch.sql.expression.datetime.DateTimeFunction$$Lambda/0x00007fcd28b4f4c8
13887:             1             16  org.opensearch.sql.expression.datetime.DateTimeFunction$$Lambda/0x00007fcd28b4f718
13888:             1             16  org.opensearch.sql.expression.datetime.DateTimeFunction$$Lambda/0x00007fcd28b4f968
13889:             1             16  org.opensearch.sql.expression.datetime.DateTimeFunction$$Lambda/0x00007fcd28b4fbb8
13890:             1             16  org.opensearch.sql.expression.datetime.DateTimeFunction$$Lambda/0x00007fcd28b50000
13891:             1             16  org.opensearch.sql.expression.datetime.DateTimeFunction$$Lambda/0x00007fcd28b50250
13892:             1             16  org.opensearch.sql.expression.datetime.DateTimeFunction$$Lambda/0x00007fcd28b504a0
13893:             1             16  org.opensearch.sql.expression.datetime.DateTimeFunction$$Lambda/0x00007fcd28b506f0
13894:             1             16  org.opensearch.sql.expression.datetime.DateTimeFunction$$Lambda/0x00007fcd28b50940
13895:             1             16  org.opensearch.sql.expression.datetime.DateTimeFunction$$Lambda/0x00007fcd28b50b80
13896:             1             16  org.opensearch.sql.expression.datetime.DateTimeFunction$$Lambda/0x00007fcd28b50dd0
13897:             1             16  org.opensearch.sql.expression.datetime.DateTimeFunction$$Lambda/0x00007fcd28b51020
13898:             1             16  org.opensearch.sql.expression.datetime.DateTimeFunction$$Lambda/0x00007fcd28b51270
13899:             1             16  org.opensearch.sql.expression.datetime.DateTimeFunction$$Lambda/0x00007fcd28b514c0
13900:             1             16  org.opensearch.sql.expression.datetime.DateTimeFunction$$Lambda/0x00007fcd28b51710
13901:             1             16  org.opensearch.sql.expression.datetime.DateTimeFunction$$Lambda/0x00007fcd28b51960
13902:             1             16  org.opensearch.sql.expression.datetime.DateTimeFunction$$Lambda/0x00007fcd28b51bb0
13903:             1             16  org.opensearch.sql.expression.datetime.DateTimeFunction$$Lambda/0x00007fcd28b51e00
13904:             1             16  org.opensearch.sql.expression.datetime.DateTimeFunction$$Lambda/0x00007fcd28b52040
13905:             1             16  org.opensearch.sql.expression.datetime.DateTimeFunction$$Lambda/0x00007fcd28b52280
13906:             1             16  org.opensearch.sql.expression.datetime.DateTimeFunction$$Lambda/0x00007fcd28b524d0
13907:             1             16  org.opensearch.sql.expression.datetime.DateTimeFunction$$Lambda/0x00007fcd28b52720
13908:             1             16  org.opensearch.sql.expression.datetime.DateTimeFunction$$Lambda/0x00007fcd28b52970
13909:             1             16  org.opensearch.sql.expression.datetime.DateTimeFunction$$Lambda/0x00007fcd28b52bc0
13910:             1             16  org.opensearch.sql.expression.datetime.DateTimeFunction$$Lambda/0x00007fcd28b52e10
13911:             1             16  org.opensearch.sql.expression.datetime.DateTimeFunction$$Lambda/0x00007fcd28b53060
13912:             1             16  org.opensearch.sql.expression.datetime.DateTimeFunction$$Lambda/0x00007fcd28b532b0
13913:             1             16  org.opensearch.sql.expression.datetime.DateTimeFunction$$Lambda/0x00007fcd28b53500
13914:             1             16  org.opensearch.sql.expression.datetime.DateTimeFunction$$Lambda/0x00007fcd28b53750
13915:             1             16  org.opensearch.sql.expression.datetime.DateTimeFunction$$Lambda/0x00007fcd28b539a0
13916:             1             16  org.opensearch.sql.expression.datetime.DateTimeFunction$$Lambda/0x00007fcd28b53bf0
13917:             1             16  org.opensearch.sql.expression.datetime.DateTimeFunction$$Lambda/0x00007fcd28b54400
13918:             1             16  org.opensearch.sql.expression.datetime.DateTimeFunction$$Lambda/0x00007fcd28b54800
13919:             1             16  org.opensearch.sql.expression.datetime.DateTimeFunction$$Lambda/0x00007fcd28b54a40
13920:             1             16  org.opensearch.sql.expression.datetime.DateTimeFunction$$Lambda/0x00007fcd28b54c90
13921:             1             16  org.opensearch.sql.expression.datetime.DateTimeFunction$$Lambda/0x00007fcd28b55000
13922:             1             16  org.opensearch.sql.expression.datetime.DateTimeFunction$$Lambda/0x00007fcd28b55218
13923:             1             16  org.opensearch.sql.expression.datetime.DateTimeFunction$$Lambda/0x00007fcd28b55430
13924:             1             16  org.opensearch.sql.expression.datetime.DateTimeFunction$$Lambda/0x00007fcd28b55648
13925:             1             16  org.opensearch.sql.expression.datetime.DateTimeFunction$$Lambda/0x00007fcd28b55860
13926:             1             16  org.opensearch.sql.expression.datetime.DateTimeFunction$$Lambda/0x00007fcd28b55a78
13927:             1             16  org.opensearch.sql.expression.datetime.DateTimeFunction$$Lambda/0x00007fcd28b55c90
13928:             1             16  org.opensearch.sql.expression.datetime.DateTimeFunction$$Lambda/0x00007fcd28b56000
13929:             1             16  org.opensearch.sql.expression.datetime.DateTimeFunction$$Lambda/0x00007fcd28b56250
13930:             1             16  org.opensearch.sql.expression.datetime.DateTimeFunction$$Lambda/0x00007fcd28b56468
13931:             1             16  org.opensearch.sql.expression.datetime.DateTimeFunction$$Lambda/0x00007fcd28b56680
13932:             1             16  org.opensearch.sql.expression.datetime.DateTimeFunction$$Lambda/0x00007fcd28b56898
13933:             1             16  org.opensearch.sql.expression.datetime.DateTimeFunction$$Lambda/0x00007fcd28b56ab0
13934:             1             16  org.opensearch.sql.expression.datetime.DateTimeFunction$$Lambda/0x00007fcd28b56cc8
13935:             1             16  org.opensearch.sql.expression.datetime.DateTimeFunction$$Lambda/0x00007fcd28b56ee0
13936:             1             16  org.opensearch.sql.expression.datetime.DateTimeFunction$$Lambda/0x00007fcd28b570f8
13937:             1             16  org.opensearch.sql.expression.datetime.DateTimeFunction$$Lambda/0x00007fcd28b57310
13938:             1             16  org.opensearch.sql.expression.datetime.DateTimeFunction$$Lambda/0x00007fcd28b57528
13939:             1             16  org.opensearch.sql.expression.datetime.DateTimeFunction$$Lambda/0x00007fcd28b57740
13940:             1             16  org.opensearch.sql.expression.datetime.DateTimeFunction$$Lambda/0x00007fcd28b57958
13941:             1             16  org.opensearch.sql.expression.datetime.DateTimeFunction$$Lambda/0x00007fcd28b57b70
13942:             1             16  org.opensearch.sql.expression.datetime.DateTimeFunction$$Lambda/0x00007fcd28b57d88
13943:             1             16  org.opensearch.sql.expression.datetime.DateTimeFunction$$Lambda/0x00007fcd28b58000
13944:             1             16  org.opensearch.sql.expression.datetime.DateTimeFunction$$Lambda/0x00007fcd28b58250
13945:             1             16  org.opensearch.sql.expression.datetime.DateTimeFunction$$Lambda/0x00007fcd28b584a0
13946:             1             16  org.opensearch.sql.expression.datetime.DateTimeFunction$$Lambda/0x00007fcd28b586e0
13947:             1             16  org.opensearch.sql.expression.datetime.DateTimeFunction$$Lambda/0x00007fcd28b58920
13948:             1             16  org.opensearch.sql.expression.datetime.DateTimeFunction$$Lambda/0x00007fcd28b58b60
13949:             1             16  org.opensearch.sql.expression.datetime.DateTimeFunction$$Lambda/0x00007fcd28b58da0
13950:             1             16  org.opensearch.sql.expression.datetime.DateTimeFunction$$Lambda/0x00007fcd28b58fe0
13951:             1             16  org.opensearch.sql.expression.datetime.DateTimeFunction$$Lambda/0x00007fcd28b59230
13952:             1             16  org.opensearch.sql.expression.datetime.DateTimeFunction$$Lambda/0x00007fcd28b59480
13953:             1             16  org.opensearch.sql.expression.datetime.DateTimeFunction$$Lambda/0x00007fcd28b596d0
13954:             1             16  org.opensearch.sql.expression.datetime.DateTimeFunction$$Lambda/0x00007fcd28b59920
13955:             1             16  org.opensearch.sql.expression.datetime.DateTimeFunction$$Lambda/0x00007fcd28b59b60
13956:             1             16  org.opensearch.sql.expression.datetime.DateTimeFunction$$Lambda/0x00007fcd28b59db0
13957:             1             16  org.opensearch.sql.expression.datetime.DateTimeFunction$$Lambda/0x00007fcd28b59ff0
13958:             1             16  org.opensearch.sql.expression.datetime.DateTimeFunction$$Lambda/0x00007fcd28b5a208
13959:             1             16  org.opensearch.sql.expression.datetime.DateTimeFunction$$Lambda/0x00007fcd28b5a420
13960:             1             16  org.opensearch.sql.expression.datetime.DateTimeFunction$$Lambda/0x00007fcd28b5acd0
13961:             1             16  org.opensearch.sql.expression.datetime.DateTimeFunction$$Lambda/0x00007fcd28b5aee8
13962:             1             16  org.opensearch.sql.expression.datetime.DateTimeFunction$$Lambda/0x00007fcd28b5b100
13963:             1             16  org.opensearch.sql.expression.datetime.DateTimeFunction$$Lambda/0x00007fcd28b5b318
13964:             1             16  org.opensearch.sql.expression.datetime.DateTimeFunction$$Lambda/0x00007fcd28b5b530
13965:             1             16  org.opensearch.sql.expression.datetime.DateTimeFunction$$Lambda/0x00007fcd28b5b748
13966:             1             16  org.opensearch.sql.expression.datetime.DateTimeFunction$$Lambda/0x00007fcd28b5b998
13967:             1             16  org.opensearch.sql.expression.datetime.DateTimeFunction$$Lambda/0x00007fcd28b5bbe8
13968:             1             16  org.opensearch.sql.expression.datetime.DateTimeFunction$$Lambda/0x00007fcd28b5be38
13969:             1             16  org.opensearch.sql.expression.datetime.DateTimeFunction$$Lambda/0x00007fcd28b5c088
13970:             1             16  org.opensearch.sql.expression.datetime.DateTimeFunction$$Lambda/0x00007fcd28b5c2d8
13971:             1             16  org.opensearch.sql.expression.datetime.DateTimeFunction$$Lambda/0x00007fcd28b5c528
13972:             1             16  org.opensearch.sql.expression.datetime.DateTimeFunction$$Lambda/0x00007fcd28b5c778
13973:             1             16  org.opensearch.sql.expression.datetime.DateTimeFunction$$Lambda/0x00007fcd28b5c9c8
13974:             1             16  org.opensearch.sql.expression.datetime.DateTimeFunction$$Lambda/0x00007fcd28b5cc18
13975:             1             16  org.opensearch.sql.expression.datetime.DateTimeFunction$$Lambda/0x00007fcd28b5ce68
13976:             1             16  org.opensearch.sql.expression.datetime.DateTimeFunction$$Lambda/0x00007fcd28b5d0b8
13977:             1             16  org.opensearch.sql.expression.datetime.DateTimeFunction$$Lambda/0x00007fcd28b5d308
13978:             1             16  org.opensearch.sql.expression.datetime.DateTimeFunction$$Lambda/0x00007fcd28b5d558
13979:             1             16  org.opensearch.sql.expression.datetime.DateTimeFunction$$Lambda/0x00007fcd28b5d7a8
13980:             1             16  org.opensearch.sql.expression.datetime.DateTimeFunction$$Lambda/0x00007fcd28b5d9e8
13981:             1             16  org.opensearch.sql.expression.datetime.DateTimeFunction$$Lambda/0x00007fcd28b5dc38
13982:             1             16  org.opensearch.sql.expression.datetime.DateTimeFunction$$Lambda/0x00007fcd28b5de88
13983:             1             16  org.opensearch.sql.expression.datetime.DateTimeFunction$$Lambda/0x00007fcd28b5e0d8
13984:             1             16  org.opensearch.sql.expression.datetime.DateTimeFunction$$Lambda/0x00007fcd28b5e328
13985:             1             16  org.opensearch.sql.expression.datetime.DateTimeFunction$$Lambda/0x00007fcd28b5e540
13986:             1             16  org.opensearch.sql.expression.datetime.DateTimeFunction$$Lambda/0x00007fcd28b5e780
13987:             1             16  org.opensearch.sql.expression.datetime.DateTimeFunction$$Lambda/0x00007fcd28b5e9c0
13988:             1             16  org.opensearch.sql.expression.datetime.DateTimeFunction$$Lambda/0x00007fcd28b5ec00
13989:             1             16  org.opensearch.sql.expression.datetime.DateTimeFunction$$Lambda/0x00007fcd28b5ee40
13990:             1             16  org.opensearch.sql.expression.datetime.DateTimeFunction$$Lambda/0x00007fcd28b5f080
13991:             1             16  org.opensearch.sql.expression.datetime.DateTimeFunction$$Lambda/0x00007fcd28b5f2d0
13992:             1             16  org.opensearch.sql.expression.datetime.DateTimeFunction$$Lambda/0x00007fcd28b5f520
13993:             1             16  org.opensearch.sql.expression.datetime.DateTimeFunction$$Lambda/0x00007fcd28b5f770
13994:             1             16  org.opensearch.sql.expression.datetime.DateTimeFunction$$Lambda/0x00007fcd28b5f9c0
13995:             1             16  org.opensearch.sql.expression.datetime.DateTimeFunction$$Lambda/0x00007fcd28b5fc10
13996:             1             16  org.opensearch.sql.expression.datetime.DateTimeFunction$$Lambda/0x00007fcd28b60000
13997:             1             16  org.opensearch.sql.expression.datetime.DateTimeFunction$$Lambda/0x00007fcd28b60250
13998:             1             16  org.opensearch.sql.expression.datetime.DateTimeFunction$$Lambda/0x00007fcd28b604a0
13999:             1             16  org.opensearch.sql.expression.datetime.DateTimeFunction$$Lambda/0x00007fcd28b606e0
14000:             1             16  org.opensearch.sql.expression.datetime.DateTimeFunction$$Lambda/0x00007fcd28b60930
14001:             1             16  org.opensearch.sql.expression.datetime.DateTimeFunction$$Lambda/0x00007fcd28b60b80
14002:             1             16  org.opensearch.sql.expression.datetime.DateTimeFunction$$Lambda/0x00007fcd28b60dd0
14003:             1             16  org.opensearch.sql.expression.datetime.DateTimeFunction$$Lambda/0x00007fcd28b61020
14004:             1             16  org.opensearch.sql.expression.datetime.DateTimeFunction$$Lambda/0x00007fcd28b61238
14005:             1             16  org.opensearch.sql.expression.datetime.DateTimeFunction$$Lambda/0x00007fcd28b61478
14006:             1             16  org.opensearch.sql.expression.datetime.DateTimeFunction$$Lambda/0x00007fcd28b616b8
14007:             1             16  org.opensearch.sql.expression.datetime.DateTimeFunction$$Lambda/0x00007fcd28b618f8
14008:             1             16  org.opensearch.sql.expression.datetime.IntervalClause$$Lambda/0x00007fcd28b61d38
14009:             1             16  org.opensearch.sql.expression.datetime.IntervalClause$$Lambda/0x00007fcd28b61f78
14010:             1             16  org.opensearch.sql.expression.function.BuiltinFunctionRepository
14011:             1             16  org.opensearch.sql.expression.function.OpenSearchFunctions$1
14012:             1             16  org.opensearch.sql.expression.operator.arthmetic.ArithmeticFunction$$Lambda/0x00007fcd28b198c0
14013:             1             16  org.opensearch.sql.expression.operator.arthmetic.ArithmeticFunction$$Lambda/0x00007fcd28b1b2c0
14014:             1             16  org.opensearch.sql.expression.operator.arthmetic.ArithmeticFunction$$Lambda/0x00007fcd28b1b500
14015:             1             16  org.opensearch.sql.expression.operator.arthmetic.ArithmeticFunction$$Lambda/0x00007fcd28b1b740
14016:             1             16  org.opensearch.sql.expression.operator.arthmetic.ArithmeticFunction$$Lambda/0x00007fcd28b1b980
14017:             1             16  org.opensearch.sql.expression.operator.arthmetic.ArithmeticFunction$$Lambda/0x00007fcd28b1bbc0
14018:             1             16  org.opensearch.sql.expression.operator.arthmetic.ArithmeticFunction$$Lambda/0x00007fcd28b1d398
14019:             1             16  org.opensearch.sql.expression.operator.arthmetic.ArithmeticFunction$$Lambda/0x00007fcd28b1d5d8
14020:             1             16  org.opensearch.sql.expression.operator.arthmetic.ArithmeticFunction$$Lambda/0x00007fcd28b1d818
14021:             1             16  org.opensearch.sql.expression.operator.arthmetic.ArithmeticFunction$$Lambda/0x00007fcd28b1da58
14022:             1             16  org.opensearch.sql.expression.operator.arthmetic.ArithmeticFunction$$Lambda/0x00007fcd28b1dc98
14023:             1             16  org.opensearch.sql.expression.operator.arthmetic.ArithmeticFunction$$Lambda/0x00007fcd28b1ded8
14024:             1             16  org.opensearch.sql.expression.operator.arthmetic.ArithmeticFunction$$Lambda/0x00007fcd28b1e118
14025:             1             16  org.opensearch.sql.expression.operator.arthmetic.ArithmeticFunction$$Lambda/0x00007fcd28b1e358
14026:             1             16  org.opensearch.sql.expression.operator.arthmetic.ArithmeticFunction$$Lambda/0x00007fcd28b1e598
14027:             1             16  org.opensearch.sql.expression.operator.arthmetic.ArithmeticFunction$$Lambda/0x00007fcd28b1e7d8
14028:             1             16  org.opensearch.sql.expression.operator.arthmetic.ArithmeticFunction$$Lambda/0x00007fcd28b1ea18
14029:             1             16  org.opensearch.sql.expression.operator.arthmetic.ArithmeticFunction$$Lambda/0x00007fcd28b1ec58
14030:             1             16  org.opensearch.sql.expression.operator.arthmetic.ArithmeticFunction$$Lambda/0x00007fcd28b1ee98
14031:             1             16  org.opensearch.sql.expression.operator.arthmetic.ArithmeticFunction$$Lambda/0x00007fcd28b1f0d8
14032:             1             16  org.opensearch.sql.expression.operator.arthmetic.ArithmeticFunction$$Lambda/0x00007fcd28b1f318
14033:             1             16  org.opensearch.sql.expression.operator.arthmetic.ArithmeticFunction$$Lambda/0x00007fcd28b1f558
14034:             1             16  org.opensearch.sql.expression.operator.arthmetic.ArithmeticFunction$$Lambda/0x00007fcd28b1f798
14035:             1             16  org.opensearch.sql.expression.operator.arthmetic.ArithmeticFunction$$Lambda/0x00007fcd28b1f9d8
14036:             1             16  org.opensearch.sql.expression.operator.arthmetic.ArithmeticFunction$$Lambda/0x00007fcd28b1fc18
14037:             1             16  org.opensearch.sql.expression.operator.arthmetic.ArithmeticFunction$$Lambda/0x00007fcd28b20000
14038:             1             16  org.opensearch.sql.expression.operator.arthmetic.ArithmeticFunction$$Lambda/0x00007fcd28b20240
14039:             1             16  org.opensearch.sql.expression.operator.arthmetic.ArithmeticFunction$$Lambda/0x00007fcd28b20480
14040:             1             16  org.opensearch.sql.expression.operator.arthmetic.ArithmeticFunction$$Lambda/0x00007fcd28b206c0
14041:             1             16  org.opensearch.sql.expression.operator.arthmetic.ArithmeticFunction$$Lambda/0x00007fcd28b20900
14042:             1             16  org.opensearch.sql.expression.operator.arthmetic.MathematicalFunction$$Lambda/0x00007fcd28b2cf50
14043:             1             16  org.opensearch.sql.expression.operator.arthmetic.MathematicalFunction$$Lambda/0x00007fcd28b2d898
14044:             1             16  org.opensearch.sql.expression.operator.arthmetic.MathematicalFunction$$Lambda/0x00007fcd28b2dae8
14045:             1             16  org.opensearch.sql.expression.operator.arthmetic.MathematicalFunction$$Lambda/0x00007fcd28b2dd38
14046:             1             16  org.opensearch.sql.expression.operator.arthmetic.MathematicalFunction$$Lambda/0x00007fcd28b2df88
14047:             1             16  org.opensearch.sql.expression.operator.arthmetic.MathematicalFunction$$Lambda/0x00007fcd28b2e1d8
14048:             1             16  org.opensearch.sql.expression.operator.arthmetic.MathematicalFunction$$Lambda/0x00007fcd28b2e648
14049:             1             16  org.opensearch.sql.expression.operator.arthmetic.MathematicalFunction$$Lambda/0x00007fcd28b2e880
14050:             1             16  org.opensearch.sql.expression.operator.arthmetic.MathematicalFunction$$Lambda/0x00007fcd28b2ead0
14051:             1             16  org.opensearch.sql.expression.operator.arthmetic.MathematicalFunction$$Lambda/0x00007fcd28b2ed08
14052:             1             16  org.opensearch.sql.expression.operator.arthmetic.MathematicalFunction$$Lambda/0x00007fcd28b2ef58
14053:             1             16  org.opensearch.sql.expression.operator.arthmetic.MathematicalFunction$$Lambda/0x00007fcd28b2f1a8
14054:             1             16  org.opensearch.sql.expression.operator.arthmetic.MathematicalFunction$$Lambda/0x00007fcd28b2f3e8
14055:             1             16  org.opensearch.sql.expression.operator.arthmetic.MathematicalFunction$$Lambda/0x00007fcd28b2f628
14056:             1             16  org.opensearch.sql.expression.operator.arthmetic.MathematicalFunction$$Lambda/0x00007fcd28b2fab8
14057:             1             16  org.opensearch.sql.expression.operator.arthmetic.MathematicalFunction$$Lambda/0x00007fcd28b2fd08
14058:             1             16  org.opensearch.sql.expression.operator.arthmetic.MathematicalFunction$$Lambda/0x00007fcd28b30000
14059:             1             16  org.opensearch.sql.expression.operator.arthmetic.MathematicalFunction$$Lambda/0x00007fcd28b30690
14060:             1             16  org.opensearch.sql.expression.operator.arthmetic.MathematicalFunction$$Lambda/0x00007fcd28b30ac8
14061:             1             16  org.opensearch.sql.expression.operator.arthmetic.MathematicalFunction$$Lambda/0x00007fcd28b30d18
14062:             1             16  org.opensearch.sql.expression.operator.arthmetic.MathematicalFunction$$Lambda/0x00007fcd28b30f68
14063:             1             16  org.opensearch.sql.expression.operator.arthmetic.MathematicalFunction$$Lambda/0x00007fcd28b311a0
14064:             1             16  org.opensearch.sql.expression.operator.arthmetic.MathematicalFunction$$Lambda/0x00007fcd28b313f0
14065:             1             16  org.opensearch.sql.expression.operator.arthmetic.MathematicalFunction$$Lambda/0x00007fcd28b31640
14066:             1             16  org.opensearch.sql.expression.operator.arthmetic.MathematicalFunction$$Lambda/0x00007fcd28b31a88
14067:             1             16  org.opensearch.sql.expression.operator.arthmetic.MathematicalFunction$$Lambda/0x00007fcd28b32380
14068:             1             16  org.opensearch.sql.expression.operator.arthmetic.MathematicalFunction$$Lambda/0x00007fcd28b325d0
14069:             1             16  org.opensearch.sql.expression.operator.arthmetic.MathematicalFunction$$Lambda/0x00007fcd28b32820
14070:             1             16  org.opensearch.sql.expression.operator.arthmetic.MathematicalFunction$$Lambda/0x00007fcd28b32a70
14071:             1             16  org.opensearch.sql.expression.operator.arthmetic.MathematicalFunction$$Lambda/0x00007fcd28b32cc0
14072:             1             16  org.opensearch.sql.expression.operator.arthmetic.MathematicalFunction$$Lambda/0x00007fcd28b32f10
14073:             1             16  org.opensearch.sql.expression.operator.arthmetic.MathematicalFunction$$Lambda/0x00007fcd28b33150
14074:             1             16  org.opensearch.sql.expression.operator.arthmetic.MathematicalFunction$$Lambda/0x00007fcd28b333a0
14075:             1             16  org.opensearch.sql.expression.operator.arthmetic.MathematicalFunction$$Lambda/0x00007fcd28b335f0
14076:             1             16  org.opensearch.sql.expression.operator.arthmetic.MathematicalFunction$$Lambda/0x00007fcd28b33830
14077:             1             16  org.opensearch.sql.expression.operator.arthmetic.MathematicalFunction$$Lambda/0x00007fcd28b33a70
14078:             1             16  org.opensearch.sql.expression.operator.arthmetic.MathematicalFunction$$Lambda/0x00007fcd28b33cb0
14079:             1             16  org.opensearch.sql.expression.operator.arthmetic.MathematicalFunction$$Lambda/0x00007fcd28b33ef0
14080:             1             16  org.opensearch.sql.expression.operator.arthmetic.MathematicalFunction$$Lambda/0x00007fcd28b34130
14081:             1             16  org.opensearch.sql.expression.operator.arthmetic.MathematicalFunction$$Lambda/0x00007fcd28b34370
14082:             1             16  org.opensearch.sql.expression.operator.arthmetic.MathematicalFunction$$Lambda/0x00007fcd28b34598
14083:             1             16  org.opensearch.sql.expression.operator.arthmetic.MathematicalFunction$$Lambda/0x00007fcd28b347d8
14084:             1             16  org.opensearch.sql.expression.operator.arthmetic.MathematicalFunction$$Lambda/0x00007fcd28b34a18
14085:             1             16  org.opensearch.sql.expression.operator.arthmetic.MathematicalFunction$$Lambda/0x00007fcd28b34c58
14086:             1             16  org.opensearch.sql.expression.operator.arthmetic.MathematicalFunction$$Lambda/0x00007fcd28b34e98
14087:             1             16  org.opensearch.sql.expression.operator.arthmetic.MathematicalFunction$$Lambda/0x00007fcd28b350d8
14088:             1             16  org.opensearch.sql.expression.operator.arthmetic.MathematicalFunction$$Lambda/0x00007fcd28b35328
14089:             1             16  org.opensearch.sql.expression.operator.arthmetic.MathematicalFunction$$Lambda/0x00007fcd28b35550
14090:             1             16  org.opensearch.sql.expression.operator.arthmetic.MathematicalFunction$$Lambda/0x00007fcd28b357a0
14091:             1             16  org.opensearch.sql.expression.operator.arthmetic.MathematicalFunction$$Lambda/0x00007fcd28b359f0
14092:             1             16  org.opensearch.sql.expression.operator.arthmetic.MathematicalFunction$$Lambda/0x00007fcd28b35c40
14093:             1             16  org.opensearch.sql.expression.operator.arthmetic.MathematicalFunction$$Lambda/0x00007fcd28b35e90
14094:             1             16  org.opensearch.sql.expression.operator.arthmetic.MathematicalFunction$$Lambda/0x00007fcd28b360e0
14095:             1             16  org.opensearch.sql.expression.operator.arthmetic.MathematicalFunction$$Lambda/0x00007fcd28b36330
14096:             1             16  org.opensearch.sql.expression.operator.arthmetic.MathematicalFunction$$Lambda/0x00007fcd28b36570
14097:             1             16  org.opensearch.sql.expression.operator.arthmetic.MathematicalFunction$$Lambda/0x00007fcd28b367b0
14098:             1             16  org.opensearch.sql.expression.operator.arthmetic.MathematicalFunction$$Lambda/0x00007fcd28b369f0
14099:             1             16  org.opensearch.sql.expression.operator.arthmetic.MathematicalFunction$$Lambda/0x00007fcd28b36c30
14100:             1             16  org.opensearch.sql.expression.operator.arthmetic.MathematicalFunction$$Lambda/0x00007fcd28b36e80
14101:             1             16  org.opensearch.sql.expression.operator.arthmetic.MathematicalFunction$$Lambda/0x00007fcd28b370d0
14102:             1             16  org.opensearch.sql.expression.operator.arthmetic.MathematicalFunction$$Lambda/0x00007fcd28b37320
14103:             1             16  org.opensearch.sql.expression.operator.arthmetic.MathematicalFunction$$Lambda/0x00007fcd28b37570
14104:             1             16  org.opensearch.sql.expression.operator.arthmetic.MathematicalFunction$$Lambda/0x00007fcd28b377c0
14105:             1             16  org.opensearch.sql.expression.operator.arthmetic.MathematicalFunction$$Lambda/0x00007fcd28b37a10
14106:             1             16  org.opensearch.sql.expression.operator.arthmetic.MathematicalFunction$$Lambda/0x00007fcd28b37c50
14107:             1             16  org.opensearch.sql.expression.operator.arthmetic.MathematicalFunction$$Lambda/0x00007fcd28b38000
14108:             1             16  org.opensearch.sql.expression.operator.arthmetic.MathematicalFunction$$Lambda/0x00007fcd28b38240
14109:             1             16  org.opensearch.sql.expression.operator.convert.TypeCastOperator$$Lambda/0x00007fcd28b670d0
14110:             1             16  org.opensearch.sql.expression.operator.convert.TypeCastOperator$$Lambda/0x00007fcd28b67308
14111:             1             16  org.opensearch.sql.expression.operator.convert.TypeCastOperator$$Lambda/0x00007fcd28b67558
14112:             1             16  org.opensearch.sql.expression.operator.convert.TypeCastOperator$$Lambda/0x00007fcd28b677a8
14113:             1             16  org.opensearch.sql.expression.operator.convert.TypeCastOperator$$Lambda/0x00007fcd28b679f8
14114:             1             16  org.opensearch.sql.expression.operator.convert.TypeCastOperator$$Lambda/0x00007fcd28b67c48
14115:             1             16  org.opensearch.sql.expression.operator.convert.TypeCastOperator$$Lambda/0x00007fcd28b68000
14116:             1             16  org.opensearch.sql.expression.operator.convert.TypeCastOperator$$Lambda/0x00007fcd28b68250
14117:             1             16  org.opensearch.sql.expression.operator.convert.TypeCastOperator$$Lambda/0x00007fcd28b684a0
14118:             1             16  org.opensearch.sql.expression.operator.convert.TypeCastOperator$$Lambda/0x00007fcd28b686f0
14119:             1             16  org.opensearch.sql.expression.operator.convert.TypeCastOperator$$Lambda/0x00007fcd28b68940
14120:             1             16  org.opensearch.sql.expression.operator.convert.TypeCastOperator$$Lambda/0x00007fcd28b68b90
14121:             1             16  org.opensearch.sql.expression.operator.convert.TypeCastOperator$$Lambda/0x00007fcd28b68de0
14122:             1             16  org.opensearch.sql.expression.operator.convert.TypeCastOperator$$Lambda/0x00007fcd28b69030
14123:             1             16  org.opensearch.sql.expression.operator.convert.TypeCastOperator$$Lambda/0x00007fcd28b69280
14124:             1             16  org.opensearch.sql.expression.operator.convert.TypeCastOperator$$Lambda/0x00007fcd28b694d0
14125:             1             16  org.opensearch.sql.expression.operator.convert.TypeCastOperator$$Lambda/0x00007fcd28b69720
14126:             1             16  org.opensearch.sql.expression.operator.convert.TypeCastOperator$$Lambda/0x00007fcd28b69970
14127:             1             16  org.opensearch.sql.expression.operator.convert.TypeCastOperator$$Lambda/0x00007fcd28b69bc0
14128:             1             16  org.opensearch.sql.expression.operator.convert.TypeCastOperator$$Lambda/0x00007fcd28b69e10
14129:             1             16  org.opensearch.sql.expression.operator.convert.TypeCastOperator$$Lambda/0x00007fcd28b6a060
14130:             1             16  org.opensearch.sql.expression.operator.convert.TypeCastOperator$$Lambda/0x00007fcd28b6a2b0
14131:             1             16  org.opensearch.sql.expression.operator.convert.TypeCastOperator$$Lambda/0x00007fcd28b6a500
14132:             1             16  org.opensearch.sql.expression.operator.convert.TypeCastOperator$$Lambda/0x00007fcd28b6a750
14133:             1             16  org.opensearch.sql.expression.operator.convert.TypeCastOperator$$Lambda/0x00007fcd28b6a9a0
14134:             1             16  org.opensearch.sql.expression.operator.convert.TypeCastOperator$$Lambda/0x00007fcd28b6abf0
14135:             1             16  org.opensearch.sql.expression.operator.convert.TypeCastOperator$$Lambda/0x00007fcd28b6ae40
14136:             1             16  org.opensearch.sql.expression.operator.convert.TypeCastOperator$$Lambda/0x00007fcd28b6b090
14137:             1             16  org.opensearch.sql.expression.operator.convert.TypeCastOperator$$Lambda/0x00007fcd28b6b2e0
14138:             1             16  org.opensearch.sql.expression.operator.convert.TypeCastOperator$$Lambda/0x00007fcd28b6b530
14139:             1             16  org.opensearch.sql.expression.operator.convert.TypeCastOperator$$Lambda/0x00007fcd28b6b780
14140:             1             16  org.opensearch.sql.expression.operator.convert.TypeCastOperator$$Lambda/0x00007fcd28b6b9d0
14141:             1             16  org.opensearch.sql.expression.operator.convert.TypeCastOperator$$Lambda/0x00007fcd28b6bc20
14142:             1             16  org.opensearch.sql.expression.operator.convert.TypeCastOperator$$Lambda/0x00007fcd28b6be70
14143:             1             16  org.opensearch.sql.expression.operator.convert.TypeCastOperator$$Lambda/0x00007fcd28b6c0c0
14144:             1             16  org.opensearch.sql.expression.operator.convert.TypeCastOperator$$Lambda/0x00007fcd28b6c310
14145:             1             16  org.opensearch.sql.expression.operator.convert.TypeCastOperator$$Lambda/0x00007fcd28b6c550
14146:             1             16  org.opensearch.sql.expression.operator.convert.TypeCastOperator$$Lambda/0x00007fcd28b6c7a0
14147:             1             16  org.opensearch.sql.expression.operator.convert.TypeCastOperator$$Lambda/0x00007fcd28b6c9f0
14148:             1             16  org.opensearch.sql.expression.operator.convert.TypeCastOperator$$Lambda/0x00007fcd28b6cc40
14149:             1             16  org.opensearch.sql.expression.operator.convert.TypeCastOperator$$Lambda/0x00007fcd28b6ce90
14150:             1             16  org.opensearch.sql.expression.operator.convert.TypeCastOperator$$Lambda/0x00007fcd28b6d0d0
14151:             1             16  org.opensearch.sql.expression.operator.predicate.BinaryPredicateOperator$$Lambda/0x00007fcd28b296e0
14152:             1             16  org.opensearch.sql.expression.operator.predicate.BinaryPredicateOperator$$Lambda/0x00007fcd28b29920
14153:             1             16  org.opensearch.sql.expression.operator.predicate.BinaryPredicateOperator$$Lambda/0x00007fcd28b29b60
14154:             1             16  org.opensearch.sql.expression.operator.predicate.BinaryPredicateOperator$$Lambda/0x00007fcd28b2a230
14155:             1             16  org.opensearch.sql.expression.operator.predicate.BinaryPredicateOperator$$Lambda/0x00007fcd28b2a468
14156:             1             16  org.opensearch.sql.expression.operator.predicate.BinaryPredicateOperator$$Lambda/0x00007fcd28b2a6a8
14157:             1             16  org.opensearch.sql.expression.operator.predicate.BinaryPredicateOperator$$Lambda/0x00007fcd28b2a8e0
14158:             1             16  org.opensearch.sql.expression.operator.predicate.BinaryPredicateOperator$$Lambda/0x00007fcd28b2ab20
14159:             1             16  org.opensearch.sql.expression.operator.predicate.BinaryPredicateOperator$$Lambda/0x00007fcd28b2ad58
14160:             1             16  org.opensearch.sql.expression.operator.predicate.BinaryPredicateOperator$$Lambda/0x00007fcd28b2af98
14161:             1             16  org.opensearch.sql.expression.operator.predicate.BinaryPredicateOperator$$Lambda/0x00007fcd28b2b1d0
14162:             1             16  org.opensearch.sql.expression.operator.predicate.BinaryPredicateOperator$$Lambda/0x00007fcd28b2b410
14163:             1             16  org.opensearch.sql.expression.operator.predicate.BinaryPredicateOperator$$Lambda/0x00007fcd28b2b648
14164:             1             16  org.opensearch.sql.expression.operator.predicate.BinaryPredicateOperator$$Lambda/0x00007fcd28b2b888
14165:             1             16  org.opensearch.sql.expression.operator.predicate.BinaryPredicateOperator$$Lambda/0x00007fcd28b2bac0
14166:             1             16  org.opensearch.sql.expression.operator.predicate.BinaryPredicateOperator$$Lambda/0x00007fcd28b2bf00
14167:             1             16  org.opensearch.sql.expression.operator.predicate.BinaryPredicateOperator$$Lambda/0x00007fcd28b2c140
14168:             1             16  org.opensearch.sql.expression.operator.predicate.BinaryPredicateOperator$$Lambda/0x00007fcd28b2cb10
14169:             1             16  org.opensearch.sql.expression.operator.predicate.UnaryPredicateOperator$$Lambda/0x00007fcd28b38680
14170:             1             16  org.opensearch.sql.expression.operator.predicate.UnaryPredicateOperator$$Lambda/0x00007fcd28b388d0
14171:             1             16  org.opensearch.sql.expression.operator.predicate.UnaryPredicateOperator$$Lambda/0x00007fcd28b38b08
14172:             1             16  org.opensearch.sql.expression.operator.predicate.UnaryPredicateOperator$$Lambda/0x00007fcd28b38d58
14173:             1             16  org.opensearch.sql.expression.operator.predicate.UnaryPredicateOperator$$Lambda/0x00007fcd28b38f90
14174:             1             16  org.opensearch.sql.expression.operator.predicate.UnaryPredicateOperator$$Lambda/0x00007fcd28b391d0
14175:             1             16  org.opensearch.sql.expression.operator.predicate.UnaryPredicateOperator$$Lambda/0x00007fcd28b39408
14176:             1             16  org.opensearch.sql.expression.operator.predicate.UnaryPredicateOperator$$Lambda/0x00007fcd28b39648
14177:             1             16  org.opensearch.sql.expression.operator.predicate.UnaryPredicateOperator$$Lambda/0x00007fcd28b39880
14178:             1             16  org.opensearch.sql.expression.operator.predicate.UnaryPredicateOperator$$Lambda/0x00007fcd28b39ad0
14179:             1             16  org.opensearch.sql.expression.operator.predicate.UnaryPredicateOperator$$Lambda/0x00007fcd28b39d08
14180:             1             16  org.opensearch.sql.expression.system.SystemFunctions$1
14181:             1             16  org.opensearch.sql.expression.text.TextFunction$$Lambda/0x00007fcd28b641f8
14182:             1             16  org.opensearch.sql.expression.text.TextFunction$$Lambda/0x00007fcd28b646a0
14183:             1             16  org.opensearch.sql.expression.text.TextFunction$$Lambda/0x00007fcd28b648c0
14184:             1             16  org.opensearch.sql.expression.text.TextFunction$$Lambda/0x00007fcd28b64ad8
14185:             1             16  org.opensearch.sql.expression.text.TextFunction$$Lambda/0x00007fcd28b64d18
14186:             1             16  org.opensearch.sql.expression.text.TextFunction$$Lambda/0x00007fcd28b64f68
14187:             1             16  org.opensearch.sql.expression.text.TextFunction$$Lambda/0x00007fcd28b651a8
14188:             1             16  org.opensearch.sql.expression.text.TextFunction$$Lambda/0x00007fcd28b653c0
14189:             1             16  org.opensearch.sql.expression.text.TextFunction$$Lambda/0x00007fcd28b65610
14190:             1             16  org.opensearch.sql.expression.text.TextFunction$$Lambda/0x00007fcd28b65860
14191:             1             16  org.opensearch.sql.expression.text.TextFunction$$Lambda/0x00007fcd28b65aa0
14192:             1             16  org.opensearch.sql.expression.text.TextFunction$$Lambda/0x00007fcd28b65cb8
14193:             1             16  org.opensearch.sql.expression.text.TextFunction$$Lambda/0x00007fcd28b65f08
14194:             1             16  org.opensearch.sql.expression.text.TextFunction$$Lambda/0x00007fcd28b66148
14195:             1             16  org.opensearch.sql.expression.text.TextFunction$$Lambda/0x00007fcd28b66398
14196:             1             16  org.opensearch.sql.expression.text.TextFunction$$Lambda/0x00007fcd28b665d8
14197:             1             16  org.opensearch.sql.expression.text.TextFunction$$Lambda/0x00007fcd28b66818
14198:             1             16  org.opensearch.sql.expression.text.TextFunction$$Lambda/0x00007fcd28b66a30
14199:             1             16  org.opensearch.sql.expression.text.TextFunction$$Lambda/0x00007fcd28b66c80
14200:             1             16  org.opensearch.sql.expression.window.WindowFunctions$$Lambda/0x00007fcd28b631e0
14201:             1             16  org.opensearch.sql.expression.window.WindowFunctions$$Lambda/0x00007fcd28b638f0
14202:             1             16  org.opensearch.sql.expression.window.WindowFunctions$$Lambda/0x00007fcd28b63de0
14203:             1             16  org.opensearch.sql.legacy.metrics.Metrics
14204:             1             16  org.opensearch.sql.legacy.query.join.BackOffRetryStrategy$$Lambda/0x00007fcd28ea71b8
14205:             1             16  org.opensearch.sql.legacy.query.join.BackOffRetryStrategy$$Lambda/0x00007fcd28ea73d0
14206:             1             16  org.opensearch.sql.opensearch.client.OpenSearchNodeClient$$Lambda/0x00007fcd28b082b8
14207:             1             16  org.opensearch.sql.opensearch.setting.OpenSearchSettings$$Lambda/0x00007fcd285a1e10
14208:             1             16  org.opensearch.sql.opensearch.storage.script.ExpressionScriptEngine
14209:             1             16  org.opensearch.sql.opensearch.storage.script.ExpressionScriptEngine$$Lambda/0x00007fcd285a2718
14210:             1             16  org.opensearch.sql.opensearch.storage.script.ExpressionScriptEngine$$Lambda/0x00007fcd285a2ba0
14211:             1             16  org.opensearch.sql.opensearch.storage.serialization.DefaultExpressionSerializer
14212:             1             16  org.opensearch.sql.planner.optimizer.pattern.Patterns$$Lambda/0x00007fcd28bb1ff0
14213:             1             16  org.opensearch.sql.planner.optimizer.pattern.Patterns$$Lambda/0x00007fcd28bb2fc8
14214:             1             16  org.opensearch.sql.planner.optimizer.pattern.Patterns$$Lambda/0x00007fcd28bb3440
14215:             1             16  org.opensearch.sql.planner.optimizer.pattern.Patterns$$Lambda/0x00007fcd28bb5558
14216:             1             16  org.opensearch.sql.planner.optimizer.rule.read.TableScanPushDown$$Lambda/0x00007fcd28bb3888
14217:             1             16  org.opensearch.sql.planner.optimizer.rule.read.TableScanPushDown$$Lambda/0x00007fcd28bb3ab0
14218:             1             16  org.opensearch.sql.planner.optimizer.rule.read.TableScanPushDown$$Lambda/0x00007fcd28bb3cd8
14219:             1             16  org.opensearch.sql.planner.optimizer.rule.read.TableScanPushDown$$Lambda/0x00007fcd28bb3f00
14220:             1             16  org.opensearch.sql.planner.optimizer.rule.read.TableScanPushDown$$Lambda/0x00007fcd28bb4128
14221:             1             16  org.opensearch.sql.planner.optimizer.rule.read.TableScanPushDown$$Lambda/0x00007fcd28bb45a0
14222:             1             16  org.opensearch.sql.planner.optimizer.rule.read.TableScanPushDown$$Lambda/0x00007fcd28bb4a20
14223:             1             16  org.opensearch.sql.plugin.SQLPlugin$$Lambda/0x00007fcd28bc7880
14224:             1             16  org.opensearch.sql.plugin.SQLPlugin$$Lambda/0x00007fcd28c8c000
14225:             1             16  org.opensearch.sql.plugin.SQLPlugin$$Lambda/0x00007fcd28c8c670
14226:             1             16  org.opensearch.sql.plugin.SQLPlugin$$Lambda/0x00007fcd28c8cce0
14227:             1             16  org.opensearch.sql.plugin.SQLPlugin$$Lambda/0x00007fcd28c8d350
14228:             1             16  org.opensearch.sql.plugin.SQLPlugin$$Lambda/0x00007fcd28c8d9c0
14229:             1             16  org.opensearch.sql.plugin.SQLPlugin$$Lambda/0x00007fcd28c8e030
14230:             1             16  org.opensearch.sql.plugin.SQLPlugin$$Lambda/0x00007fcd28c8e6a0
14231:             1             16  org.opensearch.sql.plugin.SQLPlugin$$Lambda/0x00007fcd28c8ed10
14232:             1             16  org.opensearch.sql.plugin.transport.TransportPPLQueryAction$$Lambda/0x00007fcd28ea4b90
14233:             1             16  org.opensearch.sql.prometheus.storage.PrometheusStorageFactory
14234:             1             16  org.opensearch.sql.spark.cluster.ClusterManagerEventListener$$Lambda/0x00007fcd28bc6d80
14235:             1             16  org.opensearch.sql.spark.cluster.ClusterManagerEventListener$$Lambda/0x00007fcd28bc6fb0
14236:             1             16  org.opensearch.sql.spark.cluster.ClusterManagerEventListener$$Lambda/0x00007fcd28bc71e0
14237:             1             16  org.opensearch.sql.spark.cluster.ClusterManagerEventListener$$Lambda/0x00007fcd28bc7410
14238:             1             16  org.opensearch.sql.spark.flint.FlintIndexMetadataServiceImpl
14239:             1             16  org.opensearch.sql.spark.transport.TransportCancelAsyncQueryRequestAction$$Lambda/0x00007fcd28ea5a48
14240:             1             16  org.opensearch.sql.spark.transport.TransportCancelAsyncQueryRequestAction$$Lambda/0x00007fcd28ea5c60
14241:             1             16  org.opensearch.sql.spark.transport.TransportCreateAsyncQueryRequestAction$$Lambda/0x00007fcd28ea4218
14242:             1             16  org.opensearch.sql.spark.transport.TransportCreateAsyncQueryRequestAction$$Lambda/0x00007fcd28ea4430
14243:             1             16  org.opensearch.sql.spark.transport.TransportGetAsyncQueryResultAction$$Lambda/0x00007fcd28d6b020
14244:             1             16  org.opensearch.sql.spark.transport.TransportGetAsyncQueryResultAction$$Lambda/0x00007fcd28d6b238
14245:             1             16  org.opensearch.systemd.Libsystemd$$Lambda/0x00007fcd291d8800
14246:             1             16  org.opensearch.systemd.SystemdPlugin$$Lambda/0x00007fcd28218b38
14247:             1             16  org.opensearch.tasks.Task$$Lambda/0x00007fcd29226e98
14248:             1             16  org.opensearch.tasks.TaskCancellationMonitoringService$$Lambda/0x00007fcd28d02aa0
14249:             1             16  org.opensearch.tasks.TaskCancellationMonitoringService$$Lambda/0x00007fcd28d02ee0
14250:             1             16  org.opensearch.tasks.TaskCancellationMonitoringService$$Lambda/0x00007fcd29044d68
14251:             1             16  org.opensearch.tasks.TaskCancellationMonitoringService$$Lambda/0x00007fcd293de270
14252:             1             16  org.opensearch.tasks.TaskCancellationMonitoringService$$Lambda/0x00007fcd293de4b8
14253:             1             16  org.opensearch.tasks.TaskCancellationMonitoringService$$Lambda/0x00007fcd293de950
14254:             1             16  org.opensearch.tasks.TaskCancellationMonitoringService$TaskCancellationStatsHolder
14255:             1             16  org.opensearch.tasks.TaskCancellationMonitoringSettings$$Lambda/0x00007fcd28d02130
14256:             1             16  org.opensearch.tasks.TaskCancellationMonitoringSettings$$Lambda/0x00007fcd28d02360
14257:             1             16  org.opensearch.tasks.TaskCancellationService$$Lambda/0x00007fcd290458a8
14258:             1             16  org.opensearch.tasks.TaskCancellationService$$Lambda/0x00007fcd293ddc38
14259:             1             16  org.opensearch.tasks.TaskCancellationService$BanParentRequestHandler
14260:             1             16  org.opensearch.tasks.TaskCancellationService$BanParentRequestHandler$$Lambda/0x00007fcd293dda20
14261:             1             16  org.opensearch.tasks.TaskInfo$$Lambda/0x00007fcd2924cb18
14262:             1             16  org.opensearch.tasks.TaskInfo$$Lambda/0x00007fcd2924d168
14263:             1             16  org.opensearch.tasks.TaskInfo$$Lambda/0x00007fcd2924d608
14264:             1             16  org.opensearch.tasks.TaskInfo$$Lambda/0x00007fcd2924d820
14265:             1             16  org.opensearch.tasks.TaskInfo$$Lambda/0x00007fcd2924da38
14266:             1             16  org.opensearch.tasks.TaskManager$$Lambda/0x00007fcd28cdeae0
14267:             1             16  org.opensearch.tasks.TaskManager$$Lambda/0x00007fcd291bf3a8
14268:             1             16  org.opensearch.tasks.TaskManager$$Lambda/0x00007fcd292e3c08
14269:             1             16  org.opensearch.tasks.TaskManager$$Lambda/0x00007fcd293dd7e8
14270:             1             16  org.opensearch.tasks.TaskManager$CancellableTaskHolder$$Lambda/0x00007fcd2920a000
14271:             1             16  org.opensearch.tasks.TaskManager$CancellableTaskHolder$$Lambda/0x00007fcd29222020
14272:             1             16  org.opensearch.tasks.TaskManager$CancellableTaskHolder$$Lambda/0x00007fcd293dde50
14273:             1             16  org.opensearch.tasks.TaskResourceTrackingService$$Lambda/0x00007fcd28ce1000
14274:             1             16  org.opensearch.tasks.TaskResourceTrackingService$$Lambda/0x00007fcd29198e20
14275:             1             16  org.opensearch.tasks.TaskThreadContextStatePropagator
14276:             1             16  org.opensearch.tasks.consumer.TopNSearchTasksLogger$$Lambda/0x00007fcd28ce4f40
14277:             1             16  org.opensearch.tasks.consumer.TopNSearchTasksLogger$$Lambda/0x00007fcd28ce5158
14278:             1             16  org.opensearch.tasks.consumer.TopNSearchTasksLogger$$Lambda/0x00007fcd28ce5388
14279:             1             16  org.opensearch.telemetry.metrics.MetricsRegistryFactory$$Lambda/0x00007fcd2870aef0
14280:             1             16  org.opensearch.telemetry.metrics.noop.NoopCounter
14281:             1             16  org.opensearch.telemetry.metrics.noop.NoopHistogram
14282:             1             16  org.opensearch.telemetry.metrics.noop.NoopMetricsRegistry
14283:             1             16  org.opensearch.telemetry.tracing.TracerFactory$$Lambda/0x00007fcd2870a190
14284:             1             16  org.opensearch.telemetry.tracing.noop.NoopSpan
14285:             1             16  org.opensearch.telemetry.tracing.noop.NoopSpanScope
14286:             1             16  org.opensearch.telemetry.tracing.noop.NoopTracer
14287:             1             16  org.opensearch.threadpool.ThreadPool$$Lambda/0x00007fcd2853f840
14288:             1             16  org.opensearch.threadpool.ThreadPool$$Lambda/0x00007fcd2853fa88
14289:             1             16  org.opensearch.threadpool.ThreadPoolInfo
14290:             1             16  org.opensearch.timeseries.JobRunner
14291:             1             16  org.opensearch.timeseries.Name$$Lambda/0x00007fcd28f1ef10
14292:             1             16  org.opensearch.timeseries.NodeStateManager$$Lambda/0x00007fcd289c3488
14293:             1             16  org.opensearch.timeseries.NodeStateManager$$Lambda/0x00007fcd289c36b8
14294:             1             16  org.opensearch.timeseries.TimeSeriesAnalyticsPlugin$$Lambda/0x00007fcd283adb40
14295:             1             16  org.opensearch.timeseries.TimeSeriesAnalyticsPlugin$$Lambda/0x00007fcd283beb90
14296:             1             16  org.opensearch.timeseries.TimeSeriesAnalyticsPlugin$$Lambda/0x00007fcd28578bf8
14297:             1             16  org.opensearch.timeseries.TimeSeriesAnalyticsPlugin$$Lambda/0x00007fcd28578e38
14298:             1             16  org.opensearch.timeseries.TimeSeriesAnalyticsPlugin$$Lambda/0x00007fcd289ce8f0
14299:             1             16  org.opensearch.timeseries.TimeSeriesAnalyticsPlugin$$Lambda/0x00007fcd28a129e8
14300:             1             16  org.opensearch.timeseries.TimeSeriesAnalyticsPlugin$$Lambda/0x00007fcd28a3be78
14301:             1             16  org.opensearch.timeseries.TimeSeriesAnalyticsPlugin$$Lambda/0x00007fcd28a3cc40
14302:             1             16  org.opensearch.timeseries.TimeSeriesAnalyticsPlugin$1
14303:             1             16  org.opensearch.timeseries.TimeSeriesAnalyticsPlugin$1$1
14304:             1             16  org.opensearch.timeseries.cluster.ClusterEventListener$$Lambda/0x00007fcd290157e8
14305:             1             16  org.opensearch.timeseries.cluster.ClusterEventListener$$Lambda/0x00007fcd29015a00
14306:             1             16  org.opensearch.timeseries.cluster.ClusterEventListener$$Lambda/0x00007fcd29016078
14307:             1             16  org.opensearch.timeseries.cluster.ClusterEventListener$$Lambda/0x00007fcd29016290
14308:             1             16  org.opensearch.timeseries.cluster.ClusterEventListener$$Lambda/0x00007fcd290164b8
14309:             1             16  org.opensearch.timeseries.cluster.HashRing$$Lambda/0x00007fcd28a2f250
14310:             1             16  org.opensearch.timeseries.cluster.HashRing$$Lambda/0x00007fcd29016ad8
14311:             1             16  org.opensearch.timeseries.cluster.HashRing$$Lambda/0x00007fcd29017160
14312:             1             16  org.opensearch.timeseries.cluster.HashRing$$Lambda/0x00007fcd29017398
14313:             1             16  org.opensearch.timeseries.cluster.HashRing$$Lambda/0x00007fcd29318d10
14314:             1             16  org.opensearch.timeseries.dataprocessor.LinearUniformImputer
14315:             1             16  org.opensearch.timeseries.feature.SearchFeatureDao$$Lambda/0x00007fcd289c6000
14316:             1             16  org.opensearch.timeseries.feature.SearchFeatureDao$$Lambda/0x00007fcd289c6230
14317:             1             16  org.opensearch.timeseries.model.Job$$Lambda/0x00007fcd2889c480
14318:             1             16  org.opensearch.timeseries.transport.AbstractSingleStreamResultTransportAction$$Lambda/0x00007fcd28e3fb40
14319:             1             16  org.opensearch.timeseries.transport.BaseDeleteConfigTransportAction$$Lambda/0x00007fcd28d9fda0
14320:             1             16  org.opensearch.timeseries.transport.BaseDeleteModelTransportAction$$Lambda/0x00007fcd28e3dbc0
14321:             1             16  org.opensearch.timeseries.transport.BaseDeleteModelTransportAction$$Lambda/0x00007fcd28e3ddd8
14322:             1             16  org.opensearch.timeseries.transport.BaseEntityProfileTransportAction$$Lambda/0x00007fcd28e3d360
14323:             1             16  org.opensearch.timeseries.transport.BaseGetConfigTransportAction$$Lambda/0x00007fcd28f1e918
14324:             1             16  org.opensearch.timeseries.transport.BaseJobTransportAction$$Lambda/0x00007fcd28d9e1a0
14325:             1             16  org.opensearch.timeseries.transport.BaseProfileTransportAction$$Lambda/0x00007fcd28d9ea58
14326:             1             16  org.opensearch.timeseries.transport.BaseProfileTransportAction$$Lambda/0x00007fcd28d9ec70
14327:             1             16  org.opensearch.timeseries.transport.BaseSearchConfigInfoTransportAction$$Lambda/0x00007fcd28d9dd70
14328:             1             16  org.opensearch.timeseries.transport.BaseStatsNodesTransportAction$$Lambda/0x00007fcd28e3e850
14329:             1             16  org.opensearch.timeseries.transport.BaseStatsNodesTransportAction$$Lambda/0x00007fcd28e3ea68
14330:             1             16  org.opensearch.timeseries.transport.BaseStatsTransportAction$$Lambda/0x00007fcd28e3f0b0
14331:             1             16  org.opensearch.timeseries.transport.BaseSuggestConfigParamTransportAction$$Lambda/0x00007fcd28f77678
14332:             1             16  org.opensearch.timeseries.transport.BaseSuggestConfigParamTransportAction$$Lambda/0x00007fcd28f77890
14333:             1             16  org.opensearch.timeseries.transport.BaseValidateConfigTransportAction$$Lambda/0x00007fcd28e3f6f8
14334:             1             16  org.opensearch.timeseries.transport.CronTransportAction$$Lambda/0x00007fcd28e3ec80
14335:             1             16  org.opensearch.timeseries.transport.CronTransportAction$$Lambda/0x00007fcd28e3ee98
14336:             1             16  org.opensearch.timeseries.transport.ResultProcessor$$Lambda/0x00007fcd28d9f940
14337:             1             16  org.opensearch.timeseries.transport.ResultProcessor$$Lambda/0x00007fcd28d9fb70
14338:             1             16  org.opensearch.timeseries.util.ClientUtil
14339:             1             16  org.opensearch.timeseries.util.DiscoveryNodeFilterer$HotDataNodePredicate
14340:             1             16  org.opensearch.transport.ConnectionManager$DelegatingNodeConnectionListener
14341:             1             16  org.opensearch.transport.CopyBytesSocketChannel$$Lambda/0x00007fcd290f8c18
14342:             1             16  org.opensearch.transport.EmptyTransportResponseHandler
14343:             1             16  org.opensearch.transport.InboundAggregator$$Lambda/0x00007fcd29199ea0
14344:             1             16  org.opensearch.transport.NativeMessageHandler$$Lambda/0x00007fcd29198000
14345:             1             16  org.opensearch.transport.NativeMessageHandler$$Lambda/0x00007fcd29198238
14346:             1             16  org.opensearch.transport.Netty4Plugin
14347:             1             16  org.opensearch.transport.NettyAllocator$NoDirectBuffers
14348:             1             16  org.opensearch.transport.ProxyConnectionStrategy$$Lambda/0x00007fcd286e2b28
14349:             1             16  org.opensearch.transport.ProxyConnectionStrategy$$Lambda/0x00007fcd286e2d50
14350:             1             16  org.opensearch.transport.ProxyConnectionStrategy$$Lambda/0x00007fcd286e2f78
14351:             1             16  org.opensearch.transport.ProxyConnectionStrategy$$Lambda/0x00007fcd286e31a0
14352:             1             16  org.opensearch.transport.RemoteClusterAware$$Lambda/0x00007fcd28cdf798
14353:             1             16  org.opensearch.transport.RemoteClusterService$$Lambda/0x00007fcd280bd200
14354:             1             16  org.opensearch.transport.RemoteClusterService$$Lambda/0x00007fcd280be830
14355:             1             16  org.opensearch.transport.RemoteClusterService$$Lambda/0x00007fcd280caa58
14356:             1             16  org.opensearch.transport.RemoteClusterService$$Lambda/0x00007fcd28ce4278
14357:             1             16  org.opensearch.transport.RemoteClusterService$$Lambda/0x00007fcd28ce44a8
14358:             1             16  org.opensearch.transport.RemoteConnectionStrategy$$Lambda/0x00007fcd286dfd78
14359:             1             16  org.opensearch.transport.RemoteConnectionStrategy$$Lambda/0x00007fcd286e1500
14360:             1             16  org.opensearch.transport.RemoteConnectionStrategy$$Lambda/0x00007fcd29047120
14361:             1             16  org.opensearch.transport.RemoteConnectionStrategy$ConnectionStrategy$$Lambda/0x00007fcd286e0ab0
14362:             1             16  org.opensearch.transport.RemoteConnectionStrategy$ConnectionStrategy$$Lambda/0x00007fcd286e0cc8
14363:             1             16  org.opensearch.transport.RemoteConnectionStrategy$ConnectionStrategy$$Lambda/0x00007fcd286e0ee0
14364:             1             16  org.opensearch.transport.RemoteConnectionStrategy$ConnectionStrategy$$Lambda/0x00007fcd286e10f8
14365:             1             16  org.opensearch.transport.RemoteConnectionStrategy$StrategyValidator$$Lambda/0x00007fcd286e1df0
14366:             1             16  org.opensearch.transport.SniffConnectionStrategy$$Lambda/0x00007fcd286e1738
14367:             1             16  org.opensearch.transport.SniffConnectionStrategy$$Lambda/0x00007fcd286e1960
14368:             1             16  org.opensearch.transport.SniffConnectionStrategy$$Lambda/0x00007fcd286e2018
14369:             1             16  org.opensearch.transport.SniffConnectionStrategy$$Lambda/0x00007fcd286e2240
14370:             1             16  org.opensearch.transport.SniffConnectionStrategy$$Lambda/0x00007fcd286e2490
14371:             1             16  org.opensearch.transport.SniffConnectionStrategy$$Lambda/0x00007fcd286e26b8
14372:             1             16  org.opensearch.transport.SniffConnectionStrategy$$Lambda/0x00007fcd286e28e0
14373:             1             16  org.opensearch.transport.TcpTransport$$Lambda/0x00007fcd28cb7900
14374:             1             16  org.opensearch.transport.TcpTransport$$Lambda/0x00007fcd29046370
14375:             1             16  org.opensearch.transport.TcpTransport$$Lambda/0x00007fcd290f3728
14376:             1             16  org.opensearch.transport.Transport$RequestHandlers
14377:             1             16  org.opensearch.transport.TransportActionProxy$$Lambda/0x00007fcd28e1c888
14378:             1             16  org.opensearch.transport.TransportMessageListener$1
14379:             1             16  org.opensearch.transport.TransportService$$Lambda/0x00007fcd28cded10
14380:             1             16  org.opensearch.transport.TransportService$$Lambda/0x00007fcd28cdf338
14381:             1             16  org.opensearch.transport.TransportService$$Lambda/0x00007fcd28cdf568
14382:             1             16  org.opensearch.transport.TransportService$$Lambda/0x00007fcd28ce46d0
14383:             1             16  org.opensearch.transport.TransportService$$Lambda/0x00007fcd28ce4900
14384:             1             16  org.opensearch.transport.TransportService$$Lambda/0x00007fcd28ce4b18
14385:             1             16  org.opensearch.transport.TransportService$$Lambda/0x00007fcd29046ce0
14386:             1             16  org.opensearch.transport.TransportService$$Lambda/0x00007fcd29046ef8
14387:             1             16  org.opensearch.transport.TransportService$$Lambda/0x00007fcd2913f4a0
14388:             1             16  org.opensearch.transport.TransportService$$Lambda/0x00007fcd291806f0
14389:             1             16  org.opensearch.transport.TransportService$$Lambda/0x00007fcd29183940
14390:             1             16  org.opensearch.transport.TransportService$$Lambda/0x00007fcd29194460
14391:             1             16  org.opensearch.transport.TransportService$2
14392:             1             16  org.opensearch.transport.TransportService$3
14393:             1             16  org.opensearch.transport.TransportService$DelegatingTransportMessageListener
14394:             1             16  org.opensearch.transport.TransportService$HandshakeResponse$$Lambda/0x00007fcd29182638
14395:             1             16  org.opensearch.transport.TransportSettings$$Lambda/0x00007fcd280bee98
14396:             1             16  org.opensearch.transport.TransportSettings$$Lambda/0x00007fcd280bf300
14397:             1             16  org.opensearch.transport.TransportSettings$$Lambda/0x00007fcd280bf538
14398:             1             16  org.opensearch.transport.TransportSettings$$Lambda/0x00007fcd280bfc48
14399:             1             16  org.opensearch.transport.TransportSettings$$Lambda/0x00007fcd280c8238
14400:             1             16  org.opensearch.transport.TransportSettings$$Lambda/0x00007fcd280c8470
14401:             1             16  org.opensearch.transport.TransportSettings$$Lambda/0x00007fcd280c86a8
14402:             1             16  org.opensearch.transport.TransportSettings$$Lambda/0x00007fcd280c88e0
14403:             1             16  org.opensearch.transport.TransportSettings$$Lambda/0x00007fcd280c91e0
14404:             1             16  org.opensearch.transport.TransportSettings$$Lambda/0x00007fcd280c9418
14405:             1             16  org.opensearch.transport.TransportSettings$$Lambda/0x00007fcd280c9650
14406:             1             16  org.opensearch.transport.TransportSettings$$Lambda/0x00007fcd280c9888
14407:             1             16  org.opensearch.transport.TransportSettings$$Lambda/0x00007fcd280c9ac0
14408:             1             16  org.opensearch.transport.TransportSettings$$Lambda/0x00007fcd280c9cf8
14409:             1             16  org.opensearch.transport.TransportSettings$$Lambda/0x00007fcd280c9f30
14410:             1             16  org.opensearch.transport.TransportSettings$$Lambda/0x00007fcd280ca168
14411:             1             16  org.opensearch.transport.TransportSettings$$Lambda/0x00007fcd280ca3a0
14412:             1             16  org.opensearch.transport.nativeprotocol.NativeInboundBytesHandler$$Lambda/0x00007fcd29105d90
14413:             1             16  org.opensearch.transport.netty4.Netty4Transport$$Lambda/0x00007fcd2828c648
14414:             1             16  org.opensearch.transport.netty4.Netty4Transport$$Lambda/0x00007fcd2828c880
14415:             1             16  org.opensearch.transport.netty4.Netty4Transport$$Lambda/0x00007fcd28568870
14416:             1             16  org.opensearch.transport.netty4.Netty4Transport$$Lambda/0x00007fcd28568aa8
14417:             1             16  org.opensearch.transport.netty4.ssl.SecureNetty4Transport$SSLServerChannelInitializer$$Lambda/0x00007fcd2918ae28
14418:             1             16  org.opensearch.usage.UsageService
14419:             1             16  org.reflections.ReflectionUtils$$Lambda/0x00007fcd28adf1a8
14420:             1             16  org.reflections.ReflectionUtils$$Lambda/0x00007fcd28adf3f0
14421:             1             16  org.reflections.Store$$Lambda/0x00007fcd28adb9c0
14422:             1             16  org.reflections.Store$$Lambda/0x00007fcd28adbbf8
14423:             1             16  org.reflections.Store$$Lambda/0x00007fcd28adcb88
14424:             1             16  org.reflections.adapters.JavassistAdapter$$Lambda/0x00007fcd28ad83e0
14425:             1             16  org.reflections.adapters.JavassistAdapter$$Lambda/0x00007fcd28ad8628
14426:             1             16  org.reflections.adapters.JavassistAdapter$$Lambda/0x00007fcd28adaa88
14427:             1             16  org.reflections.scanners.AbstractScanner$$Lambda/0x00007fcd28acafd8
14428:             1             16  org.reflections.vfs.ZipDir$$Lambda/0x00007fcd28ace6a0
14429:             1             16  org.slf4j.helpers.NOPLoggerFactory
14430:             1             16  org.slf4j.helpers.NOPLoggerFactory
14431:             1             16  org.slf4j.helpers.NOPLoggerFactory
14432:             1             16  org.slf4j.impl.StaticLoggerBinder
14433:             1             16  org.slf4j.impl.StaticLoggerBinder
14434:             1             16  org.slf4j.impl.StaticMarkerBinder
14435:             1             16  org.slf4j.impl.StaticMarkerBinder
14436:             1             16  org.yaml.snakeyaml.external.com.google.gdata.util.common.base.UnicodeEscaper$2
14437:             1             16  org.yaml.snakeyaml.inspector.UnTrustedTagInspector
14438:             1             16  sun.management.ClassLoadingImpl (java.management@21.0.3)
14439:             1             16  sun.management.ManagementFactoryHelper$$Lambda/0x00007fcd284df888 (java.management@21.0.3)
14440:             1             16  sun.management.ThreadImpl$$Lambda/0x00007fcd2928a600 (java.management@21.0.3)
14441:             1             16  sun.misc.Unsafe (jdk.unsupported@21.0.3)
14442:             1             16  sun.net.www.protocol.file.Handler (java.base@21.0.3)
14443:             1             16  sun.net.www.protocol.jar.JarFileFactory (java.base@21.0.3)
14444:             1             16  sun.net.www.protocol.jrt.Handler (java.base@21.0.3)
14445:             1             16  sun.net.www.protocol.jrt.JavaRuntimeURLConnection$$Lambda/0x00007fcd28272730 (java.base@21.0.3)
14446:             1             16  sun.nio.ch.DefaultSelectorProvider$$Lambda/0x00007fcd289ee840 (java.base@21.0.3)
14447:             1             16  sun.nio.ch.EPollSelectorProvider (java.base@21.0.3)
14448:             1             16  sun.nio.ch.ExtendedSocketOption$1 (java.base@21.0.3)
14449:             1             16  sun.nio.ch.FileChannelImpl$2 (java.base@21.0.3)
14450:             1             16  sun.nio.ch.FileChannelImpl$3 (java.base@21.0.3)
14451:             1             16  sun.nio.ch.FileDispatcherImpl (java.base@21.0.3)
14452:             1             16  sun.nio.ch.Net$1 (java.base@21.0.3)
14453:             1             16  sun.nio.ch.Util$1 (java.base@21.0.3)
14454:             1             16  sun.nio.fs.LinuxFileSystemProvider (java.base@21.0.3)
14455:             1             16  sun.nio.fs.NativeBuffers$1 (java.base@21.0.3)
14456:             1             16  sun.nio.fs.UnixFileSystem$$Lambda/0x00007fcd29284db8 (java.base@21.0.3)
14457:             1             16  sun.nio.fs.UnixFileSystem$$Lambda/0x00007fcd29285f78 (java.base@21.0.3)
14458:             1             16  sun.reflect.generics.tree.BooleanSignature (java.base@21.0.3)
14459:             1             16  sun.reflect.generics.tree.BottomSignature (java.base@21.0.3)
14460:             1             16  sun.reflect.generics.tree.ByteSignature (java.base@21.0.3)
14461:             1             16  sun.reflect.generics.tree.CharSignature (java.base@21.0.3)
14462:             1             16  sun.reflect.generics.tree.DoubleSignature (java.base@21.0.3)
14463:             1             16  sun.reflect.generics.tree.IntSignature (java.base@21.0.3)
14464:             1             16  sun.reflect.generics.tree.LongSignature (java.base@21.0.3)
14465:             1             16  sun.reflect.generics.tree.VoidDescriptor (java.base@21.0.3)
14466:             1             16  sun.security.ec.ECOperations$PointMultiplier$Secp256R1GeneratorMultiplier (jdk.crypto.ec@21.0.3)
14467:             1             16  sun.security.ec.ECPrivateKeyImpl$$Lambda/0x00007fcd29042bb0 (jdk.crypto.ec@21.0.3)
14468:             1             16  sun.security.ec.XDHKeyAgreement$$Lambda/0x00007fcd291269c0 (jdk.crypto.ec@21.0.3)
14469:             1             16  sun.security.ec.XDHKeyAgreement$$Lambda/0x00007fcd291272a0 (jdk.crypto.ec@21.0.3)
14470:             1             16  sun.security.ec.XDHKeyAgreement$$Lambda/0x00007fcd29127d98 (jdk.crypto.ec@21.0.3)
14471:             1             16  sun.security.ec.XDHKeyAgreement$$Lambda/0x00007fcd2912c430 (jdk.crypto.ec@21.0.3)
14472:             1             16  sun.security.ec.XDHKeyFactory$$Lambda/0x00007fcd29125a38 (jdk.crypto.ec@21.0.3)
14473:             1             16  sun.security.ec.XDHKeyFactory$$Lambda/0x00007fcd29125ea8 (jdk.crypto.ec@21.0.3)
14474:             1             16  sun.security.ec.XDHKeyPairGenerator$$Lambda/0x00007fcd29040e60 (jdk.crypto.ec@21.0.3)
14475:             1             16  sun.security.ec.ed.EdDSAParameters$$Lambda/0x00007fcd28320978 (jdk.crypto.ec@21.0.3)
14476:             1             16  sun.security.ec.ed.EdDSAParameters$$Lambda/0x00007fcd28321320 (jdk.crypto.ec@21.0.3)
14477:             1             16  sun.security.ec.ed.EdDSAParameters$SHA512DigesterFactory (jdk.crypto.ec@21.0.3)
14478:             1             16  sun.security.ec.ed.EdDSAParameters$SHAKE256DigesterFactory (jdk.crypto.ec@21.0.3)
14479:             1             16  sun.security.ec.ed.EdDSASignature$$Lambda/0x00007fcd2831f668 (jdk.crypto.ec@21.0.3)
14480:             1             16  sun.security.jca.ProviderConfig$ProviderLoader (java.base@21.0.3)
14481:             1             16  sun.security.pkcs11.SunPKCS11$$Lambda/0x00007fcd2831e740 (jdk.crypto.cryptoki@21.0.3)
14482:             1             16  sun.security.rsa.RSACore$$Lambda/0x00007fcd2916b348 (java.base@21.0.3)
14483:             1             16  sun.security.ssl.Alert$AlertConsumer (java.base@21.0.3)
14484:             1             16  sun.security.ssl.AlpnExtension$$Lambda/0x00007fcd291414d8 (java.base@21.0.3)
14485:             1             16  sun.security.ssl.AlpnExtension$AlpnStringizer (java.base@21.0.3)
14486:             1             16  sun.security.ssl.AlpnExtension$CHAlpnAbsence (java.base@21.0.3)
14487:             1             16  sun.security.ssl.AlpnExtension$CHAlpnConsumer (java.base@21.0.3)
14488:             1             16  sun.security.ssl.AlpnExtension$CHAlpnProducer (java.base@21.0.3)
14489:             1             16  sun.security.ssl.CertSignAlgsExtension$CHCertSignatureSchemesConsumer (java.base@21.0.3)
14490:             1             16  sun.security.ssl.CertSignAlgsExtension$CHCertSignatureSchemesProducer (java.base@21.0.3)
14491:             1             16  sun.security.ssl.CertSignAlgsExtension$CHCertSignatureSchemesUpdate (java.base@21.0.3)
14492:             1             16  sun.security.ssl.CertSignAlgsExtension$CRCertSignatureSchemesConsumer (java.base@21.0.3)
14493:             1             16  sun.security.ssl.CertSignAlgsExtension$CRCertSignatureSchemesProducer (java.base@21.0.3)
14494:             1             16  sun.security.ssl.CertSignAlgsExtension$CRCertSignatureSchemesUpdate (java.base@21.0.3)
14495:             1             16  sun.security.ssl.CertSignAlgsExtension$CertSignatureSchemesStringizer (java.base@21.0.3)
14496:             1             16  sun.security.ssl.CertStatusExtension$CHCertStatusReqConsumer (java.base@21.0.3)
14497:             1             16  sun.security.ssl.CertStatusExtension$CHCertStatusReqProducer (java.base@21.0.3)
14498:             1             16  sun.security.ssl.CertStatusExtension$CHCertStatusReqV2Consumer (java.base@21.0.3)
14499:             1             16  sun.security.ssl.CertStatusExtension$CHCertStatusReqV2Producer (java.base@21.0.3)
14500:             1             16  sun.security.ssl.CertStatusExtension$CTCertStatusResponseConsumer (java.base@21.0.3)
14501:             1             16  sun.security.ssl.CertStatusExtension$CTCertStatusResponseProducer (java.base@21.0.3)
14502:             1             16  sun.security.ssl.CertStatusExtension$CertStatusRequestSpec (java.base@21.0.3)
14503:             1             16  sun.security.ssl.CertStatusExtension$CertStatusRequestStringizer (java.base@21.0.3)
14504:             1             16  sun.security.ssl.CertStatusExtension$CertStatusRequestV2Spec (java.base@21.0.3)
14505:             1             16  sun.security.ssl.CertStatusExtension$CertStatusRequestsStringizer (java.base@21.0.3)
14506:             1             16  sun.security.ssl.CertStatusExtension$CertStatusRespStringizer (java.base@21.0.3)
14507:             1             16  sun.security.ssl.CertStatusExtension$SHCertStatusReqConsumer (java.base@21.0.3)
14508:             1             16  sun.security.ssl.CertStatusExtension$SHCertStatusReqProducer (java.base@21.0.3)
14509:             1             16  sun.security.ssl.CertStatusExtension$SHCertStatusReqV2Consumer (java.base@21.0.3)
14510:             1             16  sun.security.ssl.CertStatusExtension$SHCertStatusReqV2Producer (java.base@21.0.3)
14511:             1             16  sun.security.ssl.CertificateAuthoritiesExtension$CHCertificateAuthoritiesConsumer (java.base@21.0.3)
14512:             1             16  sun.security.ssl.CertificateAuthoritiesExtension$CHCertificateAuthoritiesProducer (java.base@21.0.3)
14513:             1             16  sun.security.ssl.CertificateAuthoritiesExtension$CRCertificateAuthoritiesConsumer (java.base@21.0.3)
14514:             1             16  sun.security.ssl.CertificateAuthoritiesExtension$CRCertificateAuthoritiesProducer (java.base@21.0.3)
14515:             1             16  sun.security.ssl.CertificateAuthoritiesExtension$CertificateAuthoritiesStringizer (java.base@21.0.3)
14516:             1             16  sun.security.ssl.CertificateMessage$T12CertificateConsumer (java.base@21.0.3)
14517:             1             16  sun.security.ssl.CertificateMessage$T12CertificateProducer (java.base@21.0.3)
14518:             1             16  sun.security.ssl.CertificateMessage$T13CertificateConsumer (java.base@21.0.3)
14519:             1             16  sun.security.ssl.CertificateMessage$T13CertificateProducer (java.base@21.0.3)
14520:             1             16  sun.security.ssl.CertificateMessage$T13CertificateProducer$$Lambda/0x00007fcd29167c40 (java.base@21.0.3)
14521:             1             16  sun.security.ssl.CertificateMessage$T13CertificateProducer$$Lambda/0x00007fcd291690b0 (java.base@21.0.3)
14522:             1             16  sun.security.ssl.CertificateMessage$T13CertificateProducer$$Lambda/0x00007fcd29169c18 (java.base@21.0.3)
14523:             1             16  sun.security.ssl.CertificateRequest$T10CertificateRequestConsumer (java.base@21.0.3)
14524:             1             16  sun.security.ssl.CertificateRequest$T10CertificateRequestProducer (java.base@21.0.3)
14525:             1             16  sun.security.ssl.CertificateRequest$T12CertificateRequestConsumer (java.base@21.0.3)
14526:             1             16  sun.security.ssl.CertificateRequest$T12CertificateRequestProducer (java.base@21.0.3)
14527:             1             16  sun.security.ssl.CertificateRequest$T13CertificateRequestConsumer (java.base@21.0.3)
14528:             1             16  sun.security.ssl.CertificateRequest$T13CertificateRequestProducer (java.base@21.0.3)
14529:             1             16  sun.security.ssl.CertificateStatus$CertificateStatusAbsence (java.base@21.0.3)
14530:             1             16  sun.security.ssl.CertificateStatus$CertificateStatusConsumer (java.base@21.0.3)
14531:             1             16  sun.security.ssl.CertificateStatus$CertificateStatusProducer (java.base@21.0.3)
14532:             1             16  sun.security.ssl.CertificateVerify$S30CertificateVerifyConsumer (java.base@21.0.3)
14533:             1             16  sun.security.ssl.CertificateVerify$S30CertificateVerifyProducer (java.base@21.0.3)
14534:             1             16  sun.security.ssl.CertificateVerify$T10CertificateVerifyConsumer (java.base@21.0.3)
14535:             1             16  sun.security.ssl.CertificateVerify$T10CertificateVerifyProducer (java.base@21.0.3)
14536:             1             16  sun.security.ssl.CertificateVerify$T12CertificateVerifyConsumer (java.base@21.0.3)
14537:             1             16  sun.security.ssl.CertificateVerify$T12CertificateVerifyProducer (java.base@21.0.3)
14538:             1             16  sun.security.ssl.CertificateVerify$T13CertificateVerifyConsumer (java.base@21.0.3)
14539:             1             16  sun.security.ssl.CertificateVerify$T13CertificateVerifyProducer (java.base@21.0.3)
14540:             1             16  sun.security.ssl.ChangeCipherSpec$T10ChangeCipherSpecConsumer (java.base@21.0.3)
14541:             1             16  sun.security.ssl.ChangeCipherSpec$T10ChangeCipherSpecProducer (java.base@21.0.3)
14542:             1             16  sun.security.ssl.ChangeCipherSpec$T13ChangeCipherSpecConsumer (java.base@21.0.3)
14543:             1             16  sun.security.ssl.ClientHello$ClientHelloConsumer (java.base@21.0.3)
14544:             1             16  sun.security.ssl.ClientHello$ClientHelloKickstartProducer (java.base@21.0.3)
14545:             1             16  sun.security.ssl.ClientHello$ClientHelloProducer (java.base@21.0.3)
14546:             1             16  sun.security.ssl.ClientHello$D12ClientHelloConsumer (java.base@21.0.3)
14547:             1             16  sun.security.ssl.ClientHello$D13ClientHelloConsumer (java.base@21.0.3)
14548:             1             16  sun.security.ssl.ClientHello$T12ClientHelloConsumer (java.base@21.0.3)
14549:             1             16  sun.security.ssl.ClientHello$T13ClientHelloConsumer (java.base@21.0.3)
14550:             1             16  sun.security.ssl.ClientKeyExchange$ClientKeyExchangeConsumer (java.base@21.0.3)
14551:             1             16  sun.security.ssl.ClientKeyExchange$ClientKeyExchangeProducer (java.base@21.0.3)
14552:             1             16  sun.security.ssl.CookieExtension$CHCookieConsumer (java.base@21.0.3)
14553:             1             16  sun.security.ssl.CookieExtension$CHCookieProducer (java.base@21.0.3)
14554:             1             16  sun.security.ssl.CookieExtension$CHCookieUpdate (java.base@21.0.3)
14555:             1             16  sun.security.ssl.CookieExtension$CookieStringizer (java.base@21.0.3)
14556:             1             16  sun.security.ssl.CookieExtension$HRRCookieConsumer (java.base@21.0.3)
14557:             1             16  sun.security.ssl.CookieExtension$HRRCookieProducer (java.base@21.0.3)
14558:             1             16  sun.security.ssl.CookieExtension$HRRCookieReproducer (java.base@21.0.3)
14559:             1             16  sun.security.ssl.DummyX509KeyManager (java.base@21.0.3)
14560:             1             16  sun.security.ssl.DummyX509TrustManager (java.base@21.0.3)
14561:             1             16  sun.security.ssl.ECDHKeyExchange$ECDHEKAGenerator (java.base@21.0.3)
14562:             1             16  sun.security.ssl.ECDHKeyExchange$ECDHEPossessionGenerator (java.base@21.0.3)
14563:             1             16  sun.security.ssl.ECDHKeyExchange$ECDHEXDHKAGenerator (java.base@21.0.3)
14564:             1             16  sun.security.ssl.ECDHKeyExchange$ECDHKAGenerator (java.base@21.0.3)
14565:             1             16  sun.security.ssl.ECPointFormatsExtension$CHECPointFormatsConsumer (java.base@21.0.3)
14566:             1             16  sun.security.ssl.ECPointFormatsExtension$CHECPointFormatsProducer (java.base@21.0.3)
14567:             1             16  sun.security.ssl.ECPointFormatsExtension$ECPointFormatsSpec (java.base@21.0.3)
14568:             1             16  sun.security.ssl.ECPointFormatsExtension$ECPointFormatsStringizer (java.base@21.0.3)
14569:             1             16  sun.security.ssl.ECPointFormatsExtension$SHECPointFormatsConsumer (java.base@21.0.3)
14570:             1             16  sun.security.ssl.EncryptedExtensions$EncryptedExtensionsConsumer (java.base@21.0.3)
14571:             1             16  sun.security.ssl.EncryptedExtensions$EncryptedExtensionsProducer (java.base@21.0.3)
14572:             1             16  sun.security.ssl.ExtendedMasterSecretExtension$CHExtendedMasterSecretAbsence (java.base@21.0.3)
14573:             1             16  sun.security.ssl.ExtendedMasterSecretExtension$CHExtendedMasterSecretConsumer (java.base@21.0.3)
14574:             1             16  sun.security.ssl.ExtendedMasterSecretExtension$CHExtendedMasterSecretProducer (java.base@21.0.3)
14575:             1             16  sun.security.ssl.ExtendedMasterSecretExtension$ExtendedMasterSecretSpec (java.base@21.0.3)
14576:             1             16  sun.security.ssl.ExtendedMasterSecretExtension$ExtendedMasterSecretStringizer (java.base@21.0.3)
14577:             1             16  sun.security.ssl.ExtendedMasterSecretExtension$SHExtendedMasterSecretAbsence (java.base@21.0.3)
14578:             1             16  sun.security.ssl.ExtendedMasterSecretExtension$SHExtendedMasterSecretConsumer (java.base@21.0.3)
14579:             1             16  sun.security.ssl.ExtendedMasterSecretExtension$SHExtendedMasterSecretProducer (java.base@21.0.3)
14580:             1             16  sun.security.ssl.Finished$S30VerifyDataGenerator (java.base@21.0.3)
14581:             1             16  sun.security.ssl.Finished$T10VerifyDataGenerator (java.base@21.0.3)
14582:             1             16  sun.security.ssl.Finished$T12FinishedConsumer (java.base@21.0.3)
14583:             1             16  sun.security.ssl.Finished$T12FinishedProducer (java.base@21.0.3)
14584:             1             16  sun.security.ssl.Finished$T12VerifyDataGenerator (java.base@21.0.3)
14585:             1             16  sun.security.ssl.Finished$T13FinishedConsumer (java.base@21.0.3)
14586:             1             16  sun.security.ssl.Finished$T13FinishedProducer (java.base@21.0.3)
14587:             1             16  sun.security.ssl.Finished$T13VerifyDataGenerator (java.base@21.0.3)
14588:             1             16  sun.security.ssl.HelloRequest$HelloRequestConsumer (java.base@21.0.3)
14589:             1             16  sun.security.ssl.HelloRequest$HelloRequestKickstartProducer (java.base@21.0.3)
14590:             1             16  sun.security.ssl.HelloRequest$HelloRequestProducer (java.base@21.0.3)
14591:             1             16  sun.security.ssl.HelloVerifyRequest$HelloVerifyRequestConsumer (java.base@21.0.3)
14592:             1             16  sun.security.ssl.HelloVerifyRequest$HelloVerifyRequestProducer (java.base@21.0.3)
14593:             1             16  sun.security.ssl.KeyShareExtension$CHKeyShareConsumer (java.base@21.0.3)
14594:             1             16  sun.security.ssl.KeyShareExtension$CHKeyShareOnTradeAbsence (java.base@21.0.3)
14595:             1             16  sun.security.ssl.KeyShareExtension$CHKeyShareProducer (java.base@21.0.3)
14596:             1             16  sun.security.ssl.KeyShareExtension$CHKeyShareStringizer (java.base@21.0.3)
14597:             1             16  sun.security.ssl.KeyShareExtension$HRRKeyShareConsumer (java.base@21.0.3)
14598:             1             16  sun.security.ssl.KeyShareExtension$HRRKeyShareProducer (java.base@21.0.3)
14599:             1             16  sun.security.ssl.KeyShareExtension$HRRKeyShareReproducer (java.base@21.0.3)
14600:             1             16  sun.security.ssl.KeyShareExtension$HRRKeyShareStringizer (java.base@21.0.3)
14601:             1             16  sun.security.ssl.KeyShareExtension$SHKeyShareAbsence (java.base@21.0.3)
14602:             1             16  sun.security.ssl.KeyShareExtension$SHKeyShareConsumer (java.base@21.0.3)
14603:             1             16  sun.security.ssl.KeyShareExtension$SHKeyShareProducer (java.base@21.0.3)
14604:             1             16  sun.security.ssl.KeyShareExtension$SHKeyShareStringizer (java.base@21.0.3)
14605:             1             16  sun.security.ssl.KeyUpdate$KeyUpdateConsumer (java.base@21.0.3)
14606:             1             16  sun.security.ssl.KeyUpdate$KeyUpdateKickstartProducer (java.base@21.0.3)
14607:             1             16  sun.security.ssl.KeyUpdate$KeyUpdateProducer (java.base@21.0.3)
14608:             1             16  sun.security.ssl.MaxFragExtension$CHMaxFragmentLengthConsumer (java.base@21.0.3)
14609:             1             16  sun.security.ssl.MaxFragExtension$CHMaxFragmentLengthProducer (java.base@21.0.3)
14610:             1             16  sun.security.ssl.MaxFragExtension$EEMaxFragmentLengthConsumer (java.base@21.0.3)
14611:             1             16  sun.security.ssl.MaxFragExtension$EEMaxFragmentLengthProducer (java.base@21.0.3)
14612:             1             16  sun.security.ssl.MaxFragExtension$EEMaxFragmentLengthUpdate (java.base@21.0.3)
14613:             1             16  sun.security.ssl.MaxFragExtension$MaxFragLenStringizer (java.base@21.0.3)
14614:             1             16  sun.security.ssl.MaxFragExtension$SHMaxFragmentLengthConsumer (java.base@21.0.3)
14615:             1             16  sun.security.ssl.MaxFragExtension$SHMaxFragmentLengthProducer (java.base@21.0.3)
14616:             1             16  sun.security.ssl.MaxFragExtension$SHMaxFragmentLengthUpdate (java.base@21.0.3)
14617:             1             16  sun.security.ssl.NamedGroup$ECDHEScheme (java.base@21.0.3)
14618:             1             16  sun.security.ssl.NamedGroup$FFDHEScheme (java.base@21.0.3)
14619:             1             16  sun.security.ssl.NamedGroup$XDHScheme (java.base@21.0.3)
14620:             1             16  sun.security.ssl.NewSessionTicket$T12NewSessionTicketConsumer (java.base@21.0.3)
14621:             1             16  sun.security.ssl.NewSessionTicket$T12NewSessionTicketProducer (java.base@21.0.3)
14622:             1             16  sun.security.ssl.NewSessionTicket$T13NewSessionTicketConsumer (java.base@21.0.3)
14623:             1             16  sun.security.ssl.NewSessionTicket$T13NewSessionTicketProducer (java.base@21.0.3)
14624:             1             16  sun.security.ssl.PreSharedKeyExtension$CHPreSharedKeyConsumer (java.base@21.0.3)
14625:             1             16  sun.security.ssl.PreSharedKeyExtension$CHPreSharedKeyOnLoadAbsence (java.base@21.0.3)
14626:             1             16  sun.security.ssl.PreSharedKeyExtension$CHPreSharedKeyOnTradeAbsence (java.base@21.0.3)
14627:             1             16  sun.security.ssl.PreSharedKeyExtension$CHPreSharedKeyProducer (java.base@21.0.3)
14628:             1             16  sun.security.ssl.PreSharedKeyExtension$CHPreSharedKeyStringizer (java.base@21.0.3)
14629:             1             16  sun.security.ssl.PreSharedKeyExtension$CHPreSharedKeyUpdate (java.base@21.0.3)
14630:             1             16  sun.security.ssl.PreSharedKeyExtension$SHPreSharedKeyAbsence (java.base@21.0.3)
14631:             1             16  sun.security.ssl.PreSharedKeyExtension$SHPreSharedKeyConsumer (java.base@21.0.3)
14632:             1             16  sun.security.ssl.PreSharedKeyExtension$SHPreSharedKeyProducer (java.base@21.0.3)
14633:             1             16  sun.security.ssl.PreSharedKeyExtension$SHPreSharedKeyStringizer (java.base@21.0.3)
14634:             1             16  sun.security.ssl.PskKeyExchangeModesExtension$PskKeyExchangeModesConsumer (java.base@21.0.3)
14635:             1             16  sun.security.ssl.PskKeyExchangeModesExtension$PskKeyExchangeModesOnLoadAbsence (java.base@21.0.3)
14636:             1             16  sun.security.ssl.PskKeyExchangeModesExtension$PskKeyExchangeModesOnTradeAbsence (java.base@21.0.3)
14637:             1             16  sun.security.ssl.PskKeyExchangeModesExtension$PskKeyExchangeModesProducer (java.base@21.0.3)
14638:             1             16  sun.security.ssl.PskKeyExchangeModesExtension$PskKeyExchangeModesSpec (java.base@21.0.3)
14639:             1             16  sun.security.ssl.PskKeyExchangeModesExtension$PskKeyExchangeModesStringizer (java.base@21.0.3)
14640:             1             16  sun.security.ssl.RSAKeyExchange$EphemeralRSAPossessionGenerator (java.base@21.0.3)
14641:             1             16  sun.security.ssl.RSAKeyExchange$RSAKAGenerator (java.base@21.0.3)
14642:             1             16  sun.security.ssl.RandomCookie (java.base@21.0.3)
14643:             1             16  sun.security.ssl.RenegoInfoExtension$CHRenegotiationInfoAbsence (java.base@21.0.3)
14644:             1             16  sun.security.ssl.RenegoInfoExtension$CHRenegotiationInfoConsumer (java.base@21.0.3)
14645:             1             16  sun.security.ssl.RenegoInfoExtension$CHRenegotiationInfoProducer (java.base@21.0.3)
14646:             1             16  sun.security.ssl.RenegoInfoExtension$RenegotiationInfoSpec (java.base@21.0.3)
14647:             1             16  sun.security.ssl.RenegoInfoExtension$RenegotiationInfoStringizer (java.base@21.0.3)
14648:             1             16  sun.security.ssl.RenegoInfoExtension$SHRenegotiationInfoAbsence (java.base@21.0.3)
14649:             1             16  sun.security.ssl.RenegoInfoExtension$SHRenegotiationInfoConsumer (java.base@21.0.3)
14650:             1             16  sun.security.ssl.RenegoInfoExtension$SHRenegotiationInfoProducer (java.base@21.0.3)
14651:             1             16  sun.security.ssl.SSLCipher$T12CC20P1305ReadCipherGenerator (java.base@21.0.3)
14652:             1             16  sun.security.ssl.SSLCipher$T12CC20P1305WriteCipherGenerator (java.base@21.0.3)
14653:             1             16  sun.security.ssl.SSLCipher$T13CC20P1305ReadCipherGenerator (java.base@21.0.3)
14654:             1             16  sun.security.ssl.SSLCipher$T13CC20P1305WriteCipherGenerator (java.base@21.0.3)
14655:             1             16  sun.security.ssl.SSLContextImpl$$Lambda/0x00007fcd282d5d38 (java.base@21.0.3)
14656:             1             16  sun.security.ssl.SSLTrafficKeyDerivation$S30TrafficKeyDerivationGenerator (java.base@21.0.3)
14657:             1             16  sun.security.ssl.SSLTrafficKeyDerivation$T10TrafficKeyDerivationGenerator (java.base@21.0.3)
14658:             1             16  sun.security.ssl.SSLTrafficKeyDerivation$T12TrafficKeyDerivationGenerator (java.base@21.0.3)
14659:             1             16  sun.security.ssl.SSLTrafficKeyDerivation$T13TrafficKeyDerivationGenerator (java.base@21.0.3)
14660:             1             16  sun.security.ssl.ServerHello$ServerHelloConsumer (java.base@21.0.3)
14661:             1             16  sun.security.ssl.ServerHello$T12ServerHelloProducer (java.base@21.0.3)
14662:             1             16  sun.security.ssl.ServerHello$T13HelloRetryRequestProducer (java.base@21.0.3)
14663:             1             16  sun.security.ssl.ServerHello$T13HelloRetryRequestReproducer (java.base@21.0.3)
14664:             1             16  sun.security.ssl.ServerHello$T13ServerHelloProducer (java.base@21.0.3)
14665:             1             16  sun.security.ssl.ServerHelloDone$ServerHelloDoneConsumer (java.base@21.0.3)
14666:             1             16  sun.security.ssl.ServerHelloDone$ServerHelloDoneProducer (java.base@21.0.3)
14667:             1             16  sun.security.ssl.ServerKeyExchange$ServerKeyExchangeConsumer (java.base@21.0.3)
14668:             1             16  sun.security.ssl.ServerKeyExchange$ServerKeyExchangeProducer (java.base@21.0.3)
14669:             1             16  sun.security.ssl.ServerNameExtension$CHServerNameConsumer (java.base@21.0.3)
14670:             1             16  sun.security.ssl.ServerNameExtension$CHServerNameProducer (java.base@21.0.3)
14671:             1             16  sun.security.ssl.ServerNameExtension$CHServerNamesStringizer (java.base@21.0.3)
14672:             1             16  sun.security.ssl.ServerNameExtension$EEServerNameConsumer (java.base@21.0.3)
14673:             1             16  sun.security.ssl.ServerNameExtension$EEServerNameProducer (java.base@21.0.3)
14674:             1             16  sun.security.ssl.ServerNameExtension$SHServerNameConsumer (java.base@21.0.3)
14675:             1             16  sun.security.ssl.ServerNameExtension$SHServerNameProducer (java.base@21.0.3)
14676:             1             16  sun.security.ssl.ServerNameExtension$SHServerNamesStringizer (java.base@21.0.3)
14677:             1             16  sun.security.ssl.SessionTicketExtension$SessionTicketStringizer (java.base@21.0.3)
14678:             1             16  sun.security.ssl.SessionTicketExtension$T12CHSessionTicketConsumer (java.base@21.0.3)
14679:             1             16  sun.security.ssl.SessionTicketExtension$T12CHSessionTicketProducer (java.base@21.0.3)
14680:             1             16  sun.security.ssl.SessionTicketExtension$T12SHSessionTicketConsumer (java.base@21.0.3)
14681:             1             16  sun.security.ssl.SessionTicketExtension$T12SHSessionTicketProducer (java.base@21.0.3)
14682:             1             16  sun.security.ssl.SignatureAlgorithmsExtension$CHSignatureSchemesConsumer (java.base@21.0.3)
14683:             1             16  sun.security.ssl.SignatureAlgorithmsExtension$CHSignatureSchemesOnLoadAbsence (java.base@21.0.3)
14684:             1             16  sun.security.ssl.SignatureAlgorithmsExtension$CHSignatureSchemesOnTradeAbsence (java.base@21.0.3)
14685:             1             16  sun.security.ssl.SignatureAlgorithmsExtension$CHSignatureSchemesProducer (java.base@21.0.3)
14686:             1             16  sun.security.ssl.SignatureAlgorithmsExtension$CHSignatureSchemesUpdate (java.base@21.0.3)
14687:             1             16  sun.security.ssl.SignatureAlgorithmsExtension$CRSignatureSchemesAbsence (java.base@21.0.3)
14688:             1             16  sun.security.ssl.SignatureAlgorithmsExtension$CRSignatureSchemesConsumer (java.base@21.0.3)
14689:             1             16  sun.security.ssl.SignatureAlgorithmsExtension$CRSignatureSchemesProducer (java.base@21.0.3)
14690:             1             16  sun.security.ssl.SignatureAlgorithmsExtension$CRSignatureSchemesUpdate (java.base@21.0.3)
14691:             1             16  sun.security.ssl.SignatureAlgorithmsExtension$SignatureSchemesStringizer (java.base@21.0.3)
14692:             1             16  sun.security.ssl.SupportedGroupsExtension$CHSupportedGroupsConsumer (java.base@21.0.3)
14693:             1             16  sun.security.ssl.SupportedGroupsExtension$CHSupportedGroupsOnTradeAbsence (java.base@21.0.3)
14694:             1             16  sun.security.ssl.SupportedGroupsExtension$CHSupportedGroupsProducer (java.base@21.0.3)
14695:             1             16  sun.security.ssl.SupportedGroupsExtension$EESupportedGroupsConsumer (java.base@21.0.3)
14696:             1             16  sun.security.ssl.SupportedGroupsExtension$EESupportedGroupsProducer (java.base@21.0.3)
14697:             1             16  sun.security.ssl.SupportedGroupsExtension$SupportedGroupsStringizer (java.base@21.0.3)
14698:             1             16  sun.security.ssl.SupportedVersionsExtension$CHSupportedVersionsConsumer (java.base@21.0.3)
14699:             1             16  sun.security.ssl.SupportedVersionsExtension$CHSupportedVersionsProducer (java.base@21.0.3)
14700:             1             16  sun.security.ssl.SupportedVersionsExtension$CHSupportedVersionsStringizer (java.base@21.0.3)
14701:             1             16  sun.security.ssl.SupportedVersionsExtension$HRRSupportedVersionsConsumer (java.base@21.0.3)
14702:             1             16  sun.security.ssl.SupportedVersionsExtension$HRRSupportedVersionsProducer (java.base@21.0.3)
14703:             1             16  sun.security.ssl.SupportedVersionsExtension$HRRSupportedVersionsReproducer (java.base@21.0.3)
14704:             1             16  sun.security.ssl.SupportedVersionsExtension$SHSupportedVersionsConsumer (java.base@21.0.3)
14705:             1             16  sun.security.ssl.SupportedVersionsExtension$SHSupportedVersionsProducer (java.base@21.0.3)
14706:             1             16  sun.security.ssl.XDHKeyExchange$XDHEKAGenerator (java.base@21.0.3)
14707:             1             16  sun.security.util.ByteArrayLexOrder (java.base@21.0.3)
14708:             1             16  sun.security.util.ByteArrayTagOrder (java.base@21.0.3)
14709:             1             16  sun.security.util.KeyStoreDelegator$$Lambda/0x00007fcd282d2ef8 (java.base@21.0.3)
14710:             1             16  sun.security.util.ManifestDigester$$Lambda/0x00007fcd28260430 (java.base@21.0.3)
14711:             1             16  sun.security.util.math.IntegerModuloP$MultiplicativeInverser$Secp256R1 (java.base@21.0.3)
14712:             1             16  sun.security.x509.X500Name$$Lambda/0x00007fcd28264700 (java.base@21.0.3)
14713:             1             16  sun.util.calendar.Gregorian (java.base@21.0.3)
14714:             1             16  sun.util.locale.InternalLocaleBuilder$CaseInsensitiveChar (java.base@21.0.3)
14715:             1             16  sun.util.locale.provider.AuxLocaleProviderAdapter$$Lambda/0x00007fcd281520f0 (java.base@21.0.3)
14716:             1             16  sun.util.locale.provider.AuxLocaleProviderAdapter$NullProvider (java.base@21.0.3)
14717:             1             16  sun.util.locale.provider.CalendarDataUtility$CalendarWeekParameterGetter (java.base@21.0.3)
14718:             1             16  sun.util.locale.provider.LocaleProviderAdapter$$Lambda/0x80000006d (java.base@21.0.3)
14719:             1             16  sun.util.locale.provider.LocaleProviderAdapter$$Lambda/0x80000006e (java.base@21.0.3)
14720:             1             16  sun.util.locale.provider.SPILocaleProviderAdapter (java.base@21.0.3)
14721:             1             16  sun.util.locale.provider.SPILocaleProviderAdapter$CalendarDataProviderDelegate (java.base@21.0.3)
14722:             1             16  sun.util.logging.internal.LoggingProviderImpl (java.logging@21.0.3)
14723:             1             16  sun.util.resources.LocaleData (java.base@21.0.3)
14724:             1             16  sun.util.resources.LocaleData$LocaleDataStrategy (java.base@21.0.3)
Total      34374921     6759617184
